<?xml version="1.0" encoding="UTF-8"?>
<testsuites>
  <testsuite name="" tests="124" assertions="250" errors="4" warnings="0" failures="20" skipped="0" time="20.740593">
    <testsuite name="Project Test Suite" tests="124" assertions="250" errors="4" warnings="0" failures="20" skipped="0" time="20.740593">
      <testsuite name="App\Tests\Entity\UserIntegrationTest" file="C:\Users\sliti\Desktop\dev\esprit-PIDEV-3A16-2526-FARMIA\tests\Entity\UserIntegrationTest.php" tests="9" assertions="13" errors="0" warnings="0" failures="0" skipped="0" time="0.008720">
        <testcase name="testUserFacesCollectionExists" class="App\Tests\Entity\UserIntegrationTest" classname="App.Tests.Entity.UserIntegrationTest" file="C:\Users\sliti\Desktop\dev\esprit-PIDEV-3A16-2526-FARMIA\tests\Entity\UserIntegrationTest.php" line="23" assertions="2" time="0.006939"/>
        <testcase name="testHasFaceAuthReturnsFalseWhenNoFaces" class="App\Tests\Entity\UserIntegrationTest" classname="App.Tests.Entity.UserIntegrationTest" file="C:\Users\sliti\Desktop\dev\esprit-PIDEV-3A16-2526-FARMIA\tests\Entity\UserIntegrationTest.php" line="42" assertions="1" time="0.000284"/>
        <testcase name="testGetActiveFaceReturnsNullWhenEmpty" class="App\Tests\Entity\UserIntegrationTest" classname="App.Tests.Entity.UserIntegrationTest" file="C:\Users\sliti\Desktop\dev\esprit-PIDEV-3A16-2526-FARMIA\tests\Entity\UserIntegrationTest.php" line="54" assertions="1" time="0.000236"/>
        <testcase name="testAnalysesCollectionExists" class="App\Tests\Entity\UserIntegrationTest" classname="App.Tests.Entity.UserIntegrationTest" file="C:\Users\sliti\Desktop\dev\esprit-PIDEV-3A16-2526-FARMIA\tests\Entity\UserIntegrationTest.php" line="66" assertions="1" time="0.000071"/>
        <testcase name="testFermesCollectionExists" class="App\Tests\Entity\UserIntegrationTest" classname="App.Tests.Entity.UserIntegrationTest" file="C:\Users\sliti\Desktop\dev\esprit-PIDEV-3A16-2526-FARMIA\tests\Entity\UserIntegrationTest.php" line="79" assertions="1" time="0.000064"/>
        <testcase name="testAddFermeSetsUserOnFerme" class="App\Tests\Entity\UserIntegrationTest" classname="App.Tests.Entity.UserIntegrationTest" file="C:\Users\sliti\Desktop\dev\esprit-PIDEV-3A16-2526-FARMIA\tests\Entity\UserIntegrationTest.php" line="92" assertions="1" time="0.000466"/>
        <testcase name="testRemoveFermeClearsUserReference" class="App\Tests\Entity\UserIntegrationTest" classname="App.Tests.Entity.UserIntegrationTest" file="C:\Users\sliti\Desktop\dev\esprit-PIDEV-3A16-2526-FARMIA\tests\Entity\UserIntegrationTest.php" line="107" assertions="1" time="0.000079"/>
        <testcase name="testGetRolesAlwaysIncludesRoleUser" class="App\Tests\Entity\UserIntegrationTest" classname="App.Tests.Entity.UserIntegrationTest" file="C:\Users\sliti\Desktop\dev\esprit-PIDEV-3A16-2526-FARMIA\tests\Entity\UserIntegrationTest.php" line="123" assertions="1" time="0.000507"/>
        <testcase name="testConstructorInitializesAllCollections" class="App\Tests\Entity\UserIntegrationTest" classname="App.Tests.Entity.UserIntegrationTest" file="C:\Users\sliti\Desktop\dev\esprit-PIDEV-3A16-2526-FARMIA\tests\Entity\UserIntegrationTest.php" line="137" assertions="4" time="0.000074"/>
      </testsuite>
      <testsuite name="App\Tests\Functional\Controller\AnalyseControllerTest" file="C:\Users\sliti\Desktop\dev\esprit-PIDEV-3A16-2526-FARMIA\tests\Functional\Controller\AnalyseControllerTest.php" tests="8" assertions="9" errors="0" warnings="0" failures="3" skipped="0" time="5.605988">
        <testcase name="testIndexPageLoads" class="App\Tests\Functional\Controller\AnalyseControllerTest" classname="App.Tests.Functional.Controller.AnalyseControllerTest" file="C:\Users\sliti\Desktop\dev\esprit-PIDEV-3A16-2526-FARMIA\tests\Functional\Controller\AnalyseControllerTest.php" line="21" assertions="1" time="3.851548"/>
        <testcase name="testNewFormLoads" class="App\Tests\Functional\Controller\AnalyseControllerTest" classname="App.Tests.Functional.Controller.AnalyseControllerTest" file="C:\Users\sliti\Desktop\dev\esprit-PIDEV-3A16-2526-FARMIA\tests\Functional\Controller\AnalyseControllerTest.php" line="28" assertions="1" time="0.350556"/>
        <testcase name="testCanCreateAnalyse" class="App\Tests\Functional\Controller\AnalyseControllerTest" classname="App.Tests.Functional.Controller.AnalyseControllerTest" file="C:\Users\sliti\Desktop\dev\esprit-PIDEV-3A16-2526-FARMIA\tests\Functional\Controller\AnalyseControllerTest.php" line="35" assertions="1" time="0.280461">
          <failure type="PHPUnit\Framework\ExpectationFailedException">App\Tests\Functional\Controller\AnalyseControllerTest::testCanCreateAnalyse
Failed asserting that the Response is redirected.
HTTP/1.1 200 OK&#13;
Cache-Control: max-age=0, must-revalidate, private&#13;
Content-Type:  text/html; charset=UTF-8&#13;
Date:          Sat, 25 Apr 2026 11:54:05 GMT&#13;
Expires:       Sat, 25 Apr 2026 11:54:05 GMT&#13;
X-Robots-Tag:  noindex&#13;
&#13;
&lt;!DOCTYPE html&gt;
&lt;html lang="fr"&gt;
&lt;head&gt;
    &lt;meta charset="UTF-8"&gt;
    &lt;meta name="viewport" content="width=device-width, initial-scale=1.0"&gt;
    &lt;title&gt;Nouvelle Analyse — FarmAI&lt;/title&gt;
    &lt;!-- FontAwesome --&gt;
    &lt;link rel="stylesheet" href="https://cdnjs.cloudflare.com/ajax/libs/font-awesome/6.4.0/css/all.min.css"&gt;
    &lt;link rel="stylesheet" href="/assets/css/dashboard.css"&gt;
    &lt;link rel="stylesheet" href="/assets/css/profile_modal.css"&gt;
    &lt;/head&gt;
&lt;body&gt;
    &lt;!-- Sidebar --&gt;
    &lt;aside class="sidebar"&gt;
        &lt;!-- Profile Card --&gt;
        &lt;div class="profile-card" onclick="openProfileModal()" style="cursor: pointer;"&gt;
            &lt;div class="profile-img-wrapper" style="overflow: hidden; border-radius: 50%;"&gt;
                ﻿
        
    &lt;div class="" style="background-color: #f59e0b; border-radius: 50%; color: white; display: flex; align-items: center; justify-content: center; font-weight: 700; text-transform: uppercase; flex-shrink: 0; line-height: 1; mso-line-height-rule: exactly; width:100%;height:100%;font-size:1.2rem;"&gt;
        UT
    &lt;/div&gt;
            &lt;/div&gt;
            &lt;i class="fa-solid fa-ellipsis profile-ellipsis"&gt;&lt;/i&gt;
            &lt;div class="profile-info"&gt;
                &lt;div class="profile-name"&gt;User Test&lt;/div&gt;
                &lt;div class="profile-role"&gt;Administrateur&lt;/div&gt;
            &lt;/div&gt;
        &lt;/div&gt;

        
        &lt;!-- Navigation Menu --&gt;
        &lt;ul class="nav-menu"&gt;
            &lt;li class="nav-item"&gt;
                &lt;a href="/admin/dashboard" class=""&gt;
                    &lt;i class="fa-solid fa-house"&gt;&lt;/i&gt;
                    &lt;span&gt;Tableau de bord&lt;/span&gt;
                &lt;/a&gt;
            &lt;/li&gt;
            &lt;li class="nav-item"&gt;
                &lt;a href="/admin/users/" class=""&gt;
                    &lt;i class="fa-solid fa-users"&gt;&lt;/i&gt;
                    &lt;span&gt;Utilisateurs&lt;/span&gt;
                &lt;/a&gt;
            &lt;/li&gt;
            &lt;li class="nav-item"&gt;
                &lt;a href="/admin/statistics" class=""&gt;
                    &lt;i class="fa-solid fa-chart-pie"&gt;&lt;/i&gt;
                    &lt;span&gt;Statistiques&lt;/span&gt;
                &lt;/a&gt;
            &lt;/li&gt;
            &lt;li class="nav-item"&gt;
                &lt;a href="/admin/audit/" class=""&gt;
                    &lt;i class="fa-solid fa-file-signature"&gt;&lt;/i&gt;
                    &lt;span&gt;Audit / logs&lt;/span&gt;
                &lt;/a&gt;
            &lt;/li&gt;
            &lt;li class="nav-item"&gt;
                &lt;a href="/admin/kanban" class=""&gt;
                    &lt;i class="fa-solid fa-list-check"&gt;&lt;/i&gt;
                    &lt;span&gt;Kanban Board&lt;/span&gt;
                &lt;/a&gt;
            &lt;/li&gt;
            &lt;li class="nav-item"&gt;
                &lt;a href="/admin/analyses/" class=""&gt;
                    &lt;i class="fa-solid fa-flask"&gt;&lt;/i&gt;
                    &lt;span&gt;Analyses&lt;/span&gt;
                &lt;/a&gt;
            &lt;/li&gt;
            &lt;li class="nav-item"&gt;
                &lt;a href="/admin/conseils/statistics/overview" class=""&gt;
                    &lt;i class="fa-solid fa-lightbulb"&gt;&lt;/i&gt;
                    &lt;span&gt;Conseils&lt;/span&gt;
                &lt;/a&gt;
            &lt;/li&gt;
        &lt;/ul&gt;

        &lt;!-- Logout --&gt;
        &lt;div class="logout-container"&gt;
            &lt;a href="/logout"&gt;
                &lt;i class="fa-solid fa-arrow-right-from-bracket"&gt;&lt;/i&gt;
                &lt;span&gt;Déconnexion&lt;/span&gt;
            &lt;/a&gt;
        &lt;/div&gt;
    &lt;/aside&gt;

    &lt;!-- Main Content --&gt;
    &lt;main class="main-content"&gt;
        &lt;!-- Topbar --&gt;
        &lt;header class="topbar"&gt;
            &lt;div class="brand-title"&gt;FarmAI Platform&lt;/div&gt;
            &lt;div class="topbar-right"&gt;
                &lt;div class="search-box"&gt;
                    &lt;i class="fa-solid fa-magnifying-glass"&gt;&lt;/i&gt;
                    &lt;input type="text" placeholder="Rechercher..."&gt;
                &lt;/div&gt;
                &lt;div class="topbar-avatar" style="display: flex; align-items: center; justify-content: center; cursor: pointer; overflow: hidden; border-radius: 50%;" onclick="openProfileModal()"&gt;
                    ﻿
        
    &lt;div class="" style="background-color: #f59e0b; border-radius: 50%; color: white; display: flex; align-items: center; justify-content: center; font-weight: 700; text-transform: uppercase; flex-shrink: 0; line-height: 1; mso-line-height-rule: exactly; width:100%;height:100%;font-size:1rem;"&gt;
        UT
    &lt;/div&gt;
                &lt;/div&gt;
            &lt;/div&gt;
        &lt;/header&gt;

        &lt;!-- Dynamic Content block --&gt;
        &lt;div style="padding:2rem; max-width:750px;"&gt;

    
    &lt;div style="display:flex; align-items:center; gap:1rem; margin-bottom:2rem;"&gt;
        &lt;a href="/analyse" class="btn btn-secondary"&gt;
            &lt;i class="fa-solid fa-arrow-left"&gt;&lt;/i&gt;
        &lt;/a&gt;
        &lt;h2 style="font-size:1.4rem; font-weight:700; color:#1a1a2e; margin:0;"&gt;
            &lt;i class="fa-solid fa-flask" style="color:#2ecc71;"&gt;&lt;/i&gt;
            Nouvelle Analyse
        &lt;/h2&gt;
    &lt;/div&gt;

    &lt;div style="background:#fff; border-radius:12px; box-shadow:0 2px 8px rgba(0,0,0,0.06); padding:2rem;"&gt;
        &lt;form name="analyse" method="post" novalidate="novalidate" class="modern-form"&gt;

        &lt;div style="display:grid; grid-template-columns:1fr 1fr; gap:1.5rem;"&gt;
            &lt;div class="form-group" style="grid-column:1/-1;"&gt;
                &lt;label for="analyse_dateAnalyse" class="required"&gt;Date de l&amp;#039;analyse&lt;/label&gt;
                
                &lt;input type="datetime-local" id="analyse_dateAnalyse" name="analyse[dateAnalyse]" required="required" class="form-control profile-input" value="2024-01-15T10:00" /&gt;
            &lt;/div&gt;
            &lt;div class="form-group"&gt;
                &lt;label for="analyse_technicien" class="required"&gt;Expert / Technicien&lt;/label&gt;
                
                &lt;select id="analyse_technicien" name="analyse[technicien]" required="required" class="form-control profile-input"&gt;&lt;option value=""&gt;-- Sélectionner un expert --&lt;/option&gt;&lt;option value="1" selected="selected"&gt;User Test (test_69ecab5d2abed@farmia.test)&lt;/option&gt;&lt;/select&gt;
            &lt;/div&gt;
            &lt;div class="form-group"&gt;
                &lt;label for="analyse_ferme" class="required"&gt;Ferme&lt;/label&gt;
                
                &lt;select id="analyse_ferme" name="analyse[ferme]" required="required" class="form-control profile-input"&gt;&lt;option value=""&gt;-- Sélectionner une ferme --&lt;/option&gt;&lt;option value="1" selected="selected"&gt;Test Farm — Test Location&lt;/option&gt;&lt;/select&gt;
            &lt;/div&gt;
            &lt;div class="form-group" style="grid-column:1/-1;"&gt;
                &lt;label for="analyse_resultatTechnique"&gt;Résultat technique&lt;/label&gt;
                
                &lt;textarea id="analyse_resultatTechnique" name="analyse[resultatTechnique]" class="form-control profile-input" rows="5" placeholder="Décrivez le diagnostic technique..."&gt;Test analysis results here&lt;/textarea&gt;
            &lt;/div&gt;
            &lt;div class="form-group" style="grid-column:1/-1;"&gt;
                &lt;label for="analyse_imageUrl"&gt;URL de l&amp;#039;image&lt;/label&gt;
                
                &lt;input type="text" id="analyse_imageUrl" name="analyse[imageUrl]" class="form-control profile-input" placeholder="https://example.com/image.jpg" /&gt;
                &lt;small style="color:#888;"&gt;URL vers une image (https://...)&lt;/small&gt;
            &lt;/div&gt;
        &lt;/div&gt;

        &lt;div style="margin-top:2rem; display:flex; gap:1rem;"&gt;
            &lt;button type="submit" class="btn btn-dark"&gt;
                &lt;i class="fa-solid fa-floppy-disk"&gt;&lt;/i&gt; Enregistrer
            &lt;/button&gt;
            &lt;a href="/analyse" class="btn btn-secondary"&gt;Annuler&lt;/a&gt;
        &lt;/div&gt;

        &lt;div&gt;&lt;label for="analyse_statut" class="required"&gt;Statut&lt;/label&gt;&lt;select id="analyse_statut" name="analyse[statut]" required="required" class="form-control profile-input"&gt;&lt;option value=""&gt;-- Sélectionner un statut --&lt;/option&gt;&lt;option value="en_attente" selected="selected"&gt;En attente&lt;/option&gt;&lt;option value="en_cours"&gt;En cours&lt;/option&gt;&lt;option value="terminee"&gt;Terminée&lt;/option&gt;&lt;option value="annulee"&gt;Annulée&lt;/option&gt;&lt;/select&gt;&lt;/div&gt;&lt;div&gt;&lt;label for="analyse_descriptionDemande"&gt;Description de la demande&lt;/label&gt;&lt;textarea id="analyse_descriptionDemande" name="analyse[descriptionDemande]" class="form-control profile-input" rows="3" placeholder="Décrivez votre demande d&amp;#039;analyse..."&gt;&lt;/textarea&gt;&lt;/div&gt;&lt;div&gt;&lt;label for="analyse_animalCible"&gt;Animal cible (optionnel)&lt;/label&gt;&lt;select id="analyse_animalCible" name="analyse[animalCible]" class="form-control profile-input"&gt;&lt;option value=""&gt;-- Sélectionner un animal --&lt;/option&gt;&lt;/select&gt;&lt;/div&gt;&lt;div&gt;&lt;label for="analyse_planteCible"&gt;Plante cible (optionnel)&lt;/label&gt;&lt;select id="analyse_planteCible" name="analyse[planteCible]" class="form-control profile-input"&gt;&lt;option value=""&gt;-- Sélectionner une plante --&lt;/option&gt;&lt;/select&gt;&lt;/div&gt;&lt;input type="hidden" id="analyse__token" name="analyse[_token]" value="d034.gwZkWrgoDrHod-z9L8BE_btdX2WXgnvRfMaScGAsVes.6kkAC-19Wu7eGY2bQpQ-hettbwPRzTC_OYqhOyp9G6-1bAEL8GVohq0hhw" /&gt;&lt;/form&gt;
    &lt;/div&gt;
&lt;/div&gt;
    &lt;/main&gt;

    &lt;!-- Profile Modal Component --&gt;
&lt;div class="profile-modal-overlay" id="profileModal" style="display: none;"&gt;
    &lt;div class="profile-modal"&gt;
        &lt;div class="profile-modal-header"&gt;
            &lt;h3 style="margin: 0; color: white;"&gt;Informations de l'utilisateur&lt;/h3&gt;
            &lt;button type="button" class="close-modal-btn" onclick="closeProfileModal()"&gt;&amp;times;&lt;/button&gt;
        &lt;/div&gt;
        
        &lt;form id="profileUpdateForm" enctype="multipart/form-data" novalidate="novalidate"&gt;
            &lt;div class="profile-modal-body"&gt;
                &lt;!-- Colonne Gauche : Avatar --&gt;
                &lt;div class="profile-avatar-section"&gt;
                    &lt;div class="profile-avatar-preview" id="avatarPreviewContainer"&gt;
                        &lt;div id="currentAvatarWrapper" style="width: 100%; height: 100%;"&gt;
                            ﻿
        
    &lt;div class="" style="background-color: #f59e0b; border-radius: 50%; color: white; display: flex; align-items: center; justify-content: center; font-weight: 700; text-transform: uppercase; flex-shrink: 0; line-height: 1; mso-line-height-rule: exactly; width:100%;height:100%;font-size:2rem;"&gt;
        UT
    &lt;/div&gt;
                        &lt;/div&gt;
                        &lt;img src="#" id="avatarPreview" alt="Avatar" style="display: none; width: 100%; height: 100%; object-fit: cover; border-radius: 50%;"&gt;
                    &lt;/div&gt;
                    &lt;label class="btn-outline-green btn-file-upload" style="cursor: pointer; padding: 6px 14px; border-radius: 6px; border: 1px solid var(--primary-green); color: var(--primary-green); white-space: nowrap; font-size: 0.85rem; margin-top: 8px;"&gt;
                        Choisir Photo &lt;input type="file" name="photo" accept="image/*" style="display: none;" onchange="previewImage(event)"&gt;
                    &lt;/label&gt;
                                        &lt;div style="margin-top: 12px; width: 100%; background: rgba(0,0,0,0.03); padding: 12px; border-radius: 10px; border: 1px dashed #ddd; text-align: center;"&gt;
                        &lt;h4 style="margin: 0 0 8px 0; font-size: 0.8rem; color: #64748b; text-transform: uppercase; letter-spacing: 0.5px;"&gt;Biométrie&lt;/h4&gt;
                                                    &lt;button type="button" class="btn btn-outline-green" style="width: 100%; border: 1px solid var(--accent-green); color: var(--accent-green); padding: 6px; border-radius: 6px; cursor: pointer; font-size: 0.8rem; display: flex; align-items: center; justify-content: center; gap: 6px;" onclick="openFaceRegistrationModal(); closeProfileModal();"&gt;
                                &lt;i class="fas fa-camera"&gt;&lt;/i&gt; Activer Login Facial
                            &lt;/button&gt;
                                            &lt;/div&gt;
                                    &lt;/div&gt;
                
                &lt;!-- Right column: Form fields --&gt;
                &lt;div class="profile-form-section"&gt;
                    
                                        &lt;div id="profileErrors" style="display: none; margin-bottom: 12px; background: rgba(239,68,68,0.08); border-left: 3px solid #ef4444; border-radius: 6px; padding: 10px 14px; color: #b91c1c; font-size: 0.88rem;"&gt;
                        &lt;i class="fas fa-exclamation-circle"&gt;&lt;/i&gt;
                        &lt;span id="profileErrorsList"&gt;&lt;/span&gt;
                    &lt;/div&gt;

                    &lt;div class="form-row"&gt;
                        &lt;label&gt;Nom:&lt;/label&gt;
                        &lt;input type="text" name="nom" id="pf-nom" class="profile-input" value="Test"&gt;
                        &lt;div class="pf-field-error" id="err-nom"&gt;&lt;/div&gt;
                    &lt;/div&gt;
                    
                    &lt;div class="form-row"&gt;
                        &lt;label&gt;Prénom:&lt;/label&gt;
                        &lt;input type="text" name="prenom" id="pf-prenom" class="profile-input" value="User"&gt;
                        &lt;div class="pf-field-error" id="err-prenom"&gt;&lt;/div&gt;
                    &lt;/div&gt;
                    
                    &lt;div class="form-row"&gt;
                        &lt;label&gt;Email:&lt;/label&gt;
                        &lt;input type="email" name="email" id="pf-email" class="profile-input" value="test_69ecab5d2abed@farmia.test"&gt;
                        &lt;div class="pf-field-error" id="err-email"&gt;&lt;/div&gt;
                    &lt;/div&gt;
                    
                    &lt;div class="form-row"&gt;
                        &lt;label&gt;CIN:&lt;/label&gt;
                        &lt;input type="text" name="cin" id="pf-cin" class="profile-input" value="69ecab5d2abf2"&gt;
                        &lt;div class="pf-field-error" id="err-cin"&gt;&lt;/div&gt;
                    &lt;/div&gt;
                    
                    &lt;div class="form-row"&gt;
                        &lt;label&gt;Téléphone:&lt;/label&gt;
                        &lt;input type="text" name="telephone" id="pf-telephone" class="profile-input" value="12345678"&gt;
                        &lt;div class="pf-field-error" id="err-telephone"&gt;&lt;/div&gt;
                    &lt;/div&gt;
                    
                    &lt;div class="form-row"&gt;
                        &lt;label&gt;Adresse:&lt;/label&gt;
                        &lt;input type="text" name="adresse" id="pf-adresse" class="profile-input" value="123 Test Street"&gt;
                        &lt;div class="pf-field-error" id="err-adresse"&gt;&lt;/div&gt;
                    &lt;/div&gt;
                    
                    &lt;div class="form-row"&gt;
                        &lt;label&gt;Mot de passe:&lt;/label&gt;
                        &lt;input type="password" name="password" id="pf-password" class="profile-input" placeholder="Nouveau mot de passe (min. 6 caract.)"&gt;
                        &lt;div class="pf-field-error" id="err-password"&gt;&lt;/div&gt;
                    &lt;/div&gt;
                    
                    &lt;div class="form-row"&gt;
                        &lt;label&gt;Rôle:&lt;/label&gt;
                                                    &lt;input type="text" class="profile-input" value="EXPERT" disabled style="opacity: 0.7; cursor: not-allowed;"&gt;
                                            &lt;/div&gt;
                    
                    &lt;div class="pf-field-error" id="err-photo" style="margin-top: 6px;"&gt;&lt;/div&gt;
                &lt;/div&gt;
            &lt;/div&gt;
            
            &lt;div class="profile-modal-footer"&gt;
                &lt;button type="submit" class="btn btn-solid-blue" id="profileSubmitBtn"&gt;Enregistrer&lt;/button&gt;
                &lt;button type="button" class="btn btn-outline-gray" onclick="closeProfileModal()"&gt;Annuler&lt;/button&gt;
            &lt;/div&gt;
        &lt;/form&gt;
    &lt;/div&gt;
&lt;/div&gt;

&lt;style&gt;
/* ── Profile Modal Responsive ─────────────────────────────────────── */
#profileModal .profile-modal {
    max-height: 92vh;
    display: flex;
    flex-direction: column;
    overflow: hidden;
}
#profileModal .profile-modal-body {
    overflow-y: auto;
    flex: 1;
    scrollbar-width: thin;
}
#profileModal .profile-avatar-section {
    flex-shrink: 0;
    min-width: 130px;
    max-width: 140px;
}
#profileModal .profile-avatar-preview {
    width: 100px !important;
    height: 100px !important;
    border-radius: 50% !important;
    overflow: hidden !important;
    display: flex !important;
    align-items: center;
    justify-content: center;
    background: #f1f5f9;
    flex-shrink: 0;
    border: 2px solid #e2e8f0;
}
#profileModal #avatarPreview {
    width: 100% !important;
    height: 100% !important;
    object-fit: cover !important;
    border-radius: 50%;
    display: block;
}
#profileModal .profile-form-section {
    flex: 1;
    min-width: 0;
    overflow: hidden;
}
/* Per-field error messages */
.pf-field-error {
    color: #ef4444;
    font-size: 0.78rem;
    font-weight: 500;
    min-height: 16px;
    line-height: 1.3;
    margin-top: 2px;
    padding-left: 2px;
    word-break: break-word;
}
.pf-field-error:empty {
    min-height: 0;
    margin: 0;
}
/* Input error state */
.pf-input-error {
    border-color: #ef4444 !important;
    box-shadow: 0 0 0 2px rgba(239,68,68,0.15) !important;
}
/* Responsive: stack on small screens */
@media (max-width: 580px) {
    #profileModal .profile-modal-body {
        flex-direction: column;
        align-items: center;
    }
    #profileModal .profile-avatar-section {
        max-width: 100%;
        flex-direction: row;
        justify-content: center;
        gap: 16px;
    }
}
&lt;/style&gt;

&lt;script&gt;
    function openProfileModal() {
        document.getElementById('profileModal').style.display = 'flex';
    }

    function closeProfileModal() {
        document.getElementById('profileModal').style.display = 'none';
    }

    window.addEventListener('click', function(event) {
        var modal = document.getElementById('profileModal');
        if (event.target === modal) closeProfileModal();
    });

    function previewImage(event) {
        var file = event.target.files[0];
        if (!file) return;
        var reader = new FileReader();
        reader.onload = function(e) {
            var output  = document.getElementById('avatarPreview');
            var wrapper = document.getElementById('currentAvatarWrapper');
            if (output)  { output.src = e.target.result; output.style.display = 'block'; }
            if (wrapper) { wrapper.style.display = 'none'; }
        };
        reader.readAsDataURL(file);
    }

    function deleteFaceData() {
        fetch("/auth/face/delete", {
            method: 'POST',
            headers: { 'X-Requested-With': 'XMLHttpRequest' }
        })
        .then(r =&gt; r.json())
        .then(data =&gt; {
            if (data.success) window.location.reload();
            else alert(data.error || "Erreur lors de la suppression.");
        })
        .catch(err =&gt; alert("Erreur réseau : " + err.message));
    }

    // ── Form submit ─────────────────────────────────────────────────────────
    document.addEventListener('DOMContentLoaded', function() {
        const form = document.getElementById('profileUpdateForm');
        if (!form) return;

        form.addEventListener('submit', function(e) {
            e.preventDefault();

            // Clear all errors
            document.querySelectorAll('.pf-field-error').forEach(el =&gt; el.textContent = '');
            document.querySelectorAll('.pf-input-error').forEach(el =&gt; el.classList.remove('pf-input-error'));
            const globalErrors = document.getElementById('profileErrors');
            globalErrors.style.display = 'none';
            document.getElementById('profileErrorsList').textContent = '';

            const submitBtn = document.getElementById('profileSubmitBtn');
            const original  = submitBtn.innerHTML;
            submitBtn.innerHTML = '&lt;i class="fas fa-spinner fa-spin"&gt;&lt;/i&gt; Traitement...';
            submitBtn.disabled  = true;

            fetch("/profile/update", {
                method: 'POST',
                headers: { 'X-Requested-With': 'XMLHttpRequest' },
                credentials: 'same-origin',
                body: new FormData(form)
            })
            .then(response =&gt; {
                if (response.status === 401) {
                    window.location.href = "/login";
                    return Promise.reject('logout');
                }
                return response.json().then(data =&gt; ({ status: response.status, body: data }));
            })
            .then(res =&gt; {
                submitBtn.innerHTML = original;
                submitBtn.disabled  = false;

                if (res.status === 200 &amp;&amp; res.body?.success) {
                    window.location.reload();
                    return;
                }

                const errs = res.body?.errors || {};
                let hasFieldError = false;

                // errors is now a key-&gt;message dict
                if (typeof errs === 'object' &amp;&amp; !Array.isArray(errs)) {
                    Object.entries(errs).forEach(([field, msg]) =&gt; {
                        const errDiv = document.getElementById('err-' + field);
                        const input  = document.getElementById('pf-' + field)
                                    || form.querySelector('[name="' + field + '"]');
                        if (errDiv) { errDiv.textContent = msg; hasFieldError = true; }
                        if (input)  { input.classList.add('pf-input-error'); }
                    });
                }

                if (!hasFieldError) {
                    // Fallback: show as list
                    const msgs = Array.isArray(errs) ? errs : Object.values(errs);
                    document.getElementById('profileErrorsList').textContent = msgs.join(' | ') || 'Erreur inconnue.';
                    globalErrors.style.display = 'block';
                }

                // Scroll to top of body to reveal errors
                document.querySelector('#profileModal .profile-modal-body').scrollTop = 0;
            })
            .catch(err =&gt; {
                if (err === 'logout') return;
                submitBtn.innerHTML = original;
                submitBtn.disabled  = false;
                document.getElementById('profileErrorsList').textContent = 'Erreur réseau de communication avec le serveur.';
                document.getElementById('profileErrors').style.display = 'block';
            });
        });
    });
&lt;/script&gt;

&lt;!-- Face registration modal --&gt;
&lt;!-- Face Registration Modal Component --&gt;
&lt;div class="profile-modal-overlay" id="faceRegistrationModal" style="display: none; z-index: 2000;"&gt;
    &lt;div class="profile-modal" style="max-width: 450px; text-align: center;"&gt;
        &lt;div class="profile-modal-header" style="background: var(--primary-green); padding: 15px; border-radius: 10px 10px 0 0; display: flex; justify-content: space-between; align-items: center;"&gt;
            &lt;h3 style="margin: 0; color: white; display: flex; align-items: center; gap: 10px;"&gt;&lt;i class="fas fa-camera"&gt;&lt;/i&gt; Enregistrement Facial&lt;/h3&gt;
            &lt;button type="button" class="close-modal-btn" onclick="closeFaceRegistrationModal()" style="background: none; border: none; color: white; font-size: 1.5rem; cursor: pointer;"&gt;&amp;times;&lt;/button&gt;
        &lt;/div&gt;
        
        &lt;div class="profile-modal-body" style="padding: 20px; display: flex; flex-direction: column; align-items: center; gap: 15px;"&gt;
            &lt;p style="color: #666; font-size: 0.95rem; margin-bottom: 10px;"&gt;Enregistrez votre visage pour vous connecter rapidement sans mot de passe.&lt;/p&gt;
            
            &lt;div id="faceRegContainer" style="position: relative; width: 100%; max-width: 320px; border-radius: 10px; overflow: hidden; border: 3px solid var(--accent-green); box-shadow: 0 0 15px rgba(46, 213, 115, 0.4);"&gt;
                &lt;video id="faceRegVideo" autoplay playsinline style="width: 100%; height: auto; display: block;"&gt;&lt;/video&gt;
                &lt;div id="faceRegOverlay" style="position: absolute; top: 0; left: 0; width: 100%; height: 100%; background: rgba(0, 0, 0, 0.5); display: none; align-items: center; justify-content: center; z-index: 10;"&gt;
                    &lt;i class="fas fa-circle-notch fa-spin" style="font-size: 2.5rem; color: var(--accent-green);"&gt;&lt;/i&gt;
                &lt;/div&gt;
            &lt;/div&gt;
            
            &lt;div id="faceRegError" class="alert alert-error" style="display: none; width: 100%; font-size: 0.85rem; text-align: left;"&gt;&lt;/div&gt;
            &lt;div id="faceRegSuccess" class="alert alert-success" style="display: none; width: 100%; font-size: 0.85rem; text-align: left;"&gt;Visage enregistré avec succès !&lt;/div&gt;

            &lt;canvas id="faceRegCanvas" style="display: none;"&gt;&lt;/canvas&gt;
            
            &lt;p style="font-size: 0.85rem; color: #888;"&gt;Assurez-vous d'être dans un endroit bien éclairé et de regarder directement la caméra.&lt;/p&gt;
        &lt;/div&gt;
        
        &lt;div class="profile-modal-footer" style="padding: 15px; display: flex; justify-content: center; gap: 10px; border-top: 1px solid #eee;"&gt;
            &lt;button type="button" id="btnCaptureRegFace" class="btn btn-login" style="width: 100%;"&gt;Capturer et Enregistrer&lt;/button&gt;
        &lt;/div&gt;
    &lt;/div&gt;
&lt;/div&gt;

&lt;script&gt;
    var faceRegModal = document.getElementById('faceRegistrationModal');
    var faceRegVideo = document.getElementById('faceRegVideo');
    var faceRegCanvas = document.getElementById('faceRegCanvas');
    var btnCaptureRegFace = document.getElementById('btnCaptureRegFace');
    var faceRegOverlay = document.getElementById('faceRegOverlay');
    var faceRegError = document.getElementById('faceRegError');
    var faceRegSuccess = document.getElementById('faceRegSuccess');
    
    var regStream = null;

    function openFaceRegistrationModal() {
        faceRegModal.style.display = 'flex';
        faceRegError.style.display = 'none';
        faceRegSuccess.style.display = 'none';
        faceRegOverlay.style.display = 'none';
        btnCaptureRegFace.disabled = false;
        
        navigator.mediaDevices.getUserMedia({ video: { facingMode: "user" } })
            .then(function(s) {
                regStream = s;
                faceRegVideo.srcObject = regStream;
            })
            .catch(function(err) {
                faceRegError.textContent = "Impossible d'accéder à la webcam : " + err.message;
                faceRegError.style.display = 'block';
                btnCaptureRegFace.disabled = true;
            });
    }

    function closeFaceRegistrationModal() {
        faceRegModal.style.display = 'none';
        if (regStream) {
            regStream.getTracks().forEach(track =&gt; track.stop());
            regStream = null;
        }
    }

    // Fermer si clic au dehors
    window.addEventListener('click', function(event) {
        if (event.target == faceRegModal) {
            closeFaceRegistrationModal();
        }
    });

    if (btnCaptureRegFace) {
        btnCaptureRegFace.addEventListener('click', function() {
            if (!regStream) return;
            
            faceRegError.style.display = 'none';
            faceRegSuccess.style.display = 'none';
            faceRegOverlay.style.display = 'flex';
            btnCaptureRegFace.disabled = true;

            // Capture image
            faceRegCanvas.width = faceRegVideo.videoWidth;
            faceRegCanvas.height = faceRegVideo.videoHeight;
            const ctx = faceRegCanvas.getContext('2d');
            ctx.drawImage(faceRegVideo, 0, 0, faceRegCanvas.width, faceRegCanvas.height);
            
            const base64Image = faceRegCanvas.toDataURL('image/jpeg', 0.8);

            fetch('/auth/face/register', {
                method: 'POST',
                headers: {
                    'Content-Type': 'application/json',
                    'X-Requested-With': 'XMLHttpRequest'
                },
                body: JSON.stringify({ image: base64Image })
            })
            .then(response =&gt; response.json().then(data =&gt; ({status: response.status, body: data})))
            .then(res =&gt; {
                faceRegOverlay.style.display = 'none';
                if (res.status === 200 &amp;&amp; res.body.success) {
                    faceRegSuccess.style.display = 'block';
                    setTimeout(() =&gt; {
                        closeFaceRegistrationModal();
                    }, 2000); // Close after 2s
                } else {
                    faceRegError.textContent = res.body.error || "Erreur lors de l'enregistrement de votre visage.";
                    faceRegError.style.display = 'block';
                    btnCaptureRegFace.disabled = false;
                }
            })
            .catch(err =&gt; {
                faceRegOverlay.style.display = 'none';
                faceRegError.textContent = "Erreur réseau: " + err.message;
                faceRegError.style.display = 'block';
                btnCaptureRegFace.disabled = false;
            });
        });
    }
&lt;/script&gt;
    &lt;!-- Chatbot Widget --&gt;
&lt;div id="farmai-chatbot-widget"&gt;
    &lt;!-- Floating Button --&gt;
    &lt;button id="farmai-chatbot-btn" class="chatbot-floating-btn" aria-label="Ouvrir l'assistant FarmAI" title="Besoin d'aide ?"&gt;
        &lt;i class="fa-solid fa-robot"&gt;&lt;/i&gt;
    &lt;/button&gt;

    &lt;!-- Chat Window --&gt;
    &lt;div id="farmai-chatbot-window" class="chatbot-window" style="display: none;"&gt;
        &lt;!-- Header --&gt;
        &lt;div class="chatbot-header"&gt;
            &lt;div class="chatbot-header-info"&gt;
                &lt;i class="fa-solid fa-leaf"&gt;&lt;/i&gt;
                &lt;span&gt;FarmAI Assistant&lt;/span&gt;
                &lt;span class="chatbot-badge"&gt;IA&lt;/span&gt;
            &lt;/div&gt;
            &lt;div class="chatbot-header-actions"&gt;
                &lt;button id="farmai-chatbot-clear" class="chatbot-header-action-btn" aria-label="Effacer l'historique" title="Nouvelle conversation"&gt;
                    &lt;i class="fa-solid fa-rotate-right"&gt;&lt;/i&gt;
                &lt;/button&gt;
                &lt;button id="farmai-chatbot-close" class="chatbot-close-btn" aria-label="Fermer l'assistant"&gt;&amp;times;&lt;/button&gt;
            &lt;/div&gt;
        &lt;/div&gt;

        &lt;!-- Messages Area --&gt;
        &lt;div id="farmai-chatbot-messages" class="chatbot-messages"&gt;
            &lt;div class="chat-message bot-message"&gt;
                &lt;div class="message-avatar"&gt;&lt;i class="fa-solid fa-leaf"&gt;&lt;/i&gt;&lt;/div&gt;
                &lt;div class="message-content"&gt;
                    Bonjour User ! 👋 Je suis l'assistant &lt;strong&gt;FarmAI&lt;/strong&gt; propulsé par intelligence artificielle. Comment puis-je vous aider aujourd'hui ?
                &lt;/div&gt;
            &lt;/div&gt;
        &lt;/div&gt;

        &lt;!-- Input Area --&gt;
        &lt;div class="chatbot-input-area"&gt;
            &lt;input type="text" id="farmai-chatbot-input" placeholder="Posez votre question..." aria-label="Question" autocomplete="off" maxlength="2000"&gt;
            &lt;button id="farmai-chatbot-send" aria-label="Envoyer"&gt;&lt;i class="fa-solid fa-paper-plane"&gt;&lt;/i&gt;&lt;/button&gt;
        &lt;/div&gt;
    &lt;/div&gt;
&lt;/div&gt;

&lt;style&gt;
/* ══════════════════════════════════════════════════════════════════════════════
   FarmAI Chatbot Widget — Premium Design
   ══════════════════════════════════════════════════════════════════════════════ */

#farmai-chatbot-widget {
    --chatbot-primary: #2e7d32;
    --chatbot-primary-dark: #1b5e20;
    --chatbot-primary-light: #4caf50;
    --chatbot-accent: #66bb6a;
    --chatbot-light: #e8f5e9;
    --chatbot-bg: #ffffff;
    --chatbot-text: #333333;
    --chatbot-text-light: #666666;
    --chatbot-border: #e0e0e0;
    --chatbot-shadow: 0 8px 32px rgba(0,0,0,0.18);
    --chatbot-radius: 16px;

    position: fixed;
    bottom: 30px;
    right: 30px;
    z-index: 9999;
    font-family: 'Inter', 'Segoe UI', sans-serif;
}

/* ── Floating Button ───────────────────────────────────────────────────────── */

.chatbot-floating-btn {
    width: 62px;
    height: 62px;
    border-radius: 50%;
    background: linear-gradient(135deg, var(--chatbot-primary-light), var(--chatbot-primary-dark));
    color: white;
    border: none;
    box-shadow: 0 6px 24px rgba(46,125,50,0.35);
    font-size: 1.5rem;
    cursor: pointer;
    display: flex;
    align-items: center;
    justify-content: center;
    transition: transform 0.3s ease, box-shadow 0.3s ease;
    animation: bounceIn 0.5s ease;
}

.chatbot-floating-btn:hover {
    transform: translateY(-4px) scale(1.07);
    box-shadow: 0 10px 30px rgba(46, 125, 50, 0.45);
}

/* ── Chat Window ───────────────────────────────────────────────────────────── */

.chatbot-window {
    position: absolute;
    bottom: 80px;
    right: 0;
    width: 380px;
    height: 520px;
    max-height: 80vh;
    background-color: var(--chatbot-bg);
    border-radius: var(--chatbot-radius);
    box-shadow: var(--chatbot-shadow);
    display: flex;
    flex-direction: column;
    overflow: hidden;
    border: 1px solid rgba(0,0,0,0.08);
    animation: slideUp 0.3s cubic-bezier(0.34, 1.56, 0.64, 1);
}

/* ── Header ────────────────────────────────────────────────────────────────── */

.chatbot-header {
    background: linear-gradient(135deg, var(--chatbot-primary-light), var(--chatbot-primary-dark));
    color: white;
    padding: 14px 18px;
    display: flex;
    justify-content: space-between;
    align-items: center;
    font-weight: 600;
    font-size: 1.05rem;
    flex-shrink: 0;
}

.chatbot-header-info {
    display: flex;
    align-items: center;
    gap: 10px;
}

.chatbot-badge {
    font-size: 0.65rem;
    font-weight: 700;
    background: rgba(255,255,255,0.25);
    padding: 2px 7px;
    border-radius: 6px;
    letter-spacing: 0.5px;
    text-transform: uppercase;
}

.chatbot-header-actions {
    display: flex;
    align-items: center;
    gap: 6px;
}

.chatbot-header-action-btn {
    background: rgba(255,255,255,0.15);
    border: none;
    color: white;
    width: 30px;
    height: 30px;
    border-radius: 8px;
    cursor: pointer;
    display: flex;
    align-items: center;
    justify-content: center;
    font-size: 0.85rem;
    transition: background 0.2s;
}

.chatbot-header-action-btn:hover {
    background: rgba(255,255,255,0.3);
}

.chatbot-close-btn {
    background: transparent;
    border: none;
    color: white;
    font-size: 1.5rem;
    cursor: pointer;
    line-height: 1;
    transition: opacity 0.2s;
    padding: 0 2px;
}

.chatbot-close-btn:hover {
    opacity: 0.8;
}

/* ── Messages Area ─────────────────────────────────────────────────────────── */

.chatbot-messages {
    flex: 1;
    overflow-y: auto;
    padding: 18px;
    background-color: #fafbfc;
    display: flex;
    flex-direction: column;
    gap: 14px;
}

.chatbot-messages::-webkit-scrollbar {
    width: 4px;
}

.chatbot-messages::-webkit-scrollbar-track {
    background: transparent;
}

.chatbot-messages::-webkit-scrollbar-thumb {
    background: rgba(0,0,0,0.12);
    border-radius: 4px;
}

/* ── Chat Messages ─────────────────────────────────────────────────────────── */

.chat-message {
    display: flex;
    max-width: 88%;
    animation: fadeIn 0.3s ease;
    gap: 8px;
}

.chat-message.user-message {
    align-self: flex-end;
    flex-direction: row-reverse;
}

.chat-message.bot-message {
    align-self: flex-start;
}

.message-avatar {
    width: 28px;
    height: 28px;
    border-radius: 50%;
    background: var(--chatbot-light);
    color: var(--chatbot-primary);
    display: flex;
    align-items: center;
    justify-content: center;
    font-size: 0.75rem;
    flex-shrink: 0;
    margin-top: 2px;
}

.user-message .message-avatar {
    background: var(--chatbot-primary);
    color: white;
}

.message-content {
    padding: 11px 15px;
    border-radius: 14px;
    font-size: 0.92rem;
    line-height: 1.5;
    word-wrap: break-word;
}

.user-message .message-content {
    background: linear-gradient(135deg, var(--chatbot-primary-light), var(--chatbot-primary));
    color: white;
    border-bottom-right-radius: 4px;
}

.bot-message .message-content {
    background-color: white;
    color: var(--chatbot-text);
    border: 1px solid var(--chatbot-border);
    border-bottom-left-radius: 4px;
    box-shadow: 0 1px 3px rgba(0,0,0,0.04);
}

/* ── Typing Indicator ──────────────────────────────────────────────────────── */

.chatbot-typing-indicator {
    display: flex;
    align-items: center;
    gap: 5px;
    padding: 10px 14px;
    background: white;
    border: 1px solid var(--chatbot-border);
    border-radius: 14px;
    width: fit-content;
    align-self: flex-start;
    border-bottom-left-radius: 4px;
    margin-left: 36px;
}

.typing-dot {
    width: 7px;
    height: 7px;
    background-color: var(--chatbot-accent);
    border-radius: 50%;
    animation: typingBounce 1.4s infinite ease-in-out both;
}

.typing-dot:nth-child(1) { animation-delay: -0.32s; }
.typing-dot:nth-child(2) { animation-delay: -0.16s; }

/* ── Input Area ────────────────────────────────────────────────────────────── */

.chatbot-input-area {
    padding: 14px 16px;
    background-color: white;
    border-top: 1px solid var(--chatbot-border);
    display: flex;
    gap: 10px;
    align-items: center;
    flex-shrink: 0;
}

.chatbot-input-area input {
    flex: 1;
    padding: 10px 16px;
    border: 1px solid var(--chatbot-border);
    border-radius: 24px;
    outline: none;
    font-size: 0.92rem;
    font-family: inherit;
    transition: border-color 0.2s, box-shadow 0.2s;
    background: #fafbfc;
}

.chatbot-input-area input:focus {
    border-color: var(--chatbot-primary);
    box-shadow: 0 0 0 3px rgba(46, 125, 50, 0.1);
    background: white;
}

.chatbot-input-area button {
    background: linear-gradient(135deg, var(--chatbot-primary-light), var(--chatbot-primary));
    color: white;
    border: none;
    width: 40px;
    height: 40px;
    border-radius: 50%;
    cursor: pointer;
    display: flex;
    align-items: center;
    justify-content: center;
    transition: transform 0.2s, box-shadow 0.2s;
    font-size: 0.9rem;
}

.chatbot-input-area button:hover:not(:disabled) {
    transform: scale(1.08);
    box-shadow: 0 3px 12px rgba(46,125,50,0.25);
}

.chatbot-input-area button:disabled {
    background: #c8e6c9;
    cursor: not-allowed;
    transform: none;
    box-shadow: none;
}

/* ── Animations ────────────────────────────────────────────────────────────── */

@keyframes bounceIn {
    0% { transform: scale(0); opacity: 0; }
    50% { transform: scale(1.12); }
    100% { transform: scale(1); opacity: 1; }
}

@keyframes slideUp {
    from { opacity: 0; transform: translateY(20px) scale(0.96); }
    to { opacity: 1; transform: translateY(0) scale(1); }
}

@keyframes fadeIn {
    from { opacity: 0; transform: translateY(8px); }
    to { opacity: 1; transform: translateY(0); }
}

@keyframes typingBounce {
    0%, 80%, 100% { transform: scale(0); }
    40% { transform: scale(1); }
}

/* ── Mobile Responsive ─────────────────────────────────────────────────────── */

@media (max-width: 480px) {
    .chatbot-window {
        position: fixed;
        bottom: 0;
        right: 0;
        width: 100%;
        height: 100vh;
        max-height: 100vh;
        border-radius: 0;
        z-index: 10000;
        animation: slideUp 0.3s ease;
    }

    #farmai-chatbot-widget {
        bottom: 20px;
        right: 20px;
    }
}
&lt;/style&gt;

&lt;script&gt;
document.addEventListener('DOMContentLoaded', function() {
    const chatbotBtn = document.getElementById('farmai-chatbot-btn');
    const chatbotWindow = document.getElementById('farmai-chatbot-window');
    const closeBtn = document.getElementById('farmai-chatbot-close');
    const clearBtn = document.getElementById('farmai-chatbot-clear');
    const messagesContainer = document.getElementById('farmai-chatbot-messages');
    const inputField = document.getElementById('farmai-chatbot-input');
    const sendBtn = document.getElementById('farmai-chatbot-send');

    // ── Toggle window ───────────────────────────────────────────────────────
    chatbotBtn.addEventListener('click', function() {
        if (chatbotWindow.style.display === 'none') {
            chatbotWindow.style.display = 'flex';
            inputField.focus();
        } else {
            chatbotWindow.style.display = 'none';
        }
    });

    closeBtn.addEventListener('click', function() {
        chatbotWindow.style.display = 'none';
    });

    // ── Clear history ───────────────────────────────────────────────────────
    clearBtn.addEventListener('click', function() {
        fetch('/user/chatbot/clear', {
            method: 'POST',
            credentials: 'same-origin',
            headers: {
                'Content-Type': 'application/json',
                'X-Requested-With': 'XMLHttpRequest'
            }
        })
        .then(function() {
            // Clear UI messages and show welcome again
            messagesContainer.innerHTML = '';
            addMessage('Conversation réinitialisée ! 🔄 Comment puis-je vous aider ?', 'bot-message');
        })
        .catch(function() {
            addMessage('Erreur lors de la réinitialisation.', 'bot-message');
        });
    });

    // ── Send message ────────────────────────────────────────────────────────
    function sendMessage() {
        const text = inputField.value.trim();
        if (!text) return;

        // Add user message to UI
        addMessage(text, 'user-message');
        inputField.value = '';
        inputField.disabled = true;
        sendBtn.disabled = true;

        // Add typing indicator
        const typingId = 'typing-' + Date.now();
        addTypingIndicator(typingId);

        // API Call to Groq backend
        fetch('/user/chatbot/message', {
            method: 'POST',
            credentials: 'same-origin',
            headers: {
                'Content-Type': 'application/json',
                'X-Requested-With': 'XMLHttpRequest'
            },
            body: JSON.stringify({ message: text })
        })
        .then(function(response) {
            if (!response.ok) {
                if (response.status === 403 || response.status === 401) {
                    throw new Error('Non autorisé. Veuillez vous connecter.');
                }
                return response.json().then(function(data) {
                    throw new Error(data.error || 'Erreur de communication avec le serveur.');
                });
            }
            return response.json();
        })
        .then(function(data) {
            removeElement(typingId);
            addMessage(data.response || 'Désolé, aucune réponse reçue.', 'bot-message');
        })
        .catch(function(error) {
            removeElement(typingId);
            addMessage('Erreur : ' + error.message, 'bot-message');
        })
        .finally(function() {
            inputField.disabled = false;
            sendBtn.disabled = false;
            inputField.focus();
        });
    }

    sendBtn.addEventListener('click', sendMessage);

    inputField.addEventListener('keypress', function(e) {
        if (e.key === 'Enter') {
            sendMessage();
        }
    });

    // ── Helper functions ────────────────────────────────────────────────────
    function addMessage(text, className) {
        const div = document.createElement('div');
        div.className = 'chat-message ' + className;

        // Avatar
        const avatarDiv = document.createElement('div');
        avatarDiv.className = 'message-avatar';
        const avatarIcon = document.createElement('i');
        avatarIcon.className = className === 'bot-message' ? 'fa-solid fa-leaf' : 'fa-solid fa-user';
        avatarDiv.appendChild(avatarIcon);

        // Content
        const contentDiv = document.createElement('div');
        contentDiv.className = 'message-content';

        // Render with basic formatting (bold, line breaks)
        const formatted = text
            .replace(/\*\*(.*?)\*\*/g, '&lt;strong&gt;$1&lt;/strong&gt;')
            .replace(/\n/g, '&lt;br&gt;');
        contentDiv.innerHTML = formatted;

        div.appendChild(avatarDiv);
        div.appendChild(contentDiv);
        messagesContainer.appendChild(div);
        scrollToBottom();
    }

    function addTypingIndicator(id) {
        const div = document.createElement('div');
        div.className = 'chatbot-typing-indicator';
        div.id = id;

        for (let i = 0; i &lt; 3; i++) {
            const dot = document.createElement('div');
            dot.className = 'typing-dot';
            div.appendChild(dot);
        }

        messagesContainer.appendChild(div);
        scrollToBottom();
    }

    function removeElement(id) {
        const element = document.getElementById(id);
        if (element) {
            element.remove();
        }
    }

    function scrollToBottom() {
        messagesContainer.scrollTop = messagesContainer.scrollHeight;
    }
});
&lt;/script&gt;

    &lt;/body&gt;
&lt;/html&gt;

C:\Users\sliti\Desktop\dev\esprit-PIDEV-3A16-2526-FARMIA\vendor\symfony\framework-bundle\Test\BrowserKitAssertionsTrait.php:150
C:\Users\sliti\Desktop\dev\esprit-PIDEV-3A16-2526-FARMIA\vendor\symfony\framework-bundle\Test\BrowserKitAssertionsTrait.php:64
C:\Users\sliti\Desktop\dev\esprit-PIDEV-3A16-2526-FARMIA\tests\Functional\Controller\AnalyseControllerTest.php:52
C:\Users\sliti\Desktop\dev\esprit-PIDEV-3A16-2526-FARMIA\vendor\phpunit\phpunit\phpunit:107</failure>
        </testcase>
        <testcase name="testShowPageLoads" class="App\Tests\Functional\Controller\AnalyseControllerTest" classname="App.Tests.Functional.Controller.AnalyseControllerTest" file="C:\Users\sliti\Desktop\dev\esprit-PIDEV-3A16-2526-FARMIA\tests\Functional\Controller\AnalyseControllerTest.php" line="58" assertions="1" time="0.223704"/>
        <testcase name="testEditPageLoads" class="App\Tests\Functional\Controller\AnalyseControllerTest" classname="App.Tests.Functional.Controller.AnalyseControllerTest" file="C:\Users\sliti\Desktop\dev\esprit-PIDEV-3A16-2526-FARMIA\tests\Functional\Controller\AnalyseControllerTest.php" line="68" assertions="1" time="0.239938"/>
        <testcase name="testCanUpdateAnalyse" class="App\Tests\Functional\Controller\AnalyseControllerTest" classname="App.Tests.Functional.Controller.AnalyseControllerTest" file="C:\Users\sliti\Desktop\dev\esprit-PIDEV-3A16-2526-FARMIA\tests\Functional\Controller\AnalyseControllerTest.php" line="78" assertions="1" time="0.259526">
          <failure type="PHPUnit\Framework\ExpectationFailedException">App\Tests\Functional\Controller\AnalyseControllerTest::testCanUpdateAnalyse
Failed asserting that the Response is redirected.
HTTP/1.1 200 OK&#13;
Cache-Control: max-age=0, must-revalidate, private&#13;
Content-Type:  text/html; charset=UTF-8&#13;
Date:          Sat, 25 Apr 2026 11:54:06 GMT&#13;
Expires:       Sat, 25 Apr 2026 11:54:06 GMT&#13;
X-Robots-Tag:  noindex&#13;
&#13;
&lt;!DOCTYPE html&gt;
&lt;html lang="fr"&gt;
&lt;head&gt;
    &lt;meta charset="UTF-8"&gt;
    &lt;meta name="viewport" content="width=device-width, initial-scale=1.0"&gt;
    &lt;title&gt;Modifier Analyse #1 — FarmAI&lt;/title&gt;
    &lt;!-- FontAwesome --&gt;
    &lt;link rel="stylesheet" href="https://cdnjs.cloudflare.com/ajax/libs/font-awesome/6.4.0/css/all.min.css"&gt;
    &lt;link rel="stylesheet" href="/assets/css/dashboard.css"&gt;
    &lt;link rel="stylesheet" href="/assets/css/profile_modal.css"&gt;
    &lt;/head&gt;
&lt;body&gt;
    &lt;!-- Sidebar --&gt;
    &lt;aside class="sidebar"&gt;
        &lt;!-- Profile Card --&gt;
        &lt;div class="profile-card" onclick="openProfileModal()" style="cursor: pointer;"&gt;
            &lt;div class="profile-img-wrapper" style="overflow: hidden; border-radius: 50%;"&gt;
                ﻿
        
    &lt;div class="" style="background-color: #f59e0b; border-radius: 50%; color: white; display: flex; align-items: center; justify-content: center; font-weight: 700; text-transform: uppercase; flex-shrink: 0; line-height: 1; mso-line-height-rule: exactly; width:100%;height:100%;font-size:1.2rem;"&gt;
        UT
    &lt;/div&gt;
            &lt;/div&gt;
            &lt;i class="fa-solid fa-ellipsis profile-ellipsis"&gt;&lt;/i&gt;
            &lt;div class="profile-info"&gt;
                &lt;div class="profile-name"&gt;User Test&lt;/div&gt;
                &lt;div class="profile-role"&gt;Administrateur&lt;/div&gt;
            &lt;/div&gt;
        &lt;/div&gt;

        
        &lt;!-- Navigation Menu --&gt;
        &lt;ul class="nav-menu"&gt;
            &lt;li class="nav-item"&gt;
                &lt;a href="/admin/dashboard" class=""&gt;
                    &lt;i class="fa-solid fa-house"&gt;&lt;/i&gt;
                    &lt;span&gt;Tableau de bord&lt;/span&gt;
                &lt;/a&gt;
            &lt;/li&gt;
            &lt;li class="nav-item"&gt;
                &lt;a href="/admin/users/" class=""&gt;
                    &lt;i class="fa-solid fa-users"&gt;&lt;/i&gt;
                    &lt;span&gt;Utilisateurs&lt;/span&gt;
                &lt;/a&gt;
            &lt;/li&gt;
            &lt;li class="nav-item"&gt;
                &lt;a href="/admin/statistics" class=""&gt;
                    &lt;i class="fa-solid fa-chart-pie"&gt;&lt;/i&gt;
                    &lt;span&gt;Statistiques&lt;/span&gt;
                &lt;/a&gt;
            &lt;/li&gt;
            &lt;li class="nav-item"&gt;
                &lt;a href="/admin/audit/" class=""&gt;
                    &lt;i class="fa-solid fa-file-signature"&gt;&lt;/i&gt;
                    &lt;span&gt;Audit / logs&lt;/span&gt;
                &lt;/a&gt;
            &lt;/li&gt;
            &lt;li class="nav-item"&gt;
                &lt;a href="/admin/kanban" class=""&gt;
                    &lt;i class="fa-solid fa-list-check"&gt;&lt;/i&gt;
                    &lt;span&gt;Kanban Board&lt;/span&gt;
                &lt;/a&gt;
            &lt;/li&gt;
            &lt;li class="nav-item"&gt;
                &lt;a href="/admin/analyses/" class=""&gt;
                    &lt;i class="fa-solid fa-flask"&gt;&lt;/i&gt;
                    &lt;span&gt;Analyses&lt;/span&gt;
                &lt;/a&gt;
            &lt;/li&gt;
            &lt;li class="nav-item"&gt;
                &lt;a href="/admin/conseils/statistics/overview" class=""&gt;
                    &lt;i class="fa-solid fa-lightbulb"&gt;&lt;/i&gt;
                    &lt;span&gt;Conseils&lt;/span&gt;
                &lt;/a&gt;
            &lt;/li&gt;
        &lt;/ul&gt;

        &lt;!-- Logout --&gt;
        &lt;div class="logout-container"&gt;
            &lt;a href="/logout"&gt;
                &lt;i class="fa-solid fa-arrow-right-from-bracket"&gt;&lt;/i&gt;
                &lt;span&gt;Déconnexion&lt;/span&gt;
            &lt;/a&gt;
        &lt;/div&gt;
    &lt;/aside&gt;

    &lt;!-- Main Content --&gt;
    &lt;main class="main-content"&gt;
        &lt;!-- Topbar --&gt;
        &lt;header class="topbar"&gt;
            &lt;div class="brand-title"&gt;FarmAI Platform&lt;/div&gt;
            &lt;div class="topbar-right"&gt;
                &lt;div class="search-box"&gt;
                    &lt;i class="fa-solid fa-magnifying-glass"&gt;&lt;/i&gt;
                    &lt;input type="text" placeholder="Rechercher..."&gt;
                &lt;/div&gt;
                &lt;div class="topbar-avatar" style="display: flex; align-items: center; justify-content: center; cursor: pointer; overflow: hidden; border-radius: 50%;" onclick="openProfileModal()"&gt;
                    ﻿
        
    &lt;div class="" style="background-color: #f59e0b; border-radius: 50%; color: white; display: flex; align-items: center; justify-content: center; font-weight: 700; text-transform: uppercase; flex-shrink: 0; line-height: 1; mso-line-height-rule: exactly; width:100%;height:100%;font-size:1rem;"&gt;
        UT
    &lt;/div&gt;
                &lt;/div&gt;
            &lt;/div&gt;
        &lt;/header&gt;

        &lt;!-- Dynamic Content block --&gt;
        &lt;div style="padding:2rem; max-width:750px;"&gt;

    
    &lt;div style="display:flex; align-items:center; gap:1rem; margin-bottom:2rem;"&gt;
        &lt;a href="/analyse/1" class="btn btn-secondary"&gt;
            &lt;i class="fa-solid fa-arrow-left"&gt;&lt;/i&gt;
        &lt;/a&gt;
        &lt;h2 style="font-size:1.4rem; font-weight:700; color:#1a1a2e; margin:0;"&gt;
            Modifier Analyse &lt;span style="color:#2ecc71;"&gt;#1&lt;/span&gt;
        &lt;/h2&gt;
    &lt;/div&gt;

    &lt;div style="background:#fff; border-radius:12px; box-shadow:0 2px 8px rgba(0,0,0,0.06); padding:2rem;"&gt;
        &lt;form name="analyse" method="post" novalidate="novalidate" class="modern-form"&gt;

        &lt;div style="display:grid; grid-template-columns:1fr 1fr; gap:1.5rem;"&gt;
            &lt;div class="form-group" style="grid-column:1/-1;"&gt;
                &lt;label for="analyse_dateAnalyse" class="required"&gt;Date de l&amp;#039;analyse&lt;/label&gt;
                
                &lt;input type="datetime-local" id="analyse_dateAnalyse" name="analyse[dateAnalyse]" required="required" class="form-control profile-input" value="2024-02-20T10:00" /&gt;
            &lt;/div&gt;
            &lt;div class="form-group"&gt;
                &lt;label for="analyse_technicien" class="required"&gt;Expert / Technicien&lt;/label&gt;
                
                &lt;select id="analyse_technicien" name="analyse[technicien]" required="required" class="form-control profile-input"&gt;&lt;option value=""&gt;-- Sélectionner un expert --&lt;/option&gt;&lt;option value="1"&gt;User Test (test_69ecab5de6ec8@farmia.test)&lt;/option&gt;&lt;option value="2" selected="selected"&gt;User Test (test_69ecab5de919e@farmia.test)&lt;/option&gt;&lt;/select&gt;
            &lt;/div&gt;
            &lt;div class="form-group"&gt;
                &lt;label for="analyse_ferme" class="required"&gt;Ferme&lt;/label&gt;
                
                &lt;select id="analyse_ferme" name="analyse[ferme]" required="required" class="form-control profile-input"&gt;&lt;option value=""&gt;-- Sélectionner une ferme --&lt;/option&gt;&lt;option value="1" selected="selected"&gt;Test Farm — Test Location&lt;/option&gt;&lt;/select&gt;
            &lt;/div&gt;
            &lt;div class="form-group" style="grid-column:1/-1;"&gt;
                &lt;label for="analyse_resultatTechnique"&gt;Résultat technique&lt;/label&gt;
                
                &lt;textarea id="analyse_resultatTechnique" name="analyse[resultatTechnique]" class="form-control profile-input" rows="5" placeholder="Décrivez le diagnostic technique..."&gt;Updated analysis results&lt;/textarea&gt;
            &lt;/div&gt;
            &lt;div class="form-group" style="grid-column:1/-1;"&gt;
                &lt;label for="analyse_imageUrl"&gt;URL de l&amp;#039;image&lt;/label&gt;
                
                &lt;input type="text" id="analyse_imageUrl" name="analyse[imageUrl]" class="form-control profile-input" placeholder="https://example.com/image.jpg" /&gt;
                            &lt;/div&gt;
        &lt;/div&gt;

        &lt;div style="margin-top:2rem; display:flex; gap:1rem;"&gt;
            &lt;button type="submit" class="btn btn-dark"&gt;
                &lt;i class="fa-solid fa-floppy-disk"&gt;&lt;/i&gt; Mettre à jour
            &lt;/button&gt;
            &lt;a href="/analyse/1" class="btn btn-secondary"&gt;Annuler&lt;/a&gt;
        &lt;/div&gt;

        &lt;div&gt;&lt;label for="analyse_statut" class="required"&gt;Statut&lt;/label&gt;&lt;select id="analyse_statut" name="analyse[statut]" required="required" class="form-control profile-input"&gt;&lt;option value=""&gt;-- Sélectionner un statut --&lt;/option&gt;&lt;option value="en_attente" selected="selected"&gt;En attente&lt;/option&gt;&lt;option value="en_cours"&gt;En cours&lt;/option&gt;&lt;option value="terminee"&gt;Terminée&lt;/option&gt;&lt;option value="annulee"&gt;Annulée&lt;/option&gt;&lt;/select&gt;&lt;/div&gt;&lt;div&gt;&lt;label for="analyse_descriptionDemande"&gt;Description de la demande&lt;/label&gt;&lt;textarea id="analyse_descriptionDemande" name="analyse[descriptionDemande]" class="form-control profile-input" rows="3" placeholder="Décrivez votre demande d&amp;#039;analyse..."&gt;&lt;/textarea&gt;&lt;/div&gt;&lt;div&gt;&lt;label for="analyse_animalCible"&gt;Animal cible (optionnel)&lt;/label&gt;&lt;select id="analyse_animalCible" name="analyse[animalCible]" class="form-control profile-input"&gt;&lt;option value=""&gt;-- Sélectionner un animal --&lt;/option&gt;&lt;/select&gt;&lt;/div&gt;&lt;div&gt;&lt;label for="analyse_planteCible"&gt;Plante cible (optionnel)&lt;/label&gt;&lt;select id="analyse_planteCible" name="analyse[planteCible]" class="form-control profile-input"&gt;&lt;option value=""&gt;-- Sélectionner une plante --&lt;/option&gt;&lt;/select&gt;&lt;/div&gt;&lt;input type="hidden" id="analyse__token" name="analyse[_token]" value="b0298cd5cd5c0ade781681acbad86a4.XkNPq3fhRC-JajLs7fwt8INDgwY7zq-yn6fJ00uNqEY.Lw55zT-rFG25PleO36pKwfICzEdX9-bYzdWmnHvYmAI4Bi7HDY0sTM5YUQ" /&gt;&lt;/form&gt;
    &lt;/div&gt;
&lt;/div&gt;
    &lt;/main&gt;

    &lt;!-- Profile Modal Component --&gt;
&lt;div class="profile-modal-overlay" id="profileModal" style="display: none;"&gt;
    &lt;div class="profile-modal"&gt;
        &lt;div class="profile-modal-header"&gt;
            &lt;h3 style="margin: 0; color: white;"&gt;Informations de l'utilisateur&lt;/h3&gt;
            &lt;button type="button" class="close-modal-btn" onclick="closeProfileModal()"&gt;&amp;times;&lt;/button&gt;
        &lt;/div&gt;
        
        &lt;form id="profileUpdateForm" enctype="multipart/form-data" novalidate="novalidate"&gt;
            &lt;div class="profile-modal-body"&gt;
                &lt;!-- Colonne Gauche : Avatar --&gt;
                &lt;div class="profile-avatar-section"&gt;
                    &lt;div class="profile-avatar-preview" id="avatarPreviewContainer"&gt;
                        &lt;div id="currentAvatarWrapper" style="width: 100%; height: 100%;"&gt;
                            ﻿
        
    &lt;div class="" style="background-color: #f59e0b; border-radius: 50%; color: white; display: flex; align-items: center; justify-content: center; font-weight: 700; text-transform: uppercase; flex-shrink: 0; line-height: 1; mso-line-height-rule: exactly; width:100%;height:100%;font-size:2rem;"&gt;
        UT
    &lt;/div&gt;
                        &lt;/div&gt;
                        &lt;img src="#" id="avatarPreview" alt="Avatar" style="display: none; width: 100%; height: 100%; object-fit: cover; border-radius: 50%;"&gt;
                    &lt;/div&gt;
                    &lt;label class="btn-outline-green btn-file-upload" style="cursor: pointer; padding: 6px 14px; border-radius: 6px; border: 1px solid var(--primary-green); color: var(--primary-green); white-space: nowrap; font-size: 0.85rem; margin-top: 8px;"&gt;
                        Choisir Photo &lt;input type="file" name="photo" accept="image/*" style="display: none;" onchange="previewImage(event)"&gt;
                    &lt;/label&gt;
                                        &lt;div style="margin-top: 12px; width: 100%; background: rgba(0,0,0,0.03); padding: 12px; border-radius: 10px; border: 1px dashed #ddd; text-align: center;"&gt;
                        &lt;h4 style="margin: 0 0 8px 0; font-size: 0.8rem; color: #64748b; text-transform: uppercase; letter-spacing: 0.5px;"&gt;Biométrie&lt;/h4&gt;
                                                    &lt;button type="button" class="btn btn-outline-green" style="width: 100%; border: 1px solid var(--accent-green); color: var(--accent-green); padding: 6px; border-radius: 6px; cursor: pointer; font-size: 0.8rem; display: flex; align-items: center; justify-content: center; gap: 6px;" onclick="openFaceRegistrationModal(); closeProfileModal();"&gt;
                                &lt;i class="fas fa-camera"&gt;&lt;/i&gt; Activer Login Facial
                            &lt;/button&gt;
                                            &lt;/div&gt;
                                    &lt;/div&gt;
                
                &lt;!-- Right column: Form fields --&gt;
                &lt;div class="profile-form-section"&gt;
                    
                                        &lt;div id="profileErrors" style="display: none; margin-bottom: 12px; background: rgba(239,68,68,0.08); border-left: 3px solid #ef4444; border-radius: 6px; padding: 10px 14px; color: #b91c1c; font-size: 0.88rem;"&gt;
                        &lt;i class="fas fa-exclamation-circle"&gt;&lt;/i&gt;
                        &lt;span id="profileErrorsList"&gt;&lt;/span&gt;
                    &lt;/div&gt;

                    &lt;div class="form-row"&gt;
                        &lt;label&gt;Nom:&lt;/label&gt;
                        &lt;input type="text" name="nom" id="pf-nom" class="profile-input" value="Test"&gt;
                        &lt;div class="pf-field-error" id="err-nom"&gt;&lt;/div&gt;
                    &lt;/div&gt;
                    
                    &lt;div class="form-row"&gt;
                        &lt;label&gt;Prénom:&lt;/label&gt;
                        &lt;input type="text" name="prenom" id="pf-prenom" class="profile-input" value="User"&gt;
                        &lt;div class="pf-field-error" id="err-prenom"&gt;&lt;/div&gt;
                    &lt;/div&gt;
                    
                    &lt;div class="form-row"&gt;
                        &lt;label&gt;Email:&lt;/label&gt;
                        &lt;input type="email" name="email" id="pf-email" class="profile-input" value="test_69ecab5de6ec8@farmia.test"&gt;
                        &lt;div class="pf-field-error" id="err-email"&gt;&lt;/div&gt;
                    &lt;/div&gt;
                    
                    &lt;div class="form-row"&gt;
                        &lt;label&gt;CIN:&lt;/label&gt;
                        &lt;input type="text" name="cin" id="pf-cin" class="profile-input" value="69ecab5de6ecd"&gt;
                        &lt;div class="pf-field-error" id="err-cin"&gt;&lt;/div&gt;
                    &lt;/div&gt;
                    
                    &lt;div class="form-row"&gt;
                        &lt;label&gt;Téléphone:&lt;/label&gt;
                        &lt;input type="text" name="telephone" id="pf-telephone" class="profile-input" value="12345678"&gt;
                        &lt;div class="pf-field-error" id="err-telephone"&gt;&lt;/div&gt;
                    &lt;/div&gt;
                    
                    &lt;div class="form-row"&gt;
                        &lt;label&gt;Adresse:&lt;/label&gt;
                        &lt;input type="text" name="adresse" id="pf-adresse" class="profile-input" value="123 Test Street"&gt;
                        &lt;div class="pf-field-error" id="err-adresse"&gt;&lt;/div&gt;
                    &lt;/div&gt;
                    
                    &lt;div class="form-row"&gt;
                        &lt;label&gt;Mot de passe:&lt;/label&gt;
                        &lt;input type="password" name="password" id="pf-password" class="profile-input" placeholder="Nouveau mot de passe (min. 6 caract.)"&gt;
                        &lt;div class="pf-field-error" id="err-password"&gt;&lt;/div&gt;
                    &lt;/div&gt;
                    
                    &lt;div class="form-row"&gt;
                        &lt;label&gt;Rôle:&lt;/label&gt;
                                                    &lt;input type="text" class="profile-input" value="EXPERT" disabled style="opacity: 0.7; cursor: not-allowed;"&gt;
                                            &lt;/div&gt;
                    
                    &lt;div class="pf-field-error" id="err-photo" style="margin-top: 6px;"&gt;&lt;/div&gt;
                &lt;/div&gt;
            &lt;/div&gt;
            
            &lt;div class="profile-modal-footer"&gt;
                &lt;button type="submit" class="btn btn-solid-blue" id="profileSubmitBtn"&gt;Enregistrer&lt;/button&gt;
                &lt;button type="button" class="btn btn-outline-gray" onclick="closeProfileModal()"&gt;Annuler&lt;/button&gt;
            &lt;/div&gt;
        &lt;/form&gt;
    &lt;/div&gt;
&lt;/div&gt;

&lt;style&gt;
/* ── Profile Modal Responsive ─────────────────────────────────────── */
#profileModal .profile-modal {
    max-height: 92vh;
    display: flex;
    flex-direction: column;
    overflow: hidden;
}
#profileModal .profile-modal-body {
    overflow-y: auto;
    flex: 1;
    scrollbar-width: thin;
}
#profileModal .profile-avatar-section {
    flex-shrink: 0;
    min-width: 130px;
    max-width: 140px;
}
#profileModal .profile-avatar-preview {
    width: 100px !important;
    height: 100px !important;
    border-radius: 50% !important;
    overflow: hidden !important;
    display: flex !important;
    align-items: center;
    justify-content: center;
    background: #f1f5f9;
    flex-shrink: 0;
    border: 2px solid #e2e8f0;
}
#profileModal #avatarPreview {
    width: 100% !important;
    height: 100% !important;
    object-fit: cover !important;
    border-radius: 50%;
    display: block;
}
#profileModal .profile-form-section {
    flex: 1;
    min-width: 0;
    overflow: hidden;
}
/* Per-field error messages */
.pf-field-error {
    color: #ef4444;
    font-size: 0.78rem;
    font-weight: 500;
    min-height: 16px;
    line-height: 1.3;
    margin-top: 2px;
    padding-left: 2px;
    word-break: break-word;
}
.pf-field-error:empty {
    min-height: 0;
    margin: 0;
}
/* Input error state */
.pf-input-error {
    border-color: #ef4444 !important;
    box-shadow: 0 0 0 2px rgba(239,68,68,0.15) !important;
}
/* Responsive: stack on small screens */
@media (max-width: 580px) {
    #profileModal .profile-modal-body {
        flex-direction: column;
        align-items: center;
    }
    #profileModal .profile-avatar-section {
        max-width: 100%;
        flex-direction: row;
        justify-content: center;
        gap: 16px;
    }
}
&lt;/style&gt;

&lt;script&gt;
    function openProfileModal() {
        document.getElementById('profileModal').style.display = 'flex';
    }

    function closeProfileModal() {
        document.getElementById('profileModal').style.display = 'none';
    }

    window.addEventListener('click', function(event) {
        var modal = document.getElementById('profileModal');
        if (event.target === modal) closeProfileModal();
    });

    function previewImage(event) {
        var file = event.target.files[0];
        if (!file) return;
        var reader = new FileReader();
        reader.onload = function(e) {
            var output  = document.getElementById('avatarPreview');
            var wrapper = document.getElementById('currentAvatarWrapper');
            if (output)  { output.src = e.target.result; output.style.display = 'block'; }
            if (wrapper) { wrapper.style.display = 'none'; }
        };
        reader.readAsDataURL(file);
    }

    function deleteFaceData() {
        fetch("/auth/face/delete", {
            method: 'POST',
            headers: { 'X-Requested-With': 'XMLHttpRequest' }
        })
        .then(r =&gt; r.json())
        .then(data =&gt; {
            if (data.success) window.location.reload();
            else alert(data.error || "Erreur lors de la suppression.");
        })
        .catch(err =&gt; alert("Erreur réseau : " + err.message));
    }

    // ── Form submit ─────────────────────────────────────────────────────────
    document.addEventListener('DOMContentLoaded', function() {
        const form = document.getElementById('profileUpdateForm');
        if (!form) return;

        form.addEventListener('submit', function(e) {
            e.preventDefault();

            // Clear all errors
            document.querySelectorAll('.pf-field-error').forEach(el =&gt; el.textContent = '');
            document.querySelectorAll('.pf-input-error').forEach(el =&gt; el.classList.remove('pf-input-error'));
            const globalErrors = document.getElementById('profileErrors');
            globalErrors.style.display = 'none';
            document.getElementById('profileErrorsList').textContent = '';

            const submitBtn = document.getElementById('profileSubmitBtn');
            const original  = submitBtn.innerHTML;
            submitBtn.innerHTML = '&lt;i class="fas fa-spinner fa-spin"&gt;&lt;/i&gt; Traitement...';
            submitBtn.disabled  = true;

            fetch("/profile/update", {
                method: 'POST',
                headers: { 'X-Requested-With': 'XMLHttpRequest' },
                credentials: 'same-origin',
                body: new FormData(form)
            })
            .then(response =&gt; {
                if (response.status === 401) {
                    window.location.href = "/login";
                    return Promise.reject('logout');
                }
                return response.json().then(data =&gt; ({ status: response.status, body: data }));
            })
            .then(res =&gt; {
                submitBtn.innerHTML = original;
                submitBtn.disabled  = false;

                if (res.status === 200 &amp;&amp; res.body?.success) {
                    window.location.reload();
                    return;
                }

                const errs = res.body?.errors || {};
                let hasFieldError = false;

                // errors is now a key-&gt;message dict
                if (typeof errs === 'object' &amp;&amp; !Array.isArray(errs)) {
                    Object.entries(errs).forEach(([field, msg]) =&gt; {
                        const errDiv = document.getElementById('err-' + field);
                        const input  = document.getElementById('pf-' + field)
                                    || form.querySelector('[name="' + field + '"]');
                        if (errDiv) { errDiv.textContent = msg; hasFieldError = true; }
                        if (input)  { input.classList.add('pf-input-error'); }
                    });
                }

                if (!hasFieldError) {
                    // Fallback: show as list
                    const msgs = Array.isArray(errs) ? errs : Object.values(errs);
                    document.getElementById('profileErrorsList').textContent = msgs.join(' | ') || 'Erreur inconnue.';
                    globalErrors.style.display = 'block';
                }

                // Scroll to top of body to reveal errors
                document.querySelector('#profileModal .profile-modal-body').scrollTop = 0;
            })
            .catch(err =&gt; {
                if (err === 'logout') return;
                submitBtn.innerHTML = original;
                submitBtn.disabled  = false;
                document.getElementById('profileErrorsList').textContent = 'Erreur réseau de communication avec le serveur.';
                document.getElementById('profileErrors').style.display = 'block';
            });
        });
    });
&lt;/script&gt;

&lt;!-- Face registration modal --&gt;
&lt;!-- Face Registration Modal Component --&gt;
&lt;div class="profile-modal-overlay" id="faceRegistrationModal" style="display: none; z-index: 2000;"&gt;
    &lt;div class="profile-modal" style="max-width: 450px; text-align: center;"&gt;
        &lt;div class="profile-modal-header" style="background: var(--primary-green); padding: 15px; border-radius: 10px 10px 0 0; display: flex; justify-content: space-between; align-items: center;"&gt;
            &lt;h3 style="margin: 0; color: white; display: flex; align-items: center; gap: 10px;"&gt;&lt;i class="fas fa-camera"&gt;&lt;/i&gt; Enregistrement Facial&lt;/h3&gt;
            &lt;button type="button" class="close-modal-btn" onclick="closeFaceRegistrationModal()" style="background: none; border: none; color: white; font-size: 1.5rem; cursor: pointer;"&gt;&amp;times;&lt;/button&gt;
        &lt;/div&gt;
        
        &lt;div class="profile-modal-body" style="padding: 20px; display: flex; flex-direction: column; align-items: center; gap: 15px;"&gt;
            &lt;p style="color: #666; font-size: 0.95rem; margin-bottom: 10px;"&gt;Enregistrez votre visage pour vous connecter rapidement sans mot de passe.&lt;/p&gt;
            
            &lt;div id="faceRegContainer" style="position: relative; width: 100%; max-width: 320px; border-radius: 10px; overflow: hidden; border: 3px solid var(--accent-green); box-shadow: 0 0 15px rgba(46, 213, 115, 0.4);"&gt;
                &lt;video id="faceRegVideo" autoplay playsinline style="width: 100%; height: auto; display: block;"&gt;&lt;/video&gt;
                &lt;div id="faceRegOverlay" style="position: absolute; top: 0; left: 0; width: 100%; height: 100%; background: rgba(0, 0, 0, 0.5); display: none; align-items: center; justify-content: center; z-index: 10;"&gt;
                    &lt;i class="fas fa-circle-notch fa-spin" style="font-size: 2.5rem; color: var(--accent-green);"&gt;&lt;/i&gt;
                &lt;/div&gt;
            &lt;/div&gt;
            
            &lt;div id="faceRegError" class="alert alert-error" style="display: none; width: 100%; font-size: 0.85rem; text-align: left;"&gt;&lt;/div&gt;
            &lt;div id="faceRegSuccess" class="alert alert-success" style="display: none; width: 100%; font-size: 0.85rem; text-align: left;"&gt;Visage enregistré avec succès !&lt;/div&gt;

            &lt;canvas id="faceRegCanvas" style="display: none;"&gt;&lt;/canvas&gt;
            
            &lt;p style="font-size: 0.85rem; color: #888;"&gt;Assurez-vous d'être dans un endroit bien éclairé et de regarder directement la caméra.&lt;/p&gt;
        &lt;/div&gt;
        
        &lt;div class="profile-modal-footer" style="padding: 15px; display: flex; justify-content: center; gap: 10px; border-top: 1px solid #eee;"&gt;
            &lt;button type="button" id="btnCaptureRegFace" class="btn btn-login" style="width: 100%;"&gt;Capturer et Enregistrer&lt;/button&gt;
        &lt;/div&gt;
    &lt;/div&gt;
&lt;/div&gt;

&lt;script&gt;
    var faceRegModal = document.getElementById('faceRegistrationModal');
    var faceRegVideo = document.getElementById('faceRegVideo');
    var faceRegCanvas = document.getElementById('faceRegCanvas');
    var btnCaptureRegFace = document.getElementById('btnCaptureRegFace');
    var faceRegOverlay = document.getElementById('faceRegOverlay');
    var faceRegError = document.getElementById('faceRegError');
    var faceRegSuccess = document.getElementById('faceRegSuccess');
    
    var regStream = null;

    function openFaceRegistrationModal() {
        faceRegModal.style.display = 'flex';
        faceRegError.style.display = 'none';
        faceRegSuccess.style.display = 'none';
        faceRegOverlay.style.display = 'none';
        btnCaptureRegFace.disabled = false;
        
        navigator.mediaDevices.getUserMedia({ video: { facingMode: "user" } })
            .then(function(s) {
                regStream = s;
                faceRegVideo.srcObject = regStream;
            })
            .catch(function(err) {
                faceRegError.textContent = "Impossible d'accéder à la webcam : " + err.message;
                faceRegError.style.display = 'block';
                btnCaptureRegFace.disabled = true;
            });
    }

    function closeFaceRegistrationModal() {
        faceRegModal.style.display = 'none';
        if (regStream) {
            regStream.getTracks().forEach(track =&gt; track.stop());
            regStream = null;
        }
    }

    // Fermer si clic au dehors
    window.addEventListener('click', function(event) {
        if (event.target == faceRegModal) {
            closeFaceRegistrationModal();
        }
    });

    if (btnCaptureRegFace) {
        btnCaptureRegFace.addEventListener('click', function() {
            if (!regStream) return;
            
            faceRegError.style.display = 'none';
            faceRegSuccess.style.display = 'none';
            faceRegOverlay.style.display = 'flex';
            btnCaptureRegFace.disabled = true;

            // Capture image
            faceRegCanvas.width = faceRegVideo.videoWidth;
            faceRegCanvas.height = faceRegVideo.videoHeight;
            const ctx = faceRegCanvas.getContext('2d');
            ctx.drawImage(faceRegVideo, 0, 0, faceRegCanvas.width, faceRegCanvas.height);
            
            const base64Image = faceRegCanvas.toDataURL('image/jpeg', 0.8);

            fetch('/auth/face/register', {
                method: 'POST',
                headers: {
                    'Content-Type': 'application/json',
                    'X-Requested-With': 'XMLHttpRequest'
                },
                body: JSON.stringify({ image: base64Image })
            })
            .then(response =&gt; response.json().then(data =&gt; ({status: response.status, body: data})))
            .then(res =&gt; {
                faceRegOverlay.style.display = 'none';
                if (res.status === 200 &amp;&amp; res.body.success) {
                    faceRegSuccess.style.display = 'block';
                    setTimeout(() =&gt; {
                        closeFaceRegistrationModal();
                    }, 2000); // Close after 2s
                } else {
                    faceRegError.textContent = res.body.error || "Erreur lors de l'enregistrement de votre visage.";
                    faceRegError.style.display = 'block';
                    btnCaptureRegFace.disabled = false;
                }
            })
            .catch(err =&gt; {
                faceRegOverlay.style.display = 'none';
                faceRegError.textContent = "Erreur réseau: " + err.message;
                faceRegError.style.display = 'block';
                btnCaptureRegFace.disabled = false;
            });
        });
    }
&lt;/script&gt;
    &lt;!-- Chatbot Widget --&gt;
&lt;div id="farmai-chatbot-widget"&gt;
    &lt;!-- Floating Button --&gt;
    &lt;button id="farmai-chatbot-btn" class="chatbot-floating-btn" aria-label="Ouvrir l'assistant FarmAI" title="Besoin d'aide ?"&gt;
        &lt;i class="fa-solid fa-robot"&gt;&lt;/i&gt;
    &lt;/button&gt;

    &lt;!-- Chat Window --&gt;
    &lt;div id="farmai-chatbot-window" class="chatbot-window" style="display: none;"&gt;
        &lt;!-- Header --&gt;
        &lt;div class="chatbot-header"&gt;
            &lt;div class="chatbot-header-info"&gt;
                &lt;i class="fa-solid fa-leaf"&gt;&lt;/i&gt;
                &lt;span&gt;FarmAI Assistant&lt;/span&gt;
                &lt;span class="chatbot-badge"&gt;IA&lt;/span&gt;
            &lt;/div&gt;
            &lt;div class="chatbot-header-actions"&gt;
                &lt;button id="farmai-chatbot-clear" class="chatbot-header-action-btn" aria-label="Effacer l'historique" title="Nouvelle conversation"&gt;
                    &lt;i class="fa-solid fa-rotate-right"&gt;&lt;/i&gt;
                &lt;/button&gt;
                &lt;button id="farmai-chatbot-close" class="chatbot-close-btn" aria-label="Fermer l'assistant"&gt;&amp;times;&lt;/button&gt;
            &lt;/div&gt;
        &lt;/div&gt;

        &lt;!-- Messages Area --&gt;
        &lt;div id="farmai-chatbot-messages" class="chatbot-messages"&gt;
            &lt;div class="chat-message bot-message"&gt;
                &lt;div class="message-avatar"&gt;&lt;i class="fa-solid fa-leaf"&gt;&lt;/i&gt;&lt;/div&gt;
                &lt;div class="message-content"&gt;
                    Bonjour User ! 👋 Je suis l'assistant &lt;strong&gt;FarmAI&lt;/strong&gt; propulsé par intelligence artificielle. Comment puis-je vous aider aujourd'hui ?
                &lt;/div&gt;
            &lt;/div&gt;
        &lt;/div&gt;

        &lt;!-- Input Area --&gt;
        &lt;div class="chatbot-input-area"&gt;
            &lt;input type="text" id="farmai-chatbot-input" placeholder="Posez votre question..." aria-label="Question" autocomplete="off" maxlength="2000"&gt;
            &lt;button id="farmai-chatbot-send" aria-label="Envoyer"&gt;&lt;i class="fa-solid fa-paper-plane"&gt;&lt;/i&gt;&lt;/button&gt;
        &lt;/div&gt;
    &lt;/div&gt;
&lt;/div&gt;

&lt;style&gt;
/* ══════════════════════════════════════════════════════════════════════════════
   FarmAI Chatbot Widget — Premium Design
   ══════════════════════════════════════════════════════════════════════════════ */

#farmai-chatbot-widget {
    --chatbot-primary: #2e7d32;
    --chatbot-primary-dark: #1b5e20;
    --chatbot-primary-light: #4caf50;
    --chatbot-accent: #66bb6a;
    --chatbot-light: #e8f5e9;
    --chatbot-bg: #ffffff;
    --chatbot-text: #333333;
    --chatbot-text-light: #666666;
    --chatbot-border: #e0e0e0;
    --chatbot-shadow: 0 8px 32px rgba(0,0,0,0.18);
    --chatbot-radius: 16px;

    position: fixed;
    bottom: 30px;
    right: 30px;
    z-index: 9999;
    font-family: 'Inter', 'Segoe UI', sans-serif;
}

/* ── Floating Button ───────────────────────────────────────────────────────── */

.chatbot-floating-btn {
    width: 62px;
    height: 62px;
    border-radius: 50%;
    background: linear-gradient(135deg, var(--chatbot-primary-light), var(--chatbot-primary-dark));
    color: white;
    border: none;
    box-shadow: 0 6px 24px rgba(46,125,50,0.35);
    font-size: 1.5rem;
    cursor: pointer;
    display: flex;
    align-items: center;
    justify-content: center;
    transition: transform 0.3s ease, box-shadow 0.3s ease;
    animation: bounceIn 0.5s ease;
}

.chatbot-floating-btn:hover {
    transform: translateY(-4px) scale(1.07);
    box-shadow: 0 10px 30px rgba(46, 125, 50, 0.45);
}

/* ── Chat Window ───────────────────────────────────────────────────────────── */

.chatbot-window {
    position: absolute;
    bottom: 80px;
    right: 0;
    width: 380px;
    height: 520px;
    max-height: 80vh;
    background-color: var(--chatbot-bg);
    border-radius: var(--chatbot-radius);
    box-shadow: var(--chatbot-shadow);
    display: flex;
    flex-direction: column;
    overflow: hidden;
    border: 1px solid rgba(0,0,0,0.08);
    animation: slideUp 0.3s cubic-bezier(0.34, 1.56, 0.64, 1);
}

/* ── Header ────────────────────────────────────────────────────────────────── */

.chatbot-header {
    background: linear-gradient(135deg, var(--chatbot-primary-light), var(--chatbot-primary-dark));
    color: white;
    padding: 14px 18px;
    display: flex;
    justify-content: space-between;
    align-items: center;
    font-weight: 600;
    font-size: 1.05rem;
    flex-shrink: 0;
}

.chatbot-header-info {
    display: flex;
    align-items: center;
    gap: 10px;
}

.chatbot-badge {
    font-size: 0.65rem;
    font-weight: 700;
    background: rgba(255,255,255,0.25);
    padding: 2px 7px;
    border-radius: 6px;
    letter-spacing: 0.5px;
    text-transform: uppercase;
}

.chatbot-header-actions {
    display: flex;
    align-items: center;
    gap: 6px;
}

.chatbot-header-action-btn {
    background: rgba(255,255,255,0.15);
    border: none;
    color: white;
    width: 30px;
    height: 30px;
    border-radius: 8px;
    cursor: pointer;
    display: flex;
    align-items: center;
    justify-content: center;
    font-size: 0.85rem;
    transition: background 0.2s;
}

.chatbot-header-action-btn:hover {
    background: rgba(255,255,255,0.3);
}

.chatbot-close-btn {
    background: transparent;
    border: none;
    color: white;
    font-size: 1.5rem;
    cursor: pointer;
    line-height: 1;
    transition: opacity 0.2s;
    padding: 0 2px;
}

.chatbot-close-btn:hover {
    opacity: 0.8;
}

/* ── Messages Area ─────────────────────────────────────────────────────────── */

.chatbot-messages {
    flex: 1;
    overflow-y: auto;
    padding: 18px;
    background-color: #fafbfc;
    display: flex;
    flex-direction: column;
    gap: 14px;
}

.chatbot-messages::-webkit-scrollbar {
    width: 4px;
}

.chatbot-messages::-webkit-scrollbar-track {
    background: transparent;
}

.chatbot-messages::-webkit-scrollbar-thumb {
    background: rgba(0,0,0,0.12);
    border-radius: 4px;
}

/* ── Chat Messages ─────────────────────────────────────────────────────────── */

.chat-message {
    display: flex;
    max-width: 88%;
    animation: fadeIn 0.3s ease;
    gap: 8px;
}

.chat-message.user-message {
    align-self: flex-end;
    flex-direction: row-reverse;
}

.chat-message.bot-message {
    align-self: flex-start;
}

.message-avatar {
    width: 28px;
    height: 28px;
    border-radius: 50%;
    background: var(--chatbot-light);
    color: var(--chatbot-primary);
    display: flex;
    align-items: center;
    justify-content: center;
    font-size: 0.75rem;
    flex-shrink: 0;
    margin-top: 2px;
}

.user-message .message-avatar {
    background: var(--chatbot-primary);
    color: white;
}

.message-content {
    padding: 11px 15px;
    border-radius: 14px;
    font-size: 0.92rem;
    line-height: 1.5;
    word-wrap: break-word;
}

.user-message .message-content {
    background: linear-gradient(135deg, var(--chatbot-primary-light), var(--chatbot-primary));
    color: white;
    border-bottom-right-radius: 4px;
}

.bot-message .message-content {
    background-color: white;
    color: var(--chatbot-text);
    border: 1px solid var(--chatbot-border);
    border-bottom-left-radius: 4px;
    box-shadow: 0 1px 3px rgba(0,0,0,0.04);
}

/* ── Typing Indicator ──────────────────────────────────────────────────────── */

.chatbot-typing-indicator {
    display: flex;
    align-items: center;
    gap: 5px;
    padding: 10px 14px;
    background: white;
    border: 1px solid var(--chatbot-border);
    border-radius: 14px;
    width: fit-content;
    align-self: flex-start;
    border-bottom-left-radius: 4px;
    margin-left: 36px;
}

.typing-dot {
    width: 7px;
    height: 7px;
    background-color: var(--chatbot-accent);
    border-radius: 50%;
    animation: typingBounce 1.4s infinite ease-in-out both;
}

.typing-dot:nth-child(1) { animation-delay: -0.32s; }
.typing-dot:nth-child(2) { animation-delay: -0.16s; }

/* ── Input Area ────────────────────────────────────────────────────────────── */

.chatbot-input-area {
    padding: 14px 16px;
    background-color: white;
    border-top: 1px solid var(--chatbot-border);
    display: flex;
    gap: 10px;
    align-items: center;
    flex-shrink: 0;
}

.chatbot-input-area input {
    flex: 1;
    padding: 10px 16px;
    border: 1px solid var(--chatbot-border);
    border-radius: 24px;
    outline: none;
    font-size: 0.92rem;
    font-family: inherit;
    transition: border-color 0.2s, box-shadow 0.2s;
    background: #fafbfc;
}

.chatbot-input-area input:focus {
    border-color: var(--chatbot-primary);
    box-shadow: 0 0 0 3px rgba(46, 125, 50, 0.1);
    background: white;
}

.chatbot-input-area button {
    background: linear-gradient(135deg, var(--chatbot-primary-light), var(--chatbot-primary));
    color: white;
    border: none;
    width: 40px;
    height: 40px;
    border-radius: 50%;
    cursor: pointer;
    display: flex;
    align-items: center;
    justify-content: center;
    transition: transform 0.2s, box-shadow 0.2s;
    font-size: 0.9rem;
}

.chatbot-input-area button:hover:not(:disabled) {
    transform: scale(1.08);
    box-shadow: 0 3px 12px rgba(46,125,50,0.25);
}

.chatbot-input-area button:disabled {
    background: #c8e6c9;
    cursor: not-allowed;
    transform: none;
    box-shadow: none;
}

/* ── Animations ────────────────────────────────────────────────────────────── */

@keyframes bounceIn {
    0% { transform: scale(0); opacity: 0; }
    50% { transform: scale(1.12); }
    100% { transform: scale(1); opacity: 1; }
}

@keyframes slideUp {
    from { opacity: 0; transform: translateY(20px) scale(0.96); }
    to { opacity: 1; transform: translateY(0) scale(1); }
}

@keyframes fadeIn {
    from { opacity: 0; transform: translateY(8px); }
    to { opacity: 1; transform: translateY(0); }
}

@keyframes typingBounce {
    0%, 80%, 100% { transform: scale(0); }
    40% { transform: scale(1); }
}

/* ── Mobile Responsive ─────────────────────────────────────────────────────── */

@media (max-width: 480px) {
    .chatbot-window {
        position: fixed;
        bottom: 0;
        right: 0;
        width: 100%;
        height: 100vh;
        max-height: 100vh;
        border-radius: 0;
        z-index: 10000;
        animation: slideUp 0.3s ease;
    }

    #farmai-chatbot-widget {
        bottom: 20px;
        right: 20px;
    }
}
&lt;/style&gt;

&lt;script&gt;
document.addEventListener('DOMContentLoaded', function() {
    const chatbotBtn = document.getElementById('farmai-chatbot-btn');
    const chatbotWindow = document.getElementById('farmai-chatbot-window');
    const closeBtn = document.getElementById('farmai-chatbot-close');
    const clearBtn = document.getElementById('farmai-chatbot-clear');
    const messagesContainer = document.getElementById('farmai-chatbot-messages');
    const inputField = document.getElementById('farmai-chatbot-input');
    const sendBtn = document.getElementById('farmai-chatbot-send');

    // ── Toggle window ───────────────────────────────────────────────────────
    chatbotBtn.addEventListener('click', function() {
        if (chatbotWindow.style.display === 'none') {
            chatbotWindow.style.display = 'flex';
            inputField.focus();
        } else {
            chatbotWindow.style.display = 'none';
        }
    });

    closeBtn.addEventListener('click', function() {
        chatbotWindow.style.display = 'none';
    });

    // ── Clear history ───────────────────────────────────────────────────────
    clearBtn.addEventListener('click', function() {
        fetch('/user/chatbot/clear', {
            method: 'POST',
            credentials: 'same-origin',
            headers: {
                'Content-Type': 'application/json',
                'X-Requested-With': 'XMLHttpRequest'
            }
        })
        .then(function() {
            // Clear UI messages and show welcome again
            messagesContainer.innerHTML = '';
            addMessage('Conversation réinitialisée ! 🔄 Comment puis-je vous aider ?', 'bot-message');
        })
        .catch(function() {
            addMessage('Erreur lors de la réinitialisation.', 'bot-message');
        });
    });

    // ── Send message ────────────────────────────────────────────────────────
    function sendMessage() {
        const text = inputField.value.trim();
        if (!text) return;

        // Add user message to UI
        addMessage(text, 'user-message');
        inputField.value = '';
        inputField.disabled = true;
        sendBtn.disabled = true;

        // Add typing indicator
        const typingId = 'typing-' + Date.now();
        addTypingIndicator(typingId);

        // API Call to Groq backend
        fetch('/user/chatbot/message', {
            method: 'POST',
            credentials: 'same-origin',
            headers: {
                'Content-Type': 'application/json',
                'X-Requested-With': 'XMLHttpRequest'
            },
            body: JSON.stringify({ message: text })
        })
        .then(function(response) {
            if (!response.ok) {
                if (response.status === 403 || response.status === 401) {
                    throw new Error('Non autorisé. Veuillez vous connecter.');
                }
                return response.json().then(function(data) {
                    throw new Error(data.error || 'Erreur de communication avec le serveur.');
                });
            }
            return response.json();
        })
        .then(function(data) {
            removeElement(typingId);
            addMessage(data.response || 'Désolé, aucune réponse reçue.', 'bot-message');
        })
        .catch(function(error) {
            removeElement(typingId);
            addMessage('Erreur : ' + error.message, 'bot-message');
        })
        .finally(function() {
            inputField.disabled = false;
            sendBtn.disabled = false;
            inputField.focus();
        });
    }

    sendBtn.addEventListener('click', sendMessage);

    inputField.addEventListener('keypress', function(e) {
        if (e.key === 'Enter') {
            sendMessage();
        }
    });

    // ── Helper functions ────────────────────────────────────────────────────
    function addMessage(text, className) {
        const div = document.createElement('div');
        div.className = 'chat-message ' + className;

        // Avatar
        const avatarDiv = document.createElement('div');
        avatarDiv.className = 'message-avatar';
        const avatarIcon = document.createElement('i');
        avatarIcon.className = className === 'bot-message' ? 'fa-solid fa-leaf' : 'fa-solid fa-user';
        avatarDiv.appendChild(avatarIcon);

        // Content
        const contentDiv = document.createElement('div');
        contentDiv.className = 'message-content';

        // Render with basic formatting (bold, line breaks)
        const formatted = text
            .replace(/\*\*(.*?)\*\*/g, '&lt;strong&gt;$1&lt;/strong&gt;')
            .replace(/\n/g, '&lt;br&gt;');
        contentDiv.innerHTML = formatted;

        div.appendChild(avatarDiv);
        div.appendChild(contentDiv);
        messagesContainer.appendChild(div);
        scrollToBottom();
    }

    function addTypingIndicator(id) {
        const div = document.createElement('div');
        div.className = 'chatbot-typing-indicator';
        div.id = id;

        for (let i = 0; i &lt; 3; i++) {
            const dot = document.createElement('div');
            dot.className = 'typing-dot';
            div.appendChild(dot);
        }

        messagesContainer.appendChild(div);
        scrollToBottom();
    }

    function removeElement(id) {
        const element = document.getElementById(id);
        if (element) {
            element.remove();
        }
    }

    function scrollToBottom() {
        messagesContainer.scrollTop = messagesContainer.scrollHeight;
    }
});
&lt;/script&gt;

    &lt;/body&gt;
&lt;/html&gt;

C:\Users\sliti\Desktop\dev\esprit-PIDEV-3A16-2526-FARMIA\vendor\symfony\framework-bundle\Test\BrowserKitAssertionsTrait.php:150
C:\Users\sliti\Desktop\dev\esprit-PIDEV-3A16-2526-FARMIA\vendor\symfony\framework-bundle\Test\BrowserKitAssertionsTrait.php:64
C:\Users\sliti\Desktop\dev\esprit-PIDEV-3A16-2526-FARMIA\tests\Functional\Controller\AnalyseControllerTest.php:94
C:\Users\sliti\Desktop\dev\esprit-PIDEV-3A16-2526-FARMIA\vendor\phpunit\phpunit\phpunit:107</failure>
        </testcase>
        <testcase name="testCanDeleteAnalyse" class="App\Tests\Functional\Controller\AnalyseControllerTest" classname="App.Tests.Functional.Controller.AnalyseControllerTest" file="C:\Users\sliti\Desktop\dev\esprit-PIDEV-3A16-2526-FARMIA\tests\Functional\Controller\AnalyseControllerTest.php" line="97" assertions="2" time="0.213224">
          <failure type="PHPUnit\Framework\ExpectationFailedException">App\Tests\Functional\Controller\AnalyseControllerTest::testCanDeleteAnalyse
Failed asserting that Symfony\Component\HttpFoundation\RedirectResponse Object &amp;0000000000002fa60000000000000000 (
    'headers' =&gt; Symfony\Component\HttpFoundation\ResponseHeaderBag Object &amp;0000000000000b040000000000000000 (
        'headers' =&gt; Array &amp;0 (
            'cache-control' =&gt; Array &amp;1 (
                0 =&gt; 'max-age=0, must-revalidate, private'
            )
            'date' =&gt; Array &amp;2 (
                0 =&gt; 'Sat, 25 Apr 2026 11:54:06 GMT'
            )
            'location' =&gt; Array &amp;3 (
                0 =&gt; '/analyse'
            )
            'content-type' =&gt; Array &amp;4 (
                0 =&gt; 'text/html; charset=utf-8'
            )
            'x-robots-tag' =&gt; Array &amp;5 (
                0 =&gt; 'noindex'
            )
            'expires' =&gt; Array &amp;6 (
                0 =&gt; 'Sat, 25 Apr 2026 11:54:06 GMT'
            )
        )
        'cacheControl' =&gt; Array &amp;7 (
            'max-age' =&gt; '0'
            'must-revalidate' =&gt; true
            'private' =&gt; true
        )
        'computedCacheControl' =&gt; Array &amp;8 (
            'max-age' =&gt; '0'
            'must-revalidate' =&gt; true
            'private' =&gt; true
        )
        'cookies' =&gt; Array &amp;9 ()
        'headerNames' =&gt; Array &amp;10 (
            'cache-control' =&gt; 'Cache-Control'
            'date' =&gt; 'Date'
            'location' =&gt; 'Location'
            'content-type' =&gt; 'Content-Type'
            'x-robots-tag' =&gt; 'X-Robots-Tag'
            'expires' =&gt; 'Expires'
        )
    )
    'content' =&gt; '&lt;!DOCTYPE html&gt;\n
&lt;html&gt;\n
    &lt;head&gt;\n
        &lt;meta charset="UTF-8" /&gt;\n
        &lt;meta http-equiv="refresh" content="0;url='/analyse'" /&gt;\n
\n
        &lt;title&gt;Redirecting to /analyse&lt;/title&gt;\n
    &lt;/head&gt;\n
    &lt;body&gt;\n
        Redirecting to &lt;a href="/analyse"&gt;/analyse&lt;/a&gt;.\n
    &lt;/body&gt;\n
&lt;/html&gt;'
    'version' =&gt; '1.1'
    'statusCode' =&gt; 302
    'statusText' =&gt; 'Found'
    'charset' =&gt; 'UTF-8'
    'targetUrl' =&gt; '/analyse'
) is redirected and has header "Location" matching "/analyse/".

C:\Users\sliti\Desktop\dev\esprit-PIDEV-3A16-2526-FARMIA\vendor\symfony\framework-bundle\Test\BrowserKitAssertionsTrait.php:150
C:\Users\sliti\Desktop\dev\esprit-PIDEV-3A16-2526-FARMIA\vendor\symfony\framework-bundle\Test\BrowserKitAssertionsTrait.php:64
C:\Users\sliti\Desktop\dev\esprit-PIDEV-3A16-2526-FARMIA\tests\Functional\Controller\AnalyseControllerTest.php:106
C:\Users\sliti\Desktop\dev\esprit-PIDEV-3A16-2526-FARMIA\vendor\phpunit\phpunit\phpunit:107</failure>
        </testcase>
        <testcase name="testUnauthenticatedRedirect" class="App\Tests\Functional\Controller\AnalyseControllerTest" classname="App.Tests.Functional.Controller.AnalyseControllerTest" file="C:\Users\sliti\Desktop\dev\esprit-PIDEV-3A16-2526-FARMIA\tests\Functional\Controller\AnalyseControllerTest.php" line="109" assertions="1" time="0.187032"/>
      </testsuite>
      <testsuite name="App\Tests\Functional\Controller\AnimalControllerTest" file="C:\Users\sliti\Desktop\dev\esprit-PIDEV-3A16-2526-FARMIA\tests\Functional\Controller\AnimalControllerTest.php" tests="8" assertions="16" errors="0" warnings="0" failures="2" skipped="0" time="1.740436">
        <testcase name="testIndexPageLoads" class="App\Tests\Functional\Controller\AnimalControllerTest" classname="App.Tests.Functional.Controller.AnimalControllerTest" file="C:\Users\sliti\Desktop\dev\esprit-PIDEV-3A16-2526-FARMIA\tests\Functional\Controller\AnimalControllerTest.php" line="23" assertions="2" time="0.164021"/>
        <testcase name="testCanCreateAnimalWithValidData" class="App\Tests\Functional\Controller\AnimalControllerTest" classname="App.Tests.Functional.Controller.AnimalControllerTest" file="C:\Users\sliti\Desktop\dev\esprit-PIDEV-3A16-2526-FARMIA\tests\Functional\Controller\AnimalControllerTest.php" line="34" assertions="4" time="0.196976"/>
        <testcase name="testCreateAnimalWithInvalidDataShowsErrors" class="App\Tests\Functional\Controller\AnimalControllerTest" classname="App.Tests.Functional.Controller.AnimalControllerTest" file="C:\Users\sliti\Desktop\dev\esprit-PIDEV-3A16-2526-FARMIA\tests\Functional\Controller\AnimalControllerTest.php" line="58" assertions="1" time="0.197871"/>
        <testcase name="testEditPageLoads" class="App\Tests\Functional\Controller\AnimalControllerTest" classname="App.Tests.Functional.Controller.AnimalControllerTest" file="C:\Users\sliti\Desktop\dev\esprit-PIDEV-3A16-2526-FARMIA\tests\Functional\Controller\AnimalControllerTest.php" line="74" assertions="1" time="0.210810"/>
        <testcase name="testCanUpdateAnimal" class="App\Tests\Functional\Controller\AnimalControllerTest" classname="App.Tests.Functional.Controller.AnimalControllerTest" file="C:\Users\sliti\Desktop\dev\esprit-PIDEV-3A16-2526-FARMIA\tests\Functional\Controller\AnimalControllerTest.php" line="88" assertions="2" time="0.208131">
          <failure type="PHPUnit\Framework\ExpectationFailedException">App\Tests\Functional\Controller\AnimalControllerTest::testCanUpdateAnimal
Failed asserting that Symfony\Component\HttpFoundation\Response Object &amp;00000000000007710000000000000000 (
    'headers' =&gt; Symfony\Component\HttpFoundation\ResponseHeaderBag Object &amp;0000000000000d2f0000000000000000 (
        'headers' =&gt; Array &amp;0 (
            'cache-control' =&gt; Array &amp;1 (
                0 =&gt; 'max-age=0, must-revalidate, private'
            )
            'date' =&gt; Array &amp;2 (
                0 =&gt; 'Sat, 25 Apr 2026 11:54:07 GMT'
            )
            'content-type' =&gt; Array &amp;3 (
                0 =&gt; 'text/html; charset=UTF-8'
            )
            'x-robots-tag' =&gt; Array &amp;4 (
                0 =&gt; 'noindex'
            )
            'expires' =&gt; Array &amp;5 (
                0 =&gt; 'Sat, 25 Apr 2026 11:54:07 GMT'
            )
        )
        'cacheControl' =&gt; Array &amp;6 (
            'max-age' =&gt; '0'
            'must-revalidate' =&gt; true
            'private' =&gt; true
        )
        'computedCacheControl' =&gt; Array &amp;7 (
            'max-age' =&gt; '0'
            'must-revalidate' =&gt; true
            'private' =&gt; true
        )
        'cookies' =&gt; Array &amp;8 ()
        'headerNames' =&gt; Array &amp;9 (
            'cache-control' =&gt; 'Cache-Control'
            'date' =&gt; 'Date'
            'content-type' =&gt; 'Content-Type'
            'x-robots-tag' =&gt; 'X-Robots-Tag'
            'expires' =&gt; 'Expires'
        )
    )
    'content' =&gt; '&lt;!DOCTYPE html&gt;\n
&lt;html lang="fr"&gt;\n
&lt;head&gt;\n
    &lt;meta charset="UTF-8"&gt;\n
    &lt;meta name="viewport" content="width=device-width, initial-scale=1.0"&gt;\n
    &lt;title&gt;Gestion du Bétail - FarmAI&lt;/title&gt;\n
    &lt;link rel="stylesheet" href="https://cdnjs.cloudflare.com/ajax/libs/font-awesome/6.4.0/css/all.min.css"&gt;\n
    &lt;link rel="stylesheet" href="/assets/css/dashboard.css"&gt;\n
    &lt;link rel="stylesheet" href="/assets/css/profile_modal.css"&gt;\n
    \n
    &lt;style&gt;\n
        /* --- PERSISTANCE ET NETTOYAGE GOOGLE --- */\n
        .goog-te-banner-frame.skiptranslate { display: none !important; }\n
        body { top: 0px !important; }\n
\n
        /* --- STYLE DU BOUTON FLOTTANT (TOUJOURS PRÉSENT) --- */\n
        .translate-floating-btn {\n
            position: fixed;\n
            bottom: 25px;\n
            right: 25px;\n
            z-index: 9999;\n
            background: #10b981; /* Vert FarmAI */\n
            color: white;\n
            padding: 12px;\n
            border-radius: 50px;\n
            box-shadow: 0 4px 15px rgba(0,0,0,0.2);\n
            display: flex;\n
            align-items: center;\n
            cursor: pointer;\n
            transition: all 0.3s ease;\n
            border: 2px solid white;\n
        }\n
\n
        .translate-floating-btn:hover {\n
            transform: scale(1.05);\n
            background: #059669;\n
        }\n
\n
        .translate-floating-btn i {\n
            font-size: 1.4rem;\n
            margin-right: 8px;\n
        }\n
\n
        /* Masquer le texte par défaut de Google et ne garder que le sélecteur */\n
        #google_translate_element {\n
            display: inline-block;\n
        }\n
\n
        .goog-te-gadget-simple {\n
            background-color: transparent !important;\n
            border: none !important;\n
            padding: 0 !important;\n
            font-family: 'Inter', sans-serif !important;\n
        }\n
\n
        .goog-te-menu-value span {\n
            color: white !important; /* Texte en blanc sur le bouton vert */\n
            font-weight: 600 !important;\n
            font-size: 0.85rem !important;\n
            text-transform: uppercase;\n
        }\n
\n
        .goog-te-gadget-icon { display: none !important; }\n
    &lt;/style&gt;\n
&lt;/head&gt;\n
&lt;body&gt;\n
    &lt;aside class="sidebar"&gt;\n
        &lt;div class="profile-card" onclick="openProfileModal()" style="cursor: pointer;"&gt;\n
            &lt;div class="profile-img-wrapper" style="overflow: hidden; border-radius: 50%;"&gt;\n
                ﻿\n
        \n
    &lt;div class="" style="background-color: #f59e0b; border-radius: 50%; color: white; display: flex; align-items: center; justify-content: center; font-weight: 700; text-transform: uppercase; flex-shrink: 0; line-height: 1; mso-line-height-rule: exactly; width:100%;height:100%;font-size:1.2rem;"&gt;\n
        UT\n
    &lt;/div&gt;\n
            &lt;/div&gt;\n
            &lt;i class="fa-solid fa-ellipsis profile-ellipsis"&gt;&lt;/i&gt;\n
            &lt;div class="profile-info"&gt;\n
                &lt;div class="profile-name"&gt;User Test&lt;/div&gt;\n
                &lt;div class="profile-role"&gt;Agricole&lt;/div&gt;\n
            &lt;/div&gt;\n
        &lt;/div&gt;\n
\n
        \n
        &lt;ul class="nav-menu"&gt;\n
            &lt;li class="nav-item"&gt;\n
                &lt;a href="/agricole/dashboard" class=""&gt;\n
                    &lt;i class="fa-solid fa-house"&gt;&lt;/i&gt;\n
                    &lt;span&gt;Tableau de bord&lt;/span&gt;\n
                &lt;/a&gt;\n
            &lt;/li&gt;\n
            &lt;li class="nav-item"&gt;\n
                &lt;a href="#" onclick="openProfileModal(); return false;"&gt;\n
                    &lt;i class="fa-solid fa-user"&gt;&lt;/i&gt;\n
                    &lt;span&gt;Mon Profil&lt;/span&gt;\n
                &lt;/a&gt;\n
            &lt;/li&gt;\n
            &lt;li class="nav-item"&gt;\n
                &lt;a href="/exploitation" class=""&gt;\n
                    &lt;i class="fa-solid fa-tractor"&gt;&lt;/i&gt;\n
                    &lt;span&gt;Mon Exploitation&lt;/span&gt;\n
                &lt;/a&gt;\n
            &lt;/li&gt;\n
            &lt;li class="nav-item"&gt;\n
                &lt;a href="#"&gt;\n
                    &lt;i class="fa-solid fa-lightbulb"&gt;&lt;/i&gt;\n
                    &lt;span&gt;Recommandations&lt;/span&gt;\n
                &lt;/a&gt;\n
            &lt;/li&gt;\n
        &lt;/ul&gt;\n
\n
        &lt;div class="logout-container"&gt;\n
            &lt;a href="/logout"&gt;\n
                &lt;i class="fa-solid fa-arrow-right-from-bracket"&gt;&lt;/i&gt;\n
                &lt;span&gt;Déconnexion&lt;/span&gt;\n
            &lt;/a&gt;\n
        &lt;/div&gt;\n
    &lt;/aside&gt;\n
\n
    &lt;main class="main-content"&gt;\n
        &lt;header class="topbar"&gt;\n
            &lt;div class="brand-title"&gt;FarmAI Platform&lt;/div&gt;\n
            &lt;div class="topbar-right"&gt;\n
                &lt;div class="topbar-avatar" style="display: flex; align-items: center; justify-content: center; cursor: pointer; overflow: hidden; border-radius: 50%;" onclick="openProfileModal()"&gt;\n
                    ﻿\n
        \n
    &lt;div class="" style="background-color: #f59e0b; border-radius: 50%; color: white; display: flex; align-items: center; justify-content: center; font-weight: 700; text-transform: uppercase; flex-shrink: 0; line-height: 1; mso-line-height-rule: exactly; width:100%;height:100%;font-size:1rem;"&gt;\n
        UT\n
    &lt;/div&gt;\n
                &lt;/div&gt;\n
            &lt;/div&gt;\n
        &lt;/header&gt;\n
\n
        &lt;div style="background-color: #f8fafc; min-height: 100vh; padding: 20px; font-family: 'Plus Jakarta Sans', sans-serif;"&gt;\n
    \n
        &lt;div style="display: grid; grid-template-columns: repeat(auto-fit, minmax(240px, 1fr)); gap: 20px; margin-bottom: 30px;"&gt;\n
        \n
                &lt;div style="background: white; padding: 20px; border-radius: 15px; border-left: 5px solid #2d7a36; box-shadow: 0 4px 6px rgba(0,0,0,0.05); display: flex; align-items: center; gap: 15px;"&gt;\n
            &lt;div style="background: #f0fdf4; padding: 12px; border-radius: 12px; color: #2d7a36;"&gt;\n
                &lt;i class="fa-solid fa-cow fa-2x"&gt;&lt;/i&gt;\n
            &lt;/div&gt;\n
            &lt;div&gt;\n
                &lt;div style="color: #64748b; font-size: 0.8rem; font-weight: 700; text-transform: uppercase;"&gt;Total Bétail&lt;/div&gt;\n
                &lt;div style="font-size: 1.5rem; font-weight: 800; color: #1e293b;"&gt;1&lt;/div&gt;\n
            &lt;/div&gt;\n
        &lt;/div&gt;\n
\n
                                &lt;div style="background: white; padding: 20px; border-radius: 15px; border-left: 5px solid #dc2626; box-shadow: 0 4px 6px rgba(0,0,0,0.05); display: flex; align-items: center; gap: 15px;"&gt;\n
            &lt;div style="background: #fef2f2; padding: 12px; border-radius: 12px; color: #dc2626;"&gt;\n
                &lt;i class="fa-solid fa-circle-exclamation fa-2x"&gt;&lt;/i&gt;\n
            &lt;/div&gt;\n
            &lt;div&gt;\n
                &lt;div style="color: #64748b; font-size: 0.8rem; font-weight: 700; text-transform: uppercase;"&gt;Suivi Santé&lt;/div&gt;\n
                &lt;div style="font-size: 1.5rem; font-weight: 800; color: #dc2626;"&gt;1 Alertes&lt;/div&gt;\n
            &lt;/div&gt;\n
        &lt;/div&gt;\n
\n
                                &lt;div style="background: white; padding: 20px; border-radius: 15px; border-left: 5px solid #3b82f6; box-shadow: 0 4px 6px rgba(0,0,0,0.05); display: flex; align-items: center; gap: 15px;"&gt;\n
            &lt;div style="background: #eff6ff; padding: 12px; border-radius: 12px; color: #3b82f6;"&gt;\n
                &lt;i class="fa-solid fa-dna fa-2x"&gt;&lt;/i&gt;\n
            &lt;/div&gt;\n
            &lt;div&gt;\n
                &lt;div style="color: #64748b; font-size: 0.8rem; font-weight: 700; text-transform: uppercase;"&gt;Biodiversité&lt;/div&gt;\n
                &lt;div style="font-size: 1.5rem; font-weight: 800; color: #1e293b;"&gt;1 Espèces&lt;/div&gt;\n
            &lt;/div&gt;\n
        &lt;/div&gt;\n
    &lt;/div&gt;\n
\n
        &lt;div style="margin-bottom: 30px; display: flex; justify-content: space-between; align-items: center; flex-wrap: wrap; gap: 20px;"&gt;\n
        &lt;div&gt;\n
            &lt;h1 style="color: #1e293b; font-size: 2rem; font-weight: 800; margin: 0;"&gt;Gestion du Bétail&lt;/h1&gt;\n
            &lt;p style="color: #64748b; margin: 5px 0 0 0;"&gt;Inventaire précis et monitoring de santé.&lt;/p&gt;\n
        &lt;/div&gt;\n
\n
        &lt;div style="display: flex; align-items: center; gap: 15px;"&gt;\n
            &lt;form action="/animal/" method="GET" style="display: flex; align-items: center; background: white; padding: 5px 15px; border-radius: 12px; box-shadow: 0 2px 4px rgba(0,0,0,0.05); border: 1px solid #e2e8f0;"&gt;\n
                &lt;input type="text" name="search" value="" placeholder="Rechercher..." style="border: none; outline: none; padding: 8px; width: 150px; font-size: 0.9rem;"&gt;\n
                &lt;button type="submit" style="background: none; border: none; color: #64748b; cursor: pointer;"&gt;&lt;i class="fa-solid fa-magnifying-glass"&gt;&lt;/i&gt;&lt;/button&gt;\n
            &lt;/form&gt;\n
\n
            &lt;a href="/animal/pdf" target="_blank" style="background-color: #dc2626; color: white; text-decoration: none; padding: 10px 18px; border-radius: 12px; display: flex; align-items: center; gap: 8px; font-weight: 700; font-size: 0.9rem; box-shadow: 0 4px 6px rgba(220, 38, 38, 0.2);"&gt;\n
                &lt;i class="fa-solid fa-file-pdf"&gt;&lt;/i&gt; Génerer PDF\n
            &lt;/a&gt;\n
            \n
            &lt;a href="/exploitation" style="text-decoration: none; color: #2d7a36; font-weight: 700; display: flex; align-items: center; gap: 8px; padding: 10px 18px; background: #f0fdf4; border-radius: 12px; border: 1.5px solid #bbf7d0; font-size: 0.9rem;"&gt;\n
                &lt;i class="fa-solid fa-arrow-left"&gt;&lt;/i&gt; Retour menu\n
            &lt;/a&gt;\n
        &lt;/div&gt;\n
    &lt;/div&gt;\n
\n
    &lt;div style="display: flex; gap: 30px; align-items: flex-start;"&gt;\n
        \n
                &lt;div style="flex: 0 0 380px; background: white; border-radius: 20px; padding: 25px; box-shadow: 0 4px 6px rgba(0,0,0,0.05); border: 1px solid #f1f5f9; position: sticky; top: 20px;"&gt;\n
            &lt;h2 style="color: #1e293b; font-size: 1.25rem; font-weight: 700; margin-bottom: 25px; display: flex; align-items: center; gap: 10px;"&gt;\n
                &lt;i class="fa-solid fa-pen-to-square" style="color: #2d7a36;"&gt;&lt;/i&gt;\n
                Modifier l'animal\n
            &lt;/h2&gt;\n
            \n
                        \n
            &lt;form action="/animal/1/update" method="POST" novalidate&gt;\n
                &lt;div style="margin-bottom: 18px;"&gt;\n
                    &lt;label style="display: block; font-weight: 600; margin-bottom: 8px; color: #475569; font-size: 0.85rem;"&gt;Espèce / Race&lt;/label&gt;\n
                    &lt;input type="text" name="espece" value="Updated Species" placeholder="Ex: Bovin" style="width: 100%; padding: 12px; border: 1px solid #e2e8f0; border-radius: 10px; outline-color: #2d7a36;"&gt;\n
                                    &lt;/div&gt;\n
\n
                &lt;div style="margin-bottom: 18px;"&gt;\n
                    &lt;label style="display: block; font-weight: 600; margin-bottom: 8px; color: #475569; font-size: 0.85rem;"&gt;État de Santé&lt;/label&gt;\n
                    &lt;input type="text" name="etat_sante" value="Malade" placeholder="Ex: Excellente" style="width: 100%; padding: 12px; border: 1px solid #e2e8f0; border-radius: 10px; outline-color: #2d7a36;"&gt;\n
                                    &lt;/div&gt;\n
\n
                &lt;div style="margin-bottom: 18px;"&gt;\n
                    &lt;label style="display: block; font-weight: 600; margin-bottom: 8px; color: #475569; font-size: 0.85rem;"&gt;Date de Naissance&lt;/label&gt;\n
                    &lt;input type="date" name="date_naissance" value="2019-05-20" style="width: 100%; padding: 12px; border: 1px solid #e2e8f0; border-radius: 10px; outline-color: #2d7a36;"&gt;\n
                                    &lt;/div&gt;\n
\n
                &lt;div style="margin-bottom: 25px;"&gt;\n
                    &lt;label style="display: block; font-weight: 600; margin-bottom: 8px; color: #475569; font-size: 0.85rem;"&gt;Affectation à une Ferme&lt;/label&gt;\n
                    &lt;select name="id_ferme" style="width: 100%; padding: 12px; border: 1px solid #e2e8f0; border-radius: 10px; background-color: white; outline-color: #2d7a36;"&gt;\n
                        &lt;option value=""&gt;Choisir une ferme...&lt;/option&gt;\n
                                                    &lt;option value="1" &gt;\n
                                Test Farm\n
                            &lt;/option&gt;\n
                                            &lt;/select&gt;\n
                                    &lt;/div&gt;\n
\n
                &lt;button type="submit" style="width: 100%; background: #2d7a36; color: white; border: none; padding: 14px; border-radius: 12px; font-weight: 700; cursor: pointer; font-size: 1rem;"&gt;\n
                    Mettre à jour l'animal\n
                &lt;/button&gt;\n
\n
                                    &lt;a href="/animal/" style="display: block; text-align: center; margin-top: 15px; color: #64748b; text-decoration: none; font-size: 0.9rem;"&gt;Annuler la modification&lt;/a&gt;\n
                            &lt;/form&gt;\n
        &lt;/div&gt;\n
\n
                &lt;div style="flex: 1;"&gt;\n
            &lt;div style="background: white; border-radius: 20px; overflow: hidden; box-shadow: 0 4px 6px rgba(0,0,0,0.05); border: 1px solid #f1f5f9;"&gt;\n
                &lt;table style="width: 100%; border-collapse: collapse; text-align: left;"&gt;\n
                    &lt;thead&gt;\n
                        &lt;tr style="background: #f8fafc; border-bottom: 2px solid #e2e8f0;"&gt;\n
                            &lt;th style="padding: 18px; color: #64748b; font-size: 0.9rem;"&gt;Espèce&lt;/th&gt;\n
                            &lt;th style="padding: 18px; color: #64748b; font-size: 0.9rem;"&gt;Santé&lt;/th&gt;\n
                            &lt;th style="padding: 18px; color: #64748b; font-size: 0.9rem;"&gt;Naissance&lt;/th&gt;\n
                            &lt;th style="padding: 18px; color: #64748b; font-size: 0.9rem;"&gt;Ferme&lt;/th&gt;\n
                            &lt;th style="padding: 18px; color: #64748b; font-size: 0.9rem; width: 200px;"&gt;Actions&lt;/th&gt;\n
                        &lt;/tr&gt;\n
                    &lt;/thead&gt;\n
                    &lt;tbody&gt;\n
                                                    &lt;tr style="border-bottom: 1px solid #f1f5f9;"&gt;\n
                                &lt;td style="padding: 18px; vertical-align: middle;"&gt;\n
                                    &lt;div style="font-weight: 700; color: #1e293b;"&gt;Updated Species&lt;/div&gt;\n
                                &lt;/td&gt;\n
                                \n
                                &lt;td style="padding: 18px; vertical-align: middle;"&gt;\n
                                                                        \n
                                                                            &lt;a href="/animal/1/consultation" title="Consulter l'IA Vétérinaire" style="text-decoration: none; display: inline-flex;"&gt;\n
                                            &lt;span style="padding: 6px 12px; background: #fef2f2; color: #dc2626; border-radius: 20px; font-size: 0.75rem; font-weight: 700; border: 1px solid #fecaca; display: inline-flex; align-items: center; gap: 6px; transition: 0.3s;"&gt;\n
                                                &lt;i class="fa-solid fa-robot"&gt;&lt;/i&gt; Malade\n
                                            &lt;/span&gt;\n
                                        &lt;/a&gt;\n
                                                                    &lt;/td&gt;\n
\n
                                &lt;td style="padding: 18px; vertical-align: middle; color: #475569;"&gt;\n
                                    20/05/2019\n
                                &lt;/td&gt;\n
\n
                                &lt;td style="padding: 18px; vertical-align: middle;"&gt;\n
                                    &lt;span style="color: #2d7a36; font-weight: 700; display: flex; align-items: center; gap: 5px;"&gt;\n
                                        &lt;i class="fa-solid fa-location-dot" style="font-size: 0.8rem;"&gt;&lt;/i&gt;\n
                                        Non affecté\n
                                    &lt;/span&gt;\n
                                &lt;/td&gt;\n
\n
                                &lt;td style="padding: 18px; vertical-align: middle;"&gt;\n
                                    &lt;div style="display: flex; gap: 8px; align-items: center; justify-content: flex-start;"&gt;\n
                                        \n
                                        \n
                                                                                &lt;a href="/animal/1/carnet" \n
                                           style="width: 36px; height: 36px; display: flex; align-items: center; justify-content: center; border-radius: 10px; text-decoration: none; transition: 0.2s; flex-shrink: 0; font-size: 0.9rem; color: #4b5563; background: #f3f4f6; border: 1px solid #e5e7eb;" \n
                                           title="Carnet de santé"&gt;\n
                                            &lt;i class="fa-solid fa-book-medical"&gt;&lt;/i&gt;\n
                                        &lt;/a&gt;\n
\n
                                        &lt;div style="width: 36px;"&gt;\n
                                                                                            &lt;a href="/animal/1/map" \n
                                                   target="_blank" \n
                                                   style="width: 36px; height: 36px; display: flex; align-items: center; justify-content: center; border-radius: 10px; text-decoration: none; transition: 0.2s; flex-shrink: 0; font-size: 0.9rem; color: #3b82f6; background: #eff6ff; border: 1px solid #bfdbfe;" \n
                                                   title="Vétérinaires proches"&gt;\n
                                                     &lt;i class="fa-solid fa-location-dot"&gt;&lt;/i&gt;\n
                                                &lt;/a&gt;\n
                                                                                    &lt;/div&gt;\n
\n
                                        &lt;a href="/animal/1/edit" \n
                                           style="width: 36px; height: 36px; display: flex; align-items: center; justify-content: center; border-radius: 10px; text-decoration: none; transition: 0.2s; flex-shrink: 0; font-size: 0.9rem; color: #2d7a36; background: #f0fdf4; border: 1px solid #bbf7d0;"\n
                                           title="Modifier"&gt;\n
                                             &lt;i class="fa-solid fa-pen"&gt;&lt;/i&gt;\n
                                        &lt;/a&gt;\n
\n
                                        &lt;form method="post" action="/animal/delete/1" onsubmit="return confirm('Supprimer cet animal ?');" style="margin: 0;"&gt;\n
                                            &lt;input type="hidden" name="_token" value="43f5fa58017c0c862d6b0ecc434.uiId6B_n_E2vnu90TYih-zX6atJ351CkSvQOT3Ct-J8.0WhcsWyDzHqe7rsjf9nFrV28XZAPhWDgJqtfIzTHs_v7VnHda9bECvj_nA"&gt;\n
                                            &lt;button type="submit" style="width: 36px; height: 36px; display: flex; align-items: center; justify-content: center; border-radius: 10px; text-decoration: none; transition: 0.2s; flex-shrink: 0; font-size: 0.9rem; color: #dc2626; background: #fef2f2; border: 1px solid #fecaca; cursor: pointer;"&gt;\n
                                                &lt;i class="fa-solid fa-trash"&gt;&lt;/i&gt;\n
                                            &lt;/button&gt;\n
                                        &lt;/form&gt;\n
                                    &lt;/div&gt;\n
                                &lt;/td&gt;\n
                            &lt;/tr&gt;\n
                                            &lt;/tbody&gt;\n
                &lt;/table&gt;\n
            &lt;/div&gt;\n
        &lt;/div&gt;\n
    &lt;/div&gt;\n
&lt;/div&gt;\n
    &lt;/main&gt;\n
\n
    &lt;div class="translate-floating-btn"&gt;\n
        &lt;i class="fa-solid fa-language"&gt;&lt;/i&gt;\n
        &lt;div id="google_translate_element"&gt;&lt;/div&gt;\n
    &lt;/div&gt;\n
\n
    &lt;!-- Profile Modal Component --&gt;\n
&lt;div class="profile-modal-overlay" id="profileModal" style="display: none;"&gt;\n
    &lt;div class="profile-modal"&gt;\n
        &lt;div class="profile-modal-header"&gt;\n
            &lt;h3 style="margin: 0; color: white;"&gt;Informations de l'utilisateur&lt;/h3&gt;\n
            &lt;button type="button" class="close-modal-btn" onclick="closeProfileModal()"&gt;&amp;times;&lt;/button&gt;\n
        &lt;/div&gt;\n
        \n
        &lt;form id="profileUpdateForm" enctype="multipart/form-data" novalidate="novalidate"&gt;\n
            &lt;div class="profile-modal-body"&gt;\n
                &lt;!-- Colonne Gauche : Avatar --&gt;\n
                &lt;div class="profile-avatar-section"&gt;\n
                    &lt;div class="profile-avatar-preview" id="avatarPreviewContainer"&gt;\n
                        &lt;div id="currentAvatarWrapper" style="width: 100%; height: 100%;"&gt;\n
                            ﻿\n
        \n
    &lt;div class="" style="background-color: #f59e0b; border-radius: 50%; color: white; display: flex; align-items: center; justify-content: center; font-weight: 700; text-transform: uppercase; flex-shrink: 0; line-height: 1; mso-line-height-rule: exactly; width:100%;height:100%;font-size:2rem;"&gt;\n
        UT\n
    &lt;/div&gt;\n
                        &lt;/div&gt;\n
                        &lt;img src="#" id="avatarPreview" alt="Avatar" style="display: none; width: 100%; height: 100%; object-fit: cover; border-radius: 50%;"&gt;\n
                    &lt;/div&gt;\n
                    &lt;label class="btn-outline-green btn-file-upload" style="cursor: pointer; padding: 6px 14px; border-radius: 6px; border: 1px solid var(--primary-green); color: var(--primary-green); white-space: nowrap; font-size: 0.85rem; margin-top: 8px;"&gt;\n
                        Choisir Photo &lt;input type="file" name="photo" accept="image/*" style="display: none;" onchange="previewImage(event)"&gt;\n
                    &lt;/label&gt;\n
                                        &lt;div style="margin-top: 12px; width: 100%; background: rgba(0,0,0,0.03); padding: 12px; border-radius: 10px; border: 1px dashed #ddd; text-align: center;"&gt;\n
                        &lt;h4 style="margin: 0 0 8px 0; font-size: 0.8rem; color: #64748b; text-transform: uppercase; letter-spacing: 0.5px;"&gt;Biométrie&lt;/h4&gt;\n
                                                    &lt;button type="button" class="btn btn-outline-green" style="width: 100%; border: 1px solid var(--accent-green); color: var(--accent-green); padding: 6px; border-radius: 6px; cursor: pointer; font-size: 0.8rem; display: flex; align-items: center; justify-content: center; gap: 6px;" onclick="openFaceRegistrationModal(); closeProfileModal();"&gt;\n
                                &lt;i class="fas fa-camera"&gt;&lt;/i&gt; Activer Login Facial\n
                            &lt;/button&gt;\n
                                            &lt;/div&gt;\n
                                    &lt;/div&gt;\n
                \n
                &lt;!-- Right column: Form fields --&gt;\n
                &lt;div class="profile-form-section"&gt;\n
                    \n
                                        &lt;div id="profileErrors" style="display: none; margin-bottom: 12px; background: rgba(239,68,68,0.08); border-left: 3px solid #ef4444; border-radius: 6px; padding: 10px 14px; color: #b91c1c; font-size: 0.88rem;"&gt;\n
                        &lt;i class="fas fa-exclamation-circle"&gt;&lt;/i&gt;\n
                        &lt;span id="profileErrorsList"&gt;&lt;/span&gt;\n
                    &lt;/div&gt;\n
\n
                    &lt;div class="form-row"&gt;\n
                        &lt;label&gt;Nom:&lt;/label&gt;\n
                        &lt;input type="text" name="nom" id="pf-nom" class="profile-input" value="Test"&gt;\n
                        &lt;div class="pf-field-error" id="err-nom"&gt;&lt;/div&gt;\n
                    &lt;/div&gt;\n
                    \n
                    &lt;div class="form-row"&gt;\n
                        &lt;label&gt;Prénom:&lt;/label&gt;\n
                        &lt;input type="text" name="prenom" id="pf-prenom" class="profile-input" value="User"&gt;\n
                        &lt;div class="pf-field-error" id="err-prenom"&gt;&lt;/div&gt;\n
                    &lt;/div&gt;\n
                    \n
                    &lt;div class="form-row"&gt;\n
                        &lt;label&gt;Email:&lt;/label&gt;\n
                        &lt;input type="email" name="email" id="pf-email" class="profile-input" value="test_69ecab5f5c602@farmia.test"&gt;\n
                        &lt;div class="pf-field-error" id="err-email"&gt;&lt;/div&gt;\n
                    &lt;/div&gt;\n
                    \n
                    &lt;div class="form-row"&gt;\n
                        &lt;label&gt;CIN:&lt;/label&gt;\n
                        &lt;input type="text" name="cin" id="pf-cin" class="profile-input" value="69ecab5f5c606"&gt;\n
                        &lt;div class="pf-field-error" id="err-cin"&gt;&lt;/div&gt;\n
                    &lt;/div&gt;\n
                    \n
                    &lt;div class="form-row"&gt;\n
                        &lt;label&gt;Téléphone:&lt;/label&gt;\n
                        &lt;input type="text" name="telephone" id="pf-telephone" class="profile-input" value="12345678"&gt;\n
                        &lt;div class="pf-field-error" id="err-telephone"&gt;&lt;/div&gt;\n
                    &lt;/div&gt;\n
                    \n
                    &lt;div class="form-row"&gt;\n
                        &lt;label&gt;Adresse:&lt;/label&gt;\n
                        &lt;input type="text" name="adresse" id="pf-adresse" class="profile-input" value="123 Test Street"&gt;\n
                        &lt;div class="pf-field-error" id="err-adresse"&gt;&lt;/div&gt;\n
                    &lt;/div&gt;\n
                    \n
                    &lt;div class="form-row"&gt;\n
                        &lt;label&gt;Mot de passe:&lt;/label&gt;\n
                        &lt;input type="password" name="password" id="pf-password" class="profile-input" placeholder="Nouveau mot de passe (min. 6 caract.)"&gt;\n
                        &lt;div class="pf-field-error" id="err-password"&gt;&lt;/div&gt;\n
                    &lt;/div&gt;\n
                    \n
                    &lt;div class="form-row"&gt;\n
                        &lt;label&gt;Rôle:&lt;/label&gt;\n
                                                    &lt;select name="role" class="profile-input"&gt;\n
                                &lt;option value="ADMIN" selected&gt;ADMIN&lt;/option&gt;\n
                                &lt;option value="EXPERT" &gt;EXPERT&lt;/option&gt;\n
                                &lt;option value="AGRICOLE" &gt;AGRICOLE&lt;/option&gt;\n
                                &lt;option value="FOURNISSEUR" &gt;FOURNISSEUR&lt;/option&gt;\n
                            &lt;/select&gt;\n
                                            &lt;/div&gt;\n
                    \n
                    &lt;div class="pf-field-error" id="err-photo" style="margin-top: 6px;"&gt;&lt;/div&gt;\n
                &lt;/div&gt;\n
            &lt;/div&gt;\n
            \n
            &lt;div class="profile-modal-footer"&gt;\n
                &lt;button type="submit" class="btn btn-solid-blue" id="profileSubmitBtn"&gt;Enregistrer&lt;/button&gt;\n
                &lt;button type="button" class="btn btn-outline-gray" onclick="closeProfileModal()"&gt;Annuler&lt;/button&gt;\n
            &lt;/div&gt;\n
        &lt;/form&gt;\n
    &lt;/div&gt;\n
&lt;/div&gt;\n
\n
&lt;style&gt;\n
/* ── Profile Modal Responsive ─────────────────────────────────────── */\n
#profileModal .profile-modal {\n
    max-height: 92vh;\n
    display: flex;\n
    flex-direction: column;\n
    overflow: hidden;\n
}\n
#profileModal .profile-modal-body {\n
    overflow-y: auto;\n
    flex: 1;\n
    scrollbar-width: thin;\n
}\n
#profileModal .profile-avatar-section {\n
    flex-shrink: 0;\n
    min-width: 130px;\n
    max-width: 140px;\n
}\n
#profileModal .profile-avatar-preview {\n
    width: 100px !important;\n
    height: 100px !important;\n
    border-radius: 50% !important;\n
    overflow: hidden !important;\n
    display: flex !important;\n
    align-items: center;\n
    justify-content: center;\n
    background: #f1f5f9;\n
    flex-shrink: 0;\n
    border: 2px solid #e2e8f0;\n
}\n
#profileModal #avatarPreview {\n
    width: 100% !important;\n
    height: 100% !important;\n
    object-fit: cover !important;\n
    border-radius: 50%;\n
    display: block;\n
}\n
#profileModal .profile-form-section {\n
    flex: 1;\n
    min-width: 0;\n
    overflow: hidden;\n
}\n
/* Per-field error messages */\n
.pf-field-error {\n
    color: #ef4444;\n
    font-size: 0.78rem;\n
    font-weight: 500;\n
    min-height: 16px;\n
    line-height: 1.3;\n
    margin-top: 2px;\n
    padding-left: 2px;\n
    word-break: break-word;\n
}\n
.pf-field-error:empty {\n
    min-height: 0;\n
    margin: 0;\n
}\n
/* Input error state */\n
.pf-input-error {\n
    border-color: #ef4444 !important;\n
    box-shadow: 0 0 0 2px rgba(239,68,68,0.15) !important;\n
}\n
/* Responsive: stack on small screens */\n
@media (max-width: 580px) {\n
    #profileModal .profile-modal-body {\n
        flex-direction: column;\n
        align-items: center;\n
    }\n
    #profileModal .profile-avatar-section {\n
        max-width: 100%;\n
        flex-direction: row;\n
        justify-content: center;\n
        gap: 16px;\n
    }\n
}\n
&lt;/style&gt;\n
\n
&lt;script&gt;\n
    function openProfileModal() {\n
        document.getElementById('profileModal').style.display = 'flex';\n
    }\n
\n
    function closeProfileModal() {\n
        document.getElementById('profileModal').style.display = 'none';\n
    }\n
\n
    window.addEventListener('click', function(event) {\n
        var modal = document.getElementById('profileModal');\n
        if (event.target === modal) closeProfileModal();\n
    });\n
\n
    function previewImage(event) {\n
        var file = event.target.files[0];\n
        if (!file) return;\n
        var reader = new FileReader();\n
        reader.onload = function(e) {\n
            var output  = document.getElementById('avatarPreview');\n
            var wrapper = document.getElementById('currentAvatarWrapper');\n
            if (output)  { output.src = e.target.result; output.style.display = 'block'; }\n
            if (wrapper) { wrapper.style.display = 'none'; }\n
        };\n
        reader.readAsDataURL(file);\n
    }\n
\n
    function deleteFaceData() {\n
        fetch("/auth/face/delete", {\n
            method: 'POST',\n
            headers: { 'X-Requested-With': 'XMLHttpRequest' }\n
        })\n
        .then(r =&gt; r.json())\n
        .then(data =&gt; {\n
            if (data.success) window.location.reload();\n
            else alert(data.error || "Erreur lors de la suppression.");\n
        })\n
        .catch(err =&gt; alert("Erreur réseau : " + err.message));\n
    }\n
\n
    // ── Form submit ─────────────────────────────────────────────────────────\n
    document.addEventListener('DOMContentLoaded', function() {\n
        const form = document.getElementById('profileUpdateForm');\n
        if (!form) return;\n
\n
        form.addEventListener('submit', function(e) {\n
            e.preventDefault();\n
\n
            // Clear all errors\n
            document.querySelectorAll('.pf-field-error').forEach(el =&gt; el.textContent = '');\n
            document.querySelectorAll('.pf-input-error').forEach(el =&gt; el.classList.remove('pf-input-error'));\n
            const globalErrors = document.getElementById('profileErrors');\n
            globalErrors.style.display = 'none';\n
            document.getElementById('profileErrorsList').textContent = '';\n
\n
            const submitBtn = document.getElementById('profileSubmitBtn');\n
            const original  = submitBtn.innerHTML;\n
            submitBtn.innerHTML = '&lt;i class="fas fa-spinner fa-spin"&gt;&lt;/i&gt; Traitement...';\n
            submitBtn.disabled  = true;\n
\n
            fetch("/profile/update", {\n
                method: 'POST',\n
                headers: { 'X-Requested-With': 'XMLHttpRequest' },\n
                credentials: 'same-origin',\n
                body: new FormData(form)\n
            })\n
            .then(response =&gt; {\n
                if (response.status === 401) {\n
                    window.location.href = "/login";\n
                    return Promise.reject('logout');\n
                }\n
                return response.json().then(data =&gt; ({ status: response.status, body: data }));\n
            })\n
            .then(res =&gt; {\n
                submitBtn.innerHTML = original;\n
                submitBtn.disabled  = false;\n
\n
                if (res.status === 200 &amp;&amp; res.body?.success) {\n
                    window.location.reload();\n
                    return;\n
                }\n
\n
                const errs = res.body?.errors || {};\n
                let hasFieldError = false;\n
\n
                // errors is now a key-&gt;message dict\n
                if (typeof errs === 'object' &amp;&amp; !Array.isArray(errs)) {\n
                    Object.entries(errs).forEach(([field, msg]) =&gt; {\n
                        const errDiv = document.getElementById('err-' + field);\n
                        const input  = document.getElementById('pf-' + field)\n
                                    || form.querySelector('[name="' + field + '"]');\n
                        if (errDiv) { errDiv.textContent = msg; hasFieldError = true; }\n
                        if (input)  { input.classList.add('pf-input-error'); }\n
                    });\n
                }\n
\n
                if (!hasFieldError) {\n
                    // Fallback: show as list\n
                    const msgs = Array.isArray(errs) ? errs : Object.values(errs);\n
                    document.getElementById('profileErrorsList').textContent = msgs.join(' | ') || 'Erreur inconnue.';\n
                    globalErrors.style.display = 'block';\n
                }\n
\n
                // Scroll to top of body to reveal errors\n
                document.querySelector('#profileModal .profile-modal-body').scrollTop = 0;\n
            })\n
            .catch(err =&gt; {\n
                if (err === 'logout') return;\n
                submitBtn.innerHTML = original;\n
                submitBtn.disabled  = false;\n
                document.getElementById('profileErrorsList').textContent = 'Erreur réseau de communication avec le serveur.';\n
                document.getElementById('profileErrors').style.display = 'block';\n
            });\n
        });\n
    });\n
&lt;/script&gt;\n
\n
&lt;!-- Face registration modal --&gt;\n
&lt;!-- Face Registration Modal Component --&gt;\n
&lt;div class="profile-modal-overlay" id="faceRegistrationModal" style="display: none; z-index: 2000;"&gt;\n
    &lt;div class="profile-modal" style="max-width: 450px; text-align: center;"&gt;\n
        &lt;div class="profile-modal-header" style="background: var(--primary-green); padding: 15px; border-radius: 10px 10px 0 0; display: flex; justify-content: space-between; align-items: center;"&gt;\n
            &lt;h3 style="margin: 0; color: white; display: flex; align-items: center; gap: 10px;"&gt;&lt;i class="fas fa-camera"&gt;&lt;/i&gt; Enregistrement Facial&lt;/h3&gt;\n
            &lt;button type="button" class="close-modal-btn" onclick="closeFaceRegistrationModal()" style="background: none; border: none; color: white; font-size: 1.5rem; cursor: pointer;"&gt;&amp;times;&lt;/button&gt;\n
        &lt;/div&gt;\n
        \n
        &lt;div class="profile-modal-body" style="padding: 20px; display: flex; flex-direction: column; align-items: center; gap: 15px;"&gt;\n
            &lt;p style="color: #666; font-size: 0.95rem; margin-bottom: 10px;"&gt;Enregistrez votre visage pour vous connecter rapidement sans mot de passe.&lt;/p&gt;\n
            \n
            &lt;div id="faceRegContainer" style="position: relative; width: 100%; max-width: 320px; border-radius: 10px; overflow: hidden; border: 3px solid var(--accent-green); box-shadow: 0 0 15px rgba(46, 213, 115, 0.4);"&gt;\n
                &lt;video id="faceRegVideo" autoplay playsinline style="width: 100%; height: auto; display: block;"&gt;&lt;/video&gt;\n
                &lt;div id="faceRegOverlay" style="position: absolute; top: 0; left: 0; width: 100%; height: 100%; background: rgba(0, 0, 0, 0.5); display: none; align-items: center; justify-content: center; z-index: 10;"&gt;\n
                    &lt;i class="fas fa-circle-notch fa-spin" style="font-size: 2.5rem; color: var(--accent-green);"&gt;&lt;/i&gt;\n
                &lt;/div&gt;\n
            &lt;/div&gt;\n
            \n
            &lt;div id="faceRegError" class="alert alert-error" style="display: none; width: 100%; font-size: 0.85rem; text-align: left;"&gt;&lt;/div&gt;\n
            &lt;div id="faceRegSuccess" class="alert alert-success" style="display: none; width: 100%; font-size: 0.85rem; text-align: left;"&gt;Visage enregistré avec succès !&lt;/div&gt;\n
\n
            &lt;canvas id="faceRegCanvas" style="display: none;"&gt;&lt;/canvas&gt;\n
            \n
            &lt;p style="font-size: 0.85rem; color: #888;"&gt;Assurez-vous d'être dans un endroit bien éclairé et de regarder directement la caméra.&lt;/p&gt;\n
        &lt;/div&gt;\n
        \n
        &lt;div class="profile-modal-footer" style="padding: 15px; display: flex; justify-content: center; gap: 10px; border-top: 1px solid #eee;"&gt;\n
            &lt;button type="button" id="btnCaptureRegFace" class="btn btn-login" style="width: 100%;"&gt;Capturer et Enregistrer&lt;/button&gt;\n
        &lt;/div&gt;\n
    &lt;/div&gt;\n
&lt;/div&gt;\n
\n
&lt;script&gt;\n
    var faceRegModal = document.getElementById('faceRegistrationModal');\n
    var faceRegVideo = document.getElementById('faceRegVideo');\n
    var faceRegCanvas = document.getElementById('faceRegCanvas');\n
    var btnCaptureRegFace = document.getElementById('btnCaptureRegFace');\n
    var faceRegOverlay = document.getElementById('faceRegOverlay');\n
    var faceRegError = document.getElementById('faceRegError');\n
    var faceRegSuccess = document.getElementById('faceRegSuccess');\n
    \n
    var regStream = null;\n
\n
    function openFaceRegistrationModal() {\n
        faceRegModal.style.display = 'flex';\n
        faceRegError.style.display = 'none';\n
        faceRegSuccess.style.display = 'none';\n
        faceRegOverlay.style.display = 'none';\n
        btnCaptureRegFace.disabled = false;\n
        \n
        navigator.mediaDevices.getUserMedia({ video: { facingMode: "user" } })\n
            .then(function(s) {\n
                regStream = s;\n
                faceRegVideo.srcObject = regStream;\n
            })\n
            .catch(function(err) {\n
                faceRegError.textContent = "Impossible d'accéder à la webcam : " + err.message;\n
                faceRegError.style.display = 'block';\n
                btnCaptureRegFace.disabled = true;\n
            });\n
    }\n
\n
    function closeFaceRegistrationModal() {\n
        faceRegModal.style.display = 'none';\n
        if (regStream) {\n
            regStream.getTracks().forEach(track =&gt; track.stop());\n
            regStream = null;\n
        }\n
    }\n
\n
    // Fermer si clic au dehors\n
    window.addEventListener('click', function(event) {\n
        if (event.target == faceRegModal) {\n
            closeFaceRegistrationModal();\n
        }\n
    });\n
\n
    if (btnCaptureRegFace) {\n
        btnCaptureRegFace.addEventListener('click', function() {\n
            if (!regStream) return;\n
            \n
            faceRegError.style.display = 'none';\n
            faceRegSuccess.style.display = 'none';\n
            faceRegOverlay.style.display = 'flex';\n
            btnCaptureRegFace.disabled = true;\n
\n
            // Capture image\n
            faceRegCanvas.width = faceRegVideo.videoWidth;\n
            faceRegCanvas.height = faceRegVideo.videoHeight;\n
            const ctx = faceRegCanvas.getContext('2d');\n
            ctx.drawImage(faceRegVideo, 0, 0, faceRegCanvas.width, faceRegCanvas.height);\n
            \n
            const base64Image = faceRegCanvas.toDataURL('image/jpeg', 0.8);\n
\n
            fetch('/auth/face/register', {\n
                method: 'POST',\n
                headers: {\n
                    'Content-Type': 'application/json',\n
                    'X-Requested-With': 'XMLHttpRequest'\n
                },\n
                body: JSON.stringify({ image: base64Image })\n
            })\n
            .then(response =&gt; response.json().then(data =&gt; ({status: response.status, body: data})))\n
            .then(res =&gt; {\n
                faceRegOverlay.style.display = 'none';\n
                if (res.status === 200 &amp;&amp; res.body.success) {\n
                    faceRegSuccess.style.display = 'block';\n
                    setTimeout(() =&gt; {\n
                        closeFaceRegistrationModal();\n
                    }, 2000); // Close after 2s\n
                } else {\n
                    faceRegError.textContent = res.body.error || "Erreur lors de l'enregistrement de votre visage.";\n
                    faceRegError.style.display = 'block';\n
                    btnCaptureRegFace.disabled = false;\n
                }\n
            })\n
            .catch(err =&gt; {\n
                faceRegOverlay.style.display = 'none';\n
                faceRegError.textContent = "Erreur réseau: " + err.message;\n
                faceRegError.style.display = 'block';\n
                btnCaptureRegFace.disabled = false;\n
            });\n
        });\n
    }\n
&lt;/script&gt;\n
    \n
            &lt;script type="text/javascript"&gt;\n
            function googleTranslateElementInit() {\n
                new google.translate.TranslateElement({\n
                    pageLanguage: 'fr', \n
                    includedLanguages: 'en,ar,es,it,de', \n
                    layout: google.translate.TranslateElement.InlineLayout.SIMPLE,\n
                    autoDisplay: false\n
                }, 'google_translate_element');\n
            }\n
        &lt;/script&gt;\n
        &lt;script type="text/javascript" src="//translate.google.com/translate_a/element.js?cb=googleTranslateElementInit"&gt;&lt;/script&gt;\n
    &lt;/body&gt;\n
&lt;/html&gt;'
    'version' =&gt; '1.1'
    'statusCode' =&gt; 200
    'statusText' =&gt; 'OK'
    'charset' =&gt; 'UTF-8'
) is redirected and has header "Location" matching "/animal/".

C:\Users\sliti\Desktop\dev\esprit-PIDEV-3A16-2526-FARMIA\vendor\symfony\framework-bundle\Test\BrowserKitAssertionsTrait.php:150
C:\Users\sliti\Desktop\dev\esprit-PIDEV-3A16-2526-FARMIA\vendor\symfony\framework-bundle\Test\BrowserKitAssertionsTrait.php:64
C:\Users\sliti\Desktop\dev\esprit-PIDEV-3A16-2526-FARMIA\tests\Functional\Controller\AnimalControllerTest.php:101
C:\Users\sliti\Desktop\dev\esprit-PIDEV-3A16-2526-FARMIA\vendor\phpunit\phpunit\phpunit:107</failure>
        </testcase>
        <testcase name="testCanDeleteAnimal" class="App\Tests\Functional\Controller\AnimalControllerTest" classname="App.Tests.Functional.Controller.AnimalControllerTest" file="C:\Users\sliti\Desktop\dev\esprit-PIDEV-3A16-2526-FARMIA\tests\Functional\Controller\AnimalControllerTest.php" line="111" assertions="3" time="0.199758"/>
        <testcase name="testPdfGeneration" class="App\Tests\Functional\Controller\AnimalControllerTest" classname="App.Tests.Functional.Controller.AnimalControllerTest" file="C:\Users\sliti\Desktop\dev\esprit-PIDEV-3A16-2526-FARMIA\tests\Functional\Controller\AnimalControllerTest.php" line="131" assertions="2" time="0.252885"/>
        <testcase name="testUnauthenticatedUserIsRedirected" class="App\Tests\Functional\Controller\AnimalControllerTest" classname="App.Tests.Functional.Controller.AnimalControllerTest" file="C:\Users\sliti\Desktop\dev\esprit-PIDEV-3A16-2526-FARMIA\tests\Functional\Controller\AnimalControllerTest.php" line="145" assertions="1" time="0.309983">
          <failure type="PHPUnit\Framework\ExpectationFailedException">App\Tests\Functional\Controller\AnimalControllerTest::testUnauthenticatedUserIsRedirected
Failed asserting that the Response is redirected.
HTTP/1.1 500 Internal Server Error&#13;
Cache-Control:          max-age=0, must-revalidate, private&#13;
Content-Type:           text/html; charset=UTF-8&#13;
Date:                   Sat, 25 Apr 2026 11:54:08 GMT&#13;
Expires:                Sat, 25 Apr 2026 11:54:08 GMT&#13;
Vary:                   Accept&#13;
X-Debug-Exception:      Impossible%20to%20access%20an%20attribute%20%28%22nom%22%29%20on%20a%20null%20variable%20in%20%22components%2F_profile_modal.html.twig%22%20at%20line%2053.&#13;
X-Debug-Exception-File: C%3A%5CUsers%5Csliti%5CDesktop%5Cdev%5Cesprit-PIDEV-3A16-2526-FARMIA%5Ctemplates%5Ccomponents%5C_profile_modal.html.twig:53&#13;
X-Robots-Tag:           noindex&#13;
&#13;
&lt;!-- Impossible to access an attribute (&amp;quot;nom&amp;quot;) on a null variable in &amp;quot;components/_profile_modal.html.twig&amp;quot; at line 53. (500 Internal Server Error) --&gt;
&lt;!DOCTYPE html&gt;
&lt;html lang="en"&gt;
    &lt;head&gt;
        &lt;meta charset="UTF-8" /&gt;
        &lt;meta name="robots" content="noindex,nofollow" /&gt;
        &lt;meta name="viewport" content="width=device-width,initial-scale=1" /&gt;
        &lt;title&gt;Impossible to access an attribute (&amp;quot;nom&amp;quot;) on a null variable in &amp;quot;components/_profile_modal.html.twig&amp;quot; at line 53. (500 Internal Server Error)&lt;/title&gt;
        &lt;link rel="icon" type="image/png" href="data:image/png;base64,iVBORw0KGgoAAAANSUhEUgAAABwAAAAgCAYAAAABtRhCAAADVUlEQVRIx82XX0jTURTHLYPyqZdefQx66CEo80+aYpoIkqzUikz6Z5klQoWUWYRIJYEUGpQ+lIr9U5dOTLdCtkmWZis3rbnC5fw/neYW002307mX/cZvP3/7o1PwwOdh95x7vnf39zvnd29AgBer2xO6DclAXiMqZAqxIiNIN/IYSUS2BPhjmGATchUxI+ADWiRhpWK7HKuHFVBFdmU5YvnI4grFGCaReF/EBH4KsZlGgj2JBTuCYBWRIYF8YoEOJ6wBt/gEs7mBbyOjQXruPLSdOgPCiEiPSUUHDoL8Ug5IUo9B/d5wrt+G7OAKNrODPuVdB6vRCIzN6SdBlpW9RIgk/1FeAXabzRlrUPVCS/JhbmwudztnGeeH9AyXBIwtmM3wLinZJZHifjHw2V+NBoRh+9ixQrbgbnaSIcl7cGea6hoXQbNe7za241oeO5Z0p42M4BV2EqP2D50wo+6HzvwC6C4sApNOR8cmOrtcnhtj2kYRyC9eBvXzKrBZrXSs72kFd1t3MoKVbMekQkEnSNKOO8fac3LpmK6l1TlGtsxmsdKFsecPYgwxst0cwROMYDXboSotg0WLBRqjY51jLYcENElXwW2XJKPydvoI2GN9T8rBtrAArYIUruBJXkFheCQYlCpQP6uk5dAQFQNaUROMSGVQFxLmkoQsxDJrhLbTZ+nvVsERME9MgPJRKV/58AsyomTSzE813WLFvWK++qI0xSfQl8k8Pg46sYRuv5t6dS+4RqxDwaa4BGjYH+NTQvKScIp9+YL/hoZh3jDtLRHtt2C3g6bmhX+CpsFBWg7ilDSPgj0lD2ncr5ev/BP8VvyAJhqVyZeUhPOrEhEFxgEtjft846Z/guQTNT89Q5P9flMLoth4F7808wKtWWKzAwNQHxrh/1vaid2F+XpYTSbQf1XA2McOmOpROnvpvMEA4tSjq1cW0sws2gCYxswY6TKkvzYnJq1NHZLnRU4BX+4U0uburvusu8Kv8iHY7qefkM4IFngJHEOUXmLEPgiGsI8YnlZILit3vSSLRTQe/MPIZva5pshNIEmyFQlCvruJKXPkCEfmePzkphXHdzZNQdoRI9KPlBAxlj/I8U97ERPS5bjGbWDFbEdqHVe5caTBeZZx2H/IMvzeN15yoQAAAABJRU5ErkJggg==" /&gt;
        &lt;style&gt;/* This file is based on WebProfilerBundle/Resources/views/Profiler/profiler.css.twig.
   If you make any change in this file, verify the same change is needed in the other file. */
:root {
    --font-sans-serif: Helvetica, Arial, sans-serif;
    --page-background: #f9f9f9;
    --color-text: #222;
    /* when updating any of these colors, do the same in toolbar.css.twig */
    --color-success: #4f805d;
    --color-warning: #a46a1f;
    --color-error: #b0413e;
    --color-muted: #999;
    --tab-background: #f0f0f0;
    --tab-border-color: #e5e5e5;
    --tab-active-border-color: #d4d4d4;
    --tab-color: #444;
    --tab-active-background: #fff;
    --tab-active-color: var(--color-text);
    --tab-disabled-background: #f5f5f5;
    --tab-disabled-color: #999;
    --selected-badge-background: #e5e5e5;
    --selected-badge-color: #525252;
    --selected-badge-shadow: inset 0 0 0 1px #d4d4d4;
    --selected-badge-warning-background: #fde496;
    --selected-badge-warning-color: #785b02;
    --selected-badge-warning-shadow: inset 0 0 0 1px #e6af05;
    --selected-badge-danger-background: #FCE9ED;
    --selected-badge-danger-color: #83122A;
    --selected-badge-danger-shadow: inset 0 0 0 1px #F5B8C5;
    --metric-value-background: #fff;
    --metric-value-color: inherit;
    --metric-unit-color: #999;
    --metric-label-background: #e0e0e0;
    --metric-label-color: inherit;
    --table-border: #e0e0e0;
    --table-background: #fff;
    --table-header: #e0e0e0;
    --trace-selected-background: #F7E5A1;
    --tree-active-background: #F7E5A1;
    --exception-title-color: var(--base-2);
    --shadow: 0px 0px 1px rgba(128, 128, 128, .2);
    --border: 1px solid #e0e0e0;
    --background-error: var(--color-error);
    --highlight-comment: #969896;
    --highlight-default: #222222;
    --highlight-keyword: #a71d5d;
    --highlight-string: #183691;
    --base-0: #fff;
    --base-1: #f5f5f5;
    --base-2: #e0e0e0;
    --base-3: #ccc;
    --base-4: #666;
    --base-5: #444;
    --base-6: #222;
}

.theme-dark {
    --page-background: #36393e;
    --color-text: #e0e0e0;
    --color-muted: #777;
    --color-error: #f76864;
    --tab-background: #404040;
    --tab-border-color: #737373;
    --tab-active-border-color: #171717;
    --tab-color: var(--color-text);
    --tab-active-background: #d4d4d4;
    --tab-active-color: #262626;
    --tab-disabled-background: var(--page-background);
    --tab-disabled-color: #a3a3a3;
    --selected-badge-background: #555;
    --selected-badge-color: #ddd;
    --selected-badge-shadow: none;
    --selected-badge-warning-background: #fcd55f;
    --selected-badge-warning-color: #785b02;
    --selected-badge-warning-shadow: inset 0 0 0 1px #af8503;
    --selected-badge-danger-background: #B41939;
    --selected-badge-danger-color: #FCE9ED;
    --selected-badge-danger-shadow: none;
    --metric-value-background: #555;
    --metric-value-color: inherit;
    --metric-unit-color: #999;
    --metric-label-background: #777;
    --metric-label-color: #e0e0e0;
    --trace-selected-background: #5d5227cc;
    --table-border: #444;
    --table-background: #333;
    --table-header: #555;
    --info-background: rgba(79, 148, 195, 0.5);
    --tree-active-background: var(--metric-label-background);
    --exception-title-color: var(--base-2);
    --shadow: 0px 0px 1px rgba(32, 32, 32, .2);
    --border: 1px solid #666;
    --background-error: #b0413e;
    --highlight-comment: #dedede;
    --highlight-default: var(--base-6);
    --highlight-keyword: #de8986;
    --highlight-string: #70a6fd;
    --base-0: #2e3136;
    --base-1: #444;
    --base-2: #666;
    --base-3: #666;
    --base-4: #666;
    --base-5: #e0e0e0;
    --base-6: #f5f5f5;
    --card-label-background: var(--tab-active-background);
    --card-label-color: var(--tab-active-color);
}

html{font-family:sans-serif;-webkit-text-size-adjust:100%;-ms-text-size-adjust:100%}body{margin:0}article,aside,details,figcaption,figure,footer,header,hgroup,main,menu,nav,section{display:block}audio,canvas,progress,video{display:inline-block;vertical-align:baseline}audio:not([controls]){display:none;height:0}[hidden],template{display:none}a{background-color:transparent}a:active,a:hover{outline:0}abbr[title]{border-bottom:1px dotted}b,strong{font-weight:700}dfn{font-style:italic}h1{margin:.67em 0;font-size:2em}mark{color:#000;background:#ff0}small{font-size:80%}sub,sup{position:relative;font-size:75%;line-height:0;vertical-align:baseline}sup{top:-.5em}sub{bottom:-.25em}img{border:0}svg:not(:root){overflow:hidden}figure{margin:1em 40px}hr{height:0;-webkit-box-sizing:content-box;-moz-box-sizing:content-box;box-sizing:content-box}pre{overflow:auto}code,kbd,pre,samp{font-family:monospace,monospace;font-size:1em}button,input,optgroup,select,textarea{margin:0;font:inherit;color:inherit}button{overflow:visible}button,select{text-transform:none}button,html input[type="button"],input[type="reset"],input[type="submit"]{-webkit-appearance:button;cursor:pointer}button[disabled],html input[disabled]{cursor:default}button::-moz-focus-inner,input::-moz-focus-inner{padding:0;border:0}input{line-height:normal}input[type="checkbox"],input[type="radio"]{-webkit-box-sizing:border-box;-moz-box-sizing:border-box;box-sizing:border-box;padding:0}input[type="number"]::-webkit-inner-spin-button,input[type="number"]::-webkit-outer-spin-button{height:auto}input[type="search"]{-webkit-box-sizing:content-box;-moz-box-sizing:content-box;box-sizing:content-box;-webkit-appearance:textfield}input[type="search"]::-webkit-search-cancel-button,input[type="search"]::-webkit-search-decoration{-webkit-appearance:none}fieldset{padding:.35em .625em .75em;margin:0 2px;border:1px solid silver}legend{padding:0;border:0}textarea{overflow:auto}optgroup{font-weight:700}table{border-spacing:0;border-collapse:collapse}td,th{padding:0}summary{cursor: pointer}

html {
    /* always display the vertical scrollbar to avoid jumps when toggling contents */
    overflow-y: scroll;
}
body { background-color: var(--page-background); color: var(--base-6); font: 14px/1.4 Helvetica, Arial, sans-serif; padding-bottom: 45px; }

a { cursor: pointer; text-decoration: none; }
a:hover { text-decoration: underline; }
abbr[title] { border-bottom: none; cursor: help; text-decoration: none; }

code, pre { font: 13px/1.5 Consolas, Monaco, Menlo, "Ubuntu Mono", "Liberation Mono", monospace; }

table, tr, th, td { background: var(--base-0); border-collapse: collapse; vertical-align: top; }
table { background: var(--base-0); border: var(--border); box-shadow: 0px 0px 1px rgba(128, 128, 128, .2); margin: 1em 0; width: 100%; }
table th, table td { border: solid var(--base-2); border-width: 1px 0; padding: 8px 10px; }
table th { background-color: var(--base-2); font-weight: bold; text-align: left; }

.m-t-5 { margin-top: 5px; }
.hidden-xs-down { display: none; }
.block { display: block; }
.full-width { width: 100%; }
.hidden { display: none; }
.prewrap { white-space: pre-wrap; }
.nowrap { white-space: nowrap; }
.newline { display: block; }
.break-long-words { word-wrap: break-word; overflow-wrap: break-word; -webkit-hyphens: auto; -moz-hyphens: auto; hyphens: auto; min-width: 0; }
.text-small { font-size: 12px !important; }
.text-muted { color: #999; }
.text-bold { font-weight: bold; }
.empty { border: 4px dashed var(--base-2); color: #999; margin: 1em 0; padding: .5em 2em; }

.status-success { background: rgba(94, 151, 110, 0.3); }
.status-warning { background: rgba(240, 181, 24, 0.3); }
.status-error { background: rgba(176, 65, 62, 0.2); }
.status-success td, .status-warning td, .status-error td { background: transparent; }
tr.status-error td, tr.status-warning td { border-bottom: 1px solid var(--base-2); border-top: 1px solid var(--base-2); }
.status-warning .colored { color: #A46A1F; }
.status-error .colored  { color: var(--color-error); }

.sf-toggle { cursor: pointer; position: relative; }
.sf-toggle-content { -moz-transition: display .25s ease; -webkit-transition: display .25s ease; transition: display .25s ease; }
.sf-toggle-content.sf-toggle-hidden { display: none; }
.sf-toggle-content.sf-toggle-visible { display: block; }
thead.sf-toggle-content.sf-toggle-visible, tbody.sf-toggle-content.sf-toggle-visible { display: table-row-group; }
.sf-toggle-off .icon-close, .sf-toggle-on .icon-open { display: none; }
.sf-toggle-off .icon-open, .sf-toggle-on .icon-close { display: block; }

.tab-navigation {
    background-color: var(--tab-background);
    border-radius: 6px;
    box-shadow: inset 0 0 0 1px var(--tab-border-color), 0 0 0 5px var(--page-background);
    display: inline-flex;
    flex-wrap: wrap;
    margin: 0 0 15px;
    padding: 0;
    user-select: none;
    -webkit-user-select: none;
}
.sf-tabs-sm .tab-navigation {
    box-shadow: inset 0 0 0 1px var(--tab-border-color), 0 0 0 4px var(--page-background);
    margin: 0 0 10px;
}
.tab-navigation .tab-control {
    background: transparent;
    border: 0;
    box-shadow: none;
    transition: box-shadow .05s ease-in, background-color .05s ease-in;
    cursor: pointer;
    font-size: 14px;
    font-weight: 500;
    line-height: 1.4;
    margin: 0;
    padding: 4px 14px;
    position: relative;
    text-align: center;
    z-index: 1;
}
.sf-tabs-sm .tab-navigation .tab-control {
    font-size: 13px;
    padding: 2.5px 10px;
}
.tab-navigation .tab-control:before {
    background: var(--tab-border-color);
    bottom: 15%;
    content: "";
    left: 0;
    position: absolute;
    top: 15%;
    width: 1px;
}
.tab-navigation .tab-control:first-child:before,
.tab-navigation .tab-control.active + .tab-control:before,
.tab-navigation .tab-control.active:before {
    width: 0;
}
.tab-navigation .tab-control .badge {
    background: var(--selected-badge-background);
    box-shadow: var(--selected-badge-shadow);
    color: var(--selected-badge-color);
    display: inline-block;
    font-size: 12px;
    font-weight: bold;
    line-height: 1;
    margin-left: 8px;
    min-width: 10px;
    padding: 2px 6px;
    text-align: center;
    white-space: nowrap;
}
.tab-navigation .tab-control.disabled {
    color: var(--tab-disabled-color);
}
.tab-navigation .tab-control.active {
    background-color: var(--tab-active-background);
    border-radius: 6px;
    box-shadow: inset 0 0 0 1.5px var(--tab-active-border-color);
    color: var(--tab-active-color);
    position: relative;
    z-index: 1;
}
.theme-dark .tab-navigation li.active {
    box-shadow: inset 0 0 0 1px var(--tab-border-color);
}
.tab-content &gt; *:first-child {
    margin-top: 0;
}
.tab-navigation .tab-control .badge.status-warning {
    background: var(--selected-badge-warning-background);
    box-shadow: var(--selected-badge-warning-shadow);
    color: var(--selected-badge-warning-color);
}
.tab-navigation .tab-control .badge.status-error {
    background: var(--selected-badge-danger-background);
    box-shadow: var(--selected-badge-danger-shadow);
    color: var(--selected-badge-danger-color);
}

.sf-tabs .tab:not(:first-child) { display: none; }

[data-filters] { position: relative; }
[data-filtered] { cursor: pointer; }
[data-filtered]:after { content: '\00a0\25BE'; }
[data-filtered]:hover .filter-list li { display: inline-flex; }
[class*="filter-hidden-"] { display: none; }
.filter-list { position: absolute; border: var(--border); box-shadow: var(--shadow); margin: 0; padding: 0; display: flex; flex-direction: column; }
.filter-list :after { content: ''; }
.filter-list li {
    background: var(--tab-disabled-background);
    border-bottom: var(--border);
    color: var(--tab-disabled-color);
    display: none;
    list-style: none;
    margin: 0;
    padding: 5px 10px;
    text-align: left;
    font-weight: normal;
}
.filter-list li.active {
    background: var(--tab-background);
    color: var(--tab-color);
}
.filter-list li.last-active {
    background: var(--tab-active-background);
    color: var(--tab-active-color);
}

.filter-list-level li { cursor: s-resize; }
.filter-list-level li.active { cursor: n-resize; }
.filter-list-level li.last-active { cursor: default; }
.filter-list-level li.last-active:before { content: '\2714\00a0'; }
.filter-list-choice li:before { content: '\2714\00a0'; color: transparent; }
.filter-list-choice li.active:before { color: unset; }

.container { max-width: 1024px; margin: 0 auto; padding: 0 15px; }
.container::after { content: ""; display: table; clear: both; }

header { background-color: #222; color: rgba(255, 255, 255, 0.75); font-size: 13px; height: 33px; line-height: 33px; padding: 0; }
header .container { display: flex; justify-content: space-between; }
.logo { flex: 1; font-size: 13px; font-weight: normal; margin: 0; padding: 0; }
.logo svg { height: 18px; width: 18px; opacity: .8; vertical-align: -5px; }

.help-link { margin-left: 15px; }
.help-link a { color: inherit; }
.help-link .icon svg { height: 15px; width: 15px; opacity: .7; vertical-align: -2px; }
.help-link a:hover { color: #EEE; text-decoration: none; }
.help-link a:hover svg { opacity: .9; }

.exception-summary { background: var(--background-error); border-bottom: 2px solid rgba(0, 0, 0, 0.1); border-top: 1px solid rgba(0, 0, 0, .3); flex: 0 0 auto; margin-bottom: 15px; }
.exception-metadata { background: rgba(0, 0, 0, 0.1); padding: 7px 0; }
.exception-metadata .container { display: flex; flex-direction: row; justify-content: space-between; }
.exception-metadata h2, .exception-metadata h2 &gt; a { color: rgba(255, 255, 255, 0.8); font-size: 13px; font-weight: 400; margin: 0; }
.exception-http small { font-size: 13px; opacity: .7; }
.exception-hierarchy { flex: 1; }
.exception-hierarchy .icon { margin: 0 3px; opacity: .7; }
.exception-hierarchy .icon svg { height: 13px; width: 13px; vertical-align: -2px; }

.exception-without-message .exception-message-wrapper { display: none; }
.exception-message-wrapper .container { display: flex; align-items: flex-start; min-height: 70px; padding: 10px 15px 8px; }
.exception-message { flex-grow: 1; }
.exception-message, .exception-message a { color: #FFF; font-size: 21px; font-weight: 400; margin: 0; }
.exception-message.long { font-size: 18px; }
.exception-message a { border-bottom: 1px solid rgba(255, 255, 255, 0.5); font-size: inherit; text-decoration: none; }
.exception-message a:hover { border-bottom-color: #ffffff; }

.exception-properties-wrapper { margin: .8em 0; }
.exception-properties { background: var(--base-0); border: var(--border); box-shadow: 0px 0px 1px rgba(128, 128, 128, .2); }
.exception-properties pre { margin: 0; padding: 0.2em 0; }

.exception-illustration { flex-basis: 111px; flex-shrink: 0; height: 66px; margin-left: 15px; opacity: .7; }

.trace + .trace { margin-top: 30px; }
.trace-head { background-color: var(--base-2); padding: 10px; position: relative; }
.trace-head .trace-class { color: var(--base-6); font-size: 18px; font-weight: bold; line-height: 1.3; margin: 0; position: relative; }
.trace-head .trace-namespace { color: #999; display: block; font-size: 13px; }
.trace-head .icon { position: absolute; right: 0; top: 0; }
.trace-head .icon svg { fill: var(--base-5); height: 24px; width: 24px; }

.trace-details { background: var(--base-0); border: var(--border); box-shadow: 0px 0px 1px rgba(128, 128, 128, .2); margin: 0 0 1em; table-layout: fixed; }

.trace-message { font-size: 14px; font-weight: normal; margin: .5em 0 0; }

.trace-line { position: relative; padding-top: 8px; padding-bottom: 8px; }
.trace-line + .trace-line { border-top: var(--border); }
.trace-line:hover { background: var(--base-1); }
.trace-line a { color: var(--base-6); }
.trace-line .icon { opacity: .4; position: absolute; left: 10px; }
.trace-line .icon svg { fill: var(--base-5); height: 16px; width: 16px; }
.trace-line .icon.icon-copy { left: auto; top: auto; padding-left: 5px; display: none }
.trace-line:hover .icon.icon-copy:not(.hidden) { display: inline-block }
.trace-line-header { padding-left: 36px; padding-right: 10px; }

.trace-file-path, .trace-file-path a { color: var(--base-6); font-size: 13px; }
.trace-class { color: var(--color-error); }
.trace-type { padding: 0 2px; }
.trace-method { color: var(--color-error); font-weight: bold; }
.trace-arguments { color: #777; font-weight: normal; padding-left: 2px; }

.trace-code { background: var(--base-0); font-size: 12px; margin: 10px 10px 2px 10px; padding: 10px; overflow-x: auto; white-space: nowrap; }
.trace-code ol { margin: 0; float: left; }
.trace-code li { color: #969896; margin: 0; padding-left: 10px; float: left; width: 100%; }
.trace-code li + li { margin-top: 5px; }
.trace-code li.selected { background: var(--trace-selected-background); margin-top: 2px; }
.trace-code li code { color: var(--base-6); white-space: pre; }

.trace-as-text .stacktrace { line-height: 1.8; margin: 0 0 15px; white-space: pre-wrap; }

@media (min-width: 575px) {
    .hidden-xs-down { display: initial; }
    .help-link { margin-left: 30px; }
}&lt;/style&gt;
        &lt;style&gt;.sf-reset .traces {
    padding-bottom: 14px;
}
.sf-reset .traces li {
    font-size: 12px;
    color: #868686;
    padding: 5px 4px;
    list-style-type: decimal;
    margin-left: 20px;
}
.sf-reset #logs .traces li.error {
    font-style: normal;
    color: #AA3333;
    background: #f9ecec;
}
.sf-reset #logs .traces li.warning {
    font-style: normal;
    background: #ffcc00;
}
/* fix for Opera not liking empty &lt;li&gt; */
.sf-reset .traces li:after {
    content: "\00A0";
}
.sf-reset .trace {
    border: 1px solid #D3D3D3;
    padding: 10px;
    overflow: auto;
    margin: 10px 0 20px;
}
.sf-reset .block-exception {
    -moz-border-radius: 16px;
    -webkit-border-radius: 16px;
    border-radius: 16px;
    margin-bottom: 20px;
    background-color: #f6f6f6;
    border: 1px solid #dfdfdf;
    padding: 30px 28px;
    word-wrap: break-word;
    overflow: hidden;
}
.sf-reset .block-exception div {
    color: #313131;
    font-size: 10px;
}
.sf-reset .block-exception-detected .illustration-exception,
.sf-reset .block-exception-detected .text-exception {
    float: left;
}
.sf-reset .block-exception-detected .illustration-exception {
    width: 152px;
}
.sf-reset .block-exception-detected .text-exception {
    width: 670px;
    padding: 30px 44px 24px 46px;
    position: relative;
}
.sf-reset .text-exception .open-quote,
.sf-reset .text-exception .close-quote {
    font-family: Arial, Helvetica, sans-serif;
    position: absolute;
    color: #C9C9C9;
    font-size: 8em;
}
.sf-reset .open-quote {
    top: 0;
    left: 0;
}
.sf-reset .close-quote {
    bottom: -0.5em;
    right: 50px;
}
.sf-reset .block-exception p {
    font-family: Arial, Helvetica, sans-serif;
}
.sf-reset .block-exception p a,
.sf-reset .block-exception p a:hover {
    color: #565656;
}
.sf-reset .logs h2 {
    float: left;
    width: 654px;
}
.sf-reset .error-count, .sf-reset .support {
    float: right;
    width: 170px;
    text-align: right;
}
.sf-reset .error-count span {
    display: inline-block;
    background-color: #aacd4e;
    -moz-border-radius: 6px;
    -webkit-border-radius: 6px;
    border-radius: 6px;
    padding: 4px;
    color: white;
    margin-right: 2px;
    font-size: 11px;
    font-weight: bold;
}

.sf-reset .support a {
    display: inline-block;
    -moz-border-radius: 6px;
    -webkit-border-radius: 6px;
    border-radius: 6px;
    padding: 4px;
    color: #000000;
    margin-right: 2px;
    font-size: 11px;
    font-weight: bold;
}

.sf-reset .toggle {
    vertical-align: middle;
}
.sf-reset .linked ul,
.sf-reset .linked li {
    display: inline;
}
.sf-reset #output-content {
    color: #000;
    font-size: 12px;
}
.sf-reset #traces-text pre {
    white-space: pre;
    font-size: 12px;
    font-family: monospace;
}&lt;/style&gt;
    &lt;/head&gt;
    &lt;body&gt;
        &lt;script&gt;
            document.body.classList.add(
                localStorage.getItem('symfony/profiler/theme') || (matchMedia('(prefers-color-scheme: dark)').matches ? 'theme-dark' : 'theme-light')
            );
        &lt;/script&gt;

                    &lt;header&gt;
                &lt;div class="container"&gt;
                    &lt;h1 class="logo"&gt;&lt;svg xmlns="http://www.w3.org/2000/svg" width="24" height="24" viewBox="0 0 24 24"&gt;&lt;path fill="#FFF" d="M12 .9C5.8.9.9 5.8.9 12a11 11 0 1 0 22.2 0A11 11 0 0 0 12 .9zm6.5 6c-.6 0-.9-.3-.9-.8 0-.2 0-.4.2-.6l.2-.4c0-.3-.5-.4-.6-.4-1.8.1-2.3 2.5-2.7 4.4l-.2 1c1 .2 1.8 0 2.2-.3.6-.4-.2-.7-.1-1.2.1-.3.5-.5.7-.6.5 0 .7.5.7.9 0 .7-1 1.8-3 1.8l-.6-.1-.6 2.4c-.4 1.6-.8 3.8-2.4 5.7-1.4 1.7-2.9 1.9-3.5 1.9-1.2 0-1.9-.6-2-1.5 0-.8.7-1.3 1.2-1.3.6 0 1.1.5 1.1 1s-.2.6-.4.6c-.1.1-.3.2-.3.4 0 .1.1.3.4.3.5 0 .8-.3 1.1-.5 1.2-.9 1.6-2.7 2.2-5.7l.1-.7.7-3.2c-.8-.6-1.3-1.4-2.4-1.7-.6-.1-1.1.1-1.5.5-.4.5-.2 1.1.2 1.5l.7.6c.7.8 1.2 1.6 1 2.5-.3 1.5-2 2.6-4 1.9-1.8-.6-2-1.8-1.8-2.5.2-.6.6-.7 1.1-.6.5.2.6.7.6 1.2l-.1.3c-.2.1-.3.3-.3.4-.1.4.4.6.7.7.7.3 1.6-.2 1.8-.8a1 1 0 0 0-.4-1.1l-.7-.8c-.4-.4-1.1-1.4-.7-2.6.1-.5.4-.9.7-1.3a4 4 0 0 1 2.8-.6c1.2.4 1.8 1.1 2.6 1.8.5-1.2 1-2.4 1.8-3.5.9-.9 1.9-1.6 3.1-1.7 1.3.2 2.2.7 2.2 1.6 0 .4-.2 1.1-.9 1.1z"/&gt;&lt;/svg&gt; Symfony Exception&lt;/h1&gt;

                    &lt;div class="help-link"&gt;
                        &lt;a href="https://symfony.com/doc/6.4.35/index.html"&gt;
                            &lt;span class="icon"&gt;&lt;svg width="1792" height="1792" viewBox="0 0 1792 1792" xmlns="http://www.w3.org/2000/svg"&gt;&lt;path fill="#FFF" d="M1703 478q40 57 18 129l-275 906q-19 64-76.5 107.5T1247 1664H324q-77 0-148.5-53.5T76 1479q-24-67-2-127 0-4 3-27t4-37q1-8-3-21.5t-3-19.5q2-11 8-21t16.5-23.5T116 1179q23-38 45-91.5t30-91.5q3-10 .5-30t-.5-28q3-11 17-28t17-23q21-36 42-92t25-90q1-9-2.5-32t.5-28q4-13 22-30.5t22-22.5q19-26 42.5-84.5T404 411q1-8-3-25.5t-2-26.5q2-8 9-18t18-23 17-21q8-12 16.5-30.5t15-35 16-36 19.5-32 26.5-23.5 36-11.5T620 134l-1 3q38-9 51-9h761q74 0 114 56t18 130l-274 906q-36 119-71.5 153.5T1089 1408H220q-27 0-38 15-11 16-1 43 24 70 144 70h923q29 0 56-15.5t35-41.5l300-987q7-22 5-57 38 15 59 43zm-1064 2q-4 13 2 22.5t20 9.5h608q13 0 25.5-9.5T1311 480l21-64q4-13-2-22.5t-20-9.5H702q-13 0-25.5 9.5T660 416zm-83 256q-4 13 2 22.5t20 9.5h608q13 0 25.5-9.5T1228 736l21-64q4-13-2-22.5t-20-9.5H619q-13 0-25.5 9.5T577 672z"/&gt;&lt;/svg&gt;&lt;/span&gt;
                            &lt;span class="hidden-xs-down"&gt;Symfony&lt;/span&gt; Docs
                        &lt;/a&gt;
                    &lt;/div&gt;
                &lt;/div&gt;
            &lt;/header&gt;
        
        &lt;div class="exception-summary "&gt;
    &lt;div class="exception-metadata"&gt;
        &lt;div class="container"&gt;
            &lt;h2 class="exception-hierarchy"&gt;
                                &lt;a href="#trace-box-1"&gt;&lt;abbr title="Twig\Error\RuntimeError"&gt;RuntimeError&lt;/abbr&gt;&lt;/a&gt;
            &lt;/h2&gt;
            &lt;h2 class="exception-http"&gt;
                HTTP 500 &lt;small&gt;Internal Server Error&lt;/small&gt;
            &lt;/h2&gt;
        &lt;/div&gt;
    &lt;/div&gt;
    &lt;div class="exception-message-wrapper"&gt;
        &lt;div class="container"&gt;
            &lt;h1 class="break-long-words exception-message"&gt;Impossible to access an attribute (&amp;quot;nom&amp;quot;) on a null variable in components/_profile_modal.html.twig at line 53.&lt;/h1&gt;

            &lt;div class="exception-illustration hidden-xs-down"&gt;
                &lt;svg viewBox="0 0 136 81" xmlns="http://www.w3.org/2000/svg" fill-rule="evenodd" clip-rule="evenodd" stroke-linejoin="round" stroke-miterlimit="1.4"&gt;&lt;path d="M92.4 20.4a23.2 23.2 0 0 1 9 1.9 23.7 23.7 0 0 1 5.2 3 24.3 24.3 0 0 1 3.4 3.4 24.8 24.8 0 0 1 5 9.4c.5 1.7.8 3.4 1 5.2v14.5h.4l.5.2a7.4 7.4 0 0 0 2.5.2l.2-.2.6-.8.8-1.3-.2-.1a5.5 5.5 0 0 1-.8-.3 5.6 5.6 0 0 1-2.3-1.8 5.7 5.7 0 0 1-.9-1.6 6.5 6.5 0 0 1-.2-2.8 7.3 7.3 0 0 1 .5-2l.3-.3.8-.9.3-.3c.2-.2.5-.3.8-.3H120.7c.2 0 .3-.1.4 0h.4l.2.1.3.2.2-.4.3-.4.1-.1 1.2-1 .3-.2.4-.1.4-.1h.3l1.5.1.4.1.8.5.1.2 1 1.1v.2H129.4l.4-.2 1.4-.5h1.1c.3 0 .7.2 1 .4.2 0 .3.2.5.3l.2.2.5.3.4.6.1.3.4 1.4.1.4v.6a7.8 7.8 0 0 1-.1.6 9.9 9.9 0 0 1-.8 2.4 7.8 7.8 0 0 1-3 3.3 6.4 6.4 0 0 1-1 .5 6.1 6.1 0 0 1-.6.2l-.7.1h-.1a23.4 23.4 0 0 1-.2 1.7 14.3 14.3 0 0 1-.6 2.1l-.8 2a9.2 9.2 0 0 1-.4.6l-.7 1a9.1 9.1 0 0 1-2.3 2.2c-.9.5-2 .6-3 .7l-1.4.1h-.5l-.4.1a15.8 15.8 0 0 1-2.8-.1v4.2a9.7 9.7 0 0 1-.7 3.5 9.6 9.6 0 0 1-1.7 2.8 9.3 9.3 0 0 1-3 2.3 9 9 0 0 1-5.4.7 9 9 0 0 1-3-1 9.4 9.4 0 0 1-2.7-2.5 10 10 0 0 1-1 1.2 9.3 9.3 0 0 1-2 1.3 9 9 0 0 1-2.4 1 9 9 0 0 1-6.5-1.1A9.4 9.4 0 0 1 85 77V77a10.9 10.9 0 0 1-.6.6 9.3 9.3 0 0 1-2.7 2 9 9 0 0 1-6 .8 9 9 0 0 1-2.4-1 9.3 9.3 0 0 1-2.3-1.7 9.6 9.6 0 0 1-1.8-2.8 9.7 9.7 0 0 1-.8-3.7v-4a18.5 18.5 0 0 1-2.9.2l-1.2-.1c-1.9-.3-3.7-1-5.1-2.2a8.2 8.2 0 0 1-1.1-1 10.2 10.2 0 0 1-.9-1.2 15.3 15.3 0 0 1-.7-1.3 20.8 20.8 0 0 1-1.9-6.2v-.2a6.5 6.5 0 0 1-1-.3 6.1 6.1 0 0 1-.6-.3 6.6 6.6 0 0 1-.9-.6 8.2 8.2 0 0 1-2.7-3.7 10 10 0 0 1-.3-1 10.3 10.3 0 0 1-.3-1.9V47v-.4l.1-.4.6-1.4.1-.2a2 2 0 0 1 .8-.8l.3-.2.3-.2a3.2 3.2 0 0 1 1.8-.5h.4l.3.2 1.4.6.2.2.4.3.3.4.7-.7.2-.2.4-.2.6-.2h2.1l.4.2.4.2.3.2.8 1 .2-.1h.1v-.1H63l1.1.1h.3l.8.5.3.4.7 1 .2.3.1.5a11 11 0 0 1 .2 1.5c0 .8 0 1.6-.3 2.3a6 6 0 0 1-.5 1.2 5.5 5.5 0 0 1-3.3 2.5 12.3 12.3 0 0 0 1.4 3h.1l.2.1 1 .2h1.5l.5-.2H67.8l.5-.2h.1V44v-.4a26.7 26.7 0 0 1 .3-2.3 24.7 24.7 0 0 1 5.7-12.5 24.2 24.2 0 0 1 3.5-3.3 23.7 23.7 0 0 1 4.9-3 23.2 23.2 0 0 1 5.6-1.7 23.7 23.7 0 0 1 4-.3zm-.3 2a21.2 21.2 0 0 0-8 1.7 21.6 21.6 0 0 0-4.8 2.7 22.2 22.2 0 0 0-3.2 3 22.7 22.7 0 0 0-5 9.2 23.4 23.4 0 0 0-.7 4.9v15.7l-.5.1a34.3 34.3 0 0 1-1.5.3h-.2l-.4.1h-.4l-.9.2a10 10 0 0 1-1.9 0c-.5 0-1-.2-1.5-.4a1.8 1.8 0 0 1-.3-.2 2 2 0 0 1-.3-.3 5.2 5.2 0 0 1-.1-.2 9 9 0 0 1-.6-.9 13.8 13.8 0 0 1-1-2 14.3 14.3 0 0 1-.6-2 14 14 0 0 1-.1-.8v-.2h.3a12.8 12.8 0 0 0 1.4-.2 4.4 4.4 0 0 0 .3 0 3.6 3.6 0 0 0 1.1-.7 3.4 3.4 0 0 0 1.2-1.7l.2-1.2a5.1 5.1 0 0 0 0-.8 7.2 7.2 0 0 0-.1-.8l-.7-1-1.2-.2-1 .7-.1 1.3a5 5 0 0 1 .1.4v.6a1 1 0 0 1 0 .3c-.1.3-.4.4-.7.5l-1.2.4v-.7A9.9 9.9 0 0 1 60 49l.3-.6v-.2l.1-.1v-1.6l-1-1.2h-1.5l-1 1.1v.4a5.3 5.3 0 0 0-.2.6 5.5 5.5 0 0 0 0 .5c0 .7 0 1.4.3 2 0 .4.2.8.4 1.2L57 51a9.5 9.5 0 0 1-1.1-.5h-.2a2 2 0 0 1-.4-.3c-.4-.4-.5-1-.6-1.6a5.6 5.6 0 0 1 0-.5v-.5-.5l-.6-1.5-1.4-.6-.9.3s-.2 0-.3.2a2 2 0 0 1-.1 0l-.6 1.4v.7a8.5 8.5 0 0 0 .5 2c.4 1.1 1 2.1 2 2.8a4.7 4.7 0 0 0 2.1.9h1a22.8 22.8 0 0 0 .1 1 18.1 18.1 0 0 0 .8 3.8 18.2 18.2 0 0 0 1.6 3.7l1 1.3c1 1 2.3 1.6 3.7 2a11.7 11.7 0 0 0 4.8 0h.4l.5-.2.5-.1.6-.2v6.6a8 8 0 0 0 .1 1.3 7.5 7.5 0 0 0 2.4 4.3 7.2 7.2 0 0 0 2.3 1.3 7 7 0 0 0 7-1.1 7.5 7.5 0 0 0 2-2.6A7.7 7.7 0 0 0 85 72V71a8.2 8.2 0 0 0 .2 1.3c0 .7.3 1.4.6 2a7.5 7.5 0 0 0 1.7 2.3 7.3 7.3 0 0 0 2.2 1.4 7.1 7.1 0 0 0 4.6.2 7.2 7.2 0 0 0 2.4-1.2 7.5 7.5 0 0 0 2.1-2.7 7.8 7.8 0 0 0 .7-2.4V71a9.3 9.3 0 0 0 .1.6 7.6 7.6 0 0 0 .6 2.5 7.5 7.5 0 0 0 2.4 3 7.1 7.1 0 0 0 7 .8 7.3 7.3 0 0 0 2.3-1.5 7.5 7.5 0 0 0 1.6-2.3 7.6 7.6 0 0 0 .5-2l.1-1.1v-6.7l.4.1a12.2 12.2 0 0 0 2 .5 11.1 11.1 0 0 0 2.5 0h.8l1.2-.1a9.5 9.5 0 0 0 1.4-.2l.9-.3a3.5 3.5 0 0 0 .6-.4l1.2-1.4a12.2 12.2 0 0 0 .8-1.2c0-.3.2-.5.3-.7a15.9 15.9 0 0 0 .7-2l.3-1.6v-1.3l.2-.9V54.6a15.5 15.5 0 0 0 1.8 0 4.5 4.5 0 0 0 1.4-.5 5.7 5.7 0 0 0 2.5-3.2 7.6 7.6 0 0 0 .4-1.5v-.3l-.4-1.4a5.2 5.2 0 0 1-.2-.1l-.4-.4a3.8 3.8 0 0 0-.2 0 1.4 1.4 0 0 0-.5-.2l-1.4.4-.7 1.3v.7a5.7 5.7 0 0 1-.1.8l-.7 1.4a1.9 1.9 0 0 1-.5.3h-.3a9.6 9.6 0 0 1-.8.3 8.8 8.8 0 0 1-.6 0l.2-.4.2-.5.2-.3v-.4l.1-.2V50l.1-1 .1-.6v-.6a4.8 4.8 0 0 0 0-.8v-.2l-1-1.1-1.5-.2-1.1 1-.2 1.4v.1l.2.4.2.3v.4l.1 1.1v.3l.1.5v.8a9.6 9.6 0 0 1-.8-.3l-.2-.1h-.3l-.8-.1h-.2a1.6 1.6 0 0 1-.2-.2.9.9 0 0 1-.2-.2 1 1 0 0 1-.1-.5l.2-.9v-1.2l-.9-.8h-1.2l-.8.9v.3a4.8 4.8 0 0 0-.3 2l.3.9a3.5 3.5 0 0 0 1.2 1.6l1 .5.8.2 1.4.1h.4l.2.1a12.1 12.1 0 0 1-1 2.6 13.2 13.2 0 0 1-.8 1.5 9.5 9.5 0 0 1-1 1.2l-.2.3a1.7 1.7 0 0 1-.4.3 2.4 2.4 0 0 1-.7.2h-2.5a7.8 7.8 0 0 1-.6-.2l-.7-.2h-.2a14.8 14.8 0 0 1-.6-.2 23.4 23.4 0 0 1-.4-.1l-.4-.1-.3-.1V43.9a34.6 34.6 0 0 0 0-.6 23.6 23.6 0 0 0-.4-3 22.7 22.7 0 0 0-1.5-4.7 22.6 22.6 0 0 0-4.6-6.7 21.9 21.9 0 0 0-6.9-4.7 21.2 21.2 0 0 0-8.1-1.8H92zm9.1 33.7l.3.1a1 1 0 0 1 .6.8v.4a8.4 8.4 0 0 1 0 .5 8.8 8.8 0 0 1-1.6 4.2l-1 1.3A10 10 0 0 1 95 66c-1.3.3-2.7.4-4 .3a10.4 10.4 0 0 1-2.7-.8 10 10 0 0 1-3.6-2.5 9.3 9.3 0 0 1-.8-1 9 9 0 0 1-.7-1.2 8.6 8.6 0 0 1-.8-3.4V57a1 1 0 0 1 .3-.6 1 1 0 0 1 1.3-.2 1 1 0 0 1 .4.8v.4a6.5 6.5 0 0 0 .5 2.2 7 7 0 0 0 2.1 2.8l1 .6c2.6 1.6 6 1.6 8.5 0a8 8 0 0 0 1.1-.6 7.6 7.6 0 0 0 1.2-1.2 7 7 0 0 0 1-1.7 6.5 6.5 0 0 0 .4-2.5 1 1 0 0 1 .7-1h.4zM30.7 43.7c-15.5 1-28.5-6-30.1-16.4C-1.2 15.7 11.6 4 29 1.3 46.6-1.7 62.3 5.5 64 17.1c1.6 10.4-8.7 21-23.7 25a31.2 31.2 0 0 0 0 .9v.3a19 19 0 0 0 .1 1l.1.4.1.9a4.7 4.7 0 0 0 .5 1l.7 1a9.2 9.2 0 0 0 1.2 1l1.5.8.6.8-.7.6-1.1.3a11.2 11.2 0 0 1-2.6.4 8.6 8.6 0 0 1-3-.5 8.5 8.5 0 0 1-1-.4 11.2 11.2 0 0 1-1.8-1.2 13.3 13.3 0 0 1-1-1 18 18 0 0 1-.7-.6l-.4-.4a23.4 23.4 0 0 1-1.3-1.8l-.1-.1-.3-.5V45l-.3-.6v-.7zM83.1 36c3.6 0 6.5 3.2 6.5 7.1 0 4-3 7.2-6.5 7.2S76.7 47 76.7 43 79.6 36 83 36zm18 0c3.6 0 6.5 3.2 6.5 7.1 0 4-2.9 7.2-6.4 7.2S94.7 47 94.7 43s3-7.1 6.5-7.1zm-18 6.1c2 0 3.5 1.6 3.5 3.6S85 49.2 83 49.2s-3.4-1.6-3.4-3.6S81.2 42 83 42zm17.9 0c1.9 0 3.4 1.6 3.4 3.6s-1.5 3.6-3.4 3.6c-2 0-3.5-1.6-3.5-3.6S99.1 42 101 42zM17 28c-.3 1.6-1.8 5-5.2 5.8-2.5.6-4.1-.8-4.5-2.6-.4-1.9.7-3.5 2.1-4.5A3.5 3.5 0 0 1 8 24.6c-.4-2 .8-3.7 3.2-4.2 1.9-.5 3.1.2 3.4 1.5.3 1.1-.5 2.2-1.8 2.5-.9.3-1.6 0-1.7-.6a1.4 1.4 0 0 1 0-.7s.3.2 1 0c.7-.1 1-.7.9-1.2-.2-.6-1-.8-1.8-.6-1 .2-2 1-1.7 2.6.3 1 .9 1.6 1.5 1.8l.7-.2c1-.2 1.5 0 1.6.5 0 .4-.2 1-1.2 1.2a3.3 3.3 0 0 1-1.5 0c-.9.7-1.6 1.9-1.3 3.2.3 1.3 1.3 2.2 3 1.8 2.5-.7 3.8-3.7 4.2-5-.3-.5-.6-1-.7-1.6-.1-.5.1-1 .9-1.2.4 0 .7.2.8.8a2.8 2.8 0 0 1 0 1l.7 1c.6-2 1.4-4 1.7-4 .6-.2 1.5.6 1.5.6-.8.7-1.7 2.4-2.3 4.2.8.6 1.6 1 2.1 1 .5-.1.8-.6 1-1.2-.3-2.2 1-4.3 2.3-4.6.7-.2 1.3.2 1.4.8.1.5 0 1.3-.9 1.7-.2-1-.6-1.3-1-1.3-.4.1-.7 1.4-.4 2.8.2 1 .7 1.5 1.3 1.4.8-.2 1.3-1.2 1.7-2.1-.3-2.1.9-4.2 2.2-4.5.7-.2 1.2.1 1.4 1 .4 1.4-1 2.8-2.2 3.4.3.7.7 1 1.3.9 1-.3 1.6-1.5 2-2.5l-.5-3v-.3s1.6-.3 1.8.6v.1c.2-.6.7-1.2 1.3-1.4.8-.1 1.5.6 1.7 1.6.5 2.2-.5 4.4-1.8 4.7H33a31.9 31.9 0 0 0 1 5.2c-.4.1-1.8.4-2-.4l-.5-5.6c-.5 1-1.3 2.2-2.5 2.4-1 .3-1.6-.3-2-1.1-.5 1-1.3 2.1-2.4 2.4-.8.2-1.5-.1-2-1-.3.8-.9 1.5-1.5 1.7-.7.1-1.5-.3-2.4-1-.3.8-.4 1.6-.4 2.2 0 0-.7 0-.8-.4-.1-.5 0-1.5.3-2.7a10.3 10.3 0 0 1-.7-.8zm38.2-17.8l.2.9c.5 1.9.4 4.4.8 6.4 0 .6-.4 3-1.4 3.3-.2 0-.3 0-.4-.4-.1-.7 0-1.6-.3-2.6-.2-1.1-.8-1.6-1.5-1.5-.8.2-1.3 1-1.6 2l-.1-.5c-.2-1-1.8-.6-1.8-.6a6.2 6.2 0 0 1 .4 1.3l.2 1c-.2.5-.6 1-1.2 1l-.2.1a7 7 0 0 0-.1-.8c-.3-1.1-1-2-1.6-1.8a.7.7 0 0 0-.4.3c-1.3.3-2.4 2-2.1 3.9-.2.9-.6 1.7-1 1.9-.5 0-.8-.5-1.1-1.8l-.1-1.2a4 4 0 0 0 0-1.7c0-.4-.4-.7-.8-.6-.7.2-.9 1.7-.5 3.8-.2 1-.6 2-1.3 2-.4.2-.8-.2-1-1l-.2-3c1.2-.5 2-1 1.8-1.7-.1-.5-.8-.7-.8-.7s0 .7-1 1.2l-.2-1.4c-.1-.6-.4-1-1.7-.6l.4 1 .2 1.5h-1v.8c0 .3.4.3 1 .2 0 1.3 0 2.7.2 3.6.3 1.4 1.2 2 2 1.7 1-.2 1.6-1.3 2-2.3.3 1.2 1 2 1.9 1.7.7-.2 1.2-1.1 1.6-2.2.4.8 1.1 1.1 2 1 1.2-.4 1.7-1.6 1.8-2.8h.2c.6-.2 1-.6 1.3-1 0 .8 0 1.5.2 2.1.1.5.3.7.6.6.5-.1 1-.9 1-.9a4 4 0 0 1-.3-1c-.3-1.3.3-3.6 1-3.7.2 0 .3.2.5.7v.8l.2 1.5v.7c.2.7.7 1.3 1.5 1 1.3-.2 2-2.6 2.1-3.9.3.2.6.2 1 .1-.6-2.2 0-6.1-.3-7.9-.1-.4-1-.5-1.7-.5h-.4zm-21.5 12c.4 0 .7.3 1 1.1.2 1.3-.3 2.6-.9 2.8-.2 0-.7 0-1-1.2v-.4c0-1.3.4-2 1-2.2zm-5.2 1c.3 0 .6.2.6.5.2.6-.3 1.3-1.2 2-.3-1.4.1-2.3.6-2.5zm18-.4c-.5.2-1-.4-1.2-1.2-.2-1 0-2.1.7-2.5v.5c.2.7.6 1.5 1.3 1.9 0 .7-.2 1.2-.7 1.3zm10-1.6c0 .5.4.7 1 .6.8-.2 1-1 .8-1.6 0-.5-.4-1-1-.8-.5.1-1 .9-.8 1.8zm-14.3-5.5c0-.4-.5-.7-1-.5-.8.2-1 1-.9 1.5.2.6.5 1 1 .8.5 0 1.1-1 1-1.8z" fill="#fff" fill-opacity=".6"/&gt;&lt;/svg&gt;            &lt;/div&gt;
        &lt;/div&gt;
    &lt;/div&gt;
&lt;/div&gt;

&lt;div class="container"&gt;
    &lt;div class="sf-tabs"&gt;
        &lt;div class="tab"&gt;
                        &lt;h3 class="tab-title"&gt;
                                    Exception
                            &lt;/h3&gt;

            &lt;div class="tab-content"&gt;
                &lt;div class="trace trace-as-html" id="trace-box-1"&gt;
    &lt;div class="trace-details"&gt;
        &lt;div class="trace-head"&gt;
            &lt;div class="sf-toggle" data-toggle-selector="#trace-html-1" data-toggle-initial="display"&gt;
                &lt;span class="icon icon-close"&gt;&lt;svg width="1792" height="1792" viewBox="0 0 1792 1792" xmlns="http://www.w3.org/2000/svg"&gt;&lt;path d="M1344 800v64q0 14-9 23t-23 9H480q-14 0-23-9t-9-23v-64q0-14 9-23t23-9h832q14 0 23 9t9 23zm128 448V416q0-66-47-113t-113-47H480q-66 0-113 47t-47 113v832q0 66 47 113t113 47h832q66 0 113-47t47-113zm128-832v832q0 119-84.5 203.5T1312 1536H480q-119 0-203.5-84.5T192 1248V416q0-119 84.5-203.5T480 128h832q119 0 203.5 84.5T1600 416z"/&gt;&lt;/svg&gt;&lt;/span&gt;
                &lt;span class="icon icon-open"&gt;&lt;svg width="1792" height="1792" viewBox="0 0 1792 1792" xmlns="http://www.w3.org/2000/svg"&gt;&lt;path d="M1344 800v64q0 14-9 23t-23 9H960v352q0 14-9 23t-23 9h-64q-14 0-23-9t-9-23V896H480q-14 0-23-9t-9-23v-64q0-14 9-23t23-9h352V416q0-14 9-23t23-9h64q14 0 23 9t9 23v352h352q14 0 23 9t9 23zm128 448V416q0-66-47-113t-113-47H480q-66 0-113 47t-47 113v832q0 66 47 113t113 47h832q66 0 113-47t47-113zm128-832v832q0 119-84.5 203.5T1312 1536H480q-119 0-203.5-84.5T192 1248V416q0-119 84.5-203.5T480 128h832q119 0 203.5 84.5T1600 416z"/&gt;&lt;/svg&gt;&lt;/span&gt;
                                                    &lt;h3 class="trace-class"&gt;
                                                    &lt;span class="trace-namespace"&gt;Twig\Error\&lt;/span&gt;
                                                RuntimeError                    &lt;/h3&gt;
                                            &lt;/div&gt;
                            &lt;details class="exception-properties-wrapper"&gt;
                    &lt;summary&gt;Show exception properties&lt;/summary&gt;
                    &lt;div class="exception-properties"&gt;
                        &lt;script&gt; Sfdump = window.Sfdump || (function (doc) { doc.documentElement.classList.add('sf-js-enabled'); var rxEsc = /([.*+?^${}()|\[\]\/\\])/g, idRx = /\bsf-dump-\d+-ref[012]\w+\b/, keyHint = 0 &lt;= navigator.platform.toUpperCase().indexOf('MAC') ? 'Cmd' : 'Ctrl', addEventListener = function (e, n, cb) { e.addEventListener(n, cb, false); }; if (!doc.addEventListener) { addEventListener = function (element, eventName, callback) { element.attachEvent('on' + eventName, function (e) { e.preventDefault = function () {e.returnValue = false;}; e.target = e.srcElement; callback(e); }); }; } function toggle(a, recursive) { var s = a.nextSibling || {}, oldClass = s.className, arrow, newClass; if (/\bsf-dump-compact\b/.test(oldClass)) { arrow = '&amp;#9660;'; newClass = 'sf-dump-expanded'; } else if (/\bsf-dump-expanded\b/.test(oldClass)) { arrow = '&amp;#9654;'; newClass = 'sf-dump-compact'; } else { return false; } if (doc.createEvent &amp;&amp; s.dispatchEvent) { var event = doc.createEvent('Event'); event.initEvent('sf-dump-expanded' === newClass ? 'sfbeforedumpexpand' : 'sfbeforedumpcollapse', true, false); s.dispatchEvent(event); } a.lastChild.innerHTML = arrow; s.className = s.className.replace(/\bsf-dump-(compact|expanded)\b/, newClass); if (recursive) { try { a = s.querySelectorAll('.'+oldClass); for (s = 0; s &lt; a.length; ++s) { if (-1 == a[s].className.indexOf(newClass)) { a[s].className = newClass; a[s].previousSibling.lastChild.innerHTML = arrow; } } } catch (e) { } } return true; }; function collapse(a, recursive) { var s = a.nextSibling || {}, oldClass = s.className; if (/\bsf-dump-expanded\b/.test(oldClass)) { toggle(a, recursive); return true; } return false; }; function expand(a, recursive) { var s = a.nextSibling || {}, oldClass = s.className; if (/\bsf-dump-compact\b/.test(oldClass)) { toggle(a, recursive); return true; } return false; }; function collapseAll(root) { var a = root.querySelector('a.sf-dump-toggle'); if (a) { collapse(a, true); expand(a); return true; } return false; } function reveal(node) { var previous, parents = []; while ((node = node.parentNode || {}) &amp;&amp; (previous = node.previousSibling) &amp;&amp; 'A' === previous.tagName) { parents.push(previous); } if (0 !== parents.length) { parents.forEach(function (parent) { expand(parent); }); return true; } return false; } function highlight(root, activeNode, nodes) { resetHighlightedNodes(root); Array.from(nodes||[]).forEach(function (node) { if (!/\bsf-dump-highlight\b/.test(node.className)) { node.className = node.className + ' sf-dump-highlight'; } }); if (!/\bsf-dump-highlight-active\b/.test(activeNode.className)) { activeNode.className = activeNode.className + ' sf-dump-highlight-active'; } } function resetHighlightedNodes(root) { Array.from(root.querySelectorAll('.sf-dump-str, .sf-dump-key, .sf-dump-public, .sf-dump-protected, .sf-dump-private')).forEach(function (strNode) { strNode.className = strNode.className.replace(/\bsf-dump-highlight\b/, ''); strNode.className = strNode.className.replace(/\bsf-dump-highlight-active\b/, ''); }); } return function (root, x) { root = doc.getElementById(root); var indentRx = new RegExp('^('+(root.getAttribute('data-indent-pad') || ' ').replace(rxEsc, '\\$1')+')+', 'm'), options = {"maxDepth":1,"maxStringLength":160,"fileLinkFormat":false}, elt = root.getElementsByTagName('A'), len = elt.length, i = 0, s, h, t = []; while (i &lt; len) t.push(elt[i++]); for (i in x) { options[i] = x[i]; } function a(e, f) { addEventListener(root, e, function (e, n) { if ('A' == e.target.tagName) { f(e.target, e); } else if ('A' == e.target.parentNode.tagName) { f(e.target.parentNode, e); } else { n = /\bsf-dump-ellipsis\b/.test(e.target.className) ? e.target.parentNode : e.target; if ((n = n.nextElementSibling) &amp;&amp; 'A' == n.tagName) { if (!/\bsf-dump-toggle\b/.test(n.className)) { n = n.nextElementSibling || n; } f(n, e, true); } } }); }; function isCtrlKey(e) { return e.ctrlKey || e.metaKey; } function xpathString(str) { var parts = str.match(/[^'"]+|['"]/g).map(function (part) { if ("'" == part) { return '"\'"'; } if ('"' == part) { return "'\"'"; } return "'" + part + "'"; }); return "concat(" + parts.join(",") + ", '')"; } function xpathHasClass(className) { return "contains(concat(' ', normalize-space(@class), ' '), ' " + className +" ')"; } a('mouseover', function (a, e, c) { if (c) { e.target.style.cursor = "pointer"; } }); a('click', function (a, e, c) { if (/\bsf-dump-toggle\b/.test(a.className)) { e.preventDefault(); if (!toggle(a, isCtrlKey(e))) { var r = doc.getElementById(a.getAttribute('href').slice(1)), s = r.previousSibling, f = r.parentNode, t = a.parentNode; t.replaceChild(r, a); f.replaceChild(a, s); t.insertBefore(s, r); f = f.firstChild.nodeValue.match(indentRx); t = t.firstChild.nodeValue.match(indentRx); if (f &amp;&amp; t &amp;&amp; f[0] !== t[0]) { r.innerHTML = r.innerHTML.replace(new RegExp('^'+f[0].replace(rxEsc, '\\$1'), 'mg'), t[0]); } if (/\bsf-dump-compact\b/.test(r.className)) { toggle(s, isCtrlKey(e)); } } if (c) { } else if (doc.getSelection) { try { doc.getSelection().removeAllRanges(); } catch (e) { doc.getSelection().empty(); } } else { doc.selection.empty(); } } else if (/\bsf-dump-str-toggle\b/.test(a.className)) { e.preventDefault(); e = a.parentNode.parentNode; e.className = e.className.replace(/\bsf-dump-str-(expand|collapse)\b/, a.parentNode.className); } }); elt = root.getElementsByTagName('SAMP'); len = elt.length; i = 0; while (i &lt; len) t.push(elt[i++]); len = t.length; for (i = 0; i &lt; len; ++i) { elt = t[i]; if ('SAMP' == elt.tagName) { a = elt.previousSibling || {}; if ('A' != a.tagName) { a = doc.createElement('A'); a.className = 'sf-dump-ref'; elt.parentNode.insertBefore(a, elt); } else { a.innerHTML += ' '; } a.title = (a.title ? a.title+'\n[' : '[')+keyHint+'+click] Expand all children'; a.innerHTML += elt.className == 'sf-dump-compact' ? '&lt;span&gt;&amp;#9654;&lt;/span&gt;' : '&lt;span&gt;&amp;#9660;&lt;/span&gt;'; a.className += ' sf-dump-toggle'; x = 1; if ('sf-dump' != elt.parentNode.className) { x += elt.parentNode.getAttribute('data-depth')/1; } } else if (/\bsf-dump-ref\b/.test(elt.className) &amp;&amp; (a = elt.getAttribute('href'))) { a = a.slice(1); elt.className += ' sf-dump-hover'; elt.className += ' '+a; if (/[\[{]$/.test(elt.previousSibling.nodeValue)) { a = a != elt.nextSibling.id &amp;&amp; doc.getElementById(a); try { s = a.nextSibling; elt.appendChild(a); s.parentNode.insertBefore(a, s); if (/^[@#]/.test(elt.innerHTML)) { elt.innerHTML += ' &lt;span&gt;&amp;#9654;&lt;/span&gt;'; } else { elt.innerHTML = '&lt;span&gt;&amp;#9654;&lt;/span&gt;'; elt.className = 'sf-dump-ref'; } elt.className += ' sf-dump-toggle'; } catch (e) { if ('&amp;' == elt.innerHTML.charAt(0)) { elt.innerHTML = '&amp;#8230;'; elt.className = 'sf-dump-ref'; } } } } } if (doc.evaluate &amp;&amp; Array.from &amp;&amp; root.children.length &gt; 1) { root.setAttribute('tabindex', 0); SearchState = function () { this.nodes = []; this.idx = 0; }; SearchState.prototype = { next: function () { if (this.isEmpty()) { return this.current(); } this.idx = this.idx &lt; (this.nodes.length - 1) ? this.idx + 1 : 0; return this.current(); }, previous: function () { if (this.isEmpty()) { return this.current(); } this.idx = this.idx &gt; 0 ? this.idx - 1 : (this.nodes.length - 1); return this.current(); }, isEmpty: function () { return 0 === this.count(); }, current: function () { if (this.isEmpty()) { return null; } return this.nodes[this.idx]; }, reset: function () { this.nodes = []; this.idx = 0; }, count: function () { return this.nodes.length; }, }; function showCurrent(state) { var currentNode = state.current(), currentRect, searchRect; if (currentNode) { reveal(currentNode); highlight(root, currentNode, state.nodes); if ('scrollIntoView' in currentNode) { currentNode.scrollIntoView(true); currentRect = currentNode.getBoundingClientRect(); searchRect = search.getBoundingClientRect(); if (currentRect.top &lt; (searchRect.top + searchRect.height)) { window.scrollBy(0, -(searchRect.top + searchRect.height + 5)); } } } counter.textContent = (state.isEmpty() ? 0 : state.idx + 1) + ' of ' + state.count(); } var search = doc.createElement('div'); search.className = 'sf-dump-search-wrapper sf-dump-search-hidden'; search.innerHTML = ' &lt;input type="text" class="sf-dump-search-input"&gt; &lt;span class="sf-dump-search-count"&gt;0 of 0&lt;\/span&gt; &lt;button type="button" class="sf-dump-search-input-previous" tabindex="-1"&gt; &lt;svg viewBox="0 0 1792 1792" xmlns="http://www.w3.org/2000/svg"&gt;&lt;path d="M1683 1331l-166 165q-19 19-45 19t-45-19L896 965l-531 531q-19 19-45 19t-45-19l-166-165q-19-19-19-45.5t19-45.5l742-741q19-19 45-19t45 19l742 741q19 19 19 45.5t-19 45.5z"\/&gt;&lt;\/svg&gt; &lt;\/button&gt; &lt;button type="button" class="sf-dump-search-input-next" tabindex="-1"&gt; &lt;svg viewBox="0 0 1792 1792" xmlns="http://www.w3.org/2000/svg"&gt;&lt;path d="M1683 808l-742 741q-19 19-45 19t-45-19L109 808q-19-19-19-45.5t19-45.5l166-165q19-19 45-19t45 19l531 531 531-531q19-19 45-19t45 19l166 165q19 19 19 45.5t-19 45.5z"\/&gt;&lt;\/svg&gt; &lt;\/button&gt; '; root.insertBefore(search, root.firstChild); var state = new SearchState(); var searchInput = search.querySelector('.sf-dump-search-input'); var counter = search.querySelector('.sf-dump-search-count'); var searchInputTimer = 0; var previousSearchQuery = ''; addEventListener(searchInput, 'keyup', function (e) { var searchQuery = e.target.value; /* Don't perform anything if the pressed key didn't change the query */ if (searchQuery === previousSearchQuery) { return; } previousSearchQuery = searchQuery; clearTimeout(searchInputTimer); searchInputTimer = setTimeout(function () { state.reset(); collapseAll(root); resetHighlightedNodes(root); if ('' === searchQuery) { counter.textContent = '0 of 0'; return; } var classMatches = [ "sf-dump-str", "sf-dump-key", "sf-dump-public", "sf-dump-protected", "sf-dump-private", ].map(xpathHasClass).join(' or '); var xpathResult = doc.evaluate('.//span[' + classMatches + '][contains(translate(child::text(), ' + xpathString(searchQuery.toUpperCase()) + ', ' + xpathString(searchQuery.toLowerCase()) + '), ' + xpathString(searchQuery.toLowerCase()) + ')]', root, null, XPathResult.ORDERED_NODE_ITERATOR_TYPE, null); while (node = xpathResult.iterateNext()) state.nodes.push(node); showCurrent(state); }, 400); }); Array.from(search.querySelectorAll('.sf-dump-search-input-next, .sf-dump-search-input-previous')).forEach(function (btn) { addEventListener(btn, 'click', function (e) { e.preventDefault(); -1 !== e.target.className.indexOf('next') ? state.next() : state.previous(); searchInput.focus(); collapseAll(root); showCurrent(state); }) }); addEventListener(root, 'keydown', function (e) { var isSearchActive = !/\bsf-dump-search-hidden\b/.test(search.className); if ((114 === e.keyCode &amp;&amp; !isSearchActive) || (isCtrlKey(e) &amp;&amp; 70 === e.keyCode)) { /* F3 or CMD/CTRL + F */ if (70 === e.keyCode &amp;&amp; document.activeElement === searchInput) { /* * If CMD/CTRL + F is hit while having focus on search input, * the user probably meant to trigger browser search instead. * Let the browser execute its behavior: */ return; } e.preventDefault(); search.className = search.className.replace(/\bsf-dump-search-hidden\b/, ''); searchInput.focus(); } else if (isSearchActive) { if (27 === e.keyCode) { /* ESC key */ search.className += ' sf-dump-search-hidden'; e.preventDefault(); resetHighlightedNodes(root); searchInput.value = ''; } else if ( (isCtrlKey(e) &amp;&amp; 71 === e.keyCode) /* CMD/CTRL + G */ || 13 === e.keyCode /* Enter */ || 114 === e.keyCode /* F3 */ ) { e.preventDefault(); e.shiftKey ? state.previous() : state.next(); collapseAll(root); showCurrent(state); } } }); } if (0 &gt;= options.maxStringLength) { return; } try { elt = root.querySelectorAll('.sf-dump-str'); len = elt.length; i = 0; t = []; while (i &lt; len) t.push(elt[i++]); len = t.length; for (i = 0; i &lt; len; ++i) { elt = t[i]; s = elt.innerText || elt.textContent; x = s.length - options.maxStringLength; if (0 &lt; x) { h = elt.innerHTML; elt[elt.innerText ? 'innerText' : 'textContent'] = s.substring(0, options.maxStringLength); elt.className += ' sf-dump-str-collapse'; elt.innerHTML = '&lt;span class=sf-dump-str-collapse&gt;'+h+'&lt;a class="sf-dump-ref sf-dump-str-toggle" title="Collapse"&gt; &amp;#9664;&lt;/a&gt;&lt;/span&gt;'+ '&lt;span class=sf-dump-str-expand&gt;'+elt.innerHTML+'&lt;a class="sf-dump-ref sf-dump-str-toggle" title="'+x+' remaining characters"&gt; &amp;#9654;&lt;/a&gt;&lt;/span&gt;'; } } } catch (e) { } }; })(document); &lt;/script&gt;&lt;style&gt; .sf-js-enabled pre.sf-dump .sf-dump-compact, .sf-js-enabled .sf-dump-str-collapse .sf-dump-str-collapse, .sf-js-enabled .sf-dump-str-expand .sf-dump-str-expand { display: none; } .sf-dump-hover:hover { background-color: #B729D9; color: #FFF !important; border-radius: 2px; } pre.sf-dump { display: block; white-space: pre; padding: 5px; overflow: initial !important; } pre.sf-dump:after { content: ""; visibility: hidden; display: block; height: 0; clear: both; } pre.sf-dump .sf-dump-ellipsization { display: inline-flex; } pre.sf-dump a { text-decoration: none; cursor: pointer; border: 0; outline: none; color: inherit; } pre.sf-dump img { max-width: 50em; max-height: 50em; margin: .5em 0 0 0; padding: 0; background: url(data:image/png;base64,iVBORw0KGgoAAAANSUhEUgAAABAAAAAQCAAAAAA6mKC9AAAAHUlEQVQY02O8zAABilCaiQEN0EeA8QuUcX9g3QEAAjcC5piyhyEAAAAASUVORK5CYII=) #D3D3D3; } pre.sf-dump .sf-dump-ellipsis { text-overflow: ellipsis; white-space: nowrap; overflow: hidden; } pre.sf-dump .sf-dump-ellipsis-tail { flex-shrink: 0; } pre.sf-dump code { display:inline; padding:0; background:none; } .sf-dump-public.sf-dump-highlight, .sf-dump-protected.sf-dump-highlight, .sf-dump-private.sf-dump-highlight, .sf-dump-str.sf-dump-highlight, .sf-dump-key.sf-dump-highlight { background: rgba(111, 172, 204, 0.3); border: 1px solid #7DA0B1; border-radius: 3px; } .sf-dump-public.sf-dump-highlight-active, .sf-dump-protected.sf-dump-highlight-active, .sf-dump-private.sf-dump-highlight-active, .sf-dump-str.sf-dump-highlight-active, .sf-dump-key.sf-dump-highlight-active { background: rgba(253, 175, 0, 0.4); border: 1px solid #ffa500; border-radius: 3px; } pre.sf-dump .sf-dump-search-hidden { display: none !important; } pre.sf-dump .sf-dump-search-wrapper { font-size: 0; white-space: nowrap; margin-bottom: 5px; display: flex; position: -webkit-sticky; position: sticky; top: 5px; } pre.sf-dump .sf-dump-search-wrapper &gt; * { vertical-align: top; box-sizing: border-box; height: 21px; font-weight: normal; border-radius: 0; background: #FFF; color: #757575; border: 1px solid #BBB; } pre.sf-dump .sf-dump-search-wrapper &gt; input.sf-dump-search-input { padding: 3px; height: 21px; font-size: 12px; border-right: none; border-top-left-radius: 3px; border-bottom-left-radius: 3px; color: #000; min-width: 15px; width: 100%; } pre.sf-dump .sf-dump-search-wrapper &gt; .sf-dump-search-input-next, pre.sf-dump .sf-dump-search-wrapper &gt; .sf-dump-search-input-previous { background: #F2F2F2; outline: none; border-left: none; font-size: 0; line-height: 0; } pre.sf-dump .sf-dump-search-wrapper &gt; .sf-dump-search-input-next { border-top-right-radius: 3px; border-bottom-right-radius: 3px; } pre.sf-dump .sf-dump-search-wrapper &gt; .sf-dump-search-input-next &gt; svg, pre.sf-dump .sf-dump-search-wrapper &gt; .sf-dump-search-input-previous &gt; svg { pointer-events: none; width: 12px; height: 12px; } pre.sf-dump .sf-dump-search-wrapper &gt; .sf-dump-search-count { display: inline-block; padding: 0 5px; margin: 0; border-left: none; line-height: 21px; font-size: 12px; }pre.sf-dump, pre.sf-dump .sf-dump-default{background:none; color:#CC7832; line-height:1.2em; font:12px Menlo, Monaco, Consolas, monospace; word-wrap: break-word; white-space: pre-wrap; position:relative; z-index:99999; word-break: break-all}pre.sf-dump .sf-dump-num{font-weight:bold; color:#1299DA}pre.sf-dump .sf-dump-const{font-weight:bold}pre.sf-dump .sf-dump-str{font-weight:bold; color:#629755;}pre.sf-dump .sf-dump-note{color:#6897BB}pre.sf-dump .sf-dump-ref{color:#6E6E6E}pre.sf-dump .sf-dump-public{color:#262626}pre.sf-dump .sf-dump-protected{color:#262626}pre.sf-dump .sf-dump-private{color:#262626}pre.sf-dump .sf-dump-meta{color:#B729D9}pre.sf-dump .sf-dump-key{color:#789339}pre.sf-dump .sf-dump-index{color:#1299DA}pre.sf-dump .sf-dump-ellipsis{color:#CC7832}pre.sf-dump .sf-dump-ns{user-select:none;}pre.sf-dump .sf-dump-ellipsis-note{color:#6897BB}&lt;/style&gt;&lt;pre class=sf-dump id=sf-dump-1082980003 data-indent-pad="  "&gt;&lt;span class=sf-dump-note&gt;Twig\Error\RuntimeError&lt;/span&gt; {&lt;a class=sf-dump-ref&gt;#2248&lt;/a&gt;&lt;samp data-depth=1 class=sf-dump-expanded&gt;
  -&lt;span class=sf-dump-private title="Private property defined in class:&amp;#10;`Twig\Error\Error`"&gt;lineno&lt;/span&gt;: &lt;span class=sf-dump-num&gt;53&lt;/span&gt;
  -&lt;span class=sf-dump-private title="Private property defined in class:&amp;#10;`Twig\Error\Error`"&gt;rawMessage&lt;/span&gt;: "&lt;span class=sf-dump-str title="61 characters"&gt;Impossible to access an attribute (&amp;quot;nom&amp;quot;) on a null variable.&lt;/span&gt;"
  -&lt;span class=sf-dump-private title="Private property defined in class:&amp;#10;`Twig\Error\Error`"&gt;source&lt;/span&gt;: &lt;span class="sf-dump-note sf-dump-ellipsization" title="Twig\Source
"&gt;&lt;span class="sf-dump-ellipsis sf-dump-ellipsis-note"&gt;Twig&lt;/span&gt;&lt;span class="sf-dump-ellipsis sf-dump-ellipsis-note"&gt;\&lt;/span&gt;&lt;span class="sf-dump-ellipsis-tail"&gt;Source&lt;/span&gt;&lt;/span&gt; {&lt;a class=sf-dump-ref&gt;#14152&lt;/a&gt;&lt;samp data-depth=2 class=sf-dump-compact&gt;
    -&lt;span class=sf-dump-private title="Private property defined in class:&amp;#10;`Twig\Source`"&gt;code&lt;/span&gt;: """
      &lt;span class=sf-dump-str title="15563 characters"&gt;&amp;lt;!-- Profile Modal Component --&amp;gt;&lt;span class="sf-dump-default sf-dump-ns"&gt;\r\n&lt;/span&gt;&lt;/span&gt;
      &lt;span class=sf-dump-str title="15563 characters"&gt;&amp;lt;div class=&amp;quot;profile-modal-overlay&amp;quot; id=&amp;quot;profileModal&amp;quot; style=&amp;quot;display: none;&amp;quot;&amp;gt;&lt;span class="sf-dump-default sf-dump-ns"&gt;\r\n&lt;/span&gt;&lt;/span&gt;
      &lt;span class=sf-dump-str title="15563 characters"&gt;    &amp;lt;div class=&amp;quot;profile-modal&amp;quot;&amp;gt;&lt;span class="sf-dump-default sf-dump-ns"&gt;\r\n&lt;/span&gt;&lt;/span&gt;
      &lt;span class=sf-dump-str title="15563 characters"&gt;        &amp;lt;div class=&amp;quot;profile-modal-header&amp;quot;&amp;gt;&lt;span class="sf-dump-default sf-dump-ns"&gt;\r\n&lt;/span&gt;&lt;/span&gt;
      &lt;span class=sf-dump-str title="15563 characters"&gt;            &amp;lt;h3 style=&amp;quot;margin: 0; color: white;&amp;quot;&amp;gt;Informations de l&amp;#039;utilisateur&amp;lt;/h3&amp;gt;&lt;span class="sf-dump-default sf-dump-ns"&gt;\r\n&lt;/span&gt;&lt;/span&gt;
      &lt;span class=sf-dump-str title="15563 characters"&gt;            &amp;lt;button type=&amp;quot;button&amp;quot; class=&amp;quot;close-modal-btn&amp;quot; onclick=&amp;quot;closeProfileModal()&amp;quot;&amp;gt;&amp;amp;times;&amp;lt;/button&amp;gt;&lt;span class="sf-dump-default sf-dump-ns"&gt;\r\n&lt;/span&gt;&lt;/span&gt;
      &lt;span class=sf-dump-str title="15563 characters"&gt;        &amp;lt;/div&amp;gt;&lt;span class="sf-dump-default sf-dump-ns"&gt;\r\n&lt;/span&gt;&lt;/span&gt;
      &lt;span class=sf-dump-str title="15563 characters"&gt;        &lt;span class="sf-dump-default sf-dump-ns"&gt;\r\n&lt;/span&gt;&lt;/span&gt;
      &lt;span class=sf-dump-str title="15563 characters"&gt;        &amp;lt;form id=&amp;quot;profileUpdateForm&amp;quot; enctype=&amp;quot;multipart/form-data&amp;quot; novalidate=&amp;quot;novalidate&amp;quot;&amp;gt;&lt;span class="sf-dump-default sf-dump-ns"&gt;\r\n&lt;/span&gt;&lt;/span&gt;
      &lt;span class=sf-dump-str title="15563 characters"&gt;            &amp;lt;div class=&amp;quot;profile-modal-body&amp;quot;&amp;gt;&lt;span class="sf-dump-default sf-dump-ns"&gt;\r\n&lt;/span&gt;&lt;/span&gt;
      &lt;span class=sf-dump-str title="15563 characters"&gt;                &amp;lt;!-- Colonne Gauche : Avatar --&amp;gt;&lt;span class="sf-dump-default sf-dump-ns"&gt;\r\n&lt;/span&gt;&lt;/span&gt;
      &lt;span class=sf-dump-str title="15563 characters"&gt;                &amp;lt;div class=&amp;quot;profile-avatar-section&amp;quot;&amp;gt;&lt;span class="sf-dump-default sf-dump-ns"&gt;\r\n&lt;/span&gt;&lt;/span&gt;
      &lt;span class=sf-dump-str title="15563 characters"&gt;                    &amp;lt;div class=&amp;quot;profile-avatar-preview&amp;quot; id=&amp;quot;avatarPreviewContainer&amp;quot;&amp;gt;&lt;span class="sf-dump-default sf-dump-ns"&gt;\r\n&lt;/span&gt;&lt;/span&gt;
      &lt;span class=sf-dump-str title="15563 characters"&gt;                        &amp;lt;div id=&amp;quot;currentAvatarWrapper&amp;quot; style=&amp;quot;width: 100%; height: 100%;&amp;quot;&amp;gt;&lt;span class="sf-dump-default sf-dump-ns"&gt;\r\n&lt;/span&gt;&lt;/span&gt;
      &lt;span class=sf-dump-str title="15563 characters"&gt;                            {% include &amp;#039;components/_avatar.html.twig&amp;#039; with {&amp;#039;user&amp;#039;: app.user, &amp;#039;size&amp;#039;: &amp;#039;100%&amp;#039;, &amp;#039;fontSize&amp;#039;: &amp;#039;2rem&amp;#039;} %}&lt;span class="sf-dump-default sf-dump-ns"&gt;\r\n&lt;/span&gt;&lt;/span&gt;
      &lt;span class=sf-dump-str title="15563 characters"&gt;                        &amp;lt;/div&amp;gt;&lt;span class="sf-dump-default sf-dump-ns"&gt;\r\n&lt;/span&gt;&lt;/span&gt;
      &lt;span class=sf-dump-str title="15563 characters"&gt;                        &amp;lt;img src=&amp;quot;#&amp;quot; id=&amp;quot;avatarPreview&amp;quot; alt=&amp;quot;Avatar&amp;quot; style=&amp;quot;display: none; width: 100%; height: 100%; object-fit: cover; border-radius: 50%;&amp;quot;&amp;gt;&lt;span class="sf-dump-default sf-dump-ns"&gt;\r\n&lt;/span&gt;&lt;/span&gt;
      &lt;span class=sf-dump-str title="15563 characters"&gt;                    &amp;lt;/div&amp;gt;&lt;span class="sf-dump-default sf-dump-ns"&gt;\r\n&lt;/span&gt;&lt;/span&gt;
      &lt;span class=sf-dump-str title="15563 characters"&gt;                    &amp;lt;label class=&amp;quot;btn-outline-green btn-file-upload&amp;quot; style=&amp;quot;cursor: pointer; padding: 6px 14px; border-radius: 6px; border: 1px solid var(--primary-green); color: var(--primary-green); white-space: nowrap; font-size: 0.85rem; margin-top: 8px;&amp;quot;&amp;gt;&lt;span class="sf-dump-default sf-dump-ns"&gt;\r\n&lt;/span&gt;&lt;/span&gt;
      &lt;span class=sf-dump-str title="15563 characters"&gt;                        Choisir Photo &amp;lt;input type=&amp;quot;file&amp;quot; name=&amp;quot;photo&amp;quot; accept=&amp;quot;image/*&amp;quot; style=&amp;quot;display: none;&amp;quot; onchange=&amp;quot;previewImage(event)&amp;quot;&amp;gt;&lt;span class="sf-dump-default sf-dump-ns"&gt;\r\n&lt;/span&gt;&lt;/span&gt;
      &lt;span class=sf-dump-str title="15563 characters"&gt;                    &amp;lt;/label&amp;gt;&lt;span class="sf-dump-default sf-dump-ns"&gt;\r\n&lt;/span&gt;&lt;/span&gt;
      &lt;span class=sf-dump-str title="15563 characters"&gt;                    {% if app.user.hasFaceAuth is defined %}&lt;span class="sf-dump-default sf-dump-ns"&gt;\r\n&lt;/span&gt;&lt;/span&gt;
      &lt;span class=sf-dump-str title="15563 characters"&gt;                    &amp;lt;div style=&amp;quot;margin-top: 12px; width: 100%; background: rgba(0,0,0,0.03); padding: 12px; border-radius: 10px; border: 1px dashed #ddd; text-align: center;&amp;quot;&amp;gt;&lt;span class="sf-dump-default sf-dump-ns"&gt;\r\n&lt;/span&gt;&lt;/span&gt;
      &lt;span class=sf-dump-str title="15563 characters"&gt;                        &amp;lt;h4 style=&amp;quot;margin: 0 0 8px 0; font-size: 0.8rem; color: #64748b; text-transform: uppercase; letter-spacing: 0.5px;&amp;quot;&amp;gt;Biom&amp;#233;trie&amp;lt;/h4&amp;gt;&lt;span class="sf-dump-default sf-dump-ns"&gt;\r\n&lt;/span&gt;&lt;/span&gt;
      &lt;span class=sf-dump-str title="15563 characters"&gt;                        {% if app.user.hasFaceAuth() %}&lt;span class="sf-dump-default sf-dump-ns"&gt;\r\n&lt;/span&gt;&lt;/span&gt;
      &lt;span class=sf-dump-str title="15563 characters"&gt;                            &amp;lt;div style=&amp;quot;color: var(--accent-green); font-weight: 600; font-size: 0.85rem; margin-bottom: 6px;&amp;quot;&amp;gt;&amp;lt;i class=&amp;quot;fas fa-check-circle&amp;quot;&amp;gt;&amp;lt;/i&amp;gt; Visage enregistr&amp;#233;&amp;lt;/div&amp;gt;&lt;span class="sf-dump-default sf-dump-ns"&gt;\r\n&lt;/span&gt;&lt;/span&gt;
      &lt;span class=sf-dump-str title="15563 characters"&gt;                            &amp;lt;button type=&amp;quot;button&amp;quot; class=&amp;quot;btn btn-outline-green&amp;quot; style=&amp;quot;width: 100%; border: 1px solid var(--accent-green); color: var(--accent-green); padding: 6px; border-radius: 6px; cursor: pointer; font-size: 0.8rem; display: flex; align-items: center; justify-content: center; gap: 6px;&amp;quot; onclick=&amp;quot;openFaceRegistrationModal(); closeProfileModal();&amp;quot;&amp;gt;&lt;span class="sf-dump-default sf-dump-ns"&gt;\r\n&lt;/span&gt;&lt;/span&gt;
      &lt;span class=sf-dump-str title="15563 characters"&gt;                                &amp;lt;i class=&amp;quot;fas fa-sync-alt&amp;quot;&amp;gt;&amp;lt;/i&amp;gt; Mettre &amp;#224; jour&lt;span class="sf-dump-default sf-dump-ns"&gt;\r\n&lt;/span&gt;&lt;/span&gt;
      &lt;span class=sf-dump-str title="15563 characters"&gt;                            &amp;lt;/button&amp;gt;&lt;span class="sf-dump-default sf-dump-ns"&gt;\r\n&lt;/span&gt;&lt;/span&gt;
      &lt;span class=sf-dump-str title="15563 characters"&gt;                            &amp;lt;button type=&amp;quot;button&amp;quot; class=&amp;quot;btn&amp;quot; style=&amp;quot;width: 100%; margin-top: 4px; border: 1px solid #ef4444; color: #ef4444; background: transparent; padding: 6px; border-radius: 6px; cursor: pointer; font-size: 0.8rem; display: flex; align-items: center; justify-content: center; gap: 6px;&amp;quot; onclick=&amp;quot;if(confirm(&amp;#039;Supprimer l\&amp;#039;empreinte faciale ?&amp;#039;)) deleteFaceData();&amp;quot;&amp;gt;&lt;span class="sf-dump-default sf-dump-ns"&gt;\r\n&lt;/span&gt;&lt;/span&gt;
      &lt;span class=sf-dump-str title="15563 characters"&gt;                                &amp;lt;i class=&amp;quot;fas fa-trash-alt&amp;quot;&amp;gt;&amp;lt;/i&amp;gt; Supprimer&lt;span class="sf-dump-default sf-dump-ns"&gt;\r\n&lt;/span&gt;&lt;/span&gt;
      &lt;span class=sf-dump-str title="15563 characters"&gt;                            &amp;lt;/button&amp;gt;&lt;span class="sf-dump-default sf-dump-ns"&gt;\r\n&lt;/span&gt;&lt;/span&gt;
      &lt;span class=sf-dump-str title="15563 characters"&gt;                        {% else %}&lt;span class="sf-dump-default sf-dump-ns"&gt;\r\n&lt;/span&gt;&lt;/span&gt;
      &lt;span class=sf-dump-str title="15563 characters"&gt;                            &amp;lt;button type=&amp;quot;button&amp;quot; class=&amp;quot;btn btn-outline-green&amp;quot; style=&amp;quot;width: 100%; border: 1px solid var(--accent-green); color: var(--accent-green); padding: 6px; border-radius: 6px; cursor: pointer; font-size: 0.8rem; display: flex; align-items: center; justify-content: center; gap: 6px;&amp;quot; onclick=&amp;quot;openFaceRegistrationModal(); closeProfileModal();&amp;quot;&amp;gt;&lt;span class="sf-dump-default sf-dump-ns"&gt;\r\n&lt;/span&gt;&lt;/span&gt;
      &lt;span class=sf-dump-str title="15563 characters"&gt;                                &amp;lt;i class=&amp;quot;fas fa-camera&amp;quot;&amp;gt;&amp;lt;/i&amp;gt; Activer Login Facial&lt;span class="sf-dump-default sf-dump-ns"&gt;\r\n&lt;/span&gt;&lt;/span&gt;
      &lt;span class=sf-dump-str title="15563 characters"&gt;                            &amp;lt;/button&amp;gt;&lt;span class="sf-dump-default sf-dump-ns"&gt;\r\n&lt;/span&gt;&lt;/span&gt;
      &lt;span class=sf-dump-str title="15563 characters"&gt;                        {% endif %}&lt;span class="sf-dump-default sf-dump-ns"&gt;\r\n&lt;/span&gt;&lt;/span&gt;
      &lt;span class=sf-dump-str title="15563 characters"&gt;                    &amp;lt;/div&amp;gt;&lt;span class="sf-dump-default sf-dump-ns"&gt;\r\n&lt;/span&gt;&lt;/span&gt;
      &lt;span class=sf-dump-str title="15563 characters"&gt;                    {% endif %}&lt;span class="sf-dump-default sf-dump-ns"&gt;\r\n&lt;/span&gt;&lt;/span&gt;
      &lt;span class=sf-dump-str title="15563 characters"&gt;                &amp;lt;/div&amp;gt;&lt;span class="sf-dump-default sf-dump-ns"&gt;\r\n&lt;/span&gt;&lt;/span&gt;
      &lt;span class=sf-dump-str title="15563 characters"&gt;                &lt;span class="sf-dump-default sf-dump-ns"&gt;\r\n&lt;/span&gt;&lt;/span&gt;
      &lt;span class=sf-dump-str title="15563 characters"&gt;                &amp;lt;!-- Right column: Form fields --&amp;gt;&lt;span class="sf-dump-default sf-dump-ns"&gt;\r\n&lt;/span&gt;&lt;/span&gt;
      &lt;span class=sf-dump-str title="15563 characters"&gt;                &amp;lt;div class=&amp;quot;profile-form-section&amp;quot;&amp;gt;&lt;span class="sf-dump-default sf-dump-ns"&gt;\r\n&lt;/span&gt;&lt;/span&gt;
      &lt;span class=sf-dump-str title="15563 characters"&gt;                    &lt;span class="sf-dump-default sf-dump-ns"&gt;\r\n&lt;/span&gt;&lt;/span&gt;
      &lt;span class=sf-dump-str title="15563 characters"&gt;                    {# Global error banner (only used for unknown errors) #}&lt;span class="sf-dump-default sf-dump-ns"&gt;\r\n&lt;/span&gt;&lt;/span&gt;
      &lt;span class=sf-dump-str title="15563 characters"&gt;                    &amp;lt;div id=&amp;quot;profileErrors&amp;quot; style=&amp;quot;display: none; margin-bottom: 12px; background: rgba(239,68,68,0.08); border-left: 3px solid #ef4444; border-radius: 6px; padding: 10px 14px; color: #b91c1c; font-size: 0.88rem;&amp;quot;&amp;gt;&lt;span class="sf-dump-default sf-dump-ns"&gt;\r\n&lt;/span&gt;&lt;/span&gt;
      &lt;span class=sf-dump-str title="15563 characters"&gt;                        &amp;lt;i class=&amp;quot;fas fa-exclamation-circle&amp;quot;&amp;gt;&amp;lt;/i&amp;gt;&lt;span class="sf-dump-default sf-dump-ns"&gt;\r\n&lt;/span&gt;&lt;/span&gt;
      &lt;span class=sf-dump-str title="15563 characters"&gt;                        &amp;lt;span id=&amp;quot;profileErrorsList&amp;quot;&amp;gt;&amp;lt;/span&amp;gt;&lt;span class="sf-dump-default sf-dump-ns"&gt;\r\n&lt;/span&gt;&lt;/span&gt;
      &lt;span class=sf-dump-str title="15563 characters"&gt;                    &amp;lt;/div&amp;gt;&lt;span class="sf-dump-default sf-dump-ns"&gt;\r\n&lt;/span&gt;&lt;/span&gt;
      &lt;span class=sf-dump-str title="15563 characters"&gt;&lt;span class="sf-dump-default sf-dump-ns"&gt;\r\n&lt;/span&gt;&lt;/span&gt;
      &lt;span class=sf-dump-str title="15563 characters"&gt;                    &amp;lt;div class=&amp;quot;form-row&amp;quot;&amp;gt;&lt;span class="sf-dump-default sf-dump-ns"&gt;\r\n&lt;/span&gt;&lt;/span&gt;
      &lt;span class=sf-dump-str title="15563 characters"&gt;                        &amp;lt;label&amp;gt;Nom:&amp;lt;/label&amp;gt;&lt;span class="sf-dump-default sf-dump-ns"&gt;\r\n&lt;/span&gt;&lt;/span&gt;
      &lt;span class=sf-dump-str title="15563 characters"&gt;                        &amp;lt;input type=&amp;quot;text&amp;quot; name=&amp;quot;nom&amp;quot; id=&amp;quot;pf-nom&amp;quot; class=&amp;quot;profile-input&amp;quot; value=&amp;quot;{{ app.user.nom }}&amp;quot;&amp;gt;&lt;span class="sf-dump-default sf-dump-ns"&gt;\r\n&lt;/span&gt;&lt;/span&gt;
      &lt;span class=sf-dump-str title="15563 characters"&gt;                        &amp;lt;div class=&amp;quot;pf-field-error&amp;quot; id=&amp;quot;err-nom&amp;quot;&amp;gt;&amp;lt;/div&amp;gt;&lt;span class="sf-dump-default sf-dump-ns"&gt;\r\n&lt;/span&gt;&lt;/span&gt;
      &lt;span class=sf-dump-str title="15563 characters"&gt;                    &amp;lt;/div&amp;gt;&lt;span class="sf-dump-default sf-dump-ns"&gt;\r\n&lt;/span&gt;&lt;/span&gt;
      &lt;span class=sf-dump-str title="15563 characters"&gt;                    &lt;span class="sf-dump-default sf-dump-ns"&gt;\r\n&lt;/span&gt;&lt;/span&gt;
      &lt;span class=sf-dump-str title="15563 characters"&gt;                    &amp;lt;div class=&amp;quot;form-row&amp;quot;&amp;gt;&lt;span class="sf-dump-default sf-dump-ns"&gt;\r\n&lt;/span&gt;&lt;/span&gt;
      &lt;span class=sf-dump-str title="15563 characters"&gt;                        &amp;lt;label&amp;gt;Pr&amp;#233;nom:&amp;lt;/label&amp;gt;&lt;span class="sf-dump-default sf-dump-ns"&gt;\r\n&lt;/span&gt;&lt;/span&gt;
      &lt;span class=sf-dump-str title="15563 characters"&gt;                        &amp;lt;input type=&amp;quot;text&amp;quot; name=&amp;quot;prenom&amp;quot; id=&amp;quot;pf-prenom&amp;quot; class=&amp;quot;profile-input&amp;quot; value=&amp;quot;{{ app.user.prenom }}&amp;quot;&amp;gt;&lt;span class="sf-dump-default sf-dump-ns"&gt;\r\n&lt;/span&gt;&lt;/span&gt;
      &lt;span class=sf-dump-str title="15563 characters"&gt;                        &amp;lt;div class=&amp;quot;pf-field-error&amp;quot; id=&amp;quot;err-prenom&amp;quot;&amp;gt;&amp;lt;/div&amp;gt;&lt;span class="sf-dump-default sf-dump-ns"&gt;\r\n&lt;/span&gt;&lt;/span&gt;
      &lt;span class=sf-dump-str title="15563 characters"&gt;                    &amp;lt;/div&amp;gt;&lt;span class="sf-dump-default sf-dump-ns"&gt;\r\n&lt;/span&gt;&lt;/span&gt;
      &lt;span class=sf-dump-str title="15563 characters"&gt;                    &lt;span class="sf-dump-default sf-dump-ns"&gt;\r\n&lt;/span&gt;&lt;/span&gt;
      &lt;span class=sf-dump-str title="15563 characters"&gt;                    &amp;lt;div class=&amp;quot;form-row&amp;quot;&amp;gt;&lt;span class="sf-dump-default sf-dump-ns"&gt;\r\n&lt;/span&gt;&lt;/span&gt;
      &lt;span class=sf-dump-str title="15563 characters"&gt;                        &amp;lt;label&amp;gt;Email:&amp;lt;/label&amp;gt;&lt;span class="sf-dump-default sf-dump-ns"&gt;\r\n&lt;/span&gt;&lt;/span&gt;
      &lt;span class=sf-dump-str title="15563 characters"&gt;                        &amp;lt;input type=&amp;quot;email&amp;quot; name=&amp;quot;email&amp;quot; id=&amp;quot;pf-email&amp;quot; class=&amp;quot;profile-input&amp;quot; value=&amp;quot;{{ app.user.email }}&amp;quot;&amp;gt;&lt;span class="sf-dump-default sf-dump-ns"&gt;\r\n&lt;/span&gt;&lt;/span&gt;
      &lt;span class=sf-dump-str title="15563 characters"&gt;                        &amp;lt;div class=&amp;quot;pf-field-error&amp;quot; id=&amp;quot;err-email&amp;quot;&amp;gt;&amp;lt;/div&amp;gt;&lt;span class="sf-dump-default sf-dump-ns"&gt;\r\n&lt;/span&gt;&lt;/span&gt;
      &lt;span class=sf-dump-str title="15563 characters"&gt;                    &amp;lt;/div&amp;gt;&lt;span class="sf-dump-default sf-dump-ns"&gt;\r\n&lt;/span&gt;&lt;/span&gt;
      &lt;span class=sf-dump-str title="15563 characters"&gt;                    &lt;span class="sf-dump-default sf-dump-ns"&gt;\r\n&lt;/span&gt;&lt;/span&gt;
      &lt;span class=sf-dump-str title="15563 characters"&gt;                    &amp;lt;div class=&amp;quot;form-row&amp;quot;&amp;gt;&lt;span class="sf-dump-default sf-dump-ns"&gt;\r\n&lt;/span&gt;&lt;/span&gt;
      &lt;span class=sf-dump-str title="15563 characters"&gt;                        &amp;lt;label&amp;gt;CIN:&amp;lt;/label&amp;gt;&lt;span class="sf-dump-default sf-dump-ns"&gt;\r\n&lt;/span&gt;&lt;/span&gt;
      &lt;span class=sf-dump-str title="15563 characters"&gt;                        &amp;lt;input type=&amp;quot;text&amp;quot; name=&amp;quot;cin&amp;quot; id=&amp;quot;pf-cin&amp;quot; class=&amp;quot;profile-input&amp;quot; value=&amp;quot;{{ app.user.cin }}&amp;quot;&amp;gt;&lt;span class="sf-dump-default sf-dump-ns"&gt;\r\n&lt;/span&gt;&lt;/span&gt;
      &lt;span class=sf-dump-str title="15563 characters"&gt;                        &amp;lt;div class=&amp;quot;pf-field-error&amp;quot; id=&amp;quot;err-cin&amp;quot;&amp;gt;&amp;lt;/div&amp;gt;&lt;span class="sf-dump-default sf-dump-ns"&gt;\r\n&lt;/span&gt;&lt;/span&gt;
      &lt;span class=sf-dump-str title="15563 characters"&gt;                    &amp;lt;/div&amp;gt;&lt;span class="sf-dump-default sf-dump-ns"&gt;\r\n&lt;/span&gt;&lt;/span&gt;
      &lt;span class=sf-dump-str title="15563 characters"&gt;                    &lt;span class="sf-dump-default sf-dump-ns"&gt;\r\n&lt;/span&gt;&lt;/span&gt;
      &lt;span class=sf-dump-str title="15563 characters"&gt;                    &amp;lt;div class=&amp;quot;form-row&amp;quot;&amp;gt;&lt;span class="sf-dump-default sf-dump-ns"&gt;\r\n&lt;/span&gt;&lt;/span&gt;
      &lt;span class=sf-dump-str title="15563 characters"&gt;                        &amp;lt;label&amp;gt;T&amp;#233;l&amp;#233;phone:&amp;lt;/label&amp;gt;&lt;span class="sf-dump-default sf-dump-ns"&gt;\r\n&lt;/span&gt;&lt;/span&gt;
      &lt;span class=sf-dump-str title="15563 characters"&gt;                        &amp;lt;input type=&amp;quot;text&amp;quot; name=&amp;quot;telephone&amp;quot; id=&amp;quot;pf-telephone&amp;quot; class=&amp;quot;profile-input&amp;quot; value=&amp;quot;{{ app.user.telephone }}&amp;quot;&amp;gt;&lt;span class="sf-dump-default sf-dump-ns"&gt;\r\n&lt;/span&gt;&lt;/span&gt;
      &lt;span class=sf-dump-str title="15563 characters"&gt;                        &amp;lt;div class=&amp;quot;pf-field-error&amp;quot; id=&amp;quot;err-telephone&amp;quot;&amp;gt;&amp;lt;/div&amp;gt;&lt;span class="sf-dump-default sf-dump-ns"&gt;\r\n&lt;/span&gt;&lt;/span&gt;
      &lt;span class=sf-dump-str title="15563 characters"&gt;                    &amp;lt;/div&amp;gt;&lt;span class="sf-dump-default sf-dump-ns"&gt;\r\n&lt;/span&gt;&lt;/span&gt;
      &lt;span class=sf-dump-str title="15563 characters"&gt;                    &lt;span class="sf-dump-default sf-dump-ns"&gt;\r\n&lt;/span&gt;&lt;/span&gt;
      &lt;span class=sf-dump-str title="15563 characters"&gt;                    &amp;lt;div class=&amp;quot;form-row&amp;quot;&amp;gt;&lt;span class="sf-dump-default sf-dump-ns"&gt;\r\n&lt;/span&gt;&lt;/span&gt;
      &lt;span class=sf-dump-str title="15563 characters"&gt;                        &amp;lt;label&amp;gt;Adresse:&amp;lt;/label&amp;gt;&lt;span class="sf-dump-default sf-dump-ns"&gt;\r\n&lt;/span&gt;&lt;/span&gt;
      &lt;span class=sf-dump-str title="15563 characters"&gt;                        &amp;lt;input type=&amp;quot;text&amp;quot; name=&amp;quot;adresse&amp;quot; id=&amp;quot;pf-adresse&amp;quot; class=&amp;quot;profile-input&amp;quot; value=&amp;quot;{{ app.user.adresse }}&amp;quot;&amp;gt;&lt;span class="sf-dump-default sf-dump-ns"&gt;\r\n&lt;/span&gt;&lt;/span&gt;
      &lt;span class=sf-dump-str title="15563 characters"&gt;                        &amp;lt;div class=&amp;quot;pf-field-error&amp;quot; id=&amp;quot;err-adresse&amp;quot;&amp;gt;&amp;lt;/div&amp;gt;&lt;span class="sf-dump-default sf-dump-ns"&gt;\r\n&lt;/span&gt;&lt;/span&gt;
      &lt;span class=sf-dump-str title="15563 characters"&gt;                    &amp;lt;/div&amp;gt;&lt;span class="sf-dump-default sf-dump-ns"&gt;\r\n&lt;/span&gt;&lt;/span&gt;
      &lt;span class=sf-dump-str title="15563 characters"&gt;                    &lt;span class="sf-dump-default sf-dump-ns"&gt;\r\n&lt;/span&gt;&lt;/span&gt;
      &lt;span class=sf-dump-str title="15563 characters"&gt;                    &amp;lt;div class=&amp;quot;form-row&amp;quot;&amp;gt;&lt;span class="sf-dump-default sf-dump-ns"&gt;\r\n&lt;/span&gt;&lt;/span&gt;
      &lt;span class=sf-dump-str title="15563 characters"&gt;                        &amp;lt;label&amp;gt;Mot de passe:&amp;lt;/label&amp;gt;&lt;span class="sf-dump-default sf-dump-ns"&gt;\r\n&lt;/span&gt;&lt;/span&gt;
      &lt;span class=sf-dump-str title="15563 characters"&gt;                        &amp;lt;input type=&amp;quot;password&amp;quot; name=&amp;quot;password&amp;quot; id=&amp;quot;pf-password&amp;quot; class=&amp;quot;profile-input&amp;quot; placeholder=&amp;quot;Nouveau mot de passe (min. 6 caract.)&amp;quot;&amp;gt;&lt;span class="sf-dump-default sf-dump-ns"&gt;\r\n&lt;/span&gt;&lt;/span&gt;
      &lt;span class=sf-dump-str title="15563 characters"&gt;                        &amp;lt;div class=&amp;quot;pf-field-error&amp;quot; id=&amp;quot;err-password&amp;quot;&amp;gt;&amp;lt;/div&amp;gt;&lt;span class="sf-dump-default sf-dump-ns"&gt;\r\n&lt;/span&gt;&lt;/span&gt;
      &lt;span class=sf-dump-str title="15563 characters"&gt;                    &amp;lt;/div&amp;gt;&lt;span class="sf-dump-default sf-dump-ns"&gt;\r\n&lt;/span&gt;&lt;/span&gt;
      &lt;span class=sf-dump-str title="15563 characters"&gt;                    &lt;span class="sf-dump-default sf-dump-ns"&gt;\r\n&lt;/span&gt;&lt;/span&gt;
      &lt;span class=sf-dump-str title="15563 characters"&gt;                    &amp;lt;div class=&amp;quot;form-row&amp;quot;&amp;gt;&lt;span class="sf-dump-default sf-dump-ns"&gt;\r\n&lt;/span&gt;&lt;/span&gt;
      &lt;span class=sf-dump-str title="15563 characters"&gt;                        &amp;lt;label&amp;gt;R&amp;#244;le:&amp;lt;/label&amp;gt;&lt;span class="sf-dump-default sf-dump-ns"&gt;\r\n&lt;/span&gt;&lt;/span&gt;
      &lt;span class=sf-dump-str title="15563 characters"&gt;                        {% if is_granted(&amp;#039;ROLE_ADMIN&amp;#039;) %}&lt;span class="sf-dump-default sf-dump-ns"&gt;\r\n&lt;/span&gt;&lt;/span&gt;
      &lt;span class=sf-dump-str title="15563 characters"&gt;                            &amp;lt;select name=&amp;quot;role&amp;quot; class=&amp;quot;profile-input&amp;quot;&amp;gt;&lt;span class="sf-dump-default sf-dump-ns"&gt;\r\n&lt;/span&gt;&lt;/span&gt;
      &lt;span class=sf-dump-str title="15563 characters"&gt;                                &amp;lt;option value=&amp;quot;ADMIN&amp;quot; {% if &amp;#039;ROLE_ADMIN&amp;#039; in app.user.roles %}selected{% endif %}&amp;gt;ADMIN&amp;lt;/option&amp;gt;&lt;span class="sf-dump-default sf-dump-ns"&gt;\r\n&lt;/span&gt;&lt;/span&gt;
      &lt;span class=sf-dump-str title="15563 characters"&gt;                                &amp;lt;option value=&amp;quot;EXPERT&amp;quot; {% if &amp;#039;ROLE_EXPERT&amp;#039; in app.user.roles %}selected{% endif %}&amp;gt;EXPERT&amp;lt;/option&amp;gt;&lt;span class="sf-dump-default sf-dump-ns"&gt;\r\n&lt;/span&gt;&lt;/span&gt;
      &lt;span class=sf-dump-str title="15563 characters"&gt;                                &amp;lt;option value=&amp;quot;AGRICOLE&amp;quot; {% if &amp;#039;ROLE_AGRICOLE&amp;#039; in app.user.roles %}selected{% endif %}&amp;gt;AGRICOLE&amp;lt;/option&amp;gt;&lt;span class="sf-dump-default sf-dump-ns"&gt;\r\n&lt;/span&gt;&lt;/span&gt;
      &lt;span class=sf-dump-str title="15563 characters"&gt;                                &amp;lt;option value=&amp;quot;FOURNISSEUR&amp;quot; {% if &amp;#039;ROLE_FOURNISSEUR&amp;#039; in app.user.roles %}selected{% endif %}&amp;gt;FOURNISSEUR&amp;lt;/option&amp;gt;&lt;span class="sf-dump-default sf-dump-ns"&gt;\r\n&lt;/span&gt;&lt;/span&gt;
      &lt;span class=sf-dump-str title="15563 characters"&gt;                            &amp;lt;/select&amp;gt;&lt;span class="sf-dump-default sf-dump-ns"&gt;\r\n&lt;/span&gt;&lt;/span&gt;
      &lt;span class=sf-dump-str title="15563 characters"&gt;                        {% else %}&lt;span class="sf-dump-default sf-dump-ns"&gt;\r\n&lt;/span&gt;&lt;/span&gt;
      &lt;span class=sf-dump-str title="15563 characters"&gt;                            &amp;lt;input type=&amp;quot;text&amp;quot; class=&amp;quot;profile-input&amp;quot; value=&amp;quot;{{ app.user.role|default(&amp;#039;User&amp;#039;) }}&amp;quot; disabled style=&amp;quot;opacity: 0.7; cursor: not-allowed;&amp;quot;&amp;gt;&lt;span class="sf-dump-default sf-dump-ns"&gt;\r\n&lt;/span&gt;&lt;/span&gt;
      &lt;span class=sf-dump-str title="15563 characters"&gt;                        {% endif %}&lt;span class="sf-dump-default sf-dump-ns"&gt;\r\n&lt;/span&gt;&lt;/span&gt;
      &lt;span class=sf-dump-str title="15563 characters"&gt;                    &amp;lt;/div&amp;gt;&lt;span class="sf-dump-default sf-dump-ns"&gt;\r\n&lt;/span&gt;&lt;/span&gt;
      &lt;span class=sf-dump-str title="15563 characters"&gt;                    &lt;span class="sf-dump-default sf-dump-ns"&gt;\r\n&lt;/span&gt;&lt;/span&gt;
      &lt;span class=sf-dump-str title="15563 characters"&gt;                    &amp;lt;div class=&amp;quot;pf-field-error&amp;quot; id=&amp;quot;err-photo&amp;quot; style=&amp;quot;margin-top: 6px;&amp;quot;&amp;gt;&amp;lt;/div&amp;gt;&lt;span class="sf-dump-default sf-dump-ns"&gt;\r\n&lt;/span&gt;&lt;/span&gt;
      &lt;span class=sf-dump-str title="15563 characters"&gt;                &amp;lt;/div&amp;gt;&lt;span class="sf-dump-default sf-dump-ns"&gt;\r\n&lt;/span&gt;&lt;/span&gt;
      &lt;span class=sf-dump-str title="15563 characters"&gt;            &amp;lt;/div&amp;gt;&lt;span class="sf-dump-default sf-dump-ns"&gt;\r\n&lt;/span&gt;&lt;/span&gt;
      &lt;span class=sf-dump-str title="15563 characters"&gt;            &lt;span class="sf-dump-default sf-dump-ns"&gt;\r\n&lt;/span&gt;&lt;/span&gt;
      &lt;span class=sf-dump-str title="15563 characters"&gt;            &amp;lt;div class=&amp;quot;profile-modal-footer&amp;quot;&amp;gt;&lt;span class="sf-dump-default sf-dump-ns"&gt;\r\n&lt;/span&gt;&lt;/span&gt;
      &lt;span class=sf-dump-str title="15563 characters"&gt;                &amp;lt;button type=&amp;quot;submit&amp;quot; class=&amp;quot;btn btn-solid-blue&amp;quot; id=&amp;quot;profileSubmitBtn&amp;quot;&amp;gt;Enregistrer&amp;lt;/button&amp;gt;&lt;span class="sf-dump-default sf-dump-ns"&gt;\r\n&lt;/span&gt;&lt;/span&gt;
      &lt;span class=sf-dump-str title="15563 characters"&gt;                &amp;lt;button type=&amp;quot;button&amp;quot; class=&amp;quot;btn btn-outline-gray&amp;quot; onclick=&amp;quot;closeProfileModal()&amp;quot;&amp;gt;Annuler&amp;lt;/button&amp;gt;&lt;span class="sf-dump-default sf-dump-ns"&gt;\r\n&lt;/span&gt;&lt;/span&gt;
      &lt;span class=sf-dump-str title="15563 characters"&gt;            &amp;lt;/div&amp;gt;&lt;span class="sf-dump-default sf-dump-ns"&gt;\r\n&lt;/span&gt;&lt;/span&gt;
      &lt;span class=sf-dump-str title="15563 characters"&gt;        &amp;lt;/form&amp;gt;&lt;span class="sf-dump-default sf-dump-ns"&gt;\r\n&lt;/span&gt;&lt;/span&gt;
      &lt;span class=sf-dump-str title="15563 characters"&gt;    &amp;lt;/div&amp;gt;&lt;span class="sf-dump-default sf-dump-ns"&gt;\r\n&lt;/span&gt;&lt;/span&gt;
      &lt;span class=sf-dump-str title="15563 characters"&gt;&amp;lt;/div&amp;gt;&lt;span class="sf-dump-default sf-dump-ns"&gt;\r\n&lt;/span&gt;&lt;/span&gt;
      &lt;span class=sf-dump-str title="15563 characters"&gt;&lt;span class="sf-dump-default sf-dump-ns"&gt;\r\n&lt;/span&gt;&lt;/span&gt;
      &lt;span class=sf-dump-str title="15563 characters"&gt;&amp;lt;style&amp;gt;&lt;span class="sf-dump-default sf-dump-ns"&gt;\r\n&lt;/span&gt;&lt;/span&gt;
      &lt;span class=sf-dump-str title="15563 characters"&gt;/* &amp;#9472;&amp;#9472; Profile Modal Responsive &amp;#9472;&amp;#9472;&amp;#9472;&amp;#9472;&amp;#9472;&amp;#9472;&amp;#9472;&amp;#9472;&amp;#9472;&amp;#9472;&amp;#9472;&amp;#9472;&amp;#9472;&amp;#9472;&amp;#9472;&amp;#9472;&amp;#9472;&amp;#9472;&amp;#9472;&amp;#9472;&amp;#9472;&amp;#9472;&amp;#9472;&amp;#9472;&amp;#9472;&amp;#9472;&amp;#9472;&amp;#9472;&amp;#9472;&amp;#9472;&amp;#9472;&amp;#9472;&amp;#9472;&amp;#9472;&amp;#9472;&amp;#9472;&amp;#9472;&amp;#9472;&amp;#9472; */&lt;span class="sf-dump-default sf-dump-ns"&gt;\r\n&lt;/span&gt;&lt;/span&gt;
      &lt;span class=sf-dump-str title="15563 characters"&gt;#profileModal .profile-modal {&lt;span class="sf-dump-default sf-dump-ns"&gt;\r\n&lt;/span&gt;&lt;/span&gt;
      &lt;span class=sf-dump-str title="15563 characters"&gt;    max-height: 92vh;&lt;span class="sf-dump-default sf-dump-ns"&gt;\r\n&lt;/span&gt;&lt;/span&gt;
      &lt;span class=sf-dump-str title="15563 characters"&gt;    display: flex;&lt;span class="sf-dump-default sf-dump-ns"&gt;\r\n&lt;/span&gt;&lt;/span&gt;
      &lt;span class=sf-dump-str title="15563 characters"&gt;    flex-direction: column;&lt;span class="sf-dump-default sf-dump-ns"&gt;\r\n&lt;/span&gt;&lt;/span&gt;
      &lt;span class=sf-dump-str title="15563 characters"&gt;    overflow: hidden;&lt;span class="sf-dump-default sf-dump-ns"&gt;\r\n&lt;/span&gt;&lt;/span&gt;
      &lt;span class=sf-dump-str title="15563 characters"&gt;}&lt;span class="sf-dump-default sf-dump-ns"&gt;\r\n&lt;/span&gt;&lt;/span&gt;
      &lt;span class=sf-dump-str title="15563 characters"&gt;#profileModal .profile-modal-body {&lt;span class="sf-dump-default sf-dump-ns"&gt;\r\n&lt;/span&gt;&lt;/span&gt;
      &lt;span class=sf-dump-str title="15563 characters"&gt;    overflow-y: auto;&lt;span class="sf-dump-default sf-dump-ns"&gt;\r\n&lt;/span&gt;&lt;/span&gt;
      &lt;span class=sf-dump-str title="15563 characters"&gt;    flex: 1;&lt;span class="sf-dump-default sf-dump-ns"&gt;\r\n&lt;/span&gt;&lt;/span&gt;
      &lt;span class=sf-dump-str title="15563 characters"&gt;    scrollbar-width: thin;&lt;span class="sf-dump-default sf-dump-ns"&gt;\r\n&lt;/span&gt;&lt;/span&gt;
      &lt;span class=sf-dump-str title="15563 characters"&gt;}&lt;span class="sf-dump-default sf-dump-ns"&gt;\r\n&lt;/span&gt;&lt;/span&gt;
      &lt;span class=sf-dump-str title="15563 characters"&gt;#profileModal .profile-avatar-section {&lt;span class="sf-dump-default sf-dump-ns"&gt;\r\n&lt;/span&gt;&lt;/span&gt;
      &lt;span class=sf-dump-str title="15563 characters"&gt;    flex-shrink: 0;&lt;span class="sf-dump-default sf-dump-ns"&gt;\r\n&lt;/span&gt;&lt;/span&gt;
      &lt;span class=sf-dump-str title="15563 characters"&gt;    min-width: 130px;&lt;span class="sf-dump-default sf-dump-ns"&gt;\r\n&lt;/span&gt;&lt;/span&gt;
      &lt;span class=sf-dump-str title="15563 characters"&gt;    max-width: 140px;&lt;span class="sf-dump-default sf-dump-ns"&gt;\r\n&lt;/span&gt;&lt;/span&gt;
      &lt;span class=sf-dump-str title="15563 characters"&gt;}&lt;span class="sf-dump-default sf-dump-ns"&gt;\r\n&lt;/span&gt;&lt;/span&gt;
      &lt;span class=sf-dump-str title="15563 characters"&gt;#profileModal .profile-avatar-preview {&lt;span class="sf-dump-default sf-dump-ns"&gt;\r\n&lt;/span&gt;&lt;/span&gt;
      &lt;span class=sf-dump-str title="15563 characters"&gt;    width: 100px !important;&lt;span class="sf-dump-default sf-dump-ns"&gt;\r\n&lt;/span&gt;&lt;/span&gt;
      &lt;span class=sf-dump-str title="15563 characters"&gt;    height: 100px !important;&lt;span class="sf-dump-default sf-dump-ns"&gt;\r\n&lt;/span&gt;&lt;/span&gt;
      &lt;span class=sf-dump-str title="15563 characters"&gt;    border-radius: 50% !important;&lt;span class="sf-dump-default sf-dump-ns"&gt;\r\n&lt;/span&gt;&lt;/span&gt;
      &lt;span class=sf-dump-str title="15563 characters"&gt;    overflow: hidden !important;&lt;span class="sf-dump-default sf-dump-ns"&gt;\r\n&lt;/span&gt;&lt;/span&gt;
      &lt;span class=sf-dump-str title="15563 characters"&gt;    display: flex !important;&lt;span class="sf-dump-default sf-dump-ns"&gt;\r\n&lt;/span&gt;&lt;/span&gt;
      &lt;span class=sf-dump-str title="15563 characters"&gt;    align-items: center;&lt;span class="sf-dump-default sf-dump-ns"&gt;\r\n&lt;/span&gt;&lt;/span&gt;
      &lt;span class=sf-dump-str title="15563 characters"&gt;    justify-content: center;&lt;span class="sf-dump-default sf-dump-ns"&gt;\r\n&lt;/span&gt;&lt;/span&gt;
      &lt;span class=sf-dump-str title="15563 characters"&gt;    background: #f1f5f9;&lt;span class="sf-dump-default sf-dump-ns"&gt;\r\n&lt;/span&gt;&lt;/span&gt;
      &lt;span class=sf-dump-str title="15563 characters"&gt;    flex-shrink: 0;&lt;span class="sf-dump-default sf-dump-ns"&gt;\r\n&lt;/span&gt;&lt;/span&gt;
      &lt;span class=sf-dump-str title="15563 characters"&gt;    border: 2px solid #e2e8f0;&lt;span class="sf-dump-default sf-dump-ns"&gt;\r\n&lt;/span&gt;&lt;/span&gt;
      &lt;span class=sf-dump-str title="15563 characters"&gt;}&lt;span class="sf-dump-default sf-dump-ns"&gt;\r\n&lt;/span&gt;&lt;/span&gt;
      &lt;span class=sf-dump-str title="15563 characters"&gt;#profileModal #avatarPreview {&lt;span class="sf-dump-default sf-dump-ns"&gt;\r\n&lt;/span&gt;&lt;/span&gt;
      &lt;span class=sf-dump-str title="15563 characters"&gt;    width: 100% !important;&lt;span class="sf-dump-default sf-dump-ns"&gt;\r\n&lt;/span&gt;&lt;/span&gt;
      &lt;span class=sf-dump-str title="15563 characters"&gt;    height: 100% !important;&lt;span class="sf-dump-default sf-dump-ns"&gt;\r\n&lt;/span&gt;&lt;/span&gt;
      &lt;span class=sf-dump-str title="15563 characters"&gt;    object-fit: cover !important;&lt;span class="sf-dump-default sf-dump-ns"&gt;\r\n&lt;/span&gt;&lt;/span&gt;
      &lt;span class=sf-dump-str title="15563 characters"&gt;    border-radius: 50%;&lt;span class="sf-dump-default sf-dump-ns"&gt;\r\n&lt;/span&gt;&lt;/span&gt;
      &lt;span class=sf-dump-str title="15563 characters"&gt;    display: block;&lt;span class="sf-dump-default sf-dump-ns"&gt;\r\n&lt;/span&gt;&lt;/span&gt;
      &lt;span class=sf-dump-str title="15563 characters"&gt;}&lt;span class="sf-dump-default sf-dump-ns"&gt;\r\n&lt;/span&gt;&lt;/span&gt;
      &lt;span class=sf-dump-str title="15563 characters"&gt;#profileModal .profile-form-section {&lt;span class="sf-dump-default sf-dump-ns"&gt;\r\n&lt;/span&gt;&lt;/span&gt;
      &lt;span class=sf-dump-str title="15563 characters"&gt;    flex: 1;&lt;span class="sf-dump-default sf-dump-ns"&gt;\r\n&lt;/span&gt;&lt;/span&gt;
      &lt;span class=sf-dump-str title="15563 characters"&gt;    min-width: 0;&lt;span class="sf-dump-default sf-dump-ns"&gt;\r\n&lt;/span&gt;&lt;/span&gt;
      &lt;span class=sf-dump-str title="15563 characters"&gt;    overflow: hidden;&lt;span class="sf-dump-default sf-dump-ns"&gt;\r\n&lt;/span&gt;&lt;/span&gt;
      &lt;span class=sf-dump-str title="15563 characters"&gt;}&lt;span class="sf-dump-default sf-dump-ns"&gt;\r\n&lt;/span&gt;&lt;/span&gt;
      &lt;span class=sf-dump-str title="15563 characters"&gt;/* Per-field error messages */&lt;span class="sf-dump-default sf-dump-ns"&gt;\r\n&lt;/span&gt;&lt;/span&gt;
      &lt;span class=sf-dump-str title="15563 characters"&gt;.pf-field-error {&lt;span class="sf-dump-default sf-dump-ns"&gt;\r\n&lt;/span&gt;&lt;/span&gt;
      &lt;span class=sf-dump-str title="15563 characters"&gt;    color: #ef4444;&lt;span class="sf-dump-default sf-dump-ns"&gt;\r\n&lt;/span&gt;&lt;/span&gt;
      &lt;span class=sf-dump-str title="15563 characters"&gt;    font-size: 0.78rem;&lt;span class="sf-dump-default sf-dump-ns"&gt;\r\n&lt;/span&gt;&lt;/span&gt;
      &lt;span class=sf-dump-str title="15563 characters"&gt;    font-weight: 500;&lt;span class="sf-dump-default sf-dump-ns"&gt;\r\n&lt;/span&gt;&lt;/span&gt;
      &lt;span class=sf-dump-str title="15563 characters"&gt;    min-height: 16px;&lt;span class="sf-dump-default sf-dump-ns"&gt;\r\n&lt;/span&gt;&lt;/span&gt;
      &lt;span class=sf-dump-str title="15563 characters"&gt;    line-height: 1.3;&lt;span class="sf-dump-default sf-dump-ns"&gt;\r\n&lt;/span&gt;&lt;/span&gt;
      &lt;span class=sf-dump-str title="15563 characters"&gt;    margin-top: 2px;&lt;span class="sf-dump-default sf-dump-ns"&gt;\r\n&lt;/span&gt;&lt;/span&gt;
      &lt;span class=sf-dump-str title="15563 characters"&gt;    padding-left: 2px;&lt;span class="sf-dump-default sf-dump-ns"&gt;\r\n&lt;/span&gt;&lt;/span&gt;
      &lt;span class=sf-dump-str title="15563 characters"&gt;    word-break: break-word;&lt;span class="sf-dump-default sf-dump-ns"&gt;\r\n&lt;/span&gt;&lt;/span&gt;
      &lt;span class=sf-dump-str title="15563 characters"&gt;}&lt;span class="sf-dump-default sf-dump-ns"&gt;\r\n&lt;/span&gt;&lt;/span&gt;
      &lt;span class=sf-dump-str title="15563 characters"&gt;.pf-field-error:empty {&lt;span class="sf-dump-default sf-dump-ns"&gt;\r\n&lt;/span&gt;&lt;/span&gt;
      &lt;span class=sf-dump-str title="15563 characters"&gt;    min-height: 0;&lt;span class="sf-dump-default sf-dump-ns"&gt;\r\n&lt;/span&gt;&lt;/span&gt;
      &lt;span class=sf-dump-str title="15563 characters"&gt;    margin: 0;&lt;span class="sf-dump-default sf-dump-ns"&gt;\r\n&lt;/span&gt;&lt;/span&gt;
      &lt;span class=sf-dump-str title="15563 characters"&gt;}&lt;span class="sf-dump-default sf-dump-ns"&gt;\r\n&lt;/span&gt;&lt;/span&gt;
      &lt;span class=sf-dump-str title="15563 characters"&gt;/* Input error state */&lt;span class="sf-dump-default sf-dump-ns"&gt;\r\n&lt;/span&gt;&lt;/span&gt;
      &lt;span class=sf-dump-str title="15563 characters"&gt;.pf-input-error {&lt;span class="sf-dump-default sf-dump-ns"&gt;\r\n&lt;/span&gt;&lt;/span&gt;
      &lt;span class=sf-dump-str title="15563 characters"&gt;    border-color: #ef4444 !important;&lt;span class="sf-dump-default sf-dump-ns"&gt;\r\n&lt;/span&gt;&lt;/span&gt;
      &lt;span class=sf-dump-str title="15563 characters"&gt;    box-shadow: 0 0 0 2px rgba(239,68,68,0.15) !important;&lt;span class="sf-dump-default sf-dump-ns"&gt;\r\n&lt;/span&gt;&lt;/span&gt;
      &lt;span class=sf-dump-str title="15563 characters"&gt;}&lt;span class="sf-dump-default sf-dump-ns"&gt;\r\n&lt;/span&gt;&lt;/span&gt;
      &lt;span class=sf-dump-str title="15563 characters"&gt;/* Responsive: stack on small screens */&lt;span class="sf-dump-default sf-dump-ns"&gt;\r\n&lt;/span&gt;&lt;/span&gt;
      &lt;span class=sf-dump-str title="15563 characters"&gt;@media (max-width: 580px) {&lt;span class="sf-dump-default sf-dump-ns"&gt;\r\n&lt;/span&gt;&lt;/span&gt;
      &lt;span class=sf-dump-str title="15563 characters"&gt;    #profileModal .profile-modal-body {&lt;span class="sf-dump-default sf-dump-ns"&gt;\r\n&lt;/span&gt;&lt;/span&gt;
      &lt;span class=sf-dump-str title="15563 characters"&gt;        flex-direction: column;&lt;span class="sf-dump-default sf-dump-ns"&gt;\r\n&lt;/span&gt;&lt;/span&gt;
      &lt;span class=sf-dump-str title="15563 characters"&gt;        align-items: center;&lt;span class="sf-dump-default sf-dump-ns"&gt;\r\n&lt;/span&gt;&lt;/span&gt;
      &lt;span class=sf-dump-str title="15563 characters"&gt;    }&lt;span class="sf-dump-default sf-dump-ns"&gt;\r\n&lt;/span&gt;&lt;/span&gt;
      &lt;span class=sf-dump-str title="15563 characters"&gt;    #profileModal .profile-avatar-section {&lt;span class="sf-dump-default sf-dump-ns"&gt;\r\n&lt;/span&gt;&lt;/span&gt;
      &lt;span class=sf-dump-str title="15563 characters"&gt;        max-width: 100%;&lt;span class="sf-dump-default sf-dump-ns"&gt;\r\n&lt;/span&gt;&lt;/span&gt;
      &lt;span class=sf-dump-str title="15563 characters"&gt;        flex-direction: row;&lt;span class="sf-dump-default sf-dump-ns"&gt;\r\n&lt;/span&gt;&lt;/span&gt;
      &lt;span class=sf-dump-str title="15563 characters"&gt;        justify-content: center;&lt;span class="sf-dump-default sf-dump-ns"&gt;\r\n&lt;/span&gt;&lt;/span&gt;
      &lt;span class=sf-dump-str title="15563 characters"&gt;        gap: 16px;&lt;span class="sf-dump-default sf-dump-ns"&gt;\r\n&lt;/span&gt;&lt;/span&gt;
      &lt;span class=sf-dump-str title="15563 characters"&gt;    }&lt;span class="sf-dump-default sf-dump-ns"&gt;\r\n&lt;/span&gt;&lt;/span&gt;
      &lt;span class=sf-dump-str title="15563 characters"&gt;}&lt;span class="sf-dump-default sf-dump-ns"&gt;\r\n&lt;/span&gt;&lt;/span&gt;
      &lt;span class=sf-dump-str title="15563 characters"&gt;&amp;lt;/style&amp;gt;&lt;span class="sf-dump-default sf-dump-ns"&gt;\r\n&lt;/span&gt;&lt;/span&gt;
      &lt;span class=sf-dump-str title="15563 characters"&gt;&lt;span class="sf-dump-default sf-dump-ns"&gt;\r\n&lt;/span&gt;&lt;/span&gt;
      &lt;span class=sf-dump-str title="15563 characters"&gt;&amp;lt;script&amp;gt;&lt;span class="sf-dump-default sf-dump-ns"&gt;\r\n&lt;/span&gt;&lt;/span&gt;
      &lt;span class=sf-dump-str title="15563 characters"&gt;    function openProfileModal() {&lt;span class="sf-dump-default sf-dump-ns"&gt;\r\n&lt;/span&gt;&lt;/span&gt;
      &lt;span class=sf-dump-str title="15563 characters"&gt;        document.getElementById(&amp;#039;profileModal&amp;#039;).style.display = &amp;#039;flex&amp;#039;;&lt;span class="sf-dump-default sf-dump-ns"&gt;\r\n&lt;/span&gt;&lt;/span&gt;
      &lt;span class=sf-dump-str title="15563 characters"&gt;    }&lt;span class="sf-dump-default sf-dump-ns"&gt;\r\n&lt;/span&gt;&lt;/span&gt;
      &lt;span class=sf-dump-str title="15563 characters"&gt;&lt;span class="sf-dump-default sf-dump-ns"&gt;\r\n&lt;/span&gt;&lt;/span&gt;
      &lt;span class=sf-dump-str title="15563 characters"&gt;    function closeProfileModal() {&lt;span class="sf-dump-default sf-dump-ns"&gt;\r\n&lt;/span&gt;&lt;/span&gt;
      &lt;span class=sf-dump-str title="15563 characters"&gt;        document.getElementById(&amp;#039;profileModal&amp;#039;).style.display = &amp;#039;none&amp;#039;;&lt;span class="sf-dump-default sf-dump-ns"&gt;\r\n&lt;/span&gt;&lt;/span&gt;
      &lt;span class=sf-dump-str title="15563 characters"&gt;    }&lt;span class="sf-dump-default sf-dump-ns"&gt;\r\n&lt;/span&gt;&lt;/span&gt;
      &lt;span class=sf-dump-str title="15563 characters"&gt;&lt;span class="sf-dump-default sf-dump-ns"&gt;\r\n&lt;/span&gt;&lt;/span&gt;
      &lt;span class=sf-dump-str title="15563 characters"&gt;    window.addEventListener(&amp;#039;click&amp;#039;, function(event) {&lt;span class="sf-dump-default sf-dump-ns"&gt;\r\n&lt;/span&gt;&lt;/span&gt;
      &lt;span class=sf-dump-str title="15563 characters"&gt;        var modal = document.getElementById(&amp;#039;profileModal&amp;#039;);&lt;span class="sf-dump-default sf-dump-ns"&gt;\r\n&lt;/span&gt;&lt;/span&gt;
      &lt;span class=sf-dump-str title="15563 characters"&gt;        if (event.target === modal) closeProfileModal();&lt;span class="sf-dump-default sf-dump-ns"&gt;\r\n&lt;/span&gt;&lt;/span&gt;
      &lt;span class=sf-dump-str title="15563 characters"&gt;    });&lt;span class="sf-dump-default sf-dump-ns"&gt;\r\n&lt;/span&gt;&lt;/span&gt;
      &lt;span class=sf-dump-str title="15563 characters"&gt;&lt;span class="sf-dump-default sf-dump-ns"&gt;\r\n&lt;/span&gt;&lt;/span&gt;
      &lt;span class=sf-dump-str title="15563 characters"&gt;    function previewImage(event) {&lt;span class="sf-dump-default sf-dump-ns"&gt;\r\n&lt;/span&gt;&lt;/span&gt;
      &lt;span class=sf-dump-str title="15563 characters"&gt;        var file = event.target.files[0];&lt;span class="sf-dump-default sf-dump-ns"&gt;\r\n&lt;/span&gt;&lt;/span&gt;
      &lt;span class=sf-dump-str title="15563 characters"&gt;        if (!file) return;&lt;span class="sf-dump-default sf-dump-ns"&gt;\r\n&lt;/span&gt;&lt;/span&gt;
      &lt;span class=sf-dump-str title="15563 characters"&gt;        var reader = new FileReader();&lt;span class="sf-dump-default sf-dump-ns"&gt;\r\n&lt;/span&gt;&lt;/span&gt;
      &lt;span class=sf-dump-str title="15563 characters"&gt;        reader.onload = function(e) {&lt;span class="sf-dump-default sf-dump-ns"&gt;\r\n&lt;/span&gt;&lt;/span&gt;
      &lt;span class=sf-dump-str title="15563 characters"&gt;            var output  = document.getElementById(&amp;#039;avatarPreview&amp;#039;);&lt;span class="sf-dump-default sf-dump-ns"&gt;\r\n&lt;/span&gt;&lt;/span&gt;
      &lt;span class=sf-dump-str title="15563 characters"&gt;            var wrapper = document.getElementById(&amp;#039;currentAvatarWrapper&amp;#039;);&lt;span class="sf-dump-default sf-dump-ns"&gt;\r\n&lt;/span&gt;&lt;/span&gt;
      &lt;span class=sf-dump-str title="15563 characters"&gt;            if (output)  { output.src = e.target.result; output.style.display = &amp;#039;block&amp;#039;; }&lt;span class="sf-dump-default sf-dump-ns"&gt;\r\n&lt;/span&gt;&lt;/span&gt;
      &lt;span class=sf-dump-str title="15563 characters"&gt;            if (wrapper) { wrapper.style.display = &amp;#039;none&amp;#039;; }&lt;span class="sf-dump-default sf-dump-ns"&gt;\r\n&lt;/span&gt;&lt;/span&gt;
      &lt;span class=sf-dump-str title="15563 characters"&gt;        };&lt;span class="sf-dump-default sf-dump-ns"&gt;\r\n&lt;/span&gt;&lt;/span&gt;
      &lt;span class=sf-dump-str title="15563 characters"&gt;        reader.readAsDataURL(file);&lt;span class="sf-dump-default sf-dump-ns"&gt;\r\n&lt;/span&gt;&lt;/span&gt;
      &lt;span class=sf-dump-str title="15563 characters"&gt;    }&lt;span class="sf-dump-default sf-dump-ns"&gt;\r\n&lt;/span&gt;&lt;/span&gt;
      &lt;span class=sf-dump-str title="15563 characters"&gt;&lt;span class="sf-dump-default sf-dump-ns"&gt;\r\n&lt;/span&gt;&lt;/span&gt;
      &lt;span class=sf-dump-str title="15563 characters"&gt;    function deleteFaceData() {&lt;span class="sf-dump-default sf-dump-ns"&gt;\r\n&lt;/span&gt;&lt;/span&gt;
      &lt;span class=sf-dump-str title="15563 characters"&gt;        fetch(&amp;quot;{{ path(&amp;#039;app_face_delete&amp;#039;) }}&amp;quot;, {&lt;span class="sf-dump-default sf-dump-ns"&gt;\r\n&lt;/span&gt;&lt;/span&gt;
      &lt;span class=sf-dump-str title="15563 characters"&gt;            method: &amp;#039;POST&amp;#039;,&lt;span class="sf-dump-default sf-dump-ns"&gt;\r\n&lt;/span&gt;&lt;/span&gt;
      &lt;span class=sf-dump-str title="15563 characters"&gt;            headers: { &amp;#039;X-Requested-With&amp;#039;: &amp;#039;XMLHttpRequest&amp;#039; }&lt;span class="sf-dump-default sf-dump-ns"&gt;\r\n&lt;/span&gt;&lt;/span&gt;
      &lt;span class=sf-dump-str title="15563 characters"&gt;        })&lt;span class="sf-dump-default sf-dump-ns"&gt;\r\n&lt;/span&gt;&lt;/span&gt;
      &lt;span class=sf-dump-str title="15563 characters"&gt;        .then(r =&amp;gt; r.json())&lt;span class="sf-dump-default sf-dump-ns"&gt;\r\n&lt;/span&gt;&lt;/span&gt;
      &lt;span class=sf-dump-str title="15563 characters"&gt;        .then(data =&amp;gt; {&lt;span class="sf-dump-default sf-dump-ns"&gt;\r\n&lt;/span&gt;&lt;/span&gt;
      &lt;span class=sf-dump-str title="15563 characters"&gt;            if (data.success) window.location.reload();&lt;span class="sf-dump-default sf-dump-ns"&gt;\r\n&lt;/span&gt;&lt;/span&gt;
      &lt;span class=sf-dump-str title="15563 characters"&gt;            else alert(data.error || &amp;quot;Erreur lors de la suppression.&amp;quot;);&lt;span class="sf-dump-default sf-dump-ns"&gt;\r\n&lt;/span&gt;&lt;/span&gt;
      &lt;span class=sf-dump-str title="15563 characters"&gt;        })&lt;span class="sf-dump-default sf-dump-ns"&gt;\r\n&lt;/span&gt;&lt;/span&gt;
      &lt;span class=sf-dump-str title="15563 characters"&gt;        .catch(err =&amp;gt; alert(&amp;quot;Erreur r&amp;#233;seau : &amp;quot; + err.message));&lt;span class="sf-dump-default sf-dump-ns"&gt;\r\n&lt;/span&gt;&lt;/span&gt;
      &lt;span class=sf-dump-str title="15563 characters"&gt;    }&lt;span class="sf-dump-default sf-dump-ns"&gt;\r\n&lt;/span&gt;&lt;/span&gt;
      &lt;span class=sf-dump-str title="15563 characters"&gt;&lt;span class="sf-dump-default sf-dump-ns"&gt;\r\n&lt;/span&gt;&lt;/span&gt;
      &lt;span class=sf-dump-str title="15563 characters"&gt;    // &amp;#9472;&amp;#9472; Form submit &amp;#9472;&amp;#9472;&amp;#9472;&amp;#9472;&amp;#9472;&amp;#9472;&amp;#9472;&amp;#9472;&amp;#9472;&amp;#9472;&amp;#9472;&amp;#9472;&amp;#9472;&amp;#9472;&amp;#9472;&amp;#9472;&amp;#9472;&amp;#9472;&amp;#9472;&amp;#9472;&amp;#9472;&amp;#9472;&amp;#9472;&amp;#9472;&amp;#9472;&amp;#9472;&amp;#9472;&amp;#9472;&amp;#9472;&amp;#9472;&amp;#9472;&amp;#9472;&amp;#9472;&amp;#9472;&amp;#9472;&amp;#9472;&amp;#9472;&amp;#9472;&amp;#9472;&amp;#9472;&amp;#9472;&amp;#9472;&amp;#9472;&amp;#9472;&amp;#9472;&amp;#9472;&amp;#9472;&amp;#9472;&amp;#9472;&amp;#9472;&amp;#9472;&amp;#9472;&amp;#9472;&amp;#9472;&amp;#9472;&amp;#9472;&amp;#9472;&lt;span class="sf-dump-default sf-dump-ns"&gt;\r\n&lt;/span&gt;&lt;/span&gt;
      &lt;span class=sf-dump-str title="15563 characters"&gt;    document.addEventListener(&amp;#039;DOMContentLoaded&amp;#039;, function() {&lt;span class="sf-dump-default sf-dump-ns"&gt;\r\n&lt;/span&gt;&lt;/span&gt;
      &lt;span class=sf-dump-str title="15563 characters"&gt;        const form = document.getElementById(&amp;#039;profileUpdateForm&amp;#039;);&lt;span class="sf-dump-default sf-dump-ns"&gt;\r\n&lt;/span&gt;&lt;/span&gt;
      &lt;span class=sf-dump-str title="15563 characters"&gt;        if (!form) return;&lt;span class="sf-dump-default sf-dump-ns"&gt;\r\n&lt;/span&gt;&lt;/span&gt;
      &lt;span class=sf-dump-str title="15563 characters"&gt;&lt;span class="sf-dump-default sf-dump-ns"&gt;\r\n&lt;/span&gt;&lt;/span&gt;
      &lt;span class=sf-dump-str title="15563 characters"&gt;        form.addEventListener(&amp;#039;submit&amp;#039;, function(e) {&lt;span class="sf-dump-default sf-dump-ns"&gt;\r\n&lt;/span&gt;&lt;/span&gt;
      &lt;span class=sf-dump-str title="15563 characters"&gt;            e.preventDefault();&lt;span class="sf-dump-default sf-dump-ns"&gt;\r\n&lt;/span&gt;&lt;/span&gt;
      &lt;span class=sf-dump-str title="15563 characters"&gt;&lt;span class="sf-dump-default sf-dump-ns"&gt;\r\n&lt;/span&gt;&lt;/span&gt;
      &lt;span class=sf-dump-str title="15563 characters"&gt;            // Clear all errors&lt;span class="sf-dump-default sf-dump-ns"&gt;\r\n&lt;/span&gt;&lt;/span&gt;
      &lt;span class=sf-dump-str title="15563 characters"&gt;            document.querySelectorAll(&amp;#039;.pf-field-error&amp;#039;).forEach(el =&amp;gt; el.textContent = &amp;#039;&amp;#039;);&lt;span class="sf-dump-default sf-dump-ns"&gt;\r\n&lt;/span&gt;&lt;/span&gt;
      &lt;span class=sf-dump-str title="15563 characters"&gt;            document.querySelectorAll(&amp;#039;.pf-input-error&amp;#039;).forEach(el =&amp;gt; el.classList.remove(&amp;#039;pf-input-error&amp;#039;));&lt;span class="sf-dump-default sf-dump-ns"&gt;\r\n&lt;/span&gt;&lt;/span&gt;
      &lt;span class=sf-dump-str title="15563 characters"&gt;            const globalErrors = document.getElementById(&amp;#039;profileErrors&amp;#039;);&lt;span class="sf-dump-default sf-dump-ns"&gt;\r\n&lt;/span&gt;&lt;/span&gt;
      &lt;span class=sf-dump-str title="15563 characters"&gt;            globalErrors.style.display = &amp;#039;none&amp;#039;;&lt;span class="sf-dump-default sf-dump-ns"&gt;\r\n&lt;/span&gt;&lt;/span&gt;
      &lt;span class=sf-dump-str title="15563 characters"&gt;            document.getElementById(&amp;#039;profileErrorsList&amp;#039;).textContent = &amp;#039;&amp;#039;;&lt;span class="sf-dump-default sf-dump-ns"&gt;\r\n&lt;/span&gt;&lt;/span&gt;
      &lt;span class=sf-dump-str title="15563 characters"&gt;&lt;span class="sf-dump-default sf-dump-ns"&gt;\r\n&lt;/span&gt;&lt;/span&gt;
      &lt;span class=sf-dump-str title="15563 characters"&gt;            const submitBtn = document.getElementById(&amp;#039;profileSubmitBtn&amp;#039;);&lt;span class="sf-dump-default sf-dump-ns"&gt;\r\n&lt;/span&gt;&lt;/span&gt;
      &lt;span class=sf-dump-str title="15563 characters"&gt;            const original  = submitBtn.innerHTML;&lt;span class="sf-dump-default sf-dump-ns"&gt;\r\n&lt;/span&gt;&lt;/span&gt;
      &lt;span class=sf-dump-str title="15563 characters"&gt;            submitBtn.innerHTML = &amp;#039;&amp;lt;i class=&amp;quot;fas fa-spinner fa-spin&amp;quot;&amp;gt;&amp;lt;/i&amp;gt; Traitement...&amp;#039;;&lt;span class="sf-dump-default sf-dump-ns"&gt;\r\n&lt;/span&gt;&lt;/span&gt;
      &lt;span class=sf-dump-str title="15563 characters"&gt;            submitBtn.disabled  = true;&lt;span class="sf-dump-default sf-dump-ns"&gt;\r\n&lt;/span&gt;&lt;/span&gt;
      &lt;span class=sf-dump-str title="15563 characters"&gt;&lt;span class="sf-dump-default sf-dump-ns"&gt;\r\n&lt;/span&gt;&lt;/span&gt;
      &lt;span class=sf-dump-str title="15563 characters"&gt;            fetch(&amp;quot;{{ path(&amp;#039;app_profile_update&amp;#039;) }}&amp;quot;, {&lt;span class="sf-dump-default sf-dump-ns"&gt;\r\n&lt;/span&gt;&lt;/span&gt;
      &lt;span class=sf-dump-str title="15563 characters"&gt;                method: &amp;#039;POST&amp;#039;,&lt;span class="sf-dump-default sf-dump-ns"&gt;\r\n&lt;/span&gt;&lt;/span&gt;
      &lt;span class=sf-dump-str title="15563 characters"&gt;                headers: { &amp;#039;X-Requested-With&amp;#039;: &amp;#039;XMLHttpRequest&amp;#039; },&lt;span class="sf-dump-default sf-dump-ns"&gt;\r\n&lt;/span&gt;&lt;/span&gt;
      &lt;span class=sf-dump-str title="15563 characters"&gt;                credentials: &amp;#039;same-origin&amp;#039;,&lt;span class="sf-dump-default sf-dump-ns"&gt;\r\n&lt;/span&gt;&lt;/span&gt;
      &lt;span class=sf-dump-str title="15563 characters"&gt;                body: new FormData(form)&lt;span class="sf-dump-default sf-dump-ns"&gt;\r\n&lt;/span&gt;&lt;/span&gt;
      &lt;span class=sf-dump-str title="15563 characters"&gt;            })&lt;span class="sf-dump-default sf-dump-ns"&gt;\r\n&lt;/span&gt;&lt;/span&gt;
      &lt;span class=sf-dump-str title="15563 characters"&gt;            .then(response =&amp;gt; {&lt;span class="sf-dump-default sf-dump-ns"&gt;\r\n&lt;/span&gt;&lt;/span&gt;
      &lt;span class=sf-dump-str title="15563 characters"&gt;                if (response.status === 401) {&lt;span class="sf-dump-default sf-dump-ns"&gt;\r\n&lt;/span&gt;&lt;/span&gt;
      &lt;span class=sf-dump-str title="15563 characters"&gt;                    window.location.href = &amp;quot;{{ path(&amp;#039;app_login&amp;#039;) }}&amp;quot;;&lt;span class="sf-dump-default sf-dump-ns"&gt;\r\n&lt;/span&gt;&lt;/span&gt;
      &lt;span class=sf-dump-str title="15563 characters"&gt;                    return Promise.reject(&amp;#039;logout&amp;#039;);&lt;span class="sf-dump-default sf-dump-ns"&gt;\r\n&lt;/span&gt;&lt;/span&gt;
      &lt;span class=sf-dump-str title="15563 characters"&gt;                }&lt;span class="sf-dump-default sf-dump-ns"&gt;\r\n&lt;/span&gt;&lt;/span&gt;
      &lt;span class=sf-dump-str title="15563 characters"&gt;                return response.json().then(data =&amp;gt; ({ status: response.status, body: data }));&lt;span class="sf-dump-default sf-dump-ns"&gt;\r\n&lt;/span&gt;&lt;/span&gt;
      &lt;span class=sf-dump-str title="15563 characters"&gt;            })&lt;span class="sf-dump-default sf-dump-ns"&gt;\r\n&lt;/span&gt;&lt;/span&gt;
      &lt;span class=sf-dump-str title="15563 characters"&gt;            .then(res =&amp;gt; {&lt;span class="sf-dump-default sf-dump-ns"&gt;\r\n&lt;/span&gt;&lt;/span&gt;
      &lt;span class=sf-dump-str title="15563 characters"&gt;                submitBtn.innerHTML = original;&lt;span class="sf-dump-default sf-dump-ns"&gt;\r\n&lt;/span&gt;&lt;/span&gt;
      &lt;span class=sf-dump-str title="15563 characters"&gt;                submitBtn.disabled  = false;&lt;span class="sf-dump-default sf-dump-ns"&gt;\r\n&lt;/span&gt;&lt;/span&gt;
      &lt;span class=sf-dump-str title="15563 characters"&gt;&lt;span class="sf-dump-default sf-dump-ns"&gt;\r\n&lt;/span&gt;&lt;/span&gt;
      &lt;span class=sf-dump-str title="15563 characters"&gt;                if (res.status === 200 &amp;amp;&amp;amp; res.body?.success) {&lt;span class="sf-dump-default sf-dump-ns"&gt;\r\n&lt;/span&gt;&lt;/span&gt;
      &lt;span class=sf-dump-str title="15563 characters"&gt;                    window.location.reload();&lt;span class="sf-dump-default sf-dump-ns"&gt;\r\n&lt;/span&gt;&lt;/span&gt;
      &lt;span class=sf-dump-str title="15563 characters"&gt;                    return;&lt;span class="sf-dump-default sf-dump-ns"&gt;\r\n&lt;/span&gt;&lt;/span&gt;
      &lt;span class=sf-dump-str title="15563 characters"&gt;                }&lt;span class="sf-dump-default sf-dump-ns"&gt;\r\n&lt;/span&gt;&lt;/span&gt;
      &lt;span class=sf-dump-str title="15563 characters"&gt;&lt;span class="sf-dump-default sf-dump-ns"&gt;\r\n&lt;/span&gt;&lt;/span&gt;
      &lt;span class=sf-dump-str title="15563 characters"&gt;                const errs = res.body?.errors || {};&lt;span class="sf-dump-default sf-dump-ns"&gt;\r\n&lt;/span&gt;&lt;/span&gt;
      &lt;span class=sf-dump-str title="15563 characters"&gt;                let hasFieldError = false;&lt;span class="sf-dump-default sf-dump-ns"&gt;\r\n&lt;/span&gt;&lt;/span&gt;
      &lt;span class=sf-dump-str title="15563 characters"&gt;&lt;span class="sf-dump-default sf-dump-ns"&gt;\r\n&lt;/span&gt;&lt;/span&gt;
      &lt;span class=sf-dump-str title="15563 characters"&gt;                // errors is now a key-&amp;gt;message dict&lt;span class="sf-dump-default sf-dump-ns"&gt;\r\n&lt;/span&gt;&lt;/span&gt;
      &lt;span class=sf-dump-str title="15563 characters"&gt;                if (typeof errs === &amp;#039;object&amp;#039; &amp;amp;&amp;amp; !Array.isArray(errs)) {&lt;span class="sf-dump-default sf-dump-ns"&gt;\r\n&lt;/span&gt;&lt;/span&gt;
      &lt;span class=sf-dump-str title="15563 characters"&gt;                    Object.entries(errs).forEach(([field, msg]) =&amp;gt; {&lt;span class="sf-dump-default sf-dump-ns"&gt;\r\n&lt;/span&gt;&lt;/span&gt;
      &lt;span class=sf-dump-str title="15563 characters"&gt;                        const errDiv = document.getElementById(&amp;#039;err-&amp;#039; + field);&lt;span class="sf-dump-default sf-dump-ns"&gt;\r\n&lt;/span&gt;&lt;/span&gt;
      &lt;span class=sf-dump-str title="15563 characters"&gt;                        const input  = document.getElementById(&amp;#039;pf-&amp;#039; + field)&lt;span class="sf-dump-default sf-dump-ns"&gt;\r\n&lt;/span&gt;&lt;/span&gt;
      &lt;span class=sf-dump-str title="15563 characters"&gt;                                    || form.querySelector(&amp;#039;[name=&amp;quot;&amp;#039; + field + &amp;#039;&amp;quot;]&amp;#039;);&lt;span class="sf-dump-default sf-dump-ns"&gt;\r\n&lt;/span&gt;&lt;/span&gt;
      &lt;span class=sf-dump-str title="15563 characters"&gt;                        if (errDiv) { errDiv.textContent = msg; hasFieldError = true; }&lt;span class="sf-dump-default sf-dump-ns"&gt;\r\n&lt;/span&gt;&lt;/span&gt;
      &lt;span class=sf-dump-str title="15563 characters"&gt;                        if (input)  { input.classList.add(&amp;#039;pf-input-error&amp;#039;); }&lt;span class="sf-dump-default sf-dump-ns"&gt;\r\n&lt;/span&gt;&lt;/span&gt;
      &lt;span class=sf-dump-str title="15563 characters"&gt;                    });&lt;span class="sf-dump-default sf-dump-ns"&gt;\r\n&lt;/span&gt;&lt;/span&gt;
      &lt;span class=sf-dump-str title="15563 characters"&gt;                }&lt;span class="sf-dump-default sf-dump-ns"&gt;\r\n&lt;/span&gt;&lt;/span&gt;
      &lt;span class=sf-dump-str title="15563 characters"&gt;&lt;span class="sf-dump-default sf-dump-ns"&gt;\r\n&lt;/span&gt;&lt;/span&gt;
      &lt;span class=sf-dump-str title="15563 characters"&gt;                if (!hasFieldError) {&lt;span class="sf-dump-default sf-dump-ns"&gt;\r\n&lt;/span&gt;&lt;/span&gt;
      &lt;span class=sf-dump-str title="15563 characters"&gt;                    // Fallback: show as list&lt;span class="sf-dump-default sf-dump-ns"&gt;\r\n&lt;/span&gt;&lt;/span&gt;
      &lt;span class=sf-dump-str title="15563 characters"&gt;                    const msgs = Array.isArray(errs) ? errs : Object.values(errs);&lt;span class="sf-dump-default sf-dump-ns"&gt;\r\n&lt;/span&gt;&lt;/span&gt;
      &lt;span class=sf-dump-str title="15563 characters"&gt;                    document.getElementById(&amp;#039;profileErrorsList&amp;#039;).textContent = msgs.join(&amp;#039; | &amp;#039;) || &amp;#039;Erreur inconnue.&amp;#039;;&lt;span class="sf-dump-default sf-dump-ns"&gt;\r\n&lt;/span&gt;&lt;/span&gt;
      &lt;span class=sf-dump-str title="15563 characters"&gt;                    globalErrors.style.display = &amp;#039;block&amp;#039;;&lt;span class="sf-dump-default sf-dump-ns"&gt;\r\n&lt;/span&gt;&lt;/span&gt;
      &lt;span class=sf-dump-str title="15563 characters"&gt;                }&lt;span class="sf-dump-default sf-dump-ns"&gt;\r\n&lt;/span&gt;&lt;/span&gt;
      &lt;span class=sf-dump-str title="15563 characters"&gt;&lt;span class="sf-dump-default sf-dump-ns"&gt;\r\n&lt;/span&gt;&lt;/span&gt;
      &lt;span class=sf-dump-str title="15563 characters"&gt;                // Scroll to top of body to reveal errors&lt;span class="sf-dump-default sf-dump-ns"&gt;\r\n&lt;/span&gt;&lt;/span&gt;
      &lt;span class=sf-dump-str title="15563 characters"&gt;                document.querySelector(&amp;#039;#profileModal .profile-modal-body&amp;#039;).scrollTop = 0;&lt;span class="sf-dump-default sf-dump-ns"&gt;\r\n&lt;/span&gt;&lt;/span&gt;
      &lt;span class=sf-dump-str title="15563 characters"&gt;            })&lt;span class="sf-dump-default sf-dump-ns"&gt;\r\n&lt;/span&gt;&lt;/span&gt;
      &lt;span class=sf-dump-str title="15563 characters"&gt;            .catch(err =&amp;gt; {&lt;span class="sf-dump-default sf-dump-ns"&gt;\r\n&lt;/span&gt;&lt;/span&gt;
      &lt;span class=sf-dump-str title="15563 characters"&gt;                if (err === &amp;#039;logout&amp;#039;) return;&lt;span class="sf-dump-default sf-dump-ns"&gt;\r\n&lt;/span&gt;&lt;/span&gt;
      &lt;span class=sf-dump-str title="15563 characters"&gt;                submitBtn.innerHTML = original;&lt;span class="sf-dump-default sf-dump-ns"&gt;\r\n&lt;/span&gt;&lt;/span&gt;
      &lt;span class=sf-dump-str title="15563 characters"&gt;                submitBtn.disabled  = false;&lt;span class="sf-dump-default sf-dump-ns"&gt;\r\n&lt;/span&gt;&lt;/span&gt;
      &lt;span class=sf-dump-str title="15563 characters"&gt;                document.getElementById(&amp;#039;profileErrorsList&amp;#039;).textContent = &amp;#039;Erreur r&amp;#233;seau de communication avec le serveur.&amp;#039;;&lt;span class="sf-dump-default sf-dump-ns"&gt;\r\n&lt;/span&gt;&lt;/span&gt;
      &lt;span class=sf-dump-str title="15563 characters"&gt;                document.getElementById(&amp;#039;profileErrors&amp;#039;).style.display = &amp;#039;block&amp;#039;;&lt;span class="sf-dump-default sf-dump-ns"&gt;\r\n&lt;/span&gt;&lt;/span&gt;
      &lt;span class=sf-dump-str title="15563 characters"&gt;            });&lt;span class="sf-dump-default sf-dump-ns"&gt;\r\n&lt;/span&gt;&lt;/span&gt;
      &lt;span class=sf-dump-str title="15563 characters"&gt;        });&lt;span class="sf-dump-default sf-dump-ns"&gt;\r\n&lt;/span&gt;&lt;/span&gt;
      &lt;span class=sf-dump-str title="15563 characters"&gt;    });&lt;span class="sf-dump-default sf-dump-ns"&gt;\r\n&lt;/span&gt;&lt;/span&gt;
      &lt;span class=sf-dump-str title="15563 characters"&gt;&amp;lt;/script&amp;gt;&lt;span class="sf-dump-default sf-dump-ns"&gt;\r\n&lt;/span&gt;&lt;/span&gt;
      &lt;span class=sf-dump-str title="15563 characters"&gt;&lt;span class="sf-dump-default sf-dump-ns"&gt;\r\n&lt;/span&gt;&lt;/span&gt;
      &lt;span class=sf-dump-str title="15563 characters"&gt;&amp;lt;!-- Face registration modal --&amp;gt;&lt;span class="sf-dump-default sf-dump-ns"&gt;\r\n&lt;/span&gt;&lt;/span&gt;
      &lt;span class=sf-dump-str title="15563 characters"&gt;{% include &amp;#039;components/_face_registration_modal.html.twig&amp;#039; %}&lt;span class="sf-dump-default sf-dump-ns"&gt;\r\n&lt;/span&gt;&lt;/span&gt;
      """
    -&lt;span class=sf-dump-private title="Private property defined in class:&amp;#10;`Twig\Source`"&gt;name&lt;/span&gt;: "&lt;span class=sf-dump-str title="35 characters"&gt;components/_profile_modal.html.twig&lt;/span&gt;"
    -&lt;span class=sf-dump-private title="Private property defined in class:&amp;#10;`Twig\Source`"&gt;path&lt;/span&gt;: "&lt;span class=sf-dump-str title="102 characters"&gt;C:\Users\sliti\Desktop\dev\esprit-PIDEV-3A16-2526-FARMIA\templates\components\_profile_modal.html.twig&lt;/span&gt;"
  &lt;/samp&gt;}
  -&lt;span class=sf-dump-private title="Private property defined in class:&amp;#10;`Twig\Error\Error`"&gt;phpFile&lt;/span&gt;: "&lt;span class=sf-dump-str title="105 characters"&gt;C:\Users\sliti\Desktop\dev\esprit-PIDEV-3A16-2526-FARMIA\vendor\twig\twig\src\Extension\CoreExtension.php&lt;/span&gt;"
  -&lt;span class=sf-dump-private title="Private property defined in class:&amp;#10;`Twig\Error\Error`"&gt;phpLine&lt;/span&gt;: &lt;span class=sf-dump-num&gt;1749&lt;/span&gt;
&lt;/samp&gt;}
&lt;/pre&gt;&lt;script&gt;Sfdump("sf-dump-1082980003")&lt;/script&gt;
                    &lt;/div&gt;
                &lt;/details&gt;
                    &lt;/div&gt;

        &lt;div id="trace-html-1" class="sf-toggle-content"&gt;
                    &lt;div class="trace-line "&gt;
                &lt;div class="trace-line-header break-long-words sf-toggle" data-toggle-selector="#trace-html-1-0" data-toggle-initial="display"&gt;
            &lt;span class="icon icon-close"&gt;&lt;svg width="1792" height="1792" viewBox="0 0 1792 1792" xmlns="http://www.w3.org/2000/svg"&gt;&lt;path d="M1408 960V832q0-26-19-45t-45-19H448q-26 0-45 19t-19 45v128q0 26 19 45t45 19h896q26 0 45-19t19-45zm256-544v960q0 119-84.5 203.5T1376 1664H416q-119 0-203.5-84.5T128 1376V416q0-119 84.5-203.5T416 128h960q119 0 203.5 84.5T1664 416z"/&gt;&lt;/svg&gt;&lt;/span&gt;
        &lt;span class="icon icon-open"&gt;&lt;svg width="1792" height="1792" viewBox="0 0 1792 1792" xmlns="http://www.w3.org/2000/svg"&gt;&lt;path d="M1408 960V832q0-26-19-45t-45-19h-320V448q0-26-19-45t-45-19H832q-26 0-45 19t-19 45v320H448q-26 0-45 19t-19 45v128q0 26 19 45t45 19h320v320q0 26 19 45t45 19h128q26 0 45-19t19-45v-320h320q26 0 45-19t19-45zm256-544v960q0 119-84.5 203.5T1376 1664H416q-119 0-203.5-84.5T128 1376V416q0-119 84.5-203.5T416 128h960q119 0 203.5 84.5T1664 416z"/&gt;&lt;/svg&gt;&lt;/span&gt;
    
    
                    &lt;span class="block trace-file-path"&gt;
            in
            &lt;a href="file://C:\Users\sliti\Desktop\dev\esprit-PIDEV-3A16-2526-FARMIA\templates\components\_profile_modal.html.twig#L53"&gt;
                C:\Users\sliti\Desktop\dev\esprit-PIDEV-3A16-2526-FARMIA\templates\components\&lt;strong&gt;_profile_modal.html.twig&lt;/strong&gt;
            &lt;/a&gt;
                        (line 53)
            &lt;span class="icon icon-copy hidden" data-clipboard-text="C:\Users\sliti\Desktop\dev\esprit-PIDEV-3A16-2526-FARMIA\templates\components\_profile_modal.html.twig:53"&gt;
                &lt;svg xmlns="http://www.w3.org/2000/svg" height="24" viewBox="0 0 24 24" width="24"&gt;&lt;path d="M0 0h24v24H0z" fill="none"/&gt;&lt;path d="M16 1H4c-1.1 0-2 .9-2 2v14h2V3h12V1zm3 4H8c-1.1 0-2 .9-2 2v14c0 1.1.9 2 2 2h11c1.1 0 2-.9 2-2V7c0-1.1-.9-2-2-2zm0 16H8V7h11v14z"/&gt;&lt;/svg&gt;            &lt;/span&gt;
        &lt;/span&gt;
    &lt;/div&gt;
    &lt;div id="trace-html-1-0" class="trace-code sf-toggle-content"&gt;
        &lt;ol start="48"&gt;&lt;li&gt;&lt;code&gt;&amp;nbsp;&amp;nbsp;&amp;nbsp;&amp;nbsp;&amp;nbsp;&amp;nbsp;&amp;nbsp;&amp;nbsp;&amp;nbsp;&amp;nbsp;&amp;nbsp;&amp;nbsp;&amp;nbsp;&amp;nbsp;&amp;nbsp;&amp;nbsp;&amp;nbsp;&amp;nbsp;&amp;nbsp;&amp;nbsp;&amp;nbsp;&amp;nbsp;&amp;nbsp;&amp;nbsp;&amp;lt;span&amp;nbsp;id="profileErrorsList"&amp;gt;&amp;lt;/span&amp;gt;&lt;/code&gt;&lt;/li&gt;
&lt;li&gt;&lt;code&gt;&amp;nbsp;&amp;nbsp;&amp;nbsp;&amp;nbsp;&amp;nbsp;&amp;nbsp;&amp;nbsp;&amp;nbsp;&amp;nbsp;&amp;nbsp;&amp;nbsp;&amp;nbsp;&amp;nbsp;&amp;nbsp;&amp;nbsp;&amp;nbsp;&amp;nbsp;&amp;nbsp;&amp;nbsp;&amp;nbsp;&amp;lt;/div&amp;gt;&lt;/code&gt;&lt;/li&gt;
&lt;li&gt;&lt;code&gt;&lt;/code&gt;&lt;/li&gt;
&lt;li&gt;&lt;code&gt;&amp;nbsp;&amp;nbsp;&amp;nbsp;&amp;nbsp;&amp;nbsp;&amp;nbsp;&amp;nbsp;&amp;nbsp;&amp;nbsp;&amp;nbsp;&amp;nbsp;&amp;nbsp;&amp;nbsp;&amp;nbsp;&amp;nbsp;&amp;nbsp;&amp;nbsp;&amp;nbsp;&amp;nbsp;&amp;nbsp;&amp;lt;div&amp;nbsp;class="form-row"&amp;gt;&lt;/code&gt;&lt;/li&gt;
&lt;li&gt;&lt;code&gt;&amp;nbsp;&amp;nbsp;&amp;nbsp;&amp;nbsp;&amp;nbsp;&amp;nbsp;&amp;nbsp;&amp;nbsp;&amp;nbsp;&amp;nbsp;&amp;nbsp;&amp;nbsp;&amp;nbsp;&amp;nbsp;&amp;nbsp;&amp;nbsp;&amp;nbsp;&amp;nbsp;&amp;nbsp;&amp;nbsp;&amp;nbsp;&amp;nbsp;&amp;nbsp;&amp;nbsp;&amp;lt;label&amp;gt;Nom:&amp;lt;/label&amp;gt;&lt;/code&gt;&lt;/li&gt;
&lt;li class="selected"&gt;&lt;code&gt;&amp;nbsp;&amp;nbsp;&amp;nbsp;&amp;nbsp;&amp;nbsp;&amp;nbsp;&amp;nbsp;&amp;nbsp;&amp;nbsp;&amp;nbsp;&amp;nbsp;&amp;nbsp;&amp;nbsp;&amp;nbsp;&amp;nbsp;&amp;nbsp;&amp;nbsp;&amp;nbsp;&amp;nbsp;&amp;nbsp;&amp;nbsp;&amp;nbsp;&amp;nbsp;&amp;nbsp;&amp;lt;input&amp;nbsp;type="text"&amp;nbsp;name="nom"&amp;nbsp;id="pf-nom"&amp;nbsp;class="profile-input"&amp;nbsp;value="{{&amp;nbsp;app.user.nom&amp;nbsp;}}"&amp;gt;&lt;/code&gt;&lt;/li&gt;
&lt;li&gt;&lt;code&gt;&amp;nbsp;&amp;nbsp;&amp;nbsp;&amp;nbsp;&amp;nbsp;&amp;nbsp;&amp;nbsp;&amp;nbsp;&amp;nbsp;&amp;nbsp;&amp;nbsp;&amp;nbsp;&amp;nbsp;&amp;nbsp;&amp;nbsp;&amp;nbsp;&amp;nbsp;&amp;nbsp;&amp;nbsp;&amp;nbsp;&amp;nbsp;&amp;nbsp;&amp;nbsp;&amp;nbsp;&amp;lt;div&amp;nbsp;class="pf-field-error"&amp;nbsp;id="err-nom"&amp;gt;&amp;lt;/div&amp;gt;&lt;/code&gt;&lt;/li&gt;
&lt;li&gt;&lt;code&gt;&amp;nbsp;&amp;nbsp;&amp;nbsp;&amp;nbsp;&amp;nbsp;&amp;nbsp;&amp;nbsp;&amp;nbsp;&amp;nbsp;&amp;nbsp;&amp;nbsp;&amp;nbsp;&amp;nbsp;&amp;nbsp;&amp;nbsp;&amp;nbsp;&amp;nbsp;&amp;nbsp;&amp;nbsp;&amp;nbsp;&amp;lt;/div&amp;gt;&lt;/code&gt;&lt;/li&gt;
&lt;li&gt;&lt;code&gt;&amp;nbsp;&amp;nbsp;&amp;nbsp;&amp;nbsp;&amp;nbsp;&amp;nbsp;&amp;nbsp;&amp;nbsp;&amp;nbsp;&amp;nbsp;&amp;nbsp;&amp;nbsp;&amp;nbsp;&amp;nbsp;&amp;nbsp;&amp;nbsp;&amp;nbsp;&amp;nbsp;&amp;nbsp;&amp;nbsp;&lt;/code&gt;&lt;/li&gt;
&lt;li&gt;&lt;code&gt;&amp;nbsp;&amp;nbsp;&amp;nbsp;&amp;nbsp;&amp;nbsp;&amp;nbsp;&amp;nbsp;&amp;nbsp;&amp;nbsp;&amp;nbsp;&amp;nbsp;&amp;nbsp;&amp;nbsp;&amp;nbsp;&amp;nbsp;&amp;nbsp;&amp;nbsp;&amp;nbsp;&amp;nbsp;&amp;nbsp;&amp;lt;div&amp;nbsp;class="form-row"&amp;gt;&lt;/code&gt;&lt;/li&gt;
&lt;li&gt;&lt;code&gt;&amp;nbsp;&amp;nbsp;&amp;nbsp;&amp;nbsp;&amp;nbsp;&amp;nbsp;&amp;nbsp;&amp;nbsp;&amp;nbsp;&amp;nbsp;&amp;nbsp;&amp;nbsp;&amp;nbsp;&amp;nbsp;&amp;nbsp;&amp;nbsp;&amp;nbsp;&amp;nbsp;&amp;nbsp;&amp;nbsp;&amp;nbsp;&amp;nbsp;&amp;nbsp;&amp;nbsp;&amp;lt;label&amp;gt;Prénom:&amp;lt;/label&amp;gt;&lt;/code&gt;&lt;/li&gt;&lt;/ol&gt;    &lt;/div&gt;            &lt;/div&gt;
                        &lt;div class="trace-line "&gt;
                &lt;div class="trace-line-header break-long-words sf-toggle" data-toggle-selector="#trace-html-1-1" data-toggle-initial=""&gt;
            &lt;span class="icon icon-close"&gt;&lt;svg width="1792" height="1792" viewBox="0 0 1792 1792" xmlns="http://www.w3.org/2000/svg"&gt;&lt;path d="M1408 960V832q0-26-19-45t-45-19H448q-26 0-45 19t-19 45v128q0 26 19 45t45 19h896q26 0 45-19t19-45zm256-544v960q0 119-84.5 203.5T1376 1664H416q-119 0-203.5-84.5T128 1376V416q0-119 84.5-203.5T416 128h960q119 0 203.5 84.5T1664 416z"/&gt;&lt;/svg&gt;&lt;/span&gt;
        &lt;span class="icon icon-open"&gt;&lt;svg width="1792" height="1792" viewBox="0 0 1792 1792" xmlns="http://www.w3.org/2000/svg"&gt;&lt;path d="M1408 960V832q0-26-19-45t-45-19h-320V448q0-26-19-45t-45-19H832q-26 0-45 19t-19 45v320H448q-26 0-45 19t-19 45v128q0 26 19 45t45 19h320v320q0 26 19 45t45 19h128q26 0 45-19t19-45v-320h320q26 0 45-19t19-45zm256-544v960q0 119-84.5 203.5T1376 1664H416q-119 0-203.5-84.5T128 1376V416q0-119 84.5-203.5T416 128h960q119 0 203.5 84.5T1664 416z"/&gt;&lt;/svg&gt;&lt;/span&gt;
    
            &lt;span class="trace-class"&gt;&lt;abbr title="Twig\Extension\CoreExtension"&gt;CoreExtension&lt;/abbr&gt;&lt;/span&gt;&lt;span class="trace-type"&gt;::&lt;/span&gt;&lt;span class="trace-method"&gt;getAttribute&lt;/span&gt;&lt;span class="trace-arguments"&gt;(&lt;em&gt;object&lt;/em&gt;(&lt;abbr title="Twig\Environment"&gt;Environment&lt;/abbr&gt;), &lt;em&gt;object&lt;/em&gt;(&lt;abbr title="Twig\Source"&gt;Source&lt;/abbr&gt;), &lt;em&gt;null&lt;/em&gt;, 'nom', &lt;em&gt;array&lt;/em&gt;(), 'any', &lt;em&gt;false&lt;/em&gt;, &lt;em&gt;false&lt;/em&gt;, &lt;em&gt;false&lt;/em&gt;, 53)&lt;/span&gt;    
                    &lt;span class="block trace-file-path"&gt;
            in
            &lt;a href="file://C:\Users\sliti\Desktop\dev\esprit-PIDEV-3A16-2526-FARMIA\var\cache\test\twig\5d\5d07f95a04aea814789e466f36922b83.php#L118"&gt;
                C:\Users\sliti\Desktop\dev\esprit-PIDEV-3A16-2526-FARMIA\var\cache\test\twig\5d\&lt;strong&gt;5d07f95a04aea814789e466f36922b83.php&lt;/strong&gt;
            &lt;/a&gt;
                        (line 118)
            &lt;span class="icon icon-copy hidden" data-clipboard-text="C:\Users\sliti\Desktop\dev\esprit-PIDEV-3A16-2526-FARMIA\var\cache\test\twig\5d\5d07f95a04aea814789e466f36922b83.php:118"&gt;
                &lt;svg xmlns="http://www.w3.org/2000/svg" height="24" viewBox="0 0 24 24" width="24"&gt;&lt;path d="M0 0h24v24H0z" fill="none"/&gt;&lt;path d="M16 1H4c-1.1 0-2 .9-2 2v14h2V3h12V1zm3 4H8c-1.1 0-2 .9-2 2v14c0 1.1.9 2 2 2h11c1.1 0 2-.9 2-2V7c0-1.1-.9-2-2-2zm0 16H8V7h11v14z"/&gt;&lt;/svg&gt;            &lt;/span&gt;
        &lt;/span&gt;
    &lt;/div&gt;
    &lt;div id="trace-html-1-1" class="trace-code sf-toggle-content"&gt;
        &lt;ol start="113"&gt;&lt;li&gt;&lt;code&gt;&lt;span style="color: var(--highlight-string)"&gt;&lt;/span&gt;&lt;/code&gt;&lt;/li&gt;
&lt;li&gt;&lt;code&gt;&lt;span style="color: var(--highlight-string)"&gt;&amp;nbsp;&amp;nbsp;&amp;nbsp;&amp;nbsp;&amp;nbsp;&amp;nbsp;&amp;nbsp;&amp;nbsp;&amp;nbsp;&amp;nbsp;&amp;nbsp;&amp;nbsp;&amp;nbsp;&amp;nbsp;&amp;nbsp;&amp;nbsp;&amp;nbsp;&amp;nbsp;&amp;nbsp;&amp;nbsp;&amp;lt;div&amp;nbsp;class=\"form-row\"&amp;gt;&lt;/span&gt;&lt;/code&gt;&lt;/li&gt;
&lt;li&gt;&lt;code&gt;&lt;span style="color: var(--highlight-string)"&gt;&amp;nbsp;&amp;nbsp;&amp;nbsp;&amp;nbsp;&amp;nbsp;&amp;nbsp;&amp;nbsp;&amp;nbsp;&amp;nbsp;&amp;nbsp;&amp;nbsp;&amp;nbsp;&amp;nbsp;&amp;nbsp;&amp;nbsp;&amp;nbsp;&amp;nbsp;&amp;nbsp;&amp;nbsp;&amp;nbsp;&amp;nbsp;&amp;nbsp;&amp;nbsp;&amp;nbsp;&amp;lt;label&amp;gt;Nom:&amp;lt;/label&amp;gt;&lt;/span&gt;&lt;/code&gt;&lt;/li&gt;
&lt;li&gt;&lt;code&gt;&lt;span style="color: var(--highlight-string)"&gt;&amp;nbsp;&amp;nbsp;&amp;nbsp;&amp;nbsp;&amp;nbsp;&amp;nbsp;&amp;nbsp;&amp;nbsp;&amp;nbsp;&amp;nbsp;&amp;nbsp;&amp;nbsp;&amp;nbsp;&amp;nbsp;&amp;nbsp;&amp;nbsp;&amp;nbsp;&amp;nbsp;&amp;nbsp;&amp;nbsp;&amp;nbsp;&amp;nbsp;&amp;nbsp;&amp;nbsp;&amp;lt;input&amp;nbsp;type=\"text\"&amp;nbsp;name=\"nom\"&amp;nbsp;id=\"pf-nom\"&amp;nbsp;class=\"profile-input\"&amp;nbsp;value=\""&lt;/span&gt;&lt;span style="color: var(--highlight-keyword)"&gt;;&lt;/span&gt;&lt;/code&gt;&lt;/li&gt;
&lt;li&gt;&lt;code&gt;&lt;span style="color: var(--highlight-keyword)"&gt;&amp;nbsp;&amp;nbsp;&amp;nbsp;&amp;nbsp;&amp;nbsp;&amp;nbsp;&amp;nbsp;&amp;nbsp;&lt;/span&gt;&lt;span style="color: var(--highlight-comment)"&gt;//&amp;nbsp;line&amp;nbsp;53&lt;/span&gt;&lt;/code&gt;&lt;/li&gt;
&lt;li class="selected"&gt;&lt;code&gt;&lt;span style="color: var(--highlight-comment)"&gt;&amp;nbsp;&amp;nbsp;&amp;nbsp;&amp;nbsp;&amp;nbsp;&amp;nbsp;&amp;nbsp;&amp;nbsp;&lt;/span&gt;&lt;span style="color: var(--highlight-keyword)"&gt;yield&amp;nbsp;&lt;/span&gt;&lt;span style="color: var(--highlight-default)"&gt;$this&lt;/span&gt;&lt;span style="color: var(--highlight-keyword)"&gt;-&amp;gt;&lt;/span&gt;&lt;span style="color: var(--highlight-default)"&gt;env&lt;/span&gt;&lt;span style="color: var(--highlight-keyword)"&gt;-&amp;gt;&lt;/span&gt;&lt;span style="color: var(--highlight-default)"&gt;getRuntime&lt;/span&gt;&lt;span style="color: var(--highlight-keyword)"&gt;(&lt;/span&gt;&lt;span style="color: var(--highlight-string)"&gt;'Twig\Runtime\EscaperRuntime'&lt;/span&gt;&lt;span style="color: var(--highlight-keyword)"&gt;)-&amp;gt;&lt;/span&gt;&lt;span style="color: var(--highlight-default)"&gt;escape&lt;/span&gt;&lt;span style="color: var(--highlight-keyword)"&gt;(&lt;/span&gt;&lt;span style="color: var(--highlight-default)"&gt;CoreExtension&lt;/span&gt;&lt;span style="color: var(--highlight-keyword)"&gt;::&lt;/span&gt;&lt;span style="color: var(--highlight-default)"&gt;getAttribute&lt;/span&gt;&lt;span style="color: var(--highlight-keyword)"&gt;(&lt;/span&gt;&lt;span style="color: var(--highlight-default)"&gt;$this&lt;/span&gt;&lt;span style="color: var(--highlight-keyword)"&gt;-&amp;gt;&lt;/span&gt;&lt;span style="color: var(--highlight-default)"&gt;env&lt;/span&gt;&lt;span style="color: var(--highlight-keyword)"&gt;,&amp;nbsp;&lt;/span&gt;&lt;span style="color: var(--highlight-default)"&gt;$this&lt;/span&gt;&lt;span style="color: var(--highlight-keyword)"&gt;-&amp;gt;&lt;/span&gt;&lt;span style="color: var(--highlight-default)"&gt;source&lt;/span&gt;&lt;span style="color: var(--highlight-keyword)"&gt;,&amp;nbsp;&lt;/span&gt;&lt;span style="color: var(--highlight-default)"&gt;CoreExtension&lt;/span&gt;&lt;span style="color: var(--highlight-keyword)"&gt;::&lt;/span&gt;&lt;span style="color: var(--highlight-default)"&gt;getAttribute&lt;/span&gt;&lt;span style="color: var(--highlight-keyword)"&gt;(&lt;/span&gt;&lt;span style="color: var(--highlight-default)"&gt;$this&lt;/span&gt;&lt;span style="color: var(--highlight-keyword)"&gt;-&amp;gt;&lt;/span&gt;&lt;span style="color: var(--highlight-default)"&gt;env&lt;/span&gt;&lt;span style="color: var(--highlight-keyword)"&gt;,&amp;nbsp;&lt;/span&gt;&lt;span style="color: var(--highlight-default)"&gt;$this&lt;/span&gt;&lt;span style="color: var(--highlight-keyword)"&gt;-&amp;gt;&lt;/span&gt;&lt;span style="color: var(--highlight-default)"&gt;source&lt;/span&gt;&lt;span style="color: var(--highlight-keyword)"&gt;,&amp;nbsp;(isset(&lt;/span&gt;&lt;span style="color: var(--highlight-default)"&gt;$context&lt;/span&gt;&lt;span style="color: var(--highlight-keyword)"&gt;[&lt;/span&gt;&lt;span style="color: var(--highlight-string)"&gt;"app"&lt;/span&gt;&lt;span style="color: var(--highlight-keyword)"&gt;])&amp;nbsp;||&amp;nbsp;&lt;/span&gt;&lt;span style="color: var(--highlight-default)"&gt;array_key_exists&lt;/span&gt;&lt;span style="color: var(--highlight-keyword)"&gt;(&lt;/span&gt;&lt;span style="color: var(--highlight-string)"&gt;"app"&lt;/span&gt;&lt;span style="color: var(--highlight-keyword)"&gt;,&amp;nbsp;&lt;/span&gt;&lt;span style="color: var(--highlight-default)"&gt;$context&lt;/span&gt;&lt;span style="color: var(--highlight-keyword)"&gt;)&amp;nbsp;?&amp;nbsp;&lt;/span&gt;&lt;span style="color: var(--highlight-default)"&gt;$context&lt;/span&gt;&lt;span style="color: var(--highlight-keyword)"&gt;[&lt;/span&gt;&lt;span style="color: var(--highlight-string)"&gt;"app"&lt;/span&gt;&lt;span style="color: var(--highlight-keyword)"&gt;]&amp;nbsp;:&amp;nbsp;(function&amp;nbsp;()&amp;nbsp;{&amp;nbsp;throw&amp;nbsp;new&amp;nbsp;&lt;/span&gt;&lt;span style="color: var(--highlight-default)"&gt;RuntimeError&lt;/span&gt;&lt;span style="color: var(--highlight-keyword)"&gt;(&lt;/span&gt;&lt;span style="color: var(--highlight-string)"&gt;'Variable&amp;nbsp;"app"&amp;nbsp;does&amp;nbsp;not&amp;nbsp;exist.'&lt;/span&gt;&lt;span style="color: var(--highlight-keyword)"&gt;,&amp;nbsp;&lt;/span&gt;&lt;span style="color: var(--highlight-default)"&gt;53&lt;/span&gt;&lt;span style="color: var(--highlight-keyword)"&gt;,&amp;nbsp;&lt;/span&gt;&lt;span style="color: var(--highlight-default)"&gt;$this&lt;/span&gt;&lt;span style="color: var(--highlight-keyword)"&gt;-&amp;gt;&lt;/span&gt;&lt;span style="color: var(--highlight-default)"&gt;source&lt;/span&gt;&lt;span style="color: var(--highlight-keyword)"&gt;);&amp;nbsp;})()),&amp;nbsp;&lt;/span&gt;&lt;span style="color: var(--highlight-string)"&gt;"user"&lt;/span&gt;&lt;span style="color: var(--highlight-keyword)"&gt;,&amp;nbsp;[],&amp;nbsp;&lt;/span&gt;&lt;span style="color: var(--highlight-string)"&gt;"any"&lt;/span&gt;&lt;span style="color: var(--highlight-keyword)"&gt;,&amp;nbsp;&lt;/span&gt;&lt;span style="color: var(--highlight-default)"&gt;false&lt;/span&gt;&lt;span style="color: var(--highlight-keyword)"&gt;,&amp;nbsp;&lt;/span&gt;&lt;span style="color: var(--highlight-default)"&gt;false&lt;/span&gt;&lt;span style="color: var(--highlight-keyword)"&gt;,&amp;nbsp;&lt;/span&gt;&lt;span style="color: var(--highlight-default)"&gt;false&lt;/span&gt;&lt;span style="color: var(--highlight-keyword)"&gt;,&amp;nbsp;&lt;/span&gt;&lt;span style="color: var(--highlight-default)"&gt;53&lt;/span&gt;&lt;span style="color: var(--highlight-keyword)"&gt;),&amp;nbsp;&lt;/span&gt;&lt;span style="color: var(--highlight-string)"&gt;"nom"&lt;/span&gt;&lt;span style="color: var(--highlight-keyword)"&gt;,&amp;nbsp;[],&amp;nbsp;&lt;/span&gt;&lt;span style="color: var(--highlight-string)"&gt;"any"&lt;/span&gt;&lt;span style="color: var(--highlight-keyword)"&gt;,&amp;nbsp;&lt;/span&gt;&lt;span style="color: var(--highlight-default)"&gt;false&lt;/span&gt;&lt;span style="color: var(--highlight-keyword)"&gt;,&amp;nbsp;&lt;/span&gt;&lt;span style="color: var(--highlight-default)"&gt;false&lt;/span&gt;&lt;span style="color: var(--highlight-keyword)"&gt;,&amp;nbsp;&lt;/span&gt;&lt;span style="color: var(--highlight-default)"&gt;false&lt;/span&gt;&lt;span style="color: var(--highlight-keyword)"&gt;,&amp;nbsp;&lt;/span&gt;&lt;span style="color: var(--highlight-default)"&gt;53&lt;/span&gt;&lt;span style="color: var(--highlight-keyword)"&gt;),&amp;nbsp;&lt;/span&gt;&lt;span style="color: var(--highlight-string)"&gt;"html"&lt;/span&gt;&lt;span style="color: var(--highlight-keyword)"&gt;,&amp;nbsp;&lt;/span&gt;&lt;span style="color: var(--highlight-default)"&gt;null&lt;/span&gt;&lt;span style="color: var(--highlight-keyword)"&gt;,&amp;nbsp;&lt;/span&gt;&lt;span style="color: var(--highlight-default)"&gt;true&lt;/span&gt;&lt;span style="color: var(--highlight-keyword)"&gt;);&lt;/span&gt;&lt;/code&gt;&lt;/li&gt;
&lt;li&gt;&lt;code&gt;&lt;span style="color: var(--highlight-keyword)"&gt;&amp;nbsp;&amp;nbsp;&amp;nbsp;&amp;nbsp;&amp;nbsp;&amp;nbsp;&amp;nbsp;&amp;nbsp;yield&amp;nbsp;&lt;/span&gt;&lt;span style="color: var(--highlight-string)"&gt;"\"&amp;gt;&lt;/span&gt;&lt;/code&gt;&lt;/li&gt;
&lt;li&gt;&lt;code&gt;&lt;span style="color: var(--highlight-string)"&gt;&amp;nbsp;&amp;nbsp;&amp;nbsp;&amp;nbsp;&amp;nbsp;&amp;nbsp;&amp;nbsp;&amp;nbsp;&amp;nbsp;&amp;nbsp;&amp;nbsp;&amp;nbsp;&amp;nbsp;&amp;nbsp;&amp;nbsp;&amp;nbsp;&amp;nbsp;&amp;nbsp;&amp;nbsp;&amp;nbsp;&amp;nbsp;&amp;nbsp;&amp;nbsp;&amp;nbsp;&amp;lt;div&amp;nbsp;class=\"pf-field-error\"&amp;nbsp;id=\"err-nom\"&amp;gt;&amp;lt;/div&amp;gt;&lt;/span&gt;&lt;/code&gt;&lt;/li&gt;
&lt;li&gt;&lt;code&gt;&lt;span style="color: var(--highlight-string)"&gt;&amp;nbsp;&amp;nbsp;&amp;nbsp;&amp;nbsp;&amp;nbsp;&amp;nbsp;&amp;nbsp;&amp;nbsp;&amp;nbsp;&amp;nbsp;&amp;nbsp;&amp;nbsp;&amp;nbsp;&amp;nbsp;&amp;nbsp;&amp;nbsp;&amp;nbsp;&amp;nbsp;&amp;nbsp;&amp;nbsp;&amp;lt;/div&amp;gt;&lt;/span&gt;&lt;/code&gt;&lt;/li&gt;
&lt;li&gt;&lt;code&gt;&lt;span style="color: var(--highlight-string)"&gt;&amp;nbsp;&amp;nbsp;&amp;nbsp;&amp;nbsp;&amp;nbsp;&amp;nbsp;&amp;nbsp;&amp;nbsp;&amp;nbsp;&amp;nbsp;&amp;nbsp;&amp;nbsp;&amp;nbsp;&amp;nbsp;&amp;nbsp;&amp;nbsp;&amp;nbsp;&amp;nbsp;&amp;nbsp;&amp;nbsp;&lt;/span&gt;&lt;/code&gt;&lt;/li&gt;
&lt;li&gt;&lt;code&gt;&lt;span style="color: var(--highlight-string)"&gt;&amp;nbsp;&amp;nbsp;&amp;nbsp;&amp;nbsp;&amp;nbsp;&amp;nbsp;&amp;nbsp;&amp;nbsp;&amp;nbsp;&amp;nbsp;&amp;nbsp;&amp;nbsp;&amp;nbsp;&amp;nbsp;&amp;nbsp;&amp;nbsp;&amp;nbsp;&amp;nbsp;&amp;nbsp;&amp;nbsp;&amp;lt;div&amp;nbsp;class=\"form-row\"&amp;gt;&lt;/span&gt;&lt;/code&gt;&lt;/li&gt;&lt;/ol&gt;    &lt;/div&gt;            &lt;/div&gt;
                        &lt;div class="trace-line "&gt;
                &lt;div class="trace-line-header break-long-words sf-toggle" data-toggle-selector="#trace-html-1-2" data-toggle-initial=""&gt;
            &lt;span class="icon icon-close"&gt;&lt;svg width="1792" height="1792" viewBox="0 0 1792 1792" xmlns="http://www.w3.org/2000/svg"&gt;&lt;path d="M1408 960V832q0-26-19-45t-45-19H448q-26 0-45 19t-19 45v128q0 26 19 45t45 19h896q26 0 45-19t19-45zm256-544v960q0 119-84.5 203.5T1376 1664H416q-119 0-203.5-84.5T128 1376V416q0-119 84.5-203.5T416 128h960q119 0 203.5 84.5T1664 416z"/&gt;&lt;/svg&gt;&lt;/span&gt;
        &lt;span class="icon icon-open"&gt;&lt;svg width="1792" height="1792" viewBox="0 0 1792 1792" xmlns="http://www.w3.org/2000/svg"&gt;&lt;path d="M1408 960V832q0-26-19-45t-45-19h-320V448q0-26-19-45t-45-19H832q-26 0-45 19t-19 45v320H448q-26 0-45 19t-19 45v128q0 26 19 45t45 19h320v320q0 26 19 45t45 19h128q26 0 45-19t19-45v-320h320q26 0 45-19t19-45zm256-544v960q0 119-84.5 203.5T1376 1664H416q-119 0-203.5-84.5T128 1376V416q0-119 84.5-203.5T416 128h960q119 0 203.5 84.5T1664 416z"/&gt;&lt;/svg&gt;&lt;/span&gt;
    
            &lt;span class="trace-class"&gt;&lt;abbr title="__TwigTemplate_14b0366358f04021c4c491b76bd18364"&gt;__TwigTemplate_14b0366358f04021c4c491b76bd18364&lt;/abbr&gt;&lt;/span&gt;&lt;span class="trace-type"&gt;-&gt;&lt;/span&gt;&lt;span class="trace-method"&gt;doDisplay&lt;/span&gt;&lt;span class="trace-arguments"&gt;(&lt;em&gt;array&lt;/em&gt;('animals' =&gt; &lt;em&gt;array&lt;/em&gt;(), 'fermes' =&gt; &lt;em&gt;array&lt;/em&gt;(), 'suivis' =&gt; &lt;em&gt;array&lt;/em&gt;(), 'animal_edit' =&gt; &lt;em&gt;null&lt;/em&gt;, 'errors' =&gt; &lt;em&gt;array&lt;/em&gt;(), 'searchTerm' =&gt; &lt;em&gt;null&lt;/em&gt;, 'currentSort' =&gt; 'espece', 'currentDirection' =&gt; 'ASC', 'app' =&gt; &lt;em&gt;object&lt;/em&gt;(&lt;abbr title="Symfony\Bridge\Twig\AppVariable"&gt;AppVariable&lt;/abbr&gt;), 'current_route' =&gt; 'app_animal_index'), &lt;em&gt;array&lt;/em&gt;())&lt;/span&gt;    
                    &lt;span class="block trace-file-path"&gt;
            in
            &lt;a href="file://C:\Users\sliti\Desktop\dev\esprit-PIDEV-3A16-2526-FARMIA\vendor\twig\twig\src\Template.php#L402"&gt;
                C:\Users\sliti\Desktop\dev\esprit-PIDEV-3A16-2526-FARMIA\vendor\twig\twig\src\&lt;strong&gt;Template.php&lt;/strong&gt;
            &lt;/a&gt;
                        (line 402)
            &lt;span class="icon icon-copy hidden" data-clipboard-text="C:\Users\sliti\Desktop\dev\esprit-PIDEV-3A16-2526-FARMIA\vendor\twig\twig\src\Template.php:402"&gt;
                &lt;svg xmlns="http://www.w3.org/2000/svg" height="24" viewBox="0 0 24 24" width="24"&gt;&lt;path d="M0 0h24v24H0z" fill="none"/&gt;&lt;path d="M16 1H4c-1.1 0-2 .9-2 2v14h2V3h12V1zm3 4H8c-1.1 0-2 .9-2 2v14c0 1.1.9 2 2 2h11c1.1 0 2-.9 2-2V7c0-1.1-.9-2-2-2zm0 16H8V7h11v14z"/&gt;&lt;/svg&gt;            &lt;/span&gt;
        &lt;/span&gt;
    &lt;/div&gt;
    &lt;div id="trace-html-1-2" class="trace-code sf-toggle-content"&gt;
        &lt;ol start="397"&gt;&lt;li&gt;&lt;code&gt;&lt;span style="color: var(--highlight-default)"&gt;&amp;nbsp;&amp;nbsp;&amp;nbsp;&amp;nbsp;&lt;/span&gt;&lt;span style="color: var(--highlight-keyword)"&gt;{&lt;/span&gt;&lt;/code&gt;&lt;/li&gt;
&lt;li&gt;&lt;code&gt;&lt;span style="color: var(--highlight-keyword)"&gt;&amp;nbsp;&amp;nbsp;&amp;nbsp;&amp;nbsp;&amp;nbsp;&amp;nbsp;&amp;nbsp;&amp;nbsp;&lt;/span&gt;&lt;span style="color: var(--highlight-default)"&gt;$context&amp;nbsp;&lt;/span&gt;&lt;span style="color: var(--highlight-keyword)"&gt;+=&amp;nbsp;&lt;/span&gt;&lt;span style="color: var(--highlight-default)"&gt;$this&lt;/span&gt;&lt;span style="color: var(--highlight-keyword)"&gt;-&amp;gt;&lt;/span&gt;&lt;span style="color: var(--highlight-default)"&gt;env&lt;/span&gt;&lt;span style="color: var(--highlight-keyword)"&gt;-&amp;gt;&lt;/span&gt;&lt;span style="color: var(--highlight-default)"&gt;getGlobals&lt;/span&gt;&lt;span style="color: var(--highlight-keyword)"&gt;();&lt;/span&gt;&lt;/code&gt;&lt;/li&gt;
&lt;li&gt;&lt;code&gt;&lt;span style="color: var(--highlight-keyword)"&gt;&amp;nbsp;&amp;nbsp;&amp;nbsp;&amp;nbsp;&amp;nbsp;&amp;nbsp;&amp;nbsp;&amp;nbsp;&lt;/span&gt;&lt;span style="color: var(--highlight-default)"&gt;$blocks&amp;nbsp;&lt;/span&gt;&lt;span style="color: var(--highlight-keyword)"&gt;=&amp;nbsp;&lt;/span&gt;&lt;span style="color: var(--highlight-default)"&gt;array_merge&lt;/span&gt;&lt;span style="color: var(--highlight-keyword)"&gt;(&lt;/span&gt;&lt;span style="color: var(--highlight-default)"&gt;$this&lt;/span&gt;&lt;span style="color: var(--highlight-keyword)"&gt;-&amp;gt;&lt;/span&gt;&lt;span style="color: var(--highlight-default)"&gt;blocks&lt;/span&gt;&lt;span style="color: var(--highlight-keyword)"&gt;,&amp;nbsp;&lt;/span&gt;&lt;span style="color: var(--highlight-default)"&gt;$blocks&lt;/span&gt;&lt;span style="color: var(--highlight-keyword)"&gt;);&lt;/span&gt;&lt;/code&gt;&lt;/li&gt;
&lt;li&gt;&lt;code&gt;&lt;span style="color: var(--highlight-keyword)"&gt;&lt;/span&gt;&lt;/code&gt;&lt;/li&gt;
&lt;li&gt;&lt;code&gt;&lt;span style="color: var(--highlight-keyword)"&gt;&amp;nbsp;&amp;nbsp;&amp;nbsp;&amp;nbsp;&amp;nbsp;&amp;nbsp;&amp;nbsp;&amp;nbsp;try&amp;nbsp;{&lt;/span&gt;&lt;/code&gt;&lt;/li&gt;
&lt;li class="selected"&gt;&lt;code&gt;&lt;span style="color: var(--highlight-keyword)"&gt;&amp;nbsp;&amp;nbsp;&amp;nbsp;&amp;nbsp;&amp;nbsp;&amp;nbsp;&amp;nbsp;&amp;nbsp;&amp;nbsp;&amp;nbsp;&amp;nbsp;&amp;nbsp;yield&amp;nbsp;from&amp;nbsp;&lt;/span&gt;&lt;span style="color: var(--highlight-default)"&gt;$this&lt;/span&gt;&lt;span style="color: var(--highlight-keyword)"&gt;-&amp;gt;&lt;/span&gt;&lt;span style="color: var(--highlight-default)"&gt;doDisplay&lt;/span&gt;&lt;span style="color: var(--highlight-keyword)"&gt;(&lt;/span&gt;&lt;span style="color: var(--highlight-default)"&gt;$context&lt;/span&gt;&lt;span style="color: var(--highlight-keyword)"&gt;,&amp;nbsp;&lt;/span&gt;&lt;span style="color: var(--highlight-default)"&gt;$blocks&lt;/span&gt;&lt;span style="color: var(--highlight-keyword)"&gt;);&lt;/span&gt;&lt;/code&gt;&lt;/li&gt;
&lt;li&gt;&lt;code&gt;&lt;span style="color: var(--highlight-keyword)"&gt;&amp;nbsp;&amp;nbsp;&amp;nbsp;&amp;nbsp;&amp;nbsp;&amp;nbsp;&amp;nbsp;&amp;nbsp;}&amp;nbsp;catch&amp;nbsp;(&lt;/span&gt;&lt;span style="color: var(--highlight-default)"&gt;Error&amp;nbsp;$e&lt;/span&gt;&lt;span style="color: var(--highlight-keyword)"&gt;)&amp;nbsp;{&lt;/span&gt;&lt;/code&gt;&lt;/li&gt;
&lt;li&gt;&lt;code&gt;&lt;span style="color: var(--highlight-keyword)"&gt;&amp;nbsp;&amp;nbsp;&amp;nbsp;&amp;nbsp;&amp;nbsp;&amp;nbsp;&amp;nbsp;&amp;nbsp;&amp;nbsp;&amp;nbsp;&amp;nbsp;&amp;nbsp;if&amp;nbsp;(!&lt;/span&gt;&lt;span style="color: var(--highlight-default)"&gt;$e&lt;/span&gt;&lt;span style="color: var(--highlight-keyword)"&gt;-&amp;gt;&lt;/span&gt;&lt;span style="color: var(--highlight-default)"&gt;getSourceContext&lt;/span&gt;&lt;span style="color: var(--highlight-keyword)"&gt;())&amp;nbsp;{&lt;/span&gt;&lt;/code&gt;&lt;/li&gt;
&lt;li&gt;&lt;code&gt;&lt;span style="color: var(--highlight-keyword)"&gt;&amp;nbsp;&amp;nbsp;&amp;nbsp;&amp;nbsp;&amp;nbsp;&amp;nbsp;&amp;nbsp;&amp;nbsp;&amp;nbsp;&amp;nbsp;&amp;nbsp;&amp;nbsp;&amp;nbsp;&amp;nbsp;&amp;nbsp;&amp;nbsp;&lt;/span&gt;&lt;span style="color: var(--highlight-default)"&gt;$e&lt;/span&gt;&lt;span style="color: var(--highlight-keyword)"&gt;-&amp;gt;&lt;/span&gt;&lt;span style="color: var(--highlight-default)"&gt;setSourceContext&lt;/span&gt;&lt;span style="color: var(--highlight-keyword)"&gt;(&lt;/span&gt;&lt;span style="color: var(--highlight-default)"&gt;$this&lt;/span&gt;&lt;span style="color: var(--highlight-keyword)"&gt;-&amp;gt;&lt;/span&gt;&lt;span style="color: var(--highlight-default)"&gt;getSourceContext&lt;/span&gt;&lt;span style="color: var(--highlight-keyword)"&gt;());&lt;/span&gt;&lt;/code&gt;&lt;/li&gt;
&lt;li&gt;&lt;code&gt;&lt;span style="color: var(--highlight-keyword)"&gt;&amp;nbsp;&amp;nbsp;&amp;nbsp;&amp;nbsp;&amp;nbsp;&amp;nbsp;&amp;nbsp;&amp;nbsp;&amp;nbsp;&amp;nbsp;&amp;nbsp;&amp;nbsp;}&lt;/span&gt;&lt;/code&gt;&lt;/li&gt;
&lt;li&gt;&lt;code&gt;&lt;span style="color: var(--highlight-keyword)"&gt;&lt;/span&gt;&lt;/code&gt;&lt;/li&gt;&lt;/ol&gt;    &lt;/div&gt;            &lt;/div&gt;
                        &lt;div class="trace-line "&gt;
                &lt;div class="trace-line-header break-long-words sf-toggle" data-toggle-selector="#trace-html-1-3" data-toggle-initial=""&gt;
            &lt;span class="icon icon-close"&gt;&lt;svg width="1792" height="1792" viewBox="0 0 1792 1792" xmlns="http://www.w3.org/2000/svg"&gt;&lt;path d="M1408 960V832q0-26-19-45t-45-19H448q-26 0-45 19t-19 45v128q0 26 19 45t45 19h896q26 0 45-19t19-45zm256-544v960q0 119-84.5 203.5T1376 1664H416q-119 0-203.5-84.5T128 1376V416q0-119 84.5-203.5T416 128h960q119 0 203.5 84.5T1664 416z"/&gt;&lt;/svg&gt;&lt;/span&gt;
        &lt;span class="icon icon-open"&gt;&lt;svg width="1792" height="1792" viewBox="0 0 1792 1792" xmlns="http://www.w3.org/2000/svg"&gt;&lt;path d="M1408 960V832q0-26-19-45t-45-19h-320V448q0-26-19-45t-45-19H832q-26 0-45 19t-19 45v320H448q-26 0-45 19t-19 45v128q0 26 19 45t45 19h320v320q0 26 19 45t45 19h128q26 0 45-19t19-45v-320h320q26 0 45-19t19-45zm256-544v960q0 119-84.5 203.5T1376 1664H416q-119 0-203.5-84.5T128 1376V416q0-119 84.5-203.5T416 128h960q119 0 203.5 84.5T1664 416z"/&gt;&lt;/svg&gt;&lt;/span&gt;
    
            &lt;span class="trace-class"&gt;&lt;abbr title="Twig\Template"&gt;Template&lt;/abbr&gt;&lt;/span&gt;&lt;span class="trace-type"&gt;-&gt;&lt;/span&gt;&lt;span class="trace-method"&gt;yield&lt;/span&gt;&lt;span class="trace-arguments"&gt;(&lt;em&gt;array&lt;/em&gt;('animals' =&gt; &lt;em&gt;array&lt;/em&gt;(), 'fermes' =&gt; &lt;em&gt;array&lt;/em&gt;(), 'suivis' =&gt; &lt;em&gt;array&lt;/em&gt;(), 'animal_edit' =&gt; &lt;em&gt;null&lt;/em&gt;, 'errors' =&gt; &lt;em&gt;array&lt;/em&gt;(), 'searchTerm' =&gt; &lt;em&gt;null&lt;/em&gt;, 'currentSort' =&gt; 'espece', 'currentDirection' =&gt; 'ASC', 'app' =&gt; &lt;em&gt;object&lt;/em&gt;(&lt;abbr title="Symfony\Bridge\Twig\AppVariable"&gt;AppVariable&lt;/abbr&gt;), 'current_route' =&gt; 'app_animal_index'))&lt;/span&gt;    
                    &lt;span class="block trace-file-path"&gt;
            in
            &lt;a href="file://C:\Users\sliti\Desktop\dev\esprit-PIDEV-3A16-2526-FARMIA\var\cache\test\twig\17\170dfbc37d71379a1ea82aee9553d314.php#L234"&gt;
                C:\Users\sliti\Desktop\dev\esprit-PIDEV-3A16-2526-FARMIA\var\cache\test\twig\17\&lt;strong&gt;170dfbc37d71379a1ea82aee9553d314.php&lt;/strong&gt;
            &lt;/a&gt;
                        (line 234)
            &lt;span class="icon icon-copy hidden" data-clipboard-text="C:\Users\sliti\Desktop\dev\esprit-PIDEV-3A16-2526-FARMIA\var\cache\test\twig\17\170dfbc37d71379a1ea82aee9553d314.php:234"&gt;
                &lt;svg xmlns="http://www.w3.org/2000/svg" height="24" viewBox="0 0 24 24" width="24"&gt;&lt;path d="M0 0h24v24H0z" fill="none"/&gt;&lt;path d="M16 1H4c-1.1 0-2 .9-2 2v14h2V3h12V1zm3 4H8c-1.1 0-2 .9-2 2v14c0 1.1.9 2 2 2h11c1.1 0 2-.9 2-2V7c0-1.1-.9-2-2-2zm0 16H8V7h11v14z"/&gt;&lt;/svg&gt;            &lt;/span&gt;
        &lt;/span&gt;
    &lt;/div&gt;
    &lt;div id="trace-html-1-3" class="trace-code sf-toggle-content"&gt;
        &lt;ol start="229"&gt;&lt;li&gt;&lt;code&gt;&lt;span style="color: var(--highlight-string)"&gt;&amp;nbsp;&amp;nbsp;&amp;nbsp;&amp;nbsp;&amp;nbsp;&amp;nbsp;&amp;nbsp;&amp;nbsp;&amp;lt;div&amp;nbsp;id=\"google_translate_element\"&amp;gt;&amp;lt;/div&amp;gt;&lt;/span&gt;&lt;/code&gt;&lt;/li&gt;
&lt;li&gt;&lt;code&gt;&lt;span style="color: var(--highlight-string)"&gt;&amp;nbsp;&amp;nbsp;&amp;nbsp;&amp;nbsp;&amp;lt;/div&amp;gt;&lt;/span&gt;&lt;/code&gt;&lt;/li&gt;
&lt;li&gt;&lt;code&gt;&lt;span style="color: var(--highlight-string)"&gt;&lt;/span&gt;&lt;/code&gt;&lt;/li&gt;
&lt;li&gt;&lt;code&gt;&lt;span style="color: var(--highlight-string)"&gt;&amp;nbsp;&amp;nbsp;&amp;nbsp;&amp;nbsp;"&lt;/span&gt;&lt;span style="color: var(--highlight-keyword)"&gt;;&lt;/span&gt;&lt;/code&gt;&lt;/li&gt;
&lt;li&gt;&lt;code&gt;&lt;span style="color: var(--highlight-keyword)"&gt;&amp;nbsp;&amp;nbsp;&amp;nbsp;&amp;nbsp;&amp;nbsp;&amp;nbsp;&amp;nbsp;&amp;nbsp;&lt;/span&gt;&lt;span style="color: var(--highlight-comment)"&gt;//&amp;nbsp;line&amp;nbsp;135&lt;/span&gt;&lt;/code&gt;&lt;/li&gt;
&lt;li class="selected"&gt;&lt;code&gt;&lt;span style="color: var(--highlight-comment)"&gt;&amp;nbsp;&amp;nbsp;&amp;nbsp;&amp;nbsp;&amp;nbsp;&amp;nbsp;&amp;nbsp;&amp;nbsp;&lt;/span&gt;&lt;span style="color: var(--highlight-keyword)"&gt;yield&amp;nbsp;from&amp;nbsp;&lt;/span&gt;&lt;span style="color: var(--highlight-default)"&gt;$this&lt;/span&gt;&lt;span style="color: var(--highlight-keyword)"&gt;-&amp;gt;&lt;/span&gt;&lt;span style="color: var(--highlight-default)"&gt;load&lt;/span&gt;&lt;span style="color: var(--highlight-keyword)"&gt;(&lt;/span&gt;&lt;span style="color: var(--highlight-string)"&gt;"components/_profile_modal.html.twig"&lt;/span&gt;&lt;span style="color: var(--highlight-keyword)"&gt;,&amp;nbsp;&lt;/span&gt;&lt;span style="color: var(--highlight-default)"&gt;135&lt;/span&gt;&lt;span style="color: var(--highlight-keyword)"&gt;)-&amp;gt;&lt;/span&gt;&lt;span style="color: var(--highlight-default)"&gt;unwrap&lt;/span&gt;&lt;span style="color: var(--highlight-keyword)"&gt;()-&amp;gt;&lt;/span&gt;&lt;span style="color: var(--highlight-default)"&gt;yield&lt;/span&gt;&lt;span style="color: var(--highlight-keyword)"&gt;(&lt;/span&gt;&lt;span style="color: var(--highlight-default)"&gt;$context&lt;/span&gt;&lt;span style="color: var(--highlight-keyword)"&gt;);&lt;/span&gt;&lt;/code&gt;&lt;/li&gt;
&lt;li&gt;&lt;code&gt;&lt;span style="color: var(--highlight-keyword)"&gt;&amp;nbsp;&amp;nbsp;&amp;nbsp;&amp;nbsp;&amp;nbsp;&amp;nbsp;&amp;nbsp;&amp;nbsp;&lt;/span&gt;&lt;span style="color: var(--highlight-comment)"&gt;//&amp;nbsp;line&amp;nbsp;136&lt;/span&gt;&lt;/code&gt;&lt;/li&gt;
&lt;li&gt;&lt;code&gt;&lt;span style="color: var(--highlight-comment)"&gt;&amp;nbsp;&amp;nbsp;&amp;nbsp;&amp;nbsp;&amp;nbsp;&amp;nbsp;&amp;nbsp;&amp;nbsp;&lt;/span&gt;&lt;span style="color: var(--highlight-keyword)"&gt;yield&amp;nbsp;&lt;/span&gt;&lt;span style="color: var(--highlight-string)"&gt;"&amp;nbsp;&amp;nbsp;&amp;nbsp;&amp;nbsp;&lt;/span&gt;&lt;/code&gt;&lt;/li&gt;
&lt;li&gt;&lt;code&gt;&lt;span style="color: var(--highlight-string)"&gt;&amp;nbsp;&amp;nbsp;&amp;nbsp;&amp;nbsp;"&lt;/span&gt;&lt;span style="color: var(--highlight-keyword)"&gt;;&lt;/span&gt;&lt;/code&gt;&lt;/li&gt;
&lt;li&gt;&lt;code&gt;&lt;span style="color: var(--highlight-keyword)"&gt;&amp;nbsp;&amp;nbsp;&amp;nbsp;&amp;nbsp;&amp;nbsp;&amp;nbsp;&amp;nbsp;&amp;nbsp;&lt;/span&gt;&lt;span style="color: var(--highlight-comment)"&gt;//&amp;nbsp;line&amp;nbsp;137&lt;/span&gt;&lt;/code&gt;&lt;/li&gt;
&lt;li&gt;&lt;code&gt;&lt;span style="color: var(--highlight-comment)"&gt;&amp;nbsp;&amp;nbsp;&amp;nbsp;&amp;nbsp;&amp;nbsp;&amp;nbsp;&amp;nbsp;&amp;nbsp;&lt;/span&gt;&lt;span style="color: var(--highlight-keyword)"&gt;yield&amp;nbsp;from&amp;nbsp;&lt;/span&gt;&lt;span style="color: var(--highlight-default)"&gt;$this&lt;/span&gt;&lt;span style="color: var(--highlight-keyword)"&gt;-&amp;gt;&lt;/span&gt;&lt;span style="color: var(--highlight-default)"&gt;unwrap&lt;/span&gt;&lt;span style="color: var(--highlight-keyword)"&gt;()-&amp;gt;&lt;/span&gt;&lt;span style="color: var(--highlight-default)"&gt;yieldBlock&lt;/span&gt;&lt;span style="color: var(--highlight-keyword)"&gt;(&lt;/span&gt;&lt;span style="color: var(--highlight-string)"&gt;'javascripts'&lt;/span&gt;&lt;span style="color: var(--highlight-keyword)"&gt;,&amp;nbsp;&lt;/span&gt;&lt;span style="color: var(--highlight-default)"&gt;$context&lt;/span&gt;&lt;span style="color: var(--highlight-keyword)"&gt;,&amp;nbsp;&lt;/span&gt;&lt;span style="color: var(--highlight-default)"&gt;$blocks&lt;/span&gt;&lt;span style="color: var(--highlight-keyword)"&gt;);&lt;/span&gt;&lt;/code&gt;&lt;/li&gt;&lt;/ol&gt;    &lt;/div&gt;            &lt;/div&gt;
                        &lt;div class="trace-line "&gt;
                &lt;div class="trace-line-header break-long-words sf-toggle" data-toggle-selector="#trace-html-1-4" data-toggle-initial=""&gt;
            &lt;span class="icon icon-close"&gt;&lt;svg width="1792" height="1792" viewBox="0 0 1792 1792" xmlns="http://www.w3.org/2000/svg"&gt;&lt;path d="M1408 960V832q0-26-19-45t-45-19H448q-26 0-45 19t-19 45v128q0 26 19 45t45 19h896q26 0 45-19t19-45zm256-544v960q0 119-84.5 203.5T1376 1664H416q-119 0-203.5-84.5T128 1376V416q0-119 84.5-203.5T416 128h960q119 0 203.5 84.5T1664 416z"/&gt;&lt;/svg&gt;&lt;/span&gt;
        &lt;span class="icon icon-open"&gt;&lt;svg width="1792" height="1792" viewBox="0 0 1792 1792" xmlns="http://www.w3.org/2000/svg"&gt;&lt;path d="M1408 960V832q0-26-19-45t-45-19h-320V448q0-26-19-45t-45-19H832q-26 0-45 19t-19 45v320H448q-26 0-45 19t-19 45v128q0 26 19 45t45 19h320v320q0 26 19 45t45 19h128q26 0 45-19t19-45v-320h320q26 0 45-19t19-45zm256-544v960q0 119-84.5 203.5T1376 1664H416q-119 0-203.5-84.5T128 1376V416q0-119 84.5-203.5T416 128h960q119 0 203.5 84.5T1664 416z"/&gt;&lt;/svg&gt;&lt;/span&gt;
    
            &lt;span class="trace-class"&gt;&lt;abbr title="__TwigTemplate_ad2711c1e71abc2ab4f5914660d9d39a"&gt;__TwigTemplate_ad2711c1e71abc2ab4f5914660d9d39a&lt;/abbr&gt;&lt;/span&gt;&lt;span class="trace-type"&gt;-&gt;&lt;/span&gt;&lt;span class="trace-method"&gt;doDisplay&lt;/span&gt;&lt;span class="trace-arguments"&gt;(&lt;em&gt;array&lt;/em&gt;('animals' =&gt; &lt;em&gt;array&lt;/em&gt;(), 'fermes' =&gt; &lt;em&gt;array&lt;/em&gt;(), 'suivis' =&gt; &lt;em&gt;array&lt;/em&gt;(), 'animal_edit' =&gt; &lt;em&gt;null&lt;/em&gt;, 'errors' =&gt; &lt;em&gt;array&lt;/em&gt;(), 'searchTerm' =&gt; &lt;em&gt;null&lt;/em&gt;, 'currentSort' =&gt; 'espece', 'currentDirection' =&gt; 'ASC', 'app' =&gt; &lt;em&gt;object&lt;/em&gt;(&lt;abbr title="Symfony\Bridge\Twig\AppVariable"&gt;AppVariable&lt;/abbr&gt;), 'current_route' =&gt; 'app_animal_index'), &lt;em&gt;array&lt;/em&gt;('title' =&gt; &lt;em&gt;array&lt;/em&gt;(&lt;em&gt;object&lt;/em&gt;(&lt;abbr title="__TwigTemplate_24303efbd827d7bdc3fcc908a46044f0"&gt;__TwigTemplate_24303efbd827d7bdc3fcc908a46044f0&lt;/abbr&gt;), 'block_title'), 'stylesheets' =&gt; &lt;em&gt;array&lt;/em&gt;(&lt;em&gt;object&lt;/em&gt;(&lt;abbr title="__TwigTemplate_ad2711c1e71abc2ab4f5914660d9d39a"&gt;__TwigTemplate_ad2711c1e71abc2ab4f5914660d9d39a&lt;/abbr&gt;), 'block_stylesheets'), 'body' =&gt; &lt;em&gt;array&lt;/em&gt;(&lt;em&gt;object&lt;/em&gt;(&lt;abbr title="__TwigTemplate_24303efbd827d7bdc3fcc908a46044f0"&gt;__TwigTemplate_24303efbd827d7bdc3fcc908a46044f0&lt;/abbr&gt;), 'block_body'), 'javascripts' =&gt; &lt;em&gt;array&lt;/em&gt;(&lt;em&gt;object&lt;/em&gt;(&lt;abbr title="__TwigTemplate_ad2711c1e71abc2ab4f5914660d9d39a"&gt;__TwigTemplate_ad2711c1e71abc2ab4f5914660d9d39a&lt;/abbr&gt;), 'block_javascripts')))&lt;/span&gt;    
                    &lt;span class="block trace-file-path"&gt;
            in
            &lt;a href="file://C:\Users\sliti\Desktop\dev\esprit-PIDEV-3A16-2526-FARMIA\vendor\twig\twig\src\Template.php#L402"&gt;
                C:\Users\sliti\Desktop\dev\esprit-PIDEV-3A16-2526-FARMIA\vendor\twig\twig\src\&lt;strong&gt;Template.php&lt;/strong&gt;
            &lt;/a&gt;
                        (line 402)
            &lt;span class="icon icon-copy hidden" data-clipboard-text="C:\Users\sliti\Desktop\dev\esprit-PIDEV-3A16-2526-FARMIA\vendor\twig\twig\src\Template.php:402"&gt;
                &lt;svg xmlns="http://www.w3.org/2000/svg" height="24" viewBox="0 0 24 24" width="24"&gt;&lt;path d="M0 0h24v24H0z" fill="none"/&gt;&lt;path d="M16 1H4c-1.1 0-2 .9-2 2v14h2V3h12V1zm3 4H8c-1.1 0-2 .9-2 2v14c0 1.1.9 2 2 2h11c1.1 0 2-.9 2-2V7c0-1.1-.9-2-2-2zm0 16H8V7h11v14z"/&gt;&lt;/svg&gt;            &lt;/span&gt;
        &lt;/span&gt;
    &lt;/div&gt;
    &lt;div id="trace-html-1-4" class="trace-code sf-toggle-content"&gt;
        &lt;ol start="397"&gt;&lt;li&gt;&lt;code&gt;&lt;span style="color: var(--highlight-default)"&gt;&amp;nbsp;&amp;nbsp;&amp;nbsp;&amp;nbsp;&lt;/span&gt;&lt;span style="color: var(--highlight-keyword)"&gt;{&lt;/span&gt;&lt;/code&gt;&lt;/li&gt;
&lt;li&gt;&lt;code&gt;&lt;span style="color: var(--highlight-keyword)"&gt;&amp;nbsp;&amp;nbsp;&amp;nbsp;&amp;nbsp;&amp;nbsp;&amp;nbsp;&amp;nbsp;&amp;nbsp;&lt;/span&gt;&lt;span style="color: var(--highlight-default)"&gt;$context&amp;nbsp;&lt;/span&gt;&lt;span style="color: var(--highlight-keyword)"&gt;+=&amp;nbsp;&lt;/span&gt;&lt;span style="color: var(--highlight-default)"&gt;$this&lt;/span&gt;&lt;span style="color: var(--highlight-keyword)"&gt;-&amp;gt;&lt;/span&gt;&lt;span style="color: var(--highlight-default)"&gt;env&lt;/span&gt;&lt;span style="color: var(--highlight-keyword)"&gt;-&amp;gt;&lt;/span&gt;&lt;span style="color: var(--highlight-default)"&gt;getGlobals&lt;/span&gt;&lt;span style="color: var(--highlight-keyword)"&gt;();&lt;/span&gt;&lt;/code&gt;&lt;/li&gt;
&lt;li&gt;&lt;code&gt;&lt;span style="color: var(--highlight-keyword)"&gt;&amp;nbsp;&amp;nbsp;&amp;nbsp;&amp;nbsp;&amp;nbsp;&amp;nbsp;&amp;nbsp;&amp;nbsp;&lt;/span&gt;&lt;span style="color: var(--highlight-default)"&gt;$blocks&amp;nbsp;&lt;/span&gt;&lt;span style="color: var(--highlight-keyword)"&gt;=&amp;nbsp;&lt;/span&gt;&lt;span style="color: var(--highlight-default)"&gt;array_merge&lt;/span&gt;&lt;span style="color: var(--highlight-keyword)"&gt;(&lt;/span&gt;&lt;span style="color: var(--highlight-default)"&gt;$this&lt;/span&gt;&lt;span style="color: var(--highlight-keyword)"&gt;-&amp;gt;&lt;/span&gt;&lt;span style="color: var(--highlight-default)"&gt;blocks&lt;/span&gt;&lt;span style="color: var(--highlight-keyword)"&gt;,&amp;nbsp;&lt;/span&gt;&lt;span style="color: var(--highlight-default)"&gt;$blocks&lt;/span&gt;&lt;span style="color: var(--highlight-keyword)"&gt;);&lt;/span&gt;&lt;/code&gt;&lt;/li&gt;
&lt;li&gt;&lt;code&gt;&lt;span style="color: var(--highlight-keyword)"&gt;&lt;/span&gt;&lt;/code&gt;&lt;/li&gt;
&lt;li&gt;&lt;code&gt;&lt;span style="color: var(--highlight-keyword)"&gt;&amp;nbsp;&amp;nbsp;&amp;nbsp;&amp;nbsp;&amp;nbsp;&amp;nbsp;&amp;nbsp;&amp;nbsp;try&amp;nbsp;{&lt;/span&gt;&lt;/code&gt;&lt;/li&gt;
&lt;li class="selected"&gt;&lt;code&gt;&lt;span style="color: var(--highlight-keyword)"&gt;&amp;nbsp;&amp;nbsp;&amp;nbsp;&amp;nbsp;&amp;nbsp;&amp;nbsp;&amp;nbsp;&amp;nbsp;&amp;nbsp;&amp;nbsp;&amp;nbsp;&amp;nbsp;yield&amp;nbsp;from&amp;nbsp;&lt;/span&gt;&lt;span style="color: var(--highlight-default)"&gt;$this&lt;/span&gt;&lt;span style="color: var(--highlight-keyword)"&gt;-&amp;gt;&lt;/span&gt;&lt;span style="color: var(--highlight-default)"&gt;doDisplay&lt;/span&gt;&lt;span style="color: var(--highlight-keyword)"&gt;(&lt;/span&gt;&lt;span style="color: var(--highlight-default)"&gt;$context&lt;/span&gt;&lt;span style="color: var(--highlight-keyword)"&gt;,&amp;nbsp;&lt;/span&gt;&lt;span style="color: var(--highlight-default)"&gt;$blocks&lt;/span&gt;&lt;span style="color: var(--highlight-keyword)"&gt;);&lt;/span&gt;&lt;/code&gt;&lt;/li&gt;
&lt;li&gt;&lt;code&gt;&lt;span style="color: var(--highlight-keyword)"&gt;&amp;nbsp;&amp;nbsp;&amp;nbsp;&amp;nbsp;&amp;nbsp;&amp;nbsp;&amp;nbsp;&amp;nbsp;}&amp;nbsp;catch&amp;nbsp;(&lt;/span&gt;&lt;span style="color: var(--highlight-default)"&gt;Error&amp;nbsp;$e&lt;/span&gt;&lt;span style="color: var(--highlight-keyword)"&gt;)&amp;nbsp;{&lt;/span&gt;&lt;/code&gt;&lt;/li&gt;
&lt;li&gt;&lt;code&gt;&lt;span style="color: var(--highlight-keyword)"&gt;&amp;nbsp;&amp;nbsp;&amp;nbsp;&amp;nbsp;&amp;nbsp;&amp;nbsp;&amp;nbsp;&amp;nbsp;&amp;nbsp;&amp;nbsp;&amp;nbsp;&amp;nbsp;if&amp;nbsp;(!&lt;/span&gt;&lt;span style="color: var(--highlight-default)"&gt;$e&lt;/span&gt;&lt;span style="color: var(--highlight-keyword)"&gt;-&amp;gt;&lt;/span&gt;&lt;span style="color: var(--highlight-default)"&gt;getSourceContext&lt;/span&gt;&lt;span style="color: var(--highlight-keyword)"&gt;())&amp;nbsp;{&lt;/span&gt;&lt;/code&gt;&lt;/li&gt;
&lt;li&gt;&lt;code&gt;&lt;span style="color: var(--highlight-keyword)"&gt;&amp;nbsp;&amp;nbsp;&amp;nbsp;&amp;nbsp;&amp;nbsp;&amp;nbsp;&amp;nbsp;&amp;nbsp;&amp;nbsp;&amp;nbsp;&amp;nbsp;&amp;nbsp;&amp;nbsp;&amp;nbsp;&amp;nbsp;&amp;nbsp;&lt;/span&gt;&lt;span style="color: var(--highlight-default)"&gt;$e&lt;/span&gt;&lt;span style="color: var(--highlight-keyword)"&gt;-&amp;gt;&lt;/span&gt;&lt;span style="color: var(--highlight-default)"&gt;setSourceContext&lt;/span&gt;&lt;span style="color: var(--highlight-keyword)"&gt;(&lt;/span&gt;&lt;span style="color: var(--highlight-default)"&gt;$this&lt;/span&gt;&lt;span style="color: var(--highlight-keyword)"&gt;-&amp;gt;&lt;/span&gt;&lt;span style="color: var(--highlight-default)"&gt;getSourceContext&lt;/span&gt;&lt;span style="color: var(--highlight-keyword)"&gt;());&lt;/span&gt;&lt;/code&gt;&lt;/li&gt;
&lt;li&gt;&lt;code&gt;&lt;span style="color: var(--highlight-keyword)"&gt;&amp;nbsp;&amp;nbsp;&amp;nbsp;&amp;nbsp;&amp;nbsp;&amp;nbsp;&amp;nbsp;&amp;nbsp;&amp;nbsp;&amp;nbsp;&amp;nbsp;&amp;nbsp;}&lt;/span&gt;&lt;/code&gt;&lt;/li&gt;
&lt;li&gt;&lt;code&gt;&lt;span style="color: var(--highlight-keyword)"&gt;&lt;/span&gt;&lt;/code&gt;&lt;/li&gt;&lt;/ol&gt;    &lt;/div&gt;            &lt;/div&gt;
                        &lt;div class="trace-line "&gt;
                &lt;div class="trace-line-header break-long-words sf-toggle" data-toggle-selector="#trace-html-1-5" data-toggle-initial=""&gt;
            &lt;span class="icon icon-close"&gt;&lt;svg width="1792" height="1792" viewBox="0 0 1792 1792" xmlns="http://www.w3.org/2000/svg"&gt;&lt;path d="M1408 960V832q0-26-19-45t-45-19H448q-26 0-45 19t-19 45v128q0 26 19 45t45 19h896q26 0 45-19t19-45zm256-544v960q0 119-84.5 203.5T1376 1664H416q-119 0-203.5-84.5T128 1376V416q0-119 84.5-203.5T416 128h960q119 0 203.5 84.5T1664 416z"/&gt;&lt;/svg&gt;&lt;/span&gt;
        &lt;span class="icon icon-open"&gt;&lt;svg width="1792" height="1792" viewBox="0 0 1792 1792" xmlns="http://www.w3.org/2000/svg"&gt;&lt;path d="M1408 960V832q0-26-19-45t-45-19h-320V448q0-26-19-45t-45-19H832q-26 0-45 19t-19 45v320H448q-26 0-45 19t-19 45v128q0 26 19 45t45 19h320v320q0 26 19 45t45 19h128q26 0 45-19t19-45v-320h320q26 0 45-19t19-45zm256-544v960q0 119-84.5 203.5T1376 1664H416q-119 0-203.5-84.5T128 1376V416q0-119 84.5-203.5T416 128h960q119 0 203.5 84.5T1664 416z"/&gt;&lt;/svg&gt;&lt;/span&gt;
    
            &lt;span class="trace-class"&gt;&lt;abbr title="Twig\Template"&gt;Template&lt;/abbr&gt;&lt;/span&gt;&lt;span class="trace-type"&gt;-&gt;&lt;/span&gt;&lt;span class="trace-method"&gt;yield&lt;/span&gt;&lt;span class="trace-arguments"&gt;(&lt;em&gt;array&lt;/em&gt;('animals' =&gt; &lt;em&gt;array&lt;/em&gt;(), 'fermes' =&gt; &lt;em&gt;array&lt;/em&gt;(), 'suivis' =&gt; &lt;em&gt;array&lt;/em&gt;(), 'animal_edit' =&gt; &lt;em&gt;null&lt;/em&gt;, 'errors' =&gt; &lt;em&gt;array&lt;/em&gt;(), 'searchTerm' =&gt; &lt;em&gt;null&lt;/em&gt;, 'currentSort' =&gt; 'espece', 'currentDirection' =&gt; 'ASC', 'app' =&gt; &lt;em&gt;object&lt;/em&gt;(&lt;abbr title="Symfony\Bridge\Twig\AppVariable"&gt;AppVariable&lt;/abbr&gt;)), &lt;em&gt;array&lt;/em&gt;('title' =&gt; &lt;em&gt;array&lt;/em&gt;(&lt;em&gt;object&lt;/em&gt;(&lt;abbr title="__TwigTemplate_24303efbd827d7bdc3fcc908a46044f0"&gt;__TwigTemplate_24303efbd827d7bdc3fcc908a46044f0&lt;/abbr&gt;), 'block_title'), 'stylesheets' =&gt; &lt;em&gt;array&lt;/em&gt;(&lt;em&gt;object&lt;/em&gt;(&lt;abbr title="__TwigTemplate_ad2711c1e71abc2ab4f5914660d9d39a"&gt;__TwigTemplate_ad2711c1e71abc2ab4f5914660d9d39a&lt;/abbr&gt;), 'block_stylesheets'), 'body' =&gt; &lt;em&gt;array&lt;/em&gt;(&lt;em&gt;object&lt;/em&gt;(&lt;abbr title="__TwigTemplate_24303efbd827d7bdc3fcc908a46044f0"&gt;__TwigTemplate_24303efbd827d7bdc3fcc908a46044f0&lt;/abbr&gt;), 'block_body'), 'javascripts' =&gt; &lt;em&gt;array&lt;/em&gt;(&lt;em&gt;object&lt;/em&gt;(&lt;abbr title="__TwigTemplate_ad2711c1e71abc2ab4f5914660d9d39a"&gt;__TwigTemplate_ad2711c1e71abc2ab4f5914660d9d39a&lt;/abbr&gt;), 'block_javascripts')))&lt;/span&gt;    
                    &lt;span class="block trace-file-path"&gt;
            in
            &lt;a href="file://C:\Users\sliti\Desktop\dev\esprit-PIDEV-3A16-2526-FARMIA\var\cache\test\twig\e3\e33adb33f65e3bfe927c808625d99e62.php#L54"&gt;
                C:\Users\sliti\Desktop\dev\esprit-PIDEV-3A16-2526-FARMIA\var\cache\test\twig\e3\&lt;strong&gt;e33adb33f65e3bfe927c808625d99e62.php&lt;/strong&gt;
            &lt;/a&gt;
                        (line 54)
            &lt;span class="icon icon-copy hidden" data-clipboard-text="C:\Users\sliti\Desktop\dev\esprit-PIDEV-3A16-2526-FARMIA\var\cache\test\twig\e3\e33adb33f65e3bfe927c808625d99e62.php:54"&gt;
                &lt;svg xmlns="http://www.w3.org/2000/svg" height="24" viewBox="0 0 24 24" width="24"&gt;&lt;path d="M0 0h24v24H0z" fill="none"/&gt;&lt;path d="M16 1H4c-1.1 0-2 .9-2 2v14h2V3h12V1zm3 4H8c-1.1 0-2 .9-2 2v14c0 1.1.9 2 2 2h11c1.1 0 2-.9 2-2V7c0-1.1-.9-2-2-2zm0 16H8V7h11v14z"/&gt;&lt;/svg&gt;            &lt;/span&gt;
        &lt;/span&gt;
    &lt;/div&gt;
    &lt;div id="trace-html-1-5" class="trace-code sf-toggle-content"&gt;
        &lt;ol start="49"&gt;&lt;li&gt;&lt;code&gt;&lt;span style="color: var(--highlight-keyword)"&gt;&lt;/span&gt;&lt;/code&gt;&lt;/li&gt;
&lt;li&gt;&lt;code&gt;&lt;span style="color: var(--highlight-keyword)"&gt;&amp;nbsp;&amp;nbsp;&amp;nbsp;&amp;nbsp;&amp;nbsp;&amp;nbsp;&amp;nbsp;&amp;nbsp;&lt;/span&gt;&lt;span style="color: var(--highlight-default)"&gt;$__internal_6f47bbe9983af81f1e7450e9a3e3768f&amp;nbsp;&lt;/span&gt;&lt;span style="color: var(--highlight-keyword)"&gt;=&amp;nbsp;&lt;/span&gt;&lt;span style="color: var(--highlight-default)"&gt;$this&lt;/span&gt;&lt;span style="color: var(--highlight-keyword)"&gt;-&amp;gt;&lt;/span&gt;&lt;span style="color: var(--highlight-default)"&gt;extensions&lt;/span&gt;&lt;span style="color: var(--highlight-keyword)"&gt;[&lt;/span&gt;&lt;span style="color: var(--highlight-string)"&gt;"Symfony\\Bridge\\Twig\\Extension\\ProfilerExtension"&lt;/span&gt;&lt;span style="color: var(--highlight-keyword)"&gt;];&lt;/span&gt;&lt;/code&gt;&lt;/li&gt;
&lt;li&gt;&lt;code&gt;&lt;span style="color: var(--highlight-keyword)"&gt;&amp;nbsp;&amp;nbsp;&amp;nbsp;&amp;nbsp;&amp;nbsp;&amp;nbsp;&amp;nbsp;&amp;nbsp;&lt;/span&gt;&lt;span style="color: var(--highlight-default)"&gt;$__internal_6f47bbe9983af81f1e7450e9a3e3768f&lt;/span&gt;&lt;span style="color: var(--highlight-keyword)"&gt;-&amp;gt;&lt;/span&gt;&lt;span style="color: var(--highlight-default)"&gt;enter&lt;/span&gt;&lt;span style="color: var(--highlight-keyword)"&gt;(&lt;/span&gt;&lt;span style="color: var(--highlight-default)"&gt;$__internal_6f47bbe9983af81f1e7450e9a3e3768f_prof&amp;nbsp;&lt;/span&gt;&lt;span style="color: var(--highlight-keyword)"&gt;=&amp;nbsp;new&amp;nbsp;&lt;/span&gt;&lt;span style="color: var(--highlight-default)"&gt;\Twig\Profiler\Profile&lt;/span&gt;&lt;span style="color: var(--highlight-keyword)"&gt;(&lt;/span&gt;&lt;span style="color: var(--highlight-default)"&gt;$this&lt;/span&gt;&lt;span style="color: var(--highlight-keyword)"&gt;-&amp;gt;&lt;/span&gt;&lt;span style="color: var(--highlight-default)"&gt;getTemplateName&lt;/span&gt;&lt;span style="color: var(--highlight-keyword)"&gt;(),&amp;nbsp;&lt;/span&gt;&lt;span style="color: var(--highlight-string)"&gt;"template"&lt;/span&gt;&lt;span style="color: var(--highlight-keyword)"&gt;,&amp;nbsp;&lt;/span&gt;&lt;span style="color: var(--highlight-string)"&gt;"animal/index.html.twig"&lt;/span&gt;&lt;span style="color: var(--highlight-keyword)"&gt;));&lt;/span&gt;&lt;/code&gt;&lt;/li&gt;
&lt;li&gt;&lt;code&gt;&lt;span style="color: var(--highlight-keyword)"&gt;&lt;/span&gt;&lt;/code&gt;&lt;/li&gt;
&lt;li&gt;&lt;code&gt;&lt;span style="color: var(--highlight-keyword)"&gt;&amp;nbsp;&amp;nbsp;&amp;nbsp;&amp;nbsp;&amp;nbsp;&amp;nbsp;&amp;nbsp;&amp;nbsp;&lt;/span&gt;&lt;span style="color: var(--highlight-default)"&gt;$this&lt;/span&gt;&lt;span style="color: var(--highlight-keyword)"&gt;-&amp;gt;&lt;/span&gt;&lt;span style="color: var(--highlight-default)"&gt;parent&amp;nbsp;&lt;/span&gt;&lt;span style="color: var(--highlight-keyword)"&gt;=&amp;nbsp;&lt;/span&gt;&lt;span style="color: var(--highlight-default)"&gt;$this&lt;/span&gt;&lt;span style="color: var(--highlight-keyword)"&gt;-&amp;gt;&lt;/span&gt;&lt;span style="color: var(--highlight-default)"&gt;load&lt;/span&gt;&lt;span style="color: var(--highlight-keyword)"&gt;(&lt;/span&gt;&lt;span style="color: var(--highlight-string)"&gt;"layouts/agricole.html.twig"&lt;/span&gt;&lt;span style="color: var(--highlight-keyword)"&gt;,&amp;nbsp;&lt;/span&gt;&lt;span style="color: var(--highlight-default)"&gt;1&lt;/span&gt;&lt;span style="color: var(--highlight-keyword)"&gt;);&lt;/span&gt;&lt;/code&gt;&lt;/li&gt;
&lt;li class="selected"&gt;&lt;code&gt;&lt;span style="color: var(--highlight-keyword)"&gt;&amp;nbsp;&amp;nbsp;&amp;nbsp;&amp;nbsp;&amp;nbsp;&amp;nbsp;&amp;nbsp;&amp;nbsp;yield&amp;nbsp;from&amp;nbsp;&lt;/span&gt;&lt;span style="color: var(--highlight-default)"&gt;$this&lt;/span&gt;&lt;span style="color: var(--highlight-keyword)"&gt;-&amp;gt;&lt;/span&gt;&lt;span style="color: var(--highlight-default)"&gt;parent&lt;/span&gt;&lt;span style="color: var(--highlight-keyword)"&gt;-&amp;gt;&lt;/span&gt;&lt;span style="color: var(--highlight-default)"&gt;unwrap&lt;/span&gt;&lt;span style="color: var(--highlight-keyword)"&gt;()-&amp;gt;&lt;/span&gt;&lt;span style="color: var(--highlight-default)"&gt;yield&lt;/span&gt;&lt;span style="color: var(--highlight-keyword)"&gt;(&lt;/span&gt;&lt;span style="color: var(--highlight-default)"&gt;$context&lt;/span&gt;&lt;span style="color: var(--highlight-keyword)"&gt;,&amp;nbsp;&lt;/span&gt;&lt;span style="color: var(--highlight-default)"&gt;array_merge&lt;/span&gt;&lt;span style="color: var(--highlight-keyword)"&gt;(&lt;/span&gt;&lt;span style="color: var(--highlight-default)"&gt;$this&lt;/span&gt;&lt;span style="color: var(--highlight-keyword)"&gt;-&amp;gt;&lt;/span&gt;&lt;span style="color: var(--highlight-default)"&gt;blocks&lt;/span&gt;&lt;span style="color: var(--highlight-keyword)"&gt;,&amp;nbsp;&lt;/span&gt;&lt;span style="color: var(--highlight-default)"&gt;$blocks&lt;/span&gt;&lt;span style="color: var(--highlight-keyword)"&gt;));&lt;/span&gt;&lt;/code&gt;&lt;/li&gt;
&lt;li&gt;&lt;code&gt;&lt;span style="color: var(--highlight-keyword)"&gt;&amp;nbsp;&amp;nbsp;&amp;nbsp;&amp;nbsp;&amp;nbsp;&amp;nbsp;&amp;nbsp;&amp;nbsp;&lt;/span&gt;&lt;/code&gt;&lt;/li&gt;
&lt;li&gt;&lt;code&gt;&lt;span style="color: var(--highlight-keyword)"&gt;&amp;nbsp;&amp;nbsp;&amp;nbsp;&amp;nbsp;&amp;nbsp;&amp;nbsp;&amp;nbsp;&amp;nbsp;&lt;/span&gt;&lt;span style="color: var(--highlight-default)"&gt;$__internal_5a27a8ba21ca79b61932376b2fa922d2&lt;/span&gt;&lt;span style="color: var(--highlight-keyword)"&gt;-&amp;gt;&lt;/span&gt;&lt;span style="color: var(--highlight-default)"&gt;leave&lt;/span&gt;&lt;span style="color: var(--highlight-keyword)"&gt;(&lt;/span&gt;&lt;span style="color: var(--highlight-default)"&gt;$__internal_5a27a8ba21ca79b61932376b2fa922d2_prof&lt;/span&gt;&lt;span style="color: var(--highlight-keyword)"&gt;);&lt;/span&gt;&lt;/code&gt;&lt;/li&gt;
&lt;li&gt;&lt;code&gt;&lt;span style="color: var(--highlight-keyword)"&gt;&lt;/span&gt;&lt;/code&gt;&lt;/li&gt;
&lt;li&gt;&lt;code&gt;&lt;span style="color: var(--highlight-keyword)"&gt;&amp;nbsp;&amp;nbsp;&amp;nbsp;&amp;nbsp;&amp;nbsp;&amp;nbsp;&amp;nbsp;&amp;nbsp;&lt;/span&gt;&lt;/code&gt;&lt;/li&gt;
&lt;li&gt;&lt;code&gt;&lt;span style="color: var(--highlight-keyword)"&gt;&amp;nbsp;&amp;nbsp;&amp;nbsp;&amp;nbsp;&amp;nbsp;&amp;nbsp;&amp;nbsp;&amp;nbsp;&lt;/span&gt;&lt;span style="color: var(--highlight-default)"&gt;$__internal_6f47bbe9983af81f1e7450e9a3e3768f&lt;/span&gt;&lt;span style="color: var(--highlight-keyword)"&gt;-&amp;gt;&lt;/span&gt;&lt;span style="color: var(--highlight-default)"&gt;leave&lt;/span&gt;&lt;span style="color: var(--highlight-keyword)"&gt;(&lt;/span&gt;&lt;span style="color: var(--highlight-default)"&gt;$__internal_6f47bbe9983af81f1e7450e9a3e3768f_prof&lt;/span&gt;&lt;span style="color: var(--highlight-keyword)"&gt;);&lt;/span&gt;&lt;/code&gt;&lt;/li&gt;&lt;/ol&gt;    &lt;/div&gt;            &lt;/div&gt;
                        &lt;div class="trace-line "&gt;
                &lt;div class="trace-line-header break-long-words sf-toggle" data-toggle-selector="#trace-html-1-6" data-toggle-initial=""&gt;
            &lt;span class="icon icon-close"&gt;&lt;svg width="1792" height="1792" viewBox="0 0 1792 1792" xmlns="http://www.w3.org/2000/svg"&gt;&lt;path d="M1408 960V832q0-26-19-45t-45-19H448q-26 0-45 19t-19 45v128q0 26 19 45t45 19h896q26 0 45-19t19-45zm256-544v960q0 119-84.5 203.5T1376 1664H416q-119 0-203.5-84.5T128 1376V416q0-119 84.5-203.5T416 128h960q119 0 203.5 84.5T1664 416z"/&gt;&lt;/svg&gt;&lt;/span&gt;
        &lt;span class="icon icon-open"&gt;&lt;svg width="1792" height="1792" viewBox="0 0 1792 1792" xmlns="http://www.w3.org/2000/svg"&gt;&lt;path d="M1408 960V832q0-26-19-45t-45-19h-320V448q0-26-19-45t-45-19H832q-26 0-45 19t-19 45v320H448q-26 0-45 19t-19 45v128q0 26 19 45t45 19h320v320q0 26 19 45t45 19h128q26 0 45-19t19-45v-320h320q26 0 45-19t19-45zm256-544v960q0 119-84.5 203.5T1376 1664H416q-119 0-203.5-84.5T128 1376V416q0-119 84.5-203.5T416 128h960q119 0 203.5 84.5T1664 416z"/&gt;&lt;/svg&gt;&lt;/span&gt;
    
            &lt;span class="trace-class"&gt;&lt;abbr title="__TwigTemplate_24303efbd827d7bdc3fcc908a46044f0"&gt;__TwigTemplate_24303efbd827d7bdc3fcc908a46044f0&lt;/abbr&gt;&lt;/span&gt;&lt;span class="trace-type"&gt;-&gt;&lt;/span&gt;&lt;span class="trace-method"&gt;doDisplay&lt;/span&gt;&lt;span class="trace-arguments"&gt;(&lt;em&gt;array&lt;/em&gt;('animals' =&gt; &lt;em&gt;array&lt;/em&gt;(), 'fermes' =&gt; &lt;em&gt;array&lt;/em&gt;(), 'suivis' =&gt; &lt;em&gt;array&lt;/em&gt;(), 'animal_edit' =&gt; &lt;em&gt;null&lt;/em&gt;, 'errors' =&gt; &lt;em&gt;array&lt;/em&gt;(), 'searchTerm' =&gt; &lt;em&gt;null&lt;/em&gt;, 'currentSort' =&gt; 'espece', 'currentDirection' =&gt; 'ASC', 'app' =&gt; &lt;em&gt;object&lt;/em&gt;(&lt;abbr title="Symfony\Bridge\Twig\AppVariable"&gt;AppVariable&lt;/abbr&gt;)), &lt;em&gt;array&lt;/em&gt;('title' =&gt; &lt;em&gt;array&lt;/em&gt;(&lt;em&gt;object&lt;/em&gt;(&lt;abbr title="__TwigTemplate_24303efbd827d7bdc3fcc908a46044f0"&gt;__TwigTemplate_24303efbd827d7bdc3fcc908a46044f0&lt;/abbr&gt;), 'block_title'), 'body' =&gt; &lt;em&gt;array&lt;/em&gt;(&lt;em&gt;object&lt;/em&gt;(&lt;abbr title="__TwigTemplate_24303efbd827d7bdc3fcc908a46044f0"&gt;__TwigTemplate_24303efbd827d7bdc3fcc908a46044f0&lt;/abbr&gt;), 'block_body')))&lt;/span&gt;    
                    &lt;span class="block trace-file-path"&gt;
            in
            &lt;a href="file://C:\Users\sliti\Desktop\dev\esprit-PIDEV-3A16-2526-FARMIA\vendor\twig\twig\src\Template.php#L402"&gt;
                C:\Users\sliti\Desktop\dev\esprit-PIDEV-3A16-2526-FARMIA\vendor\twig\twig\src\&lt;strong&gt;Template.php&lt;/strong&gt;
            &lt;/a&gt;
                        (line 402)
            &lt;span class="icon icon-copy hidden" data-clipboard-text="C:\Users\sliti\Desktop\dev\esprit-PIDEV-3A16-2526-FARMIA\vendor\twig\twig\src\Template.php:402"&gt;
                &lt;svg xmlns="http://www.w3.org/2000/svg" height="24" viewBox="0 0 24 24" width="24"&gt;&lt;path d="M0 0h24v24H0z" fill="none"/&gt;&lt;path d="M16 1H4c-1.1 0-2 .9-2 2v14h2V3h12V1zm3 4H8c-1.1 0-2 .9-2 2v14c0 1.1.9 2 2 2h11c1.1 0 2-.9 2-2V7c0-1.1-.9-2-2-2zm0 16H8V7h11v14z"/&gt;&lt;/svg&gt;            &lt;/span&gt;
        &lt;/span&gt;
    &lt;/div&gt;
    &lt;div id="trace-html-1-6" class="trace-code sf-toggle-content"&gt;
        &lt;ol start="397"&gt;&lt;li&gt;&lt;code&gt;&lt;span style="color: var(--highlight-default)"&gt;&amp;nbsp;&amp;nbsp;&amp;nbsp;&amp;nbsp;&lt;/span&gt;&lt;span style="color: var(--highlight-keyword)"&gt;{&lt;/span&gt;&lt;/code&gt;&lt;/li&gt;
&lt;li&gt;&lt;code&gt;&lt;span style="color: var(--highlight-keyword)"&gt;&amp;nbsp;&amp;nbsp;&amp;nbsp;&amp;nbsp;&amp;nbsp;&amp;nbsp;&amp;nbsp;&amp;nbsp;&lt;/span&gt;&lt;span style="color: var(--highlight-default)"&gt;$context&amp;nbsp;&lt;/span&gt;&lt;span style="color: var(--highlight-keyword)"&gt;+=&amp;nbsp;&lt;/span&gt;&lt;span style="color: var(--highlight-default)"&gt;$this&lt;/span&gt;&lt;span style="color: var(--highlight-keyword)"&gt;-&amp;gt;&lt;/span&gt;&lt;span style="color: var(--highlight-default)"&gt;env&lt;/span&gt;&lt;span style="color: var(--highlight-keyword)"&gt;-&amp;gt;&lt;/span&gt;&lt;span style="color: var(--highlight-default)"&gt;getGlobals&lt;/span&gt;&lt;span style="color: var(--highlight-keyword)"&gt;();&lt;/span&gt;&lt;/code&gt;&lt;/li&gt;
&lt;li&gt;&lt;code&gt;&lt;span style="color: var(--highlight-keyword)"&gt;&amp;nbsp;&amp;nbsp;&amp;nbsp;&amp;nbsp;&amp;nbsp;&amp;nbsp;&amp;nbsp;&amp;nbsp;&lt;/span&gt;&lt;span style="color: var(--highlight-default)"&gt;$blocks&amp;nbsp;&lt;/span&gt;&lt;span style="color: var(--highlight-keyword)"&gt;=&amp;nbsp;&lt;/span&gt;&lt;span style="color: var(--highlight-default)"&gt;array_merge&lt;/span&gt;&lt;span style="color: var(--highlight-keyword)"&gt;(&lt;/span&gt;&lt;span style="color: var(--highlight-default)"&gt;$this&lt;/span&gt;&lt;span style="color: var(--highlight-keyword)"&gt;-&amp;gt;&lt;/span&gt;&lt;span style="color: var(--highlight-default)"&gt;blocks&lt;/span&gt;&lt;span style="color: var(--highlight-keyword)"&gt;,&amp;nbsp;&lt;/span&gt;&lt;span style="color: var(--highlight-default)"&gt;$blocks&lt;/span&gt;&lt;span style="color: var(--highlight-keyword)"&gt;);&lt;/span&gt;&lt;/code&gt;&lt;/li&gt;
&lt;li&gt;&lt;code&gt;&lt;span style="color: var(--highlight-keyword)"&gt;&lt;/span&gt;&lt;/code&gt;&lt;/li&gt;
&lt;li&gt;&lt;code&gt;&lt;span style="color: var(--highlight-keyword)"&gt;&amp;nbsp;&amp;nbsp;&amp;nbsp;&amp;nbsp;&amp;nbsp;&amp;nbsp;&amp;nbsp;&amp;nbsp;try&amp;nbsp;{&lt;/span&gt;&lt;/code&gt;&lt;/li&gt;
&lt;li class="selected"&gt;&lt;code&gt;&lt;span style="color: var(--highlight-keyword)"&gt;&amp;nbsp;&amp;nbsp;&amp;nbsp;&amp;nbsp;&amp;nbsp;&amp;nbsp;&amp;nbsp;&amp;nbsp;&amp;nbsp;&amp;nbsp;&amp;nbsp;&amp;nbsp;yield&amp;nbsp;from&amp;nbsp;&lt;/span&gt;&lt;span style="color: var(--highlight-default)"&gt;$this&lt;/span&gt;&lt;span style="color: var(--highlight-keyword)"&gt;-&amp;gt;&lt;/span&gt;&lt;span style="color: var(--highlight-default)"&gt;doDisplay&lt;/span&gt;&lt;span style="color: var(--highlight-keyword)"&gt;(&lt;/span&gt;&lt;span style="color: var(--highlight-default)"&gt;$context&lt;/span&gt;&lt;span style="color: var(--highlight-keyword)"&gt;,&amp;nbsp;&lt;/span&gt;&lt;span style="color: var(--highlight-default)"&gt;$blocks&lt;/span&gt;&lt;span style="color: var(--highlight-keyword)"&gt;);&lt;/span&gt;&lt;/code&gt;&lt;/li&gt;
&lt;li&gt;&lt;code&gt;&lt;span style="color: var(--highlight-keyword)"&gt;&amp;nbsp;&amp;nbsp;&amp;nbsp;&amp;nbsp;&amp;nbsp;&amp;nbsp;&amp;nbsp;&amp;nbsp;}&amp;nbsp;catch&amp;nbsp;(&lt;/span&gt;&lt;span style="color: var(--highlight-default)"&gt;Error&amp;nbsp;$e&lt;/span&gt;&lt;span style="color: var(--highlight-keyword)"&gt;)&amp;nbsp;{&lt;/span&gt;&lt;/code&gt;&lt;/li&gt;
&lt;li&gt;&lt;code&gt;&lt;span style="color: var(--highlight-keyword)"&gt;&amp;nbsp;&amp;nbsp;&amp;nbsp;&amp;nbsp;&amp;nbsp;&amp;nbsp;&amp;nbsp;&amp;nbsp;&amp;nbsp;&amp;nbsp;&amp;nbsp;&amp;nbsp;if&amp;nbsp;(!&lt;/span&gt;&lt;span style="color: var(--highlight-default)"&gt;$e&lt;/span&gt;&lt;span style="color: var(--highlight-keyword)"&gt;-&amp;gt;&lt;/span&gt;&lt;span style="color: var(--highlight-default)"&gt;getSourceContext&lt;/span&gt;&lt;span style="color: var(--highlight-keyword)"&gt;())&amp;nbsp;{&lt;/span&gt;&lt;/code&gt;&lt;/li&gt;
&lt;li&gt;&lt;code&gt;&lt;span style="color: var(--highlight-keyword)"&gt;&amp;nbsp;&amp;nbsp;&amp;nbsp;&amp;nbsp;&amp;nbsp;&amp;nbsp;&amp;nbsp;&amp;nbsp;&amp;nbsp;&amp;nbsp;&amp;nbsp;&amp;nbsp;&amp;nbsp;&amp;nbsp;&amp;nbsp;&amp;nbsp;&lt;/span&gt;&lt;span style="color: var(--highlight-default)"&gt;$e&lt;/span&gt;&lt;span style="color: var(--highlight-keyword)"&gt;-&amp;gt;&lt;/span&gt;&lt;span style="color: var(--highlight-default)"&gt;setSourceContext&lt;/span&gt;&lt;span style="color: var(--highlight-keyword)"&gt;(&lt;/span&gt;&lt;span style="color: var(--highlight-default)"&gt;$this&lt;/span&gt;&lt;span style="color: var(--highlight-keyword)"&gt;-&amp;gt;&lt;/span&gt;&lt;span style="color: var(--highlight-default)"&gt;getSourceContext&lt;/span&gt;&lt;span style="color: var(--highlight-keyword)"&gt;());&lt;/span&gt;&lt;/code&gt;&lt;/li&gt;
&lt;li&gt;&lt;code&gt;&lt;span style="color: var(--highlight-keyword)"&gt;&amp;nbsp;&amp;nbsp;&amp;nbsp;&amp;nbsp;&amp;nbsp;&amp;nbsp;&amp;nbsp;&amp;nbsp;&amp;nbsp;&amp;nbsp;&amp;nbsp;&amp;nbsp;}&lt;/span&gt;&lt;/code&gt;&lt;/li&gt;
&lt;li&gt;&lt;code&gt;&lt;span style="color: var(--highlight-keyword)"&gt;&lt;/span&gt;&lt;/code&gt;&lt;/li&gt;&lt;/ol&gt;    &lt;/div&gt;            &lt;/div&gt;
                        &lt;div class="trace-line "&gt;
                &lt;div class="trace-line-header break-long-words sf-toggle" data-toggle-selector="#trace-html-1-7" data-toggle-initial=""&gt;
            &lt;span class="icon icon-close"&gt;&lt;svg width="1792" height="1792" viewBox="0 0 1792 1792" xmlns="http://www.w3.org/2000/svg"&gt;&lt;path d="M1408 960V832q0-26-19-45t-45-19H448q-26 0-45 19t-19 45v128q0 26 19 45t45 19h896q26 0 45-19t19-45zm256-544v960q0 119-84.5 203.5T1376 1664H416q-119 0-203.5-84.5T128 1376V416q0-119 84.5-203.5T416 128h960q119 0 203.5 84.5T1664 416z"/&gt;&lt;/svg&gt;&lt;/span&gt;
        &lt;span class="icon icon-open"&gt;&lt;svg width="1792" height="1792" viewBox="0 0 1792 1792" xmlns="http://www.w3.org/2000/svg"&gt;&lt;path d="M1408 960V832q0-26-19-45t-45-19h-320V448q0-26-19-45t-45-19H832q-26 0-45 19t-19 45v320H448q-26 0-45 19t-19 45v128q0 26 19 45t45 19h320v320q0 26 19 45t45 19h128q26 0 45-19t19-45v-320h320q26 0 45-19t19-45zm256-544v960q0 119-84.5 203.5T1376 1664H416q-119 0-203.5-84.5T128 1376V416q0-119 84.5-203.5T416 128h960q119 0 203.5 84.5T1664 416z"/&gt;&lt;/svg&gt;&lt;/span&gt;
    
            &lt;span class="trace-class"&gt;&lt;abbr title="Twig\Template"&gt;Template&lt;/abbr&gt;&lt;/span&gt;&lt;span class="trace-type"&gt;-&gt;&lt;/span&gt;&lt;span class="trace-method"&gt;yield&lt;/span&gt;&lt;span class="trace-arguments"&gt;(&lt;em&gt;array&lt;/em&gt;('animals' =&gt; &lt;em&gt;array&lt;/em&gt;(), 'fermes' =&gt; &lt;em&gt;array&lt;/em&gt;(), 'suivis' =&gt; &lt;em&gt;array&lt;/em&gt;(), 'animal_edit' =&gt; &lt;em&gt;null&lt;/em&gt;, 'errors' =&gt; &lt;em&gt;array&lt;/em&gt;(), 'searchTerm' =&gt; &lt;em&gt;null&lt;/em&gt;, 'currentSort' =&gt; 'espece', 'currentDirection' =&gt; 'ASC', 'app' =&gt; &lt;em&gt;object&lt;/em&gt;(&lt;abbr title="Symfony\Bridge\Twig\AppVariable"&gt;AppVariable&lt;/abbr&gt;)), &lt;em&gt;array&lt;/em&gt;('title' =&gt; &lt;em&gt;array&lt;/em&gt;(&lt;em&gt;object&lt;/em&gt;(&lt;abbr title="__TwigTemplate_24303efbd827d7bdc3fcc908a46044f0"&gt;__TwigTemplate_24303efbd827d7bdc3fcc908a46044f0&lt;/abbr&gt;), 'block_title'), 'body' =&gt; &lt;em&gt;array&lt;/em&gt;(&lt;em&gt;object&lt;/em&gt;(&lt;abbr title="__TwigTemplate_24303efbd827d7bdc3fcc908a46044f0"&gt;__TwigTemplate_24303efbd827d7bdc3fcc908a46044f0&lt;/abbr&gt;), 'block_body')))&lt;/span&gt;    
                    &lt;span class="block trace-file-path"&gt;
            in
            &lt;a href="file://C:\Users\sliti\Desktop\dev\esprit-PIDEV-3A16-2526-FARMIA\vendor\twig\twig\src\Template.php#L358"&gt;
                C:\Users\sliti\Desktop\dev\esprit-PIDEV-3A16-2526-FARMIA\vendor\twig\twig\src\&lt;strong&gt;Template.php&lt;/strong&gt;
            &lt;/a&gt;
                        (line 358)
            &lt;span class="icon icon-copy hidden" data-clipboard-text="C:\Users\sliti\Desktop\dev\esprit-PIDEV-3A16-2526-FARMIA\vendor\twig\twig\src\Template.php:358"&gt;
                &lt;svg xmlns="http://www.w3.org/2000/svg" height="24" viewBox="0 0 24 24" width="24"&gt;&lt;path d="M0 0h24v24H0z" fill="none"/&gt;&lt;path d="M16 1H4c-1.1 0-2 .9-2 2v14h2V3h12V1zm3 4H8c-1.1 0-2 .9-2 2v14c0 1.1.9 2 2 2h11c1.1 0 2-.9 2-2V7c0-1.1-.9-2-2-2zm0 16H8V7h11v14z"/&gt;&lt;/svg&gt;            &lt;/span&gt;
        &lt;/span&gt;
    &lt;/div&gt;
    &lt;div id="trace-html-1-7" class="trace-code sf-toggle-content"&gt;
        &lt;ol start="353"&gt;&lt;li&gt;&lt;code&gt;&lt;span style="color: var(--highlight-keyword)"&gt;&amp;nbsp;&amp;nbsp;&amp;nbsp;&amp;nbsp;&amp;nbsp;&amp;nbsp;&amp;nbsp;&amp;nbsp;return&amp;nbsp;&lt;/span&gt;&lt;span style="color: var(--highlight-default)"&gt;$this&lt;/span&gt;&lt;span style="color: var(--highlight-keyword)"&gt;-&amp;gt;&lt;/span&gt;&lt;span style="color: var(--highlight-default)"&gt;blocks&lt;/span&gt;&lt;span style="color: var(--highlight-keyword)"&gt;;&lt;/span&gt;&lt;/code&gt;&lt;/li&gt;
&lt;li&gt;&lt;code&gt;&lt;span style="color: var(--highlight-keyword)"&gt;&amp;nbsp;&amp;nbsp;&amp;nbsp;&amp;nbsp;}&lt;/span&gt;&lt;/code&gt;&lt;/li&gt;
&lt;li&gt;&lt;code&gt;&lt;span style="color: var(--highlight-keyword)"&gt;&lt;/span&gt;&lt;/code&gt;&lt;/li&gt;
&lt;li&gt;&lt;code&gt;&lt;span style="color: var(--highlight-keyword)"&gt;&amp;nbsp;&amp;nbsp;&amp;nbsp;&amp;nbsp;public&amp;nbsp;function&amp;nbsp;&lt;/span&gt;&lt;span style="color: var(--highlight-default)"&gt;display&lt;/span&gt;&lt;span style="color: var(--highlight-keyword)"&gt;(array&amp;nbsp;&lt;/span&gt;&lt;span style="color: var(--highlight-default)"&gt;$context&lt;/span&gt;&lt;span style="color: var(--highlight-keyword)"&gt;,&amp;nbsp;array&amp;nbsp;&lt;/span&gt;&lt;span style="color: var(--highlight-default)"&gt;$blocks&amp;nbsp;&lt;/span&gt;&lt;span style="color: var(--highlight-keyword)"&gt;=&amp;nbsp;[]):&amp;nbsp;&lt;/span&gt;&lt;span style="color: var(--highlight-default)"&gt;void&lt;/span&gt;&lt;/code&gt;&lt;/li&gt;
&lt;li&gt;&lt;code&gt;&lt;span style="color: var(--highlight-default)"&gt;&amp;nbsp;&amp;nbsp;&amp;nbsp;&amp;nbsp;&lt;/span&gt;&lt;span style="color: var(--highlight-keyword)"&gt;{&lt;/span&gt;&lt;/code&gt;&lt;/li&gt;
&lt;li class="selected"&gt;&lt;code&gt;&lt;span style="color: var(--highlight-keyword)"&gt;&amp;nbsp;&amp;nbsp;&amp;nbsp;&amp;nbsp;&amp;nbsp;&amp;nbsp;&amp;nbsp;&amp;nbsp;foreach&amp;nbsp;(&lt;/span&gt;&lt;span style="color: var(--highlight-default)"&gt;$this&lt;/span&gt;&lt;span style="color: var(--highlight-keyword)"&gt;-&amp;gt;&lt;/span&gt;&lt;span style="color: var(--highlight-default)"&gt;yield&lt;/span&gt;&lt;span style="color: var(--highlight-keyword)"&gt;(&lt;/span&gt;&lt;span style="color: var(--highlight-default)"&gt;$context&lt;/span&gt;&lt;span style="color: var(--highlight-keyword)"&gt;,&amp;nbsp;&lt;/span&gt;&lt;span style="color: var(--highlight-default)"&gt;$blocks&lt;/span&gt;&lt;span style="color: var(--highlight-keyword)"&gt;)&amp;nbsp;as&amp;nbsp;&lt;/span&gt;&lt;span style="color: var(--highlight-default)"&gt;$data&lt;/span&gt;&lt;span style="color: var(--highlight-keyword)"&gt;)&amp;nbsp;{&lt;/span&gt;&lt;/code&gt;&lt;/li&gt;
&lt;li&gt;&lt;code&gt;&lt;span style="color: var(--highlight-keyword)"&gt;&amp;nbsp;&amp;nbsp;&amp;nbsp;&amp;nbsp;&amp;nbsp;&amp;nbsp;&amp;nbsp;&amp;nbsp;&amp;nbsp;&amp;nbsp;&amp;nbsp;&amp;nbsp;echo&amp;nbsp;&lt;/span&gt;&lt;span style="color: var(--highlight-default)"&gt;$data&lt;/span&gt;&lt;span style="color: var(--highlight-keyword)"&gt;;&lt;/span&gt;&lt;/code&gt;&lt;/li&gt;
&lt;li&gt;&lt;code&gt;&lt;span style="color: var(--highlight-keyword)"&gt;&amp;nbsp;&amp;nbsp;&amp;nbsp;&amp;nbsp;&amp;nbsp;&amp;nbsp;&amp;nbsp;&amp;nbsp;}&lt;/span&gt;&lt;/code&gt;&lt;/li&gt;
&lt;li&gt;&lt;code&gt;&lt;span style="color: var(--highlight-keyword)"&gt;&amp;nbsp;&amp;nbsp;&amp;nbsp;&amp;nbsp;}&lt;/span&gt;&lt;/code&gt;&lt;/li&gt;
&lt;li&gt;&lt;code&gt;&lt;span style="color: var(--highlight-keyword)"&gt;&lt;/span&gt;&lt;/code&gt;&lt;/li&gt;
&lt;li&gt;&lt;code&gt;&lt;span style="color: var(--highlight-keyword)"&gt;&amp;nbsp;&amp;nbsp;&amp;nbsp;&amp;nbsp;public&amp;nbsp;function&amp;nbsp;&lt;/span&gt;&lt;span style="color: var(--highlight-default)"&gt;render&lt;/span&gt;&lt;span style="color: var(--highlight-keyword)"&gt;(array&amp;nbsp;&lt;/span&gt;&lt;span style="color: var(--highlight-default)"&gt;$context&lt;/span&gt;&lt;span style="color: var(--highlight-keyword)"&gt;):&amp;nbsp;&lt;/span&gt;&lt;span style="color: var(--highlight-default)"&gt;string&lt;/span&gt;&lt;/code&gt;&lt;/li&gt;&lt;/ol&gt;    &lt;/div&gt;            &lt;/div&gt;
                        &lt;div class="trace-line "&gt;
                &lt;div class="trace-line-header break-long-words sf-toggle" data-toggle-selector="#trace-html-1-8" data-toggle-initial=""&gt;
            &lt;span class="icon icon-close"&gt;&lt;svg width="1792" height="1792" viewBox="0 0 1792 1792" xmlns="http://www.w3.org/2000/svg"&gt;&lt;path d="M1408 960V832q0-26-19-45t-45-19H448q-26 0-45 19t-19 45v128q0 26 19 45t45 19h896q26 0 45-19t19-45zm256-544v960q0 119-84.5 203.5T1376 1664H416q-119 0-203.5-84.5T128 1376V416q0-119 84.5-203.5T416 128h960q119 0 203.5 84.5T1664 416z"/&gt;&lt;/svg&gt;&lt;/span&gt;
        &lt;span class="icon icon-open"&gt;&lt;svg width="1792" height="1792" viewBox="0 0 1792 1792" xmlns="http://www.w3.org/2000/svg"&gt;&lt;path d="M1408 960V832q0-26-19-45t-45-19h-320V448q0-26-19-45t-45-19H832q-26 0-45 19t-19 45v320H448q-26 0-45 19t-19 45v128q0 26 19 45t45 19h320v320q0 26 19 45t45 19h128q26 0 45-19t19-45v-320h320q26 0 45-19t19-45zm256-544v960q0 119-84.5 203.5T1376 1664H416q-119 0-203.5-84.5T128 1376V416q0-119 84.5-203.5T416 128h960q119 0 203.5 84.5T1664 416z"/&gt;&lt;/svg&gt;&lt;/span&gt;
    
            &lt;span class="trace-class"&gt;&lt;abbr title="Twig\Template"&gt;Template&lt;/abbr&gt;&lt;/span&gt;&lt;span class="trace-type"&gt;-&gt;&lt;/span&gt;&lt;span class="trace-method"&gt;display&lt;/span&gt;&lt;span class="trace-arguments"&gt;(&lt;em&gt;array&lt;/em&gt;('animals' =&gt; &lt;em&gt;array&lt;/em&gt;(), 'fermes' =&gt; &lt;em&gt;array&lt;/em&gt;(), 'suivis' =&gt; &lt;em&gt;array&lt;/em&gt;(), 'animal_edit' =&gt; &lt;em&gt;null&lt;/em&gt;, 'errors' =&gt; &lt;em&gt;array&lt;/em&gt;(), 'searchTerm' =&gt; &lt;em&gt;null&lt;/em&gt;, 'currentSort' =&gt; 'espece', 'currentDirection' =&gt; 'ASC'))&lt;/span&gt;    
                    &lt;span class="block trace-file-path"&gt;
            in
            &lt;a href="file://C:\Users\sliti\Desktop\dev\esprit-PIDEV-3A16-2526-FARMIA\vendor\twig\twig\src\Template.php#L373"&gt;
                C:\Users\sliti\Desktop\dev\esprit-PIDEV-3A16-2526-FARMIA\vendor\twig\twig\src\&lt;strong&gt;Template.php&lt;/strong&gt;
            &lt;/a&gt;
                        (line 373)
            &lt;span class="icon icon-copy hidden" data-clipboard-text="C:\Users\sliti\Desktop\dev\esprit-PIDEV-3A16-2526-FARMIA\vendor\twig\twig\src\Template.php:373"&gt;
                &lt;svg xmlns="http://www.w3.org/2000/svg" height="24" viewBox="0 0 24 24" width="24"&gt;&lt;path d="M0 0h24v24H0z" fill="none"/&gt;&lt;path d="M16 1H4c-1.1 0-2 .9-2 2v14h2V3h12V1zm3 4H8c-1.1 0-2 .9-2 2v14c0 1.1.9 2 2 2h11c1.1 0 2-.9 2-2V7c0-1.1-.9-2-2-2zm0 16H8V7h11v14z"/&gt;&lt;/svg&gt;            &lt;/span&gt;
        &lt;/span&gt;
    &lt;/div&gt;
    &lt;div id="trace-html-1-8" class="trace-code sf-toggle-content"&gt;
        &lt;ol start="368"&gt;&lt;li&gt;&lt;code&gt;&lt;span style="color: var(--highlight-keyword)"&gt;&amp;nbsp;&amp;nbsp;&amp;nbsp;&amp;nbsp;&amp;nbsp;&amp;nbsp;&amp;nbsp;&amp;nbsp;&amp;nbsp;&amp;nbsp;&amp;nbsp;&amp;nbsp;&amp;nbsp;&amp;nbsp;&amp;nbsp;&amp;nbsp;&lt;/span&gt;&lt;span style="color: var(--highlight-default)"&gt;ob_start&lt;/span&gt;&lt;span style="color: var(--highlight-keyword)"&gt;();&lt;/span&gt;&lt;/code&gt;&lt;/li&gt;
&lt;li&gt;&lt;code&gt;&lt;span style="color: var(--highlight-keyword)"&gt;&amp;nbsp;&amp;nbsp;&amp;nbsp;&amp;nbsp;&amp;nbsp;&amp;nbsp;&amp;nbsp;&amp;nbsp;&amp;nbsp;&amp;nbsp;&amp;nbsp;&amp;nbsp;}&amp;nbsp;else&amp;nbsp;{&lt;/span&gt;&lt;/code&gt;&lt;/li&gt;
&lt;li&gt;&lt;code&gt;&lt;span style="color: var(--highlight-keyword)"&gt;&amp;nbsp;&amp;nbsp;&amp;nbsp;&amp;nbsp;&amp;nbsp;&amp;nbsp;&amp;nbsp;&amp;nbsp;&amp;nbsp;&amp;nbsp;&amp;nbsp;&amp;nbsp;&amp;nbsp;&amp;nbsp;&amp;nbsp;&amp;nbsp;&lt;/span&gt;&lt;span style="color: var(--highlight-default)"&gt;ob_start&lt;/span&gt;&lt;span style="color: var(--highlight-keyword)"&gt;(static&amp;nbsp;function&amp;nbsp;()&amp;nbsp;{&amp;nbsp;return&amp;nbsp;&lt;/span&gt;&lt;span style="color: var(--highlight-string)"&gt;''&lt;/span&gt;&lt;span style="color: var(--highlight-keyword)"&gt;;&amp;nbsp;});&lt;/span&gt;&lt;/code&gt;&lt;/li&gt;
&lt;li&gt;&lt;code&gt;&lt;span style="color: var(--highlight-keyword)"&gt;&amp;nbsp;&amp;nbsp;&amp;nbsp;&amp;nbsp;&amp;nbsp;&amp;nbsp;&amp;nbsp;&amp;nbsp;&amp;nbsp;&amp;nbsp;&amp;nbsp;&amp;nbsp;}&lt;/span&gt;&lt;/code&gt;&lt;/li&gt;
&lt;li&gt;&lt;code&gt;&lt;span style="color: var(--highlight-keyword)"&gt;&amp;nbsp;&amp;nbsp;&amp;nbsp;&amp;nbsp;&amp;nbsp;&amp;nbsp;&amp;nbsp;&amp;nbsp;&amp;nbsp;&amp;nbsp;&amp;nbsp;&amp;nbsp;try&amp;nbsp;{&lt;/span&gt;&lt;/code&gt;&lt;/li&gt;
&lt;li class="selected"&gt;&lt;code&gt;&lt;span style="color: var(--highlight-keyword)"&gt;&amp;nbsp;&amp;nbsp;&amp;nbsp;&amp;nbsp;&amp;nbsp;&amp;nbsp;&amp;nbsp;&amp;nbsp;&amp;nbsp;&amp;nbsp;&amp;nbsp;&amp;nbsp;&amp;nbsp;&amp;nbsp;&amp;nbsp;&amp;nbsp;&lt;/span&gt;&lt;span style="color: var(--highlight-default)"&gt;$this&lt;/span&gt;&lt;span style="color: var(--highlight-keyword)"&gt;-&amp;gt;&lt;/span&gt;&lt;span style="color: var(--highlight-default)"&gt;display&lt;/span&gt;&lt;span style="color: var(--highlight-keyword)"&gt;(&lt;/span&gt;&lt;span style="color: var(--highlight-default)"&gt;$context&lt;/span&gt;&lt;span style="color: var(--highlight-keyword)"&gt;);&lt;/span&gt;&lt;/code&gt;&lt;/li&gt;
&lt;li&gt;&lt;code&gt;&lt;span style="color: var(--highlight-keyword)"&gt;&amp;nbsp;&amp;nbsp;&amp;nbsp;&amp;nbsp;&amp;nbsp;&amp;nbsp;&amp;nbsp;&amp;nbsp;&amp;nbsp;&amp;nbsp;&amp;nbsp;&amp;nbsp;}&amp;nbsp;catch&amp;nbsp;(&lt;/span&gt;&lt;span style="color: var(--highlight-default)"&gt;\Throwable&amp;nbsp;$e&lt;/span&gt;&lt;span style="color: var(--highlight-keyword)"&gt;)&amp;nbsp;{&lt;/span&gt;&lt;/code&gt;&lt;/li&gt;
&lt;li&gt;&lt;code&gt;&lt;span style="color: var(--highlight-keyword)"&gt;&amp;nbsp;&amp;nbsp;&amp;nbsp;&amp;nbsp;&amp;nbsp;&amp;nbsp;&amp;nbsp;&amp;nbsp;&amp;nbsp;&amp;nbsp;&amp;nbsp;&amp;nbsp;&amp;nbsp;&amp;nbsp;&amp;nbsp;&amp;nbsp;while&amp;nbsp;(&lt;/span&gt;&lt;span style="color: var(--highlight-default)"&gt;ob_get_level&lt;/span&gt;&lt;span style="color: var(--highlight-keyword)"&gt;()&amp;nbsp;&amp;gt;&amp;nbsp;&lt;/span&gt;&lt;span style="color: var(--highlight-default)"&gt;$level&lt;/span&gt;&lt;span style="color: var(--highlight-keyword)"&gt;)&amp;nbsp;{&lt;/span&gt;&lt;/code&gt;&lt;/li&gt;
&lt;li&gt;&lt;code&gt;&lt;span style="color: var(--highlight-keyword)"&gt;&amp;nbsp;&amp;nbsp;&amp;nbsp;&amp;nbsp;&amp;nbsp;&amp;nbsp;&amp;nbsp;&amp;nbsp;&amp;nbsp;&amp;nbsp;&amp;nbsp;&amp;nbsp;&amp;nbsp;&amp;nbsp;&amp;nbsp;&amp;nbsp;&amp;nbsp;&amp;nbsp;&amp;nbsp;&amp;nbsp;&lt;/span&gt;&lt;span style="color: var(--highlight-default)"&gt;ob_end_clean&lt;/span&gt;&lt;span style="color: var(--highlight-keyword)"&gt;();&lt;/span&gt;&lt;/code&gt;&lt;/li&gt;
&lt;li&gt;&lt;code&gt;&lt;span style="color: var(--highlight-keyword)"&gt;&amp;nbsp;&amp;nbsp;&amp;nbsp;&amp;nbsp;&amp;nbsp;&amp;nbsp;&amp;nbsp;&amp;nbsp;&amp;nbsp;&amp;nbsp;&amp;nbsp;&amp;nbsp;&amp;nbsp;&amp;nbsp;&amp;nbsp;&amp;nbsp;}&lt;/span&gt;&lt;/code&gt;&lt;/li&gt;
&lt;li&gt;&lt;code&gt;&lt;span style="color: var(--highlight-keyword)"&gt;&lt;/span&gt;&lt;/code&gt;&lt;/li&gt;&lt;/ol&gt;    &lt;/div&gt;            &lt;/div&gt;
                        &lt;div class="trace-line "&gt;
                &lt;div class="trace-line-header break-long-words sf-toggle" data-toggle-selector="#trace-html-1-9" data-toggle-initial=""&gt;
            &lt;span class="icon icon-close"&gt;&lt;svg width="1792" height="1792" viewBox="0 0 1792 1792" xmlns="http://www.w3.org/2000/svg"&gt;&lt;path d="M1408 960V832q0-26-19-45t-45-19H448q-26 0-45 19t-19 45v128q0 26 19 45t45 19h896q26 0 45-19t19-45zm256-544v960q0 119-84.5 203.5T1376 1664H416q-119 0-203.5-84.5T128 1376V416q0-119 84.5-203.5T416 128h960q119 0 203.5 84.5T1664 416z"/&gt;&lt;/svg&gt;&lt;/span&gt;
        &lt;span class="icon icon-open"&gt;&lt;svg width="1792" height="1792" viewBox="0 0 1792 1792" xmlns="http://www.w3.org/2000/svg"&gt;&lt;path d="M1408 960V832q0-26-19-45t-45-19h-320V448q0-26-19-45t-45-19H832q-26 0-45 19t-19 45v320H448q-26 0-45 19t-19 45v128q0 26 19 45t45 19h320v320q0 26 19 45t45 19h128q26 0 45-19t19-45v-320h320q26 0 45-19t19-45zm256-544v960q0 119-84.5 203.5T1376 1664H416q-119 0-203.5-84.5T128 1376V416q0-119 84.5-203.5T416 128h960q119 0 203.5 84.5T1664 416z"/&gt;&lt;/svg&gt;&lt;/span&gt;
    
            &lt;span class="trace-class"&gt;&lt;abbr title="Twig\Template"&gt;Template&lt;/abbr&gt;&lt;/span&gt;&lt;span class="trace-type"&gt;-&gt;&lt;/span&gt;&lt;span class="trace-method"&gt;render&lt;/span&gt;&lt;span class="trace-arguments"&gt;(&lt;em&gt;array&lt;/em&gt;('animals' =&gt; &lt;em&gt;array&lt;/em&gt;(), 'fermes' =&gt; &lt;em&gt;array&lt;/em&gt;(), 'suivis' =&gt; &lt;em&gt;array&lt;/em&gt;(), 'animal_edit' =&gt; &lt;em&gt;null&lt;/em&gt;, 'errors' =&gt; &lt;em&gt;array&lt;/em&gt;(), 'searchTerm' =&gt; &lt;em&gt;null&lt;/em&gt;, 'currentSort' =&gt; 'espece', 'currentDirection' =&gt; 'ASC'))&lt;/span&gt;    
                    &lt;span class="block trace-file-path"&gt;
            in
            &lt;a href="file://C:\Users\sliti\Desktop\dev\esprit-PIDEV-3A16-2526-FARMIA\vendor\twig\twig\src\TemplateWrapper.php#L51"&gt;
                C:\Users\sliti\Desktop\dev\esprit-PIDEV-3A16-2526-FARMIA\vendor\twig\twig\src\&lt;strong&gt;TemplateWrapper.php&lt;/strong&gt;
            &lt;/a&gt;
                        (line 51)
            &lt;span class="icon icon-copy hidden" data-clipboard-text="C:\Users\sliti\Desktop\dev\esprit-PIDEV-3A16-2526-FARMIA\vendor\twig\twig\src\TemplateWrapper.php:51"&gt;
                &lt;svg xmlns="http://www.w3.org/2000/svg" height="24" viewBox="0 0 24 24" width="24"&gt;&lt;path d="M0 0h24v24H0z" fill="none"/&gt;&lt;path d="M16 1H4c-1.1 0-2 .9-2 2v14h2V3h12V1zm3 4H8c-1.1 0-2 .9-2 2v14c0 1.1.9 2 2 2h11c1.1 0 2-.9 2-2V7c0-1.1-.9-2-2-2zm0 16H8V7h11v14z"/&gt;&lt;/svg&gt;            &lt;/span&gt;
        &lt;/span&gt;
    &lt;/div&gt;
    &lt;div id="trace-html-1-9" class="trace-code sf-toggle-content"&gt;
        &lt;ol start="46"&gt;&lt;li&gt;&lt;code&gt;&lt;span style="color: var(--highlight-keyword)"&gt;&amp;nbsp;&amp;nbsp;&amp;nbsp;&amp;nbsp;&amp;nbsp;&amp;nbsp;&amp;nbsp;&amp;nbsp;yield&amp;nbsp;from&amp;nbsp;&lt;/span&gt;&lt;span style="color: var(--highlight-default)"&gt;$this&lt;/span&gt;&lt;span style="color: var(--highlight-keyword)"&gt;-&amp;gt;&lt;/span&gt;&lt;span style="color: var(--highlight-default)"&gt;template&lt;/span&gt;&lt;span style="color: var(--highlight-keyword)"&gt;-&amp;gt;&lt;/span&gt;&lt;span style="color: var(--highlight-default)"&gt;yieldBlock&lt;/span&gt;&lt;span style="color: var(--highlight-keyword)"&gt;(&lt;/span&gt;&lt;span style="color: var(--highlight-default)"&gt;$name&lt;/span&gt;&lt;span style="color: var(--highlight-keyword)"&gt;,&amp;nbsp;&lt;/span&gt;&lt;span style="color: var(--highlight-default)"&gt;$context&lt;/span&gt;&lt;span style="color: var(--highlight-keyword)"&gt;);&lt;/span&gt;&lt;/code&gt;&lt;/li&gt;
&lt;li&gt;&lt;code&gt;&lt;span style="color: var(--highlight-keyword)"&gt;&amp;nbsp;&amp;nbsp;&amp;nbsp;&amp;nbsp;}&lt;/span&gt;&lt;/code&gt;&lt;/li&gt;
&lt;li&gt;&lt;code&gt;&lt;span style="color: var(--highlight-keyword)"&gt;&lt;/span&gt;&lt;/code&gt;&lt;/li&gt;
&lt;li&gt;&lt;code&gt;&lt;span style="color: var(--highlight-keyword)"&gt;&amp;nbsp;&amp;nbsp;&amp;nbsp;&amp;nbsp;public&amp;nbsp;function&amp;nbsp;&lt;/span&gt;&lt;span style="color: var(--highlight-default)"&gt;render&lt;/span&gt;&lt;span style="color: var(--highlight-keyword)"&gt;(array&amp;nbsp;&lt;/span&gt;&lt;span style="color: var(--highlight-default)"&gt;$context&amp;nbsp;&lt;/span&gt;&lt;span style="color: var(--highlight-keyword)"&gt;=&amp;nbsp;[]):&amp;nbsp;&lt;/span&gt;&lt;span style="color: var(--highlight-default)"&gt;string&lt;/span&gt;&lt;/code&gt;&lt;/li&gt;
&lt;li&gt;&lt;code&gt;&lt;span style="color: var(--highlight-default)"&gt;&amp;nbsp;&amp;nbsp;&amp;nbsp;&amp;nbsp;&lt;/span&gt;&lt;span style="color: var(--highlight-keyword)"&gt;{&lt;/span&gt;&lt;/code&gt;&lt;/li&gt;
&lt;li class="selected"&gt;&lt;code&gt;&lt;span style="color: var(--highlight-keyword)"&gt;&amp;nbsp;&amp;nbsp;&amp;nbsp;&amp;nbsp;&amp;nbsp;&amp;nbsp;&amp;nbsp;&amp;nbsp;return&amp;nbsp;&lt;/span&gt;&lt;span style="color: var(--highlight-default)"&gt;$this&lt;/span&gt;&lt;span style="color: var(--highlight-keyword)"&gt;-&amp;gt;&lt;/span&gt;&lt;span style="color: var(--highlight-default)"&gt;template&lt;/span&gt;&lt;span style="color: var(--highlight-keyword)"&gt;-&amp;gt;&lt;/span&gt;&lt;span style="color: var(--highlight-default)"&gt;render&lt;/span&gt;&lt;span style="color: var(--highlight-keyword)"&gt;(&lt;/span&gt;&lt;span style="color: var(--highlight-default)"&gt;$context&lt;/span&gt;&lt;span style="color: var(--highlight-keyword)"&gt;);&lt;/span&gt;&lt;/code&gt;&lt;/li&gt;
&lt;li&gt;&lt;code&gt;&lt;span style="color: var(--highlight-keyword)"&gt;&amp;nbsp;&amp;nbsp;&amp;nbsp;&amp;nbsp;}&lt;/span&gt;&lt;/code&gt;&lt;/li&gt;
&lt;li&gt;&lt;code&gt;&lt;span style="color: var(--highlight-keyword)"&gt;&lt;/span&gt;&lt;/code&gt;&lt;/li&gt;
&lt;li&gt;&lt;code&gt;&lt;span style="color: var(--highlight-keyword)"&gt;&amp;nbsp;&amp;nbsp;&amp;nbsp;&amp;nbsp;&lt;/span&gt;&lt;span style="color: var(--highlight-comment)"&gt;/**&lt;/span&gt;&lt;/code&gt;&lt;/li&gt;
&lt;li&gt;&lt;code&gt;&lt;span style="color: var(--highlight-comment)"&gt;&amp;nbsp;&amp;nbsp;&amp;nbsp;&amp;nbsp;&amp;nbsp;*&amp;nbsp;@return&amp;nbsp;void&lt;/span&gt;&lt;/code&gt;&lt;/li&gt;
&lt;li&gt;&lt;code&gt;&lt;span style="color: var(--highlight-comment)"&gt;&amp;nbsp;&amp;nbsp;&amp;nbsp;&amp;nbsp;&amp;nbsp;*/&lt;/span&gt;&lt;/code&gt;&lt;/li&gt;&lt;/ol&gt;    &lt;/div&gt;            &lt;/div&gt;
                        &lt;div class="trace-line "&gt;
                &lt;div class="trace-line-header break-long-words sf-toggle" data-toggle-selector="#trace-html-1-10" data-toggle-initial=""&gt;
            &lt;span class="icon icon-close"&gt;&lt;svg width="1792" height="1792" viewBox="0 0 1792 1792" xmlns="http://www.w3.org/2000/svg"&gt;&lt;path d="M1408 960V832q0-26-19-45t-45-19H448q-26 0-45 19t-19 45v128q0 26 19 45t45 19h896q26 0 45-19t19-45zm256-544v960q0 119-84.5 203.5T1376 1664H416q-119 0-203.5-84.5T128 1376V416q0-119 84.5-203.5T416 128h960q119 0 203.5 84.5T1664 416z"/&gt;&lt;/svg&gt;&lt;/span&gt;
        &lt;span class="icon icon-open"&gt;&lt;svg width="1792" height="1792" viewBox="0 0 1792 1792" xmlns="http://www.w3.org/2000/svg"&gt;&lt;path d="M1408 960V832q0-26-19-45t-45-19h-320V448q0-26-19-45t-45-19H832q-26 0-45 19t-19 45v320H448q-26 0-45 19t-19 45v128q0 26 19 45t45 19h320v320q0 26 19 45t45 19h128q26 0 45-19t19-45v-320h320q26 0 45-19t19-45zm256-544v960q0 119-84.5 203.5T1376 1664H416q-119 0-203.5-84.5T128 1376V416q0-119 84.5-203.5T416 128h960q119 0 203.5 84.5T1664 416z"/&gt;&lt;/svg&gt;&lt;/span&gt;
    
            &lt;span class="trace-class"&gt;&lt;abbr title="Twig\TemplateWrapper"&gt;TemplateWrapper&lt;/abbr&gt;&lt;/span&gt;&lt;span class="trace-type"&gt;-&gt;&lt;/span&gt;&lt;span class="trace-method"&gt;render&lt;/span&gt;&lt;span class="trace-arguments"&gt;(&lt;em&gt;array&lt;/em&gt;('animals' =&gt; &lt;em&gt;array&lt;/em&gt;(), 'fermes' =&gt; &lt;em&gt;array&lt;/em&gt;(), 'suivis' =&gt; &lt;em&gt;array&lt;/em&gt;(), 'animal_edit' =&gt; &lt;em&gt;null&lt;/em&gt;, 'errors' =&gt; &lt;em&gt;array&lt;/em&gt;(), 'searchTerm' =&gt; &lt;em&gt;null&lt;/em&gt;, 'currentSort' =&gt; 'espece', 'currentDirection' =&gt; 'ASC'))&lt;/span&gt;    
                    &lt;span class="block trace-file-path"&gt;
            in
            &lt;a href="file://C:\Users\sliti\Desktop\dev\esprit-PIDEV-3A16-2526-FARMIA\vendor\twig\twig\src\Environment.php#L333"&gt;
                C:\Users\sliti\Desktop\dev\esprit-PIDEV-3A16-2526-FARMIA\vendor\twig\twig\src\&lt;strong&gt;Environment.php&lt;/strong&gt;
            &lt;/a&gt;
                        (line 333)
            &lt;span class="icon icon-copy hidden" data-clipboard-text="C:\Users\sliti\Desktop\dev\esprit-PIDEV-3A16-2526-FARMIA\vendor\twig\twig\src\Environment.php:333"&gt;
                &lt;svg xmlns="http://www.w3.org/2000/svg" height="24" viewBox="0 0 24 24" width="24"&gt;&lt;path d="M0 0h24v24H0z" fill="none"/&gt;&lt;path d="M16 1H4c-1.1 0-2 .9-2 2v14h2V3h12V1zm3 4H8c-1.1 0-2 .9-2 2v14c0 1.1.9 2 2 2h11c1.1 0 2-.9 2-2V7c0-1.1-.9-2-2-2zm0 16H8V7h11v14z"/&gt;&lt;/svg&gt;            &lt;/span&gt;
        &lt;/span&gt;
    &lt;/div&gt;
    &lt;div id="trace-html-1-10" class="trace-code sf-toggle-content"&gt;
        &lt;ol start="328"&gt;&lt;li&gt;&lt;code&gt;&lt;span style="color: var(--highlight-comment)"&gt;&amp;nbsp;&amp;nbsp;&amp;nbsp;&amp;nbsp;&amp;nbsp;*&amp;nbsp;@throws&amp;nbsp;SyntaxError&amp;nbsp;&amp;nbsp;When&amp;nbsp;an&amp;nbsp;error&amp;nbsp;occurred&amp;nbsp;during&amp;nbsp;compilation&lt;/span&gt;&lt;/code&gt;&lt;/li&gt;
&lt;li&gt;&lt;code&gt;&lt;span style="color: var(--highlight-comment)"&gt;&amp;nbsp;&amp;nbsp;&amp;nbsp;&amp;nbsp;&amp;nbsp;*&amp;nbsp;@throws&amp;nbsp;RuntimeError&amp;nbsp;When&amp;nbsp;an&amp;nbsp;error&amp;nbsp;occurred&amp;nbsp;during&amp;nbsp;rendering&lt;/span&gt;&lt;/code&gt;&lt;/li&gt;
&lt;li&gt;&lt;code&gt;&lt;span style="color: var(--highlight-comment)"&gt;&amp;nbsp;&amp;nbsp;&amp;nbsp;&amp;nbsp;&amp;nbsp;*/&lt;/span&gt;&lt;/code&gt;&lt;/li&gt;
&lt;li&gt;&lt;code&gt;&lt;span style="color: var(--highlight-comment)"&gt;&amp;nbsp;&amp;nbsp;&amp;nbsp;&amp;nbsp;&lt;/span&gt;&lt;span style="color: var(--highlight-keyword)"&gt;public&amp;nbsp;function&amp;nbsp;&lt;/span&gt;&lt;span style="color: var(--highlight-default)"&gt;render&lt;/span&gt;&lt;span style="color: var(--highlight-keyword)"&gt;(&lt;/span&gt;&lt;span style="color: var(--highlight-default)"&gt;$name&lt;/span&gt;&lt;span style="color: var(--highlight-keyword)"&gt;,&amp;nbsp;array&amp;nbsp;&lt;/span&gt;&lt;span style="color: var(--highlight-default)"&gt;$context&amp;nbsp;&lt;/span&gt;&lt;span style="color: var(--highlight-keyword)"&gt;=&amp;nbsp;[]):&amp;nbsp;&lt;/span&gt;&lt;span style="color: var(--highlight-default)"&gt;string&lt;/span&gt;&lt;/code&gt;&lt;/li&gt;
&lt;li&gt;&lt;code&gt;&lt;span style="color: var(--highlight-default)"&gt;&amp;nbsp;&amp;nbsp;&amp;nbsp;&amp;nbsp;&lt;/span&gt;&lt;span style="color: var(--highlight-keyword)"&gt;{&lt;/span&gt;&lt;/code&gt;&lt;/li&gt;
&lt;li class="selected"&gt;&lt;code&gt;&lt;span style="color: var(--highlight-keyword)"&gt;&amp;nbsp;&amp;nbsp;&amp;nbsp;&amp;nbsp;&amp;nbsp;&amp;nbsp;&amp;nbsp;&amp;nbsp;return&amp;nbsp;&lt;/span&gt;&lt;span style="color: var(--highlight-default)"&gt;$this&lt;/span&gt;&lt;span style="color: var(--highlight-keyword)"&gt;-&amp;gt;&lt;/span&gt;&lt;span style="color: var(--highlight-default)"&gt;load&lt;/span&gt;&lt;span style="color: var(--highlight-keyword)"&gt;(&lt;/span&gt;&lt;span style="color: var(--highlight-default)"&gt;$name&lt;/span&gt;&lt;span style="color: var(--highlight-keyword)"&gt;)-&amp;gt;&lt;/span&gt;&lt;span style="color: var(--highlight-default)"&gt;render&lt;/span&gt;&lt;span style="color: var(--highlight-keyword)"&gt;(&lt;/span&gt;&lt;span style="color: var(--highlight-default)"&gt;$context&lt;/span&gt;&lt;span style="color: var(--highlight-keyword)"&gt;);&lt;/span&gt;&lt;/code&gt;&lt;/li&gt;
&lt;li&gt;&lt;code&gt;&lt;span style="color: var(--highlight-keyword)"&gt;&amp;nbsp;&amp;nbsp;&amp;nbsp;&amp;nbsp;}&lt;/span&gt;&lt;/code&gt;&lt;/li&gt;
&lt;li&gt;&lt;code&gt;&lt;span style="color: var(--highlight-keyword)"&gt;&lt;/span&gt;&lt;/code&gt;&lt;/li&gt;
&lt;li&gt;&lt;code&gt;&lt;span style="color: var(--highlight-keyword)"&gt;&amp;nbsp;&amp;nbsp;&amp;nbsp;&amp;nbsp;&lt;/span&gt;&lt;span style="color: var(--highlight-comment)"&gt;/**&lt;/span&gt;&lt;/code&gt;&lt;/li&gt;
&lt;li&gt;&lt;code&gt;&lt;span style="color: var(--highlight-comment)"&gt;&amp;nbsp;&amp;nbsp;&amp;nbsp;&amp;nbsp;&amp;nbsp;*&amp;nbsp;Displays&amp;nbsp;a&amp;nbsp;template.&lt;/span&gt;&lt;/code&gt;&lt;/li&gt;
&lt;li&gt;&lt;code&gt;&lt;span style="color: var(--highlight-comment)"&gt;&amp;nbsp;&amp;nbsp;&amp;nbsp;&amp;nbsp;&amp;nbsp;*&lt;/span&gt;&lt;/code&gt;&lt;/li&gt;&lt;/ol&gt;    &lt;/div&gt;            &lt;/div&gt;
                        &lt;div class="trace-line "&gt;
                &lt;div class="trace-line-header break-long-words sf-toggle" data-toggle-selector="#trace-html-1-11" data-toggle-initial=""&gt;
            &lt;span class="icon icon-close"&gt;&lt;svg width="1792" height="1792" viewBox="0 0 1792 1792" xmlns="http://www.w3.org/2000/svg"&gt;&lt;path d="M1408 960V832q0-26-19-45t-45-19H448q-26 0-45 19t-19 45v128q0 26 19 45t45 19h896q26 0 45-19t19-45zm256-544v960q0 119-84.5 203.5T1376 1664H416q-119 0-203.5-84.5T128 1376V416q0-119 84.5-203.5T416 128h960q119 0 203.5 84.5T1664 416z"/&gt;&lt;/svg&gt;&lt;/span&gt;
        &lt;span class="icon icon-open"&gt;&lt;svg width="1792" height="1792" viewBox="0 0 1792 1792" xmlns="http://www.w3.org/2000/svg"&gt;&lt;path d="M1408 960V832q0-26-19-45t-45-19h-320V448q0-26-19-45t-45-19H832q-26 0-45 19t-19 45v320H448q-26 0-45 19t-19 45v128q0 26 19 45t45 19h320v320q0 26 19 45t45 19h128q26 0 45-19t19-45v-320h320q26 0 45-19t19-45zm256-544v960q0 119-84.5 203.5T1376 1664H416q-119 0-203.5-84.5T128 1376V416q0-119 84.5-203.5T416 128h960q119 0 203.5 84.5T1664 416z"/&gt;&lt;/svg&gt;&lt;/span&gt;
    
            &lt;span class="trace-class"&gt;&lt;abbr title="Twig\Environment"&gt;Environment&lt;/abbr&gt;&lt;/span&gt;&lt;span class="trace-type"&gt;-&gt;&lt;/span&gt;&lt;span class="trace-method"&gt;render&lt;/span&gt;&lt;span class="trace-arguments"&gt;('animal/index.html.twig', &lt;em&gt;array&lt;/em&gt;('animals' =&gt; &lt;em&gt;array&lt;/em&gt;(), 'fermes' =&gt; &lt;em&gt;array&lt;/em&gt;(), 'suivis' =&gt; &lt;em&gt;array&lt;/em&gt;(), 'animal_edit' =&gt; &lt;em&gt;null&lt;/em&gt;, 'errors' =&gt; &lt;em&gt;array&lt;/em&gt;(), 'searchTerm' =&gt; &lt;em&gt;null&lt;/em&gt;, 'currentSort' =&gt; 'espece', 'currentDirection' =&gt; 'ASC'))&lt;/span&gt;    
                    &lt;span class="block trace-file-path"&gt;
            in
            &lt;a href="file://C:\Users\sliti\Desktop\dev\esprit-PIDEV-3A16-2526-FARMIA\vendor\symfony\framework-bundle\Controller\AbstractController.php#L452"&gt;
                C:\Users\sliti\Desktop\dev\esprit-PIDEV-3A16-2526-FARMIA\vendor\symfony\framework-bundle\Controller\&lt;strong&gt;AbstractController.php&lt;/strong&gt;
            &lt;/a&gt;
                        (line 452)
            &lt;span class="icon icon-copy hidden" data-clipboard-text="C:\Users\sliti\Desktop\dev\esprit-PIDEV-3A16-2526-FARMIA\vendor\symfony\framework-bundle\Controller\AbstractController.php:452"&gt;
                &lt;svg xmlns="http://www.w3.org/2000/svg" height="24" viewBox="0 0 24 24" width="24"&gt;&lt;path d="M0 0h24v24H0z" fill="none"/&gt;&lt;path d="M16 1H4c-1.1 0-2 .9-2 2v14h2V3h12V1zm3 4H8c-1.1 0-2 .9-2 2v14c0 1.1.9 2 2 2h11c1.1 0 2-.9 2-2V7c0-1.1-.9-2-2-2zm0 16H8V7h11v14z"/&gt;&lt;/svg&gt;            &lt;/span&gt;
        &lt;/span&gt;
    &lt;/div&gt;
    &lt;div id="trace-html-1-11" class="trace-code sf-toggle-content"&gt;
        &lt;ol start="447"&gt;&lt;li&gt;&lt;code&gt;&lt;span style="color: var(--highlight-keyword)"&gt;&lt;/span&gt;&lt;/code&gt;&lt;/li&gt;
&lt;li&gt;&lt;code&gt;&lt;span style="color: var(--highlight-keyword)"&gt;&amp;nbsp;&amp;nbsp;&amp;nbsp;&amp;nbsp;&amp;nbsp;&amp;nbsp;&amp;nbsp;&amp;nbsp;if&amp;nbsp;(&lt;/span&gt;&lt;span style="color: var(--highlight-default)"&gt;null&amp;nbsp;&lt;/span&gt;&lt;span style="color: var(--highlight-keyword)"&gt;!==&amp;nbsp;&lt;/span&gt;&lt;span style="color: var(--highlight-default)"&gt;$block&lt;/span&gt;&lt;span style="color: var(--highlight-keyword)"&gt;)&amp;nbsp;{&lt;/span&gt;&lt;/code&gt;&lt;/li&gt;
&lt;li&gt;&lt;code&gt;&lt;span style="color: var(--highlight-keyword)"&gt;&amp;nbsp;&amp;nbsp;&amp;nbsp;&amp;nbsp;&amp;nbsp;&amp;nbsp;&amp;nbsp;&amp;nbsp;&amp;nbsp;&amp;nbsp;&amp;nbsp;&amp;nbsp;return&amp;nbsp;&lt;/span&gt;&lt;span style="color: var(--highlight-default)"&gt;$this&lt;/span&gt;&lt;span style="color: var(--highlight-keyword)"&gt;-&amp;gt;&lt;/span&gt;&lt;span style="color: var(--highlight-default)"&gt;container&lt;/span&gt;&lt;span style="color: var(--highlight-keyword)"&gt;-&amp;gt;&lt;/span&gt;&lt;span style="color: var(--highlight-default)"&gt;get&lt;/span&gt;&lt;span style="color: var(--highlight-keyword)"&gt;(&lt;/span&gt;&lt;span style="color: var(--highlight-string)"&gt;'twig'&lt;/span&gt;&lt;span style="color: var(--highlight-keyword)"&gt;)-&amp;gt;&lt;/span&gt;&lt;span style="color: var(--highlight-default)"&gt;load&lt;/span&gt;&lt;span style="color: var(--highlight-keyword)"&gt;(&lt;/span&gt;&lt;span style="color: var(--highlight-default)"&gt;$view&lt;/span&gt;&lt;span style="color: var(--highlight-keyword)"&gt;)-&amp;gt;&lt;/span&gt;&lt;span style="color: var(--highlight-default)"&gt;renderBlock&lt;/span&gt;&lt;span style="color: var(--highlight-keyword)"&gt;(&lt;/span&gt;&lt;span style="color: var(--highlight-default)"&gt;$block&lt;/span&gt;&lt;span style="color: var(--highlight-keyword)"&gt;,&amp;nbsp;&lt;/span&gt;&lt;span style="color: var(--highlight-default)"&gt;$parameters&lt;/span&gt;&lt;span style="color: var(--highlight-keyword)"&gt;);&lt;/span&gt;&lt;/code&gt;&lt;/li&gt;
&lt;li&gt;&lt;code&gt;&lt;span style="color: var(--highlight-keyword)"&gt;&amp;nbsp;&amp;nbsp;&amp;nbsp;&amp;nbsp;&amp;nbsp;&amp;nbsp;&amp;nbsp;&amp;nbsp;}&lt;/span&gt;&lt;/code&gt;&lt;/li&gt;
&lt;li&gt;&lt;code&gt;&lt;span style="color: var(--highlight-keyword)"&gt;&lt;/span&gt;&lt;/code&gt;&lt;/li&gt;
&lt;li class="selected"&gt;&lt;code&gt;&lt;span style="color: var(--highlight-keyword)"&gt;&amp;nbsp;&amp;nbsp;&amp;nbsp;&amp;nbsp;&amp;nbsp;&amp;nbsp;&amp;nbsp;&amp;nbsp;return&amp;nbsp;&lt;/span&gt;&lt;span style="color: var(--highlight-default)"&gt;$this&lt;/span&gt;&lt;span style="color: var(--highlight-keyword)"&gt;-&amp;gt;&lt;/span&gt;&lt;span style="color: var(--highlight-default)"&gt;container&lt;/span&gt;&lt;span style="color: var(--highlight-keyword)"&gt;-&amp;gt;&lt;/span&gt;&lt;span style="color: var(--highlight-default)"&gt;get&lt;/span&gt;&lt;span style="color: var(--highlight-keyword)"&gt;(&lt;/span&gt;&lt;span style="color: var(--highlight-string)"&gt;'twig'&lt;/span&gt;&lt;span style="color: var(--highlight-keyword)"&gt;)-&amp;gt;&lt;/span&gt;&lt;span style="color: var(--highlight-default)"&gt;render&lt;/span&gt;&lt;span style="color: var(--highlight-keyword)"&gt;(&lt;/span&gt;&lt;span style="color: var(--highlight-default)"&gt;$view&lt;/span&gt;&lt;span style="color: var(--highlight-keyword)"&gt;,&amp;nbsp;&lt;/span&gt;&lt;span style="color: var(--highlight-default)"&gt;$parameters&lt;/span&gt;&lt;span style="color: var(--highlight-keyword)"&gt;);&lt;/span&gt;&lt;/code&gt;&lt;/li&gt;
&lt;li&gt;&lt;code&gt;&lt;span style="color: var(--highlight-keyword)"&gt;&amp;nbsp;&amp;nbsp;&amp;nbsp;&amp;nbsp;}&lt;/span&gt;&lt;/code&gt;&lt;/li&gt;
&lt;li&gt;&lt;code&gt;&lt;span style="color: var(--highlight-keyword)"&gt;&lt;/span&gt;&lt;/code&gt;&lt;/li&gt;
&lt;li&gt;&lt;code&gt;&lt;span style="color: var(--highlight-keyword)"&gt;&amp;nbsp;&amp;nbsp;&amp;nbsp;&amp;nbsp;private&amp;nbsp;function&amp;nbsp;&lt;/span&gt;&lt;span style="color: var(--highlight-default)"&gt;doRender&lt;/span&gt;&lt;span style="color: var(--highlight-keyword)"&gt;(&lt;/span&gt;&lt;span style="color: var(--highlight-default)"&gt;string&amp;nbsp;$view&lt;/span&gt;&lt;span style="color: var(--highlight-keyword)"&gt;,&amp;nbsp;?&lt;/span&gt;&lt;span style="color: var(--highlight-default)"&gt;string&amp;nbsp;$block&lt;/span&gt;&lt;span style="color: var(--highlight-keyword)"&gt;,&amp;nbsp;array&amp;nbsp;&lt;/span&gt;&lt;span style="color: var(--highlight-default)"&gt;$parameters&lt;/span&gt;&lt;span style="color: var(--highlight-keyword)"&gt;,&amp;nbsp;?&lt;/span&gt;&lt;span style="color: var(--highlight-default)"&gt;Response&amp;nbsp;$response&lt;/span&gt;&lt;span style="color: var(--highlight-keyword)"&gt;,&amp;nbsp;&lt;/span&gt;&lt;span style="color: var(--highlight-default)"&gt;string&amp;nbsp;$method&lt;/span&gt;&lt;span style="color: var(--highlight-keyword)"&gt;):&amp;nbsp;&lt;/span&gt;&lt;span style="color: var(--highlight-default)"&gt;Response&lt;/span&gt;&lt;/code&gt;&lt;/li&gt;
&lt;li&gt;&lt;code&gt;&lt;span style="color: var(--highlight-default)"&gt;&amp;nbsp;&amp;nbsp;&amp;nbsp;&amp;nbsp;&lt;/span&gt;&lt;span style="color: var(--highlight-keyword)"&gt;{&lt;/span&gt;&lt;/code&gt;&lt;/li&gt;
&lt;li&gt;&lt;code&gt;&lt;span style="color: var(--highlight-keyword)"&gt;&amp;nbsp;&amp;nbsp;&amp;nbsp;&amp;nbsp;&amp;nbsp;&amp;nbsp;&amp;nbsp;&amp;nbsp;&lt;/span&gt;&lt;span style="color: var(--highlight-default)"&gt;$content&amp;nbsp;&lt;/span&gt;&lt;span style="color: var(--highlight-keyword)"&gt;=&amp;nbsp;&lt;/span&gt;&lt;span style="color: var(--highlight-default)"&gt;$this&lt;/span&gt;&lt;span style="color: var(--highlight-keyword)"&gt;-&amp;gt;&lt;/span&gt;&lt;span style="color: var(--highlight-default)"&gt;doRenderView&lt;/span&gt;&lt;span style="color: var(--highlight-keyword)"&gt;(&lt;/span&gt;&lt;span style="color: var(--highlight-default)"&gt;$view&lt;/span&gt;&lt;span style="color: var(--highlight-keyword)"&gt;,&amp;nbsp;&lt;/span&gt;&lt;span style="color: var(--highlight-default)"&gt;$block&lt;/span&gt;&lt;span style="color: var(--highlight-keyword)"&gt;,&amp;nbsp;&lt;/span&gt;&lt;span style="color: var(--highlight-default)"&gt;$parameters&lt;/span&gt;&lt;span style="color: var(--highlight-keyword)"&gt;,&amp;nbsp;&lt;/span&gt;&lt;span style="color: var(--highlight-default)"&gt;$method&lt;/span&gt;&lt;span style="color: var(--highlight-keyword)"&gt;);&lt;/span&gt;&lt;/code&gt;&lt;/li&gt;&lt;/ol&gt;    &lt;/div&gt;            &lt;/div&gt;
                        &lt;div class="trace-line "&gt;
                &lt;div class="trace-line-header break-long-words sf-toggle" data-toggle-selector="#trace-html-1-12" data-toggle-initial=""&gt;
            &lt;span class="icon icon-close"&gt;&lt;svg width="1792" height="1792" viewBox="0 0 1792 1792" xmlns="http://www.w3.org/2000/svg"&gt;&lt;path d="M1408 960V832q0-26-19-45t-45-19H448q-26 0-45 19t-19 45v128q0 26 19 45t45 19h896q26 0 45-19t19-45zm256-544v960q0 119-84.5 203.5T1376 1664H416q-119 0-203.5-84.5T128 1376V416q0-119 84.5-203.5T416 128h960q119 0 203.5 84.5T1664 416z"/&gt;&lt;/svg&gt;&lt;/span&gt;
        &lt;span class="icon icon-open"&gt;&lt;svg width="1792" height="1792" viewBox="0 0 1792 1792" xmlns="http://www.w3.org/2000/svg"&gt;&lt;path d="M1408 960V832q0-26-19-45t-45-19h-320V448q0-26-19-45t-45-19H832q-26 0-45 19t-19 45v320H448q-26 0-45 19t-19 45v128q0 26 19 45t45 19h320v320q0 26 19 45t45 19h128q26 0 45-19t19-45v-320h320q26 0 45-19t19-45zm256-544v960q0 119-84.5 203.5T1376 1664H416q-119 0-203.5-84.5T128 1376V416q0-119 84.5-203.5T416 128h960q119 0 203.5 84.5T1664 416z"/&gt;&lt;/svg&gt;&lt;/span&gt;
    
            &lt;span class="trace-class"&gt;&lt;abbr title="Symfony\Bundle\FrameworkBundle\Controller\AbstractController"&gt;AbstractController&lt;/abbr&gt;&lt;/span&gt;&lt;span class="trace-type"&gt;-&gt;&lt;/span&gt;&lt;span class="trace-method"&gt;doRenderView&lt;/span&gt;&lt;span class="trace-arguments"&gt;('animal/index.html.twig', &lt;em&gt;null&lt;/em&gt;, &lt;em&gt;array&lt;/em&gt;('animals' =&gt; &lt;em&gt;array&lt;/em&gt;(), 'fermes' =&gt; &lt;em&gt;array&lt;/em&gt;(), 'suivis' =&gt; &lt;em&gt;array&lt;/em&gt;(), 'animal_edit' =&gt; &lt;em&gt;null&lt;/em&gt;, 'errors' =&gt; &lt;em&gt;array&lt;/em&gt;(), 'searchTerm' =&gt; &lt;em&gt;null&lt;/em&gt;, 'currentSort' =&gt; 'espece', 'currentDirection' =&gt; 'ASC'), 'render')&lt;/span&gt;    
                    &lt;span class="block trace-file-path"&gt;
            in
            &lt;a href="file://C:\Users\sliti\Desktop\dev\esprit-PIDEV-3A16-2526-FARMIA\vendor\symfony\framework-bundle\Controller\AbstractController.php#L457"&gt;
                C:\Users\sliti\Desktop\dev\esprit-PIDEV-3A16-2526-FARMIA\vendor\symfony\framework-bundle\Controller\&lt;strong&gt;AbstractController.php&lt;/strong&gt;
            &lt;/a&gt;
                        (line 457)
            &lt;span class="icon icon-copy hidden" data-clipboard-text="C:\Users\sliti\Desktop\dev\esprit-PIDEV-3A16-2526-FARMIA\vendor\symfony\framework-bundle\Controller\AbstractController.php:457"&gt;
                &lt;svg xmlns="http://www.w3.org/2000/svg" height="24" viewBox="0 0 24 24" width="24"&gt;&lt;path d="M0 0h24v24H0z" fill="none"/&gt;&lt;path d="M16 1H4c-1.1 0-2 .9-2 2v14h2V3h12V1zm3 4H8c-1.1 0-2 .9-2 2v14c0 1.1.9 2 2 2h11c1.1 0 2-.9 2-2V7c0-1.1-.9-2-2-2zm0 16H8V7h11v14z"/&gt;&lt;/svg&gt;            &lt;/span&gt;
        &lt;/span&gt;
    &lt;/div&gt;
    &lt;div id="trace-html-1-12" class="trace-code sf-toggle-content"&gt;
        &lt;ol start="452"&gt;&lt;li&gt;&lt;code&gt;&lt;span style="color: var(--highlight-keyword)"&gt;&amp;nbsp;&amp;nbsp;&amp;nbsp;&amp;nbsp;&amp;nbsp;&amp;nbsp;&amp;nbsp;&amp;nbsp;return&amp;nbsp;&lt;/span&gt;&lt;span style="color: var(--highlight-default)"&gt;$this&lt;/span&gt;&lt;span style="color: var(--highlight-keyword)"&gt;-&amp;gt;&lt;/span&gt;&lt;span style="color: var(--highlight-default)"&gt;container&lt;/span&gt;&lt;span style="color: var(--highlight-keyword)"&gt;-&amp;gt;&lt;/span&gt;&lt;span style="color: var(--highlight-default)"&gt;get&lt;/span&gt;&lt;span style="color: var(--highlight-keyword)"&gt;(&lt;/span&gt;&lt;span style="color: var(--highlight-string)"&gt;'twig'&lt;/span&gt;&lt;span style="color: var(--highlight-keyword)"&gt;)-&amp;gt;&lt;/span&gt;&lt;span style="color: var(--highlight-default)"&gt;render&lt;/span&gt;&lt;span style="color: var(--highlight-keyword)"&gt;(&lt;/span&gt;&lt;span style="color: var(--highlight-default)"&gt;$view&lt;/span&gt;&lt;span style="color: var(--highlight-keyword)"&gt;,&amp;nbsp;&lt;/span&gt;&lt;span style="color: var(--highlight-default)"&gt;$parameters&lt;/span&gt;&lt;span style="color: var(--highlight-keyword)"&gt;);&lt;/span&gt;&lt;/code&gt;&lt;/li&gt;
&lt;li&gt;&lt;code&gt;&lt;span style="color: var(--highlight-keyword)"&gt;&amp;nbsp;&amp;nbsp;&amp;nbsp;&amp;nbsp;}&lt;/span&gt;&lt;/code&gt;&lt;/li&gt;
&lt;li&gt;&lt;code&gt;&lt;span style="color: var(--highlight-keyword)"&gt;&lt;/span&gt;&lt;/code&gt;&lt;/li&gt;
&lt;li&gt;&lt;code&gt;&lt;span style="color: var(--highlight-keyword)"&gt;&amp;nbsp;&amp;nbsp;&amp;nbsp;&amp;nbsp;private&amp;nbsp;function&amp;nbsp;&lt;/span&gt;&lt;span style="color: var(--highlight-default)"&gt;doRender&lt;/span&gt;&lt;span style="color: var(--highlight-keyword)"&gt;(&lt;/span&gt;&lt;span style="color: var(--highlight-default)"&gt;string&amp;nbsp;$view&lt;/span&gt;&lt;span style="color: var(--highlight-keyword)"&gt;,&amp;nbsp;?&lt;/span&gt;&lt;span style="color: var(--highlight-default)"&gt;string&amp;nbsp;$block&lt;/span&gt;&lt;span style="color: var(--highlight-keyword)"&gt;,&amp;nbsp;array&amp;nbsp;&lt;/span&gt;&lt;span style="color: var(--highlight-default)"&gt;$parameters&lt;/span&gt;&lt;span style="color: var(--highlight-keyword)"&gt;,&amp;nbsp;?&lt;/span&gt;&lt;span style="color: var(--highlight-default)"&gt;Response&amp;nbsp;$response&lt;/span&gt;&lt;span style="color: var(--highlight-keyword)"&gt;,&amp;nbsp;&lt;/span&gt;&lt;span style="color: var(--highlight-default)"&gt;string&amp;nbsp;$method&lt;/span&gt;&lt;span style="color: var(--highlight-keyword)"&gt;):&amp;nbsp;&lt;/span&gt;&lt;span style="color: var(--highlight-default)"&gt;Response&lt;/span&gt;&lt;/code&gt;&lt;/li&gt;
&lt;li&gt;&lt;code&gt;&lt;span style="color: var(--highlight-default)"&gt;&amp;nbsp;&amp;nbsp;&amp;nbsp;&amp;nbsp;&lt;/span&gt;&lt;span style="color: var(--highlight-keyword)"&gt;{&lt;/span&gt;&lt;/code&gt;&lt;/li&gt;
&lt;li class="selected"&gt;&lt;code&gt;&lt;span style="color: var(--highlight-keyword)"&gt;&amp;nbsp;&amp;nbsp;&amp;nbsp;&amp;nbsp;&amp;nbsp;&amp;nbsp;&amp;nbsp;&amp;nbsp;&lt;/span&gt;&lt;span style="color: var(--highlight-default)"&gt;$content&amp;nbsp;&lt;/span&gt;&lt;span style="color: var(--highlight-keyword)"&gt;=&amp;nbsp;&lt;/span&gt;&lt;span style="color: var(--highlight-default)"&gt;$this&lt;/span&gt;&lt;span style="color: var(--highlight-keyword)"&gt;-&amp;gt;&lt;/span&gt;&lt;span style="color: var(--highlight-default)"&gt;doRenderView&lt;/span&gt;&lt;span style="color: var(--highlight-keyword)"&gt;(&lt;/span&gt;&lt;span style="color: var(--highlight-default)"&gt;$view&lt;/span&gt;&lt;span style="color: var(--highlight-keyword)"&gt;,&amp;nbsp;&lt;/span&gt;&lt;span style="color: var(--highlight-default)"&gt;$block&lt;/span&gt;&lt;span style="color: var(--highlight-keyword)"&gt;,&amp;nbsp;&lt;/span&gt;&lt;span style="color: var(--highlight-default)"&gt;$parameters&lt;/span&gt;&lt;span style="color: var(--highlight-keyword)"&gt;,&amp;nbsp;&lt;/span&gt;&lt;span style="color: var(--highlight-default)"&gt;$method&lt;/span&gt;&lt;span style="color: var(--highlight-keyword)"&gt;);&lt;/span&gt;&lt;/code&gt;&lt;/li&gt;
&lt;li&gt;&lt;code&gt;&lt;span style="color: var(--highlight-keyword)"&gt;&amp;nbsp;&amp;nbsp;&amp;nbsp;&amp;nbsp;&amp;nbsp;&amp;nbsp;&amp;nbsp;&amp;nbsp;&lt;/span&gt;&lt;span style="color: var(--highlight-default)"&gt;$response&amp;nbsp;&lt;/span&gt;&lt;span style="color: var(--highlight-keyword)"&gt;??=&amp;nbsp;new&amp;nbsp;&lt;/span&gt;&lt;span style="color: var(--highlight-default)"&gt;Response&lt;/span&gt;&lt;span style="color: var(--highlight-keyword)"&gt;();&lt;/span&gt;&lt;/code&gt;&lt;/li&gt;
&lt;li&gt;&lt;code&gt;&lt;span style="color: var(--highlight-keyword)"&gt;&lt;/span&gt;&lt;/code&gt;&lt;/li&gt;
&lt;li&gt;&lt;code&gt;&lt;span style="color: var(--highlight-keyword)"&gt;&amp;nbsp;&amp;nbsp;&amp;nbsp;&amp;nbsp;&amp;nbsp;&amp;nbsp;&amp;nbsp;&amp;nbsp;if&amp;nbsp;(&lt;/span&gt;&lt;span style="color: var(--highlight-default)"&gt;200&amp;nbsp;&lt;/span&gt;&lt;span style="color: var(--highlight-keyword)"&gt;===&amp;nbsp;&lt;/span&gt;&lt;span style="color: var(--highlight-default)"&gt;$response&lt;/span&gt;&lt;span style="color: var(--highlight-keyword)"&gt;-&amp;gt;&lt;/span&gt;&lt;span style="color: var(--highlight-default)"&gt;getStatusCode&lt;/span&gt;&lt;span style="color: var(--highlight-keyword)"&gt;())&amp;nbsp;{&lt;/span&gt;&lt;/code&gt;&lt;/li&gt;
&lt;li&gt;&lt;code&gt;&lt;span style="color: var(--highlight-keyword)"&gt;&amp;nbsp;&amp;nbsp;&amp;nbsp;&amp;nbsp;&amp;nbsp;&amp;nbsp;&amp;nbsp;&amp;nbsp;&amp;nbsp;&amp;nbsp;&amp;nbsp;&amp;nbsp;foreach&amp;nbsp;(&lt;/span&gt;&lt;span style="color: var(--highlight-default)"&gt;$parameters&amp;nbsp;&lt;/span&gt;&lt;span style="color: var(--highlight-keyword)"&gt;as&amp;nbsp;&lt;/span&gt;&lt;span style="color: var(--highlight-default)"&gt;$v&lt;/span&gt;&lt;span style="color: var(--highlight-keyword)"&gt;)&amp;nbsp;{&lt;/span&gt;&lt;/code&gt;&lt;/li&gt;
&lt;li&gt;&lt;code&gt;&lt;span style="color: var(--highlight-keyword)"&gt;&amp;nbsp;&amp;nbsp;&amp;nbsp;&amp;nbsp;&amp;nbsp;&amp;nbsp;&amp;nbsp;&amp;nbsp;&amp;nbsp;&amp;nbsp;&amp;nbsp;&amp;nbsp;&amp;nbsp;&amp;nbsp;&amp;nbsp;&amp;nbsp;if&amp;nbsp;(&lt;/span&gt;&lt;span style="color: var(--highlight-default)"&gt;$v&amp;nbsp;&lt;/span&gt;&lt;span style="color: var(--highlight-keyword)"&gt;instanceof&amp;nbsp;&lt;/span&gt;&lt;span style="color: var(--highlight-default)"&gt;FormInterface&amp;nbsp;&lt;/span&gt;&lt;span style="color: var(--highlight-keyword)"&gt;&amp;amp;&amp;amp;&amp;nbsp;&lt;/span&gt;&lt;span style="color: var(--highlight-default)"&gt;$v&lt;/span&gt;&lt;span style="color: var(--highlight-keyword)"&gt;-&amp;gt;&lt;/span&gt;&lt;span style="color: var(--highlight-default)"&gt;isSubmitted&lt;/span&gt;&lt;span style="color: var(--highlight-keyword)"&gt;()&amp;nbsp;&amp;amp;&amp;amp;&amp;nbsp;!&lt;/span&gt;&lt;span style="color: var(--highlight-default)"&gt;$v&lt;/span&gt;&lt;span style="color: var(--highlight-keyword)"&gt;-&amp;gt;&lt;/span&gt;&lt;span style="color: var(--highlight-default)"&gt;isValid&lt;/span&gt;&lt;span style="color: var(--highlight-keyword)"&gt;())&amp;nbsp;{&lt;/span&gt;&lt;/code&gt;&lt;/li&gt;&lt;/ol&gt;    &lt;/div&gt;            &lt;/div&gt;
                        &lt;div class="trace-line "&gt;
                &lt;div class="trace-line-header break-long-words sf-toggle" data-toggle-selector="#trace-html-1-13" data-toggle-initial=""&gt;
            &lt;span class="icon icon-close"&gt;&lt;svg width="1792" height="1792" viewBox="0 0 1792 1792" xmlns="http://www.w3.org/2000/svg"&gt;&lt;path d="M1408 960V832q0-26-19-45t-45-19H448q-26 0-45 19t-19 45v128q0 26 19 45t45 19h896q26 0 45-19t19-45zm256-544v960q0 119-84.5 203.5T1376 1664H416q-119 0-203.5-84.5T128 1376V416q0-119 84.5-203.5T416 128h960q119 0 203.5 84.5T1664 416z"/&gt;&lt;/svg&gt;&lt;/span&gt;
        &lt;span class="icon icon-open"&gt;&lt;svg width="1792" height="1792" viewBox="0 0 1792 1792" xmlns="http://www.w3.org/2000/svg"&gt;&lt;path d="M1408 960V832q0-26-19-45t-45-19h-320V448q0-26-19-45t-45-19H832q-26 0-45 19t-19 45v320H448q-26 0-45 19t-19 45v128q0 26 19 45t45 19h320v320q0 26 19 45t45 19h128q26 0 45-19t19-45v-320h320q26 0 45-19t19-45zm256-544v960q0 119-84.5 203.5T1376 1664H416q-119 0-203.5-84.5T128 1376V416q0-119 84.5-203.5T416 128h960q119 0 203.5 84.5T1664 416z"/&gt;&lt;/svg&gt;&lt;/span&gt;
    
            &lt;span class="trace-class"&gt;&lt;abbr title="Symfony\Bundle\FrameworkBundle\Controller\AbstractController"&gt;AbstractController&lt;/abbr&gt;&lt;/span&gt;&lt;span class="trace-type"&gt;-&gt;&lt;/span&gt;&lt;span class="trace-method"&gt;doRender&lt;/span&gt;&lt;span class="trace-arguments"&gt;('animal/index.html.twig', &lt;em&gt;null&lt;/em&gt;, &lt;em&gt;array&lt;/em&gt;('animals' =&gt; &lt;em&gt;array&lt;/em&gt;(), 'fermes' =&gt; &lt;em&gt;array&lt;/em&gt;(), 'suivis' =&gt; &lt;em&gt;array&lt;/em&gt;(), 'animal_edit' =&gt; &lt;em&gt;null&lt;/em&gt;, 'errors' =&gt; &lt;em&gt;array&lt;/em&gt;(), 'searchTerm' =&gt; &lt;em&gt;null&lt;/em&gt;, 'currentSort' =&gt; 'espece', 'currentDirection' =&gt; 'ASC'), &lt;em&gt;null&lt;/em&gt;, 'render')&lt;/span&gt;    
                    &lt;span class="block trace-file-path"&gt;
            in
            &lt;a href="file://C:\Users\sliti\Desktop\dev\esprit-PIDEV-3A16-2526-FARMIA\vendor\symfony\framework-bundle\Controller\AbstractController.php#L257"&gt;
                C:\Users\sliti\Desktop\dev\esprit-PIDEV-3A16-2526-FARMIA\vendor\symfony\framework-bundle\Controller\&lt;strong&gt;AbstractController.php&lt;/strong&gt;
            &lt;/a&gt;
                        (line 257)
            &lt;span class="icon icon-copy hidden" data-clipboard-text="C:\Users\sliti\Desktop\dev\esprit-PIDEV-3A16-2526-FARMIA\vendor\symfony\framework-bundle\Controller\AbstractController.php:257"&gt;
                &lt;svg xmlns="http://www.w3.org/2000/svg" height="24" viewBox="0 0 24 24" width="24"&gt;&lt;path d="M0 0h24v24H0z" fill="none"/&gt;&lt;path d="M16 1H4c-1.1 0-2 .9-2 2v14h2V3h12V1zm3 4H8c-1.1 0-2 .9-2 2v14c0 1.1.9 2 2 2h11c1.1 0 2-.9 2-2V7c0-1.1-.9-2-2-2zm0 16H8V7h11v14z"/&gt;&lt;/svg&gt;            &lt;/span&gt;
        &lt;/span&gt;
    &lt;/div&gt;
    &lt;div id="trace-html-1-13" class="trace-code sf-toggle-content"&gt;
        &lt;ol start="252"&gt;&lt;li&gt;&lt;code&gt;&lt;span style="color: var(--highlight-comment)"&gt;&amp;nbsp;&amp;nbsp;&amp;nbsp;&amp;nbsp;&amp;nbsp;*&amp;nbsp;If&amp;nbsp;an&amp;nbsp;invalid&amp;nbsp;form&amp;nbsp;is&amp;nbsp;found&amp;nbsp;in&amp;nbsp;the&amp;nbsp;list&amp;nbsp;of&amp;nbsp;parameters,&amp;nbsp;a&amp;nbsp;422&amp;nbsp;status&amp;nbsp;code&amp;nbsp;is&amp;nbsp;returned.&lt;/span&gt;&lt;/code&gt;&lt;/li&gt;
&lt;li&gt;&lt;code&gt;&lt;span style="color: var(--highlight-comment)"&gt;&amp;nbsp;&amp;nbsp;&amp;nbsp;&amp;nbsp;&amp;nbsp;*&amp;nbsp;Forms&amp;nbsp;found&amp;nbsp;in&amp;nbsp;parameters&amp;nbsp;are&amp;nbsp;auto-cast&amp;nbsp;to&amp;nbsp;form&amp;nbsp;views.&lt;/span&gt;&lt;/code&gt;&lt;/li&gt;
&lt;li&gt;&lt;code&gt;&lt;span style="color: var(--highlight-comment)"&gt;&amp;nbsp;&amp;nbsp;&amp;nbsp;&amp;nbsp;&amp;nbsp;*/&lt;/span&gt;&lt;/code&gt;&lt;/li&gt;
&lt;li&gt;&lt;code&gt;&lt;span style="color: var(--highlight-comment)"&gt;&amp;nbsp;&amp;nbsp;&amp;nbsp;&amp;nbsp;&lt;/span&gt;&lt;span style="color: var(--highlight-keyword)"&gt;protected&amp;nbsp;function&amp;nbsp;&lt;/span&gt;&lt;span style="color: var(--highlight-default)"&gt;render&lt;/span&gt;&lt;span style="color: var(--highlight-keyword)"&gt;(&lt;/span&gt;&lt;span style="color: var(--highlight-default)"&gt;string&amp;nbsp;$view&lt;/span&gt;&lt;span style="color: var(--highlight-keyword)"&gt;,&amp;nbsp;array&amp;nbsp;&lt;/span&gt;&lt;span style="color: var(--highlight-default)"&gt;$parameters&amp;nbsp;&lt;/span&gt;&lt;span style="color: var(--highlight-keyword)"&gt;=&amp;nbsp;[],&amp;nbsp;?&lt;/span&gt;&lt;span style="color: var(--highlight-default)"&gt;Response&amp;nbsp;$response&amp;nbsp;&lt;/span&gt;&lt;span style="color: var(--highlight-keyword)"&gt;=&amp;nbsp;&lt;/span&gt;&lt;span style="color: var(--highlight-default)"&gt;null&lt;/span&gt;&lt;span style="color: var(--highlight-keyword)"&gt;):&amp;nbsp;&lt;/span&gt;&lt;span style="color: var(--highlight-default)"&gt;Response&lt;/span&gt;&lt;/code&gt;&lt;/li&gt;
&lt;li&gt;&lt;code&gt;&lt;span style="color: var(--highlight-default)"&gt;&amp;nbsp;&amp;nbsp;&amp;nbsp;&amp;nbsp;&lt;/span&gt;&lt;span style="color: var(--highlight-keyword)"&gt;{&lt;/span&gt;&lt;/code&gt;&lt;/li&gt;
&lt;li class="selected"&gt;&lt;code&gt;&lt;span style="color: var(--highlight-keyword)"&gt;&amp;nbsp;&amp;nbsp;&amp;nbsp;&amp;nbsp;&amp;nbsp;&amp;nbsp;&amp;nbsp;&amp;nbsp;return&amp;nbsp;&lt;/span&gt;&lt;span style="color: var(--highlight-default)"&gt;$this&lt;/span&gt;&lt;span style="color: var(--highlight-keyword)"&gt;-&amp;gt;&lt;/span&gt;&lt;span style="color: var(--highlight-default)"&gt;doRender&lt;/span&gt;&lt;span style="color: var(--highlight-keyword)"&gt;(&lt;/span&gt;&lt;span style="color: var(--highlight-default)"&gt;$view&lt;/span&gt;&lt;span style="color: var(--highlight-keyword)"&gt;,&amp;nbsp;&lt;/span&gt;&lt;span style="color: var(--highlight-default)"&gt;null&lt;/span&gt;&lt;span style="color: var(--highlight-keyword)"&gt;,&amp;nbsp;&lt;/span&gt;&lt;span style="color: var(--highlight-default)"&gt;$parameters&lt;/span&gt;&lt;span style="color: var(--highlight-keyword)"&gt;,&amp;nbsp;&lt;/span&gt;&lt;span style="color: var(--highlight-default)"&gt;$response&lt;/span&gt;&lt;span style="color: var(--highlight-keyword)"&gt;,&amp;nbsp;&lt;/span&gt;&lt;span style="color: var(--highlight-default)"&gt;__FUNCTION__&lt;/span&gt;&lt;span style="color: var(--highlight-keyword)"&gt;);&lt;/span&gt;&lt;/code&gt;&lt;/li&gt;
&lt;li&gt;&lt;code&gt;&lt;span style="color: var(--highlight-keyword)"&gt;&amp;nbsp;&amp;nbsp;&amp;nbsp;&amp;nbsp;}&lt;/span&gt;&lt;/code&gt;&lt;/li&gt;
&lt;li&gt;&lt;code&gt;&lt;span style="color: var(--highlight-keyword)"&gt;&lt;/span&gt;&lt;/code&gt;&lt;/li&gt;
&lt;li&gt;&lt;code&gt;&lt;span style="color: var(--highlight-keyword)"&gt;&amp;nbsp;&amp;nbsp;&amp;nbsp;&amp;nbsp;&lt;/span&gt;&lt;span style="color: var(--highlight-comment)"&gt;/**&lt;/span&gt;&lt;/code&gt;&lt;/li&gt;
&lt;li&gt;&lt;code&gt;&lt;span style="color: var(--highlight-comment)"&gt;&amp;nbsp;&amp;nbsp;&amp;nbsp;&amp;nbsp;&amp;nbsp;*&amp;nbsp;Renders&amp;nbsp;a&amp;nbsp;block&amp;nbsp;in&amp;nbsp;a&amp;nbsp;view.&lt;/span&gt;&lt;/code&gt;&lt;/li&gt;
&lt;li&gt;&lt;code&gt;&lt;span style="color: var(--highlight-comment)"&gt;&amp;nbsp;&amp;nbsp;&amp;nbsp;&amp;nbsp;&amp;nbsp;*&lt;/span&gt;&lt;/code&gt;&lt;/li&gt;&lt;/ol&gt;    &lt;/div&gt;            &lt;/div&gt;
                        &lt;div class="trace-line "&gt;
                &lt;div class="trace-line-header break-long-words sf-toggle" data-toggle-selector="#trace-html-1-14" data-toggle-initial=""&gt;
            &lt;span class="icon icon-close"&gt;&lt;svg width="1792" height="1792" viewBox="0 0 1792 1792" xmlns="http://www.w3.org/2000/svg"&gt;&lt;path d="M1408 960V832q0-26-19-45t-45-19H448q-26 0-45 19t-19 45v128q0 26 19 45t45 19h896q26 0 45-19t19-45zm256-544v960q0 119-84.5 203.5T1376 1664H416q-119 0-203.5-84.5T128 1376V416q0-119 84.5-203.5T416 128h960q119 0 203.5 84.5T1664 416z"/&gt;&lt;/svg&gt;&lt;/span&gt;
        &lt;span class="icon icon-open"&gt;&lt;svg width="1792" height="1792" viewBox="0 0 1792 1792" xmlns="http://www.w3.org/2000/svg"&gt;&lt;path d="M1408 960V832q0-26-19-45t-45-19h-320V448q0-26-19-45t-45-19H832q-26 0-45 19t-19 45v320H448q-26 0-45 19t-19 45v128q0 26 19 45t45 19h320v320q0 26 19 45t45 19h128q26 0 45-19t19-45v-320h320q26 0 45-19t19-45zm256-544v960q0 119-84.5 203.5T1376 1664H416q-119 0-203.5-84.5T128 1376V416q0-119 84.5-203.5T416 128h960q119 0 203.5 84.5T1664 416z"/&gt;&lt;/svg&gt;&lt;/span&gt;
    
            &lt;span class="trace-class"&gt;&lt;abbr title="Symfony\Bundle\FrameworkBundle\Controller\AbstractController"&gt;AbstractController&lt;/abbr&gt;&lt;/span&gt;&lt;span class="trace-type"&gt;-&gt;&lt;/span&gt;&lt;span class="trace-method"&gt;render&lt;/span&gt;&lt;span class="trace-arguments"&gt;('animal/index.html.twig', &lt;em&gt;array&lt;/em&gt;('animals' =&gt; &lt;em&gt;array&lt;/em&gt;(), 'fermes' =&gt; &lt;em&gt;array&lt;/em&gt;(), 'suivis' =&gt; &lt;em&gt;array&lt;/em&gt;(), 'animal_edit' =&gt; &lt;em&gt;null&lt;/em&gt;, 'errors' =&gt; &lt;em&gt;array&lt;/em&gt;(), 'searchTerm' =&gt; &lt;em&gt;null&lt;/em&gt;, 'currentSort' =&gt; 'espece', 'currentDirection' =&gt; 'ASC'))&lt;/span&gt;    
                    &lt;span class="block trace-file-path"&gt;
            in
            &lt;a href="file://C:\Users\sliti\Desktop\dev\esprit-PIDEV-3A16-2526-FARMIA\src\Controller\AnimalController.php#L41"&gt;
                C:\Users\sliti\Desktop\dev\esprit-PIDEV-3A16-2526-FARMIA\src\Controller\&lt;strong&gt;AnimalController.php&lt;/strong&gt;
            &lt;/a&gt;
                        (line 41)
            &lt;span class="icon icon-copy hidden" data-clipboard-text="C:\Users\sliti\Desktop\dev\esprit-PIDEV-3A16-2526-FARMIA\src\Controller\AnimalController.php:41"&gt;
                &lt;svg xmlns="http://www.w3.org/2000/svg" height="24" viewBox="0 0 24 24" width="24"&gt;&lt;path d="M0 0h24v24H0z" fill="none"/&gt;&lt;path d="M16 1H4c-1.1 0-2 .9-2 2v14h2V3h12V1zm3 4H8c-1.1 0-2 .9-2 2v14c0 1.1.9 2 2 2h11c1.1 0 2-.9 2-2V7c0-1.1-.9-2-2-2zm0 16H8V7h11v14z"/&gt;&lt;/svg&gt;            &lt;/span&gt;
        &lt;/span&gt;
    &lt;/div&gt;
    &lt;div id="trace-html-1-14" class="trace-code sf-toggle-content"&gt;
        &lt;ol start="36"&gt;&lt;li&gt;&lt;code&gt;&lt;span style="color: var(--highlight-default)"&gt;&amp;nbsp;&amp;nbsp;&amp;nbsp;&amp;nbsp;&lt;/span&gt;&lt;span style="color: var(--highlight-keyword)"&gt;{&#13;&lt;/span&gt;&lt;/code&gt;&lt;/li&gt;
&lt;li&gt;&lt;code&gt;&lt;span style="color: var(--highlight-keyword)"&gt;&amp;nbsp;&amp;nbsp;&amp;nbsp;&amp;nbsp;&amp;nbsp;&amp;nbsp;&amp;nbsp;&amp;nbsp;&lt;/span&gt;&lt;span style="color: var(--highlight-default)"&gt;$search&amp;nbsp;&lt;/span&gt;&lt;span style="color: var(--highlight-keyword)"&gt;=&amp;nbsp;&lt;/span&gt;&lt;span style="color: var(--highlight-default)"&gt;$request&lt;/span&gt;&lt;span style="color: var(--highlight-keyword)"&gt;-&amp;gt;&lt;/span&gt;&lt;span style="color: var(--highlight-default)"&gt;query&lt;/span&gt;&lt;span style="color: var(--highlight-keyword)"&gt;-&amp;gt;&lt;/span&gt;&lt;span style="color: var(--highlight-default)"&gt;get&lt;/span&gt;&lt;span style="color: var(--highlight-keyword)"&gt;(&lt;/span&gt;&lt;span style="color: var(--highlight-string)"&gt;'search'&lt;/span&gt;&lt;span style="color: var(--highlight-keyword)"&gt;);&#13;&lt;/span&gt;&lt;/code&gt;&lt;/li&gt;
&lt;li&gt;&lt;code&gt;&lt;span style="color: var(--highlight-keyword)"&gt;&amp;nbsp;&amp;nbsp;&amp;nbsp;&amp;nbsp;&amp;nbsp;&amp;nbsp;&amp;nbsp;&amp;nbsp;&lt;/span&gt;&lt;span style="color: var(--highlight-default)"&gt;$sort&amp;nbsp;&lt;/span&gt;&lt;span style="color: var(--highlight-keyword)"&gt;=&amp;nbsp;&lt;/span&gt;&lt;span style="color: var(--highlight-default)"&gt;$request&lt;/span&gt;&lt;span style="color: var(--highlight-keyword)"&gt;-&amp;gt;&lt;/span&gt;&lt;span style="color: var(--highlight-default)"&gt;query&lt;/span&gt;&lt;span style="color: var(--highlight-keyword)"&gt;-&amp;gt;&lt;/span&gt;&lt;span style="color: var(--highlight-default)"&gt;get&lt;/span&gt;&lt;span style="color: var(--highlight-keyword)"&gt;(&lt;/span&gt;&lt;span style="color: var(--highlight-string)"&gt;'sort'&lt;/span&gt;&lt;span style="color: var(--highlight-keyword)"&gt;,&amp;nbsp;&lt;/span&gt;&lt;span style="color: var(--highlight-string)"&gt;'espece'&lt;/span&gt;&lt;span style="color: var(--highlight-keyword)"&gt;);&#13;&lt;/span&gt;&lt;/code&gt;&lt;/li&gt;
&lt;li&gt;&lt;code&gt;&lt;span style="color: var(--highlight-keyword)"&gt;&amp;nbsp;&amp;nbsp;&amp;nbsp;&amp;nbsp;&amp;nbsp;&amp;nbsp;&amp;nbsp;&amp;nbsp;&lt;/span&gt;&lt;span style="color: var(--highlight-default)"&gt;$direction&amp;nbsp;&lt;/span&gt;&lt;span style="color: var(--highlight-keyword)"&gt;=&amp;nbsp;&lt;/span&gt;&lt;span style="color: var(--highlight-default)"&gt;$request&lt;/span&gt;&lt;span style="color: var(--highlight-keyword)"&gt;-&amp;gt;&lt;/span&gt;&lt;span style="color: var(--highlight-default)"&gt;query&lt;/span&gt;&lt;span style="color: var(--highlight-keyword)"&gt;-&amp;gt;&lt;/span&gt;&lt;span style="color: var(--highlight-default)"&gt;get&lt;/span&gt;&lt;span style="color: var(--highlight-keyword)"&gt;(&lt;/span&gt;&lt;span style="color: var(--highlight-string)"&gt;'direction'&lt;/span&gt;&lt;span style="color: var(--highlight-keyword)"&gt;,&amp;nbsp;&lt;/span&gt;&lt;span style="color: var(--highlight-string)"&gt;'ASC'&lt;/span&gt;&lt;span style="color: var(--highlight-keyword)"&gt;);&#13;&lt;/span&gt;&lt;/code&gt;&lt;/li&gt;
&lt;li&gt;&lt;code&gt;&lt;span style="color: var(--highlight-keyword)"&gt;&#13;&lt;/span&gt;&lt;/code&gt;&lt;/li&gt;
&lt;li class="selected"&gt;&lt;code&gt;&lt;span style="color: var(--highlight-keyword)"&gt;&amp;nbsp;&amp;nbsp;&amp;nbsp;&amp;nbsp;&amp;nbsp;&amp;nbsp;&amp;nbsp;&amp;nbsp;return&amp;nbsp;&lt;/span&gt;&lt;span style="color: var(--highlight-default)"&gt;$this&lt;/span&gt;&lt;span style="color: var(--highlight-keyword)"&gt;-&amp;gt;&lt;/span&gt;&lt;span style="color: var(--highlight-default)"&gt;render&lt;/span&gt;&lt;span style="color: var(--highlight-keyword)"&gt;(&lt;/span&gt;&lt;span style="color: var(--highlight-string)"&gt;'animal/index.html.twig'&lt;/span&gt;&lt;span style="color: var(--highlight-keyword)"&gt;,&amp;nbsp;[&#13;&lt;/span&gt;&lt;/code&gt;&lt;/li&gt;
&lt;li&gt;&lt;code&gt;&lt;span style="color: var(--highlight-keyword)"&gt;&amp;nbsp;&amp;nbsp;&amp;nbsp;&amp;nbsp;&amp;nbsp;&amp;nbsp;&amp;nbsp;&amp;nbsp;&amp;nbsp;&amp;nbsp;&amp;nbsp;&amp;nbsp;&lt;/span&gt;&lt;span style="color: var(--highlight-string)"&gt;'animals'&amp;nbsp;&lt;/span&gt;&lt;span style="color: var(--highlight-keyword)"&gt;=&amp;gt;&amp;nbsp;&lt;/span&gt;&lt;span style="color: var(--highlight-default)"&gt;$aRepo&lt;/span&gt;&lt;span style="color: var(--highlight-keyword)"&gt;-&amp;gt;&lt;/span&gt;&lt;span style="color: var(--highlight-default)"&gt;findBySearchAndSort&lt;/span&gt;&lt;span style="color: var(--highlight-keyword)"&gt;(&lt;/span&gt;&lt;span style="color: var(--highlight-default)"&gt;$search&lt;/span&gt;&lt;span style="color: var(--highlight-keyword)"&gt;,&amp;nbsp;&lt;/span&gt;&lt;span style="color: var(--highlight-default)"&gt;$sort&lt;/span&gt;&lt;span style="color: var(--highlight-keyword)"&gt;,&amp;nbsp;&lt;/span&gt;&lt;span style="color: var(--highlight-default)"&gt;$direction&lt;/span&gt;&lt;span style="color: var(--highlight-keyword)"&gt;),&#13;&lt;/span&gt;&lt;/code&gt;&lt;/li&gt;
&lt;li&gt;&lt;code&gt;&lt;span style="color: var(--highlight-keyword)"&gt;&amp;nbsp;&amp;nbsp;&amp;nbsp;&amp;nbsp;&amp;nbsp;&amp;nbsp;&amp;nbsp;&amp;nbsp;&amp;nbsp;&amp;nbsp;&amp;nbsp;&amp;nbsp;&lt;/span&gt;&lt;span style="color: var(--highlight-string)"&gt;'fermes'&amp;nbsp;&lt;/span&gt;&lt;span style="color: var(--highlight-keyword)"&gt;=&amp;gt;&amp;nbsp;&lt;/span&gt;&lt;span style="color: var(--highlight-default)"&gt;$fRepo&lt;/span&gt;&lt;span style="color: var(--highlight-keyword)"&gt;-&amp;gt;&lt;/span&gt;&lt;span style="color: var(--highlight-default)"&gt;findAll&lt;/span&gt;&lt;span style="color: var(--highlight-keyword)"&gt;(),&#13;&lt;/span&gt;&lt;/code&gt;&lt;/li&gt;
&lt;li&gt;&lt;code&gt;&lt;span style="color: var(--highlight-keyword)"&gt;&amp;nbsp;&amp;nbsp;&amp;nbsp;&amp;nbsp;&amp;nbsp;&amp;nbsp;&amp;nbsp;&amp;nbsp;&amp;nbsp;&amp;nbsp;&amp;nbsp;&amp;nbsp;&lt;/span&gt;&lt;span style="color: var(--highlight-string)"&gt;'suivis'&amp;nbsp;&lt;/span&gt;&lt;span style="color: var(--highlight-keyword)"&gt;=&amp;gt;&amp;nbsp;&lt;/span&gt;&lt;span style="color: var(--highlight-default)"&gt;$sRepo&lt;/span&gt;&lt;span style="color: var(--highlight-keyword)"&gt;-&amp;gt;&lt;/span&gt;&lt;span style="color: var(--highlight-default)"&gt;findBy&lt;/span&gt;&lt;span style="color: var(--highlight-keyword)"&gt;([],&amp;nbsp;[&lt;/span&gt;&lt;span style="color: var(--highlight-string)"&gt;'dateConsultation'&amp;nbsp;&lt;/span&gt;&lt;span style="color: var(--highlight-keyword)"&gt;=&amp;gt;&amp;nbsp;&lt;/span&gt;&lt;span style="color: var(--highlight-string)"&gt;'DESC'&lt;/span&gt;&lt;span style="color: var(--highlight-keyword)"&gt;]),&#13;&lt;/span&gt;&lt;/code&gt;&lt;/li&gt;
&lt;li&gt;&lt;code&gt;&lt;span style="color: var(--highlight-keyword)"&gt;&amp;nbsp;&amp;nbsp;&amp;nbsp;&amp;nbsp;&amp;nbsp;&amp;nbsp;&amp;nbsp;&amp;nbsp;&amp;nbsp;&amp;nbsp;&amp;nbsp;&amp;nbsp;&lt;/span&gt;&lt;span style="color: var(--highlight-string)"&gt;'animal_edit'&amp;nbsp;&lt;/span&gt;&lt;span style="color: var(--highlight-keyword)"&gt;=&amp;gt;&amp;nbsp;&lt;/span&gt;&lt;span style="color: var(--highlight-default)"&gt;null&lt;/span&gt;&lt;span style="color: var(--highlight-keyword)"&gt;,&#13;&lt;/span&gt;&lt;/code&gt;&lt;/li&gt;
&lt;li&gt;&lt;code&gt;&lt;span style="color: var(--highlight-keyword)"&gt;&amp;nbsp;&amp;nbsp;&amp;nbsp;&amp;nbsp;&amp;nbsp;&amp;nbsp;&amp;nbsp;&amp;nbsp;&amp;nbsp;&amp;nbsp;&amp;nbsp;&amp;nbsp;&lt;/span&gt;&lt;span style="color: var(--highlight-string)"&gt;'errors'&amp;nbsp;&lt;/span&gt;&lt;span style="color: var(--highlight-keyword)"&gt;=&amp;gt;&amp;nbsp;[],&#13;&lt;/span&gt;&lt;/code&gt;&lt;/li&gt;&lt;/ol&gt;    &lt;/div&gt;            &lt;/div&gt;
                        &lt;div class="trace-line "&gt;
                &lt;div class="trace-line-header break-long-words sf-toggle" data-toggle-selector="#trace-html-1-15" data-toggle-initial=""&gt;
            &lt;span class="icon icon-close"&gt;&lt;svg width="1792" height="1792" viewBox="0 0 1792 1792" xmlns="http://www.w3.org/2000/svg"&gt;&lt;path d="M1408 960V832q0-26-19-45t-45-19H448q-26 0-45 19t-19 45v128q0 26 19 45t45 19h896q26 0 45-19t19-45zm256-544v960q0 119-84.5 203.5T1376 1664H416q-119 0-203.5-84.5T128 1376V416q0-119 84.5-203.5T416 128h960q119 0 203.5 84.5T1664 416z"/&gt;&lt;/svg&gt;&lt;/span&gt;
        &lt;span class="icon icon-open"&gt;&lt;svg width="1792" height="1792" viewBox="0 0 1792 1792" xmlns="http://www.w3.org/2000/svg"&gt;&lt;path d="M1408 960V832q0-26-19-45t-45-19h-320V448q0-26-19-45t-45-19H832q-26 0-45 19t-19 45v320H448q-26 0-45 19t-19 45v128q0 26 19 45t45 19h320v320q0 26 19 45t45 19h128q26 0 45-19t19-45v-320h320q26 0 45-19t19-45zm256-544v960q0 119-84.5 203.5T1376 1664H416q-119 0-203.5-84.5T128 1376V416q0-119 84.5-203.5T416 128h960q119 0 203.5 84.5T1664 416z"/&gt;&lt;/svg&gt;&lt;/span&gt;
    
            &lt;span class="trace-class"&gt;&lt;abbr title="App\Controller\AnimalController"&gt;AnimalController&lt;/abbr&gt;&lt;/span&gt;&lt;span class="trace-type"&gt;-&gt;&lt;/span&gt;&lt;span class="trace-method"&gt;index&lt;/span&gt;&lt;span class="trace-arguments"&gt;(&lt;em&gt;object&lt;/em&gt;(&lt;abbr title="Symfony\Component\HttpFoundation\Request"&gt;Request&lt;/abbr&gt;), &lt;em&gt;object&lt;/em&gt;(&lt;abbr title="App\Repository\AnimalRepository"&gt;AnimalRepository&lt;/abbr&gt;), &lt;em&gt;object&lt;/em&gt;(&lt;abbr title="App\Repository\FermeRepository"&gt;FermeRepository&lt;/abbr&gt;), &lt;em&gt;object&lt;/em&gt;(&lt;abbr title="App\Repository\SuiviSanteRepository"&gt;SuiviSanteRepository&lt;/abbr&gt;))&lt;/span&gt;    
                    &lt;span class="block trace-file-path"&gt;
            in
            &lt;a href="file://C:\Users\sliti\Desktop\dev\esprit-PIDEV-3A16-2526-FARMIA\vendor\symfony\http-kernel\HttpKernel.php#L181"&gt;
                C:\Users\sliti\Desktop\dev\esprit-PIDEV-3A16-2526-FARMIA\vendor\symfony\http-kernel\&lt;strong&gt;HttpKernel.php&lt;/strong&gt;
            &lt;/a&gt;
                        (line 181)
            &lt;span class="icon icon-copy hidden" data-clipboard-text="C:\Users\sliti\Desktop\dev\esprit-PIDEV-3A16-2526-FARMIA\vendor\symfony\http-kernel\HttpKernel.php:181"&gt;
                &lt;svg xmlns="http://www.w3.org/2000/svg" height="24" viewBox="0 0 24 24" width="24"&gt;&lt;path d="M0 0h24v24H0z" fill="none"/&gt;&lt;path d="M16 1H4c-1.1 0-2 .9-2 2v14h2V3h12V1zm3 4H8c-1.1 0-2 .9-2 2v14c0 1.1.9 2 2 2h11c1.1 0 2-.9 2-2V7c0-1.1-.9-2-2-2zm0 16H8V7h11v14z"/&gt;&lt;/svg&gt;            &lt;/span&gt;
        &lt;/span&gt;
    &lt;/div&gt;
    &lt;div id="trace-html-1-15" class="trace-code sf-toggle-content"&gt;
        &lt;ol start="176"&gt;&lt;li&gt;&lt;code&gt;&lt;span style="color: var(--highlight-keyword)"&gt;&amp;nbsp;&amp;nbsp;&amp;nbsp;&amp;nbsp;&amp;nbsp;&amp;nbsp;&amp;nbsp;&amp;nbsp;&lt;/span&gt;&lt;span style="color: var(--highlight-default)"&gt;$this&lt;/span&gt;&lt;span style="color: var(--highlight-keyword)"&gt;-&amp;gt;&lt;/span&gt;&lt;span style="color: var(--highlight-default)"&gt;dispatcher&lt;/span&gt;&lt;span style="color: var(--highlight-keyword)"&gt;-&amp;gt;&lt;/span&gt;&lt;span style="color: var(--highlight-default)"&gt;dispatch&lt;/span&gt;&lt;span style="color: var(--highlight-keyword)"&gt;(&lt;/span&gt;&lt;span style="color: var(--highlight-default)"&gt;$event&lt;/span&gt;&lt;span style="color: var(--highlight-keyword)"&gt;,&amp;nbsp;&lt;/span&gt;&lt;span style="color: var(--highlight-default)"&gt;KernelEvents&lt;/span&gt;&lt;span style="color: var(--highlight-keyword)"&gt;::&lt;/span&gt;&lt;span style="color: var(--highlight-default)"&gt;CONTROLLER_ARGUMENTS&lt;/span&gt;&lt;span style="color: var(--highlight-keyword)"&gt;);&lt;/span&gt;&lt;/code&gt;&lt;/li&gt;
&lt;li&gt;&lt;code&gt;&lt;span style="color: var(--highlight-keyword)"&gt;&amp;nbsp;&amp;nbsp;&amp;nbsp;&amp;nbsp;&amp;nbsp;&amp;nbsp;&amp;nbsp;&amp;nbsp;&lt;/span&gt;&lt;span style="color: var(--highlight-default)"&gt;$controller&amp;nbsp;&lt;/span&gt;&lt;span style="color: var(--highlight-keyword)"&gt;=&amp;nbsp;&lt;/span&gt;&lt;span style="color: var(--highlight-default)"&gt;$event&lt;/span&gt;&lt;span style="color: var(--highlight-keyword)"&gt;-&amp;gt;&lt;/span&gt;&lt;span style="color: var(--highlight-default)"&gt;getController&lt;/span&gt;&lt;span style="color: var(--highlight-keyword)"&gt;();&lt;/span&gt;&lt;/code&gt;&lt;/li&gt;
&lt;li&gt;&lt;code&gt;&lt;span style="color: var(--highlight-keyword)"&gt;&amp;nbsp;&amp;nbsp;&amp;nbsp;&amp;nbsp;&amp;nbsp;&amp;nbsp;&amp;nbsp;&amp;nbsp;&lt;/span&gt;&lt;span style="color: var(--highlight-default)"&gt;$arguments&amp;nbsp;&lt;/span&gt;&lt;span style="color: var(--highlight-keyword)"&gt;=&amp;nbsp;&lt;/span&gt;&lt;span style="color: var(--highlight-default)"&gt;$event&lt;/span&gt;&lt;span style="color: var(--highlight-keyword)"&gt;-&amp;gt;&lt;/span&gt;&lt;span style="color: var(--highlight-default)"&gt;getArguments&lt;/span&gt;&lt;span style="color: var(--highlight-keyword)"&gt;();&lt;/span&gt;&lt;/code&gt;&lt;/li&gt;
&lt;li&gt;&lt;code&gt;&lt;span style="color: var(--highlight-keyword)"&gt;&lt;/span&gt;&lt;/code&gt;&lt;/li&gt;
&lt;li&gt;&lt;code&gt;&lt;span style="color: var(--highlight-keyword)"&gt;&amp;nbsp;&amp;nbsp;&amp;nbsp;&amp;nbsp;&amp;nbsp;&amp;nbsp;&amp;nbsp;&amp;nbsp;&lt;/span&gt;&lt;span style="color: var(--highlight-comment)"&gt;//&amp;nbsp;call&amp;nbsp;controller&lt;/span&gt;&lt;/code&gt;&lt;/li&gt;
&lt;li class="selected"&gt;&lt;code&gt;&lt;span style="color: var(--highlight-comment)"&gt;&amp;nbsp;&amp;nbsp;&amp;nbsp;&amp;nbsp;&amp;nbsp;&amp;nbsp;&amp;nbsp;&amp;nbsp;&lt;/span&gt;&lt;span style="color: var(--highlight-default)"&gt;$response&amp;nbsp;&lt;/span&gt;&lt;span style="color: var(--highlight-keyword)"&gt;=&amp;nbsp;&lt;/span&gt;&lt;span style="color: var(--highlight-default)"&gt;$controller&lt;/span&gt;&lt;span style="color: var(--highlight-keyword)"&gt;(...&lt;/span&gt;&lt;span style="color: var(--highlight-default)"&gt;$arguments&lt;/span&gt;&lt;span style="color: var(--highlight-keyword)"&gt;);&lt;/span&gt;&lt;/code&gt;&lt;/li&gt;
&lt;li&gt;&lt;code&gt;&lt;span style="color: var(--highlight-keyword)"&gt;&lt;/span&gt;&lt;/code&gt;&lt;/li&gt;
&lt;li&gt;&lt;code&gt;&lt;span style="color: var(--highlight-keyword)"&gt;&amp;nbsp;&amp;nbsp;&amp;nbsp;&amp;nbsp;&amp;nbsp;&amp;nbsp;&amp;nbsp;&amp;nbsp;&lt;/span&gt;&lt;span style="color: var(--highlight-comment)"&gt;//&amp;nbsp;view&lt;/span&gt;&lt;/code&gt;&lt;/li&gt;
&lt;li&gt;&lt;code&gt;&lt;span style="color: var(--highlight-comment)"&gt;&amp;nbsp;&amp;nbsp;&amp;nbsp;&amp;nbsp;&amp;nbsp;&amp;nbsp;&amp;nbsp;&amp;nbsp;&lt;/span&gt;&lt;span style="color: var(--highlight-keyword)"&gt;if&amp;nbsp;(!&lt;/span&gt;&lt;span style="color: var(--highlight-default)"&gt;$response&amp;nbsp;&lt;/span&gt;&lt;span style="color: var(--highlight-keyword)"&gt;instanceof&amp;nbsp;&lt;/span&gt;&lt;span style="color: var(--highlight-default)"&gt;Response&lt;/span&gt;&lt;span style="color: var(--highlight-keyword)"&gt;)&amp;nbsp;{&lt;/span&gt;&lt;/code&gt;&lt;/li&gt;
&lt;li&gt;&lt;code&gt;&lt;span style="color: var(--highlight-keyword)"&gt;&amp;nbsp;&amp;nbsp;&amp;nbsp;&amp;nbsp;&amp;nbsp;&amp;nbsp;&amp;nbsp;&amp;nbsp;&amp;nbsp;&amp;nbsp;&amp;nbsp;&amp;nbsp;&lt;/span&gt;&lt;span style="color: var(--highlight-default)"&gt;$event&amp;nbsp;&lt;/span&gt;&lt;span style="color: var(--highlight-keyword)"&gt;=&amp;nbsp;new&amp;nbsp;&lt;/span&gt;&lt;span style="color: var(--highlight-default)"&gt;ViewEvent&lt;/span&gt;&lt;span style="color: var(--highlight-keyword)"&gt;(&lt;/span&gt;&lt;span style="color: var(--highlight-default)"&gt;$this&lt;/span&gt;&lt;span style="color: var(--highlight-keyword)"&gt;,&amp;nbsp;&lt;/span&gt;&lt;span style="color: var(--highlight-default)"&gt;$request&lt;/span&gt;&lt;span style="color: var(--highlight-keyword)"&gt;,&amp;nbsp;&lt;/span&gt;&lt;span style="color: var(--highlight-default)"&gt;$type&lt;/span&gt;&lt;span style="color: var(--highlight-keyword)"&gt;,&amp;nbsp;&lt;/span&gt;&lt;span style="color: var(--highlight-default)"&gt;$response&lt;/span&gt;&lt;span style="color: var(--highlight-keyword)"&gt;,&amp;nbsp;&lt;/span&gt;&lt;span style="color: var(--highlight-default)"&gt;$event&lt;/span&gt;&lt;span style="color: var(--highlight-keyword)"&gt;);&lt;/span&gt;&lt;/code&gt;&lt;/li&gt;
&lt;li&gt;&lt;code&gt;&lt;span style="color: var(--highlight-keyword)"&gt;&amp;nbsp;&amp;nbsp;&amp;nbsp;&amp;nbsp;&amp;nbsp;&amp;nbsp;&amp;nbsp;&amp;nbsp;&amp;nbsp;&amp;nbsp;&amp;nbsp;&amp;nbsp;&lt;/span&gt;&lt;span style="color: var(--highlight-default)"&gt;$this&lt;/span&gt;&lt;span style="color: var(--highlight-keyword)"&gt;-&amp;gt;&lt;/span&gt;&lt;span style="color: var(--highlight-default)"&gt;dispatcher&lt;/span&gt;&lt;span style="color: var(--highlight-keyword)"&gt;-&amp;gt;&lt;/span&gt;&lt;span style="color: var(--highlight-default)"&gt;dispatch&lt;/span&gt;&lt;span style="color: var(--highlight-keyword)"&gt;(&lt;/span&gt;&lt;span style="color: var(--highlight-default)"&gt;$event&lt;/span&gt;&lt;span style="color: var(--highlight-keyword)"&gt;,&amp;nbsp;&lt;/span&gt;&lt;span style="color: var(--highlight-default)"&gt;KernelEvents&lt;/span&gt;&lt;span style="color: var(--highlight-keyword)"&gt;::&lt;/span&gt;&lt;span style="color: var(--highlight-default)"&gt;VIEW&lt;/span&gt;&lt;span style="color: var(--highlight-keyword)"&gt;);&lt;/span&gt;&lt;/code&gt;&lt;/li&gt;&lt;/ol&gt;    &lt;/div&gt;            &lt;/div&gt;
                        &lt;div class="trace-line "&gt;
                &lt;div class="trace-line-header break-long-words sf-toggle" data-toggle-selector="#trace-html-1-16" data-toggle-initial=""&gt;
            &lt;span class="icon icon-close"&gt;&lt;svg width="1792" height="1792" viewBox="0 0 1792 1792" xmlns="http://www.w3.org/2000/svg"&gt;&lt;path d="M1408 960V832q0-26-19-45t-45-19H448q-26 0-45 19t-19 45v128q0 26 19 45t45 19h896q26 0 45-19t19-45zm256-544v960q0 119-84.5 203.5T1376 1664H416q-119 0-203.5-84.5T128 1376V416q0-119 84.5-203.5T416 128h960q119 0 203.5 84.5T1664 416z"/&gt;&lt;/svg&gt;&lt;/span&gt;
        &lt;span class="icon icon-open"&gt;&lt;svg width="1792" height="1792" viewBox="0 0 1792 1792" xmlns="http://www.w3.org/2000/svg"&gt;&lt;path d="M1408 960V832q0-26-19-45t-45-19h-320V448q0-26-19-45t-45-19H832q-26 0-45 19t-19 45v320H448q-26 0-45 19t-19 45v128q0 26 19 45t45 19h320v320q0 26 19 45t45 19h128q26 0 45-19t19-45v-320h320q26 0 45-19t19-45zm256-544v960q0 119-84.5 203.5T1376 1664H416q-119 0-203.5-84.5T128 1376V416q0-119 84.5-203.5T416 128h960q119 0 203.5 84.5T1664 416z"/&gt;&lt;/svg&gt;&lt;/span&gt;
    
            &lt;span class="trace-class"&gt;&lt;abbr title="Symfony\Component\HttpKernel\HttpKernel"&gt;HttpKernel&lt;/abbr&gt;&lt;/span&gt;&lt;span class="trace-type"&gt;-&gt;&lt;/span&gt;&lt;span class="trace-method"&gt;handleRaw&lt;/span&gt;&lt;span class="trace-arguments"&gt;(&lt;em&gt;object&lt;/em&gt;(&lt;abbr title="Symfony\Component\HttpFoundation\Request"&gt;Request&lt;/abbr&gt;), 1)&lt;/span&gt;    
                    &lt;span class="block trace-file-path"&gt;
            in
            &lt;a href="file://C:\Users\sliti\Desktop\dev\esprit-PIDEV-3A16-2526-FARMIA\vendor\symfony\http-kernel\HttpKernel.php#L76"&gt;
                C:\Users\sliti\Desktop\dev\esprit-PIDEV-3A16-2526-FARMIA\vendor\symfony\http-kernel\&lt;strong&gt;HttpKernel.php&lt;/strong&gt;
            &lt;/a&gt;
                        (line 76)
            &lt;span class="icon icon-copy hidden" data-clipboard-text="C:\Users\sliti\Desktop\dev\esprit-PIDEV-3A16-2526-FARMIA\vendor\symfony\http-kernel\HttpKernel.php:76"&gt;
                &lt;svg xmlns="http://www.w3.org/2000/svg" height="24" viewBox="0 0 24 24" width="24"&gt;&lt;path d="M0 0h24v24H0z" fill="none"/&gt;&lt;path d="M16 1H4c-1.1 0-2 .9-2 2v14h2V3h12V1zm3 4H8c-1.1 0-2 .9-2 2v14c0 1.1.9 2 2 2h11c1.1 0 2-.9 2-2V7c0-1.1-.9-2-2-2zm0 16H8V7h11v14z"/&gt;&lt;/svg&gt;            &lt;/span&gt;
        &lt;/span&gt;
    &lt;/div&gt;
    &lt;div id="trace-html-1-16" class="trace-code sf-toggle-content"&gt;
        &lt;ol start="71"&gt;&lt;li&gt;&lt;code&gt;&lt;span style="color: var(--highlight-keyword)"&gt;&amp;nbsp;&amp;nbsp;&amp;nbsp;&amp;nbsp;&amp;nbsp;&amp;nbsp;&amp;nbsp;&amp;nbsp;&lt;/span&gt;&lt;span style="color: var(--highlight-default)"&gt;$request&lt;/span&gt;&lt;span style="color: var(--highlight-keyword)"&gt;-&amp;gt;&lt;/span&gt;&lt;span style="color: var(--highlight-default)"&gt;headers&lt;/span&gt;&lt;span style="color: var(--highlight-keyword)"&gt;-&amp;gt;&lt;/span&gt;&lt;span style="color: var(--highlight-default)"&gt;set&lt;/span&gt;&lt;span style="color: var(--highlight-keyword)"&gt;(&lt;/span&gt;&lt;span style="color: var(--highlight-string)"&gt;'X-Php-Ob-Level'&lt;/span&gt;&lt;span style="color: var(--highlight-keyword)"&gt;,&amp;nbsp;(string)&amp;nbsp;&lt;/span&gt;&lt;span style="color: var(--highlight-default)"&gt;ob_get_level&lt;/span&gt;&lt;span style="color: var(--highlight-keyword)"&gt;());&lt;/span&gt;&lt;/code&gt;&lt;/li&gt;
&lt;li&gt;&lt;code&gt;&lt;span style="color: var(--highlight-keyword)"&gt;&lt;/span&gt;&lt;/code&gt;&lt;/li&gt;
&lt;li&gt;&lt;code&gt;&lt;span style="color: var(--highlight-keyword)"&gt;&amp;nbsp;&amp;nbsp;&amp;nbsp;&amp;nbsp;&amp;nbsp;&amp;nbsp;&amp;nbsp;&amp;nbsp;&lt;/span&gt;&lt;span style="color: var(--highlight-default)"&gt;$this&lt;/span&gt;&lt;span style="color: var(--highlight-keyword)"&gt;-&amp;gt;&lt;/span&gt;&lt;span style="color: var(--highlight-default)"&gt;requestStack&lt;/span&gt;&lt;span style="color: var(--highlight-keyword)"&gt;-&amp;gt;&lt;/span&gt;&lt;span style="color: var(--highlight-default)"&gt;push&lt;/span&gt;&lt;span style="color: var(--highlight-keyword)"&gt;(&lt;/span&gt;&lt;span style="color: var(--highlight-default)"&gt;$request&lt;/span&gt;&lt;span style="color: var(--highlight-keyword)"&gt;);&lt;/span&gt;&lt;/code&gt;&lt;/li&gt;
&lt;li&gt;&lt;code&gt;&lt;span style="color: var(--highlight-keyword)"&gt;&amp;nbsp;&amp;nbsp;&amp;nbsp;&amp;nbsp;&amp;nbsp;&amp;nbsp;&amp;nbsp;&amp;nbsp;&lt;/span&gt;&lt;span style="color: var(--highlight-default)"&gt;$response&amp;nbsp;&lt;/span&gt;&lt;span style="color: var(--highlight-keyword)"&gt;=&amp;nbsp;&lt;/span&gt;&lt;span style="color: var(--highlight-default)"&gt;null&lt;/span&gt;&lt;span style="color: var(--highlight-keyword)"&gt;;&lt;/span&gt;&lt;/code&gt;&lt;/li&gt;
&lt;li&gt;&lt;code&gt;&lt;span style="color: var(--highlight-keyword)"&gt;&amp;nbsp;&amp;nbsp;&amp;nbsp;&amp;nbsp;&amp;nbsp;&amp;nbsp;&amp;nbsp;&amp;nbsp;try&amp;nbsp;{&lt;/span&gt;&lt;/code&gt;&lt;/li&gt;
&lt;li class="selected"&gt;&lt;code&gt;&lt;span style="color: var(--highlight-keyword)"&gt;&amp;nbsp;&amp;nbsp;&amp;nbsp;&amp;nbsp;&amp;nbsp;&amp;nbsp;&amp;nbsp;&amp;nbsp;&amp;nbsp;&amp;nbsp;&amp;nbsp;&amp;nbsp;return&amp;nbsp;&lt;/span&gt;&lt;span style="color: var(--highlight-default)"&gt;$response&amp;nbsp;&lt;/span&gt;&lt;span style="color: var(--highlight-keyword)"&gt;=&amp;nbsp;&lt;/span&gt;&lt;span style="color: var(--highlight-default)"&gt;$this&lt;/span&gt;&lt;span style="color: var(--highlight-keyword)"&gt;-&amp;gt;&lt;/span&gt;&lt;span style="color: var(--highlight-default)"&gt;handleRaw&lt;/span&gt;&lt;span style="color: var(--highlight-keyword)"&gt;(&lt;/span&gt;&lt;span style="color: var(--highlight-default)"&gt;$request&lt;/span&gt;&lt;span style="color: var(--highlight-keyword)"&gt;,&amp;nbsp;&lt;/span&gt;&lt;span style="color: var(--highlight-default)"&gt;$type&lt;/span&gt;&lt;span style="color: var(--highlight-keyword)"&gt;);&lt;/span&gt;&lt;/code&gt;&lt;/li&gt;
&lt;li&gt;&lt;code&gt;&lt;span style="color: var(--highlight-keyword)"&gt;&amp;nbsp;&amp;nbsp;&amp;nbsp;&amp;nbsp;&amp;nbsp;&amp;nbsp;&amp;nbsp;&amp;nbsp;}&amp;nbsp;catch&amp;nbsp;(&lt;/span&gt;&lt;span style="color: var(--highlight-default)"&gt;\Throwable&amp;nbsp;$e&lt;/span&gt;&lt;span style="color: var(--highlight-keyword)"&gt;)&amp;nbsp;{&lt;/span&gt;&lt;/code&gt;&lt;/li&gt;
&lt;li&gt;&lt;code&gt;&lt;span style="color: var(--highlight-keyword)"&gt;&amp;nbsp;&amp;nbsp;&amp;nbsp;&amp;nbsp;&amp;nbsp;&amp;nbsp;&amp;nbsp;&amp;nbsp;&amp;nbsp;&amp;nbsp;&amp;nbsp;&amp;nbsp;if&amp;nbsp;(&lt;/span&gt;&lt;span style="color: var(--highlight-default)"&gt;$e&amp;nbsp;&lt;/span&gt;&lt;span style="color: var(--highlight-keyword)"&gt;instanceof&amp;nbsp;&lt;/span&gt;&lt;span style="color: var(--highlight-default)"&gt;\Error&amp;nbsp;&lt;/span&gt;&lt;span style="color: var(--highlight-keyword)"&gt;&amp;amp;&amp;amp;&amp;nbsp;!&lt;/span&gt;&lt;span style="color: var(--highlight-default)"&gt;$this&lt;/span&gt;&lt;span style="color: var(--highlight-keyword)"&gt;-&amp;gt;&lt;/span&gt;&lt;span style="color: var(--highlight-default)"&gt;handleAllThrowables&lt;/span&gt;&lt;span style="color: var(--highlight-keyword)"&gt;)&amp;nbsp;{&lt;/span&gt;&lt;/code&gt;&lt;/li&gt;
&lt;li&gt;&lt;code&gt;&lt;span style="color: var(--highlight-keyword)"&gt;&amp;nbsp;&amp;nbsp;&amp;nbsp;&amp;nbsp;&amp;nbsp;&amp;nbsp;&amp;nbsp;&amp;nbsp;&amp;nbsp;&amp;nbsp;&amp;nbsp;&amp;nbsp;&amp;nbsp;&amp;nbsp;&amp;nbsp;&amp;nbsp;throw&amp;nbsp;&lt;/span&gt;&lt;span style="color: var(--highlight-default)"&gt;$e&lt;/span&gt;&lt;span style="color: var(--highlight-keyword)"&gt;;&lt;/span&gt;&lt;/code&gt;&lt;/li&gt;
&lt;li&gt;&lt;code&gt;&lt;span style="color: var(--highlight-keyword)"&gt;&amp;nbsp;&amp;nbsp;&amp;nbsp;&amp;nbsp;&amp;nbsp;&amp;nbsp;&amp;nbsp;&amp;nbsp;&amp;nbsp;&amp;nbsp;&amp;nbsp;&amp;nbsp;}&lt;/span&gt;&lt;/code&gt;&lt;/li&gt;
&lt;li&gt;&lt;code&gt;&lt;span style="color: var(--highlight-keyword)"&gt;&lt;/span&gt;&lt;/code&gt;&lt;/li&gt;&lt;/ol&gt;    &lt;/div&gt;            &lt;/div&gt;
                        &lt;div class="trace-line "&gt;
                &lt;div class="trace-line-header break-long-words sf-toggle" data-toggle-selector="#trace-html-1-17" data-toggle-initial=""&gt;
            &lt;span class="icon icon-close"&gt;&lt;svg width="1792" height="1792" viewBox="0 0 1792 1792" xmlns="http://www.w3.org/2000/svg"&gt;&lt;path d="M1408 960V832q0-26-19-45t-45-19H448q-26 0-45 19t-19 45v128q0 26 19 45t45 19h896q26 0 45-19t19-45zm256-544v960q0 119-84.5 203.5T1376 1664H416q-119 0-203.5-84.5T128 1376V416q0-119 84.5-203.5T416 128h960q119 0 203.5 84.5T1664 416z"/&gt;&lt;/svg&gt;&lt;/span&gt;
        &lt;span class="icon icon-open"&gt;&lt;svg width="1792" height="1792" viewBox="0 0 1792 1792" xmlns="http://www.w3.org/2000/svg"&gt;&lt;path d="M1408 960V832q0-26-19-45t-45-19h-320V448q0-26-19-45t-45-19H832q-26 0-45 19t-19 45v320H448q-26 0-45 19t-19 45v128q0 26 19 45t45 19h320v320q0 26 19 45t45 19h128q26 0 45-19t19-45v-320h320q26 0 45-19t19-45zm256-544v960q0 119-84.5 203.5T1376 1664H416q-119 0-203.5-84.5T128 1376V416q0-119 84.5-203.5T416 128h960q119 0 203.5 84.5T1664 416z"/&gt;&lt;/svg&gt;&lt;/span&gt;
    
            &lt;span class="trace-class"&gt;&lt;abbr title="Symfony\Component\HttpKernel\HttpKernel"&gt;HttpKernel&lt;/abbr&gt;&lt;/span&gt;&lt;span class="trace-type"&gt;-&gt;&lt;/span&gt;&lt;span class="trace-method"&gt;handle&lt;/span&gt;&lt;span class="trace-arguments"&gt;(&lt;em&gt;object&lt;/em&gt;(&lt;abbr title="Symfony\Component\HttpFoundation\Request"&gt;Request&lt;/abbr&gt;), 1, &lt;em&gt;true&lt;/em&gt;)&lt;/span&gt;    
                    &lt;span class="block trace-file-path"&gt;
            in
            &lt;a href="file://C:\Users\sliti\Desktop\dev\esprit-PIDEV-3A16-2526-FARMIA\vendor\symfony\http-kernel\Kernel.php#L208"&gt;
                C:\Users\sliti\Desktop\dev\esprit-PIDEV-3A16-2526-FARMIA\vendor\symfony\http-kernel\&lt;strong&gt;Kernel.php&lt;/strong&gt;
            &lt;/a&gt;
                        (line 208)
            &lt;span class="icon icon-copy hidden" data-clipboard-text="C:\Users\sliti\Desktop\dev\esprit-PIDEV-3A16-2526-FARMIA\vendor\symfony\http-kernel\Kernel.php:208"&gt;
                &lt;svg xmlns="http://www.w3.org/2000/svg" height="24" viewBox="0 0 24 24" width="24"&gt;&lt;path d="M0 0h24v24H0z" fill="none"/&gt;&lt;path d="M16 1H4c-1.1 0-2 .9-2 2v14h2V3h12V1zm3 4H8c-1.1 0-2 .9-2 2v14c0 1.1.9 2 2 2h11c1.1 0 2-.9 2-2V7c0-1.1-.9-2-2-2zm0 16H8V7h11v14z"/&gt;&lt;/svg&gt;            &lt;/span&gt;
        &lt;/span&gt;
    &lt;/div&gt;
    &lt;div id="trace-html-1-17" class="trace-code sf-toggle-content"&gt;
        &lt;ol start="203"&gt;&lt;li&gt;&lt;code&gt;&lt;span style="color: var(--highlight-keyword)"&gt;&amp;nbsp;&amp;nbsp;&amp;nbsp;&amp;nbsp;&amp;nbsp;&amp;nbsp;&amp;nbsp;&amp;nbsp;if&amp;nbsp;(!&lt;/span&gt;&lt;span style="color: var(--highlight-default)"&gt;$this&lt;/span&gt;&lt;span style="color: var(--highlight-keyword)"&gt;-&amp;gt;&lt;/span&gt;&lt;span style="color: var(--highlight-default)"&gt;handlingHttpCache&lt;/span&gt;&lt;span style="color: var(--highlight-keyword)"&gt;)&amp;nbsp;{&lt;/span&gt;&lt;/code&gt;&lt;/li&gt;
&lt;li&gt;&lt;code&gt;&lt;span style="color: var(--highlight-keyword)"&gt;&amp;nbsp;&amp;nbsp;&amp;nbsp;&amp;nbsp;&amp;nbsp;&amp;nbsp;&amp;nbsp;&amp;nbsp;&amp;nbsp;&amp;nbsp;&amp;nbsp;&amp;nbsp;&lt;/span&gt;&lt;span style="color: var(--highlight-default)"&gt;$this&lt;/span&gt;&lt;span style="color: var(--highlight-keyword)"&gt;-&amp;gt;&lt;/span&gt;&lt;span style="color: var(--highlight-default)"&gt;resetServices&amp;nbsp;&lt;/span&gt;&lt;span style="color: var(--highlight-keyword)"&gt;=&amp;nbsp;&lt;/span&gt;&lt;span style="color: var(--highlight-default)"&gt;true&lt;/span&gt;&lt;span style="color: var(--highlight-keyword)"&gt;;&lt;/span&gt;&lt;/code&gt;&lt;/li&gt;
&lt;li&gt;&lt;code&gt;&lt;span style="color: var(--highlight-keyword)"&gt;&amp;nbsp;&amp;nbsp;&amp;nbsp;&amp;nbsp;&amp;nbsp;&amp;nbsp;&amp;nbsp;&amp;nbsp;}&lt;/span&gt;&lt;/code&gt;&lt;/li&gt;
&lt;li&gt;&lt;code&gt;&lt;span style="color: var(--highlight-keyword)"&gt;&lt;/span&gt;&lt;/code&gt;&lt;/li&gt;
&lt;li&gt;&lt;code&gt;&lt;span style="color: var(--highlight-keyword)"&gt;&amp;nbsp;&amp;nbsp;&amp;nbsp;&amp;nbsp;&amp;nbsp;&amp;nbsp;&amp;nbsp;&amp;nbsp;try&amp;nbsp;{&lt;/span&gt;&lt;/code&gt;&lt;/li&gt;
&lt;li class="selected"&gt;&lt;code&gt;&lt;span style="color: var(--highlight-keyword)"&gt;&amp;nbsp;&amp;nbsp;&amp;nbsp;&amp;nbsp;&amp;nbsp;&amp;nbsp;&amp;nbsp;&amp;nbsp;&amp;nbsp;&amp;nbsp;&amp;nbsp;&amp;nbsp;return&amp;nbsp;&lt;/span&gt;&lt;span style="color: var(--highlight-default)"&gt;$this&lt;/span&gt;&lt;span style="color: var(--highlight-keyword)"&gt;-&amp;gt;&lt;/span&gt;&lt;span style="color: var(--highlight-default)"&gt;getHttpKernel&lt;/span&gt;&lt;span style="color: var(--highlight-keyword)"&gt;()-&amp;gt;&lt;/span&gt;&lt;span style="color: var(--highlight-default)"&gt;handle&lt;/span&gt;&lt;span style="color: var(--highlight-keyword)"&gt;(&lt;/span&gt;&lt;span style="color: var(--highlight-default)"&gt;$request&lt;/span&gt;&lt;span style="color: var(--highlight-keyword)"&gt;,&amp;nbsp;&lt;/span&gt;&lt;span style="color: var(--highlight-default)"&gt;$type&lt;/span&gt;&lt;span style="color: var(--highlight-keyword)"&gt;,&amp;nbsp;&lt;/span&gt;&lt;span style="color: var(--highlight-default)"&gt;$catch&lt;/span&gt;&lt;span style="color: var(--highlight-keyword)"&gt;);&lt;/span&gt;&lt;/code&gt;&lt;/li&gt;
&lt;li&gt;&lt;code&gt;&lt;span style="color: var(--highlight-keyword)"&gt;&amp;nbsp;&amp;nbsp;&amp;nbsp;&amp;nbsp;&amp;nbsp;&amp;nbsp;&amp;nbsp;&amp;nbsp;}&amp;nbsp;finally&amp;nbsp;{&lt;/span&gt;&lt;/code&gt;&lt;/li&gt;
&lt;li&gt;&lt;code&gt;&lt;span style="color: var(--highlight-keyword)"&gt;&amp;nbsp;&amp;nbsp;&amp;nbsp;&amp;nbsp;&amp;nbsp;&amp;nbsp;&amp;nbsp;&amp;nbsp;&amp;nbsp;&amp;nbsp;&amp;nbsp;&amp;nbsp;--&lt;/span&gt;&lt;span style="color: var(--highlight-default)"&gt;$this&lt;/span&gt;&lt;span style="color: var(--highlight-keyword)"&gt;-&amp;gt;&lt;/span&gt;&lt;span style="color: var(--highlight-default)"&gt;requestStackSize&lt;/span&gt;&lt;span style="color: var(--highlight-keyword)"&gt;;&lt;/span&gt;&lt;/code&gt;&lt;/li&gt;
&lt;li&gt;&lt;code&gt;&lt;span style="color: var(--highlight-keyword)"&gt;&amp;nbsp;&amp;nbsp;&amp;nbsp;&amp;nbsp;&amp;nbsp;&amp;nbsp;&amp;nbsp;&amp;nbsp;}&lt;/span&gt;&lt;/code&gt;&lt;/li&gt;
&lt;li&gt;&lt;code&gt;&lt;span style="color: var(--highlight-keyword)"&gt;&amp;nbsp;&amp;nbsp;&amp;nbsp;&amp;nbsp;}&lt;/span&gt;&lt;/code&gt;&lt;/li&gt;
&lt;li&gt;&lt;code&gt;&lt;span style="color: var(--highlight-keyword)"&gt;&lt;/span&gt;&lt;/code&gt;&lt;/li&gt;&lt;/ol&gt;    &lt;/div&gt;            &lt;/div&gt;
                        &lt;div class="trace-line "&gt;
                &lt;div class="trace-line-header break-long-words sf-toggle" data-toggle-selector="#trace-html-1-18" data-toggle-initial=""&gt;
            &lt;span class="icon icon-close"&gt;&lt;svg width="1792" height="1792" viewBox="0 0 1792 1792" xmlns="http://www.w3.org/2000/svg"&gt;&lt;path d="M1408 960V832q0-26-19-45t-45-19H448q-26 0-45 19t-19 45v128q0 26 19 45t45 19h896q26 0 45-19t19-45zm256-544v960q0 119-84.5 203.5T1376 1664H416q-119 0-203.5-84.5T128 1376V416q0-119 84.5-203.5T416 128h960q119 0 203.5 84.5T1664 416z"/&gt;&lt;/svg&gt;&lt;/span&gt;
        &lt;span class="icon icon-open"&gt;&lt;svg width="1792" height="1792" viewBox="0 0 1792 1792" xmlns="http://www.w3.org/2000/svg"&gt;&lt;path d="M1408 960V832q0-26-19-45t-45-19h-320V448q0-26-19-45t-45-19H832q-26 0-45 19t-19 45v320H448q-26 0-45 19t-19 45v128q0 26 19 45t45 19h320v320q0 26 19 45t45 19h128q26 0 45-19t19-45v-320h320q26 0 45-19t19-45zm256-544v960q0 119-84.5 203.5T1376 1664H416q-119 0-203.5-84.5T128 1376V416q0-119 84.5-203.5T416 128h960q119 0 203.5 84.5T1664 416z"/&gt;&lt;/svg&gt;&lt;/span&gt;
    
            &lt;span class="trace-class"&gt;&lt;abbr title="Symfony\Component\HttpKernel\Kernel"&gt;Kernel&lt;/abbr&gt;&lt;/span&gt;&lt;span class="trace-type"&gt;-&gt;&lt;/span&gt;&lt;span class="trace-method"&gt;handle&lt;/span&gt;&lt;span class="trace-arguments"&gt;(&lt;em&gt;object&lt;/em&gt;(&lt;abbr title="Symfony\Component\HttpFoundation\Request"&gt;Request&lt;/abbr&gt;), 1, &lt;em&gt;true&lt;/em&gt;)&lt;/span&gt;    
                    &lt;span class="block trace-file-path"&gt;
            in
            &lt;a href="file://C:\Users\sliti\Desktop\dev\esprit-PIDEV-3A16-2526-FARMIA\vendor\symfony\http-kernel\HttpKernelBrowser.php#L65"&gt;
                C:\Users\sliti\Desktop\dev\esprit-PIDEV-3A16-2526-FARMIA\vendor\symfony\http-kernel\&lt;strong&gt;HttpKernelBrowser.php&lt;/strong&gt;
            &lt;/a&gt;
                        (line 65)
            &lt;span class="icon icon-copy hidden" data-clipboard-text="C:\Users\sliti\Desktop\dev\esprit-PIDEV-3A16-2526-FARMIA\vendor\symfony\http-kernel\HttpKernelBrowser.php:65"&gt;
                &lt;svg xmlns="http://www.w3.org/2000/svg" height="24" viewBox="0 0 24 24" width="24"&gt;&lt;path d="M0 0h24v24H0z" fill="none"/&gt;&lt;path d="M16 1H4c-1.1 0-2 .9-2 2v14h2V3h12V1zm3 4H8c-1.1 0-2 .9-2 2v14c0 1.1.9 2 2 2h11c1.1 0 2-.9 2-2V7c0-1.1-.9-2-2-2zm0 16H8V7h11v14z"/&gt;&lt;/svg&gt;            &lt;/span&gt;
        &lt;/span&gt;
    &lt;/div&gt;
    &lt;div id="trace-html-1-18" class="trace-code sf-toggle-content"&gt;
        &lt;ol start="60"&gt;&lt;li&gt;&lt;code&gt;&lt;span style="color: var(--highlight-comment)"&gt;&amp;nbsp;&amp;nbsp;&amp;nbsp;&amp;nbsp;&amp;nbsp;*&lt;/span&gt;&lt;/code&gt;&lt;/li&gt;
&lt;li&gt;&lt;code&gt;&lt;span style="color: var(--highlight-comment)"&gt;&amp;nbsp;&amp;nbsp;&amp;nbsp;&amp;nbsp;&amp;nbsp;*&amp;nbsp;@return&amp;nbsp;Response&lt;/span&gt;&lt;/code&gt;&lt;/li&gt;
&lt;li&gt;&lt;code&gt;&lt;span style="color: var(--highlight-comment)"&gt;&amp;nbsp;&amp;nbsp;&amp;nbsp;&amp;nbsp;&amp;nbsp;*/&lt;/span&gt;&lt;/code&gt;&lt;/li&gt;
&lt;li&gt;&lt;code&gt;&lt;span style="color: var(--highlight-comment)"&gt;&amp;nbsp;&amp;nbsp;&amp;nbsp;&amp;nbsp;&lt;/span&gt;&lt;span style="color: var(--highlight-keyword)"&gt;protected&amp;nbsp;function&amp;nbsp;&lt;/span&gt;&lt;span style="color: var(--highlight-default)"&gt;doRequest&lt;/span&gt;&lt;span style="color: var(--highlight-keyword)"&gt;(&lt;/span&gt;&lt;span style="color: var(--highlight-default)"&gt;object&amp;nbsp;$request&lt;/span&gt;&lt;span style="color: var(--highlight-keyword)"&gt;)&lt;/span&gt;&lt;/code&gt;&lt;/li&gt;
&lt;li&gt;&lt;code&gt;&lt;span style="color: var(--highlight-keyword)"&gt;&amp;nbsp;&amp;nbsp;&amp;nbsp;&amp;nbsp;{&lt;/span&gt;&lt;/code&gt;&lt;/li&gt;
&lt;li class="selected"&gt;&lt;code&gt;&lt;span style="color: var(--highlight-keyword)"&gt;&amp;nbsp;&amp;nbsp;&amp;nbsp;&amp;nbsp;&amp;nbsp;&amp;nbsp;&amp;nbsp;&amp;nbsp;&lt;/span&gt;&lt;span style="color: var(--highlight-default)"&gt;$response&amp;nbsp;&lt;/span&gt;&lt;span style="color: var(--highlight-keyword)"&gt;=&amp;nbsp;&lt;/span&gt;&lt;span style="color: var(--highlight-default)"&gt;$this&lt;/span&gt;&lt;span style="color: var(--highlight-keyword)"&gt;-&amp;gt;&lt;/span&gt;&lt;span style="color: var(--highlight-default)"&gt;kernel&lt;/span&gt;&lt;span style="color: var(--highlight-keyword)"&gt;-&amp;gt;&lt;/span&gt;&lt;span style="color: var(--highlight-default)"&gt;handle&lt;/span&gt;&lt;span style="color: var(--highlight-keyword)"&gt;(&lt;/span&gt;&lt;span style="color: var(--highlight-default)"&gt;$request&lt;/span&gt;&lt;span style="color: var(--highlight-keyword)"&gt;,&amp;nbsp;&lt;/span&gt;&lt;span style="color: var(--highlight-default)"&gt;HttpKernelInterface&lt;/span&gt;&lt;span style="color: var(--highlight-keyword)"&gt;::&lt;/span&gt;&lt;span style="color: var(--highlight-default)"&gt;MAIN_REQUEST&lt;/span&gt;&lt;span style="color: var(--highlight-keyword)"&gt;,&amp;nbsp;&lt;/span&gt;&lt;span style="color: var(--highlight-default)"&gt;$this&lt;/span&gt;&lt;span style="color: var(--highlight-keyword)"&gt;-&amp;gt;&lt;/span&gt;&lt;span style="color: var(--highlight-default)"&gt;catchExceptions&lt;/span&gt;&lt;span style="color: var(--highlight-keyword)"&gt;);&lt;/span&gt;&lt;/code&gt;&lt;/li&gt;
&lt;li&gt;&lt;code&gt;&lt;span style="color: var(--highlight-keyword)"&gt;&lt;/span&gt;&lt;/code&gt;&lt;/li&gt;
&lt;li&gt;&lt;code&gt;&lt;span style="color: var(--highlight-keyword)"&gt;&amp;nbsp;&amp;nbsp;&amp;nbsp;&amp;nbsp;&amp;nbsp;&amp;nbsp;&amp;nbsp;&amp;nbsp;if&amp;nbsp;(&lt;/span&gt;&lt;span style="color: var(--highlight-default)"&gt;$this&lt;/span&gt;&lt;span style="color: var(--highlight-keyword)"&gt;-&amp;gt;&lt;/span&gt;&lt;span style="color: var(--highlight-default)"&gt;kernel&amp;nbsp;&lt;/span&gt;&lt;span style="color: var(--highlight-keyword)"&gt;instanceof&amp;nbsp;&lt;/span&gt;&lt;span style="color: var(--highlight-default)"&gt;TerminableInterface&lt;/span&gt;&lt;span style="color: var(--highlight-keyword)"&gt;)&amp;nbsp;{&lt;/span&gt;&lt;/code&gt;&lt;/li&gt;
&lt;li&gt;&lt;code&gt;&lt;span style="color: var(--highlight-keyword)"&gt;&amp;nbsp;&amp;nbsp;&amp;nbsp;&amp;nbsp;&amp;nbsp;&amp;nbsp;&amp;nbsp;&amp;nbsp;&amp;nbsp;&amp;nbsp;&amp;nbsp;&amp;nbsp;&lt;/span&gt;&lt;span style="color: var(--highlight-default)"&gt;$this&lt;/span&gt;&lt;span style="color: var(--highlight-keyword)"&gt;-&amp;gt;&lt;/span&gt;&lt;span style="color: var(--highlight-default)"&gt;kernel&lt;/span&gt;&lt;span style="color: var(--highlight-keyword)"&gt;-&amp;gt;&lt;/span&gt;&lt;span style="color: var(--highlight-default)"&gt;terminate&lt;/span&gt;&lt;span style="color: var(--highlight-keyword)"&gt;(&lt;/span&gt;&lt;span style="color: var(--highlight-default)"&gt;$request&lt;/span&gt;&lt;span style="color: var(--highlight-keyword)"&gt;,&amp;nbsp;&lt;/span&gt;&lt;span style="color: var(--highlight-default)"&gt;$response&lt;/span&gt;&lt;span style="color: var(--highlight-keyword)"&gt;);&lt;/span&gt;&lt;/code&gt;&lt;/li&gt;
&lt;li&gt;&lt;code&gt;&lt;span style="color: var(--highlight-keyword)"&gt;&amp;nbsp;&amp;nbsp;&amp;nbsp;&amp;nbsp;&amp;nbsp;&amp;nbsp;&amp;nbsp;&amp;nbsp;}&lt;/span&gt;&lt;/code&gt;&lt;/li&gt;
&lt;li&gt;&lt;code&gt;&lt;span style="color: var(--highlight-keyword)"&gt;&lt;/span&gt;&lt;/code&gt;&lt;/li&gt;&lt;/ol&gt;    &lt;/div&gt;            &lt;/div&gt;
                        &lt;div class="trace-line "&gt;
                &lt;div class="trace-line-header break-long-words sf-toggle" data-toggle-selector="#trace-html-1-19" data-toggle-initial=""&gt;
            &lt;span class="icon icon-close"&gt;&lt;svg width="1792" height="1792" viewBox="0 0 1792 1792" xmlns="http://www.w3.org/2000/svg"&gt;&lt;path d="M1408 960V832q0-26-19-45t-45-19H448q-26 0-45 19t-19 45v128q0 26 19 45t45 19h896q26 0 45-19t19-45zm256-544v960q0 119-84.5 203.5T1376 1664H416q-119 0-203.5-84.5T128 1376V416q0-119 84.5-203.5T416 128h960q119 0 203.5 84.5T1664 416z"/&gt;&lt;/svg&gt;&lt;/span&gt;
        &lt;span class="icon icon-open"&gt;&lt;svg width="1792" height="1792" viewBox="0 0 1792 1792" xmlns="http://www.w3.org/2000/svg"&gt;&lt;path d="M1408 960V832q0-26-19-45t-45-19h-320V448q0-26-19-45t-45-19H832q-26 0-45 19t-19 45v320H448q-26 0-45 19t-19 45v128q0 26 19 45t45 19h320v320q0 26 19 45t45 19h128q26 0 45-19t19-45v-320h320q26 0 45-19t19-45zm256-544v960q0 119-84.5 203.5T1376 1664H416q-119 0-203.5-84.5T128 1376V416q0-119 84.5-203.5T416 128h960q119 0 203.5 84.5T1664 416z"/&gt;&lt;/svg&gt;&lt;/span&gt;
    
            &lt;span class="trace-class"&gt;&lt;abbr title="Symfony\Component\HttpKernel\HttpKernelBrowser"&gt;HttpKernelBrowser&lt;/abbr&gt;&lt;/span&gt;&lt;span class="trace-type"&gt;-&gt;&lt;/span&gt;&lt;span class="trace-method"&gt;doRequest&lt;/span&gt;&lt;span class="trace-arguments"&gt;(&lt;em&gt;object&lt;/em&gt;(&lt;abbr title="Symfony\Component\HttpFoundation\Request"&gt;Request&lt;/abbr&gt;))&lt;/span&gt;    
                    &lt;span class="block trace-file-path"&gt;
            in
            &lt;a href="file://C:\Users\sliti\Desktop\dev\esprit-PIDEV-3A16-2526-FARMIA\vendor\symfony\framework-bundle\KernelBrowser.php#L175"&gt;
                C:\Users\sliti\Desktop\dev\esprit-PIDEV-3A16-2526-FARMIA\vendor\symfony\framework-bundle\&lt;strong&gt;KernelBrowser.php&lt;/strong&gt;
            &lt;/a&gt;
                        (line 175)
            &lt;span class="icon icon-copy hidden" data-clipboard-text="C:\Users\sliti\Desktop\dev\esprit-PIDEV-3A16-2526-FARMIA\vendor\symfony\framework-bundle\KernelBrowser.php:175"&gt;
                &lt;svg xmlns="http://www.w3.org/2000/svg" height="24" viewBox="0 0 24 24" width="24"&gt;&lt;path d="M0 0h24v24H0z" fill="none"/&gt;&lt;path d="M16 1H4c-1.1 0-2 .9-2 2v14h2V3h12V1zm3 4H8c-1.1 0-2 .9-2 2v14c0 1.1.9 2 2 2h11c1.1 0 2-.9 2-2V7c0-1.1-.9-2-2-2zm0 16H8V7h11v14z"/&gt;&lt;/svg&gt;            &lt;/span&gt;
        &lt;/span&gt;
    &lt;/div&gt;
    &lt;div id="trace-html-1-19" class="trace-code sf-toggle-content"&gt;
        &lt;ol start="170"&gt;&lt;li&gt;&lt;code&gt;&lt;span style="color: var(--highlight-keyword)"&gt;&lt;/span&gt;&lt;/code&gt;&lt;/li&gt;
&lt;li&gt;&lt;code&gt;&lt;span style="color: var(--highlight-keyword)"&gt;&amp;nbsp;&amp;nbsp;&amp;nbsp;&amp;nbsp;&amp;nbsp;&amp;nbsp;&amp;nbsp;&amp;nbsp;&amp;nbsp;&amp;nbsp;&amp;nbsp;&amp;nbsp;&lt;/span&gt;&lt;span style="color: var(--highlight-default)"&gt;$this&lt;/span&gt;&lt;span style="color: var(--highlight-keyword)"&gt;-&amp;gt;&lt;/span&gt;&lt;span style="color: var(--highlight-default)"&gt;kernel&lt;/span&gt;&lt;span style="color: var(--highlight-keyword)"&gt;-&amp;gt;&lt;/span&gt;&lt;span style="color: var(--highlight-default)"&gt;boot&lt;/span&gt;&lt;span style="color: var(--highlight-keyword)"&gt;();&lt;/span&gt;&lt;/code&gt;&lt;/li&gt;
&lt;li&gt;&lt;code&gt;&lt;span style="color: var(--highlight-keyword)"&gt;&amp;nbsp;&amp;nbsp;&amp;nbsp;&amp;nbsp;&amp;nbsp;&amp;nbsp;&amp;nbsp;&amp;nbsp;&amp;nbsp;&amp;nbsp;&amp;nbsp;&amp;nbsp;&lt;/span&gt;&lt;span style="color: var(--highlight-default)"&gt;$this&lt;/span&gt;&lt;span style="color: var(--highlight-keyword)"&gt;-&amp;gt;&lt;/span&gt;&lt;span style="color: var(--highlight-default)"&gt;getContainer&lt;/span&gt;&lt;span style="color: var(--highlight-keyword)"&gt;()-&amp;gt;&lt;/span&gt;&lt;span style="color: var(--highlight-default)"&gt;get&lt;/span&gt;&lt;span style="color: var(--highlight-keyword)"&gt;(&lt;/span&gt;&lt;span style="color: var(--highlight-string)"&gt;'profiler'&lt;/span&gt;&lt;span style="color: var(--highlight-keyword)"&gt;)-&amp;gt;&lt;/span&gt;&lt;span style="color: var(--highlight-default)"&gt;enable&lt;/span&gt;&lt;span style="color: var(--highlight-keyword)"&gt;();&lt;/span&gt;&lt;/code&gt;&lt;/li&gt;
&lt;li&gt;&lt;code&gt;&lt;span style="color: var(--highlight-keyword)"&gt;&amp;nbsp;&amp;nbsp;&amp;nbsp;&amp;nbsp;&amp;nbsp;&amp;nbsp;&amp;nbsp;&amp;nbsp;}&lt;/span&gt;&lt;/code&gt;&lt;/li&gt;
&lt;li&gt;&lt;code&gt;&lt;span style="color: var(--highlight-keyword)"&gt;&lt;/span&gt;&lt;/code&gt;&lt;/li&gt;
&lt;li class="selected"&gt;&lt;code&gt;&lt;span style="color: var(--highlight-keyword)"&gt;&amp;nbsp;&amp;nbsp;&amp;nbsp;&amp;nbsp;&amp;nbsp;&amp;nbsp;&amp;nbsp;&amp;nbsp;return&amp;nbsp;&lt;/span&gt;&lt;span style="color: var(--highlight-default)"&gt;parent&lt;/span&gt;&lt;span style="color: var(--highlight-keyword)"&gt;::&lt;/span&gt;&lt;span style="color: var(--highlight-default)"&gt;doRequest&lt;/span&gt;&lt;span style="color: var(--highlight-keyword)"&gt;(&lt;/span&gt;&lt;span style="color: var(--highlight-default)"&gt;$request&lt;/span&gt;&lt;span style="color: var(--highlight-keyword)"&gt;);&lt;/span&gt;&lt;/code&gt;&lt;/li&gt;
&lt;li&gt;&lt;code&gt;&lt;span style="color: var(--highlight-keyword)"&gt;&amp;nbsp;&amp;nbsp;&amp;nbsp;&amp;nbsp;}&lt;/span&gt;&lt;/code&gt;&lt;/li&gt;
&lt;li&gt;&lt;code&gt;&lt;span style="color: var(--highlight-keyword)"&gt;&lt;/span&gt;&lt;/code&gt;&lt;/li&gt;
&lt;li&gt;&lt;code&gt;&lt;span style="color: var(--highlight-keyword)"&gt;&amp;nbsp;&amp;nbsp;&amp;nbsp;&amp;nbsp;&lt;/span&gt;&lt;span style="color: var(--highlight-comment)"&gt;/**&lt;/span&gt;&lt;/code&gt;&lt;/li&gt;
&lt;li&gt;&lt;code&gt;&lt;span style="color: var(--highlight-comment)"&gt;&amp;nbsp;&amp;nbsp;&amp;nbsp;&amp;nbsp;&amp;nbsp;*&amp;nbsp;@param&amp;nbsp;Request&amp;nbsp;$request&lt;/span&gt;&lt;/code&gt;&lt;/li&gt;
&lt;li&gt;&lt;code&gt;&lt;span style="color: var(--highlight-comment)"&gt;&amp;nbsp;&amp;nbsp;&amp;nbsp;&amp;nbsp;&amp;nbsp;*/&lt;/span&gt;&lt;/code&gt;&lt;/li&gt;&lt;/ol&gt;    &lt;/div&gt;            &lt;/div&gt;
                        &lt;div class="trace-line "&gt;
                &lt;div class="trace-line-header break-long-words sf-toggle" data-toggle-selector="#trace-html-1-20" data-toggle-initial=""&gt;
            &lt;span class="icon icon-close"&gt;&lt;svg width="1792" height="1792" viewBox="0 0 1792 1792" xmlns="http://www.w3.org/2000/svg"&gt;&lt;path d="M1408 960V832q0-26-19-45t-45-19H448q-26 0-45 19t-19 45v128q0 26 19 45t45 19h896q26 0 45-19t19-45zm256-544v960q0 119-84.5 203.5T1376 1664H416q-119 0-203.5-84.5T128 1376V416q0-119 84.5-203.5T416 128h960q119 0 203.5 84.5T1664 416z"/&gt;&lt;/svg&gt;&lt;/span&gt;
        &lt;span class="icon icon-open"&gt;&lt;svg width="1792" height="1792" viewBox="0 0 1792 1792" xmlns="http://www.w3.org/2000/svg"&gt;&lt;path d="M1408 960V832q0-26-19-45t-45-19h-320V448q0-26-19-45t-45-19H832q-26 0-45 19t-19 45v320H448q-26 0-45 19t-19 45v128q0 26 19 45t45 19h320v320q0 26 19 45t45 19h128q26 0 45-19t19-45v-320h320q26 0 45-19t19-45zm256-544v960q0 119-84.5 203.5T1376 1664H416q-119 0-203.5-84.5T128 1376V416q0-119 84.5-203.5T416 128h960q119 0 203.5 84.5T1664 416z"/&gt;&lt;/svg&gt;&lt;/span&gt;
    
            &lt;span class="trace-class"&gt;&lt;abbr title="Symfony\Bundle\FrameworkBundle\KernelBrowser"&gt;KernelBrowser&lt;/abbr&gt;&lt;/span&gt;&lt;span class="trace-type"&gt;-&gt;&lt;/span&gt;&lt;span class="trace-method"&gt;doRequest&lt;/span&gt;&lt;span class="trace-arguments"&gt;(&lt;em&gt;object&lt;/em&gt;(&lt;abbr title="Symfony\Component\HttpFoundation\Request"&gt;Request&lt;/abbr&gt;))&lt;/span&gt;    
                    &lt;span class="block trace-file-path"&gt;
            in
            &lt;a href="file://C:\Users\sliti\Desktop\dev\esprit-PIDEV-3A16-2526-FARMIA\vendor\symfony\browser-kit\AbstractBrowser.php#L385"&gt;
                C:\Users\sliti\Desktop\dev\esprit-PIDEV-3A16-2526-FARMIA\vendor\symfony\browser-kit\&lt;strong&gt;AbstractBrowser.php&lt;/strong&gt;
            &lt;/a&gt;
                        (line 385)
            &lt;span class="icon icon-copy hidden" data-clipboard-text="C:\Users\sliti\Desktop\dev\esprit-PIDEV-3A16-2526-FARMIA\vendor\symfony\browser-kit\AbstractBrowser.php:385"&gt;
                &lt;svg xmlns="http://www.w3.org/2000/svg" height="24" viewBox="0 0 24 24" width="24"&gt;&lt;path d="M0 0h24v24H0z" fill="none"/&gt;&lt;path d="M16 1H4c-1.1 0-2 .9-2 2v14h2V3h12V1zm3 4H8c-1.1 0-2 .9-2 2v14c0 1.1.9 2 2 2h11c1.1 0 2-.9 2-2V7c0-1.1-.9-2-2-2zm0 16H8V7h11v14z"/&gt;&lt;/svg&gt;            &lt;/span&gt;
        &lt;/span&gt;
    &lt;/div&gt;
    &lt;div id="trace-html-1-20" class="trace-code sf-toggle-content"&gt;
        &lt;ol start="380"&gt;&lt;li&gt;&lt;code&gt;&lt;span style="color: var(--highlight-keyword)"&gt;&amp;nbsp;&amp;nbsp;&amp;nbsp;&amp;nbsp;&amp;nbsp;&amp;nbsp;&amp;nbsp;&amp;nbsp;}&lt;/span&gt;&lt;/code&gt;&lt;/li&gt;
&lt;li&gt;&lt;code&gt;&lt;span style="color: var(--highlight-keyword)"&gt;&lt;/span&gt;&lt;/code&gt;&lt;/li&gt;
&lt;li&gt;&lt;code&gt;&lt;span style="color: var(--highlight-keyword)"&gt;&amp;nbsp;&amp;nbsp;&amp;nbsp;&amp;nbsp;&amp;nbsp;&amp;nbsp;&amp;nbsp;&amp;nbsp;if&amp;nbsp;(&lt;/span&gt;&lt;span style="color: var(--highlight-default)"&gt;$this&lt;/span&gt;&lt;span style="color: var(--highlight-keyword)"&gt;-&amp;gt;&lt;/span&gt;&lt;span style="color: var(--highlight-default)"&gt;insulated&lt;/span&gt;&lt;span style="color: var(--highlight-keyword)"&gt;)&amp;nbsp;{&lt;/span&gt;&lt;/code&gt;&lt;/li&gt;
&lt;li&gt;&lt;code&gt;&lt;span style="color: var(--highlight-keyword)"&gt;&amp;nbsp;&amp;nbsp;&amp;nbsp;&amp;nbsp;&amp;nbsp;&amp;nbsp;&amp;nbsp;&amp;nbsp;&amp;nbsp;&amp;nbsp;&amp;nbsp;&amp;nbsp;&lt;/span&gt;&lt;span style="color: var(--highlight-default)"&gt;$this&lt;/span&gt;&lt;span style="color: var(--highlight-keyword)"&gt;-&amp;gt;&lt;/span&gt;&lt;span style="color: var(--highlight-default)"&gt;response&amp;nbsp;&lt;/span&gt;&lt;span style="color: var(--highlight-keyword)"&gt;=&amp;nbsp;&lt;/span&gt;&lt;span style="color: var(--highlight-default)"&gt;$this&lt;/span&gt;&lt;span style="color: var(--highlight-keyword)"&gt;-&amp;gt;&lt;/span&gt;&lt;span style="color: var(--highlight-default)"&gt;doRequestInProcess&lt;/span&gt;&lt;span style="color: var(--highlight-keyword)"&gt;(&lt;/span&gt;&lt;span style="color: var(--highlight-default)"&gt;$this&lt;/span&gt;&lt;span style="color: var(--highlight-keyword)"&gt;-&amp;gt;&lt;/span&gt;&lt;span style="color: var(--highlight-default)"&gt;request&lt;/span&gt;&lt;span style="color: var(--highlight-keyword)"&gt;);&lt;/span&gt;&lt;/code&gt;&lt;/li&gt;
&lt;li&gt;&lt;code&gt;&lt;span style="color: var(--highlight-keyword)"&gt;&amp;nbsp;&amp;nbsp;&amp;nbsp;&amp;nbsp;&amp;nbsp;&amp;nbsp;&amp;nbsp;&amp;nbsp;}&amp;nbsp;else&amp;nbsp;{&lt;/span&gt;&lt;/code&gt;&lt;/li&gt;
&lt;li class="selected"&gt;&lt;code&gt;&lt;span style="color: var(--highlight-keyword)"&gt;&amp;nbsp;&amp;nbsp;&amp;nbsp;&amp;nbsp;&amp;nbsp;&amp;nbsp;&amp;nbsp;&amp;nbsp;&amp;nbsp;&amp;nbsp;&amp;nbsp;&amp;nbsp;&lt;/span&gt;&lt;span style="color: var(--highlight-default)"&gt;$this&lt;/span&gt;&lt;span style="color: var(--highlight-keyword)"&gt;-&amp;gt;&lt;/span&gt;&lt;span style="color: var(--highlight-default)"&gt;response&amp;nbsp;&lt;/span&gt;&lt;span style="color: var(--highlight-keyword)"&gt;=&amp;nbsp;&lt;/span&gt;&lt;span style="color: var(--highlight-default)"&gt;$this&lt;/span&gt;&lt;span style="color: var(--highlight-keyword)"&gt;-&amp;gt;&lt;/span&gt;&lt;span style="color: var(--highlight-default)"&gt;doRequest&lt;/span&gt;&lt;span style="color: var(--highlight-keyword)"&gt;(&lt;/span&gt;&lt;span style="color: var(--highlight-default)"&gt;$this&lt;/span&gt;&lt;span style="color: var(--highlight-keyword)"&gt;-&amp;gt;&lt;/span&gt;&lt;span style="color: var(--highlight-default)"&gt;request&lt;/span&gt;&lt;span style="color: var(--highlight-keyword)"&gt;);&lt;/span&gt;&lt;/code&gt;&lt;/li&gt;
&lt;li&gt;&lt;code&gt;&lt;span style="color: var(--highlight-keyword)"&gt;&amp;nbsp;&amp;nbsp;&amp;nbsp;&amp;nbsp;&amp;nbsp;&amp;nbsp;&amp;nbsp;&amp;nbsp;}&lt;/span&gt;&lt;/code&gt;&lt;/li&gt;
&lt;li&gt;&lt;code&gt;&lt;span style="color: var(--highlight-keyword)"&gt;&lt;/span&gt;&lt;/code&gt;&lt;/li&gt;
&lt;li&gt;&lt;code&gt;&lt;span style="color: var(--highlight-keyword)"&gt;&amp;nbsp;&amp;nbsp;&amp;nbsp;&amp;nbsp;&amp;nbsp;&amp;nbsp;&amp;nbsp;&amp;nbsp;&lt;/span&gt;&lt;span style="color: var(--highlight-default)"&gt;$this&lt;/span&gt;&lt;span style="color: var(--highlight-keyword)"&gt;-&amp;gt;&lt;/span&gt;&lt;span style="color: var(--highlight-default)"&gt;internalResponse&amp;nbsp;&lt;/span&gt;&lt;span style="color: var(--highlight-keyword)"&gt;=&amp;nbsp;&lt;/span&gt;&lt;span style="color: var(--highlight-default)"&gt;$this&lt;/span&gt;&lt;span style="color: var(--highlight-keyword)"&gt;-&amp;gt;&lt;/span&gt;&lt;span style="color: var(--highlight-default)"&gt;filterResponse&lt;/span&gt;&lt;span style="color: var(--highlight-keyword)"&gt;(&lt;/span&gt;&lt;span style="color: var(--highlight-default)"&gt;$this&lt;/span&gt;&lt;span style="color: var(--highlight-keyword)"&gt;-&amp;gt;&lt;/span&gt;&lt;span style="color: var(--highlight-default)"&gt;response&lt;/span&gt;&lt;span style="color: var(--highlight-keyword)"&gt;);&lt;/span&gt;&lt;/code&gt;&lt;/li&gt;
&lt;li&gt;&lt;code&gt;&lt;span style="color: var(--highlight-keyword)"&gt;&lt;/span&gt;&lt;/code&gt;&lt;/li&gt;
&lt;li&gt;&lt;code&gt;&lt;span style="color: var(--highlight-keyword)"&gt;&amp;nbsp;&amp;nbsp;&amp;nbsp;&amp;nbsp;&amp;nbsp;&amp;nbsp;&amp;nbsp;&amp;nbsp;&lt;/span&gt;&lt;span style="color: var(--highlight-default)"&gt;$this&lt;/span&gt;&lt;span style="color: var(--highlight-keyword)"&gt;-&amp;gt;&lt;/span&gt;&lt;span style="color: var(--highlight-default)"&gt;cookieJar&lt;/span&gt;&lt;span style="color: var(--highlight-keyword)"&gt;-&amp;gt;&lt;/span&gt;&lt;span style="color: var(--highlight-default)"&gt;updateFromResponse&lt;/span&gt;&lt;span style="color: var(--highlight-keyword)"&gt;(&lt;/span&gt;&lt;span style="color: var(--highlight-default)"&gt;$this&lt;/span&gt;&lt;span style="color: var(--highlight-keyword)"&gt;-&amp;gt;&lt;/span&gt;&lt;span style="color: var(--highlight-default)"&gt;internalResponse&lt;/span&gt;&lt;span style="color: var(--highlight-keyword)"&gt;,&amp;nbsp;&lt;/span&gt;&lt;span style="color: var(--highlight-default)"&gt;$uri&lt;/span&gt;&lt;span style="color: var(--highlight-keyword)"&gt;);&lt;/span&gt;&lt;/code&gt;&lt;/li&gt;&lt;/ol&gt;    &lt;/div&gt;            &lt;/div&gt;
                        &lt;div class="trace-line "&gt;
                &lt;div class="trace-line-header break-long-words sf-toggle" data-toggle-selector="#trace-html-1-21" data-toggle-initial=""&gt;
            &lt;span class="icon icon-close"&gt;&lt;svg width="1792" height="1792" viewBox="0 0 1792 1792" xmlns="http://www.w3.org/2000/svg"&gt;&lt;path d="M1408 960V832q0-26-19-45t-45-19H448q-26 0-45 19t-19 45v128q0 26 19 45t45 19h896q26 0 45-19t19-45zm256-544v960q0 119-84.5 203.5T1376 1664H416q-119 0-203.5-84.5T128 1376V416q0-119 84.5-203.5T416 128h960q119 0 203.5 84.5T1664 416z"/&gt;&lt;/svg&gt;&lt;/span&gt;
        &lt;span class="icon icon-open"&gt;&lt;svg width="1792" height="1792" viewBox="0 0 1792 1792" xmlns="http://www.w3.org/2000/svg"&gt;&lt;path d="M1408 960V832q0-26-19-45t-45-19h-320V448q0-26-19-45t-45-19H832q-26 0-45 19t-19 45v320H448q-26 0-45 19t-19 45v128q0 26 19 45t45 19h320v320q0 26 19 45t45 19h128q26 0 45-19t19-45v-320h320q26 0 45-19t19-45zm256-544v960q0 119-84.5 203.5T1376 1664H416q-119 0-203.5-84.5T128 1376V416q0-119 84.5-203.5T416 128h960q119 0 203.5 84.5T1664 416z"/&gt;&lt;/svg&gt;&lt;/span&gt;
    
            &lt;span class="trace-class"&gt;&lt;abbr title="Symfony\Component\BrowserKit\AbstractBrowser"&gt;AbstractBrowser&lt;/abbr&gt;&lt;/span&gt;&lt;span class="trace-type"&gt;-&gt;&lt;/span&gt;&lt;span class="trace-method"&gt;request&lt;/span&gt;&lt;span class="trace-arguments"&gt;('GET', 'http://localhost/animal/')&lt;/span&gt;    
                    &lt;span class="block trace-file-path"&gt;
            in
            &lt;a href="file://C:\Users\sliti\Desktop\dev\esprit-PIDEV-3A16-2526-FARMIA\tests\Functional\Controller\AnimalControllerTest.php#L147"&gt;
                C:\Users\sliti\Desktop\dev\esprit-PIDEV-3A16-2526-FARMIA\tests\Functional\Controller\&lt;strong&gt;AnimalControllerTest.php&lt;/strong&gt;
            &lt;/a&gt;
                        (line 147)
            &lt;span class="icon icon-copy hidden" data-clipboard-text="C:\Users\sliti\Desktop\dev\esprit-PIDEV-3A16-2526-FARMIA\tests\Functional\Controller\AnimalControllerTest.php:147"&gt;
                &lt;svg xmlns="http://www.w3.org/2000/svg" height="24" viewBox="0 0 24 24" width="24"&gt;&lt;path d="M0 0h24v24H0z" fill="none"/&gt;&lt;path d="M16 1H4c-1.1 0-2 .9-2 2v14h2V3h12V1zm3 4H8c-1.1 0-2 .9-2 2v14c0 1.1.9 2 2 2h11c1.1 0 2-.9 2-2V7c0-1.1-.9-2-2-2zm0 16H8V7h11v14z"/&gt;&lt;/svg&gt;            &lt;/span&gt;
        &lt;/span&gt;
    &lt;/div&gt;
    &lt;div id="trace-html-1-21" class="trace-code sf-toggle-content"&gt;
        &lt;ol start="142"&gt;&lt;li&gt;&lt;code&gt;&lt;span style="color: var(--highlight-keyword)"&gt;&amp;nbsp;&amp;nbsp;&amp;nbsp;&amp;nbsp;&lt;/span&gt;&lt;span style="color: var(--highlight-comment)"&gt;/**&#13;&lt;/span&gt;&lt;/code&gt;&lt;/li&gt;
&lt;li&gt;&lt;code&gt;&lt;span style="color: var(--highlight-comment)"&gt;&amp;nbsp;&amp;nbsp;&amp;nbsp;&amp;nbsp;&amp;nbsp;*&amp;nbsp;TEST:&amp;nbsp;Unauthenticated&amp;nbsp;redirect&#13;&lt;/span&gt;&lt;/code&gt;&lt;/li&gt;
&lt;li&gt;&lt;code&gt;&lt;span style="color: var(--highlight-comment)"&gt;&amp;nbsp;&amp;nbsp;&amp;nbsp;&amp;nbsp;&amp;nbsp;*/&#13;&lt;/span&gt;&lt;/code&gt;&lt;/li&gt;
&lt;li&gt;&lt;code&gt;&lt;span style="color: var(--highlight-comment)"&gt;&amp;nbsp;&amp;nbsp;&amp;nbsp;&amp;nbsp;&lt;/span&gt;&lt;span style="color: var(--highlight-keyword)"&gt;public&amp;nbsp;function&amp;nbsp;&lt;/span&gt;&lt;span style="color: var(--highlight-default)"&gt;testUnauthenticatedUserIsRedirected&lt;/span&gt;&lt;span style="color: var(--highlight-keyword)"&gt;():&amp;nbsp;&lt;/span&gt;&lt;span style="color: var(--highlight-default)"&gt;void&#13;&lt;/span&gt;&lt;/code&gt;&lt;/li&gt;
&lt;li&gt;&lt;code&gt;&lt;span style="color: var(--highlight-default)"&gt;&amp;nbsp;&amp;nbsp;&amp;nbsp;&amp;nbsp;&lt;/span&gt;&lt;span style="color: var(--highlight-keyword)"&gt;{&#13;&lt;/span&gt;&lt;/code&gt;&lt;/li&gt;
&lt;li class="selected"&gt;&lt;code&gt;&lt;span style="color: var(--highlight-keyword)"&gt;&amp;nbsp;&amp;nbsp;&amp;nbsp;&amp;nbsp;&amp;nbsp;&amp;nbsp;&amp;nbsp;&amp;nbsp;&lt;/span&gt;&lt;span style="color: var(--highlight-default)"&gt;self&lt;/span&gt;&lt;span style="color: var(--highlight-keyword)"&gt;::&lt;/span&gt;&lt;span style="color: var(--highlight-default)"&gt;$client&lt;/span&gt;&lt;span style="color: var(--highlight-keyword)"&gt;-&amp;gt;&lt;/span&gt;&lt;span style="color: var(--highlight-default)"&gt;request&lt;/span&gt;&lt;span style="color: var(--highlight-keyword)"&gt;(&lt;/span&gt;&lt;span style="color: var(--highlight-string)"&gt;'GET'&lt;/span&gt;&lt;span style="color: var(--highlight-keyword)"&gt;,&amp;nbsp;&lt;/span&gt;&lt;span style="color: var(--highlight-string)"&gt;'/animal/'&lt;/span&gt;&lt;span style="color: var(--highlight-keyword)"&gt;);&#13;&lt;/span&gt;&lt;/code&gt;&lt;/li&gt;
&lt;li&gt;&lt;code&gt;&lt;span style="color: var(--highlight-keyword)"&gt;&amp;nbsp;&amp;nbsp;&amp;nbsp;&amp;nbsp;&amp;nbsp;&amp;nbsp;&amp;nbsp;&amp;nbsp;&lt;/span&gt;&lt;span style="color: var(--highlight-default)"&gt;$this&lt;/span&gt;&lt;span style="color: var(--highlight-keyword)"&gt;-&amp;gt;&lt;/span&gt;&lt;span style="color: var(--highlight-default)"&gt;assertResponseRedirects&lt;/span&gt;&lt;span style="color: var(--highlight-keyword)"&gt;();&#13;&lt;/span&gt;&lt;/code&gt;&lt;/li&gt;
&lt;li&gt;&lt;code&gt;&lt;span style="color: var(--highlight-keyword)"&gt;&amp;nbsp;&amp;nbsp;&amp;nbsp;&amp;nbsp;}&#13;&lt;/span&gt;&lt;/code&gt;&lt;/li&gt;
&lt;li&gt;&lt;code&gt;&lt;span style="color: var(--highlight-keyword)"&gt;&#13;&lt;/span&gt;&lt;/code&gt;&lt;/li&gt;
&lt;li&gt;&lt;code&gt;&lt;span style="color: var(--highlight-keyword)"&gt;&amp;nbsp;&amp;nbsp;&amp;nbsp;&amp;nbsp;private&amp;nbsp;function&amp;nbsp;&lt;/span&gt;&lt;span style="color: var(--highlight-default)"&gt;createTestFerme&lt;/span&gt;&lt;span style="color: var(--highlight-keyword)"&gt;():&amp;nbsp;&lt;/span&gt;&lt;span style="color: var(--highlight-default)"&gt;Ferme&#13;&lt;/span&gt;&lt;/code&gt;&lt;/li&gt;
&lt;li&gt;&lt;code&gt;&lt;span style="color: var(--highlight-default)"&gt;&amp;nbsp;&amp;nbsp;&amp;nbsp;&amp;nbsp;&lt;/span&gt;&lt;span style="color: var(--highlight-keyword)"&gt;{&#13;&lt;/span&gt;&lt;/code&gt;&lt;/li&gt;&lt;/ol&gt;    &lt;/div&gt;            &lt;/div&gt;
                        &lt;div class="trace-line "&gt;
                &lt;div class="trace-line-header break-long-words sf-toggle" data-toggle-selector="#trace-html-1-22" data-toggle-initial=""&gt;
            &lt;span class="icon icon-close"&gt;&lt;svg width="1792" height="1792" viewBox="0 0 1792 1792" xmlns="http://www.w3.org/2000/svg"&gt;&lt;path d="M1408 960V832q0-26-19-45t-45-19H448q-26 0-45 19t-19 45v128q0 26 19 45t45 19h896q26 0 45-19t19-45zm256-544v960q0 119-84.5 203.5T1376 1664H416q-119 0-203.5-84.5T128 1376V416q0-119 84.5-203.5T416 128h960q119 0 203.5 84.5T1664 416z"/&gt;&lt;/svg&gt;&lt;/span&gt;
        &lt;span class="icon icon-open"&gt;&lt;svg width="1792" height="1792" viewBox="0 0 1792 1792" xmlns="http://www.w3.org/2000/svg"&gt;&lt;path d="M1408 960V832q0-26-19-45t-45-19h-320V448q0-26-19-45t-45-19H832q-26 0-45 19t-19 45v320H448q-26 0-45 19t-19 45v128q0 26 19 45t45 19h320v320q0 26 19 45t45 19h128q26 0 45-19t19-45v-320h320q26 0 45-19t19-45zm256-544v960q0 119-84.5 203.5T1376 1664H416q-119 0-203.5-84.5T128 1376V416q0-119 84.5-203.5T416 128h960q119 0 203.5 84.5T1664 416z"/&gt;&lt;/svg&gt;&lt;/span&gt;
    
            &lt;span class="trace-class"&gt;&lt;abbr title="App\Tests\Functional\Controller\AnimalControllerTest"&gt;AnimalControllerTest&lt;/abbr&gt;&lt;/span&gt;&lt;span class="trace-type"&gt;-&gt;&lt;/span&gt;&lt;span class="trace-method"&gt;testUnauthenticatedUserIsRedirected&lt;/span&gt;&lt;span class="trace-arguments"&gt;()&lt;/span&gt;    
                    &lt;span class="block trace-file-path"&gt;
            in
            &lt;a href="file://C:\Users\sliti\Desktop\dev\esprit-PIDEV-3A16-2526-FARMIA\vendor\phpunit\phpunit\src\Framework\TestCase.php#L1617"&gt;
                C:\Users\sliti\Desktop\dev\esprit-PIDEV-3A16-2526-FARMIA\vendor\phpunit\phpunit\src\Framework\&lt;strong&gt;TestCase.php&lt;/strong&gt;
            &lt;/a&gt;
                        (line 1617)
            &lt;span class="icon icon-copy hidden" data-clipboard-text="C:\Users\sliti\Desktop\dev\esprit-PIDEV-3A16-2526-FARMIA\vendor\phpunit\phpunit\src\Framework\TestCase.php:1617"&gt;
                &lt;svg xmlns="http://www.w3.org/2000/svg" height="24" viewBox="0 0 24 24" width="24"&gt;&lt;path d="M0 0h24v24H0z" fill="none"/&gt;&lt;path d="M16 1H4c-1.1 0-2 .9-2 2v14h2V3h12V1zm3 4H8c-1.1 0-2 .9-2 2v14c0 1.1.9 2 2 2h11c1.1 0 2-.9 2-2V7c0-1.1-.9-2-2-2zm0 16H8V7h11v14z"/&gt;&lt;/svg&gt;            &lt;/span&gt;
        &lt;/span&gt;
    &lt;/div&gt;
    &lt;div id="trace-html-1-22" class="trace-code sf-toggle-content"&gt;
        &lt;ol start="1612"&gt;&lt;li&gt;&lt;code&gt;&lt;span style="color: var(--highlight-keyword)"&gt;&amp;nbsp;&amp;nbsp;&amp;nbsp;&amp;nbsp;&amp;nbsp;&amp;nbsp;&amp;nbsp;&amp;nbsp;&lt;/span&gt;&lt;span style="color: var(--highlight-default)"&gt;$testArguments&amp;nbsp;&lt;/span&gt;&lt;span style="color: var(--highlight-keyword)"&gt;=&amp;nbsp;&lt;/span&gt;&lt;span style="color: var(--highlight-default)"&gt;array_merge&lt;/span&gt;&lt;span style="color: var(--highlight-keyword)"&gt;(&lt;/span&gt;&lt;span style="color: var(--highlight-default)"&gt;$this&lt;/span&gt;&lt;span style="color: var(--highlight-keyword)"&gt;-&amp;gt;&lt;/span&gt;&lt;span style="color: var(--highlight-default)"&gt;data&lt;/span&gt;&lt;span style="color: var(--highlight-keyword)"&gt;,&amp;nbsp;&lt;/span&gt;&lt;span style="color: var(--highlight-default)"&gt;$this&lt;/span&gt;&lt;span style="color: var(--highlight-keyword)"&gt;-&amp;gt;&lt;/span&gt;&lt;span style="color: var(--highlight-default)"&gt;dependencyInput&lt;/span&gt;&lt;span style="color: var(--highlight-keyword)"&gt;);&lt;/span&gt;&lt;/code&gt;&lt;/li&gt;
&lt;li&gt;&lt;code&gt;&lt;span style="color: var(--highlight-keyword)"&gt;&lt;/span&gt;&lt;/code&gt;&lt;/li&gt;
&lt;li&gt;&lt;code&gt;&lt;span style="color: var(--highlight-keyword)"&gt;&amp;nbsp;&amp;nbsp;&amp;nbsp;&amp;nbsp;&amp;nbsp;&amp;nbsp;&amp;nbsp;&amp;nbsp;&lt;/span&gt;&lt;span style="color: var(--highlight-default)"&gt;$this&lt;/span&gt;&lt;span style="color: var(--highlight-keyword)"&gt;-&amp;gt;&lt;/span&gt;&lt;span style="color: var(--highlight-default)"&gt;registerMockObjectsFromTestArguments&lt;/span&gt;&lt;span style="color: var(--highlight-keyword)"&gt;(&lt;/span&gt;&lt;span style="color: var(--highlight-default)"&gt;$testArguments&lt;/span&gt;&lt;span style="color: var(--highlight-keyword)"&gt;);&lt;/span&gt;&lt;/code&gt;&lt;/li&gt;
&lt;li&gt;&lt;code&gt;&lt;span style="color: var(--highlight-keyword)"&gt;&lt;/span&gt;&lt;/code&gt;&lt;/li&gt;
&lt;li&gt;&lt;code&gt;&lt;span style="color: var(--highlight-keyword)"&gt;&amp;nbsp;&amp;nbsp;&amp;nbsp;&amp;nbsp;&amp;nbsp;&amp;nbsp;&amp;nbsp;&amp;nbsp;try&amp;nbsp;{&lt;/span&gt;&lt;/code&gt;&lt;/li&gt;
&lt;li class="selected"&gt;&lt;code&gt;&lt;span style="color: var(--highlight-keyword)"&gt;&amp;nbsp;&amp;nbsp;&amp;nbsp;&amp;nbsp;&amp;nbsp;&amp;nbsp;&amp;nbsp;&amp;nbsp;&amp;nbsp;&amp;nbsp;&amp;nbsp;&amp;nbsp;&lt;/span&gt;&lt;span style="color: var(--highlight-default)"&gt;$testResult&amp;nbsp;&lt;/span&gt;&lt;span style="color: var(--highlight-keyword)"&gt;=&amp;nbsp;&lt;/span&gt;&lt;span style="color: var(--highlight-default)"&gt;$this&lt;/span&gt;&lt;span style="color: var(--highlight-keyword)"&gt;-&amp;gt;{&lt;/span&gt;&lt;span style="color: var(--highlight-default)"&gt;$this&lt;/span&gt;&lt;span style="color: var(--highlight-keyword)"&gt;-&amp;gt;&lt;/span&gt;&lt;span style="color: var(--highlight-default)"&gt;name&lt;/span&gt;&lt;span style="color: var(--highlight-keyword)"&gt;}(...&lt;/span&gt;&lt;span style="color: var(--highlight-default)"&gt;array_values&lt;/span&gt;&lt;span style="color: var(--highlight-keyword)"&gt;(&lt;/span&gt;&lt;span style="color: var(--highlight-default)"&gt;$testArguments&lt;/span&gt;&lt;span style="color: var(--highlight-keyword)"&gt;));&lt;/span&gt;&lt;/code&gt;&lt;/li&gt;
&lt;li&gt;&lt;code&gt;&lt;span style="color: var(--highlight-keyword)"&gt;&amp;nbsp;&amp;nbsp;&amp;nbsp;&amp;nbsp;&amp;nbsp;&amp;nbsp;&amp;nbsp;&amp;nbsp;}&amp;nbsp;catch&amp;nbsp;(&lt;/span&gt;&lt;span style="color: var(--highlight-default)"&gt;Throwable&amp;nbsp;$exception&lt;/span&gt;&lt;span style="color: var(--highlight-keyword)"&gt;)&amp;nbsp;{&lt;/span&gt;&lt;/code&gt;&lt;/li&gt;
&lt;li&gt;&lt;code&gt;&lt;span style="color: var(--highlight-keyword)"&gt;&amp;nbsp;&amp;nbsp;&amp;nbsp;&amp;nbsp;&amp;nbsp;&amp;nbsp;&amp;nbsp;&amp;nbsp;&amp;nbsp;&amp;nbsp;&amp;nbsp;&amp;nbsp;if&amp;nbsp;(!&lt;/span&gt;&lt;span style="color: var(--highlight-default)"&gt;$this&lt;/span&gt;&lt;span style="color: var(--highlight-keyword)"&gt;-&amp;gt;&lt;/span&gt;&lt;span style="color: var(--highlight-default)"&gt;checkExceptionExpectations&lt;/span&gt;&lt;span style="color: var(--highlight-keyword)"&gt;(&lt;/span&gt;&lt;span style="color: var(--highlight-default)"&gt;$exception&lt;/span&gt;&lt;span style="color: var(--highlight-keyword)"&gt;))&amp;nbsp;{&lt;/span&gt;&lt;/code&gt;&lt;/li&gt;
&lt;li&gt;&lt;code&gt;&lt;span style="color: var(--highlight-keyword)"&gt;&amp;nbsp;&amp;nbsp;&amp;nbsp;&amp;nbsp;&amp;nbsp;&amp;nbsp;&amp;nbsp;&amp;nbsp;&amp;nbsp;&amp;nbsp;&amp;nbsp;&amp;nbsp;&amp;nbsp;&amp;nbsp;&amp;nbsp;&amp;nbsp;throw&amp;nbsp;&lt;/span&gt;&lt;span style="color: var(--highlight-default)"&gt;$exception&lt;/span&gt;&lt;span style="color: var(--highlight-keyword)"&gt;;&lt;/span&gt;&lt;/code&gt;&lt;/li&gt;
&lt;li&gt;&lt;code&gt;&lt;span style="color: var(--highlight-keyword)"&gt;&amp;nbsp;&amp;nbsp;&amp;nbsp;&amp;nbsp;&amp;nbsp;&amp;nbsp;&amp;nbsp;&amp;nbsp;&amp;nbsp;&amp;nbsp;&amp;nbsp;&amp;nbsp;}&lt;/span&gt;&lt;/code&gt;&lt;/li&gt;
&lt;li&gt;&lt;code&gt;&lt;span style="color: var(--highlight-keyword)"&gt;&lt;/span&gt;&lt;/code&gt;&lt;/li&gt;&lt;/ol&gt;    &lt;/div&gt;            &lt;/div&gt;
                        &lt;div class="trace-line "&gt;
                &lt;div class="trace-line-header break-long-words sf-toggle" data-toggle-selector="#trace-html-1-23" data-toggle-initial=""&gt;
            &lt;span class="icon icon-close"&gt;&lt;svg width="1792" height="1792" viewBox="0 0 1792 1792" xmlns="http://www.w3.org/2000/svg"&gt;&lt;path d="M1408 960V832q0-26-19-45t-45-19H448q-26 0-45 19t-19 45v128q0 26 19 45t45 19h896q26 0 45-19t19-45zm256-544v960q0 119-84.5 203.5T1376 1664H416q-119 0-203.5-84.5T128 1376V416q0-119 84.5-203.5T416 128h960q119 0 203.5 84.5T1664 416z"/&gt;&lt;/svg&gt;&lt;/span&gt;
        &lt;span class="icon icon-open"&gt;&lt;svg width="1792" height="1792" viewBox="0 0 1792 1792" xmlns="http://www.w3.org/2000/svg"&gt;&lt;path d="M1408 960V832q0-26-19-45t-45-19h-320V448q0-26-19-45t-45-19H832q-26 0-45 19t-19 45v320H448q-26 0-45 19t-19 45v128q0 26 19 45t45 19h320v320q0 26 19 45t45 19h128q26 0 45-19t19-45v-320h320q26 0 45-19t19-45zm256-544v960q0 119-84.5 203.5T1376 1664H416q-119 0-203.5-84.5T128 1376V416q0-119 84.5-203.5T416 128h960q119 0 203.5 84.5T1664 416z"/&gt;&lt;/svg&gt;&lt;/span&gt;
    
            &lt;span class="trace-class"&gt;&lt;abbr title="PHPUnit\Framework\TestCase"&gt;TestCase&lt;/abbr&gt;&lt;/span&gt;&lt;span class="trace-type"&gt;-&gt;&lt;/span&gt;&lt;span class="trace-method"&gt;runTest&lt;/span&gt;&lt;span class="trace-arguments"&gt;()&lt;/span&gt;    
                    &lt;span class="block trace-file-path"&gt;
            in
            &lt;a href="file://C:\Users\sliti\Desktop\dev\esprit-PIDEV-3A16-2526-FARMIA\vendor\phpunit\phpunit\src\Framework\TestCase.php#L1223"&gt;
                C:\Users\sliti\Desktop\dev\esprit-PIDEV-3A16-2526-FARMIA\vendor\phpunit\phpunit\src\Framework\&lt;strong&gt;TestCase.php&lt;/strong&gt;
            &lt;/a&gt;
                        (line 1223)
            &lt;span class="icon icon-copy hidden" data-clipboard-text="C:\Users\sliti\Desktop\dev\esprit-PIDEV-3A16-2526-FARMIA\vendor\phpunit\phpunit\src\Framework\TestCase.php:1223"&gt;
                &lt;svg xmlns="http://www.w3.org/2000/svg" height="24" viewBox="0 0 24 24" width="24"&gt;&lt;path d="M0 0h24v24H0z" fill="none"/&gt;&lt;path d="M16 1H4c-1.1 0-2 .9-2 2v14h2V3h12V1zm3 4H8c-1.1 0-2 .9-2 2v14c0 1.1.9 2 2 2h11c1.1 0 2-.9 2-2V7c0-1.1-.9-2-2-2zm0 16H8V7h11v14z"/&gt;&lt;/svg&gt;            &lt;/span&gt;
        &lt;/span&gt;
    &lt;/div&gt;
    &lt;div id="trace-html-1-23" class="trace-code sf-toggle-content"&gt;
        &lt;ol start="1218"&gt;&lt;li&gt;&lt;code&gt;&lt;span style="color: var(--highlight-keyword)"&gt;&lt;/span&gt;&lt;/code&gt;&lt;/li&gt;
&lt;li&gt;&lt;code&gt;&lt;span style="color: var(--highlight-keyword)"&gt;&amp;nbsp;&amp;nbsp;&amp;nbsp;&amp;nbsp;&amp;nbsp;&amp;nbsp;&amp;nbsp;&amp;nbsp;&amp;nbsp;&amp;nbsp;&amp;nbsp;&amp;nbsp;foreach&amp;nbsp;(&lt;/span&gt;&lt;span style="color: var(--highlight-default)"&gt;$hookMethods&lt;/span&gt;&lt;span style="color: var(--highlight-keyword)"&gt;[&lt;/span&gt;&lt;span style="color: var(--highlight-string)"&gt;'preCondition'&lt;/span&gt;&lt;span style="color: var(--highlight-keyword)"&gt;]&amp;nbsp;as&amp;nbsp;&lt;/span&gt;&lt;span style="color: var(--highlight-default)"&gt;$method&lt;/span&gt;&lt;span style="color: var(--highlight-keyword)"&gt;)&amp;nbsp;{&lt;/span&gt;&lt;/code&gt;&lt;/li&gt;
&lt;li&gt;&lt;code&gt;&lt;span style="color: var(--highlight-keyword)"&gt;&amp;nbsp;&amp;nbsp;&amp;nbsp;&amp;nbsp;&amp;nbsp;&amp;nbsp;&amp;nbsp;&amp;nbsp;&amp;nbsp;&amp;nbsp;&amp;nbsp;&amp;nbsp;&amp;nbsp;&amp;nbsp;&amp;nbsp;&amp;nbsp;&lt;/span&gt;&lt;span style="color: var(--highlight-default)"&gt;$this&lt;/span&gt;&lt;span style="color: var(--highlight-keyword)"&gt;-&amp;gt;{&lt;/span&gt;&lt;span style="color: var(--highlight-default)"&gt;$method&lt;/span&gt;&lt;span style="color: var(--highlight-keyword)"&gt;}();&lt;/span&gt;&lt;/code&gt;&lt;/li&gt;
&lt;li&gt;&lt;code&gt;&lt;span style="color: var(--highlight-keyword)"&gt;&amp;nbsp;&amp;nbsp;&amp;nbsp;&amp;nbsp;&amp;nbsp;&amp;nbsp;&amp;nbsp;&amp;nbsp;&amp;nbsp;&amp;nbsp;&amp;nbsp;&amp;nbsp;}&lt;/span&gt;&lt;/code&gt;&lt;/li&gt;
&lt;li&gt;&lt;code&gt;&lt;span style="color: var(--highlight-keyword)"&gt;&lt;/span&gt;&lt;/code&gt;&lt;/li&gt;
&lt;li class="selected"&gt;&lt;code&gt;&lt;span style="color: var(--highlight-keyword)"&gt;&amp;nbsp;&amp;nbsp;&amp;nbsp;&amp;nbsp;&amp;nbsp;&amp;nbsp;&amp;nbsp;&amp;nbsp;&amp;nbsp;&amp;nbsp;&amp;nbsp;&amp;nbsp;&lt;/span&gt;&lt;span style="color: var(--highlight-default)"&gt;$this&lt;/span&gt;&lt;span style="color: var(--highlight-keyword)"&gt;-&amp;gt;&lt;/span&gt;&lt;span style="color: var(--highlight-default)"&gt;testResult&amp;nbsp;&lt;/span&gt;&lt;span style="color: var(--highlight-keyword)"&gt;=&amp;nbsp;&lt;/span&gt;&lt;span style="color: var(--highlight-default)"&gt;$this&lt;/span&gt;&lt;span style="color: var(--highlight-keyword)"&gt;-&amp;gt;&lt;/span&gt;&lt;span style="color: var(--highlight-default)"&gt;runTest&lt;/span&gt;&lt;span style="color: var(--highlight-keyword)"&gt;();&lt;/span&gt;&lt;/code&gt;&lt;/li&gt;
&lt;li&gt;&lt;code&gt;&lt;span style="color: var(--highlight-keyword)"&gt;&amp;nbsp;&amp;nbsp;&amp;nbsp;&amp;nbsp;&amp;nbsp;&amp;nbsp;&amp;nbsp;&amp;nbsp;&amp;nbsp;&amp;nbsp;&amp;nbsp;&amp;nbsp;&lt;/span&gt;&lt;span style="color: var(--highlight-default)"&gt;$this&lt;/span&gt;&lt;span style="color: var(--highlight-keyword)"&gt;-&amp;gt;&lt;/span&gt;&lt;span style="color: var(--highlight-default)"&gt;verifyMockObjects&lt;/span&gt;&lt;span style="color: var(--highlight-keyword)"&gt;();&lt;/span&gt;&lt;/code&gt;&lt;/li&gt;
&lt;li&gt;&lt;code&gt;&lt;span style="color: var(--highlight-keyword)"&gt;&lt;/span&gt;&lt;/code&gt;&lt;/li&gt;
&lt;li&gt;&lt;code&gt;&lt;span style="color: var(--highlight-keyword)"&gt;&amp;nbsp;&amp;nbsp;&amp;nbsp;&amp;nbsp;&amp;nbsp;&amp;nbsp;&amp;nbsp;&amp;nbsp;&amp;nbsp;&amp;nbsp;&amp;nbsp;&amp;nbsp;foreach&amp;nbsp;(&lt;/span&gt;&lt;span style="color: var(--highlight-default)"&gt;$hookMethods&lt;/span&gt;&lt;span style="color: var(--highlight-keyword)"&gt;[&lt;/span&gt;&lt;span style="color: var(--highlight-string)"&gt;'postCondition'&lt;/span&gt;&lt;span style="color: var(--highlight-keyword)"&gt;]&amp;nbsp;as&amp;nbsp;&lt;/span&gt;&lt;span style="color: var(--highlight-default)"&gt;$method&lt;/span&gt;&lt;span style="color: var(--highlight-keyword)"&gt;)&amp;nbsp;{&lt;/span&gt;&lt;/code&gt;&lt;/li&gt;
&lt;li&gt;&lt;code&gt;&lt;span style="color: var(--highlight-keyword)"&gt;&amp;nbsp;&amp;nbsp;&amp;nbsp;&amp;nbsp;&amp;nbsp;&amp;nbsp;&amp;nbsp;&amp;nbsp;&amp;nbsp;&amp;nbsp;&amp;nbsp;&amp;nbsp;&amp;nbsp;&amp;nbsp;&amp;nbsp;&amp;nbsp;&lt;/span&gt;&lt;span style="color: var(--highlight-default)"&gt;$this&lt;/span&gt;&lt;span style="color: var(--highlight-keyword)"&gt;-&amp;gt;{&lt;/span&gt;&lt;span style="color: var(--highlight-default)"&gt;$method&lt;/span&gt;&lt;span style="color: var(--highlight-keyword)"&gt;}();&lt;/span&gt;&lt;/code&gt;&lt;/li&gt;
&lt;li&gt;&lt;code&gt;&lt;span style="color: var(--highlight-keyword)"&gt;&amp;nbsp;&amp;nbsp;&amp;nbsp;&amp;nbsp;&amp;nbsp;&amp;nbsp;&amp;nbsp;&amp;nbsp;&amp;nbsp;&amp;nbsp;&amp;nbsp;&amp;nbsp;}&lt;/span&gt;&lt;/code&gt;&lt;/li&gt;&lt;/ol&gt;    &lt;/div&gt;            &lt;/div&gt;
                        &lt;div class="trace-line "&gt;
                &lt;div class="trace-line-header break-long-words sf-toggle" data-toggle-selector="#trace-html-1-24" data-toggle-initial=""&gt;
            &lt;span class="icon icon-close"&gt;&lt;svg width="1792" height="1792" viewBox="0 0 1792 1792" xmlns="http://www.w3.org/2000/svg"&gt;&lt;path d="M1408 960V832q0-26-19-45t-45-19H448q-26 0-45 19t-19 45v128q0 26 19 45t45 19h896q26 0 45-19t19-45zm256-544v960q0 119-84.5 203.5T1376 1664H416q-119 0-203.5-84.5T128 1376V416q0-119 84.5-203.5T416 128h960q119 0 203.5 84.5T1664 416z"/&gt;&lt;/svg&gt;&lt;/span&gt;
        &lt;span class="icon icon-open"&gt;&lt;svg width="1792" height="1792" viewBox="0 0 1792 1792" xmlns="http://www.w3.org/2000/svg"&gt;&lt;path d="M1408 960V832q0-26-19-45t-45-19h-320V448q0-26-19-45t-45-19H832q-26 0-45 19t-19 45v320H448q-26 0-45 19t-19 45v128q0 26 19 45t45 19h320v320q0 26 19 45t45 19h128q26 0 45-19t19-45v-320h320q26 0 45-19t19-45zm256-544v960q0 119-84.5 203.5T1376 1664H416q-119 0-203.5-84.5T128 1376V416q0-119 84.5-203.5T416 128h960q119 0 203.5 84.5T1664 416z"/&gt;&lt;/svg&gt;&lt;/span&gt;
    
            &lt;span class="trace-class"&gt;&lt;abbr title="PHPUnit\Framework\TestCase"&gt;TestCase&lt;/abbr&gt;&lt;/span&gt;&lt;span class="trace-type"&gt;-&gt;&lt;/span&gt;&lt;span class="trace-method"&gt;runBare&lt;/span&gt;&lt;span class="trace-arguments"&gt;()&lt;/span&gt;    
                    &lt;span class="block trace-file-path"&gt;
            in
            &lt;a href="file://C:\Users\sliti\Desktop\dev\esprit-PIDEV-3A16-2526-FARMIA\vendor\phpunit\phpunit\src\Framework\TestResult.php#L729"&gt;
                C:\Users\sliti\Desktop\dev\esprit-PIDEV-3A16-2526-FARMIA\vendor\phpunit\phpunit\src\Framework\&lt;strong&gt;TestResult.php&lt;/strong&gt;
            &lt;/a&gt;
                        (line 729)
            &lt;span class="icon icon-copy hidden" data-clipboard-text="C:\Users\sliti\Desktop\dev\esprit-PIDEV-3A16-2526-FARMIA\vendor\phpunit\phpunit\src\Framework\TestResult.php:729"&gt;
                &lt;svg xmlns="http://www.w3.org/2000/svg" height="24" viewBox="0 0 24 24" width="24"&gt;&lt;path d="M0 0h24v24H0z" fill="none"/&gt;&lt;path d="M16 1H4c-1.1 0-2 .9-2 2v14h2V3h12V1zm3 4H8c-1.1 0-2 .9-2 2v14c0 1.1.9 2 2 2h11c1.1 0 2-.9 2-2V7c0-1.1-.9-2-2-2zm0 16H8V7h11v14z"/&gt;&lt;/svg&gt;            &lt;/span&gt;
        &lt;/span&gt;
    &lt;/div&gt;
    &lt;div id="trace-html-1-24" class="trace-code sf-toggle-content"&gt;
        &lt;ol start="724"&gt;&lt;li&gt;&lt;code&gt;&lt;span style="color: var(--highlight-keyword)"&gt;&amp;nbsp;&amp;nbsp;&amp;nbsp;&amp;nbsp;&amp;nbsp;&amp;nbsp;&amp;nbsp;&amp;nbsp;&amp;nbsp;&amp;nbsp;&amp;nbsp;&amp;nbsp;&amp;nbsp;&amp;nbsp;&amp;nbsp;&amp;nbsp;&amp;nbsp;&amp;nbsp;&amp;nbsp;&amp;nbsp;&amp;nbsp;&amp;nbsp;&amp;nbsp;&amp;nbsp;&lt;/span&gt;&lt;span style="color: var(--highlight-default)"&gt;$_timeout&amp;nbsp;&lt;/span&gt;&lt;span style="color: var(--highlight-keyword)"&gt;=&amp;nbsp;&lt;/span&gt;&lt;span style="color: var(--highlight-default)"&gt;$this&lt;/span&gt;&lt;span style="color: var(--highlight-keyword)"&gt;-&amp;gt;&lt;/span&gt;&lt;span style="color: var(--highlight-default)"&gt;defaultTimeLimit&lt;/span&gt;&lt;span style="color: var(--highlight-keyword)"&gt;;&lt;/span&gt;&lt;/code&gt;&lt;/li&gt;
&lt;li&gt;&lt;code&gt;&lt;span style="color: var(--highlight-keyword)"&gt;&amp;nbsp;&amp;nbsp;&amp;nbsp;&amp;nbsp;&amp;nbsp;&amp;nbsp;&amp;nbsp;&amp;nbsp;&amp;nbsp;&amp;nbsp;&amp;nbsp;&amp;nbsp;&amp;nbsp;&amp;nbsp;&amp;nbsp;&amp;nbsp;}&lt;/span&gt;&lt;/code&gt;&lt;/li&gt;
&lt;li&gt;&lt;code&gt;&lt;span style="color: var(--highlight-keyword)"&gt;&lt;/span&gt;&lt;/code&gt;&lt;/li&gt;
&lt;li&gt;&lt;code&gt;&lt;span style="color: var(--highlight-keyword)"&gt;&amp;nbsp;&amp;nbsp;&amp;nbsp;&amp;nbsp;&amp;nbsp;&amp;nbsp;&amp;nbsp;&amp;nbsp;&amp;nbsp;&amp;nbsp;&amp;nbsp;&amp;nbsp;&amp;nbsp;&amp;nbsp;&amp;nbsp;&amp;nbsp;&lt;/span&gt;&lt;span style="color: var(--highlight-default)"&gt;$invoker&lt;/span&gt;&lt;span style="color: var(--highlight-keyword)"&gt;-&amp;gt;&lt;/span&gt;&lt;span style="color: var(--highlight-default)"&gt;invoke&lt;/span&gt;&lt;span style="color: var(--highlight-keyword)"&gt;([&lt;/span&gt;&lt;span style="color: var(--highlight-default)"&gt;$test&lt;/span&gt;&lt;span style="color: var(--highlight-keyword)"&gt;,&amp;nbsp;&lt;/span&gt;&lt;span style="color: var(--highlight-string)"&gt;'runBare'&lt;/span&gt;&lt;span style="color: var(--highlight-keyword)"&gt;],&amp;nbsp;[],&amp;nbsp;&lt;/span&gt;&lt;span style="color: var(--highlight-default)"&gt;$_timeout&lt;/span&gt;&lt;span style="color: var(--highlight-keyword)"&gt;);&lt;/span&gt;&lt;/code&gt;&lt;/li&gt;
&lt;li&gt;&lt;code&gt;&lt;span style="color: var(--highlight-keyword)"&gt;&amp;nbsp;&amp;nbsp;&amp;nbsp;&amp;nbsp;&amp;nbsp;&amp;nbsp;&amp;nbsp;&amp;nbsp;&amp;nbsp;&amp;nbsp;&amp;nbsp;&amp;nbsp;}&amp;nbsp;else&amp;nbsp;{&lt;/span&gt;&lt;/code&gt;&lt;/li&gt;
&lt;li class="selected"&gt;&lt;code&gt;&lt;span style="color: var(--highlight-keyword)"&gt;&amp;nbsp;&amp;nbsp;&amp;nbsp;&amp;nbsp;&amp;nbsp;&amp;nbsp;&amp;nbsp;&amp;nbsp;&amp;nbsp;&amp;nbsp;&amp;nbsp;&amp;nbsp;&amp;nbsp;&amp;nbsp;&amp;nbsp;&amp;nbsp;&lt;/span&gt;&lt;span style="color: var(--highlight-default)"&gt;$test&lt;/span&gt;&lt;span style="color: var(--highlight-keyword)"&gt;-&amp;gt;&lt;/span&gt;&lt;span style="color: var(--highlight-default)"&gt;runBare&lt;/span&gt;&lt;span style="color: var(--highlight-keyword)"&gt;();&lt;/span&gt;&lt;/code&gt;&lt;/li&gt;
&lt;li&gt;&lt;code&gt;&lt;span style="color: var(--highlight-keyword)"&gt;&amp;nbsp;&amp;nbsp;&amp;nbsp;&amp;nbsp;&amp;nbsp;&amp;nbsp;&amp;nbsp;&amp;nbsp;&amp;nbsp;&amp;nbsp;&amp;nbsp;&amp;nbsp;}&lt;/span&gt;&lt;/code&gt;&lt;/li&gt;
&lt;li&gt;&lt;code&gt;&lt;span style="color: var(--highlight-keyword)"&gt;&amp;nbsp;&amp;nbsp;&amp;nbsp;&amp;nbsp;&amp;nbsp;&amp;nbsp;&amp;nbsp;&amp;nbsp;}&amp;nbsp;catch&amp;nbsp;(&lt;/span&gt;&lt;span style="color: var(--highlight-default)"&gt;TimeoutException&amp;nbsp;$e&lt;/span&gt;&lt;span style="color: var(--highlight-keyword)"&gt;)&amp;nbsp;{&lt;/span&gt;&lt;/code&gt;&lt;/li&gt;
&lt;li&gt;&lt;code&gt;&lt;span style="color: var(--highlight-keyword)"&gt;&amp;nbsp;&amp;nbsp;&amp;nbsp;&amp;nbsp;&amp;nbsp;&amp;nbsp;&amp;nbsp;&amp;nbsp;&amp;nbsp;&amp;nbsp;&amp;nbsp;&amp;nbsp;&lt;/span&gt;&lt;span style="color: var(--highlight-default)"&gt;$this&lt;/span&gt;&lt;span style="color: var(--highlight-keyword)"&gt;-&amp;gt;&lt;/span&gt;&lt;span style="color: var(--highlight-default)"&gt;addFailure&lt;/span&gt;&lt;span style="color: var(--highlight-keyword)"&gt;(&lt;/span&gt;&lt;/code&gt;&lt;/li&gt;
&lt;li&gt;&lt;code&gt;&lt;span style="color: var(--highlight-keyword)"&gt;&amp;nbsp;&amp;nbsp;&amp;nbsp;&amp;nbsp;&amp;nbsp;&amp;nbsp;&amp;nbsp;&amp;nbsp;&amp;nbsp;&amp;nbsp;&amp;nbsp;&amp;nbsp;&amp;nbsp;&amp;nbsp;&amp;nbsp;&amp;nbsp;&lt;/span&gt;&lt;span style="color: var(--highlight-default)"&gt;$test&lt;/span&gt;&lt;span style="color: var(--highlight-keyword)"&gt;,&lt;/span&gt;&lt;/code&gt;&lt;/li&gt;
&lt;li&gt;&lt;code&gt;&lt;span style="color: var(--highlight-keyword)"&gt;&amp;nbsp;&amp;nbsp;&amp;nbsp;&amp;nbsp;&amp;nbsp;&amp;nbsp;&amp;nbsp;&amp;nbsp;&amp;nbsp;&amp;nbsp;&amp;nbsp;&amp;nbsp;&amp;nbsp;&amp;nbsp;&amp;nbsp;&amp;nbsp;new&amp;nbsp;&lt;/span&gt;&lt;span style="color: var(--highlight-default)"&gt;RiskyTestError&lt;/span&gt;&lt;span style="color: var(--highlight-keyword)"&gt;(&lt;/span&gt;&lt;/code&gt;&lt;/li&gt;&lt;/ol&gt;    &lt;/div&gt;            &lt;/div&gt;
                        &lt;div class="trace-line "&gt;
                &lt;div class="trace-line-header break-long-words sf-toggle" data-toggle-selector="#trace-html-1-25" data-toggle-initial=""&gt;
            &lt;span class="icon icon-close"&gt;&lt;svg width="1792" height="1792" viewBox="0 0 1792 1792" xmlns="http://www.w3.org/2000/svg"&gt;&lt;path d="M1408 960V832q0-26-19-45t-45-19H448q-26 0-45 19t-19 45v128q0 26 19 45t45 19h896q26 0 45-19t19-45zm256-544v960q0 119-84.5 203.5T1376 1664H416q-119 0-203.5-84.5T128 1376V416q0-119 84.5-203.5T416 128h960q119 0 203.5 84.5T1664 416z"/&gt;&lt;/svg&gt;&lt;/span&gt;
        &lt;span class="icon icon-open"&gt;&lt;svg width="1792" height="1792" viewBox="0 0 1792 1792" xmlns="http://www.w3.org/2000/svg"&gt;&lt;path d="M1408 960V832q0-26-19-45t-45-19h-320V448q0-26-19-45t-45-19H832q-26 0-45 19t-19 45v320H448q-26 0-45 19t-19 45v128q0 26 19 45t45 19h320v320q0 26 19 45t45 19h128q26 0 45-19t19-45v-320h320q26 0 45-19t19-45zm256-544v960q0 119-84.5 203.5T1376 1664H416q-119 0-203.5-84.5T128 1376V416q0-119 84.5-203.5T416 128h960q119 0 203.5 84.5T1664 416z"/&gt;&lt;/svg&gt;&lt;/span&gt;
    
            &lt;span class="trace-class"&gt;&lt;abbr title="PHPUnit\Framework\TestResult"&gt;TestResult&lt;/abbr&gt;&lt;/span&gt;&lt;span class="trace-type"&gt;-&gt;&lt;/span&gt;&lt;span class="trace-method"&gt;run&lt;/span&gt;&lt;span class="trace-arguments"&gt;(&lt;em&gt;object&lt;/em&gt;(&lt;abbr title="App\Tests\Functional\Controller\AnimalControllerTest"&gt;AnimalControllerTest&lt;/abbr&gt;))&lt;/span&gt;    
                    &lt;span class="block trace-file-path"&gt;
            in
            &lt;a href="file://C:\Users\sliti\Desktop\dev\esprit-PIDEV-3A16-2526-FARMIA\vendor\phpunit\phpunit\src\Framework\TestCase.php#L973"&gt;
                C:\Users\sliti\Desktop\dev\esprit-PIDEV-3A16-2526-FARMIA\vendor\phpunit\phpunit\src\Framework\&lt;strong&gt;TestCase.php&lt;/strong&gt;
            &lt;/a&gt;
                        (line 973)
            &lt;span class="icon icon-copy hidden" data-clipboard-text="C:\Users\sliti\Desktop\dev\esprit-PIDEV-3A16-2526-FARMIA\vendor\phpunit\phpunit\src\Framework\TestCase.php:973"&gt;
                &lt;svg xmlns="http://www.w3.org/2000/svg" height="24" viewBox="0 0 24 24" width="24"&gt;&lt;path d="M0 0h24v24H0z" fill="none"/&gt;&lt;path d="M16 1H4c-1.1 0-2 .9-2 2v14h2V3h12V1zm3 4H8c-1.1 0-2 .9-2 2v14c0 1.1.9 2 2 2h11c1.1 0 2-.9 2-2V7c0-1.1-.9-2-2-2zm0 16H8V7h11v14z"/&gt;&lt;/svg&gt;            &lt;/span&gt;
        &lt;/span&gt;
    &lt;/div&gt;
    &lt;div id="trace-html-1-25" class="trace-code sf-toggle-content"&gt;
        &lt;ol start="968"&gt;&lt;li&gt;&lt;code&gt;&lt;span style="color: var(--highlight-keyword)"&gt;&amp;nbsp;&amp;nbsp;&amp;nbsp;&amp;nbsp;&amp;nbsp;&amp;nbsp;&amp;nbsp;&amp;nbsp;&amp;nbsp;&amp;nbsp;&amp;nbsp;&amp;nbsp;&lt;/span&gt;&lt;span style="color: var(--highlight-default)"&gt;$template&lt;/span&gt;&lt;span style="color: var(--highlight-keyword)"&gt;-&amp;gt;&lt;/span&gt;&lt;span style="color: var(--highlight-default)"&gt;setVar&lt;/span&gt;&lt;span style="color: var(--highlight-keyword)"&gt;(&lt;/span&gt;&lt;span style="color: var(--highlight-default)"&gt;$var&lt;/span&gt;&lt;span style="color: var(--highlight-keyword)"&gt;);&lt;/span&gt;&lt;/code&gt;&lt;/li&gt;
&lt;li&gt;&lt;code&gt;&lt;span style="color: var(--highlight-keyword)"&gt;&lt;/span&gt;&lt;/code&gt;&lt;/li&gt;
&lt;li&gt;&lt;code&gt;&lt;span style="color: var(--highlight-keyword)"&gt;&amp;nbsp;&amp;nbsp;&amp;nbsp;&amp;nbsp;&amp;nbsp;&amp;nbsp;&amp;nbsp;&amp;nbsp;&amp;nbsp;&amp;nbsp;&amp;nbsp;&amp;nbsp;&lt;/span&gt;&lt;span style="color: var(--highlight-default)"&gt;$php&amp;nbsp;&lt;/span&gt;&lt;span style="color: var(--highlight-keyword)"&gt;=&amp;nbsp;&lt;/span&gt;&lt;span style="color: var(--highlight-default)"&gt;AbstractPhpProcess&lt;/span&gt;&lt;span style="color: var(--highlight-keyword)"&gt;::&lt;/span&gt;&lt;span style="color: var(--highlight-default)"&gt;factory&lt;/span&gt;&lt;span style="color: var(--highlight-keyword)"&gt;();&lt;/span&gt;&lt;/code&gt;&lt;/li&gt;
&lt;li&gt;&lt;code&gt;&lt;span style="color: var(--highlight-keyword)"&gt;&amp;nbsp;&amp;nbsp;&amp;nbsp;&amp;nbsp;&amp;nbsp;&amp;nbsp;&amp;nbsp;&amp;nbsp;&amp;nbsp;&amp;nbsp;&amp;nbsp;&amp;nbsp;&lt;/span&gt;&lt;span style="color: var(--highlight-default)"&gt;$php&lt;/span&gt;&lt;span style="color: var(--highlight-keyword)"&gt;-&amp;gt;&lt;/span&gt;&lt;span style="color: var(--highlight-default)"&gt;runTestJob&lt;/span&gt;&lt;span style="color: var(--highlight-keyword)"&gt;(&lt;/span&gt;&lt;span style="color: var(--highlight-default)"&gt;$template&lt;/span&gt;&lt;span style="color: var(--highlight-keyword)"&gt;-&amp;gt;&lt;/span&gt;&lt;span style="color: var(--highlight-default)"&gt;render&lt;/span&gt;&lt;span style="color: var(--highlight-keyword)"&gt;(),&amp;nbsp;&lt;/span&gt;&lt;span style="color: var(--highlight-default)"&gt;$this&lt;/span&gt;&lt;span style="color: var(--highlight-keyword)"&gt;,&amp;nbsp;&lt;/span&gt;&lt;span style="color: var(--highlight-default)"&gt;$result&lt;/span&gt;&lt;span style="color: var(--highlight-keyword)"&gt;,&amp;nbsp;&lt;/span&gt;&lt;span style="color: var(--highlight-default)"&gt;$processResultFile&lt;/span&gt;&lt;span style="color: var(--highlight-keyword)"&gt;);&lt;/span&gt;&lt;/code&gt;&lt;/li&gt;
&lt;li&gt;&lt;code&gt;&lt;span style="color: var(--highlight-keyword)"&gt;&amp;nbsp;&amp;nbsp;&amp;nbsp;&amp;nbsp;&amp;nbsp;&amp;nbsp;&amp;nbsp;&amp;nbsp;}&amp;nbsp;else&amp;nbsp;{&lt;/span&gt;&lt;/code&gt;&lt;/li&gt;
&lt;li class="selected"&gt;&lt;code&gt;&lt;span style="color: var(--highlight-keyword)"&gt;&amp;nbsp;&amp;nbsp;&amp;nbsp;&amp;nbsp;&amp;nbsp;&amp;nbsp;&amp;nbsp;&amp;nbsp;&amp;nbsp;&amp;nbsp;&amp;nbsp;&amp;nbsp;&lt;/span&gt;&lt;span style="color: var(--highlight-default)"&gt;$result&lt;/span&gt;&lt;span style="color: var(--highlight-keyword)"&gt;-&amp;gt;&lt;/span&gt;&lt;span style="color: var(--highlight-default)"&gt;run&lt;/span&gt;&lt;span style="color: var(--highlight-keyword)"&gt;(&lt;/span&gt;&lt;span style="color: var(--highlight-default)"&gt;$this&lt;/span&gt;&lt;span style="color: var(--highlight-keyword)"&gt;);&lt;/span&gt;&lt;/code&gt;&lt;/li&gt;
&lt;li&gt;&lt;code&gt;&lt;span style="color: var(--highlight-keyword)"&gt;&amp;nbsp;&amp;nbsp;&amp;nbsp;&amp;nbsp;&amp;nbsp;&amp;nbsp;&amp;nbsp;&amp;nbsp;}&lt;/span&gt;&lt;/code&gt;&lt;/li&gt;
&lt;li&gt;&lt;code&gt;&lt;span style="color: var(--highlight-keyword)"&gt;&lt;/span&gt;&lt;/code&gt;&lt;/li&gt;
&lt;li&gt;&lt;code&gt;&lt;span style="color: var(--highlight-keyword)"&gt;&amp;nbsp;&amp;nbsp;&amp;nbsp;&amp;nbsp;&amp;nbsp;&amp;nbsp;&amp;nbsp;&amp;nbsp;&lt;/span&gt;&lt;span style="color: var(--highlight-default)"&gt;$this&lt;/span&gt;&lt;span style="color: var(--highlight-keyword)"&gt;-&amp;gt;&lt;/span&gt;&lt;span style="color: var(--highlight-default)"&gt;result&amp;nbsp;&lt;/span&gt;&lt;span style="color: var(--highlight-keyword)"&gt;=&amp;nbsp;&lt;/span&gt;&lt;span style="color: var(--highlight-default)"&gt;null&lt;/span&gt;&lt;span style="color: var(--highlight-keyword)"&gt;;&lt;/span&gt;&lt;/code&gt;&lt;/li&gt;
&lt;li&gt;&lt;code&gt;&lt;span style="color: var(--highlight-keyword)"&gt;&lt;/span&gt;&lt;/code&gt;&lt;/li&gt;
&lt;li&gt;&lt;code&gt;&lt;span style="color: var(--highlight-keyword)"&gt;&amp;nbsp;&amp;nbsp;&amp;nbsp;&amp;nbsp;&amp;nbsp;&amp;nbsp;&amp;nbsp;&amp;nbsp;return&amp;nbsp;&lt;/span&gt;&lt;span style="color: var(--highlight-default)"&gt;$result&lt;/span&gt;&lt;span style="color: var(--highlight-keyword)"&gt;;&lt;/span&gt;&lt;/code&gt;&lt;/li&gt;&lt;/ol&gt;    &lt;/div&gt;            &lt;/div&gt;
                        &lt;div class="trace-line "&gt;
                &lt;div class="trace-line-header break-long-words sf-toggle" data-toggle-selector="#trace-html-1-26" data-toggle-initial=""&gt;
            &lt;span class="icon icon-close"&gt;&lt;svg width="1792" height="1792" viewBox="0 0 1792 1792" xmlns="http://www.w3.org/2000/svg"&gt;&lt;path d="M1408 960V832q0-26-19-45t-45-19H448q-26 0-45 19t-19 45v128q0 26 19 45t45 19h896q26 0 45-19t19-45zm256-544v960q0 119-84.5 203.5T1376 1664H416q-119 0-203.5-84.5T128 1376V416q0-119 84.5-203.5T416 128h960q119 0 203.5 84.5T1664 416z"/&gt;&lt;/svg&gt;&lt;/span&gt;
        &lt;span class="icon icon-open"&gt;&lt;svg width="1792" height="1792" viewBox="0 0 1792 1792" xmlns="http://www.w3.org/2000/svg"&gt;&lt;path d="M1408 960V832q0-26-19-45t-45-19h-320V448q0-26-19-45t-45-19H832q-26 0-45 19t-19 45v320H448q-26 0-45 19t-19 45v128q0 26 19 45t45 19h320v320q0 26 19 45t45 19h128q26 0 45-19t19-45v-320h320q26 0 45-19t19-45zm256-544v960q0 119-84.5 203.5T1376 1664H416q-119 0-203.5-84.5T128 1376V416q0-119 84.5-203.5T416 128h960q119 0 203.5 84.5T1664 416z"/&gt;&lt;/svg&gt;&lt;/span&gt;
    
            &lt;span class="trace-class"&gt;&lt;abbr title="PHPUnit\Framework\TestCase"&gt;TestCase&lt;/abbr&gt;&lt;/span&gt;&lt;span class="trace-type"&gt;-&gt;&lt;/span&gt;&lt;span class="trace-method"&gt;run&lt;/span&gt;&lt;span class="trace-arguments"&gt;(&lt;em&gt;object&lt;/em&gt;(&lt;abbr title="PHPUnit\Framework\TestResult"&gt;TestResult&lt;/abbr&gt;))&lt;/span&gt;    
                    &lt;span class="block trace-file-path"&gt;
            in
            &lt;a href="file://C:\Users\sliti\Desktop\dev\esprit-PIDEV-3A16-2526-FARMIA\vendor\phpunit\phpunit\src\Framework\TestSuite.php#L685"&gt;
                C:\Users\sliti\Desktop\dev\esprit-PIDEV-3A16-2526-FARMIA\vendor\phpunit\phpunit\src\Framework\&lt;strong&gt;TestSuite.php&lt;/strong&gt;
            &lt;/a&gt;
                        (line 685)
            &lt;span class="icon icon-copy hidden" data-clipboard-text="C:\Users\sliti\Desktop\dev\esprit-PIDEV-3A16-2526-FARMIA\vendor\phpunit\phpunit\src\Framework\TestSuite.php:685"&gt;
                &lt;svg xmlns="http://www.w3.org/2000/svg" height="24" viewBox="0 0 24 24" width="24"&gt;&lt;path d="M0 0h24v24H0z" fill="none"/&gt;&lt;path d="M16 1H4c-1.1 0-2 .9-2 2v14h2V3h12V1zm3 4H8c-1.1 0-2 .9-2 2v14c0 1.1.9 2 2 2h11c1.1 0 2-.9 2-2V7c0-1.1-.9-2-2-2zm0 16H8V7h11v14z"/&gt;&lt;/svg&gt;            &lt;/span&gt;
        &lt;/span&gt;
    &lt;/div&gt;
    &lt;div id="trace-html-1-26" class="trace-code sf-toggle-content"&gt;
        &lt;ol start="680"&gt;&lt;li&gt;&lt;code&gt;&lt;span style="color: var(--highlight-keyword)"&gt;&amp;nbsp;&amp;nbsp;&amp;nbsp;&amp;nbsp;&amp;nbsp;&amp;nbsp;&amp;nbsp;&amp;nbsp;&amp;nbsp;&amp;nbsp;&amp;nbsp;&amp;nbsp;&amp;nbsp;&amp;nbsp;&amp;nbsp;&amp;nbsp;&lt;/span&gt;&lt;span style="color: var(--highlight-default)"&gt;$test&lt;/span&gt;&lt;span style="color: var(--highlight-keyword)"&gt;-&amp;gt;&lt;/span&gt;&lt;span style="color: var(--highlight-default)"&gt;setBackupGlobals&lt;/span&gt;&lt;span style="color: var(--highlight-keyword)"&gt;(&lt;/span&gt;&lt;span style="color: var(--highlight-default)"&gt;$this&lt;/span&gt;&lt;span style="color: var(--highlight-keyword)"&gt;-&amp;gt;&lt;/span&gt;&lt;span style="color: var(--highlight-default)"&gt;backupGlobals&lt;/span&gt;&lt;span style="color: var(--highlight-keyword)"&gt;);&lt;/span&gt;&lt;/code&gt;&lt;/li&gt;
&lt;li&gt;&lt;code&gt;&lt;span style="color: var(--highlight-keyword)"&gt;&amp;nbsp;&amp;nbsp;&amp;nbsp;&amp;nbsp;&amp;nbsp;&amp;nbsp;&amp;nbsp;&amp;nbsp;&amp;nbsp;&amp;nbsp;&amp;nbsp;&amp;nbsp;&amp;nbsp;&amp;nbsp;&amp;nbsp;&amp;nbsp;&lt;/span&gt;&lt;span style="color: var(--highlight-default)"&gt;$test&lt;/span&gt;&lt;span style="color: var(--highlight-keyword)"&gt;-&amp;gt;&lt;/span&gt;&lt;span style="color: var(--highlight-default)"&gt;setBackupStaticAttributes&lt;/span&gt;&lt;span style="color: var(--highlight-keyword)"&gt;(&lt;/span&gt;&lt;span style="color: var(--highlight-default)"&gt;$this&lt;/span&gt;&lt;span style="color: var(--highlight-keyword)"&gt;-&amp;gt;&lt;/span&gt;&lt;span style="color: var(--highlight-default)"&gt;backupStaticAttributes&lt;/span&gt;&lt;span style="color: var(--highlight-keyword)"&gt;);&lt;/span&gt;&lt;/code&gt;&lt;/li&gt;
&lt;li&gt;&lt;code&gt;&lt;span style="color: var(--highlight-keyword)"&gt;&amp;nbsp;&amp;nbsp;&amp;nbsp;&amp;nbsp;&amp;nbsp;&amp;nbsp;&amp;nbsp;&amp;nbsp;&amp;nbsp;&amp;nbsp;&amp;nbsp;&amp;nbsp;&amp;nbsp;&amp;nbsp;&amp;nbsp;&amp;nbsp;&lt;/span&gt;&lt;span style="color: var(--highlight-default)"&gt;$test&lt;/span&gt;&lt;span style="color: var(--highlight-keyword)"&gt;-&amp;gt;&lt;/span&gt;&lt;span style="color: var(--highlight-default)"&gt;setRunTestInSeparateProcess&lt;/span&gt;&lt;span style="color: var(--highlight-keyword)"&gt;(&lt;/span&gt;&lt;span style="color: var(--highlight-default)"&gt;$this&lt;/span&gt;&lt;span style="color: var(--highlight-keyword)"&gt;-&amp;gt;&lt;/span&gt;&lt;span style="color: var(--highlight-default)"&gt;runTestInSeparateProcess&lt;/span&gt;&lt;span style="color: var(--highlight-keyword)"&gt;);&lt;/span&gt;&lt;/code&gt;&lt;/li&gt;
&lt;li&gt;&lt;code&gt;&lt;span style="color: var(--highlight-keyword)"&gt;&amp;nbsp;&amp;nbsp;&amp;nbsp;&amp;nbsp;&amp;nbsp;&amp;nbsp;&amp;nbsp;&amp;nbsp;&amp;nbsp;&amp;nbsp;&amp;nbsp;&amp;nbsp;}&lt;/span&gt;&lt;/code&gt;&lt;/li&gt;
&lt;li&gt;&lt;code&gt;&lt;span style="color: var(--highlight-keyword)"&gt;&lt;/span&gt;&lt;/code&gt;&lt;/li&gt;
&lt;li class="selected"&gt;&lt;code&gt;&lt;span style="color: var(--highlight-keyword)"&gt;&amp;nbsp;&amp;nbsp;&amp;nbsp;&amp;nbsp;&amp;nbsp;&amp;nbsp;&amp;nbsp;&amp;nbsp;&amp;nbsp;&amp;nbsp;&amp;nbsp;&amp;nbsp;&lt;/span&gt;&lt;span style="color: var(--highlight-default)"&gt;$test&lt;/span&gt;&lt;span style="color: var(--highlight-keyword)"&gt;-&amp;gt;&lt;/span&gt;&lt;span style="color: var(--highlight-default)"&gt;run&lt;/span&gt;&lt;span style="color: var(--highlight-keyword)"&gt;(&lt;/span&gt;&lt;span style="color: var(--highlight-default)"&gt;$result&lt;/span&gt;&lt;span style="color: var(--highlight-keyword)"&gt;);&lt;/span&gt;&lt;/code&gt;&lt;/li&gt;
&lt;li&gt;&lt;code&gt;&lt;span style="color: var(--highlight-keyword)"&gt;&amp;nbsp;&amp;nbsp;&amp;nbsp;&amp;nbsp;&amp;nbsp;&amp;nbsp;&amp;nbsp;&amp;nbsp;}&lt;/span&gt;&lt;/code&gt;&lt;/li&gt;
&lt;li&gt;&lt;code&gt;&lt;span style="color: var(--highlight-keyword)"&gt;&lt;/span&gt;&lt;/code&gt;&lt;/li&gt;
&lt;li&gt;&lt;code&gt;&lt;span style="color: var(--highlight-keyword)"&gt;&amp;nbsp;&amp;nbsp;&amp;nbsp;&amp;nbsp;&amp;nbsp;&amp;nbsp;&amp;nbsp;&amp;nbsp;if&amp;nbsp;(&lt;/span&gt;&lt;span style="color: var(--highlight-default)"&gt;$this&lt;/span&gt;&lt;span style="color: var(--highlight-keyword)"&gt;-&amp;gt;&lt;/span&gt;&lt;span style="color: var(--highlight-default)"&gt;testCase&amp;nbsp;&lt;/span&gt;&lt;span style="color: var(--highlight-keyword)"&gt;&amp;amp;&amp;amp;&amp;nbsp;&lt;/span&gt;&lt;span style="color: var(--highlight-default)"&gt;class_exists&lt;/span&gt;&lt;span style="color: var(--highlight-keyword)"&gt;(&lt;/span&gt;&lt;span style="color: var(--highlight-default)"&gt;$this&lt;/span&gt;&lt;span style="color: var(--highlight-keyword)"&gt;-&amp;gt;&lt;/span&gt;&lt;span style="color: var(--highlight-default)"&gt;name&lt;/span&gt;&lt;span style="color: var(--highlight-keyword)"&gt;,&amp;nbsp;&lt;/span&gt;&lt;span style="color: var(--highlight-default)"&gt;false&lt;/span&gt;&lt;span style="color: var(--highlight-keyword)"&gt;))&amp;nbsp;{&lt;/span&gt;&lt;/code&gt;&lt;/li&gt;
&lt;li&gt;&lt;code&gt;&lt;span style="color: var(--highlight-keyword)"&gt;&amp;nbsp;&amp;nbsp;&amp;nbsp;&amp;nbsp;&amp;nbsp;&amp;nbsp;&amp;nbsp;&amp;nbsp;&amp;nbsp;&amp;nbsp;&amp;nbsp;&amp;nbsp;foreach&amp;nbsp;(&lt;/span&gt;&lt;span style="color: var(--highlight-default)"&gt;$hookMethods&lt;/span&gt;&lt;span style="color: var(--highlight-keyword)"&gt;[&lt;/span&gt;&lt;span style="color: var(--highlight-string)"&gt;'afterClass'&lt;/span&gt;&lt;span style="color: var(--highlight-keyword)"&gt;]&amp;nbsp;as&amp;nbsp;&lt;/span&gt;&lt;span style="color: var(--highlight-default)"&gt;$afterClassMethod&lt;/span&gt;&lt;span style="color: var(--highlight-keyword)"&gt;)&amp;nbsp;{&lt;/span&gt;&lt;/code&gt;&lt;/li&gt;
&lt;li&gt;&lt;code&gt;&lt;span style="color: var(--highlight-keyword)"&gt;&amp;nbsp;&amp;nbsp;&amp;nbsp;&amp;nbsp;&amp;nbsp;&amp;nbsp;&amp;nbsp;&amp;nbsp;&amp;nbsp;&amp;nbsp;&amp;nbsp;&amp;nbsp;&amp;nbsp;&amp;nbsp;&amp;nbsp;&amp;nbsp;if&amp;nbsp;(&lt;/span&gt;&lt;span style="color: var(--highlight-default)"&gt;method_exists&lt;/span&gt;&lt;span style="color: var(--highlight-keyword)"&gt;(&lt;/span&gt;&lt;span style="color: var(--highlight-default)"&gt;$this&lt;/span&gt;&lt;span style="color: var(--highlight-keyword)"&gt;-&amp;gt;&lt;/span&gt;&lt;span style="color: var(--highlight-default)"&gt;name&lt;/span&gt;&lt;span style="color: var(--highlight-keyword)"&gt;,&amp;nbsp;&lt;/span&gt;&lt;span style="color: var(--highlight-default)"&gt;$afterClassMethod&lt;/span&gt;&lt;span style="color: var(--highlight-keyword)"&gt;))&amp;nbsp;{&lt;/span&gt;&lt;/code&gt;&lt;/li&gt;&lt;/ol&gt;    &lt;/div&gt;            &lt;/div&gt;
                        &lt;div class="trace-line "&gt;
                &lt;div class="trace-line-header break-long-words sf-toggle" data-toggle-selector="#trace-html-1-27" data-toggle-initial=""&gt;
            &lt;span class="icon icon-close"&gt;&lt;svg width="1792" height="1792" viewBox="0 0 1792 1792" xmlns="http://www.w3.org/2000/svg"&gt;&lt;path d="M1408 960V832q0-26-19-45t-45-19H448q-26 0-45 19t-19 45v128q0 26 19 45t45 19h896q26 0 45-19t19-45zm256-544v960q0 119-84.5 203.5T1376 1664H416q-119 0-203.5-84.5T128 1376V416q0-119 84.5-203.5T416 128h960q119 0 203.5 84.5T1664 416z"/&gt;&lt;/svg&gt;&lt;/span&gt;
        &lt;span class="icon icon-open"&gt;&lt;svg width="1792" height="1792" viewBox="0 0 1792 1792" xmlns="http://www.w3.org/2000/svg"&gt;&lt;path d="M1408 960V832q0-26-19-45t-45-19h-320V448q0-26-19-45t-45-19H832q-26 0-45 19t-19 45v320H448q-26 0-45 19t-19 45v128q0 26 19 45t45 19h320v320q0 26 19 45t45 19h128q26 0 45-19t19-45v-320h320q26 0 45-19t19-45zm256-544v960q0 119-84.5 203.5T1376 1664H416q-119 0-203.5-84.5T128 1376V416q0-119 84.5-203.5T416 128h960q119 0 203.5 84.5T1664 416z"/&gt;&lt;/svg&gt;&lt;/span&gt;
    
            &lt;span class="trace-class"&gt;&lt;abbr title="PHPUnit\Framework\TestSuite"&gt;TestSuite&lt;/abbr&gt;&lt;/span&gt;&lt;span class="trace-type"&gt;-&gt;&lt;/span&gt;&lt;span class="trace-method"&gt;run&lt;/span&gt;&lt;span class="trace-arguments"&gt;(&lt;em&gt;object&lt;/em&gt;(&lt;abbr title="PHPUnit\Framework\TestResult"&gt;TestResult&lt;/abbr&gt;))&lt;/span&gt;    
                    &lt;span class="block trace-file-path"&gt;
            in
            &lt;a href="file://C:\Users\sliti\Desktop\dev\esprit-PIDEV-3A16-2526-FARMIA\vendor\phpunit\phpunit\src\Framework\TestSuite.php#L685"&gt;
                C:\Users\sliti\Desktop\dev\esprit-PIDEV-3A16-2526-FARMIA\vendor\phpunit\phpunit\src\Framework\&lt;strong&gt;TestSuite.php&lt;/strong&gt;
            &lt;/a&gt;
                        (line 685)
            &lt;span class="icon icon-copy hidden" data-clipboard-text="C:\Users\sliti\Desktop\dev\esprit-PIDEV-3A16-2526-FARMIA\vendor\phpunit\phpunit\src\Framework\TestSuite.php:685"&gt;
                &lt;svg xmlns="http://www.w3.org/2000/svg" height="24" viewBox="0 0 24 24" width="24"&gt;&lt;path d="M0 0h24v24H0z" fill="none"/&gt;&lt;path d="M16 1H4c-1.1 0-2 .9-2 2v14h2V3h12V1zm3 4H8c-1.1 0-2 .9-2 2v14c0 1.1.9 2 2 2h11c1.1 0 2-.9 2-2V7c0-1.1-.9-2-2-2zm0 16H8V7h11v14z"/&gt;&lt;/svg&gt;            &lt;/span&gt;
        &lt;/span&gt;
    &lt;/div&gt;
    &lt;div id="trace-html-1-27" class="trace-code sf-toggle-content"&gt;
        &lt;ol start="680"&gt;&lt;li&gt;&lt;code&gt;&lt;span style="color: var(--highlight-keyword)"&gt;&amp;nbsp;&amp;nbsp;&amp;nbsp;&amp;nbsp;&amp;nbsp;&amp;nbsp;&amp;nbsp;&amp;nbsp;&amp;nbsp;&amp;nbsp;&amp;nbsp;&amp;nbsp;&amp;nbsp;&amp;nbsp;&amp;nbsp;&amp;nbsp;&lt;/span&gt;&lt;span style="color: var(--highlight-default)"&gt;$test&lt;/span&gt;&lt;span style="color: var(--highlight-keyword)"&gt;-&amp;gt;&lt;/span&gt;&lt;span style="color: var(--highlight-default)"&gt;setBackupGlobals&lt;/span&gt;&lt;span style="color: var(--highlight-keyword)"&gt;(&lt;/span&gt;&lt;span style="color: var(--highlight-default)"&gt;$this&lt;/span&gt;&lt;span style="color: var(--highlight-keyword)"&gt;-&amp;gt;&lt;/span&gt;&lt;span style="color: var(--highlight-default)"&gt;backupGlobals&lt;/span&gt;&lt;span style="color: var(--highlight-keyword)"&gt;);&lt;/span&gt;&lt;/code&gt;&lt;/li&gt;
&lt;li&gt;&lt;code&gt;&lt;span style="color: var(--highlight-keyword)"&gt;&amp;nbsp;&amp;nbsp;&amp;nbsp;&amp;nbsp;&amp;nbsp;&amp;nbsp;&amp;nbsp;&amp;nbsp;&amp;nbsp;&amp;nbsp;&amp;nbsp;&amp;nbsp;&amp;nbsp;&amp;nbsp;&amp;nbsp;&amp;nbsp;&lt;/span&gt;&lt;span style="color: var(--highlight-default)"&gt;$test&lt;/span&gt;&lt;span style="color: var(--highlight-keyword)"&gt;-&amp;gt;&lt;/span&gt;&lt;span style="color: var(--highlight-default)"&gt;setBackupStaticAttributes&lt;/span&gt;&lt;span style="color: var(--highlight-keyword)"&gt;(&lt;/span&gt;&lt;span style="color: var(--highlight-default)"&gt;$this&lt;/span&gt;&lt;span style="color: var(--highlight-keyword)"&gt;-&amp;gt;&lt;/span&gt;&lt;span style="color: var(--highlight-default)"&gt;backupStaticAttributes&lt;/span&gt;&lt;span style="color: var(--highlight-keyword)"&gt;);&lt;/span&gt;&lt;/code&gt;&lt;/li&gt;
&lt;li&gt;&lt;code&gt;&lt;span style="color: var(--highlight-keyword)"&gt;&amp;nbsp;&amp;nbsp;&amp;nbsp;&amp;nbsp;&amp;nbsp;&amp;nbsp;&amp;nbsp;&amp;nbsp;&amp;nbsp;&amp;nbsp;&amp;nbsp;&amp;nbsp;&amp;nbsp;&amp;nbsp;&amp;nbsp;&amp;nbsp;&lt;/span&gt;&lt;span style="color: var(--highlight-default)"&gt;$test&lt;/span&gt;&lt;span style="color: var(--highlight-keyword)"&gt;-&amp;gt;&lt;/span&gt;&lt;span style="color: var(--highlight-default)"&gt;setRunTestInSeparateProcess&lt;/span&gt;&lt;span style="color: var(--highlight-keyword)"&gt;(&lt;/span&gt;&lt;span style="color: var(--highlight-default)"&gt;$this&lt;/span&gt;&lt;span style="color: var(--highlight-keyword)"&gt;-&amp;gt;&lt;/span&gt;&lt;span style="color: var(--highlight-default)"&gt;runTestInSeparateProcess&lt;/span&gt;&lt;span style="color: var(--highlight-keyword)"&gt;);&lt;/span&gt;&lt;/code&gt;&lt;/li&gt;
&lt;li&gt;&lt;code&gt;&lt;span style="color: var(--highlight-keyword)"&gt;&amp;nbsp;&amp;nbsp;&amp;nbsp;&amp;nbsp;&amp;nbsp;&amp;nbsp;&amp;nbsp;&amp;nbsp;&amp;nbsp;&amp;nbsp;&amp;nbsp;&amp;nbsp;}&lt;/span&gt;&lt;/code&gt;&lt;/li&gt;
&lt;li&gt;&lt;code&gt;&lt;span style="color: var(--highlight-keyword)"&gt;&lt;/span&gt;&lt;/code&gt;&lt;/li&gt;
&lt;li class="selected"&gt;&lt;code&gt;&lt;span style="color: var(--highlight-keyword)"&gt;&amp;nbsp;&amp;nbsp;&amp;nbsp;&amp;nbsp;&amp;nbsp;&amp;nbsp;&amp;nbsp;&amp;nbsp;&amp;nbsp;&amp;nbsp;&amp;nbsp;&amp;nbsp;&lt;/span&gt;&lt;span style="color: var(--highlight-default)"&gt;$test&lt;/span&gt;&lt;span style="color: var(--highlight-keyword)"&gt;-&amp;gt;&lt;/span&gt;&lt;span style="color: var(--highlight-default)"&gt;run&lt;/span&gt;&lt;span style="color: var(--highlight-keyword)"&gt;(&lt;/span&gt;&lt;span style="color: var(--highlight-default)"&gt;$result&lt;/span&gt;&lt;span style="color: var(--highlight-keyword)"&gt;);&lt;/span&gt;&lt;/code&gt;&lt;/li&gt;
&lt;li&gt;&lt;code&gt;&lt;span style="color: var(--highlight-keyword)"&gt;&amp;nbsp;&amp;nbsp;&amp;nbsp;&amp;nbsp;&amp;nbsp;&amp;nbsp;&amp;nbsp;&amp;nbsp;}&lt;/span&gt;&lt;/code&gt;&lt;/li&gt;
&lt;li&gt;&lt;code&gt;&lt;span style="color: var(--highlight-keyword)"&gt;&lt;/span&gt;&lt;/code&gt;&lt;/li&gt;
&lt;li&gt;&lt;code&gt;&lt;span style="color: var(--highlight-keyword)"&gt;&amp;nbsp;&amp;nbsp;&amp;nbsp;&amp;nbsp;&amp;nbsp;&amp;nbsp;&amp;nbsp;&amp;nbsp;if&amp;nbsp;(&lt;/span&gt;&lt;span style="color: var(--highlight-default)"&gt;$this&lt;/span&gt;&lt;span style="color: var(--highlight-keyword)"&gt;-&amp;gt;&lt;/span&gt;&lt;span style="color: var(--highlight-default)"&gt;testCase&amp;nbsp;&lt;/span&gt;&lt;span style="color: var(--highlight-keyword)"&gt;&amp;amp;&amp;amp;&amp;nbsp;&lt;/span&gt;&lt;span style="color: var(--highlight-default)"&gt;class_exists&lt;/span&gt;&lt;span style="color: var(--highlight-keyword)"&gt;(&lt;/span&gt;&lt;span style="color: var(--highlight-default)"&gt;$this&lt;/span&gt;&lt;span style="color: var(--highlight-keyword)"&gt;-&amp;gt;&lt;/span&gt;&lt;span style="color: var(--highlight-default)"&gt;name&lt;/span&gt;&lt;span style="color: var(--highlight-keyword)"&gt;,&amp;nbsp;&lt;/span&gt;&lt;span style="color: var(--highlight-default)"&gt;false&lt;/span&gt;&lt;span style="color: var(--highlight-keyword)"&gt;))&amp;nbsp;{&lt;/span&gt;&lt;/code&gt;&lt;/li&gt;
&lt;li&gt;&lt;code&gt;&lt;span style="color: var(--highlight-keyword)"&gt;&amp;nbsp;&amp;nbsp;&amp;nbsp;&amp;nbsp;&amp;nbsp;&amp;nbsp;&amp;nbsp;&amp;nbsp;&amp;nbsp;&amp;nbsp;&amp;nbsp;&amp;nbsp;foreach&amp;nbsp;(&lt;/span&gt;&lt;span style="color: var(--highlight-default)"&gt;$hookMethods&lt;/span&gt;&lt;span style="color: var(--highlight-keyword)"&gt;[&lt;/span&gt;&lt;span style="color: var(--highlight-string)"&gt;'afterClass'&lt;/span&gt;&lt;span style="color: var(--highlight-keyword)"&gt;]&amp;nbsp;as&amp;nbsp;&lt;/span&gt;&lt;span style="color: var(--highlight-default)"&gt;$afterClassMethod&lt;/span&gt;&lt;span style="color: var(--highlight-keyword)"&gt;)&amp;nbsp;{&lt;/span&gt;&lt;/code&gt;&lt;/li&gt;
&lt;li&gt;&lt;code&gt;&lt;span style="color: var(--highlight-keyword)"&gt;&amp;nbsp;&amp;nbsp;&amp;nbsp;&amp;nbsp;&amp;nbsp;&amp;nbsp;&amp;nbsp;&amp;nbsp;&amp;nbsp;&amp;nbsp;&amp;nbsp;&amp;nbsp;&amp;nbsp;&amp;nbsp;&amp;nbsp;&amp;nbsp;if&amp;nbsp;(&lt;/span&gt;&lt;span style="color: var(--highlight-default)"&gt;method_exists&lt;/span&gt;&lt;span style="color: var(--highlight-keyword)"&gt;(&lt;/span&gt;&lt;span style="color: var(--highlight-default)"&gt;$this&lt;/span&gt;&lt;span style="color: var(--highlight-keyword)"&gt;-&amp;gt;&lt;/span&gt;&lt;span style="color: var(--highlight-default)"&gt;name&lt;/span&gt;&lt;span style="color: var(--highlight-keyword)"&gt;,&amp;nbsp;&lt;/span&gt;&lt;span style="color: var(--highlight-default)"&gt;$afterClassMethod&lt;/span&gt;&lt;span style="color: var(--highlight-keyword)"&gt;))&amp;nbsp;{&lt;/span&gt;&lt;/code&gt;&lt;/li&gt;&lt;/ol&gt;    &lt;/div&gt;            &lt;/div&gt;
                        &lt;div class="trace-line "&gt;
                &lt;div class="trace-line-header break-long-words sf-toggle" data-toggle-selector="#trace-html-1-28" data-toggle-initial=""&gt;
            &lt;span class="icon icon-close"&gt;&lt;svg width="1792" height="1792" viewBox="0 0 1792 1792" xmlns="http://www.w3.org/2000/svg"&gt;&lt;path d="M1408 960V832q0-26-19-45t-45-19H448q-26 0-45 19t-19 45v128q0 26 19 45t45 19h896q26 0 45-19t19-45zm256-544v960q0 119-84.5 203.5T1376 1664H416q-119 0-203.5-84.5T128 1376V416q0-119 84.5-203.5T416 128h960q119 0 203.5 84.5T1664 416z"/&gt;&lt;/svg&gt;&lt;/span&gt;
        &lt;span class="icon icon-open"&gt;&lt;svg width="1792" height="1792" viewBox="0 0 1792 1792" xmlns="http://www.w3.org/2000/svg"&gt;&lt;path d="M1408 960V832q0-26-19-45t-45-19h-320V448q0-26-19-45t-45-19H832q-26 0-45 19t-19 45v320H448q-26 0-45 19t-19 45v128q0 26 19 45t45 19h320v320q0 26 19 45t45 19h128q26 0 45-19t19-45v-320h320q26 0 45-19t19-45zm256-544v960q0 119-84.5 203.5T1376 1664H416q-119 0-203.5-84.5T128 1376V416q0-119 84.5-203.5T416 128h960q119 0 203.5 84.5T1664 416z"/&gt;&lt;/svg&gt;&lt;/span&gt;
    
            &lt;span class="trace-class"&gt;&lt;abbr title="PHPUnit\Framework\TestSuite"&gt;TestSuite&lt;/abbr&gt;&lt;/span&gt;&lt;span class="trace-type"&gt;-&gt;&lt;/span&gt;&lt;span class="trace-method"&gt;run&lt;/span&gt;&lt;span class="trace-arguments"&gt;(&lt;em&gt;object&lt;/em&gt;(&lt;abbr title="PHPUnit\Framework\TestResult"&gt;TestResult&lt;/abbr&gt;))&lt;/span&gt;    
                    &lt;span class="block trace-file-path"&gt;
            in
            &lt;a href="file://C:\Users\sliti\Desktop\dev\esprit-PIDEV-3A16-2526-FARMIA\vendor\phpunit\phpunit\src\Framework\TestSuite.php#L685"&gt;
                C:\Users\sliti\Desktop\dev\esprit-PIDEV-3A16-2526-FARMIA\vendor\phpunit\phpunit\src\Framework\&lt;strong&gt;TestSuite.php&lt;/strong&gt;
            &lt;/a&gt;
                        (line 685)
            &lt;span class="icon icon-copy hidden" data-clipboard-text="C:\Users\sliti\Desktop\dev\esprit-PIDEV-3A16-2526-FARMIA\vendor\phpunit\phpunit\src\Framework\TestSuite.php:685"&gt;
                &lt;svg xmlns="http://www.w3.org/2000/svg" height="24" viewBox="0 0 24 24" width="24"&gt;&lt;path d="M0 0h24v24H0z" fill="none"/&gt;&lt;path d="M16 1H4c-1.1 0-2 .9-2 2v14h2V3h12V1zm3 4H8c-1.1 0-2 .9-2 2v14c0 1.1.9 2 2 2h11c1.1 0 2-.9 2-2V7c0-1.1-.9-2-2-2zm0 16H8V7h11v14z"/&gt;&lt;/svg&gt;            &lt;/span&gt;
        &lt;/span&gt;
    &lt;/div&gt;
    &lt;div id="trace-html-1-28" class="trace-code sf-toggle-content"&gt;
        &lt;ol start="680"&gt;&lt;li&gt;&lt;code&gt;&lt;span style="color: var(--highlight-keyword)"&gt;&amp;nbsp;&amp;nbsp;&amp;nbsp;&amp;nbsp;&amp;nbsp;&amp;nbsp;&amp;nbsp;&amp;nbsp;&amp;nbsp;&amp;nbsp;&amp;nbsp;&amp;nbsp;&amp;nbsp;&amp;nbsp;&amp;nbsp;&amp;nbsp;&lt;/span&gt;&lt;span style="color: var(--highlight-default)"&gt;$test&lt;/span&gt;&lt;span style="color: var(--highlight-keyword)"&gt;-&amp;gt;&lt;/span&gt;&lt;span style="color: var(--highlight-default)"&gt;setBackupGlobals&lt;/span&gt;&lt;span style="color: var(--highlight-keyword)"&gt;(&lt;/span&gt;&lt;span style="color: var(--highlight-default)"&gt;$this&lt;/span&gt;&lt;span style="color: var(--highlight-keyword)"&gt;-&amp;gt;&lt;/span&gt;&lt;span style="color: var(--highlight-default)"&gt;backupGlobals&lt;/span&gt;&lt;span style="color: var(--highlight-keyword)"&gt;);&lt;/span&gt;&lt;/code&gt;&lt;/li&gt;
&lt;li&gt;&lt;code&gt;&lt;span style="color: var(--highlight-keyword)"&gt;&amp;nbsp;&amp;nbsp;&amp;nbsp;&amp;nbsp;&amp;nbsp;&amp;nbsp;&amp;nbsp;&amp;nbsp;&amp;nbsp;&amp;nbsp;&amp;nbsp;&amp;nbsp;&amp;nbsp;&amp;nbsp;&amp;nbsp;&amp;nbsp;&lt;/span&gt;&lt;span style="color: var(--highlight-default)"&gt;$test&lt;/span&gt;&lt;span style="color: var(--highlight-keyword)"&gt;-&amp;gt;&lt;/span&gt;&lt;span style="color: var(--highlight-default)"&gt;setBackupStaticAttributes&lt;/span&gt;&lt;span style="color: var(--highlight-keyword)"&gt;(&lt;/span&gt;&lt;span style="color: var(--highlight-default)"&gt;$this&lt;/span&gt;&lt;span style="color: var(--highlight-keyword)"&gt;-&amp;gt;&lt;/span&gt;&lt;span style="color: var(--highlight-default)"&gt;backupStaticAttributes&lt;/span&gt;&lt;span style="color: var(--highlight-keyword)"&gt;);&lt;/span&gt;&lt;/code&gt;&lt;/li&gt;
&lt;li&gt;&lt;code&gt;&lt;span style="color: var(--highlight-keyword)"&gt;&amp;nbsp;&amp;nbsp;&amp;nbsp;&amp;nbsp;&amp;nbsp;&amp;nbsp;&amp;nbsp;&amp;nbsp;&amp;nbsp;&amp;nbsp;&amp;nbsp;&amp;nbsp;&amp;nbsp;&amp;nbsp;&amp;nbsp;&amp;nbsp;&lt;/span&gt;&lt;span style="color: var(--highlight-default)"&gt;$test&lt;/span&gt;&lt;span style="color: var(--highlight-keyword)"&gt;-&amp;gt;&lt;/span&gt;&lt;span style="color: var(--highlight-default)"&gt;setRunTestInSeparateProcess&lt;/span&gt;&lt;span style="color: var(--highlight-keyword)"&gt;(&lt;/span&gt;&lt;span style="color: var(--highlight-default)"&gt;$this&lt;/span&gt;&lt;span style="color: var(--highlight-keyword)"&gt;-&amp;gt;&lt;/span&gt;&lt;span style="color: var(--highlight-default)"&gt;runTestInSeparateProcess&lt;/span&gt;&lt;span style="color: var(--highlight-keyword)"&gt;);&lt;/span&gt;&lt;/code&gt;&lt;/li&gt;
&lt;li&gt;&lt;code&gt;&lt;span style="color: var(--highlight-keyword)"&gt;&amp;nbsp;&amp;nbsp;&amp;nbsp;&amp;nbsp;&amp;nbsp;&amp;nbsp;&amp;nbsp;&amp;nbsp;&amp;nbsp;&amp;nbsp;&amp;nbsp;&amp;nbsp;}&lt;/span&gt;&lt;/code&gt;&lt;/li&gt;
&lt;li&gt;&lt;code&gt;&lt;span style="color: var(--highlight-keyword)"&gt;&lt;/span&gt;&lt;/code&gt;&lt;/li&gt;
&lt;li class="selected"&gt;&lt;code&gt;&lt;span style="color: var(--highlight-keyword)"&gt;&amp;nbsp;&amp;nbsp;&amp;nbsp;&amp;nbsp;&amp;nbsp;&amp;nbsp;&amp;nbsp;&amp;nbsp;&amp;nbsp;&amp;nbsp;&amp;nbsp;&amp;nbsp;&lt;/span&gt;&lt;span style="color: var(--highlight-default)"&gt;$test&lt;/span&gt;&lt;span style="color: var(--highlight-keyword)"&gt;-&amp;gt;&lt;/span&gt;&lt;span style="color: var(--highlight-default)"&gt;run&lt;/span&gt;&lt;span style="color: var(--highlight-keyword)"&gt;(&lt;/span&gt;&lt;span style="color: var(--highlight-default)"&gt;$result&lt;/span&gt;&lt;span style="color: var(--highlight-keyword)"&gt;);&lt;/span&gt;&lt;/code&gt;&lt;/li&gt;
&lt;li&gt;&lt;code&gt;&lt;span style="color: var(--highlight-keyword)"&gt;&amp;nbsp;&amp;nbsp;&amp;nbsp;&amp;nbsp;&amp;nbsp;&amp;nbsp;&amp;nbsp;&amp;nbsp;}&lt;/span&gt;&lt;/code&gt;&lt;/li&gt;
&lt;li&gt;&lt;code&gt;&lt;span style="color: var(--highlight-keyword)"&gt;&lt;/span&gt;&lt;/code&gt;&lt;/li&gt;
&lt;li&gt;&lt;code&gt;&lt;span style="color: var(--highlight-keyword)"&gt;&amp;nbsp;&amp;nbsp;&amp;nbsp;&amp;nbsp;&amp;nbsp;&amp;nbsp;&amp;nbsp;&amp;nbsp;if&amp;nbsp;(&lt;/span&gt;&lt;span style="color: var(--highlight-default)"&gt;$this&lt;/span&gt;&lt;span style="color: var(--highlight-keyword)"&gt;-&amp;gt;&lt;/span&gt;&lt;span style="color: var(--highlight-default)"&gt;testCase&amp;nbsp;&lt;/span&gt;&lt;span style="color: var(--highlight-keyword)"&gt;&amp;amp;&amp;amp;&amp;nbsp;&lt;/span&gt;&lt;span style="color: var(--highlight-default)"&gt;class_exists&lt;/span&gt;&lt;span style="color: var(--highlight-keyword)"&gt;(&lt;/span&gt;&lt;span style="color: var(--highlight-default)"&gt;$this&lt;/span&gt;&lt;span style="color: var(--highlight-keyword)"&gt;-&amp;gt;&lt;/span&gt;&lt;span style="color: var(--highlight-default)"&gt;name&lt;/span&gt;&lt;span style="color: var(--highlight-keyword)"&gt;,&amp;nbsp;&lt;/span&gt;&lt;span style="color: var(--highlight-default)"&gt;false&lt;/span&gt;&lt;span style="color: var(--highlight-keyword)"&gt;))&amp;nbsp;{&lt;/span&gt;&lt;/code&gt;&lt;/li&gt;
&lt;li&gt;&lt;code&gt;&lt;span style="color: var(--highlight-keyword)"&gt;&amp;nbsp;&amp;nbsp;&amp;nbsp;&amp;nbsp;&amp;nbsp;&amp;nbsp;&amp;nbsp;&amp;nbsp;&amp;nbsp;&amp;nbsp;&amp;nbsp;&amp;nbsp;foreach&amp;nbsp;(&lt;/span&gt;&lt;span style="color: var(--highlight-default)"&gt;$hookMethods&lt;/span&gt;&lt;span style="color: var(--highlight-keyword)"&gt;[&lt;/span&gt;&lt;span style="color: var(--highlight-string)"&gt;'afterClass'&lt;/span&gt;&lt;span style="color: var(--highlight-keyword)"&gt;]&amp;nbsp;as&amp;nbsp;&lt;/span&gt;&lt;span style="color: var(--highlight-default)"&gt;$afterClassMethod&lt;/span&gt;&lt;span style="color: var(--highlight-keyword)"&gt;)&amp;nbsp;{&lt;/span&gt;&lt;/code&gt;&lt;/li&gt;
&lt;li&gt;&lt;code&gt;&lt;span style="color: var(--highlight-keyword)"&gt;&amp;nbsp;&amp;nbsp;&amp;nbsp;&amp;nbsp;&amp;nbsp;&amp;nbsp;&amp;nbsp;&amp;nbsp;&amp;nbsp;&amp;nbsp;&amp;nbsp;&amp;nbsp;&amp;nbsp;&amp;nbsp;&amp;nbsp;&amp;nbsp;if&amp;nbsp;(&lt;/span&gt;&lt;span style="color: var(--highlight-default)"&gt;method_exists&lt;/span&gt;&lt;span style="color: var(--highlight-keyword)"&gt;(&lt;/span&gt;&lt;span style="color: var(--highlight-default)"&gt;$this&lt;/span&gt;&lt;span style="color: var(--highlight-keyword)"&gt;-&amp;gt;&lt;/span&gt;&lt;span style="color: var(--highlight-default)"&gt;name&lt;/span&gt;&lt;span style="color: var(--highlight-keyword)"&gt;,&amp;nbsp;&lt;/span&gt;&lt;span style="color: var(--highlight-default)"&gt;$afterClassMethod&lt;/span&gt;&lt;span style="color: var(--highlight-keyword)"&gt;))&amp;nbsp;{&lt;/span&gt;&lt;/code&gt;&lt;/li&gt;&lt;/ol&gt;    &lt;/div&gt;            &lt;/div&gt;
                        &lt;div class="trace-line "&gt;
                &lt;div class="trace-line-header break-long-words sf-toggle" data-toggle-selector="#trace-html-1-29" data-toggle-initial=""&gt;
            &lt;span class="icon icon-close"&gt;&lt;svg width="1792" height="1792" viewBox="0 0 1792 1792" xmlns="http://www.w3.org/2000/svg"&gt;&lt;path d="M1408 960V832q0-26-19-45t-45-19H448q-26 0-45 19t-19 45v128q0 26 19 45t45 19h896q26 0 45-19t19-45zm256-544v960q0 119-84.5 203.5T1376 1664H416q-119 0-203.5-84.5T128 1376V416q0-119 84.5-203.5T416 128h960q119 0 203.5 84.5T1664 416z"/&gt;&lt;/svg&gt;&lt;/span&gt;
        &lt;span class="icon icon-open"&gt;&lt;svg width="1792" height="1792" viewBox="0 0 1792 1792" xmlns="http://www.w3.org/2000/svg"&gt;&lt;path d="M1408 960V832q0-26-19-45t-45-19h-320V448q0-26-19-45t-45-19H832q-26 0-45 19t-19 45v320H448q-26 0-45 19t-19 45v128q0 26 19 45t45 19h320v320q0 26 19 45t45 19h128q26 0 45-19t19-45v-320h320q26 0 45-19t19-45zm256-544v960q0 119-84.5 203.5T1376 1664H416q-119 0-203.5-84.5T128 1376V416q0-119 84.5-203.5T416 128h960q119 0 203.5 84.5T1664 416z"/&gt;&lt;/svg&gt;&lt;/span&gt;
    
            &lt;span class="trace-class"&gt;&lt;abbr title="PHPUnit\Framework\TestSuite"&gt;TestSuite&lt;/abbr&gt;&lt;/span&gt;&lt;span class="trace-type"&gt;-&gt;&lt;/span&gt;&lt;span class="trace-method"&gt;run&lt;/span&gt;&lt;span class="trace-arguments"&gt;(&lt;em&gt;object&lt;/em&gt;(&lt;abbr title="PHPUnit\Framework\TestResult"&gt;TestResult&lt;/abbr&gt;))&lt;/span&gt;    
                    &lt;span class="block trace-file-path"&gt;
            in
            &lt;a href="file://C:\Users\sliti\Desktop\dev\esprit-PIDEV-3A16-2526-FARMIA\vendor\phpunit\phpunit\src\TextUI\TestRunner.php#L651"&gt;
                C:\Users\sliti\Desktop\dev\esprit-PIDEV-3A16-2526-FARMIA\vendor\phpunit\phpunit\src\TextUI\&lt;strong&gt;TestRunner.php&lt;/strong&gt;
            &lt;/a&gt;
                        (line 651)
            &lt;span class="icon icon-copy hidden" data-clipboard-text="C:\Users\sliti\Desktop\dev\esprit-PIDEV-3A16-2526-FARMIA\vendor\phpunit\phpunit\src\TextUI\TestRunner.php:651"&gt;
                &lt;svg xmlns="http://www.w3.org/2000/svg" height="24" viewBox="0 0 24 24" width="24"&gt;&lt;path d="M0 0h24v24H0z" fill="none"/&gt;&lt;path d="M16 1H4c-1.1 0-2 .9-2 2v14h2V3h12V1zm3 4H8c-1.1 0-2 .9-2 2v14c0 1.1.9 2 2 2h11c1.1 0 2-.9 2-2V7c0-1.1-.9-2-2-2zm0 16H8V7h11v14z"/&gt;&lt;/svg&gt;            &lt;/span&gt;
        &lt;/span&gt;
    &lt;/div&gt;
    &lt;div id="trace-html-1-29" class="trace-code sf-toggle-content"&gt;
        &lt;ol start="646"&gt;&lt;li&gt;&lt;code&gt;&lt;span style="color: var(--highlight-keyword)"&gt;&amp;nbsp;&amp;nbsp;&amp;nbsp;&amp;nbsp;&amp;nbsp;&amp;nbsp;&amp;nbsp;&amp;nbsp;&amp;nbsp;&amp;nbsp;&amp;nbsp;&amp;nbsp;if&amp;nbsp;(&lt;/span&gt;&lt;span style="color: var(--highlight-default)"&gt;$extension&amp;nbsp;&lt;/span&gt;&lt;span style="color: var(--highlight-keyword)"&gt;instanceof&amp;nbsp;&lt;/span&gt;&lt;span style="color: var(--highlight-default)"&gt;BeforeFirstTestHook&lt;/span&gt;&lt;span style="color: var(--highlight-keyword)"&gt;)&amp;nbsp;{&lt;/span&gt;&lt;/code&gt;&lt;/li&gt;
&lt;li&gt;&lt;code&gt;&lt;span style="color: var(--highlight-keyword)"&gt;&amp;nbsp;&amp;nbsp;&amp;nbsp;&amp;nbsp;&amp;nbsp;&amp;nbsp;&amp;nbsp;&amp;nbsp;&amp;nbsp;&amp;nbsp;&amp;nbsp;&amp;nbsp;&amp;nbsp;&amp;nbsp;&amp;nbsp;&amp;nbsp;&lt;/span&gt;&lt;span style="color: var(--highlight-default)"&gt;$extension&lt;/span&gt;&lt;span style="color: var(--highlight-keyword)"&gt;-&amp;gt;&lt;/span&gt;&lt;span style="color: var(--highlight-default)"&gt;executeBeforeFirstTest&lt;/span&gt;&lt;span style="color: var(--highlight-keyword)"&gt;();&lt;/span&gt;&lt;/code&gt;&lt;/li&gt;
&lt;li&gt;&lt;code&gt;&lt;span style="color: var(--highlight-keyword)"&gt;&amp;nbsp;&amp;nbsp;&amp;nbsp;&amp;nbsp;&amp;nbsp;&amp;nbsp;&amp;nbsp;&amp;nbsp;&amp;nbsp;&amp;nbsp;&amp;nbsp;&amp;nbsp;}&lt;/span&gt;&lt;/code&gt;&lt;/li&gt;
&lt;li&gt;&lt;code&gt;&lt;span style="color: var(--highlight-keyword)"&gt;&amp;nbsp;&amp;nbsp;&amp;nbsp;&amp;nbsp;&amp;nbsp;&amp;nbsp;&amp;nbsp;&amp;nbsp;}&lt;/span&gt;&lt;/code&gt;&lt;/li&gt;
&lt;li&gt;&lt;code&gt;&lt;span style="color: var(--highlight-keyword)"&gt;&lt;/span&gt;&lt;/code&gt;&lt;/li&gt;
&lt;li class="selected"&gt;&lt;code&gt;&lt;span style="color: var(--highlight-keyword)"&gt;&amp;nbsp;&amp;nbsp;&amp;nbsp;&amp;nbsp;&amp;nbsp;&amp;nbsp;&amp;nbsp;&amp;nbsp;&lt;/span&gt;&lt;span style="color: var(--highlight-default)"&gt;$suite&lt;/span&gt;&lt;span style="color: var(--highlight-keyword)"&gt;-&amp;gt;&lt;/span&gt;&lt;span style="color: var(--highlight-default)"&gt;run&lt;/span&gt;&lt;span style="color: var(--highlight-keyword)"&gt;(&lt;/span&gt;&lt;span style="color: var(--highlight-default)"&gt;$result&lt;/span&gt;&lt;span style="color: var(--highlight-keyword)"&gt;);&lt;/span&gt;&lt;/code&gt;&lt;/li&gt;
&lt;li&gt;&lt;code&gt;&lt;span style="color: var(--highlight-keyword)"&gt;&lt;/span&gt;&lt;/code&gt;&lt;/li&gt;
&lt;li&gt;&lt;code&gt;&lt;span style="color: var(--highlight-keyword)"&gt;&amp;nbsp;&amp;nbsp;&amp;nbsp;&amp;nbsp;&amp;nbsp;&amp;nbsp;&amp;nbsp;&amp;nbsp;foreach&amp;nbsp;(&lt;/span&gt;&lt;span style="color: var(--highlight-default)"&gt;$this&lt;/span&gt;&lt;span style="color: var(--highlight-keyword)"&gt;-&amp;gt;&lt;/span&gt;&lt;span style="color: var(--highlight-default)"&gt;extensions&amp;nbsp;&lt;/span&gt;&lt;span style="color: var(--highlight-keyword)"&gt;as&amp;nbsp;&lt;/span&gt;&lt;span style="color: var(--highlight-default)"&gt;$extension&lt;/span&gt;&lt;span style="color: var(--highlight-keyword)"&gt;)&amp;nbsp;{&lt;/span&gt;&lt;/code&gt;&lt;/li&gt;
&lt;li&gt;&lt;code&gt;&lt;span style="color: var(--highlight-keyword)"&gt;&amp;nbsp;&amp;nbsp;&amp;nbsp;&amp;nbsp;&amp;nbsp;&amp;nbsp;&amp;nbsp;&amp;nbsp;&amp;nbsp;&amp;nbsp;&amp;nbsp;&amp;nbsp;if&amp;nbsp;(&lt;/span&gt;&lt;span style="color: var(--highlight-default)"&gt;$extension&amp;nbsp;&lt;/span&gt;&lt;span style="color: var(--highlight-keyword)"&gt;instanceof&amp;nbsp;&lt;/span&gt;&lt;span style="color: var(--highlight-default)"&gt;AfterLastTestHook&lt;/span&gt;&lt;span style="color: var(--highlight-keyword)"&gt;)&amp;nbsp;{&lt;/span&gt;&lt;/code&gt;&lt;/li&gt;
&lt;li&gt;&lt;code&gt;&lt;span style="color: var(--highlight-keyword)"&gt;&amp;nbsp;&amp;nbsp;&amp;nbsp;&amp;nbsp;&amp;nbsp;&amp;nbsp;&amp;nbsp;&amp;nbsp;&amp;nbsp;&amp;nbsp;&amp;nbsp;&amp;nbsp;&amp;nbsp;&amp;nbsp;&amp;nbsp;&amp;nbsp;&lt;/span&gt;&lt;span style="color: var(--highlight-default)"&gt;$extension&lt;/span&gt;&lt;span style="color: var(--highlight-keyword)"&gt;-&amp;gt;&lt;/span&gt;&lt;span style="color: var(--highlight-default)"&gt;executeAfterLastTest&lt;/span&gt;&lt;span style="color: var(--highlight-keyword)"&gt;();&lt;/span&gt;&lt;/code&gt;&lt;/li&gt;
&lt;li&gt;&lt;code&gt;&lt;span style="color: var(--highlight-keyword)"&gt;&amp;nbsp;&amp;nbsp;&amp;nbsp;&amp;nbsp;&amp;nbsp;&amp;nbsp;&amp;nbsp;&amp;nbsp;&amp;nbsp;&amp;nbsp;&amp;nbsp;&amp;nbsp;}&lt;/span&gt;&lt;/code&gt;&lt;/li&gt;&lt;/ol&gt;    &lt;/div&gt;            &lt;/div&gt;
                        &lt;div class="trace-line "&gt;
                &lt;div class="trace-line-header break-long-words sf-toggle" data-toggle-selector="#trace-html-1-30" data-toggle-initial=""&gt;
            &lt;span class="icon icon-close"&gt;&lt;svg width="1792" height="1792" viewBox="0 0 1792 1792" xmlns="http://www.w3.org/2000/svg"&gt;&lt;path d="M1408 960V832q0-26-19-45t-45-19H448q-26 0-45 19t-19 45v128q0 26 19 45t45 19h896q26 0 45-19t19-45zm256-544v960q0 119-84.5 203.5T1376 1664H416q-119 0-203.5-84.5T128 1376V416q0-119 84.5-203.5T416 128h960q119 0 203.5 84.5T1664 416z"/&gt;&lt;/svg&gt;&lt;/span&gt;
        &lt;span class="icon icon-open"&gt;&lt;svg width="1792" height="1792" viewBox="0 0 1792 1792" xmlns="http://www.w3.org/2000/svg"&gt;&lt;path d="M1408 960V832q0-26-19-45t-45-19h-320V448q0-26-19-45t-45-19H832q-26 0-45 19t-19 45v320H448q-26 0-45 19t-19 45v128q0 26 19 45t45 19h320v320q0 26 19 45t45 19h128q26 0 45-19t19-45v-320h320q26 0 45-19t19-45zm256-544v960q0 119-84.5 203.5T1376 1664H416q-119 0-203.5-84.5T128 1376V416q0-119 84.5-203.5T416 128h960q119 0 203.5 84.5T1664 416z"/&gt;&lt;/svg&gt;&lt;/span&gt;
    
            &lt;span class="trace-class"&gt;&lt;abbr title="PHPUnit\TextUI\TestRunner"&gt;TestRunner&lt;/abbr&gt;&lt;/span&gt;&lt;span class="trace-type"&gt;-&gt;&lt;/span&gt;&lt;span class="trace-method"&gt;run&lt;/span&gt;&lt;span class="trace-arguments"&gt;(&lt;em&gt;object&lt;/em&gt;(&lt;abbr title="PHPUnit\Framework\TestSuite"&gt;TestSuite&lt;/abbr&gt;), &lt;em&gt;array&lt;/em&gt;('extensions' =&gt; &lt;em&gt;array&lt;/em&gt;(), 'listGroups' =&gt; &lt;em&gt;false&lt;/em&gt;, 'listSuites' =&gt; &lt;em&gt;false&lt;/em&gt;, 'listTests' =&gt; &lt;em&gt;false&lt;/em&gt;, 'listTestsXml' =&gt; &lt;em&gt;false&lt;/em&gt;, 'loader' =&gt; &lt;em&gt;null&lt;/em&gt;, 'useDefaultConfiguration' =&gt; &lt;em&gt;true&lt;/em&gt;, 'loadedExtensions' =&gt; &lt;em&gt;array&lt;/em&gt;(), 'unavailableExtensions' =&gt; &lt;em&gt;array&lt;/em&gt;(), 'notLoadedExtensions' =&gt; &lt;em&gt;array&lt;/em&gt;(), 'junitLogfile' =&gt; 'test-results.xml', 'testSuffixes' =&gt; &lt;em&gt;array&lt;/em&gt;('Test.php', '.phpt'), 'configuration' =&gt; 'C:\\Users\\sliti\\Desktop\\dev\\esprit-PIDEV-3A16-2526-FARMIA\\phpunit.xml.dist', 'configurationObject' =&gt; &lt;em&gt;object&lt;/em&gt;(&lt;abbr title="PHPUnit\TextUI\XmlConfiguration\Configuration"&gt;Configuration&lt;/abbr&gt;), 'stderr' =&gt; &lt;em&gt;false&lt;/em&gt;, 'columns' =&gt; 80, 'warnings' =&gt; &lt;em&gt;array&lt;/em&gt;(), 'debug' =&gt; &lt;em&gt;false&lt;/em&gt;, 'filter' =&gt; &lt;em&gt;false&lt;/em&gt;, 'listeners' =&gt; &lt;em&gt;array&lt;/em&gt;(), 'backupGlobals' =&gt; &lt;em&gt;false&lt;/em&gt;, 'backupStaticAttributes' =&gt; &lt;em&gt;false&lt;/em&gt;, 'beStrictAboutChangesToGlobalState' =&gt; &lt;em&gt;false&lt;/em&gt;, 'cacheResult' =&gt; &lt;em&gt;true&lt;/em&gt;, 'colors' =&gt; 'auto', 'convertDeprecationsToExceptions' =&gt; &lt;em&gt;false&lt;/em&gt;, 'convertErrorsToExceptions' =&gt; &lt;em&gt;true&lt;/em&gt;, 'convertNoticesToExceptions' =&gt; &lt;em&gt;true&lt;/em&gt;, 'convertWarningsToExceptions' =&gt; &lt;em&gt;true&lt;/em&gt;, 'processIsolation' =&gt; &lt;em&gt;false&lt;/em&gt;, 'stopOnDefect' =&gt; &lt;em&gt;false&lt;/em&gt;, 'stopOnError' =&gt; &lt;em&gt;false&lt;/em&gt;, 'stopOnFailure' =&gt; &lt;em&gt;false&lt;/em&gt;, 'stopOnWarning' =&gt; &lt;em&gt;false&lt;/em&gt;, 'stopOnIncomplete' =&gt; &lt;em&gt;false&lt;/em&gt;, 'stopOnRisky' =&gt; &lt;em&gt;false&lt;/em&gt;, 'stopOnSkipped' =&gt; &lt;em&gt;false&lt;/em&gt;, 'failOnEmptyTestSuite' =&gt; &lt;em&gt;false&lt;/em&gt;, 'failOnIncomplete' =&gt; &lt;em&gt;false&lt;/em&gt;, 'failOnRisky' =&gt; &lt;em&gt;false&lt;/em&gt;, 'failOnSkipped' =&gt; &lt;em&gt;false&lt;/em&gt;, 'failOnWarning' =&gt; &lt;em&gt;false&lt;/em&gt;, 'enforceTimeLimit' =&gt; &lt;em&gt;false&lt;/em&gt;, 'defaultTimeLimit' =&gt; 1, 'timeoutForSmallTests' =&gt; 1, 'timeoutForMediumTests' =&gt; 10, 'timeoutForLargeTests' =&gt; 60, 'reportUselessTests' =&gt; &lt;em&gt;true&lt;/em&gt;, 'strictCoverage' =&gt; &lt;em&gt;false&lt;/em&gt;, 'ignoreDeprecatedCodeUnitsFromCodeCoverage' =&gt; &lt;em&gt;false&lt;/em&gt;, 'disallowTestOutput' =&gt; &lt;em&gt;false&lt;/em&gt;, 'disallowTodoAnnotatedTests' =&gt; &lt;em&gt;false&lt;/em&gt;, 'beStrictAboutResourceUsageDuringSmallTests' =&gt; &lt;em&gt;false&lt;/em&gt;, 'verbose' =&gt; &lt;em&gt;false&lt;/em&gt;, 'reverseDefectList' =&gt; &lt;em&gt;false&lt;/em&gt;, 'forceCoversAnnotation' =&gt; &lt;em&gt;false&lt;/em&gt;, 'disableCodeCoverageIgnore' =&gt; &lt;em&gt;false&lt;/em&gt;, 'registerMockObjectsFromTestArgumentsRecursively' =&gt; &lt;em&gt;false&lt;/em&gt;, 'noInteraction' =&gt; &lt;em&gt;false&lt;/em&gt;, 'executionOrder' =&gt; 0, 'resolveDependencies' =&gt; &lt;em&gt;true&lt;/em&gt;, 'bootstrap' =&gt; 'C:\\Users\\sliti\\Desktop\\dev\\esprit-PIDEV-3A16-2526-FARMIA\\tests/bootstrap.php', 'executionOrderDefects' =&gt; 0, 'crap4jThreshold' =&gt; 30, 'excludeGroups' =&gt; &lt;em&gt;array&lt;/em&gt;(), 'groups' =&gt; &lt;em&gt;array&lt;/em&gt;(), 'randomOrderSeed' =&gt; 1777118040, 'repeat' =&gt; &lt;em&gt;false&lt;/em&gt;, 'reportHighLowerBound' =&gt; 90, 'reportLowUpperBound' =&gt; 50, 'reverseList' =&gt; &lt;em&gt;false&lt;/em&gt;, 'testdoxExcludeGroups' =&gt; &lt;em&gt;array&lt;/em&gt;(), 'testdoxGroups' =&gt; &lt;em&gt;array&lt;/em&gt;(), 'cacheResultFile' =&gt; 'C:\\Users\\sliti\\Desktop\\dev\\esprit-PIDEV-3A16-2526-FARMIA'), &lt;em&gt;array&lt;/em&gt;(), &lt;em&gt;true&lt;/em&gt;)&lt;/span&gt;    
                    &lt;span class="block trace-file-path"&gt;
            in
            &lt;a href="file://C:\Users\sliti\Desktop\dev\esprit-PIDEV-3A16-2526-FARMIA\vendor\phpunit\phpunit\src\TextUI\Command.php#L146"&gt;
                C:\Users\sliti\Desktop\dev\esprit-PIDEV-3A16-2526-FARMIA\vendor\phpunit\phpunit\src\TextUI\&lt;strong&gt;Command.php&lt;/strong&gt;
            &lt;/a&gt;
                        (line 146)
            &lt;span class="icon icon-copy hidden" data-clipboard-text="C:\Users\sliti\Desktop\dev\esprit-PIDEV-3A16-2526-FARMIA\vendor\phpunit\phpunit\src\TextUI\Command.php:146"&gt;
                &lt;svg xmlns="http://www.w3.org/2000/svg" height="24" viewBox="0 0 24 24" width="24"&gt;&lt;path d="M0 0h24v24H0z" fill="none"/&gt;&lt;path d="M16 1H4c-1.1 0-2 .9-2 2v14h2V3h12V1zm3 4H8c-1.1 0-2 .9-2 2v14c0 1.1.9 2 2 2h11c1.1 0 2-.9 2-2V7c0-1.1-.9-2-2-2zm0 16H8V7h11v14z"/&gt;&lt;/svg&gt;            &lt;/span&gt;
        &lt;/span&gt;
    &lt;/div&gt;
    &lt;div id="trace-html-1-30" class="trace-code sf-toggle-content"&gt;
        &lt;ol start="141"&gt;&lt;li&gt;&lt;code&gt;&lt;span style="color: var(--highlight-keyword)"&gt;&amp;nbsp;&amp;nbsp;&amp;nbsp;&amp;nbsp;&amp;nbsp;&amp;nbsp;&amp;nbsp;&amp;nbsp;}&lt;/span&gt;&lt;/code&gt;&lt;/li&gt;
&lt;li&gt;&lt;code&gt;&lt;span style="color: var(--highlight-keyword)"&gt;&lt;/span&gt;&lt;/code&gt;&lt;/li&gt;
&lt;li&gt;&lt;code&gt;&lt;span style="color: var(--highlight-keyword)"&gt;&amp;nbsp;&amp;nbsp;&amp;nbsp;&amp;nbsp;&amp;nbsp;&amp;nbsp;&amp;nbsp;&amp;nbsp;unset(&lt;/span&gt;&lt;span style="color: var(--highlight-default)"&gt;$this&lt;/span&gt;&lt;span style="color: var(--highlight-keyword)"&gt;-&amp;gt;&lt;/span&gt;&lt;span style="color: var(--highlight-default)"&gt;arguments&lt;/span&gt;&lt;span style="color: var(--highlight-keyword)"&gt;[&lt;/span&gt;&lt;span style="color: var(--highlight-string)"&gt;'test'&lt;/span&gt;&lt;span style="color: var(--highlight-keyword)"&gt;],&amp;nbsp;&lt;/span&gt;&lt;span style="color: var(--highlight-default)"&gt;$this&lt;/span&gt;&lt;span style="color: var(--highlight-keyword)"&gt;-&amp;gt;&lt;/span&gt;&lt;span style="color: var(--highlight-default)"&gt;arguments&lt;/span&gt;&lt;span style="color: var(--highlight-keyword)"&gt;[&lt;/span&gt;&lt;span style="color: var(--highlight-string)"&gt;'testFile'&lt;/span&gt;&lt;span style="color: var(--highlight-keyword)"&gt;]);&lt;/span&gt;&lt;/code&gt;&lt;/li&gt;
&lt;li&gt;&lt;code&gt;&lt;span style="color: var(--highlight-keyword)"&gt;&lt;/span&gt;&lt;/code&gt;&lt;/li&gt;
&lt;li&gt;&lt;code&gt;&lt;span style="color: var(--highlight-keyword)"&gt;&amp;nbsp;&amp;nbsp;&amp;nbsp;&amp;nbsp;&amp;nbsp;&amp;nbsp;&amp;nbsp;&amp;nbsp;try&amp;nbsp;{&lt;/span&gt;&lt;/code&gt;&lt;/li&gt;
&lt;li class="selected"&gt;&lt;code&gt;&lt;span style="color: var(--highlight-keyword)"&gt;&amp;nbsp;&amp;nbsp;&amp;nbsp;&amp;nbsp;&amp;nbsp;&amp;nbsp;&amp;nbsp;&amp;nbsp;&amp;nbsp;&amp;nbsp;&amp;nbsp;&amp;nbsp;&lt;/span&gt;&lt;span style="color: var(--highlight-default)"&gt;$result&amp;nbsp;&lt;/span&gt;&lt;span style="color: var(--highlight-keyword)"&gt;=&amp;nbsp;&lt;/span&gt;&lt;span style="color: var(--highlight-default)"&gt;$runner&lt;/span&gt;&lt;span style="color: var(--highlight-keyword)"&gt;-&amp;gt;&lt;/span&gt;&lt;span style="color: var(--highlight-default)"&gt;run&lt;/span&gt;&lt;span style="color: var(--highlight-keyword)"&gt;(&lt;/span&gt;&lt;span style="color: var(--highlight-default)"&gt;$suite&lt;/span&gt;&lt;span style="color: var(--highlight-keyword)"&gt;,&amp;nbsp;&lt;/span&gt;&lt;span style="color: var(--highlight-default)"&gt;$this&lt;/span&gt;&lt;span style="color: var(--highlight-keyword)"&gt;-&amp;gt;&lt;/span&gt;&lt;span style="color: var(--highlight-default)"&gt;arguments&lt;/span&gt;&lt;span style="color: var(--highlight-keyword)"&gt;,&amp;nbsp;&lt;/span&gt;&lt;span style="color: var(--highlight-default)"&gt;$this&lt;/span&gt;&lt;span style="color: var(--highlight-keyword)"&gt;-&amp;gt;&lt;/span&gt;&lt;span style="color: var(--highlight-default)"&gt;warnings&lt;/span&gt;&lt;span style="color: var(--highlight-keyword)"&gt;,&amp;nbsp;&lt;/span&gt;&lt;span style="color: var(--highlight-default)"&gt;$exit&lt;/span&gt;&lt;span style="color: var(--highlight-keyword)"&gt;);&lt;/span&gt;&lt;/code&gt;&lt;/li&gt;
&lt;li&gt;&lt;code&gt;&lt;span style="color: var(--highlight-keyword)"&gt;&amp;nbsp;&amp;nbsp;&amp;nbsp;&amp;nbsp;&amp;nbsp;&amp;nbsp;&amp;nbsp;&amp;nbsp;}&amp;nbsp;catch&amp;nbsp;(&lt;/span&gt;&lt;span style="color: var(--highlight-default)"&gt;Throwable&amp;nbsp;$t&lt;/span&gt;&lt;span style="color: var(--highlight-keyword)"&gt;)&amp;nbsp;{&lt;/span&gt;&lt;/code&gt;&lt;/li&gt;
&lt;li&gt;&lt;code&gt;&lt;span style="color: var(--highlight-keyword)"&gt;&amp;nbsp;&amp;nbsp;&amp;nbsp;&amp;nbsp;&amp;nbsp;&amp;nbsp;&amp;nbsp;&amp;nbsp;&amp;nbsp;&amp;nbsp;&amp;nbsp;&amp;nbsp;print&amp;nbsp;&lt;/span&gt;&lt;span style="color: var(--highlight-default)"&gt;$t&lt;/span&gt;&lt;span style="color: var(--highlight-keyword)"&gt;-&amp;gt;&lt;/span&gt;&lt;span style="color: var(--highlight-default)"&gt;getMessage&lt;/span&gt;&lt;span style="color: var(--highlight-keyword)"&gt;()&amp;nbsp;.&amp;nbsp;&lt;/span&gt;&lt;span style="color: var(--highlight-default)"&gt;PHP_EOL&lt;/span&gt;&lt;span style="color: var(--highlight-keyword)"&gt;;&lt;/span&gt;&lt;/code&gt;&lt;/li&gt;
&lt;li&gt;&lt;code&gt;&lt;span style="color: var(--highlight-keyword)"&gt;&amp;nbsp;&amp;nbsp;&amp;nbsp;&amp;nbsp;&amp;nbsp;&amp;nbsp;&amp;nbsp;&amp;nbsp;}&lt;/span&gt;&lt;/code&gt;&lt;/li&gt;
&lt;li&gt;&lt;code&gt;&lt;span style="color: var(--highlight-keyword)"&gt;&lt;/span&gt;&lt;/code&gt;&lt;/li&gt;
&lt;li&gt;&lt;code&gt;&lt;span style="color: var(--highlight-keyword)"&gt;&amp;nbsp;&amp;nbsp;&amp;nbsp;&amp;nbsp;&amp;nbsp;&amp;nbsp;&amp;nbsp;&amp;nbsp;&lt;/span&gt;&lt;span style="color: var(--highlight-default)"&gt;$return&amp;nbsp;&lt;/span&gt;&lt;span style="color: var(--highlight-keyword)"&gt;=&amp;nbsp;&lt;/span&gt;&lt;span style="color: var(--highlight-default)"&gt;TestRunner&lt;/span&gt;&lt;span style="color: var(--highlight-keyword)"&gt;::&lt;/span&gt;&lt;span style="color: var(--highlight-default)"&gt;FAILURE_EXIT&lt;/span&gt;&lt;span style="color: var(--highlight-keyword)"&gt;;&lt;/span&gt;&lt;/code&gt;&lt;/li&gt;&lt;/ol&gt;    &lt;/div&gt;            &lt;/div&gt;
                        &lt;div class="trace-line "&gt;
                &lt;div class="trace-line-header break-long-words sf-toggle" data-toggle-selector="#trace-html-1-31" data-toggle-initial=""&gt;
            &lt;span class="icon icon-close"&gt;&lt;svg width="1792" height="1792" viewBox="0 0 1792 1792" xmlns="http://www.w3.org/2000/svg"&gt;&lt;path d="M1408 960V832q0-26-19-45t-45-19H448q-26 0-45 19t-19 45v128q0 26 19 45t45 19h896q26 0 45-19t19-45zm256-544v960q0 119-84.5 203.5T1376 1664H416q-119 0-203.5-84.5T128 1376V416q0-119 84.5-203.5T416 128h960q119 0 203.5 84.5T1664 416z"/&gt;&lt;/svg&gt;&lt;/span&gt;
        &lt;span class="icon icon-open"&gt;&lt;svg width="1792" height="1792" viewBox="0 0 1792 1792" xmlns="http://www.w3.org/2000/svg"&gt;&lt;path d="M1408 960V832q0-26-19-45t-45-19h-320V448q0-26-19-45t-45-19H832q-26 0-45 19t-19 45v320H448q-26 0-45 19t-19 45v128q0 26 19 45t45 19h320v320q0 26 19 45t45 19h128q26 0 45-19t19-45v-320h320q26 0 45-19t19-45zm256-544v960q0 119-84.5 203.5T1376 1664H416q-119 0-203.5-84.5T128 1376V416q0-119 84.5-203.5T416 128h960q119 0 203.5 84.5T1664 416z"/&gt;&lt;/svg&gt;&lt;/span&gt;
    
            &lt;span class="trace-class"&gt;&lt;abbr title="PHPUnit\TextUI\Command"&gt;Command&lt;/abbr&gt;&lt;/span&gt;&lt;span class="trace-type"&gt;-&gt;&lt;/span&gt;&lt;span class="trace-method"&gt;run&lt;/span&gt;&lt;span class="trace-arguments"&gt;(&lt;em&gt;array&lt;/em&gt;('bin/phpunit', '--log-junit', 'test-results.xml'), &lt;em&gt;true&lt;/em&gt;)&lt;/span&gt;    
                    &lt;span class="block trace-file-path"&gt;
            in
            &lt;a href="file://C:\Users\sliti\Desktop\dev\esprit-PIDEV-3A16-2526-FARMIA\vendor\phpunit\phpunit\src\TextUI\Command.php#L99"&gt;
                C:\Users\sliti\Desktop\dev\esprit-PIDEV-3A16-2526-FARMIA\vendor\phpunit\phpunit\src\TextUI\&lt;strong&gt;Command.php&lt;/strong&gt;
            &lt;/a&gt;
                        (line 99)
            &lt;span class="icon icon-copy hidden" data-clipboard-text="C:\Users\sliti\Desktop\dev\esprit-PIDEV-3A16-2526-FARMIA\vendor\phpunit\phpunit\src\TextUI\Command.php:99"&gt;
                &lt;svg xmlns="http://www.w3.org/2000/svg" height="24" viewBox="0 0 24 24" width="24"&gt;&lt;path d="M0 0h24v24H0z" fill="none"/&gt;&lt;path d="M16 1H4c-1.1 0-2 .9-2 2v14h2V3h12V1zm3 4H8c-1.1 0-2 .9-2 2v14c0 1.1.9 2 2 2h11c1.1 0 2-.9 2-2V7c0-1.1-.9-2-2-2zm0 16H8V7h11v14z"/&gt;&lt;/svg&gt;            &lt;/span&gt;
        &lt;/span&gt;
    &lt;/div&gt;
    &lt;div id="trace-html-1-31" class="trace-code sf-toggle-content"&gt;
        &lt;ol start="94"&gt;&lt;li&gt;&lt;code&gt;&lt;span style="color: var(--highlight-comment)"&gt;&amp;nbsp;&amp;nbsp;&amp;nbsp;&amp;nbsp;&amp;nbsp;*&amp;nbsp;@throws&amp;nbsp;Exception&lt;/span&gt;&lt;/code&gt;&lt;/li&gt;
&lt;li&gt;&lt;code&gt;&lt;span style="color: var(--highlight-comment)"&gt;&amp;nbsp;&amp;nbsp;&amp;nbsp;&amp;nbsp;&amp;nbsp;*/&lt;/span&gt;&lt;/code&gt;&lt;/li&gt;
&lt;li&gt;&lt;code&gt;&lt;span style="color: var(--highlight-comment)"&gt;&amp;nbsp;&amp;nbsp;&amp;nbsp;&amp;nbsp;&lt;/span&gt;&lt;span style="color: var(--highlight-keyword)"&gt;public&amp;nbsp;static&amp;nbsp;function&amp;nbsp;&lt;/span&gt;&lt;span style="color: var(--highlight-default)"&gt;main&lt;/span&gt;&lt;span style="color: var(--highlight-keyword)"&gt;(&lt;/span&gt;&lt;span style="color: var(--highlight-default)"&gt;bool&amp;nbsp;$exit&amp;nbsp;&lt;/span&gt;&lt;span style="color: var(--highlight-keyword)"&gt;=&amp;nbsp;&lt;/span&gt;&lt;span style="color: var(--highlight-default)"&gt;true&lt;/span&gt;&lt;span style="color: var(--highlight-keyword)"&gt;):&amp;nbsp;&lt;/span&gt;&lt;span style="color: var(--highlight-default)"&gt;int&lt;/span&gt;&lt;/code&gt;&lt;/li&gt;
&lt;li&gt;&lt;code&gt;&lt;span style="color: var(--highlight-default)"&gt;&amp;nbsp;&amp;nbsp;&amp;nbsp;&amp;nbsp;&lt;/span&gt;&lt;span style="color: var(--highlight-keyword)"&gt;{&lt;/span&gt;&lt;/code&gt;&lt;/li&gt;
&lt;li&gt;&lt;code&gt;&lt;span style="color: var(--highlight-keyword)"&gt;&amp;nbsp;&amp;nbsp;&amp;nbsp;&amp;nbsp;&amp;nbsp;&amp;nbsp;&amp;nbsp;&amp;nbsp;try&amp;nbsp;{&lt;/span&gt;&lt;/code&gt;&lt;/li&gt;
&lt;li class="selected"&gt;&lt;code&gt;&lt;span style="color: var(--highlight-keyword)"&gt;&amp;nbsp;&amp;nbsp;&amp;nbsp;&amp;nbsp;&amp;nbsp;&amp;nbsp;&amp;nbsp;&amp;nbsp;&amp;nbsp;&amp;nbsp;&amp;nbsp;&amp;nbsp;return&amp;nbsp;(new&amp;nbsp;static)-&amp;gt;&lt;/span&gt;&lt;span style="color: var(--highlight-default)"&gt;run&lt;/span&gt;&lt;span style="color: var(--highlight-keyword)"&gt;(&lt;/span&gt;&lt;span style="color: var(--highlight-default)"&gt;$_SERVER&lt;/span&gt;&lt;span style="color: var(--highlight-keyword)"&gt;[&lt;/span&gt;&lt;span style="color: var(--highlight-string)"&gt;'argv'&lt;/span&gt;&lt;span style="color: var(--highlight-keyword)"&gt;],&amp;nbsp;&lt;/span&gt;&lt;span style="color: var(--highlight-default)"&gt;$exit&lt;/span&gt;&lt;span style="color: var(--highlight-keyword)"&gt;);&lt;/span&gt;&lt;/code&gt;&lt;/li&gt;
&lt;li&gt;&lt;code&gt;&lt;span style="color: var(--highlight-keyword)"&gt;&amp;nbsp;&amp;nbsp;&amp;nbsp;&amp;nbsp;&amp;nbsp;&amp;nbsp;&amp;nbsp;&amp;nbsp;}&amp;nbsp;catch&amp;nbsp;(&lt;/span&gt;&lt;span style="color: var(--highlight-default)"&gt;Throwable&amp;nbsp;$t&lt;/span&gt;&lt;span style="color: var(--highlight-keyword)"&gt;)&amp;nbsp;{&lt;/span&gt;&lt;/code&gt;&lt;/li&gt;
&lt;li&gt;&lt;code&gt;&lt;span style="color: var(--highlight-keyword)"&gt;&amp;nbsp;&amp;nbsp;&amp;nbsp;&amp;nbsp;&amp;nbsp;&amp;nbsp;&amp;nbsp;&amp;nbsp;&amp;nbsp;&amp;nbsp;&amp;nbsp;&amp;nbsp;throw&amp;nbsp;new&amp;nbsp;&lt;/span&gt;&lt;span style="color: var(--highlight-default)"&gt;RuntimeException&lt;/span&gt;&lt;span style="color: var(--highlight-keyword)"&gt;(&lt;/span&gt;&lt;/code&gt;&lt;/li&gt;
&lt;li&gt;&lt;code&gt;&lt;span style="color: var(--highlight-keyword)"&gt;&amp;nbsp;&amp;nbsp;&amp;nbsp;&amp;nbsp;&amp;nbsp;&amp;nbsp;&amp;nbsp;&amp;nbsp;&amp;nbsp;&amp;nbsp;&amp;nbsp;&amp;nbsp;&amp;nbsp;&amp;nbsp;&amp;nbsp;&amp;nbsp;&lt;/span&gt;&lt;span style="color: var(--highlight-default)"&gt;$t&lt;/span&gt;&lt;span style="color: var(--highlight-keyword)"&gt;-&amp;gt;&lt;/span&gt;&lt;span style="color: var(--highlight-default)"&gt;getMessage&lt;/span&gt;&lt;span style="color: var(--highlight-keyword)"&gt;(),&lt;/span&gt;&lt;/code&gt;&lt;/li&gt;
&lt;li&gt;&lt;code&gt;&lt;span style="color: var(--highlight-keyword)"&gt;&amp;nbsp;&amp;nbsp;&amp;nbsp;&amp;nbsp;&amp;nbsp;&amp;nbsp;&amp;nbsp;&amp;nbsp;&amp;nbsp;&amp;nbsp;&amp;nbsp;&amp;nbsp;&amp;nbsp;&amp;nbsp;&amp;nbsp;&amp;nbsp;(int)&amp;nbsp;&lt;/span&gt;&lt;span style="color: var(--highlight-default)"&gt;$t&lt;/span&gt;&lt;span style="color: var(--highlight-keyword)"&gt;-&amp;gt;&lt;/span&gt;&lt;span style="color: var(--highlight-default)"&gt;getCode&lt;/span&gt;&lt;span style="color: var(--highlight-keyword)"&gt;(),&lt;/span&gt;&lt;/code&gt;&lt;/li&gt;
&lt;li&gt;&lt;code&gt;&lt;span style="color: var(--highlight-keyword)"&gt;&amp;nbsp;&amp;nbsp;&amp;nbsp;&amp;nbsp;&amp;nbsp;&amp;nbsp;&amp;nbsp;&amp;nbsp;&amp;nbsp;&amp;nbsp;&amp;nbsp;&amp;nbsp;&amp;nbsp;&amp;nbsp;&amp;nbsp;&amp;nbsp;&lt;/span&gt;&lt;span style="color: var(--highlight-default)"&gt;$t&lt;/span&gt;&lt;span style="color: var(--highlight-keyword)"&gt;,&lt;/span&gt;&lt;/code&gt;&lt;/li&gt;&lt;/ol&gt;    &lt;/div&gt;            &lt;/div&gt;
                        &lt;div class="trace-line "&gt;
                &lt;div class="trace-line-header break-long-words sf-toggle" data-toggle-selector="#trace-html-1-32" data-toggle-initial=""&gt;
            &lt;span class="icon icon-close"&gt;&lt;svg width="1792" height="1792" viewBox="0 0 1792 1792" xmlns="http://www.w3.org/2000/svg"&gt;&lt;path d="M1408 960V832q0-26-19-45t-45-19H448q-26 0-45 19t-19 45v128q0 26 19 45t45 19h896q26 0 45-19t19-45zm256-544v960q0 119-84.5 203.5T1376 1664H416q-119 0-203.5-84.5T128 1376V416q0-119 84.5-203.5T416 128h960q119 0 203.5 84.5T1664 416z"/&gt;&lt;/svg&gt;&lt;/span&gt;
        &lt;span class="icon icon-open"&gt;&lt;svg width="1792" height="1792" viewBox="0 0 1792 1792" xmlns="http://www.w3.org/2000/svg"&gt;&lt;path d="M1408 960V832q0-26-19-45t-45-19h-320V448q0-26-19-45t-45-19H832q-26 0-45 19t-19 45v320H448q-26 0-45 19t-19 45v128q0 26 19 45t45 19h320v320q0 26 19 45t45 19h128q26 0 45-19t19-45v-320h320q26 0 45-19t19-45zm256-544v960q0 119-84.5 203.5T1376 1664H416q-119 0-203.5-84.5T128 1376V416q0-119 84.5-203.5T416 128h960q119 0 203.5 84.5T1664 416z"/&gt;&lt;/svg&gt;&lt;/span&gt;
    
            &lt;span class="trace-class"&gt;&lt;abbr title="PHPUnit\TextUI\Command"&gt;Command&lt;/abbr&gt;&lt;/span&gt;&lt;span class="trace-type"&gt;::&lt;/span&gt;&lt;span class="trace-method"&gt;main&lt;/span&gt;&lt;span class="trace-arguments"&gt;()&lt;/span&gt;    
                    &lt;span class="block trace-file-path"&gt;
            in
            &lt;a href="file://C:\Users\sliti\Desktop\dev\esprit-PIDEV-3A16-2526-FARMIA\vendor\phpunit\phpunit\phpunit#L107"&gt;
                C:\Users\sliti\Desktop\dev\esprit-PIDEV-3A16-2526-FARMIA\vendor\phpunit\phpunit\&lt;strong&gt;phpunit&lt;/strong&gt;
            &lt;/a&gt;
                        (line 107)
            &lt;span class="icon icon-copy hidden" data-clipboard-text="C:\Users\sliti\Desktop\dev\esprit-PIDEV-3A16-2526-FARMIA\vendor\phpunit\phpunit\phpunit:107"&gt;
                &lt;svg xmlns="http://www.w3.org/2000/svg" height="24" viewBox="0 0 24 24" width="24"&gt;&lt;path d="M0 0h24v24H0z" fill="none"/&gt;&lt;path d="M16 1H4c-1.1 0-2 .9-2 2v14h2V3h12V1zm3 4H8c-1.1 0-2 .9-2 2v14c0 1.1.9 2 2 2h11c1.1 0 2-.9 2-2V7c0-1.1-.9-2-2-2zm0 16H8V7h11v14z"/&gt;&lt;/svg&gt;            &lt;/span&gt;
        &lt;/span&gt;
    &lt;/div&gt;
    &lt;div id="trace-html-1-32" class="trace-code sf-toggle-content"&gt;
        &lt;ol start="102"&gt;&lt;li&gt;&lt;code&gt;&lt;span style="color: var(--highlight-keyword)"&gt;unset(&lt;/span&gt;&lt;span style="color: var(--highlight-default)"&gt;$options&lt;/span&gt;&lt;span style="color: var(--highlight-keyword)"&gt;);&lt;/span&gt;&lt;/code&gt;&lt;/li&gt;
&lt;li&gt;&lt;code&gt;&lt;span style="color: var(--highlight-keyword)"&gt;&lt;/span&gt;&lt;/code&gt;&lt;/li&gt;
&lt;li&gt;&lt;code&gt;&lt;span style="color: var(--highlight-keyword)"&gt;require&amp;nbsp;&lt;/span&gt;&lt;span style="color: var(--highlight-default)"&gt;PHPUNIT_COMPOSER_INSTALL&lt;/span&gt;&lt;span style="color: var(--highlight-keyword)"&gt;;&lt;/span&gt;&lt;/code&gt;&lt;/li&gt;
&lt;li&gt;&lt;code&gt;&lt;span style="color: var(--highlight-keyword)"&gt;&lt;/span&gt;&lt;/code&gt;&lt;/li&gt;
&lt;li&gt;&lt;code&gt;&lt;span style="color: var(--highlight-keyword)"&gt;&lt;/span&gt;&lt;span style="color: var(--highlight-default)"&gt;PHPUnit\TextUI\Command&lt;/span&gt;&lt;span style="color: var(--highlight-keyword)"&gt;::&lt;/span&gt;&lt;span style="color: var(--highlight-default)"&gt;main&lt;/span&gt;&lt;span style="color: var(--highlight-keyword)"&gt;();&lt;/span&gt;&lt;/code&gt;&lt;/li&gt;
&lt;li class="selected"&gt;&lt;code&gt;&lt;span style="color: var(--highlight-keyword)"&gt;&lt;/span&gt;&lt;/code&gt;&lt;/li&gt;&lt;/ol&gt;    &lt;/div&gt;            &lt;/div&gt;
                        &lt;div class="trace-line "&gt;
                &lt;div class="trace-line-header break-long-words sf-toggle" data-toggle-selector="#trace-html-1-33" data-toggle-initial=""&gt;
            &lt;span class="icon icon-close"&gt;&lt;svg width="1792" height="1792" viewBox="0 0 1792 1792" xmlns="http://www.w3.org/2000/svg"&gt;&lt;path d="M1408 960V832q0-26-19-45t-45-19H448q-26 0-45 19t-19 45v128q0 26 19 45t45 19h896q26 0 45-19t19-45zm256-544v960q0 119-84.5 203.5T1376 1664H416q-119 0-203.5-84.5T128 1376V416q0-119 84.5-203.5T416 128h960q119 0 203.5 84.5T1664 416z"/&gt;&lt;/svg&gt;&lt;/span&gt;
        &lt;span class="icon icon-open"&gt;&lt;svg width="1792" height="1792" viewBox="0 0 1792 1792" xmlns="http://www.w3.org/2000/svg"&gt;&lt;path d="M1408 960V832q0-26-19-45t-45-19h-320V448q0-26-19-45t-45-19H832q-26 0-45 19t-19 45v320H448q-26 0-45 19t-19 45v128q0 26 19 45t45 19h320v320q0 26 19 45t45 19h128q26 0 45-19t19-45v-320h320q26 0 45-19t19-45zm256-544v960q0 119-84.5 203.5T1376 1664H416q-119 0-203.5-84.5T128 1376V416q0-119 84.5-203.5T416 128h960q119 0 203.5 84.5T1664 416z"/&gt;&lt;/svg&gt;&lt;/span&gt;
    
            &lt;span class="trace-class"&gt;&lt;abbr title=""&gt;&lt;/abbr&gt;&lt;/span&gt;&lt;span class="trace-method"&gt;require&lt;/span&gt;&lt;span class="trace-arguments"&gt;('C:\\Users\\sliti\\Desktop\\dev\\esprit-PIDEV-3A16-2526-FARMIA\\vendor\\phpunit\\phpunit\\phpunit')&lt;/span&gt;    
                    &lt;span class="block trace-file-path"&gt;
            in
            &lt;a href="file://C:\Users\sliti\Desktop\dev\esprit-PIDEV-3A16-2526-FARMIA\bin\phpunit#L10"&gt;
                C:\Users\sliti\Desktop\dev\esprit-PIDEV-3A16-2526-FARMIA\bin\&lt;strong&gt;phpunit&lt;/strong&gt;
            &lt;/a&gt;
                        (line 10)
            &lt;span class="icon icon-copy hidden" data-clipboard-text="C:\Users\sliti\Desktop\dev\esprit-PIDEV-3A16-2526-FARMIA\bin\phpunit:10"&gt;
                &lt;svg xmlns="http://www.w3.org/2000/svg" height="24" viewBox="0 0 24 24" width="24"&gt;&lt;path d="M0 0h24v24H0z" fill="none"/&gt;&lt;path d="M16 1H4c-1.1 0-2 .9-2 2v14h2V3h12V1zm3 4H8c-1.1 0-2 .9-2 2v14c0 1.1.9 2 2 2h11c1.1 0 2-.9 2-2V7c0-1.1-.9-2-2-2zm0 16H8V7h11v14z"/&gt;&lt;/svg&gt;            &lt;/span&gt;
        &lt;/span&gt;
    &lt;/div&gt;
    &lt;div id="trace-html-1-33" class="trace-code sf-toggle-content"&gt;
        &lt;ol start="5"&gt;&lt;li&gt;&lt;code&gt;&lt;span style="color: var(--highlight-keyword)"&gt;}&#13;&lt;/span&gt;&lt;/code&gt;&lt;/li&gt;
&lt;li&gt;&lt;code&gt;&lt;span style="color: var(--highlight-keyword)"&gt;&#13;&lt;/span&gt;&lt;/code&gt;&lt;/li&gt;
&lt;li&gt;&lt;code&gt;&lt;span style="color: var(--highlight-keyword)"&gt;if&amp;nbsp;(&lt;/span&gt;&lt;span style="color: var(--highlight-default)"&gt;is_file&lt;/span&gt;&lt;span style="color: var(--highlight-keyword)"&gt;(&lt;/span&gt;&lt;span style="color: var(--highlight-default)"&gt;dirname&lt;/span&gt;&lt;span style="color: var(--highlight-keyword)"&gt;(&lt;/span&gt;&lt;span style="color: var(--highlight-default)"&gt;__DIR__&lt;/span&gt;&lt;span style="color: var(--highlight-keyword)"&gt;).&lt;/span&gt;&lt;span style="color: var(--highlight-string)"&gt;'/vendor/phpunit/phpunit/phpunit'&lt;/span&gt;&lt;span style="color: var(--highlight-keyword)"&gt;))&amp;nbsp;{&#13;&lt;/span&gt;&lt;/code&gt;&lt;/li&gt;
&lt;li&gt;&lt;code&gt;&lt;span style="color: var(--highlight-keyword)"&gt;&amp;nbsp;&amp;nbsp;&amp;nbsp;&amp;nbsp;if&amp;nbsp;(&lt;/span&gt;&lt;span style="color: var(--highlight-default)"&gt;PHP_VERSION_ID&amp;nbsp;&lt;/span&gt;&lt;span style="color: var(--highlight-keyword)"&gt;&amp;gt;=&amp;nbsp;&lt;/span&gt;&lt;span style="color: var(--highlight-default)"&gt;80000&lt;/span&gt;&lt;span style="color: var(--highlight-keyword)"&gt;)&amp;nbsp;{&#13;&lt;/span&gt;&lt;/code&gt;&lt;/li&gt;
&lt;li&gt;&lt;code&gt;&lt;span style="color: var(--highlight-keyword)"&gt;&amp;nbsp;&amp;nbsp;&amp;nbsp;&amp;nbsp;&amp;nbsp;&amp;nbsp;&amp;nbsp;&amp;nbsp;require&amp;nbsp;&lt;/span&gt;&lt;span style="color: var(--highlight-default)"&gt;dirname&lt;/span&gt;&lt;span style="color: var(--highlight-keyword)"&gt;(&lt;/span&gt;&lt;span style="color: var(--highlight-default)"&gt;__DIR__&lt;/span&gt;&lt;span style="color: var(--highlight-keyword)"&gt;).&lt;/span&gt;&lt;span style="color: var(--highlight-string)"&gt;'/vendor/phpunit/phpunit/phpunit'&lt;/span&gt;&lt;span style="color: var(--highlight-keyword)"&gt;;&#13;&lt;/span&gt;&lt;/code&gt;&lt;/li&gt;
&lt;li class="selected"&gt;&lt;code&gt;&lt;span style="color: var(--highlight-keyword)"&gt;&amp;nbsp;&amp;nbsp;&amp;nbsp;&amp;nbsp;}&amp;nbsp;else&amp;nbsp;{&#13;&lt;/span&gt;&lt;/code&gt;&lt;/li&gt;
&lt;li&gt;&lt;code&gt;&lt;span style="color: var(--highlight-keyword)"&gt;&amp;nbsp;&amp;nbsp;&amp;nbsp;&amp;nbsp;&amp;nbsp;&amp;nbsp;&amp;nbsp;&amp;nbsp;&lt;/span&gt;&lt;span style="color: var(--highlight-default)"&gt;define&lt;/span&gt;&lt;span style="color: var(--highlight-keyword)"&gt;(&lt;/span&gt;&lt;span style="color: var(--highlight-string)"&gt;'PHPUNIT_COMPOSER_INSTALL'&lt;/span&gt;&lt;span style="color: var(--highlight-keyword)"&gt;,&amp;nbsp;&lt;/span&gt;&lt;span style="color: var(--highlight-default)"&gt;dirname&lt;/span&gt;&lt;span style="color: var(--highlight-keyword)"&gt;(&lt;/span&gt;&lt;span style="color: var(--highlight-default)"&gt;__DIR__&lt;/span&gt;&lt;span style="color: var(--highlight-keyword)"&gt;).&lt;/span&gt;&lt;span style="color: var(--highlight-string)"&gt;'/vendor/autoload.php'&lt;/span&gt;&lt;span style="color: var(--highlight-keyword)"&gt;);&#13;&lt;/span&gt;&lt;/code&gt;&lt;/li&gt;
&lt;li&gt;&lt;code&gt;&lt;span style="color: var(--highlight-keyword)"&gt;&amp;nbsp;&amp;nbsp;&amp;nbsp;&amp;nbsp;&amp;nbsp;&amp;nbsp;&amp;nbsp;&amp;nbsp;require&amp;nbsp;&lt;/span&gt;&lt;span style="color: var(--highlight-default)"&gt;PHPUNIT_COMPOSER_INSTALL&lt;/span&gt;&lt;span style="color: var(--highlight-keyword)"&gt;;&#13;&lt;/span&gt;&lt;/code&gt;&lt;/li&gt;
&lt;li&gt;&lt;code&gt;&lt;span style="color: var(--highlight-keyword)"&gt;&amp;nbsp;&amp;nbsp;&amp;nbsp;&amp;nbsp;&amp;nbsp;&amp;nbsp;&amp;nbsp;&amp;nbsp;&lt;/span&gt;&lt;span style="color: var(--highlight-default)"&gt;PHPUnit\TextUI\Command&lt;/span&gt;&lt;span style="color: var(--highlight-keyword)"&gt;::&lt;/span&gt;&lt;span style="color: var(--highlight-default)"&gt;main&lt;/span&gt;&lt;span style="color: var(--highlight-keyword)"&gt;();&#13;&lt;/span&gt;&lt;/code&gt;&lt;/li&gt;
&lt;li&gt;&lt;code&gt;&lt;span style="color: var(--highlight-keyword)"&gt;&amp;nbsp;&amp;nbsp;&amp;nbsp;&amp;nbsp;}&#13;&lt;/span&gt;&lt;/code&gt;&lt;/li&gt;
&lt;li&gt;&lt;code&gt;&lt;span style="color: var(--highlight-keyword)"&gt;}&amp;nbsp;else&amp;nbsp;{&#13;&lt;/span&gt;&lt;/code&gt;&lt;/li&gt;&lt;/ol&gt;    &lt;/div&gt;            &lt;/div&gt;
                    &lt;/div&gt;
    &lt;/div&gt;
&lt;/div&gt;            &lt;/div&gt;
        &lt;/div&gt;

        
        &lt;div class="tab"&gt;
            &lt;h3 class="tab-title"&gt;
                                    Stack Trace
                            &lt;/h3&gt;

            &lt;div class="tab-content"&gt;
                &lt;table class="trace trace-as-text"&gt;
    &lt;thead class="trace-head"&gt;
        &lt;tr&gt;
            &lt;th class="sf-toggle" data-toggle-selector="#trace-text-1" data-toggle-initial="display"&gt;
                &lt;div class="trace-class"&gt;
                                        RuntimeError                    &lt;span class="icon icon-close"&gt;&lt;svg width="1792" height="1792" viewBox="0 0 1792 1792" xmlns="http://www.w3.org/2000/svg"&gt;&lt;path d="M1344 800v64q0 14-9 23t-23 9H480q-14 0-23-9t-9-23v-64q0-14 9-23t23-9h832q14 0 23 9t9 23zm128 448V416q0-66-47-113t-113-47H480q-66 0-113 47t-47 113v832q0 66 47 113t113 47h832q66 0 113-47t47-113zm128-832v832q0 119-84.5 203.5T1312 1536H480q-119 0-203.5-84.5T192 1248V416q0-119 84.5-203.5T480 128h832q119 0 203.5 84.5T1600 416z"/&gt;&lt;/svg&gt;&lt;/span&gt;
                    &lt;span class="icon icon-open"&gt;&lt;svg width="1792" height="1792" viewBox="0 0 1792 1792" xmlns="http://www.w3.org/2000/svg"&gt;&lt;path d="M1344 800v64q0 14-9 23t-23 9H960v352q0 14-9 23t-23 9h-64q-14 0-23-9t-9-23V896H480q-14 0-23-9t-9-23v-64q0-14 9-23t23-9h352V416q0-14 9-23t23-9h64q14 0 23 9t9 23v352h352q14 0 23 9t9 23zm128 448V416q0-66-47-113t-113-47H480q-66 0-113 47t-47 113v832q0 66 47 113t113 47h832q66 0 113-47t47-113zm128-832v832q0 119-84.5 203.5T1312 1536H480q-119 0-203.5-84.5T192 1248V416q0-119 84.5-203.5T480 128h832q119 0 203.5 84.5T1600 416z"/&gt;&lt;/svg&gt;&lt;/span&gt;
                &lt;/div&gt;
            &lt;/th&gt;
        &lt;/tr&gt;
    &lt;/thead&gt;

    &lt;tbody id="trace-text-1"&gt;
        &lt;tr&gt;
            &lt;td&gt;
                                &lt;pre class="stacktrace"&gt;
Twig\Error\RuntimeError:
Impossible to access an attribute (&amp;quot;nom&amp;quot;) on a null variable in &amp;quot;components/_profile_modal.html.twig&amp;quot; at line 53.

  at C:\Users\sliti\Desktop\dev\esprit-PIDEV-3A16-2526-FARMIA\templates\components\_profile_modal.html.twig:53
  at Twig\Extension\CoreExtension::getAttribute(object(Environment), object(Source), null, 'nom', array(), 'any', false, false, false, 53)
     (C:\Users\sliti\Desktop\dev\esprit-PIDEV-3A16-2526-FARMIA\var\cache\test\twig\5d\5d07f95a04aea814789e466f36922b83.php:118)
  at __TwigTemplate_14b0366358f04021c4c491b76bd18364-&amp;gt;doDisplay(array('animals' =&gt; array(), 'fermes' =&gt; array(), 'suivis' =&gt; array(), 'animal_edit' =&gt; null, 'errors' =&gt; array(), 'searchTerm' =&gt; null, 'currentSort' =&gt; 'espece', 'currentDirection' =&gt; 'ASC', 'app' =&gt; object(AppVariable), 'current_route' =&gt; 'app_animal_index'), array())
     (C:\Users\sliti\Desktop\dev\esprit-PIDEV-3A16-2526-FARMIA\vendor\twig\twig\src\Template.php:402)
  at Twig\Template-&amp;gt;yield(array('animals' =&gt; array(), 'fermes' =&gt; array(), 'suivis' =&gt; array(), 'animal_edit' =&gt; null, 'errors' =&gt; array(), 'searchTerm' =&gt; null, 'currentSort' =&gt; 'espece', 'currentDirection' =&gt; 'ASC', 'app' =&gt; object(AppVariable), 'current_route' =&gt; 'app_animal_index'))
     (C:\Users\sliti\Desktop\dev\esprit-PIDEV-3A16-2526-FARMIA\var\cache\test\twig\17\170dfbc37d71379a1ea82aee9553d314.php:234)
  at __TwigTemplate_ad2711c1e71abc2ab4f5914660d9d39a-&amp;gt;doDisplay(array('animals' =&gt; array(), 'fermes' =&gt; array(), 'suivis' =&gt; array(), 'animal_edit' =&gt; null, 'errors' =&gt; array(), 'searchTerm' =&gt; null, 'currentSort' =&gt; 'espece', 'currentDirection' =&gt; 'ASC', 'app' =&gt; object(AppVariable), 'current_route' =&gt; 'app_animal_index'), array('title' =&gt; array(object(__TwigTemplate_24303efbd827d7bdc3fcc908a46044f0), 'block_title'), 'stylesheets' =&gt; array(object(__TwigTemplate_ad2711c1e71abc2ab4f5914660d9d39a), 'block_stylesheets'), 'body' =&gt; array(object(__TwigTemplate_24303efbd827d7bdc3fcc908a46044f0), 'block_body'), 'javascripts' =&gt; array(object(__TwigTemplate_ad2711c1e71abc2ab4f5914660d9d39a), 'block_javascripts')))
     (C:\Users\sliti\Desktop\dev\esprit-PIDEV-3A16-2526-FARMIA\vendor\twig\twig\src\Template.php:402)
  at Twig\Template-&amp;gt;yield(array('animals' =&gt; array(), 'fermes' =&gt; array(), 'suivis' =&gt; array(), 'animal_edit' =&gt; null, 'errors' =&gt; array(), 'searchTerm' =&gt; null, 'currentSort' =&gt; 'espece', 'currentDirection' =&gt; 'ASC', 'app' =&gt; object(AppVariable)), array('title' =&gt; array(object(__TwigTemplate_24303efbd827d7bdc3fcc908a46044f0), 'block_title'), 'stylesheets' =&gt; array(object(__TwigTemplate_ad2711c1e71abc2ab4f5914660d9d39a), 'block_stylesheets'), 'body' =&gt; array(object(__TwigTemplate_24303efbd827d7bdc3fcc908a46044f0), 'block_body'), 'javascripts' =&gt; array(object(__TwigTemplate_ad2711c1e71abc2ab4f5914660d9d39a), 'block_javascripts')))
     (C:\Users\sliti\Desktop\dev\esprit-PIDEV-3A16-2526-FARMIA\var\cache\test\twig\e3\e33adb33f65e3bfe927c808625d99e62.php:54)
  at __TwigTemplate_24303efbd827d7bdc3fcc908a46044f0-&amp;gt;doDisplay(array('animals' =&gt; array(), 'fermes' =&gt; array(), 'suivis' =&gt; array(), 'animal_edit' =&gt; null, 'errors' =&gt; array(), 'searchTerm' =&gt; null, 'currentSort' =&gt; 'espece', 'currentDirection' =&gt; 'ASC', 'app' =&gt; object(AppVariable)), array('title' =&gt; array(object(__TwigTemplate_24303efbd827d7bdc3fcc908a46044f0), 'block_title'), 'body' =&gt; array(object(__TwigTemplate_24303efbd827d7bdc3fcc908a46044f0), 'block_body')))
     (C:\Users\sliti\Desktop\dev\esprit-PIDEV-3A16-2526-FARMIA\vendor\twig\twig\src\Template.php:402)
  at Twig\Template-&amp;gt;yield(array('animals' =&gt; array(), 'fermes' =&gt; array(), 'suivis' =&gt; array(), 'animal_edit' =&gt; null, 'errors' =&gt; array(), 'searchTerm' =&gt; null, 'currentSort' =&gt; 'espece', 'currentDirection' =&gt; 'ASC', 'app' =&gt; object(AppVariable)), array('title' =&gt; array(object(__TwigTemplate_24303efbd827d7bdc3fcc908a46044f0), 'block_title'), 'body' =&gt; array(object(__TwigTemplate_24303efbd827d7bdc3fcc908a46044f0), 'block_body')))
     (C:\Users\sliti\Desktop\dev\esprit-PIDEV-3A16-2526-FARMIA\vendor\twig\twig\src\Template.php:358)
  at Twig\Template-&amp;gt;display(array('animals' =&gt; array(), 'fermes' =&gt; array(), 'suivis' =&gt; array(), 'animal_edit' =&gt; null, 'errors' =&gt; array(), 'searchTerm' =&gt; null, 'currentSort' =&gt; 'espece', 'currentDirection' =&gt; 'ASC'))
     (C:\Users\sliti\Desktop\dev\esprit-PIDEV-3A16-2526-FARMIA\vendor\twig\twig\src\Template.php:373)
  at Twig\Template-&amp;gt;render(array('animals' =&gt; array(), 'fermes' =&gt; array(), 'suivis' =&gt; array(), 'animal_edit' =&gt; null, 'errors' =&gt; array(), 'searchTerm' =&gt; null, 'currentSort' =&gt; 'espece', 'currentDirection' =&gt; 'ASC'))
     (C:\Users\sliti\Desktop\dev\esprit-PIDEV-3A16-2526-FARMIA\vendor\twig\twig\src\TemplateWrapper.php:51)
  at Twig\TemplateWrapper-&amp;gt;render(array('animals' =&gt; array(), 'fermes' =&gt; array(), 'suivis' =&gt; array(), 'animal_edit' =&gt; null, 'errors' =&gt; array(), 'searchTerm' =&gt; null, 'currentSort' =&gt; 'espece', 'currentDirection' =&gt; 'ASC'))
     (C:\Users\sliti\Desktop\dev\esprit-PIDEV-3A16-2526-FARMIA\vendor\twig\twig\src\Environment.php:333)
  at Twig\Environment-&amp;gt;render('animal/index.html.twig', array('animals' =&gt; array(), 'fermes' =&gt; array(), 'suivis' =&gt; array(), 'animal_edit' =&gt; null, 'errors' =&gt; array(), 'searchTerm' =&gt; null, 'currentSort' =&gt; 'espece', 'currentDirection' =&gt; 'ASC'))
     (C:\Users\sliti\Desktop\dev\esprit-PIDEV-3A16-2526-FARMIA\vendor\symfony\framework-bundle\Controller\AbstractController.php:452)
  at Symfony\Bundle\FrameworkBundle\Controller\AbstractController-&amp;gt;doRenderView('animal/index.html.twig', null, array('animals' =&gt; array(), 'fermes' =&gt; array(), 'suivis' =&gt; array(), 'animal_edit' =&gt; null, 'errors' =&gt; array(), 'searchTerm' =&gt; null, 'currentSort' =&gt; 'espece', 'currentDirection' =&gt; 'ASC'), 'render')
     (C:\Users\sliti\Desktop\dev\esprit-PIDEV-3A16-2526-FARMIA\vendor\symfony\framework-bundle\Controller\AbstractController.php:457)
  at Symfony\Bundle\FrameworkBundle\Controller\AbstractController-&amp;gt;doRender('animal/index.html.twig', null, array('animals' =&gt; array(), 'fermes' =&gt; array(), 'suivis' =&gt; array(), 'animal_edit' =&gt; null, 'errors' =&gt; array(), 'searchTerm' =&gt; null, 'currentSort' =&gt; 'espece', 'currentDirection' =&gt; 'ASC'), null, 'render')
     (C:\Users\sliti\Desktop\dev\esprit-PIDEV-3A16-2526-FARMIA\vendor\symfony\framework-bundle\Controller\AbstractController.php:257)
  at Symfony\Bundle\FrameworkBundle\Controller\AbstractController-&amp;gt;render('animal/index.html.twig', array('animals' =&gt; array(), 'fermes' =&gt; array(), 'suivis' =&gt; array(), 'animal_edit' =&gt; null, 'errors' =&gt; array(), 'searchTerm' =&gt; null, 'currentSort' =&gt; 'espece', 'currentDirection' =&gt; 'ASC'))
     (C:\Users\sliti\Desktop\dev\esprit-PIDEV-3A16-2526-FARMIA\src\Controller\AnimalController.php:41)
  at App\Controller\AnimalController-&amp;gt;index(object(Request), object(AnimalRepository), object(FermeRepository), object(SuiviSanteRepository))
     (C:\Users\sliti\Desktop\dev\esprit-PIDEV-3A16-2526-FARMIA\vendor\symfony\http-kernel\HttpKernel.php:181)
  at Symfony\Component\HttpKernel\HttpKernel-&amp;gt;handleRaw(object(Request), 1)
     (C:\Users\sliti\Desktop\dev\esprit-PIDEV-3A16-2526-FARMIA\vendor\symfony\http-kernel\HttpKernel.php:76)
  at Symfony\Component\HttpKernel\HttpKernel-&amp;gt;handle(object(Request), 1, true)
     (C:\Users\sliti\Desktop\dev\esprit-PIDEV-3A16-2526-FARMIA\vendor\symfony\http-kernel\Kernel.php:208)
  at Symfony\Component\HttpKernel\Kernel-&amp;gt;handle(object(Request), 1, true)
     (C:\Users\sliti\Desktop\dev\esprit-PIDEV-3A16-2526-FARMIA\vendor\symfony\http-kernel\HttpKernelBrowser.php:65)
  at Symfony\Component\HttpKernel\HttpKernelBrowser-&amp;gt;doRequest(object(Request))
     (C:\Users\sliti\Desktop\dev\esprit-PIDEV-3A16-2526-FARMIA\vendor\symfony\framework-bundle\KernelBrowser.php:175)
  at Symfony\Bundle\FrameworkBundle\KernelBrowser-&amp;gt;doRequest(object(Request))
     (C:\Users\sliti\Desktop\dev\esprit-PIDEV-3A16-2526-FARMIA\vendor\symfony\browser-kit\AbstractBrowser.php:385)
  at Symfony\Component\BrowserKit\AbstractBrowser-&amp;gt;request('GET', 'http://localhost/animal/')
     (C:\Users\sliti\Desktop\dev\esprit-PIDEV-3A16-2526-FARMIA\tests\Functional\Controller\AnimalControllerTest.php:147)
  at App\Tests\Functional\Controller\AnimalControllerTest-&amp;gt;testUnauthenticatedUserIsRedirected()
     (C:\Users\sliti\Desktop\dev\esprit-PIDEV-3A16-2526-FARMIA\vendor\phpunit\phpunit\src\Framework\TestCase.php:1617)
  at PHPUnit\Framework\TestCase-&amp;gt;runTest()
     (C:\Users\sliti\Desktop\dev\esprit-PIDEV-3A16-2526-FARMIA\vendor\phpunit\phpunit\src\Framework\TestCase.php:1223)
  at PHPUnit\Framework\TestCase-&amp;gt;runBare()
     (C:\Users\sliti\Desktop\dev\esprit-PIDEV-3A16-2526-FARMIA\vendor\phpunit\phpunit\src\Framework\TestResult.php:729)
  at PHPUnit\Framework\TestResult-&amp;gt;run(object(AnimalControllerTest))
     (C:\Users\sliti\Desktop\dev\esprit-PIDEV-3A16-2526-FARMIA\vendor\phpunit\phpunit\src\Framework\TestCase.php:973)
  at PHPUnit\Framework\TestCase-&amp;gt;run(object(TestResult))
     (C:\Users\sliti\Desktop\dev\esprit-PIDEV-3A16-2526-FARMIA\vendor\phpunit\phpunit\src\Framework\TestSuite.php:685)
  at PHPUnit\Framework\TestSuite-&amp;gt;run(object(TestResult))
     (C:\Users\sliti\Desktop\dev\esprit-PIDEV-3A16-2526-FARMIA\vendor\phpunit\phpunit\src\Framework\TestSuite.php:685)
  at PHPUnit\Framework\TestSuite-&amp;gt;run(object(TestResult))
     (C:\Users\sliti\Desktop\dev\esprit-PIDEV-3A16-2526-FARMIA\vendor\phpunit\phpunit\src\Framework\TestSuite.php:685)
  at PHPUnit\Framework\TestSuite-&amp;gt;run(object(TestResult))
     (C:\Users\sliti\Desktop\dev\esprit-PIDEV-3A16-2526-FARMIA\vendor\phpunit\phpunit\src\TextUI\TestRunner.php:651)
  at PHPUnit\TextUI\TestRunner-&amp;gt;run(object(TestSuite), array('extensions' =&gt; array(), 'listGroups' =&gt; false, 'listSuites' =&gt; false, 'listTests' =&gt; false, 'listTestsXml' =&gt; false, 'loader' =&gt; null, 'useDefaultConfiguration' =&gt; true, 'loadedExtensions' =&gt; array(), 'unavailableExtensions' =&gt; array(), 'notLoadedExtensions' =&gt; array(), 'junitLogfile' =&gt; 'test-results.xml', 'testSuffixes' =&gt; array('Test.php', '.phpt'), 'configuration' =&gt; 'C:\\Users\\sliti\\Desktop\\dev\\esprit-PIDEV-3A16-2526-FARMIA\\phpunit.xml.dist', 'configurationObject' =&gt; object(Configuration), 'stderr' =&gt; false, 'columns' =&gt; 80, 'warnings' =&gt; array(), 'debug' =&gt; false, 'filter' =&gt; false, 'listeners' =&gt; array(), 'backupGlobals' =&gt; false, 'backupStaticAttributes' =&gt; false, 'beStrictAboutChangesToGlobalState' =&gt; false, 'cacheResult' =&gt; true, 'colors' =&gt; 'auto', 'convertDeprecationsToExceptions' =&gt; false, 'convertErrorsToExceptions' =&gt; true, 'convertNoticesToExceptions' =&gt; true, 'convertWarningsToExceptions' =&gt; true, 'processIsolation' =&gt; false, 'stopOnDefect' =&gt; false, 'stopOnError' =&gt; false, 'stopOnFailure' =&gt; false, 'stopOnWarning' =&gt; false, 'stopOnIncomplete' =&gt; false, 'stopOnRisky' =&gt; false, 'stopOnSkipped' =&gt; false, 'failOnEmptyTestSuite' =&gt; false, 'failOnIncomplete' =&gt; false, 'failOnRisky' =&gt; false, 'failOnSkipped' =&gt; false, 'failOnWarning' =&gt; false, 'enforceTimeLimit' =&gt; false, 'defaultTimeLimit' =&gt; 1, 'timeoutForSmallTests' =&gt; 1, 'timeoutForMediumTests' =&gt; 10, 'timeoutForLargeTests' =&gt; 60, 'reportUselessTests' =&gt; true, 'strictCoverage' =&gt; false, 'ignoreDeprecatedCodeUnitsFromCodeCoverage' =&gt; false, 'disallowTestOutput' =&gt; false, 'disallowTodoAnnotatedTests' =&gt; false, 'beStrictAboutResourceUsageDuringSmallTests' =&gt; false, 'verbose' =&gt; false, 'reverseDefectList' =&gt; false, 'forceCoversAnnotation' =&gt; false, 'disableCodeCoverageIgnore' =&gt; false, 'registerMockObjectsFromTestArgumentsRecursively' =&gt; false, 'noInteraction' =&gt; false, 'executionOrder' =&gt; 0, 'resolveDependencies' =&gt; true, 'bootstrap' =&gt; 'C:\\Users\\sliti\\Desktop\\dev\\esprit-PIDEV-3A16-2526-FARMIA\\tests/bootstrap.php', 'executionOrderDefects' =&gt; 0, 'crap4jThreshold' =&gt; 30, 'excludeGroups' =&gt; array(), 'groups' =&gt; array(), 'randomOrderSeed' =&gt; 1777118040, 'repeat' =&gt; false, 'reportHighLowerBound' =&gt; 90, 'reportLowUpperBound' =&gt; 50, 'reverseList' =&gt; false, 'testdoxExcludeGroups' =&gt; array(), 'testdoxGroups' =&gt; array(), 'cacheResultFile' =&gt; 'C:\\Users\\sliti\\Desktop\\dev\\esprit-PIDEV-3A16-2526-FARMIA'), array(), true)
     (C:\Users\sliti\Desktop\dev\esprit-PIDEV-3A16-2526-FARMIA\vendor\phpunit\phpunit\src\TextUI\Command.php:146)
  at PHPUnit\TextUI\Command-&amp;gt;run(array('bin/phpunit', '--log-junit', 'test-results.xml'), true)
     (C:\Users\sliti\Desktop\dev\esprit-PIDEV-3A16-2526-FARMIA\vendor\phpunit\phpunit\src\TextUI\Command.php:99)
  at PHPUnit\TextUI\Command::main()
     (C:\Users\sliti\Desktop\dev\esprit-PIDEV-3A16-2526-FARMIA\vendor\phpunit\phpunit\phpunit:107)
  at require('C:\\Users\\sliti\\Desktop\\dev\\esprit-PIDEV-3A16-2526-FARMIA\\vendor\\phpunit\\phpunit\\phpunit')
     (C:\Users\sliti\Desktop\dev\esprit-PIDEV-3A16-2526-FARMIA\bin\phpunit:10)                &lt;/pre&gt;
                            &lt;/td&gt;
        &lt;/tr&gt;
    &lt;/tbody&gt;
&lt;/table&gt;            &lt;/div&gt;
        &lt;/div&gt;

            &lt;/div&gt;
&lt;/div&gt;
        &lt;script&gt;
            /* This file is based on WebProfilerBundle/Resources/views/Profiler/base_js.html.twig.
   If you make any change in this file, verify the same change is needed in the other file. */
/*&lt;![CDATA[*/
(function() {
    "use strict";

    if ('classList' in document.documentElement) {
        var hasClass = function (el, cssClass) { return el.classList.contains(cssClass); };
        var removeClass = function(el, cssClass) { el.classList.remove(cssClass); };
        var addClass = function(el, cssClass) { el.classList.add(cssClass); };
        var toggleClass = function(el, cssClass) { el.classList.toggle(cssClass); };
    } else {
        var hasClass = function (el, cssClass) { return el.className.match(new RegExp('\\b' + cssClass + '\\b')); };
        var removeClass = function(el, cssClass) { el.className = el.className.replace(new RegExp('\\b' + cssClass + '\\b'), ' '); };
        var addClass = function(el, cssClass) { if (!hasClass(el, cssClass)) { el.className += " " + cssClass; } };
        var toggleClass = function(el, cssClass) { hasClass(el, cssClass) ? removeClass(el, cssClass) : addClass(el, cssClass); };
    }

    var addEventListener;

    var el = document.createElement('div');
    if (!('addEventListener' in el)) {
        addEventListener = function (element, eventName, callback) {
            element.attachEvent('on' + eventName, callback);
        };
    } else {
        addEventListener = function (element, eventName, callback) {
            element.addEventListener(eventName, callback, false);
        };
    }

    if (navigator.clipboard) {
        document.querySelectorAll('[data-clipboard-text]').forEach(function(element) {
            removeClass(element, 'hidden');
            element.addEventListener('click', function() {
                navigator.clipboard.writeText(element.getAttribute('data-clipboard-text'));
            })
        });
    }

    (function createTabs() {
        /* the accessibility options of this component have been defined according to: */
        /* www.w3.org/WAI/ARIA/apg/example-index/tabs/tabs-manual.html */
        var tabGroups = document.querySelectorAll('.sf-tabs:not([data-processed=true])');

        /* create the tab navigation for each group of tabs */
        for (var i = 0; i &lt; tabGroups.length; i++) {
            var tabs = tabGroups[i].querySelectorAll(':scope &gt; .tab');
            var tabNavigation = document.createElement('div');
            tabNavigation.className = 'tab-navigation';
            tabNavigation.setAttribute('role', 'tablist');

            var selectedTabId = 'tab-' + i + '-0'; /* select the first tab by default */
            for (var j = 0; j &lt; tabs.length; j++) {
                var tabId = 'tab-' + i + '-' + j;
                var tabTitle = tabs[j].querySelector('.tab-title').innerHTML;

                var tabNavigationItem = document.createElement('button');
                addClass(tabNavigationItem, 'tab-control');
                tabNavigationItem.setAttribute('data-tab-id', tabId);
                tabNavigationItem.setAttribute('role', 'tab');
                tabNavigationItem.setAttribute('aria-controls', tabId);
                if (hasClass(tabs[j], 'active')) { selectedTabId = tabId; }
                if (hasClass(tabs[j], 'disabled')) {
                    addClass(tabNavigationItem, 'disabled');
                }
                tabNavigationItem.innerHTML = tabTitle;
                tabNavigation.appendChild(tabNavigationItem);

                var tabContent = tabs[j].querySelector('.tab-content');
                tabContent.parentElement.setAttribute('id', tabId);
            }

            tabGroups[i].insertBefore(tabNavigation, tabGroups[i].firstChild);
            addClass(document.querySelector('[data-tab-id="' + selectedTabId + '"]'), 'active');
        }

        /* display the active tab and add the 'click' event listeners */
        for (i = 0; i &lt; tabGroups.length; i++) {
            tabNavigation = tabGroups[i].querySelectorAll(':scope &gt; .tab-navigation .tab-control');

            for (j = 0; j &lt; tabNavigation.length; j++) {
                tabId = tabNavigation[j].getAttribute('data-tab-id');
                var tabPanel = document.getElementById(tabId);
                tabPanel.setAttribute('role', 'tabpanel');
                tabPanel.setAttribute('aria-labelledby', tabId);
                tabPanel.querySelector('.tab-title').className = 'hidden';

                if (hasClass(tabNavigation[j], 'active')) {
                    tabPanel.className = 'block';
                    tabNavigation[j].setAttribute('aria-selected', 'true');
                    tabNavigation[j].removeAttribute('tabindex');
                } else {
                    tabPanel.className = 'hidden';
                    tabNavigation[j].removeAttribute('aria-selected');
                    tabNavigation[j].setAttribute('tabindex', '-1');
                }

                tabNavigation[j].addEventListener('click', function(e) {
                    var activeTab = e.target || e.srcElement;

                    /* needed because when the tab contains HTML contents, user can click */
                    /* on any of those elements instead of their parent '&lt;button&gt;' element */
                    while (activeTab.tagName.toLowerCase() !== 'button') {
                        activeTab = activeTab.parentNode;
                    }

                    /* get the full list of tabs through the parent of the active tab element */
                    var tabNavigation = activeTab.parentNode.children;
                    for (var k = 0; k &lt; tabNavigation.length; k++) {
                        var tabId = tabNavigation[k].getAttribute('data-tab-id');
                        document.getElementById(tabId).className = 'hidden';
                        removeClass(tabNavigation[k], 'active');
                        tabNavigation[k].removeAttribute('aria-selected');
                        tabNavigation[k].setAttribute('tabindex', '-1');
                    }

                    addClass(activeTab, 'active');
                    activeTab.setAttribute('aria-selected', 'true');
                    activeTab.removeAttribute('tabindex');
                    var activeTabId = activeTab.getAttribute('data-tab-id');
                    document.getElementById(activeTabId).className = 'block';
                });
            }

            tabGroups[i].setAttribute('data-processed', 'true');
        }
    })();

    (function createToggles() {
        var toggles = document.querySelectorAll('.sf-toggle:not([data-processed=true])');

        for (var i = 0; i &lt; toggles.length; i++) {
            var elementSelector = toggles[i].getAttribute('data-toggle-selector');
            var element = document.querySelector(elementSelector);

            addClass(element, 'sf-toggle-content');

            if (toggles[i].hasAttribute('data-toggle-initial') &amp;&amp; toggles[i].getAttribute('data-toggle-initial') == 'display') {
                addClass(toggles[i], 'sf-toggle-on');
                addClass(element, 'sf-toggle-visible');
            } else {
                addClass(toggles[i], 'sf-toggle-off');
                addClass(element, 'sf-toggle-hidden');
            }

            addEventListener(toggles[i], 'click', function(e) {
                var toggle = e.currentTarget;

                if (e.target.closest('a, span[data-clipboard-text], .sf-toggle') !== toggle) {
                    return;
                }

                e.preventDefault();

                if ('' !== window.getSelection().toString()) {
                    /* Don't do anything on text selection */
                    return;
                }

                var element = document.querySelector(toggle.getAttribute('data-toggle-selector'));

                toggleClass(toggle, 'sf-toggle-on');
                toggleClass(toggle, 'sf-toggle-off');
                toggleClass(element, 'sf-toggle-hidden');
                toggleClass(element, 'sf-toggle-visible');

                /* the toggle doesn't change its contents when clicking on it */
                if (!toggle.hasAttribute('data-toggle-alt-content')) {
                    return;
                }

                if (!toggle.hasAttribute('data-toggle-original-content')) {
                    toggle.setAttribute('data-toggle-original-content', toggle.innerHTML);
                }

                var currentContent = toggle.innerHTML;
                var originalContent = toggle.getAttribute('data-toggle-original-content');
                var altContent = toggle.getAttribute('data-toggle-alt-content');
                toggle.innerHTML = currentContent !== altContent ? altContent : originalContent;
            });

            toggles[i].setAttribute('data-processed', 'true');
        }
    })();

    (function createFilters() {
        document.querySelectorAll('[data-filters] [data-filter]').forEach(function (filter) {
            var filters = filter.closest('[data-filters]'),
                type = 'choice',
                name = filter.dataset.filter,
                ucName = name.charAt(0).toUpperCase()+name.slice(1),
                list = document.createElement('ul'),
                values = filters.dataset['filter'+ucName] || filters.querySelectorAll('[data-filter-'+name+']'),
                labels = {},
                defaults = null,
                indexed = {},
                processed = {};
            if (typeof values === 'string') {
                type = 'level';
                labels = values.split(',');
                values = values.toLowerCase().split(',');
                defaults = values.length - 1;
            }
            addClass(list, 'filter-list');
            addClass(list, 'filter-list-'+type);
            values.forEach(function (value, i) {
                if (value instanceof HTMLElement) {
                    value = value.dataset['filter'+ucName];
                }
                if (value in processed) {
                    return;
                }
                var option = document.createElement('li'),
                    label = i in labels ? labels[i] : value,
                    active = false,
                    matches;
                if ('' === label) {
                    option.innerHTML = '&lt;em&gt;(none)&lt;/em&gt;';
                } else {
                    option.innerText = label;
                }
                option.dataset.filter = value;
                option.setAttribute('title', 1 === (matches = filters.querySelectorAll('[data-filter-'+name+'="'+value+'"]').length) ? 'Matches 1 row' : 'Matches '+matches+' rows');
                indexed[value] = i;
                list.appendChild(option);
                addEventListener(option, 'click', function () {
                    if ('choice' === type) {
                        filters.querySelectorAll('[data-filter-'+name+']').forEach(function (row) {
                            if (option.dataset.filter === row.dataset['filter'+ucName]) {
                                toggleClass(row, 'filter-hidden-'+name);
                            }
                        });
                        toggleClass(option, 'active');
                    } else if ('level' === type) {
                        if (i === this.parentNode.querySelectorAll('.active').length - 1) {
                            return;
                        }
                        this.parentNode.querySelectorAll('li').forEach(function (currentOption, j) {
                            if (j &lt;= i) {
                                addClass(currentOption, 'active');
                                if (i === j) {
                                    addClass(currentOption, 'last-active');
                                } else {
                                    removeClass(currentOption, 'last-active');
                                }
                            } else {
                                removeClass(currentOption, 'active');
                                removeClass(currentOption, 'last-active');
                            }
                        });
                        filters.querySelectorAll('[data-filter-'+name+']').forEach(function (row) {
                            if (i &lt; indexed[row.dataset['filter'+ucName]]) {
                                addClass(row, 'filter-hidden-'+name);
                            } else {
                                removeClass(row, 'filter-hidden-'+name);
                            }
                        });
                    }
                });
                if ('choice' === type) {
                    active = null === defaults || 0 &lt;= defaults.indexOf(value);
                } else if ('level' === type) {
                    active = i &lt;= defaults;
                    if (active &amp;&amp; i === defaults) {
                        addClass(option, 'last-active');
                    }
                }
                if (active) {
                    addClass(option, 'active');
                } else {
                    filters.querySelectorAll('[data-filter-'+name+'="'+value+'"]').forEach(function (row) {
                        toggleClass(row, 'filter-hidden-'+name);
                    });
                }
                processed[value] = true;
            });

            if (1 &lt; list.childNodes.length) {
                filter.appendChild(list);
                filter.dataset.filtered = '';
            }
        });
    })();
})();
/*]]&gt;*/        &lt;/script&gt;
    &lt;/body&gt;
&lt;/html&gt;
&lt;!-- Impossible to access an attribute (&amp;quot;nom&amp;quot;) on a null variable in &amp;quot;components/_profile_modal.html.twig&amp;quot; at line 53. (500 Internal Server Error) --&gt;

C:\Users\sliti\Desktop\dev\esprit-PIDEV-3A16-2526-FARMIA\vendor\symfony\framework-bundle\Test\BrowserKitAssertionsTrait.php:150
C:\Users\sliti\Desktop\dev\esprit-PIDEV-3A16-2526-FARMIA\vendor\symfony\framework-bundle\Test\BrowserKitAssertionsTrait.php:64
C:\Users\sliti\Desktop\dev\esprit-PIDEV-3A16-2526-FARMIA\tests\Functional\Controller\AnimalControllerTest.php:148
C:\Users\sliti\Desktop\dev\esprit-PIDEV-3A16-2526-FARMIA\vendor\phpunit\phpunit\phpunit:107</failure>
        </testcase>
      </testsuite>
      <testsuite name="App\Tests\Functional\Controller\ExpertAnalyseControllerTest" file="C:\Users\sliti\Desktop\dev\esprit-PIDEV-3A16-2526-FARMIA\tests\Functional\Controller\ExpertAnalyseControllerTest.php" tests="10" assertions="14" errors="0" warnings="0" failures="4" skipped="0" time="2.364451">
        <testcase name="testExpertDashboardLoads" class="App\Tests\Functional\Controller\ExpertAnalyseControllerTest" classname="App.Tests.Functional.Controller.ExpertAnalyseControllerTest" file="C:\Users\sliti\Desktop\dev\esprit-PIDEV-3A16-2526-FARMIA\tests\Functional\Controller\ExpertAnalyseControllerTest.php" line="27" assertions="1" time="0.284960">
          <failure type="PHPUnit\Framework\ExpectationFailedException">App\Tests\Functional\Controller\ExpertAnalyseControllerTest::testExpertDashboardLoads
Failed asserting that the Response is successful.
HTTP/1.1 500 Internal Server Error&#13;
Cache-Control:          max-age=0, must-revalidate, private&#13;
Content-Type:           text/html; charset=UTF-8&#13;
Date:                   Sat, 25 Apr 2026 11:54:08 GMT&#13;
Expires:                Sat, 25 Apr 2026 11:54:08 GMT&#13;
Vary:                   Accept&#13;
X-Debug-Exception:      Variable%20%22stats%22%20does%20not%20exist%20in%20%22portal%2Fexpert%2Findex.html.twig%22%20at%20line%2014.&#13;
X-Debug-Exception-File: C%3A%5CUsers%5Csliti%5CDesktop%5Cdev%5Cesprit-PIDEV-3A16-2526-FARMIA%5Ctemplates%5Cportal%5Cexpert%5Cindex.html.twig:14&#13;
X-Robots-Tag:           noindex&#13;
&#13;
&lt;!-- Variable &amp;quot;stats&amp;quot; does not exist in &amp;quot;portal/expert/index.html.twig&amp;quot; at line 14. (500 Internal Server Error) --&gt;
&lt;!DOCTYPE html&gt;
&lt;html lang="en"&gt;
    &lt;head&gt;
        &lt;meta charset="UTF-8" /&gt;
        &lt;meta name="robots" content="noindex,nofollow" /&gt;
        &lt;meta name="viewport" content="width=device-width,initial-scale=1" /&gt;
        &lt;title&gt;Variable &amp;quot;stats&amp;quot; does not exist in &amp;quot;portal/expert/index.html.twig&amp;quot; at line 14. (500 Internal Server Error)&lt;/title&gt;
        &lt;link rel="icon" type="image/png" href="data:image/png;base64,iVBORw0KGgoAAAANSUhEUgAAABwAAAAgCAYAAAABtRhCAAADVUlEQVRIx82XX0jTURTHLYPyqZdefQx66CEo80+aYpoIkqzUikz6Z5klQoWUWYRIJYEUGpQ+lIr9U5dOTLdCtkmWZis3rbnC5fw/neYW002307mX/cZvP3/7o1PwwOdh95x7vnf39zvnd29AgBer2xO6DclAXiMqZAqxIiNIN/IYSUS2BPhjmGATchUxI+ADWiRhpWK7HKuHFVBFdmU5YvnI4grFGCaReF/EBH4KsZlGgj2JBTuCYBWRIYF8YoEOJ6wBt/gEs7mBbyOjQXruPLSdOgPCiEiPSUUHDoL8Ug5IUo9B/d5wrt+G7OAKNrODPuVdB6vRCIzN6SdBlpW9RIgk/1FeAXabzRlrUPVCS/JhbmwudztnGeeH9AyXBIwtmM3wLinZJZHifjHw2V+NBoRh+9ixQrbgbnaSIcl7cGea6hoXQbNe7za241oeO5Z0p42M4BV2EqP2D50wo+6HzvwC6C4sApNOR8cmOrtcnhtj2kYRyC9eBvXzKrBZrXSs72kFd1t3MoKVbMekQkEnSNKOO8fac3LpmK6l1TlGtsxmsdKFsecPYgwxst0cwROMYDXboSotg0WLBRqjY51jLYcENElXwW2XJKPydvoI2GN9T8rBtrAArYIUruBJXkFheCQYlCpQP6uk5dAQFQNaUROMSGVQFxLmkoQsxDJrhLbTZ+nvVsERME9MgPJRKV/58AsyomTSzE813WLFvWK++qI0xSfQl8k8Pg46sYRuv5t6dS+4RqxDwaa4BGjYH+NTQvKScIp9+YL/hoZh3jDtLRHtt2C3g6bmhX+CpsFBWg7ilDSPgj0lD2ncr5ev/BP8VvyAJhqVyZeUhPOrEhEFxgEtjft846Z/guQTNT89Q5P9flMLoth4F7808wKtWWKzAwNQHxrh/1vaid2F+XpYTSbQf1XA2McOmOpROnvpvMEA4tSjq1cW0sws2gCYxswY6TKkvzYnJq1NHZLnRU4BX+4U0uburvusu8Kv8iHY7qefkM4IFngJHEOUXmLEPgiGsI8YnlZILit3vSSLRTQe/MPIZva5pshNIEmyFQlCvruJKXPkCEfmePzkphXHdzZNQdoRI9KPlBAxlj/I8U97ERPS5bjGbWDFbEdqHVe5caTBeZZx2H/IMvzeN15yoQAAAABJRU5ErkJggg==" /&gt;
        &lt;style&gt;/* This file is based on WebProfilerBundle/Resources/views/Profiler/profiler.css.twig.
   If you make any change in this file, verify the same change is needed in the other file. */
:root {
    --font-sans-serif: Helvetica, Arial, sans-serif;
    --page-background: #f9f9f9;
    --color-text: #222;
    /* when updating any of these colors, do the same in toolbar.css.twig */
    --color-success: #4f805d;
    --color-warning: #a46a1f;
    --color-error: #b0413e;
    --color-muted: #999;
    --tab-background: #f0f0f0;
    --tab-border-color: #e5e5e5;
    --tab-active-border-color: #d4d4d4;
    --tab-color: #444;
    --tab-active-background: #fff;
    --tab-active-color: var(--color-text);
    --tab-disabled-background: #f5f5f5;
    --tab-disabled-color: #999;
    --selected-badge-background: #e5e5e5;
    --selected-badge-color: #525252;
    --selected-badge-shadow: inset 0 0 0 1px #d4d4d4;
    --selected-badge-warning-background: #fde496;
    --selected-badge-warning-color: #785b02;
    --selected-badge-warning-shadow: inset 0 0 0 1px #e6af05;
    --selected-badge-danger-background: #FCE9ED;
    --selected-badge-danger-color: #83122A;
    --selected-badge-danger-shadow: inset 0 0 0 1px #F5B8C5;
    --metric-value-background: #fff;
    --metric-value-color: inherit;
    --metric-unit-color: #999;
    --metric-label-background: #e0e0e0;
    --metric-label-color: inherit;
    --table-border: #e0e0e0;
    --table-background: #fff;
    --table-header: #e0e0e0;
    --trace-selected-background: #F7E5A1;
    --tree-active-background: #F7E5A1;
    --exception-title-color: var(--base-2);
    --shadow: 0px 0px 1px rgba(128, 128, 128, .2);
    --border: 1px solid #e0e0e0;
    --background-error: var(--color-error);
    --highlight-comment: #969896;
    --highlight-default: #222222;
    --highlight-keyword: #a71d5d;
    --highlight-string: #183691;
    --base-0: #fff;
    --base-1: #f5f5f5;
    --base-2: #e0e0e0;
    --base-3: #ccc;
    --base-4: #666;
    --base-5: #444;
    --base-6: #222;
}

.theme-dark {
    --page-background: #36393e;
    --color-text: #e0e0e0;
    --color-muted: #777;
    --color-error: #f76864;
    --tab-background: #404040;
    --tab-border-color: #737373;
    --tab-active-border-color: #171717;
    --tab-color: var(--color-text);
    --tab-active-background: #d4d4d4;
    --tab-active-color: #262626;
    --tab-disabled-background: var(--page-background);
    --tab-disabled-color: #a3a3a3;
    --selected-badge-background: #555;
    --selected-badge-color: #ddd;
    --selected-badge-shadow: none;
    --selected-badge-warning-background: #fcd55f;
    --selected-badge-warning-color: #785b02;
    --selected-badge-warning-shadow: inset 0 0 0 1px #af8503;
    --selected-badge-danger-background: #B41939;
    --selected-badge-danger-color: #FCE9ED;
    --selected-badge-danger-shadow: none;
    --metric-value-background: #555;
    --metric-value-color: inherit;
    --metric-unit-color: #999;
    --metric-label-background: #777;
    --metric-label-color: #e0e0e0;
    --trace-selected-background: #5d5227cc;
    --table-border: #444;
    --table-background: #333;
    --table-header: #555;
    --info-background: rgba(79, 148, 195, 0.5);
    --tree-active-background: var(--metric-label-background);
    --exception-title-color: var(--base-2);
    --shadow: 0px 0px 1px rgba(32, 32, 32, .2);
    --border: 1px solid #666;
    --background-error: #b0413e;
    --highlight-comment: #dedede;
    --highlight-default: var(--base-6);
    --highlight-keyword: #de8986;
    --highlight-string: #70a6fd;
    --base-0: #2e3136;
    --base-1: #444;
    --base-2: #666;
    --base-3: #666;
    --base-4: #666;
    --base-5: #e0e0e0;
    --base-6: #f5f5f5;
    --card-label-background: var(--tab-active-background);
    --card-label-color: var(--tab-active-color);
}

html{font-family:sans-serif;-webkit-text-size-adjust:100%;-ms-text-size-adjust:100%}body{margin:0}article,aside,details,figcaption,figure,footer,header,hgroup,main,menu,nav,section{display:block}audio,canvas,progress,video{display:inline-block;vertical-align:baseline}audio:not([controls]){display:none;height:0}[hidden],template{display:none}a{background-color:transparent}a:active,a:hover{outline:0}abbr[title]{border-bottom:1px dotted}b,strong{font-weight:700}dfn{font-style:italic}h1{margin:.67em 0;font-size:2em}mark{color:#000;background:#ff0}small{font-size:80%}sub,sup{position:relative;font-size:75%;line-height:0;vertical-align:baseline}sup{top:-.5em}sub{bottom:-.25em}img{border:0}svg:not(:root){overflow:hidden}figure{margin:1em 40px}hr{height:0;-webkit-box-sizing:content-box;-moz-box-sizing:content-box;box-sizing:content-box}pre{overflow:auto}code,kbd,pre,samp{font-family:monospace,monospace;font-size:1em}button,input,optgroup,select,textarea{margin:0;font:inherit;color:inherit}button{overflow:visible}button,select{text-transform:none}button,html input[type="button"],input[type="reset"],input[type="submit"]{-webkit-appearance:button;cursor:pointer}button[disabled],html input[disabled]{cursor:default}button::-moz-focus-inner,input::-moz-focus-inner{padding:0;border:0}input{line-height:normal}input[type="checkbox"],input[type="radio"]{-webkit-box-sizing:border-box;-moz-box-sizing:border-box;box-sizing:border-box;padding:0}input[type="number"]::-webkit-inner-spin-button,input[type="number"]::-webkit-outer-spin-button{height:auto}input[type="search"]{-webkit-box-sizing:content-box;-moz-box-sizing:content-box;box-sizing:content-box;-webkit-appearance:textfield}input[type="search"]::-webkit-search-cancel-button,input[type="search"]::-webkit-search-decoration{-webkit-appearance:none}fieldset{padding:.35em .625em .75em;margin:0 2px;border:1px solid silver}legend{padding:0;border:0}textarea{overflow:auto}optgroup{font-weight:700}table{border-spacing:0;border-collapse:collapse}td,th{padding:0}summary{cursor: pointer}

html {
    /* always display the vertical scrollbar to avoid jumps when toggling contents */
    overflow-y: scroll;
}
body { background-color: var(--page-background); color: var(--base-6); font: 14px/1.4 Helvetica, Arial, sans-serif; padding-bottom: 45px; }

a { cursor: pointer; text-decoration: none; }
a:hover { text-decoration: underline; }
abbr[title] { border-bottom: none; cursor: help; text-decoration: none; }

code, pre { font: 13px/1.5 Consolas, Monaco, Menlo, "Ubuntu Mono", "Liberation Mono", monospace; }

table, tr, th, td { background: var(--base-0); border-collapse: collapse; vertical-align: top; }
table { background: var(--base-0); border: var(--border); box-shadow: 0px 0px 1px rgba(128, 128, 128, .2); margin: 1em 0; width: 100%; }
table th, table td { border: solid var(--base-2); border-width: 1px 0; padding: 8px 10px; }
table th { background-color: var(--base-2); font-weight: bold; text-align: left; }

.m-t-5 { margin-top: 5px; }
.hidden-xs-down { display: none; }
.block { display: block; }
.full-width { width: 100%; }
.hidden { display: none; }
.prewrap { white-space: pre-wrap; }
.nowrap { white-space: nowrap; }
.newline { display: block; }
.break-long-words { word-wrap: break-word; overflow-wrap: break-word; -webkit-hyphens: auto; -moz-hyphens: auto; hyphens: auto; min-width: 0; }
.text-small { font-size: 12px !important; }
.text-muted { color: #999; }
.text-bold { font-weight: bold; }
.empty { border: 4px dashed var(--base-2); color: #999; margin: 1em 0; padding: .5em 2em; }

.status-success { background: rgba(94, 151, 110, 0.3); }
.status-warning { background: rgba(240, 181, 24, 0.3); }
.status-error { background: rgba(176, 65, 62, 0.2); }
.status-success td, .status-warning td, .status-error td { background: transparent; }
tr.status-error td, tr.status-warning td { border-bottom: 1px solid var(--base-2); border-top: 1px solid var(--base-2); }
.status-warning .colored { color: #A46A1F; }
.status-error .colored  { color: var(--color-error); }

.sf-toggle { cursor: pointer; position: relative; }
.sf-toggle-content { -moz-transition: display .25s ease; -webkit-transition: display .25s ease; transition: display .25s ease; }
.sf-toggle-content.sf-toggle-hidden { display: none; }
.sf-toggle-content.sf-toggle-visible { display: block; }
thead.sf-toggle-content.sf-toggle-visible, tbody.sf-toggle-content.sf-toggle-visible { display: table-row-group; }
.sf-toggle-off .icon-close, .sf-toggle-on .icon-open { display: none; }
.sf-toggle-off .icon-open, .sf-toggle-on .icon-close { display: block; }

.tab-navigation {
    background-color: var(--tab-background);
    border-radius: 6px;
    box-shadow: inset 0 0 0 1px var(--tab-border-color), 0 0 0 5px var(--page-background);
    display: inline-flex;
    flex-wrap: wrap;
    margin: 0 0 15px;
    padding: 0;
    user-select: none;
    -webkit-user-select: none;
}
.sf-tabs-sm .tab-navigation {
    box-shadow: inset 0 0 0 1px var(--tab-border-color), 0 0 0 4px var(--page-background);
    margin: 0 0 10px;
}
.tab-navigation .tab-control {
    background: transparent;
    border: 0;
    box-shadow: none;
    transition: box-shadow .05s ease-in, background-color .05s ease-in;
    cursor: pointer;
    font-size: 14px;
    font-weight: 500;
    line-height: 1.4;
    margin: 0;
    padding: 4px 14px;
    position: relative;
    text-align: center;
    z-index: 1;
}
.sf-tabs-sm .tab-navigation .tab-control {
    font-size: 13px;
    padding: 2.5px 10px;
}
.tab-navigation .tab-control:before {
    background: var(--tab-border-color);
    bottom: 15%;
    content: "";
    left: 0;
    position: absolute;
    top: 15%;
    width: 1px;
}
.tab-navigation .tab-control:first-child:before,
.tab-navigation .tab-control.active + .tab-control:before,
.tab-navigation .tab-control.active:before {
    width: 0;
}
.tab-navigation .tab-control .badge {
    background: var(--selected-badge-background);
    box-shadow: var(--selected-badge-shadow);
    color: var(--selected-badge-color);
    display: inline-block;
    font-size: 12px;
    font-weight: bold;
    line-height: 1;
    margin-left: 8px;
    min-width: 10px;
    padding: 2px 6px;
    text-align: center;
    white-space: nowrap;
}
.tab-navigation .tab-control.disabled {
    color: var(--tab-disabled-color);
}
.tab-navigation .tab-control.active {
    background-color: var(--tab-active-background);
    border-radius: 6px;
    box-shadow: inset 0 0 0 1.5px var(--tab-active-border-color);
    color: var(--tab-active-color);
    position: relative;
    z-index: 1;
}
.theme-dark .tab-navigation li.active {
    box-shadow: inset 0 0 0 1px var(--tab-border-color);
}
.tab-content &gt; *:first-child {
    margin-top: 0;
}
.tab-navigation .tab-control .badge.status-warning {
    background: var(--selected-badge-warning-background);
    box-shadow: var(--selected-badge-warning-shadow);
    color: var(--selected-badge-warning-color);
}
.tab-navigation .tab-control .badge.status-error {
    background: var(--selected-badge-danger-background);
    box-shadow: var(--selected-badge-danger-shadow);
    color: var(--selected-badge-danger-color);
}

.sf-tabs .tab:not(:first-child) { display: none; }

[data-filters] { position: relative; }
[data-filtered] { cursor: pointer; }
[data-filtered]:after { content: '\00a0\25BE'; }
[data-filtered]:hover .filter-list li { display: inline-flex; }
[class*="filter-hidden-"] { display: none; }
.filter-list { position: absolute; border: var(--border); box-shadow: var(--shadow); margin: 0; padding: 0; display: flex; flex-direction: column; }
.filter-list :after { content: ''; }
.filter-list li {
    background: var(--tab-disabled-background);
    border-bottom: var(--border);
    color: var(--tab-disabled-color);
    display: none;
    list-style: none;
    margin: 0;
    padding: 5px 10px;
    text-align: left;
    font-weight: normal;
}
.filter-list li.active {
    background: var(--tab-background);
    color: var(--tab-color);
}
.filter-list li.last-active {
    background: var(--tab-active-background);
    color: var(--tab-active-color);
}

.filter-list-level li { cursor: s-resize; }
.filter-list-level li.active { cursor: n-resize; }
.filter-list-level li.last-active { cursor: default; }
.filter-list-level li.last-active:before { content: '\2714\00a0'; }
.filter-list-choice li:before { content: '\2714\00a0'; color: transparent; }
.filter-list-choice li.active:before { color: unset; }

.container { max-width: 1024px; margin: 0 auto; padding: 0 15px; }
.container::after { content: ""; display: table; clear: both; }

header { background-color: #222; color: rgba(255, 255, 255, 0.75); font-size: 13px; height: 33px; line-height: 33px; padding: 0; }
header .container { display: flex; justify-content: space-between; }
.logo { flex: 1; font-size: 13px; font-weight: normal; margin: 0; padding: 0; }
.logo svg { height: 18px; width: 18px; opacity: .8; vertical-align: -5px; }

.help-link { margin-left: 15px; }
.help-link a { color: inherit; }
.help-link .icon svg { height: 15px; width: 15px; opacity: .7; vertical-align: -2px; }
.help-link a:hover { color: #EEE; text-decoration: none; }
.help-link a:hover svg { opacity: .9; }

.exception-summary { background: var(--background-error); border-bottom: 2px solid rgba(0, 0, 0, 0.1); border-top: 1px solid rgba(0, 0, 0, .3); flex: 0 0 auto; margin-bottom: 15px; }
.exception-metadata { background: rgba(0, 0, 0, 0.1); padding: 7px 0; }
.exception-metadata .container { display: flex; flex-direction: row; justify-content: space-between; }
.exception-metadata h2, .exception-metadata h2 &gt; a { color: rgba(255, 255, 255, 0.8); font-size: 13px; font-weight: 400; margin: 0; }
.exception-http small { font-size: 13px; opacity: .7; }
.exception-hierarchy { flex: 1; }
.exception-hierarchy .icon { margin: 0 3px; opacity: .7; }
.exception-hierarchy .icon svg { height: 13px; width: 13px; vertical-align: -2px; }

.exception-without-message .exception-message-wrapper { display: none; }
.exception-message-wrapper .container { display: flex; align-items: flex-start; min-height: 70px; padding: 10px 15px 8px; }
.exception-message { flex-grow: 1; }
.exception-message, .exception-message a { color: #FFF; font-size: 21px; font-weight: 400; margin: 0; }
.exception-message.long { font-size: 18px; }
.exception-message a { border-bottom: 1px solid rgba(255, 255, 255, 0.5); font-size: inherit; text-decoration: none; }
.exception-message a:hover { border-bottom-color: #ffffff; }

.exception-properties-wrapper { margin: .8em 0; }
.exception-properties { background: var(--base-0); border: var(--border); box-shadow: 0px 0px 1px rgba(128, 128, 128, .2); }
.exception-properties pre { margin: 0; padding: 0.2em 0; }

.exception-illustration { flex-basis: 111px; flex-shrink: 0; height: 66px; margin-left: 15px; opacity: .7; }

.trace + .trace { margin-top: 30px; }
.trace-head { background-color: var(--base-2); padding: 10px; position: relative; }
.trace-head .trace-class { color: var(--base-6); font-size: 18px; font-weight: bold; line-height: 1.3; margin: 0; position: relative; }
.trace-head .trace-namespace { color: #999; display: block; font-size: 13px; }
.trace-head .icon { position: absolute; right: 0; top: 0; }
.trace-head .icon svg { fill: var(--base-5); height: 24px; width: 24px; }

.trace-details { background: var(--base-0); border: var(--border); box-shadow: 0px 0px 1px rgba(128, 128, 128, .2); margin: 0 0 1em; table-layout: fixed; }

.trace-message { font-size: 14px; font-weight: normal; margin: .5em 0 0; }

.trace-line { position: relative; padding-top: 8px; padding-bottom: 8px; }
.trace-line + .trace-line { border-top: var(--border); }
.trace-line:hover { background: var(--base-1); }
.trace-line a { color: var(--base-6); }
.trace-line .icon { opacity: .4; position: absolute; left: 10px; }
.trace-line .icon svg { fill: var(--base-5); height: 16px; width: 16px; }
.trace-line .icon.icon-copy { left: auto; top: auto; padding-left: 5px; display: none }
.trace-line:hover .icon.icon-copy:not(.hidden) { display: inline-block }
.trace-line-header { padding-left: 36px; padding-right: 10px; }

.trace-file-path, .trace-file-path a { color: var(--base-6); font-size: 13px; }
.trace-class { color: var(--color-error); }
.trace-type { padding: 0 2px; }
.trace-method { color: var(--color-error); font-weight: bold; }
.trace-arguments { color: #777; font-weight: normal; padding-left: 2px; }

.trace-code { background: var(--base-0); font-size: 12px; margin: 10px 10px 2px 10px; padding: 10px; overflow-x: auto; white-space: nowrap; }
.trace-code ol { margin: 0; float: left; }
.trace-code li { color: #969896; margin: 0; padding-left: 10px; float: left; width: 100%; }
.trace-code li + li { margin-top: 5px; }
.trace-code li.selected { background: var(--trace-selected-background); margin-top: 2px; }
.trace-code li code { color: var(--base-6); white-space: pre; }

.trace-as-text .stacktrace { line-height: 1.8; margin: 0 0 15px; white-space: pre-wrap; }

@media (min-width: 575px) {
    .hidden-xs-down { display: initial; }
    .help-link { margin-left: 30px; }
}&lt;/style&gt;
        &lt;style&gt;.sf-reset .traces {
    padding-bottom: 14px;
}
.sf-reset .traces li {
    font-size: 12px;
    color: #868686;
    padding: 5px 4px;
    list-style-type: decimal;
    margin-left: 20px;
}
.sf-reset #logs .traces li.error {
    font-style: normal;
    color: #AA3333;
    background: #f9ecec;
}
.sf-reset #logs .traces li.warning {
    font-style: normal;
    background: #ffcc00;
}
/* fix for Opera not liking empty &lt;li&gt; */
.sf-reset .traces li:after {
    content: "\00A0";
}
.sf-reset .trace {
    border: 1px solid #D3D3D3;
    padding: 10px;
    overflow: auto;
    margin: 10px 0 20px;
}
.sf-reset .block-exception {
    -moz-border-radius: 16px;
    -webkit-border-radius: 16px;
    border-radius: 16px;
    margin-bottom: 20px;
    background-color: #f6f6f6;
    border: 1px solid #dfdfdf;
    padding: 30px 28px;
    word-wrap: break-word;
    overflow: hidden;
}
.sf-reset .block-exception div {
    color: #313131;
    font-size: 10px;
}
.sf-reset .block-exception-detected .illustration-exception,
.sf-reset .block-exception-detected .text-exception {
    float: left;
}
.sf-reset .block-exception-detected .illustration-exception {
    width: 152px;
}
.sf-reset .block-exception-detected .text-exception {
    width: 670px;
    padding: 30px 44px 24px 46px;
    position: relative;
}
.sf-reset .text-exception .open-quote,
.sf-reset .text-exception .close-quote {
    font-family: Arial, Helvetica, sans-serif;
    position: absolute;
    color: #C9C9C9;
    font-size: 8em;
}
.sf-reset .open-quote {
    top: 0;
    left: 0;
}
.sf-reset .close-quote {
    bottom: -0.5em;
    right: 50px;
}
.sf-reset .block-exception p {
    font-family: Arial, Helvetica, sans-serif;
}
.sf-reset .block-exception p a,
.sf-reset .block-exception p a:hover {
    color: #565656;
}
.sf-reset .logs h2 {
    float: left;
    width: 654px;
}
.sf-reset .error-count, .sf-reset .support {
    float: right;
    width: 170px;
    text-align: right;
}
.sf-reset .error-count span {
    display: inline-block;
    background-color: #aacd4e;
    -moz-border-radius: 6px;
    -webkit-border-radius: 6px;
    border-radius: 6px;
    padding: 4px;
    color: white;
    margin-right: 2px;
    font-size: 11px;
    font-weight: bold;
}

.sf-reset .support a {
    display: inline-block;
    -moz-border-radius: 6px;
    -webkit-border-radius: 6px;
    border-radius: 6px;
    padding: 4px;
    color: #000000;
    margin-right: 2px;
    font-size: 11px;
    font-weight: bold;
}

.sf-reset .toggle {
    vertical-align: middle;
}
.sf-reset .linked ul,
.sf-reset .linked li {
    display: inline;
}
.sf-reset #output-content {
    color: #000;
    font-size: 12px;
}
.sf-reset #traces-text pre {
    white-space: pre;
    font-size: 12px;
    font-family: monospace;
}&lt;/style&gt;
    &lt;/head&gt;
    &lt;body&gt;
        &lt;script&gt;
            document.body.classList.add(
                localStorage.getItem('symfony/profiler/theme') || (matchMedia('(prefers-color-scheme: dark)').matches ? 'theme-dark' : 'theme-light')
            );
        &lt;/script&gt;

                    &lt;header&gt;
                &lt;div class="container"&gt;
                    &lt;h1 class="logo"&gt;&lt;svg xmlns="http://www.w3.org/2000/svg" width="24" height="24" viewBox="0 0 24 24"&gt;&lt;path fill="#FFF" d="M12 .9C5.8.9.9 5.8.9 12a11 11 0 1 0 22.2 0A11 11 0 0 0 12 .9zm6.5 6c-.6 0-.9-.3-.9-.8 0-.2 0-.4.2-.6l.2-.4c0-.3-.5-.4-.6-.4-1.8.1-2.3 2.5-2.7 4.4l-.2 1c1 .2 1.8 0 2.2-.3.6-.4-.2-.7-.1-1.2.1-.3.5-.5.7-.6.5 0 .7.5.7.9 0 .7-1 1.8-3 1.8l-.6-.1-.6 2.4c-.4 1.6-.8 3.8-2.4 5.7-1.4 1.7-2.9 1.9-3.5 1.9-1.2 0-1.9-.6-2-1.5 0-.8.7-1.3 1.2-1.3.6 0 1.1.5 1.1 1s-.2.6-.4.6c-.1.1-.3.2-.3.4 0 .1.1.3.4.3.5 0 .8-.3 1.1-.5 1.2-.9 1.6-2.7 2.2-5.7l.1-.7.7-3.2c-.8-.6-1.3-1.4-2.4-1.7-.6-.1-1.1.1-1.5.5-.4.5-.2 1.1.2 1.5l.7.6c.7.8 1.2 1.6 1 2.5-.3 1.5-2 2.6-4 1.9-1.8-.6-2-1.8-1.8-2.5.2-.6.6-.7 1.1-.6.5.2.6.7.6 1.2l-.1.3c-.2.1-.3.3-.3.4-.1.4.4.6.7.7.7.3 1.6-.2 1.8-.8a1 1 0 0 0-.4-1.1l-.7-.8c-.4-.4-1.1-1.4-.7-2.6.1-.5.4-.9.7-1.3a4 4 0 0 1 2.8-.6c1.2.4 1.8 1.1 2.6 1.8.5-1.2 1-2.4 1.8-3.5.9-.9 1.9-1.6 3.1-1.7 1.3.2 2.2.7 2.2 1.6 0 .4-.2 1.1-.9 1.1z"/&gt;&lt;/svg&gt; Symfony Exception&lt;/h1&gt;

                    &lt;div class="help-link"&gt;
                        &lt;a href="https://symfony.com/doc/6.4.35/index.html"&gt;
                            &lt;span class="icon"&gt;&lt;svg width="1792" height="1792" viewBox="0 0 1792 1792" xmlns="http://www.w3.org/2000/svg"&gt;&lt;path fill="#FFF" d="M1703 478q40 57 18 129l-275 906q-19 64-76.5 107.5T1247 1664H324q-77 0-148.5-53.5T76 1479q-24-67-2-127 0-4 3-27t4-37q1-8-3-21.5t-3-19.5q2-11 8-21t16.5-23.5T116 1179q23-38 45-91.5t30-91.5q3-10 .5-30t-.5-28q3-11 17-28t17-23q21-36 42-92t25-90q1-9-2.5-32t.5-28q4-13 22-30.5t22-22.5q19-26 42.5-84.5T404 411q1-8-3-25.5t-2-26.5q2-8 9-18t18-23 17-21q8-12 16.5-30.5t15-35 16-36 19.5-32 26.5-23.5 36-11.5T620 134l-1 3q38-9 51-9h761q74 0 114 56t18 130l-274 906q-36 119-71.5 153.5T1089 1408H220q-27 0-38 15-11 16-1 43 24 70 144 70h923q29 0 56-15.5t35-41.5l300-987q7-22 5-57 38 15 59 43zm-1064 2q-4 13 2 22.5t20 9.5h608q13 0 25.5-9.5T1311 480l21-64q4-13-2-22.5t-20-9.5H702q-13 0-25.5 9.5T660 416zm-83 256q-4 13 2 22.5t20 9.5h608q13 0 25.5-9.5T1228 736l21-64q4-13-2-22.5t-20-9.5H619q-13 0-25.5 9.5T577 672z"/&gt;&lt;/svg&gt;&lt;/span&gt;
                            &lt;span class="hidden-xs-down"&gt;Symfony&lt;/span&gt; Docs
                        &lt;/a&gt;
                    &lt;/div&gt;
                &lt;/div&gt;
            &lt;/header&gt;
        
        &lt;div class="exception-summary "&gt;
    &lt;div class="exception-metadata"&gt;
        &lt;div class="container"&gt;
            &lt;h2 class="exception-hierarchy"&gt;
                                &lt;a href="#trace-box-1"&gt;&lt;abbr title="Twig\Error\RuntimeError"&gt;RuntimeError&lt;/abbr&gt;&lt;/a&gt;
            &lt;/h2&gt;
            &lt;h2 class="exception-http"&gt;
                HTTP 500 &lt;small&gt;Internal Server Error&lt;/small&gt;
            &lt;/h2&gt;
        &lt;/div&gt;
    &lt;/div&gt;
    &lt;div class="exception-message-wrapper"&gt;
        &lt;div class="container"&gt;
            &lt;h1 class="break-long-words exception-message"&gt;Variable &amp;quot;stats&amp;quot; does not exist in portal/expert/index.html.twig at line 14.&lt;/h1&gt;

            &lt;div class="exception-illustration hidden-xs-down"&gt;
                &lt;svg viewBox="0 0 136 81" xmlns="http://www.w3.org/2000/svg" fill-rule="evenodd" clip-rule="evenodd" stroke-linejoin="round" stroke-miterlimit="1.4"&gt;&lt;path d="M92.4 20.4a23.2 23.2 0 0 1 9 1.9 23.7 23.7 0 0 1 5.2 3 24.3 24.3 0 0 1 3.4 3.4 24.8 24.8 0 0 1 5 9.4c.5 1.7.8 3.4 1 5.2v14.5h.4l.5.2a7.4 7.4 0 0 0 2.5.2l.2-.2.6-.8.8-1.3-.2-.1a5.5 5.5 0 0 1-.8-.3 5.6 5.6 0 0 1-2.3-1.8 5.7 5.7 0 0 1-.9-1.6 6.5 6.5 0 0 1-.2-2.8 7.3 7.3 0 0 1 .5-2l.3-.3.8-.9.3-.3c.2-.2.5-.3.8-.3H120.7c.2 0 .3-.1.4 0h.4l.2.1.3.2.2-.4.3-.4.1-.1 1.2-1 .3-.2.4-.1.4-.1h.3l1.5.1.4.1.8.5.1.2 1 1.1v.2H129.4l.4-.2 1.4-.5h1.1c.3 0 .7.2 1 .4.2 0 .3.2.5.3l.2.2.5.3.4.6.1.3.4 1.4.1.4v.6a7.8 7.8 0 0 1-.1.6 9.9 9.9 0 0 1-.8 2.4 7.8 7.8 0 0 1-3 3.3 6.4 6.4 0 0 1-1 .5 6.1 6.1 0 0 1-.6.2l-.7.1h-.1a23.4 23.4 0 0 1-.2 1.7 14.3 14.3 0 0 1-.6 2.1l-.8 2a9.2 9.2 0 0 1-.4.6l-.7 1a9.1 9.1 0 0 1-2.3 2.2c-.9.5-2 .6-3 .7l-1.4.1h-.5l-.4.1a15.8 15.8 0 0 1-2.8-.1v4.2a9.7 9.7 0 0 1-.7 3.5 9.6 9.6 0 0 1-1.7 2.8 9.3 9.3 0 0 1-3 2.3 9 9 0 0 1-5.4.7 9 9 0 0 1-3-1 9.4 9.4 0 0 1-2.7-2.5 10 10 0 0 1-1 1.2 9.3 9.3 0 0 1-2 1.3 9 9 0 0 1-2.4 1 9 9 0 0 1-6.5-1.1A9.4 9.4 0 0 1 85 77V77a10.9 10.9 0 0 1-.6.6 9.3 9.3 0 0 1-2.7 2 9 9 0 0 1-6 .8 9 9 0 0 1-2.4-1 9.3 9.3 0 0 1-2.3-1.7 9.6 9.6 0 0 1-1.8-2.8 9.7 9.7 0 0 1-.8-3.7v-4a18.5 18.5 0 0 1-2.9.2l-1.2-.1c-1.9-.3-3.7-1-5.1-2.2a8.2 8.2 0 0 1-1.1-1 10.2 10.2 0 0 1-.9-1.2 15.3 15.3 0 0 1-.7-1.3 20.8 20.8 0 0 1-1.9-6.2v-.2a6.5 6.5 0 0 1-1-.3 6.1 6.1 0 0 1-.6-.3 6.6 6.6 0 0 1-.9-.6 8.2 8.2 0 0 1-2.7-3.7 10 10 0 0 1-.3-1 10.3 10.3 0 0 1-.3-1.9V47v-.4l.1-.4.6-1.4.1-.2a2 2 0 0 1 .8-.8l.3-.2.3-.2a3.2 3.2 0 0 1 1.8-.5h.4l.3.2 1.4.6.2.2.4.3.3.4.7-.7.2-.2.4-.2.6-.2h2.1l.4.2.4.2.3.2.8 1 .2-.1h.1v-.1H63l1.1.1h.3l.8.5.3.4.7 1 .2.3.1.5a11 11 0 0 1 .2 1.5c0 .8 0 1.6-.3 2.3a6 6 0 0 1-.5 1.2 5.5 5.5 0 0 1-3.3 2.5 12.3 12.3 0 0 0 1.4 3h.1l.2.1 1 .2h1.5l.5-.2H67.8l.5-.2h.1V44v-.4a26.7 26.7 0 0 1 .3-2.3 24.7 24.7 0 0 1 5.7-12.5 24.2 24.2 0 0 1 3.5-3.3 23.7 23.7 0 0 1 4.9-3 23.2 23.2 0 0 1 5.6-1.7 23.7 23.7 0 0 1 4-.3zm-.3 2a21.2 21.2 0 0 0-8 1.7 21.6 21.6 0 0 0-4.8 2.7 22.2 22.2 0 0 0-3.2 3 22.7 22.7 0 0 0-5 9.2 23.4 23.4 0 0 0-.7 4.9v15.7l-.5.1a34.3 34.3 0 0 1-1.5.3h-.2l-.4.1h-.4l-.9.2a10 10 0 0 1-1.9 0c-.5 0-1-.2-1.5-.4a1.8 1.8 0 0 1-.3-.2 2 2 0 0 1-.3-.3 5.2 5.2 0 0 1-.1-.2 9 9 0 0 1-.6-.9 13.8 13.8 0 0 1-1-2 14.3 14.3 0 0 1-.6-2 14 14 0 0 1-.1-.8v-.2h.3a12.8 12.8 0 0 0 1.4-.2 4.4 4.4 0 0 0 .3 0 3.6 3.6 0 0 0 1.1-.7 3.4 3.4 0 0 0 1.2-1.7l.2-1.2a5.1 5.1 0 0 0 0-.8 7.2 7.2 0 0 0-.1-.8l-.7-1-1.2-.2-1 .7-.1 1.3a5 5 0 0 1 .1.4v.6a1 1 0 0 1 0 .3c-.1.3-.4.4-.7.5l-1.2.4v-.7A9.9 9.9 0 0 1 60 49l.3-.6v-.2l.1-.1v-1.6l-1-1.2h-1.5l-1 1.1v.4a5.3 5.3 0 0 0-.2.6 5.5 5.5 0 0 0 0 .5c0 .7 0 1.4.3 2 0 .4.2.8.4 1.2L57 51a9.5 9.5 0 0 1-1.1-.5h-.2a2 2 0 0 1-.4-.3c-.4-.4-.5-1-.6-1.6a5.6 5.6 0 0 1 0-.5v-.5-.5l-.6-1.5-1.4-.6-.9.3s-.2 0-.3.2a2 2 0 0 1-.1 0l-.6 1.4v.7a8.5 8.5 0 0 0 .5 2c.4 1.1 1 2.1 2 2.8a4.7 4.7 0 0 0 2.1.9h1a22.8 22.8 0 0 0 .1 1 18.1 18.1 0 0 0 .8 3.8 18.2 18.2 0 0 0 1.6 3.7l1 1.3c1 1 2.3 1.6 3.7 2a11.7 11.7 0 0 0 4.8 0h.4l.5-.2.5-.1.6-.2v6.6a8 8 0 0 0 .1 1.3 7.5 7.5 0 0 0 2.4 4.3 7.2 7.2 0 0 0 2.3 1.3 7 7 0 0 0 7-1.1 7.5 7.5 0 0 0 2-2.6A7.7 7.7 0 0 0 85 72V71a8.2 8.2 0 0 0 .2 1.3c0 .7.3 1.4.6 2a7.5 7.5 0 0 0 1.7 2.3 7.3 7.3 0 0 0 2.2 1.4 7.1 7.1 0 0 0 4.6.2 7.2 7.2 0 0 0 2.4-1.2 7.5 7.5 0 0 0 2.1-2.7 7.8 7.8 0 0 0 .7-2.4V71a9.3 9.3 0 0 0 .1.6 7.6 7.6 0 0 0 .6 2.5 7.5 7.5 0 0 0 2.4 3 7.1 7.1 0 0 0 7 .8 7.3 7.3 0 0 0 2.3-1.5 7.5 7.5 0 0 0 1.6-2.3 7.6 7.6 0 0 0 .5-2l.1-1.1v-6.7l.4.1a12.2 12.2 0 0 0 2 .5 11.1 11.1 0 0 0 2.5 0h.8l1.2-.1a9.5 9.5 0 0 0 1.4-.2l.9-.3a3.5 3.5 0 0 0 .6-.4l1.2-1.4a12.2 12.2 0 0 0 .8-1.2c0-.3.2-.5.3-.7a15.9 15.9 0 0 0 .7-2l.3-1.6v-1.3l.2-.9V54.6a15.5 15.5 0 0 0 1.8 0 4.5 4.5 0 0 0 1.4-.5 5.7 5.7 0 0 0 2.5-3.2 7.6 7.6 0 0 0 .4-1.5v-.3l-.4-1.4a5.2 5.2 0 0 1-.2-.1l-.4-.4a3.8 3.8 0 0 0-.2 0 1.4 1.4 0 0 0-.5-.2l-1.4.4-.7 1.3v.7a5.7 5.7 0 0 1-.1.8l-.7 1.4a1.9 1.9 0 0 1-.5.3h-.3a9.6 9.6 0 0 1-.8.3 8.8 8.8 0 0 1-.6 0l.2-.4.2-.5.2-.3v-.4l.1-.2V50l.1-1 .1-.6v-.6a4.8 4.8 0 0 0 0-.8v-.2l-1-1.1-1.5-.2-1.1 1-.2 1.4v.1l.2.4.2.3v.4l.1 1.1v.3l.1.5v.8a9.6 9.6 0 0 1-.8-.3l-.2-.1h-.3l-.8-.1h-.2a1.6 1.6 0 0 1-.2-.2.9.9 0 0 1-.2-.2 1 1 0 0 1-.1-.5l.2-.9v-1.2l-.9-.8h-1.2l-.8.9v.3a4.8 4.8 0 0 0-.3 2l.3.9a3.5 3.5 0 0 0 1.2 1.6l1 .5.8.2 1.4.1h.4l.2.1a12.1 12.1 0 0 1-1 2.6 13.2 13.2 0 0 1-.8 1.5 9.5 9.5 0 0 1-1 1.2l-.2.3a1.7 1.7 0 0 1-.4.3 2.4 2.4 0 0 1-.7.2h-2.5a7.8 7.8 0 0 1-.6-.2l-.7-.2h-.2a14.8 14.8 0 0 1-.6-.2 23.4 23.4 0 0 1-.4-.1l-.4-.1-.3-.1V43.9a34.6 34.6 0 0 0 0-.6 23.6 23.6 0 0 0-.4-3 22.7 22.7 0 0 0-1.5-4.7 22.6 22.6 0 0 0-4.6-6.7 21.9 21.9 0 0 0-6.9-4.7 21.2 21.2 0 0 0-8.1-1.8H92zm9.1 33.7l.3.1a1 1 0 0 1 .6.8v.4a8.4 8.4 0 0 1 0 .5 8.8 8.8 0 0 1-1.6 4.2l-1 1.3A10 10 0 0 1 95 66c-1.3.3-2.7.4-4 .3a10.4 10.4 0 0 1-2.7-.8 10 10 0 0 1-3.6-2.5 9.3 9.3 0 0 1-.8-1 9 9 0 0 1-.7-1.2 8.6 8.6 0 0 1-.8-3.4V57a1 1 0 0 1 .3-.6 1 1 0 0 1 1.3-.2 1 1 0 0 1 .4.8v.4a6.5 6.5 0 0 0 .5 2.2 7 7 0 0 0 2.1 2.8l1 .6c2.6 1.6 6 1.6 8.5 0a8 8 0 0 0 1.1-.6 7.6 7.6 0 0 0 1.2-1.2 7 7 0 0 0 1-1.7 6.5 6.5 0 0 0 .4-2.5 1 1 0 0 1 .7-1h.4zM30.7 43.7c-15.5 1-28.5-6-30.1-16.4C-1.2 15.7 11.6 4 29 1.3 46.6-1.7 62.3 5.5 64 17.1c1.6 10.4-8.7 21-23.7 25a31.2 31.2 0 0 0 0 .9v.3a19 19 0 0 0 .1 1l.1.4.1.9a4.7 4.7 0 0 0 .5 1l.7 1a9.2 9.2 0 0 0 1.2 1l1.5.8.6.8-.7.6-1.1.3a11.2 11.2 0 0 1-2.6.4 8.6 8.6 0 0 1-3-.5 8.5 8.5 0 0 1-1-.4 11.2 11.2 0 0 1-1.8-1.2 13.3 13.3 0 0 1-1-1 18 18 0 0 1-.7-.6l-.4-.4a23.4 23.4 0 0 1-1.3-1.8l-.1-.1-.3-.5V45l-.3-.6v-.7zM83.1 36c3.6 0 6.5 3.2 6.5 7.1 0 4-3 7.2-6.5 7.2S76.7 47 76.7 43 79.6 36 83 36zm18 0c3.6 0 6.5 3.2 6.5 7.1 0 4-2.9 7.2-6.4 7.2S94.7 47 94.7 43s3-7.1 6.5-7.1zm-18 6.1c2 0 3.5 1.6 3.5 3.6S85 49.2 83 49.2s-3.4-1.6-3.4-3.6S81.2 42 83 42zm17.9 0c1.9 0 3.4 1.6 3.4 3.6s-1.5 3.6-3.4 3.6c-2 0-3.5-1.6-3.5-3.6S99.1 42 101 42zM17 28c-.3 1.6-1.8 5-5.2 5.8-2.5.6-4.1-.8-4.5-2.6-.4-1.9.7-3.5 2.1-4.5A3.5 3.5 0 0 1 8 24.6c-.4-2 .8-3.7 3.2-4.2 1.9-.5 3.1.2 3.4 1.5.3 1.1-.5 2.2-1.8 2.5-.9.3-1.6 0-1.7-.6a1.4 1.4 0 0 1 0-.7s.3.2 1 0c.7-.1 1-.7.9-1.2-.2-.6-1-.8-1.8-.6-1 .2-2 1-1.7 2.6.3 1 .9 1.6 1.5 1.8l.7-.2c1-.2 1.5 0 1.6.5 0 .4-.2 1-1.2 1.2a3.3 3.3 0 0 1-1.5 0c-.9.7-1.6 1.9-1.3 3.2.3 1.3 1.3 2.2 3 1.8 2.5-.7 3.8-3.7 4.2-5-.3-.5-.6-1-.7-1.6-.1-.5.1-1 .9-1.2.4 0 .7.2.8.8a2.8 2.8 0 0 1 0 1l.7 1c.6-2 1.4-4 1.7-4 .6-.2 1.5.6 1.5.6-.8.7-1.7 2.4-2.3 4.2.8.6 1.6 1 2.1 1 .5-.1.8-.6 1-1.2-.3-2.2 1-4.3 2.3-4.6.7-.2 1.3.2 1.4.8.1.5 0 1.3-.9 1.7-.2-1-.6-1.3-1-1.3-.4.1-.7 1.4-.4 2.8.2 1 .7 1.5 1.3 1.4.8-.2 1.3-1.2 1.7-2.1-.3-2.1.9-4.2 2.2-4.5.7-.2 1.2.1 1.4 1 .4 1.4-1 2.8-2.2 3.4.3.7.7 1 1.3.9 1-.3 1.6-1.5 2-2.5l-.5-3v-.3s1.6-.3 1.8.6v.1c.2-.6.7-1.2 1.3-1.4.8-.1 1.5.6 1.7 1.6.5 2.2-.5 4.4-1.8 4.7H33a31.9 31.9 0 0 0 1 5.2c-.4.1-1.8.4-2-.4l-.5-5.6c-.5 1-1.3 2.2-2.5 2.4-1 .3-1.6-.3-2-1.1-.5 1-1.3 2.1-2.4 2.4-.8.2-1.5-.1-2-1-.3.8-.9 1.5-1.5 1.7-.7.1-1.5-.3-2.4-1-.3.8-.4 1.6-.4 2.2 0 0-.7 0-.8-.4-.1-.5 0-1.5.3-2.7a10.3 10.3 0 0 1-.7-.8zm38.2-17.8l.2.9c.5 1.9.4 4.4.8 6.4 0 .6-.4 3-1.4 3.3-.2 0-.3 0-.4-.4-.1-.7 0-1.6-.3-2.6-.2-1.1-.8-1.6-1.5-1.5-.8.2-1.3 1-1.6 2l-.1-.5c-.2-1-1.8-.6-1.8-.6a6.2 6.2 0 0 1 .4 1.3l.2 1c-.2.5-.6 1-1.2 1l-.2.1a7 7 0 0 0-.1-.8c-.3-1.1-1-2-1.6-1.8a.7.7 0 0 0-.4.3c-1.3.3-2.4 2-2.1 3.9-.2.9-.6 1.7-1 1.9-.5 0-.8-.5-1.1-1.8l-.1-1.2a4 4 0 0 0 0-1.7c0-.4-.4-.7-.8-.6-.7.2-.9 1.7-.5 3.8-.2 1-.6 2-1.3 2-.4.2-.8-.2-1-1l-.2-3c1.2-.5 2-1 1.8-1.7-.1-.5-.8-.7-.8-.7s0 .7-1 1.2l-.2-1.4c-.1-.6-.4-1-1.7-.6l.4 1 .2 1.5h-1v.8c0 .3.4.3 1 .2 0 1.3 0 2.7.2 3.6.3 1.4 1.2 2 2 1.7 1-.2 1.6-1.3 2-2.3.3 1.2 1 2 1.9 1.7.7-.2 1.2-1.1 1.6-2.2.4.8 1.1 1.1 2 1 1.2-.4 1.7-1.6 1.8-2.8h.2c.6-.2 1-.6 1.3-1 0 .8 0 1.5.2 2.1.1.5.3.7.6.6.5-.1 1-.9 1-.9a4 4 0 0 1-.3-1c-.3-1.3.3-3.6 1-3.7.2 0 .3.2.5.7v.8l.2 1.5v.7c.2.7.7 1.3 1.5 1 1.3-.2 2-2.6 2.1-3.9.3.2.6.2 1 .1-.6-2.2 0-6.1-.3-7.9-.1-.4-1-.5-1.7-.5h-.4zm-21.5 12c.4 0 .7.3 1 1.1.2 1.3-.3 2.6-.9 2.8-.2 0-.7 0-1-1.2v-.4c0-1.3.4-2 1-2.2zm-5.2 1c.3 0 .6.2.6.5.2.6-.3 1.3-1.2 2-.3-1.4.1-2.3.6-2.5zm18-.4c-.5.2-1-.4-1.2-1.2-.2-1 0-2.1.7-2.5v.5c.2.7.6 1.5 1.3 1.9 0 .7-.2 1.2-.7 1.3zm10-1.6c0 .5.4.7 1 .6.8-.2 1-1 .8-1.6 0-.5-.4-1-1-.8-.5.1-1 .9-.8 1.8zm-14.3-5.5c0-.4-.5-.7-1-.5-.8.2-1 1-.9 1.5.2.6.5 1 1 .8.5 0 1.1-1 1-1.8z" fill="#fff" fill-opacity=".6"/&gt;&lt;/svg&gt;            &lt;/div&gt;
        &lt;/div&gt;
    &lt;/div&gt;
&lt;/div&gt;

&lt;div class="container"&gt;
    &lt;div class="sf-tabs"&gt;
        &lt;div class="tab"&gt;
                        &lt;h3 class="tab-title"&gt;
                                    Exception
                            &lt;/h3&gt;

            &lt;div class="tab-content"&gt;
                &lt;div class="trace trace-as-html" id="trace-box-1"&gt;
    &lt;div class="trace-details"&gt;
        &lt;div class="trace-head"&gt;
            &lt;div class="sf-toggle" data-toggle-selector="#trace-html-1" data-toggle-initial="display"&gt;
                &lt;span class="icon icon-close"&gt;&lt;svg width="1792" height="1792" viewBox="0 0 1792 1792" xmlns="http://www.w3.org/2000/svg"&gt;&lt;path d="M1344 800v64q0 14-9 23t-23 9H480q-14 0-23-9t-9-23v-64q0-14 9-23t23-9h832q14 0 23 9t9 23zm128 448V416q0-66-47-113t-113-47H480q-66 0-113 47t-47 113v832q0 66 47 113t113 47h832q66 0 113-47t47-113zm128-832v832q0 119-84.5 203.5T1312 1536H480q-119 0-203.5-84.5T192 1248V416q0-119 84.5-203.5T480 128h832q119 0 203.5 84.5T1600 416z"/&gt;&lt;/svg&gt;&lt;/span&gt;
                &lt;span class="icon icon-open"&gt;&lt;svg width="1792" height="1792" viewBox="0 0 1792 1792" xmlns="http://www.w3.org/2000/svg"&gt;&lt;path d="M1344 800v64q0 14-9 23t-23 9H960v352q0 14-9 23t-23 9h-64q-14 0-23-9t-9-23V896H480q-14 0-23-9t-9-23v-64q0-14 9-23t23-9h352V416q0-14 9-23t23-9h64q14 0 23 9t9 23v352h352q14 0 23 9t9 23zm128 448V416q0-66-47-113t-113-47H480q-66 0-113 47t-47 113v832q0 66 47 113t113 47h832q66 0 113-47t47-113zm128-832v832q0 119-84.5 203.5T1312 1536H480q-119 0-203.5-84.5T192 1248V416q0-119 84.5-203.5T480 128h832q119 0 203.5 84.5T1600 416z"/&gt;&lt;/svg&gt;&lt;/span&gt;
                                                    &lt;h3 class="trace-class"&gt;
                                                    &lt;span class="trace-namespace"&gt;Twig\Error\&lt;/span&gt;
                                                RuntimeError                    &lt;/h3&gt;
                                            &lt;/div&gt;
                            &lt;details class="exception-properties-wrapper"&gt;
                    &lt;summary&gt;Show exception properties&lt;/summary&gt;
                    &lt;div class="exception-properties"&gt;
                        &lt;script&gt; Sfdump = window.Sfdump || (function (doc) { doc.documentElement.classList.add('sf-js-enabled'); var rxEsc = /([.*+?^${}()|\[\]\/\\])/g, idRx = /\bsf-dump-\d+-ref[012]\w+\b/, keyHint = 0 &lt;= navigator.platform.toUpperCase().indexOf('MAC') ? 'Cmd' : 'Ctrl', addEventListener = function (e, n, cb) { e.addEventListener(n, cb, false); }; if (!doc.addEventListener) { addEventListener = function (element, eventName, callback) { element.attachEvent('on' + eventName, function (e) { e.preventDefault = function () {e.returnValue = false;}; e.target = e.srcElement; callback(e); }); }; } function toggle(a, recursive) { var s = a.nextSibling || {}, oldClass = s.className, arrow, newClass; if (/\bsf-dump-compact\b/.test(oldClass)) { arrow = '&amp;#9660;'; newClass = 'sf-dump-expanded'; } else if (/\bsf-dump-expanded\b/.test(oldClass)) { arrow = '&amp;#9654;'; newClass = 'sf-dump-compact'; } else { return false; } if (doc.createEvent &amp;&amp; s.dispatchEvent) { var event = doc.createEvent('Event'); event.initEvent('sf-dump-expanded' === newClass ? 'sfbeforedumpexpand' : 'sfbeforedumpcollapse', true, false); s.dispatchEvent(event); } a.lastChild.innerHTML = arrow; s.className = s.className.replace(/\bsf-dump-(compact|expanded)\b/, newClass); if (recursive) { try { a = s.querySelectorAll('.'+oldClass); for (s = 0; s &lt; a.length; ++s) { if (-1 == a[s].className.indexOf(newClass)) { a[s].className = newClass; a[s].previousSibling.lastChild.innerHTML = arrow; } } } catch (e) { } } return true; }; function collapse(a, recursive) { var s = a.nextSibling || {}, oldClass = s.className; if (/\bsf-dump-expanded\b/.test(oldClass)) { toggle(a, recursive); return true; } return false; }; function expand(a, recursive) { var s = a.nextSibling || {}, oldClass = s.className; if (/\bsf-dump-compact\b/.test(oldClass)) { toggle(a, recursive); return true; } return false; }; function collapseAll(root) { var a = root.querySelector('a.sf-dump-toggle'); if (a) { collapse(a, true); expand(a); return true; } return false; } function reveal(node) { var previous, parents = []; while ((node = node.parentNode || {}) &amp;&amp; (previous = node.previousSibling) &amp;&amp; 'A' === previous.tagName) { parents.push(previous); } if (0 !== parents.length) { parents.forEach(function (parent) { expand(parent); }); return true; } return false; } function highlight(root, activeNode, nodes) { resetHighlightedNodes(root); Array.from(nodes||[]).forEach(function (node) { if (!/\bsf-dump-highlight\b/.test(node.className)) { node.className = node.className + ' sf-dump-highlight'; } }); if (!/\bsf-dump-highlight-active\b/.test(activeNode.className)) { activeNode.className = activeNode.className + ' sf-dump-highlight-active'; } } function resetHighlightedNodes(root) { Array.from(root.querySelectorAll('.sf-dump-str, .sf-dump-key, .sf-dump-public, .sf-dump-protected, .sf-dump-private')).forEach(function (strNode) { strNode.className = strNode.className.replace(/\bsf-dump-highlight\b/, ''); strNode.className = strNode.className.replace(/\bsf-dump-highlight-active\b/, ''); }); } return function (root, x) { root = doc.getElementById(root); var indentRx = new RegExp('^('+(root.getAttribute('data-indent-pad') || ' ').replace(rxEsc, '\\$1')+')+', 'm'), options = {"maxDepth":1,"maxStringLength":160,"fileLinkFormat":false}, elt = root.getElementsByTagName('A'), len = elt.length, i = 0, s, h, t = []; while (i &lt; len) t.push(elt[i++]); for (i in x) { options[i] = x[i]; } function a(e, f) { addEventListener(root, e, function (e, n) { if ('A' == e.target.tagName) { f(e.target, e); } else if ('A' == e.target.parentNode.tagName) { f(e.target.parentNode, e); } else { n = /\bsf-dump-ellipsis\b/.test(e.target.className) ? e.target.parentNode : e.target; if ((n = n.nextElementSibling) &amp;&amp; 'A' == n.tagName) { if (!/\bsf-dump-toggle\b/.test(n.className)) { n = n.nextElementSibling || n; } f(n, e, true); } } }); }; function isCtrlKey(e) { return e.ctrlKey || e.metaKey; } function xpathString(str) { var parts = str.match(/[^'"]+|['"]/g).map(function (part) { if ("'" == part) { return '"\'"'; } if ('"' == part) { return "'\"'"; } return "'" + part + "'"; }); return "concat(" + parts.join(",") + ", '')"; } function xpathHasClass(className) { return "contains(concat(' ', normalize-space(@class), ' '), ' " + className +" ')"; } a('mouseover', function (a, e, c) { if (c) { e.target.style.cursor = "pointer"; } }); a('click', function (a, e, c) { if (/\bsf-dump-toggle\b/.test(a.className)) { e.preventDefault(); if (!toggle(a, isCtrlKey(e))) { var r = doc.getElementById(a.getAttribute('href').slice(1)), s = r.previousSibling, f = r.parentNode, t = a.parentNode; t.replaceChild(r, a); f.replaceChild(a, s); t.insertBefore(s, r); f = f.firstChild.nodeValue.match(indentRx); t = t.firstChild.nodeValue.match(indentRx); if (f &amp;&amp; t &amp;&amp; f[0] !== t[0]) { r.innerHTML = r.innerHTML.replace(new RegExp('^'+f[0].replace(rxEsc, '\\$1'), 'mg'), t[0]); } if (/\bsf-dump-compact\b/.test(r.className)) { toggle(s, isCtrlKey(e)); } } if (c) { } else if (doc.getSelection) { try { doc.getSelection().removeAllRanges(); } catch (e) { doc.getSelection().empty(); } } else { doc.selection.empty(); } } else if (/\bsf-dump-str-toggle\b/.test(a.className)) { e.preventDefault(); e = a.parentNode.parentNode; e.className = e.className.replace(/\bsf-dump-str-(expand|collapse)\b/, a.parentNode.className); } }); elt = root.getElementsByTagName('SAMP'); len = elt.length; i = 0; while (i &lt; len) t.push(elt[i++]); len = t.length; for (i = 0; i &lt; len; ++i) { elt = t[i]; if ('SAMP' == elt.tagName) { a = elt.previousSibling || {}; if ('A' != a.tagName) { a = doc.createElement('A'); a.className = 'sf-dump-ref'; elt.parentNode.insertBefore(a, elt); } else { a.innerHTML += ' '; } a.title = (a.title ? a.title+'\n[' : '[')+keyHint+'+click] Expand all children'; a.innerHTML += elt.className == 'sf-dump-compact' ? '&lt;span&gt;&amp;#9654;&lt;/span&gt;' : '&lt;span&gt;&amp;#9660;&lt;/span&gt;'; a.className += ' sf-dump-toggle'; x = 1; if ('sf-dump' != elt.parentNode.className) { x += elt.parentNode.getAttribute('data-depth')/1; } } else if (/\bsf-dump-ref\b/.test(elt.className) &amp;&amp; (a = elt.getAttribute('href'))) { a = a.slice(1); elt.className += ' sf-dump-hover'; elt.className += ' '+a; if (/[\[{]$/.test(elt.previousSibling.nodeValue)) { a = a != elt.nextSibling.id &amp;&amp; doc.getElementById(a); try { s = a.nextSibling; elt.appendChild(a); s.parentNode.insertBefore(a, s); if (/^[@#]/.test(elt.innerHTML)) { elt.innerHTML += ' &lt;span&gt;&amp;#9654;&lt;/span&gt;'; } else { elt.innerHTML = '&lt;span&gt;&amp;#9654;&lt;/span&gt;'; elt.className = 'sf-dump-ref'; } elt.className += ' sf-dump-toggle'; } catch (e) { if ('&amp;' == elt.innerHTML.charAt(0)) { elt.innerHTML = '&amp;#8230;'; elt.className = 'sf-dump-ref'; } } } } } if (doc.evaluate &amp;&amp; Array.from &amp;&amp; root.children.length &gt; 1) { root.setAttribute('tabindex', 0); SearchState = function () { this.nodes = []; this.idx = 0; }; SearchState.prototype = { next: function () { if (this.isEmpty()) { return this.current(); } this.idx = this.idx &lt; (this.nodes.length - 1) ? this.idx + 1 : 0; return this.current(); }, previous: function () { if (this.isEmpty()) { return this.current(); } this.idx = this.idx &gt; 0 ? this.idx - 1 : (this.nodes.length - 1); return this.current(); }, isEmpty: function () { return 0 === this.count(); }, current: function () { if (this.isEmpty()) { return null; } return this.nodes[this.idx]; }, reset: function () { this.nodes = []; this.idx = 0; }, count: function () { return this.nodes.length; }, }; function showCurrent(state) { var currentNode = state.current(), currentRect, searchRect; if (currentNode) { reveal(currentNode); highlight(root, currentNode, state.nodes); if ('scrollIntoView' in currentNode) { currentNode.scrollIntoView(true); currentRect = currentNode.getBoundingClientRect(); searchRect = search.getBoundingClientRect(); if (currentRect.top &lt; (searchRect.top + searchRect.height)) { window.scrollBy(0, -(searchRect.top + searchRect.height + 5)); } } } counter.textContent = (state.isEmpty() ? 0 : state.idx + 1) + ' of ' + state.count(); } var search = doc.createElement('div'); search.className = 'sf-dump-search-wrapper sf-dump-search-hidden'; search.innerHTML = ' &lt;input type="text" class="sf-dump-search-input"&gt; &lt;span class="sf-dump-search-count"&gt;0 of 0&lt;\/span&gt; &lt;button type="button" class="sf-dump-search-input-previous" tabindex="-1"&gt; &lt;svg viewBox="0 0 1792 1792" xmlns="http://www.w3.org/2000/svg"&gt;&lt;path d="M1683 1331l-166 165q-19 19-45 19t-45-19L896 965l-531 531q-19 19-45 19t-45-19l-166-165q-19-19-19-45.5t19-45.5l742-741q19-19 45-19t45 19l742 741q19 19 19 45.5t-19 45.5z"\/&gt;&lt;\/svg&gt; &lt;\/button&gt; &lt;button type="button" class="sf-dump-search-input-next" tabindex="-1"&gt; &lt;svg viewBox="0 0 1792 1792" xmlns="http://www.w3.org/2000/svg"&gt;&lt;path d="M1683 808l-742 741q-19 19-45 19t-45-19L109 808q-19-19-19-45.5t19-45.5l166-165q19-19 45-19t45 19l531 531 531-531q19-19 45-19t45 19l166 165q19 19 19 45.5t-19 45.5z"\/&gt;&lt;\/svg&gt; &lt;\/button&gt; '; root.insertBefore(search, root.firstChild); var state = new SearchState(); var searchInput = search.querySelector('.sf-dump-search-input'); var counter = search.querySelector('.sf-dump-search-count'); var searchInputTimer = 0; var previousSearchQuery = ''; addEventListener(searchInput, 'keyup', function (e) { var searchQuery = e.target.value; /* Don't perform anything if the pressed key didn't change the query */ if (searchQuery === previousSearchQuery) { return; } previousSearchQuery = searchQuery; clearTimeout(searchInputTimer); searchInputTimer = setTimeout(function () { state.reset(); collapseAll(root); resetHighlightedNodes(root); if ('' === searchQuery) { counter.textContent = '0 of 0'; return; } var classMatches = [ "sf-dump-str", "sf-dump-key", "sf-dump-public", "sf-dump-protected", "sf-dump-private", ].map(xpathHasClass).join(' or '); var xpathResult = doc.evaluate('.//span[' + classMatches + '][contains(translate(child::text(), ' + xpathString(searchQuery.toUpperCase()) + ', ' + xpathString(searchQuery.toLowerCase()) + '), ' + xpathString(searchQuery.toLowerCase()) + ')]', root, null, XPathResult.ORDERED_NODE_ITERATOR_TYPE, null); while (node = xpathResult.iterateNext()) state.nodes.push(node); showCurrent(state); }, 400); }); Array.from(search.querySelectorAll('.sf-dump-search-input-next, .sf-dump-search-input-previous')).forEach(function (btn) { addEventListener(btn, 'click', function (e) { e.preventDefault(); -1 !== e.target.className.indexOf('next') ? state.next() : state.previous(); searchInput.focus(); collapseAll(root); showCurrent(state); }) }); addEventListener(root, 'keydown', function (e) { var isSearchActive = !/\bsf-dump-search-hidden\b/.test(search.className); if ((114 === e.keyCode &amp;&amp; !isSearchActive) || (isCtrlKey(e) &amp;&amp; 70 === e.keyCode)) { /* F3 or CMD/CTRL + F */ if (70 === e.keyCode &amp;&amp; document.activeElement === searchInput) { /* * If CMD/CTRL + F is hit while having focus on search input, * the user probably meant to trigger browser search instead. * Let the browser execute its behavior: */ return; } e.preventDefault(); search.className = search.className.replace(/\bsf-dump-search-hidden\b/, ''); searchInput.focus(); } else if (isSearchActive) { if (27 === e.keyCode) { /* ESC key */ search.className += ' sf-dump-search-hidden'; e.preventDefault(); resetHighlightedNodes(root); searchInput.value = ''; } else if ( (isCtrlKey(e) &amp;&amp; 71 === e.keyCode) /* CMD/CTRL + G */ || 13 === e.keyCode /* Enter */ || 114 === e.keyCode /* F3 */ ) { e.preventDefault(); e.shiftKey ? state.previous() : state.next(); collapseAll(root); showCurrent(state); } } }); } if (0 &gt;= options.maxStringLength) { return; } try { elt = root.querySelectorAll('.sf-dump-str'); len = elt.length; i = 0; t = []; while (i &lt; len) t.push(elt[i++]); len = t.length; for (i = 0; i &lt; len; ++i) { elt = t[i]; s = elt.innerText || elt.textContent; x = s.length - options.maxStringLength; if (0 &lt; x) { h = elt.innerHTML; elt[elt.innerText ? 'innerText' : 'textContent'] = s.substring(0, options.maxStringLength); elt.className += ' sf-dump-str-collapse'; elt.innerHTML = '&lt;span class=sf-dump-str-collapse&gt;'+h+'&lt;a class="sf-dump-ref sf-dump-str-toggle" title="Collapse"&gt; &amp;#9664;&lt;/a&gt;&lt;/span&gt;'+ '&lt;span class=sf-dump-str-expand&gt;'+elt.innerHTML+'&lt;a class="sf-dump-ref sf-dump-str-toggle" title="'+x+' remaining characters"&gt; &amp;#9654;&lt;/a&gt;&lt;/span&gt;'; } } } catch (e) { } }; })(document); &lt;/script&gt;&lt;style&gt; .sf-js-enabled pre.sf-dump .sf-dump-compact, .sf-js-enabled .sf-dump-str-collapse .sf-dump-str-collapse, .sf-js-enabled .sf-dump-str-expand .sf-dump-str-expand { display: none; } .sf-dump-hover:hover { background-color: #B729D9; color: #FFF !important; border-radius: 2px; } pre.sf-dump { display: block; white-space: pre; padding: 5px; overflow: initial !important; } pre.sf-dump:after { content: ""; visibility: hidden; display: block; height: 0; clear: both; } pre.sf-dump .sf-dump-ellipsization { display: inline-flex; } pre.sf-dump a { text-decoration: none; cursor: pointer; border: 0; outline: none; color: inherit; } pre.sf-dump img { max-width: 50em; max-height: 50em; margin: .5em 0 0 0; padding: 0; background: url(data:image/png;base64,iVBORw0KGgoAAAANSUhEUgAAABAAAAAQCAAAAAA6mKC9AAAAHUlEQVQY02O8zAABilCaiQEN0EeA8QuUcX9g3QEAAjcC5piyhyEAAAAASUVORK5CYII=) #D3D3D3; } pre.sf-dump .sf-dump-ellipsis { text-overflow: ellipsis; white-space: nowrap; overflow: hidden; } pre.sf-dump .sf-dump-ellipsis-tail { flex-shrink: 0; } pre.sf-dump code { display:inline; padding:0; background:none; } .sf-dump-public.sf-dump-highlight, .sf-dump-protected.sf-dump-highlight, .sf-dump-private.sf-dump-highlight, .sf-dump-str.sf-dump-highlight, .sf-dump-key.sf-dump-highlight { background: rgba(111, 172, 204, 0.3); border: 1px solid #7DA0B1; border-radius: 3px; } .sf-dump-public.sf-dump-highlight-active, .sf-dump-protected.sf-dump-highlight-active, .sf-dump-private.sf-dump-highlight-active, .sf-dump-str.sf-dump-highlight-active, .sf-dump-key.sf-dump-highlight-active { background: rgba(253, 175, 0, 0.4); border: 1px solid #ffa500; border-radius: 3px; } pre.sf-dump .sf-dump-search-hidden { display: none !important; } pre.sf-dump .sf-dump-search-wrapper { font-size: 0; white-space: nowrap; margin-bottom: 5px; display: flex; position: -webkit-sticky; position: sticky; top: 5px; } pre.sf-dump .sf-dump-search-wrapper &gt; * { vertical-align: top; box-sizing: border-box; height: 21px; font-weight: normal; border-radius: 0; background: #FFF; color: #757575; border: 1px solid #BBB; } pre.sf-dump .sf-dump-search-wrapper &gt; input.sf-dump-search-input { padding: 3px; height: 21px; font-size: 12px; border-right: none; border-top-left-radius: 3px; border-bottom-left-radius: 3px; color: #000; min-width: 15px; width: 100%; } pre.sf-dump .sf-dump-search-wrapper &gt; .sf-dump-search-input-next, pre.sf-dump .sf-dump-search-wrapper &gt; .sf-dump-search-input-previous { background: #F2F2F2; outline: none; border-left: none; font-size: 0; line-height: 0; } pre.sf-dump .sf-dump-search-wrapper &gt; .sf-dump-search-input-next { border-top-right-radius: 3px; border-bottom-right-radius: 3px; } pre.sf-dump .sf-dump-search-wrapper &gt; .sf-dump-search-input-next &gt; svg, pre.sf-dump .sf-dump-search-wrapper &gt; .sf-dump-search-input-previous &gt; svg { pointer-events: none; width: 12px; height: 12px; } pre.sf-dump .sf-dump-search-wrapper &gt; .sf-dump-search-count { display: inline-block; padding: 0 5px; margin: 0; border-left: none; line-height: 21px; font-size: 12px; }pre.sf-dump, pre.sf-dump .sf-dump-default{background:none; color:#CC7832; line-height:1.2em; font:12px Menlo, Monaco, Consolas, monospace; word-wrap: break-word; white-space: pre-wrap; position:relative; z-index:99999; word-break: break-all}pre.sf-dump .sf-dump-num{font-weight:bold; color:#1299DA}pre.sf-dump .sf-dump-const{font-weight:bold}pre.sf-dump .sf-dump-str{font-weight:bold; color:#629755;}pre.sf-dump .sf-dump-note{color:#6897BB}pre.sf-dump .sf-dump-ref{color:#6E6E6E}pre.sf-dump .sf-dump-public{color:#262626}pre.sf-dump .sf-dump-protected{color:#262626}pre.sf-dump .sf-dump-private{color:#262626}pre.sf-dump .sf-dump-meta{color:#B729D9}pre.sf-dump .sf-dump-key{color:#789339}pre.sf-dump .sf-dump-index{color:#1299DA}pre.sf-dump .sf-dump-ellipsis{color:#CC7832}pre.sf-dump .sf-dump-ns{user-select:none;}pre.sf-dump .sf-dump-ellipsis-note{color:#6897BB}&lt;/style&gt;&lt;pre class=sf-dump id=sf-dump-1911917833 data-indent-pad="  "&gt;&lt;span class=sf-dump-note&gt;Twig\Error\RuntimeError&lt;/span&gt; {&lt;a class=sf-dump-ref&gt;#9053&lt;/a&gt;&lt;samp data-depth=1 class=sf-dump-expanded&gt;
  -&lt;span class=sf-dump-private title="Private property defined in class:&amp;#10;`Twig\Error\Error`"&gt;lineno&lt;/span&gt;: &lt;span class=sf-dump-num&gt;14&lt;/span&gt;
  -&lt;span class=sf-dump-private title="Private property defined in class:&amp;#10;`Twig\Error\Error`"&gt;rawMessage&lt;/span&gt;: "&lt;span class=sf-dump-str title="32 characters"&gt;Variable &amp;quot;stats&amp;quot; does not exist.&lt;/span&gt;"
  -&lt;span class=sf-dump-private title="Private property defined in class:&amp;#10;`Twig\Error\Error`"&gt;source&lt;/span&gt;: &lt;span class="sf-dump-note sf-dump-ellipsization" title="Twig\Source
"&gt;&lt;span class="sf-dump-ellipsis sf-dump-ellipsis-note"&gt;Twig&lt;/span&gt;&lt;span class="sf-dump-ellipsis sf-dump-ellipsis-note"&gt;\&lt;/span&gt;&lt;span class="sf-dump-ellipsis-tail"&gt;Source&lt;/span&gt;&lt;/span&gt; {&lt;a class=sf-dump-ref&gt;#8872&lt;/a&gt;&lt;samp data-depth=2 class=sf-dump-compact&gt;
    -&lt;span class=sf-dump-private title="Private property defined in class:&amp;#10;`Twig\Source`"&gt;code&lt;/span&gt;: """
      &lt;span class=sf-dump-str title="4338 characters"&gt;{% extends &amp;#039;layouts/expert.html.twig&amp;#039; %}&lt;span class="sf-dump-default sf-dump-ns"&gt;\r\n&lt;/span&gt;&lt;/span&gt;
      &lt;span class=sf-dump-str title="4338 characters"&gt;&lt;span class="sf-dump-default sf-dump-ns"&gt;\r\n&lt;/span&gt;&lt;/span&gt;
      &lt;span class=sf-dump-str title="4338 characters"&gt;{% block title %}Espace Expert - FarmAI{% endblock %}&lt;span class="sf-dump-default sf-dump-ns"&gt;\r\n&lt;/span&gt;&lt;/span&gt;
      &lt;span class=sf-dump-str title="4338 characters"&gt;&lt;span class="sf-dump-default sf-dump-ns"&gt;\r\n&lt;/span&gt;&lt;/span&gt;
      &lt;span class=sf-dump-str title="4338 characters"&gt;{% block body %}&lt;span class="sf-dump-default sf-dump-ns"&gt;\r\n&lt;/span&gt;&lt;/span&gt;
      &lt;span class=sf-dump-str title="4338 characters"&gt;&amp;lt;div class=&amp;quot;welcome-section&amp;quot;&amp;gt;&lt;span class="sf-dump-default sf-dump-ns"&gt;\r\n&lt;/span&gt;&lt;/span&gt;
      &lt;span class=sf-dump-str title="4338 characters"&gt;    &amp;lt;h1 class=&amp;quot;welcome-title&amp;quot;&amp;gt;Bienvenue, {{ app.user.prenom|default(&amp;#039;Expert&amp;#039;) }} {{ app.user.nom|default(&amp;#039;&amp;#039;) }} !&amp;lt;/h1&amp;gt;&lt;span class="sf-dump-default sf-dump-ns"&gt;\r\n&lt;/span&gt;&lt;/span&gt;
      &lt;span class=sf-dump-str title="4338 characters"&gt;    &amp;lt;p class=&amp;quot;welcome-subtitle&amp;quot;&amp;gt;Votre espace d&amp;#039;analyse et de conseil agricole &amp;lt;i class=&amp;quot;fa-solid fa-microscope&amp;quot; style=&amp;quot;color: var(--primary-green);&amp;quot;&amp;gt;&amp;lt;/i&amp;gt;&amp;lt;/p&amp;gt;&lt;span class="sf-dump-default sf-dump-ns"&gt;\r\n&lt;/span&gt;&lt;/span&gt;
      &lt;span class=sf-dump-str title="4338 characters"&gt;&amp;lt;/div&amp;gt;&lt;span class="sf-dump-default sf-dump-ns"&gt;\r\n&lt;/span&gt;&lt;/span&gt;
      &lt;span class=sf-dump-str title="4338 characters"&gt;&lt;span class="sf-dump-default sf-dump-ns"&gt;\r\n&lt;/span&gt;&lt;/span&gt;
      &lt;span class=sf-dump-str title="4338 characters"&gt;{# Stats Cards #}&lt;span class="sf-dump-default sf-dump-ns"&gt;\r\n&lt;/span&gt;&lt;/span&gt;
      &lt;span class=sf-dump-str title="4338 characters"&gt;&amp;lt;div class=&amp;quot;stats-grid&amp;quot;&amp;gt;&lt;span class="sf-dump-default sf-dump-ns"&gt;\r\n&lt;/span&gt;&lt;/span&gt;
      &lt;span class=sf-dump-str title="4338 characters"&gt;    &amp;lt;div class=&amp;quot;stat-card green&amp;quot;&amp;gt;&lt;span class="sf-dump-default sf-dump-ns"&gt;\r\n&lt;/span&gt;&lt;/span&gt;
      &lt;span class=sf-dump-str title="4338 characters"&gt;        &amp;lt;div class=&amp;quot;stat-value&amp;quot;&amp;gt;{{ stats.analysesThisMonth }}&amp;lt;/div&amp;gt;&lt;span class="sf-dump-default sf-dump-ns"&gt;\r\n&lt;/span&gt;&lt;/span&gt;
      &lt;span class=sf-dump-str title="4338 characters"&gt;        &amp;lt;div class=&amp;quot;stat-label&amp;quot;&amp;gt;Analyses&amp;lt;/div&amp;gt;&lt;span class="sf-dump-default sf-dump-ns"&gt;\r\n&lt;/span&gt;&lt;/span&gt;
      &lt;span class=sf-dump-str title="4338 characters"&gt;        &amp;lt;div class=&amp;quot;stat-sublabel&amp;quot;&amp;gt;Ce mois&amp;lt;/div&amp;gt;&lt;span class="sf-dump-default sf-dump-ns"&gt;\r\n&lt;/span&gt;&lt;/span&gt;
      &lt;span class=sf-dump-str title="4338 characters"&gt;        &amp;lt;div class=&amp;quot;stat-footer stat-footer-line&amp;quot;&amp;gt;&lt;span class="sf-dump-default sf-dump-ns"&gt;\r\n&lt;/span&gt;&lt;/span&gt;
      &lt;span class=sf-dump-str title="4338 characters"&gt;            &amp;lt;i class=&amp;quot;fa-solid fa-arrow-trend-up&amp;quot; style=&amp;quot;color: #4ade80;&amp;quot;&amp;gt;&amp;lt;/i&amp;gt; +18%&lt;span class="sf-dump-default sf-dump-ns"&gt;\r\n&lt;/span&gt;&lt;/span&gt;
      &lt;span class=sf-dump-str title="4338 characters"&gt;        &amp;lt;/div&amp;gt;&lt;span class="sf-dump-default sf-dump-ns"&gt;\r\n&lt;/span&gt;&lt;/span&gt;
      &lt;span class=sf-dump-str title="4338 characters"&gt;    &amp;lt;/div&amp;gt;&lt;span class="sf-dump-default sf-dump-ns"&gt;\r\n&lt;/span&gt;&lt;/span&gt;
      &lt;span class=sf-dump-str title="4338 characters"&gt;&lt;span class="sf-dump-default sf-dump-ns"&gt;\r\n&lt;/span&gt;&lt;/span&gt;
      &lt;span class=sf-dump-str title="4338 characters"&gt;    &amp;lt;div class=&amp;quot;stat-card&amp;quot;&amp;gt;&lt;span class="sf-dump-default sf-dump-ns"&gt;\r\n&lt;/span&gt;&lt;/span&gt;
      &lt;span class=sf-dump-str title="4338 characters"&gt;        &amp;lt;div class=&amp;quot;stat-value&amp;quot; style=&amp;quot;color: var(--dark-bg);&amp;quot;&amp;gt;{{ stats.analysesTotal }}&amp;lt;/div&amp;gt;&lt;span class="sf-dump-default sf-dump-ns"&gt;\r\n&lt;/span&gt;&lt;/span&gt;
      &lt;span class=sf-dump-str title="4338 characters"&gt;        &amp;lt;div class=&amp;quot;stat-label&amp;quot; style=&amp;quot;color: var(--dark-bg);&amp;quot;&amp;gt;Rapports&amp;lt;/div&amp;gt;&lt;span class="sf-dump-default sf-dump-ns"&gt;\r\n&lt;/span&gt;&lt;/span&gt;
      &lt;span class=sf-dump-str title="4338 characters"&gt;        &amp;lt;div class=&amp;quot;stat-sublabel&amp;quot;&amp;gt;En cours&amp;lt;/div&amp;gt;&lt;span class="sf-dump-default sf-dump-ns"&gt;\r\n&lt;/span&gt;&lt;/span&gt;
      &lt;span class=sf-dump-str title="4338 characters"&gt;        &amp;lt;div class=&amp;quot;stat-footer stat-footer-line&amp;quot; style=&amp;quot;color: #cbd5e1;&amp;quot;&amp;gt;&amp;#192; finaliser&amp;lt;/div&amp;gt;&lt;span class="sf-dump-default sf-dump-ns"&gt;\r\n&lt;/span&gt;&lt;/span&gt;
      &lt;span class=sf-dump-str title="4338 characters"&gt;    &amp;lt;/div&amp;gt;&lt;span class="sf-dump-default sf-dump-ns"&gt;\r\n&lt;/span&gt;&lt;/span&gt;
      &lt;span class=sf-dump-str title="4338 characters"&gt;&lt;span class="sf-dump-default sf-dump-ns"&gt;\r\n&lt;/span&gt;&lt;/span&gt;
      &lt;span class=sf-dump-str title="4338 characters"&gt;    &amp;lt;div class=&amp;quot;stat-card light-gray&amp;quot;&amp;gt;&lt;span class="sf-dump-default sf-dump-ns"&gt;\r\n&lt;/span&gt;&lt;/span&gt;
      &lt;span class=sf-dump-str title="4338 characters"&gt;        &amp;lt;div class=&amp;quot;stat-value&amp;quot; style=&amp;quot;color: var(--dark-bg);&amp;quot;&amp;gt;{{ stats.conseilsTotal }}&amp;lt;/div&amp;gt;&lt;span class="sf-dump-default sf-dump-ns"&gt;\r\n&lt;/span&gt;&lt;/span&gt;
      &lt;span class=sf-dump-str title="4338 characters"&gt;        &amp;lt;div class=&amp;quot;stat-label&amp;quot; style=&amp;quot;color: var(--dark-bg);&amp;quot;&amp;gt;Recommandations&amp;lt;/div&amp;gt;&lt;span class="sf-dump-default sf-dump-ns"&gt;\r\n&lt;/span&gt;&lt;/span&gt;
      &lt;span class=sf-dump-str title="4338 characters"&gt;        &amp;lt;div class=&amp;quot;stat-sublabel&amp;quot;&amp;gt;Envoy&amp;#233;es&amp;lt;/div&amp;gt;&lt;span class="sf-dump-default sf-dump-ns"&gt;\r\n&lt;/span&gt;&lt;/span&gt;
      &lt;span class=sf-dump-str title="4338 characters"&gt;        &amp;lt;div class=&amp;quot;stat-footer stat-footer-line&amp;quot; style=&amp;quot;color: #cbd5e1;&amp;quot;&amp;gt;Cette semaine&amp;lt;/div&amp;gt;&lt;span class="sf-dump-default sf-dump-ns"&gt;\r\n&lt;/span&gt;&lt;/span&gt;
      &lt;span class=sf-dump-str title="4338 characters"&gt;    &amp;lt;/div&amp;gt;&lt;span class="sf-dump-default sf-dump-ns"&gt;\r\n&lt;/span&gt;&lt;/span&gt;
      &lt;span class=sf-dump-str title="4338 characters"&gt;&lt;span class="sf-dump-default sf-dump-ns"&gt;\r\n&lt;/span&gt;&lt;/span&gt;
      &lt;span class=sf-dump-str title="4338 characters"&gt;    &amp;lt;a href=&amp;quot;{{ path(&amp;#039;expert_pending_requests&amp;#039;) }}&amp;quot; class=&amp;quot;stat-card dark&amp;quot; style=&amp;quot;text-decoration: none; cursor: pointer;&amp;quot;&amp;gt;&lt;span class="sf-dump-default sf-dump-ns"&gt;\r\n&lt;/span&gt;&lt;/span&gt;
      &lt;span class=sf-dump-str title="4338 characters"&gt;        &amp;lt;div style=&amp;quot;position: relative;&amp;quot;&amp;gt;&lt;span class="sf-dump-default sf-dump-ns"&gt;\r\n&lt;/span&gt;&lt;/span&gt;
      &lt;span class=sf-dump-str title="4338 characters"&gt;            &amp;lt;div class=&amp;quot;stat-value&amp;quot;&amp;gt;{{ stats.pendingRequests }}&amp;lt;/div&amp;gt;&lt;span class="sf-dump-default sf-dump-ns"&gt;\r\n&lt;/span&gt;&lt;/span&gt;
      &lt;span class=sf-dump-str title="4338 characters"&gt;            {% if stats.pendingRequests &amp;gt; 0 %}&lt;span class="sf-dump-default sf-dump-ns"&gt;\r\n&lt;/span&gt;&lt;/span&gt;
      &lt;span class=sf-dump-str title="4338 characters"&gt;            &amp;lt;span style=&amp;quot;position: absolute; top: -5px; right: -5px; background: #e74c3c; color: #fff; border-radius: 50%; width: 20px; height: 20px; display: flex; align-items: center; justify-content: center; font-size: 0.7rem; font-weight: bold;&amp;quot;&amp;gt;{{ stats.pendingRequests }}&amp;lt;/span&amp;gt;&lt;span class="sf-dump-default sf-dump-ns"&gt;\r\n&lt;/span&gt;&lt;/span&gt;
      &lt;span class=sf-dump-str title="4338 characters"&gt;            {% endif %}&lt;span class="sf-dump-default sf-dump-ns"&gt;\r\n&lt;/span&gt;&lt;/span&gt;
      &lt;span class=sf-dump-str title="4338 characters"&gt;        &amp;lt;/div&amp;gt;&lt;span class="sf-dump-default sf-dump-ns"&gt;\r\n&lt;/span&gt;&lt;/span&gt;
      &lt;span class=sf-dump-str title="4338 characters"&gt;        &amp;lt;div class=&amp;quot;stat-label&amp;quot;&amp;gt;Demandes&amp;lt;/div&amp;gt;&lt;span class="sf-dump-default sf-dump-ns"&gt;\r\n&lt;/span&gt;&lt;/span&gt;
      &lt;span class=sf-dump-str title="4338 characters"&gt;        &amp;lt;div class=&amp;quot;stat-sublabel&amp;quot;&amp;gt;En attente&amp;lt;/div&amp;gt;&lt;span class="sf-dump-default sf-dump-ns"&gt;\r\n&lt;/span&gt;&lt;/span&gt;
      &lt;span class=sf-dump-str title="4338 characters"&gt;        &amp;lt;div class=&amp;quot;stat-footer stat-footer-line&amp;quot;&amp;gt;&lt;span class="sf-dump-default sf-dump-ns"&gt;\r\n&lt;/span&gt;&lt;/span&gt;
      &lt;span class=sf-dump-str title="4338 characters"&gt;            &amp;lt;i class=&amp;quot;fa-solid fa-bell&amp;quot; style=&amp;quot;color: #f59e0b;&amp;quot;&amp;gt;&amp;lt;/i&amp;gt; &lt;span class="sf-dump-default sf-dump-ns"&gt;\r\n&lt;/span&gt;&lt;/span&gt;
      &lt;span class=sf-dump-str title="4338 characters"&gt;            {% if stats.pendingRequests &amp;gt; 0 %}&lt;span class="sf-dump-default sf-dump-ns"&gt;\r\n&lt;/span&gt;&lt;/span&gt;
      &lt;span class=sf-dump-str title="4338 characters"&gt;                Cliquez pour voir&lt;span class="sf-dump-default sf-dump-ns"&gt;\r\n&lt;/span&gt;&lt;/span&gt;
      &lt;span class=sf-dump-str title="4338 characters"&gt;            {% else %}&lt;span class="sf-dump-default sf-dump-ns"&gt;\r\n&lt;/span&gt;&lt;/span&gt;
      &lt;span class=sf-dump-str title="4338 characters"&gt;                Aucune demande&lt;span class="sf-dump-default sf-dump-ns"&gt;\r\n&lt;/span&gt;&lt;/span&gt;
      &lt;span class=sf-dump-str title="4338 characters"&gt;            {% endif %}&lt;span class="sf-dump-default sf-dump-ns"&gt;\r\n&lt;/span&gt;&lt;/span&gt;
      &lt;span class=sf-dump-str title="4338 characters"&gt;        &amp;lt;/div&amp;gt;&lt;span class="sf-dump-default sf-dump-ns"&gt;\r\n&lt;/span&gt;&lt;/span&gt;
      &lt;span class=sf-dump-str title="4338 characters"&gt;    &amp;lt;/a&amp;gt;&lt;span class="sf-dump-default sf-dump-ns"&gt;\r\n&lt;/span&gt;&lt;/span&gt;
      &lt;span class=sf-dump-str title="4338 characters"&gt;&amp;lt;/div&amp;gt;&lt;span class="sf-dump-default sf-dump-ns"&gt;\r\n&lt;/span&gt;&lt;/span&gt;
      &lt;span class=sf-dump-str title="4338 characters"&gt;&lt;span class="sf-dump-default sf-dump-ns"&gt;\r\n&lt;/span&gt;&lt;/span&gt;
      &lt;span class=sf-dump-str title="4338 characters"&gt;{# Bottom Section #}&lt;span class="sf-dump-default sf-dump-ns"&gt;\r\n&lt;/span&gt;&lt;/span&gt;
      &lt;span class=sf-dump-str title="4338 characters"&gt;&amp;lt;div class=&amp;quot;bottom-grid&amp;quot;&amp;gt;&lt;span class="sf-dump-default sf-dump-ns"&gt;\r\n&lt;/span&gt;&lt;/span&gt;
      &lt;span class=sf-dump-str title="4338 characters"&gt;    &amp;lt;div class=&amp;quot;action-card&amp;quot;&amp;gt;&lt;span class="sf-dump-default sf-dump-ns"&gt;\r\n&lt;/span&gt;&lt;/span&gt;
      &lt;span class=sf-dump-str title="4338 characters"&gt;        &amp;lt;div class=&amp;quot;action-header&amp;quot;&amp;gt;&lt;span class="sf-dump-default sf-dump-ns"&gt;\r\n&lt;/span&gt;&lt;/span&gt;
      &lt;span class=sf-dump-str title="4338 characters"&gt;            &amp;lt;h3 class=&amp;quot;action-title&amp;quot;&amp;gt;&amp;lt;i class=&amp;quot;fa-solid fa-bolt&amp;quot;&amp;gt;&amp;lt;/i&amp;gt; Actions Rapides&amp;lt;/h3&amp;gt;&lt;span class="sf-dump-default sf-dump-ns"&gt;\r\n&lt;/span&gt;&lt;/span&gt;
      &lt;span class=sf-dump-str title="4338 characters"&gt;            &amp;lt;i class=&amp;quot;fa-solid fa-ellipsis&amp;quot; style=&amp;quot;color: #cbd5e1; cursor: pointer;&amp;quot;&amp;gt;&amp;lt;/i&amp;gt;&lt;span class="sf-dump-default sf-dump-ns"&gt;\r\n&lt;/span&gt;&lt;/span&gt;
      &lt;span class=sf-dump-str title="4338 characters"&gt;        &amp;lt;/div&amp;gt;&lt;span class="sf-dump-default sf-dump-ns"&gt;\r\n&lt;/span&gt;&lt;/span&gt;
      &lt;span class=sf-dump-str title="4338 characters"&gt;&lt;span class="sf-dump-default sf-dump-ns"&gt;\r\n&lt;/span&gt;&lt;/span&gt;
      &lt;span class=sf-dump-str title="4338 characters"&gt;        &amp;lt;div class=&amp;quot;btn-group&amp;quot;&amp;gt;&lt;span class="sf-dump-default sf-dump-ns"&gt;\r\n&lt;/span&gt;&lt;/span&gt;
      &lt;span class=sf-dump-str title="4338 characters"&gt;            &amp;lt;a href=&amp;quot;{{ path(&amp;#039;app_analyse_new&amp;#039;) }}&amp;quot; class=&amp;quot;btn btn-dark&amp;quot;&amp;gt;&amp;lt;i class=&amp;quot;fa-solid fa-plus&amp;quot;&amp;gt;&amp;lt;/i&amp;gt; Nouvelle Analyse&amp;lt;/a&amp;gt;&lt;span class="sf-dump-default sf-dump-ns"&gt;\r\n&lt;/span&gt;&lt;/span&gt;
      &lt;span class=sf-dump-str title="4338 characters"&gt;            &amp;lt;a href=&amp;quot;{{ path(&amp;#039;app_conseil_new&amp;#039;) }}&amp;quot; class=&amp;quot;btn btn-outline-green&amp;quot;&amp;gt;&amp;lt;i class=&amp;quot;fa-solid fa-file-lines&amp;quot;&amp;gt;&amp;lt;/i&amp;gt; Cr&amp;#233;er Rapport&amp;lt;/a&amp;gt;&lt;span class="sf-dump-default sf-dump-ns"&gt;\r\n&lt;/span&gt;&lt;/span&gt;
      &lt;span class=sf-dump-str title="4338 characters"&gt;        &amp;lt;/div&amp;gt;&lt;span class="sf-dump-default sf-dump-ns"&gt;\r\n&lt;/span&gt;&lt;/span&gt;
      &lt;span class=sf-dump-str title="4338 characters"&gt;&lt;span class="sf-dump-default sf-dump-ns"&gt;\r\n&lt;/span&gt;&lt;/span&gt;
      &lt;span class=sf-dump-str title="4338 characters"&gt;        &amp;lt;div class=&amp;quot;action-list&amp;quot;&amp;gt;&lt;span class="sf-dump-default sf-dump-ns"&gt;\r\n&lt;/span&gt;&lt;/span&gt;
      &lt;span class=sf-dump-str title="4338 characters"&gt;            {% if stats.pendingRequests &amp;gt; 0 %}&lt;span class="sf-dump-default sf-dump-ns"&gt;\r\n&lt;/span&gt;&lt;/span&gt;
      &lt;span class=sf-dump-str title="4338 characters"&gt;            &amp;lt;a href=&amp;quot;{{ path(&amp;#039;expert_pending_requests&amp;#039;) }}&amp;quot; class=&amp;quot;list-item&amp;quot; style=&amp;quot;text-decoration: none; color: inherit;&amp;quot;&amp;gt;&lt;span class="sf-dump-default sf-dump-ns"&gt;\r\n&lt;/span&gt;&lt;/span&gt;
      &lt;span class=sf-dump-str title="4338 characters"&gt;                &amp;lt;div class=&amp;quot;list-icon new&amp;quot;&amp;gt;NEW&amp;lt;/div&amp;gt;&lt;span class="sf-dump-default sf-dump-ns"&gt;\r\n&lt;/span&gt;&lt;/span&gt;
      &lt;span class=sf-dump-str title="4338 characters"&gt;                &amp;lt;div class=&amp;quot;list-text&amp;quot;&amp;gt;{{ stats.pendingRequests }} nouvelle(s) demande(s) d&amp;#039;analyse&amp;lt;/div&amp;gt;&lt;span class="sf-dump-default sf-dump-ns"&gt;\r\n&lt;/span&gt;&lt;/span&gt;
      &lt;span class=sf-dump-str title="4338 characters"&gt;            &amp;lt;/a&amp;gt;&lt;span class="sf-dump-default sf-dump-ns"&gt;\r\n&lt;/span&gt;&lt;/span&gt;
      &lt;span class=sf-dump-str title="4338 characters"&gt;            {% endif %}&lt;span class="sf-dump-default sf-dump-ns"&gt;\r\n&lt;/span&gt;&lt;/span&gt;
      &lt;span class=sf-dump-str title="4338 characters"&gt;            &amp;lt;div class=&amp;quot;list-item&amp;quot;&amp;gt;&lt;span class="sf-dump-default sf-dump-ns"&gt;\r\n&lt;/span&gt;&lt;/span&gt;
      &lt;span class=sf-dump-str title="4338 characters"&gt;                &amp;lt;div class=&amp;quot;list-icon refresh&amp;quot;&amp;gt;&amp;lt;i class=&amp;quot;fa-solid fa-arrows-rotate&amp;quot;&amp;gt;&amp;lt;/i&amp;gt;&amp;lt;/div&amp;gt;&lt;span class="sf-dump-default sf-dump-ns"&gt;\r\n&lt;/span&gt;&lt;/span&gt;
      &lt;span class=sf-dump-str title="4338 characters"&gt;                &amp;lt;div class=&amp;quot;list-text&amp;quot;&amp;gt;Rapport #47 mis &amp;#224; jour&amp;lt;/div&amp;gt;&lt;span class="sf-dump-default sf-dump-ns"&gt;\r\n&lt;/span&gt;&lt;/span&gt;
      &lt;span class=sf-dump-str title="4338 characters"&gt;            &amp;lt;/div&amp;gt;&lt;span class="sf-dump-default sf-dump-ns"&gt;\r\n&lt;/span&gt;&lt;/span&gt;
      &lt;span class=sf-dump-str title="4338 characters"&gt;        &amp;lt;/div&amp;gt;&lt;span class="sf-dump-default sf-dump-ns"&gt;\r\n&lt;/span&gt;&lt;/span&gt;
      &lt;span class=sf-dump-str title="4338 characters"&gt;    &amp;lt;/div&amp;gt;&lt;span class="sf-dump-default sf-dump-ns"&gt;\r\n&lt;/span&gt;&lt;/span&gt;
      &lt;span class=sf-dump-str title="4338 characters"&gt;&lt;span class="sf-dump-default sf-dump-ns"&gt;\r\n&lt;/span&gt;&lt;/span&gt;
      &lt;span class=sf-dump-str title="4338 characters"&gt;    &amp;lt;div class=&amp;quot;enterprise-card&amp;quot;&amp;gt;&lt;span class="sf-dump-default sf-dump-ns"&gt;\r\n&lt;/span&gt;&lt;/span&gt;
      &lt;span class=sf-dump-str title="4338 characters"&gt;        &amp;lt;h3 class=&amp;quot;enterprise-title&amp;quot;&amp;gt;&amp;lt;i class=&amp;quot;fa-solid fa-flask&amp;quot;&amp;gt;&amp;lt;/i&amp;gt; Centre d&amp;#039;Analyse&amp;lt;/h3&amp;gt;&lt;span class="sf-dump-default sf-dump-ns"&gt;\r\n&lt;/span&gt;&lt;/span&gt;
      &lt;span class=sf-dump-str title="4338 characters"&gt;        &amp;lt;p class=&amp;quot;enterprise-text&amp;quot;&amp;gt;&lt;span class="sf-dump-default sf-dump-ns"&gt;\r\n&lt;/span&gt;&lt;/span&gt;
      &lt;span class=sf-dump-str title="4338 characters"&gt;            Analysez les donn&amp;#233;es des sols, d&amp;#233;posez vos recommandations et collaborez avec les exploitations agricoles.&lt;span class="sf-dump-default sf-dump-ns"&gt;\r\n&lt;/span&gt;&lt;/span&gt;
      &lt;span class=sf-dump-str title="4338 characters"&gt;        &amp;lt;/p&amp;gt;&lt;span class="sf-dump-default sf-dump-ns"&gt;\r\n&lt;/span&gt;&lt;/span&gt;
      &lt;span class=sf-dump-str title="4338 characters"&gt;        &amp;lt;i class=&amp;quot;fa-solid fa-microscope enterprise-icon&amp;quot;&amp;gt;&amp;lt;/i&amp;gt;&lt;span class="sf-dump-default sf-dump-ns"&gt;\r\n&lt;/span&gt;&lt;/span&gt;
      &lt;span class=sf-dump-str title="4338 characters"&gt;    &amp;lt;/div&amp;gt;&lt;span class="sf-dump-default sf-dump-ns"&gt;\r\n&lt;/span&gt;&lt;/span&gt;
      &lt;span class=sf-dump-str title="4338 characters"&gt;&amp;lt;/div&amp;gt;&lt;span class="sf-dump-default sf-dump-ns"&gt;\r\n&lt;/span&gt;&lt;/span&gt;
      &lt;span class=sf-dump-str title="4338 characters"&gt;{% endblock %}&lt;span class="sf-dump-default sf-dump-ns"&gt;\r\n&lt;/span&gt;&lt;/span&gt;
      """
    -&lt;span class=sf-dump-private title="Private property defined in class:&amp;#10;`Twig\Source`"&gt;name&lt;/span&gt;: "&lt;span class=sf-dump-str title="29 characters"&gt;portal/expert/index.html.twig&lt;/span&gt;"
    -&lt;span class=sf-dump-private title="Private property defined in class:&amp;#10;`Twig\Source`"&gt;path&lt;/span&gt;: "&lt;span class=sf-dump-str title="96 characters"&gt;C:\Users\sliti\Desktop\dev\esprit-PIDEV-3A16-2526-FARMIA\templates\portal\expert\index.html.twig&lt;/span&gt;"
  &lt;/samp&gt;}
  -&lt;span class=sf-dump-private title="Private property defined in class:&amp;#10;`Twig\Error\Error`"&gt;phpFile&lt;/span&gt;: "&lt;span class=sf-dump-str title="116 characters"&gt;C:\Users\sliti\Desktop\dev\esprit-PIDEV-3A16-2526-FARMIA\var\cache\test\twig\17\1708ad6668dd6629a31773a2b006beb4.php&lt;/span&gt;"
  -&lt;span class=sf-dump-private title="Private property defined in class:&amp;#10;`Twig\Error\Error`"&gt;phpLine&lt;/span&gt;: &lt;span class=sf-dump-num&gt;116&lt;/span&gt;
&lt;/samp&gt;}
&lt;/pre&gt;&lt;script&gt;Sfdump("sf-dump-1911917833")&lt;/script&gt;
                    &lt;/div&gt;
                &lt;/details&gt;
                    &lt;/div&gt;

        &lt;div id="trace-html-1" class="sf-toggle-content"&gt;
                    &lt;div class="trace-line "&gt;
                &lt;div class="trace-line-header break-long-words sf-toggle" data-toggle-selector="#trace-html-1-0" data-toggle-initial="display"&gt;
            &lt;span class="icon icon-close"&gt;&lt;svg width="1792" height="1792" viewBox="0 0 1792 1792" xmlns="http://www.w3.org/2000/svg"&gt;&lt;path d="M1408 960V832q0-26-19-45t-45-19H448q-26 0-45 19t-19 45v128q0 26 19 45t45 19h896q26 0 45-19t19-45zm256-544v960q0 119-84.5 203.5T1376 1664H416q-119 0-203.5-84.5T128 1376V416q0-119 84.5-203.5T416 128h960q119 0 203.5 84.5T1664 416z"/&gt;&lt;/svg&gt;&lt;/span&gt;
        &lt;span class="icon icon-open"&gt;&lt;svg width="1792" height="1792" viewBox="0 0 1792 1792" xmlns="http://www.w3.org/2000/svg"&gt;&lt;path d="M1408 960V832q0-26-19-45t-45-19h-320V448q0-26-19-45t-45-19H832q-26 0-45 19t-19 45v320H448q-26 0-45 19t-19 45v128q0 26 19 45t45 19h320v320q0 26 19 45t45 19h128q26 0 45-19t19-45v-320h320q26 0 45-19t19-45zm256-544v960q0 119-84.5 203.5T1376 1664H416q-119 0-203.5-84.5T128 1376V416q0-119 84.5-203.5T416 128h960q119 0 203.5 84.5T1664 416z"/&gt;&lt;/svg&gt;&lt;/span&gt;
    
    
                    &lt;span class="block trace-file-path"&gt;
            in
            &lt;a href="file://C:\Users\sliti\Desktop\dev\esprit-PIDEV-3A16-2526-FARMIA\templates\portal\expert\index.html.twig#L14"&gt;
                C:\Users\sliti\Desktop\dev\esprit-PIDEV-3A16-2526-FARMIA\templates\portal\expert\&lt;strong&gt;index.html.twig&lt;/strong&gt;
            &lt;/a&gt;
                        (line 14)
            &lt;span class="icon icon-copy hidden" data-clipboard-text="C:\Users\sliti\Desktop\dev\esprit-PIDEV-3A16-2526-FARMIA\templates\portal\expert\index.html.twig:14"&gt;
                &lt;svg xmlns="http://www.w3.org/2000/svg" height="24" viewBox="0 0 24 24" width="24"&gt;&lt;path d="M0 0h24v24H0z" fill="none"/&gt;&lt;path d="M16 1H4c-1.1 0-2 .9-2 2v14h2V3h12V1zm3 4H8c-1.1 0-2 .9-2 2v14c0 1.1.9 2 2 2h11c1.1 0 2-.9 2-2V7c0-1.1-.9-2-2-2zm0 16H8V7h11v14z"/&gt;&lt;/svg&gt;            &lt;/span&gt;
        &lt;/span&gt;
    &lt;/div&gt;
    &lt;div id="trace-html-1-0" class="trace-code sf-toggle-content"&gt;
        &lt;ol start="9"&gt;&lt;li&gt;&lt;code&gt;&amp;lt;/div&amp;gt;&lt;/code&gt;&lt;/li&gt;
&lt;li&gt;&lt;code&gt;&lt;/code&gt;&lt;/li&gt;
&lt;li&gt;&lt;code&gt;{#&amp;nbsp;Stats&amp;nbsp;Cards&amp;nbsp;#}&lt;/code&gt;&lt;/li&gt;
&lt;li&gt;&lt;code&gt;&amp;lt;div&amp;nbsp;class="stats-grid"&amp;gt;&lt;/code&gt;&lt;/li&gt;
&lt;li&gt;&lt;code&gt;&amp;nbsp;&amp;nbsp;&amp;nbsp;&amp;nbsp;&amp;lt;div&amp;nbsp;class="stat-card&amp;nbsp;green"&amp;gt;&lt;/code&gt;&lt;/li&gt;
&lt;li class="selected"&gt;&lt;code&gt;&amp;nbsp;&amp;nbsp;&amp;nbsp;&amp;nbsp;&amp;nbsp;&amp;nbsp;&amp;nbsp;&amp;nbsp;&amp;lt;div&amp;nbsp;class="stat-value"&amp;gt;{{&amp;nbsp;stats.analysesThisMonth&amp;nbsp;}}&amp;lt;/div&amp;gt;&lt;/code&gt;&lt;/li&gt;
&lt;li&gt;&lt;code&gt;&amp;nbsp;&amp;nbsp;&amp;nbsp;&amp;nbsp;&amp;nbsp;&amp;nbsp;&amp;nbsp;&amp;nbsp;&amp;lt;div&amp;nbsp;class="stat-label"&amp;gt;Analyses&amp;lt;/div&amp;gt;&lt;/code&gt;&lt;/li&gt;
&lt;li&gt;&lt;code&gt;&amp;nbsp;&amp;nbsp;&amp;nbsp;&amp;nbsp;&amp;nbsp;&amp;nbsp;&amp;nbsp;&amp;nbsp;&amp;lt;div&amp;nbsp;class="stat-sublabel"&amp;gt;Ce&amp;nbsp;mois&amp;lt;/div&amp;gt;&lt;/code&gt;&lt;/li&gt;
&lt;li&gt;&lt;code&gt;&amp;nbsp;&amp;nbsp;&amp;nbsp;&amp;nbsp;&amp;nbsp;&amp;nbsp;&amp;nbsp;&amp;nbsp;&amp;lt;div&amp;nbsp;class="stat-footer&amp;nbsp;stat-footer-line"&amp;gt;&lt;/code&gt;&lt;/li&gt;
&lt;li&gt;&lt;code&gt;&amp;nbsp;&amp;nbsp;&amp;nbsp;&amp;nbsp;&amp;nbsp;&amp;nbsp;&amp;nbsp;&amp;nbsp;&amp;nbsp;&amp;nbsp;&amp;nbsp;&amp;nbsp;&amp;lt;i&amp;nbsp;class="fa-solid&amp;nbsp;fa-arrow-trend-up"&amp;nbsp;style="color:&amp;nbsp;#4ade80;"&amp;gt;&amp;lt;/i&amp;gt;&amp;nbsp;+18%&lt;/code&gt;&lt;/li&gt;
&lt;li&gt;&lt;code&gt;&amp;nbsp;&amp;nbsp;&amp;nbsp;&amp;nbsp;&amp;nbsp;&amp;nbsp;&amp;nbsp;&amp;nbsp;&amp;lt;/div&amp;gt;&lt;/code&gt;&lt;/li&gt;&lt;/ol&gt;    &lt;/div&gt;            &lt;/div&gt;
                        &lt;div class="trace-line "&gt;
                &lt;div class="trace-line-header break-long-words sf-toggle" data-toggle-selector="#trace-html-1-1" data-toggle-initial=""&gt;
            &lt;span class="icon icon-close"&gt;&lt;svg width="1792" height="1792" viewBox="0 0 1792 1792" xmlns="http://www.w3.org/2000/svg"&gt;&lt;path d="M1408 960V832q0-26-19-45t-45-19H448q-26 0-45 19t-19 45v128q0 26 19 45t45 19h896q26 0 45-19t19-45zm256-544v960q0 119-84.5 203.5T1376 1664H416q-119 0-203.5-84.5T128 1376V416q0-119 84.5-203.5T416 128h960q119 0 203.5 84.5T1664 416z"/&gt;&lt;/svg&gt;&lt;/span&gt;
        &lt;span class="icon icon-open"&gt;&lt;svg width="1792" height="1792" viewBox="0 0 1792 1792" xmlns="http://www.w3.org/2000/svg"&gt;&lt;path d="M1408 960V832q0-26-19-45t-45-19h-320V448q0-26-19-45t-45-19H832q-26 0-45 19t-19 45v320H448q-26 0-45 19t-19 45v128q0 26 19 45t45 19h320v320q0 26 19 45t45 19h128q26 0 45-19t19-45v-320h320q26 0 45-19t19-45zm256-544v960q0 119-84.5 203.5T1376 1664H416q-119 0-203.5-84.5T128 1376V416q0-119 84.5-203.5T416 128h960q119 0 203.5 84.5T1664 416z"/&gt;&lt;/svg&gt;&lt;/span&gt;
    
            &lt;span class="trace-class"&gt;&lt;abbr title="__TwigTemplate_d8fda2fc699fe788183588821b87855f"&gt;__TwigTemplate_d8fda2fc699fe788183588821b87855f&lt;/abbr&gt;&lt;/span&gt;&lt;span class="trace-type"&gt;-&gt;&lt;/span&gt;&lt;span class="trace-method"&gt;{closure}&lt;/span&gt;&lt;span class="trace-arguments"&gt;()&lt;/span&gt;    
                    &lt;span class="block trace-file-path"&gt;
            in
            &lt;a href="file://C:\Users\sliti\Desktop\dev\esprit-PIDEV-3A16-2526-FARMIA\var\cache\test\twig\17\1708ad6668dd6629a31773a2b006beb4.php#L116"&gt;
                C:\Users\sliti\Desktop\dev\esprit-PIDEV-3A16-2526-FARMIA\var\cache\test\twig\17\&lt;strong&gt;1708ad6668dd6629a31773a2b006beb4.php&lt;/strong&gt;
            &lt;/a&gt;
                        (line 116)
            &lt;span class="icon icon-copy hidden" data-clipboard-text="C:\Users\sliti\Desktop\dev\esprit-PIDEV-3A16-2526-FARMIA\var\cache\test\twig\17\1708ad6668dd6629a31773a2b006beb4.php:116"&gt;
                &lt;svg xmlns="http://www.w3.org/2000/svg" height="24" viewBox="0 0 24 24" width="24"&gt;&lt;path d="M0 0h24v24H0z" fill="none"/&gt;&lt;path d="M16 1H4c-1.1 0-2 .9-2 2v14h2V3h12V1zm3 4H8c-1.1 0-2 .9-2 2v14c0 1.1.9 2 2 2h11c1.1 0 2-.9 2-2V7c0-1.1-.9-2-2-2zm0 16H8V7h11v14z"/&gt;&lt;/svg&gt;            &lt;/span&gt;
        &lt;/span&gt;
    &lt;/div&gt;
    &lt;div id="trace-html-1-1" class="trace-code sf-toggle-content"&gt;
        &lt;ol start="111"&gt;&lt;li&gt;&lt;code&gt;&lt;span style="color: var(--highlight-keyword)"&gt;&amp;nbsp;&amp;nbsp;&amp;nbsp;&amp;nbsp;&amp;nbsp;&amp;nbsp;&amp;nbsp;&amp;nbsp;&lt;/span&gt;&lt;span style="color: var(--highlight-comment)"&gt;//&amp;nbsp;line&amp;nbsp;12&lt;/span&gt;&lt;/code&gt;&lt;/li&gt;
&lt;li&gt;&lt;code&gt;&lt;span style="color: var(--highlight-comment)"&gt;&amp;nbsp;&amp;nbsp;&amp;nbsp;&amp;nbsp;&amp;nbsp;&amp;nbsp;&amp;nbsp;&amp;nbsp;&lt;/span&gt;&lt;span style="color: var(--highlight-keyword)"&gt;yield&amp;nbsp;&lt;/span&gt;&lt;span style="color: var(--highlight-string)"&gt;"&amp;lt;div&amp;nbsp;class=\"stats-grid\"&amp;gt;&lt;/span&gt;&lt;/code&gt;&lt;/li&gt;
&lt;li&gt;&lt;code&gt;&lt;span style="color: var(--highlight-string)"&gt;&amp;nbsp;&amp;nbsp;&amp;nbsp;&amp;nbsp;&amp;lt;div&amp;nbsp;class=\"stat-card&amp;nbsp;green\"&amp;gt;&lt;/span&gt;&lt;/code&gt;&lt;/li&gt;
&lt;li&gt;&lt;code&gt;&lt;span style="color: var(--highlight-string)"&gt;&amp;nbsp;&amp;nbsp;&amp;nbsp;&amp;nbsp;&amp;nbsp;&amp;nbsp;&amp;nbsp;&amp;nbsp;&amp;lt;div&amp;nbsp;class=\"stat-value\"&amp;gt;"&lt;/span&gt;&lt;span style="color: var(--highlight-keyword)"&gt;;&lt;/span&gt;&lt;/code&gt;&lt;/li&gt;
&lt;li&gt;&lt;code&gt;&lt;span style="color: var(--highlight-keyword)"&gt;&amp;nbsp;&amp;nbsp;&amp;nbsp;&amp;nbsp;&amp;nbsp;&amp;nbsp;&amp;nbsp;&amp;nbsp;&lt;/span&gt;&lt;span style="color: var(--highlight-comment)"&gt;//&amp;nbsp;line&amp;nbsp;14&lt;/span&gt;&lt;/code&gt;&lt;/li&gt;
&lt;li class="selected"&gt;&lt;code&gt;&lt;span style="color: var(--highlight-comment)"&gt;&amp;nbsp;&amp;nbsp;&amp;nbsp;&amp;nbsp;&amp;nbsp;&amp;nbsp;&amp;nbsp;&amp;nbsp;&lt;/span&gt;&lt;span style="color: var(--highlight-keyword)"&gt;yield&amp;nbsp;&lt;/span&gt;&lt;span style="color: var(--highlight-default)"&gt;$this&lt;/span&gt;&lt;span style="color: var(--highlight-keyword)"&gt;-&amp;gt;&lt;/span&gt;&lt;span style="color: var(--highlight-default)"&gt;env&lt;/span&gt;&lt;span style="color: var(--highlight-keyword)"&gt;-&amp;gt;&lt;/span&gt;&lt;span style="color: var(--highlight-default)"&gt;getRuntime&lt;/span&gt;&lt;span style="color: var(--highlight-keyword)"&gt;(&lt;/span&gt;&lt;span style="color: var(--highlight-string)"&gt;'Twig\Runtime\EscaperRuntime'&lt;/span&gt;&lt;span style="color: var(--highlight-keyword)"&gt;)-&amp;gt;&lt;/span&gt;&lt;span style="color: var(--highlight-default)"&gt;escape&lt;/span&gt;&lt;span style="color: var(--highlight-keyword)"&gt;(&lt;/span&gt;&lt;span style="color: var(--highlight-default)"&gt;CoreExtension&lt;/span&gt;&lt;span style="color: var(--highlight-keyword)"&gt;::&lt;/span&gt;&lt;span style="color: var(--highlight-default)"&gt;getAttribute&lt;/span&gt;&lt;span style="color: var(--highlight-keyword)"&gt;(&lt;/span&gt;&lt;span style="color: var(--highlight-default)"&gt;$this&lt;/span&gt;&lt;span style="color: var(--highlight-keyword)"&gt;-&amp;gt;&lt;/span&gt;&lt;span style="color: var(--highlight-default)"&gt;env&lt;/span&gt;&lt;span style="color: var(--highlight-keyword)"&gt;,&amp;nbsp;&lt;/span&gt;&lt;span style="color: var(--highlight-default)"&gt;$this&lt;/span&gt;&lt;span style="color: var(--highlight-keyword)"&gt;-&amp;gt;&lt;/span&gt;&lt;span style="color: var(--highlight-default)"&gt;source&lt;/span&gt;&lt;span style="color: var(--highlight-keyword)"&gt;,&amp;nbsp;(isset(&lt;/span&gt;&lt;span style="color: var(--highlight-default)"&gt;$context&lt;/span&gt;&lt;span style="color: var(--highlight-keyword)"&gt;[&lt;/span&gt;&lt;span style="color: var(--highlight-string)"&gt;"stats"&lt;/span&gt;&lt;span style="color: var(--highlight-keyword)"&gt;])&amp;nbsp;||&amp;nbsp;&lt;/span&gt;&lt;span style="color: var(--highlight-default)"&gt;array_key_exists&lt;/span&gt;&lt;span style="color: var(--highlight-keyword)"&gt;(&lt;/span&gt;&lt;span style="color: var(--highlight-string)"&gt;"stats"&lt;/span&gt;&lt;span style="color: var(--highlight-keyword)"&gt;,&amp;nbsp;&lt;/span&gt;&lt;span style="color: var(--highlight-default)"&gt;$context&lt;/span&gt;&lt;span style="color: var(--highlight-keyword)"&gt;)&amp;nbsp;?&amp;nbsp;&lt;/span&gt;&lt;span style="color: var(--highlight-default)"&gt;$context&lt;/span&gt;&lt;span style="color: var(--highlight-keyword)"&gt;[&lt;/span&gt;&lt;span style="color: var(--highlight-string)"&gt;"stats"&lt;/span&gt;&lt;span style="color: var(--highlight-keyword)"&gt;]&amp;nbsp;:&amp;nbsp;(function&amp;nbsp;()&amp;nbsp;{&amp;nbsp;throw&amp;nbsp;new&amp;nbsp;&lt;/span&gt;&lt;span style="color: var(--highlight-default)"&gt;RuntimeError&lt;/span&gt;&lt;span style="color: var(--highlight-keyword)"&gt;(&lt;/span&gt;&lt;span style="color: var(--highlight-string)"&gt;'Variable&amp;nbsp;"stats"&amp;nbsp;does&amp;nbsp;not&amp;nbsp;exist.'&lt;/span&gt;&lt;span style="color: var(--highlight-keyword)"&gt;,&amp;nbsp;&lt;/span&gt;&lt;span style="color: var(--highlight-default)"&gt;14&lt;/span&gt;&lt;span style="color: var(--highlight-keyword)"&gt;,&amp;nbsp;&lt;/span&gt;&lt;span style="color: var(--highlight-default)"&gt;$this&lt;/span&gt;&lt;span style="color: var(--highlight-keyword)"&gt;-&amp;gt;&lt;/span&gt;&lt;span style="color: var(--highlight-default)"&gt;source&lt;/span&gt;&lt;span style="color: var(--highlight-keyword)"&gt;);&amp;nbsp;})()),&amp;nbsp;&lt;/span&gt;&lt;span style="color: var(--highlight-string)"&gt;"analysesThisMonth"&lt;/span&gt;&lt;span style="color: var(--highlight-keyword)"&gt;,&amp;nbsp;[],&amp;nbsp;&lt;/span&gt;&lt;span style="color: var(--highlight-string)"&gt;"any"&lt;/span&gt;&lt;span style="color: var(--highlight-keyword)"&gt;,&amp;nbsp;&lt;/span&gt;&lt;span style="color: var(--highlight-default)"&gt;false&lt;/span&gt;&lt;span style="color: var(--highlight-keyword)"&gt;,&amp;nbsp;&lt;/span&gt;&lt;span style="color: var(--highlight-default)"&gt;false&lt;/span&gt;&lt;span style="color: var(--highlight-keyword)"&gt;,&amp;nbsp;&lt;/span&gt;&lt;span style="color: var(--highlight-default)"&gt;false&lt;/span&gt;&lt;span style="color: var(--highlight-keyword)"&gt;,&amp;nbsp;&lt;/span&gt;&lt;span style="color: var(--highlight-default)"&gt;14&lt;/span&gt;&lt;span style="color: var(--highlight-keyword)"&gt;),&amp;nbsp;&lt;/span&gt;&lt;span style="color: var(--highlight-string)"&gt;"html"&lt;/span&gt;&lt;span style="color: var(--highlight-keyword)"&gt;,&amp;nbsp;&lt;/span&gt;&lt;span style="color: var(--highlight-default)"&gt;null&lt;/span&gt;&lt;span style="color: var(--highlight-keyword)"&gt;,&amp;nbsp;&lt;/span&gt;&lt;span style="color: var(--highlight-default)"&gt;true&lt;/span&gt;&lt;span style="color: var(--highlight-keyword)"&gt;);&lt;/span&gt;&lt;/code&gt;&lt;/li&gt;
&lt;li&gt;&lt;code&gt;&lt;span style="color: var(--highlight-keyword)"&gt;&amp;nbsp;&amp;nbsp;&amp;nbsp;&amp;nbsp;&amp;nbsp;&amp;nbsp;&amp;nbsp;&amp;nbsp;yield&amp;nbsp;&lt;/span&gt;&lt;span style="color: var(--highlight-string)"&gt;"&amp;lt;/div&amp;gt;&lt;/span&gt;&lt;/code&gt;&lt;/li&gt;
&lt;li&gt;&lt;code&gt;&lt;span style="color: var(--highlight-string)"&gt;&amp;nbsp;&amp;nbsp;&amp;nbsp;&amp;nbsp;&amp;nbsp;&amp;nbsp;&amp;nbsp;&amp;nbsp;&amp;lt;div&amp;nbsp;class=\"stat-label\"&amp;gt;Analyses&amp;lt;/div&amp;gt;&lt;/span&gt;&lt;/code&gt;&lt;/li&gt;
&lt;li&gt;&lt;code&gt;&lt;span style="color: var(--highlight-string)"&gt;&amp;nbsp;&amp;nbsp;&amp;nbsp;&amp;nbsp;&amp;nbsp;&amp;nbsp;&amp;nbsp;&amp;nbsp;&amp;lt;div&amp;nbsp;class=\"stat-sublabel\"&amp;gt;Ce&amp;nbsp;mois&amp;lt;/div&amp;gt;&lt;/span&gt;&lt;/code&gt;&lt;/li&gt;
&lt;li&gt;&lt;code&gt;&lt;span style="color: var(--highlight-string)"&gt;&amp;nbsp;&amp;nbsp;&amp;nbsp;&amp;nbsp;&amp;nbsp;&amp;nbsp;&amp;nbsp;&amp;nbsp;&amp;lt;div&amp;nbsp;class=\"stat-footer&amp;nbsp;stat-footer-line\"&amp;gt;&lt;/span&gt;&lt;/code&gt;&lt;/li&gt;
&lt;li&gt;&lt;code&gt;&lt;span style="color: var(--highlight-string)"&gt;&amp;nbsp;&amp;nbsp;&amp;nbsp;&amp;nbsp;&amp;nbsp;&amp;nbsp;&amp;nbsp;&amp;nbsp;&amp;nbsp;&amp;nbsp;&amp;nbsp;&amp;nbsp;&amp;lt;i&amp;nbsp;class=\"fa-solid&amp;nbsp;fa-arrow-trend-up\"&amp;nbsp;style=\"color:&amp;nbsp;#4ade80;\"&amp;gt;&amp;lt;/i&amp;gt;&amp;nbsp;+18%&lt;/span&gt;&lt;/code&gt;&lt;/li&gt;&lt;/ol&gt;    &lt;/div&gt;            &lt;/div&gt;
                        &lt;div class="trace-line "&gt;
                &lt;div class="trace-line-header break-long-words sf-toggle" data-toggle-selector="#trace-html-1-2" data-toggle-initial=""&gt;
            &lt;span class="icon icon-close"&gt;&lt;svg width="1792" height="1792" viewBox="0 0 1792 1792" xmlns="http://www.w3.org/2000/svg"&gt;&lt;path d="M1408 960V832q0-26-19-45t-45-19H448q-26 0-45 19t-19 45v128q0 26 19 45t45 19h896q26 0 45-19t19-45zm256-544v960q0 119-84.5 203.5T1376 1664H416q-119 0-203.5-84.5T128 1376V416q0-119 84.5-203.5T416 128h960q119 0 203.5 84.5T1664 416z"/&gt;&lt;/svg&gt;&lt;/span&gt;
        &lt;span class="icon icon-open"&gt;&lt;svg width="1792" height="1792" viewBox="0 0 1792 1792" xmlns="http://www.w3.org/2000/svg"&gt;&lt;path d="M1408 960V832q0-26-19-45t-45-19h-320V448q0-26-19-45t-45-19H832q-26 0-45 19t-19 45v320H448q-26 0-45 19t-19 45v128q0 26 19 45t45 19h320v320q0 26 19 45t45 19h128q26 0 45-19t19-45v-320h320q26 0 45-19t19-45zm256-544v960q0 119-84.5 203.5T1376 1664H416q-119 0-203.5-84.5T128 1376V416q0-119 84.5-203.5T416 128h960q119 0 203.5 84.5T1664 416z"/&gt;&lt;/svg&gt;&lt;/span&gt;
    
            &lt;span class="trace-class"&gt;&lt;abbr title="__TwigTemplate_d8fda2fc699fe788183588821b87855f"&gt;__TwigTemplate_d8fda2fc699fe788183588821b87855f&lt;/abbr&gt;&lt;/span&gt;&lt;span class="trace-type"&gt;-&gt;&lt;/span&gt;&lt;span class="trace-method"&gt;block_body&lt;/span&gt;&lt;span class="trace-arguments"&gt;(&lt;em&gt;array&lt;/em&gt;('user' =&gt; &lt;em&gt;object&lt;/em&gt;(&lt;abbr title="App\Entity\User"&gt;User&lt;/abbr&gt;), 'app' =&gt; &lt;em&gt;object&lt;/em&gt;(&lt;abbr title="Symfony\Bridge\Twig\AppVariable"&gt;AppVariable&lt;/abbr&gt;), 'current_route' =&gt; 'dashboard_expert'), &lt;em&gt;array&lt;/em&gt;('title' =&gt; &lt;em&gt;array&lt;/em&gt;(&lt;em&gt;object&lt;/em&gt;(&lt;abbr title="__TwigTemplate_d8fda2fc699fe788183588821b87855f"&gt;__TwigTemplate_d8fda2fc699fe788183588821b87855f&lt;/abbr&gt;), 'block_title'), 'stylesheets' =&gt; &lt;em&gt;array&lt;/em&gt;(&lt;em&gt;object&lt;/em&gt;(&lt;abbr title="__TwigTemplate_e82f46c489931f7027c4f5c5bb6335d3"&gt;__TwigTemplate_e82f46c489931f7027c4f5c5bb6335d3&lt;/abbr&gt;), 'block_stylesheets'), 'body' =&gt; &lt;em&gt;array&lt;/em&gt;(&lt;em&gt;object&lt;/em&gt;(&lt;abbr title="__TwigTemplate_d8fda2fc699fe788183588821b87855f"&gt;__TwigTemplate_d8fda2fc699fe788183588821b87855f&lt;/abbr&gt;), 'block_body'), 'javascripts' =&gt; &lt;em&gt;array&lt;/em&gt;(&lt;em&gt;object&lt;/em&gt;(&lt;abbr title="__TwigTemplate_e82f46c489931f7027c4f5c5bb6335d3"&gt;__TwigTemplate_e82f46c489931f7027c4f5c5bb6335d3&lt;/abbr&gt;), 'block_javascripts')))&lt;/span&gt;    
                    &lt;span class="block trace-file-path"&gt;
            in
            &lt;a href="file://C:\Users\sliti\Desktop\dev\esprit-PIDEV-3A16-2526-FARMIA\vendor\twig\twig\src\Template.php#L446"&gt;
                C:\Users\sliti\Desktop\dev\esprit-PIDEV-3A16-2526-FARMIA\vendor\twig\twig\src\&lt;strong&gt;Template.php&lt;/strong&gt;
            &lt;/a&gt;
                        (line 446)
            &lt;span class="icon icon-copy hidden" data-clipboard-text="C:\Users\sliti\Desktop\dev\esprit-PIDEV-3A16-2526-FARMIA\vendor\twig\twig\src\Template.php:446"&gt;
                &lt;svg xmlns="http://www.w3.org/2000/svg" height="24" viewBox="0 0 24 24" width="24"&gt;&lt;path d="M0 0h24v24H0z" fill="none"/&gt;&lt;path d="M16 1H4c-1.1 0-2 .9-2 2v14h2V3h12V1zm3 4H8c-1.1 0-2 .9-2 2v14c0 1.1.9 2 2 2h11c1.1 0 2-.9 2-2V7c0-1.1-.9-2-2-2zm0 16H8V7h11v14z"/&gt;&lt;/svg&gt;            &lt;/span&gt;
        &lt;/span&gt;
    &lt;/div&gt;
    &lt;div id="trace-html-1-2" class="trace-code sf-toggle-content"&gt;
        &lt;ol start="441"&gt;&lt;li&gt;&lt;code&gt;&lt;span style="color: var(--highlight-keyword)"&gt;&amp;nbsp;&amp;nbsp;&amp;nbsp;&amp;nbsp;&amp;nbsp;&amp;nbsp;&amp;nbsp;&amp;nbsp;&amp;nbsp;&amp;nbsp;&amp;nbsp;&amp;nbsp;throw&amp;nbsp;new&amp;nbsp;&lt;/span&gt;&lt;span style="color: var(--highlight-default)"&gt;\LogicException&lt;/span&gt;&lt;span style="color: var(--highlight-keyword)"&gt;(&lt;/span&gt;&lt;span style="color: var(--highlight-string)"&gt;'A&amp;nbsp;block&amp;nbsp;must&amp;nbsp;be&amp;nbsp;a&amp;nbsp;method&amp;nbsp;on&amp;nbsp;a&amp;nbsp;\Twig\Template&amp;nbsp;instance.'&lt;/span&gt;&lt;span style="color: var(--highlight-keyword)"&gt;);&lt;/span&gt;&lt;/code&gt;&lt;/li&gt;
&lt;li&gt;&lt;code&gt;&lt;span style="color: var(--highlight-keyword)"&gt;&amp;nbsp;&amp;nbsp;&amp;nbsp;&amp;nbsp;&amp;nbsp;&amp;nbsp;&amp;nbsp;&amp;nbsp;}&lt;/span&gt;&lt;/code&gt;&lt;/li&gt;
&lt;li&gt;&lt;code&gt;&lt;span style="color: var(--highlight-keyword)"&gt;&lt;/span&gt;&lt;/code&gt;&lt;/li&gt;
&lt;li&gt;&lt;code&gt;&lt;span style="color: var(--highlight-keyword)"&gt;&amp;nbsp;&amp;nbsp;&amp;nbsp;&amp;nbsp;&amp;nbsp;&amp;nbsp;&amp;nbsp;&amp;nbsp;if&amp;nbsp;(&lt;/span&gt;&lt;span style="color: var(--highlight-default)"&gt;null&amp;nbsp;&lt;/span&gt;&lt;span style="color: var(--highlight-keyword)"&gt;!==&amp;nbsp;&lt;/span&gt;&lt;span style="color: var(--highlight-default)"&gt;$template&lt;/span&gt;&lt;span style="color: var(--highlight-keyword)"&gt;)&amp;nbsp;{&lt;/span&gt;&lt;/code&gt;&lt;/li&gt;
&lt;li&gt;&lt;code&gt;&lt;span style="color: var(--highlight-keyword)"&gt;&amp;nbsp;&amp;nbsp;&amp;nbsp;&amp;nbsp;&amp;nbsp;&amp;nbsp;&amp;nbsp;&amp;nbsp;&amp;nbsp;&amp;nbsp;&amp;nbsp;&amp;nbsp;try&amp;nbsp;{&lt;/span&gt;&lt;/code&gt;&lt;/li&gt;
&lt;li class="selected"&gt;&lt;code&gt;&lt;span style="color: var(--highlight-keyword)"&gt;&amp;nbsp;&amp;nbsp;&amp;nbsp;&amp;nbsp;&amp;nbsp;&amp;nbsp;&amp;nbsp;&amp;nbsp;&amp;nbsp;&amp;nbsp;&amp;nbsp;&amp;nbsp;&amp;nbsp;&amp;nbsp;&amp;nbsp;&amp;nbsp;yield&amp;nbsp;from&amp;nbsp;&lt;/span&gt;&lt;span style="color: var(--highlight-default)"&gt;$template&lt;/span&gt;&lt;span style="color: var(--highlight-keyword)"&gt;-&amp;gt;&lt;/span&gt;&lt;span style="color: var(--highlight-default)"&gt;$block&lt;/span&gt;&lt;span style="color: var(--highlight-keyword)"&gt;(&lt;/span&gt;&lt;span style="color: var(--highlight-default)"&gt;$context&lt;/span&gt;&lt;span style="color: var(--highlight-keyword)"&gt;,&amp;nbsp;&lt;/span&gt;&lt;span style="color: var(--highlight-default)"&gt;$blocks&lt;/span&gt;&lt;span style="color: var(--highlight-keyword)"&gt;);&lt;/span&gt;&lt;/code&gt;&lt;/li&gt;
&lt;li&gt;&lt;code&gt;&lt;span style="color: var(--highlight-keyword)"&gt;&amp;nbsp;&amp;nbsp;&amp;nbsp;&amp;nbsp;&amp;nbsp;&amp;nbsp;&amp;nbsp;&amp;nbsp;&amp;nbsp;&amp;nbsp;&amp;nbsp;&amp;nbsp;}&amp;nbsp;catch&amp;nbsp;(&lt;/span&gt;&lt;span style="color: var(--highlight-default)"&gt;Error&amp;nbsp;$e&lt;/span&gt;&lt;span style="color: var(--highlight-keyword)"&gt;)&amp;nbsp;{&lt;/span&gt;&lt;/code&gt;&lt;/li&gt;
&lt;li&gt;&lt;code&gt;&lt;span style="color: var(--highlight-keyword)"&gt;&amp;nbsp;&amp;nbsp;&amp;nbsp;&amp;nbsp;&amp;nbsp;&amp;nbsp;&amp;nbsp;&amp;nbsp;&amp;nbsp;&amp;nbsp;&amp;nbsp;&amp;nbsp;&amp;nbsp;&amp;nbsp;&amp;nbsp;&amp;nbsp;if&amp;nbsp;(!&lt;/span&gt;&lt;span style="color: var(--highlight-default)"&gt;$e&lt;/span&gt;&lt;span style="color: var(--highlight-keyword)"&gt;-&amp;gt;&lt;/span&gt;&lt;span style="color: var(--highlight-default)"&gt;getSourceContext&lt;/span&gt;&lt;span style="color: var(--highlight-keyword)"&gt;())&amp;nbsp;{&lt;/span&gt;&lt;/code&gt;&lt;/li&gt;
&lt;li&gt;&lt;code&gt;&lt;span style="color: var(--highlight-keyword)"&gt;&amp;nbsp;&amp;nbsp;&amp;nbsp;&amp;nbsp;&amp;nbsp;&amp;nbsp;&amp;nbsp;&amp;nbsp;&amp;nbsp;&amp;nbsp;&amp;nbsp;&amp;nbsp;&amp;nbsp;&amp;nbsp;&amp;nbsp;&amp;nbsp;&amp;nbsp;&amp;nbsp;&amp;nbsp;&amp;nbsp;&lt;/span&gt;&lt;span style="color: var(--highlight-default)"&gt;$e&lt;/span&gt;&lt;span style="color: var(--highlight-keyword)"&gt;-&amp;gt;&lt;/span&gt;&lt;span style="color: var(--highlight-default)"&gt;setSourceContext&lt;/span&gt;&lt;span style="color: var(--highlight-keyword)"&gt;(&lt;/span&gt;&lt;span style="color: var(--highlight-default)"&gt;$template&lt;/span&gt;&lt;span style="color: var(--highlight-keyword)"&gt;-&amp;gt;&lt;/span&gt;&lt;span style="color: var(--highlight-default)"&gt;getSourceContext&lt;/span&gt;&lt;span style="color: var(--highlight-keyword)"&gt;());&lt;/span&gt;&lt;/code&gt;&lt;/li&gt;
&lt;li&gt;&lt;code&gt;&lt;span style="color: var(--highlight-keyword)"&gt;&amp;nbsp;&amp;nbsp;&amp;nbsp;&amp;nbsp;&amp;nbsp;&amp;nbsp;&amp;nbsp;&amp;nbsp;&amp;nbsp;&amp;nbsp;&amp;nbsp;&amp;nbsp;&amp;nbsp;&amp;nbsp;&amp;nbsp;&amp;nbsp;}&lt;/span&gt;&lt;/code&gt;&lt;/li&gt;
&lt;li&gt;&lt;code&gt;&lt;span style="color: var(--highlight-keyword)"&gt;&lt;/span&gt;&lt;/code&gt;&lt;/li&gt;&lt;/ol&gt;    &lt;/div&gt;            &lt;/div&gt;
                        &lt;div class="trace-line "&gt;
                &lt;div class="trace-line-header break-long-words sf-toggle" data-toggle-selector="#trace-html-1-3" data-toggle-initial=""&gt;
            &lt;span class="icon icon-close"&gt;&lt;svg width="1792" height="1792" viewBox="0 0 1792 1792" xmlns="http://www.w3.org/2000/svg"&gt;&lt;path d="M1408 960V832q0-26-19-45t-45-19H448q-26 0-45 19t-19 45v128q0 26 19 45t45 19h896q26 0 45-19t19-45zm256-544v960q0 119-84.5 203.5T1376 1664H416q-119 0-203.5-84.5T128 1376V416q0-119 84.5-203.5T416 128h960q119 0 203.5 84.5T1664 416z"/&gt;&lt;/svg&gt;&lt;/span&gt;
        &lt;span class="icon icon-open"&gt;&lt;svg width="1792" height="1792" viewBox="0 0 1792 1792" xmlns="http://www.w3.org/2000/svg"&gt;&lt;path d="M1408 960V832q0-26-19-45t-45-19h-320V448q0-26-19-45t-45-19H832q-26 0-45 19t-19 45v320H448q-26 0-45 19t-19 45v128q0 26 19 45t45 19h320v320q0 26 19 45t45 19h128q26 0 45-19t19-45v-320h320q26 0 45-19t19-45zm256-544v960q0 119-84.5 203.5T1376 1664H416q-119 0-203.5-84.5T128 1376V416q0-119 84.5-203.5T416 128h960q119 0 203.5 84.5T1664 416z"/&gt;&lt;/svg&gt;&lt;/span&gt;
    
            &lt;span class="trace-class"&gt;&lt;abbr title="Twig\Template"&gt;Template&lt;/abbr&gt;&lt;/span&gt;&lt;span class="trace-type"&gt;-&gt;&lt;/span&gt;&lt;span class="trace-method"&gt;yieldBlock&lt;/span&gt;&lt;span class="trace-arguments"&gt;('body', &lt;em&gt;array&lt;/em&gt;('user' =&gt; &lt;em&gt;object&lt;/em&gt;(&lt;abbr title="App\Entity\User"&gt;User&lt;/abbr&gt;), 'app' =&gt; &lt;em&gt;object&lt;/em&gt;(&lt;abbr title="Symfony\Bridge\Twig\AppVariable"&gt;AppVariable&lt;/abbr&gt;), 'current_route' =&gt; 'dashboard_expert'), &lt;em&gt;array&lt;/em&gt;('title' =&gt; &lt;em&gt;array&lt;/em&gt;(&lt;em&gt;object&lt;/em&gt;(&lt;abbr title="__TwigTemplate_d8fda2fc699fe788183588821b87855f"&gt;__TwigTemplate_d8fda2fc699fe788183588821b87855f&lt;/abbr&gt;), 'block_title'), 'stylesheets' =&gt; &lt;em&gt;array&lt;/em&gt;(&lt;em&gt;object&lt;/em&gt;(&lt;abbr title="__TwigTemplate_e82f46c489931f7027c4f5c5bb6335d3"&gt;__TwigTemplate_e82f46c489931f7027c4f5c5bb6335d3&lt;/abbr&gt;), 'block_stylesheets'), 'body' =&gt; &lt;em&gt;array&lt;/em&gt;(&lt;em&gt;object&lt;/em&gt;(&lt;abbr title="__TwigTemplate_d8fda2fc699fe788183588821b87855f"&gt;__TwigTemplate_d8fda2fc699fe788183588821b87855f&lt;/abbr&gt;), 'block_body'), 'javascripts' =&gt; &lt;em&gt;array&lt;/em&gt;(&lt;em&gt;object&lt;/em&gt;(&lt;abbr title="__TwigTemplate_e82f46c489931f7027c4f5c5bb6335d3"&gt;__TwigTemplate_e82f46c489931f7027c4f5c5bb6335d3&lt;/abbr&gt;), 'block_javascripts')))&lt;/span&gt;    
                    &lt;span class="block trace-file-path"&gt;
            in
            &lt;a href="file://C:\Users\sliti\Desktop\dev\esprit-PIDEV-3A16-2526-FARMIA\var\cache\test\twig\26\26a5bf6a54ceab14c5d6ae8946599c58.php#L179"&gt;
                C:\Users\sliti\Desktop\dev\esprit-PIDEV-3A16-2526-FARMIA\var\cache\test\twig\26\&lt;strong&gt;26a5bf6a54ceab14c5d6ae8946599c58.php&lt;/strong&gt;
            &lt;/a&gt;
                        (line 179)
            &lt;span class="icon icon-copy hidden" data-clipboard-text="C:\Users\sliti\Desktop\dev\esprit-PIDEV-3A16-2526-FARMIA\var\cache\test\twig\26\26a5bf6a54ceab14c5d6ae8946599c58.php:179"&gt;
                &lt;svg xmlns="http://www.w3.org/2000/svg" height="24" viewBox="0 0 24 24" width="24"&gt;&lt;path d="M0 0h24v24H0z" fill="none"/&gt;&lt;path d="M16 1H4c-1.1 0-2 .9-2 2v14h2V3h12V1zm3 4H8c-1.1 0-2 .9-2 2v14c0 1.1.9 2 2 2h11c1.1 0 2-.9 2-2V7c0-1.1-.9-2-2-2zm0 16H8V7h11v14z"/&gt;&lt;/svg&gt;            &lt;/span&gt;
        &lt;/span&gt;
    &lt;/div&gt;
    &lt;div id="trace-html-1-3" class="trace-code sf-toggle-content"&gt;
        &lt;ol start="174"&gt;&lt;li&gt;&lt;code&gt;&lt;span style="color: var(--highlight-string)"&gt;&amp;nbsp;&amp;nbsp;&amp;nbsp;&amp;nbsp;&amp;nbsp;&amp;nbsp;&amp;nbsp;&amp;nbsp;&amp;nbsp;&amp;nbsp;&amp;nbsp;&amp;nbsp;&amp;lt;/div&amp;gt;&lt;/span&gt;&lt;/code&gt;&lt;/li&gt;
&lt;li&gt;&lt;code&gt;&lt;span style="color: var(--highlight-string)"&gt;&amp;nbsp;&amp;nbsp;&amp;nbsp;&amp;nbsp;&amp;nbsp;&amp;nbsp;&amp;nbsp;&amp;nbsp;&amp;lt;/header&amp;gt;&lt;/span&gt;&lt;/code&gt;&lt;/li&gt;
&lt;li&gt;&lt;code&gt;&lt;span style="color: var(--highlight-string)"&gt;&lt;/span&gt;&lt;/code&gt;&lt;/li&gt;
&lt;li&gt;&lt;code&gt;&lt;span style="color: var(--highlight-string)"&gt;&amp;nbsp;&amp;nbsp;&amp;nbsp;&amp;nbsp;&amp;nbsp;&amp;nbsp;&amp;nbsp;&amp;nbsp;"&lt;/span&gt;&lt;span style="color: var(--highlight-keyword)"&gt;;&lt;/span&gt;&lt;/code&gt;&lt;/li&gt;
&lt;li&gt;&lt;code&gt;&lt;span style="color: var(--highlight-keyword)"&gt;&amp;nbsp;&amp;nbsp;&amp;nbsp;&amp;nbsp;&amp;nbsp;&amp;nbsp;&amp;nbsp;&amp;nbsp;&lt;/span&gt;&lt;span style="color: var(--highlight-comment)"&gt;//&amp;nbsp;line&amp;nbsp;76&lt;/span&gt;&lt;/code&gt;&lt;/li&gt;
&lt;li class="selected"&gt;&lt;code&gt;&lt;span style="color: var(--highlight-comment)"&gt;&amp;nbsp;&amp;nbsp;&amp;nbsp;&amp;nbsp;&amp;nbsp;&amp;nbsp;&amp;nbsp;&amp;nbsp;&lt;/span&gt;&lt;span style="color: var(--highlight-keyword)"&gt;yield&amp;nbsp;from&amp;nbsp;&lt;/span&gt;&lt;span style="color: var(--highlight-default)"&gt;$this&lt;/span&gt;&lt;span style="color: var(--highlight-keyword)"&gt;-&amp;gt;&lt;/span&gt;&lt;span style="color: var(--highlight-default)"&gt;unwrap&lt;/span&gt;&lt;span style="color: var(--highlight-keyword)"&gt;()-&amp;gt;&lt;/span&gt;&lt;span style="color: var(--highlight-default)"&gt;yieldBlock&lt;/span&gt;&lt;span style="color: var(--highlight-keyword)"&gt;(&lt;/span&gt;&lt;span style="color: var(--highlight-string)"&gt;'body'&lt;/span&gt;&lt;span style="color: var(--highlight-keyword)"&gt;,&amp;nbsp;&lt;/span&gt;&lt;span style="color: var(--highlight-default)"&gt;$context&lt;/span&gt;&lt;span style="color: var(--highlight-keyword)"&gt;,&amp;nbsp;&lt;/span&gt;&lt;span style="color: var(--highlight-default)"&gt;$blocks&lt;/span&gt;&lt;span style="color: var(--highlight-keyword)"&gt;);&lt;/span&gt;&lt;/code&gt;&lt;/li&gt;
&lt;li&gt;&lt;code&gt;&lt;span style="color: var(--highlight-keyword)"&gt;&amp;nbsp;&amp;nbsp;&amp;nbsp;&amp;nbsp;&amp;nbsp;&amp;nbsp;&amp;nbsp;&amp;nbsp;&lt;/span&gt;&lt;span style="color: var(--highlight-comment)"&gt;//&amp;nbsp;line&amp;nbsp;77&lt;/span&gt;&lt;/code&gt;&lt;/li&gt;
&lt;li&gt;&lt;code&gt;&lt;span style="color: var(--highlight-comment)"&gt;&amp;nbsp;&amp;nbsp;&amp;nbsp;&amp;nbsp;&amp;nbsp;&amp;nbsp;&amp;nbsp;&amp;nbsp;&lt;/span&gt;&lt;span style="color: var(--highlight-keyword)"&gt;yield&amp;nbsp;&lt;/span&gt;&lt;span style="color: var(--highlight-string)"&gt;"&amp;nbsp;&amp;nbsp;&amp;nbsp;&amp;nbsp;&amp;lt;/main&amp;gt;&lt;/span&gt;&lt;/code&gt;&lt;/li&gt;
&lt;li&gt;&lt;code&gt;&lt;span style="color: var(--highlight-string)"&gt;&lt;/span&gt;&lt;/code&gt;&lt;/li&gt;
&lt;li&gt;&lt;code&gt;&lt;span style="color: var(--highlight-string)"&gt;&amp;nbsp;&amp;nbsp;&amp;nbsp;&amp;nbsp;"&lt;/span&gt;&lt;span style="color: var(--highlight-keyword)"&gt;;&lt;/span&gt;&lt;/code&gt;&lt;/li&gt;
&lt;li&gt;&lt;code&gt;&lt;span style="color: var(--highlight-keyword)"&gt;&amp;nbsp;&amp;nbsp;&amp;nbsp;&amp;nbsp;&amp;nbsp;&amp;nbsp;&amp;nbsp;&amp;nbsp;&lt;/span&gt;&lt;span style="color: var(--highlight-comment)"&gt;//&amp;nbsp;line&amp;nbsp;79&lt;/span&gt;&lt;/code&gt;&lt;/li&gt;&lt;/ol&gt;    &lt;/div&gt;            &lt;/div&gt;
                        &lt;div class="trace-line "&gt;
                &lt;div class="trace-line-header break-long-words sf-toggle" data-toggle-selector="#trace-html-1-4" data-toggle-initial=""&gt;
            &lt;span class="icon icon-close"&gt;&lt;svg width="1792" height="1792" viewBox="0 0 1792 1792" xmlns="http://www.w3.org/2000/svg"&gt;&lt;path d="M1408 960V832q0-26-19-45t-45-19H448q-26 0-45 19t-19 45v128q0 26 19 45t45 19h896q26 0 45-19t19-45zm256-544v960q0 119-84.5 203.5T1376 1664H416q-119 0-203.5-84.5T128 1376V416q0-119 84.5-203.5T416 128h960q119 0 203.5 84.5T1664 416z"/&gt;&lt;/svg&gt;&lt;/span&gt;
        &lt;span class="icon icon-open"&gt;&lt;svg width="1792" height="1792" viewBox="0 0 1792 1792" xmlns="http://www.w3.org/2000/svg"&gt;&lt;path d="M1408 960V832q0-26-19-45t-45-19h-320V448q0-26-19-45t-45-19H832q-26 0-45 19t-19 45v320H448q-26 0-45 19t-19 45v128q0 26 19 45t45 19h320v320q0 26 19 45t45 19h128q26 0 45-19t19-45v-320h320q26 0 45-19t19-45zm256-544v960q0 119-84.5 203.5T1376 1664H416q-119 0-203.5-84.5T128 1376V416q0-119 84.5-203.5T416 128h960q119 0 203.5 84.5T1664 416z"/&gt;&lt;/svg&gt;&lt;/span&gt;
    
            &lt;span class="trace-class"&gt;&lt;abbr title="__TwigTemplate_e82f46c489931f7027c4f5c5bb6335d3"&gt;__TwigTemplate_e82f46c489931f7027c4f5c5bb6335d3&lt;/abbr&gt;&lt;/span&gt;&lt;span class="trace-type"&gt;-&gt;&lt;/span&gt;&lt;span class="trace-method"&gt;doDisplay&lt;/span&gt;&lt;span class="trace-arguments"&gt;(&lt;em&gt;array&lt;/em&gt;('user' =&gt; &lt;em&gt;object&lt;/em&gt;(&lt;abbr title="App\Entity\User"&gt;User&lt;/abbr&gt;), 'app' =&gt; &lt;em&gt;object&lt;/em&gt;(&lt;abbr title="Symfony\Bridge\Twig\AppVariable"&gt;AppVariable&lt;/abbr&gt;), 'current_route' =&gt; 'dashboard_expert'), &lt;em&gt;array&lt;/em&gt;('title' =&gt; &lt;em&gt;array&lt;/em&gt;(&lt;em&gt;object&lt;/em&gt;(&lt;abbr title="__TwigTemplate_d8fda2fc699fe788183588821b87855f"&gt;__TwigTemplate_d8fda2fc699fe788183588821b87855f&lt;/abbr&gt;), 'block_title'), 'stylesheets' =&gt; &lt;em&gt;array&lt;/em&gt;(&lt;em&gt;object&lt;/em&gt;(&lt;abbr title="__TwigTemplate_e82f46c489931f7027c4f5c5bb6335d3"&gt;__TwigTemplate_e82f46c489931f7027c4f5c5bb6335d3&lt;/abbr&gt;), 'block_stylesheets'), 'body' =&gt; &lt;em&gt;array&lt;/em&gt;(&lt;em&gt;object&lt;/em&gt;(&lt;abbr title="__TwigTemplate_d8fda2fc699fe788183588821b87855f"&gt;__TwigTemplate_d8fda2fc699fe788183588821b87855f&lt;/abbr&gt;), 'block_body'), 'javascripts' =&gt; &lt;em&gt;array&lt;/em&gt;(&lt;em&gt;object&lt;/em&gt;(&lt;abbr title="__TwigTemplate_e82f46c489931f7027c4f5c5bb6335d3"&gt;__TwigTemplate_e82f46c489931f7027c4f5c5bb6335d3&lt;/abbr&gt;), 'block_javascripts')))&lt;/span&gt;    
                    &lt;span class="block trace-file-path"&gt;
            in
            &lt;a href="file://C:\Users\sliti\Desktop\dev\esprit-PIDEV-3A16-2526-FARMIA\vendor\twig\twig\src\Template.php#L402"&gt;
                C:\Users\sliti\Desktop\dev\esprit-PIDEV-3A16-2526-FARMIA\vendor\twig\twig\src\&lt;strong&gt;Template.php&lt;/strong&gt;
            &lt;/a&gt;
                        (line 402)
            &lt;span class="icon icon-copy hidden" data-clipboard-text="C:\Users\sliti\Desktop\dev\esprit-PIDEV-3A16-2526-FARMIA\vendor\twig\twig\src\Template.php:402"&gt;
                &lt;svg xmlns="http://www.w3.org/2000/svg" height="24" viewBox="0 0 24 24" width="24"&gt;&lt;path d="M0 0h24v24H0z" fill="none"/&gt;&lt;path d="M16 1H4c-1.1 0-2 .9-2 2v14h2V3h12V1zm3 4H8c-1.1 0-2 .9-2 2v14c0 1.1.9 2 2 2h11c1.1 0 2-.9 2-2V7c0-1.1-.9-2-2-2zm0 16H8V7h11v14z"/&gt;&lt;/svg&gt;            &lt;/span&gt;
        &lt;/span&gt;
    &lt;/div&gt;
    &lt;div id="trace-html-1-4" class="trace-code sf-toggle-content"&gt;
        &lt;ol start="397"&gt;&lt;li&gt;&lt;code&gt;&lt;span style="color: var(--highlight-default)"&gt;&amp;nbsp;&amp;nbsp;&amp;nbsp;&amp;nbsp;&lt;/span&gt;&lt;span style="color: var(--highlight-keyword)"&gt;{&lt;/span&gt;&lt;/code&gt;&lt;/li&gt;
&lt;li&gt;&lt;code&gt;&lt;span style="color: var(--highlight-keyword)"&gt;&amp;nbsp;&amp;nbsp;&amp;nbsp;&amp;nbsp;&amp;nbsp;&amp;nbsp;&amp;nbsp;&amp;nbsp;&lt;/span&gt;&lt;span style="color: var(--highlight-default)"&gt;$context&amp;nbsp;&lt;/span&gt;&lt;span style="color: var(--highlight-keyword)"&gt;+=&amp;nbsp;&lt;/span&gt;&lt;span style="color: var(--highlight-default)"&gt;$this&lt;/span&gt;&lt;span style="color: var(--highlight-keyword)"&gt;-&amp;gt;&lt;/span&gt;&lt;span style="color: var(--highlight-default)"&gt;env&lt;/span&gt;&lt;span style="color: var(--highlight-keyword)"&gt;-&amp;gt;&lt;/span&gt;&lt;span style="color: var(--highlight-default)"&gt;getGlobals&lt;/span&gt;&lt;span style="color: var(--highlight-keyword)"&gt;();&lt;/span&gt;&lt;/code&gt;&lt;/li&gt;
&lt;li&gt;&lt;code&gt;&lt;span style="color: var(--highlight-keyword)"&gt;&amp;nbsp;&amp;nbsp;&amp;nbsp;&amp;nbsp;&amp;nbsp;&amp;nbsp;&amp;nbsp;&amp;nbsp;&lt;/span&gt;&lt;span style="color: var(--highlight-default)"&gt;$blocks&amp;nbsp;&lt;/span&gt;&lt;span style="color: var(--highlight-keyword)"&gt;=&amp;nbsp;&lt;/span&gt;&lt;span style="color: var(--highlight-default)"&gt;array_merge&lt;/span&gt;&lt;span style="color: var(--highlight-keyword)"&gt;(&lt;/span&gt;&lt;span style="color: var(--highlight-default)"&gt;$this&lt;/span&gt;&lt;span style="color: var(--highlight-keyword)"&gt;-&amp;gt;&lt;/span&gt;&lt;span style="color: var(--highlight-default)"&gt;blocks&lt;/span&gt;&lt;span style="color: var(--highlight-keyword)"&gt;,&amp;nbsp;&lt;/span&gt;&lt;span style="color: var(--highlight-default)"&gt;$blocks&lt;/span&gt;&lt;span style="color: var(--highlight-keyword)"&gt;);&lt;/span&gt;&lt;/code&gt;&lt;/li&gt;
&lt;li&gt;&lt;code&gt;&lt;span style="color: var(--highlight-keyword)"&gt;&lt;/span&gt;&lt;/code&gt;&lt;/li&gt;
&lt;li&gt;&lt;code&gt;&lt;span style="color: var(--highlight-keyword)"&gt;&amp;nbsp;&amp;nbsp;&amp;nbsp;&amp;nbsp;&amp;nbsp;&amp;nbsp;&amp;nbsp;&amp;nbsp;try&amp;nbsp;{&lt;/span&gt;&lt;/code&gt;&lt;/li&gt;
&lt;li class="selected"&gt;&lt;code&gt;&lt;span style="color: var(--highlight-keyword)"&gt;&amp;nbsp;&amp;nbsp;&amp;nbsp;&amp;nbsp;&amp;nbsp;&amp;nbsp;&amp;nbsp;&amp;nbsp;&amp;nbsp;&amp;nbsp;&amp;nbsp;&amp;nbsp;yield&amp;nbsp;from&amp;nbsp;&lt;/span&gt;&lt;span style="color: var(--highlight-default)"&gt;$this&lt;/span&gt;&lt;span style="color: var(--highlight-keyword)"&gt;-&amp;gt;&lt;/span&gt;&lt;span style="color: var(--highlight-default)"&gt;doDisplay&lt;/span&gt;&lt;span style="color: var(--highlight-keyword)"&gt;(&lt;/span&gt;&lt;span style="color: var(--highlight-default)"&gt;$context&lt;/span&gt;&lt;span style="color: var(--highlight-keyword)"&gt;,&amp;nbsp;&lt;/span&gt;&lt;span style="color: var(--highlight-default)"&gt;$blocks&lt;/span&gt;&lt;span style="color: var(--highlight-keyword)"&gt;);&lt;/span&gt;&lt;/code&gt;&lt;/li&gt;
&lt;li&gt;&lt;code&gt;&lt;span style="color: var(--highlight-keyword)"&gt;&amp;nbsp;&amp;nbsp;&amp;nbsp;&amp;nbsp;&amp;nbsp;&amp;nbsp;&amp;nbsp;&amp;nbsp;}&amp;nbsp;catch&amp;nbsp;(&lt;/span&gt;&lt;span style="color: var(--highlight-default)"&gt;Error&amp;nbsp;$e&lt;/span&gt;&lt;span style="color: var(--highlight-keyword)"&gt;)&amp;nbsp;{&lt;/span&gt;&lt;/code&gt;&lt;/li&gt;
&lt;li&gt;&lt;code&gt;&lt;span style="color: var(--highlight-keyword)"&gt;&amp;nbsp;&amp;nbsp;&amp;nbsp;&amp;nbsp;&amp;nbsp;&amp;nbsp;&amp;nbsp;&amp;nbsp;&amp;nbsp;&amp;nbsp;&amp;nbsp;&amp;nbsp;if&amp;nbsp;(!&lt;/span&gt;&lt;span style="color: var(--highlight-default)"&gt;$e&lt;/span&gt;&lt;span style="color: var(--highlight-keyword)"&gt;-&amp;gt;&lt;/span&gt;&lt;span style="color: var(--highlight-default)"&gt;getSourceContext&lt;/span&gt;&lt;span style="color: var(--highlight-keyword)"&gt;())&amp;nbsp;{&lt;/span&gt;&lt;/code&gt;&lt;/li&gt;
&lt;li&gt;&lt;code&gt;&lt;span style="color: var(--highlight-keyword)"&gt;&amp;nbsp;&amp;nbsp;&amp;nbsp;&amp;nbsp;&amp;nbsp;&amp;nbsp;&amp;nbsp;&amp;nbsp;&amp;nbsp;&amp;nbsp;&amp;nbsp;&amp;nbsp;&amp;nbsp;&amp;nbsp;&amp;nbsp;&amp;nbsp;&lt;/span&gt;&lt;span style="color: var(--highlight-default)"&gt;$e&lt;/span&gt;&lt;span style="color: var(--highlight-keyword)"&gt;-&amp;gt;&lt;/span&gt;&lt;span style="color: var(--highlight-default)"&gt;setSourceContext&lt;/span&gt;&lt;span style="color: var(--highlight-keyword)"&gt;(&lt;/span&gt;&lt;span style="color: var(--highlight-default)"&gt;$this&lt;/span&gt;&lt;span style="color: var(--highlight-keyword)"&gt;-&amp;gt;&lt;/span&gt;&lt;span style="color: var(--highlight-default)"&gt;getSourceContext&lt;/span&gt;&lt;span style="color: var(--highlight-keyword)"&gt;());&lt;/span&gt;&lt;/code&gt;&lt;/li&gt;
&lt;li&gt;&lt;code&gt;&lt;span style="color: var(--highlight-keyword)"&gt;&amp;nbsp;&amp;nbsp;&amp;nbsp;&amp;nbsp;&amp;nbsp;&amp;nbsp;&amp;nbsp;&amp;nbsp;&amp;nbsp;&amp;nbsp;&amp;nbsp;&amp;nbsp;}&lt;/span&gt;&lt;/code&gt;&lt;/li&gt;
&lt;li&gt;&lt;code&gt;&lt;span style="color: var(--highlight-keyword)"&gt;&lt;/span&gt;&lt;/code&gt;&lt;/li&gt;&lt;/ol&gt;    &lt;/div&gt;            &lt;/div&gt;
                        &lt;div class="trace-line "&gt;
                &lt;div class="trace-line-header break-long-words sf-toggle" data-toggle-selector="#trace-html-1-5" data-toggle-initial=""&gt;
            &lt;span class="icon icon-close"&gt;&lt;svg width="1792" height="1792" viewBox="0 0 1792 1792" xmlns="http://www.w3.org/2000/svg"&gt;&lt;path d="M1408 960V832q0-26-19-45t-45-19H448q-26 0-45 19t-19 45v128q0 26 19 45t45 19h896q26 0 45-19t19-45zm256-544v960q0 119-84.5 203.5T1376 1664H416q-119 0-203.5-84.5T128 1376V416q0-119 84.5-203.5T416 128h960q119 0 203.5 84.5T1664 416z"/&gt;&lt;/svg&gt;&lt;/span&gt;
        &lt;span class="icon icon-open"&gt;&lt;svg width="1792" height="1792" viewBox="0 0 1792 1792" xmlns="http://www.w3.org/2000/svg"&gt;&lt;path d="M1408 960V832q0-26-19-45t-45-19h-320V448q0-26-19-45t-45-19H832q-26 0-45 19t-19 45v320H448q-26 0-45 19t-19 45v128q0 26 19 45t45 19h320v320q0 26 19 45t45 19h128q26 0 45-19t19-45v-320h320q26 0 45-19t19-45zm256-544v960q0 119-84.5 203.5T1376 1664H416q-119 0-203.5-84.5T128 1376V416q0-119 84.5-203.5T416 128h960q119 0 203.5 84.5T1664 416z"/&gt;&lt;/svg&gt;&lt;/span&gt;
    
            &lt;span class="trace-class"&gt;&lt;abbr title="Twig\Template"&gt;Template&lt;/abbr&gt;&lt;/span&gt;&lt;span class="trace-type"&gt;-&gt;&lt;/span&gt;&lt;span class="trace-method"&gt;yield&lt;/span&gt;&lt;span class="trace-arguments"&gt;(&lt;em&gt;array&lt;/em&gt;('user' =&gt; &lt;em&gt;object&lt;/em&gt;(&lt;abbr title="App\Entity\User"&gt;User&lt;/abbr&gt;), 'app' =&gt; &lt;em&gt;object&lt;/em&gt;(&lt;abbr title="Symfony\Bridge\Twig\AppVariable"&gt;AppVariable&lt;/abbr&gt;)), &lt;em&gt;array&lt;/em&gt;('title' =&gt; &lt;em&gt;array&lt;/em&gt;(&lt;em&gt;object&lt;/em&gt;(&lt;abbr title="__TwigTemplate_d8fda2fc699fe788183588821b87855f"&gt;__TwigTemplate_d8fda2fc699fe788183588821b87855f&lt;/abbr&gt;), 'block_title'), 'stylesheets' =&gt; &lt;em&gt;array&lt;/em&gt;(&lt;em&gt;object&lt;/em&gt;(&lt;abbr title="__TwigTemplate_e82f46c489931f7027c4f5c5bb6335d3"&gt;__TwigTemplate_e82f46c489931f7027c4f5c5bb6335d3&lt;/abbr&gt;), 'block_stylesheets'), 'body' =&gt; &lt;em&gt;array&lt;/em&gt;(&lt;em&gt;object&lt;/em&gt;(&lt;abbr title="__TwigTemplate_d8fda2fc699fe788183588821b87855f"&gt;__TwigTemplate_d8fda2fc699fe788183588821b87855f&lt;/abbr&gt;), 'block_body'), 'javascripts' =&gt; &lt;em&gt;array&lt;/em&gt;(&lt;em&gt;object&lt;/em&gt;(&lt;abbr title="__TwigTemplate_e82f46c489931f7027c4f5c5bb6335d3"&gt;__TwigTemplate_e82f46c489931f7027c4f5c5bb6335d3&lt;/abbr&gt;), 'block_javascripts')))&lt;/span&gt;    
                    &lt;span class="block trace-file-path"&gt;
            in
            &lt;a href="file://C:\Users\sliti\Desktop\dev\esprit-PIDEV-3A16-2526-FARMIA\var\cache\test\twig\17\1708ad6668dd6629a31773a2b006beb4.php#L54"&gt;
                C:\Users\sliti\Desktop\dev\esprit-PIDEV-3A16-2526-FARMIA\var\cache\test\twig\17\&lt;strong&gt;1708ad6668dd6629a31773a2b006beb4.php&lt;/strong&gt;
            &lt;/a&gt;
                        (line 54)
            &lt;span class="icon icon-copy hidden" data-clipboard-text="C:\Users\sliti\Desktop\dev\esprit-PIDEV-3A16-2526-FARMIA\var\cache\test\twig\17\1708ad6668dd6629a31773a2b006beb4.php:54"&gt;
                &lt;svg xmlns="http://www.w3.org/2000/svg" height="24" viewBox="0 0 24 24" width="24"&gt;&lt;path d="M0 0h24v24H0z" fill="none"/&gt;&lt;path d="M16 1H4c-1.1 0-2 .9-2 2v14h2V3h12V1zm3 4H8c-1.1 0-2 .9-2 2v14c0 1.1.9 2 2 2h11c1.1 0 2-.9 2-2V7c0-1.1-.9-2-2-2zm0 16H8V7h11v14z"/&gt;&lt;/svg&gt;            &lt;/span&gt;
        &lt;/span&gt;
    &lt;/div&gt;
    &lt;div id="trace-html-1-5" class="trace-code sf-toggle-content"&gt;
        &lt;ol start="49"&gt;&lt;li&gt;&lt;code&gt;&lt;span style="color: var(--highlight-keyword)"&gt;&lt;/span&gt;&lt;/code&gt;&lt;/li&gt;
&lt;li&gt;&lt;code&gt;&lt;span style="color: var(--highlight-keyword)"&gt;&amp;nbsp;&amp;nbsp;&amp;nbsp;&amp;nbsp;&amp;nbsp;&amp;nbsp;&amp;nbsp;&amp;nbsp;&lt;/span&gt;&lt;span style="color: var(--highlight-default)"&gt;$__internal_6f47bbe9983af81f1e7450e9a3e3768f&amp;nbsp;&lt;/span&gt;&lt;span style="color: var(--highlight-keyword)"&gt;=&amp;nbsp;&lt;/span&gt;&lt;span style="color: var(--highlight-default)"&gt;$this&lt;/span&gt;&lt;span style="color: var(--highlight-keyword)"&gt;-&amp;gt;&lt;/span&gt;&lt;span style="color: var(--highlight-default)"&gt;extensions&lt;/span&gt;&lt;span style="color: var(--highlight-keyword)"&gt;[&lt;/span&gt;&lt;span style="color: var(--highlight-string)"&gt;"Symfony\\Bridge\\Twig\\Extension\\ProfilerExtension"&lt;/span&gt;&lt;span style="color: var(--highlight-keyword)"&gt;];&lt;/span&gt;&lt;/code&gt;&lt;/li&gt;
&lt;li&gt;&lt;code&gt;&lt;span style="color: var(--highlight-keyword)"&gt;&amp;nbsp;&amp;nbsp;&amp;nbsp;&amp;nbsp;&amp;nbsp;&amp;nbsp;&amp;nbsp;&amp;nbsp;&lt;/span&gt;&lt;span style="color: var(--highlight-default)"&gt;$__internal_6f47bbe9983af81f1e7450e9a3e3768f&lt;/span&gt;&lt;span style="color: var(--highlight-keyword)"&gt;-&amp;gt;&lt;/span&gt;&lt;span style="color: var(--highlight-default)"&gt;enter&lt;/span&gt;&lt;span style="color: var(--highlight-keyword)"&gt;(&lt;/span&gt;&lt;span style="color: var(--highlight-default)"&gt;$__internal_6f47bbe9983af81f1e7450e9a3e3768f_prof&amp;nbsp;&lt;/span&gt;&lt;span style="color: var(--highlight-keyword)"&gt;=&amp;nbsp;new&amp;nbsp;&lt;/span&gt;&lt;span style="color: var(--highlight-default)"&gt;\Twig\Profiler\Profile&lt;/span&gt;&lt;span style="color: var(--highlight-keyword)"&gt;(&lt;/span&gt;&lt;span style="color: var(--highlight-default)"&gt;$this&lt;/span&gt;&lt;span style="color: var(--highlight-keyword)"&gt;-&amp;gt;&lt;/span&gt;&lt;span style="color: var(--highlight-default)"&gt;getTemplateName&lt;/span&gt;&lt;span style="color: var(--highlight-keyword)"&gt;(),&amp;nbsp;&lt;/span&gt;&lt;span style="color: var(--highlight-string)"&gt;"template"&lt;/span&gt;&lt;span style="color: var(--highlight-keyword)"&gt;,&amp;nbsp;&lt;/span&gt;&lt;span style="color: var(--highlight-string)"&gt;"portal/expert/index.html.twig"&lt;/span&gt;&lt;span style="color: var(--highlight-keyword)"&gt;));&lt;/span&gt;&lt;/code&gt;&lt;/li&gt;
&lt;li&gt;&lt;code&gt;&lt;span style="color: var(--highlight-keyword)"&gt;&lt;/span&gt;&lt;/code&gt;&lt;/li&gt;
&lt;li&gt;&lt;code&gt;&lt;span style="color: var(--highlight-keyword)"&gt;&amp;nbsp;&amp;nbsp;&amp;nbsp;&amp;nbsp;&amp;nbsp;&amp;nbsp;&amp;nbsp;&amp;nbsp;&lt;/span&gt;&lt;span style="color: var(--highlight-default)"&gt;$this&lt;/span&gt;&lt;span style="color: var(--highlight-keyword)"&gt;-&amp;gt;&lt;/span&gt;&lt;span style="color: var(--highlight-default)"&gt;parent&amp;nbsp;&lt;/span&gt;&lt;span style="color: var(--highlight-keyword)"&gt;=&amp;nbsp;&lt;/span&gt;&lt;span style="color: var(--highlight-default)"&gt;$this&lt;/span&gt;&lt;span style="color: var(--highlight-keyword)"&gt;-&amp;gt;&lt;/span&gt;&lt;span style="color: var(--highlight-default)"&gt;load&lt;/span&gt;&lt;span style="color: var(--highlight-keyword)"&gt;(&lt;/span&gt;&lt;span style="color: var(--highlight-string)"&gt;"layouts/expert.html.twig"&lt;/span&gt;&lt;span style="color: var(--highlight-keyword)"&gt;,&amp;nbsp;&lt;/span&gt;&lt;span style="color: var(--highlight-default)"&gt;1&lt;/span&gt;&lt;span style="color: var(--highlight-keyword)"&gt;);&lt;/span&gt;&lt;/code&gt;&lt;/li&gt;
&lt;li class="selected"&gt;&lt;code&gt;&lt;span style="color: var(--highlight-keyword)"&gt;&amp;nbsp;&amp;nbsp;&amp;nbsp;&amp;nbsp;&amp;nbsp;&amp;nbsp;&amp;nbsp;&amp;nbsp;yield&amp;nbsp;from&amp;nbsp;&lt;/span&gt;&lt;span style="color: var(--highlight-default)"&gt;$this&lt;/span&gt;&lt;span style="color: var(--highlight-keyword)"&gt;-&amp;gt;&lt;/span&gt;&lt;span style="color: var(--highlight-default)"&gt;parent&lt;/span&gt;&lt;span style="color: var(--highlight-keyword)"&gt;-&amp;gt;&lt;/span&gt;&lt;span style="color: var(--highlight-default)"&gt;unwrap&lt;/span&gt;&lt;span style="color: var(--highlight-keyword)"&gt;()-&amp;gt;&lt;/span&gt;&lt;span style="color: var(--highlight-default)"&gt;yield&lt;/span&gt;&lt;span style="color: var(--highlight-keyword)"&gt;(&lt;/span&gt;&lt;span style="color: var(--highlight-default)"&gt;$context&lt;/span&gt;&lt;span style="color: var(--highlight-keyword)"&gt;,&amp;nbsp;&lt;/span&gt;&lt;span style="color: var(--highlight-default)"&gt;array_merge&lt;/span&gt;&lt;span style="color: var(--highlight-keyword)"&gt;(&lt;/span&gt;&lt;span style="color: var(--highlight-default)"&gt;$this&lt;/span&gt;&lt;span style="color: var(--highlight-keyword)"&gt;-&amp;gt;&lt;/span&gt;&lt;span style="color: var(--highlight-default)"&gt;blocks&lt;/span&gt;&lt;span style="color: var(--highlight-keyword)"&gt;,&amp;nbsp;&lt;/span&gt;&lt;span style="color: var(--highlight-default)"&gt;$blocks&lt;/span&gt;&lt;span style="color: var(--highlight-keyword)"&gt;));&lt;/span&gt;&lt;/code&gt;&lt;/li&gt;
&lt;li&gt;&lt;code&gt;&lt;span style="color: var(--highlight-keyword)"&gt;&amp;nbsp;&amp;nbsp;&amp;nbsp;&amp;nbsp;&amp;nbsp;&amp;nbsp;&amp;nbsp;&amp;nbsp;&lt;/span&gt;&lt;/code&gt;&lt;/li&gt;
&lt;li&gt;&lt;code&gt;&lt;span style="color: var(--highlight-keyword)"&gt;&amp;nbsp;&amp;nbsp;&amp;nbsp;&amp;nbsp;&amp;nbsp;&amp;nbsp;&amp;nbsp;&amp;nbsp;&lt;/span&gt;&lt;span style="color: var(--highlight-default)"&gt;$__internal_5a27a8ba21ca79b61932376b2fa922d2&lt;/span&gt;&lt;span style="color: var(--highlight-keyword)"&gt;-&amp;gt;&lt;/span&gt;&lt;span style="color: var(--highlight-default)"&gt;leave&lt;/span&gt;&lt;span style="color: var(--highlight-keyword)"&gt;(&lt;/span&gt;&lt;span style="color: var(--highlight-default)"&gt;$__internal_5a27a8ba21ca79b61932376b2fa922d2_prof&lt;/span&gt;&lt;span style="color: var(--highlight-keyword)"&gt;);&lt;/span&gt;&lt;/code&gt;&lt;/li&gt;
&lt;li&gt;&lt;code&gt;&lt;span style="color: var(--highlight-keyword)"&gt;&lt;/span&gt;&lt;/code&gt;&lt;/li&gt;
&lt;li&gt;&lt;code&gt;&lt;span style="color: var(--highlight-keyword)"&gt;&amp;nbsp;&amp;nbsp;&amp;nbsp;&amp;nbsp;&amp;nbsp;&amp;nbsp;&amp;nbsp;&amp;nbsp;&lt;/span&gt;&lt;/code&gt;&lt;/li&gt;
&lt;li&gt;&lt;code&gt;&lt;span style="color: var(--highlight-keyword)"&gt;&amp;nbsp;&amp;nbsp;&amp;nbsp;&amp;nbsp;&amp;nbsp;&amp;nbsp;&amp;nbsp;&amp;nbsp;&lt;/span&gt;&lt;span style="color: var(--highlight-default)"&gt;$__internal_6f47bbe9983af81f1e7450e9a3e3768f&lt;/span&gt;&lt;span style="color: var(--highlight-keyword)"&gt;-&amp;gt;&lt;/span&gt;&lt;span style="color: var(--highlight-default)"&gt;leave&lt;/span&gt;&lt;span style="color: var(--highlight-keyword)"&gt;(&lt;/span&gt;&lt;span style="color: var(--highlight-default)"&gt;$__internal_6f47bbe9983af81f1e7450e9a3e3768f_prof&lt;/span&gt;&lt;span style="color: var(--highlight-keyword)"&gt;);&lt;/span&gt;&lt;/code&gt;&lt;/li&gt;&lt;/ol&gt;    &lt;/div&gt;            &lt;/div&gt;
                        &lt;div class="trace-line "&gt;
                &lt;div class="trace-line-header break-long-words sf-toggle" data-toggle-selector="#trace-html-1-6" data-toggle-initial=""&gt;
            &lt;span class="icon icon-close"&gt;&lt;svg width="1792" height="1792" viewBox="0 0 1792 1792" xmlns="http://www.w3.org/2000/svg"&gt;&lt;path d="M1408 960V832q0-26-19-45t-45-19H448q-26 0-45 19t-19 45v128q0 26 19 45t45 19h896q26 0 45-19t19-45zm256-544v960q0 119-84.5 203.5T1376 1664H416q-119 0-203.5-84.5T128 1376V416q0-119 84.5-203.5T416 128h960q119 0 203.5 84.5T1664 416z"/&gt;&lt;/svg&gt;&lt;/span&gt;
        &lt;span class="icon icon-open"&gt;&lt;svg width="1792" height="1792" viewBox="0 0 1792 1792" xmlns="http://www.w3.org/2000/svg"&gt;&lt;path d="M1408 960V832q0-26-19-45t-45-19h-320V448q0-26-19-45t-45-19H832q-26 0-45 19t-19 45v320H448q-26 0-45 19t-19 45v128q0 26 19 45t45 19h320v320q0 26 19 45t45 19h128q26 0 45-19t19-45v-320h320q26 0 45-19t19-45zm256-544v960q0 119-84.5 203.5T1376 1664H416q-119 0-203.5-84.5T128 1376V416q0-119 84.5-203.5T416 128h960q119 0 203.5 84.5T1664 416z"/&gt;&lt;/svg&gt;&lt;/span&gt;
    
            &lt;span class="trace-class"&gt;&lt;abbr title="__TwigTemplate_d8fda2fc699fe788183588821b87855f"&gt;__TwigTemplate_d8fda2fc699fe788183588821b87855f&lt;/abbr&gt;&lt;/span&gt;&lt;span class="trace-type"&gt;-&gt;&lt;/span&gt;&lt;span class="trace-method"&gt;doDisplay&lt;/span&gt;&lt;span class="trace-arguments"&gt;(&lt;em&gt;array&lt;/em&gt;('user' =&gt; &lt;em&gt;object&lt;/em&gt;(&lt;abbr title="App\Entity\User"&gt;User&lt;/abbr&gt;), 'app' =&gt; &lt;em&gt;object&lt;/em&gt;(&lt;abbr title="Symfony\Bridge\Twig\AppVariable"&gt;AppVariable&lt;/abbr&gt;)), &lt;em&gt;array&lt;/em&gt;('title' =&gt; &lt;em&gt;array&lt;/em&gt;(&lt;em&gt;object&lt;/em&gt;(&lt;abbr title="__TwigTemplate_d8fda2fc699fe788183588821b87855f"&gt;__TwigTemplate_d8fda2fc699fe788183588821b87855f&lt;/abbr&gt;), 'block_title'), 'body' =&gt; &lt;em&gt;array&lt;/em&gt;(&lt;em&gt;object&lt;/em&gt;(&lt;abbr title="__TwigTemplate_d8fda2fc699fe788183588821b87855f"&gt;__TwigTemplate_d8fda2fc699fe788183588821b87855f&lt;/abbr&gt;), 'block_body')))&lt;/span&gt;    
                    &lt;span class="block trace-file-path"&gt;
            in
            &lt;a href="file://C:\Users\sliti\Desktop\dev\esprit-PIDEV-3A16-2526-FARMIA\vendor\twig\twig\src\Template.php#L402"&gt;
                C:\Users\sliti\Desktop\dev\esprit-PIDEV-3A16-2526-FARMIA\vendor\twig\twig\src\&lt;strong&gt;Template.php&lt;/strong&gt;
            &lt;/a&gt;
                        (line 402)
            &lt;span class="icon icon-copy hidden" data-clipboard-text="C:\Users\sliti\Desktop\dev\esprit-PIDEV-3A16-2526-FARMIA\vendor\twig\twig\src\Template.php:402"&gt;
                &lt;svg xmlns="http://www.w3.org/2000/svg" height="24" viewBox="0 0 24 24" width="24"&gt;&lt;path d="M0 0h24v24H0z" fill="none"/&gt;&lt;path d="M16 1H4c-1.1 0-2 .9-2 2v14h2V3h12V1zm3 4H8c-1.1 0-2 .9-2 2v14c0 1.1.9 2 2 2h11c1.1 0 2-.9 2-2V7c0-1.1-.9-2-2-2zm0 16H8V7h11v14z"/&gt;&lt;/svg&gt;            &lt;/span&gt;
        &lt;/span&gt;
    &lt;/div&gt;
    &lt;div id="trace-html-1-6" class="trace-code sf-toggle-content"&gt;
        &lt;ol start="397"&gt;&lt;li&gt;&lt;code&gt;&lt;span style="color: var(--highlight-default)"&gt;&amp;nbsp;&amp;nbsp;&amp;nbsp;&amp;nbsp;&lt;/span&gt;&lt;span style="color: var(--highlight-keyword)"&gt;{&lt;/span&gt;&lt;/code&gt;&lt;/li&gt;
&lt;li&gt;&lt;code&gt;&lt;span style="color: var(--highlight-keyword)"&gt;&amp;nbsp;&amp;nbsp;&amp;nbsp;&amp;nbsp;&amp;nbsp;&amp;nbsp;&amp;nbsp;&amp;nbsp;&lt;/span&gt;&lt;span style="color: var(--highlight-default)"&gt;$context&amp;nbsp;&lt;/span&gt;&lt;span style="color: var(--highlight-keyword)"&gt;+=&amp;nbsp;&lt;/span&gt;&lt;span style="color: var(--highlight-default)"&gt;$this&lt;/span&gt;&lt;span style="color: var(--highlight-keyword)"&gt;-&amp;gt;&lt;/span&gt;&lt;span style="color: var(--highlight-default)"&gt;env&lt;/span&gt;&lt;span style="color: var(--highlight-keyword)"&gt;-&amp;gt;&lt;/span&gt;&lt;span style="color: var(--highlight-default)"&gt;getGlobals&lt;/span&gt;&lt;span style="color: var(--highlight-keyword)"&gt;();&lt;/span&gt;&lt;/code&gt;&lt;/li&gt;
&lt;li&gt;&lt;code&gt;&lt;span style="color: var(--highlight-keyword)"&gt;&amp;nbsp;&amp;nbsp;&amp;nbsp;&amp;nbsp;&amp;nbsp;&amp;nbsp;&amp;nbsp;&amp;nbsp;&lt;/span&gt;&lt;span style="color: var(--highlight-default)"&gt;$blocks&amp;nbsp;&lt;/span&gt;&lt;span style="color: var(--highlight-keyword)"&gt;=&amp;nbsp;&lt;/span&gt;&lt;span style="color: var(--highlight-default)"&gt;array_merge&lt;/span&gt;&lt;span style="color: var(--highlight-keyword)"&gt;(&lt;/span&gt;&lt;span style="color: var(--highlight-default)"&gt;$this&lt;/span&gt;&lt;span style="color: var(--highlight-keyword)"&gt;-&amp;gt;&lt;/span&gt;&lt;span style="color: var(--highlight-default)"&gt;blocks&lt;/span&gt;&lt;span style="color: var(--highlight-keyword)"&gt;,&amp;nbsp;&lt;/span&gt;&lt;span style="color: var(--highlight-default)"&gt;$blocks&lt;/span&gt;&lt;span style="color: var(--highlight-keyword)"&gt;);&lt;/span&gt;&lt;/code&gt;&lt;/li&gt;
&lt;li&gt;&lt;code&gt;&lt;span style="color: var(--highlight-keyword)"&gt;&lt;/span&gt;&lt;/code&gt;&lt;/li&gt;
&lt;li&gt;&lt;code&gt;&lt;span style="color: var(--highlight-keyword)"&gt;&amp;nbsp;&amp;nbsp;&amp;nbsp;&amp;nbsp;&amp;nbsp;&amp;nbsp;&amp;nbsp;&amp;nbsp;try&amp;nbsp;{&lt;/span&gt;&lt;/code&gt;&lt;/li&gt;
&lt;li class="selected"&gt;&lt;code&gt;&lt;span style="color: var(--highlight-keyword)"&gt;&amp;nbsp;&amp;nbsp;&amp;nbsp;&amp;nbsp;&amp;nbsp;&amp;nbsp;&amp;nbsp;&amp;nbsp;&amp;nbsp;&amp;nbsp;&amp;nbsp;&amp;nbsp;yield&amp;nbsp;from&amp;nbsp;&lt;/span&gt;&lt;span style="color: var(--highlight-default)"&gt;$this&lt;/span&gt;&lt;span style="color: var(--highlight-keyword)"&gt;-&amp;gt;&lt;/span&gt;&lt;span style="color: var(--highlight-default)"&gt;doDisplay&lt;/span&gt;&lt;span style="color: var(--highlight-keyword)"&gt;(&lt;/span&gt;&lt;span style="color: var(--highlight-default)"&gt;$context&lt;/span&gt;&lt;span style="color: var(--highlight-keyword)"&gt;,&amp;nbsp;&lt;/span&gt;&lt;span style="color: var(--highlight-default)"&gt;$blocks&lt;/span&gt;&lt;span style="color: var(--highlight-keyword)"&gt;);&lt;/span&gt;&lt;/code&gt;&lt;/li&gt;
&lt;li&gt;&lt;code&gt;&lt;span style="color: var(--highlight-keyword)"&gt;&amp;nbsp;&amp;nbsp;&amp;nbsp;&amp;nbsp;&amp;nbsp;&amp;nbsp;&amp;nbsp;&amp;nbsp;}&amp;nbsp;catch&amp;nbsp;(&lt;/span&gt;&lt;span style="color: var(--highlight-default)"&gt;Error&amp;nbsp;$e&lt;/span&gt;&lt;span style="color: var(--highlight-keyword)"&gt;)&amp;nbsp;{&lt;/span&gt;&lt;/code&gt;&lt;/li&gt;
&lt;li&gt;&lt;code&gt;&lt;span style="color: var(--highlight-keyword)"&gt;&amp;nbsp;&amp;nbsp;&amp;nbsp;&amp;nbsp;&amp;nbsp;&amp;nbsp;&amp;nbsp;&amp;nbsp;&amp;nbsp;&amp;nbsp;&amp;nbsp;&amp;nbsp;if&amp;nbsp;(!&lt;/span&gt;&lt;span style="color: var(--highlight-default)"&gt;$e&lt;/span&gt;&lt;span style="color: var(--highlight-keyword)"&gt;-&amp;gt;&lt;/span&gt;&lt;span style="color: var(--highlight-default)"&gt;getSourceContext&lt;/span&gt;&lt;span style="color: var(--highlight-keyword)"&gt;())&amp;nbsp;{&lt;/span&gt;&lt;/code&gt;&lt;/li&gt;
&lt;li&gt;&lt;code&gt;&lt;span style="color: var(--highlight-keyword)"&gt;&amp;nbsp;&amp;nbsp;&amp;nbsp;&amp;nbsp;&amp;nbsp;&amp;nbsp;&amp;nbsp;&amp;nbsp;&amp;nbsp;&amp;nbsp;&amp;nbsp;&amp;nbsp;&amp;nbsp;&amp;nbsp;&amp;nbsp;&amp;nbsp;&lt;/span&gt;&lt;span style="color: var(--highlight-default)"&gt;$e&lt;/span&gt;&lt;span style="color: var(--highlight-keyword)"&gt;-&amp;gt;&lt;/span&gt;&lt;span style="color: var(--highlight-default)"&gt;setSourceContext&lt;/span&gt;&lt;span style="color: var(--highlight-keyword)"&gt;(&lt;/span&gt;&lt;span style="color: var(--highlight-default)"&gt;$this&lt;/span&gt;&lt;span style="color: var(--highlight-keyword)"&gt;-&amp;gt;&lt;/span&gt;&lt;span style="color: var(--highlight-default)"&gt;getSourceContext&lt;/span&gt;&lt;span style="color: var(--highlight-keyword)"&gt;());&lt;/span&gt;&lt;/code&gt;&lt;/li&gt;
&lt;li&gt;&lt;code&gt;&lt;span style="color: var(--highlight-keyword)"&gt;&amp;nbsp;&amp;nbsp;&amp;nbsp;&amp;nbsp;&amp;nbsp;&amp;nbsp;&amp;nbsp;&amp;nbsp;&amp;nbsp;&amp;nbsp;&amp;nbsp;&amp;nbsp;}&lt;/span&gt;&lt;/code&gt;&lt;/li&gt;
&lt;li&gt;&lt;code&gt;&lt;span style="color: var(--highlight-keyword)"&gt;&lt;/span&gt;&lt;/code&gt;&lt;/li&gt;&lt;/ol&gt;    &lt;/div&gt;            &lt;/div&gt;
                        &lt;div class="trace-line "&gt;
                &lt;div class="trace-line-header break-long-words sf-toggle" data-toggle-selector="#trace-html-1-7" data-toggle-initial=""&gt;
            &lt;span class="icon icon-close"&gt;&lt;svg width="1792" height="1792" viewBox="0 0 1792 1792" xmlns="http://www.w3.org/2000/svg"&gt;&lt;path d="M1408 960V832q0-26-19-45t-45-19H448q-26 0-45 19t-19 45v128q0 26 19 45t45 19h896q26 0 45-19t19-45zm256-544v960q0 119-84.5 203.5T1376 1664H416q-119 0-203.5-84.5T128 1376V416q0-119 84.5-203.5T416 128h960q119 0 203.5 84.5T1664 416z"/&gt;&lt;/svg&gt;&lt;/span&gt;
        &lt;span class="icon icon-open"&gt;&lt;svg width="1792" height="1792" viewBox="0 0 1792 1792" xmlns="http://www.w3.org/2000/svg"&gt;&lt;path d="M1408 960V832q0-26-19-45t-45-19h-320V448q0-26-19-45t-45-19H832q-26 0-45 19t-19 45v320H448q-26 0-45 19t-19 45v128q0 26 19 45t45 19h320v320q0 26 19 45t45 19h128q26 0 45-19t19-45v-320h320q26 0 45-19t19-45zm256-544v960q0 119-84.5 203.5T1376 1664H416q-119 0-203.5-84.5T128 1376V416q0-119 84.5-203.5T416 128h960q119 0 203.5 84.5T1664 416z"/&gt;&lt;/svg&gt;&lt;/span&gt;
    
            &lt;span class="trace-class"&gt;&lt;abbr title="Twig\Template"&gt;Template&lt;/abbr&gt;&lt;/span&gt;&lt;span class="trace-type"&gt;-&gt;&lt;/span&gt;&lt;span class="trace-method"&gt;yield&lt;/span&gt;&lt;span class="trace-arguments"&gt;(&lt;em&gt;array&lt;/em&gt;('user' =&gt; &lt;em&gt;object&lt;/em&gt;(&lt;abbr title="App\Entity\User"&gt;User&lt;/abbr&gt;), 'app' =&gt; &lt;em&gt;object&lt;/em&gt;(&lt;abbr title="Symfony\Bridge\Twig\AppVariable"&gt;AppVariable&lt;/abbr&gt;)), &lt;em&gt;array&lt;/em&gt;('title' =&gt; &lt;em&gt;array&lt;/em&gt;(&lt;em&gt;object&lt;/em&gt;(&lt;abbr title="__TwigTemplate_d8fda2fc699fe788183588821b87855f"&gt;__TwigTemplate_d8fda2fc699fe788183588821b87855f&lt;/abbr&gt;), 'block_title'), 'body' =&gt; &lt;em&gt;array&lt;/em&gt;(&lt;em&gt;object&lt;/em&gt;(&lt;abbr title="__TwigTemplate_d8fda2fc699fe788183588821b87855f"&gt;__TwigTemplate_d8fda2fc699fe788183588821b87855f&lt;/abbr&gt;), 'block_body')))&lt;/span&gt;    
                    &lt;span class="block trace-file-path"&gt;
            in
            &lt;a href="file://C:\Users\sliti\Desktop\dev\esprit-PIDEV-3A16-2526-FARMIA\vendor\twig\twig\src\Template.php#L358"&gt;
                C:\Users\sliti\Desktop\dev\esprit-PIDEV-3A16-2526-FARMIA\vendor\twig\twig\src\&lt;strong&gt;Template.php&lt;/strong&gt;
            &lt;/a&gt;
                        (line 358)
            &lt;span class="icon icon-copy hidden" data-clipboard-text="C:\Users\sliti\Desktop\dev\esprit-PIDEV-3A16-2526-FARMIA\vendor\twig\twig\src\Template.php:358"&gt;
                &lt;svg xmlns="http://www.w3.org/2000/svg" height="24" viewBox="0 0 24 24" width="24"&gt;&lt;path d="M0 0h24v24H0z" fill="none"/&gt;&lt;path d="M16 1H4c-1.1 0-2 .9-2 2v14h2V3h12V1zm3 4H8c-1.1 0-2 .9-2 2v14c0 1.1.9 2 2 2h11c1.1 0 2-.9 2-2V7c0-1.1-.9-2-2-2zm0 16H8V7h11v14z"/&gt;&lt;/svg&gt;            &lt;/span&gt;
        &lt;/span&gt;
    &lt;/div&gt;
    &lt;div id="trace-html-1-7" class="trace-code sf-toggle-content"&gt;
        &lt;ol start="353"&gt;&lt;li&gt;&lt;code&gt;&lt;span style="color: var(--highlight-keyword)"&gt;&amp;nbsp;&amp;nbsp;&amp;nbsp;&amp;nbsp;&amp;nbsp;&amp;nbsp;&amp;nbsp;&amp;nbsp;return&amp;nbsp;&lt;/span&gt;&lt;span style="color: var(--highlight-default)"&gt;$this&lt;/span&gt;&lt;span style="color: var(--highlight-keyword)"&gt;-&amp;gt;&lt;/span&gt;&lt;span style="color: var(--highlight-default)"&gt;blocks&lt;/span&gt;&lt;span style="color: var(--highlight-keyword)"&gt;;&lt;/span&gt;&lt;/code&gt;&lt;/li&gt;
&lt;li&gt;&lt;code&gt;&lt;span style="color: var(--highlight-keyword)"&gt;&amp;nbsp;&amp;nbsp;&amp;nbsp;&amp;nbsp;}&lt;/span&gt;&lt;/code&gt;&lt;/li&gt;
&lt;li&gt;&lt;code&gt;&lt;span style="color: var(--highlight-keyword)"&gt;&lt;/span&gt;&lt;/code&gt;&lt;/li&gt;
&lt;li&gt;&lt;code&gt;&lt;span style="color: var(--highlight-keyword)"&gt;&amp;nbsp;&amp;nbsp;&amp;nbsp;&amp;nbsp;public&amp;nbsp;function&amp;nbsp;&lt;/span&gt;&lt;span style="color: var(--highlight-default)"&gt;display&lt;/span&gt;&lt;span style="color: var(--highlight-keyword)"&gt;(array&amp;nbsp;&lt;/span&gt;&lt;span style="color: var(--highlight-default)"&gt;$context&lt;/span&gt;&lt;span style="color: var(--highlight-keyword)"&gt;,&amp;nbsp;array&amp;nbsp;&lt;/span&gt;&lt;span style="color: var(--highlight-default)"&gt;$blocks&amp;nbsp;&lt;/span&gt;&lt;span style="color: var(--highlight-keyword)"&gt;=&amp;nbsp;[]):&amp;nbsp;&lt;/span&gt;&lt;span style="color: var(--highlight-default)"&gt;void&lt;/span&gt;&lt;/code&gt;&lt;/li&gt;
&lt;li&gt;&lt;code&gt;&lt;span style="color: var(--highlight-default)"&gt;&amp;nbsp;&amp;nbsp;&amp;nbsp;&amp;nbsp;&lt;/span&gt;&lt;span style="color: var(--highlight-keyword)"&gt;{&lt;/span&gt;&lt;/code&gt;&lt;/li&gt;
&lt;li class="selected"&gt;&lt;code&gt;&lt;span style="color: var(--highlight-keyword)"&gt;&amp;nbsp;&amp;nbsp;&amp;nbsp;&amp;nbsp;&amp;nbsp;&amp;nbsp;&amp;nbsp;&amp;nbsp;foreach&amp;nbsp;(&lt;/span&gt;&lt;span style="color: var(--highlight-default)"&gt;$this&lt;/span&gt;&lt;span style="color: var(--highlight-keyword)"&gt;-&amp;gt;&lt;/span&gt;&lt;span style="color: var(--highlight-default)"&gt;yield&lt;/span&gt;&lt;span style="color: var(--highlight-keyword)"&gt;(&lt;/span&gt;&lt;span style="color: var(--highlight-default)"&gt;$context&lt;/span&gt;&lt;span style="color: var(--highlight-keyword)"&gt;,&amp;nbsp;&lt;/span&gt;&lt;span style="color: var(--highlight-default)"&gt;$blocks&lt;/span&gt;&lt;span style="color: var(--highlight-keyword)"&gt;)&amp;nbsp;as&amp;nbsp;&lt;/span&gt;&lt;span style="color: var(--highlight-default)"&gt;$data&lt;/span&gt;&lt;span style="color: var(--highlight-keyword)"&gt;)&amp;nbsp;{&lt;/span&gt;&lt;/code&gt;&lt;/li&gt;
&lt;li&gt;&lt;code&gt;&lt;span style="color: var(--highlight-keyword)"&gt;&amp;nbsp;&amp;nbsp;&amp;nbsp;&amp;nbsp;&amp;nbsp;&amp;nbsp;&amp;nbsp;&amp;nbsp;&amp;nbsp;&amp;nbsp;&amp;nbsp;&amp;nbsp;echo&amp;nbsp;&lt;/span&gt;&lt;span style="color: var(--highlight-default)"&gt;$data&lt;/span&gt;&lt;span style="color: var(--highlight-keyword)"&gt;;&lt;/span&gt;&lt;/code&gt;&lt;/li&gt;
&lt;li&gt;&lt;code&gt;&lt;span style="color: var(--highlight-keyword)"&gt;&amp;nbsp;&amp;nbsp;&amp;nbsp;&amp;nbsp;&amp;nbsp;&amp;nbsp;&amp;nbsp;&amp;nbsp;}&lt;/span&gt;&lt;/code&gt;&lt;/li&gt;
&lt;li&gt;&lt;code&gt;&lt;span style="color: var(--highlight-keyword)"&gt;&amp;nbsp;&amp;nbsp;&amp;nbsp;&amp;nbsp;}&lt;/span&gt;&lt;/code&gt;&lt;/li&gt;
&lt;li&gt;&lt;code&gt;&lt;span style="color: var(--highlight-keyword)"&gt;&lt;/span&gt;&lt;/code&gt;&lt;/li&gt;
&lt;li&gt;&lt;code&gt;&lt;span style="color: var(--highlight-keyword)"&gt;&amp;nbsp;&amp;nbsp;&amp;nbsp;&amp;nbsp;public&amp;nbsp;function&amp;nbsp;&lt;/span&gt;&lt;span style="color: var(--highlight-default)"&gt;render&lt;/span&gt;&lt;span style="color: var(--highlight-keyword)"&gt;(array&amp;nbsp;&lt;/span&gt;&lt;span style="color: var(--highlight-default)"&gt;$context&lt;/span&gt;&lt;span style="color: var(--highlight-keyword)"&gt;):&amp;nbsp;&lt;/span&gt;&lt;span style="color: var(--highlight-default)"&gt;string&lt;/span&gt;&lt;/code&gt;&lt;/li&gt;&lt;/ol&gt;    &lt;/div&gt;            &lt;/div&gt;
                        &lt;div class="trace-line "&gt;
                &lt;div class="trace-line-header break-long-words sf-toggle" data-toggle-selector="#trace-html-1-8" data-toggle-initial=""&gt;
            &lt;span class="icon icon-close"&gt;&lt;svg width="1792" height="1792" viewBox="0 0 1792 1792" xmlns="http://www.w3.org/2000/svg"&gt;&lt;path d="M1408 960V832q0-26-19-45t-45-19H448q-26 0-45 19t-19 45v128q0 26 19 45t45 19h896q26 0 45-19t19-45zm256-544v960q0 119-84.5 203.5T1376 1664H416q-119 0-203.5-84.5T128 1376V416q0-119 84.5-203.5T416 128h960q119 0 203.5 84.5T1664 416z"/&gt;&lt;/svg&gt;&lt;/span&gt;
        &lt;span class="icon icon-open"&gt;&lt;svg width="1792" height="1792" viewBox="0 0 1792 1792" xmlns="http://www.w3.org/2000/svg"&gt;&lt;path d="M1408 960V832q0-26-19-45t-45-19h-320V448q0-26-19-45t-45-19H832q-26 0-45 19t-19 45v320H448q-26 0-45 19t-19 45v128q0 26 19 45t45 19h320v320q0 26 19 45t45 19h128q26 0 45-19t19-45v-320h320q26 0 45-19t19-45zm256-544v960q0 119-84.5 203.5T1376 1664H416q-119 0-203.5-84.5T128 1376V416q0-119 84.5-203.5T416 128h960q119 0 203.5 84.5T1664 416z"/&gt;&lt;/svg&gt;&lt;/span&gt;
    
            &lt;span class="trace-class"&gt;&lt;abbr title="Twig\Template"&gt;Template&lt;/abbr&gt;&lt;/span&gt;&lt;span class="trace-type"&gt;-&gt;&lt;/span&gt;&lt;span class="trace-method"&gt;display&lt;/span&gt;&lt;span class="trace-arguments"&gt;(&lt;em&gt;array&lt;/em&gt;('user' =&gt; &lt;em&gt;object&lt;/em&gt;(&lt;abbr title="App\Entity\User"&gt;User&lt;/abbr&gt;)))&lt;/span&gt;    
                    &lt;span class="block trace-file-path"&gt;
            in
            &lt;a href="file://C:\Users\sliti\Desktop\dev\esprit-PIDEV-3A16-2526-FARMIA\vendor\twig\twig\src\Template.php#L373"&gt;
                C:\Users\sliti\Desktop\dev\esprit-PIDEV-3A16-2526-FARMIA\vendor\twig\twig\src\&lt;strong&gt;Template.php&lt;/strong&gt;
            &lt;/a&gt;
                        (line 373)
            &lt;span class="icon icon-copy hidden" data-clipboard-text="C:\Users\sliti\Desktop\dev\esprit-PIDEV-3A16-2526-FARMIA\vendor\twig\twig\src\Template.php:373"&gt;
                &lt;svg xmlns="http://www.w3.org/2000/svg" height="24" viewBox="0 0 24 24" width="24"&gt;&lt;path d="M0 0h24v24H0z" fill="none"/&gt;&lt;path d="M16 1H4c-1.1 0-2 .9-2 2v14h2V3h12V1zm3 4H8c-1.1 0-2 .9-2 2v14c0 1.1.9 2 2 2h11c1.1 0 2-.9 2-2V7c0-1.1-.9-2-2-2zm0 16H8V7h11v14z"/&gt;&lt;/svg&gt;            &lt;/span&gt;
        &lt;/span&gt;
    &lt;/div&gt;
    &lt;div id="trace-html-1-8" class="trace-code sf-toggle-content"&gt;
        &lt;ol start="368"&gt;&lt;li&gt;&lt;code&gt;&lt;span style="color: var(--highlight-keyword)"&gt;&amp;nbsp;&amp;nbsp;&amp;nbsp;&amp;nbsp;&amp;nbsp;&amp;nbsp;&amp;nbsp;&amp;nbsp;&amp;nbsp;&amp;nbsp;&amp;nbsp;&amp;nbsp;&amp;nbsp;&amp;nbsp;&amp;nbsp;&amp;nbsp;&lt;/span&gt;&lt;span style="color: var(--highlight-default)"&gt;ob_start&lt;/span&gt;&lt;span style="color: var(--highlight-keyword)"&gt;();&lt;/span&gt;&lt;/code&gt;&lt;/li&gt;
&lt;li&gt;&lt;code&gt;&lt;span style="color: var(--highlight-keyword)"&gt;&amp;nbsp;&amp;nbsp;&amp;nbsp;&amp;nbsp;&amp;nbsp;&amp;nbsp;&amp;nbsp;&amp;nbsp;&amp;nbsp;&amp;nbsp;&amp;nbsp;&amp;nbsp;}&amp;nbsp;else&amp;nbsp;{&lt;/span&gt;&lt;/code&gt;&lt;/li&gt;
&lt;li&gt;&lt;code&gt;&lt;span style="color: var(--highlight-keyword)"&gt;&amp;nbsp;&amp;nbsp;&amp;nbsp;&amp;nbsp;&amp;nbsp;&amp;nbsp;&amp;nbsp;&amp;nbsp;&amp;nbsp;&amp;nbsp;&amp;nbsp;&amp;nbsp;&amp;nbsp;&amp;nbsp;&amp;nbsp;&amp;nbsp;&lt;/span&gt;&lt;span style="color: var(--highlight-default)"&gt;ob_start&lt;/span&gt;&lt;span style="color: var(--highlight-keyword)"&gt;(static&amp;nbsp;function&amp;nbsp;()&amp;nbsp;{&amp;nbsp;return&amp;nbsp;&lt;/span&gt;&lt;span style="color: var(--highlight-string)"&gt;''&lt;/span&gt;&lt;span style="color: var(--highlight-keyword)"&gt;;&amp;nbsp;});&lt;/span&gt;&lt;/code&gt;&lt;/li&gt;
&lt;li&gt;&lt;code&gt;&lt;span style="color: var(--highlight-keyword)"&gt;&amp;nbsp;&amp;nbsp;&amp;nbsp;&amp;nbsp;&amp;nbsp;&amp;nbsp;&amp;nbsp;&amp;nbsp;&amp;nbsp;&amp;nbsp;&amp;nbsp;&amp;nbsp;}&lt;/span&gt;&lt;/code&gt;&lt;/li&gt;
&lt;li&gt;&lt;code&gt;&lt;span style="color: var(--highlight-keyword)"&gt;&amp;nbsp;&amp;nbsp;&amp;nbsp;&amp;nbsp;&amp;nbsp;&amp;nbsp;&amp;nbsp;&amp;nbsp;&amp;nbsp;&amp;nbsp;&amp;nbsp;&amp;nbsp;try&amp;nbsp;{&lt;/span&gt;&lt;/code&gt;&lt;/li&gt;
&lt;li class="selected"&gt;&lt;code&gt;&lt;span style="color: var(--highlight-keyword)"&gt;&amp;nbsp;&amp;nbsp;&amp;nbsp;&amp;nbsp;&amp;nbsp;&amp;nbsp;&amp;nbsp;&amp;nbsp;&amp;nbsp;&amp;nbsp;&amp;nbsp;&amp;nbsp;&amp;nbsp;&amp;nbsp;&amp;nbsp;&amp;nbsp;&lt;/span&gt;&lt;span style="color: var(--highlight-default)"&gt;$this&lt;/span&gt;&lt;span style="color: var(--highlight-keyword)"&gt;-&amp;gt;&lt;/span&gt;&lt;span style="color: var(--highlight-default)"&gt;display&lt;/span&gt;&lt;span style="color: var(--highlight-keyword)"&gt;(&lt;/span&gt;&lt;span style="color: var(--highlight-default)"&gt;$context&lt;/span&gt;&lt;span style="color: var(--highlight-keyword)"&gt;);&lt;/span&gt;&lt;/code&gt;&lt;/li&gt;
&lt;li&gt;&lt;code&gt;&lt;span style="color: var(--highlight-keyword)"&gt;&amp;nbsp;&amp;nbsp;&amp;nbsp;&amp;nbsp;&amp;nbsp;&amp;nbsp;&amp;nbsp;&amp;nbsp;&amp;nbsp;&amp;nbsp;&amp;nbsp;&amp;nbsp;}&amp;nbsp;catch&amp;nbsp;(&lt;/span&gt;&lt;span style="color: var(--highlight-default)"&gt;\Throwable&amp;nbsp;$e&lt;/span&gt;&lt;span style="color: var(--highlight-keyword)"&gt;)&amp;nbsp;{&lt;/span&gt;&lt;/code&gt;&lt;/li&gt;
&lt;li&gt;&lt;code&gt;&lt;span style="color: var(--highlight-keyword)"&gt;&amp;nbsp;&amp;nbsp;&amp;nbsp;&amp;nbsp;&amp;nbsp;&amp;nbsp;&amp;nbsp;&amp;nbsp;&amp;nbsp;&amp;nbsp;&amp;nbsp;&amp;nbsp;&amp;nbsp;&amp;nbsp;&amp;nbsp;&amp;nbsp;while&amp;nbsp;(&lt;/span&gt;&lt;span style="color: var(--highlight-default)"&gt;ob_get_level&lt;/span&gt;&lt;span style="color: var(--highlight-keyword)"&gt;()&amp;nbsp;&amp;gt;&amp;nbsp;&lt;/span&gt;&lt;span style="color: var(--highlight-default)"&gt;$level&lt;/span&gt;&lt;span style="color: var(--highlight-keyword)"&gt;)&amp;nbsp;{&lt;/span&gt;&lt;/code&gt;&lt;/li&gt;
&lt;li&gt;&lt;code&gt;&lt;span style="color: var(--highlight-keyword)"&gt;&amp;nbsp;&amp;nbsp;&amp;nbsp;&amp;nbsp;&amp;nbsp;&amp;nbsp;&amp;nbsp;&amp;nbsp;&amp;nbsp;&amp;nbsp;&amp;nbsp;&amp;nbsp;&amp;nbsp;&amp;nbsp;&amp;nbsp;&amp;nbsp;&amp;nbsp;&amp;nbsp;&amp;nbsp;&amp;nbsp;&lt;/span&gt;&lt;span style="color: var(--highlight-default)"&gt;ob_end_clean&lt;/span&gt;&lt;span style="color: var(--highlight-keyword)"&gt;();&lt;/span&gt;&lt;/code&gt;&lt;/li&gt;
&lt;li&gt;&lt;code&gt;&lt;span style="color: var(--highlight-keyword)"&gt;&amp;nbsp;&amp;nbsp;&amp;nbsp;&amp;nbsp;&amp;nbsp;&amp;nbsp;&amp;nbsp;&amp;nbsp;&amp;nbsp;&amp;nbsp;&amp;nbsp;&amp;nbsp;&amp;nbsp;&amp;nbsp;&amp;nbsp;&amp;nbsp;}&lt;/span&gt;&lt;/code&gt;&lt;/li&gt;
&lt;li&gt;&lt;code&gt;&lt;span style="color: var(--highlight-keyword)"&gt;&lt;/span&gt;&lt;/code&gt;&lt;/li&gt;&lt;/ol&gt;    &lt;/div&gt;            &lt;/div&gt;
                        &lt;div class="trace-line "&gt;
                &lt;div class="trace-line-header break-long-words sf-toggle" data-toggle-selector="#trace-html-1-9" data-toggle-initial=""&gt;
            &lt;span class="icon icon-close"&gt;&lt;svg width="1792" height="1792" viewBox="0 0 1792 1792" xmlns="http://www.w3.org/2000/svg"&gt;&lt;path d="M1408 960V832q0-26-19-45t-45-19H448q-26 0-45 19t-19 45v128q0 26 19 45t45 19h896q26 0 45-19t19-45zm256-544v960q0 119-84.5 203.5T1376 1664H416q-119 0-203.5-84.5T128 1376V416q0-119 84.5-203.5T416 128h960q119 0 203.5 84.5T1664 416z"/&gt;&lt;/svg&gt;&lt;/span&gt;
        &lt;span class="icon icon-open"&gt;&lt;svg width="1792" height="1792" viewBox="0 0 1792 1792" xmlns="http://www.w3.org/2000/svg"&gt;&lt;path d="M1408 960V832q0-26-19-45t-45-19h-320V448q0-26-19-45t-45-19H832q-26 0-45 19t-19 45v320H448q-26 0-45 19t-19 45v128q0 26 19 45t45 19h320v320q0 26 19 45t45 19h128q26 0 45-19t19-45v-320h320q26 0 45-19t19-45zm256-544v960q0 119-84.5 203.5T1376 1664H416q-119 0-203.5-84.5T128 1376V416q0-119 84.5-203.5T416 128h960q119 0 203.5 84.5T1664 416z"/&gt;&lt;/svg&gt;&lt;/span&gt;
    
            &lt;span class="trace-class"&gt;&lt;abbr title="Twig\Template"&gt;Template&lt;/abbr&gt;&lt;/span&gt;&lt;span class="trace-type"&gt;-&gt;&lt;/span&gt;&lt;span class="trace-method"&gt;render&lt;/span&gt;&lt;span class="trace-arguments"&gt;(&lt;em&gt;array&lt;/em&gt;('user' =&gt; &lt;em&gt;object&lt;/em&gt;(&lt;abbr title="App\Entity\User"&gt;User&lt;/abbr&gt;)))&lt;/span&gt;    
                    &lt;span class="block trace-file-path"&gt;
            in
            &lt;a href="file://C:\Users\sliti\Desktop\dev\esprit-PIDEV-3A16-2526-FARMIA\vendor\twig\twig\src\TemplateWrapper.php#L51"&gt;
                C:\Users\sliti\Desktop\dev\esprit-PIDEV-3A16-2526-FARMIA\vendor\twig\twig\src\&lt;strong&gt;TemplateWrapper.php&lt;/strong&gt;
            &lt;/a&gt;
                        (line 51)
            &lt;span class="icon icon-copy hidden" data-clipboard-text="C:\Users\sliti\Desktop\dev\esprit-PIDEV-3A16-2526-FARMIA\vendor\twig\twig\src\TemplateWrapper.php:51"&gt;
                &lt;svg xmlns="http://www.w3.org/2000/svg" height="24" viewBox="0 0 24 24" width="24"&gt;&lt;path d="M0 0h24v24H0z" fill="none"/&gt;&lt;path d="M16 1H4c-1.1 0-2 .9-2 2v14h2V3h12V1zm3 4H8c-1.1 0-2 .9-2 2v14c0 1.1.9 2 2 2h11c1.1 0 2-.9 2-2V7c0-1.1-.9-2-2-2zm0 16H8V7h11v14z"/&gt;&lt;/svg&gt;            &lt;/span&gt;
        &lt;/span&gt;
    &lt;/div&gt;
    &lt;div id="trace-html-1-9" class="trace-code sf-toggle-content"&gt;
        &lt;ol start="46"&gt;&lt;li&gt;&lt;code&gt;&lt;span style="color: var(--highlight-keyword)"&gt;&amp;nbsp;&amp;nbsp;&amp;nbsp;&amp;nbsp;&amp;nbsp;&amp;nbsp;&amp;nbsp;&amp;nbsp;yield&amp;nbsp;from&amp;nbsp;&lt;/span&gt;&lt;span style="color: var(--highlight-default)"&gt;$this&lt;/span&gt;&lt;span style="color: var(--highlight-keyword)"&gt;-&amp;gt;&lt;/span&gt;&lt;span style="color: var(--highlight-default)"&gt;template&lt;/span&gt;&lt;span style="color: var(--highlight-keyword)"&gt;-&amp;gt;&lt;/span&gt;&lt;span style="color: var(--highlight-default)"&gt;yieldBlock&lt;/span&gt;&lt;span style="color: var(--highlight-keyword)"&gt;(&lt;/span&gt;&lt;span style="color: var(--highlight-default)"&gt;$name&lt;/span&gt;&lt;span style="color: var(--highlight-keyword)"&gt;,&amp;nbsp;&lt;/span&gt;&lt;span style="color: var(--highlight-default)"&gt;$context&lt;/span&gt;&lt;span style="color: var(--highlight-keyword)"&gt;);&lt;/span&gt;&lt;/code&gt;&lt;/li&gt;
&lt;li&gt;&lt;code&gt;&lt;span style="color: var(--highlight-keyword)"&gt;&amp;nbsp;&amp;nbsp;&amp;nbsp;&amp;nbsp;}&lt;/span&gt;&lt;/code&gt;&lt;/li&gt;
&lt;li&gt;&lt;code&gt;&lt;span style="color: var(--highlight-keyword)"&gt;&lt;/span&gt;&lt;/code&gt;&lt;/li&gt;
&lt;li&gt;&lt;code&gt;&lt;span style="color: var(--highlight-keyword)"&gt;&amp;nbsp;&amp;nbsp;&amp;nbsp;&amp;nbsp;public&amp;nbsp;function&amp;nbsp;&lt;/span&gt;&lt;span style="color: var(--highlight-default)"&gt;render&lt;/span&gt;&lt;span style="color: var(--highlight-keyword)"&gt;(array&amp;nbsp;&lt;/span&gt;&lt;span style="color: var(--highlight-default)"&gt;$context&amp;nbsp;&lt;/span&gt;&lt;span style="color: var(--highlight-keyword)"&gt;=&amp;nbsp;[]):&amp;nbsp;&lt;/span&gt;&lt;span style="color: var(--highlight-default)"&gt;string&lt;/span&gt;&lt;/code&gt;&lt;/li&gt;
&lt;li&gt;&lt;code&gt;&lt;span style="color: var(--highlight-default)"&gt;&amp;nbsp;&amp;nbsp;&amp;nbsp;&amp;nbsp;&lt;/span&gt;&lt;span style="color: var(--highlight-keyword)"&gt;{&lt;/span&gt;&lt;/code&gt;&lt;/li&gt;
&lt;li class="selected"&gt;&lt;code&gt;&lt;span style="color: var(--highlight-keyword)"&gt;&amp;nbsp;&amp;nbsp;&amp;nbsp;&amp;nbsp;&amp;nbsp;&amp;nbsp;&amp;nbsp;&amp;nbsp;return&amp;nbsp;&lt;/span&gt;&lt;span style="color: var(--highlight-default)"&gt;$this&lt;/span&gt;&lt;span style="color: var(--highlight-keyword)"&gt;-&amp;gt;&lt;/span&gt;&lt;span style="color: var(--highlight-default)"&gt;template&lt;/span&gt;&lt;span style="color: var(--highlight-keyword)"&gt;-&amp;gt;&lt;/span&gt;&lt;span style="color: var(--highlight-default)"&gt;render&lt;/span&gt;&lt;span style="color: var(--highlight-keyword)"&gt;(&lt;/span&gt;&lt;span style="color: var(--highlight-default)"&gt;$context&lt;/span&gt;&lt;span style="color: var(--highlight-keyword)"&gt;);&lt;/span&gt;&lt;/code&gt;&lt;/li&gt;
&lt;li&gt;&lt;code&gt;&lt;span style="color: var(--highlight-keyword)"&gt;&amp;nbsp;&amp;nbsp;&amp;nbsp;&amp;nbsp;}&lt;/span&gt;&lt;/code&gt;&lt;/li&gt;
&lt;li&gt;&lt;code&gt;&lt;span style="color: var(--highlight-keyword)"&gt;&lt;/span&gt;&lt;/code&gt;&lt;/li&gt;
&lt;li&gt;&lt;code&gt;&lt;span style="color: var(--highlight-keyword)"&gt;&amp;nbsp;&amp;nbsp;&amp;nbsp;&amp;nbsp;&lt;/span&gt;&lt;span style="color: var(--highlight-comment)"&gt;/**&lt;/span&gt;&lt;/code&gt;&lt;/li&gt;
&lt;li&gt;&lt;code&gt;&lt;span style="color: var(--highlight-comment)"&gt;&amp;nbsp;&amp;nbsp;&amp;nbsp;&amp;nbsp;&amp;nbsp;*&amp;nbsp;@return&amp;nbsp;void&lt;/span&gt;&lt;/code&gt;&lt;/li&gt;
&lt;li&gt;&lt;code&gt;&lt;span style="color: var(--highlight-comment)"&gt;&amp;nbsp;&amp;nbsp;&amp;nbsp;&amp;nbsp;&amp;nbsp;*/&lt;/span&gt;&lt;/code&gt;&lt;/li&gt;&lt;/ol&gt;    &lt;/div&gt;            &lt;/div&gt;
                        &lt;div class="trace-line "&gt;
                &lt;div class="trace-line-header break-long-words sf-toggle" data-toggle-selector="#trace-html-1-10" data-toggle-initial=""&gt;
            &lt;span class="icon icon-close"&gt;&lt;svg width="1792" height="1792" viewBox="0 0 1792 1792" xmlns="http://www.w3.org/2000/svg"&gt;&lt;path d="M1408 960V832q0-26-19-45t-45-19H448q-26 0-45 19t-19 45v128q0 26 19 45t45 19h896q26 0 45-19t19-45zm256-544v960q0 119-84.5 203.5T1376 1664H416q-119 0-203.5-84.5T128 1376V416q0-119 84.5-203.5T416 128h960q119 0 203.5 84.5T1664 416z"/&gt;&lt;/svg&gt;&lt;/span&gt;
        &lt;span class="icon icon-open"&gt;&lt;svg width="1792" height="1792" viewBox="0 0 1792 1792" xmlns="http://www.w3.org/2000/svg"&gt;&lt;path d="M1408 960V832q0-26-19-45t-45-19h-320V448q0-26-19-45t-45-19H832q-26 0-45 19t-19 45v320H448q-26 0-45 19t-19 45v128q0 26 19 45t45 19h320v320q0 26 19 45t45 19h128q26 0 45-19t19-45v-320h320q26 0 45-19t19-45zm256-544v960q0 119-84.5 203.5T1376 1664H416q-119 0-203.5-84.5T128 1376V416q0-119 84.5-203.5T416 128h960q119 0 203.5 84.5T1664 416z"/&gt;&lt;/svg&gt;&lt;/span&gt;
    
            &lt;span class="trace-class"&gt;&lt;abbr title="Twig\TemplateWrapper"&gt;TemplateWrapper&lt;/abbr&gt;&lt;/span&gt;&lt;span class="trace-type"&gt;-&gt;&lt;/span&gt;&lt;span class="trace-method"&gt;render&lt;/span&gt;&lt;span class="trace-arguments"&gt;(&lt;em&gt;array&lt;/em&gt;('user' =&gt; &lt;em&gt;object&lt;/em&gt;(&lt;abbr title="App\Entity\User"&gt;User&lt;/abbr&gt;)))&lt;/span&gt;    
                    &lt;span class="block trace-file-path"&gt;
            in
            &lt;a href="file://C:\Users\sliti\Desktop\dev\esprit-PIDEV-3A16-2526-FARMIA\vendor\twig\twig\src\Environment.php#L333"&gt;
                C:\Users\sliti\Desktop\dev\esprit-PIDEV-3A16-2526-FARMIA\vendor\twig\twig\src\&lt;strong&gt;Environment.php&lt;/strong&gt;
            &lt;/a&gt;
                        (line 333)
            &lt;span class="icon icon-copy hidden" data-clipboard-text="C:\Users\sliti\Desktop\dev\esprit-PIDEV-3A16-2526-FARMIA\vendor\twig\twig\src\Environment.php:333"&gt;
                &lt;svg xmlns="http://www.w3.org/2000/svg" height="24" viewBox="0 0 24 24" width="24"&gt;&lt;path d="M0 0h24v24H0z" fill="none"/&gt;&lt;path d="M16 1H4c-1.1 0-2 .9-2 2v14h2V3h12V1zm3 4H8c-1.1 0-2 .9-2 2v14c0 1.1.9 2 2 2h11c1.1 0 2-.9 2-2V7c0-1.1-.9-2-2-2zm0 16H8V7h11v14z"/&gt;&lt;/svg&gt;            &lt;/span&gt;
        &lt;/span&gt;
    &lt;/div&gt;
    &lt;div id="trace-html-1-10" class="trace-code sf-toggle-content"&gt;
        &lt;ol start="328"&gt;&lt;li&gt;&lt;code&gt;&lt;span style="color: var(--highlight-comment)"&gt;&amp;nbsp;&amp;nbsp;&amp;nbsp;&amp;nbsp;&amp;nbsp;*&amp;nbsp;@throws&amp;nbsp;SyntaxError&amp;nbsp;&amp;nbsp;When&amp;nbsp;an&amp;nbsp;error&amp;nbsp;occurred&amp;nbsp;during&amp;nbsp;compilation&lt;/span&gt;&lt;/code&gt;&lt;/li&gt;
&lt;li&gt;&lt;code&gt;&lt;span style="color: var(--highlight-comment)"&gt;&amp;nbsp;&amp;nbsp;&amp;nbsp;&amp;nbsp;&amp;nbsp;*&amp;nbsp;@throws&amp;nbsp;RuntimeError&amp;nbsp;When&amp;nbsp;an&amp;nbsp;error&amp;nbsp;occurred&amp;nbsp;during&amp;nbsp;rendering&lt;/span&gt;&lt;/code&gt;&lt;/li&gt;
&lt;li&gt;&lt;code&gt;&lt;span style="color: var(--highlight-comment)"&gt;&amp;nbsp;&amp;nbsp;&amp;nbsp;&amp;nbsp;&amp;nbsp;*/&lt;/span&gt;&lt;/code&gt;&lt;/li&gt;
&lt;li&gt;&lt;code&gt;&lt;span style="color: var(--highlight-comment)"&gt;&amp;nbsp;&amp;nbsp;&amp;nbsp;&amp;nbsp;&lt;/span&gt;&lt;span style="color: var(--highlight-keyword)"&gt;public&amp;nbsp;function&amp;nbsp;&lt;/span&gt;&lt;span style="color: var(--highlight-default)"&gt;render&lt;/span&gt;&lt;span style="color: var(--highlight-keyword)"&gt;(&lt;/span&gt;&lt;span style="color: var(--highlight-default)"&gt;$name&lt;/span&gt;&lt;span style="color: var(--highlight-keyword)"&gt;,&amp;nbsp;array&amp;nbsp;&lt;/span&gt;&lt;span style="color: var(--highlight-default)"&gt;$context&amp;nbsp;&lt;/span&gt;&lt;span style="color: var(--highlight-keyword)"&gt;=&amp;nbsp;[]):&amp;nbsp;&lt;/span&gt;&lt;span style="color: var(--highlight-default)"&gt;string&lt;/span&gt;&lt;/code&gt;&lt;/li&gt;
&lt;li&gt;&lt;code&gt;&lt;span style="color: var(--highlight-default)"&gt;&amp;nbsp;&amp;nbsp;&amp;nbsp;&amp;nbsp;&lt;/span&gt;&lt;span style="color: var(--highlight-keyword)"&gt;{&lt;/span&gt;&lt;/code&gt;&lt;/li&gt;
&lt;li class="selected"&gt;&lt;code&gt;&lt;span style="color: var(--highlight-keyword)"&gt;&amp;nbsp;&amp;nbsp;&amp;nbsp;&amp;nbsp;&amp;nbsp;&amp;nbsp;&amp;nbsp;&amp;nbsp;return&amp;nbsp;&lt;/span&gt;&lt;span style="color: var(--highlight-default)"&gt;$this&lt;/span&gt;&lt;span style="color: var(--highlight-keyword)"&gt;-&amp;gt;&lt;/span&gt;&lt;span style="color: var(--highlight-default)"&gt;load&lt;/span&gt;&lt;span style="color: var(--highlight-keyword)"&gt;(&lt;/span&gt;&lt;span style="color: var(--highlight-default)"&gt;$name&lt;/span&gt;&lt;span style="color: var(--highlight-keyword)"&gt;)-&amp;gt;&lt;/span&gt;&lt;span style="color: var(--highlight-default)"&gt;render&lt;/span&gt;&lt;span style="color: var(--highlight-keyword)"&gt;(&lt;/span&gt;&lt;span style="color: var(--highlight-default)"&gt;$context&lt;/span&gt;&lt;span style="color: var(--highlight-keyword)"&gt;);&lt;/span&gt;&lt;/code&gt;&lt;/li&gt;
&lt;li&gt;&lt;code&gt;&lt;span style="color: var(--highlight-keyword)"&gt;&amp;nbsp;&amp;nbsp;&amp;nbsp;&amp;nbsp;}&lt;/span&gt;&lt;/code&gt;&lt;/li&gt;
&lt;li&gt;&lt;code&gt;&lt;span style="color: var(--highlight-keyword)"&gt;&lt;/span&gt;&lt;/code&gt;&lt;/li&gt;
&lt;li&gt;&lt;code&gt;&lt;span style="color: var(--highlight-keyword)"&gt;&amp;nbsp;&amp;nbsp;&amp;nbsp;&amp;nbsp;&lt;/span&gt;&lt;span style="color: var(--highlight-comment)"&gt;/**&lt;/span&gt;&lt;/code&gt;&lt;/li&gt;
&lt;li&gt;&lt;code&gt;&lt;span style="color: var(--highlight-comment)"&gt;&amp;nbsp;&amp;nbsp;&amp;nbsp;&amp;nbsp;&amp;nbsp;*&amp;nbsp;Displays&amp;nbsp;a&amp;nbsp;template.&lt;/span&gt;&lt;/code&gt;&lt;/li&gt;
&lt;li&gt;&lt;code&gt;&lt;span style="color: var(--highlight-comment)"&gt;&amp;nbsp;&amp;nbsp;&amp;nbsp;&amp;nbsp;&amp;nbsp;*&lt;/span&gt;&lt;/code&gt;&lt;/li&gt;&lt;/ol&gt;    &lt;/div&gt;            &lt;/div&gt;
                        &lt;div class="trace-line "&gt;
                &lt;div class="trace-line-header break-long-words sf-toggle" data-toggle-selector="#trace-html-1-11" data-toggle-initial=""&gt;
            &lt;span class="icon icon-close"&gt;&lt;svg width="1792" height="1792" viewBox="0 0 1792 1792" xmlns="http://www.w3.org/2000/svg"&gt;&lt;path d="M1408 960V832q0-26-19-45t-45-19H448q-26 0-45 19t-19 45v128q0 26 19 45t45 19h896q26 0 45-19t19-45zm256-544v960q0 119-84.5 203.5T1376 1664H416q-119 0-203.5-84.5T128 1376V416q0-119 84.5-203.5T416 128h960q119 0 203.5 84.5T1664 416z"/&gt;&lt;/svg&gt;&lt;/span&gt;
        &lt;span class="icon icon-open"&gt;&lt;svg width="1792" height="1792" viewBox="0 0 1792 1792" xmlns="http://www.w3.org/2000/svg"&gt;&lt;path d="M1408 960V832q0-26-19-45t-45-19h-320V448q0-26-19-45t-45-19H832q-26 0-45 19t-19 45v320H448q-26 0-45 19t-19 45v128q0 26 19 45t45 19h320v320q0 26 19 45t45 19h128q26 0 45-19t19-45v-320h320q26 0 45-19t19-45zm256-544v960q0 119-84.5 203.5T1376 1664H416q-119 0-203.5-84.5T128 1376V416q0-119 84.5-203.5T416 128h960q119 0 203.5 84.5T1664 416z"/&gt;&lt;/svg&gt;&lt;/span&gt;
    
            &lt;span class="trace-class"&gt;&lt;abbr title="Twig\Environment"&gt;Environment&lt;/abbr&gt;&lt;/span&gt;&lt;span class="trace-type"&gt;-&gt;&lt;/span&gt;&lt;span class="trace-method"&gt;render&lt;/span&gt;&lt;span class="trace-arguments"&gt;('portal/expert/index.html.twig', &lt;em&gt;array&lt;/em&gt;('user' =&gt; &lt;em&gt;object&lt;/em&gt;(&lt;abbr title="App\Entity\User"&gt;User&lt;/abbr&gt;)))&lt;/span&gt;    
                    &lt;span class="block trace-file-path"&gt;
            in
            &lt;a href="file://C:\Users\sliti\Desktop\dev\esprit-PIDEV-3A16-2526-FARMIA\vendor\symfony\framework-bundle\Controller\AbstractController.php#L452"&gt;
                C:\Users\sliti\Desktop\dev\esprit-PIDEV-3A16-2526-FARMIA\vendor\symfony\framework-bundle\Controller\&lt;strong&gt;AbstractController.php&lt;/strong&gt;
            &lt;/a&gt;
                        (line 452)
            &lt;span class="icon icon-copy hidden" data-clipboard-text="C:\Users\sliti\Desktop\dev\esprit-PIDEV-3A16-2526-FARMIA\vendor\symfony\framework-bundle\Controller\AbstractController.php:452"&gt;
                &lt;svg xmlns="http://www.w3.org/2000/svg" height="24" viewBox="0 0 24 24" width="24"&gt;&lt;path d="M0 0h24v24H0z" fill="none"/&gt;&lt;path d="M16 1H4c-1.1 0-2 .9-2 2v14h2V3h12V1zm3 4H8c-1.1 0-2 .9-2 2v14c0 1.1.9 2 2 2h11c1.1 0 2-.9 2-2V7c0-1.1-.9-2-2-2zm0 16H8V7h11v14z"/&gt;&lt;/svg&gt;            &lt;/span&gt;
        &lt;/span&gt;
    &lt;/div&gt;
    &lt;div id="trace-html-1-11" class="trace-code sf-toggle-content"&gt;
        &lt;ol start="447"&gt;&lt;li&gt;&lt;code&gt;&lt;span style="color: var(--highlight-keyword)"&gt;&lt;/span&gt;&lt;/code&gt;&lt;/li&gt;
&lt;li&gt;&lt;code&gt;&lt;span style="color: var(--highlight-keyword)"&gt;&amp;nbsp;&amp;nbsp;&amp;nbsp;&amp;nbsp;&amp;nbsp;&amp;nbsp;&amp;nbsp;&amp;nbsp;if&amp;nbsp;(&lt;/span&gt;&lt;span style="color: var(--highlight-default)"&gt;null&amp;nbsp;&lt;/span&gt;&lt;span style="color: var(--highlight-keyword)"&gt;!==&amp;nbsp;&lt;/span&gt;&lt;span style="color: var(--highlight-default)"&gt;$block&lt;/span&gt;&lt;span style="color: var(--highlight-keyword)"&gt;)&amp;nbsp;{&lt;/span&gt;&lt;/code&gt;&lt;/li&gt;
&lt;li&gt;&lt;code&gt;&lt;span style="color: var(--highlight-keyword)"&gt;&amp;nbsp;&amp;nbsp;&amp;nbsp;&amp;nbsp;&amp;nbsp;&amp;nbsp;&amp;nbsp;&amp;nbsp;&amp;nbsp;&amp;nbsp;&amp;nbsp;&amp;nbsp;return&amp;nbsp;&lt;/span&gt;&lt;span style="color: var(--highlight-default)"&gt;$this&lt;/span&gt;&lt;span style="color: var(--highlight-keyword)"&gt;-&amp;gt;&lt;/span&gt;&lt;span style="color: var(--highlight-default)"&gt;container&lt;/span&gt;&lt;span style="color: var(--highlight-keyword)"&gt;-&amp;gt;&lt;/span&gt;&lt;span style="color: var(--highlight-default)"&gt;get&lt;/span&gt;&lt;span style="color: var(--highlight-keyword)"&gt;(&lt;/span&gt;&lt;span style="color: var(--highlight-string)"&gt;'twig'&lt;/span&gt;&lt;span style="color: var(--highlight-keyword)"&gt;)-&amp;gt;&lt;/span&gt;&lt;span style="color: var(--highlight-default)"&gt;load&lt;/span&gt;&lt;span style="color: var(--highlight-keyword)"&gt;(&lt;/span&gt;&lt;span style="color: var(--highlight-default)"&gt;$view&lt;/span&gt;&lt;span style="color: var(--highlight-keyword)"&gt;)-&amp;gt;&lt;/span&gt;&lt;span style="color: var(--highlight-default)"&gt;renderBlock&lt;/span&gt;&lt;span style="color: var(--highlight-keyword)"&gt;(&lt;/span&gt;&lt;span style="color: var(--highlight-default)"&gt;$block&lt;/span&gt;&lt;span style="color: var(--highlight-keyword)"&gt;,&amp;nbsp;&lt;/span&gt;&lt;span style="color: var(--highlight-default)"&gt;$parameters&lt;/span&gt;&lt;span style="color: var(--highlight-keyword)"&gt;);&lt;/span&gt;&lt;/code&gt;&lt;/li&gt;
&lt;li&gt;&lt;code&gt;&lt;span style="color: var(--highlight-keyword)"&gt;&amp;nbsp;&amp;nbsp;&amp;nbsp;&amp;nbsp;&amp;nbsp;&amp;nbsp;&amp;nbsp;&amp;nbsp;}&lt;/span&gt;&lt;/code&gt;&lt;/li&gt;
&lt;li&gt;&lt;code&gt;&lt;span style="color: var(--highlight-keyword)"&gt;&lt;/span&gt;&lt;/code&gt;&lt;/li&gt;
&lt;li class="selected"&gt;&lt;code&gt;&lt;span style="color: var(--highlight-keyword)"&gt;&amp;nbsp;&amp;nbsp;&amp;nbsp;&amp;nbsp;&amp;nbsp;&amp;nbsp;&amp;nbsp;&amp;nbsp;return&amp;nbsp;&lt;/span&gt;&lt;span style="color: var(--highlight-default)"&gt;$this&lt;/span&gt;&lt;span style="color: var(--highlight-keyword)"&gt;-&amp;gt;&lt;/span&gt;&lt;span style="color: var(--highlight-default)"&gt;container&lt;/span&gt;&lt;span style="color: var(--highlight-keyword)"&gt;-&amp;gt;&lt;/span&gt;&lt;span style="color: var(--highlight-default)"&gt;get&lt;/span&gt;&lt;span style="color: var(--highlight-keyword)"&gt;(&lt;/span&gt;&lt;span style="color: var(--highlight-string)"&gt;'twig'&lt;/span&gt;&lt;span style="color: var(--highlight-keyword)"&gt;)-&amp;gt;&lt;/span&gt;&lt;span style="color: var(--highlight-default)"&gt;render&lt;/span&gt;&lt;span style="color: var(--highlight-keyword)"&gt;(&lt;/span&gt;&lt;span style="color: var(--highlight-default)"&gt;$view&lt;/span&gt;&lt;span style="color: var(--highlight-keyword)"&gt;,&amp;nbsp;&lt;/span&gt;&lt;span style="color: var(--highlight-default)"&gt;$parameters&lt;/span&gt;&lt;span style="color: var(--highlight-keyword)"&gt;);&lt;/span&gt;&lt;/code&gt;&lt;/li&gt;
&lt;li&gt;&lt;code&gt;&lt;span style="color: var(--highlight-keyword)"&gt;&amp;nbsp;&amp;nbsp;&amp;nbsp;&amp;nbsp;}&lt;/span&gt;&lt;/code&gt;&lt;/li&gt;
&lt;li&gt;&lt;code&gt;&lt;span style="color: var(--highlight-keyword)"&gt;&lt;/span&gt;&lt;/code&gt;&lt;/li&gt;
&lt;li&gt;&lt;code&gt;&lt;span style="color: var(--highlight-keyword)"&gt;&amp;nbsp;&amp;nbsp;&amp;nbsp;&amp;nbsp;private&amp;nbsp;function&amp;nbsp;&lt;/span&gt;&lt;span style="color: var(--highlight-default)"&gt;doRender&lt;/span&gt;&lt;span style="color: var(--highlight-keyword)"&gt;(&lt;/span&gt;&lt;span style="color: var(--highlight-default)"&gt;string&amp;nbsp;$view&lt;/span&gt;&lt;span style="color: var(--highlight-keyword)"&gt;,&amp;nbsp;?&lt;/span&gt;&lt;span style="color: var(--highlight-default)"&gt;string&amp;nbsp;$block&lt;/span&gt;&lt;span style="color: var(--highlight-keyword)"&gt;,&amp;nbsp;array&amp;nbsp;&lt;/span&gt;&lt;span style="color: var(--highlight-default)"&gt;$parameters&lt;/span&gt;&lt;span style="color: var(--highlight-keyword)"&gt;,&amp;nbsp;?&lt;/span&gt;&lt;span style="color: var(--highlight-default)"&gt;Response&amp;nbsp;$response&lt;/span&gt;&lt;span style="color: var(--highlight-keyword)"&gt;,&amp;nbsp;&lt;/span&gt;&lt;span style="color: var(--highlight-default)"&gt;string&amp;nbsp;$method&lt;/span&gt;&lt;span style="color: var(--highlight-keyword)"&gt;):&amp;nbsp;&lt;/span&gt;&lt;span style="color: var(--highlight-default)"&gt;Response&lt;/span&gt;&lt;/code&gt;&lt;/li&gt;
&lt;li&gt;&lt;code&gt;&lt;span style="color: var(--highlight-default)"&gt;&amp;nbsp;&amp;nbsp;&amp;nbsp;&amp;nbsp;&lt;/span&gt;&lt;span style="color: var(--highlight-keyword)"&gt;{&lt;/span&gt;&lt;/code&gt;&lt;/li&gt;
&lt;li&gt;&lt;code&gt;&lt;span style="color: var(--highlight-keyword)"&gt;&amp;nbsp;&amp;nbsp;&amp;nbsp;&amp;nbsp;&amp;nbsp;&amp;nbsp;&amp;nbsp;&amp;nbsp;&lt;/span&gt;&lt;span style="color: var(--highlight-default)"&gt;$content&amp;nbsp;&lt;/span&gt;&lt;span style="color: var(--highlight-keyword)"&gt;=&amp;nbsp;&lt;/span&gt;&lt;span style="color: var(--highlight-default)"&gt;$this&lt;/span&gt;&lt;span style="color: var(--highlight-keyword)"&gt;-&amp;gt;&lt;/span&gt;&lt;span style="color: var(--highlight-default)"&gt;doRenderView&lt;/span&gt;&lt;span style="color: var(--highlight-keyword)"&gt;(&lt;/span&gt;&lt;span style="color: var(--highlight-default)"&gt;$view&lt;/span&gt;&lt;span style="color: var(--highlight-keyword)"&gt;,&amp;nbsp;&lt;/span&gt;&lt;span style="color: var(--highlight-default)"&gt;$block&lt;/span&gt;&lt;span style="color: var(--highlight-keyword)"&gt;,&amp;nbsp;&lt;/span&gt;&lt;span style="color: var(--highlight-default)"&gt;$parameters&lt;/span&gt;&lt;span style="color: var(--highlight-keyword)"&gt;,&amp;nbsp;&lt;/span&gt;&lt;span style="color: var(--highlight-default)"&gt;$method&lt;/span&gt;&lt;span style="color: var(--highlight-keyword)"&gt;);&lt;/span&gt;&lt;/code&gt;&lt;/li&gt;&lt;/ol&gt;    &lt;/div&gt;            &lt;/div&gt;
                        &lt;div class="trace-line "&gt;
                &lt;div class="trace-line-header break-long-words sf-toggle" data-toggle-selector="#trace-html-1-12" data-toggle-initial=""&gt;
            &lt;span class="icon icon-close"&gt;&lt;svg width="1792" height="1792" viewBox="0 0 1792 1792" xmlns="http://www.w3.org/2000/svg"&gt;&lt;path d="M1408 960V832q0-26-19-45t-45-19H448q-26 0-45 19t-19 45v128q0 26 19 45t45 19h896q26 0 45-19t19-45zm256-544v960q0 119-84.5 203.5T1376 1664H416q-119 0-203.5-84.5T128 1376V416q0-119 84.5-203.5T416 128h960q119 0 203.5 84.5T1664 416z"/&gt;&lt;/svg&gt;&lt;/span&gt;
        &lt;span class="icon icon-open"&gt;&lt;svg width="1792" height="1792" viewBox="0 0 1792 1792" xmlns="http://www.w3.org/2000/svg"&gt;&lt;path d="M1408 960V832q0-26-19-45t-45-19h-320V448q0-26-19-45t-45-19H832q-26 0-45 19t-19 45v320H448q-26 0-45 19t-19 45v128q0 26 19 45t45 19h320v320q0 26 19 45t45 19h128q26 0 45-19t19-45v-320h320q26 0 45-19t19-45zm256-544v960q0 119-84.5 203.5T1376 1664H416q-119 0-203.5-84.5T128 1376V416q0-119 84.5-203.5T416 128h960q119 0 203.5 84.5T1664 416z"/&gt;&lt;/svg&gt;&lt;/span&gt;
    
            &lt;span class="trace-class"&gt;&lt;abbr title="Symfony\Bundle\FrameworkBundle\Controller\AbstractController"&gt;AbstractController&lt;/abbr&gt;&lt;/span&gt;&lt;span class="trace-type"&gt;-&gt;&lt;/span&gt;&lt;span class="trace-method"&gt;doRenderView&lt;/span&gt;&lt;span class="trace-arguments"&gt;('portal/expert/index.html.twig', &lt;em&gt;null&lt;/em&gt;, &lt;em&gt;array&lt;/em&gt;('user' =&gt; &lt;em&gt;object&lt;/em&gt;(&lt;abbr title="App\Entity\User"&gt;User&lt;/abbr&gt;)), 'render')&lt;/span&gt;    
                    &lt;span class="block trace-file-path"&gt;
            in
            &lt;a href="file://C:\Users\sliti\Desktop\dev\esprit-PIDEV-3A16-2526-FARMIA\vendor\symfony\framework-bundle\Controller\AbstractController.php#L457"&gt;
                C:\Users\sliti\Desktop\dev\esprit-PIDEV-3A16-2526-FARMIA\vendor\symfony\framework-bundle\Controller\&lt;strong&gt;AbstractController.php&lt;/strong&gt;
            &lt;/a&gt;
                        (line 457)
            &lt;span class="icon icon-copy hidden" data-clipboard-text="C:\Users\sliti\Desktop\dev\esprit-PIDEV-3A16-2526-FARMIA\vendor\symfony\framework-bundle\Controller\AbstractController.php:457"&gt;
                &lt;svg xmlns="http://www.w3.org/2000/svg" height="24" viewBox="0 0 24 24" width="24"&gt;&lt;path d="M0 0h24v24H0z" fill="none"/&gt;&lt;path d="M16 1H4c-1.1 0-2 .9-2 2v14h2V3h12V1zm3 4H8c-1.1 0-2 .9-2 2v14c0 1.1.9 2 2 2h11c1.1 0 2-.9 2-2V7c0-1.1-.9-2-2-2zm0 16H8V7h11v14z"/&gt;&lt;/svg&gt;            &lt;/span&gt;
        &lt;/span&gt;
    &lt;/div&gt;
    &lt;div id="trace-html-1-12" class="trace-code sf-toggle-content"&gt;
        &lt;ol start="452"&gt;&lt;li&gt;&lt;code&gt;&lt;span style="color: var(--highlight-keyword)"&gt;&amp;nbsp;&amp;nbsp;&amp;nbsp;&amp;nbsp;&amp;nbsp;&amp;nbsp;&amp;nbsp;&amp;nbsp;return&amp;nbsp;&lt;/span&gt;&lt;span style="color: var(--highlight-default)"&gt;$this&lt;/span&gt;&lt;span style="color: var(--highlight-keyword)"&gt;-&amp;gt;&lt;/span&gt;&lt;span style="color: var(--highlight-default)"&gt;container&lt;/span&gt;&lt;span style="color: var(--highlight-keyword)"&gt;-&amp;gt;&lt;/span&gt;&lt;span style="color: var(--highlight-default)"&gt;get&lt;/span&gt;&lt;span style="color: var(--highlight-keyword)"&gt;(&lt;/span&gt;&lt;span style="color: var(--highlight-string)"&gt;'twig'&lt;/span&gt;&lt;span style="color: var(--highlight-keyword)"&gt;)-&amp;gt;&lt;/span&gt;&lt;span style="color: var(--highlight-default)"&gt;render&lt;/span&gt;&lt;span style="color: var(--highlight-keyword)"&gt;(&lt;/span&gt;&lt;span style="color: var(--highlight-default)"&gt;$view&lt;/span&gt;&lt;span style="color: var(--highlight-keyword)"&gt;,&amp;nbsp;&lt;/span&gt;&lt;span style="color: var(--highlight-default)"&gt;$parameters&lt;/span&gt;&lt;span style="color: var(--highlight-keyword)"&gt;);&lt;/span&gt;&lt;/code&gt;&lt;/li&gt;
&lt;li&gt;&lt;code&gt;&lt;span style="color: var(--highlight-keyword)"&gt;&amp;nbsp;&amp;nbsp;&amp;nbsp;&amp;nbsp;}&lt;/span&gt;&lt;/code&gt;&lt;/li&gt;
&lt;li&gt;&lt;code&gt;&lt;span style="color: var(--highlight-keyword)"&gt;&lt;/span&gt;&lt;/code&gt;&lt;/li&gt;
&lt;li&gt;&lt;code&gt;&lt;span style="color: var(--highlight-keyword)"&gt;&amp;nbsp;&amp;nbsp;&amp;nbsp;&amp;nbsp;private&amp;nbsp;function&amp;nbsp;&lt;/span&gt;&lt;span style="color: var(--highlight-default)"&gt;doRender&lt;/span&gt;&lt;span style="color: var(--highlight-keyword)"&gt;(&lt;/span&gt;&lt;span style="color: var(--highlight-default)"&gt;string&amp;nbsp;$view&lt;/span&gt;&lt;span style="color: var(--highlight-keyword)"&gt;,&amp;nbsp;?&lt;/span&gt;&lt;span style="color: var(--highlight-default)"&gt;string&amp;nbsp;$block&lt;/span&gt;&lt;span style="color: var(--highlight-keyword)"&gt;,&amp;nbsp;array&amp;nbsp;&lt;/span&gt;&lt;span style="color: var(--highlight-default)"&gt;$parameters&lt;/span&gt;&lt;span style="color: var(--highlight-keyword)"&gt;,&amp;nbsp;?&lt;/span&gt;&lt;span style="color: var(--highlight-default)"&gt;Response&amp;nbsp;$response&lt;/span&gt;&lt;span style="color: var(--highlight-keyword)"&gt;,&amp;nbsp;&lt;/span&gt;&lt;span style="color: var(--highlight-default)"&gt;string&amp;nbsp;$method&lt;/span&gt;&lt;span style="color: var(--highlight-keyword)"&gt;):&amp;nbsp;&lt;/span&gt;&lt;span style="color: var(--highlight-default)"&gt;Response&lt;/span&gt;&lt;/code&gt;&lt;/li&gt;
&lt;li&gt;&lt;code&gt;&lt;span style="color: var(--highlight-default)"&gt;&amp;nbsp;&amp;nbsp;&amp;nbsp;&amp;nbsp;&lt;/span&gt;&lt;span style="color: var(--highlight-keyword)"&gt;{&lt;/span&gt;&lt;/code&gt;&lt;/li&gt;
&lt;li class="selected"&gt;&lt;code&gt;&lt;span style="color: var(--highlight-keyword)"&gt;&amp;nbsp;&amp;nbsp;&amp;nbsp;&amp;nbsp;&amp;nbsp;&amp;nbsp;&amp;nbsp;&amp;nbsp;&lt;/span&gt;&lt;span style="color: var(--highlight-default)"&gt;$content&amp;nbsp;&lt;/span&gt;&lt;span style="color: var(--highlight-keyword)"&gt;=&amp;nbsp;&lt;/span&gt;&lt;span style="color: var(--highlight-default)"&gt;$this&lt;/span&gt;&lt;span style="color: var(--highlight-keyword)"&gt;-&amp;gt;&lt;/span&gt;&lt;span style="color: var(--highlight-default)"&gt;doRenderView&lt;/span&gt;&lt;span style="color: var(--highlight-keyword)"&gt;(&lt;/span&gt;&lt;span style="color: var(--highlight-default)"&gt;$view&lt;/span&gt;&lt;span style="color: var(--highlight-keyword)"&gt;,&amp;nbsp;&lt;/span&gt;&lt;span style="color: var(--highlight-default)"&gt;$block&lt;/span&gt;&lt;span style="color: var(--highlight-keyword)"&gt;,&amp;nbsp;&lt;/span&gt;&lt;span style="color: var(--highlight-default)"&gt;$parameters&lt;/span&gt;&lt;span style="color: var(--highlight-keyword)"&gt;,&amp;nbsp;&lt;/span&gt;&lt;span style="color: var(--highlight-default)"&gt;$method&lt;/span&gt;&lt;span style="color: var(--highlight-keyword)"&gt;);&lt;/span&gt;&lt;/code&gt;&lt;/li&gt;
&lt;li&gt;&lt;code&gt;&lt;span style="color: var(--highlight-keyword)"&gt;&amp;nbsp;&amp;nbsp;&amp;nbsp;&amp;nbsp;&amp;nbsp;&amp;nbsp;&amp;nbsp;&amp;nbsp;&lt;/span&gt;&lt;span style="color: var(--highlight-default)"&gt;$response&amp;nbsp;&lt;/span&gt;&lt;span style="color: var(--highlight-keyword)"&gt;??=&amp;nbsp;new&amp;nbsp;&lt;/span&gt;&lt;span style="color: var(--highlight-default)"&gt;Response&lt;/span&gt;&lt;span style="color: var(--highlight-keyword)"&gt;();&lt;/span&gt;&lt;/code&gt;&lt;/li&gt;
&lt;li&gt;&lt;code&gt;&lt;span style="color: var(--highlight-keyword)"&gt;&lt;/span&gt;&lt;/code&gt;&lt;/li&gt;
&lt;li&gt;&lt;code&gt;&lt;span style="color: var(--highlight-keyword)"&gt;&amp;nbsp;&amp;nbsp;&amp;nbsp;&amp;nbsp;&amp;nbsp;&amp;nbsp;&amp;nbsp;&amp;nbsp;if&amp;nbsp;(&lt;/span&gt;&lt;span style="color: var(--highlight-default)"&gt;200&amp;nbsp;&lt;/span&gt;&lt;span style="color: var(--highlight-keyword)"&gt;===&amp;nbsp;&lt;/span&gt;&lt;span style="color: var(--highlight-default)"&gt;$response&lt;/span&gt;&lt;span style="color: var(--highlight-keyword)"&gt;-&amp;gt;&lt;/span&gt;&lt;span style="color: var(--highlight-default)"&gt;getStatusCode&lt;/span&gt;&lt;span style="color: var(--highlight-keyword)"&gt;())&amp;nbsp;{&lt;/span&gt;&lt;/code&gt;&lt;/li&gt;
&lt;li&gt;&lt;code&gt;&lt;span style="color: var(--highlight-keyword)"&gt;&amp;nbsp;&amp;nbsp;&amp;nbsp;&amp;nbsp;&amp;nbsp;&amp;nbsp;&amp;nbsp;&amp;nbsp;&amp;nbsp;&amp;nbsp;&amp;nbsp;&amp;nbsp;foreach&amp;nbsp;(&lt;/span&gt;&lt;span style="color: var(--highlight-default)"&gt;$parameters&amp;nbsp;&lt;/span&gt;&lt;span style="color: var(--highlight-keyword)"&gt;as&amp;nbsp;&lt;/span&gt;&lt;span style="color: var(--highlight-default)"&gt;$v&lt;/span&gt;&lt;span style="color: var(--highlight-keyword)"&gt;)&amp;nbsp;{&lt;/span&gt;&lt;/code&gt;&lt;/li&gt;
&lt;li&gt;&lt;code&gt;&lt;span style="color: var(--highlight-keyword)"&gt;&amp;nbsp;&amp;nbsp;&amp;nbsp;&amp;nbsp;&amp;nbsp;&amp;nbsp;&amp;nbsp;&amp;nbsp;&amp;nbsp;&amp;nbsp;&amp;nbsp;&amp;nbsp;&amp;nbsp;&amp;nbsp;&amp;nbsp;&amp;nbsp;if&amp;nbsp;(&lt;/span&gt;&lt;span style="color: var(--highlight-default)"&gt;$v&amp;nbsp;&lt;/span&gt;&lt;span style="color: var(--highlight-keyword)"&gt;instanceof&amp;nbsp;&lt;/span&gt;&lt;span style="color: var(--highlight-default)"&gt;FormInterface&amp;nbsp;&lt;/span&gt;&lt;span style="color: var(--highlight-keyword)"&gt;&amp;amp;&amp;amp;&amp;nbsp;&lt;/span&gt;&lt;span style="color: var(--highlight-default)"&gt;$v&lt;/span&gt;&lt;span style="color: var(--highlight-keyword)"&gt;-&amp;gt;&lt;/span&gt;&lt;span style="color: var(--highlight-default)"&gt;isSubmitted&lt;/span&gt;&lt;span style="color: var(--highlight-keyword)"&gt;()&amp;nbsp;&amp;amp;&amp;amp;&amp;nbsp;!&lt;/span&gt;&lt;span style="color: var(--highlight-default)"&gt;$v&lt;/span&gt;&lt;span style="color: var(--highlight-keyword)"&gt;-&amp;gt;&lt;/span&gt;&lt;span style="color: var(--highlight-default)"&gt;isValid&lt;/span&gt;&lt;span style="color: var(--highlight-keyword)"&gt;())&amp;nbsp;{&lt;/span&gt;&lt;/code&gt;&lt;/li&gt;&lt;/ol&gt;    &lt;/div&gt;            &lt;/div&gt;
                        &lt;div class="trace-line "&gt;
                &lt;div class="trace-line-header break-long-words sf-toggle" data-toggle-selector="#trace-html-1-13" data-toggle-initial=""&gt;
            &lt;span class="icon icon-close"&gt;&lt;svg width="1792" height="1792" viewBox="0 0 1792 1792" xmlns="http://www.w3.org/2000/svg"&gt;&lt;path d="M1408 960V832q0-26-19-45t-45-19H448q-26 0-45 19t-19 45v128q0 26 19 45t45 19h896q26 0 45-19t19-45zm256-544v960q0 119-84.5 203.5T1376 1664H416q-119 0-203.5-84.5T128 1376V416q0-119 84.5-203.5T416 128h960q119 0 203.5 84.5T1664 416z"/&gt;&lt;/svg&gt;&lt;/span&gt;
        &lt;span class="icon icon-open"&gt;&lt;svg width="1792" height="1792" viewBox="0 0 1792 1792" xmlns="http://www.w3.org/2000/svg"&gt;&lt;path d="M1408 960V832q0-26-19-45t-45-19h-320V448q0-26-19-45t-45-19H832q-26 0-45 19t-19 45v320H448q-26 0-45 19t-19 45v128q0 26 19 45t45 19h320v320q0 26 19 45t45 19h128q26 0 45-19t19-45v-320h320q26 0 45-19t19-45zm256-544v960q0 119-84.5 203.5T1376 1664H416q-119 0-203.5-84.5T128 1376V416q0-119 84.5-203.5T416 128h960q119 0 203.5 84.5T1664 416z"/&gt;&lt;/svg&gt;&lt;/span&gt;
    
            &lt;span class="trace-class"&gt;&lt;abbr title="Symfony\Bundle\FrameworkBundle\Controller\AbstractController"&gt;AbstractController&lt;/abbr&gt;&lt;/span&gt;&lt;span class="trace-type"&gt;-&gt;&lt;/span&gt;&lt;span class="trace-method"&gt;doRender&lt;/span&gt;&lt;span class="trace-arguments"&gt;('portal/expert/index.html.twig', &lt;em&gt;null&lt;/em&gt;, &lt;em&gt;array&lt;/em&gt;('user' =&gt; &lt;em&gt;object&lt;/em&gt;(&lt;abbr title="App\Entity\User"&gt;User&lt;/abbr&gt;)), &lt;em&gt;null&lt;/em&gt;, 'render')&lt;/span&gt;    
                    &lt;span class="block trace-file-path"&gt;
            in
            &lt;a href="file://C:\Users\sliti\Desktop\dev\esprit-PIDEV-3A16-2526-FARMIA\vendor\symfony\framework-bundle\Controller\AbstractController.php#L257"&gt;
                C:\Users\sliti\Desktop\dev\esprit-PIDEV-3A16-2526-FARMIA\vendor\symfony\framework-bundle\Controller\&lt;strong&gt;AbstractController.php&lt;/strong&gt;
            &lt;/a&gt;
                        (line 257)
            &lt;span class="icon icon-copy hidden" data-clipboard-text="C:\Users\sliti\Desktop\dev\esprit-PIDEV-3A16-2526-FARMIA\vendor\symfony\framework-bundle\Controller\AbstractController.php:257"&gt;
                &lt;svg xmlns="http://www.w3.org/2000/svg" height="24" viewBox="0 0 24 24" width="24"&gt;&lt;path d="M0 0h24v24H0z" fill="none"/&gt;&lt;path d="M16 1H4c-1.1 0-2 .9-2 2v14h2V3h12V1zm3 4H8c-1.1 0-2 .9-2 2v14c0 1.1.9 2 2 2h11c1.1 0 2-.9 2-2V7c0-1.1-.9-2-2-2zm0 16H8V7h11v14z"/&gt;&lt;/svg&gt;            &lt;/span&gt;
        &lt;/span&gt;
    &lt;/div&gt;
    &lt;div id="trace-html-1-13" class="trace-code sf-toggle-content"&gt;
        &lt;ol start="252"&gt;&lt;li&gt;&lt;code&gt;&lt;span style="color: var(--highlight-comment)"&gt;&amp;nbsp;&amp;nbsp;&amp;nbsp;&amp;nbsp;&amp;nbsp;*&amp;nbsp;If&amp;nbsp;an&amp;nbsp;invalid&amp;nbsp;form&amp;nbsp;is&amp;nbsp;found&amp;nbsp;in&amp;nbsp;the&amp;nbsp;list&amp;nbsp;of&amp;nbsp;parameters,&amp;nbsp;a&amp;nbsp;422&amp;nbsp;status&amp;nbsp;code&amp;nbsp;is&amp;nbsp;returned.&lt;/span&gt;&lt;/code&gt;&lt;/li&gt;
&lt;li&gt;&lt;code&gt;&lt;span style="color: var(--highlight-comment)"&gt;&amp;nbsp;&amp;nbsp;&amp;nbsp;&amp;nbsp;&amp;nbsp;*&amp;nbsp;Forms&amp;nbsp;found&amp;nbsp;in&amp;nbsp;parameters&amp;nbsp;are&amp;nbsp;auto-cast&amp;nbsp;to&amp;nbsp;form&amp;nbsp;views.&lt;/span&gt;&lt;/code&gt;&lt;/li&gt;
&lt;li&gt;&lt;code&gt;&lt;span style="color: var(--highlight-comment)"&gt;&amp;nbsp;&amp;nbsp;&amp;nbsp;&amp;nbsp;&amp;nbsp;*/&lt;/span&gt;&lt;/code&gt;&lt;/li&gt;
&lt;li&gt;&lt;code&gt;&lt;span style="color: var(--highlight-comment)"&gt;&amp;nbsp;&amp;nbsp;&amp;nbsp;&amp;nbsp;&lt;/span&gt;&lt;span style="color: var(--highlight-keyword)"&gt;protected&amp;nbsp;function&amp;nbsp;&lt;/span&gt;&lt;span style="color: var(--highlight-default)"&gt;render&lt;/span&gt;&lt;span style="color: var(--highlight-keyword)"&gt;(&lt;/span&gt;&lt;span style="color: var(--highlight-default)"&gt;string&amp;nbsp;$view&lt;/span&gt;&lt;span style="color: var(--highlight-keyword)"&gt;,&amp;nbsp;array&amp;nbsp;&lt;/span&gt;&lt;span style="color: var(--highlight-default)"&gt;$parameters&amp;nbsp;&lt;/span&gt;&lt;span style="color: var(--highlight-keyword)"&gt;=&amp;nbsp;[],&amp;nbsp;?&lt;/span&gt;&lt;span style="color: var(--highlight-default)"&gt;Response&amp;nbsp;$response&amp;nbsp;&lt;/span&gt;&lt;span style="color: var(--highlight-keyword)"&gt;=&amp;nbsp;&lt;/span&gt;&lt;span style="color: var(--highlight-default)"&gt;null&lt;/span&gt;&lt;span style="color: var(--highlight-keyword)"&gt;):&amp;nbsp;&lt;/span&gt;&lt;span style="color: var(--highlight-default)"&gt;Response&lt;/span&gt;&lt;/code&gt;&lt;/li&gt;
&lt;li&gt;&lt;code&gt;&lt;span style="color: var(--highlight-default)"&gt;&amp;nbsp;&amp;nbsp;&amp;nbsp;&amp;nbsp;&lt;/span&gt;&lt;span style="color: var(--highlight-keyword)"&gt;{&lt;/span&gt;&lt;/code&gt;&lt;/li&gt;
&lt;li class="selected"&gt;&lt;code&gt;&lt;span style="color: var(--highlight-keyword)"&gt;&amp;nbsp;&amp;nbsp;&amp;nbsp;&amp;nbsp;&amp;nbsp;&amp;nbsp;&amp;nbsp;&amp;nbsp;return&amp;nbsp;&lt;/span&gt;&lt;span style="color: var(--highlight-default)"&gt;$this&lt;/span&gt;&lt;span style="color: var(--highlight-keyword)"&gt;-&amp;gt;&lt;/span&gt;&lt;span style="color: var(--highlight-default)"&gt;doRender&lt;/span&gt;&lt;span style="color: var(--highlight-keyword)"&gt;(&lt;/span&gt;&lt;span style="color: var(--highlight-default)"&gt;$view&lt;/span&gt;&lt;span style="color: var(--highlight-keyword)"&gt;,&amp;nbsp;&lt;/span&gt;&lt;span style="color: var(--highlight-default)"&gt;null&lt;/span&gt;&lt;span style="color: var(--highlight-keyword)"&gt;,&amp;nbsp;&lt;/span&gt;&lt;span style="color: var(--highlight-default)"&gt;$parameters&lt;/span&gt;&lt;span style="color: var(--highlight-keyword)"&gt;,&amp;nbsp;&lt;/span&gt;&lt;span style="color: var(--highlight-default)"&gt;$response&lt;/span&gt;&lt;span style="color: var(--highlight-keyword)"&gt;,&amp;nbsp;&lt;/span&gt;&lt;span style="color: var(--highlight-default)"&gt;__FUNCTION__&lt;/span&gt;&lt;span style="color: var(--highlight-keyword)"&gt;);&lt;/span&gt;&lt;/code&gt;&lt;/li&gt;
&lt;li&gt;&lt;code&gt;&lt;span style="color: var(--highlight-keyword)"&gt;&amp;nbsp;&amp;nbsp;&amp;nbsp;&amp;nbsp;}&lt;/span&gt;&lt;/code&gt;&lt;/li&gt;
&lt;li&gt;&lt;code&gt;&lt;span style="color: var(--highlight-keyword)"&gt;&lt;/span&gt;&lt;/code&gt;&lt;/li&gt;
&lt;li&gt;&lt;code&gt;&lt;span style="color: var(--highlight-keyword)"&gt;&amp;nbsp;&amp;nbsp;&amp;nbsp;&amp;nbsp;&lt;/span&gt;&lt;span style="color: var(--highlight-comment)"&gt;/**&lt;/span&gt;&lt;/code&gt;&lt;/li&gt;
&lt;li&gt;&lt;code&gt;&lt;span style="color: var(--highlight-comment)"&gt;&amp;nbsp;&amp;nbsp;&amp;nbsp;&amp;nbsp;&amp;nbsp;*&amp;nbsp;Renders&amp;nbsp;a&amp;nbsp;block&amp;nbsp;in&amp;nbsp;a&amp;nbsp;view.&lt;/span&gt;&lt;/code&gt;&lt;/li&gt;
&lt;li&gt;&lt;code&gt;&lt;span style="color: var(--highlight-comment)"&gt;&amp;nbsp;&amp;nbsp;&amp;nbsp;&amp;nbsp;&amp;nbsp;*&lt;/span&gt;&lt;/code&gt;&lt;/li&gt;&lt;/ol&gt;    &lt;/div&gt;            &lt;/div&gt;
                        &lt;div class="trace-line "&gt;
                &lt;div class="trace-line-header break-long-words sf-toggle" data-toggle-selector="#trace-html-1-14" data-toggle-initial=""&gt;
            &lt;span class="icon icon-close"&gt;&lt;svg width="1792" height="1792" viewBox="0 0 1792 1792" xmlns="http://www.w3.org/2000/svg"&gt;&lt;path d="M1408 960V832q0-26-19-45t-45-19H448q-26 0-45 19t-19 45v128q0 26 19 45t45 19h896q26 0 45-19t19-45zm256-544v960q0 119-84.5 203.5T1376 1664H416q-119 0-203.5-84.5T128 1376V416q0-119 84.5-203.5T416 128h960q119 0 203.5 84.5T1664 416z"/&gt;&lt;/svg&gt;&lt;/span&gt;
        &lt;span class="icon icon-open"&gt;&lt;svg width="1792" height="1792" viewBox="0 0 1792 1792" xmlns="http://www.w3.org/2000/svg"&gt;&lt;path d="M1408 960V832q0-26-19-45t-45-19h-320V448q0-26-19-45t-45-19H832q-26 0-45 19t-19 45v320H448q-26 0-45 19t-19 45v128q0 26 19 45t45 19h320v320q0 26 19 45t45 19h128q26 0 45-19t19-45v-320h320q26 0 45-19t19-45zm256-544v960q0 119-84.5 203.5T1376 1664H416q-119 0-203.5-84.5T128 1376V416q0-119 84.5-203.5T416 128h960q119 0 203.5 84.5T1664 416z"/&gt;&lt;/svg&gt;&lt;/span&gt;
    
            &lt;span class="trace-class"&gt;&lt;abbr title="Symfony\Bundle\FrameworkBundle\Controller\AbstractController"&gt;AbstractController&lt;/abbr&gt;&lt;/span&gt;&lt;span class="trace-type"&gt;-&gt;&lt;/span&gt;&lt;span class="trace-method"&gt;render&lt;/span&gt;&lt;span class="trace-arguments"&gt;('portal/expert/index.html.twig', &lt;em&gt;array&lt;/em&gt;('user' =&gt; &lt;em&gt;object&lt;/em&gt;(&lt;abbr title="App\Entity\User"&gt;User&lt;/abbr&gt;)))&lt;/span&gt;    
                    &lt;span class="block trace-file-path"&gt;
            in
            &lt;a href="file://C:\Users\sliti\Desktop\dev\esprit-PIDEV-3A16-2526-FARMIA\src\Controller\Web\DashboardController.php#L42"&gt;
                C:\Users\sliti\Desktop\dev\esprit-PIDEV-3A16-2526-FARMIA\src\Controller\Web\&lt;strong&gt;DashboardController.php&lt;/strong&gt;
            &lt;/a&gt;
                        (line 42)
            &lt;span class="icon icon-copy hidden" data-clipboard-text="C:\Users\sliti\Desktop\dev\esprit-PIDEV-3A16-2526-FARMIA\src\Controller\Web\DashboardController.php:42"&gt;
                &lt;svg xmlns="http://www.w3.org/2000/svg" height="24" viewBox="0 0 24 24" width="24"&gt;&lt;path d="M0 0h24v24H0z" fill="none"/&gt;&lt;path d="M16 1H4c-1.1 0-2 .9-2 2v14h2V3h12V1zm3 4H8c-1.1 0-2 .9-2 2v14c0 1.1.9 2 2 2h11c1.1 0 2-.9 2-2V7c0-1.1-.9-2-2-2zm0 16H8V7h11v14z"/&gt;&lt;/svg&gt;            &lt;/span&gt;
        &lt;/span&gt;
    &lt;/div&gt;
    &lt;div id="trace-html-1-14" class="trace-code sf-toggle-content"&gt;
        &lt;ol start="37"&gt;&lt;li&gt;&lt;code&gt;&lt;span style="color: var(--highlight-keyword)"&gt;&#13;&lt;/span&gt;&lt;/code&gt;&lt;/li&gt;
&lt;li&gt;&lt;code&gt;&lt;span style="color: var(--highlight-keyword)"&gt;&amp;nbsp;&amp;nbsp;&amp;nbsp;&amp;nbsp;#[&lt;/span&gt;&lt;span style="color: var(--highlight-default)"&gt;Route&lt;/span&gt;&lt;span style="color: var(--highlight-keyword)"&gt;(&lt;/span&gt;&lt;span style="color: var(--highlight-string)"&gt;'/expert/dashboard'&lt;/span&gt;&lt;span style="color: var(--highlight-keyword)"&gt;,&amp;nbsp;&lt;/span&gt;&lt;span style="color: var(--highlight-default)"&gt;name&lt;/span&gt;&lt;span style="color: var(--highlight-keyword)"&gt;:&amp;nbsp;&lt;/span&gt;&lt;span style="color: var(--highlight-string)"&gt;'dashboard_expert'&lt;/span&gt;&lt;span style="color: var(--highlight-keyword)"&gt;)]&#13;&lt;/span&gt;&lt;/code&gt;&lt;/li&gt;
&lt;li&gt;&lt;code&gt;&lt;span style="color: var(--highlight-keyword)"&gt;&amp;nbsp;&amp;nbsp;&amp;nbsp;&amp;nbsp;#[&lt;/span&gt;&lt;span style="color: var(--highlight-default)"&gt;IsGranted&lt;/span&gt;&lt;span style="color: var(--highlight-keyword)"&gt;(&lt;/span&gt;&lt;span style="color: var(--highlight-string)"&gt;'ROLE_EXPERT'&lt;/span&gt;&lt;span style="color: var(--highlight-keyword)"&gt;)]&#13;&lt;/span&gt;&lt;/code&gt;&lt;/li&gt;
&lt;li&gt;&lt;code&gt;&lt;span style="color: var(--highlight-keyword)"&gt;&amp;nbsp;&amp;nbsp;&amp;nbsp;&amp;nbsp;public&amp;nbsp;function&amp;nbsp;&lt;/span&gt;&lt;span style="color: var(--highlight-default)"&gt;expert&lt;/span&gt;&lt;span style="color: var(--highlight-keyword)"&gt;():&amp;nbsp;&lt;/span&gt;&lt;span style="color: var(--highlight-default)"&gt;Response&#13;&lt;/span&gt;&lt;/code&gt;&lt;/li&gt;
&lt;li&gt;&lt;code&gt;&lt;span style="color: var(--highlight-default)"&gt;&amp;nbsp;&amp;nbsp;&amp;nbsp;&amp;nbsp;&lt;/span&gt;&lt;span style="color: var(--highlight-keyword)"&gt;{&#13;&lt;/span&gt;&lt;/code&gt;&lt;/li&gt;
&lt;li class="selected"&gt;&lt;code&gt;&lt;span style="color: var(--highlight-keyword)"&gt;&amp;nbsp;&amp;nbsp;&amp;nbsp;&amp;nbsp;&amp;nbsp;&amp;nbsp;&amp;nbsp;&amp;nbsp;return&amp;nbsp;&lt;/span&gt;&lt;span style="color: var(--highlight-default)"&gt;$this&lt;/span&gt;&lt;span style="color: var(--highlight-keyword)"&gt;-&amp;gt;&lt;/span&gt;&lt;span style="color: var(--highlight-default)"&gt;render&lt;/span&gt;&lt;span style="color: var(--highlight-keyword)"&gt;(&lt;/span&gt;&lt;span style="color: var(--highlight-string)"&gt;'portal/expert/index.html.twig'&lt;/span&gt;&lt;span style="color: var(--highlight-keyword)"&gt;,&amp;nbsp;[&#13;&lt;/span&gt;&lt;/code&gt;&lt;/li&gt;
&lt;li&gt;&lt;code&gt;&lt;span style="color: var(--highlight-keyword)"&gt;&amp;nbsp;&amp;nbsp;&amp;nbsp;&amp;nbsp;&amp;nbsp;&amp;nbsp;&amp;nbsp;&amp;nbsp;&amp;nbsp;&amp;nbsp;&amp;nbsp;&amp;nbsp;&lt;/span&gt;&lt;span style="color: var(--highlight-string)"&gt;'user'&amp;nbsp;&lt;/span&gt;&lt;span style="color: var(--highlight-keyword)"&gt;=&amp;gt;&amp;nbsp;&lt;/span&gt;&lt;span style="color: var(--highlight-default)"&gt;$this&lt;/span&gt;&lt;span style="color: var(--highlight-keyword)"&gt;-&amp;gt;&lt;/span&gt;&lt;span style="color: var(--highlight-default)"&gt;getUser&lt;/span&gt;&lt;span style="color: var(--highlight-keyword)"&gt;()&#13;&lt;/span&gt;&lt;/code&gt;&lt;/li&gt;
&lt;li&gt;&lt;code&gt;&lt;span style="color: var(--highlight-keyword)"&gt;&amp;nbsp;&amp;nbsp;&amp;nbsp;&amp;nbsp;&amp;nbsp;&amp;nbsp;&amp;nbsp;&amp;nbsp;]);&#13;&lt;/span&gt;&lt;/code&gt;&lt;/li&gt;
&lt;li&gt;&lt;code&gt;&lt;span style="color: var(--highlight-keyword)"&gt;&amp;nbsp;&amp;nbsp;&amp;nbsp;&amp;nbsp;}&#13;&lt;/span&gt;&lt;/code&gt;&lt;/li&gt;
&lt;li&gt;&lt;code&gt;&lt;span style="color: var(--highlight-keyword)"&gt;&#13;&lt;/span&gt;&lt;/code&gt;&lt;/li&gt;
&lt;li&gt;&lt;code&gt;&lt;span style="color: var(--highlight-keyword)"&gt;&amp;nbsp;&amp;nbsp;&amp;nbsp;&amp;nbsp;&lt;/span&gt;&lt;span style="color: var(--highlight-comment)"&gt;//&amp;nbsp;-----------------------------------------------------------&#13;&lt;/span&gt;&lt;/code&gt;&lt;/li&gt;&lt;/ol&gt;    &lt;/div&gt;            &lt;/div&gt;
                        &lt;div class="trace-line "&gt;
                &lt;div class="trace-line-header break-long-words sf-toggle" data-toggle-selector="#trace-html-1-15" data-toggle-initial=""&gt;
            &lt;span class="icon icon-close"&gt;&lt;svg width="1792" height="1792" viewBox="0 0 1792 1792" xmlns="http://www.w3.org/2000/svg"&gt;&lt;path d="M1408 960V832q0-26-19-45t-45-19H448q-26 0-45 19t-19 45v128q0 26 19 45t45 19h896q26 0 45-19t19-45zm256-544v960q0 119-84.5 203.5T1376 1664H416q-119 0-203.5-84.5T128 1376V416q0-119 84.5-203.5T416 128h960q119 0 203.5 84.5T1664 416z"/&gt;&lt;/svg&gt;&lt;/span&gt;
        &lt;span class="icon icon-open"&gt;&lt;svg width="1792" height="1792" viewBox="0 0 1792 1792" xmlns="http://www.w3.org/2000/svg"&gt;&lt;path d="M1408 960V832q0-26-19-45t-45-19h-320V448q0-26-19-45t-45-19H832q-26 0-45 19t-19 45v320H448q-26 0-45 19t-19 45v128q0 26 19 45t45 19h320v320q0 26 19 45t45 19h128q26 0 45-19t19-45v-320h320q26 0 45-19t19-45zm256-544v960q0 119-84.5 203.5T1376 1664H416q-119 0-203.5-84.5T128 1376V416q0-119 84.5-203.5T416 128h960q119 0 203.5 84.5T1664 416z"/&gt;&lt;/svg&gt;&lt;/span&gt;
    
            &lt;span class="trace-class"&gt;&lt;abbr title="App\Controller\Web\DashboardController"&gt;DashboardController&lt;/abbr&gt;&lt;/span&gt;&lt;span class="trace-type"&gt;-&gt;&lt;/span&gt;&lt;span class="trace-method"&gt;expert&lt;/span&gt;&lt;span class="trace-arguments"&gt;()&lt;/span&gt;    
                    &lt;span class="block trace-file-path"&gt;
            in
            &lt;a href="file://C:\Users\sliti\Desktop\dev\esprit-PIDEV-3A16-2526-FARMIA\vendor\symfony\http-kernel\HttpKernel.php#L181"&gt;
                C:\Users\sliti\Desktop\dev\esprit-PIDEV-3A16-2526-FARMIA\vendor\symfony\http-kernel\&lt;strong&gt;HttpKernel.php&lt;/strong&gt;
            &lt;/a&gt;
                        (line 181)
            &lt;span class="icon icon-copy hidden" data-clipboard-text="C:\Users\sliti\Desktop\dev\esprit-PIDEV-3A16-2526-FARMIA\vendor\symfony\http-kernel\HttpKernel.php:181"&gt;
                &lt;svg xmlns="http://www.w3.org/2000/svg" height="24" viewBox="0 0 24 24" width="24"&gt;&lt;path d="M0 0h24v24H0z" fill="none"/&gt;&lt;path d="M16 1H4c-1.1 0-2 .9-2 2v14h2V3h12V1zm3 4H8c-1.1 0-2 .9-2 2v14c0 1.1.9 2 2 2h11c1.1 0 2-.9 2-2V7c0-1.1-.9-2-2-2zm0 16H8V7h11v14z"/&gt;&lt;/svg&gt;            &lt;/span&gt;
        &lt;/span&gt;
    &lt;/div&gt;
    &lt;div id="trace-html-1-15" class="trace-code sf-toggle-content"&gt;
        &lt;ol start="176"&gt;&lt;li&gt;&lt;code&gt;&lt;span style="color: var(--highlight-keyword)"&gt;&amp;nbsp;&amp;nbsp;&amp;nbsp;&amp;nbsp;&amp;nbsp;&amp;nbsp;&amp;nbsp;&amp;nbsp;&lt;/span&gt;&lt;span style="color: var(--highlight-default)"&gt;$this&lt;/span&gt;&lt;span style="color: var(--highlight-keyword)"&gt;-&amp;gt;&lt;/span&gt;&lt;span style="color: var(--highlight-default)"&gt;dispatcher&lt;/span&gt;&lt;span style="color: var(--highlight-keyword)"&gt;-&amp;gt;&lt;/span&gt;&lt;span style="color: var(--highlight-default)"&gt;dispatch&lt;/span&gt;&lt;span style="color: var(--highlight-keyword)"&gt;(&lt;/span&gt;&lt;span style="color: var(--highlight-default)"&gt;$event&lt;/span&gt;&lt;span style="color: var(--highlight-keyword)"&gt;,&amp;nbsp;&lt;/span&gt;&lt;span style="color: var(--highlight-default)"&gt;KernelEvents&lt;/span&gt;&lt;span style="color: var(--highlight-keyword)"&gt;::&lt;/span&gt;&lt;span style="color: var(--highlight-default)"&gt;CONTROLLER_ARGUMENTS&lt;/span&gt;&lt;span style="color: var(--highlight-keyword)"&gt;);&lt;/span&gt;&lt;/code&gt;&lt;/li&gt;
&lt;li&gt;&lt;code&gt;&lt;span style="color: var(--highlight-keyword)"&gt;&amp;nbsp;&amp;nbsp;&amp;nbsp;&amp;nbsp;&amp;nbsp;&amp;nbsp;&amp;nbsp;&amp;nbsp;&lt;/span&gt;&lt;span style="color: var(--highlight-default)"&gt;$controller&amp;nbsp;&lt;/span&gt;&lt;span style="color: var(--highlight-keyword)"&gt;=&amp;nbsp;&lt;/span&gt;&lt;span style="color: var(--highlight-default)"&gt;$event&lt;/span&gt;&lt;span style="color: var(--highlight-keyword)"&gt;-&amp;gt;&lt;/span&gt;&lt;span style="color: var(--highlight-default)"&gt;getController&lt;/span&gt;&lt;span style="color: var(--highlight-keyword)"&gt;();&lt;/span&gt;&lt;/code&gt;&lt;/li&gt;
&lt;li&gt;&lt;code&gt;&lt;span style="color: var(--highlight-keyword)"&gt;&amp;nbsp;&amp;nbsp;&amp;nbsp;&amp;nbsp;&amp;nbsp;&amp;nbsp;&amp;nbsp;&amp;nbsp;&lt;/span&gt;&lt;span style="color: var(--highlight-default)"&gt;$arguments&amp;nbsp;&lt;/span&gt;&lt;span style="color: var(--highlight-keyword)"&gt;=&amp;nbsp;&lt;/span&gt;&lt;span style="color: var(--highlight-default)"&gt;$event&lt;/span&gt;&lt;span style="color: var(--highlight-keyword)"&gt;-&amp;gt;&lt;/span&gt;&lt;span style="color: var(--highlight-default)"&gt;getArguments&lt;/span&gt;&lt;span style="color: var(--highlight-keyword)"&gt;();&lt;/span&gt;&lt;/code&gt;&lt;/li&gt;
&lt;li&gt;&lt;code&gt;&lt;span style="color: var(--highlight-keyword)"&gt;&lt;/span&gt;&lt;/code&gt;&lt;/li&gt;
&lt;li&gt;&lt;code&gt;&lt;span style="color: var(--highlight-keyword)"&gt;&amp;nbsp;&amp;nbsp;&amp;nbsp;&amp;nbsp;&amp;nbsp;&amp;nbsp;&amp;nbsp;&amp;nbsp;&lt;/span&gt;&lt;span style="color: var(--highlight-comment)"&gt;//&amp;nbsp;call&amp;nbsp;controller&lt;/span&gt;&lt;/code&gt;&lt;/li&gt;
&lt;li class="selected"&gt;&lt;code&gt;&lt;span style="color: var(--highlight-comment)"&gt;&amp;nbsp;&amp;nbsp;&amp;nbsp;&amp;nbsp;&amp;nbsp;&amp;nbsp;&amp;nbsp;&amp;nbsp;&lt;/span&gt;&lt;span style="color: var(--highlight-default)"&gt;$response&amp;nbsp;&lt;/span&gt;&lt;span style="color: var(--highlight-keyword)"&gt;=&amp;nbsp;&lt;/span&gt;&lt;span style="color: var(--highlight-default)"&gt;$controller&lt;/span&gt;&lt;span style="color: var(--highlight-keyword)"&gt;(...&lt;/span&gt;&lt;span style="color: var(--highlight-default)"&gt;$arguments&lt;/span&gt;&lt;span style="color: var(--highlight-keyword)"&gt;);&lt;/span&gt;&lt;/code&gt;&lt;/li&gt;
&lt;li&gt;&lt;code&gt;&lt;span style="color: var(--highlight-keyword)"&gt;&lt;/span&gt;&lt;/code&gt;&lt;/li&gt;
&lt;li&gt;&lt;code&gt;&lt;span style="color: var(--highlight-keyword)"&gt;&amp;nbsp;&amp;nbsp;&amp;nbsp;&amp;nbsp;&amp;nbsp;&amp;nbsp;&amp;nbsp;&amp;nbsp;&lt;/span&gt;&lt;span style="color: var(--highlight-comment)"&gt;//&amp;nbsp;view&lt;/span&gt;&lt;/code&gt;&lt;/li&gt;
&lt;li&gt;&lt;code&gt;&lt;span style="color: var(--highlight-comment)"&gt;&amp;nbsp;&amp;nbsp;&amp;nbsp;&amp;nbsp;&amp;nbsp;&amp;nbsp;&amp;nbsp;&amp;nbsp;&lt;/span&gt;&lt;span style="color: var(--highlight-keyword)"&gt;if&amp;nbsp;(!&lt;/span&gt;&lt;span style="color: var(--highlight-default)"&gt;$response&amp;nbsp;&lt;/span&gt;&lt;span style="color: var(--highlight-keyword)"&gt;instanceof&amp;nbsp;&lt;/span&gt;&lt;span style="color: var(--highlight-default)"&gt;Response&lt;/span&gt;&lt;span style="color: var(--highlight-keyword)"&gt;)&amp;nbsp;{&lt;/span&gt;&lt;/code&gt;&lt;/li&gt;
&lt;li&gt;&lt;code&gt;&lt;span style="color: var(--highlight-keyword)"&gt;&amp;nbsp;&amp;nbsp;&amp;nbsp;&amp;nbsp;&amp;nbsp;&amp;nbsp;&amp;nbsp;&amp;nbsp;&amp;nbsp;&amp;nbsp;&amp;nbsp;&amp;nbsp;&lt;/span&gt;&lt;span style="color: var(--highlight-default)"&gt;$event&amp;nbsp;&lt;/span&gt;&lt;span style="color: var(--highlight-keyword)"&gt;=&amp;nbsp;new&amp;nbsp;&lt;/span&gt;&lt;span style="color: var(--highlight-default)"&gt;ViewEvent&lt;/span&gt;&lt;span style="color: var(--highlight-keyword)"&gt;(&lt;/span&gt;&lt;span style="color: var(--highlight-default)"&gt;$this&lt;/span&gt;&lt;span style="color: var(--highlight-keyword)"&gt;,&amp;nbsp;&lt;/span&gt;&lt;span style="color: var(--highlight-default)"&gt;$request&lt;/span&gt;&lt;span style="color: var(--highlight-keyword)"&gt;,&amp;nbsp;&lt;/span&gt;&lt;span style="color: var(--highlight-default)"&gt;$type&lt;/span&gt;&lt;span style="color: var(--highlight-keyword)"&gt;,&amp;nbsp;&lt;/span&gt;&lt;span style="color: var(--highlight-default)"&gt;$response&lt;/span&gt;&lt;span style="color: var(--highlight-keyword)"&gt;,&amp;nbsp;&lt;/span&gt;&lt;span style="color: var(--highlight-default)"&gt;$event&lt;/span&gt;&lt;span style="color: var(--highlight-keyword)"&gt;);&lt;/span&gt;&lt;/code&gt;&lt;/li&gt;
&lt;li&gt;&lt;code&gt;&lt;span style="color: var(--highlight-keyword)"&gt;&amp;nbsp;&amp;nbsp;&amp;nbsp;&amp;nbsp;&amp;nbsp;&amp;nbsp;&amp;nbsp;&amp;nbsp;&amp;nbsp;&amp;nbsp;&amp;nbsp;&amp;nbsp;&lt;/span&gt;&lt;span style="color: var(--highlight-default)"&gt;$this&lt;/span&gt;&lt;span style="color: var(--highlight-keyword)"&gt;-&amp;gt;&lt;/span&gt;&lt;span style="color: var(--highlight-default)"&gt;dispatcher&lt;/span&gt;&lt;span style="color: var(--highlight-keyword)"&gt;-&amp;gt;&lt;/span&gt;&lt;span style="color: var(--highlight-default)"&gt;dispatch&lt;/span&gt;&lt;span style="color: var(--highlight-keyword)"&gt;(&lt;/span&gt;&lt;span style="color: var(--highlight-default)"&gt;$event&lt;/span&gt;&lt;span style="color: var(--highlight-keyword)"&gt;,&amp;nbsp;&lt;/span&gt;&lt;span style="color: var(--highlight-default)"&gt;KernelEvents&lt;/span&gt;&lt;span style="color: var(--highlight-keyword)"&gt;::&lt;/span&gt;&lt;span style="color: var(--highlight-default)"&gt;VIEW&lt;/span&gt;&lt;span style="color: var(--highlight-keyword)"&gt;);&lt;/span&gt;&lt;/code&gt;&lt;/li&gt;&lt;/ol&gt;    &lt;/div&gt;            &lt;/div&gt;
                        &lt;div class="trace-line "&gt;
                &lt;div class="trace-line-header break-long-words sf-toggle" data-toggle-selector="#trace-html-1-16" data-toggle-initial=""&gt;
            &lt;span class="icon icon-close"&gt;&lt;svg width="1792" height="1792" viewBox="0 0 1792 1792" xmlns="http://www.w3.org/2000/svg"&gt;&lt;path d="M1408 960V832q0-26-19-45t-45-19H448q-26 0-45 19t-19 45v128q0 26 19 45t45 19h896q26 0 45-19t19-45zm256-544v960q0 119-84.5 203.5T1376 1664H416q-119 0-203.5-84.5T128 1376V416q0-119 84.5-203.5T416 128h960q119 0 203.5 84.5T1664 416z"/&gt;&lt;/svg&gt;&lt;/span&gt;
        &lt;span class="icon icon-open"&gt;&lt;svg width="1792" height="1792" viewBox="0 0 1792 1792" xmlns="http://www.w3.org/2000/svg"&gt;&lt;path d="M1408 960V832q0-26-19-45t-45-19h-320V448q0-26-19-45t-45-19H832q-26 0-45 19t-19 45v320H448q-26 0-45 19t-19 45v128q0 26 19 45t45 19h320v320q0 26 19 45t45 19h128q26 0 45-19t19-45v-320h320q26 0 45-19t19-45zm256-544v960q0 119-84.5 203.5T1376 1664H416q-119 0-203.5-84.5T128 1376V416q0-119 84.5-203.5T416 128h960q119 0 203.5 84.5T1664 416z"/&gt;&lt;/svg&gt;&lt;/span&gt;
    
            &lt;span class="trace-class"&gt;&lt;abbr title="Symfony\Component\HttpKernel\HttpKernel"&gt;HttpKernel&lt;/abbr&gt;&lt;/span&gt;&lt;span class="trace-type"&gt;-&gt;&lt;/span&gt;&lt;span class="trace-method"&gt;handleRaw&lt;/span&gt;&lt;span class="trace-arguments"&gt;(&lt;em&gt;object&lt;/em&gt;(&lt;abbr title="Symfony\Component\HttpFoundation\Request"&gt;Request&lt;/abbr&gt;), 1)&lt;/span&gt;    
                    &lt;span class="block trace-file-path"&gt;
            in
            &lt;a href="file://C:\Users\sliti\Desktop\dev\esprit-PIDEV-3A16-2526-FARMIA\vendor\symfony\http-kernel\HttpKernel.php#L76"&gt;
                C:\Users\sliti\Desktop\dev\esprit-PIDEV-3A16-2526-FARMIA\vendor\symfony\http-kernel\&lt;strong&gt;HttpKernel.php&lt;/strong&gt;
            &lt;/a&gt;
                        (line 76)
            &lt;span class="icon icon-copy hidden" data-clipboard-text="C:\Users\sliti\Desktop\dev\esprit-PIDEV-3A16-2526-FARMIA\vendor\symfony\http-kernel\HttpKernel.php:76"&gt;
                &lt;svg xmlns="http://www.w3.org/2000/svg" height="24" viewBox="0 0 24 24" width="24"&gt;&lt;path d="M0 0h24v24H0z" fill="none"/&gt;&lt;path d="M16 1H4c-1.1 0-2 .9-2 2v14h2V3h12V1zm3 4H8c-1.1 0-2 .9-2 2v14c0 1.1.9 2 2 2h11c1.1 0 2-.9 2-2V7c0-1.1-.9-2-2-2zm0 16H8V7h11v14z"/&gt;&lt;/svg&gt;            &lt;/span&gt;
        &lt;/span&gt;
    &lt;/div&gt;
    &lt;div id="trace-html-1-16" class="trace-code sf-toggle-content"&gt;
        &lt;ol start="71"&gt;&lt;li&gt;&lt;code&gt;&lt;span style="color: var(--highlight-keyword)"&gt;&amp;nbsp;&amp;nbsp;&amp;nbsp;&amp;nbsp;&amp;nbsp;&amp;nbsp;&amp;nbsp;&amp;nbsp;&lt;/span&gt;&lt;span style="color: var(--highlight-default)"&gt;$request&lt;/span&gt;&lt;span style="color: var(--highlight-keyword)"&gt;-&amp;gt;&lt;/span&gt;&lt;span style="color: var(--highlight-default)"&gt;headers&lt;/span&gt;&lt;span style="color: var(--highlight-keyword)"&gt;-&amp;gt;&lt;/span&gt;&lt;span style="color: var(--highlight-default)"&gt;set&lt;/span&gt;&lt;span style="color: var(--highlight-keyword)"&gt;(&lt;/span&gt;&lt;span style="color: var(--highlight-string)"&gt;'X-Php-Ob-Level'&lt;/span&gt;&lt;span style="color: var(--highlight-keyword)"&gt;,&amp;nbsp;(string)&amp;nbsp;&lt;/span&gt;&lt;span style="color: var(--highlight-default)"&gt;ob_get_level&lt;/span&gt;&lt;span style="color: var(--highlight-keyword)"&gt;());&lt;/span&gt;&lt;/code&gt;&lt;/li&gt;
&lt;li&gt;&lt;code&gt;&lt;span style="color: var(--highlight-keyword)"&gt;&lt;/span&gt;&lt;/code&gt;&lt;/li&gt;
&lt;li&gt;&lt;code&gt;&lt;span style="color: var(--highlight-keyword)"&gt;&amp;nbsp;&amp;nbsp;&amp;nbsp;&amp;nbsp;&amp;nbsp;&amp;nbsp;&amp;nbsp;&amp;nbsp;&lt;/span&gt;&lt;span style="color: var(--highlight-default)"&gt;$this&lt;/span&gt;&lt;span style="color: var(--highlight-keyword)"&gt;-&amp;gt;&lt;/span&gt;&lt;span style="color: var(--highlight-default)"&gt;requestStack&lt;/span&gt;&lt;span style="color: var(--highlight-keyword)"&gt;-&amp;gt;&lt;/span&gt;&lt;span style="color: var(--highlight-default)"&gt;push&lt;/span&gt;&lt;span style="color: var(--highlight-keyword)"&gt;(&lt;/span&gt;&lt;span style="color: var(--highlight-default)"&gt;$request&lt;/span&gt;&lt;span style="color: var(--highlight-keyword)"&gt;);&lt;/span&gt;&lt;/code&gt;&lt;/li&gt;
&lt;li&gt;&lt;code&gt;&lt;span style="color: var(--highlight-keyword)"&gt;&amp;nbsp;&amp;nbsp;&amp;nbsp;&amp;nbsp;&amp;nbsp;&amp;nbsp;&amp;nbsp;&amp;nbsp;&lt;/span&gt;&lt;span style="color: var(--highlight-default)"&gt;$response&amp;nbsp;&lt;/span&gt;&lt;span style="color: var(--highlight-keyword)"&gt;=&amp;nbsp;&lt;/span&gt;&lt;span style="color: var(--highlight-default)"&gt;null&lt;/span&gt;&lt;span style="color: var(--highlight-keyword)"&gt;;&lt;/span&gt;&lt;/code&gt;&lt;/li&gt;
&lt;li&gt;&lt;code&gt;&lt;span style="color: var(--highlight-keyword)"&gt;&amp;nbsp;&amp;nbsp;&amp;nbsp;&amp;nbsp;&amp;nbsp;&amp;nbsp;&amp;nbsp;&amp;nbsp;try&amp;nbsp;{&lt;/span&gt;&lt;/code&gt;&lt;/li&gt;
&lt;li class="selected"&gt;&lt;code&gt;&lt;span style="color: var(--highlight-keyword)"&gt;&amp;nbsp;&amp;nbsp;&amp;nbsp;&amp;nbsp;&amp;nbsp;&amp;nbsp;&amp;nbsp;&amp;nbsp;&amp;nbsp;&amp;nbsp;&amp;nbsp;&amp;nbsp;return&amp;nbsp;&lt;/span&gt;&lt;span style="color: var(--highlight-default)"&gt;$response&amp;nbsp;&lt;/span&gt;&lt;span style="color: var(--highlight-keyword)"&gt;=&amp;nbsp;&lt;/span&gt;&lt;span style="color: var(--highlight-default)"&gt;$this&lt;/span&gt;&lt;span style="color: var(--highlight-keyword)"&gt;-&amp;gt;&lt;/span&gt;&lt;span style="color: var(--highlight-default)"&gt;handleRaw&lt;/span&gt;&lt;span style="color: var(--highlight-keyword)"&gt;(&lt;/span&gt;&lt;span style="color: var(--highlight-default)"&gt;$request&lt;/span&gt;&lt;span style="color: var(--highlight-keyword)"&gt;,&amp;nbsp;&lt;/span&gt;&lt;span style="color: var(--highlight-default)"&gt;$type&lt;/span&gt;&lt;span style="color: var(--highlight-keyword)"&gt;);&lt;/span&gt;&lt;/code&gt;&lt;/li&gt;
&lt;li&gt;&lt;code&gt;&lt;span style="color: var(--highlight-keyword)"&gt;&amp;nbsp;&amp;nbsp;&amp;nbsp;&amp;nbsp;&amp;nbsp;&amp;nbsp;&amp;nbsp;&amp;nbsp;}&amp;nbsp;catch&amp;nbsp;(&lt;/span&gt;&lt;span style="color: var(--highlight-default)"&gt;\Throwable&amp;nbsp;$e&lt;/span&gt;&lt;span style="color: var(--highlight-keyword)"&gt;)&amp;nbsp;{&lt;/span&gt;&lt;/code&gt;&lt;/li&gt;
&lt;li&gt;&lt;code&gt;&lt;span style="color: var(--highlight-keyword)"&gt;&amp;nbsp;&amp;nbsp;&amp;nbsp;&amp;nbsp;&amp;nbsp;&amp;nbsp;&amp;nbsp;&amp;nbsp;&amp;nbsp;&amp;nbsp;&amp;nbsp;&amp;nbsp;if&amp;nbsp;(&lt;/span&gt;&lt;span style="color: var(--highlight-default)"&gt;$e&amp;nbsp;&lt;/span&gt;&lt;span style="color: var(--highlight-keyword)"&gt;instanceof&amp;nbsp;&lt;/span&gt;&lt;span style="color: var(--highlight-default)"&gt;\Error&amp;nbsp;&lt;/span&gt;&lt;span style="color: var(--highlight-keyword)"&gt;&amp;amp;&amp;amp;&amp;nbsp;!&lt;/span&gt;&lt;span style="color: var(--highlight-default)"&gt;$this&lt;/span&gt;&lt;span style="color: var(--highlight-keyword)"&gt;-&amp;gt;&lt;/span&gt;&lt;span style="color: var(--highlight-default)"&gt;handleAllThrowables&lt;/span&gt;&lt;span style="color: var(--highlight-keyword)"&gt;)&amp;nbsp;{&lt;/span&gt;&lt;/code&gt;&lt;/li&gt;
&lt;li&gt;&lt;code&gt;&lt;span style="color: var(--highlight-keyword)"&gt;&amp;nbsp;&amp;nbsp;&amp;nbsp;&amp;nbsp;&amp;nbsp;&amp;nbsp;&amp;nbsp;&amp;nbsp;&amp;nbsp;&amp;nbsp;&amp;nbsp;&amp;nbsp;&amp;nbsp;&amp;nbsp;&amp;nbsp;&amp;nbsp;throw&amp;nbsp;&lt;/span&gt;&lt;span style="color: var(--highlight-default)"&gt;$e&lt;/span&gt;&lt;span style="color: var(--highlight-keyword)"&gt;;&lt;/span&gt;&lt;/code&gt;&lt;/li&gt;
&lt;li&gt;&lt;code&gt;&lt;span style="color: var(--highlight-keyword)"&gt;&amp;nbsp;&amp;nbsp;&amp;nbsp;&amp;nbsp;&amp;nbsp;&amp;nbsp;&amp;nbsp;&amp;nbsp;&amp;nbsp;&amp;nbsp;&amp;nbsp;&amp;nbsp;}&lt;/span&gt;&lt;/code&gt;&lt;/li&gt;
&lt;li&gt;&lt;code&gt;&lt;span style="color: var(--highlight-keyword)"&gt;&lt;/span&gt;&lt;/code&gt;&lt;/li&gt;&lt;/ol&gt;    &lt;/div&gt;            &lt;/div&gt;
                        &lt;div class="trace-line "&gt;
                &lt;div class="trace-line-header break-long-words sf-toggle" data-toggle-selector="#trace-html-1-17" data-toggle-initial=""&gt;
            &lt;span class="icon icon-close"&gt;&lt;svg width="1792" height="1792" viewBox="0 0 1792 1792" xmlns="http://www.w3.org/2000/svg"&gt;&lt;path d="M1408 960V832q0-26-19-45t-45-19H448q-26 0-45 19t-19 45v128q0 26 19 45t45 19h896q26 0 45-19t19-45zm256-544v960q0 119-84.5 203.5T1376 1664H416q-119 0-203.5-84.5T128 1376V416q0-119 84.5-203.5T416 128h960q119 0 203.5 84.5T1664 416z"/&gt;&lt;/svg&gt;&lt;/span&gt;
        &lt;span class="icon icon-open"&gt;&lt;svg width="1792" height="1792" viewBox="0 0 1792 1792" xmlns="http://www.w3.org/2000/svg"&gt;&lt;path d="M1408 960V832q0-26-19-45t-45-19h-320V448q0-26-19-45t-45-19H832q-26 0-45 19t-19 45v320H448q-26 0-45 19t-19 45v128q0 26 19 45t45 19h320v320q0 26 19 45t45 19h128q26 0 45-19t19-45v-320h320q26 0 45-19t19-45zm256-544v960q0 119-84.5 203.5T1376 1664H416q-119 0-203.5-84.5T128 1376V416q0-119 84.5-203.5T416 128h960q119 0 203.5 84.5T1664 416z"/&gt;&lt;/svg&gt;&lt;/span&gt;
    
            &lt;span class="trace-class"&gt;&lt;abbr title="Symfony\Component\HttpKernel\HttpKernel"&gt;HttpKernel&lt;/abbr&gt;&lt;/span&gt;&lt;span class="trace-type"&gt;-&gt;&lt;/span&gt;&lt;span class="trace-method"&gt;handle&lt;/span&gt;&lt;span class="trace-arguments"&gt;(&lt;em&gt;object&lt;/em&gt;(&lt;abbr title="Symfony\Component\HttpFoundation\Request"&gt;Request&lt;/abbr&gt;), 1, &lt;em&gt;true&lt;/em&gt;)&lt;/span&gt;    
                    &lt;span class="block trace-file-path"&gt;
            in
            &lt;a href="file://C:\Users\sliti\Desktop\dev\esprit-PIDEV-3A16-2526-FARMIA\vendor\symfony\http-kernel\Kernel.php#L208"&gt;
                C:\Users\sliti\Desktop\dev\esprit-PIDEV-3A16-2526-FARMIA\vendor\symfony\http-kernel\&lt;strong&gt;Kernel.php&lt;/strong&gt;
            &lt;/a&gt;
                        (line 208)
            &lt;span class="icon icon-copy hidden" data-clipboard-text="C:\Users\sliti\Desktop\dev\esprit-PIDEV-3A16-2526-FARMIA\vendor\symfony\http-kernel\Kernel.php:208"&gt;
                &lt;svg xmlns="http://www.w3.org/2000/svg" height="24" viewBox="0 0 24 24" width="24"&gt;&lt;path d="M0 0h24v24H0z" fill="none"/&gt;&lt;path d="M16 1H4c-1.1 0-2 .9-2 2v14h2V3h12V1zm3 4H8c-1.1 0-2 .9-2 2v14c0 1.1.9 2 2 2h11c1.1 0 2-.9 2-2V7c0-1.1-.9-2-2-2zm0 16H8V7h11v14z"/&gt;&lt;/svg&gt;            &lt;/span&gt;
        &lt;/span&gt;
    &lt;/div&gt;
    &lt;div id="trace-html-1-17" class="trace-code sf-toggle-content"&gt;
        &lt;ol start="203"&gt;&lt;li&gt;&lt;code&gt;&lt;span style="color: var(--highlight-keyword)"&gt;&amp;nbsp;&amp;nbsp;&amp;nbsp;&amp;nbsp;&amp;nbsp;&amp;nbsp;&amp;nbsp;&amp;nbsp;if&amp;nbsp;(!&lt;/span&gt;&lt;span style="color: var(--highlight-default)"&gt;$this&lt;/span&gt;&lt;span style="color: var(--highlight-keyword)"&gt;-&amp;gt;&lt;/span&gt;&lt;span style="color: var(--highlight-default)"&gt;handlingHttpCache&lt;/span&gt;&lt;span style="color: var(--highlight-keyword)"&gt;)&amp;nbsp;{&lt;/span&gt;&lt;/code&gt;&lt;/li&gt;
&lt;li&gt;&lt;code&gt;&lt;span style="color: var(--highlight-keyword)"&gt;&amp;nbsp;&amp;nbsp;&amp;nbsp;&amp;nbsp;&amp;nbsp;&amp;nbsp;&amp;nbsp;&amp;nbsp;&amp;nbsp;&amp;nbsp;&amp;nbsp;&amp;nbsp;&lt;/span&gt;&lt;span style="color: var(--highlight-default)"&gt;$this&lt;/span&gt;&lt;span style="color: var(--highlight-keyword)"&gt;-&amp;gt;&lt;/span&gt;&lt;span style="color: var(--highlight-default)"&gt;resetServices&amp;nbsp;&lt;/span&gt;&lt;span style="color: var(--highlight-keyword)"&gt;=&amp;nbsp;&lt;/span&gt;&lt;span style="color: var(--highlight-default)"&gt;true&lt;/span&gt;&lt;span style="color: var(--highlight-keyword)"&gt;;&lt;/span&gt;&lt;/code&gt;&lt;/li&gt;
&lt;li&gt;&lt;code&gt;&lt;span style="color: var(--highlight-keyword)"&gt;&amp;nbsp;&amp;nbsp;&amp;nbsp;&amp;nbsp;&amp;nbsp;&amp;nbsp;&amp;nbsp;&amp;nbsp;}&lt;/span&gt;&lt;/code&gt;&lt;/li&gt;
&lt;li&gt;&lt;code&gt;&lt;span style="color: var(--highlight-keyword)"&gt;&lt;/span&gt;&lt;/code&gt;&lt;/li&gt;
&lt;li&gt;&lt;code&gt;&lt;span style="color: var(--highlight-keyword)"&gt;&amp;nbsp;&amp;nbsp;&amp;nbsp;&amp;nbsp;&amp;nbsp;&amp;nbsp;&amp;nbsp;&amp;nbsp;try&amp;nbsp;{&lt;/span&gt;&lt;/code&gt;&lt;/li&gt;
&lt;li class="selected"&gt;&lt;code&gt;&lt;span style="color: var(--highlight-keyword)"&gt;&amp;nbsp;&amp;nbsp;&amp;nbsp;&amp;nbsp;&amp;nbsp;&amp;nbsp;&amp;nbsp;&amp;nbsp;&amp;nbsp;&amp;nbsp;&amp;nbsp;&amp;nbsp;return&amp;nbsp;&lt;/span&gt;&lt;span style="color: var(--highlight-default)"&gt;$this&lt;/span&gt;&lt;span style="color: var(--highlight-keyword)"&gt;-&amp;gt;&lt;/span&gt;&lt;span style="color: var(--highlight-default)"&gt;getHttpKernel&lt;/span&gt;&lt;span style="color: var(--highlight-keyword)"&gt;()-&amp;gt;&lt;/span&gt;&lt;span style="color: var(--highlight-default)"&gt;handle&lt;/span&gt;&lt;span style="color: var(--highlight-keyword)"&gt;(&lt;/span&gt;&lt;span style="color: var(--highlight-default)"&gt;$request&lt;/span&gt;&lt;span style="color: var(--highlight-keyword)"&gt;,&amp;nbsp;&lt;/span&gt;&lt;span style="color: var(--highlight-default)"&gt;$type&lt;/span&gt;&lt;span style="color: var(--highlight-keyword)"&gt;,&amp;nbsp;&lt;/span&gt;&lt;span style="color: var(--highlight-default)"&gt;$catch&lt;/span&gt;&lt;span style="color: var(--highlight-keyword)"&gt;);&lt;/span&gt;&lt;/code&gt;&lt;/li&gt;
&lt;li&gt;&lt;code&gt;&lt;span style="color: var(--highlight-keyword)"&gt;&amp;nbsp;&amp;nbsp;&amp;nbsp;&amp;nbsp;&amp;nbsp;&amp;nbsp;&amp;nbsp;&amp;nbsp;}&amp;nbsp;finally&amp;nbsp;{&lt;/span&gt;&lt;/code&gt;&lt;/li&gt;
&lt;li&gt;&lt;code&gt;&lt;span style="color: var(--highlight-keyword)"&gt;&amp;nbsp;&amp;nbsp;&amp;nbsp;&amp;nbsp;&amp;nbsp;&amp;nbsp;&amp;nbsp;&amp;nbsp;&amp;nbsp;&amp;nbsp;&amp;nbsp;&amp;nbsp;--&lt;/span&gt;&lt;span style="color: var(--highlight-default)"&gt;$this&lt;/span&gt;&lt;span style="color: var(--highlight-keyword)"&gt;-&amp;gt;&lt;/span&gt;&lt;span style="color: var(--highlight-default)"&gt;requestStackSize&lt;/span&gt;&lt;span style="color: var(--highlight-keyword)"&gt;;&lt;/span&gt;&lt;/code&gt;&lt;/li&gt;
&lt;li&gt;&lt;code&gt;&lt;span style="color: var(--highlight-keyword)"&gt;&amp;nbsp;&amp;nbsp;&amp;nbsp;&amp;nbsp;&amp;nbsp;&amp;nbsp;&amp;nbsp;&amp;nbsp;}&lt;/span&gt;&lt;/code&gt;&lt;/li&gt;
&lt;li&gt;&lt;code&gt;&lt;span style="color: var(--highlight-keyword)"&gt;&amp;nbsp;&amp;nbsp;&amp;nbsp;&amp;nbsp;}&lt;/span&gt;&lt;/code&gt;&lt;/li&gt;
&lt;li&gt;&lt;code&gt;&lt;span style="color: var(--highlight-keyword)"&gt;&lt;/span&gt;&lt;/code&gt;&lt;/li&gt;&lt;/ol&gt;    &lt;/div&gt;            &lt;/div&gt;
                        &lt;div class="trace-line "&gt;
                &lt;div class="trace-line-header break-long-words sf-toggle" data-toggle-selector="#trace-html-1-18" data-toggle-initial=""&gt;
            &lt;span class="icon icon-close"&gt;&lt;svg width="1792" height="1792" viewBox="0 0 1792 1792" xmlns="http://www.w3.org/2000/svg"&gt;&lt;path d="M1408 960V832q0-26-19-45t-45-19H448q-26 0-45 19t-19 45v128q0 26 19 45t45 19h896q26 0 45-19t19-45zm256-544v960q0 119-84.5 203.5T1376 1664H416q-119 0-203.5-84.5T128 1376V416q0-119 84.5-203.5T416 128h960q119 0 203.5 84.5T1664 416z"/&gt;&lt;/svg&gt;&lt;/span&gt;
        &lt;span class="icon icon-open"&gt;&lt;svg width="1792" height="1792" viewBox="0 0 1792 1792" xmlns="http://www.w3.org/2000/svg"&gt;&lt;path d="M1408 960V832q0-26-19-45t-45-19h-320V448q0-26-19-45t-45-19H832q-26 0-45 19t-19 45v320H448q-26 0-45 19t-19 45v128q0 26 19 45t45 19h320v320q0 26 19 45t45 19h128q26 0 45-19t19-45v-320h320q26 0 45-19t19-45zm256-544v960q0 119-84.5 203.5T1376 1664H416q-119 0-203.5-84.5T128 1376V416q0-119 84.5-203.5T416 128h960q119 0 203.5 84.5T1664 416z"/&gt;&lt;/svg&gt;&lt;/span&gt;
    
            &lt;span class="trace-class"&gt;&lt;abbr title="Symfony\Component\HttpKernel\Kernel"&gt;Kernel&lt;/abbr&gt;&lt;/span&gt;&lt;span class="trace-type"&gt;-&gt;&lt;/span&gt;&lt;span class="trace-method"&gt;handle&lt;/span&gt;&lt;span class="trace-arguments"&gt;(&lt;em&gt;object&lt;/em&gt;(&lt;abbr title="Symfony\Component\HttpFoundation\Request"&gt;Request&lt;/abbr&gt;), 1, &lt;em&gt;true&lt;/em&gt;)&lt;/span&gt;    
                    &lt;span class="block trace-file-path"&gt;
            in
            &lt;a href="file://C:\Users\sliti\Desktop\dev\esprit-PIDEV-3A16-2526-FARMIA\vendor\symfony\http-kernel\HttpKernelBrowser.php#L65"&gt;
                C:\Users\sliti\Desktop\dev\esprit-PIDEV-3A16-2526-FARMIA\vendor\symfony\http-kernel\&lt;strong&gt;HttpKernelBrowser.php&lt;/strong&gt;
            &lt;/a&gt;
                        (line 65)
            &lt;span class="icon icon-copy hidden" data-clipboard-text="C:\Users\sliti\Desktop\dev\esprit-PIDEV-3A16-2526-FARMIA\vendor\symfony\http-kernel\HttpKernelBrowser.php:65"&gt;
                &lt;svg xmlns="http://www.w3.org/2000/svg" height="24" viewBox="0 0 24 24" width="24"&gt;&lt;path d="M0 0h24v24H0z" fill="none"/&gt;&lt;path d="M16 1H4c-1.1 0-2 .9-2 2v14h2V3h12V1zm3 4H8c-1.1 0-2 .9-2 2v14c0 1.1.9 2 2 2h11c1.1 0 2-.9 2-2V7c0-1.1-.9-2-2-2zm0 16H8V7h11v14z"/&gt;&lt;/svg&gt;            &lt;/span&gt;
        &lt;/span&gt;
    &lt;/div&gt;
    &lt;div id="trace-html-1-18" class="trace-code sf-toggle-content"&gt;
        &lt;ol start="60"&gt;&lt;li&gt;&lt;code&gt;&lt;span style="color: var(--highlight-comment)"&gt;&amp;nbsp;&amp;nbsp;&amp;nbsp;&amp;nbsp;&amp;nbsp;*&lt;/span&gt;&lt;/code&gt;&lt;/li&gt;
&lt;li&gt;&lt;code&gt;&lt;span style="color: var(--highlight-comment)"&gt;&amp;nbsp;&amp;nbsp;&amp;nbsp;&amp;nbsp;&amp;nbsp;*&amp;nbsp;@return&amp;nbsp;Response&lt;/span&gt;&lt;/code&gt;&lt;/li&gt;
&lt;li&gt;&lt;code&gt;&lt;span style="color: var(--highlight-comment)"&gt;&amp;nbsp;&amp;nbsp;&amp;nbsp;&amp;nbsp;&amp;nbsp;*/&lt;/span&gt;&lt;/code&gt;&lt;/li&gt;
&lt;li&gt;&lt;code&gt;&lt;span style="color: var(--highlight-comment)"&gt;&amp;nbsp;&amp;nbsp;&amp;nbsp;&amp;nbsp;&lt;/span&gt;&lt;span style="color: var(--highlight-keyword)"&gt;protected&amp;nbsp;function&amp;nbsp;&lt;/span&gt;&lt;span style="color: var(--highlight-default)"&gt;doRequest&lt;/span&gt;&lt;span style="color: var(--highlight-keyword)"&gt;(&lt;/span&gt;&lt;span style="color: var(--highlight-default)"&gt;object&amp;nbsp;$request&lt;/span&gt;&lt;span style="color: var(--highlight-keyword)"&gt;)&lt;/span&gt;&lt;/code&gt;&lt;/li&gt;
&lt;li&gt;&lt;code&gt;&lt;span style="color: var(--highlight-keyword)"&gt;&amp;nbsp;&amp;nbsp;&amp;nbsp;&amp;nbsp;{&lt;/span&gt;&lt;/code&gt;&lt;/li&gt;
&lt;li class="selected"&gt;&lt;code&gt;&lt;span style="color: var(--highlight-keyword)"&gt;&amp;nbsp;&amp;nbsp;&amp;nbsp;&amp;nbsp;&amp;nbsp;&amp;nbsp;&amp;nbsp;&amp;nbsp;&lt;/span&gt;&lt;span style="color: var(--highlight-default)"&gt;$response&amp;nbsp;&lt;/span&gt;&lt;span style="color: var(--highlight-keyword)"&gt;=&amp;nbsp;&lt;/span&gt;&lt;span style="color: var(--highlight-default)"&gt;$this&lt;/span&gt;&lt;span style="color: var(--highlight-keyword)"&gt;-&amp;gt;&lt;/span&gt;&lt;span style="color: var(--highlight-default)"&gt;kernel&lt;/span&gt;&lt;span style="color: var(--highlight-keyword)"&gt;-&amp;gt;&lt;/span&gt;&lt;span style="color: var(--highlight-default)"&gt;handle&lt;/span&gt;&lt;span style="color: var(--highlight-keyword)"&gt;(&lt;/span&gt;&lt;span style="color: var(--highlight-default)"&gt;$request&lt;/span&gt;&lt;span style="color: var(--highlight-keyword)"&gt;,&amp;nbsp;&lt;/span&gt;&lt;span style="color: var(--highlight-default)"&gt;HttpKernelInterface&lt;/span&gt;&lt;span style="color: var(--highlight-keyword)"&gt;::&lt;/span&gt;&lt;span style="color: var(--highlight-default)"&gt;MAIN_REQUEST&lt;/span&gt;&lt;span style="color: var(--highlight-keyword)"&gt;,&amp;nbsp;&lt;/span&gt;&lt;span style="color: var(--highlight-default)"&gt;$this&lt;/span&gt;&lt;span style="color: var(--highlight-keyword)"&gt;-&amp;gt;&lt;/span&gt;&lt;span style="color: var(--highlight-default)"&gt;catchExceptions&lt;/span&gt;&lt;span style="color: var(--highlight-keyword)"&gt;);&lt;/span&gt;&lt;/code&gt;&lt;/li&gt;
&lt;li&gt;&lt;code&gt;&lt;span style="color: var(--highlight-keyword)"&gt;&lt;/span&gt;&lt;/code&gt;&lt;/li&gt;
&lt;li&gt;&lt;code&gt;&lt;span style="color: var(--highlight-keyword)"&gt;&amp;nbsp;&amp;nbsp;&amp;nbsp;&amp;nbsp;&amp;nbsp;&amp;nbsp;&amp;nbsp;&amp;nbsp;if&amp;nbsp;(&lt;/span&gt;&lt;span style="color: var(--highlight-default)"&gt;$this&lt;/span&gt;&lt;span style="color: var(--highlight-keyword)"&gt;-&amp;gt;&lt;/span&gt;&lt;span style="color: var(--highlight-default)"&gt;kernel&amp;nbsp;&lt;/span&gt;&lt;span style="color: var(--highlight-keyword)"&gt;instanceof&amp;nbsp;&lt;/span&gt;&lt;span style="color: var(--highlight-default)"&gt;TerminableInterface&lt;/span&gt;&lt;span style="color: var(--highlight-keyword)"&gt;)&amp;nbsp;{&lt;/span&gt;&lt;/code&gt;&lt;/li&gt;
&lt;li&gt;&lt;code&gt;&lt;span style="color: var(--highlight-keyword)"&gt;&amp;nbsp;&amp;nbsp;&amp;nbsp;&amp;nbsp;&amp;nbsp;&amp;nbsp;&amp;nbsp;&amp;nbsp;&amp;nbsp;&amp;nbsp;&amp;nbsp;&amp;nbsp;&lt;/span&gt;&lt;span style="color: var(--highlight-default)"&gt;$this&lt;/span&gt;&lt;span style="color: var(--highlight-keyword)"&gt;-&amp;gt;&lt;/span&gt;&lt;span style="color: var(--highlight-default)"&gt;kernel&lt;/span&gt;&lt;span style="color: var(--highlight-keyword)"&gt;-&amp;gt;&lt;/span&gt;&lt;span style="color: var(--highlight-default)"&gt;terminate&lt;/span&gt;&lt;span style="color: var(--highlight-keyword)"&gt;(&lt;/span&gt;&lt;span style="color: var(--highlight-default)"&gt;$request&lt;/span&gt;&lt;span style="color: var(--highlight-keyword)"&gt;,&amp;nbsp;&lt;/span&gt;&lt;span style="color: var(--highlight-default)"&gt;$response&lt;/span&gt;&lt;span style="color: var(--highlight-keyword)"&gt;);&lt;/span&gt;&lt;/code&gt;&lt;/li&gt;
&lt;li&gt;&lt;code&gt;&lt;span style="color: var(--highlight-keyword)"&gt;&amp;nbsp;&amp;nbsp;&amp;nbsp;&amp;nbsp;&amp;nbsp;&amp;nbsp;&amp;nbsp;&amp;nbsp;}&lt;/span&gt;&lt;/code&gt;&lt;/li&gt;
&lt;li&gt;&lt;code&gt;&lt;span style="color: var(--highlight-keyword)"&gt;&lt;/span&gt;&lt;/code&gt;&lt;/li&gt;&lt;/ol&gt;    &lt;/div&gt;            &lt;/div&gt;
                        &lt;div class="trace-line "&gt;
                &lt;div class="trace-line-header break-long-words sf-toggle" data-toggle-selector="#trace-html-1-19" data-toggle-initial=""&gt;
            &lt;span class="icon icon-close"&gt;&lt;svg width="1792" height="1792" viewBox="0 0 1792 1792" xmlns="http://www.w3.org/2000/svg"&gt;&lt;path d="M1408 960V832q0-26-19-45t-45-19H448q-26 0-45 19t-19 45v128q0 26 19 45t45 19h896q26 0 45-19t19-45zm256-544v960q0 119-84.5 203.5T1376 1664H416q-119 0-203.5-84.5T128 1376V416q0-119 84.5-203.5T416 128h960q119 0 203.5 84.5T1664 416z"/&gt;&lt;/svg&gt;&lt;/span&gt;
        &lt;span class="icon icon-open"&gt;&lt;svg width="1792" height="1792" viewBox="0 0 1792 1792" xmlns="http://www.w3.org/2000/svg"&gt;&lt;path d="M1408 960V832q0-26-19-45t-45-19h-320V448q0-26-19-45t-45-19H832q-26 0-45 19t-19 45v320H448q-26 0-45 19t-19 45v128q0 26 19 45t45 19h320v320q0 26 19 45t45 19h128q26 0 45-19t19-45v-320h320q26 0 45-19t19-45zm256-544v960q0 119-84.5 203.5T1376 1664H416q-119 0-203.5-84.5T128 1376V416q0-119 84.5-203.5T416 128h960q119 0 203.5 84.5T1664 416z"/&gt;&lt;/svg&gt;&lt;/span&gt;
    
            &lt;span class="trace-class"&gt;&lt;abbr title="Symfony\Component\HttpKernel\HttpKernelBrowser"&gt;HttpKernelBrowser&lt;/abbr&gt;&lt;/span&gt;&lt;span class="trace-type"&gt;-&gt;&lt;/span&gt;&lt;span class="trace-method"&gt;doRequest&lt;/span&gt;&lt;span class="trace-arguments"&gt;(&lt;em&gt;object&lt;/em&gt;(&lt;abbr title="Symfony\Component\HttpFoundation\Request"&gt;Request&lt;/abbr&gt;))&lt;/span&gt;    
                    &lt;span class="block trace-file-path"&gt;
            in
            &lt;a href="file://C:\Users\sliti\Desktop\dev\esprit-PIDEV-3A16-2526-FARMIA\vendor\symfony\framework-bundle\KernelBrowser.php#L175"&gt;
                C:\Users\sliti\Desktop\dev\esprit-PIDEV-3A16-2526-FARMIA\vendor\symfony\framework-bundle\&lt;strong&gt;KernelBrowser.php&lt;/strong&gt;
            &lt;/a&gt;
                        (line 175)
            &lt;span class="icon icon-copy hidden" data-clipboard-text="C:\Users\sliti\Desktop\dev\esprit-PIDEV-3A16-2526-FARMIA\vendor\symfony\framework-bundle\KernelBrowser.php:175"&gt;
                &lt;svg xmlns="http://www.w3.org/2000/svg" height="24" viewBox="0 0 24 24" width="24"&gt;&lt;path d="M0 0h24v24H0z" fill="none"/&gt;&lt;path d="M16 1H4c-1.1 0-2 .9-2 2v14h2V3h12V1zm3 4H8c-1.1 0-2 .9-2 2v14c0 1.1.9 2 2 2h11c1.1 0 2-.9 2-2V7c0-1.1-.9-2-2-2zm0 16H8V7h11v14z"/&gt;&lt;/svg&gt;            &lt;/span&gt;
        &lt;/span&gt;
    &lt;/div&gt;
    &lt;div id="trace-html-1-19" class="trace-code sf-toggle-content"&gt;
        &lt;ol start="170"&gt;&lt;li&gt;&lt;code&gt;&lt;span style="color: var(--highlight-keyword)"&gt;&lt;/span&gt;&lt;/code&gt;&lt;/li&gt;
&lt;li&gt;&lt;code&gt;&lt;span style="color: var(--highlight-keyword)"&gt;&amp;nbsp;&amp;nbsp;&amp;nbsp;&amp;nbsp;&amp;nbsp;&amp;nbsp;&amp;nbsp;&amp;nbsp;&amp;nbsp;&amp;nbsp;&amp;nbsp;&amp;nbsp;&lt;/span&gt;&lt;span style="color: var(--highlight-default)"&gt;$this&lt;/span&gt;&lt;span style="color: var(--highlight-keyword)"&gt;-&amp;gt;&lt;/span&gt;&lt;span style="color: var(--highlight-default)"&gt;kernel&lt;/span&gt;&lt;span style="color: var(--highlight-keyword)"&gt;-&amp;gt;&lt;/span&gt;&lt;span style="color: var(--highlight-default)"&gt;boot&lt;/span&gt;&lt;span style="color: var(--highlight-keyword)"&gt;();&lt;/span&gt;&lt;/code&gt;&lt;/li&gt;
&lt;li&gt;&lt;code&gt;&lt;span style="color: var(--highlight-keyword)"&gt;&amp;nbsp;&amp;nbsp;&amp;nbsp;&amp;nbsp;&amp;nbsp;&amp;nbsp;&amp;nbsp;&amp;nbsp;&amp;nbsp;&amp;nbsp;&amp;nbsp;&amp;nbsp;&lt;/span&gt;&lt;span style="color: var(--highlight-default)"&gt;$this&lt;/span&gt;&lt;span style="color: var(--highlight-keyword)"&gt;-&amp;gt;&lt;/span&gt;&lt;span style="color: var(--highlight-default)"&gt;getContainer&lt;/span&gt;&lt;span style="color: var(--highlight-keyword)"&gt;()-&amp;gt;&lt;/span&gt;&lt;span style="color: var(--highlight-default)"&gt;get&lt;/span&gt;&lt;span style="color: var(--highlight-keyword)"&gt;(&lt;/span&gt;&lt;span style="color: var(--highlight-string)"&gt;'profiler'&lt;/span&gt;&lt;span style="color: var(--highlight-keyword)"&gt;)-&amp;gt;&lt;/span&gt;&lt;span style="color: var(--highlight-default)"&gt;enable&lt;/span&gt;&lt;span style="color: var(--highlight-keyword)"&gt;();&lt;/span&gt;&lt;/code&gt;&lt;/li&gt;
&lt;li&gt;&lt;code&gt;&lt;span style="color: var(--highlight-keyword)"&gt;&amp;nbsp;&amp;nbsp;&amp;nbsp;&amp;nbsp;&amp;nbsp;&amp;nbsp;&amp;nbsp;&amp;nbsp;}&lt;/span&gt;&lt;/code&gt;&lt;/li&gt;
&lt;li&gt;&lt;code&gt;&lt;span style="color: var(--highlight-keyword)"&gt;&lt;/span&gt;&lt;/code&gt;&lt;/li&gt;
&lt;li class="selected"&gt;&lt;code&gt;&lt;span style="color: var(--highlight-keyword)"&gt;&amp;nbsp;&amp;nbsp;&amp;nbsp;&amp;nbsp;&amp;nbsp;&amp;nbsp;&amp;nbsp;&amp;nbsp;return&amp;nbsp;&lt;/span&gt;&lt;span style="color: var(--highlight-default)"&gt;parent&lt;/span&gt;&lt;span style="color: var(--highlight-keyword)"&gt;::&lt;/span&gt;&lt;span style="color: var(--highlight-default)"&gt;doRequest&lt;/span&gt;&lt;span style="color: var(--highlight-keyword)"&gt;(&lt;/span&gt;&lt;span style="color: var(--highlight-default)"&gt;$request&lt;/span&gt;&lt;span style="color: var(--highlight-keyword)"&gt;);&lt;/span&gt;&lt;/code&gt;&lt;/li&gt;
&lt;li&gt;&lt;code&gt;&lt;span style="color: var(--highlight-keyword)"&gt;&amp;nbsp;&amp;nbsp;&amp;nbsp;&amp;nbsp;}&lt;/span&gt;&lt;/code&gt;&lt;/li&gt;
&lt;li&gt;&lt;code&gt;&lt;span style="color: var(--highlight-keyword)"&gt;&lt;/span&gt;&lt;/code&gt;&lt;/li&gt;
&lt;li&gt;&lt;code&gt;&lt;span style="color: var(--highlight-keyword)"&gt;&amp;nbsp;&amp;nbsp;&amp;nbsp;&amp;nbsp;&lt;/span&gt;&lt;span style="color: var(--highlight-comment)"&gt;/**&lt;/span&gt;&lt;/code&gt;&lt;/li&gt;
&lt;li&gt;&lt;code&gt;&lt;span style="color: var(--highlight-comment)"&gt;&amp;nbsp;&amp;nbsp;&amp;nbsp;&amp;nbsp;&amp;nbsp;*&amp;nbsp;@param&amp;nbsp;Request&amp;nbsp;$request&lt;/span&gt;&lt;/code&gt;&lt;/li&gt;
&lt;li&gt;&lt;code&gt;&lt;span style="color: var(--highlight-comment)"&gt;&amp;nbsp;&amp;nbsp;&amp;nbsp;&amp;nbsp;&amp;nbsp;*/&lt;/span&gt;&lt;/code&gt;&lt;/li&gt;&lt;/ol&gt;    &lt;/div&gt;            &lt;/div&gt;
                        &lt;div class="trace-line "&gt;
                &lt;div class="trace-line-header break-long-words sf-toggle" data-toggle-selector="#trace-html-1-20" data-toggle-initial=""&gt;
            &lt;span class="icon icon-close"&gt;&lt;svg width="1792" height="1792" viewBox="0 0 1792 1792" xmlns="http://www.w3.org/2000/svg"&gt;&lt;path d="M1408 960V832q0-26-19-45t-45-19H448q-26 0-45 19t-19 45v128q0 26 19 45t45 19h896q26 0 45-19t19-45zm256-544v960q0 119-84.5 203.5T1376 1664H416q-119 0-203.5-84.5T128 1376V416q0-119 84.5-203.5T416 128h960q119 0 203.5 84.5T1664 416z"/&gt;&lt;/svg&gt;&lt;/span&gt;
        &lt;span class="icon icon-open"&gt;&lt;svg width="1792" height="1792" viewBox="0 0 1792 1792" xmlns="http://www.w3.org/2000/svg"&gt;&lt;path d="M1408 960V832q0-26-19-45t-45-19h-320V448q0-26-19-45t-45-19H832q-26 0-45 19t-19 45v320H448q-26 0-45 19t-19 45v128q0 26 19 45t45 19h320v320q0 26 19 45t45 19h128q26 0 45-19t19-45v-320h320q26 0 45-19t19-45zm256-544v960q0 119-84.5 203.5T1376 1664H416q-119 0-203.5-84.5T128 1376V416q0-119 84.5-203.5T416 128h960q119 0 203.5 84.5T1664 416z"/&gt;&lt;/svg&gt;&lt;/span&gt;
    
            &lt;span class="trace-class"&gt;&lt;abbr title="Symfony\Bundle\FrameworkBundle\KernelBrowser"&gt;KernelBrowser&lt;/abbr&gt;&lt;/span&gt;&lt;span class="trace-type"&gt;-&gt;&lt;/span&gt;&lt;span class="trace-method"&gt;doRequest&lt;/span&gt;&lt;span class="trace-arguments"&gt;(&lt;em&gt;object&lt;/em&gt;(&lt;abbr title="Symfony\Component\HttpFoundation\Request"&gt;Request&lt;/abbr&gt;))&lt;/span&gt;    
                    &lt;span class="block trace-file-path"&gt;
            in
            &lt;a href="file://C:\Users\sliti\Desktop\dev\esprit-PIDEV-3A16-2526-FARMIA\vendor\symfony\browser-kit\AbstractBrowser.php#L385"&gt;
                C:\Users\sliti\Desktop\dev\esprit-PIDEV-3A16-2526-FARMIA\vendor\symfony\browser-kit\&lt;strong&gt;AbstractBrowser.php&lt;/strong&gt;
            &lt;/a&gt;
                        (line 385)
            &lt;span class="icon icon-copy hidden" data-clipboard-text="C:\Users\sliti\Desktop\dev\esprit-PIDEV-3A16-2526-FARMIA\vendor\symfony\browser-kit\AbstractBrowser.php:385"&gt;
                &lt;svg xmlns="http://www.w3.org/2000/svg" height="24" viewBox="0 0 24 24" width="24"&gt;&lt;path d="M0 0h24v24H0z" fill="none"/&gt;&lt;path d="M16 1H4c-1.1 0-2 .9-2 2v14h2V3h12V1zm3 4H8c-1.1 0-2 .9-2 2v14c0 1.1.9 2 2 2h11c1.1 0 2-.9 2-2V7c0-1.1-.9-2-2-2zm0 16H8V7h11v14z"/&gt;&lt;/svg&gt;            &lt;/span&gt;
        &lt;/span&gt;
    &lt;/div&gt;
    &lt;div id="trace-html-1-20" class="trace-code sf-toggle-content"&gt;
        &lt;ol start="380"&gt;&lt;li&gt;&lt;code&gt;&lt;span style="color: var(--highlight-keyword)"&gt;&amp;nbsp;&amp;nbsp;&amp;nbsp;&amp;nbsp;&amp;nbsp;&amp;nbsp;&amp;nbsp;&amp;nbsp;}&lt;/span&gt;&lt;/code&gt;&lt;/li&gt;
&lt;li&gt;&lt;code&gt;&lt;span style="color: var(--highlight-keyword)"&gt;&lt;/span&gt;&lt;/code&gt;&lt;/li&gt;
&lt;li&gt;&lt;code&gt;&lt;span style="color: var(--highlight-keyword)"&gt;&amp;nbsp;&amp;nbsp;&amp;nbsp;&amp;nbsp;&amp;nbsp;&amp;nbsp;&amp;nbsp;&amp;nbsp;if&amp;nbsp;(&lt;/span&gt;&lt;span style="color: var(--highlight-default)"&gt;$this&lt;/span&gt;&lt;span style="color: var(--highlight-keyword)"&gt;-&amp;gt;&lt;/span&gt;&lt;span style="color: var(--highlight-default)"&gt;insulated&lt;/span&gt;&lt;span style="color: var(--highlight-keyword)"&gt;)&amp;nbsp;{&lt;/span&gt;&lt;/code&gt;&lt;/li&gt;
&lt;li&gt;&lt;code&gt;&lt;span style="color: var(--highlight-keyword)"&gt;&amp;nbsp;&amp;nbsp;&amp;nbsp;&amp;nbsp;&amp;nbsp;&amp;nbsp;&amp;nbsp;&amp;nbsp;&amp;nbsp;&amp;nbsp;&amp;nbsp;&amp;nbsp;&lt;/span&gt;&lt;span style="color: var(--highlight-default)"&gt;$this&lt;/span&gt;&lt;span style="color: var(--highlight-keyword)"&gt;-&amp;gt;&lt;/span&gt;&lt;span style="color: var(--highlight-default)"&gt;response&amp;nbsp;&lt;/span&gt;&lt;span style="color: var(--highlight-keyword)"&gt;=&amp;nbsp;&lt;/span&gt;&lt;span style="color: var(--highlight-default)"&gt;$this&lt;/span&gt;&lt;span style="color: var(--highlight-keyword)"&gt;-&amp;gt;&lt;/span&gt;&lt;span style="color: var(--highlight-default)"&gt;doRequestInProcess&lt;/span&gt;&lt;span style="color: var(--highlight-keyword)"&gt;(&lt;/span&gt;&lt;span style="color: var(--highlight-default)"&gt;$this&lt;/span&gt;&lt;span style="color: var(--highlight-keyword)"&gt;-&amp;gt;&lt;/span&gt;&lt;span style="color: var(--highlight-default)"&gt;request&lt;/span&gt;&lt;span style="color: var(--highlight-keyword)"&gt;);&lt;/span&gt;&lt;/code&gt;&lt;/li&gt;
&lt;li&gt;&lt;code&gt;&lt;span style="color: var(--highlight-keyword)"&gt;&amp;nbsp;&amp;nbsp;&amp;nbsp;&amp;nbsp;&amp;nbsp;&amp;nbsp;&amp;nbsp;&amp;nbsp;}&amp;nbsp;else&amp;nbsp;{&lt;/span&gt;&lt;/code&gt;&lt;/li&gt;
&lt;li class="selected"&gt;&lt;code&gt;&lt;span style="color: var(--highlight-keyword)"&gt;&amp;nbsp;&amp;nbsp;&amp;nbsp;&amp;nbsp;&amp;nbsp;&amp;nbsp;&amp;nbsp;&amp;nbsp;&amp;nbsp;&amp;nbsp;&amp;nbsp;&amp;nbsp;&lt;/span&gt;&lt;span style="color: var(--highlight-default)"&gt;$this&lt;/span&gt;&lt;span style="color: var(--highlight-keyword)"&gt;-&amp;gt;&lt;/span&gt;&lt;span style="color: var(--highlight-default)"&gt;response&amp;nbsp;&lt;/span&gt;&lt;span style="color: var(--highlight-keyword)"&gt;=&amp;nbsp;&lt;/span&gt;&lt;span style="color: var(--highlight-default)"&gt;$this&lt;/span&gt;&lt;span style="color: var(--highlight-keyword)"&gt;-&amp;gt;&lt;/span&gt;&lt;span style="color: var(--highlight-default)"&gt;doRequest&lt;/span&gt;&lt;span style="color: var(--highlight-keyword)"&gt;(&lt;/span&gt;&lt;span style="color: var(--highlight-default)"&gt;$this&lt;/span&gt;&lt;span style="color: var(--highlight-keyword)"&gt;-&amp;gt;&lt;/span&gt;&lt;span style="color: var(--highlight-default)"&gt;request&lt;/span&gt;&lt;span style="color: var(--highlight-keyword)"&gt;);&lt;/span&gt;&lt;/code&gt;&lt;/li&gt;
&lt;li&gt;&lt;code&gt;&lt;span style="color: var(--highlight-keyword)"&gt;&amp;nbsp;&amp;nbsp;&amp;nbsp;&amp;nbsp;&amp;nbsp;&amp;nbsp;&amp;nbsp;&amp;nbsp;}&lt;/span&gt;&lt;/code&gt;&lt;/li&gt;
&lt;li&gt;&lt;code&gt;&lt;span style="color: var(--highlight-keyword)"&gt;&lt;/span&gt;&lt;/code&gt;&lt;/li&gt;
&lt;li&gt;&lt;code&gt;&lt;span style="color: var(--highlight-keyword)"&gt;&amp;nbsp;&amp;nbsp;&amp;nbsp;&amp;nbsp;&amp;nbsp;&amp;nbsp;&amp;nbsp;&amp;nbsp;&lt;/span&gt;&lt;span style="color: var(--highlight-default)"&gt;$this&lt;/span&gt;&lt;span style="color: var(--highlight-keyword)"&gt;-&amp;gt;&lt;/span&gt;&lt;span style="color: var(--highlight-default)"&gt;internalResponse&amp;nbsp;&lt;/span&gt;&lt;span style="color: var(--highlight-keyword)"&gt;=&amp;nbsp;&lt;/span&gt;&lt;span style="color: var(--highlight-default)"&gt;$this&lt;/span&gt;&lt;span style="color: var(--highlight-keyword)"&gt;-&amp;gt;&lt;/span&gt;&lt;span style="color: var(--highlight-default)"&gt;filterResponse&lt;/span&gt;&lt;span style="color: var(--highlight-keyword)"&gt;(&lt;/span&gt;&lt;span style="color: var(--highlight-default)"&gt;$this&lt;/span&gt;&lt;span style="color: var(--highlight-keyword)"&gt;-&amp;gt;&lt;/span&gt;&lt;span style="color: var(--highlight-default)"&gt;response&lt;/span&gt;&lt;span style="color: var(--highlight-keyword)"&gt;);&lt;/span&gt;&lt;/code&gt;&lt;/li&gt;
&lt;li&gt;&lt;code&gt;&lt;span style="color: var(--highlight-keyword)"&gt;&lt;/span&gt;&lt;/code&gt;&lt;/li&gt;
&lt;li&gt;&lt;code&gt;&lt;span style="color: var(--highlight-keyword)"&gt;&amp;nbsp;&amp;nbsp;&amp;nbsp;&amp;nbsp;&amp;nbsp;&amp;nbsp;&amp;nbsp;&amp;nbsp;&lt;/span&gt;&lt;span style="color: var(--highlight-default)"&gt;$this&lt;/span&gt;&lt;span style="color: var(--highlight-keyword)"&gt;-&amp;gt;&lt;/span&gt;&lt;span style="color: var(--highlight-default)"&gt;cookieJar&lt;/span&gt;&lt;span style="color: var(--highlight-keyword)"&gt;-&amp;gt;&lt;/span&gt;&lt;span style="color: var(--highlight-default)"&gt;updateFromResponse&lt;/span&gt;&lt;span style="color: var(--highlight-keyword)"&gt;(&lt;/span&gt;&lt;span style="color: var(--highlight-default)"&gt;$this&lt;/span&gt;&lt;span style="color: var(--highlight-keyword)"&gt;-&amp;gt;&lt;/span&gt;&lt;span style="color: var(--highlight-default)"&gt;internalResponse&lt;/span&gt;&lt;span style="color: var(--highlight-keyword)"&gt;,&amp;nbsp;&lt;/span&gt;&lt;span style="color: var(--highlight-default)"&gt;$uri&lt;/span&gt;&lt;span style="color: var(--highlight-keyword)"&gt;);&lt;/span&gt;&lt;/code&gt;&lt;/li&gt;&lt;/ol&gt;    &lt;/div&gt;            &lt;/div&gt;
                        &lt;div class="trace-line "&gt;
                &lt;div class="trace-line-header break-long-words sf-toggle" data-toggle-selector="#trace-html-1-21" data-toggle-initial=""&gt;
            &lt;span class="icon icon-close"&gt;&lt;svg width="1792" height="1792" viewBox="0 0 1792 1792" xmlns="http://www.w3.org/2000/svg"&gt;&lt;path d="M1408 960V832q0-26-19-45t-45-19H448q-26 0-45 19t-19 45v128q0 26 19 45t45 19h896q26 0 45-19t19-45zm256-544v960q0 119-84.5 203.5T1376 1664H416q-119 0-203.5-84.5T128 1376V416q0-119 84.5-203.5T416 128h960q119 0 203.5 84.5T1664 416z"/&gt;&lt;/svg&gt;&lt;/span&gt;
        &lt;span class="icon icon-open"&gt;&lt;svg width="1792" height="1792" viewBox="0 0 1792 1792" xmlns="http://www.w3.org/2000/svg"&gt;&lt;path d="M1408 960V832q0-26-19-45t-45-19h-320V448q0-26-19-45t-45-19H832q-26 0-45 19t-19 45v320H448q-26 0-45 19t-19 45v128q0 26 19 45t45 19h320v320q0 26 19 45t45 19h128q26 0 45-19t19-45v-320h320q26 0 45-19t19-45zm256-544v960q0 119-84.5 203.5T1376 1664H416q-119 0-203.5-84.5T128 1376V416q0-119 84.5-203.5T416 128h960q119 0 203.5 84.5T1664 416z"/&gt;&lt;/svg&gt;&lt;/span&gt;
    
            &lt;span class="trace-class"&gt;&lt;abbr title="Symfony\Component\BrowserKit\AbstractBrowser"&gt;AbstractBrowser&lt;/abbr&gt;&lt;/span&gt;&lt;span class="trace-type"&gt;-&gt;&lt;/span&gt;&lt;span class="trace-method"&gt;request&lt;/span&gt;&lt;span class="trace-arguments"&gt;('GET', 'http://localhost/expert/dashboard')&lt;/span&gt;    
                    &lt;span class="block trace-file-path"&gt;
            in
            &lt;a href="file://C:\Users\sliti\Desktop\dev\esprit-PIDEV-3A16-2526-FARMIA\tests\Functional\Controller\ExpertAnalyseControllerTest.php#L29"&gt;
                C:\Users\sliti\Desktop\dev\esprit-PIDEV-3A16-2526-FARMIA\tests\Functional\Controller\&lt;strong&gt;ExpertAnalyseControllerTest.php&lt;/strong&gt;
            &lt;/a&gt;
                        (line 29)
            &lt;span class="icon icon-copy hidden" data-clipboard-text="C:\Users\sliti\Desktop\dev\esprit-PIDEV-3A16-2526-FARMIA\tests\Functional\Controller\ExpertAnalyseControllerTest.php:29"&gt;
                &lt;svg xmlns="http://www.w3.org/2000/svg" height="24" viewBox="0 0 24 24" width="24"&gt;&lt;path d="M0 0h24v24H0z" fill="none"/&gt;&lt;path d="M16 1H4c-1.1 0-2 .9-2 2v14h2V3h12V1zm3 4H8c-1.1 0-2 .9-2 2v14c0 1.1.9 2 2 2h11c1.1 0 2-.9 2-2V7c0-1.1-.9-2-2-2zm0 16H8V7h11v14z"/&gt;&lt;/svg&gt;            &lt;/span&gt;
        &lt;/span&gt;
    &lt;/div&gt;
    &lt;div id="trace-html-1-21" class="trace-code sf-toggle-content"&gt;
        &lt;ol start="24"&gt;&lt;li&gt;&lt;code&gt;&lt;span style="color: var(--highlight-keyword)"&gt;&amp;nbsp;&amp;nbsp;&amp;nbsp;&amp;nbsp;&lt;/span&gt;&lt;span style="color: var(--highlight-comment)"&gt;/**&#13;&lt;/span&gt;&lt;/code&gt;&lt;/li&gt;
&lt;li&gt;&lt;code&gt;&lt;span style="color: var(--highlight-comment)"&gt;&amp;nbsp;&amp;nbsp;&amp;nbsp;&amp;nbsp;&amp;nbsp;*&amp;nbsp;TEST:&amp;nbsp;Expert&amp;nbsp;dashboard&amp;nbsp;loads&#13;&lt;/span&gt;&lt;/code&gt;&lt;/li&gt;
&lt;li&gt;&lt;code&gt;&lt;span style="color: var(--highlight-comment)"&gt;&amp;nbsp;&amp;nbsp;&amp;nbsp;&amp;nbsp;&amp;nbsp;*/&#13;&lt;/span&gt;&lt;/code&gt;&lt;/li&gt;
&lt;li&gt;&lt;code&gt;&lt;span style="color: var(--highlight-comment)"&gt;&amp;nbsp;&amp;nbsp;&amp;nbsp;&amp;nbsp;&lt;/span&gt;&lt;span style="color: var(--highlight-keyword)"&gt;public&amp;nbsp;function&amp;nbsp;&lt;/span&gt;&lt;span style="color: var(--highlight-default)"&gt;testExpertDashboardLoads&lt;/span&gt;&lt;span style="color: var(--highlight-keyword)"&gt;():&amp;nbsp;&lt;/span&gt;&lt;span style="color: var(--highlight-default)"&gt;void&#13;&lt;/span&gt;&lt;/code&gt;&lt;/li&gt;
&lt;li&gt;&lt;code&gt;&lt;span style="color: var(--highlight-default)"&gt;&amp;nbsp;&amp;nbsp;&amp;nbsp;&amp;nbsp;&lt;/span&gt;&lt;span style="color: var(--highlight-keyword)"&gt;{&#13;&lt;/span&gt;&lt;/code&gt;&lt;/li&gt;
&lt;li class="selected"&gt;&lt;code&gt;&lt;span style="color: var(--highlight-keyword)"&gt;&amp;nbsp;&amp;nbsp;&amp;nbsp;&amp;nbsp;&amp;nbsp;&amp;nbsp;&amp;nbsp;&amp;nbsp;&lt;/span&gt;&lt;span style="color: var(--highlight-default)"&gt;self&lt;/span&gt;&lt;span style="color: var(--highlight-keyword)"&gt;::&lt;/span&gt;&lt;span style="color: var(--highlight-default)"&gt;$client&lt;/span&gt;&lt;span style="color: var(--highlight-keyword)"&gt;-&amp;gt;&lt;/span&gt;&lt;span style="color: var(--highlight-default)"&gt;request&lt;/span&gt;&lt;span style="color: var(--highlight-keyword)"&gt;(&lt;/span&gt;&lt;span style="color: var(--highlight-string)"&gt;'GET'&lt;/span&gt;&lt;span style="color: var(--highlight-keyword)"&gt;,&amp;nbsp;&lt;/span&gt;&lt;span style="color: var(--highlight-string)"&gt;'/expert/dashboard'&lt;/span&gt;&lt;span style="color: var(--highlight-keyword)"&gt;);&#13;&lt;/span&gt;&lt;/code&gt;&lt;/li&gt;
&lt;li&gt;&lt;code&gt;&lt;span style="color: var(--highlight-keyword)"&gt;&#13;&lt;/span&gt;&lt;/code&gt;&lt;/li&gt;
&lt;li&gt;&lt;code&gt;&lt;span style="color: var(--highlight-keyword)"&gt;&amp;nbsp;&amp;nbsp;&amp;nbsp;&amp;nbsp;&amp;nbsp;&amp;nbsp;&amp;nbsp;&amp;nbsp;&lt;/span&gt;&lt;span style="color: var(--highlight-default)"&gt;$this&lt;/span&gt;&lt;span style="color: var(--highlight-keyword)"&gt;-&amp;gt;&lt;/span&gt;&lt;span style="color: var(--highlight-default)"&gt;assertResponseIsSuccessful&lt;/span&gt;&lt;span style="color: var(--highlight-keyword)"&gt;();&#13;&lt;/span&gt;&lt;/code&gt;&lt;/li&gt;
&lt;li&gt;&lt;code&gt;&lt;span style="color: var(--highlight-keyword)"&gt;&amp;nbsp;&amp;nbsp;&amp;nbsp;&amp;nbsp;&amp;nbsp;&amp;nbsp;&amp;nbsp;&amp;nbsp;&lt;/span&gt;&lt;span style="color: var(--highlight-default)"&gt;$this&lt;/span&gt;&lt;span style="color: var(--highlight-keyword)"&gt;-&amp;gt;&lt;/span&gt;&lt;span style="color: var(--highlight-default)"&gt;assertSelectorExists&lt;/span&gt;&lt;span style="color: var(--highlight-keyword)"&gt;(&lt;/span&gt;&lt;span style="color: var(--highlight-string)"&gt;'h1'&lt;/span&gt;&lt;span style="color: var(--highlight-keyword)"&gt;);&#13;&lt;/span&gt;&lt;/code&gt;&lt;/li&gt;
&lt;li&gt;&lt;code&gt;&lt;span style="color: var(--highlight-keyword)"&gt;&amp;nbsp;&amp;nbsp;&amp;nbsp;&amp;nbsp;}&#13;&lt;/span&gt;&lt;/code&gt;&lt;/li&gt;
&lt;li&gt;&lt;code&gt;&lt;span style="color: var(--highlight-keyword)"&gt;&#13;&lt;/span&gt;&lt;/code&gt;&lt;/li&gt;&lt;/ol&gt;    &lt;/div&gt;            &lt;/div&gt;
                        &lt;div class="trace-line "&gt;
                &lt;div class="trace-line-header break-long-words sf-toggle" data-toggle-selector="#trace-html-1-22" data-toggle-initial=""&gt;
            &lt;span class="icon icon-close"&gt;&lt;svg width="1792" height="1792" viewBox="0 0 1792 1792" xmlns="http://www.w3.org/2000/svg"&gt;&lt;path d="M1408 960V832q0-26-19-45t-45-19H448q-26 0-45 19t-19 45v128q0 26 19 45t45 19h896q26 0 45-19t19-45zm256-544v960q0 119-84.5 203.5T1376 1664H416q-119 0-203.5-84.5T128 1376V416q0-119 84.5-203.5T416 128h960q119 0 203.5 84.5T1664 416z"/&gt;&lt;/svg&gt;&lt;/span&gt;
        &lt;span class="icon icon-open"&gt;&lt;svg width="1792" height="1792" viewBox="0 0 1792 1792" xmlns="http://www.w3.org/2000/svg"&gt;&lt;path d="M1408 960V832q0-26-19-45t-45-19h-320V448q0-26-19-45t-45-19H832q-26 0-45 19t-19 45v320H448q-26 0-45 19t-19 45v128q0 26 19 45t45 19h320v320q0 26 19 45t45 19h128q26 0 45-19t19-45v-320h320q26 0 45-19t19-45zm256-544v960q0 119-84.5 203.5T1376 1664H416q-119 0-203.5-84.5T128 1376V416q0-119 84.5-203.5T416 128h960q119 0 203.5 84.5T1664 416z"/&gt;&lt;/svg&gt;&lt;/span&gt;
    
            &lt;span class="trace-class"&gt;&lt;abbr title="App\Tests\Functional\Controller\ExpertAnalyseControllerTest"&gt;ExpertAnalyseControllerTest&lt;/abbr&gt;&lt;/span&gt;&lt;span class="trace-type"&gt;-&gt;&lt;/span&gt;&lt;span class="trace-method"&gt;testExpertDashboardLoads&lt;/span&gt;&lt;span class="trace-arguments"&gt;()&lt;/span&gt;    
                    &lt;span class="block trace-file-path"&gt;
            in
            &lt;a href="file://C:\Users\sliti\Desktop\dev\esprit-PIDEV-3A16-2526-FARMIA\vendor\phpunit\phpunit\src\Framework\TestCase.php#L1617"&gt;
                C:\Users\sliti\Desktop\dev\esprit-PIDEV-3A16-2526-FARMIA\vendor\phpunit\phpunit\src\Framework\&lt;strong&gt;TestCase.php&lt;/strong&gt;
            &lt;/a&gt;
                        (line 1617)
            &lt;span class="icon icon-copy hidden" data-clipboard-text="C:\Users\sliti\Desktop\dev\esprit-PIDEV-3A16-2526-FARMIA\vendor\phpunit\phpunit\src\Framework\TestCase.php:1617"&gt;
                &lt;svg xmlns="http://www.w3.org/2000/svg" height="24" viewBox="0 0 24 24" width="24"&gt;&lt;path d="M0 0h24v24H0z" fill="none"/&gt;&lt;path d="M16 1H4c-1.1 0-2 .9-2 2v14h2V3h12V1zm3 4H8c-1.1 0-2 .9-2 2v14c0 1.1.9 2 2 2h11c1.1 0 2-.9 2-2V7c0-1.1-.9-2-2-2zm0 16H8V7h11v14z"/&gt;&lt;/svg&gt;            &lt;/span&gt;
        &lt;/span&gt;
    &lt;/div&gt;
    &lt;div id="trace-html-1-22" class="trace-code sf-toggle-content"&gt;
        &lt;ol start="1612"&gt;&lt;li&gt;&lt;code&gt;&lt;span style="color: var(--highlight-keyword)"&gt;&amp;nbsp;&amp;nbsp;&amp;nbsp;&amp;nbsp;&amp;nbsp;&amp;nbsp;&amp;nbsp;&amp;nbsp;&lt;/span&gt;&lt;span style="color: var(--highlight-default)"&gt;$testArguments&amp;nbsp;&lt;/span&gt;&lt;span style="color: var(--highlight-keyword)"&gt;=&amp;nbsp;&lt;/span&gt;&lt;span style="color: var(--highlight-default)"&gt;array_merge&lt;/span&gt;&lt;span style="color: var(--highlight-keyword)"&gt;(&lt;/span&gt;&lt;span style="color: var(--highlight-default)"&gt;$this&lt;/span&gt;&lt;span style="color: var(--highlight-keyword)"&gt;-&amp;gt;&lt;/span&gt;&lt;span style="color: var(--highlight-default)"&gt;data&lt;/span&gt;&lt;span style="color: var(--highlight-keyword)"&gt;,&amp;nbsp;&lt;/span&gt;&lt;span style="color: var(--highlight-default)"&gt;$this&lt;/span&gt;&lt;span style="color: var(--highlight-keyword)"&gt;-&amp;gt;&lt;/span&gt;&lt;span style="color: var(--highlight-default)"&gt;dependencyInput&lt;/span&gt;&lt;span style="color: var(--highlight-keyword)"&gt;);&lt;/span&gt;&lt;/code&gt;&lt;/li&gt;
&lt;li&gt;&lt;code&gt;&lt;span style="color: var(--highlight-keyword)"&gt;&lt;/span&gt;&lt;/code&gt;&lt;/li&gt;
&lt;li&gt;&lt;code&gt;&lt;span style="color: var(--highlight-keyword)"&gt;&amp;nbsp;&amp;nbsp;&amp;nbsp;&amp;nbsp;&amp;nbsp;&amp;nbsp;&amp;nbsp;&amp;nbsp;&lt;/span&gt;&lt;span style="color: var(--highlight-default)"&gt;$this&lt;/span&gt;&lt;span style="color: var(--highlight-keyword)"&gt;-&amp;gt;&lt;/span&gt;&lt;span style="color: var(--highlight-default)"&gt;registerMockObjectsFromTestArguments&lt;/span&gt;&lt;span style="color: var(--highlight-keyword)"&gt;(&lt;/span&gt;&lt;span style="color: var(--highlight-default)"&gt;$testArguments&lt;/span&gt;&lt;span style="color: var(--highlight-keyword)"&gt;);&lt;/span&gt;&lt;/code&gt;&lt;/li&gt;
&lt;li&gt;&lt;code&gt;&lt;span style="color: var(--highlight-keyword)"&gt;&lt;/span&gt;&lt;/code&gt;&lt;/li&gt;
&lt;li&gt;&lt;code&gt;&lt;span style="color: var(--highlight-keyword)"&gt;&amp;nbsp;&amp;nbsp;&amp;nbsp;&amp;nbsp;&amp;nbsp;&amp;nbsp;&amp;nbsp;&amp;nbsp;try&amp;nbsp;{&lt;/span&gt;&lt;/code&gt;&lt;/li&gt;
&lt;li class="selected"&gt;&lt;code&gt;&lt;span style="color: var(--highlight-keyword)"&gt;&amp;nbsp;&amp;nbsp;&amp;nbsp;&amp;nbsp;&amp;nbsp;&amp;nbsp;&amp;nbsp;&amp;nbsp;&amp;nbsp;&amp;nbsp;&amp;nbsp;&amp;nbsp;&lt;/span&gt;&lt;span style="color: var(--highlight-default)"&gt;$testResult&amp;nbsp;&lt;/span&gt;&lt;span style="color: var(--highlight-keyword)"&gt;=&amp;nbsp;&lt;/span&gt;&lt;span style="color: var(--highlight-default)"&gt;$this&lt;/span&gt;&lt;span style="color: var(--highlight-keyword)"&gt;-&amp;gt;{&lt;/span&gt;&lt;span style="color: var(--highlight-default)"&gt;$this&lt;/span&gt;&lt;span style="color: var(--highlight-keyword)"&gt;-&amp;gt;&lt;/span&gt;&lt;span style="color: var(--highlight-default)"&gt;name&lt;/span&gt;&lt;span style="color: var(--highlight-keyword)"&gt;}(...&lt;/span&gt;&lt;span style="color: var(--highlight-default)"&gt;array_values&lt;/span&gt;&lt;span style="color: var(--highlight-keyword)"&gt;(&lt;/span&gt;&lt;span style="color: var(--highlight-default)"&gt;$testArguments&lt;/span&gt;&lt;span style="color: var(--highlight-keyword)"&gt;));&lt;/span&gt;&lt;/code&gt;&lt;/li&gt;
&lt;li&gt;&lt;code&gt;&lt;span style="color: var(--highlight-keyword)"&gt;&amp;nbsp;&amp;nbsp;&amp;nbsp;&amp;nbsp;&amp;nbsp;&amp;nbsp;&amp;nbsp;&amp;nbsp;}&amp;nbsp;catch&amp;nbsp;(&lt;/span&gt;&lt;span style="color: var(--highlight-default)"&gt;Throwable&amp;nbsp;$exception&lt;/span&gt;&lt;span style="color: var(--highlight-keyword)"&gt;)&amp;nbsp;{&lt;/span&gt;&lt;/code&gt;&lt;/li&gt;
&lt;li&gt;&lt;code&gt;&lt;span style="color: var(--highlight-keyword)"&gt;&amp;nbsp;&amp;nbsp;&amp;nbsp;&amp;nbsp;&amp;nbsp;&amp;nbsp;&amp;nbsp;&amp;nbsp;&amp;nbsp;&amp;nbsp;&amp;nbsp;&amp;nbsp;if&amp;nbsp;(!&lt;/span&gt;&lt;span style="color: var(--highlight-default)"&gt;$this&lt;/span&gt;&lt;span style="color: var(--highlight-keyword)"&gt;-&amp;gt;&lt;/span&gt;&lt;span style="color: var(--highlight-default)"&gt;checkExceptionExpectations&lt;/span&gt;&lt;span style="color: var(--highlight-keyword)"&gt;(&lt;/span&gt;&lt;span style="color: var(--highlight-default)"&gt;$exception&lt;/span&gt;&lt;span style="color: var(--highlight-keyword)"&gt;))&amp;nbsp;{&lt;/span&gt;&lt;/code&gt;&lt;/li&gt;
&lt;li&gt;&lt;code&gt;&lt;span style="color: var(--highlight-keyword)"&gt;&amp;nbsp;&amp;nbsp;&amp;nbsp;&amp;nbsp;&amp;nbsp;&amp;nbsp;&amp;nbsp;&amp;nbsp;&amp;nbsp;&amp;nbsp;&amp;nbsp;&amp;nbsp;&amp;nbsp;&amp;nbsp;&amp;nbsp;&amp;nbsp;throw&amp;nbsp;&lt;/span&gt;&lt;span style="color: var(--highlight-default)"&gt;$exception&lt;/span&gt;&lt;span style="color: var(--highlight-keyword)"&gt;;&lt;/span&gt;&lt;/code&gt;&lt;/li&gt;
&lt;li&gt;&lt;code&gt;&lt;span style="color: var(--highlight-keyword)"&gt;&amp;nbsp;&amp;nbsp;&amp;nbsp;&amp;nbsp;&amp;nbsp;&amp;nbsp;&amp;nbsp;&amp;nbsp;&amp;nbsp;&amp;nbsp;&amp;nbsp;&amp;nbsp;}&lt;/span&gt;&lt;/code&gt;&lt;/li&gt;
&lt;li&gt;&lt;code&gt;&lt;span style="color: var(--highlight-keyword)"&gt;&lt;/span&gt;&lt;/code&gt;&lt;/li&gt;&lt;/ol&gt;    &lt;/div&gt;            &lt;/div&gt;
                        &lt;div class="trace-line "&gt;
                &lt;div class="trace-line-header break-long-words sf-toggle" data-toggle-selector="#trace-html-1-23" data-toggle-initial=""&gt;
            &lt;span class="icon icon-close"&gt;&lt;svg width="1792" height="1792" viewBox="0 0 1792 1792" xmlns="http://www.w3.org/2000/svg"&gt;&lt;path d="M1408 960V832q0-26-19-45t-45-19H448q-26 0-45 19t-19 45v128q0 26 19 45t45 19h896q26 0 45-19t19-45zm256-544v960q0 119-84.5 203.5T1376 1664H416q-119 0-203.5-84.5T128 1376V416q0-119 84.5-203.5T416 128h960q119 0 203.5 84.5T1664 416z"/&gt;&lt;/svg&gt;&lt;/span&gt;
        &lt;span class="icon icon-open"&gt;&lt;svg width="1792" height="1792" viewBox="0 0 1792 1792" xmlns="http://www.w3.org/2000/svg"&gt;&lt;path d="M1408 960V832q0-26-19-45t-45-19h-320V448q0-26-19-45t-45-19H832q-26 0-45 19t-19 45v320H448q-26 0-45 19t-19 45v128q0 26 19 45t45 19h320v320q0 26 19 45t45 19h128q26 0 45-19t19-45v-320h320q26 0 45-19t19-45zm256-544v960q0 119-84.5 203.5T1376 1664H416q-119 0-203.5-84.5T128 1376V416q0-119 84.5-203.5T416 128h960q119 0 203.5 84.5T1664 416z"/&gt;&lt;/svg&gt;&lt;/span&gt;
    
            &lt;span class="trace-class"&gt;&lt;abbr title="PHPUnit\Framework\TestCase"&gt;TestCase&lt;/abbr&gt;&lt;/span&gt;&lt;span class="trace-type"&gt;-&gt;&lt;/span&gt;&lt;span class="trace-method"&gt;runTest&lt;/span&gt;&lt;span class="trace-arguments"&gt;()&lt;/span&gt;    
                    &lt;span class="block trace-file-path"&gt;
            in
            &lt;a href="file://C:\Users\sliti\Desktop\dev\esprit-PIDEV-3A16-2526-FARMIA\vendor\phpunit\phpunit\src\Framework\TestCase.php#L1223"&gt;
                C:\Users\sliti\Desktop\dev\esprit-PIDEV-3A16-2526-FARMIA\vendor\phpunit\phpunit\src\Framework\&lt;strong&gt;TestCase.php&lt;/strong&gt;
            &lt;/a&gt;
                        (line 1223)
            &lt;span class="icon icon-copy hidden" data-clipboard-text="C:\Users\sliti\Desktop\dev\esprit-PIDEV-3A16-2526-FARMIA\vendor\phpunit\phpunit\src\Framework\TestCase.php:1223"&gt;
                &lt;svg xmlns="http://www.w3.org/2000/svg" height="24" viewBox="0 0 24 24" width="24"&gt;&lt;path d="M0 0h24v24H0z" fill="none"/&gt;&lt;path d="M16 1H4c-1.1 0-2 .9-2 2v14h2V3h12V1zm3 4H8c-1.1 0-2 .9-2 2v14c0 1.1.9 2 2 2h11c1.1 0 2-.9 2-2V7c0-1.1-.9-2-2-2zm0 16H8V7h11v14z"/&gt;&lt;/svg&gt;            &lt;/span&gt;
        &lt;/span&gt;
    &lt;/div&gt;
    &lt;div id="trace-html-1-23" class="trace-code sf-toggle-content"&gt;
        &lt;ol start="1218"&gt;&lt;li&gt;&lt;code&gt;&lt;span style="color: var(--highlight-keyword)"&gt;&lt;/span&gt;&lt;/code&gt;&lt;/li&gt;
&lt;li&gt;&lt;code&gt;&lt;span style="color: var(--highlight-keyword)"&gt;&amp;nbsp;&amp;nbsp;&amp;nbsp;&amp;nbsp;&amp;nbsp;&amp;nbsp;&amp;nbsp;&amp;nbsp;&amp;nbsp;&amp;nbsp;&amp;nbsp;&amp;nbsp;foreach&amp;nbsp;(&lt;/span&gt;&lt;span style="color: var(--highlight-default)"&gt;$hookMethods&lt;/span&gt;&lt;span style="color: var(--highlight-keyword)"&gt;[&lt;/span&gt;&lt;span style="color: var(--highlight-string)"&gt;'preCondition'&lt;/span&gt;&lt;span style="color: var(--highlight-keyword)"&gt;]&amp;nbsp;as&amp;nbsp;&lt;/span&gt;&lt;span style="color: var(--highlight-default)"&gt;$method&lt;/span&gt;&lt;span style="color: var(--highlight-keyword)"&gt;)&amp;nbsp;{&lt;/span&gt;&lt;/code&gt;&lt;/li&gt;
&lt;li&gt;&lt;code&gt;&lt;span style="color: var(--highlight-keyword)"&gt;&amp;nbsp;&amp;nbsp;&amp;nbsp;&amp;nbsp;&amp;nbsp;&amp;nbsp;&amp;nbsp;&amp;nbsp;&amp;nbsp;&amp;nbsp;&amp;nbsp;&amp;nbsp;&amp;nbsp;&amp;nbsp;&amp;nbsp;&amp;nbsp;&lt;/span&gt;&lt;span style="color: var(--highlight-default)"&gt;$this&lt;/span&gt;&lt;span style="color: var(--highlight-keyword)"&gt;-&amp;gt;{&lt;/span&gt;&lt;span style="color: var(--highlight-default)"&gt;$method&lt;/span&gt;&lt;span style="color: var(--highlight-keyword)"&gt;}();&lt;/span&gt;&lt;/code&gt;&lt;/li&gt;
&lt;li&gt;&lt;code&gt;&lt;span style="color: var(--highlight-keyword)"&gt;&amp;nbsp;&amp;nbsp;&amp;nbsp;&amp;nbsp;&amp;nbsp;&amp;nbsp;&amp;nbsp;&amp;nbsp;&amp;nbsp;&amp;nbsp;&amp;nbsp;&amp;nbsp;}&lt;/span&gt;&lt;/code&gt;&lt;/li&gt;
&lt;li&gt;&lt;code&gt;&lt;span style="color: var(--highlight-keyword)"&gt;&lt;/span&gt;&lt;/code&gt;&lt;/li&gt;
&lt;li class="selected"&gt;&lt;code&gt;&lt;span style="color: var(--highlight-keyword)"&gt;&amp;nbsp;&amp;nbsp;&amp;nbsp;&amp;nbsp;&amp;nbsp;&amp;nbsp;&amp;nbsp;&amp;nbsp;&amp;nbsp;&amp;nbsp;&amp;nbsp;&amp;nbsp;&lt;/span&gt;&lt;span style="color: var(--highlight-default)"&gt;$this&lt;/span&gt;&lt;span style="color: var(--highlight-keyword)"&gt;-&amp;gt;&lt;/span&gt;&lt;span style="color: var(--highlight-default)"&gt;testResult&amp;nbsp;&lt;/span&gt;&lt;span style="color: var(--highlight-keyword)"&gt;=&amp;nbsp;&lt;/span&gt;&lt;span style="color: var(--highlight-default)"&gt;$this&lt;/span&gt;&lt;span style="color: var(--highlight-keyword)"&gt;-&amp;gt;&lt;/span&gt;&lt;span style="color: var(--highlight-default)"&gt;runTest&lt;/span&gt;&lt;span style="color: var(--highlight-keyword)"&gt;();&lt;/span&gt;&lt;/code&gt;&lt;/li&gt;
&lt;li&gt;&lt;code&gt;&lt;span style="color: var(--highlight-keyword)"&gt;&amp;nbsp;&amp;nbsp;&amp;nbsp;&amp;nbsp;&amp;nbsp;&amp;nbsp;&amp;nbsp;&amp;nbsp;&amp;nbsp;&amp;nbsp;&amp;nbsp;&amp;nbsp;&lt;/span&gt;&lt;span style="color: var(--highlight-default)"&gt;$this&lt;/span&gt;&lt;span style="color: var(--highlight-keyword)"&gt;-&amp;gt;&lt;/span&gt;&lt;span style="color: var(--highlight-default)"&gt;verifyMockObjects&lt;/span&gt;&lt;span style="color: var(--highlight-keyword)"&gt;();&lt;/span&gt;&lt;/code&gt;&lt;/li&gt;
&lt;li&gt;&lt;code&gt;&lt;span style="color: var(--highlight-keyword)"&gt;&lt;/span&gt;&lt;/code&gt;&lt;/li&gt;
&lt;li&gt;&lt;code&gt;&lt;span style="color: var(--highlight-keyword)"&gt;&amp;nbsp;&amp;nbsp;&amp;nbsp;&amp;nbsp;&amp;nbsp;&amp;nbsp;&amp;nbsp;&amp;nbsp;&amp;nbsp;&amp;nbsp;&amp;nbsp;&amp;nbsp;foreach&amp;nbsp;(&lt;/span&gt;&lt;span style="color: var(--highlight-default)"&gt;$hookMethods&lt;/span&gt;&lt;span style="color: var(--highlight-keyword)"&gt;[&lt;/span&gt;&lt;span style="color: var(--highlight-string)"&gt;'postCondition'&lt;/span&gt;&lt;span style="color: var(--highlight-keyword)"&gt;]&amp;nbsp;as&amp;nbsp;&lt;/span&gt;&lt;span style="color: var(--highlight-default)"&gt;$method&lt;/span&gt;&lt;span style="color: var(--highlight-keyword)"&gt;)&amp;nbsp;{&lt;/span&gt;&lt;/code&gt;&lt;/li&gt;
&lt;li&gt;&lt;code&gt;&lt;span style="color: var(--highlight-keyword)"&gt;&amp;nbsp;&amp;nbsp;&amp;nbsp;&amp;nbsp;&amp;nbsp;&amp;nbsp;&amp;nbsp;&amp;nbsp;&amp;nbsp;&amp;nbsp;&amp;nbsp;&amp;nbsp;&amp;nbsp;&amp;nbsp;&amp;nbsp;&amp;nbsp;&lt;/span&gt;&lt;span style="color: var(--highlight-default)"&gt;$this&lt;/span&gt;&lt;span style="color: var(--highlight-keyword)"&gt;-&amp;gt;{&lt;/span&gt;&lt;span style="color: var(--highlight-default)"&gt;$method&lt;/span&gt;&lt;span style="color: var(--highlight-keyword)"&gt;}();&lt;/span&gt;&lt;/code&gt;&lt;/li&gt;
&lt;li&gt;&lt;code&gt;&lt;span style="color: var(--highlight-keyword)"&gt;&amp;nbsp;&amp;nbsp;&amp;nbsp;&amp;nbsp;&amp;nbsp;&amp;nbsp;&amp;nbsp;&amp;nbsp;&amp;nbsp;&amp;nbsp;&amp;nbsp;&amp;nbsp;}&lt;/span&gt;&lt;/code&gt;&lt;/li&gt;&lt;/ol&gt;    &lt;/div&gt;            &lt;/div&gt;
                        &lt;div class="trace-line "&gt;
                &lt;div class="trace-line-header break-long-words sf-toggle" data-toggle-selector="#trace-html-1-24" data-toggle-initial=""&gt;
            &lt;span class="icon icon-close"&gt;&lt;svg width="1792" height="1792" viewBox="0 0 1792 1792" xmlns="http://www.w3.org/2000/svg"&gt;&lt;path d="M1408 960V832q0-26-19-45t-45-19H448q-26 0-45 19t-19 45v128q0 26 19 45t45 19h896q26 0 45-19t19-45zm256-544v960q0 119-84.5 203.5T1376 1664H416q-119 0-203.5-84.5T128 1376V416q0-119 84.5-203.5T416 128h960q119 0 203.5 84.5T1664 416z"/&gt;&lt;/svg&gt;&lt;/span&gt;
        &lt;span class="icon icon-open"&gt;&lt;svg width="1792" height="1792" viewBox="0 0 1792 1792" xmlns="http://www.w3.org/2000/svg"&gt;&lt;path d="M1408 960V832q0-26-19-45t-45-19h-320V448q0-26-19-45t-45-19H832q-26 0-45 19t-19 45v320H448q-26 0-45 19t-19 45v128q0 26 19 45t45 19h320v320q0 26 19 45t45 19h128q26 0 45-19t19-45v-320h320q26 0 45-19t19-45zm256-544v960q0 119-84.5 203.5T1376 1664H416q-119 0-203.5-84.5T128 1376V416q0-119 84.5-203.5T416 128h960q119 0 203.5 84.5T1664 416z"/&gt;&lt;/svg&gt;&lt;/span&gt;
    
            &lt;span class="trace-class"&gt;&lt;abbr title="PHPUnit\Framework\TestCase"&gt;TestCase&lt;/abbr&gt;&lt;/span&gt;&lt;span class="trace-type"&gt;-&gt;&lt;/span&gt;&lt;span class="trace-method"&gt;runBare&lt;/span&gt;&lt;span class="trace-arguments"&gt;()&lt;/span&gt;    
                    &lt;span class="block trace-file-path"&gt;
            in
            &lt;a href="file://C:\Users\sliti\Desktop\dev\esprit-PIDEV-3A16-2526-FARMIA\vendor\phpunit\phpunit\src\Framework\TestResult.php#L729"&gt;
                C:\Users\sliti\Desktop\dev\esprit-PIDEV-3A16-2526-FARMIA\vendor\phpunit\phpunit\src\Framework\&lt;strong&gt;TestResult.php&lt;/strong&gt;
            &lt;/a&gt;
                        (line 729)
            &lt;span class="icon icon-copy hidden" data-clipboard-text="C:\Users\sliti\Desktop\dev\esprit-PIDEV-3A16-2526-FARMIA\vendor\phpunit\phpunit\src\Framework\TestResult.php:729"&gt;
                &lt;svg xmlns="http://www.w3.org/2000/svg" height="24" viewBox="0 0 24 24" width="24"&gt;&lt;path d="M0 0h24v24H0z" fill="none"/&gt;&lt;path d="M16 1H4c-1.1 0-2 .9-2 2v14h2V3h12V1zm3 4H8c-1.1 0-2 .9-2 2v14c0 1.1.9 2 2 2h11c1.1 0 2-.9 2-2V7c0-1.1-.9-2-2-2zm0 16H8V7h11v14z"/&gt;&lt;/svg&gt;            &lt;/span&gt;
        &lt;/span&gt;
    &lt;/div&gt;
    &lt;div id="trace-html-1-24" class="trace-code sf-toggle-content"&gt;
        &lt;ol start="724"&gt;&lt;li&gt;&lt;code&gt;&lt;span style="color: var(--highlight-keyword)"&gt;&amp;nbsp;&amp;nbsp;&amp;nbsp;&amp;nbsp;&amp;nbsp;&amp;nbsp;&amp;nbsp;&amp;nbsp;&amp;nbsp;&amp;nbsp;&amp;nbsp;&amp;nbsp;&amp;nbsp;&amp;nbsp;&amp;nbsp;&amp;nbsp;&amp;nbsp;&amp;nbsp;&amp;nbsp;&amp;nbsp;&amp;nbsp;&amp;nbsp;&amp;nbsp;&amp;nbsp;&lt;/span&gt;&lt;span style="color: var(--highlight-default)"&gt;$_timeout&amp;nbsp;&lt;/span&gt;&lt;span style="color: var(--highlight-keyword)"&gt;=&amp;nbsp;&lt;/span&gt;&lt;span style="color: var(--highlight-default)"&gt;$this&lt;/span&gt;&lt;span style="color: var(--highlight-keyword)"&gt;-&amp;gt;&lt;/span&gt;&lt;span style="color: var(--highlight-default)"&gt;defaultTimeLimit&lt;/span&gt;&lt;span style="color: var(--highlight-keyword)"&gt;;&lt;/span&gt;&lt;/code&gt;&lt;/li&gt;
&lt;li&gt;&lt;code&gt;&lt;span style="color: var(--highlight-keyword)"&gt;&amp;nbsp;&amp;nbsp;&amp;nbsp;&amp;nbsp;&amp;nbsp;&amp;nbsp;&amp;nbsp;&amp;nbsp;&amp;nbsp;&amp;nbsp;&amp;nbsp;&amp;nbsp;&amp;nbsp;&amp;nbsp;&amp;nbsp;&amp;nbsp;}&lt;/span&gt;&lt;/code&gt;&lt;/li&gt;
&lt;li&gt;&lt;code&gt;&lt;span style="color: var(--highlight-keyword)"&gt;&lt;/span&gt;&lt;/code&gt;&lt;/li&gt;
&lt;li&gt;&lt;code&gt;&lt;span style="color: var(--highlight-keyword)"&gt;&amp;nbsp;&amp;nbsp;&amp;nbsp;&amp;nbsp;&amp;nbsp;&amp;nbsp;&amp;nbsp;&amp;nbsp;&amp;nbsp;&amp;nbsp;&amp;nbsp;&amp;nbsp;&amp;nbsp;&amp;nbsp;&amp;nbsp;&amp;nbsp;&lt;/span&gt;&lt;span style="color: var(--highlight-default)"&gt;$invoker&lt;/span&gt;&lt;span style="color: var(--highlight-keyword)"&gt;-&amp;gt;&lt;/span&gt;&lt;span style="color: var(--highlight-default)"&gt;invoke&lt;/span&gt;&lt;span style="color: var(--highlight-keyword)"&gt;([&lt;/span&gt;&lt;span style="color: var(--highlight-default)"&gt;$test&lt;/span&gt;&lt;span style="color: var(--highlight-keyword)"&gt;,&amp;nbsp;&lt;/span&gt;&lt;span style="color: var(--highlight-string)"&gt;'runBare'&lt;/span&gt;&lt;span style="color: var(--highlight-keyword)"&gt;],&amp;nbsp;[],&amp;nbsp;&lt;/span&gt;&lt;span style="color: var(--highlight-default)"&gt;$_timeout&lt;/span&gt;&lt;span style="color: var(--highlight-keyword)"&gt;);&lt;/span&gt;&lt;/code&gt;&lt;/li&gt;
&lt;li&gt;&lt;code&gt;&lt;span style="color: var(--highlight-keyword)"&gt;&amp;nbsp;&amp;nbsp;&amp;nbsp;&amp;nbsp;&amp;nbsp;&amp;nbsp;&amp;nbsp;&amp;nbsp;&amp;nbsp;&amp;nbsp;&amp;nbsp;&amp;nbsp;}&amp;nbsp;else&amp;nbsp;{&lt;/span&gt;&lt;/code&gt;&lt;/li&gt;
&lt;li class="selected"&gt;&lt;code&gt;&lt;span style="color: var(--highlight-keyword)"&gt;&amp;nbsp;&amp;nbsp;&amp;nbsp;&amp;nbsp;&amp;nbsp;&amp;nbsp;&amp;nbsp;&amp;nbsp;&amp;nbsp;&amp;nbsp;&amp;nbsp;&amp;nbsp;&amp;nbsp;&amp;nbsp;&amp;nbsp;&amp;nbsp;&lt;/span&gt;&lt;span style="color: var(--highlight-default)"&gt;$test&lt;/span&gt;&lt;span style="color: var(--highlight-keyword)"&gt;-&amp;gt;&lt;/span&gt;&lt;span style="color: var(--highlight-default)"&gt;runBare&lt;/span&gt;&lt;span style="color: var(--highlight-keyword)"&gt;();&lt;/span&gt;&lt;/code&gt;&lt;/li&gt;
&lt;li&gt;&lt;code&gt;&lt;span style="color: var(--highlight-keyword)"&gt;&amp;nbsp;&amp;nbsp;&amp;nbsp;&amp;nbsp;&amp;nbsp;&amp;nbsp;&amp;nbsp;&amp;nbsp;&amp;nbsp;&amp;nbsp;&amp;nbsp;&amp;nbsp;}&lt;/span&gt;&lt;/code&gt;&lt;/li&gt;
&lt;li&gt;&lt;code&gt;&lt;span style="color: var(--highlight-keyword)"&gt;&amp;nbsp;&amp;nbsp;&amp;nbsp;&amp;nbsp;&amp;nbsp;&amp;nbsp;&amp;nbsp;&amp;nbsp;}&amp;nbsp;catch&amp;nbsp;(&lt;/span&gt;&lt;span style="color: var(--highlight-default)"&gt;TimeoutException&amp;nbsp;$e&lt;/span&gt;&lt;span style="color: var(--highlight-keyword)"&gt;)&amp;nbsp;{&lt;/span&gt;&lt;/code&gt;&lt;/li&gt;
&lt;li&gt;&lt;code&gt;&lt;span style="color: var(--highlight-keyword)"&gt;&amp;nbsp;&amp;nbsp;&amp;nbsp;&amp;nbsp;&amp;nbsp;&amp;nbsp;&amp;nbsp;&amp;nbsp;&amp;nbsp;&amp;nbsp;&amp;nbsp;&amp;nbsp;&lt;/span&gt;&lt;span style="color: var(--highlight-default)"&gt;$this&lt;/span&gt;&lt;span style="color: var(--highlight-keyword)"&gt;-&amp;gt;&lt;/span&gt;&lt;span style="color: var(--highlight-default)"&gt;addFailure&lt;/span&gt;&lt;span style="color: var(--highlight-keyword)"&gt;(&lt;/span&gt;&lt;/code&gt;&lt;/li&gt;
&lt;li&gt;&lt;code&gt;&lt;span style="color: var(--highlight-keyword)"&gt;&amp;nbsp;&amp;nbsp;&amp;nbsp;&amp;nbsp;&amp;nbsp;&amp;nbsp;&amp;nbsp;&amp;nbsp;&amp;nbsp;&amp;nbsp;&amp;nbsp;&amp;nbsp;&amp;nbsp;&amp;nbsp;&amp;nbsp;&amp;nbsp;&lt;/span&gt;&lt;span style="color: var(--highlight-default)"&gt;$test&lt;/span&gt;&lt;span style="color: var(--highlight-keyword)"&gt;,&lt;/span&gt;&lt;/code&gt;&lt;/li&gt;
&lt;li&gt;&lt;code&gt;&lt;span style="color: var(--highlight-keyword)"&gt;&amp;nbsp;&amp;nbsp;&amp;nbsp;&amp;nbsp;&amp;nbsp;&amp;nbsp;&amp;nbsp;&amp;nbsp;&amp;nbsp;&amp;nbsp;&amp;nbsp;&amp;nbsp;&amp;nbsp;&amp;nbsp;&amp;nbsp;&amp;nbsp;new&amp;nbsp;&lt;/span&gt;&lt;span style="color: var(--highlight-default)"&gt;RiskyTestError&lt;/span&gt;&lt;span style="color: var(--highlight-keyword)"&gt;(&lt;/span&gt;&lt;/code&gt;&lt;/li&gt;&lt;/ol&gt;    &lt;/div&gt;            &lt;/div&gt;
                        &lt;div class="trace-line "&gt;
                &lt;div class="trace-line-header break-long-words sf-toggle" data-toggle-selector="#trace-html-1-25" data-toggle-initial=""&gt;
            &lt;span class="icon icon-close"&gt;&lt;svg width="1792" height="1792" viewBox="0 0 1792 1792" xmlns="http://www.w3.org/2000/svg"&gt;&lt;path d="M1408 960V832q0-26-19-45t-45-19H448q-26 0-45 19t-19 45v128q0 26 19 45t45 19h896q26 0 45-19t19-45zm256-544v960q0 119-84.5 203.5T1376 1664H416q-119 0-203.5-84.5T128 1376V416q0-119 84.5-203.5T416 128h960q119 0 203.5 84.5T1664 416z"/&gt;&lt;/svg&gt;&lt;/span&gt;
        &lt;span class="icon icon-open"&gt;&lt;svg width="1792" height="1792" viewBox="0 0 1792 1792" xmlns="http://www.w3.org/2000/svg"&gt;&lt;path d="M1408 960V832q0-26-19-45t-45-19h-320V448q0-26-19-45t-45-19H832q-26 0-45 19t-19 45v320H448q-26 0-45 19t-19 45v128q0 26 19 45t45 19h320v320q0 26 19 45t45 19h128q26 0 45-19t19-45v-320h320q26 0 45-19t19-45zm256-544v960q0 119-84.5 203.5T1376 1664H416q-119 0-203.5-84.5T128 1376V416q0-119 84.5-203.5T416 128h960q119 0 203.5 84.5T1664 416z"/&gt;&lt;/svg&gt;&lt;/span&gt;
    
            &lt;span class="trace-class"&gt;&lt;abbr title="PHPUnit\Framework\TestResult"&gt;TestResult&lt;/abbr&gt;&lt;/span&gt;&lt;span class="trace-type"&gt;-&gt;&lt;/span&gt;&lt;span class="trace-method"&gt;run&lt;/span&gt;&lt;span class="trace-arguments"&gt;(&lt;em&gt;object&lt;/em&gt;(&lt;abbr title="App\Tests\Functional\Controller\ExpertAnalyseControllerTest"&gt;ExpertAnalyseControllerTest&lt;/abbr&gt;))&lt;/span&gt;    
                    &lt;span class="block trace-file-path"&gt;
            in
            &lt;a href="file://C:\Users\sliti\Desktop\dev\esprit-PIDEV-3A16-2526-FARMIA\vendor\phpunit\phpunit\src\Framework\TestCase.php#L973"&gt;
                C:\Users\sliti\Desktop\dev\esprit-PIDEV-3A16-2526-FARMIA\vendor\phpunit\phpunit\src\Framework\&lt;strong&gt;TestCase.php&lt;/strong&gt;
            &lt;/a&gt;
                        (line 973)
            &lt;span class="icon icon-copy hidden" data-clipboard-text="C:\Users\sliti\Desktop\dev\esprit-PIDEV-3A16-2526-FARMIA\vendor\phpunit\phpunit\src\Framework\TestCase.php:973"&gt;
                &lt;svg xmlns="http://www.w3.org/2000/svg" height="24" viewBox="0 0 24 24" width="24"&gt;&lt;path d="M0 0h24v24H0z" fill="none"/&gt;&lt;path d="M16 1H4c-1.1 0-2 .9-2 2v14h2V3h12V1zm3 4H8c-1.1 0-2 .9-2 2v14c0 1.1.9 2 2 2h11c1.1 0 2-.9 2-2V7c0-1.1-.9-2-2-2zm0 16H8V7h11v14z"/&gt;&lt;/svg&gt;            &lt;/span&gt;
        &lt;/span&gt;
    &lt;/div&gt;
    &lt;div id="trace-html-1-25" class="trace-code sf-toggle-content"&gt;
        &lt;ol start="968"&gt;&lt;li&gt;&lt;code&gt;&lt;span style="color: var(--highlight-keyword)"&gt;&amp;nbsp;&amp;nbsp;&amp;nbsp;&amp;nbsp;&amp;nbsp;&amp;nbsp;&amp;nbsp;&amp;nbsp;&amp;nbsp;&amp;nbsp;&amp;nbsp;&amp;nbsp;&lt;/span&gt;&lt;span style="color: var(--highlight-default)"&gt;$template&lt;/span&gt;&lt;span style="color: var(--highlight-keyword)"&gt;-&amp;gt;&lt;/span&gt;&lt;span style="color: var(--highlight-default)"&gt;setVar&lt;/span&gt;&lt;span style="color: var(--highlight-keyword)"&gt;(&lt;/span&gt;&lt;span style="color: var(--highlight-default)"&gt;$var&lt;/span&gt;&lt;span style="color: var(--highlight-keyword)"&gt;);&lt;/span&gt;&lt;/code&gt;&lt;/li&gt;
&lt;li&gt;&lt;code&gt;&lt;span style="color: var(--highlight-keyword)"&gt;&lt;/span&gt;&lt;/code&gt;&lt;/li&gt;
&lt;li&gt;&lt;code&gt;&lt;span style="color: var(--highlight-keyword)"&gt;&amp;nbsp;&amp;nbsp;&amp;nbsp;&amp;nbsp;&amp;nbsp;&amp;nbsp;&amp;nbsp;&amp;nbsp;&amp;nbsp;&amp;nbsp;&amp;nbsp;&amp;nbsp;&lt;/span&gt;&lt;span style="color: var(--highlight-default)"&gt;$php&amp;nbsp;&lt;/span&gt;&lt;span style="color: var(--highlight-keyword)"&gt;=&amp;nbsp;&lt;/span&gt;&lt;span style="color: var(--highlight-default)"&gt;AbstractPhpProcess&lt;/span&gt;&lt;span style="color: var(--highlight-keyword)"&gt;::&lt;/span&gt;&lt;span style="color: var(--highlight-default)"&gt;factory&lt;/span&gt;&lt;span style="color: var(--highlight-keyword)"&gt;();&lt;/span&gt;&lt;/code&gt;&lt;/li&gt;
&lt;li&gt;&lt;code&gt;&lt;span style="color: var(--highlight-keyword)"&gt;&amp;nbsp;&amp;nbsp;&amp;nbsp;&amp;nbsp;&amp;nbsp;&amp;nbsp;&amp;nbsp;&amp;nbsp;&amp;nbsp;&amp;nbsp;&amp;nbsp;&amp;nbsp;&lt;/span&gt;&lt;span style="color: var(--highlight-default)"&gt;$php&lt;/span&gt;&lt;span style="color: var(--highlight-keyword)"&gt;-&amp;gt;&lt;/span&gt;&lt;span style="color: var(--highlight-default)"&gt;runTestJob&lt;/span&gt;&lt;span style="color: var(--highlight-keyword)"&gt;(&lt;/span&gt;&lt;span style="color: var(--highlight-default)"&gt;$template&lt;/span&gt;&lt;span style="color: var(--highlight-keyword)"&gt;-&amp;gt;&lt;/span&gt;&lt;span style="color: var(--highlight-default)"&gt;render&lt;/span&gt;&lt;span style="color: var(--highlight-keyword)"&gt;(),&amp;nbsp;&lt;/span&gt;&lt;span style="color: var(--highlight-default)"&gt;$this&lt;/span&gt;&lt;span style="color: var(--highlight-keyword)"&gt;,&amp;nbsp;&lt;/span&gt;&lt;span style="color: var(--highlight-default)"&gt;$result&lt;/span&gt;&lt;span style="color: var(--highlight-keyword)"&gt;,&amp;nbsp;&lt;/span&gt;&lt;span style="color: var(--highlight-default)"&gt;$processResultFile&lt;/span&gt;&lt;span style="color: var(--highlight-keyword)"&gt;);&lt;/span&gt;&lt;/code&gt;&lt;/li&gt;
&lt;li&gt;&lt;code&gt;&lt;span style="color: var(--highlight-keyword)"&gt;&amp;nbsp;&amp;nbsp;&amp;nbsp;&amp;nbsp;&amp;nbsp;&amp;nbsp;&amp;nbsp;&amp;nbsp;}&amp;nbsp;else&amp;nbsp;{&lt;/span&gt;&lt;/code&gt;&lt;/li&gt;
&lt;li class="selected"&gt;&lt;code&gt;&lt;span style="color: var(--highlight-keyword)"&gt;&amp;nbsp;&amp;nbsp;&amp;nbsp;&amp;nbsp;&amp;nbsp;&amp;nbsp;&amp;nbsp;&amp;nbsp;&amp;nbsp;&amp;nbsp;&amp;nbsp;&amp;nbsp;&lt;/span&gt;&lt;span style="color: var(--highlight-default)"&gt;$result&lt;/span&gt;&lt;span style="color: var(--highlight-keyword)"&gt;-&amp;gt;&lt;/span&gt;&lt;span style="color: var(--highlight-default)"&gt;run&lt;/span&gt;&lt;span style="color: var(--highlight-keyword)"&gt;(&lt;/span&gt;&lt;span style="color: var(--highlight-default)"&gt;$this&lt;/span&gt;&lt;span style="color: var(--highlight-keyword)"&gt;);&lt;/span&gt;&lt;/code&gt;&lt;/li&gt;
&lt;li&gt;&lt;code&gt;&lt;span style="color: var(--highlight-keyword)"&gt;&amp;nbsp;&amp;nbsp;&amp;nbsp;&amp;nbsp;&amp;nbsp;&amp;nbsp;&amp;nbsp;&amp;nbsp;}&lt;/span&gt;&lt;/code&gt;&lt;/li&gt;
&lt;li&gt;&lt;code&gt;&lt;span style="color: var(--highlight-keyword)"&gt;&lt;/span&gt;&lt;/code&gt;&lt;/li&gt;
&lt;li&gt;&lt;code&gt;&lt;span style="color: var(--highlight-keyword)"&gt;&amp;nbsp;&amp;nbsp;&amp;nbsp;&amp;nbsp;&amp;nbsp;&amp;nbsp;&amp;nbsp;&amp;nbsp;&lt;/span&gt;&lt;span style="color: var(--highlight-default)"&gt;$this&lt;/span&gt;&lt;span style="color: var(--highlight-keyword)"&gt;-&amp;gt;&lt;/span&gt;&lt;span style="color: var(--highlight-default)"&gt;result&amp;nbsp;&lt;/span&gt;&lt;span style="color: var(--highlight-keyword)"&gt;=&amp;nbsp;&lt;/span&gt;&lt;span style="color: var(--highlight-default)"&gt;null&lt;/span&gt;&lt;span style="color: var(--highlight-keyword)"&gt;;&lt;/span&gt;&lt;/code&gt;&lt;/li&gt;
&lt;li&gt;&lt;code&gt;&lt;span style="color: var(--highlight-keyword)"&gt;&lt;/span&gt;&lt;/code&gt;&lt;/li&gt;
&lt;li&gt;&lt;code&gt;&lt;span style="color: var(--highlight-keyword)"&gt;&amp;nbsp;&amp;nbsp;&amp;nbsp;&amp;nbsp;&amp;nbsp;&amp;nbsp;&amp;nbsp;&amp;nbsp;return&amp;nbsp;&lt;/span&gt;&lt;span style="color: var(--highlight-default)"&gt;$result&lt;/span&gt;&lt;span style="color: var(--highlight-keyword)"&gt;;&lt;/span&gt;&lt;/code&gt;&lt;/li&gt;&lt;/ol&gt;    &lt;/div&gt;            &lt;/div&gt;
                        &lt;div class="trace-line "&gt;
                &lt;div class="trace-line-header break-long-words sf-toggle" data-toggle-selector="#trace-html-1-26" data-toggle-initial=""&gt;
            &lt;span class="icon icon-close"&gt;&lt;svg width="1792" height="1792" viewBox="0 0 1792 1792" xmlns="http://www.w3.org/2000/svg"&gt;&lt;path d="M1408 960V832q0-26-19-45t-45-19H448q-26 0-45 19t-19 45v128q0 26 19 45t45 19h896q26 0 45-19t19-45zm256-544v960q0 119-84.5 203.5T1376 1664H416q-119 0-203.5-84.5T128 1376V416q0-119 84.5-203.5T416 128h960q119 0 203.5 84.5T1664 416z"/&gt;&lt;/svg&gt;&lt;/span&gt;
        &lt;span class="icon icon-open"&gt;&lt;svg width="1792" height="1792" viewBox="0 0 1792 1792" xmlns="http://www.w3.org/2000/svg"&gt;&lt;path d="M1408 960V832q0-26-19-45t-45-19h-320V448q0-26-19-45t-45-19H832q-26 0-45 19t-19 45v320H448q-26 0-45 19t-19 45v128q0 26 19 45t45 19h320v320q0 26 19 45t45 19h128q26 0 45-19t19-45v-320h320q26 0 45-19t19-45zm256-544v960q0 119-84.5 203.5T1376 1664H416q-119 0-203.5-84.5T128 1376V416q0-119 84.5-203.5T416 128h960q119 0 203.5 84.5T1664 416z"/&gt;&lt;/svg&gt;&lt;/span&gt;
    
            &lt;span class="trace-class"&gt;&lt;abbr title="PHPUnit\Framework\TestCase"&gt;TestCase&lt;/abbr&gt;&lt;/span&gt;&lt;span class="trace-type"&gt;-&gt;&lt;/span&gt;&lt;span class="trace-method"&gt;run&lt;/span&gt;&lt;span class="trace-arguments"&gt;(&lt;em&gt;object&lt;/em&gt;(&lt;abbr title="PHPUnit\Framework\TestResult"&gt;TestResult&lt;/abbr&gt;))&lt;/span&gt;    
                    &lt;span class="block trace-file-path"&gt;
            in
            &lt;a href="file://C:\Users\sliti\Desktop\dev\esprit-PIDEV-3A16-2526-FARMIA\vendor\phpunit\phpunit\src\Framework\TestSuite.php#L685"&gt;
                C:\Users\sliti\Desktop\dev\esprit-PIDEV-3A16-2526-FARMIA\vendor\phpunit\phpunit\src\Framework\&lt;strong&gt;TestSuite.php&lt;/strong&gt;
            &lt;/a&gt;
                        (line 685)
            &lt;span class="icon icon-copy hidden" data-clipboard-text="C:\Users\sliti\Desktop\dev\esprit-PIDEV-3A16-2526-FARMIA\vendor\phpunit\phpunit\src\Framework\TestSuite.php:685"&gt;
                &lt;svg xmlns="http://www.w3.org/2000/svg" height="24" viewBox="0 0 24 24" width="24"&gt;&lt;path d="M0 0h24v24H0z" fill="none"/&gt;&lt;path d="M16 1H4c-1.1 0-2 .9-2 2v14h2V3h12V1zm3 4H8c-1.1 0-2 .9-2 2v14c0 1.1.9 2 2 2h11c1.1 0 2-.9 2-2V7c0-1.1-.9-2-2-2zm0 16H8V7h11v14z"/&gt;&lt;/svg&gt;            &lt;/span&gt;
        &lt;/span&gt;
    &lt;/div&gt;
    &lt;div id="trace-html-1-26" class="trace-code sf-toggle-content"&gt;
        &lt;ol start="680"&gt;&lt;li&gt;&lt;code&gt;&lt;span style="color: var(--highlight-keyword)"&gt;&amp;nbsp;&amp;nbsp;&amp;nbsp;&amp;nbsp;&amp;nbsp;&amp;nbsp;&amp;nbsp;&amp;nbsp;&amp;nbsp;&amp;nbsp;&amp;nbsp;&amp;nbsp;&amp;nbsp;&amp;nbsp;&amp;nbsp;&amp;nbsp;&lt;/span&gt;&lt;span style="color: var(--highlight-default)"&gt;$test&lt;/span&gt;&lt;span style="color: var(--highlight-keyword)"&gt;-&amp;gt;&lt;/span&gt;&lt;span style="color: var(--highlight-default)"&gt;setBackupGlobals&lt;/span&gt;&lt;span style="color: var(--highlight-keyword)"&gt;(&lt;/span&gt;&lt;span style="color: var(--highlight-default)"&gt;$this&lt;/span&gt;&lt;span style="color: var(--highlight-keyword)"&gt;-&amp;gt;&lt;/span&gt;&lt;span style="color: var(--highlight-default)"&gt;backupGlobals&lt;/span&gt;&lt;span style="color: var(--highlight-keyword)"&gt;);&lt;/span&gt;&lt;/code&gt;&lt;/li&gt;
&lt;li&gt;&lt;code&gt;&lt;span style="color: var(--highlight-keyword)"&gt;&amp;nbsp;&amp;nbsp;&amp;nbsp;&amp;nbsp;&amp;nbsp;&amp;nbsp;&amp;nbsp;&amp;nbsp;&amp;nbsp;&amp;nbsp;&amp;nbsp;&amp;nbsp;&amp;nbsp;&amp;nbsp;&amp;nbsp;&amp;nbsp;&lt;/span&gt;&lt;span style="color: var(--highlight-default)"&gt;$test&lt;/span&gt;&lt;span style="color: var(--highlight-keyword)"&gt;-&amp;gt;&lt;/span&gt;&lt;span style="color: var(--highlight-default)"&gt;setBackupStaticAttributes&lt;/span&gt;&lt;span style="color: var(--highlight-keyword)"&gt;(&lt;/span&gt;&lt;span style="color: var(--highlight-default)"&gt;$this&lt;/span&gt;&lt;span style="color: var(--highlight-keyword)"&gt;-&amp;gt;&lt;/span&gt;&lt;span style="color: var(--highlight-default)"&gt;backupStaticAttributes&lt;/span&gt;&lt;span style="color: var(--highlight-keyword)"&gt;);&lt;/span&gt;&lt;/code&gt;&lt;/li&gt;
&lt;li&gt;&lt;code&gt;&lt;span style="color: var(--highlight-keyword)"&gt;&amp;nbsp;&amp;nbsp;&amp;nbsp;&amp;nbsp;&amp;nbsp;&amp;nbsp;&amp;nbsp;&amp;nbsp;&amp;nbsp;&amp;nbsp;&amp;nbsp;&amp;nbsp;&amp;nbsp;&amp;nbsp;&amp;nbsp;&amp;nbsp;&lt;/span&gt;&lt;span style="color: var(--highlight-default)"&gt;$test&lt;/span&gt;&lt;span style="color: var(--highlight-keyword)"&gt;-&amp;gt;&lt;/span&gt;&lt;span style="color: var(--highlight-default)"&gt;setRunTestInSeparateProcess&lt;/span&gt;&lt;span style="color: var(--highlight-keyword)"&gt;(&lt;/span&gt;&lt;span style="color: var(--highlight-default)"&gt;$this&lt;/span&gt;&lt;span style="color: var(--highlight-keyword)"&gt;-&amp;gt;&lt;/span&gt;&lt;span style="color: var(--highlight-default)"&gt;runTestInSeparateProcess&lt;/span&gt;&lt;span style="color: var(--highlight-keyword)"&gt;);&lt;/span&gt;&lt;/code&gt;&lt;/li&gt;
&lt;li&gt;&lt;code&gt;&lt;span style="color: var(--highlight-keyword)"&gt;&amp;nbsp;&amp;nbsp;&amp;nbsp;&amp;nbsp;&amp;nbsp;&amp;nbsp;&amp;nbsp;&amp;nbsp;&amp;nbsp;&amp;nbsp;&amp;nbsp;&amp;nbsp;}&lt;/span&gt;&lt;/code&gt;&lt;/li&gt;
&lt;li&gt;&lt;code&gt;&lt;span style="color: var(--highlight-keyword)"&gt;&lt;/span&gt;&lt;/code&gt;&lt;/li&gt;
&lt;li class="selected"&gt;&lt;code&gt;&lt;span style="color: var(--highlight-keyword)"&gt;&amp;nbsp;&amp;nbsp;&amp;nbsp;&amp;nbsp;&amp;nbsp;&amp;nbsp;&amp;nbsp;&amp;nbsp;&amp;nbsp;&amp;nbsp;&amp;nbsp;&amp;nbsp;&lt;/span&gt;&lt;span style="color: var(--highlight-default)"&gt;$test&lt;/span&gt;&lt;span style="color: var(--highlight-keyword)"&gt;-&amp;gt;&lt;/span&gt;&lt;span style="color: var(--highlight-default)"&gt;run&lt;/span&gt;&lt;span style="color: var(--highlight-keyword)"&gt;(&lt;/span&gt;&lt;span style="color: var(--highlight-default)"&gt;$result&lt;/span&gt;&lt;span style="color: var(--highlight-keyword)"&gt;);&lt;/span&gt;&lt;/code&gt;&lt;/li&gt;
&lt;li&gt;&lt;code&gt;&lt;span style="color: var(--highlight-keyword)"&gt;&amp;nbsp;&amp;nbsp;&amp;nbsp;&amp;nbsp;&amp;nbsp;&amp;nbsp;&amp;nbsp;&amp;nbsp;}&lt;/span&gt;&lt;/code&gt;&lt;/li&gt;
&lt;li&gt;&lt;code&gt;&lt;span style="color: var(--highlight-keyword)"&gt;&lt;/span&gt;&lt;/code&gt;&lt;/li&gt;
&lt;li&gt;&lt;code&gt;&lt;span style="color: var(--highlight-keyword)"&gt;&amp;nbsp;&amp;nbsp;&amp;nbsp;&amp;nbsp;&amp;nbsp;&amp;nbsp;&amp;nbsp;&amp;nbsp;if&amp;nbsp;(&lt;/span&gt;&lt;span style="color: var(--highlight-default)"&gt;$this&lt;/span&gt;&lt;span style="color: var(--highlight-keyword)"&gt;-&amp;gt;&lt;/span&gt;&lt;span style="color: var(--highlight-default)"&gt;testCase&amp;nbsp;&lt;/span&gt;&lt;span style="color: var(--highlight-keyword)"&gt;&amp;amp;&amp;amp;&amp;nbsp;&lt;/span&gt;&lt;span style="color: var(--highlight-default)"&gt;class_exists&lt;/span&gt;&lt;span style="color: var(--highlight-keyword)"&gt;(&lt;/span&gt;&lt;span style="color: var(--highlight-default)"&gt;$this&lt;/span&gt;&lt;span style="color: var(--highlight-keyword)"&gt;-&amp;gt;&lt;/span&gt;&lt;span style="color: var(--highlight-default)"&gt;name&lt;/span&gt;&lt;span style="color: var(--highlight-keyword)"&gt;,&amp;nbsp;&lt;/span&gt;&lt;span style="color: var(--highlight-default)"&gt;false&lt;/span&gt;&lt;span style="color: var(--highlight-keyword)"&gt;))&amp;nbsp;{&lt;/span&gt;&lt;/code&gt;&lt;/li&gt;
&lt;li&gt;&lt;code&gt;&lt;span style="color: var(--highlight-keyword)"&gt;&amp;nbsp;&amp;nbsp;&amp;nbsp;&amp;nbsp;&amp;nbsp;&amp;nbsp;&amp;nbsp;&amp;nbsp;&amp;nbsp;&amp;nbsp;&amp;nbsp;&amp;nbsp;foreach&amp;nbsp;(&lt;/span&gt;&lt;span style="color: var(--highlight-default)"&gt;$hookMethods&lt;/span&gt;&lt;span style="color: var(--highlight-keyword)"&gt;[&lt;/span&gt;&lt;span style="color: var(--highlight-string)"&gt;'afterClass'&lt;/span&gt;&lt;span style="color: var(--highlight-keyword)"&gt;]&amp;nbsp;as&amp;nbsp;&lt;/span&gt;&lt;span style="color: var(--highlight-default)"&gt;$afterClassMethod&lt;/span&gt;&lt;span style="color: var(--highlight-keyword)"&gt;)&amp;nbsp;{&lt;/span&gt;&lt;/code&gt;&lt;/li&gt;
&lt;li&gt;&lt;code&gt;&lt;span style="color: var(--highlight-keyword)"&gt;&amp;nbsp;&amp;nbsp;&amp;nbsp;&amp;nbsp;&amp;nbsp;&amp;nbsp;&amp;nbsp;&amp;nbsp;&amp;nbsp;&amp;nbsp;&amp;nbsp;&amp;nbsp;&amp;nbsp;&amp;nbsp;&amp;nbsp;&amp;nbsp;if&amp;nbsp;(&lt;/span&gt;&lt;span style="color: var(--highlight-default)"&gt;method_exists&lt;/span&gt;&lt;span style="color: var(--highlight-keyword)"&gt;(&lt;/span&gt;&lt;span style="color: var(--highlight-default)"&gt;$this&lt;/span&gt;&lt;span style="color: var(--highlight-keyword)"&gt;-&amp;gt;&lt;/span&gt;&lt;span style="color: var(--highlight-default)"&gt;name&lt;/span&gt;&lt;span style="color: var(--highlight-keyword)"&gt;,&amp;nbsp;&lt;/span&gt;&lt;span style="color: var(--highlight-default)"&gt;$afterClassMethod&lt;/span&gt;&lt;span style="color: var(--highlight-keyword)"&gt;))&amp;nbsp;{&lt;/span&gt;&lt;/code&gt;&lt;/li&gt;&lt;/ol&gt;    &lt;/div&gt;            &lt;/div&gt;
                        &lt;div class="trace-line "&gt;
                &lt;div class="trace-line-header break-long-words sf-toggle" data-toggle-selector="#trace-html-1-27" data-toggle-initial=""&gt;
            &lt;span class="icon icon-close"&gt;&lt;svg width="1792" height="1792" viewBox="0 0 1792 1792" xmlns="http://www.w3.org/2000/svg"&gt;&lt;path d="M1408 960V832q0-26-19-45t-45-19H448q-26 0-45 19t-19 45v128q0 26 19 45t45 19h896q26 0 45-19t19-45zm256-544v960q0 119-84.5 203.5T1376 1664H416q-119 0-203.5-84.5T128 1376V416q0-119 84.5-203.5T416 128h960q119 0 203.5 84.5T1664 416z"/&gt;&lt;/svg&gt;&lt;/span&gt;
        &lt;span class="icon icon-open"&gt;&lt;svg width="1792" height="1792" viewBox="0 0 1792 1792" xmlns="http://www.w3.org/2000/svg"&gt;&lt;path d="M1408 960V832q0-26-19-45t-45-19h-320V448q0-26-19-45t-45-19H832q-26 0-45 19t-19 45v320H448q-26 0-45 19t-19 45v128q0 26 19 45t45 19h320v320q0 26 19 45t45 19h128q26 0 45-19t19-45v-320h320q26 0 45-19t19-45zm256-544v960q0 119-84.5 203.5T1376 1664H416q-119 0-203.5-84.5T128 1376V416q0-119 84.5-203.5T416 128h960q119 0 203.5 84.5T1664 416z"/&gt;&lt;/svg&gt;&lt;/span&gt;
    
            &lt;span class="trace-class"&gt;&lt;abbr title="PHPUnit\Framework\TestSuite"&gt;TestSuite&lt;/abbr&gt;&lt;/span&gt;&lt;span class="trace-type"&gt;-&gt;&lt;/span&gt;&lt;span class="trace-method"&gt;run&lt;/span&gt;&lt;span class="trace-arguments"&gt;(&lt;em&gt;object&lt;/em&gt;(&lt;abbr title="PHPUnit\Framework\TestResult"&gt;TestResult&lt;/abbr&gt;))&lt;/span&gt;    
                    &lt;span class="block trace-file-path"&gt;
            in
            &lt;a href="file://C:\Users\sliti\Desktop\dev\esprit-PIDEV-3A16-2526-FARMIA\vendor\phpunit\phpunit\src\Framework\TestSuite.php#L685"&gt;
                C:\Users\sliti\Desktop\dev\esprit-PIDEV-3A16-2526-FARMIA\vendor\phpunit\phpunit\src\Framework\&lt;strong&gt;TestSuite.php&lt;/strong&gt;
            &lt;/a&gt;
                        (line 685)
            &lt;span class="icon icon-copy hidden" data-clipboard-text="C:\Users\sliti\Desktop\dev\esprit-PIDEV-3A16-2526-FARMIA\vendor\phpunit\phpunit\src\Framework\TestSuite.php:685"&gt;
                &lt;svg xmlns="http://www.w3.org/2000/svg" height="24" viewBox="0 0 24 24" width="24"&gt;&lt;path d="M0 0h24v24H0z" fill="none"/&gt;&lt;path d="M16 1H4c-1.1 0-2 .9-2 2v14h2V3h12V1zm3 4H8c-1.1 0-2 .9-2 2v14c0 1.1.9 2 2 2h11c1.1 0 2-.9 2-2V7c0-1.1-.9-2-2-2zm0 16H8V7h11v14z"/&gt;&lt;/svg&gt;            &lt;/span&gt;
        &lt;/span&gt;
    &lt;/div&gt;
    &lt;div id="trace-html-1-27" class="trace-code sf-toggle-content"&gt;
        &lt;ol start="680"&gt;&lt;li&gt;&lt;code&gt;&lt;span style="color: var(--highlight-keyword)"&gt;&amp;nbsp;&amp;nbsp;&amp;nbsp;&amp;nbsp;&amp;nbsp;&amp;nbsp;&amp;nbsp;&amp;nbsp;&amp;nbsp;&amp;nbsp;&amp;nbsp;&amp;nbsp;&amp;nbsp;&amp;nbsp;&amp;nbsp;&amp;nbsp;&lt;/span&gt;&lt;span style="color: var(--highlight-default)"&gt;$test&lt;/span&gt;&lt;span style="color: var(--highlight-keyword)"&gt;-&amp;gt;&lt;/span&gt;&lt;span style="color: var(--highlight-default)"&gt;setBackupGlobals&lt;/span&gt;&lt;span style="color: var(--highlight-keyword)"&gt;(&lt;/span&gt;&lt;span style="color: var(--highlight-default)"&gt;$this&lt;/span&gt;&lt;span style="color: var(--highlight-keyword)"&gt;-&amp;gt;&lt;/span&gt;&lt;span style="color: var(--highlight-default)"&gt;backupGlobals&lt;/span&gt;&lt;span style="color: var(--highlight-keyword)"&gt;);&lt;/span&gt;&lt;/code&gt;&lt;/li&gt;
&lt;li&gt;&lt;code&gt;&lt;span style="color: var(--highlight-keyword)"&gt;&amp;nbsp;&amp;nbsp;&amp;nbsp;&amp;nbsp;&amp;nbsp;&amp;nbsp;&amp;nbsp;&amp;nbsp;&amp;nbsp;&amp;nbsp;&amp;nbsp;&amp;nbsp;&amp;nbsp;&amp;nbsp;&amp;nbsp;&amp;nbsp;&lt;/span&gt;&lt;span style="color: var(--highlight-default)"&gt;$test&lt;/span&gt;&lt;span style="color: var(--highlight-keyword)"&gt;-&amp;gt;&lt;/span&gt;&lt;span style="color: var(--highlight-default)"&gt;setBackupStaticAttributes&lt;/span&gt;&lt;span style="color: var(--highlight-keyword)"&gt;(&lt;/span&gt;&lt;span style="color: var(--highlight-default)"&gt;$this&lt;/span&gt;&lt;span style="color: var(--highlight-keyword)"&gt;-&amp;gt;&lt;/span&gt;&lt;span style="color: var(--highlight-default)"&gt;backupStaticAttributes&lt;/span&gt;&lt;span style="color: var(--highlight-keyword)"&gt;);&lt;/span&gt;&lt;/code&gt;&lt;/li&gt;
&lt;li&gt;&lt;code&gt;&lt;span style="color: var(--highlight-keyword)"&gt;&amp;nbsp;&amp;nbsp;&amp;nbsp;&amp;nbsp;&amp;nbsp;&amp;nbsp;&amp;nbsp;&amp;nbsp;&amp;nbsp;&amp;nbsp;&amp;nbsp;&amp;nbsp;&amp;nbsp;&amp;nbsp;&amp;nbsp;&amp;nbsp;&lt;/span&gt;&lt;span style="color: var(--highlight-default)"&gt;$test&lt;/span&gt;&lt;span style="color: var(--highlight-keyword)"&gt;-&amp;gt;&lt;/span&gt;&lt;span style="color: var(--highlight-default)"&gt;setRunTestInSeparateProcess&lt;/span&gt;&lt;span style="color: var(--highlight-keyword)"&gt;(&lt;/span&gt;&lt;span style="color: var(--highlight-default)"&gt;$this&lt;/span&gt;&lt;span style="color: var(--highlight-keyword)"&gt;-&amp;gt;&lt;/span&gt;&lt;span style="color: var(--highlight-default)"&gt;runTestInSeparateProcess&lt;/span&gt;&lt;span style="color: var(--highlight-keyword)"&gt;);&lt;/span&gt;&lt;/code&gt;&lt;/li&gt;
&lt;li&gt;&lt;code&gt;&lt;span style="color: var(--highlight-keyword)"&gt;&amp;nbsp;&amp;nbsp;&amp;nbsp;&amp;nbsp;&amp;nbsp;&amp;nbsp;&amp;nbsp;&amp;nbsp;&amp;nbsp;&amp;nbsp;&amp;nbsp;&amp;nbsp;}&lt;/span&gt;&lt;/code&gt;&lt;/li&gt;
&lt;li&gt;&lt;code&gt;&lt;span style="color: var(--highlight-keyword)"&gt;&lt;/span&gt;&lt;/code&gt;&lt;/li&gt;
&lt;li class="selected"&gt;&lt;code&gt;&lt;span style="color: var(--highlight-keyword)"&gt;&amp;nbsp;&amp;nbsp;&amp;nbsp;&amp;nbsp;&amp;nbsp;&amp;nbsp;&amp;nbsp;&amp;nbsp;&amp;nbsp;&amp;nbsp;&amp;nbsp;&amp;nbsp;&lt;/span&gt;&lt;span style="color: var(--highlight-default)"&gt;$test&lt;/span&gt;&lt;span style="color: var(--highlight-keyword)"&gt;-&amp;gt;&lt;/span&gt;&lt;span style="color: var(--highlight-default)"&gt;run&lt;/span&gt;&lt;span style="color: var(--highlight-keyword)"&gt;(&lt;/span&gt;&lt;span style="color: var(--highlight-default)"&gt;$result&lt;/span&gt;&lt;span style="color: var(--highlight-keyword)"&gt;);&lt;/span&gt;&lt;/code&gt;&lt;/li&gt;
&lt;li&gt;&lt;code&gt;&lt;span style="color: var(--highlight-keyword)"&gt;&amp;nbsp;&amp;nbsp;&amp;nbsp;&amp;nbsp;&amp;nbsp;&amp;nbsp;&amp;nbsp;&amp;nbsp;}&lt;/span&gt;&lt;/code&gt;&lt;/li&gt;
&lt;li&gt;&lt;code&gt;&lt;span style="color: var(--highlight-keyword)"&gt;&lt;/span&gt;&lt;/code&gt;&lt;/li&gt;
&lt;li&gt;&lt;code&gt;&lt;span style="color: var(--highlight-keyword)"&gt;&amp;nbsp;&amp;nbsp;&amp;nbsp;&amp;nbsp;&amp;nbsp;&amp;nbsp;&amp;nbsp;&amp;nbsp;if&amp;nbsp;(&lt;/span&gt;&lt;span style="color: var(--highlight-default)"&gt;$this&lt;/span&gt;&lt;span style="color: var(--highlight-keyword)"&gt;-&amp;gt;&lt;/span&gt;&lt;span style="color: var(--highlight-default)"&gt;testCase&amp;nbsp;&lt;/span&gt;&lt;span style="color: var(--highlight-keyword)"&gt;&amp;amp;&amp;amp;&amp;nbsp;&lt;/span&gt;&lt;span style="color: var(--highlight-default)"&gt;class_exists&lt;/span&gt;&lt;span style="color: var(--highlight-keyword)"&gt;(&lt;/span&gt;&lt;span style="color: var(--highlight-default)"&gt;$this&lt;/span&gt;&lt;span style="color: var(--highlight-keyword)"&gt;-&amp;gt;&lt;/span&gt;&lt;span style="color: var(--highlight-default)"&gt;name&lt;/span&gt;&lt;span style="color: var(--highlight-keyword)"&gt;,&amp;nbsp;&lt;/span&gt;&lt;span style="color: var(--highlight-default)"&gt;false&lt;/span&gt;&lt;span style="color: var(--highlight-keyword)"&gt;))&amp;nbsp;{&lt;/span&gt;&lt;/code&gt;&lt;/li&gt;
&lt;li&gt;&lt;code&gt;&lt;span style="color: var(--highlight-keyword)"&gt;&amp;nbsp;&amp;nbsp;&amp;nbsp;&amp;nbsp;&amp;nbsp;&amp;nbsp;&amp;nbsp;&amp;nbsp;&amp;nbsp;&amp;nbsp;&amp;nbsp;&amp;nbsp;foreach&amp;nbsp;(&lt;/span&gt;&lt;span style="color: var(--highlight-default)"&gt;$hookMethods&lt;/span&gt;&lt;span style="color: var(--highlight-keyword)"&gt;[&lt;/span&gt;&lt;span style="color: var(--highlight-string)"&gt;'afterClass'&lt;/span&gt;&lt;span style="color: var(--highlight-keyword)"&gt;]&amp;nbsp;as&amp;nbsp;&lt;/span&gt;&lt;span style="color: var(--highlight-default)"&gt;$afterClassMethod&lt;/span&gt;&lt;span style="color: var(--highlight-keyword)"&gt;)&amp;nbsp;{&lt;/span&gt;&lt;/code&gt;&lt;/li&gt;
&lt;li&gt;&lt;code&gt;&lt;span style="color: var(--highlight-keyword)"&gt;&amp;nbsp;&amp;nbsp;&amp;nbsp;&amp;nbsp;&amp;nbsp;&amp;nbsp;&amp;nbsp;&amp;nbsp;&amp;nbsp;&amp;nbsp;&amp;nbsp;&amp;nbsp;&amp;nbsp;&amp;nbsp;&amp;nbsp;&amp;nbsp;if&amp;nbsp;(&lt;/span&gt;&lt;span style="color: var(--highlight-default)"&gt;method_exists&lt;/span&gt;&lt;span style="color: var(--highlight-keyword)"&gt;(&lt;/span&gt;&lt;span style="color: var(--highlight-default)"&gt;$this&lt;/span&gt;&lt;span style="color: var(--highlight-keyword)"&gt;-&amp;gt;&lt;/span&gt;&lt;span style="color: var(--highlight-default)"&gt;name&lt;/span&gt;&lt;span style="color: var(--highlight-keyword)"&gt;,&amp;nbsp;&lt;/span&gt;&lt;span style="color: var(--highlight-default)"&gt;$afterClassMethod&lt;/span&gt;&lt;span style="color: var(--highlight-keyword)"&gt;))&amp;nbsp;{&lt;/span&gt;&lt;/code&gt;&lt;/li&gt;&lt;/ol&gt;    &lt;/div&gt;            &lt;/div&gt;
                        &lt;div class="trace-line "&gt;
                &lt;div class="trace-line-header break-long-words sf-toggle" data-toggle-selector="#trace-html-1-28" data-toggle-initial=""&gt;
            &lt;span class="icon icon-close"&gt;&lt;svg width="1792" height="1792" viewBox="0 0 1792 1792" xmlns="http://www.w3.org/2000/svg"&gt;&lt;path d="M1408 960V832q0-26-19-45t-45-19H448q-26 0-45 19t-19 45v128q0 26 19 45t45 19h896q26 0 45-19t19-45zm256-544v960q0 119-84.5 203.5T1376 1664H416q-119 0-203.5-84.5T128 1376V416q0-119 84.5-203.5T416 128h960q119 0 203.5 84.5T1664 416z"/&gt;&lt;/svg&gt;&lt;/span&gt;
        &lt;span class="icon icon-open"&gt;&lt;svg width="1792" height="1792" viewBox="0 0 1792 1792" xmlns="http://www.w3.org/2000/svg"&gt;&lt;path d="M1408 960V832q0-26-19-45t-45-19h-320V448q0-26-19-45t-45-19H832q-26 0-45 19t-19 45v320H448q-26 0-45 19t-19 45v128q0 26 19 45t45 19h320v320q0 26 19 45t45 19h128q26 0 45-19t19-45v-320h320q26 0 45-19t19-45zm256-544v960q0 119-84.5 203.5T1376 1664H416q-119 0-203.5-84.5T128 1376V416q0-119 84.5-203.5T416 128h960q119 0 203.5 84.5T1664 416z"/&gt;&lt;/svg&gt;&lt;/span&gt;
    
            &lt;span class="trace-class"&gt;&lt;abbr title="PHPUnit\Framework\TestSuite"&gt;TestSuite&lt;/abbr&gt;&lt;/span&gt;&lt;span class="trace-type"&gt;-&gt;&lt;/span&gt;&lt;span class="trace-method"&gt;run&lt;/span&gt;&lt;span class="trace-arguments"&gt;(&lt;em&gt;object&lt;/em&gt;(&lt;abbr title="PHPUnit\Framework\TestResult"&gt;TestResult&lt;/abbr&gt;))&lt;/span&gt;    
                    &lt;span class="block trace-file-path"&gt;
            in
            &lt;a href="file://C:\Users\sliti\Desktop\dev\esprit-PIDEV-3A16-2526-FARMIA\vendor\phpunit\phpunit\src\Framework\TestSuite.php#L685"&gt;
                C:\Users\sliti\Desktop\dev\esprit-PIDEV-3A16-2526-FARMIA\vendor\phpunit\phpunit\src\Framework\&lt;strong&gt;TestSuite.php&lt;/strong&gt;
            &lt;/a&gt;
                        (line 685)
            &lt;span class="icon icon-copy hidden" data-clipboard-text="C:\Users\sliti\Desktop\dev\esprit-PIDEV-3A16-2526-FARMIA\vendor\phpunit\phpunit\src\Framework\TestSuite.php:685"&gt;
                &lt;svg xmlns="http://www.w3.org/2000/svg" height="24" viewBox="0 0 24 24" width="24"&gt;&lt;path d="M0 0h24v24H0z" fill="none"/&gt;&lt;path d="M16 1H4c-1.1 0-2 .9-2 2v14h2V3h12V1zm3 4H8c-1.1 0-2 .9-2 2v14c0 1.1.9 2 2 2h11c1.1 0 2-.9 2-2V7c0-1.1-.9-2-2-2zm0 16H8V7h11v14z"/&gt;&lt;/svg&gt;            &lt;/span&gt;
        &lt;/span&gt;
    &lt;/div&gt;
    &lt;div id="trace-html-1-28" class="trace-code sf-toggle-content"&gt;
        &lt;ol start="680"&gt;&lt;li&gt;&lt;code&gt;&lt;span style="color: var(--highlight-keyword)"&gt;&amp;nbsp;&amp;nbsp;&amp;nbsp;&amp;nbsp;&amp;nbsp;&amp;nbsp;&amp;nbsp;&amp;nbsp;&amp;nbsp;&amp;nbsp;&amp;nbsp;&amp;nbsp;&amp;nbsp;&amp;nbsp;&amp;nbsp;&amp;nbsp;&lt;/span&gt;&lt;span style="color: var(--highlight-default)"&gt;$test&lt;/span&gt;&lt;span style="color: var(--highlight-keyword)"&gt;-&amp;gt;&lt;/span&gt;&lt;span style="color: var(--highlight-default)"&gt;setBackupGlobals&lt;/span&gt;&lt;span style="color: var(--highlight-keyword)"&gt;(&lt;/span&gt;&lt;span style="color: var(--highlight-default)"&gt;$this&lt;/span&gt;&lt;span style="color: var(--highlight-keyword)"&gt;-&amp;gt;&lt;/span&gt;&lt;span style="color: var(--highlight-default)"&gt;backupGlobals&lt;/span&gt;&lt;span style="color: var(--highlight-keyword)"&gt;);&lt;/span&gt;&lt;/code&gt;&lt;/li&gt;
&lt;li&gt;&lt;code&gt;&lt;span style="color: var(--highlight-keyword)"&gt;&amp;nbsp;&amp;nbsp;&amp;nbsp;&amp;nbsp;&amp;nbsp;&amp;nbsp;&amp;nbsp;&amp;nbsp;&amp;nbsp;&amp;nbsp;&amp;nbsp;&amp;nbsp;&amp;nbsp;&amp;nbsp;&amp;nbsp;&amp;nbsp;&lt;/span&gt;&lt;span style="color: var(--highlight-default)"&gt;$test&lt;/span&gt;&lt;span style="color: var(--highlight-keyword)"&gt;-&amp;gt;&lt;/span&gt;&lt;span style="color: var(--highlight-default)"&gt;setBackupStaticAttributes&lt;/span&gt;&lt;span style="color: var(--highlight-keyword)"&gt;(&lt;/span&gt;&lt;span style="color: var(--highlight-default)"&gt;$this&lt;/span&gt;&lt;span style="color: var(--highlight-keyword)"&gt;-&amp;gt;&lt;/span&gt;&lt;span style="color: var(--highlight-default)"&gt;backupStaticAttributes&lt;/span&gt;&lt;span style="color: var(--highlight-keyword)"&gt;);&lt;/span&gt;&lt;/code&gt;&lt;/li&gt;
&lt;li&gt;&lt;code&gt;&lt;span style="color: var(--highlight-keyword)"&gt;&amp;nbsp;&amp;nbsp;&amp;nbsp;&amp;nbsp;&amp;nbsp;&amp;nbsp;&amp;nbsp;&amp;nbsp;&amp;nbsp;&amp;nbsp;&amp;nbsp;&amp;nbsp;&amp;nbsp;&amp;nbsp;&amp;nbsp;&amp;nbsp;&lt;/span&gt;&lt;span style="color: var(--highlight-default)"&gt;$test&lt;/span&gt;&lt;span style="color: var(--highlight-keyword)"&gt;-&amp;gt;&lt;/span&gt;&lt;span style="color: var(--highlight-default)"&gt;setRunTestInSeparateProcess&lt;/span&gt;&lt;span style="color: var(--highlight-keyword)"&gt;(&lt;/span&gt;&lt;span style="color: var(--highlight-default)"&gt;$this&lt;/span&gt;&lt;span style="color: var(--highlight-keyword)"&gt;-&amp;gt;&lt;/span&gt;&lt;span style="color: var(--highlight-default)"&gt;runTestInSeparateProcess&lt;/span&gt;&lt;span style="color: var(--highlight-keyword)"&gt;);&lt;/span&gt;&lt;/code&gt;&lt;/li&gt;
&lt;li&gt;&lt;code&gt;&lt;span style="color: var(--highlight-keyword)"&gt;&amp;nbsp;&amp;nbsp;&amp;nbsp;&amp;nbsp;&amp;nbsp;&amp;nbsp;&amp;nbsp;&amp;nbsp;&amp;nbsp;&amp;nbsp;&amp;nbsp;&amp;nbsp;}&lt;/span&gt;&lt;/code&gt;&lt;/li&gt;
&lt;li&gt;&lt;code&gt;&lt;span style="color: var(--highlight-keyword)"&gt;&lt;/span&gt;&lt;/code&gt;&lt;/li&gt;
&lt;li class="selected"&gt;&lt;code&gt;&lt;span style="color: var(--highlight-keyword)"&gt;&amp;nbsp;&amp;nbsp;&amp;nbsp;&amp;nbsp;&amp;nbsp;&amp;nbsp;&amp;nbsp;&amp;nbsp;&amp;nbsp;&amp;nbsp;&amp;nbsp;&amp;nbsp;&lt;/span&gt;&lt;span style="color: var(--highlight-default)"&gt;$test&lt;/span&gt;&lt;span style="color: var(--highlight-keyword)"&gt;-&amp;gt;&lt;/span&gt;&lt;span style="color: var(--highlight-default)"&gt;run&lt;/span&gt;&lt;span style="color: var(--highlight-keyword)"&gt;(&lt;/span&gt;&lt;span style="color: var(--highlight-default)"&gt;$result&lt;/span&gt;&lt;span style="color: var(--highlight-keyword)"&gt;);&lt;/span&gt;&lt;/code&gt;&lt;/li&gt;
&lt;li&gt;&lt;code&gt;&lt;span style="color: var(--highlight-keyword)"&gt;&amp;nbsp;&amp;nbsp;&amp;nbsp;&amp;nbsp;&amp;nbsp;&amp;nbsp;&amp;nbsp;&amp;nbsp;}&lt;/span&gt;&lt;/code&gt;&lt;/li&gt;
&lt;li&gt;&lt;code&gt;&lt;span style="color: var(--highlight-keyword)"&gt;&lt;/span&gt;&lt;/code&gt;&lt;/li&gt;
&lt;li&gt;&lt;code&gt;&lt;span style="color: var(--highlight-keyword)"&gt;&amp;nbsp;&amp;nbsp;&amp;nbsp;&amp;nbsp;&amp;nbsp;&amp;nbsp;&amp;nbsp;&amp;nbsp;if&amp;nbsp;(&lt;/span&gt;&lt;span style="color: var(--highlight-default)"&gt;$this&lt;/span&gt;&lt;span style="color: var(--highlight-keyword)"&gt;-&amp;gt;&lt;/span&gt;&lt;span style="color: var(--highlight-default)"&gt;testCase&amp;nbsp;&lt;/span&gt;&lt;span style="color: var(--highlight-keyword)"&gt;&amp;amp;&amp;amp;&amp;nbsp;&lt;/span&gt;&lt;span style="color: var(--highlight-default)"&gt;class_exists&lt;/span&gt;&lt;span style="color: var(--highlight-keyword)"&gt;(&lt;/span&gt;&lt;span style="color: var(--highlight-default)"&gt;$this&lt;/span&gt;&lt;span style="color: var(--highlight-keyword)"&gt;-&amp;gt;&lt;/span&gt;&lt;span style="color: var(--highlight-default)"&gt;name&lt;/span&gt;&lt;span style="color: var(--highlight-keyword)"&gt;,&amp;nbsp;&lt;/span&gt;&lt;span style="color: var(--highlight-default)"&gt;false&lt;/span&gt;&lt;span style="color: var(--highlight-keyword)"&gt;))&amp;nbsp;{&lt;/span&gt;&lt;/code&gt;&lt;/li&gt;
&lt;li&gt;&lt;code&gt;&lt;span style="color: var(--highlight-keyword)"&gt;&amp;nbsp;&amp;nbsp;&amp;nbsp;&amp;nbsp;&amp;nbsp;&amp;nbsp;&amp;nbsp;&amp;nbsp;&amp;nbsp;&amp;nbsp;&amp;nbsp;&amp;nbsp;foreach&amp;nbsp;(&lt;/span&gt;&lt;span style="color: var(--highlight-default)"&gt;$hookMethods&lt;/span&gt;&lt;span style="color: var(--highlight-keyword)"&gt;[&lt;/span&gt;&lt;span style="color: var(--highlight-string)"&gt;'afterClass'&lt;/span&gt;&lt;span style="color: var(--highlight-keyword)"&gt;]&amp;nbsp;as&amp;nbsp;&lt;/span&gt;&lt;span style="color: var(--highlight-default)"&gt;$afterClassMethod&lt;/span&gt;&lt;span style="color: var(--highlight-keyword)"&gt;)&amp;nbsp;{&lt;/span&gt;&lt;/code&gt;&lt;/li&gt;
&lt;li&gt;&lt;code&gt;&lt;span style="color: var(--highlight-keyword)"&gt;&amp;nbsp;&amp;nbsp;&amp;nbsp;&amp;nbsp;&amp;nbsp;&amp;nbsp;&amp;nbsp;&amp;nbsp;&amp;nbsp;&amp;nbsp;&amp;nbsp;&amp;nbsp;&amp;nbsp;&amp;nbsp;&amp;nbsp;&amp;nbsp;if&amp;nbsp;(&lt;/span&gt;&lt;span style="color: var(--highlight-default)"&gt;method_exists&lt;/span&gt;&lt;span style="color: var(--highlight-keyword)"&gt;(&lt;/span&gt;&lt;span style="color: var(--highlight-default)"&gt;$this&lt;/span&gt;&lt;span style="color: var(--highlight-keyword)"&gt;-&amp;gt;&lt;/span&gt;&lt;span style="color: var(--highlight-default)"&gt;name&lt;/span&gt;&lt;span style="color: var(--highlight-keyword)"&gt;,&amp;nbsp;&lt;/span&gt;&lt;span style="color: var(--highlight-default)"&gt;$afterClassMethod&lt;/span&gt;&lt;span style="color: var(--highlight-keyword)"&gt;))&amp;nbsp;{&lt;/span&gt;&lt;/code&gt;&lt;/li&gt;&lt;/ol&gt;    &lt;/div&gt;            &lt;/div&gt;
                        &lt;div class="trace-line "&gt;
                &lt;div class="trace-line-header break-long-words sf-toggle" data-toggle-selector="#trace-html-1-29" data-toggle-initial=""&gt;
            &lt;span class="icon icon-close"&gt;&lt;svg width="1792" height="1792" viewBox="0 0 1792 1792" xmlns="http://www.w3.org/2000/svg"&gt;&lt;path d="M1408 960V832q0-26-19-45t-45-19H448q-26 0-45 19t-19 45v128q0 26 19 45t45 19h896q26 0 45-19t19-45zm256-544v960q0 119-84.5 203.5T1376 1664H416q-119 0-203.5-84.5T128 1376V416q0-119 84.5-203.5T416 128h960q119 0 203.5 84.5T1664 416z"/&gt;&lt;/svg&gt;&lt;/span&gt;
        &lt;span class="icon icon-open"&gt;&lt;svg width="1792" height="1792" viewBox="0 0 1792 1792" xmlns="http://www.w3.org/2000/svg"&gt;&lt;path d="M1408 960V832q0-26-19-45t-45-19h-320V448q0-26-19-45t-45-19H832q-26 0-45 19t-19 45v320H448q-26 0-45 19t-19 45v128q0 26 19 45t45 19h320v320q0 26 19 45t45 19h128q26 0 45-19t19-45v-320h320q26 0 45-19t19-45zm256-544v960q0 119-84.5 203.5T1376 1664H416q-119 0-203.5-84.5T128 1376V416q0-119 84.5-203.5T416 128h960q119 0 203.5 84.5T1664 416z"/&gt;&lt;/svg&gt;&lt;/span&gt;
    
            &lt;span class="trace-class"&gt;&lt;abbr title="PHPUnit\Framework\TestSuite"&gt;TestSuite&lt;/abbr&gt;&lt;/span&gt;&lt;span class="trace-type"&gt;-&gt;&lt;/span&gt;&lt;span class="trace-method"&gt;run&lt;/span&gt;&lt;span class="trace-arguments"&gt;(&lt;em&gt;object&lt;/em&gt;(&lt;abbr title="PHPUnit\Framework\TestResult"&gt;TestResult&lt;/abbr&gt;))&lt;/span&gt;    
                    &lt;span class="block trace-file-path"&gt;
            in
            &lt;a href="file://C:\Users\sliti\Desktop\dev\esprit-PIDEV-3A16-2526-FARMIA\vendor\phpunit\phpunit\src\TextUI\TestRunner.php#L651"&gt;
                C:\Users\sliti\Desktop\dev\esprit-PIDEV-3A16-2526-FARMIA\vendor\phpunit\phpunit\src\TextUI\&lt;strong&gt;TestRunner.php&lt;/strong&gt;
            &lt;/a&gt;
                        (line 651)
            &lt;span class="icon icon-copy hidden" data-clipboard-text="C:\Users\sliti\Desktop\dev\esprit-PIDEV-3A16-2526-FARMIA\vendor\phpunit\phpunit\src\TextUI\TestRunner.php:651"&gt;
                &lt;svg xmlns="http://www.w3.org/2000/svg" height="24" viewBox="0 0 24 24" width="24"&gt;&lt;path d="M0 0h24v24H0z" fill="none"/&gt;&lt;path d="M16 1H4c-1.1 0-2 .9-2 2v14h2V3h12V1zm3 4H8c-1.1 0-2 .9-2 2v14c0 1.1.9 2 2 2h11c1.1 0 2-.9 2-2V7c0-1.1-.9-2-2-2zm0 16H8V7h11v14z"/&gt;&lt;/svg&gt;            &lt;/span&gt;
        &lt;/span&gt;
    &lt;/div&gt;
    &lt;div id="trace-html-1-29" class="trace-code sf-toggle-content"&gt;
        &lt;ol start="646"&gt;&lt;li&gt;&lt;code&gt;&lt;span style="color: var(--highlight-keyword)"&gt;&amp;nbsp;&amp;nbsp;&amp;nbsp;&amp;nbsp;&amp;nbsp;&amp;nbsp;&amp;nbsp;&amp;nbsp;&amp;nbsp;&amp;nbsp;&amp;nbsp;&amp;nbsp;if&amp;nbsp;(&lt;/span&gt;&lt;span style="color: var(--highlight-default)"&gt;$extension&amp;nbsp;&lt;/span&gt;&lt;span style="color: var(--highlight-keyword)"&gt;instanceof&amp;nbsp;&lt;/span&gt;&lt;span style="color: var(--highlight-default)"&gt;BeforeFirstTestHook&lt;/span&gt;&lt;span style="color: var(--highlight-keyword)"&gt;)&amp;nbsp;{&lt;/span&gt;&lt;/code&gt;&lt;/li&gt;
&lt;li&gt;&lt;code&gt;&lt;span style="color: var(--highlight-keyword)"&gt;&amp;nbsp;&amp;nbsp;&amp;nbsp;&amp;nbsp;&amp;nbsp;&amp;nbsp;&amp;nbsp;&amp;nbsp;&amp;nbsp;&amp;nbsp;&amp;nbsp;&amp;nbsp;&amp;nbsp;&amp;nbsp;&amp;nbsp;&amp;nbsp;&lt;/span&gt;&lt;span style="color: var(--highlight-default)"&gt;$extension&lt;/span&gt;&lt;span style="color: var(--highlight-keyword)"&gt;-&amp;gt;&lt;/span&gt;&lt;span style="color: var(--highlight-default)"&gt;executeBeforeFirstTest&lt;/span&gt;&lt;span style="color: var(--highlight-keyword)"&gt;();&lt;/span&gt;&lt;/code&gt;&lt;/li&gt;
&lt;li&gt;&lt;code&gt;&lt;span style="color: var(--highlight-keyword)"&gt;&amp;nbsp;&amp;nbsp;&amp;nbsp;&amp;nbsp;&amp;nbsp;&amp;nbsp;&amp;nbsp;&amp;nbsp;&amp;nbsp;&amp;nbsp;&amp;nbsp;&amp;nbsp;}&lt;/span&gt;&lt;/code&gt;&lt;/li&gt;
&lt;li&gt;&lt;code&gt;&lt;span style="color: var(--highlight-keyword)"&gt;&amp;nbsp;&amp;nbsp;&amp;nbsp;&amp;nbsp;&amp;nbsp;&amp;nbsp;&amp;nbsp;&amp;nbsp;}&lt;/span&gt;&lt;/code&gt;&lt;/li&gt;
&lt;li&gt;&lt;code&gt;&lt;span style="color: var(--highlight-keyword)"&gt;&lt;/span&gt;&lt;/code&gt;&lt;/li&gt;
&lt;li class="selected"&gt;&lt;code&gt;&lt;span style="color: var(--highlight-keyword)"&gt;&amp;nbsp;&amp;nbsp;&amp;nbsp;&amp;nbsp;&amp;nbsp;&amp;nbsp;&amp;nbsp;&amp;nbsp;&lt;/span&gt;&lt;span style="color: var(--highlight-default)"&gt;$suite&lt;/span&gt;&lt;span style="color: var(--highlight-keyword)"&gt;-&amp;gt;&lt;/span&gt;&lt;span style="color: var(--highlight-default)"&gt;run&lt;/span&gt;&lt;span style="color: var(--highlight-keyword)"&gt;(&lt;/span&gt;&lt;span style="color: var(--highlight-default)"&gt;$result&lt;/span&gt;&lt;span style="color: var(--highlight-keyword)"&gt;);&lt;/span&gt;&lt;/code&gt;&lt;/li&gt;
&lt;li&gt;&lt;code&gt;&lt;span style="color: var(--highlight-keyword)"&gt;&lt;/span&gt;&lt;/code&gt;&lt;/li&gt;
&lt;li&gt;&lt;code&gt;&lt;span style="color: var(--highlight-keyword)"&gt;&amp;nbsp;&amp;nbsp;&amp;nbsp;&amp;nbsp;&amp;nbsp;&amp;nbsp;&amp;nbsp;&amp;nbsp;foreach&amp;nbsp;(&lt;/span&gt;&lt;span style="color: var(--highlight-default)"&gt;$this&lt;/span&gt;&lt;span style="color: var(--highlight-keyword)"&gt;-&amp;gt;&lt;/span&gt;&lt;span style="color: var(--highlight-default)"&gt;extensions&amp;nbsp;&lt;/span&gt;&lt;span style="color: var(--highlight-keyword)"&gt;as&amp;nbsp;&lt;/span&gt;&lt;span style="color: var(--highlight-default)"&gt;$extension&lt;/span&gt;&lt;span style="color: var(--highlight-keyword)"&gt;)&amp;nbsp;{&lt;/span&gt;&lt;/code&gt;&lt;/li&gt;
&lt;li&gt;&lt;code&gt;&lt;span style="color: var(--highlight-keyword)"&gt;&amp;nbsp;&amp;nbsp;&amp;nbsp;&amp;nbsp;&amp;nbsp;&amp;nbsp;&amp;nbsp;&amp;nbsp;&amp;nbsp;&amp;nbsp;&amp;nbsp;&amp;nbsp;if&amp;nbsp;(&lt;/span&gt;&lt;span style="color: var(--highlight-default)"&gt;$extension&amp;nbsp;&lt;/span&gt;&lt;span style="color: var(--highlight-keyword)"&gt;instanceof&amp;nbsp;&lt;/span&gt;&lt;span style="color: var(--highlight-default)"&gt;AfterLastTestHook&lt;/span&gt;&lt;span style="color: var(--highlight-keyword)"&gt;)&amp;nbsp;{&lt;/span&gt;&lt;/code&gt;&lt;/li&gt;
&lt;li&gt;&lt;code&gt;&lt;span style="color: var(--highlight-keyword)"&gt;&amp;nbsp;&amp;nbsp;&amp;nbsp;&amp;nbsp;&amp;nbsp;&amp;nbsp;&amp;nbsp;&amp;nbsp;&amp;nbsp;&amp;nbsp;&amp;nbsp;&amp;nbsp;&amp;nbsp;&amp;nbsp;&amp;nbsp;&amp;nbsp;&lt;/span&gt;&lt;span style="color: var(--highlight-default)"&gt;$extension&lt;/span&gt;&lt;span style="color: var(--highlight-keyword)"&gt;-&amp;gt;&lt;/span&gt;&lt;span style="color: var(--highlight-default)"&gt;executeAfterLastTest&lt;/span&gt;&lt;span style="color: var(--highlight-keyword)"&gt;();&lt;/span&gt;&lt;/code&gt;&lt;/li&gt;
&lt;li&gt;&lt;code&gt;&lt;span style="color: var(--highlight-keyword)"&gt;&amp;nbsp;&amp;nbsp;&amp;nbsp;&amp;nbsp;&amp;nbsp;&amp;nbsp;&amp;nbsp;&amp;nbsp;&amp;nbsp;&amp;nbsp;&amp;nbsp;&amp;nbsp;}&lt;/span&gt;&lt;/code&gt;&lt;/li&gt;&lt;/ol&gt;    &lt;/div&gt;            &lt;/div&gt;
                        &lt;div class="trace-line "&gt;
                &lt;div class="trace-line-header break-long-words sf-toggle" data-toggle-selector="#trace-html-1-30" data-toggle-initial=""&gt;
            &lt;span class="icon icon-close"&gt;&lt;svg width="1792" height="1792" viewBox="0 0 1792 1792" xmlns="http://www.w3.org/2000/svg"&gt;&lt;path d="M1408 960V832q0-26-19-45t-45-19H448q-26 0-45 19t-19 45v128q0 26 19 45t45 19h896q26 0 45-19t19-45zm256-544v960q0 119-84.5 203.5T1376 1664H416q-119 0-203.5-84.5T128 1376V416q0-119 84.5-203.5T416 128h960q119 0 203.5 84.5T1664 416z"/&gt;&lt;/svg&gt;&lt;/span&gt;
        &lt;span class="icon icon-open"&gt;&lt;svg width="1792" height="1792" viewBox="0 0 1792 1792" xmlns="http://www.w3.org/2000/svg"&gt;&lt;path d="M1408 960V832q0-26-19-45t-45-19h-320V448q0-26-19-45t-45-19H832q-26 0-45 19t-19 45v320H448q-26 0-45 19t-19 45v128q0 26 19 45t45 19h320v320q0 26 19 45t45 19h128q26 0 45-19t19-45v-320h320q26 0 45-19t19-45zm256-544v960q0 119-84.5 203.5T1376 1664H416q-119 0-203.5-84.5T128 1376V416q0-119 84.5-203.5T416 128h960q119 0 203.5 84.5T1664 416z"/&gt;&lt;/svg&gt;&lt;/span&gt;
    
            &lt;span class="trace-class"&gt;&lt;abbr title="PHPUnit\TextUI\TestRunner"&gt;TestRunner&lt;/abbr&gt;&lt;/span&gt;&lt;span class="trace-type"&gt;-&gt;&lt;/span&gt;&lt;span class="trace-method"&gt;run&lt;/span&gt;&lt;span class="trace-arguments"&gt;(&lt;em&gt;object&lt;/em&gt;(&lt;abbr title="PHPUnit\Framework\TestSuite"&gt;TestSuite&lt;/abbr&gt;), &lt;em&gt;array&lt;/em&gt;('extensions' =&gt; &lt;em&gt;array&lt;/em&gt;(), 'listGroups' =&gt; &lt;em&gt;false&lt;/em&gt;, 'listSuites' =&gt; &lt;em&gt;false&lt;/em&gt;, 'listTests' =&gt; &lt;em&gt;false&lt;/em&gt;, 'listTestsXml' =&gt; &lt;em&gt;false&lt;/em&gt;, 'loader' =&gt; &lt;em&gt;null&lt;/em&gt;, 'useDefaultConfiguration' =&gt; &lt;em&gt;true&lt;/em&gt;, 'loadedExtensions' =&gt; &lt;em&gt;array&lt;/em&gt;(), 'unavailableExtensions' =&gt; &lt;em&gt;array&lt;/em&gt;(), 'notLoadedExtensions' =&gt; &lt;em&gt;array&lt;/em&gt;(), 'junitLogfile' =&gt; 'test-results.xml', 'testSuffixes' =&gt; &lt;em&gt;array&lt;/em&gt;('Test.php', '.phpt'), 'configuration' =&gt; 'C:\\Users\\sliti\\Desktop\\dev\\esprit-PIDEV-3A16-2526-FARMIA\\phpunit.xml.dist', 'configurationObject' =&gt; &lt;em&gt;object&lt;/em&gt;(&lt;abbr title="PHPUnit\TextUI\XmlConfiguration\Configuration"&gt;Configuration&lt;/abbr&gt;), 'stderr' =&gt; &lt;em&gt;false&lt;/em&gt;, 'columns' =&gt; 80, 'warnings' =&gt; &lt;em&gt;array&lt;/em&gt;(), 'debug' =&gt; &lt;em&gt;false&lt;/em&gt;, 'filter' =&gt; &lt;em&gt;false&lt;/em&gt;, 'listeners' =&gt; &lt;em&gt;array&lt;/em&gt;(), 'backupGlobals' =&gt; &lt;em&gt;false&lt;/em&gt;, 'backupStaticAttributes' =&gt; &lt;em&gt;false&lt;/em&gt;, 'beStrictAboutChangesToGlobalState' =&gt; &lt;em&gt;false&lt;/em&gt;, 'cacheResult' =&gt; &lt;em&gt;true&lt;/em&gt;, 'colors' =&gt; 'auto', 'convertDeprecationsToExceptions' =&gt; &lt;em&gt;false&lt;/em&gt;, 'convertErrorsToExceptions' =&gt; &lt;em&gt;true&lt;/em&gt;, 'convertNoticesToExceptions' =&gt; &lt;em&gt;true&lt;/em&gt;, 'convertWarningsToExceptions' =&gt; &lt;em&gt;true&lt;/em&gt;, 'processIsolation' =&gt; &lt;em&gt;false&lt;/em&gt;, 'stopOnDefect' =&gt; &lt;em&gt;false&lt;/em&gt;, 'stopOnError' =&gt; &lt;em&gt;false&lt;/em&gt;, 'stopOnFailure' =&gt; &lt;em&gt;false&lt;/em&gt;, 'stopOnWarning' =&gt; &lt;em&gt;false&lt;/em&gt;, 'stopOnIncomplete' =&gt; &lt;em&gt;false&lt;/em&gt;, 'stopOnRisky' =&gt; &lt;em&gt;false&lt;/em&gt;, 'stopOnSkipped' =&gt; &lt;em&gt;false&lt;/em&gt;, 'failOnEmptyTestSuite' =&gt; &lt;em&gt;false&lt;/em&gt;, 'failOnIncomplete' =&gt; &lt;em&gt;false&lt;/em&gt;, 'failOnRisky' =&gt; &lt;em&gt;false&lt;/em&gt;, 'failOnSkipped' =&gt; &lt;em&gt;false&lt;/em&gt;, 'failOnWarning' =&gt; &lt;em&gt;false&lt;/em&gt;, 'enforceTimeLimit' =&gt; &lt;em&gt;false&lt;/em&gt;, 'defaultTimeLimit' =&gt; 1, 'timeoutForSmallTests' =&gt; 1, 'timeoutForMediumTests' =&gt; 10, 'timeoutForLargeTests' =&gt; 60, 'reportUselessTests' =&gt; &lt;em&gt;true&lt;/em&gt;, 'strictCoverage' =&gt; &lt;em&gt;false&lt;/em&gt;, 'ignoreDeprecatedCodeUnitsFromCodeCoverage' =&gt; &lt;em&gt;false&lt;/em&gt;, 'disallowTestOutput' =&gt; &lt;em&gt;false&lt;/em&gt;, 'disallowTodoAnnotatedTests' =&gt; &lt;em&gt;false&lt;/em&gt;, 'beStrictAboutResourceUsageDuringSmallTests' =&gt; &lt;em&gt;false&lt;/em&gt;, 'verbose' =&gt; &lt;em&gt;false&lt;/em&gt;, 'reverseDefectList' =&gt; &lt;em&gt;false&lt;/em&gt;, 'forceCoversAnnotation' =&gt; &lt;em&gt;false&lt;/em&gt;, 'disableCodeCoverageIgnore' =&gt; &lt;em&gt;false&lt;/em&gt;, 'registerMockObjectsFromTestArgumentsRecursively' =&gt; &lt;em&gt;false&lt;/em&gt;, 'noInteraction' =&gt; &lt;em&gt;false&lt;/em&gt;, 'executionOrder' =&gt; 0, 'resolveDependencies' =&gt; &lt;em&gt;true&lt;/em&gt;, 'bootstrap' =&gt; 'C:\\Users\\sliti\\Desktop\\dev\\esprit-PIDEV-3A16-2526-FARMIA\\tests/bootstrap.php', 'executionOrderDefects' =&gt; 0, 'crap4jThreshold' =&gt; 30, 'excludeGroups' =&gt; &lt;em&gt;array&lt;/em&gt;(), 'groups' =&gt; &lt;em&gt;array&lt;/em&gt;(), 'randomOrderSeed' =&gt; 1777118040, 'repeat' =&gt; &lt;em&gt;false&lt;/em&gt;, 'reportHighLowerBound' =&gt; 90, 'reportLowUpperBound' =&gt; 50, 'reverseList' =&gt; &lt;em&gt;false&lt;/em&gt;, 'testdoxExcludeGroups' =&gt; &lt;em&gt;array&lt;/em&gt;(), 'testdoxGroups' =&gt; &lt;em&gt;array&lt;/em&gt;(), 'cacheResultFile' =&gt; 'C:\\Users\\sliti\\Desktop\\dev\\esprit-PIDEV-3A16-2526-FARMIA'), &lt;em&gt;array&lt;/em&gt;(), &lt;em&gt;true&lt;/em&gt;)&lt;/span&gt;    
                    &lt;span class="block trace-file-path"&gt;
            in
            &lt;a href="file://C:\Users\sliti\Desktop\dev\esprit-PIDEV-3A16-2526-FARMIA\vendor\phpunit\phpunit\src\TextUI\Command.php#L146"&gt;
                C:\Users\sliti\Desktop\dev\esprit-PIDEV-3A16-2526-FARMIA\vendor\phpunit\phpunit\src\TextUI\&lt;strong&gt;Command.php&lt;/strong&gt;
            &lt;/a&gt;
                        (line 146)
            &lt;span class="icon icon-copy hidden" data-clipboard-text="C:\Users\sliti\Desktop\dev\esprit-PIDEV-3A16-2526-FARMIA\vendor\phpunit\phpunit\src\TextUI\Command.php:146"&gt;
                &lt;svg xmlns="http://www.w3.org/2000/svg" height="24" viewBox="0 0 24 24" width="24"&gt;&lt;path d="M0 0h24v24H0z" fill="none"/&gt;&lt;path d="M16 1H4c-1.1 0-2 .9-2 2v14h2V3h12V1zm3 4H8c-1.1 0-2 .9-2 2v14c0 1.1.9 2 2 2h11c1.1 0 2-.9 2-2V7c0-1.1-.9-2-2-2zm0 16H8V7h11v14z"/&gt;&lt;/svg&gt;            &lt;/span&gt;
        &lt;/span&gt;
    &lt;/div&gt;
    &lt;div id="trace-html-1-30" class="trace-code sf-toggle-content"&gt;
        &lt;ol start="141"&gt;&lt;li&gt;&lt;code&gt;&lt;span style="color: var(--highlight-keyword)"&gt;&amp;nbsp;&amp;nbsp;&amp;nbsp;&amp;nbsp;&amp;nbsp;&amp;nbsp;&amp;nbsp;&amp;nbsp;}&lt;/span&gt;&lt;/code&gt;&lt;/li&gt;
&lt;li&gt;&lt;code&gt;&lt;span style="color: var(--highlight-keyword)"&gt;&lt;/span&gt;&lt;/code&gt;&lt;/li&gt;
&lt;li&gt;&lt;code&gt;&lt;span style="color: var(--highlight-keyword)"&gt;&amp;nbsp;&amp;nbsp;&amp;nbsp;&amp;nbsp;&amp;nbsp;&amp;nbsp;&amp;nbsp;&amp;nbsp;unset(&lt;/span&gt;&lt;span style="color: var(--highlight-default)"&gt;$this&lt;/span&gt;&lt;span style="color: var(--highlight-keyword)"&gt;-&amp;gt;&lt;/span&gt;&lt;span style="color: var(--highlight-default)"&gt;arguments&lt;/span&gt;&lt;span style="color: var(--highlight-keyword)"&gt;[&lt;/span&gt;&lt;span style="color: var(--highlight-string)"&gt;'test'&lt;/span&gt;&lt;span style="color: var(--highlight-keyword)"&gt;],&amp;nbsp;&lt;/span&gt;&lt;span style="color: var(--highlight-default)"&gt;$this&lt;/span&gt;&lt;span style="color: var(--highlight-keyword)"&gt;-&amp;gt;&lt;/span&gt;&lt;span style="color: var(--highlight-default)"&gt;arguments&lt;/span&gt;&lt;span style="color: var(--highlight-keyword)"&gt;[&lt;/span&gt;&lt;span style="color: var(--highlight-string)"&gt;'testFile'&lt;/span&gt;&lt;span style="color: var(--highlight-keyword)"&gt;]);&lt;/span&gt;&lt;/code&gt;&lt;/li&gt;
&lt;li&gt;&lt;code&gt;&lt;span style="color: var(--highlight-keyword)"&gt;&lt;/span&gt;&lt;/code&gt;&lt;/li&gt;
&lt;li&gt;&lt;code&gt;&lt;span style="color: var(--highlight-keyword)"&gt;&amp;nbsp;&amp;nbsp;&amp;nbsp;&amp;nbsp;&amp;nbsp;&amp;nbsp;&amp;nbsp;&amp;nbsp;try&amp;nbsp;{&lt;/span&gt;&lt;/code&gt;&lt;/li&gt;
&lt;li class="selected"&gt;&lt;code&gt;&lt;span style="color: var(--highlight-keyword)"&gt;&amp;nbsp;&amp;nbsp;&amp;nbsp;&amp;nbsp;&amp;nbsp;&amp;nbsp;&amp;nbsp;&amp;nbsp;&amp;nbsp;&amp;nbsp;&amp;nbsp;&amp;nbsp;&lt;/span&gt;&lt;span style="color: var(--highlight-default)"&gt;$result&amp;nbsp;&lt;/span&gt;&lt;span style="color: var(--highlight-keyword)"&gt;=&amp;nbsp;&lt;/span&gt;&lt;span style="color: var(--highlight-default)"&gt;$runner&lt;/span&gt;&lt;span style="color: var(--highlight-keyword)"&gt;-&amp;gt;&lt;/span&gt;&lt;span style="color: var(--highlight-default)"&gt;run&lt;/span&gt;&lt;span style="color: var(--highlight-keyword)"&gt;(&lt;/span&gt;&lt;span style="color: var(--highlight-default)"&gt;$suite&lt;/span&gt;&lt;span style="color: var(--highlight-keyword)"&gt;,&amp;nbsp;&lt;/span&gt;&lt;span style="color: var(--highlight-default)"&gt;$this&lt;/span&gt;&lt;span style="color: var(--highlight-keyword)"&gt;-&amp;gt;&lt;/span&gt;&lt;span style="color: var(--highlight-default)"&gt;arguments&lt;/span&gt;&lt;span style="color: var(--highlight-keyword)"&gt;,&amp;nbsp;&lt;/span&gt;&lt;span style="color: var(--highlight-default)"&gt;$this&lt;/span&gt;&lt;span style="color: var(--highlight-keyword)"&gt;-&amp;gt;&lt;/span&gt;&lt;span style="color: var(--highlight-default)"&gt;warnings&lt;/span&gt;&lt;span style="color: var(--highlight-keyword)"&gt;,&amp;nbsp;&lt;/span&gt;&lt;span style="color: var(--highlight-default)"&gt;$exit&lt;/span&gt;&lt;span style="color: var(--highlight-keyword)"&gt;);&lt;/span&gt;&lt;/code&gt;&lt;/li&gt;
&lt;li&gt;&lt;code&gt;&lt;span style="color: var(--highlight-keyword)"&gt;&amp;nbsp;&amp;nbsp;&amp;nbsp;&amp;nbsp;&amp;nbsp;&amp;nbsp;&amp;nbsp;&amp;nbsp;}&amp;nbsp;catch&amp;nbsp;(&lt;/span&gt;&lt;span style="color: var(--highlight-default)"&gt;Throwable&amp;nbsp;$t&lt;/span&gt;&lt;span style="color: var(--highlight-keyword)"&gt;)&amp;nbsp;{&lt;/span&gt;&lt;/code&gt;&lt;/li&gt;
&lt;li&gt;&lt;code&gt;&lt;span style="color: var(--highlight-keyword)"&gt;&amp;nbsp;&amp;nbsp;&amp;nbsp;&amp;nbsp;&amp;nbsp;&amp;nbsp;&amp;nbsp;&amp;nbsp;&amp;nbsp;&amp;nbsp;&amp;nbsp;&amp;nbsp;print&amp;nbsp;&lt;/span&gt;&lt;span style="color: var(--highlight-default)"&gt;$t&lt;/span&gt;&lt;span style="color: var(--highlight-keyword)"&gt;-&amp;gt;&lt;/span&gt;&lt;span style="color: var(--highlight-default)"&gt;getMessage&lt;/span&gt;&lt;span style="color: var(--highlight-keyword)"&gt;()&amp;nbsp;.&amp;nbsp;&lt;/span&gt;&lt;span style="color: var(--highlight-default)"&gt;PHP_EOL&lt;/span&gt;&lt;span style="color: var(--highlight-keyword)"&gt;;&lt;/span&gt;&lt;/code&gt;&lt;/li&gt;
&lt;li&gt;&lt;code&gt;&lt;span style="color: var(--highlight-keyword)"&gt;&amp;nbsp;&amp;nbsp;&amp;nbsp;&amp;nbsp;&amp;nbsp;&amp;nbsp;&amp;nbsp;&amp;nbsp;}&lt;/span&gt;&lt;/code&gt;&lt;/li&gt;
&lt;li&gt;&lt;code&gt;&lt;span style="color: var(--highlight-keyword)"&gt;&lt;/span&gt;&lt;/code&gt;&lt;/li&gt;
&lt;li&gt;&lt;code&gt;&lt;span style="color: var(--highlight-keyword)"&gt;&amp;nbsp;&amp;nbsp;&amp;nbsp;&amp;nbsp;&amp;nbsp;&amp;nbsp;&amp;nbsp;&amp;nbsp;&lt;/span&gt;&lt;span style="color: var(--highlight-default)"&gt;$return&amp;nbsp;&lt;/span&gt;&lt;span style="color: var(--highlight-keyword)"&gt;=&amp;nbsp;&lt;/span&gt;&lt;span style="color: var(--highlight-default)"&gt;TestRunner&lt;/span&gt;&lt;span style="color: var(--highlight-keyword)"&gt;::&lt;/span&gt;&lt;span style="color: var(--highlight-default)"&gt;FAILURE_EXIT&lt;/span&gt;&lt;span style="color: var(--highlight-keyword)"&gt;;&lt;/span&gt;&lt;/code&gt;&lt;/li&gt;&lt;/ol&gt;    &lt;/div&gt;            &lt;/div&gt;
                        &lt;div class="trace-line "&gt;
                &lt;div class="trace-line-header break-long-words sf-toggle" data-toggle-selector="#trace-html-1-31" data-toggle-initial=""&gt;
            &lt;span class="icon icon-close"&gt;&lt;svg width="1792" height="1792" viewBox="0 0 1792 1792" xmlns="http://www.w3.org/2000/svg"&gt;&lt;path d="M1408 960V832q0-26-19-45t-45-19H448q-26 0-45 19t-19 45v128q0 26 19 45t45 19h896q26 0 45-19t19-45zm256-544v960q0 119-84.5 203.5T1376 1664H416q-119 0-203.5-84.5T128 1376V416q0-119 84.5-203.5T416 128h960q119 0 203.5 84.5T1664 416z"/&gt;&lt;/svg&gt;&lt;/span&gt;
        &lt;span class="icon icon-open"&gt;&lt;svg width="1792" height="1792" viewBox="0 0 1792 1792" xmlns="http://www.w3.org/2000/svg"&gt;&lt;path d="M1408 960V832q0-26-19-45t-45-19h-320V448q0-26-19-45t-45-19H832q-26 0-45 19t-19 45v320H448q-26 0-45 19t-19 45v128q0 26 19 45t45 19h320v320q0 26 19 45t45 19h128q26 0 45-19t19-45v-320h320q26 0 45-19t19-45zm256-544v960q0 119-84.5 203.5T1376 1664H416q-119 0-203.5-84.5T128 1376V416q0-119 84.5-203.5T416 128h960q119 0 203.5 84.5T1664 416z"/&gt;&lt;/svg&gt;&lt;/span&gt;
    
            &lt;span class="trace-class"&gt;&lt;abbr title="PHPUnit\TextUI\Command"&gt;Command&lt;/abbr&gt;&lt;/span&gt;&lt;span class="trace-type"&gt;-&gt;&lt;/span&gt;&lt;span class="trace-method"&gt;run&lt;/span&gt;&lt;span class="trace-arguments"&gt;(&lt;em&gt;array&lt;/em&gt;('bin/phpunit', '--log-junit', 'test-results.xml'), &lt;em&gt;true&lt;/em&gt;)&lt;/span&gt;    
                    &lt;span class="block trace-file-path"&gt;
            in
            &lt;a href="file://C:\Users\sliti\Desktop\dev\esprit-PIDEV-3A16-2526-FARMIA\vendor\phpunit\phpunit\src\TextUI\Command.php#L99"&gt;
                C:\Users\sliti\Desktop\dev\esprit-PIDEV-3A16-2526-FARMIA\vendor\phpunit\phpunit\src\TextUI\&lt;strong&gt;Command.php&lt;/strong&gt;
            &lt;/a&gt;
                        (line 99)
            &lt;span class="icon icon-copy hidden" data-clipboard-text="C:\Users\sliti\Desktop\dev\esprit-PIDEV-3A16-2526-FARMIA\vendor\phpunit\phpunit\src\TextUI\Command.php:99"&gt;
                &lt;svg xmlns="http://www.w3.org/2000/svg" height="24" viewBox="0 0 24 24" width="24"&gt;&lt;path d="M0 0h24v24H0z" fill="none"/&gt;&lt;path d="M16 1H4c-1.1 0-2 .9-2 2v14h2V3h12V1zm3 4H8c-1.1 0-2 .9-2 2v14c0 1.1.9 2 2 2h11c1.1 0 2-.9 2-2V7c0-1.1-.9-2-2-2zm0 16H8V7h11v14z"/&gt;&lt;/svg&gt;            &lt;/span&gt;
        &lt;/span&gt;
    &lt;/div&gt;
    &lt;div id="trace-html-1-31" class="trace-code sf-toggle-content"&gt;
        &lt;ol start="94"&gt;&lt;li&gt;&lt;code&gt;&lt;span style="color: var(--highlight-comment)"&gt;&amp;nbsp;&amp;nbsp;&amp;nbsp;&amp;nbsp;&amp;nbsp;*&amp;nbsp;@throws&amp;nbsp;Exception&lt;/span&gt;&lt;/code&gt;&lt;/li&gt;
&lt;li&gt;&lt;code&gt;&lt;span style="color: var(--highlight-comment)"&gt;&amp;nbsp;&amp;nbsp;&amp;nbsp;&amp;nbsp;&amp;nbsp;*/&lt;/span&gt;&lt;/code&gt;&lt;/li&gt;
&lt;li&gt;&lt;code&gt;&lt;span style="color: var(--highlight-comment)"&gt;&amp;nbsp;&amp;nbsp;&amp;nbsp;&amp;nbsp;&lt;/span&gt;&lt;span style="color: var(--highlight-keyword)"&gt;public&amp;nbsp;static&amp;nbsp;function&amp;nbsp;&lt;/span&gt;&lt;span style="color: var(--highlight-default)"&gt;main&lt;/span&gt;&lt;span style="color: var(--highlight-keyword)"&gt;(&lt;/span&gt;&lt;span style="color: var(--highlight-default)"&gt;bool&amp;nbsp;$exit&amp;nbsp;&lt;/span&gt;&lt;span style="color: var(--highlight-keyword)"&gt;=&amp;nbsp;&lt;/span&gt;&lt;span style="color: var(--highlight-default)"&gt;true&lt;/span&gt;&lt;span style="color: var(--highlight-keyword)"&gt;):&amp;nbsp;&lt;/span&gt;&lt;span style="color: var(--highlight-default)"&gt;int&lt;/span&gt;&lt;/code&gt;&lt;/li&gt;
&lt;li&gt;&lt;code&gt;&lt;span style="color: var(--highlight-default)"&gt;&amp;nbsp;&amp;nbsp;&amp;nbsp;&amp;nbsp;&lt;/span&gt;&lt;span style="color: var(--highlight-keyword)"&gt;{&lt;/span&gt;&lt;/code&gt;&lt;/li&gt;
&lt;li&gt;&lt;code&gt;&lt;span style="color: var(--highlight-keyword)"&gt;&amp;nbsp;&amp;nbsp;&amp;nbsp;&amp;nbsp;&amp;nbsp;&amp;nbsp;&amp;nbsp;&amp;nbsp;try&amp;nbsp;{&lt;/span&gt;&lt;/code&gt;&lt;/li&gt;
&lt;li class="selected"&gt;&lt;code&gt;&lt;span style="color: var(--highlight-keyword)"&gt;&amp;nbsp;&amp;nbsp;&amp;nbsp;&amp;nbsp;&amp;nbsp;&amp;nbsp;&amp;nbsp;&amp;nbsp;&amp;nbsp;&amp;nbsp;&amp;nbsp;&amp;nbsp;return&amp;nbsp;(new&amp;nbsp;static)-&amp;gt;&lt;/span&gt;&lt;span style="color: var(--highlight-default)"&gt;run&lt;/span&gt;&lt;span style="color: var(--highlight-keyword)"&gt;(&lt;/span&gt;&lt;span style="color: var(--highlight-default)"&gt;$_SERVER&lt;/span&gt;&lt;span style="color: var(--highlight-keyword)"&gt;[&lt;/span&gt;&lt;span style="color: var(--highlight-string)"&gt;'argv'&lt;/span&gt;&lt;span style="color: var(--highlight-keyword)"&gt;],&amp;nbsp;&lt;/span&gt;&lt;span style="color: var(--highlight-default)"&gt;$exit&lt;/span&gt;&lt;span style="color: var(--highlight-keyword)"&gt;);&lt;/span&gt;&lt;/code&gt;&lt;/li&gt;
&lt;li&gt;&lt;code&gt;&lt;span style="color: var(--highlight-keyword)"&gt;&amp;nbsp;&amp;nbsp;&amp;nbsp;&amp;nbsp;&amp;nbsp;&amp;nbsp;&amp;nbsp;&amp;nbsp;}&amp;nbsp;catch&amp;nbsp;(&lt;/span&gt;&lt;span style="color: var(--highlight-default)"&gt;Throwable&amp;nbsp;$t&lt;/span&gt;&lt;span style="color: var(--highlight-keyword)"&gt;)&amp;nbsp;{&lt;/span&gt;&lt;/code&gt;&lt;/li&gt;
&lt;li&gt;&lt;code&gt;&lt;span style="color: var(--highlight-keyword)"&gt;&amp;nbsp;&amp;nbsp;&amp;nbsp;&amp;nbsp;&amp;nbsp;&amp;nbsp;&amp;nbsp;&amp;nbsp;&amp;nbsp;&amp;nbsp;&amp;nbsp;&amp;nbsp;throw&amp;nbsp;new&amp;nbsp;&lt;/span&gt;&lt;span style="color: var(--highlight-default)"&gt;RuntimeException&lt;/span&gt;&lt;span style="color: var(--highlight-keyword)"&gt;(&lt;/span&gt;&lt;/code&gt;&lt;/li&gt;
&lt;li&gt;&lt;code&gt;&lt;span style="color: var(--highlight-keyword)"&gt;&amp;nbsp;&amp;nbsp;&amp;nbsp;&amp;nbsp;&amp;nbsp;&amp;nbsp;&amp;nbsp;&amp;nbsp;&amp;nbsp;&amp;nbsp;&amp;nbsp;&amp;nbsp;&amp;nbsp;&amp;nbsp;&amp;nbsp;&amp;nbsp;&lt;/span&gt;&lt;span style="color: var(--highlight-default)"&gt;$t&lt;/span&gt;&lt;span style="color: var(--highlight-keyword)"&gt;-&amp;gt;&lt;/span&gt;&lt;span style="color: var(--highlight-default)"&gt;getMessage&lt;/span&gt;&lt;span style="color: var(--highlight-keyword)"&gt;(),&lt;/span&gt;&lt;/code&gt;&lt;/li&gt;
&lt;li&gt;&lt;code&gt;&lt;span style="color: var(--highlight-keyword)"&gt;&amp;nbsp;&amp;nbsp;&amp;nbsp;&amp;nbsp;&amp;nbsp;&amp;nbsp;&amp;nbsp;&amp;nbsp;&amp;nbsp;&amp;nbsp;&amp;nbsp;&amp;nbsp;&amp;nbsp;&amp;nbsp;&amp;nbsp;&amp;nbsp;(int)&amp;nbsp;&lt;/span&gt;&lt;span style="color: var(--highlight-default)"&gt;$t&lt;/span&gt;&lt;span style="color: var(--highlight-keyword)"&gt;-&amp;gt;&lt;/span&gt;&lt;span style="color: var(--highlight-default)"&gt;getCode&lt;/span&gt;&lt;span style="color: var(--highlight-keyword)"&gt;(),&lt;/span&gt;&lt;/code&gt;&lt;/li&gt;
&lt;li&gt;&lt;code&gt;&lt;span style="color: var(--highlight-keyword)"&gt;&amp;nbsp;&amp;nbsp;&amp;nbsp;&amp;nbsp;&amp;nbsp;&amp;nbsp;&amp;nbsp;&amp;nbsp;&amp;nbsp;&amp;nbsp;&amp;nbsp;&amp;nbsp;&amp;nbsp;&amp;nbsp;&amp;nbsp;&amp;nbsp;&lt;/span&gt;&lt;span style="color: var(--highlight-default)"&gt;$t&lt;/span&gt;&lt;span style="color: var(--highlight-keyword)"&gt;,&lt;/span&gt;&lt;/code&gt;&lt;/li&gt;&lt;/ol&gt;    &lt;/div&gt;            &lt;/div&gt;
                        &lt;div class="trace-line "&gt;
                &lt;div class="trace-line-header break-long-words sf-toggle" data-toggle-selector="#trace-html-1-32" data-toggle-initial=""&gt;
            &lt;span class="icon icon-close"&gt;&lt;svg width="1792" height="1792" viewBox="0 0 1792 1792" xmlns="http://www.w3.org/2000/svg"&gt;&lt;path d="M1408 960V832q0-26-19-45t-45-19H448q-26 0-45 19t-19 45v128q0 26 19 45t45 19h896q26 0 45-19t19-45zm256-544v960q0 119-84.5 203.5T1376 1664H416q-119 0-203.5-84.5T128 1376V416q0-119 84.5-203.5T416 128h960q119 0 203.5 84.5T1664 416z"/&gt;&lt;/svg&gt;&lt;/span&gt;
        &lt;span class="icon icon-open"&gt;&lt;svg width="1792" height="1792" viewBox="0 0 1792 1792" xmlns="http://www.w3.org/2000/svg"&gt;&lt;path d="M1408 960V832q0-26-19-45t-45-19h-320V448q0-26-19-45t-45-19H832q-26 0-45 19t-19 45v320H448q-26 0-45 19t-19 45v128q0 26 19 45t45 19h320v320q0 26 19 45t45 19h128q26 0 45-19t19-45v-320h320q26 0 45-19t19-45zm256-544v960q0 119-84.5 203.5T1376 1664H416q-119 0-203.5-84.5T128 1376V416q0-119 84.5-203.5T416 128h960q119 0 203.5 84.5T1664 416z"/&gt;&lt;/svg&gt;&lt;/span&gt;
    
            &lt;span class="trace-class"&gt;&lt;abbr title="PHPUnit\TextUI\Command"&gt;Command&lt;/abbr&gt;&lt;/span&gt;&lt;span class="trace-type"&gt;::&lt;/span&gt;&lt;span class="trace-method"&gt;main&lt;/span&gt;&lt;span class="trace-arguments"&gt;()&lt;/span&gt;    
                    &lt;span class="block trace-file-path"&gt;
            in
            &lt;a href="file://C:\Users\sliti\Desktop\dev\esprit-PIDEV-3A16-2526-FARMIA\vendor\phpunit\phpunit\phpunit#L107"&gt;
                C:\Users\sliti\Desktop\dev\esprit-PIDEV-3A16-2526-FARMIA\vendor\phpunit\phpunit\&lt;strong&gt;phpunit&lt;/strong&gt;
            &lt;/a&gt;
                        (line 107)
            &lt;span class="icon icon-copy hidden" data-clipboard-text="C:\Users\sliti\Desktop\dev\esprit-PIDEV-3A16-2526-FARMIA\vendor\phpunit\phpunit\phpunit:107"&gt;
                &lt;svg xmlns="http://www.w3.org/2000/svg" height="24" viewBox="0 0 24 24" width="24"&gt;&lt;path d="M0 0h24v24H0z" fill="none"/&gt;&lt;path d="M16 1H4c-1.1 0-2 .9-2 2v14h2V3h12V1zm3 4H8c-1.1 0-2 .9-2 2v14c0 1.1.9 2 2 2h11c1.1 0 2-.9 2-2V7c0-1.1-.9-2-2-2zm0 16H8V7h11v14z"/&gt;&lt;/svg&gt;            &lt;/span&gt;
        &lt;/span&gt;
    &lt;/div&gt;
    &lt;div id="trace-html-1-32" class="trace-code sf-toggle-content"&gt;
        &lt;ol start="102"&gt;&lt;li&gt;&lt;code&gt;&lt;span style="color: var(--highlight-keyword)"&gt;unset(&lt;/span&gt;&lt;span style="color: var(--highlight-default)"&gt;$options&lt;/span&gt;&lt;span style="color: var(--highlight-keyword)"&gt;);&lt;/span&gt;&lt;/code&gt;&lt;/li&gt;
&lt;li&gt;&lt;code&gt;&lt;span style="color: var(--highlight-keyword)"&gt;&lt;/span&gt;&lt;/code&gt;&lt;/li&gt;
&lt;li&gt;&lt;code&gt;&lt;span style="color: var(--highlight-keyword)"&gt;require&amp;nbsp;&lt;/span&gt;&lt;span style="color: var(--highlight-default)"&gt;PHPUNIT_COMPOSER_INSTALL&lt;/span&gt;&lt;span style="color: var(--highlight-keyword)"&gt;;&lt;/span&gt;&lt;/code&gt;&lt;/li&gt;
&lt;li&gt;&lt;code&gt;&lt;span style="color: var(--highlight-keyword)"&gt;&lt;/span&gt;&lt;/code&gt;&lt;/li&gt;
&lt;li&gt;&lt;code&gt;&lt;span style="color: var(--highlight-keyword)"&gt;&lt;/span&gt;&lt;span style="color: var(--highlight-default)"&gt;PHPUnit\TextUI\Command&lt;/span&gt;&lt;span style="color: var(--highlight-keyword)"&gt;::&lt;/span&gt;&lt;span style="color: var(--highlight-default)"&gt;main&lt;/span&gt;&lt;span style="color: var(--highlight-keyword)"&gt;();&lt;/span&gt;&lt;/code&gt;&lt;/li&gt;
&lt;li class="selected"&gt;&lt;code&gt;&lt;span style="color: var(--highlight-keyword)"&gt;&lt;/span&gt;&lt;/code&gt;&lt;/li&gt;&lt;/ol&gt;    &lt;/div&gt;            &lt;/div&gt;
                        &lt;div class="trace-line "&gt;
                &lt;div class="trace-line-header break-long-words sf-toggle" data-toggle-selector="#trace-html-1-33" data-toggle-initial=""&gt;
            &lt;span class="icon icon-close"&gt;&lt;svg width="1792" height="1792" viewBox="0 0 1792 1792" xmlns="http://www.w3.org/2000/svg"&gt;&lt;path d="M1408 960V832q0-26-19-45t-45-19H448q-26 0-45 19t-19 45v128q0 26 19 45t45 19h896q26 0 45-19t19-45zm256-544v960q0 119-84.5 203.5T1376 1664H416q-119 0-203.5-84.5T128 1376V416q0-119 84.5-203.5T416 128h960q119 0 203.5 84.5T1664 416z"/&gt;&lt;/svg&gt;&lt;/span&gt;
        &lt;span class="icon icon-open"&gt;&lt;svg width="1792" height="1792" viewBox="0 0 1792 1792" xmlns="http://www.w3.org/2000/svg"&gt;&lt;path d="M1408 960V832q0-26-19-45t-45-19h-320V448q0-26-19-45t-45-19H832q-26 0-45 19t-19 45v320H448q-26 0-45 19t-19 45v128q0 26 19 45t45 19h320v320q0 26 19 45t45 19h128q26 0 45-19t19-45v-320h320q26 0 45-19t19-45zm256-544v960q0 119-84.5 203.5T1376 1664H416q-119 0-203.5-84.5T128 1376V416q0-119 84.5-203.5T416 128h960q119 0 203.5 84.5T1664 416z"/&gt;&lt;/svg&gt;&lt;/span&gt;
    
            &lt;span class="trace-class"&gt;&lt;abbr title=""&gt;&lt;/abbr&gt;&lt;/span&gt;&lt;span class="trace-method"&gt;require&lt;/span&gt;&lt;span class="trace-arguments"&gt;('C:\\Users\\sliti\\Desktop\\dev\\esprit-PIDEV-3A16-2526-FARMIA\\vendor\\phpunit\\phpunit\\phpunit')&lt;/span&gt;    
                    &lt;span class="block trace-file-path"&gt;
            in
            &lt;a href="file://C:\Users\sliti\Desktop\dev\esprit-PIDEV-3A16-2526-FARMIA\bin\phpunit#L10"&gt;
                C:\Users\sliti\Desktop\dev\esprit-PIDEV-3A16-2526-FARMIA\bin\&lt;strong&gt;phpunit&lt;/strong&gt;
            &lt;/a&gt;
                        (line 10)
            &lt;span class="icon icon-copy hidden" data-clipboard-text="C:\Users\sliti\Desktop\dev\esprit-PIDEV-3A16-2526-FARMIA\bin\phpunit:10"&gt;
                &lt;svg xmlns="http://www.w3.org/2000/svg" height="24" viewBox="0 0 24 24" width="24"&gt;&lt;path d="M0 0h24v24H0z" fill="none"/&gt;&lt;path d="M16 1H4c-1.1 0-2 .9-2 2v14h2V3h12V1zm3 4H8c-1.1 0-2 .9-2 2v14c0 1.1.9 2 2 2h11c1.1 0 2-.9 2-2V7c0-1.1-.9-2-2-2zm0 16H8V7h11v14z"/&gt;&lt;/svg&gt;            &lt;/span&gt;
        &lt;/span&gt;
    &lt;/div&gt;
    &lt;div id="trace-html-1-33" class="trace-code sf-toggle-content"&gt;
        &lt;ol start="5"&gt;&lt;li&gt;&lt;code&gt;&lt;span style="color: var(--highlight-keyword)"&gt;}&#13;&lt;/span&gt;&lt;/code&gt;&lt;/li&gt;
&lt;li&gt;&lt;code&gt;&lt;span style="color: var(--highlight-keyword)"&gt;&#13;&lt;/span&gt;&lt;/code&gt;&lt;/li&gt;
&lt;li&gt;&lt;code&gt;&lt;span style="color: var(--highlight-keyword)"&gt;if&amp;nbsp;(&lt;/span&gt;&lt;span style="color: var(--highlight-default)"&gt;is_file&lt;/span&gt;&lt;span style="color: var(--highlight-keyword)"&gt;(&lt;/span&gt;&lt;span style="color: var(--highlight-default)"&gt;dirname&lt;/span&gt;&lt;span style="color: var(--highlight-keyword)"&gt;(&lt;/span&gt;&lt;span style="color: var(--highlight-default)"&gt;__DIR__&lt;/span&gt;&lt;span style="color: var(--highlight-keyword)"&gt;).&lt;/span&gt;&lt;span style="color: var(--highlight-string)"&gt;'/vendor/phpunit/phpunit/phpunit'&lt;/span&gt;&lt;span style="color: var(--highlight-keyword)"&gt;))&amp;nbsp;{&#13;&lt;/span&gt;&lt;/code&gt;&lt;/li&gt;
&lt;li&gt;&lt;code&gt;&lt;span style="color: var(--highlight-keyword)"&gt;&amp;nbsp;&amp;nbsp;&amp;nbsp;&amp;nbsp;if&amp;nbsp;(&lt;/span&gt;&lt;span style="color: var(--highlight-default)"&gt;PHP_VERSION_ID&amp;nbsp;&lt;/span&gt;&lt;span style="color: var(--highlight-keyword)"&gt;&amp;gt;=&amp;nbsp;&lt;/span&gt;&lt;span style="color: var(--highlight-default)"&gt;80000&lt;/span&gt;&lt;span style="color: var(--highlight-keyword)"&gt;)&amp;nbsp;{&#13;&lt;/span&gt;&lt;/code&gt;&lt;/li&gt;
&lt;li&gt;&lt;code&gt;&lt;span style="color: var(--highlight-keyword)"&gt;&amp;nbsp;&amp;nbsp;&amp;nbsp;&amp;nbsp;&amp;nbsp;&amp;nbsp;&amp;nbsp;&amp;nbsp;require&amp;nbsp;&lt;/span&gt;&lt;span style="color: var(--highlight-default)"&gt;dirname&lt;/span&gt;&lt;span style="color: var(--highlight-keyword)"&gt;(&lt;/span&gt;&lt;span style="color: var(--highlight-default)"&gt;__DIR__&lt;/span&gt;&lt;span style="color: var(--highlight-keyword)"&gt;).&lt;/span&gt;&lt;span style="color: var(--highlight-string)"&gt;'/vendor/phpunit/phpunit/phpunit'&lt;/span&gt;&lt;span style="color: var(--highlight-keyword)"&gt;;&#13;&lt;/span&gt;&lt;/code&gt;&lt;/li&gt;
&lt;li class="selected"&gt;&lt;code&gt;&lt;span style="color: var(--highlight-keyword)"&gt;&amp;nbsp;&amp;nbsp;&amp;nbsp;&amp;nbsp;}&amp;nbsp;else&amp;nbsp;{&#13;&lt;/span&gt;&lt;/code&gt;&lt;/li&gt;
&lt;li&gt;&lt;code&gt;&lt;span style="color: var(--highlight-keyword)"&gt;&amp;nbsp;&amp;nbsp;&amp;nbsp;&amp;nbsp;&amp;nbsp;&amp;nbsp;&amp;nbsp;&amp;nbsp;&lt;/span&gt;&lt;span style="color: var(--highlight-default)"&gt;define&lt;/span&gt;&lt;span style="color: var(--highlight-keyword)"&gt;(&lt;/span&gt;&lt;span style="color: var(--highlight-string)"&gt;'PHPUNIT_COMPOSER_INSTALL'&lt;/span&gt;&lt;span style="color: var(--highlight-keyword)"&gt;,&amp;nbsp;&lt;/span&gt;&lt;span style="color: var(--highlight-default)"&gt;dirname&lt;/span&gt;&lt;span style="color: var(--highlight-keyword)"&gt;(&lt;/span&gt;&lt;span style="color: var(--highlight-default)"&gt;__DIR__&lt;/span&gt;&lt;span style="color: var(--highlight-keyword)"&gt;).&lt;/span&gt;&lt;span style="color: var(--highlight-string)"&gt;'/vendor/autoload.php'&lt;/span&gt;&lt;span style="color: var(--highlight-keyword)"&gt;);&#13;&lt;/span&gt;&lt;/code&gt;&lt;/li&gt;
&lt;li&gt;&lt;code&gt;&lt;span style="color: var(--highlight-keyword)"&gt;&amp;nbsp;&amp;nbsp;&amp;nbsp;&amp;nbsp;&amp;nbsp;&amp;nbsp;&amp;nbsp;&amp;nbsp;require&amp;nbsp;&lt;/span&gt;&lt;span style="color: var(--highlight-default)"&gt;PHPUNIT_COMPOSER_INSTALL&lt;/span&gt;&lt;span style="color: var(--highlight-keyword)"&gt;;&#13;&lt;/span&gt;&lt;/code&gt;&lt;/li&gt;
&lt;li&gt;&lt;code&gt;&lt;span style="color: var(--highlight-keyword)"&gt;&amp;nbsp;&amp;nbsp;&amp;nbsp;&amp;nbsp;&amp;nbsp;&amp;nbsp;&amp;nbsp;&amp;nbsp;&lt;/span&gt;&lt;span style="color: var(--highlight-default)"&gt;PHPUnit\TextUI\Command&lt;/span&gt;&lt;span style="color: var(--highlight-keyword)"&gt;::&lt;/span&gt;&lt;span style="color: var(--highlight-default)"&gt;main&lt;/span&gt;&lt;span style="color: var(--highlight-keyword)"&gt;();&#13;&lt;/span&gt;&lt;/code&gt;&lt;/li&gt;
&lt;li&gt;&lt;code&gt;&lt;span style="color: var(--highlight-keyword)"&gt;&amp;nbsp;&amp;nbsp;&amp;nbsp;&amp;nbsp;}&#13;&lt;/span&gt;&lt;/code&gt;&lt;/li&gt;
&lt;li&gt;&lt;code&gt;&lt;span style="color: var(--highlight-keyword)"&gt;}&amp;nbsp;else&amp;nbsp;{&#13;&lt;/span&gt;&lt;/code&gt;&lt;/li&gt;&lt;/ol&gt;    &lt;/div&gt;            &lt;/div&gt;
                    &lt;/div&gt;
    &lt;/div&gt;
&lt;/div&gt;            &lt;/div&gt;
        &lt;/div&gt;

        
        &lt;div class="tab"&gt;
            &lt;h3 class="tab-title"&gt;
                                    Stack Trace
                            &lt;/h3&gt;

            &lt;div class="tab-content"&gt;
                &lt;table class="trace trace-as-text"&gt;
    &lt;thead class="trace-head"&gt;
        &lt;tr&gt;
            &lt;th class="sf-toggle" data-toggle-selector="#trace-text-1" data-toggle-initial="display"&gt;
                &lt;div class="trace-class"&gt;
                                        RuntimeError                    &lt;span class="icon icon-close"&gt;&lt;svg width="1792" height="1792" viewBox="0 0 1792 1792" xmlns="http://www.w3.org/2000/svg"&gt;&lt;path d="M1344 800v64q0 14-9 23t-23 9H480q-14 0-23-9t-9-23v-64q0-14 9-23t23-9h832q14 0 23 9t9 23zm128 448V416q0-66-47-113t-113-47H480q-66 0-113 47t-47 113v832q0 66 47 113t113 47h832q66 0 113-47t47-113zm128-832v832q0 119-84.5 203.5T1312 1536H480q-119 0-203.5-84.5T192 1248V416q0-119 84.5-203.5T480 128h832q119 0 203.5 84.5T1600 416z"/&gt;&lt;/svg&gt;&lt;/span&gt;
                    &lt;span class="icon icon-open"&gt;&lt;svg width="1792" height="1792" viewBox="0 0 1792 1792" xmlns="http://www.w3.org/2000/svg"&gt;&lt;path d="M1344 800v64q0 14-9 23t-23 9H960v352q0 14-9 23t-23 9h-64q-14 0-23-9t-9-23V896H480q-14 0-23-9t-9-23v-64q0-14 9-23t23-9h352V416q0-14 9-23t23-9h64q14 0 23 9t9 23v352h352q14 0 23 9t9 23zm128 448V416q0-66-47-113t-113-47H480q-66 0-113 47t-47 113v832q0 66 47 113t113 47h832q66 0 113-47t47-113zm128-832v832q0 119-84.5 203.5T1312 1536H480q-119 0-203.5-84.5T192 1248V416q0-119 84.5-203.5T480 128h832q119 0 203.5 84.5T1600 416z"/&gt;&lt;/svg&gt;&lt;/span&gt;
                &lt;/div&gt;
            &lt;/th&gt;
        &lt;/tr&gt;
    &lt;/thead&gt;

    &lt;tbody id="trace-text-1"&gt;
        &lt;tr&gt;
            &lt;td&gt;
                                &lt;pre class="stacktrace"&gt;
Twig\Error\RuntimeError:
Variable &amp;quot;stats&amp;quot; does not exist in &amp;quot;portal/expert/index.html.twig&amp;quot; at line 14.

  at C:\Users\sliti\Desktop\dev\esprit-PIDEV-3A16-2526-FARMIA\templates\portal\expert\index.html.twig:14
  at __TwigTemplate_d8fda2fc699fe788183588821b87855f-&amp;gt;{closure}()
     (C:\Users\sliti\Desktop\dev\esprit-PIDEV-3A16-2526-FARMIA\var\cache\test\twig\17\1708ad6668dd6629a31773a2b006beb4.php:116)
  at __TwigTemplate_d8fda2fc699fe788183588821b87855f-&amp;gt;block_body(array('user' =&gt; object(User), 'app' =&gt; object(AppVariable), 'current_route' =&gt; 'dashboard_expert'), array('title' =&gt; array(object(__TwigTemplate_d8fda2fc699fe788183588821b87855f), 'block_title'), 'stylesheets' =&gt; array(object(__TwigTemplate_e82f46c489931f7027c4f5c5bb6335d3), 'block_stylesheets'), 'body' =&gt; array(object(__TwigTemplate_d8fda2fc699fe788183588821b87855f), 'block_body'), 'javascripts' =&gt; array(object(__TwigTemplate_e82f46c489931f7027c4f5c5bb6335d3), 'block_javascripts')))
     (C:\Users\sliti\Desktop\dev\esprit-PIDEV-3A16-2526-FARMIA\vendor\twig\twig\src\Template.php:446)
  at Twig\Template-&amp;gt;yieldBlock('body', array('user' =&gt; object(User), 'app' =&gt; object(AppVariable), 'current_route' =&gt; 'dashboard_expert'), array('title' =&gt; array(object(__TwigTemplate_d8fda2fc699fe788183588821b87855f), 'block_title'), 'stylesheets' =&gt; array(object(__TwigTemplate_e82f46c489931f7027c4f5c5bb6335d3), 'block_stylesheets'), 'body' =&gt; array(object(__TwigTemplate_d8fda2fc699fe788183588821b87855f), 'block_body'), 'javascripts' =&gt; array(object(__TwigTemplate_e82f46c489931f7027c4f5c5bb6335d3), 'block_javascripts')))
     (C:\Users\sliti\Desktop\dev\esprit-PIDEV-3A16-2526-FARMIA\var\cache\test\twig\26\26a5bf6a54ceab14c5d6ae8946599c58.php:179)
  at __TwigTemplate_e82f46c489931f7027c4f5c5bb6335d3-&amp;gt;doDisplay(array('user' =&gt; object(User), 'app' =&gt; object(AppVariable), 'current_route' =&gt; 'dashboard_expert'), array('title' =&gt; array(object(__TwigTemplate_d8fda2fc699fe788183588821b87855f), 'block_title'), 'stylesheets' =&gt; array(object(__TwigTemplate_e82f46c489931f7027c4f5c5bb6335d3), 'block_stylesheets'), 'body' =&gt; array(object(__TwigTemplate_d8fda2fc699fe788183588821b87855f), 'block_body'), 'javascripts' =&gt; array(object(__TwigTemplate_e82f46c489931f7027c4f5c5bb6335d3), 'block_javascripts')))
     (C:\Users\sliti\Desktop\dev\esprit-PIDEV-3A16-2526-FARMIA\vendor\twig\twig\src\Template.php:402)
  at Twig\Template-&amp;gt;yield(array('user' =&gt; object(User), 'app' =&gt; object(AppVariable)), array('title' =&gt; array(object(__TwigTemplate_d8fda2fc699fe788183588821b87855f), 'block_title'), 'stylesheets' =&gt; array(object(__TwigTemplate_e82f46c489931f7027c4f5c5bb6335d3), 'block_stylesheets'), 'body' =&gt; array(object(__TwigTemplate_d8fda2fc699fe788183588821b87855f), 'block_body'), 'javascripts' =&gt; array(object(__TwigTemplate_e82f46c489931f7027c4f5c5bb6335d3), 'block_javascripts')))
     (C:\Users\sliti\Desktop\dev\esprit-PIDEV-3A16-2526-FARMIA\var\cache\test\twig\17\1708ad6668dd6629a31773a2b006beb4.php:54)
  at __TwigTemplate_d8fda2fc699fe788183588821b87855f-&amp;gt;doDisplay(array('user' =&gt; object(User), 'app' =&gt; object(AppVariable)), array('title' =&gt; array(object(__TwigTemplate_d8fda2fc699fe788183588821b87855f), 'block_title'), 'body' =&gt; array(object(__TwigTemplate_d8fda2fc699fe788183588821b87855f), 'block_body')))
     (C:\Users\sliti\Desktop\dev\esprit-PIDEV-3A16-2526-FARMIA\vendor\twig\twig\src\Template.php:402)
  at Twig\Template-&amp;gt;yield(array('user' =&gt; object(User), 'app' =&gt; object(AppVariable)), array('title' =&gt; array(object(__TwigTemplate_d8fda2fc699fe788183588821b87855f), 'block_title'), 'body' =&gt; array(object(__TwigTemplate_d8fda2fc699fe788183588821b87855f), 'block_body')))
     (C:\Users\sliti\Desktop\dev\esprit-PIDEV-3A16-2526-FARMIA\vendor\twig\twig\src\Template.php:358)
  at Twig\Template-&amp;gt;display(array('user' =&gt; object(User)))
     (C:\Users\sliti\Desktop\dev\esprit-PIDEV-3A16-2526-FARMIA\vendor\twig\twig\src\Template.php:373)
  at Twig\Template-&amp;gt;render(array('user' =&gt; object(User)))
     (C:\Users\sliti\Desktop\dev\esprit-PIDEV-3A16-2526-FARMIA\vendor\twig\twig\src\TemplateWrapper.php:51)
  at Twig\TemplateWrapper-&amp;gt;render(array('user' =&gt; object(User)))
     (C:\Users\sliti\Desktop\dev\esprit-PIDEV-3A16-2526-FARMIA\vendor\twig\twig\src\Environment.php:333)
  at Twig\Environment-&amp;gt;render('portal/expert/index.html.twig', array('user' =&gt; object(User)))
     (C:\Users\sliti\Desktop\dev\esprit-PIDEV-3A16-2526-FARMIA\vendor\symfony\framework-bundle\Controller\AbstractController.php:452)
  at Symfony\Bundle\FrameworkBundle\Controller\AbstractController-&amp;gt;doRenderView('portal/expert/index.html.twig', null, array('user' =&gt; object(User)), 'render')
     (C:\Users\sliti\Desktop\dev\esprit-PIDEV-3A16-2526-FARMIA\vendor\symfony\framework-bundle\Controller\AbstractController.php:457)
  at Symfony\Bundle\FrameworkBundle\Controller\AbstractController-&amp;gt;doRender('portal/expert/index.html.twig', null, array('user' =&gt; object(User)), null, 'render')
     (C:\Users\sliti\Desktop\dev\esprit-PIDEV-3A16-2526-FARMIA\vendor\symfony\framework-bundle\Controller\AbstractController.php:257)
  at Symfony\Bundle\FrameworkBundle\Controller\AbstractController-&amp;gt;render('portal/expert/index.html.twig', array('user' =&gt; object(User)))
     (C:\Users\sliti\Desktop\dev\esprit-PIDEV-3A16-2526-FARMIA\src\Controller\Web\DashboardController.php:42)
  at App\Controller\Web\DashboardController-&amp;gt;expert()
     (C:\Users\sliti\Desktop\dev\esprit-PIDEV-3A16-2526-FARMIA\vendor\symfony\http-kernel\HttpKernel.php:181)
  at Symfony\Component\HttpKernel\HttpKernel-&amp;gt;handleRaw(object(Request), 1)
     (C:\Users\sliti\Desktop\dev\esprit-PIDEV-3A16-2526-FARMIA\vendor\symfony\http-kernel\HttpKernel.php:76)
  at Symfony\Component\HttpKernel\HttpKernel-&amp;gt;handle(object(Request), 1, true)
     (C:\Users\sliti\Desktop\dev\esprit-PIDEV-3A16-2526-FARMIA\vendor\symfony\http-kernel\Kernel.php:208)
  at Symfony\Component\HttpKernel\Kernel-&amp;gt;handle(object(Request), 1, true)
     (C:\Users\sliti\Desktop\dev\esprit-PIDEV-3A16-2526-FARMIA\vendor\symfony\http-kernel\HttpKernelBrowser.php:65)
  at Symfony\Component\HttpKernel\HttpKernelBrowser-&amp;gt;doRequest(object(Request))
     (C:\Users\sliti\Desktop\dev\esprit-PIDEV-3A16-2526-FARMIA\vendor\symfony\framework-bundle\KernelBrowser.php:175)
  at Symfony\Bundle\FrameworkBundle\KernelBrowser-&amp;gt;doRequest(object(Request))
     (C:\Users\sliti\Desktop\dev\esprit-PIDEV-3A16-2526-FARMIA\vendor\symfony\browser-kit\AbstractBrowser.php:385)
  at Symfony\Component\BrowserKit\AbstractBrowser-&amp;gt;request('GET', 'http://localhost/expert/dashboard')
     (C:\Users\sliti\Desktop\dev\esprit-PIDEV-3A16-2526-FARMIA\tests\Functional\Controller\ExpertAnalyseControllerTest.php:29)
  at App\Tests\Functional\Controller\ExpertAnalyseControllerTest-&amp;gt;testExpertDashboardLoads()
     (C:\Users\sliti\Desktop\dev\esprit-PIDEV-3A16-2526-FARMIA\vendor\phpunit\phpunit\src\Framework\TestCase.php:1617)
  at PHPUnit\Framework\TestCase-&amp;gt;runTest()
     (C:\Users\sliti\Desktop\dev\esprit-PIDEV-3A16-2526-FARMIA\vendor\phpunit\phpunit\src\Framework\TestCase.php:1223)
  at PHPUnit\Framework\TestCase-&amp;gt;runBare()
     (C:\Users\sliti\Desktop\dev\esprit-PIDEV-3A16-2526-FARMIA\vendor\phpunit\phpunit\src\Framework\TestResult.php:729)
  at PHPUnit\Framework\TestResult-&amp;gt;run(object(ExpertAnalyseControllerTest))
     (C:\Users\sliti\Desktop\dev\esprit-PIDEV-3A16-2526-FARMIA\vendor\phpunit\phpunit\src\Framework\TestCase.php:973)
  at PHPUnit\Framework\TestCase-&amp;gt;run(object(TestResult))
     (C:\Users\sliti\Desktop\dev\esprit-PIDEV-3A16-2526-FARMIA\vendor\phpunit\phpunit\src\Framework\TestSuite.php:685)
  at PHPUnit\Framework\TestSuite-&amp;gt;run(object(TestResult))
     (C:\Users\sliti\Desktop\dev\esprit-PIDEV-3A16-2526-FARMIA\vendor\phpunit\phpunit\src\Framework\TestSuite.php:685)
  at PHPUnit\Framework\TestSuite-&amp;gt;run(object(TestResult))
     (C:\Users\sliti\Desktop\dev\esprit-PIDEV-3A16-2526-FARMIA\vendor\phpunit\phpunit\src\Framework\TestSuite.php:685)
  at PHPUnit\Framework\TestSuite-&amp;gt;run(object(TestResult))
     (C:\Users\sliti\Desktop\dev\esprit-PIDEV-3A16-2526-FARMIA\vendor\phpunit\phpunit\src\TextUI\TestRunner.php:651)
  at PHPUnit\TextUI\TestRunner-&amp;gt;run(object(TestSuite), array('extensions' =&gt; array(), 'listGroups' =&gt; false, 'listSuites' =&gt; false, 'listTests' =&gt; false, 'listTestsXml' =&gt; false, 'loader' =&gt; null, 'useDefaultConfiguration' =&gt; true, 'loadedExtensions' =&gt; array(), 'unavailableExtensions' =&gt; array(), 'notLoadedExtensions' =&gt; array(), 'junitLogfile' =&gt; 'test-results.xml', 'testSuffixes' =&gt; array('Test.php', '.phpt'), 'configuration' =&gt; 'C:\\Users\\sliti\\Desktop\\dev\\esprit-PIDEV-3A16-2526-FARMIA\\phpunit.xml.dist', 'configurationObject' =&gt; object(Configuration), 'stderr' =&gt; false, 'columns' =&gt; 80, 'warnings' =&gt; array(), 'debug' =&gt; false, 'filter' =&gt; false, 'listeners' =&gt; array(), 'backupGlobals' =&gt; false, 'backupStaticAttributes' =&gt; false, 'beStrictAboutChangesToGlobalState' =&gt; false, 'cacheResult' =&gt; true, 'colors' =&gt; 'auto', 'convertDeprecationsToExceptions' =&gt; false, 'convertErrorsToExceptions' =&gt; true, 'convertNoticesToExceptions' =&gt; true, 'convertWarningsToExceptions' =&gt; true, 'processIsolation' =&gt; false, 'stopOnDefect' =&gt; false, 'stopOnError' =&gt; false, 'stopOnFailure' =&gt; false, 'stopOnWarning' =&gt; false, 'stopOnIncomplete' =&gt; false, 'stopOnRisky' =&gt; false, 'stopOnSkipped' =&gt; false, 'failOnEmptyTestSuite' =&gt; false, 'failOnIncomplete' =&gt; false, 'failOnRisky' =&gt; false, 'failOnSkipped' =&gt; false, 'failOnWarning' =&gt; false, 'enforceTimeLimit' =&gt; false, 'defaultTimeLimit' =&gt; 1, 'timeoutForSmallTests' =&gt; 1, 'timeoutForMediumTests' =&gt; 10, 'timeoutForLargeTests' =&gt; 60, 'reportUselessTests' =&gt; true, 'strictCoverage' =&gt; false, 'ignoreDeprecatedCodeUnitsFromCodeCoverage' =&gt; false, 'disallowTestOutput' =&gt; false, 'disallowTodoAnnotatedTests' =&gt; false, 'beStrictAboutResourceUsageDuringSmallTests' =&gt; false, 'verbose' =&gt; false, 'reverseDefectList' =&gt; false, 'forceCoversAnnotation' =&gt; false, 'disableCodeCoverageIgnore' =&gt; false, 'registerMockObjectsFromTestArgumentsRecursively' =&gt; false, 'noInteraction' =&gt; false, 'executionOrder' =&gt; 0, 'resolveDependencies' =&gt; true, 'bootstrap' =&gt; 'C:\\Users\\sliti\\Desktop\\dev\\esprit-PIDEV-3A16-2526-FARMIA\\tests/bootstrap.php', 'executionOrderDefects' =&gt; 0, 'crap4jThreshold' =&gt; 30, 'excludeGroups' =&gt; array(), 'groups' =&gt; array(), 'randomOrderSeed' =&gt; 1777118040, 'repeat' =&gt; false, 'reportHighLowerBound' =&gt; 90, 'reportLowUpperBound' =&gt; 50, 'reverseList' =&gt; false, 'testdoxExcludeGroups' =&gt; array(), 'testdoxGroups' =&gt; array(), 'cacheResultFile' =&gt; 'C:\\Users\\sliti\\Desktop\\dev\\esprit-PIDEV-3A16-2526-FARMIA'), array(), true)
     (C:\Users\sliti\Desktop\dev\esprit-PIDEV-3A16-2526-FARMIA\vendor\phpunit\phpunit\src\TextUI\Command.php:146)
  at PHPUnit\TextUI\Command-&amp;gt;run(array('bin/phpunit', '--log-junit', 'test-results.xml'), true)
     (C:\Users\sliti\Desktop\dev\esprit-PIDEV-3A16-2526-FARMIA\vendor\phpunit\phpunit\src\TextUI\Command.php:99)
  at PHPUnit\TextUI\Command::main()
     (C:\Users\sliti\Desktop\dev\esprit-PIDEV-3A16-2526-FARMIA\vendor\phpunit\phpunit\phpunit:107)
  at require('C:\\Users\\sliti\\Desktop\\dev\\esprit-PIDEV-3A16-2526-FARMIA\\vendor\\phpunit\\phpunit\\phpunit')
     (C:\Users\sliti\Desktop\dev\esprit-PIDEV-3A16-2526-FARMIA\bin\phpunit:10)                &lt;/pre&gt;
                            &lt;/td&gt;
        &lt;/tr&gt;
    &lt;/tbody&gt;
&lt;/table&gt;            &lt;/div&gt;
        &lt;/div&gt;

            &lt;/div&gt;
&lt;/div&gt;
        &lt;script&gt;
            /* This file is based on WebProfilerBundle/Resources/views/Profiler/base_js.html.twig.
   If you make any change in this file, verify the same change is needed in the other file. */
/*&lt;![CDATA[*/
(function() {
    "use strict";

    if ('classList' in document.documentElement) {
        var hasClass = function (el, cssClass) { return el.classList.contains(cssClass); };
        var removeClass = function(el, cssClass) { el.classList.remove(cssClass); };
        var addClass = function(el, cssClass) { el.classList.add(cssClass); };
        var toggleClass = function(el, cssClass) { el.classList.toggle(cssClass); };
    } else {
        var hasClass = function (el, cssClass) { return el.className.match(new RegExp('\\b' + cssClass + '\\b')); };
        var removeClass = function(el, cssClass) { el.className = el.className.replace(new RegExp('\\b' + cssClass + '\\b'), ' '); };
        var addClass = function(el, cssClass) { if (!hasClass(el, cssClass)) { el.className += " " + cssClass; } };
        var toggleClass = function(el, cssClass) { hasClass(el, cssClass) ? removeClass(el, cssClass) : addClass(el, cssClass); };
    }

    var addEventListener;

    var el = document.createElement('div');
    if (!('addEventListener' in el)) {
        addEventListener = function (element, eventName, callback) {
            element.attachEvent('on' + eventName, callback);
        };
    } else {
        addEventListener = function (element, eventName, callback) {
            element.addEventListener(eventName, callback, false);
        };
    }

    if (navigator.clipboard) {
        document.querySelectorAll('[data-clipboard-text]').forEach(function(element) {
            removeClass(element, 'hidden');
            element.addEventListener('click', function() {
                navigator.clipboard.writeText(element.getAttribute('data-clipboard-text'));
            })
        });
    }

    (function createTabs() {
        /* the accessibility options of this component have been defined according to: */
        /* www.w3.org/WAI/ARIA/apg/example-index/tabs/tabs-manual.html */
        var tabGroups = document.querySelectorAll('.sf-tabs:not([data-processed=true])');

        /* create the tab navigation for each group of tabs */
        for (var i = 0; i &lt; tabGroups.length; i++) {
            var tabs = tabGroups[i].querySelectorAll(':scope &gt; .tab');
            var tabNavigation = document.createElement('div');
            tabNavigation.className = 'tab-navigation';
            tabNavigation.setAttribute('role', 'tablist');

            var selectedTabId = 'tab-' + i + '-0'; /* select the first tab by default */
            for (var j = 0; j &lt; tabs.length; j++) {
                var tabId = 'tab-' + i + '-' + j;
                var tabTitle = tabs[j].querySelector('.tab-title').innerHTML;

                var tabNavigationItem = document.createElement('button');
                addClass(tabNavigationItem, 'tab-control');
                tabNavigationItem.setAttribute('data-tab-id', tabId);
                tabNavigationItem.setAttribute('role', 'tab');
                tabNavigationItem.setAttribute('aria-controls', tabId);
                if (hasClass(tabs[j], 'active')) { selectedTabId = tabId; }
                if (hasClass(tabs[j], 'disabled')) {
                    addClass(tabNavigationItem, 'disabled');
                }
                tabNavigationItem.innerHTML = tabTitle;
                tabNavigation.appendChild(tabNavigationItem);

                var tabContent = tabs[j].querySelector('.tab-content');
                tabContent.parentElement.setAttribute('id', tabId);
            }

            tabGroups[i].insertBefore(tabNavigation, tabGroups[i].firstChild);
            addClass(document.querySelector('[data-tab-id="' + selectedTabId + '"]'), 'active');
        }

        /* display the active tab and add the 'click' event listeners */
        for (i = 0; i &lt; tabGroups.length; i++) {
            tabNavigation = tabGroups[i].querySelectorAll(':scope &gt; .tab-navigation .tab-control');

            for (j = 0; j &lt; tabNavigation.length; j++) {
                tabId = tabNavigation[j].getAttribute('data-tab-id');
                var tabPanel = document.getElementById(tabId);
                tabPanel.setAttribute('role', 'tabpanel');
                tabPanel.setAttribute('aria-labelledby', tabId);
                tabPanel.querySelector('.tab-title').className = 'hidden';

                if (hasClass(tabNavigation[j], 'active')) {
                    tabPanel.className = 'block';
                    tabNavigation[j].setAttribute('aria-selected', 'true');
                    tabNavigation[j].removeAttribute('tabindex');
                } else {
                    tabPanel.className = 'hidden';
                    tabNavigation[j].removeAttribute('aria-selected');
                    tabNavigation[j].setAttribute('tabindex', '-1');
                }

                tabNavigation[j].addEventListener('click', function(e) {
                    var activeTab = e.target || e.srcElement;

                    /* needed because when the tab contains HTML contents, user can click */
                    /* on any of those elements instead of their parent '&lt;button&gt;' element */
                    while (activeTab.tagName.toLowerCase() !== 'button') {
                        activeTab = activeTab.parentNode;
                    }

                    /* get the full list of tabs through the parent of the active tab element */
                    var tabNavigation = activeTab.parentNode.children;
                    for (var k = 0; k &lt; tabNavigation.length; k++) {
                        var tabId = tabNavigation[k].getAttribute('data-tab-id');
                        document.getElementById(tabId).className = 'hidden';
                        removeClass(tabNavigation[k], 'active');
                        tabNavigation[k].removeAttribute('aria-selected');
                        tabNavigation[k].setAttribute('tabindex', '-1');
                    }

                    addClass(activeTab, 'active');
                    activeTab.setAttribute('aria-selected', 'true');
                    activeTab.removeAttribute('tabindex');
                    var activeTabId = activeTab.getAttribute('data-tab-id');
                    document.getElementById(activeTabId).className = 'block';
                });
            }

            tabGroups[i].setAttribute('data-processed', 'true');
        }
    })();

    (function createToggles() {
        var toggles = document.querySelectorAll('.sf-toggle:not([data-processed=true])');

        for (var i = 0; i &lt; toggles.length; i++) {
            var elementSelector = toggles[i].getAttribute('data-toggle-selector');
            var element = document.querySelector(elementSelector);

            addClass(element, 'sf-toggle-content');

            if (toggles[i].hasAttribute('data-toggle-initial') &amp;&amp; toggles[i].getAttribute('data-toggle-initial') == 'display') {
                addClass(toggles[i], 'sf-toggle-on');
                addClass(element, 'sf-toggle-visible');
            } else {
                addClass(toggles[i], 'sf-toggle-off');
                addClass(element, 'sf-toggle-hidden');
            }

            addEventListener(toggles[i], 'click', function(e) {
                var toggle = e.currentTarget;

                if (e.target.closest('a, span[data-clipboard-text], .sf-toggle') !== toggle) {
                    return;
                }

                e.preventDefault();

                if ('' !== window.getSelection().toString()) {
                    /* Don't do anything on text selection */
                    return;
                }

                var element = document.querySelector(toggle.getAttribute('data-toggle-selector'));

                toggleClass(toggle, 'sf-toggle-on');
                toggleClass(toggle, 'sf-toggle-off');
                toggleClass(element, 'sf-toggle-hidden');
                toggleClass(element, 'sf-toggle-visible');

                /* the toggle doesn't change its contents when clicking on it */
                if (!toggle.hasAttribute('data-toggle-alt-content')) {
                    return;
                }

                if (!toggle.hasAttribute('data-toggle-original-content')) {
                    toggle.setAttribute('data-toggle-original-content', toggle.innerHTML);
                }

                var currentContent = toggle.innerHTML;
                var originalContent = toggle.getAttribute('data-toggle-original-content');
                var altContent = toggle.getAttribute('data-toggle-alt-content');
                toggle.innerHTML = currentContent !== altContent ? altContent : originalContent;
            });

            toggles[i].setAttribute('data-processed', 'true');
        }
    })();

    (function createFilters() {
        document.querySelectorAll('[data-filters] [data-filter]').forEach(function (filter) {
            var filters = filter.closest('[data-filters]'),
                type = 'choice',
                name = filter.dataset.filter,
                ucName = name.charAt(0).toUpperCase()+name.slice(1),
                list = document.createElement('ul'),
                values = filters.dataset['filter'+ucName] || filters.querySelectorAll('[data-filter-'+name+']'),
                labels = {},
                defaults = null,
                indexed = {},
                processed = {};
            if (typeof values === 'string') {
                type = 'level';
                labels = values.split(',');
                values = values.toLowerCase().split(',');
                defaults = values.length - 1;
            }
            addClass(list, 'filter-list');
            addClass(list, 'filter-list-'+type);
            values.forEach(function (value, i) {
                if (value instanceof HTMLElement) {
                    value = value.dataset['filter'+ucName];
                }
                if (value in processed) {
                    return;
                }
                var option = document.createElement('li'),
                    label = i in labels ? labels[i] : value,
                    active = false,
                    matches;
                if ('' === label) {
                    option.innerHTML = '&lt;em&gt;(none)&lt;/em&gt;';
                } else {
                    option.innerText = label;
                }
                option.dataset.filter = value;
                option.setAttribute('title', 1 === (matches = filters.querySelectorAll('[data-filter-'+name+'="'+value+'"]').length) ? 'Matches 1 row' : 'Matches '+matches+' rows');
                indexed[value] = i;
                list.appendChild(option);
                addEventListener(option, 'click', function () {
                    if ('choice' === type) {
                        filters.querySelectorAll('[data-filter-'+name+']').forEach(function (row) {
                            if (option.dataset.filter === row.dataset['filter'+ucName]) {
                                toggleClass(row, 'filter-hidden-'+name);
                            }
                        });
                        toggleClass(option, 'active');
                    } else if ('level' === type) {
                        if (i === this.parentNode.querySelectorAll('.active').length - 1) {
                            return;
                        }
                        this.parentNode.querySelectorAll('li').forEach(function (currentOption, j) {
                            if (j &lt;= i) {
                                addClass(currentOption, 'active');
                                if (i === j) {
                                    addClass(currentOption, 'last-active');
                                } else {
                                    removeClass(currentOption, 'last-active');
                                }
                            } else {
                                removeClass(currentOption, 'active');
                                removeClass(currentOption, 'last-active');
                            }
                        });
                        filters.querySelectorAll('[data-filter-'+name+']').forEach(function (row) {
                            if (i &lt; indexed[row.dataset['filter'+ucName]]) {
                                addClass(row, 'filter-hidden-'+name);
                            } else {
                                removeClass(row, 'filter-hidden-'+name);
                            }
                        });
                    }
                });
                if ('choice' === type) {
                    active = null === defaults || 0 &lt;= defaults.indexOf(value);
                } else if ('level' === type) {
                    active = i &lt;= defaults;
                    if (active &amp;&amp; i === defaults) {
                        addClass(option, 'last-active');
                    }
                }
                if (active) {
                    addClass(option, 'active');
                } else {
                    filters.querySelectorAll('[data-filter-'+name+'="'+value+'"]').forEach(function (row) {
                        toggleClass(row, 'filter-hidden-'+name);
                    });
                }
                processed[value] = true;
            });

            if (1 &lt; list.childNodes.length) {
                filter.appendChild(list);
                filter.dataset.filtered = '';
            }
        });
    })();
})();
/*]]&gt;*/        &lt;/script&gt;
    &lt;/body&gt;
&lt;/html&gt;
&lt;!-- Variable &amp;quot;stats&amp;quot; does not exist in &amp;quot;portal/expert/index.html.twig&amp;quot; at line 14. (500 Internal Server Error) --&gt;

C:\Users\sliti\Desktop\dev\esprit-PIDEV-3A16-2526-FARMIA\vendor\symfony\framework-bundle\Test\BrowserKitAssertionsTrait.php:150
C:\Users\sliti\Desktop\dev\esprit-PIDEV-3A16-2526-FARMIA\vendor\symfony\framework-bundle\Test\BrowserKitAssertionsTrait.php:35
C:\Users\sliti\Desktop\dev\esprit-PIDEV-3A16-2526-FARMIA\tests\Functional\Controller\ExpertAnalyseControllerTest.php:31
C:\Users\sliti\Desktop\dev\esprit-PIDEV-3A16-2526-FARMIA\vendor\phpunit\phpunit\phpunit:107</failure>
        </testcase>
        <testcase name="testExpertAnalyseListLoads" class="App\Tests\Functional\Controller\ExpertAnalyseControllerTest" classname="App.Tests.Functional.Controller.ExpertAnalyseControllerTest" file="C:\Users\sliti\Desktop\dev\esprit-PIDEV-3A16-2526-FARMIA\tests\Functional\Controller\ExpertAnalyseControllerTest.php" line="38" assertions="1" time="0.193052"/>
        <testcase name="testPendingAnalysesPageLoads" class="App\Tests\Functional\Controller\ExpertAnalyseControllerTest" classname="App.Tests.Functional.Controller.ExpertAnalyseControllerTest" file="C:\Users\sliti\Desktop\dev\esprit-PIDEV-3A16-2526-FARMIA\tests\Functional\Controller\ExpertAnalyseControllerTest.php" line="48" assertions="1" time="0.188901"/>
        <testcase name="testAnalyseShowPageLoads" class="App\Tests\Functional\Controller\ExpertAnalyseControllerTest" classname="App.Tests.Functional.Controller.ExpertAnalyseControllerTest" file="C:\Users\sliti\Desktop\dev\esprit-PIDEV-3A16-2526-FARMIA\tests\Functional\Controller\ExpertAnalyseControllerTest.php" line="58" assertions="1" time="0.195301"/>
        <testcase name="testEditAnalysePageLoads" class="App\Tests\Functional\Controller\ExpertAnalyseControllerTest" classname="App.Tests.Functional.Controller.ExpertAnalyseControllerTest" file="C:\Users\sliti\Desktop\dev\esprit-PIDEV-3A16-2526-FARMIA\tests\Functional\Controller\ExpertAnalyseControllerTest.php" line="71" assertions="1" time="0.204208"/>
        <testcase name="testCanDeleteAnalyse" class="App\Tests\Functional\Controller\ExpertAnalyseControllerTest" classname="App.Tests.Functional.Controller.ExpertAnalyseControllerTest" file="C:\Users\sliti\Desktop\dev\esprit-PIDEV-3A16-2526-FARMIA\tests\Functional\Controller\ExpertAnalyseControllerTest.php" line="83" assertions="2" time="0.194464"/>
        <testcase name="testCanUpdateAnalyseStatus" class="App\Tests\Functional\Controller\ExpertAnalyseControllerTest" classname="App.Tests.Functional.Controller.ExpertAnalyseControllerTest" file="C:\Users\sliti\Desktop\dev\esprit-PIDEV-3A16-2526-FARMIA\tests\Functional\Controller\ExpertAnalyseControllerTest.php" line="102" assertions="1" time="0.364350">
          <failure type="PHPUnit\Framework\ExpectationFailedException">App\Tests\Functional\Controller\ExpertAnalyseControllerTest::testCanUpdateAnalyseStatus
Failed asserting that the Response is redirected.
HTTP/1.1 405 Method Not Allowed&#13;
Allow:                  POST&#13;
Cache-Control:          no-cache, private&#13;
Content-Type:           text/html; charset=UTF-8&#13;
Date:                   Sat, 25 Apr 2026 11:54:09 GMT&#13;
Vary:                   Accept&#13;
X-Debug-Exception:      No%20route%20found%20for%20%22GET%20http%3A%2F%2Flocalhost%2Fexpert%2Fanalyse%2F1%2Fstatus%2Fen_cours%22%3A%20Method%20Not%20Allowed%20%28Allow%3A%20POST%29&#13;
X-Debug-Exception-File: C%3A%5CUsers%5Csliti%5CDesktop%5Cdev%5Cesprit-PIDEV-3A16-2526-FARMIA%5Cvendor%5Csymfony%5Chttp-kernel%5CEventListener%5CRouterListener.php:131&#13;
X-Robots-Tag:           noindex&#13;
&#13;
&lt;!-- No route found for &amp;quot;GET http://localhost/expert/analyse/1/status/en_cours&amp;quot;: Method Not Allowed (Allow: POST) (405 Method Not Allowed) --&gt;
&lt;!DOCTYPE html&gt;
&lt;html lang="en"&gt;
    &lt;head&gt;
        &lt;meta charset="UTF-8" /&gt;
        &lt;meta name="robots" content="noindex,nofollow" /&gt;
        &lt;meta name="viewport" content="width=device-width,initial-scale=1" /&gt;
        &lt;title&gt;No route found for &amp;quot;GET http://localhost/expert/analyse/1/status/en_cours&amp;quot;: Method Not Allowed (Allow: POST) (405 Method Not Allowed)&lt;/title&gt;
        &lt;link rel="icon" type="image/png" href="data:image/png;base64,iVBORw0KGgoAAAANSUhEUgAAABwAAAAgCAYAAAABtRhCAAADVUlEQVRIx82XX0jTURTHLYPyqZdefQx66CEo80+aYpoIkqzUikz6Z5klQoWUWYRIJYEUGpQ+lIr9U5dOTLdCtkmWZis3rbnC5fw/neYW002307mX/cZvP3/7o1PwwOdh95x7vnf39zvnd29AgBer2xO6DclAXiMqZAqxIiNIN/IYSUS2BPhjmGATchUxI+ADWiRhpWK7HKuHFVBFdmU5YvnI4grFGCaReF/EBH4KsZlGgj2JBTuCYBWRIYF8YoEOJ6wBt/gEs7mBbyOjQXruPLSdOgPCiEiPSUUHDoL8Ug5IUo9B/d5wrt+G7OAKNrODPuVdB6vRCIzN6SdBlpW9RIgk/1FeAXabzRlrUPVCS/JhbmwudztnGeeH9AyXBIwtmM3wLinZJZHifjHw2V+NBoRh+9ixQrbgbnaSIcl7cGea6hoXQbNe7za241oeO5Z0p42M4BV2EqP2D50wo+6HzvwC6C4sApNOR8cmOrtcnhtj2kYRyC9eBvXzKrBZrXSs72kFd1t3MoKVbMekQkEnSNKOO8fac3LpmK6l1TlGtsxmsdKFsecPYgwxst0cwROMYDXboSotg0WLBRqjY51jLYcENElXwW2XJKPydvoI2GN9T8rBtrAArYIUruBJXkFheCQYlCpQP6uk5dAQFQNaUROMSGVQFxLmkoQsxDJrhLbTZ+nvVsERME9MgPJRKV/58AsyomTSzE813WLFvWK++qI0xSfQl8k8Pg46sYRuv5t6dS+4RqxDwaa4BGjYH+NTQvKScIp9+YL/hoZh3jDtLRHtt2C3g6bmhX+CpsFBWg7ilDSPgj0lD2ncr5ev/BP8VvyAJhqVyZeUhPOrEhEFxgEtjft846Z/guQTNT89Q5P9flMLoth4F7808wKtWWKzAwNQHxrh/1vaid2F+XpYTSbQf1XA2McOmOpROnvpvMEA4tSjq1cW0sws2gCYxswY6TKkvzYnJq1NHZLnRU4BX+4U0uburvusu8Kv8iHY7qefkM4IFngJHEOUXmLEPgiGsI8YnlZILit3vSSLRTQe/MPIZva5pshNIEmyFQlCvruJKXPkCEfmePzkphXHdzZNQdoRI9KPlBAxlj/I8U97ERPS5bjGbWDFbEdqHVe5caTBeZZx2H/IMvzeN15yoQAAAABJRU5ErkJggg==" /&gt;
        &lt;style&gt;/* This file is based on WebProfilerBundle/Resources/views/Profiler/profiler.css.twig.
   If you make any change in this file, verify the same change is needed in the other file. */
:root {
    --font-sans-serif: Helvetica, Arial, sans-serif;
    --page-background: #f9f9f9;
    --color-text: #222;
    /* when updating any of these colors, do the same in toolbar.css.twig */
    --color-success: #4f805d;
    --color-warning: #a46a1f;
    --color-error: #b0413e;
    --color-muted: #999;
    --tab-background: #f0f0f0;
    --tab-border-color: #e5e5e5;
    --tab-active-border-color: #d4d4d4;
    --tab-color: #444;
    --tab-active-background: #fff;
    --tab-active-color: var(--color-text);
    --tab-disabled-background: #f5f5f5;
    --tab-disabled-color: #999;
    --selected-badge-background: #e5e5e5;
    --selected-badge-color: #525252;
    --selected-badge-shadow: inset 0 0 0 1px #d4d4d4;
    --selected-badge-warning-background: #fde496;
    --selected-badge-warning-color: #785b02;
    --selected-badge-warning-shadow: inset 0 0 0 1px #e6af05;
    --selected-badge-danger-background: #FCE9ED;
    --selected-badge-danger-color: #83122A;
    --selected-badge-danger-shadow: inset 0 0 0 1px #F5B8C5;
    --metric-value-background: #fff;
    --metric-value-color: inherit;
    --metric-unit-color: #999;
    --metric-label-background: #e0e0e0;
    --metric-label-color: inherit;
    --table-border: #e0e0e0;
    --table-background: #fff;
    --table-header: #e0e0e0;
    --trace-selected-background: #F7E5A1;
    --tree-active-background: #F7E5A1;
    --exception-title-color: var(--base-2);
    --shadow: 0px 0px 1px rgba(128, 128, 128, .2);
    --border: 1px solid #e0e0e0;
    --background-error: var(--color-error);
    --highlight-comment: #969896;
    --highlight-default: #222222;
    --highlight-keyword: #a71d5d;
    --highlight-string: #183691;
    --base-0: #fff;
    --base-1: #f5f5f5;
    --base-2: #e0e0e0;
    --base-3: #ccc;
    --base-4: #666;
    --base-5: #444;
    --base-6: #222;
}

.theme-dark {
    --page-background: #36393e;
    --color-text: #e0e0e0;
    --color-muted: #777;
    --color-error: #f76864;
    --tab-background: #404040;
    --tab-border-color: #737373;
    --tab-active-border-color: #171717;
    --tab-color: var(--color-text);
    --tab-active-background: #d4d4d4;
    --tab-active-color: #262626;
    --tab-disabled-background: var(--page-background);
    --tab-disabled-color: #a3a3a3;
    --selected-badge-background: #555;
    --selected-badge-color: #ddd;
    --selected-badge-shadow: none;
    --selected-badge-warning-background: #fcd55f;
    --selected-badge-warning-color: #785b02;
    --selected-badge-warning-shadow: inset 0 0 0 1px #af8503;
    --selected-badge-danger-background: #B41939;
    --selected-badge-danger-color: #FCE9ED;
    --selected-badge-danger-shadow: none;
    --metric-value-background: #555;
    --metric-value-color: inherit;
    --metric-unit-color: #999;
    --metric-label-background: #777;
    --metric-label-color: #e0e0e0;
    --trace-selected-background: #5d5227cc;
    --table-border: #444;
    --table-background: #333;
    --table-header: #555;
    --info-background: rgba(79, 148, 195, 0.5);
    --tree-active-background: var(--metric-label-background);
    --exception-title-color: var(--base-2);
    --shadow: 0px 0px 1px rgba(32, 32, 32, .2);
    --border: 1px solid #666;
    --background-error: #b0413e;
    --highlight-comment: #dedede;
    --highlight-default: var(--base-6);
    --highlight-keyword: #de8986;
    --highlight-string: #70a6fd;
    --base-0: #2e3136;
    --base-1: #444;
    --base-2: #666;
    --base-3: #666;
    --base-4: #666;
    --base-5: #e0e0e0;
    --base-6: #f5f5f5;
    --card-label-background: var(--tab-active-background);
    --card-label-color: var(--tab-active-color);
}

html{font-family:sans-serif;-webkit-text-size-adjust:100%;-ms-text-size-adjust:100%}body{margin:0}article,aside,details,figcaption,figure,footer,header,hgroup,main,menu,nav,section{display:block}audio,canvas,progress,video{display:inline-block;vertical-align:baseline}audio:not([controls]){display:none;height:0}[hidden],template{display:none}a{background-color:transparent}a:active,a:hover{outline:0}abbr[title]{border-bottom:1px dotted}b,strong{font-weight:700}dfn{font-style:italic}h1{margin:.67em 0;font-size:2em}mark{color:#000;background:#ff0}small{font-size:80%}sub,sup{position:relative;font-size:75%;line-height:0;vertical-align:baseline}sup{top:-.5em}sub{bottom:-.25em}img{border:0}svg:not(:root){overflow:hidden}figure{margin:1em 40px}hr{height:0;-webkit-box-sizing:content-box;-moz-box-sizing:content-box;box-sizing:content-box}pre{overflow:auto}code,kbd,pre,samp{font-family:monospace,monospace;font-size:1em}button,input,optgroup,select,textarea{margin:0;font:inherit;color:inherit}button{overflow:visible}button,select{text-transform:none}button,html input[type="button"],input[type="reset"],input[type="submit"]{-webkit-appearance:button;cursor:pointer}button[disabled],html input[disabled]{cursor:default}button::-moz-focus-inner,input::-moz-focus-inner{padding:0;border:0}input{line-height:normal}input[type="checkbox"],input[type="radio"]{-webkit-box-sizing:border-box;-moz-box-sizing:border-box;box-sizing:border-box;padding:0}input[type="number"]::-webkit-inner-spin-button,input[type="number"]::-webkit-outer-spin-button{height:auto}input[type="search"]{-webkit-box-sizing:content-box;-moz-box-sizing:content-box;box-sizing:content-box;-webkit-appearance:textfield}input[type="search"]::-webkit-search-cancel-button,input[type="search"]::-webkit-search-decoration{-webkit-appearance:none}fieldset{padding:.35em .625em .75em;margin:0 2px;border:1px solid silver}legend{padding:0;border:0}textarea{overflow:auto}optgroup{font-weight:700}table{border-spacing:0;border-collapse:collapse}td,th{padding:0}summary{cursor: pointer}

html {
    /* always display the vertical scrollbar to avoid jumps when toggling contents */
    overflow-y: scroll;
}
body { background-color: var(--page-background); color: var(--base-6); font: 14px/1.4 Helvetica, Arial, sans-serif; padding-bottom: 45px; }

a { cursor: pointer; text-decoration: none; }
a:hover { text-decoration: underline; }
abbr[title] { border-bottom: none; cursor: help; text-decoration: none; }

code, pre { font: 13px/1.5 Consolas, Monaco, Menlo, "Ubuntu Mono", "Liberation Mono", monospace; }

table, tr, th, td { background: var(--base-0); border-collapse: collapse; vertical-align: top; }
table { background: var(--base-0); border: var(--border); box-shadow: 0px 0px 1px rgba(128, 128, 128, .2); margin: 1em 0; width: 100%; }
table th, table td { border: solid var(--base-2); border-width: 1px 0; padding: 8px 10px; }
table th { background-color: var(--base-2); font-weight: bold; text-align: left; }

.m-t-5 { margin-top: 5px; }
.hidden-xs-down { display: none; }
.block { display: block; }
.full-width { width: 100%; }
.hidden { display: none; }
.prewrap { white-space: pre-wrap; }
.nowrap { white-space: nowrap; }
.newline { display: block; }
.break-long-words { word-wrap: break-word; overflow-wrap: break-word; -webkit-hyphens: auto; -moz-hyphens: auto; hyphens: auto; min-width: 0; }
.text-small { font-size: 12px !important; }
.text-muted { color: #999; }
.text-bold { font-weight: bold; }
.empty { border: 4px dashed var(--base-2); color: #999; margin: 1em 0; padding: .5em 2em; }

.status-success { background: rgba(94, 151, 110, 0.3); }
.status-warning { background: rgba(240, 181, 24, 0.3); }
.status-error { background: rgba(176, 65, 62, 0.2); }
.status-success td, .status-warning td, .status-error td { background: transparent; }
tr.status-error td, tr.status-warning td { border-bottom: 1px solid var(--base-2); border-top: 1px solid var(--base-2); }
.status-warning .colored { color: #A46A1F; }
.status-error .colored  { color: var(--color-error); }

.sf-toggle { cursor: pointer; position: relative; }
.sf-toggle-content { -moz-transition: display .25s ease; -webkit-transition: display .25s ease; transition: display .25s ease; }
.sf-toggle-content.sf-toggle-hidden { display: none; }
.sf-toggle-content.sf-toggle-visible { display: block; }
thead.sf-toggle-content.sf-toggle-visible, tbody.sf-toggle-content.sf-toggle-visible { display: table-row-group; }
.sf-toggle-off .icon-close, .sf-toggle-on .icon-open { display: none; }
.sf-toggle-off .icon-open, .sf-toggle-on .icon-close { display: block; }

.tab-navigation {
    background-color: var(--tab-background);
    border-radius: 6px;
    box-shadow: inset 0 0 0 1px var(--tab-border-color), 0 0 0 5px var(--page-background);
    display: inline-flex;
    flex-wrap: wrap;
    margin: 0 0 15px;
    padding: 0;
    user-select: none;
    -webkit-user-select: none;
}
.sf-tabs-sm .tab-navigation {
    box-shadow: inset 0 0 0 1px var(--tab-border-color), 0 0 0 4px var(--page-background);
    margin: 0 0 10px;
}
.tab-navigation .tab-control {
    background: transparent;
    border: 0;
    box-shadow: none;
    transition: box-shadow .05s ease-in, background-color .05s ease-in;
    cursor: pointer;
    font-size: 14px;
    font-weight: 500;
    line-height: 1.4;
    margin: 0;
    padding: 4px 14px;
    position: relative;
    text-align: center;
    z-index: 1;
}
.sf-tabs-sm .tab-navigation .tab-control {
    font-size: 13px;
    padding: 2.5px 10px;
}
.tab-navigation .tab-control:before {
    background: var(--tab-border-color);
    bottom: 15%;
    content: "";
    left: 0;
    position: absolute;
    top: 15%;
    width: 1px;
}
.tab-navigation .tab-control:first-child:before,
.tab-navigation .tab-control.active + .tab-control:before,
.tab-navigation .tab-control.active:before {
    width: 0;
}
.tab-navigation .tab-control .badge {
    background: var(--selected-badge-background);
    box-shadow: var(--selected-badge-shadow);
    color: var(--selected-badge-color);
    display: inline-block;
    font-size: 12px;
    font-weight: bold;
    line-height: 1;
    margin-left: 8px;
    min-width: 10px;
    padding: 2px 6px;
    text-align: center;
    white-space: nowrap;
}
.tab-navigation .tab-control.disabled {
    color: var(--tab-disabled-color);
}
.tab-navigation .tab-control.active {
    background-color: var(--tab-active-background);
    border-radius: 6px;
    box-shadow: inset 0 0 0 1.5px var(--tab-active-border-color);
    color: var(--tab-active-color);
    position: relative;
    z-index: 1;
}
.theme-dark .tab-navigation li.active {
    box-shadow: inset 0 0 0 1px var(--tab-border-color);
}
.tab-content &gt; *:first-child {
    margin-top: 0;
}
.tab-navigation .tab-control .badge.status-warning {
    background: var(--selected-badge-warning-background);
    box-shadow: var(--selected-badge-warning-shadow);
    color: var(--selected-badge-warning-color);
}
.tab-navigation .tab-control .badge.status-error {
    background: var(--selected-badge-danger-background);
    box-shadow: var(--selected-badge-danger-shadow);
    color: var(--selected-badge-danger-color);
}

.sf-tabs .tab:not(:first-child) { display: none; }

[data-filters] { position: relative; }
[data-filtered] { cursor: pointer; }
[data-filtered]:after { content: '\00a0\25BE'; }
[data-filtered]:hover .filter-list li { display: inline-flex; }
[class*="filter-hidden-"] { display: none; }
.filter-list { position: absolute; border: var(--border); box-shadow: var(--shadow); margin: 0; padding: 0; display: flex; flex-direction: column; }
.filter-list :after { content: ''; }
.filter-list li {
    background: var(--tab-disabled-background);
    border-bottom: var(--border);
    color: var(--tab-disabled-color);
    display: none;
    list-style: none;
    margin: 0;
    padding: 5px 10px;
    text-align: left;
    font-weight: normal;
}
.filter-list li.active {
    background: var(--tab-background);
    color: var(--tab-color);
}
.filter-list li.last-active {
    background: var(--tab-active-background);
    color: var(--tab-active-color);
}

.filter-list-level li { cursor: s-resize; }
.filter-list-level li.active { cursor: n-resize; }
.filter-list-level li.last-active { cursor: default; }
.filter-list-level li.last-active:before { content: '\2714\00a0'; }
.filter-list-choice li:before { content: '\2714\00a0'; color: transparent; }
.filter-list-choice li.active:before { color: unset; }

.container { max-width: 1024px; margin: 0 auto; padding: 0 15px; }
.container::after { content: ""; display: table; clear: both; }

header { background-color: #222; color: rgba(255, 255, 255, 0.75); font-size: 13px; height: 33px; line-height: 33px; padding: 0; }
header .container { display: flex; justify-content: space-between; }
.logo { flex: 1; font-size: 13px; font-weight: normal; margin: 0; padding: 0; }
.logo svg { height: 18px; width: 18px; opacity: .8; vertical-align: -5px; }

.help-link { margin-left: 15px; }
.help-link a { color: inherit; }
.help-link .icon svg { height: 15px; width: 15px; opacity: .7; vertical-align: -2px; }
.help-link a:hover { color: #EEE; text-decoration: none; }
.help-link a:hover svg { opacity: .9; }

.exception-summary { background: var(--background-error); border-bottom: 2px solid rgba(0, 0, 0, 0.1); border-top: 1px solid rgba(0, 0, 0, .3); flex: 0 0 auto; margin-bottom: 15px; }
.exception-metadata { background: rgba(0, 0, 0, 0.1); padding: 7px 0; }
.exception-metadata .container { display: flex; flex-direction: row; justify-content: space-between; }
.exception-metadata h2, .exception-metadata h2 &gt; a { color: rgba(255, 255, 255, 0.8); font-size: 13px; font-weight: 400; margin: 0; }
.exception-http small { font-size: 13px; opacity: .7; }
.exception-hierarchy { flex: 1; }
.exception-hierarchy .icon { margin: 0 3px; opacity: .7; }
.exception-hierarchy .icon svg { height: 13px; width: 13px; vertical-align: -2px; }

.exception-without-message .exception-message-wrapper { display: none; }
.exception-message-wrapper .container { display: flex; align-items: flex-start; min-height: 70px; padding: 10px 15px 8px; }
.exception-message { flex-grow: 1; }
.exception-message, .exception-message a { color: #FFF; font-size: 21px; font-weight: 400; margin: 0; }
.exception-message.long { font-size: 18px; }
.exception-message a { border-bottom: 1px solid rgba(255, 255, 255, 0.5); font-size: inherit; text-decoration: none; }
.exception-message a:hover { border-bottom-color: #ffffff; }

.exception-properties-wrapper { margin: .8em 0; }
.exception-properties { background: var(--base-0); border: var(--border); box-shadow: 0px 0px 1px rgba(128, 128, 128, .2); }
.exception-properties pre { margin: 0; padding: 0.2em 0; }

.exception-illustration { flex-basis: 111px; flex-shrink: 0; height: 66px; margin-left: 15px; opacity: .7; }

.trace + .trace { margin-top: 30px; }
.trace-head { background-color: var(--base-2); padding: 10px; position: relative; }
.trace-head .trace-class { color: var(--base-6); font-size: 18px; font-weight: bold; line-height: 1.3; margin: 0; position: relative; }
.trace-head .trace-namespace { color: #999; display: block; font-size: 13px; }
.trace-head .icon { position: absolute; right: 0; top: 0; }
.trace-head .icon svg { fill: var(--base-5); height: 24px; width: 24px; }

.trace-details { background: var(--base-0); border: var(--border); box-shadow: 0px 0px 1px rgba(128, 128, 128, .2); margin: 0 0 1em; table-layout: fixed; }

.trace-message { font-size: 14px; font-weight: normal; margin: .5em 0 0; }

.trace-line { position: relative; padding-top: 8px; padding-bottom: 8px; }
.trace-line + .trace-line { border-top: var(--border); }
.trace-line:hover { background: var(--base-1); }
.trace-line a { color: var(--base-6); }
.trace-line .icon { opacity: .4; position: absolute; left: 10px; }
.trace-line .icon svg { fill: var(--base-5); height: 16px; width: 16px; }
.trace-line .icon.icon-copy { left: auto; top: auto; padding-left: 5px; display: none }
.trace-line:hover .icon.icon-copy:not(.hidden) { display: inline-block }
.trace-line-header { padding-left: 36px; padding-right: 10px; }

.trace-file-path, .trace-file-path a { color: var(--base-6); font-size: 13px; }
.trace-class { color: var(--color-error); }
.trace-type { padding: 0 2px; }
.trace-method { color: var(--color-error); font-weight: bold; }
.trace-arguments { color: #777; font-weight: normal; padding-left: 2px; }

.trace-code { background: var(--base-0); font-size: 12px; margin: 10px 10px 2px 10px; padding: 10px; overflow-x: auto; white-space: nowrap; }
.trace-code ol { margin: 0; float: left; }
.trace-code li { color: #969896; margin: 0; padding-left: 10px; float: left; width: 100%; }
.trace-code li + li { margin-top: 5px; }
.trace-code li.selected { background: var(--trace-selected-background); margin-top: 2px; }
.trace-code li code { color: var(--base-6); white-space: pre; }

.trace-as-text .stacktrace { line-height: 1.8; margin: 0 0 15px; white-space: pre-wrap; }

@media (min-width: 575px) {
    .hidden-xs-down { display: initial; }
    .help-link { margin-left: 30px; }
}&lt;/style&gt;
        &lt;style&gt;.sf-reset .traces {
    padding-bottom: 14px;
}
.sf-reset .traces li {
    font-size: 12px;
    color: #868686;
    padding: 5px 4px;
    list-style-type: decimal;
    margin-left: 20px;
}
.sf-reset #logs .traces li.error {
    font-style: normal;
    color: #AA3333;
    background: #f9ecec;
}
.sf-reset #logs .traces li.warning {
    font-style: normal;
    background: #ffcc00;
}
/* fix for Opera not liking empty &lt;li&gt; */
.sf-reset .traces li:after {
    content: "\00A0";
}
.sf-reset .trace {
    border: 1px solid #D3D3D3;
    padding: 10px;
    overflow: auto;
    margin: 10px 0 20px;
}
.sf-reset .block-exception {
    -moz-border-radius: 16px;
    -webkit-border-radius: 16px;
    border-radius: 16px;
    margin-bottom: 20px;
    background-color: #f6f6f6;
    border: 1px solid #dfdfdf;
    padding: 30px 28px;
    word-wrap: break-word;
    overflow: hidden;
}
.sf-reset .block-exception div {
    color: #313131;
    font-size: 10px;
}
.sf-reset .block-exception-detected .illustration-exception,
.sf-reset .block-exception-detected .text-exception {
    float: left;
}
.sf-reset .block-exception-detected .illustration-exception {
    width: 152px;
}
.sf-reset .block-exception-detected .text-exception {
    width: 670px;
    padding: 30px 44px 24px 46px;
    position: relative;
}
.sf-reset .text-exception .open-quote,
.sf-reset .text-exception .close-quote {
    font-family: Arial, Helvetica, sans-serif;
    position: absolute;
    color: #C9C9C9;
    font-size: 8em;
}
.sf-reset .open-quote {
    top: 0;
    left: 0;
}
.sf-reset .close-quote {
    bottom: -0.5em;
    right: 50px;
}
.sf-reset .block-exception p {
    font-family: Arial, Helvetica, sans-serif;
}
.sf-reset .block-exception p a,
.sf-reset .block-exception p a:hover {
    color: #565656;
}
.sf-reset .logs h2 {
    float: left;
    width: 654px;
}
.sf-reset .error-count, .sf-reset .support {
    float: right;
    width: 170px;
    text-align: right;
}
.sf-reset .error-count span {
    display: inline-block;
    background-color: #aacd4e;
    -moz-border-radius: 6px;
    -webkit-border-radius: 6px;
    border-radius: 6px;
    padding: 4px;
    color: white;
    margin-right: 2px;
    font-size: 11px;
    font-weight: bold;
}

.sf-reset .support a {
    display: inline-block;
    -moz-border-radius: 6px;
    -webkit-border-radius: 6px;
    border-radius: 6px;
    padding: 4px;
    color: #000000;
    margin-right: 2px;
    font-size: 11px;
    font-weight: bold;
}

.sf-reset .toggle {
    vertical-align: middle;
}
.sf-reset .linked ul,
.sf-reset .linked li {
    display: inline;
}
.sf-reset #output-content {
    color: #000;
    font-size: 12px;
}
.sf-reset #traces-text pre {
    white-space: pre;
    font-size: 12px;
    font-family: monospace;
}&lt;/style&gt;
    &lt;/head&gt;
    &lt;body&gt;
        &lt;script&gt;
            document.body.classList.add(
                localStorage.getItem('symfony/profiler/theme') || (matchMedia('(prefers-color-scheme: dark)').matches ? 'theme-dark' : 'theme-light')
            );
        &lt;/script&gt;

                    &lt;header&gt;
                &lt;div class="container"&gt;
                    &lt;h1 class="logo"&gt;&lt;svg xmlns="http://www.w3.org/2000/svg" width="24" height="24" viewBox="0 0 24 24"&gt;&lt;path fill="#FFF" d="M12 .9C5.8.9.9 5.8.9 12a11 11 0 1 0 22.2 0A11 11 0 0 0 12 .9zm6.5 6c-.6 0-.9-.3-.9-.8 0-.2 0-.4.2-.6l.2-.4c0-.3-.5-.4-.6-.4-1.8.1-2.3 2.5-2.7 4.4l-.2 1c1 .2 1.8 0 2.2-.3.6-.4-.2-.7-.1-1.2.1-.3.5-.5.7-.6.5 0 .7.5.7.9 0 .7-1 1.8-3 1.8l-.6-.1-.6 2.4c-.4 1.6-.8 3.8-2.4 5.7-1.4 1.7-2.9 1.9-3.5 1.9-1.2 0-1.9-.6-2-1.5 0-.8.7-1.3 1.2-1.3.6 0 1.1.5 1.1 1s-.2.6-.4.6c-.1.1-.3.2-.3.4 0 .1.1.3.4.3.5 0 .8-.3 1.1-.5 1.2-.9 1.6-2.7 2.2-5.7l.1-.7.7-3.2c-.8-.6-1.3-1.4-2.4-1.7-.6-.1-1.1.1-1.5.5-.4.5-.2 1.1.2 1.5l.7.6c.7.8 1.2 1.6 1 2.5-.3 1.5-2 2.6-4 1.9-1.8-.6-2-1.8-1.8-2.5.2-.6.6-.7 1.1-.6.5.2.6.7.6 1.2l-.1.3c-.2.1-.3.3-.3.4-.1.4.4.6.7.7.7.3 1.6-.2 1.8-.8a1 1 0 0 0-.4-1.1l-.7-.8c-.4-.4-1.1-1.4-.7-2.6.1-.5.4-.9.7-1.3a4 4 0 0 1 2.8-.6c1.2.4 1.8 1.1 2.6 1.8.5-1.2 1-2.4 1.8-3.5.9-.9 1.9-1.6 3.1-1.7 1.3.2 2.2.7 2.2 1.6 0 .4-.2 1.1-.9 1.1z"/&gt;&lt;/svg&gt; Symfony Exception&lt;/h1&gt;

                    &lt;div class="help-link"&gt;
                        &lt;a href="https://symfony.com/doc/6.4.35/index.html"&gt;
                            &lt;span class="icon"&gt;&lt;svg width="1792" height="1792" viewBox="0 0 1792 1792" xmlns="http://www.w3.org/2000/svg"&gt;&lt;path fill="#FFF" d="M1703 478q40 57 18 129l-275 906q-19 64-76.5 107.5T1247 1664H324q-77 0-148.5-53.5T76 1479q-24-67-2-127 0-4 3-27t4-37q1-8-3-21.5t-3-19.5q2-11 8-21t16.5-23.5T116 1179q23-38 45-91.5t30-91.5q3-10 .5-30t-.5-28q3-11 17-28t17-23q21-36 42-92t25-90q1-9-2.5-32t.5-28q4-13 22-30.5t22-22.5q19-26 42.5-84.5T404 411q1-8-3-25.5t-2-26.5q2-8 9-18t18-23 17-21q8-12 16.5-30.5t15-35 16-36 19.5-32 26.5-23.5 36-11.5T620 134l-1 3q38-9 51-9h761q74 0 114 56t18 130l-274 906q-36 119-71.5 153.5T1089 1408H220q-27 0-38 15-11 16-1 43 24 70 144 70h923q29 0 56-15.5t35-41.5l300-987q7-22 5-57 38 15 59 43zm-1064 2q-4 13 2 22.5t20 9.5h608q13 0 25.5-9.5T1311 480l21-64q4-13-2-22.5t-20-9.5H702q-13 0-25.5 9.5T660 416zm-83 256q-4 13 2 22.5t20 9.5h608q13 0 25.5-9.5T1228 736l21-64q4-13-2-22.5t-20-9.5H619q-13 0-25.5 9.5T577 672z"/&gt;&lt;/svg&gt;&lt;/span&gt;
                            &lt;span class="hidden-xs-down"&gt;Symfony&lt;/span&gt; Docs
                        &lt;/a&gt;
                    &lt;/div&gt;
                &lt;/div&gt;
            &lt;/header&gt;
        
        &lt;div class="exception-summary "&gt;
    &lt;div class="exception-metadata"&gt;
        &lt;div class="container"&gt;
            &lt;h2 class="exception-hierarchy"&gt;
                                    &lt;a href="#trace-box-2"&gt;&lt;abbr title="Symfony\Component\Routing\Exception\MethodNotAllowedException"&gt;MethodNotAllowedException&lt;/abbr&gt;&lt;/a&gt;
                    &lt;span class="icon"&gt;&lt;svg width="1792" height="1792" viewBox="0 0 1792 1792" xmlns="http://www.w3.org/2000/svg"&gt;&lt;path fill="#FFF" d="M1363 877l-742 742q-19 19-45 19t-45-19l-166-166q-19-19-19-45t19-45l531-531-531-531q-19-19-19-45t19-45L531 45q19-19 45-19t45 19l742 742q19 19 19 45t-19 45z"/&gt;&lt;/svg&gt;&lt;/span&gt;
                                &lt;a href="#trace-box-1"&gt;&lt;abbr title="Symfony\Component\HttpKernel\Exception\MethodNotAllowedHttpException"&gt;MethodNotAllowedHttpException&lt;/abbr&gt;&lt;/a&gt;
            &lt;/h2&gt;
            &lt;h2 class="exception-http"&gt;
                HTTP 405 &lt;small&gt;Method Not Allowed&lt;/small&gt;
            &lt;/h2&gt;
        &lt;/div&gt;
    &lt;/div&gt;
    &lt;div class="exception-message-wrapper"&gt;
        &lt;div class="container"&gt;
            &lt;h1 class="break-long-words exception-message"&gt;No route found for &amp;quot;GET http://localhost/expert/analyse/1/status/en_cours&amp;quot;: Method Not Allowed (Allow: POST)&lt;/h1&gt;

            &lt;div class="exception-illustration hidden-xs-down"&gt;
                &lt;svg viewBox="0 0 136 81" xmlns="http://www.w3.org/2000/svg" fill-rule="evenodd" clip-rule="evenodd" stroke-linejoin="round" stroke-miterlimit="1.4"&gt;&lt;path d="M92.4 20.4a23.2 23.2 0 0 1 9 1.9 23.7 23.7 0 0 1 5.2 3 24.3 24.3 0 0 1 3.4 3.4 24.8 24.8 0 0 1 5 9.4c.5 1.7.8 3.4 1 5.2v14.5h.4l.5.2a7.4 7.4 0 0 0 2.5.2l.2-.2.6-.8.8-1.3-.2-.1a5.5 5.5 0 0 1-.8-.3 5.6 5.6 0 0 1-2.3-1.8 5.7 5.7 0 0 1-.9-1.6 6.5 6.5 0 0 1-.2-2.8 7.3 7.3 0 0 1 .5-2l.3-.3.8-.9.3-.3c.2-.2.5-.3.8-.3H120.7c.2 0 .3-.1.4 0h.4l.2.1.3.2.2-.4.3-.4.1-.1 1.2-1 .3-.2.4-.1.4-.1h.3l1.5.1.4.1.8.5.1.2 1 1.1v.2H129.4l.4-.2 1.4-.5h1.1c.3 0 .7.2 1 .4.2 0 .3.2.5.3l.2.2.5.3.4.6.1.3.4 1.4.1.4v.6a7.8 7.8 0 0 1-.1.6 9.9 9.9 0 0 1-.8 2.4 7.8 7.8 0 0 1-3 3.3 6.4 6.4 0 0 1-1 .5 6.1 6.1 0 0 1-.6.2l-.7.1h-.1a23.4 23.4 0 0 1-.2 1.7 14.3 14.3 0 0 1-.6 2.1l-.8 2a9.2 9.2 0 0 1-.4.6l-.7 1a9.1 9.1 0 0 1-2.3 2.2c-.9.5-2 .6-3 .7l-1.4.1h-.5l-.4.1a15.8 15.8 0 0 1-2.8-.1v4.2a9.7 9.7 0 0 1-.7 3.5 9.6 9.6 0 0 1-1.7 2.8 9.3 9.3 0 0 1-3 2.3 9 9 0 0 1-5.4.7 9 9 0 0 1-3-1 9.4 9.4 0 0 1-2.7-2.5 10 10 0 0 1-1 1.2 9.3 9.3 0 0 1-2 1.3 9 9 0 0 1-2.4 1 9 9 0 0 1-6.5-1.1A9.4 9.4 0 0 1 85 77V77a10.9 10.9 0 0 1-.6.6 9.3 9.3 0 0 1-2.7 2 9 9 0 0 1-6 .8 9 9 0 0 1-2.4-1 9.3 9.3 0 0 1-2.3-1.7 9.6 9.6 0 0 1-1.8-2.8 9.7 9.7 0 0 1-.8-3.7v-4a18.5 18.5 0 0 1-2.9.2l-1.2-.1c-1.9-.3-3.7-1-5.1-2.2a8.2 8.2 0 0 1-1.1-1 10.2 10.2 0 0 1-.9-1.2 15.3 15.3 0 0 1-.7-1.3 20.8 20.8 0 0 1-1.9-6.2v-.2a6.5 6.5 0 0 1-1-.3 6.1 6.1 0 0 1-.6-.3 6.6 6.6 0 0 1-.9-.6 8.2 8.2 0 0 1-2.7-3.7 10 10 0 0 1-.3-1 10.3 10.3 0 0 1-.3-1.9V47v-.4l.1-.4.6-1.4.1-.2a2 2 0 0 1 .8-.8l.3-.2.3-.2a3.2 3.2 0 0 1 1.8-.5h.4l.3.2 1.4.6.2.2.4.3.3.4.7-.7.2-.2.4-.2.6-.2h2.1l.4.2.4.2.3.2.8 1 .2-.1h.1v-.1H63l1.1.1h.3l.8.5.3.4.7 1 .2.3.1.5a11 11 0 0 1 .2 1.5c0 .8 0 1.6-.3 2.3a6 6 0 0 1-.5 1.2 5.5 5.5 0 0 1-3.3 2.5 12.3 12.3 0 0 0 1.4 3h.1l.2.1 1 .2h1.5l.5-.2H67.8l.5-.2h.1V44v-.4a26.7 26.7 0 0 1 .3-2.3 24.7 24.7 0 0 1 5.7-12.5 24.2 24.2 0 0 1 3.5-3.3 23.7 23.7 0 0 1 4.9-3 23.2 23.2 0 0 1 5.6-1.7 23.7 23.7 0 0 1 4-.3zm-.3 2a21.2 21.2 0 0 0-8 1.7 21.6 21.6 0 0 0-4.8 2.7 22.2 22.2 0 0 0-3.2 3 22.7 22.7 0 0 0-5 9.2 23.4 23.4 0 0 0-.7 4.9v15.7l-.5.1a34.3 34.3 0 0 1-1.5.3h-.2l-.4.1h-.4l-.9.2a10 10 0 0 1-1.9 0c-.5 0-1-.2-1.5-.4a1.8 1.8 0 0 1-.3-.2 2 2 0 0 1-.3-.3 5.2 5.2 0 0 1-.1-.2 9 9 0 0 1-.6-.9 13.8 13.8 0 0 1-1-2 14.3 14.3 0 0 1-.6-2 14 14 0 0 1-.1-.8v-.2h.3a12.8 12.8 0 0 0 1.4-.2 4.4 4.4 0 0 0 .3 0 3.6 3.6 0 0 0 1.1-.7 3.4 3.4 0 0 0 1.2-1.7l.2-1.2a5.1 5.1 0 0 0 0-.8 7.2 7.2 0 0 0-.1-.8l-.7-1-1.2-.2-1 .7-.1 1.3a5 5 0 0 1 .1.4v.6a1 1 0 0 1 0 .3c-.1.3-.4.4-.7.5l-1.2.4v-.7A9.9 9.9 0 0 1 60 49l.3-.6v-.2l.1-.1v-1.6l-1-1.2h-1.5l-1 1.1v.4a5.3 5.3 0 0 0-.2.6 5.5 5.5 0 0 0 0 .5c0 .7 0 1.4.3 2 0 .4.2.8.4 1.2L57 51a9.5 9.5 0 0 1-1.1-.5h-.2a2 2 0 0 1-.4-.3c-.4-.4-.5-1-.6-1.6a5.6 5.6 0 0 1 0-.5v-.5-.5l-.6-1.5-1.4-.6-.9.3s-.2 0-.3.2a2 2 0 0 1-.1 0l-.6 1.4v.7a8.5 8.5 0 0 0 .5 2c.4 1.1 1 2.1 2 2.8a4.7 4.7 0 0 0 2.1.9h1a22.8 22.8 0 0 0 .1 1 18.1 18.1 0 0 0 .8 3.8 18.2 18.2 0 0 0 1.6 3.7l1 1.3c1 1 2.3 1.6 3.7 2a11.7 11.7 0 0 0 4.8 0h.4l.5-.2.5-.1.6-.2v6.6a8 8 0 0 0 .1 1.3 7.5 7.5 0 0 0 2.4 4.3 7.2 7.2 0 0 0 2.3 1.3 7 7 0 0 0 7-1.1 7.5 7.5 0 0 0 2-2.6A7.7 7.7 0 0 0 85 72V71a8.2 8.2 0 0 0 .2 1.3c0 .7.3 1.4.6 2a7.5 7.5 0 0 0 1.7 2.3 7.3 7.3 0 0 0 2.2 1.4 7.1 7.1 0 0 0 4.6.2 7.2 7.2 0 0 0 2.4-1.2 7.5 7.5 0 0 0 2.1-2.7 7.8 7.8 0 0 0 .7-2.4V71a9.3 9.3 0 0 0 .1.6 7.6 7.6 0 0 0 .6 2.5 7.5 7.5 0 0 0 2.4 3 7.1 7.1 0 0 0 7 .8 7.3 7.3 0 0 0 2.3-1.5 7.5 7.5 0 0 0 1.6-2.3 7.6 7.6 0 0 0 .5-2l.1-1.1v-6.7l.4.1a12.2 12.2 0 0 0 2 .5 11.1 11.1 0 0 0 2.5 0h.8l1.2-.1a9.5 9.5 0 0 0 1.4-.2l.9-.3a3.5 3.5 0 0 0 .6-.4l1.2-1.4a12.2 12.2 0 0 0 .8-1.2c0-.3.2-.5.3-.7a15.9 15.9 0 0 0 .7-2l.3-1.6v-1.3l.2-.9V54.6a15.5 15.5 0 0 0 1.8 0 4.5 4.5 0 0 0 1.4-.5 5.7 5.7 0 0 0 2.5-3.2 7.6 7.6 0 0 0 .4-1.5v-.3l-.4-1.4a5.2 5.2 0 0 1-.2-.1l-.4-.4a3.8 3.8 0 0 0-.2 0 1.4 1.4 0 0 0-.5-.2l-1.4.4-.7 1.3v.7a5.7 5.7 0 0 1-.1.8l-.7 1.4a1.9 1.9 0 0 1-.5.3h-.3a9.6 9.6 0 0 1-.8.3 8.8 8.8 0 0 1-.6 0l.2-.4.2-.5.2-.3v-.4l.1-.2V50l.1-1 .1-.6v-.6a4.8 4.8 0 0 0 0-.8v-.2l-1-1.1-1.5-.2-1.1 1-.2 1.4v.1l.2.4.2.3v.4l.1 1.1v.3l.1.5v.8a9.6 9.6 0 0 1-.8-.3l-.2-.1h-.3l-.8-.1h-.2a1.6 1.6 0 0 1-.2-.2.9.9 0 0 1-.2-.2 1 1 0 0 1-.1-.5l.2-.9v-1.2l-.9-.8h-1.2l-.8.9v.3a4.8 4.8 0 0 0-.3 2l.3.9a3.5 3.5 0 0 0 1.2 1.6l1 .5.8.2 1.4.1h.4l.2.1a12.1 12.1 0 0 1-1 2.6 13.2 13.2 0 0 1-.8 1.5 9.5 9.5 0 0 1-1 1.2l-.2.3a1.7 1.7 0 0 1-.4.3 2.4 2.4 0 0 1-.7.2h-2.5a7.8 7.8 0 0 1-.6-.2l-.7-.2h-.2a14.8 14.8 0 0 1-.6-.2 23.4 23.4 0 0 1-.4-.1l-.4-.1-.3-.1V43.9a34.6 34.6 0 0 0 0-.6 23.6 23.6 0 0 0-.4-3 22.7 22.7 0 0 0-1.5-4.7 22.6 22.6 0 0 0-4.6-6.7 21.9 21.9 0 0 0-6.9-4.7 21.2 21.2 0 0 0-8.1-1.8H92zm9.1 33.7l.3.1a1 1 0 0 1 .6.8v.4a8.4 8.4 0 0 1 0 .5 8.8 8.8 0 0 1-1.6 4.2l-1 1.3A10 10 0 0 1 95 66c-1.3.3-2.7.4-4 .3a10.4 10.4 0 0 1-2.7-.8 10 10 0 0 1-3.6-2.5 9.3 9.3 0 0 1-.8-1 9 9 0 0 1-.7-1.2 8.6 8.6 0 0 1-.8-3.4V57a1 1 0 0 1 .3-.6 1 1 0 0 1 1.3-.2 1 1 0 0 1 .4.8v.4a6.5 6.5 0 0 0 .5 2.2 7 7 0 0 0 2.1 2.8l1 .6c2.6 1.6 6 1.6 8.5 0a8 8 0 0 0 1.1-.6 7.6 7.6 0 0 0 1.2-1.2 7 7 0 0 0 1-1.7 6.5 6.5 0 0 0 .4-2.5 1 1 0 0 1 .7-1h.4zM30.7 43.7c-15.5 1-28.5-6-30.1-16.4C-1.2 15.7 11.6 4 29 1.3 46.6-1.7 62.3 5.5 64 17.1c1.6 10.4-8.7 21-23.7 25a31.2 31.2 0 0 0 0 .9v.3a19 19 0 0 0 .1 1l.1.4.1.9a4.7 4.7 0 0 0 .5 1l.7 1a9.2 9.2 0 0 0 1.2 1l1.5.8.6.8-.7.6-1.1.3a11.2 11.2 0 0 1-2.6.4 8.6 8.6 0 0 1-3-.5 8.5 8.5 0 0 1-1-.4 11.2 11.2 0 0 1-1.8-1.2 13.3 13.3 0 0 1-1-1 18 18 0 0 1-.7-.6l-.4-.4a23.4 23.4 0 0 1-1.3-1.8l-.1-.1-.3-.5V45l-.3-.6v-.7zM83.1 36c3.6 0 6.5 3.2 6.5 7.1 0 4-3 7.2-6.5 7.2S76.7 47 76.7 43 79.6 36 83 36zm18 0c3.6 0 6.5 3.2 6.5 7.1 0 4-2.9 7.2-6.4 7.2S94.7 47 94.7 43s3-7.1 6.5-7.1zm-18 6.1c2 0 3.5 1.6 3.5 3.6S85 49.2 83 49.2s-3.4-1.6-3.4-3.6S81.2 42 83 42zm17.9 0c1.9 0 3.4 1.6 3.4 3.6s-1.5 3.6-3.4 3.6c-2 0-3.5-1.6-3.5-3.6S99.1 42 101 42zM17 28c-.3 1.6-1.8 5-5.2 5.8-2.5.6-4.1-.8-4.5-2.6-.4-1.9.7-3.5 2.1-4.5A3.5 3.5 0 0 1 8 24.6c-.4-2 .8-3.7 3.2-4.2 1.9-.5 3.1.2 3.4 1.5.3 1.1-.5 2.2-1.8 2.5-.9.3-1.6 0-1.7-.6a1.4 1.4 0 0 1 0-.7s.3.2 1 0c.7-.1 1-.7.9-1.2-.2-.6-1-.8-1.8-.6-1 .2-2 1-1.7 2.6.3 1 .9 1.6 1.5 1.8l.7-.2c1-.2 1.5 0 1.6.5 0 .4-.2 1-1.2 1.2a3.3 3.3 0 0 1-1.5 0c-.9.7-1.6 1.9-1.3 3.2.3 1.3 1.3 2.2 3 1.8 2.5-.7 3.8-3.7 4.2-5-.3-.5-.6-1-.7-1.6-.1-.5.1-1 .9-1.2.4 0 .7.2.8.8a2.8 2.8 0 0 1 0 1l.7 1c.6-2 1.4-4 1.7-4 .6-.2 1.5.6 1.5.6-.8.7-1.7 2.4-2.3 4.2.8.6 1.6 1 2.1 1 .5-.1.8-.6 1-1.2-.3-2.2 1-4.3 2.3-4.6.7-.2 1.3.2 1.4.8.1.5 0 1.3-.9 1.7-.2-1-.6-1.3-1-1.3-.4.1-.7 1.4-.4 2.8.2 1 .7 1.5 1.3 1.4.8-.2 1.3-1.2 1.7-2.1-.3-2.1.9-4.2 2.2-4.5.7-.2 1.2.1 1.4 1 .4 1.4-1 2.8-2.2 3.4.3.7.7 1 1.3.9 1-.3 1.6-1.5 2-2.5l-.5-3v-.3s1.6-.3 1.8.6v.1c.2-.6.7-1.2 1.3-1.4.8-.1 1.5.6 1.7 1.6.5 2.2-.5 4.4-1.8 4.7H33a31.9 31.9 0 0 0 1 5.2c-.4.1-1.8.4-2-.4l-.5-5.6c-.5 1-1.3 2.2-2.5 2.4-1 .3-1.6-.3-2-1.1-.5 1-1.3 2.1-2.4 2.4-.8.2-1.5-.1-2-1-.3.8-.9 1.5-1.5 1.7-.7.1-1.5-.3-2.4-1-.3.8-.4 1.6-.4 2.2 0 0-.7 0-.8-.4-.1-.5 0-1.5.3-2.7a10.3 10.3 0 0 1-.7-.8zm38.2-17.8l.2.9c.5 1.9.4 4.4.8 6.4 0 .6-.4 3-1.4 3.3-.2 0-.3 0-.4-.4-.1-.7 0-1.6-.3-2.6-.2-1.1-.8-1.6-1.5-1.5-.8.2-1.3 1-1.6 2l-.1-.5c-.2-1-1.8-.6-1.8-.6a6.2 6.2 0 0 1 .4 1.3l.2 1c-.2.5-.6 1-1.2 1l-.2.1a7 7 0 0 0-.1-.8c-.3-1.1-1-2-1.6-1.8a.7.7 0 0 0-.4.3c-1.3.3-2.4 2-2.1 3.9-.2.9-.6 1.7-1 1.9-.5 0-.8-.5-1.1-1.8l-.1-1.2a4 4 0 0 0 0-1.7c0-.4-.4-.7-.8-.6-.7.2-.9 1.7-.5 3.8-.2 1-.6 2-1.3 2-.4.2-.8-.2-1-1l-.2-3c1.2-.5 2-1 1.8-1.7-.1-.5-.8-.7-.8-.7s0 .7-1 1.2l-.2-1.4c-.1-.6-.4-1-1.7-.6l.4 1 .2 1.5h-1v.8c0 .3.4.3 1 .2 0 1.3 0 2.7.2 3.6.3 1.4 1.2 2 2 1.7 1-.2 1.6-1.3 2-2.3.3 1.2 1 2 1.9 1.7.7-.2 1.2-1.1 1.6-2.2.4.8 1.1 1.1 2 1 1.2-.4 1.7-1.6 1.8-2.8h.2c.6-.2 1-.6 1.3-1 0 .8 0 1.5.2 2.1.1.5.3.7.6.6.5-.1 1-.9 1-.9a4 4 0 0 1-.3-1c-.3-1.3.3-3.6 1-3.7.2 0 .3.2.5.7v.8l.2 1.5v.7c.2.7.7 1.3 1.5 1 1.3-.2 2-2.6 2.1-3.9.3.2.6.2 1 .1-.6-2.2 0-6.1-.3-7.9-.1-.4-1-.5-1.7-.5h-.4zm-21.5 12c.4 0 .7.3 1 1.1.2 1.3-.3 2.6-.9 2.8-.2 0-.7 0-1-1.2v-.4c0-1.3.4-2 1-2.2zm-5.2 1c.3 0 .6.2.6.5.2.6-.3 1.3-1.2 2-.3-1.4.1-2.3.6-2.5zm18-.4c-.5.2-1-.4-1.2-1.2-.2-1 0-2.1.7-2.5v.5c.2.7.6 1.5 1.3 1.9 0 .7-.2 1.2-.7 1.3zm10-1.6c0 .5.4.7 1 .6.8-.2 1-1 .8-1.6 0-.5-.4-1-1-.8-.5.1-1 .9-.8 1.8zm-14.3-5.5c0-.4-.5-.7-1-.5-.8.2-1 1-.9 1.5.2.6.5 1 1 .8.5 0 1.1-1 1-1.8z" fill="#fff" fill-opacity=".6"/&gt;&lt;/svg&gt;            &lt;/div&gt;
        &lt;/div&gt;
    &lt;/div&gt;
&lt;/div&gt;

&lt;div class="container"&gt;
    &lt;div class="sf-tabs"&gt;
        &lt;div class="tab"&gt;
                        &lt;h3 class="tab-title"&gt;
                                    Exceptions &lt;span class="badge"&gt;2&lt;/span&gt;
                            &lt;/h3&gt;

            &lt;div class="tab-content"&gt;
                &lt;div class="trace trace-as-html" id="trace-box-1"&gt;
    &lt;div class="trace-details"&gt;
        &lt;div class="trace-head"&gt;
            &lt;div class="sf-toggle" data-toggle-selector="#trace-html-1" data-toggle-initial="display"&gt;
                &lt;span class="icon icon-close"&gt;&lt;svg width="1792" height="1792" viewBox="0 0 1792 1792" xmlns="http://www.w3.org/2000/svg"&gt;&lt;path d="M1344 800v64q0 14-9 23t-23 9H480q-14 0-23-9t-9-23v-64q0-14 9-23t23-9h832q14 0 23 9t9 23zm128 448V416q0-66-47-113t-113-47H480q-66 0-113 47t-47 113v832q0 66 47 113t113 47h832q66 0 113-47t47-113zm128-832v832q0 119-84.5 203.5T1312 1536H480q-119 0-203.5-84.5T192 1248V416q0-119 84.5-203.5T480 128h832q119 0 203.5 84.5T1600 416z"/&gt;&lt;/svg&gt;&lt;/span&gt;
                &lt;span class="icon icon-open"&gt;&lt;svg width="1792" height="1792" viewBox="0 0 1792 1792" xmlns="http://www.w3.org/2000/svg"&gt;&lt;path d="M1344 800v64q0 14-9 23t-23 9H960v352q0 14-9 23t-23 9h-64q-14 0-23-9t-9-23V896H480q-14 0-23-9t-9-23v-64q0-14 9-23t23-9h352V416q0-14 9-23t23-9h64q14 0 23 9t9 23v352h352q14 0 23 9t9 23zm128 448V416q0-66-47-113t-113-47H480q-66 0-113 47t-47 113v832q0 66 47 113t113 47h832q66 0 113-47t47-113zm128-832v832q0 119-84.5 203.5T1312 1536H480q-119 0-203.5-84.5T192 1248V416q0-119 84.5-203.5T480 128h832q119 0 203.5 84.5T1600 416z"/&gt;&lt;/svg&gt;&lt;/span&gt;
                                                    &lt;h3 class="trace-class"&gt;
                                                    &lt;span class="trace-namespace"&gt;Symfony\Component\HttpKernel\Exception\&lt;/span&gt;
                                                MethodNotAllowedHttpException                    &lt;/h3&gt;
                                            &lt;/div&gt;
                            &lt;details class="exception-properties-wrapper"&gt;
                    &lt;summary&gt;Show exception properties&lt;/summary&gt;
                    &lt;div class="exception-properties"&gt;
                        &lt;script&gt; Sfdump = window.Sfdump || (function (doc) { doc.documentElement.classList.add('sf-js-enabled'); var rxEsc = /([.*+?^${}()|\[\]\/\\])/g, idRx = /\bsf-dump-\d+-ref[012]\w+\b/, keyHint = 0 &lt;= navigator.platform.toUpperCase().indexOf('MAC') ? 'Cmd' : 'Ctrl', addEventListener = function (e, n, cb) { e.addEventListener(n, cb, false); }; if (!doc.addEventListener) { addEventListener = function (element, eventName, callback) { element.attachEvent('on' + eventName, function (e) { e.preventDefault = function () {e.returnValue = false;}; e.target = e.srcElement; callback(e); }); }; } function toggle(a, recursive) { var s = a.nextSibling || {}, oldClass = s.className, arrow, newClass; if (/\bsf-dump-compact\b/.test(oldClass)) { arrow = '&amp;#9660;'; newClass = 'sf-dump-expanded'; } else if (/\bsf-dump-expanded\b/.test(oldClass)) { arrow = '&amp;#9654;'; newClass = 'sf-dump-compact'; } else { return false; } if (doc.createEvent &amp;&amp; s.dispatchEvent) { var event = doc.createEvent('Event'); event.initEvent('sf-dump-expanded' === newClass ? 'sfbeforedumpexpand' : 'sfbeforedumpcollapse', true, false); s.dispatchEvent(event); } a.lastChild.innerHTML = arrow; s.className = s.className.replace(/\bsf-dump-(compact|expanded)\b/, newClass); if (recursive) { try { a = s.querySelectorAll('.'+oldClass); for (s = 0; s &lt; a.length; ++s) { if (-1 == a[s].className.indexOf(newClass)) { a[s].className = newClass; a[s].previousSibling.lastChild.innerHTML = arrow; } } } catch (e) { } } return true; }; function collapse(a, recursive) { var s = a.nextSibling || {}, oldClass = s.className; if (/\bsf-dump-expanded\b/.test(oldClass)) { toggle(a, recursive); return true; } return false; }; function expand(a, recursive) { var s = a.nextSibling || {}, oldClass = s.className; if (/\bsf-dump-compact\b/.test(oldClass)) { toggle(a, recursive); return true; } return false; }; function collapseAll(root) { var a = root.querySelector('a.sf-dump-toggle'); if (a) { collapse(a, true); expand(a); return true; } return false; } function reveal(node) { var previous, parents = []; while ((node = node.parentNode || {}) &amp;&amp; (previous = node.previousSibling) &amp;&amp; 'A' === previous.tagName) { parents.push(previous); } if (0 !== parents.length) { parents.forEach(function (parent) { expand(parent); }); return true; } return false; } function highlight(root, activeNode, nodes) { resetHighlightedNodes(root); Array.from(nodes||[]).forEach(function (node) { if (!/\bsf-dump-highlight\b/.test(node.className)) { node.className = node.className + ' sf-dump-highlight'; } }); if (!/\bsf-dump-highlight-active\b/.test(activeNode.className)) { activeNode.className = activeNode.className + ' sf-dump-highlight-active'; } } function resetHighlightedNodes(root) { Array.from(root.querySelectorAll('.sf-dump-str, .sf-dump-key, .sf-dump-public, .sf-dump-protected, .sf-dump-private')).forEach(function (strNode) { strNode.className = strNode.className.replace(/\bsf-dump-highlight\b/, ''); strNode.className = strNode.className.replace(/\bsf-dump-highlight-active\b/, ''); }); } return function (root, x) { root = doc.getElementById(root); var indentRx = new RegExp('^('+(root.getAttribute('data-indent-pad') || ' ').replace(rxEsc, '\\$1')+')+', 'm'), options = {"maxDepth":1,"maxStringLength":160,"fileLinkFormat":false}, elt = root.getElementsByTagName('A'), len = elt.length, i = 0, s, h, t = []; while (i &lt; len) t.push(elt[i++]); for (i in x) { options[i] = x[i]; } function a(e, f) { addEventListener(root, e, function (e, n) { if ('A' == e.target.tagName) { f(e.target, e); } else if ('A' == e.target.parentNode.tagName) { f(e.target.parentNode, e); } else { n = /\bsf-dump-ellipsis\b/.test(e.target.className) ? e.target.parentNode : e.target; if ((n = n.nextElementSibling) &amp;&amp; 'A' == n.tagName) { if (!/\bsf-dump-toggle\b/.test(n.className)) { n = n.nextElementSibling || n; } f(n, e, true); } } }); }; function isCtrlKey(e) { return e.ctrlKey || e.metaKey; } function xpathString(str) { var parts = str.match(/[^'"]+|['"]/g).map(function (part) { if ("'" == part) { return '"\'"'; } if ('"' == part) { return "'\"'"; } return "'" + part + "'"; }); return "concat(" + parts.join(",") + ", '')"; } function xpathHasClass(className) { return "contains(concat(' ', normalize-space(@class), ' '), ' " + className +" ')"; } a('mouseover', function (a, e, c) { if (c) { e.target.style.cursor = "pointer"; } }); a('click', function (a, e, c) { if (/\bsf-dump-toggle\b/.test(a.className)) { e.preventDefault(); if (!toggle(a, isCtrlKey(e))) { var r = doc.getElementById(a.getAttribute('href').slice(1)), s = r.previousSibling, f = r.parentNode, t = a.parentNode; t.replaceChild(r, a); f.replaceChild(a, s); t.insertBefore(s, r); f = f.firstChild.nodeValue.match(indentRx); t = t.firstChild.nodeValue.match(indentRx); if (f &amp;&amp; t &amp;&amp; f[0] !== t[0]) { r.innerHTML = r.innerHTML.replace(new RegExp('^'+f[0].replace(rxEsc, '\\$1'), 'mg'), t[0]); } if (/\bsf-dump-compact\b/.test(r.className)) { toggle(s, isCtrlKey(e)); } } if (c) { } else if (doc.getSelection) { try { doc.getSelection().removeAllRanges(); } catch (e) { doc.getSelection().empty(); } } else { doc.selection.empty(); } } else if (/\bsf-dump-str-toggle\b/.test(a.className)) { e.preventDefault(); e = a.parentNode.parentNode; e.className = e.className.replace(/\bsf-dump-str-(expand|collapse)\b/, a.parentNode.className); } }); elt = root.getElementsByTagName('SAMP'); len = elt.length; i = 0; while (i &lt; len) t.push(elt[i++]); len = t.length; for (i = 0; i &lt; len; ++i) { elt = t[i]; if ('SAMP' == elt.tagName) { a = elt.previousSibling || {}; if ('A' != a.tagName) { a = doc.createElement('A'); a.className = 'sf-dump-ref'; elt.parentNode.insertBefore(a, elt); } else { a.innerHTML += ' '; } a.title = (a.title ? a.title+'\n[' : '[')+keyHint+'+click] Expand all children'; a.innerHTML += elt.className == 'sf-dump-compact' ? '&lt;span&gt;&amp;#9654;&lt;/span&gt;' : '&lt;span&gt;&amp;#9660;&lt;/span&gt;'; a.className += ' sf-dump-toggle'; x = 1; if ('sf-dump' != elt.parentNode.className) { x += elt.parentNode.getAttribute('data-depth')/1; } } else if (/\bsf-dump-ref\b/.test(elt.className) &amp;&amp; (a = elt.getAttribute('href'))) { a = a.slice(1); elt.className += ' sf-dump-hover'; elt.className += ' '+a; if (/[\[{]$/.test(elt.previousSibling.nodeValue)) { a = a != elt.nextSibling.id &amp;&amp; doc.getElementById(a); try { s = a.nextSibling; elt.appendChild(a); s.parentNode.insertBefore(a, s); if (/^[@#]/.test(elt.innerHTML)) { elt.innerHTML += ' &lt;span&gt;&amp;#9654;&lt;/span&gt;'; } else { elt.innerHTML = '&lt;span&gt;&amp;#9654;&lt;/span&gt;'; elt.className = 'sf-dump-ref'; } elt.className += ' sf-dump-toggle'; } catch (e) { if ('&amp;' == elt.innerHTML.charAt(0)) { elt.innerHTML = '&amp;#8230;'; elt.className = 'sf-dump-ref'; } } } } } if (doc.evaluate &amp;&amp; Array.from &amp;&amp; root.children.length &gt; 1) { root.setAttribute('tabindex', 0); SearchState = function () { this.nodes = []; this.idx = 0; }; SearchState.prototype = { next: function () { if (this.isEmpty()) { return this.current(); } this.idx = this.idx &lt; (this.nodes.length - 1) ? this.idx + 1 : 0; return this.current(); }, previous: function () { if (this.isEmpty()) { return this.current(); } this.idx = this.idx &gt; 0 ? this.idx - 1 : (this.nodes.length - 1); return this.current(); }, isEmpty: function () { return 0 === this.count(); }, current: function () { if (this.isEmpty()) { return null; } return this.nodes[this.idx]; }, reset: function () { this.nodes = []; this.idx = 0; }, count: function () { return this.nodes.length; }, }; function showCurrent(state) { var currentNode = state.current(), currentRect, searchRect; if (currentNode) { reveal(currentNode); highlight(root, currentNode, state.nodes); if ('scrollIntoView' in currentNode) { currentNode.scrollIntoView(true); currentRect = currentNode.getBoundingClientRect(); searchRect = search.getBoundingClientRect(); if (currentRect.top &lt; (searchRect.top + searchRect.height)) { window.scrollBy(0, -(searchRect.top + searchRect.height + 5)); } } } counter.textContent = (state.isEmpty() ? 0 : state.idx + 1) + ' of ' + state.count(); } var search = doc.createElement('div'); search.className = 'sf-dump-search-wrapper sf-dump-search-hidden'; search.innerHTML = ' &lt;input type="text" class="sf-dump-search-input"&gt; &lt;span class="sf-dump-search-count"&gt;0 of 0&lt;\/span&gt; &lt;button type="button" class="sf-dump-search-input-previous" tabindex="-1"&gt; &lt;svg viewBox="0 0 1792 1792" xmlns="http://www.w3.org/2000/svg"&gt;&lt;path d="M1683 1331l-166 165q-19 19-45 19t-45-19L896 965l-531 531q-19 19-45 19t-45-19l-166-165q-19-19-19-45.5t19-45.5l742-741q19-19 45-19t45 19l742 741q19 19 19 45.5t-19 45.5z"\/&gt;&lt;\/svg&gt; &lt;\/button&gt; &lt;button type="button" class="sf-dump-search-input-next" tabindex="-1"&gt; &lt;svg viewBox="0 0 1792 1792" xmlns="http://www.w3.org/2000/svg"&gt;&lt;path d="M1683 808l-742 741q-19 19-45 19t-45-19L109 808q-19-19-19-45.5t19-45.5l166-165q19-19 45-19t45 19l531 531 531-531q19-19 45-19t45 19l166 165q19 19 19 45.5t-19 45.5z"\/&gt;&lt;\/svg&gt; &lt;\/button&gt; '; root.insertBefore(search, root.firstChild); var state = new SearchState(); var searchInput = search.querySelector('.sf-dump-search-input'); var counter = search.querySelector('.sf-dump-search-count'); var searchInputTimer = 0; var previousSearchQuery = ''; addEventListener(searchInput, 'keyup', function (e) { var searchQuery = e.target.value; /* Don't perform anything if the pressed key didn't change the query */ if (searchQuery === previousSearchQuery) { return; } previousSearchQuery = searchQuery; clearTimeout(searchInputTimer); searchInputTimer = setTimeout(function () { state.reset(); collapseAll(root); resetHighlightedNodes(root); if ('' === searchQuery) { counter.textContent = '0 of 0'; return; } var classMatches = [ "sf-dump-str", "sf-dump-key", "sf-dump-public", "sf-dump-protected", "sf-dump-private", ].map(xpathHasClass).join(' or '); var xpathResult = doc.evaluate('.//span[' + classMatches + '][contains(translate(child::text(), ' + xpathString(searchQuery.toUpperCase()) + ', ' + xpathString(searchQuery.toLowerCase()) + '), ' + xpathString(searchQuery.toLowerCase()) + ')]', root, null, XPathResult.ORDERED_NODE_ITERATOR_TYPE, null); while (node = xpathResult.iterateNext()) state.nodes.push(node); showCurrent(state); }, 400); }); Array.from(search.querySelectorAll('.sf-dump-search-input-next, .sf-dump-search-input-previous')).forEach(function (btn) { addEventListener(btn, 'click', function (e) { e.preventDefault(); -1 !== e.target.className.indexOf('next') ? state.next() : state.previous(); searchInput.focus(); collapseAll(root); showCurrent(state); }) }); addEventListener(root, 'keydown', function (e) { var isSearchActive = !/\bsf-dump-search-hidden\b/.test(search.className); if ((114 === e.keyCode &amp;&amp; !isSearchActive) || (isCtrlKey(e) &amp;&amp; 70 === e.keyCode)) { /* F3 or CMD/CTRL + F */ if (70 === e.keyCode &amp;&amp; document.activeElement === searchInput) { /* * If CMD/CTRL + F is hit while having focus on search input, * the user probably meant to trigger browser search instead. * Let the browser execute its behavior: */ return; } e.preventDefault(); search.className = search.className.replace(/\bsf-dump-search-hidden\b/, ''); searchInput.focus(); } else if (isSearchActive) { if (27 === e.keyCode) { /* ESC key */ search.className += ' sf-dump-search-hidden'; e.preventDefault(); resetHighlightedNodes(root); searchInput.value = ''; } else if ( (isCtrlKey(e) &amp;&amp; 71 === e.keyCode) /* CMD/CTRL + G */ || 13 === e.keyCode /* Enter */ || 114 === e.keyCode /* F3 */ ) { e.preventDefault(); e.shiftKey ? state.previous() : state.next(); collapseAll(root); showCurrent(state); } } }); } if (0 &gt;= options.maxStringLength) { return; } try { elt = root.querySelectorAll('.sf-dump-str'); len = elt.length; i = 0; t = []; while (i &lt; len) t.push(elt[i++]); len = t.length; for (i = 0; i &lt; len; ++i) { elt = t[i]; s = elt.innerText || elt.textContent; x = s.length - options.maxStringLength; if (0 &lt; x) { h = elt.innerHTML; elt[elt.innerText ? 'innerText' : 'textContent'] = s.substring(0, options.maxStringLength); elt.className += ' sf-dump-str-collapse'; elt.innerHTML = '&lt;span class=sf-dump-str-collapse&gt;'+h+'&lt;a class="sf-dump-ref sf-dump-str-toggle" title="Collapse"&gt; &amp;#9664;&lt;/a&gt;&lt;/span&gt;'+ '&lt;span class=sf-dump-str-expand&gt;'+elt.innerHTML+'&lt;a class="sf-dump-ref sf-dump-str-toggle" title="'+x+' remaining characters"&gt; &amp;#9654;&lt;/a&gt;&lt;/span&gt;'; } } } catch (e) { } }; })(document); &lt;/script&gt;&lt;style&gt; .sf-js-enabled pre.sf-dump .sf-dump-compact, .sf-js-enabled .sf-dump-str-collapse .sf-dump-str-collapse, .sf-js-enabled .sf-dump-str-expand .sf-dump-str-expand { display: none; } .sf-dump-hover:hover { background-color: #B729D9; color: #FFF !important; border-radius: 2px; } pre.sf-dump { display: block; white-space: pre; padding: 5px; overflow: initial !important; } pre.sf-dump:after { content: ""; visibility: hidden; display: block; height: 0; clear: both; } pre.sf-dump .sf-dump-ellipsization { display: inline-flex; } pre.sf-dump a { text-decoration: none; cursor: pointer; border: 0; outline: none; color: inherit; } pre.sf-dump img { max-width: 50em; max-height: 50em; margin: .5em 0 0 0; padding: 0; background: url(data:image/png;base64,iVBORw0KGgoAAAANSUhEUgAAABAAAAAQCAAAAAA6mKC9AAAAHUlEQVQY02O8zAABilCaiQEN0EeA8QuUcX9g3QEAAjcC5piyhyEAAAAASUVORK5CYII=) #D3D3D3; } pre.sf-dump .sf-dump-ellipsis { text-overflow: ellipsis; white-space: nowrap; overflow: hidden; } pre.sf-dump .sf-dump-ellipsis-tail { flex-shrink: 0; } pre.sf-dump code { display:inline; padding:0; background:none; } .sf-dump-public.sf-dump-highlight, .sf-dump-protected.sf-dump-highlight, .sf-dump-private.sf-dump-highlight, .sf-dump-str.sf-dump-highlight, .sf-dump-key.sf-dump-highlight { background: rgba(111, 172, 204, 0.3); border: 1px solid #7DA0B1; border-radius: 3px; } .sf-dump-public.sf-dump-highlight-active, .sf-dump-protected.sf-dump-highlight-active, .sf-dump-private.sf-dump-highlight-active, .sf-dump-str.sf-dump-highlight-active, .sf-dump-key.sf-dump-highlight-active { background: rgba(253, 175, 0, 0.4); border: 1px solid #ffa500; border-radius: 3px; } pre.sf-dump .sf-dump-search-hidden { display: none !important; } pre.sf-dump .sf-dump-search-wrapper { font-size: 0; white-space: nowrap; margin-bottom: 5px; display: flex; position: -webkit-sticky; position: sticky; top: 5px; } pre.sf-dump .sf-dump-search-wrapper &gt; * { vertical-align: top; box-sizing: border-box; height: 21px; font-weight: normal; border-radius: 0; background: #FFF; color: #757575; border: 1px solid #BBB; } pre.sf-dump .sf-dump-search-wrapper &gt; input.sf-dump-search-input { padding: 3px; height: 21px; font-size: 12px; border-right: none; border-top-left-radius: 3px; border-bottom-left-radius: 3px; color: #000; min-width: 15px; width: 100%; } pre.sf-dump .sf-dump-search-wrapper &gt; .sf-dump-search-input-next, pre.sf-dump .sf-dump-search-wrapper &gt; .sf-dump-search-input-previous { background: #F2F2F2; outline: none; border-left: none; font-size: 0; line-height: 0; } pre.sf-dump .sf-dump-search-wrapper &gt; .sf-dump-search-input-next { border-top-right-radius: 3px; border-bottom-right-radius: 3px; } pre.sf-dump .sf-dump-search-wrapper &gt; .sf-dump-search-input-next &gt; svg, pre.sf-dump .sf-dump-search-wrapper &gt; .sf-dump-search-input-previous &gt; svg { pointer-events: none; width: 12px; height: 12px; } pre.sf-dump .sf-dump-search-wrapper &gt; .sf-dump-search-count { display: inline-block; padding: 0 5px; margin: 0; border-left: none; line-height: 21px; font-size: 12px; }pre.sf-dump, pre.sf-dump .sf-dump-default{background:none; color:#CC7832; line-height:1.2em; font:12px Menlo, Monaco, Consolas, monospace; word-wrap: break-word; white-space: pre-wrap; position:relative; z-index:99999; word-break: break-all}pre.sf-dump .sf-dump-num{font-weight:bold; color:#1299DA}pre.sf-dump .sf-dump-const{font-weight:bold}pre.sf-dump .sf-dump-str{font-weight:bold; color:#629755;}pre.sf-dump .sf-dump-note{color:#6897BB}pre.sf-dump .sf-dump-ref{color:#6E6E6E}pre.sf-dump .sf-dump-public{color:#262626}pre.sf-dump .sf-dump-protected{color:#262626}pre.sf-dump .sf-dump-private{color:#262626}pre.sf-dump .sf-dump-meta{color:#B729D9}pre.sf-dump .sf-dump-key{color:#789339}pre.sf-dump .sf-dump-index{color:#1299DA}pre.sf-dump .sf-dump-ellipsis{color:#CC7832}pre.sf-dump .sf-dump-ns{user-select:none;}pre.sf-dump .sf-dump-ellipsis-note{color:#6897BB}&lt;/style&gt;&lt;pre class=sf-dump id=sf-dump-1522506744 data-indent-pad="  "&gt;&lt;span class=sf-dump-note&gt;Symfony\Component\HttpKernel\Exception\MethodNotAllowedHttpException&lt;/span&gt; {&lt;a class=sf-dump-ref&gt;#11666&lt;/a&gt;&lt;samp data-depth=1 class=sf-dump-expanded&gt;
  -&lt;span class=sf-dump-private title="Private property defined in class:&amp;#10;`Symfony\Component\HttpKernel\Exception\HttpException`"&gt;statusCode&lt;/span&gt;: &lt;span class=sf-dump-num&gt;405&lt;/span&gt;
  -&lt;span class=sf-dump-private title="Private property defined in class:&amp;#10;`Symfony\Component\HttpKernel\Exception\HttpException`"&gt;headers&lt;/span&gt;: &lt;span class=sf-dump-note&gt;array:1&lt;/span&gt; [&lt;samp data-depth=2 class=sf-dump-compact&gt;
    "&lt;span class=sf-dump-key&gt;Allow&lt;/span&gt;" =&gt; "&lt;span class=sf-dump-str title="4 characters"&gt;POST&lt;/span&gt;"
  &lt;/samp&gt;]
&lt;/samp&gt;}
&lt;/pre&gt;&lt;script&gt;Sfdump("sf-dump-1522506744")&lt;/script&gt;
                    &lt;/div&gt;
                &lt;/details&gt;
                    &lt;/div&gt;

        &lt;div id="trace-html-1" class="sf-toggle-content"&gt;
                    &lt;div class="trace-line "&gt;
                &lt;div class="trace-line-header break-long-words sf-toggle" data-toggle-selector="#trace-html-1-0" data-toggle-initial="display"&gt;
            &lt;span class="icon icon-close"&gt;&lt;svg width="1792" height="1792" viewBox="0 0 1792 1792" xmlns="http://www.w3.org/2000/svg"&gt;&lt;path d="M1408 960V832q0-26-19-45t-45-19H448q-26 0-45 19t-19 45v128q0 26 19 45t45 19h896q26 0 45-19t19-45zm256-544v960q0 119-84.5 203.5T1376 1664H416q-119 0-203.5-84.5T128 1376V416q0-119 84.5-203.5T416 128h960q119 0 203.5 84.5T1664 416z"/&gt;&lt;/svg&gt;&lt;/span&gt;
        &lt;span class="icon icon-open"&gt;&lt;svg width="1792" height="1792" viewBox="0 0 1792 1792" xmlns="http://www.w3.org/2000/svg"&gt;&lt;path d="M1408 960V832q0-26-19-45t-45-19h-320V448q0-26-19-45t-45-19H832q-26 0-45 19t-19 45v320H448q-26 0-45 19t-19 45v128q0 26 19 45t45 19h320v320q0 26 19 45t45 19h128q26 0 45-19t19-45v-320h320q26 0 45-19t19-45zm256-544v960q0 119-84.5 203.5T1376 1664H416q-119 0-203.5-84.5T128 1376V416q0-119 84.5-203.5T416 128h960q119 0 203.5 84.5T1664 416z"/&gt;&lt;/svg&gt;&lt;/span&gt;
    
    
                    &lt;span class="block trace-file-path"&gt;
            in
            &lt;a href="file://C:\Users\sliti\Desktop\dev\esprit-PIDEV-3A16-2526-FARMIA\vendor\symfony\http-kernel\EventListener\RouterListener.php#L131"&gt;
                C:\Users\sliti\Desktop\dev\esprit-PIDEV-3A16-2526-FARMIA\vendor\symfony\http-kernel\EventListener\&lt;strong&gt;RouterListener.php&lt;/strong&gt;
            &lt;/a&gt;
                        (line 131)
            &lt;span class="icon icon-copy hidden" data-clipboard-text="C:\Users\sliti\Desktop\dev\esprit-PIDEV-3A16-2526-FARMIA\vendor\symfony\http-kernel\EventListener\RouterListener.php:131"&gt;
                &lt;svg xmlns="http://www.w3.org/2000/svg" height="24" viewBox="0 0 24 24" width="24"&gt;&lt;path d="M0 0h24v24H0z" fill="none"/&gt;&lt;path d="M16 1H4c-1.1 0-2 .9-2 2v14h2V3h12V1zm3 4H8c-1.1 0-2 .9-2 2v14c0 1.1.9 2 2 2h11c1.1 0 2-.9 2-2V7c0-1.1-.9-2-2-2zm0 16H8V7h11v14z"/&gt;&lt;/svg&gt;            &lt;/span&gt;
        &lt;/span&gt;
    &lt;/div&gt;
    &lt;div id="trace-html-1-0" class="trace-code sf-toggle-content"&gt;
        &lt;ol start="126"&gt;&lt;li&gt;&lt;code&gt;&lt;span style="color: var(--highlight-keyword)"&gt;&lt;/span&gt;&lt;/code&gt;&lt;/li&gt;
&lt;li&gt;&lt;code&gt;&lt;span style="color: var(--highlight-keyword)"&gt;&amp;nbsp;&amp;nbsp;&amp;nbsp;&amp;nbsp;&amp;nbsp;&amp;nbsp;&amp;nbsp;&amp;nbsp;&amp;nbsp;&amp;nbsp;&amp;nbsp;&amp;nbsp;throw&amp;nbsp;new&amp;nbsp;&lt;/span&gt;&lt;span style="color: var(--highlight-default)"&gt;NotFoundHttpException&lt;/span&gt;&lt;span style="color: var(--highlight-keyword)"&gt;(&lt;/span&gt;&lt;span style="color: var(--highlight-default)"&gt;$message&lt;/span&gt;&lt;span style="color: var(--highlight-keyword)"&gt;,&amp;nbsp;&lt;/span&gt;&lt;span style="color: var(--highlight-default)"&gt;$e&lt;/span&gt;&lt;span style="color: var(--highlight-keyword)"&gt;);&lt;/span&gt;&lt;/code&gt;&lt;/li&gt;
&lt;li&gt;&lt;code&gt;&lt;span style="color: var(--highlight-keyword)"&gt;&amp;nbsp;&amp;nbsp;&amp;nbsp;&amp;nbsp;&amp;nbsp;&amp;nbsp;&amp;nbsp;&amp;nbsp;}&amp;nbsp;catch&amp;nbsp;(&lt;/span&gt;&lt;span style="color: var(--highlight-default)"&gt;MethodNotAllowedException&amp;nbsp;$e&lt;/span&gt;&lt;span style="color: var(--highlight-keyword)"&gt;)&amp;nbsp;{&lt;/span&gt;&lt;/code&gt;&lt;/li&gt;
&lt;li&gt;&lt;code&gt;&lt;span style="color: var(--highlight-keyword)"&gt;&amp;nbsp;&amp;nbsp;&amp;nbsp;&amp;nbsp;&amp;nbsp;&amp;nbsp;&amp;nbsp;&amp;nbsp;&amp;nbsp;&amp;nbsp;&amp;nbsp;&amp;nbsp;&lt;/span&gt;&lt;span style="color: var(--highlight-default)"&gt;$message&amp;nbsp;&lt;/span&gt;&lt;span style="color: var(--highlight-keyword)"&gt;=&amp;nbsp;&lt;/span&gt;&lt;span style="color: var(--highlight-default)"&gt;\sprintf&lt;/span&gt;&lt;span style="color: var(--highlight-keyword)"&gt;(&lt;/span&gt;&lt;span style="color: var(--highlight-string)"&gt;'No&amp;nbsp;route&amp;nbsp;found&amp;nbsp;for&amp;nbsp;"%s&amp;nbsp;%s":&amp;nbsp;Method&amp;nbsp;Not&amp;nbsp;Allowed&amp;nbsp;(Allow:&amp;nbsp;%s)'&lt;/span&gt;&lt;span style="color: var(--highlight-keyword)"&gt;,&amp;nbsp;&lt;/span&gt;&lt;span style="color: var(--highlight-default)"&gt;$request&lt;/span&gt;&lt;span style="color: var(--highlight-keyword)"&gt;-&amp;gt;&lt;/span&gt;&lt;span style="color: var(--highlight-default)"&gt;getMethod&lt;/span&gt;&lt;span style="color: var(--highlight-keyword)"&gt;(),&amp;nbsp;&lt;/span&gt;&lt;span style="color: var(--highlight-default)"&gt;$request&lt;/span&gt;&lt;span style="color: var(--highlight-keyword)"&gt;-&amp;gt;&lt;/span&gt;&lt;span style="color: var(--highlight-default)"&gt;getUriForPath&lt;/span&gt;&lt;span style="color: var(--highlight-keyword)"&gt;(&lt;/span&gt;&lt;span style="color: var(--highlight-default)"&gt;$request&lt;/span&gt;&lt;span style="color: var(--highlight-keyword)"&gt;-&amp;gt;&lt;/span&gt;&lt;span style="color: var(--highlight-default)"&gt;getPathInfo&lt;/span&gt;&lt;span style="color: var(--highlight-keyword)"&gt;()),&amp;nbsp;&lt;/span&gt;&lt;span style="color: var(--highlight-default)"&gt;implode&lt;/span&gt;&lt;span style="color: var(--highlight-keyword)"&gt;(&lt;/span&gt;&lt;span style="color: var(--highlight-string)"&gt;',&amp;nbsp;'&lt;/span&gt;&lt;span style="color: var(--highlight-keyword)"&gt;,&amp;nbsp;&lt;/span&gt;&lt;span style="color: var(--highlight-default)"&gt;$e&lt;/span&gt;&lt;span style="color: var(--highlight-keyword)"&gt;-&amp;gt;&lt;/span&gt;&lt;span style="color: var(--highlight-default)"&gt;getAllowedMethods&lt;/span&gt;&lt;span style="color: var(--highlight-keyword)"&gt;()));&lt;/span&gt;&lt;/code&gt;&lt;/li&gt;
&lt;li&gt;&lt;code&gt;&lt;span style="color: var(--highlight-keyword)"&gt;&lt;/span&gt;&lt;/code&gt;&lt;/li&gt;
&lt;li class="selected"&gt;&lt;code&gt;&lt;span style="color: var(--highlight-keyword)"&gt;&amp;nbsp;&amp;nbsp;&amp;nbsp;&amp;nbsp;&amp;nbsp;&amp;nbsp;&amp;nbsp;&amp;nbsp;&amp;nbsp;&amp;nbsp;&amp;nbsp;&amp;nbsp;throw&amp;nbsp;new&amp;nbsp;&lt;/span&gt;&lt;span style="color: var(--highlight-default)"&gt;MethodNotAllowedHttpException&lt;/span&gt;&lt;span style="color: var(--highlight-keyword)"&gt;(&lt;/span&gt;&lt;span style="color: var(--highlight-default)"&gt;$e&lt;/span&gt;&lt;span style="color: var(--highlight-keyword)"&gt;-&amp;gt;&lt;/span&gt;&lt;span style="color: var(--highlight-default)"&gt;getAllowedMethods&lt;/span&gt;&lt;span style="color: var(--highlight-keyword)"&gt;(),&amp;nbsp;&lt;/span&gt;&lt;span style="color: var(--highlight-default)"&gt;$message&lt;/span&gt;&lt;span style="color: var(--highlight-keyword)"&gt;,&amp;nbsp;&lt;/span&gt;&lt;span style="color: var(--highlight-default)"&gt;$e&lt;/span&gt;&lt;span style="color: var(--highlight-keyword)"&gt;);&lt;/span&gt;&lt;/code&gt;&lt;/li&gt;
&lt;li&gt;&lt;code&gt;&lt;span style="color: var(--highlight-keyword)"&gt;&amp;nbsp;&amp;nbsp;&amp;nbsp;&amp;nbsp;&amp;nbsp;&amp;nbsp;&amp;nbsp;&amp;nbsp;}&lt;/span&gt;&lt;/code&gt;&lt;/li&gt;
&lt;li&gt;&lt;code&gt;&lt;span style="color: var(--highlight-keyword)"&gt;&amp;nbsp;&amp;nbsp;&amp;nbsp;&amp;nbsp;}&lt;/span&gt;&lt;/code&gt;&lt;/li&gt;
&lt;li&gt;&lt;code&gt;&lt;span style="color: var(--highlight-keyword)"&gt;&lt;/span&gt;&lt;/code&gt;&lt;/li&gt;
&lt;li&gt;&lt;code&gt;&lt;span style="color: var(--highlight-keyword)"&gt;&amp;nbsp;&amp;nbsp;&amp;nbsp;&amp;nbsp;public&amp;nbsp;function&amp;nbsp;&lt;/span&gt;&lt;span style="color: var(--highlight-default)"&gt;onKernelException&lt;/span&gt;&lt;span style="color: var(--highlight-keyword)"&gt;(&lt;/span&gt;&lt;span style="color: var(--highlight-default)"&gt;ExceptionEvent&amp;nbsp;$event&lt;/span&gt;&lt;span style="color: var(--highlight-keyword)"&gt;):&amp;nbsp;&lt;/span&gt;&lt;span style="color: var(--highlight-default)"&gt;void&lt;/span&gt;&lt;/code&gt;&lt;/li&gt;
&lt;li&gt;&lt;code&gt;&lt;span style="color: var(--highlight-default)"&gt;&amp;nbsp;&amp;nbsp;&amp;nbsp;&amp;nbsp;&lt;/span&gt;&lt;span style="color: var(--highlight-keyword)"&gt;{&lt;/span&gt;&lt;/code&gt;&lt;/li&gt;&lt;/ol&gt;    &lt;/div&gt;            &lt;/div&gt;
                        &lt;div class="trace-line "&gt;
                &lt;div class="trace-line-header break-long-words sf-toggle" data-toggle-selector="#trace-html-1-1" data-toggle-initial=""&gt;
            &lt;span class="icon icon-close"&gt;&lt;svg width="1792" height="1792" viewBox="0 0 1792 1792" xmlns="http://www.w3.org/2000/svg"&gt;&lt;path d="M1408 960V832q0-26-19-45t-45-19H448q-26 0-45 19t-19 45v128q0 26 19 45t45 19h896q26 0 45-19t19-45zm256-544v960q0 119-84.5 203.5T1376 1664H416q-119 0-203.5-84.5T128 1376V416q0-119 84.5-203.5T416 128h960q119 0 203.5 84.5T1664 416z"/&gt;&lt;/svg&gt;&lt;/span&gt;
        &lt;span class="icon icon-open"&gt;&lt;svg width="1792" height="1792" viewBox="0 0 1792 1792" xmlns="http://www.w3.org/2000/svg"&gt;&lt;path d="M1408 960V832q0-26-19-45t-45-19h-320V448q0-26-19-45t-45-19H832q-26 0-45 19t-19 45v320H448q-26 0-45 19t-19 45v128q0 26 19 45t45 19h320v320q0 26 19 45t45 19h128q26 0 45-19t19-45v-320h320q26 0 45-19t19-45zm256-544v960q0 119-84.5 203.5T1376 1664H416q-119 0-203.5-84.5T128 1376V416q0-119 84.5-203.5T416 128h960q119 0 203.5 84.5T1664 416z"/&gt;&lt;/svg&gt;&lt;/span&gt;
    
            &lt;span class="trace-class"&gt;&lt;abbr title="Symfony\Component\HttpKernel\EventListener\RouterListener"&gt;RouterListener&lt;/abbr&gt;&lt;/span&gt;&lt;span class="trace-type"&gt;-&gt;&lt;/span&gt;&lt;span class="trace-method"&gt;onKernelRequest&lt;/span&gt;&lt;span class="trace-arguments"&gt;(&lt;em&gt;object&lt;/em&gt;(&lt;abbr title="Symfony\Component\HttpKernel\Event\RequestEvent"&gt;RequestEvent&lt;/abbr&gt;), 'kernel.request', &lt;em&gt;object&lt;/em&gt;(&lt;abbr title="Symfony\Component\HttpKernel\Debug\TraceableEventDispatcher"&gt;TraceableEventDispatcher&lt;/abbr&gt;))&lt;/span&gt;    
                    &lt;span class="block trace-file-path"&gt;
            in
            &lt;a href="file://C:\Users\sliti\Desktop\dev\esprit-PIDEV-3A16-2526-FARMIA\vendor\symfony\event-dispatcher\Debug\WrappedListener.php#L116"&gt;
                C:\Users\sliti\Desktop\dev\esprit-PIDEV-3A16-2526-FARMIA\vendor\symfony\event-dispatcher\Debug\&lt;strong&gt;WrappedListener.php&lt;/strong&gt;
            &lt;/a&gt;
                        (line 116)
            &lt;span class="icon icon-copy hidden" data-clipboard-text="C:\Users\sliti\Desktop\dev\esprit-PIDEV-3A16-2526-FARMIA\vendor\symfony\event-dispatcher\Debug\WrappedListener.php:116"&gt;
                &lt;svg xmlns="http://www.w3.org/2000/svg" height="24" viewBox="0 0 24 24" width="24"&gt;&lt;path d="M0 0h24v24H0z" fill="none"/&gt;&lt;path d="M16 1H4c-1.1 0-2 .9-2 2v14h2V3h12V1zm3 4H8c-1.1 0-2 .9-2 2v14c0 1.1.9 2 2 2h11c1.1 0 2-.9 2-2V7c0-1.1-.9-2-2-2zm0 16H8V7h11v14z"/&gt;&lt;/svg&gt;            &lt;/span&gt;
        &lt;/span&gt;
    &lt;/div&gt;
    &lt;div id="trace-html-1-1" class="trace-code sf-toggle-content"&gt;
        &lt;ol start="111"&gt;&lt;li&gt;&lt;code&gt;&lt;span style="color: var(--highlight-keyword)"&gt;&amp;nbsp;&amp;nbsp;&amp;nbsp;&amp;nbsp;&amp;nbsp;&amp;nbsp;&amp;nbsp;&amp;nbsp;&lt;/span&gt;&lt;span style="color: var(--highlight-default)"&gt;$this&lt;/span&gt;&lt;span style="color: var(--highlight-keyword)"&gt;-&amp;gt;&lt;/span&gt;&lt;span style="color: var(--highlight-default)"&gt;priority&amp;nbsp;&lt;/span&gt;&lt;span style="color: var(--highlight-keyword)"&gt;??=&amp;nbsp;&lt;/span&gt;&lt;span style="color: var(--highlight-default)"&gt;$dispatcher&lt;/span&gt;&lt;span style="color: var(--highlight-keyword)"&gt;-&amp;gt;&lt;/span&gt;&lt;span style="color: var(--highlight-default)"&gt;getListenerPriority&lt;/span&gt;&lt;span style="color: var(--highlight-keyword)"&gt;(&lt;/span&gt;&lt;span style="color: var(--highlight-default)"&gt;$eventName&lt;/span&gt;&lt;span style="color: var(--highlight-keyword)"&gt;,&amp;nbsp;&lt;/span&gt;&lt;span style="color: var(--highlight-default)"&gt;$this&lt;/span&gt;&lt;span style="color: var(--highlight-keyword)"&gt;-&amp;gt;&lt;/span&gt;&lt;span style="color: var(--highlight-default)"&gt;listener&lt;/span&gt;&lt;span style="color: var(--highlight-keyword)"&gt;);&lt;/span&gt;&lt;/code&gt;&lt;/li&gt;
&lt;li&gt;&lt;code&gt;&lt;span style="color: var(--highlight-keyword)"&gt;&lt;/span&gt;&lt;/code&gt;&lt;/li&gt;
&lt;li&gt;&lt;code&gt;&lt;span style="color: var(--highlight-keyword)"&gt;&amp;nbsp;&amp;nbsp;&amp;nbsp;&amp;nbsp;&amp;nbsp;&amp;nbsp;&amp;nbsp;&amp;nbsp;&lt;/span&gt;&lt;span style="color: var(--highlight-default)"&gt;$e&amp;nbsp;&lt;/span&gt;&lt;span style="color: var(--highlight-keyword)"&gt;=&amp;nbsp;&lt;/span&gt;&lt;span style="color: var(--highlight-default)"&gt;$this&lt;/span&gt;&lt;span style="color: var(--highlight-keyword)"&gt;-&amp;gt;&lt;/span&gt;&lt;span style="color: var(--highlight-default)"&gt;stopwatch&lt;/span&gt;&lt;span style="color: var(--highlight-keyword)"&gt;-&amp;gt;&lt;/span&gt;&lt;span style="color: var(--highlight-default)"&gt;start&lt;/span&gt;&lt;span style="color: var(--highlight-keyword)"&gt;(&lt;/span&gt;&lt;span style="color: var(--highlight-default)"&gt;$this&lt;/span&gt;&lt;span style="color: var(--highlight-keyword)"&gt;-&amp;gt;&lt;/span&gt;&lt;span style="color: var(--highlight-default)"&gt;name&lt;/span&gt;&lt;span style="color: var(--highlight-keyword)"&gt;,&amp;nbsp;&lt;/span&gt;&lt;span style="color: var(--highlight-string)"&gt;'event_listener'&lt;/span&gt;&lt;span style="color: var(--highlight-keyword)"&gt;);&lt;/span&gt;&lt;/code&gt;&lt;/li&gt;
&lt;li&gt;&lt;code&gt;&lt;span style="color: var(--highlight-keyword)"&gt;&lt;/span&gt;&lt;/code&gt;&lt;/li&gt;
&lt;li&gt;&lt;code&gt;&lt;span style="color: var(--highlight-keyword)"&gt;&amp;nbsp;&amp;nbsp;&amp;nbsp;&amp;nbsp;&amp;nbsp;&amp;nbsp;&amp;nbsp;&amp;nbsp;try&amp;nbsp;{&lt;/span&gt;&lt;/code&gt;&lt;/li&gt;
&lt;li class="selected"&gt;&lt;code&gt;&lt;span style="color: var(--highlight-keyword)"&gt;&amp;nbsp;&amp;nbsp;&amp;nbsp;&amp;nbsp;&amp;nbsp;&amp;nbsp;&amp;nbsp;&amp;nbsp;&amp;nbsp;&amp;nbsp;&amp;nbsp;&amp;nbsp;(&lt;/span&gt;&lt;span style="color: var(--highlight-default)"&gt;$this&lt;/span&gt;&lt;span style="color: var(--highlight-keyword)"&gt;-&amp;gt;&lt;/span&gt;&lt;span style="color: var(--highlight-default)"&gt;optimizedListener&amp;nbsp;&lt;/span&gt;&lt;span style="color: var(--highlight-keyword)"&gt;??&amp;nbsp;&lt;/span&gt;&lt;span style="color: var(--highlight-default)"&gt;$this&lt;/span&gt;&lt;span style="color: var(--highlight-keyword)"&gt;-&amp;gt;&lt;/span&gt;&lt;span style="color: var(--highlight-default)"&gt;listener&lt;/span&gt;&lt;span style="color: var(--highlight-keyword)"&gt;)(&lt;/span&gt;&lt;span style="color: var(--highlight-default)"&gt;$event&lt;/span&gt;&lt;span style="color: var(--highlight-keyword)"&gt;,&amp;nbsp;&lt;/span&gt;&lt;span style="color: var(--highlight-default)"&gt;$eventName&lt;/span&gt;&lt;span style="color: var(--highlight-keyword)"&gt;,&amp;nbsp;&lt;/span&gt;&lt;span style="color: var(--highlight-default)"&gt;$dispatcher&lt;/span&gt;&lt;span style="color: var(--highlight-keyword)"&gt;);&lt;/span&gt;&lt;/code&gt;&lt;/li&gt;
&lt;li&gt;&lt;code&gt;&lt;span style="color: var(--highlight-keyword)"&gt;&amp;nbsp;&amp;nbsp;&amp;nbsp;&amp;nbsp;&amp;nbsp;&amp;nbsp;&amp;nbsp;&amp;nbsp;}&amp;nbsp;finally&amp;nbsp;{&lt;/span&gt;&lt;/code&gt;&lt;/li&gt;
&lt;li&gt;&lt;code&gt;&lt;span style="color: var(--highlight-keyword)"&gt;&amp;nbsp;&amp;nbsp;&amp;nbsp;&amp;nbsp;&amp;nbsp;&amp;nbsp;&amp;nbsp;&amp;nbsp;&amp;nbsp;&amp;nbsp;&amp;nbsp;&amp;nbsp;if&amp;nbsp;(&lt;/span&gt;&lt;span style="color: var(--highlight-default)"&gt;$e&lt;/span&gt;&lt;span style="color: var(--highlight-keyword)"&gt;-&amp;gt;&lt;/span&gt;&lt;span style="color: var(--highlight-default)"&gt;isStarted&lt;/span&gt;&lt;span style="color: var(--highlight-keyword)"&gt;())&amp;nbsp;{&lt;/span&gt;&lt;/code&gt;&lt;/li&gt;
&lt;li&gt;&lt;code&gt;&lt;span style="color: var(--highlight-keyword)"&gt;&amp;nbsp;&amp;nbsp;&amp;nbsp;&amp;nbsp;&amp;nbsp;&amp;nbsp;&amp;nbsp;&amp;nbsp;&amp;nbsp;&amp;nbsp;&amp;nbsp;&amp;nbsp;&amp;nbsp;&amp;nbsp;&amp;nbsp;&amp;nbsp;&lt;/span&gt;&lt;span style="color: var(--highlight-default)"&gt;$e&lt;/span&gt;&lt;span style="color: var(--highlight-keyword)"&gt;-&amp;gt;&lt;/span&gt;&lt;span style="color: var(--highlight-default)"&gt;stop&lt;/span&gt;&lt;span style="color: var(--highlight-keyword)"&gt;();&lt;/span&gt;&lt;/code&gt;&lt;/li&gt;
&lt;li&gt;&lt;code&gt;&lt;span style="color: var(--highlight-keyword)"&gt;&amp;nbsp;&amp;nbsp;&amp;nbsp;&amp;nbsp;&amp;nbsp;&amp;nbsp;&amp;nbsp;&amp;nbsp;&amp;nbsp;&amp;nbsp;&amp;nbsp;&amp;nbsp;}&lt;/span&gt;&lt;/code&gt;&lt;/li&gt;
&lt;li&gt;&lt;code&gt;&lt;span style="color: var(--highlight-keyword)"&gt;&amp;nbsp;&amp;nbsp;&amp;nbsp;&amp;nbsp;&amp;nbsp;&amp;nbsp;&amp;nbsp;&amp;nbsp;}&lt;/span&gt;&lt;/code&gt;&lt;/li&gt;&lt;/ol&gt;    &lt;/div&gt;            &lt;/div&gt;
                        &lt;div class="trace-line "&gt;
                &lt;div class="trace-line-header break-long-words sf-toggle" data-toggle-selector="#trace-html-1-2" data-toggle-initial=""&gt;
            &lt;span class="icon icon-close"&gt;&lt;svg width="1792" height="1792" viewBox="0 0 1792 1792" xmlns="http://www.w3.org/2000/svg"&gt;&lt;path d="M1408 960V832q0-26-19-45t-45-19H448q-26 0-45 19t-19 45v128q0 26 19 45t45 19h896q26 0 45-19t19-45zm256-544v960q0 119-84.5 203.5T1376 1664H416q-119 0-203.5-84.5T128 1376V416q0-119 84.5-203.5T416 128h960q119 0 203.5 84.5T1664 416z"/&gt;&lt;/svg&gt;&lt;/span&gt;
        &lt;span class="icon icon-open"&gt;&lt;svg width="1792" height="1792" viewBox="0 0 1792 1792" xmlns="http://www.w3.org/2000/svg"&gt;&lt;path d="M1408 960V832q0-26-19-45t-45-19h-320V448q0-26-19-45t-45-19H832q-26 0-45 19t-19 45v320H448q-26 0-45 19t-19 45v128q0 26 19 45t45 19h320v320q0 26 19 45t45 19h128q26 0 45-19t19-45v-320h320q26 0 45-19t19-45zm256-544v960q0 119-84.5 203.5T1376 1664H416q-119 0-203.5-84.5T128 1376V416q0-119 84.5-203.5T416 128h960q119 0 203.5 84.5T1664 416z"/&gt;&lt;/svg&gt;&lt;/span&gt;
    
            &lt;span class="trace-class"&gt;&lt;abbr title="Symfony\Component\EventDispatcher\Debug\WrappedListener"&gt;WrappedListener&lt;/abbr&gt;&lt;/span&gt;&lt;span class="trace-type"&gt;-&gt;&lt;/span&gt;&lt;span class="trace-method"&gt;__invoke&lt;/span&gt;&lt;span class="trace-arguments"&gt;(&lt;em&gt;object&lt;/em&gt;(&lt;abbr title="Symfony\Component\HttpKernel\Event\RequestEvent"&gt;RequestEvent&lt;/abbr&gt;), 'kernel.request', &lt;em&gt;object&lt;/em&gt;(&lt;abbr title="Symfony\Component\HttpKernel\Debug\TraceableEventDispatcher"&gt;TraceableEventDispatcher&lt;/abbr&gt;))&lt;/span&gt;    
                    &lt;span class="block trace-file-path"&gt;
            in
            &lt;a href="file://C:\Users\sliti\Desktop\dev\esprit-PIDEV-3A16-2526-FARMIA\vendor\symfony\event-dispatcher\EventDispatcher.php#L220"&gt;
                C:\Users\sliti\Desktop\dev\esprit-PIDEV-3A16-2526-FARMIA\vendor\symfony\event-dispatcher\&lt;strong&gt;EventDispatcher.php&lt;/strong&gt;
            &lt;/a&gt;
                        (line 220)
            &lt;span class="icon icon-copy hidden" data-clipboard-text="C:\Users\sliti\Desktop\dev\esprit-PIDEV-3A16-2526-FARMIA\vendor\symfony\event-dispatcher\EventDispatcher.php:220"&gt;
                &lt;svg xmlns="http://www.w3.org/2000/svg" height="24" viewBox="0 0 24 24" width="24"&gt;&lt;path d="M0 0h24v24H0z" fill="none"/&gt;&lt;path d="M16 1H4c-1.1 0-2 .9-2 2v14h2V3h12V1zm3 4H8c-1.1 0-2 .9-2 2v14c0 1.1.9 2 2 2h11c1.1 0 2-.9 2-2V7c0-1.1-.9-2-2-2zm0 16H8V7h11v14z"/&gt;&lt;/svg&gt;            &lt;/span&gt;
        &lt;/span&gt;
    &lt;/div&gt;
    &lt;div id="trace-html-1-2" class="trace-code sf-toggle-content"&gt;
        &lt;ol start="215"&gt;&lt;li&gt;&lt;code&gt;&lt;span style="color: var(--highlight-keyword)"&gt;&lt;/span&gt;&lt;/code&gt;&lt;/li&gt;
&lt;li&gt;&lt;code&gt;&lt;span style="color: var(--highlight-keyword)"&gt;&amp;nbsp;&amp;nbsp;&amp;nbsp;&amp;nbsp;&amp;nbsp;&amp;nbsp;&amp;nbsp;&amp;nbsp;foreach&amp;nbsp;(&lt;/span&gt;&lt;span style="color: var(--highlight-default)"&gt;$listeners&amp;nbsp;&lt;/span&gt;&lt;span style="color: var(--highlight-keyword)"&gt;as&amp;nbsp;&lt;/span&gt;&lt;span style="color: var(--highlight-default)"&gt;$listener&lt;/span&gt;&lt;span style="color: var(--highlight-keyword)"&gt;)&amp;nbsp;{&lt;/span&gt;&lt;/code&gt;&lt;/li&gt;
&lt;li&gt;&lt;code&gt;&lt;span style="color: var(--highlight-keyword)"&gt;&amp;nbsp;&amp;nbsp;&amp;nbsp;&amp;nbsp;&amp;nbsp;&amp;nbsp;&amp;nbsp;&amp;nbsp;&amp;nbsp;&amp;nbsp;&amp;nbsp;&amp;nbsp;if&amp;nbsp;(&lt;/span&gt;&lt;span style="color: var(--highlight-default)"&gt;$stoppable&amp;nbsp;&lt;/span&gt;&lt;span style="color: var(--highlight-keyword)"&gt;&amp;amp;&amp;amp;&amp;nbsp;&lt;/span&gt;&lt;span style="color: var(--highlight-default)"&gt;$event&lt;/span&gt;&lt;span style="color: var(--highlight-keyword)"&gt;-&amp;gt;&lt;/span&gt;&lt;span style="color: var(--highlight-default)"&gt;isPropagationStopped&lt;/span&gt;&lt;span style="color: var(--highlight-keyword)"&gt;())&amp;nbsp;{&lt;/span&gt;&lt;/code&gt;&lt;/li&gt;
&lt;li&gt;&lt;code&gt;&lt;span style="color: var(--highlight-keyword)"&gt;&amp;nbsp;&amp;nbsp;&amp;nbsp;&amp;nbsp;&amp;nbsp;&amp;nbsp;&amp;nbsp;&amp;nbsp;&amp;nbsp;&amp;nbsp;&amp;nbsp;&amp;nbsp;&amp;nbsp;&amp;nbsp;&amp;nbsp;&amp;nbsp;break;&lt;/span&gt;&lt;/code&gt;&lt;/li&gt;
&lt;li&gt;&lt;code&gt;&lt;span style="color: var(--highlight-keyword)"&gt;&amp;nbsp;&amp;nbsp;&amp;nbsp;&amp;nbsp;&amp;nbsp;&amp;nbsp;&amp;nbsp;&amp;nbsp;&amp;nbsp;&amp;nbsp;&amp;nbsp;&amp;nbsp;}&lt;/span&gt;&lt;/code&gt;&lt;/li&gt;
&lt;li class="selected"&gt;&lt;code&gt;&lt;span style="color: var(--highlight-keyword)"&gt;&amp;nbsp;&amp;nbsp;&amp;nbsp;&amp;nbsp;&amp;nbsp;&amp;nbsp;&amp;nbsp;&amp;nbsp;&amp;nbsp;&amp;nbsp;&amp;nbsp;&amp;nbsp;&lt;/span&gt;&lt;span style="color: var(--highlight-default)"&gt;$listener&lt;/span&gt;&lt;span style="color: var(--highlight-keyword)"&gt;(&lt;/span&gt;&lt;span style="color: var(--highlight-default)"&gt;$event&lt;/span&gt;&lt;span style="color: var(--highlight-keyword)"&gt;,&amp;nbsp;&lt;/span&gt;&lt;span style="color: var(--highlight-default)"&gt;$eventName&lt;/span&gt;&lt;span style="color: var(--highlight-keyword)"&gt;,&amp;nbsp;&lt;/span&gt;&lt;span style="color: var(--highlight-default)"&gt;$this&lt;/span&gt;&lt;span style="color: var(--highlight-keyword)"&gt;);&lt;/span&gt;&lt;/code&gt;&lt;/li&gt;
&lt;li&gt;&lt;code&gt;&lt;span style="color: var(--highlight-keyword)"&gt;&amp;nbsp;&amp;nbsp;&amp;nbsp;&amp;nbsp;&amp;nbsp;&amp;nbsp;&amp;nbsp;&amp;nbsp;}&lt;/span&gt;&lt;/code&gt;&lt;/li&gt;
&lt;li&gt;&lt;code&gt;&lt;span style="color: var(--highlight-keyword)"&gt;&amp;nbsp;&amp;nbsp;&amp;nbsp;&amp;nbsp;}&lt;/span&gt;&lt;/code&gt;&lt;/li&gt;
&lt;li&gt;&lt;code&gt;&lt;span style="color: var(--highlight-keyword)"&gt;&lt;/span&gt;&lt;/code&gt;&lt;/li&gt;
&lt;li&gt;&lt;code&gt;&lt;span style="color: var(--highlight-keyword)"&gt;&amp;nbsp;&amp;nbsp;&amp;nbsp;&amp;nbsp;&lt;/span&gt;&lt;span style="color: var(--highlight-comment)"&gt;/**&lt;/span&gt;&lt;/code&gt;&lt;/li&gt;
&lt;li&gt;&lt;code&gt;&lt;span style="color: var(--highlight-comment)"&gt;&amp;nbsp;&amp;nbsp;&amp;nbsp;&amp;nbsp;&amp;nbsp;*&amp;nbsp;Sorts&amp;nbsp;the&amp;nbsp;internal&amp;nbsp;list&amp;nbsp;of&amp;nbsp;listeners&amp;nbsp;for&amp;nbsp;the&amp;nbsp;given&amp;nbsp;event&amp;nbsp;by&amp;nbsp;priority.&lt;/span&gt;&lt;/code&gt;&lt;/li&gt;&lt;/ol&gt;    &lt;/div&gt;            &lt;/div&gt;
                        &lt;div class="trace-line "&gt;
                &lt;div class="trace-line-header break-long-words sf-toggle" data-toggle-selector="#trace-html-1-3" data-toggle-initial=""&gt;
            &lt;span class="icon icon-close"&gt;&lt;svg width="1792" height="1792" viewBox="0 0 1792 1792" xmlns="http://www.w3.org/2000/svg"&gt;&lt;path d="M1408 960V832q0-26-19-45t-45-19H448q-26 0-45 19t-19 45v128q0 26 19 45t45 19h896q26 0 45-19t19-45zm256-544v960q0 119-84.5 203.5T1376 1664H416q-119 0-203.5-84.5T128 1376V416q0-119 84.5-203.5T416 128h960q119 0 203.5 84.5T1664 416z"/&gt;&lt;/svg&gt;&lt;/span&gt;
        &lt;span class="icon icon-open"&gt;&lt;svg width="1792" height="1792" viewBox="0 0 1792 1792" xmlns="http://www.w3.org/2000/svg"&gt;&lt;path d="M1408 960V832q0-26-19-45t-45-19h-320V448q0-26-19-45t-45-19H832q-26 0-45 19t-19 45v320H448q-26 0-45 19t-19 45v128q0 26 19 45t45 19h320v320q0 26 19 45t45 19h128q26 0 45-19t19-45v-320h320q26 0 45-19t19-45zm256-544v960q0 119-84.5 203.5T1376 1664H416q-119 0-203.5-84.5T128 1376V416q0-119 84.5-203.5T416 128h960q119 0 203.5 84.5T1664 416z"/&gt;&lt;/svg&gt;&lt;/span&gt;
    
            &lt;span class="trace-class"&gt;&lt;abbr title="Symfony\Component\EventDispatcher\EventDispatcher"&gt;EventDispatcher&lt;/abbr&gt;&lt;/span&gt;&lt;span class="trace-type"&gt;-&gt;&lt;/span&gt;&lt;span class="trace-method"&gt;callListeners&lt;/span&gt;&lt;span class="trace-arguments"&gt;(&lt;em&gt;array&lt;/em&gt;(&lt;em&gt;object&lt;/em&gt;(&lt;abbr title="Symfony\Component\EventDispatcher\Debug\WrappedListener"&gt;WrappedListener&lt;/abbr&gt;), &lt;em&gt;object&lt;/em&gt;(&lt;abbr title="Symfony\Component\EventDispatcher\Debug\WrappedListener"&gt;WrappedListener&lt;/abbr&gt;), &lt;em&gt;object&lt;/em&gt;(&lt;abbr title="Symfony\Component\EventDispatcher\Debug\WrappedListener"&gt;WrappedListener&lt;/abbr&gt;), &lt;em&gt;object&lt;/em&gt;(&lt;abbr title="Symfony\Component\EventDispatcher\Debug\WrappedListener"&gt;WrappedListener&lt;/abbr&gt;), &lt;em&gt;object&lt;/em&gt;(&lt;abbr title="Symfony\Component\EventDispatcher\Debug\WrappedListener"&gt;WrappedListener&lt;/abbr&gt;), &lt;em&gt;object&lt;/em&gt;(&lt;abbr title="Symfony\Component\EventDispatcher\Debug\WrappedListener"&gt;WrappedListener&lt;/abbr&gt;), &lt;em&gt;object&lt;/em&gt;(&lt;abbr title="Symfony\Component\EventDispatcher\Debug\WrappedListener"&gt;WrappedListener&lt;/abbr&gt;), &lt;em&gt;object&lt;/em&gt;(&lt;abbr title="Symfony\Component\EventDispatcher\Debug\WrappedListener"&gt;WrappedListener&lt;/abbr&gt;), &lt;em&gt;object&lt;/em&gt;(&lt;abbr title="Symfony\Component\EventDispatcher\Debug\WrappedListener"&gt;WrappedListener&lt;/abbr&gt;), &lt;em&gt;object&lt;/em&gt;(&lt;abbr title="Symfony\Component\EventDispatcher\Debug\WrappedListener"&gt;WrappedListener&lt;/abbr&gt;), &lt;em&gt;object&lt;/em&gt;(&lt;abbr title="Symfony\Component\EventDispatcher\Debug\WrappedListener"&gt;WrappedListener&lt;/abbr&gt;)), 'kernel.request', &lt;em&gt;object&lt;/em&gt;(&lt;abbr title="Symfony\Component\HttpKernel\Event\RequestEvent"&gt;RequestEvent&lt;/abbr&gt;))&lt;/span&gt;    
                    &lt;span class="block trace-file-path"&gt;
            in
            &lt;a href="file://C:\Users\sliti\Desktop\dev\esprit-PIDEV-3A16-2526-FARMIA\vendor\symfony\event-dispatcher\EventDispatcher.php#L56"&gt;
                C:\Users\sliti\Desktop\dev\esprit-PIDEV-3A16-2526-FARMIA\vendor\symfony\event-dispatcher\&lt;strong&gt;EventDispatcher.php&lt;/strong&gt;
            &lt;/a&gt;
                        (line 56)
            &lt;span class="icon icon-copy hidden" data-clipboard-text="C:\Users\sliti\Desktop\dev\esprit-PIDEV-3A16-2526-FARMIA\vendor\symfony\event-dispatcher\EventDispatcher.php:56"&gt;
                &lt;svg xmlns="http://www.w3.org/2000/svg" height="24" viewBox="0 0 24 24" width="24"&gt;&lt;path d="M0 0h24v24H0z" fill="none"/&gt;&lt;path d="M16 1H4c-1.1 0-2 .9-2 2v14h2V3h12V1zm3 4H8c-1.1 0-2 .9-2 2v14c0 1.1.9 2 2 2h11c1.1 0 2-.9 2-2V7c0-1.1-.9-2-2-2zm0 16H8V7h11v14z"/&gt;&lt;/svg&gt;            &lt;/span&gt;
        &lt;/span&gt;
    &lt;/div&gt;
    &lt;div id="trace-html-1-3" class="trace-code sf-toggle-content"&gt;
        &lt;ol start="51"&gt;&lt;li&gt;&lt;code&gt;&lt;span style="color: var(--highlight-keyword)"&gt;&amp;nbsp;&amp;nbsp;&amp;nbsp;&amp;nbsp;&amp;nbsp;&amp;nbsp;&amp;nbsp;&amp;nbsp;}&amp;nbsp;else&amp;nbsp;{&lt;/span&gt;&lt;/code&gt;&lt;/li&gt;
&lt;li&gt;&lt;code&gt;&lt;span style="color: var(--highlight-keyword)"&gt;&amp;nbsp;&amp;nbsp;&amp;nbsp;&amp;nbsp;&amp;nbsp;&amp;nbsp;&amp;nbsp;&amp;nbsp;&amp;nbsp;&amp;nbsp;&amp;nbsp;&amp;nbsp;&lt;/span&gt;&lt;span style="color: var(--highlight-default)"&gt;$listeners&amp;nbsp;&lt;/span&gt;&lt;span style="color: var(--highlight-keyword)"&gt;=&amp;nbsp;&lt;/span&gt;&lt;span style="color: var(--highlight-default)"&gt;$this&lt;/span&gt;&lt;span style="color: var(--highlight-keyword)"&gt;-&amp;gt;&lt;/span&gt;&lt;span style="color: var(--highlight-default)"&gt;getListeners&lt;/span&gt;&lt;span style="color: var(--highlight-keyword)"&gt;(&lt;/span&gt;&lt;span style="color: var(--highlight-default)"&gt;$eventName&lt;/span&gt;&lt;span style="color: var(--highlight-keyword)"&gt;);&lt;/span&gt;&lt;/code&gt;&lt;/li&gt;
&lt;li&gt;&lt;code&gt;&lt;span style="color: var(--highlight-keyword)"&gt;&amp;nbsp;&amp;nbsp;&amp;nbsp;&amp;nbsp;&amp;nbsp;&amp;nbsp;&amp;nbsp;&amp;nbsp;}&lt;/span&gt;&lt;/code&gt;&lt;/li&gt;
&lt;li&gt;&lt;code&gt;&lt;span style="color: var(--highlight-keyword)"&gt;&lt;/span&gt;&lt;/code&gt;&lt;/li&gt;
&lt;li&gt;&lt;code&gt;&lt;span style="color: var(--highlight-keyword)"&gt;&amp;nbsp;&amp;nbsp;&amp;nbsp;&amp;nbsp;&amp;nbsp;&amp;nbsp;&amp;nbsp;&amp;nbsp;if&amp;nbsp;(&lt;/span&gt;&lt;span style="color: var(--highlight-default)"&gt;$listeners&lt;/span&gt;&lt;span style="color: var(--highlight-keyword)"&gt;)&amp;nbsp;{&lt;/span&gt;&lt;/code&gt;&lt;/li&gt;
&lt;li class="selected"&gt;&lt;code&gt;&lt;span style="color: var(--highlight-keyword)"&gt;&amp;nbsp;&amp;nbsp;&amp;nbsp;&amp;nbsp;&amp;nbsp;&amp;nbsp;&amp;nbsp;&amp;nbsp;&amp;nbsp;&amp;nbsp;&amp;nbsp;&amp;nbsp;&lt;/span&gt;&lt;span style="color: var(--highlight-default)"&gt;$this&lt;/span&gt;&lt;span style="color: var(--highlight-keyword)"&gt;-&amp;gt;&lt;/span&gt;&lt;span style="color: var(--highlight-default)"&gt;callListeners&lt;/span&gt;&lt;span style="color: var(--highlight-keyword)"&gt;(&lt;/span&gt;&lt;span style="color: var(--highlight-default)"&gt;$listeners&lt;/span&gt;&lt;span style="color: var(--highlight-keyword)"&gt;,&amp;nbsp;&lt;/span&gt;&lt;span style="color: var(--highlight-default)"&gt;$eventName&lt;/span&gt;&lt;span style="color: var(--highlight-keyword)"&gt;,&amp;nbsp;&lt;/span&gt;&lt;span style="color: var(--highlight-default)"&gt;$event&lt;/span&gt;&lt;span style="color: var(--highlight-keyword)"&gt;);&lt;/span&gt;&lt;/code&gt;&lt;/li&gt;
&lt;li&gt;&lt;code&gt;&lt;span style="color: var(--highlight-keyword)"&gt;&amp;nbsp;&amp;nbsp;&amp;nbsp;&amp;nbsp;&amp;nbsp;&amp;nbsp;&amp;nbsp;&amp;nbsp;}&lt;/span&gt;&lt;/code&gt;&lt;/li&gt;
&lt;li&gt;&lt;code&gt;&lt;span style="color: var(--highlight-keyword)"&gt;&lt;/span&gt;&lt;/code&gt;&lt;/li&gt;
&lt;li&gt;&lt;code&gt;&lt;span style="color: var(--highlight-keyword)"&gt;&amp;nbsp;&amp;nbsp;&amp;nbsp;&amp;nbsp;&amp;nbsp;&amp;nbsp;&amp;nbsp;&amp;nbsp;return&amp;nbsp;&lt;/span&gt;&lt;span style="color: var(--highlight-default)"&gt;$event&lt;/span&gt;&lt;span style="color: var(--highlight-keyword)"&gt;;&lt;/span&gt;&lt;/code&gt;&lt;/li&gt;
&lt;li&gt;&lt;code&gt;&lt;span style="color: var(--highlight-keyword)"&gt;&amp;nbsp;&amp;nbsp;&amp;nbsp;&amp;nbsp;}&lt;/span&gt;&lt;/code&gt;&lt;/li&gt;
&lt;li&gt;&lt;code&gt;&lt;span style="color: var(--highlight-keyword)"&gt;&lt;/span&gt;&lt;/code&gt;&lt;/li&gt;&lt;/ol&gt;    &lt;/div&gt;            &lt;/div&gt;
                        &lt;div class="trace-line "&gt;
                &lt;div class="trace-line-header break-long-words sf-toggle" data-toggle-selector="#trace-html-1-4" data-toggle-initial=""&gt;
            &lt;span class="icon icon-close"&gt;&lt;svg width="1792" height="1792" viewBox="0 0 1792 1792" xmlns="http://www.w3.org/2000/svg"&gt;&lt;path d="M1408 960V832q0-26-19-45t-45-19H448q-26 0-45 19t-19 45v128q0 26 19 45t45 19h896q26 0 45-19t19-45zm256-544v960q0 119-84.5 203.5T1376 1664H416q-119 0-203.5-84.5T128 1376V416q0-119 84.5-203.5T416 128h960q119 0 203.5 84.5T1664 416z"/&gt;&lt;/svg&gt;&lt;/span&gt;
        &lt;span class="icon icon-open"&gt;&lt;svg width="1792" height="1792" viewBox="0 0 1792 1792" xmlns="http://www.w3.org/2000/svg"&gt;&lt;path d="M1408 960V832q0-26-19-45t-45-19h-320V448q0-26-19-45t-45-19H832q-26 0-45 19t-19 45v320H448q-26 0-45 19t-19 45v128q0 26 19 45t45 19h320v320q0 26 19 45t45 19h128q26 0 45-19t19-45v-320h320q26 0 45-19t19-45zm256-544v960q0 119-84.5 203.5T1376 1664H416q-119 0-203.5-84.5T128 1376V416q0-119 84.5-203.5T416 128h960q119 0 203.5 84.5T1664 416z"/&gt;&lt;/svg&gt;&lt;/span&gt;
    
            &lt;span class="trace-class"&gt;&lt;abbr title="Symfony\Component\EventDispatcher\EventDispatcher"&gt;EventDispatcher&lt;/abbr&gt;&lt;/span&gt;&lt;span class="trace-type"&gt;-&gt;&lt;/span&gt;&lt;span class="trace-method"&gt;dispatch&lt;/span&gt;&lt;span class="trace-arguments"&gt;(&lt;em&gt;object&lt;/em&gt;(&lt;abbr title="Symfony\Component\HttpKernel\Event\RequestEvent"&gt;RequestEvent&lt;/abbr&gt;), 'kernel.request')&lt;/span&gt;    
                    &lt;span class="block trace-file-path"&gt;
            in
            &lt;a href="file://C:\Users\sliti\Desktop\dev\esprit-PIDEV-3A16-2526-FARMIA\vendor\symfony\event-dispatcher\Debug\TraceableEventDispatcher.php#L139"&gt;
                C:\Users\sliti\Desktop\dev\esprit-PIDEV-3A16-2526-FARMIA\vendor\symfony\event-dispatcher\Debug\&lt;strong&gt;TraceableEventDispatcher.php&lt;/strong&gt;
            &lt;/a&gt;
                        (line 139)
            &lt;span class="icon icon-copy hidden" data-clipboard-text="C:\Users\sliti\Desktop\dev\esprit-PIDEV-3A16-2526-FARMIA\vendor\symfony\event-dispatcher\Debug\TraceableEventDispatcher.php:139"&gt;
                &lt;svg xmlns="http://www.w3.org/2000/svg" height="24" viewBox="0 0 24 24" width="24"&gt;&lt;path d="M0 0h24v24H0z" fill="none"/&gt;&lt;path d="M16 1H4c-1.1 0-2 .9-2 2v14h2V3h12V1zm3 4H8c-1.1 0-2 .9-2 2v14c0 1.1.9 2 2 2h11c1.1 0 2-.9 2-2V7c0-1.1-.9-2-2-2zm0 16H8V7h11v14z"/&gt;&lt;/svg&gt;            &lt;/span&gt;
        &lt;/span&gt;
    &lt;/div&gt;
    &lt;div id="trace-html-1-4" class="trace-code sf-toggle-content"&gt;
        &lt;ol start="134"&gt;&lt;li&gt;&lt;code&gt;&lt;span style="color: var(--highlight-keyword)"&gt;&amp;nbsp;&amp;nbsp;&amp;nbsp;&amp;nbsp;&amp;nbsp;&amp;nbsp;&amp;nbsp;&amp;nbsp;try&amp;nbsp;{&lt;/span&gt;&lt;/code&gt;&lt;/li&gt;
&lt;li&gt;&lt;code&gt;&lt;span style="color: var(--highlight-keyword)"&gt;&amp;nbsp;&amp;nbsp;&amp;nbsp;&amp;nbsp;&amp;nbsp;&amp;nbsp;&amp;nbsp;&amp;nbsp;&amp;nbsp;&amp;nbsp;&amp;nbsp;&amp;nbsp;&lt;/span&gt;&lt;span style="color: var(--highlight-default)"&gt;$this&lt;/span&gt;&lt;span style="color: var(--highlight-keyword)"&gt;-&amp;gt;&lt;/span&gt;&lt;span style="color: var(--highlight-default)"&gt;beforeDispatch&lt;/span&gt;&lt;span style="color: var(--highlight-keyword)"&gt;(&lt;/span&gt;&lt;span style="color: var(--highlight-default)"&gt;$eventName&lt;/span&gt;&lt;span style="color: var(--highlight-keyword)"&gt;,&amp;nbsp;&lt;/span&gt;&lt;span style="color: var(--highlight-default)"&gt;$event&lt;/span&gt;&lt;span style="color: var(--highlight-keyword)"&gt;);&lt;/span&gt;&lt;/code&gt;&lt;/li&gt;
&lt;li&gt;&lt;code&gt;&lt;span style="color: var(--highlight-keyword)"&gt;&amp;nbsp;&amp;nbsp;&amp;nbsp;&amp;nbsp;&amp;nbsp;&amp;nbsp;&amp;nbsp;&amp;nbsp;&amp;nbsp;&amp;nbsp;&amp;nbsp;&amp;nbsp;try&amp;nbsp;{&lt;/span&gt;&lt;/code&gt;&lt;/li&gt;
&lt;li&gt;&lt;code&gt;&lt;span style="color: var(--highlight-keyword)"&gt;&amp;nbsp;&amp;nbsp;&amp;nbsp;&amp;nbsp;&amp;nbsp;&amp;nbsp;&amp;nbsp;&amp;nbsp;&amp;nbsp;&amp;nbsp;&amp;nbsp;&amp;nbsp;&amp;nbsp;&amp;nbsp;&amp;nbsp;&amp;nbsp;&lt;/span&gt;&lt;span style="color: var(--highlight-default)"&gt;$e&amp;nbsp;&lt;/span&gt;&lt;span style="color: var(--highlight-keyword)"&gt;=&amp;nbsp;&lt;/span&gt;&lt;span style="color: var(--highlight-default)"&gt;$this&lt;/span&gt;&lt;span style="color: var(--highlight-keyword)"&gt;-&amp;gt;&lt;/span&gt;&lt;span style="color: var(--highlight-default)"&gt;stopwatch&lt;/span&gt;&lt;span style="color: var(--highlight-keyword)"&gt;-&amp;gt;&lt;/span&gt;&lt;span style="color: var(--highlight-default)"&gt;start&lt;/span&gt;&lt;span style="color: var(--highlight-keyword)"&gt;(&lt;/span&gt;&lt;span style="color: var(--highlight-default)"&gt;$eventName&lt;/span&gt;&lt;span style="color: var(--highlight-keyword)"&gt;,&amp;nbsp;&lt;/span&gt;&lt;span style="color: var(--highlight-string)"&gt;'section'&lt;/span&gt;&lt;span style="color: var(--highlight-keyword)"&gt;);&lt;/span&gt;&lt;/code&gt;&lt;/li&gt;
&lt;li&gt;&lt;code&gt;&lt;span style="color: var(--highlight-keyword)"&gt;&amp;nbsp;&amp;nbsp;&amp;nbsp;&amp;nbsp;&amp;nbsp;&amp;nbsp;&amp;nbsp;&amp;nbsp;&amp;nbsp;&amp;nbsp;&amp;nbsp;&amp;nbsp;&amp;nbsp;&amp;nbsp;&amp;nbsp;&amp;nbsp;try&amp;nbsp;{&lt;/span&gt;&lt;/code&gt;&lt;/li&gt;
&lt;li class="selected"&gt;&lt;code&gt;&lt;span style="color: var(--highlight-keyword)"&gt;&amp;nbsp;&amp;nbsp;&amp;nbsp;&amp;nbsp;&amp;nbsp;&amp;nbsp;&amp;nbsp;&amp;nbsp;&amp;nbsp;&amp;nbsp;&amp;nbsp;&amp;nbsp;&amp;nbsp;&amp;nbsp;&amp;nbsp;&amp;nbsp;&amp;nbsp;&amp;nbsp;&amp;nbsp;&amp;nbsp;&lt;/span&gt;&lt;span style="color: var(--highlight-default)"&gt;$this&lt;/span&gt;&lt;span style="color: var(--highlight-keyword)"&gt;-&amp;gt;&lt;/span&gt;&lt;span style="color: var(--highlight-default)"&gt;dispatcher&lt;/span&gt;&lt;span style="color: var(--highlight-keyword)"&gt;-&amp;gt;&lt;/span&gt;&lt;span style="color: var(--highlight-default)"&gt;dispatch&lt;/span&gt;&lt;span style="color: var(--highlight-keyword)"&gt;(&lt;/span&gt;&lt;span style="color: var(--highlight-default)"&gt;$event&lt;/span&gt;&lt;span style="color: var(--highlight-keyword)"&gt;,&amp;nbsp;&lt;/span&gt;&lt;span style="color: var(--highlight-default)"&gt;$eventName&lt;/span&gt;&lt;span style="color: var(--highlight-keyword)"&gt;);&lt;/span&gt;&lt;/code&gt;&lt;/li&gt;
&lt;li&gt;&lt;code&gt;&lt;span style="color: var(--highlight-keyword)"&gt;&amp;nbsp;&amp;nbsp;&amp;nbsp;&amp;nbsp;&amp;nbsp;&amp;nbsp;&amp;nbsp;&amp;nbsp;&amp;nbsp;&amp;nbsp;&amp;nbsp;&amp;nbsp;&amp;nbsp;&amp;nbsp;&amp;nbsp;&amp;nbsp;}&amp;nbsp;finally&amp;nbsp;{&lt;/span&gt;&lt;/code&gt;&lt;/li&gt;
&lt;li&gt;&lt;code&gt;&lt;span style="color: var(--highlight-keyword)"&gt;&amp;nbsp;&amp;nbsp;&amp;nbsp;&amp;nbsp;&amp;nbsp;&amp;nbsp;&amp;nbsp;&amp;nbsp;&amp;nbsp;&amp;nbsp;&amp;nbsp;&amp;nbsp;&amp;nbsp;&amp;nbsp;&amp;nbsp;&amp;nbsp;&amp;nbsp;&amp;nbsp;&amp;nbsp;&amp;nbsp;if&amp;nbsp;(&lt;/span&gt;&lt;span style="color: var(--highlight-default)"&gt;$e&lt;/span&gt;&lt;span style="color: var(--highlight-keyword)"&gt;-&amp;gt;&lt;/span&gt;&lt;span style="color: var(--highlight-default)"&gt;isStarted&lt;/span&gt;&lt;span style="color: var(--highlight-keyword)"&gt;())&amp;nbsp;{&lt;/span&gt;&lt;/code&gt;&lt;/li&gt;
&lt;li&gt;&lt;code&gt;&lt;span style="color: var(--highlight-keyword)"&gt;&amp;nbsp;&amp;nbsp;&amp;nbsp;&amp;nbsp;&amp;nbsp;&amp;nbsp;&amp;nbsp;&amp;nbsp;&amp;nbsp;&amp;nbsp;&amp;nbsp;&amp;nbsp;&amp;nbsp;&amp;nbsp;&amp;nbsp;&amp;nbsp;&amp;nbsp;&amp;nbsp;&amp;nbsp;&amp;nbsp;&amp;nbsp;&amp;nbsp;&amp;nbsp;&amp;nbsp;&lt;/span&gt;&lt;span style="color: var(--highlight-default)"&gt;$e&lt;/span&gt;&lt;span style="color: var(--highlight-keyword)"&gt;-&amp;gt;&lt;/span&gt;&lt;span style="color: var(--highlight-default)"&gt;stop&lt;/span&gt;&lt;span style="color: var(--highlight-keyword)"&gt;();&lt;/span&gt;&lt;/code&gt;&lt;/li&gt;
&lt;li&gt;&lt;code&gt;&lt;span style="color: var(--highlight-keyword)"&gt;&amp;nbsp;&amp;nbsp;&amp;nbsp;&amp;nbsp;&amp;nbsp;&amp;nbsp;&amp;nbsp;&amp;nbsp;&amp;nbsp;&amp;nbsp;&amp;nbsp;&amp;nbsp;&amp;nbsp;&amp;nbsp;&amp;nbsp;&amp;nbsp;&amp;nbsp;&amp;nbsp;&amp;nbsp;&amp;nbsp;}&lt;/span&gt;&lt;/code&gt;&lt;/li&gt;
&lt;li&gt;&lt;code&gt;&lt;span style="color: var(--highlight-keyword)"&gt;&amp;nbsp;&amp;nbsp;&amp;nbsp;&amp;nbsp;&amp;nbsp;&amp;nbsp;&amp;nbsp;&amp;nbsp;&amp;nbsp;&amp;nbsp;&amp;nbsp;&amp;nbsp;&amp;nbsp;&amp;nbsp;&amp;nbsp;&amp;nbsp;}&lt;/span&gt;&lt;/code&gt;&lt;/li&gt;&lt;/ol&gt;    &lt;/div&gt;            &lt;/div&gt;
                        &lt;div class="trace-line "&gt;
                &lt;div class="trace-line-header break-long-words sf-toggle" data-toggle-selector="#trace-html-1-5" data-toggle-initial=""&gt;
            &lt;span class="icon icon-close"&gt;&lt;svg width="1792" height="1792" viewBox="0 0 1792 1792" xmlns="http://www.w3.org/2000/svg"&gt;&lt;path d="M1408 960V832q0-26-19-45t-45-19H448q-26 0-45 19t-19 45v128q0 26 19 45t45 19h896q26 0 45-19t19-45zm256-544v960q0 119-84.5 203.5T1376 1664H416q-119 0-203.5-84.5T128 1376V416q0-119 84.5-203.5T416 128h960q119 0 203.5 84.5T1664 416z"/&gt;&lt;/svg&gt;&lt;/span&gt;
        &lt;span class="icon icon-open"&gt;&lt;svg width="1792" height="1792" viewBox="0 0 1792 1792" xmlns="http://www.w3.org/2000/svg"&gt;&lt;path d="M1408 960V832q0-26-19-45t-45-19h-320V448q0-26-19-45t-45-19H832q-26 0-45 19t-19 45v320H448q-26 0-45 19t-19 45v128q0 26 19 45t45 19h320v320q0 26 19 45t45 19h128q26 0 45-19t19-45v-320h320q26 0 45-19t19-45zm256-544v960q0 119-84.5 203.5T1376 1664H416q-119 0-203.5-84.5T128 1376V416q0-119 84.5-203.5T416 128h960q119 0 203.5 84.5T1664 416z"/&gt;&lt;/svg&gt;&lt;/span&gt;
    
            &lt;span class="trace-class"&gt;&lt;abbr title="Symfony\Component\EventDispatcher\Debug\TraceableEventDispatcher"&gt;TraceableEventDispatcher&lt;/abbr&gt;&lt;/span&gt;&lt;span class="trace-type"&gt;-&gt;&lt;/span&gt;&lt;span class="trace-method"&gt;dispatch&lt;/span&gt;&lt;span class="trace-arguments"&gt;(&lt;em&gt;object&lt;/em&gt;(&lt;abbr title="Symfony\Component\HttpKernel\Event\RequestEvent"&gt;RequestEvent&lt;/abbr&gt;), 'kernel.request')&lt;/span&gt;    
                    &lt;span class="block trace-file-path"&gt;
            in
            &lt;a href="file://C:\Users\sliti\Desktop\dev\esprit-PIDEV-3A16-2526-FARMIA\vendor\symfony\http-kernel\HttpKernel.php#L157"&gt;
                C:\Users\sliti\Desktop\dev\esprit-PIDEV-3A16-2526-FARMIA\vendor\symfony\http-kernel\&lt;strong&gt;HttpKernel.php&lt;/strong&gt;
            &lt;/a&gt;
                        (line 157)
            &lt;span class="icon icon-copy hidden" data-clipboard-text="C:\Users\sliti\Desktop\dev\esprit-PIDEV-3A16-2526-FARMIA\vendor\symfony\http-kernel\HttpKernel.php:157"&gt;
                &lt;svg xmlns="http://www.w3.org/2000/svg" height="24" viewBox="0 0 24 24" width="24"&gt;&lt;path d="M0 0h24v24H0z" fill="none"/&gt;&lt;path d="M16 1H4c-1.1 0-2 .9-2 2v14h2V3h12V1zm3 4H8c-1.1 0-2 .9-2 2v14c0 1.1.9 2 2 2h11c1.1 0 2-.9 2-2V7c0-1.1-.9-2-2-2zm0 16H8V7h11v14z"/&gt;&lt;/svg&gt;            &lt;/span&gt;
        &lt;/span&gt;
    &lt;/div&gt;
    &lt;div id="trace-html-1-5" class="trace-code sf-toggle-content"&gt;
        &lt;ol start="152"&gt;&lt;li&gt;&lt;code&gt;&lt;span style="color: var(--highlight-comment)"&gt;&amp;nbsp;&amp;nbsp;&amp;nbsp;&amp;nbsp;&amp;nbsp;*/&lt;/span&gt;&lt;/code&gt;&lt;/li&gt;
&lt;li&gt;&lt;code&gt;&lt;span style="color: var(--highlight-comment)"&gt;&amp;nbsp;&amp;nbsp;&amp;nbsp;&amp;nbsp;&lt;/span&gt;&lt;span style="color: var(--highlight-keyword)"&gt;private&amp;nbsp;function&amp;nbsp;&lt;/span&gt;&lt;span style="color: var(--highlight-default)"&gt;handleRaw&lt;/span&gt;&lt;span style="color: var(--highlight-keyword)"&gt;(&lt;/span&gt;&lt;span style="color: var(--highlight-default)"&gt;Request&amp;nbsp;$request&lt;/span&gt;&lt;span style="color: var(--highlight-keyword)"&gt;,&amp;nbsp;&lt;/span&gt;&lt;span style="color: var(--highlight-default)"&gt;int&amp;nbsp;$type&amp;nbsp;&lt;/span&gt;&lt;span style="color: var(--highlight-keyword)"&gt;=&amp;nbsp;&lt;/span&gt;&lt;span style="color: var(--highlight-default)"&gt;self&lt;/span&gt;&lt;span style="color: var(--highlight-keyword)"&gt;::&lt;/span&gt;&lt;span style="color: var(--highlight-default)"&gt;MAIN_REQUEST&lt;/span&gt;&lt;span style="color: var(--highlight-keyword)"&gt;):&amp;nbsp;&lt;/span&gt;&lt;span style="color: var(--highlight-default)"&gt;Response&lt;/span&gt;&lt;/code&gt;&lt;/li&gt;
&lt;li&gt;&lt;code&gt;&lt;span style="color: var(--highlight-default)"&gt;&amp;nbsp;&amp;nbsp;&amp;nbsp;&amp;nbsp;&lt;/span&gt;&lt;span style="color: var(--highlight-keyword)"&gt;{&lt;/span&gt;&lt;/code&gt;&lt;/li&gt;
&lt;li&gt;&lt;code&gt;&lt;span style="color: var(--highlight-keyword)"&gt;&amp;nbsp;&amp;nbsp;&amp;nbsp;&amp;nbsp;&amp;nbsp;&amp;nbsp;&amp;nbsp;&amp;nbsp;&lt;/span&gt;&lt;span style="color: var(--highlight-comment)"&gt;//&amp;nbsp;request&lt;/span&gt;&lt;/code&gt;&lt;/li&gt;
&lt;li&gt;&lt;code&gt;&lt;span style="color: var(--highlight-comment)"&gt;&amp;nbsp;&amp;nbsp;&amp;nbsp;&amp;nbsp;&amp;nbsp;&amp;nbsp;&amp;nbsp;&amp;nbsp;&lt;/span&gt;&lt;span style="color: var(--highlight-default)"&gt;$event&amp;nbsp;&lt;/span&gt;&lt;span style="color: var(--highlight-keyword)"&gt;=&amp;nbsp;new&amp;nbsp;&lt;/span&gt;&lt;span style="color: var(--highlight-default)"&gt;RequestEvent&lt;/span&gt;&lt;span style="color: var(--highlight-keyword)"&gt;(&lt;/span&gt;&lt;span style="color: var(--highlight-default)"&gt;$this&lt;/span&gt;&lt;span style="color: var(--highlight-keyword)"&gt;,&amp;nbsp;&lt;/span&gt;&lt;span style="color: var(--highlight-default)"&gt;$request&lt;/span&gt;&lt;span style="color: var(--highlight-keyword)"&gt;,&amp;nbsp;&lt;/span&gt;&lt;span style="color: var(--highlight-default)"&gt;$type&lt;/span&gt;&lt;span style="color: var(--highlight-keyword)"&gt;);&lt;/span&gt;&lt;/code&gt;&lt;/li&gt;
&lt;li class="selected"&gt;&lt;code&gt;&lt;span style="color: var(--highlight-keyword)"&gt;&amp;nbsp;&amp;nbsp;&amp;nbsp;&amp;nbsp;&amp;nbsp;&amp;nbsp;&amp;nbsp;&amp;nbsp;&lt;/span&gt;&lt;span style="color: var(--highlight-default)"&gt;$this&lt;/span&gt;&lt;span style="color: var(--highlight-keyword)"&gt;-&amp;gt;&lt;/span&gt;&lt;span style="color: var(--highlight-default)"&gt;dispatcher&lt;/span&gt;&lt;span style="color: var(--highlight-keyword)"&gt;-&amp;gt;&lt;/span&gt;&lt;span style="color: var(--highlight-default)"&gt;dispatch&lt;/span&gt;&lt;span style="color: var(--highlight-keyword)"&gt;(&lt;/span&gt;&lt;span style="color: var(--highlight-default)"&gt;$event&lt;/span&gt;&lt;span style="color: var(--highlight-keyword)"&gt;,&amp;nbsp;&lt;/span&gt;&lt;span style="color: var(--highlight-default)"&gt;KernelEvents&lt;/span&gt;&lt;span style="color: var(--highlight-keyword)"&gt;::&lt;/span&gt;&lt;span style="color: var(--highlight-default)"&gt;REQUEST&lt;/span&gt;&lt;span style="color: var(--highlight-keyword)"&gt;);&lt;/span&gt;&lt;/code&gt;&lt;/li&gt;
&lt;li&gt;&lt;code&gt;&lt;span style="color: var(--highlight-keyword)"&gt;&lt;/span&gt;&lt;/code&gt;&lt;/li&gt;
&lt;li&gt;&lt;code&gt;&lt;span style="color: var(--highlight-keyword)"&gt;&amp;nbsp;&amp;nbsp;&amp;nbsp;&amp;nbsp;&amp;nbsp;&amp;nbsp;&amp;nbsp;&amp;nbsp;if&amp;nbsp;(&lt;/span&gt;&lt;span style="color: var(--highlight-default)"&gt;$event&lt;/span&gt;&lt;span style="color: var(--highlight-keyword)"&gt;-&amp;gt;&lt;/span&gt;&lt;span style="color: var(--highlight-default)"&gt;hasResponse&lt;/span&gt;&lt;span style="color: var(--highlight-keyword)"&gt;())&amp;nbsp;{&lt;/span&gt;&lt;/code&gt;&lt;/li&gt;
&lt;li&gt;&lt;code&gt;&lt;span style="color: var(--highlight-keyword)"&gt;&amp;nbsp;&amp;nbsp;&amp;nbsp;&amp;nbsp;&amp;nbsp;&amp;nbsp;&amp;nbsp;&amp;nbsp;&amp;nbsp;&amp;nbsp;&amp;nbsp;&amp;nbsp;return&amp;nbsp;&lt;/span&gt;&lt;span style="color: var(--highlight-default)"&gt;$this&lt;/span&gt;&lt;span style="color: var(--highlight-keyword)"&gt;-&amp;gt;&lt;/span&gt;&lt;span style="color: var(--highlight-default)"&gt;filterResponse&lt;/span&gt;&lt;span style="color: var(--highlight-keyword)"&gt;(&lt;/span&gt;&lt;span style="color: var(--highlight-default)"&gt;$event&lt;/span&gt;&lt;span style="color: var(--highlight-keyword)"&gt;-&amp;gt;&lt;/span&gt;&lt;span style="color: var(--highlight-default)"&gt;getResponse&lt;/span&gt;&lt;span style="color: var(--highlight-keyword)"&gt;(),&amp;nbsp;&lt;/span&gt;&lt;span style="color: var(--highlight-default)"&gt;$request&lt;/span&gt;&lt;span style="color: var(--highlight-keyword)"&gt;,&amp;nbsp;&lt;/span&gt;&lt;span style="color: var(--highlight-default)"&gt;$type&lt;/span&gt;&lt;span style="color: var(--highlight-keyword)"&gt;);&lt;/span&gt;&lt;/code&gt;&lt;/li&gt;
&lt;li&gt;&lt;code&gt;&lt;span style="color: var(--highlight-keyword)"&gt;&amp;nbsp;&amp;nbsp;&amp;nbsp;&amp;nbsp;&amp;nbsp;&amp;nbsp;&amp;nbsp;&amp;nbsp;}&lt;/span&gt;&lt;/code&gt;&lt;/li&gt;
&lt;li&gt;&lt;code&gt;&lt;span style="color: var(--highlight-keyword)"&gt;&lt;/span&gt;&lt;/code&gt;&lt;/li&gt;&lt;/ol&gt;    &lt;/div&gt;            &lt;/div&gt;
                        &lt;div class="trace-line "&gt;
                &lt;div class="trace-line-header break-long-words sf-toggle" data-toggle-selector="#trace-html-1-6" data-toggle-initial=""&gt;
            &lt;span class="icon icon-close"&gt;&lt;svg width="1792" height="1792" viewBox="0 0 1792 1792" xmlns="http://www.w3.org/2000/svg"&gt;&lt;path d="M1408 960V832q0-26-19-45t-45-19H448q-26 0-45 19t-19 45v128q0 26 19 45t45 19h896q26 0 45-19t19-45zm256-544v960q0 119-84.5 203.5T1376 1664H416q-119 0-203.5-84.5T128 1376V416q0-119 84.5-203.5T416 128h960q119 0 203.5 84.5T1664 416z"/&gt;&lt;/svg&gt;&lt;/span&gt;
        &lt;span class="icon icon-open"&gt;&lt;svg width="1792" height="1792" viewBox="0 0 1792 1792" xmlns="http://www.w3.org/2000/svg"&gt;&lt;path d="M1408 960V832q0-26-19-45t-45-19h-320V448q0-26-19-45t-45-19H832q-26 0-45 19t-19 45v320H448q-26 0-45 19t-19 45v128q0 26 19 45t45 19h320v320q0 26 19 45t45 19h128q26 0 45-19t19-45v-320h320q26 0 45-19t19-45zm256-544v960q0 119-84.5 203.5T1376 1664H416q-119 0-203.5-84.5T128 1376V416q0-119 84.5-203.5T416 128h960q119 0 203.5 84.5T1664 416z"/&gt;&lt;/svg&gt;&lt;/span&gt;
    
            &lt;span class="trace-class"&gt;&lt;abbr title="Symfony\Component\HttpKernel\HttpKernel"&gt;HttpKernel&lt;/abbr&gt;&lt;/span&gt;&lt;span class="trace-type"&gt;-&gt;&lt;/span&gt;&lt;span class="trace-method"&gt;handleRaw&lt;/span&gt;&lt;span class="trace-arguments"&gt;(&lt;em&gt;object&lt;/em&gt;(&lt;abbr title="Symfony\Component\HttpFoundation\Request"&gt;Request&lt;/abbr&gt;), 1)&lt;/span&gt;    
                    &lt;span class="block trace-file-path"&gt;
            in
            &lt;a href="file://C:\Users\sliti\Desktop\dev\esprit-PIDEV-3A16-2526-FARMIA\vendor\symfony\http-kernel\HttpKernel.php#L76"&gt;
                C:\Users\sliti\Desktop\dev\esprit-PIDEV-3A16-2526-FARMIA\vendor\symfony\http-kernel\&lt;strong&gt;HttpKernel.php&lt;/strong&gt;
            &lt;/a&gt;
                        (line 76)
            &lt;span class="icon icon-copy hidden" data-clipboard-text="C:\Users\sliti\Desktop\dev\esprit-PIDEV-3A16-2526-FARMIA\vendor\symfony\http-kernel\HttpKernel.php:76"&gt;
                &lt;svg xmlns="http://www.w3.org/2000/svg" height="24" viewBox="0 0 24 24" width="24"&gt;&lt;path d="M0 0h24v24H0z" fill="none"/&gt;&lt;path d="M16 1H4c-1.1 0-2 .9-2 2v14h2V3h12V1zm3 4H8c-1.1 0-2 .9-2 2v14c0 1.1.9 2 2 2h11c1.1 0 2-.9 2-2V7c0-1.1-.9-2-2-2zm0 16H8V7h11v14z"/&gt;&lt;/svg&gt;            &lt;/span&gt;
        &lt;/span&gt;
    &lt;/div&gt;
    &lt;div id="trace-html-1-6" class="trace-code sf-toggle-content"&gt;
        &lt;ol start="71"&gt;&lt;li&gt;&lt;code&gt;&lt;span style="color: var(--highlight-keyword)"&gt;&amp;nbsp;&amp;nbsp;&amp;nbsp;&amp;nbsp;&amp;nbsp;&amp;nbsp;&amp;nbsp;&amp;nbsp;&lt;/span&gt;&lt;span style="color: var(--highlight-default)"&gt;$request&lt;/span&gt;&lt;span style="color: var(--highlight-keyword)"&gt;-&amp;gt;&lt;/span&gt;&lt;span style="color: var(--highlight-default)"&gt;headers&lt;/span&gt;&lt;span style="color: var(--highlight-keyword)"&gt;-&amp;gt;&lt;/span&gt;&lt;span style="color: var(--highlight-default)"&gt;set&lt;/span&gt;&lt;span style="color: var(--highlight-keyword)"&gt;(&lt;/span&gt;&lt;span style="color: var(--highlight-string)"&gt;'X-Php-Ob-Level'&lt;/span&gt;&lt;span style="color: var(--highlight-keyword)"&gt;,&amp;nbsp;(string)&amp;nbsp;&lt;/span&gt;&lt;span style="color: var(--highlight-default)"&gt;ob_get_level&lt;/span&gt;&lt;span style="color: var(--highlight-keyword)"&gt;());&lt;/span&gt;&lt;/code&gt;&lt;/li&gt;
&lt;li&gt;&lt;code&gt;&lt;span style="color: var(--highlight-keyword)"&gt;&lt;/span&gt;&lt;/code&gt;&lt;/li&gt;
&lt;li&gt;&lt;code&gt;&lt;span style="color: var(--highlight-keyword)"&gt;&amp;nbsp;&amp;nbsp;&amp;nbsp;&amp;nbsp;&amp;nbsp;&amp;nbsp;&amp;nbsp;&amp;nbsp;&lt;/span&gt;&lt;span style="color: var(--highlight-default)"&gt;$this&lt;/span&gt;&lt;span style="color: var(--highlight-keyword)"&gt;-&amp;gt;&lt;/span&gt;&lt;span style="color: var(--highlight-default)"&gt;requestStack&lt;/span&gt;&lt;span style="color: var(--highlight-keyword)"&gt;-&amp;gt;&lt;/span&gt;&lt;span style="color: var(--highlight-default)"&gt;push&lt;/span&gt;&lt;span style="color: var(--highlight-keyword)"&gt;(&lt;/span&gt;&lt;span style="color: var(--highlight-default)"&gt;$request&lt;/span&gt;&lt;span style="color: var(--highlight-keyword)"&gt;);&lt;/span&gt;&lt;/code&gt;&lt;/li&gt;
&lt;li&gt;&lt;code&gt;&lt;span style="color: var(--highlight-keyword)"&gt;&amp;nbsp;&amp;nbsp;&amp;nbsp;&amp;nbsp;&amp;nbsp;&amp;nbsp;&amp;nbsp;&amp;nbsp;&lt;/span&gt;&lt;span style="color: var(--highlight-default)"&gt;$response&amp;nbsp;&lt;/span&gt;&lt;span style="color: var(--highlight-keyword)"&gt;=&amp;nbsp;&lt;/span&gt;&lt;span style="color: var(--highlight-default)"&gt;null&lt;/span&gt;&lt;span style="color: var(--highlight-keyword)"&gt;;&lt;/span&gt;&lt;/code&gt;&lt;/li&gt;
&lt;li&gt;&lt;code&gt;&lt;span style="color: var(--highlight-keyword)"&gt;&amp;nbsp;&amp;nbsp;&amp;nbsp;&amp;nbsp;&amp;nbsp;&amp;nbsp;&amp;nbsp;&amp;nbsp;try&amp;nbsp;{&lt;/span&gt;&lt;/code&gt;&lt;/li&gt;
&lt;li class="selected"&gt;&lt;code&gt;&lt;span style="color: var(--highlight-keyword)"&gt;&amp;nbsp;&amp;nbsp;&amp;nbsp;&amp;nbsp;&amp;nbsp;&amp;nbsp;&amp;nbsp;&amp;nbsp;&amp;nbsp;&amp;nbsp;&amp;nbsp;&amp;nbsp;return&amp;nbsp;&lt;/span&gt;&lt;span style="color: var(--highlight-default)"&gt;$response&amp;nbsp;&lt;/span&gt;&lt;span style="color: var(--highlight-keyword)"&gt;=&amp;nbsp;&lt;/span&gt;&lt;span style="color: var(--highlight-default)"&gt;$this&lt;/span&gt;&lt;span style="color: var(--highlight-keyword)"&gt;-&amp;gt;&lt;/span&gt;&lt;span style="color: var(--highlight-default)"&gt;handleRaw&lt;/span&gt;&lt;span style="color: var(--highlight-keyword)"&gt;(&lt;/span&gt;&lt;span style="color: var(--highlight-default)"&gt;$request&lt;/span&gt;&lt;span style="color: var(--highlight-keyword)"&gt;,&amp;nbsp;&lt;/span&gt;&lt;span style="color: var(--highlight-default)"&gt;$type&lt;/span&gt;&lt;span style="color: var(--highlight-keyword)"&gt;);&lt;/span&gt;&lt;/code&gt;&lt;/li&gt;
&lt;li&gt;&lt;code&gt;&lt;span style="color: var(--highlight-keyword)"&gt;&amp;nbsp;&amp;nbsp;&amp;nbsp;&amp;nbsp;&amp;nbsp;&amp;nbsp;&amp;nbsp;&amp;nbsp;}&amp;nbsp;catch&amp;nbsp;(&lt;/span&gt;&lt;span style="color: var(--highlight-default)"&gt;\Throwable&amp;nbsp;$e&lt;/span&gt;&lt;span style="color: var(--highlight-keyword)"&gt;)&amp;nbsp;{&lt;/span&gt;&lt;/code&gt;&lt;/li&gt;
&lt;li&gt;&lt;code&gt;&lt;span style="color: var(--highlight-keyword)"&gt;&amp;nbsp;&amp;nbsp;&amp;nbsp;&amp;nbsp;&amp;nbsp;&amp;nbsp;&amp;nbsp;&amp;nbsp;&amp;nbsp;&amp;nbsp;&amp;nbsp;&amp;nbsp;if&amp;nbsp;(&lt;/span&gt;&lt;span style="color: var(--highlight-default)"&gt;$e&amp;nbsp;&lt;/span&gt;&lt;span style="color: var(--highlight-keyword)"&gt;instanceof&amp;nbsp;&lt;/span&gt;&lt;span style="color: var(--highlight-default)"&gt;\Error&amp;nbsp;&lt;/span&gt;&lt;span style="color: var(--highlight-keyword)"&gt;&amp;amp;&amp;amp;&amp;nbsp;!&lt;/span&gt;&lt;span style="color: var(--highlight-default)"&gt;$this&lt;/span&gt;&lt;span style="color: var(--highlight-keyword)"&gt;-&amp;gt;&lt;/span&gt;&lt;span style="color: var(--highlight-default)"&gt;handleAllThrowables&lt;/span&gt;&lt;span style="color: var(--highlight-keyword)"&gt;)&amp;nbsp;{&lt;/span&gt;&lt;/code&gt;&lt;/li&gt;
&lt;li&gt;&lt;code&gt;&lt;span style="color: var(--highlight-keyword)"&gt;&amp;nbsp;&amp;nbsp;&amp;nbsp;&amp;nbsp;&amp;nbsp;&amp;nbsp;&amp;nbsp;&amp;nbsp;&amp;nbsp;&amp;nbsp;&amp;nbsp;&amp;nbsp;&amp;nbsp;&amp;nbsp;&amp;nbsp;&amp;nbsp;throw&amp;nbsp;&lt;/span&gt;&lt;span style="color: var(--highlight-default)"&gt;$e&lt;/span&gt;&lt;span style="color: var(--highlight-keyword)"&gt;;&lt;/span&gt;&lt;/code&gt;&lt;/li&gt;
&lt;li&gt;&lt;code&gt;&lt;span style="color: var(--highlight-keyword)"&gt;&amp;nbsp;&amp;nbsp;&amp;nbsp;&amp;nbsp;&amp;nbsp;&amp;nbsp;&amp;nbsp;&amp;nbsp;&amp;nbsp;&amp;nbsp;&amp;nbsp;&amp;nbsp;}&lt;/span&gt;&lt;/code&gt;&lt;/li&gt;
&lt;li&gt;&lt;code&gt;&lt;span style="color: var(--highlight-keyword)"&gt;&lt;/span&gt;&lt;/code&gt;&lt;/li&gt;&lt;/ol&gt;    &lt;/div&gt;            &lt;/div&gt;
                        &lt;div class="trace-line "&gt;
                &lt;div class="trace-line-header break-long-words sf-toggle" data-toggle-selector="#trace-html-1-7" data-toggle-initial=""&gt;
            &lt;span class="icon icon-close"&gt;&lt;svg width="1792" height="1792" viewBox="0 0 1792 1792" xmlns="http://www.w3.org/2000/svg"&gt;&lt;path d="M1408 960V832q0-26-19-45t-45-19H448q-26 0-45 19t-19 45v128q0 26 19 45t45 19h896q26 0 45-19t19-45zm256-544v960q0 119-84.5 203.5T1376 1664H416q-119 0-203.5-84.5T128 1376V416q0-119 84.5-203.5T416 128h960q119 0 203.5 84.5T1664 416z"/&gt;&lt;/svg&gt;&lt;/span&gt;
        &lt;span class="icon icon-open"&gt;&lt;svg width="1792" height="1792" viewBox="0 0 1792 1792" xmlns="http://www.w3.org/2000/svg"&gt;&lt;path d="M1408 960V832q0-26-19-45t-45-19h-320V448q0-26-19-45t-45-19H832q-26 0-45 19t-19 45v320H448q-26 0-45 19t-19 45v128q0 26 19 45t45 19h320v320q0 26 19 45t45 19h128q26 0 45-19t19-45v-320h320q26 0 45-19t19-45zm256-544v960q0 119-84.5 203.5T1376 1664H416q-119 0-203.5-84.5T128 1376V416q0-119 84.5-203.5T416 128h960q119 0 203.5 84.5T1664 416z"/&gt;&lt;/svg&gt;&lt;/span&gt;
    
            &lt;span class="trace-class"&gt;&lt;abbr title="Symfony\Component\HttpKernel\HttpKernel"&gt;HttpKernel&lt;/abbr&gt;&lt;/span&gt;&lt;span class="trace-type"&gt;-&gt;&lt;/span&gt;&lt;span class="trace-method"&gt;handle&lt;/span&gt;&lt;span class="trace-arguments"&gt;(&lt;em&gt;object&lt;/em&gt;(&lt;abbr title="Symfony\Component\HttpFoundation\Request"&gt;Request&lt;/abbr&gt;), 1, &lt;em&gt;true&lt;/em&gt;)&lt;/span&gt;    
                    &lt;span class="block trace-file-path"&gt;
            in
            &lt;a href="file://C:\Users\sliti\Desktop\dev\esprit-PIDEV-3A16-2526-FARMIA\vendor\symfony\http-kernel\Kernel.php#L208"&gt;
                C:\Users\sliti\Desktop\dev\esprit-PIDEV-3A16-2526-FARMIA\vendor\symfony\http-kernel\&lt;strong&gt;Kernel.php&lt;/strong&gt;
            &lt;/a&gt;
                        (line 208)
            &lt;span class="icon icon-copy hidden" data-clipboard-text="C:\Users\sliti\Desktop\dev\esprit-PIDEV-3A16-2526-FARMIA\vendor\symfony\http-kernel\Kernel.php:208"&gt;
                &lt;svg xmlns="http://www.w3.org/2000/svg" height="24" viewBox="0 0 24 24" width="24"&gt;&lt;path d="M0 0h24v24H0z" fill="none"/&gt;&lt;path d="M16 1H4c-1.1 0-2 .9-2 2v14h2V3h12V1zm3 4H8c-1.1 0-2 .9-2 2v14c0 1.1.9 2 2 2h11c1.1 0 2-.9 2-2V7c0-1.1-.9-2-2-2zm0 16H8V7h11v14z"/&gt;&lt;/svg&gt;            &lt;/span&gt;
        &lt;/span&gt;
    &lt;/div&gt;
    &lt;div id="trace-html-1-7" class="trace-code sf-toggle-content"&gt;
        &lt;ol start="203"&gt;&lt;li&gt;&lt;code&gt;&lt;span style="color: var(--highlight-keyword)"&gt;&amp;nbsp;&amp;nbsp;&amp;nbsp;&amp;nbsp;&amp;nbsp;&amp;nbsp;&amp;nbsp;&amp;nbsp;if&amp;nbsp;(!&lt;/span&gt;&lt;span style="color: var(--highlight-default)"&gt;$this&lt;/span&gt;&lt;span style="color: var(--highlight-keyword)"&gt;-&amp;gt;&lt;/span&gt;&lt;span style="color: var(--highlight-default)"&gt;handlingHttpCache&lt;/span&gt;&lt;span style="color: var(--highlight-keyword)"&gt;)&amp;nbsp;{&lt;/span&gt;&lt;/code&gt;&lt;/li&gt;
&lt;li&gt;&lt;code&gt;&lt;span style="color: var(--highlight-keyword)"&gt;&amp;nbsp;&amp;nbsp;&amp;nbsp;&amp;nbsp;&amp;nbsp;&amp;nbsp;&amp;nbsp;&amp;nbsp;&amp;nbsp;&amp;nbsp;&amp;nbsp;&amp;nbsp;&lt;/span&gt;&lt;span style="color: var(--highlight-default)"&gt;$this&lt;/span&gt;&lt;span style="color: var(--highlight-keyword)"&gt;-&amp;gt;&lt;/span&gt;&lt;span style="color: var(--highlight-default)"&gt;resetServices&amp;nbsp;&lt;/span&gt;&lt;span style="color: var(--highlight-keyword)"&gt;=&amp;nbsp;&lt;/span&gt;&lt;span style="color: var(--highlight-default)"&gt;true&lt;/span&gt;&lt;span style="color: var(--highlight-keyword)"&gt;;&lt;/span&gt;&lt;/code&gt;&lt;/li&gt;
&lt;li&gt;&lt;code&gt;&lt;span style="color: var(--highlight-keyword)"&gt;&amp;nbsp;&amp;nbsp;&amp;nbsp;&amp;nbsp;&amp;nbsp;&amp;nbsp;&amp;nbsp;&amp;nbsp;}&lt;/span&gt;&lt;/code&gt;&lt;/li&gt;
&lt;li&gt;&lt;code&gt;&lt;span style="color: var(--highlight-keyword)"&gt;&lt;/span&gt;&lt;/code&gt;&lt;/li&gt;
&lt;li&gt;&lt;code&gt;&lt;span style="color: var(--highlight-keyword)"&gt;&amp;nbsp;&amp;nbsp;&amp;nbsp;&amp;nbsp;&amp;nbsp;&amp;nbsp;&amp;nbsp;&amp;nbsp;try&amp;nbsp;{&lt;/span&gt;&lt;/code&gt;&lt;/li&gt;
&lt;li class="selected"&gt;&lt;code&gt;&lt;span style="color: var(--highlight-keyword)"&gt;&amp;nbsp;&amp;nbsp;&amp;nbsp;&amp;nbsp;&amp;nbsp;&amp;nbsp;&amp;nbsp;&amp;nbsp;&amp;nbsp;&amp;nbsp;&amp;nbsp;&amp;nbsp;return&amp;nbsp;&lt;/span&gt;&lt;span style="color: var(--highlight-default)"&gt;$this&lt;/span&gt;&lt;span style="color: var(--highlight-keyword)"&gt;-&amp;gt;&lt;/span&gt;&lt;span style="color: var(--highlight-default)"&gt;getHttpKernel&lt;/span&gt;&lt;span style="color: var(--highlight-keyword)"&gt;()-&amp;gt;&lt;/span&gt;&lt;span style="color: var(--highlight-default)"&gt;handle&lt;/span&gt;&lt;span style="color: var(--highlight-keyword)"&gt;(&lt;/span&gt;&lt;span style="color: var(--highlight-default)"&gt;$request&lt;/span&gt;&lt;span style="color: var(--highlight-keyword)"&gt;,&amp;nbsp;&lt;/span&gt;&lt;span style="color: var(--highlight-default)"&gt;$type&lt;/span&gt;&lt;span style="color: var(--highlight-keyword)"&gt;,&amp;nbsp;&lt;/span&gt;&lt;span style="color: var(--highlight-default)"&gt;$catch&lt;/span&gt;&lt;span style="color: var(--highlight-keyword)"&gt;);&lt;/span&gt;&lt;/code&gt;&lt;/li&gt;
&lt;li&gt;&lt;code&gt;&lt;span style="color: var(--highlight-keyword)"&gt;&amp;nbsp;&amp;nbsp;&amp;nbsp;&amp;nbsp;&amp;nbsp;&amp;nbsp;&amp;nbsp;&amp;nbsp;}&amp;nbsp;finally&amp;nbsp;{&lt;/span&gt;&lt;/code&gt;&lt;/li&gt;
&lt;li&gt;&lt;code&gt;&lt;span style="color: var(--highlight-keyword)"&gt;&amp;nbsp;&amp;nbsp;&amp;nbsp;&amp;nbsp;&amp;nbsp;&amp;nbsp;&amp;nbsp;&amp;nbsp;&amp;nbsp;&amp;nbsp;&amp;nbsp;&amp;nbsp;--&lt;/span&gt;&lt;span style="color: var(--highlight-default)"&gt;$this&lt;/span&gt;&lt;span style="color: var(--highlight-keyword)"&gt;-&amp;gt;&lt;/span&gt;&lt;span style="color: var(--highlight-default)"&gt;requestStackSize&lt;/span&gt;&lt;span style="color: var(--highlight-keyword)"&gt;;&lt;/span&gt;&lt;/code&gt;&lt;/li&gt;
&lt;li&gt;&lt;code&gt;&lt;span style="color: var(--highlight-keyword)"&gt;&amp;nbsp;&amp;nbsp;&amp;nbsp;&amp;nbsp;&amp;nbsp;&amp;nbsp;&amp;nbsp;&amp;nbsp;}&lt;/span&gt;&lt;/code&gt;&lt;/li&gt;
&lt;li&gt;&lt;code&gt;&lt;span style="color: var(--highlight-keyword)"&gt;&amp;nbsp;&amp;nbsp;&amp;nbsp;&amp;nbsp;}&lt;/span&gt;&lt;/code&gt;&lt;/li&gt;
&lt;li&gt;&lt;code&gt;&lt;span style="color: var(--highlight-keyword)"&gt;&lt;/span&gt;&lt;/code&gt;&lt;/li&gt;&lt;/ol&gt;    &lt;/div&gt;            &lt;/div&gt;
                        &lt;div class="trace-line "&gt;
                &lt;div class="trace-line-header break-long-words sf-toggle" data-toggle-selector="#trace-html-1-8" data-toggle-initial=""&gt;
            &lt;span class="icon icon-close"&gt;&lt;svg width="1792" height="1792" viewBox="0 0 1792 1792" xmlns="http://www.w3.org/2000/svg"&gt;&lt;path d="M1408 960V832q0-26-19-45t-45-19H448q-26 0-45 19t-19 45v128q0 26 19 45t45 19h896q26 0 45-19t19-45zm256-544v960q0 119-84.5 203.5T1376 1664H416q-119 0-203.5-84.5T128 1376V416q0-119 84.5-203.5T416 128h960q119 0 203.5 84.5T1664 416z"/&gt;&lt;/svg&gt;&lt;/span&gt;
        &lt;span class="icon icon-open"&gt;&lt;svg width="1792" height="1792" viewBox="0 0 1792 1792" xmlns="http://www.w3.org/2000/svg"&gt;&lt;path d="M1408 960V832q0-26-19-45t-45-19h-320V448q0-26-19-45t-45-19H832q-26 0-45 19t-19 45v320H448q-26 0-45 19t-19 45v128q0 26 19 45t45 19h320v320q0 26 19 45t45 19h128q26 0 45-19t19-45v-320h320q26 0 45-19t19-45zm256-544v960q0 119-84.5 203.5T1376 1664H416q-119 0-203.5-84.5T128 1376V416q0-119 84.5-203.5T416 128h960q119 0 203.5 84.5T1664 416z"/&gt;&lt;/svg&gt;&lt;/span&gt;
    
            &lt;span class="trace-class"&gt;&lt;abbr title="Symfony\Component\HttpKernel\Kernel"&gt;Kernel&lt;/abbr&gt;&lt;/span&gt;&lt;span class="trace-type"&gt;-&gt;&lt;/span&gt;&lt;span class="trace-method"&gt;handle&lt;/span&gt;&lt;span class="trace-arguments"&gt;(&lt;em&gt;object&lt;/em&gt;(&lt;abbr title="Symfony\Component\HttpFoundation\Request"&gt;Request&lt;/abbr&gt;), 1, &lt;em&gt;true&lt;/em&gt;)&lt;/span&gt;    
                    &lt;span class="block trace-file-path"&gt;
            in
            &lt;a href="file://C:\Users\sliti\Desktop\dev\esprit-PIDEV-3A16-2526-FARMIA\vendor\symfony\http-kernel\HttpKernelBrowser.php#L65"&gt;
                C:\Users\sliti\Desktop\dev\esprit-PIDEV-3A16-2526-FARMIA\vendor\symfony\http-kernel\&lt;strong&gt;HttpKernelBrowser.php&lt;/strong&gt;
            &lt;/a&gt;
                        (line 65)
            &lt;span class="icon icon-copy hidden" data-clipboard-text="C:\Users\sliti\Desktop\dev\esprit-PIDEV-3A16-2526-FARMIA\vendor\symfony\http-kernel\HttpKernelBrowser.php:65"&gt;
                &lt;svg xmlns="http://www.w3.org/2000/svg" height="24" viewBox="0 0 24 24" width="24"&gt;&lt;path d="M0 0h24v24H0z" fill="none"/&gt;&lt;path d="M16 1H4c-1.1 0-2 .9-2 2v14h2V3h12V1zm3 4H8c-1.1 0-2 .9-2 2v14c0 1.1.9 2 2 2h11c1.1 0 2-.9 2-2V7c0-1.1-.9-2-2-2zm0 16H8V7h11v14z"/&gt;&lt;/svg&gt;            &lt;/span&gt;
        &lt;/span&gt;
    &lt;/div&gt;
    &lt;div id="trace-html-1-8" class="trace-code sf-toggle-content"&gt;
        &lt;ol start="60"&gt;&lt;li&gt;&lt;code&gt;&lt;span style="color: var(--highlight-comment)"&gt;&amp;nbsp;&amp;nbsp;&amp;nbsp;&amp;nbsp;&amp;nbsp;*&lt;/span&gt;&lt;/code&gt;&lt;/li&gt;
&lt;li&gt;&lt;code&gt;&lt;span style="color: var(--highlight-comment)"&gt;&amp;nbsp;&amp;nbsp;&amp;nbsp;&amp;nbsp;&amp;nbsp;*&amp;nbsp;@return&amp;nbsp;Response&lt;/span&gt;&lt;/code&gt;&lt;/li&gt;
&lt;li&gt;&lt;code&gt;&lt;span style="color: var(--highlight-comment)"&gt;&amp;nbsp;&amp;nbsp;&amp;nbsp;&amp;nbsp;&amp;nbsp;*/&lt;/span&gt;&lt;/code&gt;&lt;/li&gt;
&lt;li&gt;&lt;code&gt;&lt;span style="color: var(--highlight-comment)"&gt;&amp;nbsp;&amp;nbsp;&amp;nbsp;&amp;nbsp;&lt;/span&gt;&lt;span style="color: var(--highlight-keyword)"&gt;protected&amp;nbsp;function&amp;nbsp;&lt;/span&gt;&lt;span style="color: var(--highlight-default)"&gt;doRequest&lt;/span&gt;&lt;span style="color: var(--highlight-keyword)"&gt;(&lt;/span&gt;&lt;span style="color: var(--highlight-default)"&gt;object&amp;nbsp;$request&lt;/span&gt;&lt;span style="color: var(--highlight-keyword)"&gt;)&lt;/span&gt;&lt;/code&gt;&lt;/li&gt;
&lt;li&gt;&lt;code&gt;&lt;span style="color: var(--highlight-keyword)"&gt;&amp;nbsp;&amp;nbsp;&amp;nbsp;&amp;nbsp;{&lt;/span&gt;&lt;/code&gt;&lt;/li&gt;
&lt;li class="selected"&gt;&lt;code&gt;&lt;span style="color: var(--highlight-keyword)"&gt;&amp;nbsp;&amp;nbsp;&amp;nbsp;&amp;nbsp;&amp;nbsp;&amp;nbsp;&amp;nbsp;&amp;nbsp;&lt;/span&gt;&lt;span style="color: var(--highlight-default)"&gt;$response&amp;nbsp;&lt;/span&gt;&lt;span style="color: var(--highlight-keyword)"&gt;=&amp;nbsp;&lt;/span&gt;&lt;span style="color: var(--highlight-default)"&gt;$this&lt;/span&gt;&lt;span style="color: var(--highlight-keyword)"&gt;-&amp;gt;&lt;/span&gt;&lt;span style="color: var(--highlight-default)"&gt;kernel&lt;/span&gt;&lt;span style="color: var(--highlight-keyword)"&gt;-&amp;gt;&lt;/span&gt;&lt;span style="color: var(--highlight-default)"&gt;handle&lt;/span&gt;&lt;span style="color: var(--highlight-keyword)"&gt;(&lt;/span&gt;&lt;span style="color: var(--highlight-default)"&gt;$request&lt;/span&gt;&lt;span style="color: var(--highlight-keyword)"&gt;,&amp;nbsp;&lt;/span&gt;&lt;span style="color: var(--highlight-default)"&gt;HttpKernelInterface&lt;/span&gt;&lt;span style="color: var(--highlight-keyword)"&gt;::&lt;/span&gt;&lt;span style="color: var(--highlight-default)"&gt;MAIN_REQUEST&lt;/span&gt;&lt;span style="color: var(--highlight-keyword)"&gt;,&amp;nbsp;&lt;/span&gt;&lt;span style="color: var(--highlight-default)"&gt;$this&lt;/span&gt;&lt;span style="color: var(--highlight-keyword)"&gt;-&amp;gt;&lt;/span&gt;&lt;span style="color: var(--highlight-default)"&gt;catchExceptions&lt;/span&gt;&lt;span style="color: var(--highlight-keyword)"&gt;);&lt;/span&gt;&lt;/code&gt;&lt;/li&gt;
&lt;li&gt;&lt;code&gt;&lt;span style="color: var(--highlight-keyword)"&gt;&lt;/span&gt;&lt;/code&gt;&lt;/li&gt;
&lt;li&gt;&lt;code&gt;&lt;span style="color: var(--highlight-keyword)"&gt;&amp;nbsp;&amp;nbsp;&amp;nbsp;&amp;nbsp;&amp;nbsp;&amp;nbsp;&amp;nbsp;&amp;nbsp;if&amp;nbsp;(&lt;/span&gt;&lt;span style="color: var(--highlight-default)"&gt;$this&lt;/span&gt;&lt;span style="color: var(--highlight-keyword)"&gt;-&amp;gt;&lt;/span&gt;&lt;span style="color: var(--highlight-default)"&gt;kernel&amp;nbsp;&lt;/span&gt;&lt;span style="color: var(--highlight-keyword)"&gt;instanceof&amp;nbsp;&lt;/span&gt;&lt;span style="color: var(--highlight-default)"&gt;TerminableInterface&lt;/span&gt;&lt;span style="color: var(--highlight-keyword)"&gt;)&amp;nbsp;{&lt;/span&gt;&lt;/code&gt;&lt;/li&gt;
&lt;li&gt;&lt;code&gt;&lt;span style="color: var(--highlight-keyword)"&gt;&amp;nbsp;&amp;nbsp;&amp;nbsp;&amp;nbsp;&amp;nbsp;&amp;nbsp;&amp;nbsp;&amp;nbsp;&amp;nbsp;&amp;nbsp;&amp;nbsp;&amp;nbsp;&lt;/span&gt;&lt;span style="color: var(--highlight-default)"&gt;$this&lt;/span&gt;&lt;span style="color: var(--highlight-keyword)"&gt;-&amp;gt;&lt;/span&gt;&lt;span style="color: var(--highlight-default)"&gt;kernel&lt;/span&gt;&lt;span style="color: var(--highlight-keyword)"&gt;-&amp;gt;&lt;/span&gt;&lt;span style="color: var(--highlight-default)"&gt;terminate&lt;/span&gt;&lt;span style="color: var(--highlight-keyword)"&gt;(&lt;/span&gt;&lt;span style="color: var(--highlight-default)"&gt;$request&lt;/span&gt;&lt;span style="color: var(--highlight-keyword)"&gt;,&amp;nbsp;&lt;/span&gt;&lt;span style="color: var(--highlight-default)"&gt;$response&lt;/span&gt;&lt;span style="color: var(--highlight-keyword)"&gt;);&lt;/span&gt;&lt;/code&gt;&lt;/li&gt;
&lt;li&gt;&lt;code&gt;&lt;span style="color: var(--highlight-keyword)"&gt;&amp;nbsp;&amp;nbsp;&amp;nbsp;&amp;nbsp;&amp;nbsp;&amp;nbsp;&amp;nbsp;&amp;nbsp;}&lt;/span&gt;&lt;/code&gt;&lt;/li&gt;
&lt;li&gt;&lt;code&gt;&lt;span style="color: var(--highlight-keyword)"&gt;&lt;/span&gt;&lt;/code&gt;&lt;/li&gt;&lt;/ol&gt;    &lt;/div&gt;            &lt;/div&gt;
                        &lt;div class="trace-line "&gt;
                &lt;div class="trace-line-header break-long-words sf-toggle" data-toggle-selector="#trace-html-1-9" data-toggle-initial=""&gt;
            &lt;span class="icon icon-close"&gt;&lt;svg width="1792" height="1792" viewBox="0 0 1792 1792" xmlns="http://www.w3.org/2000/svg"&gt;&lt;path d="M1408 960V832q0-26-19-45t-45-19H448q-26 0-45 19t-19 45v128q0 26 19 45t45 19h896q26 0 45-19t19-45zm256-544v960q0 119-84.5 203.5T1376 1664H416q-119 0-203.5-84.5T128 1376V416q0-119 84.5-203.5T416 128h960q119 0 203.5 84.5T1664 416z"/&gt;&lt;/svg&gt;&lt;/span&gt;
        &lt;span class="icon icon-open"&gt;&lt;svg width="1792" height="1792" viewBox="0 0 1792 1792" xmlns="http://www.w3.org/2000/svg"&gt;&lt;path d="M1408 960V832q0-26-19-45t-45-19h-320V448q0-26-19-45t-45-19H832q-26 0-45 19t-19 45v320H448q-26 0-45 19t-19 45v128q0 26 19 45t45 19h320v320q0 26 19 45t45 19h128q26 0 45-19t19-45v-320h320q26 0 45-19t19-45zm256-544v960q0 119-84.5 203.5T1376 1664H416q-119 0-203.5-84.5T128 1376V416q0-119 84.5-203.5T416 128h960q119 0 203.5 84.5T1664 416z"/&gt;&lt;/svg&gt;&lt;/span&gt;
    
            &lt;span class="trace-class"&gt;&lt;abbr title="Symfony\Component\HttpKernel\HttpKernelBrowser"&gt;HttpKernelBrowser&lt;/abbr&gt;&lt;/span&gt;&lt;span class="trace-type"&gt;-&gt;&lt;/span&gt;&lt;span class="trace-method"&gt;doRequest&lt;/span&gt;&lt;span class="trace-arguments"&gt;(&lt;em&gt;object&lt;/em&gt;(&lt;abbr title="Symfony\Component\HttpFoundation\Request"&gt;Request&lt;/abbr&gt;))&lt;/span&gt;    
                    &lt;span class="block trace-file-path"&gt;
            in
            &lt;a href="file://C:\Users\sliti\Desktop\dev\esprit-PIDEV-3A16-2526-FARMIA\vendor\symfony\framework-bundle\KernelBrowser.php#L175"&gt;
                C:\Users\sliti\Desktop\dev\esprit-PIDEV-3A16-2526-FARMIA\vendor\symfony\framework-bundle\&lt;strong&gt;KernelBrowser.php&lt;/strong&gt;
            &lt;/a&gt;
                        (line 175)
            &lt;span class="icon icon-copy hidden" data-clipboard-text="C:\Users\sliti\Desktop\dev\esprit-PIDEV-3A16-2526-FARMIA\vendor\symfony\framework-bundle\KernelBrowser.php:175"&gt;
                &lt;svg xmlns="http://www.w3.org/2000/svg" height="24" viewBox="0 0 24 24" width="24"&gt;&lt;path d="M0 0h24v24H0z" fill="none"/&gt;&lt;path d="M16 1H4c-1.1 0-2 .9-2 2v14h2V3h12V1zm3 4H8c-1.1 0-2 .9-2 2v14c0 1.1.9 2 2 2h11c1.1 0 2-.9 2-2V7c0-1.1-.9-2-2-2zm0 16H8V7h11v14z"/&gt;&lt;/svg&gt;            &lt;/span&gt;
        &lt;/span&gt;
    &lt;/div&gt;
    &lt;div id="trace-html-1-9" class="trace-code sf-toggle-content"&gt;
        &lt;ol start="170"&gt;&lt;li&gt;&lt;code&gt;&lt;span style="color: var(--highlight-keyword)"&gt;&lt;/span&gt;&lt;/code&gt;&lt;/li&gt;
&lt;li&gt;&lt;code&gt;&lt;span style="color: var(--highlight-keyword)"&gt;&amp;nbsp;&amp;nbsp;&amp;nbsp;&amp;nbsp;&amp;nbsp;&amp;nbsp;&amp;nbsp;&amp;nbsp;&amp;nbsp;&amp;nbsp;&amp;nbsp;&amp;nbsp;&lt;/span&gt;&lt;span style="color: var(--highlight-default)"&gt;$this&lt;/span&gt;&lt;span style="color: var(--highlight-keyword)"&gt;-&amp;gt;&lt;/span&gt;&lt;span style="color: var(--highlight-default)"&gt;kernel&lt;/span&gt;&lt;span style="color: var(--highlight-keyword)"&gt;-&amp;gt;&lt;/span&gt;&lt;span style="color: var(--highlight-default)"&gt;boot&lt;/span&gt;&lt;span style="color: var(--highlight-keyword)"&gt;();&lt;/span&gt;&lt;/code&gt;&lt;/li&gt;
&lt;li&gt;&lt;code&gt;&lt;span style="color: var(--highlight-keyword)"&gt;&amp;nbsp;&amp;nbsp;&amp;nbsp;&amp;nbsp;&amp;nbsp;&amp;nbsp;&amp;nbsp;&amp;nbsp;&amp;nbsp;&amp;nbsp;&amp;nbsp;&amp;nbsp;&lt;/span&gt;&lt;span style="color: var(--highlight-default)"&gt;$this&lt;/span&gt;&lt;span style="color: var(--highlight-keyword)"&gt;-&amp;gt;&lt;/span&gt;&lt;span style="color: var(--highlight-default)"&gt;getContainer&lt;/span&gt;&lt;span style="color: var(--highlight-keyword)"&gt;()-&amp;gt;&lt;/span&gt;&lt;span style="color: var(--highlight-default)"&gt;get&lt;/span&gt;&lt;span style="color: var(--highlight-keyword)"&gt;(&lt;/span&gt;&lt;span style="color: var(--highlight-string)"&gt;'profiler'&lt;/span&gt;&lt;span style="color: var(--highlight-keyword)"&gt;)-&amp;gt;&lt;/span&gt;&lt;span style="color: var(--highlight-default)"&gt;enable&lt;/span&gt;&lt;span style="color: var(--highlight-keyword)"&gt;();&lt;/span&gt;&lt;/code&gt;&lt;/li&gt;
&lt;li&gt;&lt;code&gt;&lt;span style="color: var(--highlight-keyword)"&gt;&amp;nbsp;&amp;nbsp;&amp;nbsp;&amp;nbsp;&amp;nbsp;&amp;nbsp;&amp;nbsp;&amp;nbsp;}&lt;/span&gt;&lt;/code&gt;&lt;/li&gt;
&lt;li&gt;&lt;code&gt;&lt;span style="color: var(--highlight-keyword)"&gt;&lt;/span&gt;&lt;/code&gt;&lt;/li&gt;
&lt;li class="selected"&gt;&lt;code&gt;&lt;span style="color: var(--highlight-keyword)"&gt;&amp;nbsp;&amp;nbsp;&amp;nbsp;&amp;nbsp;&amp;nbsp;&amp;nbsp;&amp;nbsp;&amp;nbsp;return&amp;nbsp;&lt;/span&gt;&lt;span style="color: var(--highlight-default)"&gt;parent&lt;/span&gt;&lt;span style="color: var(--highlight-keyword)"&gt;::&lt;/span&gt;&lt;span style="color: var(--highlight-default)"&gt;doRequest&lt;/span&gt;&lt;span style="color: var(--highlight-keyword)"&gt;(&lt;/span&gt;&lt;span style="color: var(--highlight-default)"&gt;$request&lt;/span&gt;&lt;span style="color: var(--highlight-keyword)"&gt;);&lt;/span&gt;&lt;/code&gt;&lt;/li&gt;
&lt;li&gt;&lt;code&gt;&lt;span style="color: var(--highlight-keyword)"&gt;&amp;nbsp;&amp;nbsp;&amp;nbsp;&amp;nbsp;}&lt;/span&gt;&lt;/code&gt;&lt;/li&gt;
&lt;li&gt;&lt;code&gt;&lt;span style="color: var(--highlight-keyword)"&gt;&lt;/span&gt;&lt;/code&gt;&lt;/li&gt;
&lt;li&gt;&lt;code&gt;&lt;span style="color: var(--highlight-keyword)"&gt;&amp;nbsp;&amp;nbsp;&amp;nbsp;&amp;nbsp;&lt;/span&gt;&lt;span style="color: var(--highlight-comment)"&gt;/**&lt;/span&gt;&lt;/code&gt;&lt;/li&gt;
&lt;li&gt;&lt;code&gt;&lt;span style="color: var(--highlight-comment)"&gt;&amp;nbsp;&amp;nbsp;&amp;nbsp;&amp;nbsp;&amp;nbsp;*&amp;nbsp;@param&amp;nbsp;Request&amp;nbsp;$request&lt;/span&gt;&lt;/code&gt;&lt;/li&gt;
&lt;li&gt;&lt;code&gt;&lt;span style="color: var(--highlight-comment)"&gt;&amp;nbsp;&amp;nbsp;&amp;nbsp;&amp;nbsp;&amp;nbsp;*/&lt;/span&gt;&lt;/code&gt;&lt;/li&gt;&lt;/ol&gt;    &lt;/div&gt;            &lt;/div&gt;
                        &lt;div class="trace-line "&gt;
                &lt;div class="trace-line-header break-long-words sf-toggle" data-toggle-selector="#trace-html-1-10" data-toggle-initial=""&gt;
            &lt;span class="icon icon-close"&gt;&lt;svg width="1792" height="1792" viewBox="0 0 1792 1792" xmlns="http://www.w3.org/2000/svg"&gt;&lt;path d="M1408 960V832q0-26-19-45t-45-19H448q-26 0-45 19t-19 45v128q0 26 19 45t45 19h896q26 0 45-19t19-45zm256-544v960q0 119-84.5 203.5T1376 1664H416q-119 0-203.5-84.5T128 1376V416q0-119 84.5-203.5T416 128h960q119 0 203.5 84.5T1664 416z"/&gt;&lt;/svg&gt;&lt;/span&gt;
        &lt;span class="icon icon-open"&gt;&lt;svg width="1792" height="1792" viewBox="0 0 1792 1792" xmlns="http://www.w3.org/2000/svg"&gt;&lt;path d="M1408 960V832q0-26-19-45t-45-19h-320V448q0-26-19-45t-45-19H832q-26 0-45 19t-19 45v320H448q-26 0-45 19t-19 45v128q0 26 19 45t45 19h320v320q0 26 19 45t45 19h128q26 0 45-19t19-45v-320h320q26 0 45-19t19-45zm256-544v960q0 119-84.5 203.5T1376 1664H416q-119 0-203.5-84.5T128 1376V416q0-119 84.5-203.5T416 128h960q119 0 203.5 84.5T1664 416z"/&gt;&lt;/svg&gt;&lt;/span&gt;
    
            &lt;span class="trace-class"&gt;&lt;abbr title="Symfony\Bundle\FrameworkBundle\KernelBrowser"&gt;KernelBrowser&lt;/abbr&gt;&lt;/span&gt;&lt;span class="trace-type"&gt;-&gt;&lt;/span&gt;&lt;span class="trace-method"&gt;doRequest&lt;/span&gt;&lt;span class="trace-arguments"&gt;(&lt;em&gt;object&lt;/em&gt;(&lt;abbr title="Symfony\Component\HttpFoundation\Request"&gt;Request&lt;/abbr&gt;))&lt;/span&gt;    
                    &lt;span class="block trace-file-path"&gt;
            in
            &lt;a href="file://C:\Users\sliti\Desktop\dev\esprit-PIDEV-3A16-2526-FARMIA\vendor\symfony\browser-kit\AbstractBrowser.php#L385"&gt;
                C:\Users\sliti\Desktop\dev\esprit-PIDEV-3A16-2526-FARMIA\vendor\symfony\browser-kit\&lt;strong&gt;AbstractBrowser.php&lt;/strong&gt;
            &lt;/a&gt;
                        (line 385)
            &lt;span class="icon icon-copy hidden" data-clipboard-text="C:\Users\sliti\Desktop\dev\esprit-PIDEV-3A16-2526-FARMIA\vendor\symfony\browser-kit\AbstractBrowser.php:385"&gt;
                &lt;svg xmlns="http://www.w3.org/2000/svg" height="24" viewBox="0 0 24 24" width="24"&gt;&lt;path d="M0 0h24v24H0z" fill="none"/&gt;&lt;path d="M16 1H4c-1.1 0-2 .9-2 2v14h2V3h12V1zm3 4H8c-1.1 0-2 .9-2 2v14c0 1.1.9 2 2 2h11c1.1 0 2-.9 2-2V7c0-1.1-.9-2-2-2zm0 16H8V7h11v14z"/&gt;&lt;/svg&gt;            &lt;/span&gt;
        &lt;/span&gt;
    &lt;/div&gt;
    &lt;div id="trace-html-1-10" class="trace-code sf-toggle-content"&gt;
        &lt;ol start="380"&gt;&lt;li&gt;&lt;code&gt;&lt;span style="color: var(--highlight-keyword)"&gt;&amp;nbsp;&amp;nbsp;&amp;nbsp;&amp;nbsp;&amp;nbsp;&amp;nbsp;&amp;nbsp;&amp;nbsp;}&lt;/span&gt;&lt;/code&gt;&lt;/li&gt;
&lt;li&gt;&lt;code&gt;&lt;span style="color: var(--highlight-keyword)"&gt;&lt;/span&gt;&lt;/code&gt;&lt;/li&gt;
&lt;li&gt;&lt;code&gt;&lt;span style="color: var(--highlight-keyword)"&gt;&amp;nbsp;&amp;nbsp;&amp;nbsp;&amp;nbsp;&amp;nbsp;&amp;nbsp;&amp;nbsp;&amp;nbsp;if&amp;nbsp;(&lt;/span&gt;&lt;span style="color: var(--highlight-default)"&gt;$this&lt;/span&gt;&lt;span style="color: var(--highlight-keyword)"&gt;-&amp;gt;&lt;/span&gt;&lt;span style="color: var(--highlight-default)"&gt;insulated&lt;/span&gt;&lt;span style="color: var(--highlight-keyword)"&gt;)&amp;nbsp;{&lt;/span&gt;&lt;/code&gt;&lt;/li&gt;
&lt;li&gt;&lt;code&gt;&lt;span style="color: var(--highlight-keyword)"&gt;&amp;nbsp;&amp;nbsp;&amp;nbsp;&amp;nbsp;&amp;nbsp;&amp;nbsp;&amp;nbsp;&amp;nbsp;&amp;nbsp;&amp;nbsp;&amp;nbsp;&amp;nbsp;&lt;/span&gt;&lt;span style="color: var(--highlight-default)"&gt;$this&lt;/span&gt;&lt;span style="color: var(--highlight-keyword)"&gt;-&amp;gt;&lt;/span&gt;&lt;span style="color: var(--highlight-default)"&gt;response&amp;nbsp;&lt;/span&gt;&lt;span style="color: var(--highlight-keyword)"&gt;=&amp;nbsp;&lt;/span&gt;&lt;span style="color: var(--highlight-default)"&gt;$this&lt;/span&gt;&lt;span style="color: var(--highlight-keyword)"&gt;-&amp;gt;&lt;/span&gt;&lt;span style="color: var(--highlight-default)"&gt;doRequestInProcess&lt;/span&gt;&lt;span style="color: var(--highlight-keyword)"&gt;(&lt;/span&gt;&lt;span style="color: var(--highlight-default)"&gt;$this&lt;/span&gt;&lt;span style="color: var(--highlight-keyword)"&gt;-&amp;gt;&lt;/span&gt;&lt;span style="color: var(--highlight-default)"&gt;request&lt;/span&gt;&lt;span style="color: var(--highlight-keyword)"&gt;);&lt;/span&gt;&lt;/code&gt;&lt;/li&gt;
&lt;li&gt;&lt;code&gt;&lt;span style="color: var(--highlight-keyword)"&gt;&amp;nbsp;&amp;nbsp;&amp;nbsp;&amp;nbsp;&amp;nbsp;&amp;nbsp;&amp;nbsp;&amp;nbsp;}&amp;nbsp;else&amp;nbsp;{&lt;/span&gt;&lt;/code&gt;&lt;/li&gt;
&lt;li class="selected"&gt;&lt;code&gt;&lt;span style="color: var(--highlight-keyword)"&gt;&amp;nbsp;&amp;nbsp;&amp;nbsp;&amp;nbsp;&amp;nbsp;&amp;nbsp;&amp;nbsp;&amp;nbsp;&amp;nbsp;&amp;nbsp;&amp;nbsp;&amp;nbsp;&lt;/span&gt;&lt;span style="color: var(--highlight-default)"&gt;$this&lt;/span&gt;&lt;span style="color: var(--highlight-keyword)"&gt;-&amp;gt;&lt;/span&gt;&lt;span style="color: var(--highlight-default)"&gt;response&amp;nbsp;&lt;/span&gt;&lt;span style="color: var(--highlight-keyword)"&gt;=&amp;nbsp;&lt;/span&gt;&lt;span style="color: var(--highlight-default)"&gt;$this&lt;/span&gt;&lt;span style="color: var(--highlight-keyword)"&gt;-&amp;gt;&lt;/span&gt;&lt;span style="color: var(--highlight-default)"&gt;doRequest&lt;/span&gt;&lt;span style="color: var(--highlight-keyword)"&gt;(&lt;/span&gt;&lt;span style="color: var(--highlight-default)"&gt;$this&lt;/span&gt;&lt;span style="color: var(--highlight-keyword)"&gt;-&amp;gt;&lt;/span&gt;&lt;span style="color: var(--highlight-default)"&gt;request&lt;/span&gt;&lt;span style="color: var(--highlight-keyword)"&gt;);&lt;/span&gt;&lt;/code&gt;&lt;/li&gt;
&lt;li&gt;&lt;code&gt;&lt;span style="color: var(--highlight-keyword)"&gt;&amp;nbsp;&amp;nbsp;&amp;nbsp;&amp;nbsp;&amp;nbsp;&amp;nbsp;&amp;nbsp;&amp;nbsp;}&lt;/span&gt;&lt;/code&gt;&lt;/li&gt;
&lt;li&gt;&lt;code&gt;&lt;span style="color: var(--highlight-keyword)"&gt;&lt;/span&gt;&lt;/code&gt;&lt;/li&gt;
&lt;li&gt;&lt;code&gt;&lt;span style="color: var(--highlight-keyword)"&gt;&amp;nbsp;&amp;nbsp;&amp;nbsp;&amp;nbsp;&amp;nbsp;&amp;nbsp;&amp;nbsp;&amp;nbsp;&lt;/span&gt;&lt;span style="color: var(--highlight-default)"&gt;$this&lt;/span&gt;&lt;span style="color: var(--highlight-keyword)"&gt;-&amp;gt;&lt;/span&gt;&lt;span style="color: var(--highlight-default)"&gt;internalResponse&amp;nbsp;&lt;/span&gt;&lt;span style="color: var(--highlight-keyword)"&gt;=&amp;nbsp;&lt;/span&gt;&lt;span style="color: var(--highlight-default)"&gt;$this&lt;/span&gt;&lt;span style="color: var(--highlight-keyword)"&gt;-&amp;gt;&lt;/span&gt;&lt;span style="color: var(--highlight-default)"&gt;filterResponse&lt;/span&gt;&lt;span style="color: var(--highlight-keyword)"&gt;(&lt;/span&gt;&lt;span style="color: var(--highlight-default)"&gt;$this&lt;/span&gt;&lt;span style="color: var(--highlight-keyword)"&gt;-&amp;gt;&lt;/span&gt;&lt;span style="color: var(--highlight-default)"&gt;response&lt;/span&gt;&lt;span style="color: var(--highlight-keyword)"&gt;);&lt;/span&gt;&lt;/code&gt;&lt;/li&gt;
&lt;li&gt;&lt;code&gt;&lt;span style="color: var(--highlight-keyword)"&gt;&lt;/span&gt;&lt;/code&gt;&lt;/li&gt;
&lt;li&gt;&lt;code&gt;&lt;span style="color: var(--highlight-keyword)"&gt;&amp;nbsp;&amp;nbsp;&amp;nbsp;&amp;nbsp;&amp;nbsp;&amp;nbsp;&amp;nbsp;&amp;nbsp;&lt;/span&gt;&lt;span style="color: var(--highlight-default)"&gt;$this&lt;/span&gt;&lt;span style="color: var(--highlight-keyword)"&gt;-&amp;gt;&lt;/span&gt;&lt;span style="color: var(--highlight-default)"&gt;cookieJar&lt;/span&gt;&lt;span style="color: var(--highlight-keyword)"&gt;-&amp;gt;&lt;/span&gt;&lt;span style="color: var(--highlight-default)"&gt;updateFromResponse&lt;/span&gt;&lt;span style="color: var(--highlight-keyword)"&gt;(&lt;/span&gt;&lt;span style="color: var(--highlight-default)"&gt;$this&lt;/span&gt;&lt;span style="color: var(--highlight-keyword)"&gt;-&amp;gt;&lt;/span&gt;&lt;span style="color: var(--highlight-default)"&gt;internalResponse&lt;/span&gt;&lt;span style="color: var(--highlight-keyword)"&gt;,&amp;nbsp;&lt;/span&gt;&lt;span style="color: var(--highlight-default)"&gt;$uri&lt;/span&gt;&lt;span style="color: var(--highlight-keyword)"&gt;);&lt;/span&gt;&lt;/code&gt;&lt;/li&gt;&lt;/ol&gt;    &lt;/div&gt;            &lt;/div&gt;
                        &lt;div class="trace-line "&gt;
                &lt;div class="trace-line-header break-long-words sf-toggle" data-toggle-selector="#trace-html-1-11" data-toggle-initial=""&gt;
            &lt;span class="icon icon-close"&gt;&lt;svg width="1792" height="1792" viewBox="0 0 1792 1792" xmlns="http://www.w3.org/2000/svg"&gt;&lt;path d="M1408 960V832q0-26-19-45t-45-19H448q-26 0-45 19t-19 45v128q0 26 19 45t45 19h896q26 0 45-19t19-45zm256-544v960q0 119-84.5 203.5T1376 1664H416q-119 0-203.5-84.5T128 1376V416q0-119 84.5-203.5T416 128h960q119 0 203.5 84.5T1664 416z"/&gt;&lt;/svg&gt;&lt;/span&gt;
        &lt;span class="icon icon-open"&gt;&lt;svg width="1792" height="1792" viewBox="0 0 1792 1792" xmlns="http://www.w3.org/2000/svg"&gt;&lt;path d="M1408 960V832q0-26-19-45t-45-19h-320V448q0-26-19-45t-45-19H832q-26 0-45 19t-19 45v320H448q-26 0-45 19t-19 45v128q0 26 19 45t45 19h320v320q0 26 19 45t45 19h128q26 0 45-19t19-45v-320h320q26 0 45-19t19-45zm256-544v960q0 119-84.5 203.5T1376 1664H416q-119 0-203.5-84.5T128 1376V416q0-119 84.5-203.5T416 128h960q119 0 203.5 84.5T1664 416z"/&gt;&lt;/svg&gt;&lt;/span&gt;
    
            &lt;span class="trace-class"&gt;&lt;abbr title="Symfony\Component\BrowserKit\AbstractBrowser"&gt;AbstractBrowser&lt;/abbr&gt;&lt;/span&gt;&lt;span class="trace-type"&gt;-&gt;&lt;/span&gt;&lt;span class="trace-method"&gt;request&lt;/span&gt;&lt;span class="trace-arguments"&gt;('GET', 'http://localhost/expert/analyse/1/status/en_cours')&lt;/span&gt;    
                    &lt;span class="block trace-file-path"&gt;
            in
            &lt;a href="file://C:\Users\sliti\Desktop\dev\esprit-PIDEV-3A16-2526-FARMIA\tests\Functional\Controller\ExpertAnalyseControllerTest.php#L106"&gt;
                C:\Users\sliti\Desktop\dev\esprit-PIDEV-3A16-2526-FARMIA\tests\Functional\Controller\&lt;strong&gt;ExpertAnalyseControllerTest.php&lt;/strong&gt;
            &lt;/a&gt;
                        (line 106)
            &lt;span class="icon icon-copy hidden" data-clipboard-text="C:\Users\sliti\Desktop\dev\esprit-PIDEV-3A16-2526-FARMIA\tests\Functional\Controller\ExpertAnalyseControllerTest.php:106"&gt;
                &lt;svg xmlns="http://www.w3.org/2000/svg" height="24" viewBox="0 0 24 24" width="24"&gt;&lt;path d="M0 0h24v24H0z" fill="none"/&gt;&lt;path d="M16 1H4c-1.1 0-2 .9-2 2v14h2V3h12V1zm3 4H8c-1.1 0-2 .9-2 2v14c0 1.1.9 2 2 2h11c1.1 0 2-.9 2-2V7c0-1.1-.9-2-2-2zm0 16H8V7h11v14z"/&gt;&lt;/svg&gt;            &lt;/span&gt;
        &lt;/span&gt;
    &lt;/div&gt;
    &lt;div id="trace-html-1-11" class="trace-code sf-toggle-content"&gt;
        &lt;ol start="101"&gt;&lt;li&gt;&lt;code&gt;&lt;span style="color: var(--highlight-comment)"&gt;&amp;nbsp;&amp;nbsp;&amp;nbsp;&amp;nbsp;&amp;nbsp;*/&#13;&lt;/span&gt;&lt;/code&gt;&lt;/li&gt;
&lt;li&gt;&lt;code&gt;&lt;span style="color: var(--highlight-comment)"&gt;&amp;nbsp;&amp;nbsp;&amp;nbsp;&amp;nbsp;&lt;/span&gt;&lt;span style="color: var(--highlight-keyword)"&gt;public&amp;nbsp;function&amp;nbsp;&lt;/span&gt;&lt;span style="color: var(--highlight-default)"&gt;testCanUpdateAnalyseStatus&lt;/span&gt;&lt;span style="color: var(--highlight-keyword)"&gt;():&amp;nbsp;&lt;/span&gt;&lt;span style="color: var(--highlight-default)"&gt;void&#13;&lt;/span&gt;&lt;/code&gt;&lt;/li&gt;
&lt;li&gt;&lt;code&gt;&lt;span style="color: var(--highlight-default)"&gt;&amp;nbsp;&amp;nbsp;&amp;nbsp;&amp;nbsp;&lt;/span&gt;&lt;span style="color: var(--highlight-keyword)"&gt;{&#13;&lt;/span&gt;&lt;/code&gt;&lt;/li&gt;
&lt;li&gt;&lt;code&gt;&lt;span style="color: var(--highlight-keyword)"&gt;&amp;nbsp;&amp;nbsp;&amp;nbsp;&amp;nbsp;&amp;nbsp;&amp;nbsp;&amp;nbsp;&amp;nbsp;&lt;/span&gt;&lt;span style="color: var(--highlight-default)"&gt;$analyse&amp;nbsp;&lt;/span&gt;&lt;span style="color: var(--highlight-keyword)"&gt;=&amp;nbsp;&lt;/span&gt;&lt;span style="color: var(--highlight-default)"&gt;$this&lt;/span&gt;&lt;span style="color: var(--highlight-keyword)"&gt;-&amp;gt;&lt;/span&gt;&lt;span style="color: var(--highlight-default)"&gt;createAnalyse&lt;/span&gt;&lt;span style="color: var(--highlight-keyword)"&gt;();&#13;&lt;/span&gt;&lt;/code&gt;&lt;/li&gt;
&lt;li&gt;&lt;code&gt;&lt;span style="color: var(--highlight-keyword)"&gt;&#13;&lt;/span&gt;&lt;/code&gt;&lt;/li&gt;
&lt;li class="selected"&gt;&lt;code&gt;&lt;span style="color: var(--highlight-keyword)"&gt;&amp;nbsp;&amp;nbsp;&amp;nbsp;&amp;nbsp;&amp;nbsp;&amp;nbsp;&amp;nbsp;&amp;nbsp;&lt;/span&gt;&lt;span style="color: var(--highlight-default)"&gt;self&lt;/span&gt;&lt;span style="color: var(--highlight-keyword)"&gt;::&lt;/span&gt;&lt;span style="color: var(--highlight-default)"&gt;$client&lt;/span&gt;&lt;span style="color: var(--highlight-keyword)"&gt;-&amp;gt;&lt;/span&gt;&lt;span style="color: var(--highlight-default)"&gt;request&lt;/span&gt;&lt;span style="color: var(--highlight-keyword)"&gt;(&lt;/span&gt;&lt;span style="color: var(--highlight-string)"&gt;'GET'&lt;/span&gt;&lt;span style="color: var(--highlight-keyword)"&gt;,&amp;nbsp;&lt;/span&gt;&lt;span style="color: var(--highlight-string)"&gt;'/expert/analyse/'&amp;nbsp;&lt;/span&gt;&lt;span style="color: var(--highlight-keyword)"&gt;.&amp;nbsp;&lt;/span&gt;&lt;span style="color: var(--highlight-default)"&gt;$analyse&lt;/span&gt;&lt;span style="color: var(--highlight-keyword)"&gt;-&amp;gt;&lt;/span&gt;&lt;span style="color: var(--highlight-default)"&gt;getId&lt;/span&gt;&lt;span style="color: var(--highlight-keyword)"&gt;()&amp;nbsp;.&amp;nbsp;&lt;/span&gt;&lt;span style="color: var(--highlight-string)"&gt;'/status/en_cours'&lt;/span&gt;&lt;span style="color: var(--highlight-keyword)"&gt;);&#13;&lt;/span&gt;&lt;/code&gt;&lt;/li&gt;
&lt;li&gt;&lt;code&gt;&lt;span style="color: var(--highlight-keyword)"&gt;&#13;&lt;/span&gt;&lt;/code&gt;&lt;/li&gt;
&lt;li&gt;&lt;code&gt;&lt;span style="color: var(--highlight-keyword)"&gt;&amp;nbsp;&amp;nbsp;&amp;nbsp;&amp;nbsp;&amp;nbsp;&amp;nbsp;&amp;nbsp;&amp;nbsp;&lt;/span&gt;&lt;span style="color: var(--highlight-default)"&gt;$this&lt;/span&gt;&lt;span style="color: var(--highlight-keyword)"&gt;-&amp;gt;&lt;/span&gt;&lt;span style="color: var(--highlight-default)"&gt;assertResponseRedirects&lt;/span&gt;&lt;span style="color: var(--highlight-keyword)"&gt;();&#13;&lt;/span&gt;&lt;/code&gt;&lt;/li&gt;
&lt;li&gt;&lt;code&gt;&lt;span style="color: var(--highlight-keyword)"&gt;&#13;&lt;/span&gt;&lt;/code&gt;&lt;/li&gt;
&lt;li&gt;&lt;code&gt;&lt;span style="color: var(--highlight-keyword)"&gt;&amp;nbsp;&amp;nbsp;&amp;nbsp;&amp;nbsp;&amp;nbsp;&amp;nbsp;&amp;nbsp;&amp;nbsp;&lt;/span&gt;&lt;span style="color: var(--highlight-comment)"&gt;//&amp;nbsp;Verify&amp;nbsp;status&amp;nbsp;update&#13;&lt;/span&gt;&lt;/code&gt;&lt;/li&gt;
&lt;li&gt;&lt;code&gt;&lt;span style="color: var(--highlight-comment)"&gt;&amp;nbsp;&amp;nbsp;&amp;nbsp;&amp;nbsp;&amp;nbsp;&amp;nbsp;&amp;nbsp;&amp;nbsp;&lt;/span&gt;&lt;span style="color: var(--highlight-default)"&gt;self&lt;/span&gt;&lt;span style="color: var(--highlight-keyword)"&gt;::&lt;/span&gt;&lt;span style="color: var(--highlight-default)"&gt;$em&lt;/span&gt;&lt;span style="color: var(--highlight-keyword)"&gt;-&amp;gt;&lt;/span&gt;&lt;span style="color: var(--highlight-default)"&gt;refresh&lt;/span&gt;&lt;span style="color: var(--highlight-keyword)"&gt;(&lt;/span&gt;&lt;span style="color: var(--highlight-default)"&gt;$analyse&lt;/span&gt;&lt;span style="color: var(--highlight-keyword)"&gt;);&#13;&lt;/span&gt;&lt;/code&gt;&lt;/li&gt;&lt;/ol&gt;    &lt;/div&gt;            &lt;/div&gt;
                        &lt;div class="trace-line "&gt;
                &lt;div class="trace-line-header break-long-words sf-toggle" data-toggle-selector="#trace-html-1-12" data-toggle-initial=""&gt;
            &lt;span class="icon icon-close"&gt;&lt;svg width="1792" height="1792" viewBox="0 0 1792 1792" xmlns="http://www.w3.org/2000/svg"&gt;&lt;path d="M1408 960V832q0-26-19-45t-45-19H448q-26 0-45 19t-19 45v128q0 26 19 45t45 19h896q26 0 45-19t19-45zm256-544v960q0 119-84.5 203.5T1376 1664H416q-119 0-203.5-84.5T128 1376V416q0-119 84.5-203.5T416 128h960q119 0 203.5 84.5T1664 416z"/&gt;&lt;/svg&gt;&lt;/span&gt;
        &lt;span class="icon icon-open"&gt;&lt;svg width="1792" height="1792" viewBox="0 0 1792 1792" xmlns="http://www.w3.org/2000/svg"&gt;&lt;path d="M1408 960V832q0-26-19-45t-45-19h-320V448q0-26-19-45t-45-19H832q-26 0-45 19t-19 45v320H448q-26 0-45 19t-19 45v128q0 26 19 45t45 19h320v320q0 26 19 45t45 19h128q26 0 45-19t19-45v-320h320q26 0 45-19t19-45zm256-544v960q0 119-84.5 203.5T1376 1664H416q-119 0-203.5-84.5T128 1376V416q0-119 84.5-203.5T416 128h960q119 0 203.5 84.5T1664 416z"/&gt;&lt;/svg&gt;&lt;/span&gt;
    
            &lt;span class="trace-class"&gt;&lt;abbr title="App\Tests\Functional\Controller\ExpertAnalyseControllerTest"&gt;ExpertAnalyseControllerTest&lt;/abbr&gt;&lt;/span&gt;&lt;span class="trace-type"&gt;-&gt;&lt;/span&gt;&lt;span class="trace-method"&gt;testCanUpdateAnalyseStatus&lt;/span&gt;&lt;span class="trace-arguments"&gt;()&lt;/span&gt;    
                    &lt;span class="block trace-file-path"&gt;
            in
            &lt;a href="file://C:\Users\sliti\Desktop\dev\esprit-PIDEV-3A16-2526-FARMIA\vendor\phpunit\phpunit\src\Framework\TestCase.php#L1617"&gt;
                C:\Users\sliti\Desktop\dev\esprit-PIDEV-3A16-2526-FARMIA\vendor\phpunit\phpunit\src\Framework\&lt;strong&gt;TestCase.php&lt;/strong&gt;
            &lt;/a&gt;
                        (line 1617)
            &lt;span class="icon icon-copy hidden" data-clipboard-text="C:\Users\sliti\Desktop\dev\esprit-PIDEV-3A16-2526-FARMIA\vendor\phpunit\phpunit\src\Framework\TestCase.php:1617"&gt;
                &lt;svg xmlns="http://www.w3.org/2000/svg" height="24" viewBox="0 0 24 24" width="24"&gt;&lt;path d="M0 0h24v24H0z" fill="none"/&gt;&lt;path d="M16 1H4c-1.1 0-2 .9-2 2v14h2V3h12V1zm3 4H8c-1.1 0-2 .9-2 2v14c0 1.1.9 2 2 2h11c1.1 0 2-.9 2-2V7c0-1.1-.9-2-2-2zm0 16H8V7h11v14z"/&gt;&lt;/svg&gt;            &lt;/span&gt;
        &lt;/span&gt;
    &lt;/div&gt;
    &lt;div id="trace-html-1-12" class="trace-code sf-toggle-content"&gt;
        &lt;ol start="1612"&gt;&lt;li&gt;&lt;code&gt;&lt;span style="color: var(--highlight-keyword)"&gt;&amp;nbsp;&amp;nbsp;&amp;nbsp;&amp;nbsp;&amp;nbsp;&amp;nbsp;&amp;nbsp;&amp;nbsp;&lt;/span&gt;&lt;span style="color: var(--highlight-default)"&gt;$testArguments&amp;nbsp;&lt;/span&gt;&lt;span style="color: var(--highlight-keyword)"&gt;=&amp;nbsp;&lt;/span&gt;&lt;span style="color: var(--highlight-default)"&gt;array_merge&lt;/span&gt;&lt;span style="color: var(--highlight-keyword)"&gt;(&lt;/span&gt;&lt;span style="color: var(--highlight-default)"&gt;$this&lt;/span&gt;&lt;span style="color: var(--highlight-keyword)"&gt;-&amp;gt;&lt;/span&gt;&lt;span style="color: var(--highlight-default)"&gt;data&lt;/span&gt;&lt;span style="color: var(--highlight-keyword)"&gt;,&amp;nbsp;&lt;/span&gt;&lt;span style="color: var(--highlight-default)"&gt;$this&lt;/span&gt;&lt;span style="color: var(--highlight-keyword)"&gt;-&amp;gt;&lt;/span&gt;&lt;span style="color: var(--highlight-default)"&gt;dependencyInput&lt;/span&gt;&lt;span style="color: var(--highlight-keyword)"&gt;);&lt;/span&gt;&lt;/code&gt;&lt;/li&gt;
&lt;li&gt;&lt;code&gt;&lt;span style="color: var(--highlight-keyword)"&gt;&lt;/span&gt;&lt;/code&gt;&lt;/li&gt;
&lt;li&gt;&lt;code&gt;&lt;span style="color: var(--highlight-keyword)"&gt;&amp;nbsp;&amp;nbsp;&amp;nbsp;&amp;nbsp;&amp;nbsp;&amp;nbsp;&amp;nbsp;&amp;nbsp;&lt;/span&gt;&lt;span style="color: var(--highlight-default)"&gt;$this&lt;/span&gt;&lt;span style="color: var(--highlight-keyword)"&gt;-&amp;gt;&lt;/span&gt;&lt;span style="color: var(--highlight-default)"&gt;registerMockObjectsFromTestArguments&lt;/span&gt;&lt;span style="color: var(--highlight-keyword)"&gt;(&lt;/span&gt;&lt;span style="color: var(--highlight-default)"&gt;$testArguments&lt;/span&gt;&lt;span style="color: var(--highlight-keyword)"&gt;);&lt;/span&gt;&lt;/code&gt;&lt;/li&gt;
&lt;li&gt;&lt;code&gt;&lt;span style="color: var(--highlight-keyword)"&gt;&lt;/span&gt;&lt;/code&gt;&lt;/li&gt;
&lt;li&gt;&lt;code&gt;&lt;span style="color: var(--highlight-keyword)"&gt;&amp;nbsp;&amp;nbsp;&amp;nbsp;&amp;nbsp;&amp;nbsp;&amp;nbsp;&amp;nbsp;&amp;nbsp;try&amp;nbsp;{&lt;/span&gt;&lt;/code&gt;&lt;/li&gt;
&lt;li class="selected"&gt;&lt;code&gt;&lt;span style="color: var(--highlight-keyword)"&gt;&amp;nbsp;&amp;nbsp;&amp;nbsp;&amp;nbsp;&amp;nbsp;&amp;nbsp;&amp;nbsp;&amp;nbsp;&amp;nbsp;&amp;nbsp;&amp;nbsp;&amp;nbsp;&lt;/span&gt;&lt;span style="color: var(--highlight-default)"&gt;$testResult&amp;nbsp;&lt;/span&gt;&lt;span style="color: var(--highlight-keyword)"&gt;=&amp;nbsp;&lt;/span&gt;&lt;span style="color: var(--highlight-default)"&gt;$this&lt;/span&gt;&lt;span style="color: var(--highlight-keyword)"&gt;-&amp;gt;{&lt;/span&gt;&lt;span style="color: var(--highlight-default)"&gt;$this&lt;/span&gt;&lt;span style="color: var(--highlight-keyword)"&gt;-&amp;gt;&lt;/span&gt;&lt;span style="color: var(--highlight-default)"&gt;name&lt;/span&gt;&lt;span style="color: var(--highlight-keyword)"&gt;}(...&lt;/span&gt;&lt;span style="color: var(--highlight-default)"&gt;array_values&lt;/span&gt;&lt;span style="color: var(--highlight-keyword)"&gt;(&lt;/span&gt;&lt;span style="color: var(--highlight-default)"&gt;$testArguments&lt;/span&gt;&lt;span style="color: var(--highlight-keyword)"&gt;));&lt;/span&gt;&lt;/code&gt;&lt;/li&gt;
&lt;li&gt;&lt;code&gt;&lt;span style="color: var(--highlight-keyword)"&gt;&amp;nbsp;&amp;nbsp;&amp;nbsp;&amp;nbsp;&amp;nbsp;&amp;nbsp;&amp;nbsp;&amp;nbsp;}&amp;nbsp;catch&amp;nbsp;(&lt;/span&gt;&lt;span style="color: var(--highlight-default)"&gt;Throwable&amp;nbsp;$exception&lt;/span&gt;&lt;span style="color: var(--highlight-keyword)"&gt;)&amp;nbsp;{&lt;/span&gt;&lt;/code&gt;&lt;/li&gt;
&lt;li&gt;&lt;code&gt;&lt;span style="color: var(--highlight-keyword)"&gt;&amp;nbsp;&amp;nbsp;&amp;nbsp;&amp;nbsp;&amp;nbsp;&amp;nbsp;&amp;nbsp;&amp;nbsp;&amp;nbsp;&amp;nbsp;&amp;nbsp;&amp;nbsp;if&amp;nbsp;(!&lt;/span&gt;&lt;span style="color: var(--highlight-default)"&gt;$this&lt;/span&gt;&lt;span style="color: var(--highlight-keyword)"&gt;-&amp;gt;&lt;/span&gt;&lt;span style="color: var(--highlight-default)"&gt;checkExceptionExpectations&lt;/span&gt;&lt;span style="color: var(--highlight-keyword)"&gt;(&lt;/span&gt;&lt;span style="color: var(--highlight-default)"&gt;$exception&lt;/span&gt;&lt;span style="color: var(--highlight-keyword)"&gt;))&amp;nbsp;{&lt;/span&gt;&lt;/code&gt;&lt;/li&gt;
&lt;li&gt;&lt;code&gt;&lt;span style="color: var(--highlight-keyword)"&gt;&amp;nbsp;&amp;nbsp;&amp;nbsp;&amp;nbsp;&amp;nbsp;&amp;nbsp;&amp;nbsp;&amp;nbsp;&amp;nbsp;&amp;nbsp;&amp;nbsp;&amp;nbsp;&amp;nbsp;&amp;nbsp;&amp;nbsp;&amp;nbsp;throw&amp;nbsp;&lt;/span&gt;&lt;span style="color: var(--highlight-default)"&gt;$exception&lt;/span&gt;&lt;span style="color: var(--highlight-keyword)"&gt;;&lt;/span&gt;&lt;/code&gt;&lt;/li&gt;
&lt;li&gt;&lt;code&gt;&lt;span style="color: var(--highlight-keyword)"&gt;&amp;nbsp;&amp;nbsp;&amp;nbsp;&amp;nbsp;&amp;nbsp;&amp;nbsp;&amp;nbsp;&amp;nbsp;&amp;nbsp;&amp;nbsp;&amp;nbsp;&amp;nbsp;}&lt;/span&gt;&lt;/code&gt;&lt;/li&gt;
&lt;li&gt;&lt;code&gt;&lt;span style="color: var(--highlight-keyword)"&gt;&lt;/span&gt;&lt;/code&gt;&lt;/li&gt;&lt;/ol&gt;    &lt;/div&gt;            &lt;/div&gt;
                        &lt;div class="trace-line "&gt;
                &lt;div class="trace-line-header break-long-words sf-toggle" data-toggle-selector="#trace-html-1-13" data-toggle-initial=""&gt;
            &lt;span class="icon icon-close"&gt;&lt;svg width="1792" height="1792" viewBox="0 0 1792 1792" xmlns="http://www.w3.org/2000/svg"&gt;&lt;path d="M1408 960V832q0-26-19-45t-45-19H448q-26 0-45 19t-19 45v128q0 26 19 45t45 19h896q26 0 45-19t19-45zm256-544v960q0 119-84.5 203.5T1376 1664H416q-119 0-203.5-84.5T128 1376V416q0-119 84.5-203.5T416 128h960q119 0 203.5 84.5T1664 416z"/&gt;&lt;/svg&gt;&lt;/span&gt;
        &lt;span class="icon icon-open"&gt;&lt;svg width="1792" height="1792" viewBox="0 0 1792 1792" xmlns="http://www.w3.org/2000/svg"&gt;&lt;path d="M1408 960V832q0-26-19-45t-45-19h-320V448q0-26-19-45t-45-19H832q-26 0-45 19t-19 45v320H448q-26 0-45 19t-19 45v128q0 26 19 45t45 19h320v320q0 26 19 45t45 19h128q26 0 45-19t19-45v-320h320q26 0 45-19t19-45zm256-544v960q0 119-84.5 203.5T1376 1664H416q-119 0-203.5-84.5T128 1376V416q0-119 84.5-203.5T416 128h960q119 0 203.5 84.5T1664 416z"/&gt;&lt;/svg&gt;&lt;/span&gt;
    
            &lt;span class="trace-class"&gt;&lt;abbr title="PHPUnit\Framework\TestCase"&gt;TestCase&lt;/abbr&gt;&lt;/span&gt;&lt;span class="trace-type"&gt;-&gt;&lt;/span&gt;&lt;span class="trace-method"&gt;runTest&lt;/span&gt;&lt;span class="trace-arguments"&gt;()&lt;/span&gt;    
                    &lt;span class="block trace-file-path"&gt;
            in
            &lt;a href="file://C:\Users\sliti\Desktop\dev\esprit-PIDEV-3A16-2526-FARMIA\vendor\phpunit\phpunit\src\Framework\TestCase.php#L1223"&gt;
                C:\Users\sliti\Desktop\dev\esprit-PIDEV-3A16-2526-FARMIA\vendor\phpunit\phpunit\src\Framework\&lt;strong&gt;TestCase.php&lt;/strong&gt;
            &lt;/a&gt;
                        (line 1223)
            &lt;span class="icon icon-copy hidden" data-clipboard-text="C:\Users\sliti\Desktop\dev\esprit-PIDEV-3A16-2526-FARMIA\vendor\phpunit\phpunit\src\Framework\TestCase.php:1223"&gt;
                &lt;svg xmlns="http://www.w3.org/2000/svg" height="24" viewBox="0 0 24 24" width="24"&gt;&lt;path d="M0 0h24v24H0z" fill="none"/&gt;&lt;path d="M16 1H4c-1.1 0-2 .9-2 2v14h2V3h12V1zm3 4H8c-1.1 0-2 .9-2 2v14c0 1.1.9 2 2 2h11c1.1 0 2-.9 2-2V7c0-1.1-.9-2-2-2zm0 16H8V7h11v14z"/&gt;&lt;/svg&gt;            &lt;/span&gt;
        &lt;/span&gt;
    &lt;/div&gt;
    &lt;div id="trace-html-1-13" class="trace-code sf-toggle-content"&gt;
        &lt;ol start="1218"&gt;&lt;li&gt;&lt;code&gt;&lt;span style="color: var(--highlight-keyword)"&gt;&lt;/span&gt;&lt;/code&gt;&lt;/li&gt;
&lt;li&gt;&lt;code&gt;&lt;span style="color: var(--highlight-keyword)"&gt;&amp;nbsp;&amp;nbsp;&amp;nbsp;&amp;nbsp;&amp;nbsp;&amp;nbsp;&amp;nbsp;&amp;nbsp;&amp;nbsp;&amp;nbsp;&amp;nbsp;&amp;nbsp;foreach&amp;nbsp;(&lt;/span&gt;&lt;span style="color: var(--highlight-default)"&gt;$hookMethods&lt;/span&gt;&lt;span style="color: var(--highlight-keyword)"&gt;[&lt;/span&gt;&lt;span style="color: var(--highlight-string)"&gt;'preCondition'&lt;/span&gt;&lt;span style="color: var(--highlight-keyword)"&gt;]&amp;nbsp;as&amp;nbsp;&lt;/span&gt;&lt;span style="color: var(--highlight-default)"&gt;$method&lt;/span&gt;&lt;span style="color: var(--highlight-keyword)"&gt;)&amp;nbsp;{&lt;/span&gt;&lt;/code&gt;&lt;/li&gt;
&lt;li&gt;&lt;code&gt;&lt;span style="color: var(--highlight-keyword)"&gt;&amp;nbsp;&amp;nbsp;&amp;nbsp;&amp;nbsp;&amp;nbsp;&amp;nbsp;&amp;nbsp;&amp;nbsp;&amp;nbsp;&amp;nbsp;&amp;nbsp;&amp;nbsp;&amp;nbsp;&amp;nbsp;&amp;nbsp;&amp;nbsp;&lt;/span&gt;&lt;span style="color: var(--highlight-default)"&gt;$this&lt;/span&gt;&lt;span style="color: var(--highlight-keyword)"&gt;-&amp;gt;{&lt;/span&gt;&lt;span style="color: var(--highlight-default)"&gt;$method&lt;/span&gt;&lt;span style="color: var(--highlight-keyword)"&gt;}();&lt;/span&gt;&lt;/code&gt;&lt;/li&gt;
&lt;li&gt;&lt;code&gt;&lt;span style="color: var(--highlight-keyword)"&gt;&amp;nbsp;&amp;nbsp;&amp;nbsp;&amp;nbsp;&amp;nbsp;&amp;nbsp;&amp;nbsp;&amp;nbsp;&amp;nbsp;&amp;nbsp;&amp;nbsp;&amp;nbsp;}&lt;/span&gt;&lt;/code&gt;&lt;/li&gt;
&lt;li&gt;&lt;code&gt;&lt;span style="color: var(--highlight-keyword)"&gt;&lt;/span&gt;&lt;/code&gt;&lt;/li&gt;
&lt;li class="selected"&gt;&lt;code&gt;&lt;span style="color: var(--highlight-keyword)"&gt;&amp;nbsp;&amp;nbsp;&amp;nbsp;&amp;nbsp;&amp;nbsp;&amp;nbsp;&amp;nbsp;&amp;nbsp;&amp;nbsp;&amp;nbsp;&amp;nbsp;&amp;nbsp;&lt;/span&gt;&lt;span style="color: var(--highlight-default)"&gt;$this&lt;/span&gt;&lt;span style="color: var(--highlight-keyword)"&gt;-&amp;gt;&lt;/span&gt;&lt;span style="color: var(--highlight-default)"&gt;testResult&amp;nbsp;&lt;/span&gt;&lt;span style="color: var(--highlight-keyword)"&gt;=&amp;nbsp;&lt;/span&gt;&lt;span style="color: var(--highlight-default)"&gt;$this&lt;/span&gt;&lt;span style="color: var(--highlight-keyword)"&gt;-&amp;gt;&lt;/span&gt;&lt;span style="color: var(--highlight-default)"&gt;runTest&lt;/span&gt;&lt;span style="color: var(--highlight-keyword)"&gt;();&lt;/span&gt;&lt;/code&gt;&lt;/li&gt;
&lt;li&gt;&lt;code&gt;&lt;span style="color: var(--highlight-keyword)"&gt;&amp;nbsp;&amp;nbsp;&amp;nbsp;&amp;nbsp;&amp;nbsp;&amp;nbsp;&amp;nbsp;&amp;nbsp;&amp;nbsp;&amp;nbsp;&amp;nbsp;&amp;nbsp;&lt;/span&gt;&lt;span style="color: var(--highlight-default)"&gt;$this&lt;/span&gt;&lt;span style="color: var(--highlight-keyword)"&gt;-&amp;gt;&lt;/span&gt;&lt;span style="color: var(--highlight-default)"&gt;verifyMockObjects&lt;/span&gt;&lt;span style="color: var(--highlight-keyword)"&gt;();&lt;/span&gt;&lt;/code&gt;&lt;/li&gt;
&lt;li&gt;&lt;code&gt;&lt;span style="color: var(--highlight-keyword)"&gt;&lt;/span&gt;&lt;/code&gt;&lt;/li&gt;
&lt;li&gt;&lt;code&gt;&lt;span style="color: var(--highlight-keyword)"&gt;&amp;nbsp;&amp;nbsp;&amp;nbsp;&amp;nbsp;&amp;nbsp;&amp;nbsp;&amp;nbsp;&amp;nbsp;&amp;nbsp;&amp;nbsp;&amp;nbsp;&amp;nbsp;foreach&amp;nbsp;(&lt;/span&gt;&lt;span style="color: var(--highlight-default)"&gt;$hookMethods&lt;/span&gt;&lt;span style="color: var(--highlight-keyword)"&gt;[&lt;/span&gt;&lt;span style="color: var(--highlight-string)"&gt;'postCondition'&lt;/span&gt;&lt;span style="color: var(--highlight-keyword)"&gt;]&amp;nbsp;as&amp;nbsp;&lt;/span&gt;&lt;span style="color: var(--highlight-default)"&gt;$method&lt;/span&gt;&lt;span style="color: var(--highlight-keyword)"&gt;)&amp;nbsp;{&lt;/span&gt;&lt;/code&gt;&lt;/li&gt;
&lt;li&gt;&lt;code&gt;&lt;span style="color: var(--highlight-keyword)"&gt;&amp;nbsp;&amp;nbsp;&amp;nbsp;&amp;nbsp;&amp;nbsp;&amp;nbsp;&amp;nbsp;&amp;nbsp;&amp;nbsp;&amp;nbsp;&amp;nbsp;&amp;nbsp;&amp;nbsp;&amp;nbsp;&amp;nbsp;&amp;nbsp;&lt;/span&gt;&lt;span style="color: var(--highlight-default)"&gt;$this&lt;/span&gt;&lt;span style="color: var(--highlight-keyword)"&gt;-&amp;gt;{&lt;/span&gt;&lt;span style="color: var(--highlight-default)"&gt;$method&lt;/span&gt;&lt;span style="color: var(--highlight-keyword)"&gt;}();&lt;/span&gt;&lt;/code&gt;&lt;/li&gt;
&lt;li&gt;&lt;code&gt;&lt;span style="color: var(--highlight-keyword)"&gt;&amp;nbsp;&amp;nbsp;&amp;nbsp;&amp;nbsp;&amp;nbsp;&amp;nbsp;&amp;nbsp;&amp;nbsp;&amp;nbsp;&amp;nbsp;&amp;nbsp;&amp;nbsp;}&lt;/span&gt;&lt;/code&gt;&lt;/li&gt;&lt;/ol&gt;    &lt;/div&gt;            &lt;/div&gt;
                        &lt;div class="trace-line "&gt;
                &lt;div class="trace-line-header break-long-words sf-toggle" data-toggle-selector="#trace-html-1-14" data-toggle-initial=""&gt;
            &lt;span class="icon icon-close"&gt;&lt;svg width="1792" height="1792" viewBox="0 0 1792 1792" xmlns="http://www.w3.org/2000/svg"&gt;&lt;path d="M1408 960V832q0-26-19-45t-45-19H448q-26 0-45 19t-19 45v128q0 26 19 45t45 19h896q26 0 45-19t19-45zm256-544v960q0 119-84.5 203.5T1376 1664H416q-119 0-203.5-84.5T128 1376V416q0-119 84.5-203.5T416 128h960q119 0 203.5 84.5T1664 416z"/&gt;&lt;/svg&gt;&lt;/span&gt;
        &lt;span class="icon icon-open"&gt;&lt;svg width="1792" height="1792" viewBox="0 0 1792 1792" xmlns="http://www.w3.org/2000/svg"&gt;&lt;path d="M1408 960V832q0-26-19-45t-45-19h-320V448q0-26-19-45t-45-19H832q-26 0-45 19t-19 45v320H448q-26 0-45 19t-19 45v128q0 26 19 45t45 19h320v320q0 26 19 45t45 19h128q26 0 45-19t19-45v-320h320q26 0 45-19t19-45zm256-544v960q0 119-84.5 203.5T1376 1664H416q-119 0-203.5-84.5T128 1376V416q0-119 84.5-203.5T416 128h960q119 0 203.5 84.5T1664 416z"/&gt;&lt;/svg&gt;&lt;/span&gt;
    
            &lt;span class="trace-class"&gt;&lt;abbr title="PHPUnit\Framework\TestCase"&gt;TestCase&lt;/abbr&gt;&lt;/span&gt;&lt;span class="trace-type"&gt;-&gt;&lt;/span&gt;&lt;span class="trace-method"&gt;runBare&lt;/span&gt;&lt;span class="trace-arguments"&gt;()&lt;/span&gt;    
                    &lt;span class="block trace-file-path"&gt;
            in
            &lt;a href="file://C:\Users\sliti\Desktop\dev\esprit-PIDEV-3A16-2526-FARMIA\vendor\phpunit\phpunit\src\Framework\TestResult.php#L729"&gt;
                C:\Users\sliti\Desktop\dev\esprit-PIDEV-3A16-2526-FARMIA\vendor\phpunit\phpunit\src\Framework\&lt;strong&gt;TestResult.php&lt;/strong&gt;
            &lt;/a&gt;
                        (line 729)
            &lt;span class="icon icon-copy hidden" data-clipboard-text="C:\Users\sliti\Desktop\dev\esprit-PIDEV-3A16-2526-FARMIA\vendor\phpunit\phpunit\src\Framework\TestResult.php:729"&gt;
                &lt;svg xmlns="http://www.w3.org/2000/svg" height="24" viewBox="0 0 24 24" width="24"&gt;&lt;path d="M0 0h24v24H0z" fill="none"/&gt;&lt;path d="M16 1H4c-1.1 0-2 .9-2 2v14h2V3h12V1zm3 4H8c-1.1 0-2 .9-2 2v14c0 1.1.9 2 2 2h11c1.1 0 2-.9 2-2V7c0-1.1-.9-2-2-2zm0 16H8V7h11v14z"/&gt;&lt;/svg&gt;            &lt;/span&gt;
        &lt;/span&gt;
    &lt;/div&gt;
    &lt;div id="trace-html-1-14" class="trace-code sf-toggle-content"&gt;
        &lt;ol start="724"&gt;&lt;li&gt;&lt;code&gt;&lt;span style="color: var(--highlight-keyword)"&gt;&amp;nbsp;&amp;nbsp;&amp;nbsp;&amp;nbsp;&amp;nbsp;&amp;nbsp;&amp;nbsp;&amp;nbsp;&amp;nbsp;&amp;nbsp;&amp;nbsp;&amp;nbsp;&amp;nbsp;&amp;nbsp;&amp;nbsp;&amp;nbsp;&amp;nbsp;&amp;nbsp;&amp;nbsp;&amp;nbsp;&amp;nbsp;&amp;nbsp;&amp;nbsp;&amp;nbsp;&lt;/span&gt;&lt;span style="color: var(--highlight-default)"&gt;$_timeout&amp;nbsp;&lt;/span&gt;&lt;span style="color: var(--highlight-keyword)"&gt;=&amp;nbsp;&lt;/span&gt;&lt;span style="color: var(--highlight-default)"&gt;$this&lt;/span&gt;&lt;span style="color: var(--highlight-keyword)"&gt;-&amp;gt;&lt;/span&gt;&lt;span style="color: var(--highlight-default)"&gt;defaultTimeLimit&lt;/span&gt;&lt;span style="color: var(--highlight-keyword)"&gt;;&lt;/span&gt;&lt;/code&gt;&lt;/li&gt;
&lt;li&gt;&lt;code&gt;&lt;span style="color: var(--highlight-keyword)"&gt;&amp;nbsp;&amp;nbsp;&amp;nbsp;&amp;nbsp;&amp;nbsp;&amp;nbsp;&amp;nbsp;&amp;nbsp;&amp;nbsp;&amp;nbsp;&amp;nbsp;&amp;nbsp;&amp;nbsp;&amp;nbsp;&amp;nbsp;&amp;nbsp;}&lt;/span&gt;&lt;/code&gt;&lt;/li&gt;
&lt;li&gt;&lt;code&gt;&lt;span style="color: var(--highlight-keyword)"&gt;&lt;/span&gt;&lt;/code&gt;&lt;/li&gt;
&lt;li&gt;&lt;code&gt;&lt;span style="color: var(--highlight-keyword)"&gt;&amp;nbsp;&amp;nbsp;&amp;nbsp;&amp;nbsp;&amp;nbsp;&amp;nbsp;&amp;nbsp;&amp;nbsp;&amp;nbsp;&amp;nbsp;&amp;nbsp;&amp;nbsp;&amp;nbsp;&amp;nbsp;&amp;nbsp;&amp;nbsp;&lt;/span&gt;&lt;span style="color: var(--highlight-default)"&gt;$invoker&lt;/span&gt;&lt;span style="color: var(--highlight-keyword)"&gt;-&amp;gt;&lt;/span&gt;&lt;span style="color: var(--highlight-default)"&gt;invoke&lt;/span&gt;&lt;span style="color: var(--highlight-keyword)"&gt;([&lt;/span&gt;&lt;span style="color: var(--highlight-default)"&gt;$test&lt;/span&gt;&lt;span style="color: var(--highlight-keyword)"&gt;,&amp;nbsp;&lt;/span&gt;&lt;span style="color: var(--highlight-string)"&gt;'runBare'&lt;/span&gt;&lt;span style="color: var(--highlight-keyword)"&gt;],&amp;nbsp;[],&amp;nbsp;&lt;/span&gt;&lt;span style="color: var(--highlight-default)"&gt;$_timeout&lt;/span&gt;&lt;span style="color: var(--highlight-keyword)"&gt;);&lt;/span&gt;&lt;/code&gt;&lt;/li&gt;
&lt;li&gt;&lt;code&gt;&lt;span style="color: var(--highlight-keyword)"&gt;&amp;nbsp;&amp;nbsp;&amp;nbsp;&amp;nbsp;&amp;nbsp;&amp;nbsp;&amp;nbsp;&amp;nbsp;&amp;nbsp;&amp;nbsp;&amp;nbsp;&amp;nbsp;}&amp;nbsp;else&amp;nbsp;{&lt;/span&gt;&lt;/code&gt;&lt;/li&gt;
&lt;li class="selected"&gt;&lt;code&gt;&lt;span style="color: var(--highlight-keyword)"&gt;&amp;nbsp;&amp;nbsp;&amp;nbsp;&amp;nbsp;&amp;nbsp;&amp;nbsp;&amp;nbsp;&amp;nbsp;&amp;nbsp;&amp;nbsp;&amp;nbsp;&amp;nbsp;&amp;nbsp;&amp;nbsp;&amp;nbsp;&amp;nbsp;&lt;/span&gt;&lt;span style="color: var(--highlight-default)"&gt;$test&lt;/span&gt;&lt;span style="color: var(--highlight-keyword)"&gt;-&amp;gt;&lt;/span&gt;&lt;span style="color: var(--highlight-default)"&gt;runBare&lt;/span&gt;&lt;span style="color: var(--highlight-keyword)"&gt;();&lt;/span&gt;&lt;/code&gt;&lt;/li&gt;
&lt;li&gt;&lt;code&gt;&lt;span style="color: var(--highlight-keyword)"&gt;&amp;nbsp;&amp;nbsp;&amp;nbsp;&amp;nbsp;&amp;nbsp;&amp;nbsp;&amp;nbsp;&amp;nbsp;&amp;nbsp;&amp;nbsp;&amp;nbsp;&amp;nbsp;}&lt;/span&gt;&lt;/code&gt;&lt;/li&gt;
&lt;li&gt;&lt;code&gt;&lt;span style="color: var(--highlight-keyword)"&gt;&amp;nbsp;&amp;nbsp;&amp;nbsp;&amp;nbsp;&amp;nbsp;&amp;nbsp;&amp;nbsp;&amp;nbsp;}&amp;nbsp;catch&amp;nbsp;(&lt;/span&gt;&lt;span style="color: var(--highlight-default)"&gt;TimeoutException&amp;nbsp;$e&lt;/span&gt;&lt;span style="color: var(--highlight-keyword)"&gt;)&amp;nbsp;{&lt;/span&gt;&lt;/code&gt;&lt;/li&gt;
&lt;li&gt;&lt;code&gt;&lt;span style="color: var(--highlight-keyword)"&gt;&amp;nbsp;&amp;nbsp;&amp;nbsp;&amp;nbsp;&amp;nbsp;&amp;nbsp;&amp;nbsp;&amp;nbsp;&amp;nbsp;&amp;nbsp;&amp;nbsp;&amp;nbsp;&lt;/span&gt;&lt;span style="color: var(--highlight-default)"&gt;$this&lt;/span&gt;&lt;span style="color: var(--highlight-keyword)"&gt;-&amp;gt;&lt;/span&gt;&lt;span style="color: var(--highlight-default)"&gt;addFailure&lt;/span&gt;&lt;span style="color: var(--highlight-keyword)"&gt;(&lt;/span&gt;&lt;/code&gt;&lt;/li&gt;
&lt;li&gt;&lt;code&gt;&lt;span style="color: var(--highlight-keyword)"&gt;&amp;nbsp;&amp;nbsp;&amp;nbsp;&amp;nbsp;&amp;nbsp;&amp;nbsp;&amp;nbsp;&amp;nbsp;&amp;nbsp;&amp;nbsp;&amp;nbsp;&amp;nbsp;&amp;nbsp;&amp;nbsp;&amp;nbsp;&amp;nbsp;&lt;/span&gt;&lt;span style="color: var(--highlight-default)"&gt;$test&lt;/span&gt;&lt;span style="color: var(--highlight-keyword)"&gt;,&lt;/span&gt;&lt;/code&gt;&lt;/li&gt;
&lt;li&gt;&lt;code&gt;&lt;span style="color: var(--highlight-keyword)"&gt;&amp;nbsp;&amp;nbsp;&amp;nbsp;&amp;nbsp;&amp;nbsp;&amp;nbsp;&amp;nbsp;&amp;nbsp;&amp;nbsp;&amp;nbsp;&amp;nbsp;&amp;nbsp;&amp;nbsp;&amp;nbsp;&amp;nbsp;&amp;nbsp;new&amp;nbsp;&lt;/span&gt;&lt;span style="color: var(--highlight-default)"&gt;RiskyTestError&lt;/span&gt;&lt;span style="color: var(--highlight-keyword)"&gt;(&lt;/span&gt;&lt;/code&gt;&lt;/li&gt;&lt;/ol&gt;    &lt;/div&gt;            &lt;/div&gt;
                        &lt;div class="trace-line "&gt;
                &lt;div class="trace-line-header break-long-words sf-toggle" data-toggle-selector="#trace-html-1-15" data-toggle-initial=""&gt;
            &lt;span class="icon icon-close"&gt;&lt;svg width="1792" height="1792" viewBox="0 0 1792 1792" xmlns="http://www.w3.org/2000/svg"&gt;&lt;path d="M1408 960V832q0-26-19-45t-45-19H448q-26 0-45 19t-19 45v128q0 26 19 45t45 19h896q26 0 45-19t19-45zm256-544v960q0 119-84.5 203.5T1376 1664H416q-119 0-203.5-84.5T128 1376V416q0-119 84.5-203.5T416 128h960q119 0 203.5 84.5T1664 416z"/&gt;&lt;/svg&gt;&lt;/span&gt;
        &lt;span class="icon icon-open"&gt;&lt;svg width="1792" height="1792" viewBox="0 0 1792 1792" xmlns="http://www.w3.org/2000/svg"&gt;&lt;path d="M1408 960V832q0-26-19-45t-45-19h-320V448q0-26-19-45t-45-19H832q-26 0-45 19t-19 45v320H448q-26 0-45 19t-19 45v128q0 26 19 45t45 19h320v320q0 26 19 45t45 19h128q26 0 45-19t19-45v-320h320q26 0 45-19t19-45zm256-544v960q0 119-84.5 203.5T1376 1664H416q-119 0-203.5-84.5T128 1376V416q0-119 84.5-203.5T416 128h960q119 0 203.5 84.5T1664 416z"/&gt;&lt;/svg&gt;&lt;/span&gt;
    
            &lt;span class="trace-class"&gt;&lt;abbr title="PHPUnit\Framework\TestResult"&gt;TestResult&lt;/abbr&gt;&lt;/span&gt;&lt;span class="trace-type"&gt;-&gt;&lt;/span&gt;&lt;span class="trace-method"&gt;run&lt;/span&gt;&lt;span class="trace-arguments"&gt;(&lt;em&gt;object&lt;/em&gt;(&lt;abbr title="App\Tests\Functional\Controller\ExpertAnalyseControllerTest"&gt;ExpertAnalyseControllerTest&lt;/abbr&gt;))&lt;/span&gt;    
                    &lt;span class="block trace-file-path"&gt;
            in
            &lt;a href="file://C:\Users\sliti\Desktop\dev\esprit-PIDEV-3A16-2526-FARMIA\vendor\phpunit\phpunit\src\Framework\TestCase.php#L973"&gt;
                C:\Users\sliti\Desktop\dev\esprit-PIDEV-3A16-2526-FARMIA\vendor\phpunit\phpunit\src\Framework\&lt;strong&gt;TestCase.php&lt;/strong&gt;
            &lt;/a&gt;
                        (line 973)
            &lt;span class="icon icon-copy hidden" data-clipboard-text="C:\Users\sliti\Desktop\dev\esprit-PIDEV-3A16-2526-FARMIA\vendor\phpunit\phpunit\src\Framework\TestCase.php:973"&gt;
                &lt;svg xmlns="http://www.w3.org/2000/svg" height="24" viewBox="0 0 24 24" width="24"&gt;&lt;path d="M0 0h24v24H0z" fill="none"/&gt;&lt;path d="M16 1H4c-1.1 0-2 .9-2 2v14h2V3h12V1zm3 4H8c-1.1 0-2 .9-2 2v14c0 1.1.9 2 2 2h11c1.1 0 2-.9 2-2V7c0-1.1-.9-2-2-2zm0 16H8V7h11v14z"/&gt;&lt;/svg&gt;            &lt;/span&gt;
        &lt;/span&gt;
    &lt;/div&gt;
    &lt;div id="trace-html-1-15" class="trace-code sf-toggle-content"&gt;
        &lt;ol start="968"&gt;&lt;li&gt;&lt;code&gt;&lt;span style="color: var(--highlight-keyword)"&gt;&amp;nbsp;&amp;nbsp;&amp;nbsp;&amp;nbsp;&amp;nbsp;&amp;nbsp;&amp;nbsp;&amp;nbsp;&amp;nbsp;&amp;nbsp;&amp;nbsp;&amp;nbsp;&lt;/span&gt;&lt;span style="color: var(--highlight-default)"&gt;$template&lt;/span&gt;&lt;span style="color: var(--highlight-keyword)"&gt;-&amp;gt;&lt;/span&gt;&lt;span style="color: var(--highlight-default)"&gt;setVar&lt;/span&gt;&lt;span style="color: var(--highlight-keyword)"&gt;(&lt;/span&gt;&lt;span style="color: var(--highlight-default)"&gt;$var&lt;/span&gt;&lt;span style="color: var(--highlight-keyword)"&gt;);&lt;/span&gt;&lt;/code&gt;&lt;/li&gt;
&lt;li&gt;&lt;code&gt;&lt;span style="color: var(--highlight-keyword)"&gt;&lt;/span&gt;&lt;/code&gt;&lt;/li&gt;
&lt;li&gt;&lt;code&gt;&lt;span style="color: var(--highlight-keyword)"&gt;&amp;nbsp;&amp;nbsp;&amp;nbsp;&amp;nbsp;&amp;nbsp;&amp;nbsp;&amp;nbsp;&amp;nbsp;&amp;nbsp;&amp;nbsp;&amp;nbsp;&amp;nbsp;&lt;/span&gt;&lt;span style="color: var(--highlight-default)"&gt;$php&amp;nbsp;&lt;/span&gt;&lt;span style="color: var(--highlight-keyword)"&gt;=&amp;nbsp;&lt;/span&gt;&lt;span style="color: var(--highlight-default)"&gt;AbstractPhpProcess&lt;/span&gt;&lt;span style="color: var(--highlight-keyword)"&gt;::&lt;/span&gt;&lt;span style="color: var(--highlight-default)"&gt;factory&lt;/span&gt;&lt;span style="color: var(--highlight-keyword)"&gt;();&lt;/span&gt;&lt;/code&gt;&lt;/li&gt;
&lt;li&gt;&lt;code&gt;&lt;span style="color: var(--highlight-keyword)"&gt;&amp;nbsp;&amp;nbsp;&amp;nbsp;&amp;nbsp;&amp;nbsp;&amp;nbsp;&amp;nbsp;&amp;nbsp;&amp;nbsp;&amp;nbsp;&amp;nbsp;&amp;nbsp;&lt;/span&gt;&lt;span style="color: var(--highlight-default)"&gt;$php&lt;/span&gt;&lt;span style="color: var(--highlight-keyword)"&gt;-&amp;gt;&lt;/span&gt;&lt;span style="color: var(--highlight-default)"&gt;runTestJob&lt;/span&gt;&lt;span style="color: var(--highlight-keyword)"&gt;(&lt;/span&gt;&lt;span style="color: var(--highlight-default)"&gt;$template&lt;/span&gt;&lt;span style="color: var(--highlight-keyword)"&gt;-&amp;gt;&lt;/span&gt;&lt;span style="color: var(--highlight-default)"&gt;render&lt;/span&gt;&lt;span style="color: var(--highlight-keyword)"&gt;(),&amp;nbsp;&lt;/span&gt;&lt;span style="color: var(--highlight-default)"&gt;$this&lt;/span&gt;&lt;span style="color: var(--highlight-keyword)"&gt;,&amp;nbsp;&lt;/span&gt;&lt;span style="color: var(--highlight-default)"&gt;$result&lt;/span&gt;&lt;span style="color: var(--highlight-keyword)"&gt;,&amp;nbsp;&lt;/span&gt;&lt;span style="color: var(--highlight-default)"&gt;$processResultFile&lt;/span&gt;&lt;span style="color: var(--highlight-keyword)"&gt;);&lt;/span&gt;&lt;/code&gt;&lt;/li&gt;
&lt;li&gt;&lt;code&gt;&lt;span style="color: var(--highlight-keyword)"&gt;&amp;nbsp;&amp;nbsp;&amp;nbsp;&amp;nbsp;&amp;nbsp;&amp;nbsp;&amp;nbsp;&amp;nbsp;}&amp;nbsp;else&amp;nbsp;{&lt;/span&gt;&lt;/code&gt;&lt;/li&gt;
&lt;li class="selected"&gt;&lt;code&gt;&lt;span style="color: var(--highlight-keyword)"&gt;&amp;nbsp;&amp;nbsp;&amp;nbsp;&amp;nbsp;&amp;nbsp;&amp;nbsp;&amp;nbsp;&amp;nbsp;&amp;nbsp;&amp;nbsp;&amp;nbsp;&amp;nbsp;&lt;/span&gt;&lt;span style="color: var(--highlight-default)"&gt;$result&lt;/span&gt;&lt;span style="color: var(--highlight-keyword)"&gt;-&amp;gt;&lt;/span&gt;&lt;span style="color: var(--highlight-default)"&gt;run&lt;/span&gt;&lt;span style="color: var(--highlight-keyword)"&gt;(&lt;/span&gt;&lt;span style="color: var(--highlight-default)"&gt;$this&lt;/span&gt;&lt;span style="color: var(--highlight-keyword)"&gt;);&lt;/span&gt;&lt;/code&gt;&lt;/li&gt;
&lt;li&gt;&lt;code&gt;&lt;span style="color: var(--highlight-keyword)"&gt;&amp;nbsp;&amp;nbsp;&amp;nbsp;&amp;nbsp;&amp;nbsp;&amp;nbsp;&amp;nbsp;&amp;nbsp;}&lt;/span&gt;&lt;/code&gt;&lt;/li&gt;
&lt;li&gt;&lt;code&gt;&lt;span style="color: var(--highlight-keyword)"&gt;&lt;/span&gt;&lt;/code&gt;&lt;/li&gt;
&lt;li&gt;&lt;code&gt;&lt;span style="color: var(--highlight-keyword)"&gt;&amp;nbsp;&amp;nbsp;&amp;nbsp;&amp;nbsp;&amp;nbsp;&amp;nbsp;&amp;nbsp;&amp;nbsp;&lt;/span&gt;&lt;span style="color: var(--highlight-default)"&gt;$this&lt;/span&gt;&lt;span style="color: var(--highlight-keyword)"&gt;-&amp;gt;&lt;/span&gt;&lt;span style="color: var(--highlight-default)"&gt;result&amp;nbsp;&lt;/span&gt;&lt;span style="color: var(--highlight-keyword)"&gt;=&amp;nbsp;&lt;/span&gt;&lt;span style="color: var(--highlight-default)"&gt;null&lt;/span&gt;&lt;span style="color: var(--highlight-keyword)"&gt;;&lt;/span&gt;&lt;/code&gt;&lt;/li&gt;
&lt;li&gt;&lt;code&gt;&lt;span style="color: var(--highlight-keyword)"&gt;&lt;/span&gt;&lt;/code&gt;&lt;/li&gt;
&lt;li&gt;&lt;code&gt;&lt;span style="color: var(--highlight-keyword)"&gt;&amp;nbsp;&amp;nbsp;&amp;nbsp;&amp;nbsp;&amp;nbsp;&amp;nbsp;&amp;nbsp;&amp;nbsp;return&amp;nbsp;&lt;/span&gt;&lt;span style="color: var(--highlight-default)"&gt;$result&lt;/span&gt;&lt;span style="color: var(--highlight-keyword)"&gt;;&lt;/span&gt;&lt;/code&gt;&lt;/li&gt;&lt;/ol&gt;    &lt;/div&gt;            &lt;/div&gt;
                        &lt;div class="trace-line "&gt;
                &lt;div class="trace-line-header break-long-words sf-toggle" data-toggle-selector="#trace-html-1-16" data-toggle-initial=""&gt;
            &lt;span class="icon icon-close"&gt;&lt;svg width="1792" height="1792" viewBox="0 0 1792 1792" xmlns="http://www.w3.org/2000/svg"&gt;&lt;path d="M1408 960V832q0-26-19-45t-45-19H448q-26 0-45 19t-19 45v128q0 26 19 45t45 19h896q26 0 45-19t19-45zm256-544v960q0 119-84.5 203.5T1376 1664H416q-119 0-203.5-84.5T128 1376V416q0-119 84.5-203.5T416 128h960q119 0 203.5 84.5T1664 416z"/&gt;&lt;/svg&gt;&lt;/span&gt;
        &lt;span class="icon icon-open"&gt;&lt;svg width="1792" height="1792" viewBox="0 0 1792 1792" xmlns="http://www.w3.org/2000/svg"&gt;&lt;path d="M1408 960V832q0-26-19-45t-45-19h-320V448q0-26-19-45t-45-19H832q-26 0-45 19t-19 45v320H448q-26 0-45 19t-19 45v128q0 26 19 45t45 19h320v320q0 26 19 45t45 19h128q26 0 45-19t19-45v-320h320q26 0 45-19t19-45zm256-544v960q0 119-84.5 203.5T1376 1664H416q-119 0-203.5-84.5T128 1376V416q0-119 84.5-203.5T416 128h960q119 0 203.5 84.5T1664 416z"/&gt;&lt;/svg&gt;&lt;/span&gt;
    
            &lt;span class="trace-class"&gt;&lt;abbr title="PHPUnit\Framework\TestCase"&gt;TestCase&lt;/abbr&gt;&lt;/span&gt;&lt;span class="trace-type"&gt;-&gt;&lt;/span&gt;&lt;span class="trace-method"&gt;run&lt;/span&gt;&lt;span class="trace-arguments"&gt;(&lt;em&gt;object&lt;/em&gt;(&lt;abbr title="PHPUnit\Framework\TestResult"&gt;TestResult&lt;/abbr&gt;))&lt;/span&gt;    
                    &lt;span class="block trace-file-path"&gt;
            in
            &lt;a href="file://C:\Users\sliti\Desktop\dev\esprit-PIDEV-3A16-2526-FARMIA\vendor\phpunit\phpunit\src\Framework\TestSuite.php#L685"&gt;
                C:\Users\sliti\Desktop\dev\esprit-PIDEV-3A16-2526-FARMIA\vendor\phpunit\phpunit\src\Framework\&lt;strong&gt;TestSuite.php&lt;/strong&gt;
            &lt;/a&gt;
                        (line 685)
            &lt;span class="icon icon-copy hidden" data-clipboard-text="C:\Users\sliti\Desktop\dev\esprit-PIDEV-3A16-2526-FARMIA\vendor\phpunit\phpunit\src\Framework\TestSuite.php:685"&gt;
                &lt;svg xmlns="http://www.w3.org/2000/svg" height="24" viewBox="0 0 24 24" width="24"&gt;&lt;path d="M0 0h24v24H0z" fill="none"/&gt;&lt;path d="M16 1H4c-1.1 0-2 .9-2 2v14h2V3h12V1zm3 4H8c-1.1 0-2 .9-2 2v14c0 1.1.9 2 2 2h11c1.1 0 2-.9 2-2V7c0-1.1-.9-2-2-2zm0 16H8V7h11v14z"/&gt;&lt;/svg&gt;            &lt;/span&gt;
        &lt;/span&gt;
    &lt;/div&gt;
    &lt;div id="trace-html-1-16" class="trace-code sf-toggle-content"&gt;
        &lt;ol start="680"&gt;&lt;li&gt;&lt;code&gt;&lt;span style="color: var(--highlight-keyword)"&gt;&amp;nbsp;&amp;nbsp;&amp;nbsp;&amp;nbsp;&amp;nbsp;&amp;nbsp;&amp;nbsp;&amp;nbsp;&amp;nbsp;&amp;nbsp;&amp;nbsp;&amp;nbsp;&amp;nbsp;&amp;nbsp;&amp;nbsp;&amp;nbsp;&lt;/span&gt;&lt;span style="color: var(--highlight-default)"&gt;$test&lt;/span&gt;&lt;span style="color: var(--highlight-keyword)"&gt;-&amp;gt;&lt;/span&gt;&lt;span style="color: var(--highlight-default)"&gt;setBackupGlobals&lt;/span&gt;&lt;span style="color: var(--highlight-keyword)"&gt;(&lt;/span&gt;&lt;span style="color: var(--highlight-default)"&gt;$this&lt;/span&gt;&lt;span style="color: var(--highlight-keyword)"&gt;-&amp;gt;&lt;/span&gt;&lt;span style="color: var(--highlight-default)"&gt;backupGlobals&lt;/span&gt;&lt;span style="color: var(--highlight-keyword)"&gt;);&lt;/span&gt;&lt;/code&gt;&lt;/li&gt;
&lt;li&gt;&lt;code&gt;&lt;span style="color: var(--highlight-keyword)"&gt;&amp;nbsp;&amp;nbsp;&amp;nbsp;&amp;nbsp;&amp;nbsp;&amp;nbsp;&amp;nbsp;&amp;nbsp;&amp;nbsp;&amp;nbsp;&amp;nbsp;&amp;nbsp;&amp;nbsp;&amp;nbsp;&amp;nbsp;&amp;nbsp;&lt;/span&gt;&lt;span style="color: var(--highlight-default)"&gt;$test&lt;/span&gt;&lt;span style="color: var(--highlight-keyword)"&gt;-&amp;gt;&lt;/span&gt;&lt;span style="color: var(--highlight-default)"&gt;setBackupStaticAttributes&lt;/span&gt;&lt;span style="color: var(--highlight-keyword)"&gt;(&lt;/span&gt;&lt;span style="color: var(--highlight-default)"&gt;$this&lt;/span&gt;&lt;span style="color: var(--highlight-keyword)"&gt;-&amp;gt;&lt;/span&gt;&lt;span style="color: var(--highlight-default)"&gt;backupStaticAttributes&lt;/span&gt;&lt;span style="color: var(--highlight-keyword)"&gt;);&lt;/span&gt;&lt;/code&gt;&lt;/li&gt;
&lt;li&gt;&lt;code&gt;&lt;span style="color: var(--highlight-keyword)"&gt;&amp;nbsp;&amp;nbsp;&amp;nbsp;&amp;nbsp;&amp;nbsp;&amp;nbsp;&amp;nbsp;&amp;nbsp;&amp;nbsp;&amp;nbsp;&amp;nbsp;&amp;nbsp;&amp;nbsp;&amp;nbsp;&amp;nbsp;&amp;nbsp;&lt;/span&gt;&lt;span style="color: var(--highlight-default)"&gt;$test&lt;/span&gt;&lt;span style="color: var(--highlight-keyword)"&gt;-&amp;gt;&lt;/span&gt;&lt;span style="color: var(--highlight-default)"&gt;setRunTestInSeparateProcess&lt;/span&gt;&lt;span style="color: var(--highlight-keyword)"&gt;(&lt;/span&gt;&lt;span style="color: var(--highlight-default)"&gt;$this&lt;/span&gt;&lt;span style="color: var(--highlight-keyword)"&gt;-&amp;gt;&lt;/span&gt;&lt;span style="color: var(--highlight-default)"&gt;runTestInSeparateProcess&lt;/span&gt;&lt;span style="color: var(--highlight-keyword)"&gt;);&lt;/span&gt;&lt;/code&gt;&lt;/li&gt;
&lt;li&gt;&lt;code&gt;&lt;span style="color: var(--highlight-keyword)"&gt;&amp;nbsp;&amp;nbsp;&amp;nbsp;&amp;nbsp;&amp;nbsp;&amp;nbsp;&amp;nbsp;&amp;nbsp;&amp;nbsp;&amp;nbsp;&amp;nbsp;&amp;nbsp;}&lt;/span&gt;&lt;/code&gt;&lt;/li&gt;
&lt;li&gt;&lt;code&gt;&lt;span style="color: var(--highlight-keyword)"&gt;&lt;/span&gt;&lt;/code&gt;&lt;/li&gt;
&lt;li class="selected"&gt;&lt;code&gt;&lt;span style="color: var(--highlight-keyword)"&gt;&amp;nbsp;&amp;nbsp;&amp;nbsp;&amp;nbsp;&amp;nbsp;&amp;nbsp;&amp;nbsp;&amp;nbsp;&amp;nbsp;&amp;nbsp;&amp;nbsp;&amp;nbsp;&lt;/span&gt;&lt;span style="color: var(--highlight-default)"&gt;$test&lt;/span&gt;&lt;span style="color: var(--highlight-keyword)"&gt;-&amp;gt;&lt;/span&gt;&lt;span style="color: var(--highlight-default)"&gt;run&lt;/span&gt;&lt;span style="color: var(--highlight-keyword)"&gt;(&lt;/span&gt;&lt;span style="color: var(--highlight-default)"&gt;$result&lt;/span&gt;&lt;span style="color: var(--highlight-keyword)"&gt;);&lt;/span&gt;&lt;/code&gt;&lt;/li&gt;
&lt;li&gt;&lt;code&gt;&lt;span style="color: var(--highlight-keyword)"&gt;&amp;nbsp;&amp;nbsp;&amp;nbsp;&amp;nbsp;&amp;nbsp;&amp;nbsp;&amp;nbsp;&amp;nbsp;}&lt;/span&gt;&lt;/code&gt;&lt;/li&gt;
&lt;li&gt;&lt;code&gt;&lt;span style="color: var(--highlight-keyword)"&gt;&lt;/span&gt;&lt;/code&gt;&lt;/li&gt;
&lt;li&gt;&lt;code&gt;&lt;span style="color: var(--highlight-keyword)"&gt;&amp;nbsp;&amp;nbsp;&amp;nbsp;&amp;nbsp;&amp;nbsp;&amp;nbsp;&amp;nbsp;&amp;nbsp;if&amp;nbsp;(&lt;/span&gt;&lt;span style="color: var(--highlight-default)"&gt;$this&lt;/span&gt;&lt;span style="color: var(--highlight-keyword)"&gt;-&amp;gt;&lt;/span&gt;&lt;span style="color: var(--highlight-default)"&gt;testCase&amp;nbsp;&lt;/span&gt;&lt;span style="color: var(--highlight-keyword)"&gt;&amp;amp;&amp;amp;&amp;nbsp;&lt;/span&gt;&lt;span style="color: var(--highlight-default)"&gt;class_exists&lt;/span&gt;&lt;span style="color: var(--highlight-keyword)"&gt;(&lt;/span&gt;&lt;span style="color: var(--highlight-default)"&gt;$this&lt;/span&gt;&lt;span style="color: var(--highlight-keyword)"&gt;-&amp;gt;&lt;/span&gt;&lt;span style="color: var(--highlight-default)"&gt;name&lt;/span&gt;&lt;span style="color: var(--highlight-keyword)"&gt;,&amp;nbsp;&lt;/span&gt;&lt;span style="color: var(--highlight-default)"&gt;false&lt;/span&gt;&lt;span style="color: var(--highlight-keyword)"&gt;))&amp;nbsp;{&lt;/span&gt;&lt;/code&gt;&lt;/li&gt;
&lt;li&gt;&lt;code&gt;&lt;span style="color: var(--highlight-keyword)"&gt;&amp;nbsp;&amp;nbsp;&amp;nbsp;&amp;nbsp;&amp;nbsp;&amp;nbsp;&amp;nbsp;&amp;nbsp;&amp;nbsp;&amp;nbsp;&amp;nbsp;&amp;nbsp;foreach&amp;nbsp;(&lt;/span&gt;&lt;span style="color: var(--highlight-default)"&gt;$hookMethods&lt;/span&gt;&lt;span style="color: var(--highlight-keyword)"&gt;[&lt;/span&gt;&lt;span style="color: var(--highlight-string)"&gt;'afterClass'&lt;/span&gt;&lt;span style="color: var(--highlight-keyword)"&gt;]&amp;nbsp;as&amp;nbsp;&lt;/span&gt;&lt;span style="color: var(--highlight-default)"&gt;$afterClassMethod&lt;/span&gt;&lt;span style="color: var(--highlight-keyword)"&gt;)&amp;nbsp;{&lt;/span&gt;&lt;/code&gt;&lt;/li&gt;
&lt;li&gt;&lt;code&gt;&lt;span style="color: var(--highlight-keyword)"&gt;&amp;nbsp;&amp;nbsp;&amp;nbsp;&amp;nbsp;&amp;nbsp;&amp;nbsp;&amp;nbsp;&amp;nbsp;&amp;nbsp;&amp;nbsp;&amp;nbsp;&amp;nbsp;&amp;nbsp;&amp;nbsp;&amp;nbsp;&amp;nbsp;if&amp;nbsp;(&lt;/span&gt;&lt;span style="color: var(--highlight-default)"&gt;method_exists&lt;/span&gt;&lt;span style="color: var(--highlight-keyword)"&gt;(&lt;/span&gt;&lt;span style="color: var(--highlight-default)"&gt;$this&lt;/span&gt;&lt;span style="color: var(--highlight-keyword)"&gt;-&amp;gt;&lt;/span&gt;&lt;span style="color: var(--highlight-default)"&gt;name&lt;/span&gt;&lt;span style="color: var(--highlight-keyword)"&gt;,&amp;nbsp;&lt;/span&gt;&lt;span style="color: var(--highlight-default)"&gt;$afterClassMethod&lt;/span&gt;&lt;span style="color: var(--highlight-keyword)"&gt;))&amp;nbsp;{&lt;/span&gt;&lt;/code&gt;&lt;/li&gt;&lt;/ol&gt;    &lt;/div&gt;            &lt;/div&gt;
                        &lt;div class="trace-line "&gt;
                &lt;div class="trace-line-header break-long-words sf-toggle" data-toggle-selector="#trace-html-1-17" data-toggle-initial=""&gt;
            &lt;span class="icon icon-close"&gt;&lt;svg width="1792" height="1792" viewBox="0 0 1792 1792" xmlns="http://www.w3.org/2000/svg"&gt;&lt;path d="M1408 960V832q0-26-19-45t-45-19H448q-26 0-45 19t-19 45v128q0 26 19 45t45 19h896q26 0 45-19t19-45zm256-544v960q0 119-84.5 203.5T1376 1664H416q-119 0-203.5-84.5T128 1376V416q0-119 84.5-203.5T416 128h960q119 0 203.5 84.5T1664 416z"/&gt;&lt;/svg&gt;&lt;/span&gt;
        &lt;span class="icon icon-open"&gt;&lt;svg width="1792" height="1792" viewBox="0 0 1792 1792" xmlns="http://www.w3.org/2000/svg"&gt;&lt;path d="M1408 960V832q0-26-19-45t-45-19h-320V448q0-26-19-45t-45-19H832q-26 0-45 19t-19 45v320H448q-26 0-45 19t-19 45v128q0 26 19 45t45 19h320v320q0 26 19 45t45 19h128q26 0 45-19t19-45v-320h320q26 0 45-19t19-45zm256-544v960q0 119-84.5 203.5T1376 1664H416q-119 0-203.5-84.5T128 1376V416q0-119 84.5-203.5T416 128h960q119 0 203.5 84.5T1664 416z"/&gt;&lt;/svg&gt;&lt;/span&gt;
    
            &lt;span class="trace-class"&gt;&lt;abbr title="PHPUnit\Framework\TestSuite"&gt;TestSuite&lt;/abbr&gt;&lt;/span&gt;&lt;span class="trace-type"&gt;-&gt;&lt;/span&gt;&lt;span class="trace-method"&gt;run&lt;/span&gt;&lt;span class="trace-arguments"&gt;(&lt;em&gt;object&lt;/em&gt;(&lt;abbr title="PHPUnit\Framework\TestResult"&gt;TestResult&lt;/abbr&gt;))&lt;/span&gt;    
                    &lt;span class="block trace-file-path"&gt;
            in
            &lt;a href="file://C:\Users\sliti\Desktop\dev\esprit-PIDEV-3A16-2526-FARMIA\vendor\phpunit\phpunit\src\Framework\TestSuite.php#L685"&gt;
                C:\Users\sliti\Desktop\dev\esprit-PIDEV-3A16-2526-FARMIA\vendor\phpunit\phpunit\src\Framework\&lt;strong&gt;TestSuite.php&lt;/strong&gt;
            &lt;/a&gt;
                        (line 685)
            &lt;span class="icon icon-copy hidden" data-clipboard-text="C:\Users\sliti\Desktop\dev\esprit-PIDEV-3A16-2526-FARMIA\vendor\phpunit\phpunit\src\Framework\TestSuite.php:685"&gt;
                &lt;svg xmlns="http://www.w3.org/2000/svg" height="24" viewBox="0 0 24 24" width="24"&gt;&lt;path d="M0 0h24v24H0z" fill="none"/&gt;&lt;path d="M16 1H4c-1.1 0-2 .9-2 2v14h2V3h12V1zm3 4H8c-1.1 0-2 .9-2 2v14c0 1.1.9 2 2 2h11c1.1 0 2-.9 2-2V7c0-1.1-.9-2-2-2zm0 16H8V7h11v14z"/&gt;&lt;/svg&gt;            &lt;/span&gt;
        &lt;/span&gt;
    &lt;/div&gt;
    &lt;div id="trace-html-1-17" class="trace-code sf-toggle-content"&gt;
        &lt;ol start="680"&gt;&lt;li&gt;&lt;code&gt;&lt;span style="color: var(--highlight-keyword)"&gt;&amp;nbsp;&amp;nbsp;&amp;nbsp;&amp;nbsp;&amp;nbsp;&amp;nbsp;&amp;nbsp;&amp;nbsp;&amp;nbsp;&amp;nbsp;&amp;nbsp;&amp;nbsp;&amp;nbsp;&amp;nbsp;&amp;nbsp;&amp;nbsp;&lt;/span&gt;&lt;span style="color: var(--highlight-default)"&gt;$test&lt;/span&gt;&lt;span style="color: var(--highlight-keyword)"&gt;-&amp;gt;&lt;/span&gt;&lt;span style="color: var(--highlight-default)"&gt;setBackupGlobals&lt;/span&gt;&lt;span style="color: var(--highlight-keyword)"&gt;(&lt;/span&gt;&lt;span style="color: var(--highlight-default)"&gt;$this&lt;/span&gt;&lt;span style="color: var(--highlight-keyword)"&gt;-&amp;gt;&lt;/span&gt;&lt;span style="color: var(--highlight-default)"&gt;backupGlobals&lt;/span&gt;&lt;span style="color: var(--highlight-keyword)"&gt;);&lt;/span&gt;&lt;/code&gt;&lt;/li&gt;
&lt;li&gt;&lt;code&gt;&lt;span style="color: var(--highlight-keyword)"&gt;&amp;nbsp;&amp;nbsp;&amp;nbsp;&amp;nbsp;&amp;nbsp;&amp;nbsp;&amp;nbsp;&amp;nbsp;&amp;nbsp;&amp;nbsp;&amp;nbsp;&amp;nbsp;&amp;nbsp;&amp;nbsp;&amp;nbsp;&amp;nbsp;&lt;/span&gt;&lt;span style="color: var(--highlight-default)"&gt;$test&lt;/span&gt;&lt;span style="color: var(--highlight-keyword)"&gt;-&amp;gt;&lt;/span&gt;&lt;span style="color: var(--highlight-default)"&gt;setBackupStaticAttributes&lt;/span&gt;&lt;span style="color: var(--highlight-keyword)"&gt;(&lt;/span&gt;&lt;span style="color: var(--highlight-default)"&gt;$this&lt;/span&gt;&lt;span style="color: var(--highlight-keyword)"&gt;-&amp;gt;&lt;/span&gt;&lt;span style="color: var(--highlight-default)"&gt;backupStaticAttributes&lt;/span&gt;&lt;span style="color: var(--highlight-keyword)"&gt;);&lt;/span&gt;&lt;/code&gt;&lt;/li&gt;
&lt;li&gt;&lt;code&gt;&lt;span style="color: var(--highlight-keyword)"&gt;&amp;nbsp;&amp;nbsp;&amp;nbsp;&amp;nbsp;&amp;nbsp;&amp;nbsp;&amp;nbsp;&amp;nbsp;&amp;nbsp;&amp;nbsp;&amp;nbsp;&amp;nbsp;&amp;nbsp;&amp;nbsp;&amp;nbsp;&amp;nbsp;&lt;/span&gt;&lt;span style="color: var(--highlight-default)"&gt;$test&lt;/span&gt;&lt;span style="color: var(--highlight-keyword)"&gt;-&amp;gt;&lt;/span&gt;&lt;span style="color: var(--highlight-default)"&gt;setRunTestInSeparateProcess&lt;/span&gt;&lt;span style="color: var(--highlight-keyword)"&gt;(&lt;/span&gt;&lt;span style="color: var(--highlight-default)"&gt;$this&lt;/span&gt;&lt;span style="color: var(--highlight-keyword)"&gt;-&amp;gt;&lt;/span&gt;&lt;span style="color: var(--highlight-default)"&gt;runTestInSeparateProcess&lt;/span&gt;&lt;span style="color: var(--highlight-keyword)"&gt;);&lt;/span&gt;&lt;/code&gt;&lt;/li&gt;
&lt;li&gt;&lt;code&gt;&lt;span style="color: var(--highlight-keyword)"&gt;&amp;nbsp;&amp;nbsp;&amp;nbsp;&amp;nbsp;&amp;nbsp;&amp;nbsp;&amp;nbsp;&amp;nbsp;&amp;nbsp;&amp;nbsp;&amp;nbsp;&amp;nbsp;}&lt;/span&gt;&lt;/code&gt;&lt;/li&gt;
&lt;li&gt;&lt;code&gt;&lt;span style="color: var(--highlight-keyword)"&gt;&lt;/span&gt;&lt;/code&gt;&lt;/li&gt;
&lt;li class="selected"&gt;&lt;code&gt;&lt;span style="color: var(--highlight-keyword)"&gt;&amp;nbsp;&amp;nbsp;&amp;nbsp;&amp;nbsp;&amp;nbsp;&amp;nbsp;&amp;nbsp;&amp;nbsp;&amp;nbsp;&amp;nbsp;&amp;nbsp;&amp;nbsp;&lt;/span&gt;&lt;span style="color: var(--highlight-default)"&gt;$test&lt;/span&gt;&lt;span style="color: var(--highlight-keyword)"&gt;-&amp;gt;&lt;/span&gt;&lt;span style="color: var(--highlight-default)"&gt;run&lt;/span&gt;&lt;span style="color: var(--highlight-keyword)"&gt;(&lt;/span&gt;&lt;span style="color: var(--highlight-default)"&gt;$result&lt;/span&gt;&lt;span style="color: var(--highlight-keyword)"&gt;);&lt;/span&gt;&lt;/code&gt;&lt;/li&gt;
&lt;li&gt;&lt;code&gt;&lt;span style="color: var(--highlight-keyword)"&gt;&amp;nbsp;&amp;nbsp;&amp;nbsp;&amp;nbsp;&amp;nbsp;&amp;nbsp;&amp;nbsp;&amp;nbsp;}&lt;/span&gt;&lt;/code&gt;&lt;/li&gt;
&lt;li&gt;&lt;code&gt;&lt;span style="color: var(--highlight-keyword)"&gt;&lt;/span&gt;&lt;/code&gt;&lt;/li&gt;
&lt;li&gt;&lt;code&gt;&lt;span style="color: var(--highlight-keyword)"&gt;&amp;nbsp;&amp;nbsp;&amp;nbsp;&amp;nbsp;&amp;nbsp;&amp;nbsp;&amp;nbsp;&amp;nbsp;if&amp;nbsp;(&lt;/span&gt;&lt;span style="color: var(--highlight-default)"&gt;$this&lt;/span&gt;&lt;span style="color: var(--highlight-keyword)"&gt;-&amp;gt;&lt;/span&gt;&lt;span style="color: var(--highlight-default)"&gt;testCase&amp;nbsp;&lt;/span&gt;&lt;span style="color: var(--highlight-keyword)"&gt;&amp;amp;&amp;amp;&amp;nbsp;&lt;/span&gt;&lt;span style="color: var(--highlight-default)"&gt;class_exists&lt;/span&gt;&lt;span style="color: var(--highlight-keyword)"&gt;(&lt;/span&gt;&lt;span style="color: var(--highlight-default)"&gt;$this&lt;/span&gt;&lt;span style="color: var(--highlight-keyword)"&gt;-&amp;gt;&lt;/span&gt;&lt;span style="color: var(--highlight-default)"&gt;name&lt;/span&gt;&lt;span style="color: var(--highlight-keyword)"&gt;,&amp;nbsp;&lt;/span&gt;&lt;span style="color: var(--highlight-default)"&gt;false&lt;/span&gt;&lt;span style="color: var(--highlight-keyword)"&gt;))&amp;nbsp;{&lt;/span&gt;&lt;/code&gt;&lt;/li&gt;
&lt;li&gt;&lt;code&gt;&lt;span style="color: var(--highlight-keyword)"&gt;&amp;nbsp;&amp;nbsp;&amp;nbsp;&amp;nbsp;&amp;nbsp;&amp;nbsp;&amp;nbsp;&amp;nbsp;&amp;nbsp;&amp;nbsp;&amp;nbsp;&amp;nbsp;foreach&amp;nbsp;(&lt;/span&gt;&lt;span style="color: var(--highlight-default)"&gt;$hookMethods&lt;/span&gt;&lt;span style="color: var(--highlight-keyword)"&gt;[&lt;/span&gt;&lt;span style="color: var(--highlight-string)"&gt;'afterClass'&lt;/span&gt;&lt;span style="color: var(--highlight-keyword)"&gt;]&amp;nbsp;as&amp;nbsp;&lt;/span&gt;&lt;span style="color: var(--highlight-default)"&gt;$afterClassMethod&lt;/span&gt;&lt;span style="color: var(--highlight-keyword)"&gt;)&amp;nbsp;{&lt;/span&gt;&lt;/code&gt;&lt;/li&gt;
&lt;li&gt;&lt;code&gt;&lt;span style="color: var(--highlight-keyword)"&gt;&amp;nbsp;&amp;nbsp;&amp;nbsp;&amp;nbsp;&amp;nbsp;&amp;nbsp;&amp;nbsp;&amp;nbsp;&amp;nbsp;&amp;nbsp;&amp;nbsp;&amp;nbsp;&amp;nbsp;&amp;nbsp;&amp;nbsp;&amp;nbsp;if&amp;nbsp;(&lt;/span&gt;&lt;span style="color: var(--highlight-default)"&gt;method_exists&lt;/span&gt;&lt;span style="color: var(--highlight-keyword)"&gt;(&lt;/span&gt;&lt;span style="color: var(--highlight-default)"&gt;$this&lt;/span&gt;&lt;span style="color: var(--highlight-keyword)"&gt;-&amp;gt;&lt;/span&gt;&lt;span style="color: var(--highlight-default)"&gt;name&lt;/span&gt;&lt;span style="color: var(--highlight-keyword)"&gt;,&amp;nbsp;&lt;/span&gt;&lt;span style="color: var(--highlight-default)"&gt;$afterClassMethod&lt;/span&gt;&lt;span style="color: var(--highlight-keyword)"&gt;))&amp;nbsp;{&lt;/span&gt;&lt;/code&gt;&lt;/li&gt;&lt;/ol&gt;    &lt;/div&gt;            &lt;/div&gt;
                        &lt;div class="trace-line "&gt;
                &lt;div class="trace-line-header break-long-words sf-toggle" data-toggle-selector="#trace-html-1-18" data-toggle-initial=""&gt;
            &lt;span class="icon icon-close"&gt;&lt;svg width="1792" height="1792" viewBox="0 0 1792 1792" xmlns="http://www.w3.org/2000/svg"&gt;&lt;path d="M1408 960V832q0-26-19-45t-45-19H448q-26 0-45 19t-19 45v128q0 26 19 45t45 19h896q26 0 45-19t19-45zm256-544v960q0 119-84.5 203.5T1376 1664H416q-119 0-203.5-84.5T128 1376V416q0-119 84.5-203.5T416 128h960q119 0 203.5 84.5T1664 416z"/&gt;&lt;/svg&gt;&lt;/span&gt;
        &lt;span class="icon icon-open"&gt;&lt;svg width="1792" height="1792" viewBox="0 0 1792 1792" xmlns="http://www.w3.org/2000/svg"&gt;&lt;path d="M1408 960V832q0-26-19-45t-45-19h-320V448q0-26-19-45t-45-19H832q-26 0-45 19t-19 45v320H448q-26 0-45 19t-19 45v128q0 26 19 45t45 19h320v320q0 26 19 45t45 19h128q26 0 45-19t19-45v-320h320q26 0 45-19t19-45zm256-544v960q0 119-84.5 203.5T1376 1664H416q-119 0-203.5-84.5T128 1376V416q0-119 84.5-203.5T416 128h960q119 0 203.5 84.5T1664 416z"/&gt;&lt;/svg&gt;&lt;/span&gt;
    
            &lt;span class="trace-class"&gt;&lt;abbr title="PHPUnit\Framework\TestSuite"&gt;TestSuite&lt;/abbr&gt;&lt;/span&gt;&lt;span class="trace-type"&gt;-&gt;&lt;/span&gt;&lt;span class="trace-method"&gt;run&lt;/span&gt;&lt;span class="trace-arguments"&gt;(&lt;em&gt;object&lt;/em&gt;(&lt;abbr title="PHPUnit\Framework\TestResult"&gt;TestResult&lt;/abbr&gt;))&lt;/span&gt;    
                    &lt;span class="block trace-file-path"&gt;
            in
            &lt;a href="file://C:\Users\sliti\Desktop\dev\esprit-PIDEV-3A16-2526-FARMIA\vendor\phpunit\phpunit\src\Framework\TestSuite.php#L685"&gt;
                C:\Users\sliti\Desktop\dev\esprit-PIDEV-3A16-2526-FARMIA\vendor\phpunit\phpunit\src\Framework\&lt;strong&gt;TestSuite.php&lt;/strong&gt;
            &lt;/a&gt;
                        (line 685)
            &lt;span class="icon icon-copy hidden" data-clipboard-text="C:\Users\sliti\Desktop\dev\esprit-PIDEV-3A16-2526-FARMIA\vendor\phpunit\phpunit\src\Framework\TestSuite.php:685"&gt;
                &lt;svg xmlns="http://www.w3.org/2000/svg" height="24" viewBox="0 0 24 24" width="24"&gt;&lt;path d="M0 0h24v24H0z" fill="none"/&gt;&lt;path d="M16 1H4c-1.1 0-2 .9-2 2v14h2V3h12V1zm3 4H8c-1.1 0-2 .9-2 2v14c0 1.1.9 2 2 2h11c1.1 0 2-.9 2-2V7c0-1.1-.9-2-2-2zm0 16H8V7h11v14z"/&gt;&lt;/svg&gt;            &lt;/span&gt;
        &lt;/span&gt;
    &lt;/div&gt;
    &lt;div id="trace-html-1-18" class="trace-code sf-toggle-content"&gt;
        &lt;ol start="680"&gt;&lt;li&gt;&lt;code&gt;&lt;span style="color: var(--highlight-keyword)"&gt;&amp;nbsp;&amp;nbsp;&amp;nbsp;&amp;nbsp;&amp;nbsp;&amp;nbsp;&amp;nbsp;&amp;nbsp;&amp;nbsp;&amp;nbsp;&amp;nbsp;&amp;nbsp;&amp;nbsp;&amp;nbsp;&amp;nbsp;&amp;nbsp;&lt;/span&gt;&lt;span style="color: var(--highlight-default)"&gt;$test&lt;/span&gt;&lt;span style="color: var(--highlight-keyword)"&gt;-&amp;gt;&lt;/span&gt;&lt;span style="color: var(--highlight-default)"&gt;setBackupGlobals&lt;/span&gt;&lt;span style="color: var(--highlight-keyword)"&gt;(&lt;/span&gt;&lt;span style="color: var(--highlight-default)"&gt;$this&lt;/span&gt;&lt;span style="color: var(--highlight-keyword)"&gt;-&amp;gt;&lt;/span&gt;&lt;span style="color: var(--highlight-default)"&gt;backupGlobals&lt;/span&gt;&lt;span style="color: var(--highlight-keyword)"&gt;);&lt;/span&gt;&lt;/code&gt;&lt;/li&gt;
&lt;li&gt;&lt;code&gt;&lt;span style="color: var(--highlight-keyword)"&gt;&amp;nbsp;&amp;nbsp;&amp;nbsp;&amp;nbsp;&amp;nbsp;&amp;nbsp;&amp;nbsp;&amp;nbsp;&amp;nbsp;&amp;nbsp;&amp;nbsp;&amp;nbsp;&amp;nbsp;&amp;nbsp;&amp;nbsp;&amp;nbsp;&lt;/span&gt;&lt;span style="color: var(--highlight-default)"&gt;$test&lt;/span&gt;&lt;span style="color: var(--highlight-keyword)"&gt;-&amp;gt;&lt;/span&gt;&lt;span style="color: var(--highlight-default)"&gt;setBackupStaticAttributes&lt;/span&gt;&lt;span style="color: var(--highlight-keyword)"&gt;(&lt;/span&gt;&lt;span style="color: var(--highlight-default)"&gt;$this&lt;/span&gt;&lt;span style="color: var(--highlight-keyword)"&gt;-&amp;gt;&lt;/span&gt;&lt;span style="color: var(--highlight-default)"&gt;backupStaticAttributes&lt;/span&gt;&lt;span style="color: var(--highlight-keyword)"&gt;);&lt;/span&gt;&lt;/code&gt;&lt;/li&gt;
&lt;li&gt;&lt;code&gt;&lt;span style="color: var(--highlight-keyword)"&gt;&amp;nbsp;&amp;nbsp;&amp;nbsp;&amp;nbsp;&amp;nbsp;&amp;nbsp;&amp;nbsp;&amp;nbsp;&amp;nbsp;&amp;nbsp;&amp;nbsp;&amp;nbsp;&amp;nbsp;&amp;nbsp;&amp;nbsp;&amp;nbsp;&lt;/span&gt;&lt;span style="color: var(--highlight-default)"&gt;$test&lt;/span&gt;&lt;span style="color: var(--highlight-keyword)"&gt;-&amp;gt;&lt;/span&gt;&lt;span style="color: var(--highlight-default)"&gt;setRunTestInSeparateProcess&lt;/span&gt;&lt;span style="color: var(--highlight-keyword)"&gt;(&lt;/span&gt;&lt;span style="color: var(--highlight-default)"&gt;$this&lt;/span&gt;&lt;span style="color: var(--highlight-keyword)"&gt;-&amp;gt;&lt;/span&gt;&lt;span style="color: var(--highlight-default)"&gt;runTestInSeparateProcess&lt;/span&gt;&lt;span style="color: var(--highlight-keyword)"&gt;);&lt;/span&gt;&lt;/code&gt;&lt;/li&gt;
&lt;li&gt;&lt;code&gt;&lt;span style="color: var(--highlight-keyword)"&gt;&amp;nbsp;&amp;nbsp;&amp;nbsp;&amp;nbsp;&amp;nbsp;&amp;nbsp;&amp;nbsp;&amp;nbsp;&amp;nbsp;&amp;nbsp;&amp;nbsp;&amp;nbsp;}&lt;/span&gt;&lt;/code&gt;&lt;/li&gt;
&lt;li&gt;&lt;code&gt;&lt;span style="color: var(--highlight-keyword)"&gt;&lt;/span&gt;&lt;/code&gt;&lt;/li&gt;
&lt;li class="selected"&gt;&lt;code&gt;&lt;span style="color: var(--highlight-keyword)"&gt;&amp;nbsp;&amp;nbsp;&amp;nbsp;&amp;nbsp;&amp;nbsp;&amp;nbsp;&amp;nbsp;&amp;nbsp;&amp;nbsp;&amp;nbsp;&amp;nbsp;&amp;nbsp;&lt;/span&gt;&lt;span style="color: var(--highlight-default)"&gt;$test&lt;/span&gt;&lt;span style="color: var(--highlight-keyword)"&gt;-&amp;gt;&lt;/span&gt;&lt;span style="color: var(--highlight-default)"&gt;run&lt;/span&gt;&lt;span style="color: var(--highlight-keyword)"&gt;(&lt;/span&gt;&lt;span style="color: var(--highlight-default)"&gt;$result&lt;/span&gt;&lt;span style="color: var(--highlight-keyword)"&gt;);&lt;/span&gt;&lt;/code&gt;&lt;/li&gt;
&lt;li&gt;&lt;code&gt;&lt;span style="color: var(--highlight-keyword)"&gt;&amp;nbsp;&amp;nbsp;&amp;nbsp;&amp;nbsp;&amp;nbsp;&amp;nbsp;&amp;nbsp;&amp;nbsp;}&lt;/span&gt;&lt;/code&gt;&lt;/li&gt;
&lt;li&gt;&lt;code&gt;&lt;span style="color: var(--highlight-keyword)"&gt;&lt;/span&gt;&lt;/code&gt;&lt;/li&gt;
&lt;li&gt;&lt;code&gt;&lt;span style="color: var(--highlight-keyword)"&gt;&amp;nbsp;&amp;nbsp;&amp;nbsp;&amp;nbsp;&amp;nbsp;&amp;nbsp;&amp;nbsp;&amp;nbsp;if&amp;nbsp;(&lt;/span&gt;&lt;span style="color: var(--highlight-default)"&gt;$this&lt;/span&gt;&lt;span style="color: var(--highlight-keyword)"&gt;-&amp;gt;&lt;/span&gt;&lt;span style="color: var(--highlight-default)"&gt;testCase&amp;nbsp;&lt;/span&gt;&lt;span style="color: var(--highlight-keyword)"&gt;&amp;amp;&amp;amp;&amp;nbsp;&lt;/span&gt;&lt;span style="color: var(--highlight-default)"&gt;class_exists&lt;/span&gt;&lt;span style="color: var(--highlight-keyword)"&gt;(&lt;/span&gt;&lt;span style="color: var(--highlight-default)"&gt;$this&lt;/span&gt;&lt;span style="color: var(--highlight-keyword)"&gt;-&amp;gt;&lt;/span&gt;&lt;span style="color: var(--highlight-default)"&gt;name&lt;/span&gt;&lt;span style="color: var(--highlight-keyword)"&gt;,&amp;nbsp;&lt;/span&gt;&lt;span style="color: var(--highlight-default)"&gt;false&lt;/span&gt;&lt;span style="color: var(--highlight-keyword)"&gt;))&amp;nbsp;{&lt;/span&gt;&lt;/code&gt;&lt;/li&gt;
&lt;li&gt;&lt;code&gt;&lt;span style="color: var(--highlight-keyword)"&gt;&amp;nbsp;&amp;nbsp;&amp;nbsp;&amp;nbsp;&amp;nbsp;&amp;nbsp;&amp;nbsp;&amp;nbsp;&amp;nbsp;&amp;nbsp;&amp;nbsp;&amp;nbsp;foreach&amp;nbsp;(&lt;/span&gt;&lt;span style="color: var(--highlight-default)"&gt;$hookMethods&lt;/span&gt;&lt;span style="color: var(--highlight-keyword)"&gt;[&lt;/span&gt;&lt;span style="color: var(--highlight-string)"&gt;'afterClass'&lt;/span&gt;&lt;span style="color: var(--highlight-keyword)"&gt;]&amp;nbsp;as&amp;nbsp;&lt;/span&gt;&lt;span style="color: var(--highlight-default)"&gt;$afterClassMethod&lt;/span&gt;&lt;span style="color: var(--highlight-keyword)"&gt;)&amp;nbsp;{&lt;/span&gt;&lt;/code&gt;&lt;/li&gt;
&lt;li&gt;&lt;code&gt;&lt;span style="color: var(--highlight-keyword)"&gt;&amp;nbsp;&amp;nbsp;&amp;nbsp;&amp;nbsp;&amp;nbsp;&amp;nbsp;&amp;nbsp;&amp;nbsp;&amp;nbsp;&amp;nbsp;&amp;nbsp;&amp;nbsp;&amp;nbsp;&amp;nbsp;&amp;nbsp;&amp;nbsp;if&amp;nbsp;(&lt;/span&gt;&lt;span style="color: var(--highlight-default)"&gt;method_exists&lt;/span&gt;&lt;span style="color: var(--highlight-keyword)"&gt;(&lt;/span&gt;&lt;span style="color: var(--highlight-default)"&gt;$this&lt;/span&gt;&lt;span style="color: var(--highlight-keyword)"&gt;-&amp;gt;&lt;/span&gt;&lt;span style="color: var(--highlight-default)"&gt;name&lt;/span&gt;&lt;span style="color: var(--highlight-keyword)"&gt;,&amp;nbsp;&lt;/span&gt;&lt;span style="color: var(--highlight-default)"&gt;$afterClassMethod&lt;/span&gt;&lt;span style="color: var(--highlight-keyword)"&gt;))&amp;nbsp;{&lt;/span&gt;&lt;/code&gt;&lt;/li&gt;&lt;/ol&gt;    &lt;/div&gt;            &lt;/div&gt;
                        &lt;div class="trace-line "&gt;
                &lt;div class="trace-line-header break-long-words sf-toggle" data-toggle-selector="#trace-html-1-19" data-toggle-initial=""&gt;
            &lt;span class="icon icon-close"&gt;&lt;svg width="1792" height="1792" viewBox="0 0 1792 1792" xmlns="http://www.w3.org/2000/svg"&gt;&lt;path d="M1408 960V832q0-26-19-45t-45-19H448q-26 0-45 19t-19 45v128q0 26 19 45t45 19h896q26 0 45-19t19-45zm256-544v960q0 119-84.5 203.5T1376 1664H416q-119 0-203.5-84.5T128 1376V416q0-119 84.5-203.5T416 128h960q119 0 203.5 84.5T1664 416z"/&gt;&lt;/svg&gt;&lt;/span&gt;
        &lt;span class="icon icon-open"&gt;&lt;svg width="1792" height="1792" viewBox="0 0 1792 1792" xmlns="http://www.w3.org/2000/svg"&gt;&lt;path d="M1408 960V832q0-26-19-45t-45-19h-320V448q0-26-19-45t-45-19H832q-26 0-45 19t-19 45v320H448q-26 0-45 19t-19 45v128q0 26 19 45t45 19h320v320q0 26 19 45t45 19h128q26 0 45-19t19-45v-320h320q26 0 45-19t19-45zm256-544v960q0 119-84.5 203.5T1376 1664H416q-119 0-203.5-84.5T128 1376V416q0-119 84.5-203.5T416 128h960q119 0 203.5 84.5T1664 416z"/&gt;&lt;/svg&gt;&lt;/span&gt;
    
            &lt;span class="trace-class"&gt;&lt;abbr title="PHPUnit\Framework\TestSuite"&gt;TestSuite&lt;/abbr&gt;&lt;/span&gt;&lt;span class="trace-type"&gt;-&gt;&lt;/span&gt;&lt;span class="trace-method"&gt;run&lt;/span&gt;&lt;span class="trace-arguments"&gt;(&lt;em&gt;object&lt;/em&gt;(&lt;abbr title="PHPUnit\Framework\TestResult"&gt;TestResult&lt;/abbr&gt;))&lt;/span&gt;    
                    &lt;span class="block trace-file-path"&gt;
            in
            &lt;a href="file://C:\Users\sliti\Desktop\dev\esprit-PIDEV-3A16-2526-FARMIA\vendor\phpunit\phpunit\src\TextUI\TestRunner.php#L651"&gt;
                C:\Users\sliti\Desktop\dev\esprit-PIDEV-3A16-2526-FARMIA\vendor\phpunit\phpunit\src\TextUI\&lt;strong&gt;TestRunner.php&lt;/strong&gt;
            &lt;/a&gt;
                        (line 651)
            &lt;span class="icon icon-copy hidden" data-clipboard-text="C:\Users\sliti\Desktop\dev\esprit-PIDEV-3A16-2526-FARMIA\vendor\phpunit\phpunit\src\TextUI\TestRunner.php:651"&gt;
                &lt;svg xmlns="http://www.w3.org/2000/svg" height="24" viewBox="0 0 24 24" width="24"&gt;&lt;path d="M0 0h24v24H0z" fill="none"/&gt;&lt;path d="M16 1H4c-1.1 0-2 .9-2 2v14h2V3h12V1zm3 4H8c-1.1 0-2 .9-2 2v14c0 1.1.9 2 2 2h11c1.1 0 2-.9 2-2V7c0-1.1-.9-2-2-2zm0 16H8V7h11v14z"/&gt;&lt;/svg&gt;            &lt;/span&gt;
        &lt;/span&gt;
    &lt;/div&gt;
    &lt;div id="trace-html-1-19" class="trace-code sf-toggle-content"&gt;
        &lt;ol start="646"&gt;&lt;li&gt;&lt;code&gt;&lt;span style="color: var(--highlight-keyword)"&gt;&amp;nbsp;&amp;nbsp;&amp;nbsp;&amp;nbsp;&amp;nbsp;&amp;nbsp;&amp;nbsp;&amp;nbsp;&amp;nbsp;&amp;nbsp;&amp;nbsp;&amp;nbsp;if&amp;nbsp;(&lt;/span&gt;&lt;span style="color: var(--highlight-default)"&gt;$extension&amp;nbsp;&lt;/span&gt;&lt;span style="color: var(--highlight-keyword)"&gt;instanceof&amp;nbsp;&lt;/span&gt;&lt;span style="color: var(--highlight-default)"&gt;BeforeFirstTestHook&lt;/span&gt;&lt;span style="color: var(--highlight-keyword)"&gt;)&amp;nbsp;{&lt;/span&gt;&lt;/code&gt;&lt;/li&gt;
&lt;li&gt;&lt;code&gt;&lt;span style="color: var(--highlight-keyword)"&gt;&amp;nbsp;&amp;nbsp;&amp;nbsp;&amp;nbsp;&amp;nbsp;&amp;nbsp;&amp;nbsp;&amp;nbsp;&amp;nbsp;&amp;nbsp;&amp;nbsp;&amp;nbsp;&amp;nbsp;&amp;nbsp;&amp;nbsp;&amp;nbsp;&lt;/span&gt;&lt;span style="color: var(--highlight-default)"&gt;$extension&lt;/span&gt;&lt;span style="color: var(--highlight-keyword)"&gt;-&amp;gt;&lt;/span&gt;&lt;span style="color: var(--highlight-default)"&gt;executeBeforeFirstTest&lt;/span&gt;&lt;span style="color: var(--highlight-keyword)"&gt;();&lt;/span&gt;&lt;/code&gt;&lt;/li&gt;
&lt;li&gt;&lt;code&gt;&lt;span style="color: var(--highlight-keyword)"&gt;&amp;nbsp;&amp;nbsp;&amp;nbsp;&amp;nbsp;&amp;nbsp;&amp;nbsp;&amp;nbsp;&amp;nbsp;&amp;nbsp;&amp;nbsp;&amp;nbsp;&amp;nbsp;}&lt;/span&gt;&lt;/code&gt;&lt;/li&gt;
&lt;li&gt;&lt;code&gt;&lt;span style="color: var(--highlight-keyword)"&gt;&amp;nbsp;&amp;nbsp;&amp;nbsp;&amp;nbsp;&amp;nbsp;&amp;nbsp;&amp;nbsp;&amp;nbsp;}&lt;/span&gt;&lt;/code&gt;&lt;/li&gt;
&lt;li&gt;&lt;code&gt;&lt;span style="color: var(--highlight-keyword)"&gt;&lt;/span&gt;&lt;/code&gt;&lt;/li&gt;
&lt;li class="selected"&gt;&lt;code&gt;&lt;span style="color: var(--highlight-keyword)"&gt;&amp;nbsp;&amp;nbsp;&amp;nbsp;&amp;nbsp;&amp;nbsp;&amp;nbsp;&amp;nbsp;&amp;nbsp;&lt;/span&gt;&lt;span style="color: var(--highlight-default)"&gt;$suite&lt;/span&gt;&lt;span style="color: var(--highlight-keyword)"&gt;-&amp;gt;&lt;/span&gt;&lt;span style="color: var(--highlight-default)"&gt;run&lt;/span&gt;&lt;span style="color: var(--highlight-keyword)"&gt;(&lt;/span&gt;&lt;span style="color: var(--highlight-default)"&gt;$result&lt;/span&gt;&lt;span style="color: var(--highlight-keyword)"&gt;);&lt;/span&gt;&lt;/code&gt;&lt;/li&gt;
&lt;li&gt;&lt;code&gt;&lt;span style="color: var(--highlight-keyword)"&gt;&lt;/span&gt;&lt;/code&gt;&lt;/li&gt;
&lt;li&gt;&lt;code&gt;&lt;span style="color: var(--highlight-keyword)"&gt;&amp;nbsp;&amp;nbsp;&amp;nbsp;&amp;nbsp;&amp;nbsp;&amp;nbsp;&amp;nbsp;&amp;nbsp;foreach&amp;nbsp;(&lt;/span&gt;&lt;span style="color: var(--highlight-default)"&gt;$this&lt;/span&gt;&lt;span style="color: var(--highlight-keyword)"&gt;-&amp;gt;&lt;/span&gt;&lt;span style="color: var(--highlight-default)"&gt;extensions&amp;nbsp;&lt;/span&gt;&lt;span style="color: var(--highlight-keyword)"&gt;as&amp;nbsp;&lt;/span&gt;&lt;span style="color: var(--highlight-default)"&gt;$extension&lt;/span&gt;&lt;span style="color: var(--highlight-keyword)"&gt;)&amp;nbsp;{&lt;/span&gt;&lt;/code&gt;&lt;/li&gt;
&lt;li&gt;&lt;code&gt;&lt;span style="color: var(--highlight-keyword)"&gt;&amp;nbsp;&amp;nbsp;&amp;nbsp;&amp;nbsp;&amp;nbsp;&amp;nbsp;&amp;nbsp;&amp;nbsp;&amp;nbsp;&amp;nbsp;&amp;nbsp;&amp;nbsp;if&amp;nbsp;(&lt;/span&gt;&lt;span style="color: var(--highlight-default)"&gt;$extension&amp;nbsp;&lt;/span&gt;&lt;span style="color: var(--highlight-keyword)"&gt;instanceof&amp;nbsp;&lt;/span&gt;&lt;span style="color: var(--highlight-default)"&gt;AfterLastTestHook&lt;/span&gt;&lt;span style="color: var(--highlight-keyword)"&gt;)&amp;nbsp;{&lt;/span&gt;&lt;/code&gt;&lt;/li&gt;
&lt;li&gt;&lt;code&gt;&lt;span style="color: var(--highlight-keyword)"&gt;&amp;nbsp;&amp;nbsp;&amp;nbsp;&amp;nbsp;&amp;nbsp;&amp;nbsp;&amp;nbsp;&amp;nbsp;&amp;nbsp;&amp;nbsp;&amp;nbsp;&amp;nbsp;&amp;nbsp;&amp;nbsp;&amp;nbsp;&amp;nbsp;&lt;/span&gt;&lt;span style="color: var(--highlight-default)"&gt;$extension&lt;/span&gt;&lt;span style="color: var(--highlight-keyword)"&gt;-&amp;gt;&lt;/span&gt;&lt;span style="color: var(--highlight-default)"&gt;executeAfterLastTest&lt;/span&gt;&lt;span style="color: var(--highlight-keyword)"&gt;();&lt;/span&gt;&lt;/code&gt;&lt;/li&gt;
&lt;li&gt;&lt;code&gt;&lt;span style="color: var(--highlight-keyword)"&gt;&amp;nbsp;&amp;nbsp;&amp;nbsp;&amp;nbsp;&amp;nbsp;&amp;nbsp;&amp;nbsp;&amp;nbsp;&amp;nbsp;&amp;nbsp;&amp;nbsp;&amp;nbsp;}&lt;/span&gt;&lt;/code&gt;&lt;/li&gt;&lt;/ol&gt;    &lt;/div&gt;            &lt;/div&gt;
                        &lt;div class="trace-line "&gt;
                &lt;div class="trace-line-header break-long-words sf-toggle" data-toggle-selector="#trace-html-1-20" data-toggle-initial=""&gt;
            &lt;span class="icon icon-close"&gt;&lt;svg width="1792" height="1792" viewBox="0 0 1792 1792" xmlns="http://www.w3.org/2000/svg"&gt;&lt;path d="M1408 960V832q0-26-19-45t-45-19H448q-26 0-45 19t-19 45v128q0 26 19 45t45 19h896q26 0 45-19t19-45zm256-544v960q0 119-84.5 203.5T1376 1664H416q-119 0-203.5-84.5T128 1376V416q0-119 84.5-203.5T416 128h960q119 0 203.5 84.5T1664 416z"/&gt;&lt;/svg&gt;&lt;/span&gt;
        &lt;span class="icon icon-open"&gt;&lt;svg width="1792" height="1792" viewBox="0 0 1792 1792" xmlns="http://www.w3.org/2000/svg"&gt;&lt;path d="M1408 960V832q0-26-19-45t-45-19h-320V448q0-26-19-45t-45-19H832q-26 0-45 19t-19 45v320H448q-26 0-45 19t-19 45v128q0 26 19 45t45 19h320v320q0 26 19 45t45 19h128q26 0 45-19t19-45v-320h320q26 0 45-19t19-45zm256-544v960q0 119-84.5 203.5T1376 1664H416q-119 0-203.5-84.5T128 1376V416q0-119 84.5-203.5T416 128h960q119 0 203.5 84.5T1664 416z"/&gt;&lt;/svg&gt;&lt;/span&gt;
    
            &lt;span class="trace-class"&gt;&lt;abbr title="PHPUnit\TextUI\TestRunner"&gt;TestRunner&lt;/abbr&gt;&lt;/span&gt;&lt;span class="trace-type"&gt;-&gt;&lt;/span&gt;&lt;span class="trace-method"&gt;run&lt;/span&gt;&lt;span class="trace-arguments"&gt;(&lt;em&gt;object&lt;/em&gt;(&lt;abbr title="PHPUnit\Framework\TestSuite"&gt;TestSuite&lt;/abbr&gt;), &lt;em&gt;array&lt;/em&gt;('extensions' =&gt; &lt;em&gt;array&lt;/em&gt;(), 'listGroups' =&gt; &lt;em&gt;false&lt;/em&gt;, 'listSuites' =&gt; &lt;em&gt;false&lt;/em&gt;, 'listTests' =&gt; &lt;em&gt;false&lt;/em&gt;, 'listTestsXml' =&gt; &lt;em&gt;false&lt;/em&gt;, 'loader' =&gt; &lt;em&gt;null&lt;/em&gt;, 'useDefaultConfiguration' =&gt; &lt;em&gt;true&lt;/em&gt;, 'loadedExtensions' =&gt; &lt;em&gt;array&lt;/em&gt;(), 'unavailableExtensions' =&gt; &lt;em&gt;array&lt;/em&gt;(), 'notLoadedExtensions' =&gt; &lt;em&gt;array&lt;/em&gt;(), 'junitLogfile' =&gt; 'test-results.xml', 'testSuffixes' =&gt; &lt;em&gt;array&lt;/em&gt;('Test.php', '.phpt'), 'configuration' =&gt; 'C:\\Users\\sliti\\Desktop\\dev\\esprit-PIDEV-3A16-2526-FARMIA\\phpunit.xml.dist', 'configurationObject' =&gt; &lt;em&gt;object&lt;/em&gt;(&lt;abbr title="PHPUnit\TextUI\XmlConfiguration\Configuration"&gt;Configuration&lt;/abbr&gt;), 'stderr' =&gt; &lt;em&gt;false&lt;/em&gt;, 'columns' =&gt; 80, 'warnings' =&gt; &lt;em&gt;array&lt;/em&gt;(), 'debug' =&gt; &lt;em&gt;false&lt;/em&gt;, 'filter' =&gt; &lt;em&gt;false&lt;/em&gt;, 'listeners' =&gt; &lt;em&gt;array&lt;/em&gt;(), 'backupGlobals' =&gt; &lt;em&gt;false&lt;/em&gt;, 'backupStaticAttributes' =&gt; &lt;em&gt;false&lt;/em&gt;, 'beStrictAboutChangesToGlobalState' =&gt; &lt;em&gt;false&lt;/em&gt;, 'cacheResult' =&gt; &lt;em&gt;true&lt;/em&gt;, 'colors' =&gt; 'auto', 'convertDeprecationsToExceptions' =&gt; &lt;em&gt;false&lt;/em&gt;, 'convertErrorsToExceptions' =&gt; &lt;em&gt;true&lt;/em&gt;, 'convertNoticesToExceptions' =&gt; &lt;em&gt;true&lt;/em&gt;, 'convertWarningsToExceptions' =&gt; &lt;em&gt;true&lt;/em&gt;, 'processIsolation' =&gt; &lt;em&gt;false&lt;/em&gt;, 'stopOnDefect' =&gt; &lt;em&gt;false&lt;/em&gt;, 'stopOnError' =&gt; &lt;em&gt;false&lt;/em&gt;, 'stopOnFailure' =&gt; &lt;em&gt;false&lt;/em&gt;, 'stopOnWarning' =&gt; &lt;em&gt;false&lt;/em&gt;, 'stopOnIncomplete' =&gt; &lt;em&gt;false&lt;/em&gt;, 'stopOnRisky' =&gt; &lt;em&gt;false&lt;/em&gt;, 'stopOnSkipped' =&gt; &lt;em&gt;false&lt;/em&gt;, 'failOnEmptyTestSuite' =&gt; &lt;em&gt;false&lt;/em&gt;, 'failOnIncomplete' =&gt; &lt;em&gt;false&lt;/em&gt;, 'failOnRisky' =&gt; &lt;em&gt;false&lt;/em&gt;, 'failOnSkipped' =&gt; &lt;em&gt;false&lt;/em&gt;, 'failOnWarning' =&gt; &lt;em&gt;false&lt;/em&gt;, 'enforceTimeLimit' =&gt; &lt;em&gt;false&lt;/em&gt;, 'defaultTimeLimit' =&gt; 1, 'timeoutForSmallTests' =&gt; 1, 'timeoutForMediumTests' =&gt; 10, 'timeoutForLargeTests' =&gt; 60, 'reportUselessTests' =&gt; &lt;em&gt;true&lt;/em&gt;, 'strictCoverage' =&gt; &lt;em&gt;false&lt;/em&gt;, 'ignoreDeprecatedCodeUnitsFromCodeCoverage' =&gt; &lt;em&gt;false&lt;/em&gt;, 'disallowTestOutput' =&gt; &lt;em&gt;false&lt;/em&gt;, 'disallowTodoAnnotatedTests' =&gt; &lt;em&gt;false&lt;/em&gt;, 'beStrictAboutResourceUsageDuringSmallTests' =&gt; &lt;em&gt;false&lt;/em&gt;, 'verbose' =&gt; &lt;em&gt;false&lt;/em&gt;, 'reverseDefectList' =&gt; &lt;em&gt;false&lt;/em&gt;, 'forceCoversAnnotation' =&gt; &lt;em&gt;false&lt;/em&gt;, 'disableCodeCoverageIgnore' =&gt; &lt;em&gt;false&lt;/em&gt;, 'registerMockObjectsFromTestArgumentsRecursively' =&gt; &lt;em&gt;false&lt;/em&gt;, 'noInteraction' =&gt; &lt;em&gt;false&lt;/em&gt;, 'executionOrder' =&gt; 0, 'resolveDependencies' =&gt; &lt;em&gt;true&lt;/em&gt;, 'bootstrap' =&gt; 'C:\\Users\\sliti\\Desktop\\dev\\esprit-PIDEV-3A16-2526-FARMIA\\tests/bootstrap.php', 'executionOrderDefects' =&gt; 0, 'crap4jThreshold' =&gt; 30, 'excludeGroups' =&gt; &lt;em&gt;array&lt;/em&gt;(), 'groups' =&gt; &lt;em&gt;array&lt;/em&gt;(), 'randomOrderSeed' =&gt; 1777118040, 'repeat' =&gt; &lt;em&gt;false&lt;/em&gt;, 'reportHighLowerBound' =&gt; 90, 'reportLowUpperBound' =&gt; 50, 'reverseList' =&gt; &lt;em&gt;false&lt;/em&gt;, 'testdoxExcludeGroups' =&gt; &lt;em&gt;array&lt;/em&gt;(), 'testdoxGroups' =&gt; &lt;em&gt;array&lt;/em&gt;(), 'cacheResultFile' =&gt; 'C:\\Users\\sliti\\Desktop\\dev\\esprit-PIDEV-3A16-2526-FARMIA'), &lt;em&gt;array&lt;/em&gt;(), &lt;em&gt;true&lt;/em&gt;)&lt;/span&gt;    
                    &lt;span class="block trace-file-path"&gt;
            in
            &lt;a href="file://C:\Users\sliti\Desktop\dev\esprit-PIDEV-3A16-2526-FARMIA\vendor\phpunit\phpunit\src\TextUI\Command.php#L146"&gt;
                C:\Users\sliti\Desktop\dev\esprit-PIDEV-3A16-2526-FARMIA\vendor\phpunit\phpunit\src\TextUI\&lt;strong&gt;Command.php&lt;/strong&gt;
            &lt;/a&gt;
                        (line 146)
            &lt;span class="icon icon-copy hidden" data-clipboard-text="C:\Users\sliti\Desktop\dev\esprit-PIDEV-3A16-2526-FARMIA\vendor\phpunit\phpunit\src\TextUI\Command.php:146"&gt;
                &lt;svg xmlns="http://www.w3.org/2000/svg" height="24" viewBox="0 0 24 24" width="24"&gt;&lt;path d="M0 0h24v24H0z" fill="none"/&gt;&lt;path d="M16 1H4c-1.1 0-2 .9-2 2v14h2V3h12V1zm3 4H8c-1.1 0-2 .9-2 2v14c0 1.1.9 2 2 2h11c1.1 0 2-.9 2-2V7c0-1.1-.9-2-2-2zm0 16H8V7h11v14z"/&gt;&lt;/svg&gt;            &lt;/span&gt;
        &lt;/span&gt;
    &lt;/div&gt;
    &lt;div id="trace-html-1-20" class="trace-code sf-toggle-content"&gt;
        &lt;ol start="141"&gt;&lt;li&gt;&lt;code&gt;&lt;span style="color: var(--highlight-keyword)"&gt;&amp;nbsp;&amp;nbsp;&amp;nbsp;&amp;nbsp;&amp;nbsp;&amp;nbsp;&amp;nbsp;&amp;nbsp;}&lt;/span&gt;&lt;/code&gt;&lt;/li&gt;
&lt;li&gt;&lt;code&gt;&lt;span style="color: var(--highlight-keyword)"&gt;&lt;/span&gt;&lt;/code&gt;&lt;/li&gt;
&lt;li&gt;&lt;code&gt;&lt;span style="color: var(--highlight-keyword)"&gt;&amp;nbsp;&amp;nbsp;&amp;nbsp;&amp;nbsp;&amp;nbsp;&amp;nbsp;&amp;nbsp;&amp;nbsp;unset(&lt;/span&gt;&lt;span style="color: var(--highlight-default)"&gt;$this&lt;/span&gt;&lt;span style="color: var(--highlight-keyword)"&gt;-&amp;gt;&lt;/span&gt;&lt;span style="color: var(--highlight-default)"&gt;arguments&lt;/span&gt;&lt;span style="color: var(--highlight-keyword)"&gt;[&lt;/span&gt;&lt;span style="color: var(--highlight-string)"&gt;'test'&lt;/span&gt;&lt;span style="color: var(--highlight-keyword)"&gt;],&amp;nbsp;&lt;/span&gt;&lt;span style="color: var(--highlight-default)"&gt;$this&lt;/span&gt;&lt;span style="color: var(--highlight-keyword)"&gt;-&amp;gt;&lt;/span&gt;&lt;span style="color: var(--highlight-default)"&gt;arguments&lt;/span&gt;&lt;span style="color: var(--highlight-keyword)"&gt;[&lt;/span&gt;&lt;span style="color: var(--highlight-string)"&gt;'testFile'&lt;/span&gt;&lt;span style="color: var(--highlight-keyword)"&gt;]);&lt;/span&gt;&lt;/code&gt;&lt;/li&gt;
&lt;li&gt;&lt;code&gt;&lt;span style="color: var(--highlight-keyword)"&gt;&lt;/span&gt;&lt;/code&gt;&lt;/li&gt;
&lt;li&gt;&lt;code&gt;&lt;span style="color: var(--highlight-keyword)"&gt;&amp;nbsp;&amp;nbsp;&amp;nbsp;&amp;nbsp;&amp;nbsp;&amp;nbsp;&amp;nbsp;&amp;nbsp;try&amp;nbsp;{&lt;/span&gt;&lt;/code&gt;&lt;/li&gt;
&lt;li class="selected"&gt;&lt;code&gt;&lt;span style="color: var(--highlight-keyword)"&gt;&amp;nbsp;&amp;nbsp;&amp;nbsp;&amp;nbsp;&amp;nbsp;&amp;nbsp;&amp;nbsp;&amp;nbsp;&amp;nbsp;&amp;nbsp;&amp;nbsp;&amp;nbsp;&lt;/span&gt;&lt;span style="color: var(--highlight-default)"&gt;$result&amp;nbsp;&lt;/span&gt;&lt;span style="color: var(--highlight-keyword)"&gt;=&amp;nbsp;&lt;/span&gt;&lt;span style="color: var(--highlight-default)"&gt;$runner&lt;/span&gt;&lt;span style="color: var(--highlight-keyword)"&gt;-&amp;gt;&lt;/span&gt;&lt;span style="color: var(--highlight-default)"&gt;run&lt;/span&gt;&lt;span style="color: var(--highlight-keyword)"&gt;(&lt;/span&gt;&lt;span style="color: var(--highlight-default)"&gt;$suite&lt;/span&gt;&lt;span style="color: var(--highlight-keyword)"&gt;,&amp;nbsp;&lt;/span&gt;&lt;span style="color: var(--highlight-default)"&gt;$this&lt;/span&gt;&lt;span style="color: var(--highlight-keyword)"&gt;-&amp;gt;&lt;/span&gt;&lt;span style="color: var(--highlight-default)"&gt;arguments&lt;/span&gt;&lt;span style="color: var(--highlight-keyword)"&gt;,&amp;nbsp;&lt;/span&gt;&lt;span style="color: var(--highlight-default)"&gt;$this&lt;/span&gt;&lt;span style="color: var(--highlight-keyword)"&gt;-&amp;gt;&lt;/span&gt;&lt;span style="color: var(--highlight-default)"&gt;warnings&lt;/span&gt;&lt;span style="color: var(--highlight-keyword)"&gt;,&amp;nbsp;&lt;/span&gt;&lt;span style="color: var(--highlight-default)"&gt;$exit&lt;/span&gt;&lt;span style="color: var(--highlight-keyword)"&gt;);&lt;/span&gt;&lt;/code&gt;&lt;/li&gt;
&lt;li&gt;&lt;code&gt;&lt;span style="color: var(--highlight-keyword)"&gt;&amp;nbsp;&amp;nbsp;&amp;nbsp;&amp;nbsp;&amp;nbsp;&amp;nbsp;&amp;nbsp;&amp;nbsp;}&amp;nbsp;catch&amp;nbsp;(&lt;/span&gt;&lt;span style="color: var(--highlight-default)"&gt;Throwable&amp;nbsp;$t&lt;/span&gt;&lt;span style="color: var(--highlight-keyword)"&gt;)&amp;nbsp;{&lt;/span&gt;&lt;/code&gt;&lt;/li&gt;
&lt;li&gt;&lt;code&gt;&lt;span style="color: var(--highlight-keyword)"&gt;&amp;nbsp;&amp;nbsp;&amp;nbsp;&amp;nbsp;&amp;nbsp;&amp;nbsp;&amp;nbsp;&amp;nbsp;&amp;nbsp;&amp;nbsp;&amp;nbsp;&amp;nbsp;print&amp;nbsp;&lt;/span&gt;&lt;span style="color: var(--highlight-default)"&gt;$t&lt;/span&gt;&lt;span style="color: var(--highlight-keyword)"&gt;-&amp;gt;&lt;/span&gt;&lt;span style="color: var(--highlight-default)"&gt;getMessage&lt;/span&gt;&lt;span style="color: var(--highlight-keyword)"&gt;()&amp;nbsp;.&amp;nbsp;&lt;/span&gt;&lt;span style="color: var(--highlight-default)"&gt;PHP_EOL&lt;/span&gt;&lt;span style="color: var(--highlight-keyword)"&gt;;&lt;/span&gt;&lt;/code&gt;&lt;/li&gt;
&lt;li&gt;&lt;code&gt;&lt;span style="color: var(--highlight-keyword)"&gt;&amp;nbsp;&amp;nbsp;&amp;nbsp;&amp;nbsp;&amp;nbsp;&amp;nbsp;&amp;nbsp;&amp;nbsp;}&lt;/span&gt;&lt;/code&gt;&lt;/li&gt;
&lt;li&gt;&lt;code&gt;&lt;span style="color: var(--highlight-keyword)"&gt;&lt;/span&gt;&lt;/code&gt;&lt;/li&gt;
&lt;li&gt;&lt;code&gt;&lt;span style="color: var(--highlight-keyword)"&gt;&amp;nbsp;&amp;nbsp;&amp;nbsp;&amp;nbsp;&amp;nbsp;&amp;nbsp;&amp;nbsp;&amp;nbsp;&lt;/span&gt;&lt;span style="color: var(--highlight-default)"&gt;$return&amp;nbsp;&lt;/span&gt;&lt;span style="color: var(--highlight-keyword)"&gt;=&amp;nbsp;&lt;/span&gt;&lt;span style="color: var(--highlight-default)"&gt;TestRunner&lt;/span&gt;&lt;span style="color: var(--highlight-keyword)"&gt;::&lt;/span&gt;&lt;span style="color: var(--highlight-default)"&gt;FAILURE_EXIT&lt;/span&gt;&lt;span style="color: var(--highlight-keyword)"&gt;;&lt;/span&gt;&lt;/code&gt;&lt;/li&gt;&lt;/ol&gt;    &lt;/div&gt;            &lt;/div&gt;
                        &lt;div class="trace-line "&gt;
                &lt;div class="trace-line-header break-long-words sf-toggle" data-toggle-selector="#trace-html-1-21" data-toggle-initial=""&gt;
            &lt;span class="icon icon-close"&gt;&lt;svg width="1792" height="1792" viewBox="0 0 1792 1792" xmlns="http://www.w3.org/2000/svg"&gt;&lt;path d="M1408 960V832q0-26-19-45t-45-19H448q-26 0-45 19t-19 45v128q0 26 19 45t45 19h896q26 0 45-19t19-45zm256-544v960q0 119-84.5 203.5T1376 1664H416q-119 0-203.5-84.5T128 1376V416q0-119 84.5-203.5T416 128h960q119 0 203.5 84.5T1664 416z"/&gt;&lt;/svg&gt;&lt;/span&gt;
        &lt;span class="icon icon-open"&gt;&lt;svg width="1792" height="1792" viewBox="0 0 1792 1792" xmlns="http://www.w3.org/2000/svg"&gt;&lt;path d="M1408 960V832q0-26-19-45t-45-19h-320V448q0-26-19-45t-45-19H832q-26 0-45 19t-19 45v320H448q-26 0-45 19t-19 45v128q0 26 19 45t45 19h320v320q0 26 19 45t45 19h128q26 0 45-19t19-45v-320h320q26 0 45-19t19-45zm256-544v960q0 119-84.5 203.5T1376 1664H416q-119 0-203.5-84.5T128 1376V416q0-119 84.5-203.5T416 128h960q119 0 203.5 84.5T1664 416z"/&gt;&lt;/svg&gt;&lt;/span&gt;
    
            &lt;span class="trace-class"&gt;&lt;abbr title="PHPUnit\TextUI\Command"&gt;Command&lt;/abbr&gt;&lt;/span&gt;&lt;span class="trace-type"&gt;-&gt;&lt;/span&gt;&lt;span class="trace-method"&gt;run&lt;/span&gt;&lt;span class="trace-arguments"&gt;(&lt;em&gt;array&lt;/em&gt;('bin/phpunit', '--log-junit', 'test-results.xml'), &lt;em&gt;true&lt;/em&gt;)&lt;/span&gt;    
                    &lt;span class="block trace-file-path"&gt;
            in
            &lt;a href="file://C:\Users\sliti\Desktop\dev\esprit-PIDEV-3A16-2526-FARMIA\vendor\phpunit\phpunit\src\TextUI\Command.php#L99"&gt;
                C:\Users\sliti\Desktop\dev\esprit-PIDEV-3A16-2526-FARMIA\vendor\phpunit\phpunit\src\TextUI\&lt;strong&gt;Command.php&lt;/strong&gt;
            &lt;/a&gt;
                        (line 99)
            &lt;span class="icon icon-copy hidden" data-clipboard-text="C:\Users\sliti\Desktop\dev\esprit-PIDEV-3A16-2526-FARMIA\vendor\phpunit\phpunit\src\TextUI\Command.php:99"&gt;
                &lt;svg xmlns="http://www.w3.org/2000/svg" height="24" viewBox="0 0 24 24" width="24"&gt;&lt;path d="M0 0h24v24H0z" fill="none"/&gt;&lt;path d="M16 1H4c-1.1 0-2 .9-2 2v14h2V3h12V1zm3 4H8c-1.1 0-2 .9-2 2v14c0 1.1.9 2 2 2h11c1.1 0 2-.9 2-2V7c0-1.1-.9-2-2-2zm0 16H8V7h11v14z"/&gt;&lt;/svg&gt;            &lt;/span&gt;
        &lt;/span&gt;
    &lt;/div&gt;
    &lt;div id="trace-html-1-21" class="trace-code sf-toggle-content"&gt;
        &lt;ol start="94"&gt;&lt;li&gt;&lt;code&gt;&lt;span style="color: var(--highlight-comment)"&gt;&amp;nbsp;&amp;nbsp;&amp;nbsp;&amp;nbsp;&amp;nbsp;*&amp;nbsp;@throws&amp;nbsp;Exception&lt;/span&gt;&lt;/code&gt;&lt;/li&gt;
&lt;li&gt;&lt;code&gt;&lt;span style="color: var(--highlight-comment)"&gt;&amp;nbsp;&amp;nbsp;&amp;nbsp;&amp;nbsp;&amp;nbsp;*/&lt;/span&gt;&lt;/code&gt;&lt;/li&gt;
&lt;li&gt;&lt;code&gt;&lt;span style="color: var(--highlight-comment)"&gt;&amp;nbsp;&amp;nbsp;&amp;nbsp;&amp;nbsp;&lt;/span&gt;&lt;span style="color: var(--highlight-keyword)"&gt;public&amp;nbsp;static&amp;nbsp;function&amp;nbsp;&lt;/span&gt;&lt;span style="color: var(--highlight-default)"&gt;main&lt;/span&gt;&lt;span style="color: var(--highlight-keyword)"&gt;(&lt;/span&gt;&lt;span style="color: var(--highlight-default)"&gt;bool&amp;nbsp;$exit&amp;nbsp;&lt;/span&gt;&lt;span style="color: var(--highlight-keyword)"&gt;=&amp;nbsp;&lt;/span&gt;&lt;span style="color: var(--highlight-default)"&gt;true&lt;/span&gt;&lt;span style="color: var(--highlight-keyword)"&gt;):&amp;nbsp;&lt;/span&gt;&lt;span style="color: var(--highlight-default)"&gt;int&lt;/span&gt;&lt;/code&gt;&lt;/li&gt;
&lt;li&gt;&lt;code&gt;&lt;span style="color: var(--highlight-default)"&gt;&amp;nbsp;&amp;nbsp;&amp;nbsp;&amp;nbsp;&lt;/span&gt;&lt;span style="color: var(--highlight-keyword)"&gt;{&lt;/span&gt;&lt;/code&gt;&lt;/li&gt;
&lt;li&gt;&lt;code&gt;&lt;span style="color: var(--highlight-keyword)"&gt;&amp;nbsp;&amp;nbsp;&amp;nbsp;&amp;nbsp;&amp;nbsp;&amp;nbsp;&amp;nbsp;&amp;nbsp;try&amp;nbsp;{&lt;/span&gt;&lt;/code&gt;&lt;/li&gt;
&lt;li class="selected"&gt;&lt;code&gt;&lt;span style="color: var(--highlight-keyword)"&gt;&amp;nbsp;&amp;nbsp;&amp;nbsp;&amp;nbsp;&amp;nbsp;&amp;nbsp;&amp;nbsp;&amp;nbsp;&amp;nbsp;&amp;nbsp;&amp;nbsp;&amp;nbsp;return&amp;nbsp;(new&amp;nbsp;static)-&amp;gt;&lt;/span&gt;&lt;span style="color: var(--highlight-default)"&gt;run&lt;/span&gt;&lt;span style="color: var(--highlight-keyword)"&gt;(&lt;/span&gt;&lt;span style="color: var(--highlight-default)"&gt;$_SERVER&lt;/span&gt;&lt;span style="color: var(--highlight-keyword)"&gt;[&lt;/span&gt;&lt;span style="color: var(--highlight-string)"&gt;'argv'&lt;/span&gt;&lt;span style="color: var(--highlight-keyword)"&gt;],&amp;nbsp;&lt;/span&gt;&lt;span style="color: var(--highlight-default)"&gt;$exit&lt;/span&gt;&lt;span style="color: var(--highlight-keyword)"&gt;);&lt;/span&gt;&lt;/code&gt;&lt;/li&gt;
&lt;li&gt;&lt;code&gt;&lt;span style="color: var(--highlight-keyword)"&gt;&amp;nbsp;&amp;nbsp;&amp;nbsp;&amp;nbsp;&amp;nbsp;&amp;nbsp;&amp;nbsp;&amp;nbsp;}&amp;nbsp;catch&amp;nbsp;(&lt;/span&gt;&lt;span style="color: var(--highlight-default)"&gt;Throwable&amp;nbsp;$t&lt;/span&gt;&lt;span style="color: var(--highlight-keyword)"&gt;)&amp;nbsp;{&lt;/span&gt;&lt;/code&gt;&lt;/li&gt;
&lt;li&gt;&lt;code&gt;&lt;span style="color: var(--highlight-keyword)"&gt;&amp;nbsp;&amp;nbsp;&amp;nbsp;&amp;nbsp;&amp;nbsp;&amp;nbsp;&amp;nbsp;&amp;nbsp;&amp;nbsp;&amp;nbsp;&amp;nbsp;&amp;nbsp;throw&amp;nbsp;new&amp;nbsp;&lt;/span&gt;&lt;span style="color: var(--highlight-default)"&gt;RuntimeException&lt;/span&gt;&lt;span style="color: var(--highlight-keyword)"&gt;(&lt;/span&gt;&lt;/code&gt;&lt;/li&gt;
&lt;li&gt;&lt;code&gt;&lt;span style="color: var(--highlight-keyword)"&gt;&amp;nbsp;&amp;nbsp;&amp;nbsp;&amp;nbsp;&amp;nbsp;&amp;nbsp;&amp;nbsp;&amp;nbsp;&amp;nbsp;&amp;nbsp;&amp;nbsp;&amp;nbsp;&amp;nbsp;&amp;nbsp;&amp;nbsp;&amp;nbsp;&lt;/span&gt;&lt;span style="color: var(--highlight-default)"&gt;$t&lt;/span&gt;&lt;span style="color: var(--highlight-keyword)"&gt;-&amp;gt;&lt;/span&gt;&lt;span style="color: var(--highlight-default)"&gt;getMessage&lt;/span&gt;&lt;span style="color: var(--highlight-keyword)"&gt;(),&lt;/span&gt;&lt;/code&gt;&lt;/li&gt;
&lt;li&gt;&lt;code&gt;&lt;span style="color: var(--highlight-keyword)"&gt;&amp;nbsp;&amp;nbsp;&amp;nbsp;&amp;nbsp;&amp;nbsp;&amp;nbsp;&amp;nbsp;&amp;nbsp;&amp;nbsp;&amp;nbsp;&amp;nbsp;&amp;nbsp;&amp;nbsp;&amp;nbsp;&amp;nbsp;&amp;nbsp;(int)&amp;nbsp;&lt;/span&gt;&lt;span style="color: var(--highlight-default)"&gt;$t&lt;/span&gt;&lt;span style="color: var(--highlight-keyword)"&gt;-&amp;gt;&lt;/span&gt;&lt;span style="color: var(--highlight-default)"&gt;getCode&lt;/span&gt;&lt;span style="color: var(--highlight-keyword)"&gt;(),&lt;/span&gt;&lt;/code&gt;&lt;/li&gt;
&lt;li&gt;&lt;code&gt;&lt;span style="color: var(--highlight-keyword)"&gt;&amp;nbsp;&amp;nbsp;&amp;nbsp;&amp;nbsp;&amp;nbsp;&amp;nbsp;&amp;nbsp;&amp;nbsp;&amp;nbsp;&amp;nbsp;&amp;nbsp;&amp;nbsp;&amp;nbsp;&amp;nbsp;&amp;nbsp;&amp;nbsp;&lt;/span&gt;&lt;span style="color: var(--highlight-default)"&gt;$t&lt;/span&gt;&lt;span style="color: var(--highlight-keyword)"&gt;,&lt;/span&gt;&lt;/code&gt;&lt;/li&gt;&lt;/ol&gt;    &lt;/div&gt;            &lt;/div&gt;
                        &lt;div class="trace-line "&gt;
                &lt;div class="trace-line-header break-long-words sf-toggle" data-toggle-selector="#trace-html-1-22" data-toggle-initial=""&gt;
            &lt;span class="icon icon-close"&gt;&lt;svg width="1792" height="1792" viewBox="0 0 1792 1792" xmlns="http://www.w3.org/2000/svg"&gt;&lt;path d="M1408 960V832q0-26-19-45t-45-19H448q-26 0-45 19t-19 45v128q0 26 19 45t45 19h896q26 0 45-19t19-45zm256-544v960q0 119-84.5 203.5T1376 1664H416q-119 0-203.5-84.5T128 1376V416q0-119 84.5-203.5T416 128h960q119 0 203.5 84.5T1664 416z"/&gt;&lt;/svg&gt;&lt;/span&gt;
        &lt;span class="icon icon-open"&gt;&lt;svg width="1792" height="1792" viewBox="0 0 1792 1792" xmlns="http://www.w3.org/2000/svg"&gt;&lt;path d="M1408 960V832q0-26-19-45t-45-19h-320V448q0-26-19-45t-45-19H832q-26 0-45 19t-19 45v320H448q-26 0-45 19t-19 45v128q0 26 19 45t45 19h320v320q0 26 19 45t45 19h128q26 0 45-19t19-45v-320h320q26 0 45-19t19-45zm256-544v960q0 119-84.5 203.5T1376 1664H416q-119 0-203.5-84.5T128 1376V416q0-119 84.5-203.5T416 128h960q119 0 203.5 84.5T1664 416z"/&gt;&lt;/svg&gt;&lt;/span&gt;
    
            &lt;span class="trace-class"&gt;&lt;abbr title="PHPUnit\TextUI\Command"&gt;Command&lt;/abbr&gt;&lt;/span&gt;&lt;span class="trace-type"&gt;::&lt;/span&gt;&lt;span class="trace-method"&gt;main&lt;/span&gt;&lt;span class="trace-arguments"&gt;()&lt;/span&gt;    
                    &lt;span class="block trace-file-path"&gt;
            in
            &lt;a href="file://C:\Users\sliti\Desktop\dev\esprit-PIDEV-3A16-2526-FARMIA\vendor\phpunit\phpunit\phpunit#L107"&gt;
                C:\Users\sliti\Desktop\dev\esprit-PIDEV-3A16-2526-FARMIA\vendor\phpunit\phpunit\&lt;strong&gt;phpunit&lt;/strong&gt;
            &lt;/a&gt;
                        (line 107)
            &lt;span class="icon icon-copy hidden" data-clipboard-text="C:\Users\sliti\Desktop\dev\esprit-PIDEV-3A16-2526-FARMIA\vendor\phpunit\phpunit\phpunit:107"&gt;
                &lt;svg xmlns="http://www.w3.org/2000/svg" height="24" viewBox="0 0 24 24" width="24"&gt;&lt;path d="M0 0h24v24H0z" fill="none"/&gt;&lt;path d="M16 1H4c-1.1 0-2 .9-2 2v14h2V3h12V1zm3 4H8c-1.1 0-2 .9-2 2v14c0 1.1.9 2 2 2h11c1.1 0 2-.9 2-2V7c0-1.1-.9-2-2-2zm0 16H8V7h11v14z"/&gt;&lt;/svg&gt;            &lt;/span&gt;
        &lt;/span&gt;
    &lt;/div&gt;
    &lt;div id="trace-html-1-22" class="trace-code sf-toggle-content"&gt;
        &lt;ol start="102"&gt;&lt;li&gt;&lt;code&gt;&lt;span style="color: var(--highlight-keyword)"&gt;unset(&lt;/span&gt;&lt;span style="color: var(--highlight-default)"&gt;$options&lt;/span&gt;&lt;span style="color: var(--highlight-keyword)"&gt;);&lt;/span&gt;&lt;/code&gt;&lt;/li&gt;
&lt;li&gt;&lt;code&gt;&lt;span style="color: var(--highlight-keyword)"&gt;&lt;/span&gt;&lt;/code&gt;&lt;/li&gt;
&lt;li&gt;&lt;code&gt;&lt;span style="color: var(--highlight-keyword)"&gt;require&amp;nbsp;&lt;/span&gt;&lt;span style="color: var(--highlight-default)"&gt;PHPUNIT_COMPOSER_INSTALL&lt;/span&gt;&lt;span style="color: var(--highlight-keyword)"&gt;;&lt;/span&gt;&lt;/code&gt;&lt;/li&gt;
&lt;li&gt;&lt;code&gt;&lt;span style="color: var(--highlight-keyword)"&gt;&lt;/span&gt;&lt;/code&gt;&lt;/li&gt;
&lt;li&gt;&lt;code&gt;&lt;span style="color: var(--highlight-keyword)"&gt;&lt;/span&gt;&lt;span style="color: var(--highlight-default)"&gt;PHPUnit\TextUI\Command&lt;/span&gt;&lt;span style="color: var(--highlight-keyword)"&gt;::&lt;/span&gt;&lt;span style="color: var(--highlight-default)"&gt;main&lt;/span&gt;&lt;span style="color: var(--highlight-keyword)"&gt;();&lt;/span&gt;&lt;/code&gt;&lt;/li&gt;
&lt;li class="selected"&gt;&lt;code&gt;&lt;span style="color: var(--highlight-keyword)"&gt;&lt;/span&gt;&lt;/code&gt;&lt;/li&gt;&lt;/ol&gt;    &lt;/div&gt;            &lt;/div&gt;
                        &lt;div class="trace-line "&gt;
                &lt;div class="trace-line-header break-long-words sf-toggle" data-toggle-selector="#trace-html-1-23" data-toggle-initial=""&gt;
            &lt;span class="icon icon-close"&gt;&lt;svg width="1792" height="1792" viewBox="0 0 1792 1792" xmlns="http://www.w3.org/2000/svg"&gt;&lt;path d="M1408 960V832q0-26-19-45t-45-19H448q-26 0-45 19t-19 45v128q0 26 19 45t45 19h896q26 0 45-19t19-45zm256-544v960q0 119-84.5 203.5T1376 1664H416q-119 0-203.5-84.5T128 1376V416q0-119 84.5-203.5T416 128h960q119 0 203.5 84.5T1664 416z"/&gt;&lt;/svg&gt;&lt;/span&gt;
        &lt;span class="icon icon-open"&gt;&lt;svg width="1792" height="1792" viewBox="0 0 1792 1792" xmlns="http://www.w3.org/2000/svg"&gt;&lt;path d="M1408 960V832q0-26-19-45t-45-19h-320V448q0-26-19-45t-45-19H832q-26 0-45 19t-19 45v320H448q-26 0-45 19t-19 45v128q0 26 19 45t45 19h320v320q0 26 19 45t45 19h128q26 0 45-19t19-45v-320h320q26 0 45-19t19-45zm256-544v960q0 119-84.5 203.5T1376 1664H416q-119 0-203.5-84.5T128 1376V416q0-119 84.5-203.5T416 128h960q119 0 203.5 84.5T1664 416z"/&gt;&lt;/svg&gt;&lt;/span&gt;
    
            &lt;span class="trace-class"&gt;&lt;abbr title=""&gt;&lt;/abbr&gt;&lt;/span&gt;&lt;span class="trace-method"&gt;require&lt;/span&gt;&lt;span class="trace-arguments"&gt;('C:\\Users\\sliti\\Desktop\\dev\\esprit-PIDEV-3A16-2526-FARMIA\\vendor\\phpunit\\phpunit\\phpunit')&lt;/span&gt;    
                    &lt;span class="block trace-file-path"&gt;
            in
            &lt;a href="file://C:\Users\sliti\Desktop\dev\esprit-PIDEV-3A16-2526-FARMIA\bin\phpunit#L10"&gt;
                C:\Users\sliti\Desktop\dev\esprit-PIDEV-3A16-2526-FARMIA\bin\&lt;strong&gt;phpunit&lt;/strong&gt;
            &lt;/a&gt;
                        (line 10)
            &lt;span class="icon icon-copy hidden" data-clipboard-text="C:\Users\sliti\Desktop\dev\esprit-PIDEV-3A16-2526-FARMIA\bin\phpunit:10"&gt;
                &lt;svg xmlns="http://www.w3.org/2000/svg" height="24" viewBox="0 0 24 24" width="24"&gt;&lt;path d="M0 0h24v24H0z" fill="none"/&gt;&lt;path d="M16 1H4c-1.1 0-2 .9-2 2v14h2V3h12V1zm3 4H8c-1.1 0-2 .9-2 2v14c0 1.1.9 2 2 2h11c1.1 0 2-.9 2-2V7c0-1.1-.9-2-2-2zm0 16H8V7h11v14z"/&gt;&lt;/svg&gt;            &lt;/span&gt;
        &lt;/span&gt;
    &lt;/div&gt;
    &lt;div id="trace-html-1-23" class="trace-code sf-toggle-content"&gt;
        &lt;ol start="5"&gt;&lt;li&gt;&lt;code&gt;&lt;span style="color: var(--highlight-keyword)"&gt;}&#13;&lt;/span&gt;&lt;/code&gt;&lt;/li&gt;
&lt;li&gt;&lt;code&gt;&lt;span style="color: var(--highlight-keyword)"&gt;&#13;&lt;/span&gt;&lt;/code&gt;&lt;/li&gt;
&lt;li&gt;&lt;code&gt;&lt;span style="color: var(--highlight-keyword)"&gt;if&amp;nbsp;(&lt;/span&gt;&lt;span style="color: var(--highlight-default)"&gt;is_file&lt;/span&gt;&lt;span style="color: var(--highlight-keyword)"&gt;(&lt;/span&gt;&lt;span style="color: var(--highlight-default)"&gt;dirname&lt;/span&gt;&lt;span style="color: var(--highlight-keyword)"&gt;(&lt;/span&gt;&lt;span style="color: var(--highlight-default)"&gt;__DIR__&lt;/span&gt;&lt;span style="color: var(--highlight-keyword)"&gt;).&lt;/span&gt;&lt;span style="color: var(--highlight-string)"&gt;'/vendor/phpunit/phpunit/phpunit'&lt;/span&gt;&lt;span style="color: var(--highlight-keyword)"&gt;))&amp;nbsp;{&#13;&lt;/span&gt;&lt;/code&gt;&lt;/li&gt;
&lt;li&gt;&lt;code&gt;&lt;span style="color: var(--highlight-keyword)"&gt;&amp;nbsp;&amp;nbsp;&amp;nbsp;&amp;nbsp;if&amp;nbsp;(&lt;/span&gt;&lt;span style="color: var(--highlight-default)"&gt;PHP_VERSION_ID&amp;nbsp;&lt;/span&gt;&lt;span style="color: var(--highlight-keyword)"&gt;&amp;gt;=&amp;nbsp;&lt;/span&gt;&lt;span style="color: var(--highlight-default)"&gt;80000&lt;/span&gt;&lt;span style="color: var(--highlight-keyword)"&gt;)&amp;nbsp;{&#13;&lt;/span&gt;&lt;/code&gt;&lt;/li&gt;
&lt;li&gt;&lt;code&gt;&lt;span style="color: var(--highlight-keyword)"&gt;&amp;nbsp;&amp;nbsp;&amp;nbsp;&amp;nbsp;&amp;nbsp;&amp;nbsp;&amp;nbsp;&amp;nbsp;require&amp;nbsp;&lt;/span&gt;&lt;span style="color: var(--highlight-default)"&gt;dirname&lt;/span&gt;&lt;span style="color: var(--highlight-keyword)"&gt;(&lt;/span&gt;&lt;span style="color: var(--highlight-default)"&gt;__DIR__&lt;/span&gt;&lt;span style="color: var(--highlight-keyword)"&gt;).&lt;/span&gt;&lt;span style="color: var(--highlight-string)"&gt;'/vendor/phpunit/phpunit/phpunit'&lt;/span&gt;&lt;span style="color: var(--highlight-keyword)"&gt;;&#13;&lt;/span&gt;&lt;/code&gt;&lt;/li&gt;
&lt;li class="selected"&gt;&lt;code&gt;&lt;span style="color: var(--highlight-keyword)"&gt;&amp;nbsp;&amp;nbsp;&amp;nbsp;&amp;nbsp;}&amp;nbsp;else&amp;nbsp;{&#13;&lt;/span&gt;&lt;/code&gt;&lt;/li&gt;
&lt;li&gt;&lt;code&gt;&lt;span style="color: var(--highlight-keyword)"&gt;&amp;nbsp;&amp;nbsp;&amp;nbsp;&amp;nbsp;&amp;nbsp;&amp;nbsp;&amp;nbsp;&amp;nbsp;&lt;/span&gt;&lt;span style="color: var(--highlight-default)"&gt;define&lt;/span&gt;&lt;span style="color: var(--highlight-keyword)"&gt;(&lt;/span&gt;&lt;span style="color: var(--highlight-string)"&gt;'PHPUNIT_COMPOSER_INSTALL'&lt;/span&gt;&lt;span style="color: var(--highlight-keyword)"&gt;,&amp;nbsp;&lt;/span&gt;&lt;span style="color: var(--highlight-default)"&gt;dirname&lt;/span&gt;&lt;span style="color: var(--highlight-keyword)"&gt;(&lt;/span&gt;&lt;span style="color: var(--highlight-default)"&gt;__DIR__&lt;/span&gt;&lt;span style="color: var(--highlight-keyword)"&gt;).&lt;/span&gt;&lt;span style="color: var(--highlight-string)"&gt;'/vendor/autoload.php'&lt;/span&gt;&lt;span style="color: var(--highlight-keyword)"&gt;);&#13;&lt;/span&gt;&lt;/code&gt;&lt;/li&gt;
&lt;li&gt;&lt;code&gt;&lt;span style="color: var(--highlight-keyword)"&gt;&amp;nbsp;&amp;nbsp;&amp;nbsp;&amp;nbsp;&amp;nbsp;&amp;nbsp;&amp;nbsp;&amp;nbsp;require&amp;nbsp;&lt;/span&gt;&lt;span style="color: var(--highlight-default)"&gt;PHPUNIT_COMPOSER_INSTALL&lt;/span&gt;&lt;span style="color: var(--highlight-keyword)"&gt;;&#13;&lt;/span&gt;&lt;/code&gt;&lt;/li&gt;
&lt;li&gt;&lt;code&gt;&lt;span style="color: var(--highlight-keyword)"&gt;&amp;nbsp;&amp;nbsp;&amp;nbsp;&amp;nbsp;&amp;nbsp;&amp;nbsp;&amp;nbsp;&amp;nbsp;&lt;/span&gt;&lt;span style="color: var(--highlight-default)"&gt;PHPUnit\TextUI\Command&lt;/span&gt;&lt;span style="color: var(--highlight-keyword)"&gt;::&lt;/span&gt;&lt;span style="color: var(--highlight-default)"&gt;main&lt;/span&gt;&lt;span style="color: var(--highlight-keyword)"&gt;();&#13;&lt;/span&gt;&lt;/code&gt;&lt;/li&gt;
&lt;li&gt;&lt;code&gt;&lt;span style="color: var(--highlight-keyword)"&gt;&amp;nbsp;&amp;nbsp;&amp;nbsp;&amp;nbsp;}&#13;&lt;/span&gt;&lt;/code&gt;&lt;/li&gt;
&lt;li&gt;&lt;code&gt;&lt;span style="color: var(--highlight-keyword)"&gt;}&amp;nbsp;else&amp;nbsp;{&#13;&lt;/span&gt;&lt;/code&gt;&lt;/li&gt;&lt;/ol&gt;    &lt;/div&gt;            &lt;/div&gt;
                    &lt;/div&gt;
    &lt;/div&gt;
&lt;/div&gt;&lt;div class="trace trace-as-html" id="trace-box-2"&gt;
    &lt;div class="trace-details"&gt;
        &lt;div class="trace-head"&gt;
            &lt;div class="sf-toggle" data-toggle-selector="#trace-html-2" data-toggle-initial=""&gt;
                &lt;span class="icon icon-close"&gt;&lt;svg width="1792" height="1792" viewBox="0 0 1792 1792" xmlns="http://www.w3.org/2000/svg"&gt;&lt;path d="M1344 800v64q0 14-9 23t-23 9H480q-14 0-23-9t-9-23v-64q0-14 9-23t23-9h832q14 0 23 9t9 23zm128 448V416q0-66-47-113t-113-47H480q-66 0-113 47t-47 113v832q0 66 47 113t113 47h832q66 0 113-47t47-113zm128-832v832q0 119-84.5 203.5T1312 1536H480q-119 0-203.5-84.5T192 1248V416q0-119 84.5-203.5T480 128h832q119 0 203.5 84.5T1600 416z"/&gt;&lt;/svg&gt;&lt;/span&gt;
                &lt;span class="icon icon-open"&gt;&lt;svg width="1792" height="1792" viewBox="0 0 1792 1792" xmlns="http://www.w3.org/2000/svg"&gt;&lt;path d="M1344 800v64q0 14-9 23t-23 9H960v352q0 14-9 23t-23 9h-64q-14 0-23-9t-9-23V896H480q-14 0-23-9t-9-23v-64q0-14 9-23t23-9h352V416q0-14 9-23t23-9h64q14 0 23 9t9 23v352h352q14 0 23 9t9 23zm128 448V416q0-66-47-113t-113-47H480q-66 0-113 47t-47 113v832q0 66 47 113t113 47h832q66 0 113-47t47-113zm128-832v832q0 119-84.5 203.5T1312 1536H480q-119 0-203.5-84.5T192 1248V416q0-119 84.5-203.5T480 128h832q119 0 203.5 84.5T1600 416z"/&gt;&lt;/svg&gt;&lt;/span&gt;
                                                    &lt;h3 class="trace-class"&gt;
                                                    &lt;span class="trace-namespace"&gt;Symfony\Component\Routing\Exception\&lt;/span&gt;
                                                MethodNotAllowedException                    &lt;/h3&gt;
                                            &lt;/div&gt;
                    &lt;/div&gt;

        &lt;div id="trace-html-2" class="sf-toggle-content"&gt;
                    &lt;div class="trace-line "&gt;
                &lt;div class="trace-line-header break-long-words sf-toggle" data-toggle-selector="#trace-html-2-0" data-toggle-initial="display"&gt;
            &lt;span class="icon icon-close"&gt;&lt;svg width="1792" height="1792" viewBox="0 0 1792 1792" xmlns="http://www.w3.org/2000/svg"&gt;&lt;path d="M1408 960V832q0-26-19-45t-45-19H448q-26 0-45 19t-19 45v128q0 26 19 45t45 19h896q26 0 45-19t19-45zm256-544v960q0 119-84.5 203.5T1376 1664H416q-119 0-203.5-84.5T128 1376V416q0-119 84.5-203.5T416 128h960q119 0 203.5 84.5T1664 416z"/&gt;&lt;/svg&gt;&lt;/span&gt;
        &lt;span class="icon icon-open"&gt;&lt;svg width="1792" height="1792" viewBox="0 0 1792 1792" xmlns="http://www.w3.org/2000/svg"&gt;&lt;path d="M1408 960V832q0-26-19-45t-45-19h-320V448q0-26-19-45t-45-19H832q-26 0-45 19t-19 45v320H448q-26 0-45 19t-19 45v128q0 26 19 45t45 19h320v320q0 26 19 45t45 19h128q26 0 45-19t19-45v-320h320q26 0 45-19t19-45zm256-544v960q0 119-84.5 203.5T1376 1664H416q-119 0-203.5-84.5T128 1376V416q0-119 84.5-203.5T416 128h960q119 0 203.5 84.5T1664 416z"/&gt;&lt;/svg&gt;&lt;/span&gt;
    
    
                    &lt;span class="block trace-file-path"&gt;
            in
            &lt;a href="file://C:\Users\sliti\Desktop\dev\esprit-PIDEV-3A16-2526-FARMIA\vendor\symfony\routing\Matcher\Dumper\CompiledUrlMatcherTrait.php#L42"&gt;
                C:\Users\sliti\Desktop\dev\esprit-PIDEV-3A16-2526-FARMIA\vendor\symfony\routing\Matcher\Dumper\&lt;strong&gt;CompiledUrlMatcherTrait.php&lt;/strong&gt;
            &lt;/a&gt;
                        (line 42)
            &lt;span class="icon icon-copy hidden" data-clipboard-text="C:\Users\sliti\Desktop\dev\esprit-PIDEV-3A16-2526-FARMIA\vendor\symfony\routing\Matcher\Dumper\CompiledUrlMatcherTrait.php:42"&gt;
                &lt;svg xmlns="http://www.w3.org/2000/svg" height="24" viewBox="0 0 24 24" width="24"&gt;&lt;path d="M0 0h24v24H0z" fill="none"/&gt;&lt;path d="M16 1H4c-1.1 0-2 .9-2 2v14h2V3h12V1zm3 4H8c-1.1 0-2 .9-2 2v14c0 1.1.9 2 2 2h11c1.1 0 2-.9 2-2V7c0-1.1-.9-2-2-2zm0 16H8V7h11v14z"/&gt;&lt;/svg&gt;            &lt;/span&gt;
        &lt;/span&gt;
    &lt;/div&gt;
    &lt;div id="trace-html-2-0" class="trace-code sf-toggle-content"&gt;
        &lt;ol start="37"&gt;&lt;li&gt;&lt;code&gt;&lt;span style="color: var(--highlight-keyword)"&gt;&amp;nbsp;&amp;nbsp;&amp;nbsp;&amp;nbsp;&amp;nbsp;&amp;nbsp;&amp;nbsp;&amp;nbsp;&lt;/span&gt;&lt;span style="color: var(--highlight-default)"&gt;$allow&amp;nbsp;&lt;/span&gt;&lt;span style="color: var(--highlight-keyword)"&gt;=&amp;nbsp;&lt;/span&gt;&lt;span style="color: var(--highlight-default)"&gt;$allowSchemes&amp;nbsp;&lt;/span&gt;&lt;span style="color: var(--highlight-keyword)"&gt;=&amp;nbsp;[];&lt;/span&gt;&lt;/code&gt;&lt;/li&gt;
&lt;li&gt;&lt;code&gt;&lt;span style="color: var(--highlight-keyword)"&gt;&amp;nbsp;&amp;nbsp;&amp;nbsp;&amp;nbsp;&amp;nbsp;&amp;nbsp;&amp;nbsp;&amp;nbsp;if&amp;nbsp;(&lt;/span&gt;&lt;span style="color: var(--highlight-default)"&gt;$ret&amp;nbsp;&lt;/span&gt;&lt;span style="color: var(--highlight-keyword)"&gt;=&amp;nbsp;&lt;/span&gt;&lt;span style="color: var(--highlight-default)"&gt;$this&lt;/span&gt;&lt;span style="color: var(--highlight-keyword)"&gt;-&amp;gt;&lt;/span&gt;&lt;span style="color: var(--highlight-default)"&gt;doMatch&lt;/span&gt;&lt;span style="color: var(--highlight-keyword)"&gt;(&lt;/span&gt;&lt;span style="color: var(--highlight-default)"&gt;$pathinfo&lt;/span&gt;&lt;span style="color: var(--highlight-keyword)"&gt;,&amp;nbsp;&lt;/span&gt;&lt;span style="color: var(--highlight-default)"&gt;$allow&lt;/span&gt;&lt;span style="color: var(--highlight-keyword)"&gt;,&amp;nbsp;&lt;/span&gt;&lt;span style="color: var(--highlight-default)"&gt;$allowSchemes&lt;/span&gt;&lt;span style="color: var(--highlight-keyword)"&gt;))&amp;nbsp;{&lt;/span&gt;&lt;/code&gt;&lt;/li&gt;
&lt;li&gt;&lt;code&gt;&lt;span style="color: var(--highlight-keyword)"&gt;&amp;nbsp;&amp;nbsp;&amp;nbsp;&amp;nbsp;&amp;nbsp;&amp;nbsp;&amp;nbsp;&amp;nbsp;&amp;nbsp;&amp;nbsp;&amp;nbsp;&amp;nbsp;return&amp;nbsp;&lt;/span&gt;&lt;span style="color: var(--highlight-default)"&gt;$ret&lt;/span&gt;&lt;span style="color: var(--highlight-keyword)"&gt;;&lt;/span&gt;&lt;/code&gt;&lt;/li&gt;
&lt;li&gt;&lt;code&gt;&lt;span style="color: var(--highlight-keyword)"&gt;&amp;nbsp;&amp;nbsp;&amp;nbsp;&amp;nbsp;&amp;nbsp;&amp;nbsp;&amp;nbsp;&amp;nbsp;}&lt;/span&gt;&lt;/code&gt;&lt;/li&gt;
&lt;li&gt;&lt;code&gt;&lt;span style="color: var(--highlight-keyword)"&gt;&amp;nbsp;&amp;nbsp;&amp;nbsp;&amp;nbsp;&amp;nbsp;&amp;nbsp;&amp;nbsp;&amp;nbsp;if&amp;nbsp;(&lt;/span&gt;&lt;span style="color: var(--highlight-default)"&gt;$allow&lt;/span&gt;&lt;span style="color: var(--highlight-keyword)"&gt;)&amp;nbsp;{&lt;/span&gt;&lt;/code&gt;&lt;/li&gt;
&lt;li class="selected"&gt;&lt;code&gt;&lt;span style="color: var(--highlight-keyword)"&gt;&amp;nbsp;&amp;nbsp;&amp;nbsp;&amp;nbsp;&amp;nbsp;&amp;nbsp;&amp;nbsp;&amp;nbsp;&amp;nbsp;&amp;nbsp;&amp;nbsp;&amp;nbsp;throw&amp;nbsp;new&amp;nbsp;&lt;/span&gt;&lt;span style="color: var(--highlight-default)"&gt;MethodNotAllowedException&lt;/span&gt;&lt;span style="color: var(--highlight-keyword)"&gt;(&lt;/span&gt;&lt;span style="color: var(--highlight-default)"&gt;array_keys&lt;/span&gt;&lt;span style="color: var(--highlight-keyword)"&gt;(&lt;/span&gt;&lt;span style="color: var(--highlight-default)"&gt;$allow&lt;/span&gt;&lt;span style="color: var(--highlight-keyword)"&gt;));&lt;/span&gt;&lt;/code&gt;&lt;/li&gt;
&lt;li&gt;&lt;code&gt;&lt;span style="color: var(--highlight-keyword)"&gt;&amp;nbsp;&amp;nbsp;&amp;nbsp;&amp;nbsp;&amp;nbsp;&amp;nbsp;&amp;nbsp;&amp;nbsp;}&lt;/span&gt;&lt;/code&gt;&lt;/li&gt;
&lt;li&gt;&lt;code&gt;&lt;span style="color: var(--highlight-keyword)"&gt;&amp;nbsp;&amp;nbsp;&amp;nbsp;&amp;nbsp;&amp;nbsp;&amp;nbsp;&amp;nbsp;&amp;nbsp;if&amp;nbsp;(!&lt;/span&gt;&lt;span style="color: var(--highlight-default)"&gt;$this&amp;nbsp;&lt;/span&gt;&lt;span style="color: var(--highlight-keyword)"&gt;instanceof&amp;nbsp;&lt;/span&gt;&lt;span style="color: var(--highlight-default)"&gt;RedirectableUrlMatcherInterface&lt;/span&gt;&lt;span style="color: var(--highlight-keyword)"&gt;)&amp;nbsp;{&lt;/span&gt;&lt;/code&gt;&lt;/li&gt;
&lt;li&gt;&lt;code&gt;&lt;span style="color: var(--highlight-keyword)"&gt;&amp;nbsp;&amp;nbsp;&amp;nbsp;&amp;nbsp;&amp;nbsp;&amp;nbsp;&amp;nbsp;&amp;nbsp;&amp;nbsp;&amp;nbsp;&amp;nbsp;&amp;nbsp;throw&amp;nbsp;new&amp;nbsp;&lt;/span&gt;&lt;span style="color: var(--highlight-default)"&gt;ResourceNotFoundException&lt;/span&gt;&lt;span style="color: var(--highlight-keyword)"&gt;(&lt;/span&gt;&lt;span style="color: var(--highlight-default)"&gt;\sprintf&lt;/span&gt;&lt;span style="color: var(--highlight-keyword)"&gt;(&lt;/span&gt;&lt;span style="color: var(--highlight-string)"&gt;'No&amp;nbsp;routes&amp;nbsp;found&amp;nbsp;for&amp;nbsp;"%s".'&lt;/span&gt;&lt;span style="color: var(--highlight-keyword)"&gt;,&amp;nbsp;&lt;/span&gt;&lt;span style="color: var(--highlight-default)"&gt;$pathinfo&lt;/span&gt;&lt;span style="color: var(--highlight-keyword)"&gt;));&lt;/span&gt;&lt;/code&gt;&lt;/li&gt;
&lt;li&gt;&lt;code&gt;&lt;span style="color: var(--highlight-keyword)"&gt;&amp;nbsp;&amp;nbsp;&amp;nbsp;&amp;nbsp;&amp;nbsp;&amp;nbsp;&amp;nbsp;&amp;nbsp;}&lt;/span&gt;&lt;/code&gt;&lt;/li&gt;
&lt;li&gt;&lt;code&gt;&lt;span style="color: var(--highlight-keyword)"&gt;&amp;nbsp;&amp;nbsp;&amp;nbsp;&amp;nbsp;&amp;nbsp;&amp;nbsp;&amp;nbsp;&amp;nbsp;if&amp;nbsp;(!&lt;/span&gt;&lt;span style="color: var(--highlight-default)"&gt;\in_array&lt;/span&gt;&lt;span style="color: var(--highlight-keyword)"&gt;(&lt;/span&gt;&lt;span style="color: var(--highlight-default)"&gt;$this&lt;/span&gt;&lt;span style="color: var(--highlight-keyword)"&gt;-&amp;gt;&lt;/span&gt;&lt;span style="color: var(--highlight-default)"&gt;context&lt;/span&gt;&lt;span style="color: var(--highlight-keyword)"&gt;-&amp;gt;&lt;/span&gt;&lt;span style="color: var(--highlight-default)"&gt;getMethod&lt;/span&gt;&lt;span style="color: var(--highlight-keyword)"&gt;(),&amp;nbsp;[&lt;/span&gt;&lt;span style="color: var(--highlight-string)"&gt;'HEAD'&lt;/span&gt;&lt;span style="color: var(--highlight-keyword)"&gt;,&amp;nbsp;&lt;/span&gt;&lt;span style="color: var(--highlight-string)"&gt;'GET'&lt;/span&gt;&lt;span style="color: var(--highlight-keyword)"&gt;],&amp;nbsp;&lt;/span&gt;&lt;span style="color: var(--highlight-default)"&gt;true&lt;/span&gt;&lt;span style="color: var(--highlight-keyword)"&gt;))&amp;nbsp;{&lt;/span&gt;&lt;/code&gt;&lt;/li&gt;&lt;/ol&gt;    &lt;/div&gt;            &lt;/div&gt;
                        &lt;div class="trace-line "&gt;
                &lt;div class="trace-line-header break-long-words sf-toggle" data-toggle-selector="#trace-html-2-1" data-toggle-initial=""&gt;
            &lt;span class="icon icon-close"&gt;&lt;svg width="1792" height="1792" viewBox="0 0 1792 1792" xmlns="http://www.w3.org/2000/svg"&gt;&lt;path d="M1408 960V832q0-26-19-45t-45-19H448q-26 0-45 19t-19 45v128q0 26 19 45t45 19h896q26 0 45-19t19-45zm256-544v960q0 119-84.5 203.5T1376 1664H416q-119 0-203.5-84.5T128 1376V416q0-119 84.5-203.5T416 128h960q119 0 203.5 84.5T1664 416z"/&gt;&lt;/svg&gt;&lt;/span&gt;
        &lt;span class="icon icon-open"&gt;&lt;svg width="1792" height="1792" viewBox="0 0 1792 1792" xmlns="http://www.w3.org/2000/svg"&gt;&lt;path d="M1408 960V832q0-26-19-45t-45-19h-320V448q0-26-19-45t-45-19H832q-26 0-45 19t-19 45v320H448q-26 0-45 19t-19 45v128q0 26 19 45t45 19h320v320q0 26 19 45t45 19h128q26 0 45-19t19-45v-320h320q26 0 45-19t19-45zm256-544v960q0 119-84.5 203.5T1376 1664H416q-119 0-203.5-84.5T128 1376V416q0-119 84.5-203.5T416 128h960q119 0 203.5 84.5T1664 416z"/&gt;&lt;/svg&gt;&lt;/span&gt;
    
            &lt;span class="trace-class"&gt;&lt;abbr title="Symfony\Component\Routing\Matcher\CompiledUrlMatcher"&gt;CompiledUrlMatcher&lt;/abbr&gt;&lt;/span&gt;&lt;span class="trace-type"&gt;-&gt;&lt;/span&gt;&lt;span class="trace-method"&gt;match&lt;/span&gt;&lt;span class="trace-arguments"&gt;('/expert/analyse/1/status/en_cours')&lt;/span&gt;    
                    &lt;span class="block trace-file-path"&gt;
            in
            &lt;a href="file://C:\Users\sliti\Desktop\dev\esprit-PIDEV-3A16-2526-FARMIA\vendor\symfony\routing\Matcher\UrlMatcher.php#L98"&gt;
                C:\Users\sliti\Desktop\dev\esprit-PIDEV-3A16-2526-FARMIA\vendor\symfony\routing\Matcher\&lt;strong&gt;UrlMatcher.php&lt;/strong&gt;
            &lt;/a&gt;
                        (line 98)
            &lt;span class="icon icon-copy hidden" data-clipboard-text="C:\Users\sliti\Desktop\dev\esprit-PIDEV-3A16-2526-FARMIA\vendor\symfony\routing\Matcher\UrlMatcher.php:98"&gt;
                &lt;svg xmlns="http://www.w3.org/2000/svg" height="24" viewBox="0 0 24 24" width="24"&gt;&lt;path d="M0 0h24v24H0z" fill="none"/&gt;&lt;path d="M16 1H4c-1.1 0-2 .9-2 2v14h2V3h12V1zm3 4H8c-1.1 0-2 .9-2 2v14c0 1.1.9 2 2 2h11c1.1 0 2-.9 2-2V7c0-1.1-.9-2-2-2zm0 16H8V7h11v14z"/&gt;&lt;/svg&gt;            &lt;/span&gt;
        &lt;/span&gt;
    &lt;/div&gt;
    &lt;div id="trace-html-2-1" class="trace-code sf-toggle-content"&gt;
        &lt;ol start="93"&gt;&lt;li&gt;&lt;code&gt;&lt;span style="color: var(--highlight-keyword)"&gt;&lt;/span&gt;&lt;/code&gt;&lt;/li&gt;
&lt;li&gt;&lt;code&gt;&lt;span style="color: var(--highlight-keyword)"&gt;&amp;nbsp;&amp;nbsp;&amp;nbsp;&amp;nbsp;public&amp;nbsp;function&amp;nbsp;&lt;/span&gt;&lt;span style="color: var(--highlight-default)"&gt;matchRequest&lt;/span&gt;&lt;span style="color: var(--highlight-keyword)"&gt;(&lt;/span&gt;&lt;span style="color: var(--highlight-default)"&gt;Request&amp;nbsp;$request&lt;/span&gt;&lt;span style="color: var(--highlight-keyword)"&gt;):&amp;nbsp;array&lt;/span&gt;&lt;/code&gt;&lt;/li&gt;
&lt;li&gt;&lt;code&gt;&lt;span style="color: var(--highlight-keyword)"&gt;&amp;nbsp;&amp;nbsp;&amp;nbsp;&amp;nbsp;{&lt;/span&gt;&lt;/code&gt;&lt;/li&gt;
&lt;li&gt;&lt;code&gt;&lt;span style="color: var(--highlight-keyword)"&gt;&amp;nbsp;&amp;nbsp;&amp;nbsp;&amp;nbsp;&amp;nbsp;&amp;nbsp;&amp;nbsp;&amp;nbsp;&lt;/span&gt;&lt;span style="color: var(--highlight-default)"&gt;$this&lt;/span&gt;&lt;span style="color: var(--highlight-keyword)"&gt;-&amp;gt;&lt;/span&gt;&lt;span style="color: var(--highlight-default)"&gt;request&amp;nbsp;&lt;/span&gt;&lt;span style="color: var(--highlight-keyword)"&gt;=&amp;nbsp;&lt;/span&gt;&lt;span style="color: var(--highlight-default)"&gt;$request&lt;/span&gt;&lt;span style="color: var(--highlight-keyword)"&gt;;&lt;/span&gt;&lt;/code&gt;&lt;/li&gt;
&lt;li&gt;&lt;code&gt;&lt;span style="color: var(--highlight-keyword)"&gt;&lt;/span&gt;&lt;/code&gt;&lt;/li&gt;
&lt;li class="selected"&gt;&lt;code&gt;&lt;span style="color: var(--highlight-keyword)"&gt;&amp;nbsp;&amp;nbsp;&amp;nbsp;&amp;nbsp;&amp;nbsp;&amp;nbsp;&amp;nbsp;&amp;nbsp;&lt;/span&gt;&lt;span style="color: var(--highlight-default)"&gt;$ret&amp;nbsp;&lt;/span&gt;&lt;span style="color: var(--highlight-keyword)"&gt;=&amp;nbsp;&lt;/span&gt;&lt;span style="color: var(--highlight-default)"&gt;$this&lt;/span&gt;&lt;span style="color: var(--highlight-keyword)"&gt;-&amp;gt;&lt;/span&gt;&lt;span style="color: var(--highlight-default)"&gt;match&lt;/span&gt;&lt;span style="color: var(--highlight-keyword)"&gt;(&lt;/span&gt;&lt;span style="color: var(--highlight-default)"&gt;$request&lt;/span&gt;&lt;span style="color: var(--highlight-keyword)"&gt;-&amp;gt;&lt;/span&gt;&lt;span style="color: var(--highlight-default)"&gt;getPathInfo&lt;/span&gt;&lt;span style="color: var(--highlight-keyword)"&gt;());&lt;/span&gt;&lt;/code&gt;&lt;/li&gt;
&lt;li&gt;&lt;code&gt;&lt;span style="color: var(--highlight-keyword)"&gt;&lt;/span&gt;&lt;/code&gt;&lt;/li&gt;
&lt;li&gt;&lt;code&gt;&lt;span style="color: var(--highlight-keyword)"&gt;&amp;nbsp;&amp;nbsp;&amp;nbsp;&amp;nbsp;&amp;nbsp;&amp;nbsp;&amp;nbsp;&amp;nbsp;&lt;/span&gt;&lt;span style="color: var(--highlight-default)"&gt;$this&lt;/span&gt;&lt;span style="color: var(--highlight-keyword)"&gt;-&amp;gt;&lt;/span&gt;&lt;span style="color: var(--highlight-default)"&gt;request&amp;nbsp;&lt;/span&gt;&lt;span style="color: var(--highlight-keyword)"&gt;=&amp;nbsp;&lt;/span&gt;&lt;span style="color: var(--highlight-default)"&gt;null&lt;/span&gt;&lt;span style="color: var(--highlight-keyword)"&gt;;&lt;/span&gt;&lt;/code&gt;&lt;/li&gt;
&lt;li&gt;&lt;code&gt;&lt;span style="color: var(--highlight-keyword)"&gt;&lt;/span&gt;&lt;/code&gt;&lt;/li&gt;
&lt;li&gt;&lt;code&gt;&lt;span style="color: var(--highlight-keyword)"&gt;&amp;nbsp;&amp;nbsp;&amp;nbsp;&amp;nbsp;&amp;nbsp;&amp;nbsp;&amp;nbsp;&amp;nbsp;return&amp;nbsp;&lt;/span&gt;&lt;span style="color: var(--highlight-default)"&gt;$ret&lt;/span&gt;&lt;span style="color: var(--highlight-keyword)"&gt;;&lt;/span&gt;&lt;/code&gt;&lt;/li&gt;
&lt;li&gt;&lt;code&gt;&lt;span style="color: var(--highlight-keyword)"&gt;&amp;nbsp;&amp;nbsp;&amp;nbsp;&amp;nbsp;}&lt;/span&gt;&lt;/code&gt;&lt;/li&gt;&lt;/ol&gt;    &lt;/div&gt;            &lt;/div&gt;
                        &lt;div class="trace-line "&gt;
                &lt;div class="trace-line-header break-long-words sf-toggle" data-toggle-selector="#trace-html-2-2" data-toggle-initial=""&gt;
            &lt;span class="icon icon-close"&gt;&lt;svg width="1792" height="1792" viewBox="0 0 1792 1792" xmlns="http://www.w3.org/2000/svg"&gt;&lt;path d="M1408 960V832q0-26-19-45t-45-19H448q-26 0-45 19t-19 45v128q0 26 19 45t45 19h896q26 0 45-19t19-45zm256-544v960q0 119-84.5 203.5T1376 1664H416q-119 0-203.5-84.5T128 1376V416q0-119 84.5-203.5T416 128h960q119 0 203.5 84.5T1664 416z"/&gt;&lt;/svg&gt;&lt;/span&gt;
        &lt;span class="icon icon-open"&gt;&lt;svg width="1792" height="1792" viewBox="0 0 1792 1792" xmlns="http://www.w3.org/2000/svg"&gt;&lt;path d="M1408 960V832q0-26-19-45t-45-19h-320V448q0-26-19-45t-45-19H832q-26 0-45 19t-19 45v320H448q-26 0-45 19t-19 45v128q0 26 19 45t45 19h320v320q0 26 19 45t45 19h128q26 0 45-19t19-45v-320h320q26 0 45-19t19-45zm256-544v960q0 119-84.5 203.5T1376 1664H416q-119 0-203.5-84.5T128 1376V416q0-119 84.5-203.5T416 128h960q119 0 203.5 84.5T1664 416z"/&gt;&lt;/svg&gt;&lt;/span&gt;
    
            &lt;span class="trace-class"&gt;&lt;abbr title="Symfony\Component\Routing\Matcher\UrlMatcher"&gt;UrlMatcher&lt;/abbr&gt;&lt;/span&gt;&lt;span class="trace-type"&gt;-&gt;&lt;/span&gt;&lt;span class="trace-method"&gt;matchRequest&lt;/span&gt;&lt;span class="trace-arguments"&gt;(&lt;em&gt;object&lt;/em&gt;(&lt;abbr title="Symfony\Component\HttpFoundation\Request"&gt;Request&lt;/abbr&gt;))&lt;/span&gt;    
                    &lt;span class="block trace-file-path"&gt;
            in
            &lt;a href="file://C:\Users\sliti\Desktop\dev\esprit-PIDEV-3A16-2526-FARMIA\vendor\symfony\routing\Router.php#L237"&gt;
                C:\Users\sliti\Desktop\dev\esprit-PIDEV-3A16-2526-FARMIA\vendor\symfony\routing\&lt;strong&gt;Router.php&lt;/strong&gt;
            &lt;/a&gt;
                        (line 237)
            &lt;span class="icon icon-copy hidden" data-clipboard-text="C:\Users\sliti\Desktop\dev\esprit-PIDEV-3A16-2526-FARMIA\vendor\symfony\routing\Router.php:237"&gt;
                &lt;svg xmlns="http://www.w3.org/2000/svg" height="24" viewBox="0 0 24 24" width="24"&gt;&lt;path d="M0 0h24v24H0z" fill="none"/&gt;&lt;path d="M16 1H4c-1.1 0-2 .9-2 2v14h2V3h12V1zm3 4H8c-1.1 0-2 .9-2 2v14c0 1.1.9 2 2 2h11c1.1 0 2-.9 2-2V7c0-1.1-.9-2-2-2zm0 16H8V7h11v14z"/&gt;&lt;/svg&gt;            &lt;/span&gt;
        &lt;/span&gt;
    &lt;/div&gt;
    &lt;div id="trace-html-2-2" class="trace-code sf-toggle-content"&gt;
        &lt;ol start="232"&gt;&lt;li&gt;&lt;code&gt;&lt;span style="color: var(--highlight-keyword)"&gt;&amp;nbsp;&amp;nbsp;&amp;nbsp;&amp;nbsp;&amp;nbsp;&amp;nbsp;&amp;nbsp;&amp;nbsp;if&amp;nbsp;(!&lt;/span&gt;&lt;span style="color: var(--highlight-default)"&gt;$matcher&amp;nbsp;&lt;/span&gt;&lt;span style="color: var(--highlight-keyword)"&gt;instanceof&amp;nbsp;&lt;/span&gt;&lt;span style="color: var(--highlight-default)"&gt;RequestMatcherInterface&lt;/span&gt;&lt;span style="color: var(--highlight-keyword)"&gt;)&amp;nbsp;{&lt;/span&gt;&lt;/code&gt;&lt;/li&gt;
&lt;li&gt;&lt;code&gt;&lt;span style="color: var(--highlight-keyword)"&gt;&amp;nbsp;&amp;nbsp;&amp;nbsp;&amp;nbsp;&amp;nbsp;&amp;nbsp;&amp;nbsp;&amp;nbsp;&amp;nbsp;&amp;nbsp;&amp;nbsp;&amp;nbsp;&lt;/span&gt;&lt;span style="color: var(--highlight-comment)"&gt;//&amp;nbsp;fallback&amp;nbsp;to&amp;nbsp;the&amp;nbsp;default&amp;nbsp;UrlMatcherInterface&lt;/span&gt;&lt;/code&gt;&lt;/li&gt;
&lt;li&gt;&lt;code&gt;&lt;span style="color: var(--highlight-comment)"&gt;&amp;nbsp;&amp;nbsp;&amp;nbsp;&amp;nbsp;&amp;nbsp;&amp;nbsp;&amp;nbsp;&amp;nbsp;&amp;nbsp;&amp;nbsp;&amp;nbsp;&amp;nbsp;&lt;/span&gt;&lt;span style="color: var(--highlight-keyword)"&gt;return&amp;nbsp;&lt;/span&gt;&lt;span style="color: var(--highlight-default)"&gt;$matcher&lt;/span&gt;&lt;span style="color: var(--highlight-keyword)"&gt;-&amp;gt;&lt;/span&gt;&lt;span style="color: var(--highlight-default)"&gt;match&lt;/span&gt;&lt;span style="color: var(--highlight-keyword)"&gt;(&lt;/span&gt;&lt;span style="color: var(--highlight-default)"&gt;$request&lt;/span&gt;&lt;span style="color: var(--highlight-keyword)"&gt;-&amp;gt;&lt;/span&gt;&lt;span style="color: var(--highlight-default)"&gt;getPathInfo&lt;/span&gt;&lt;span style="color: var(--highlight-keyword)"&gt;());&lt;/span&gt;&lt;/code&gt;&lt;/li&gt;
&lt;li&gt;&lt;code&gt;&lt;span style="color: var(--highlight-keyword)"&gt;&amp;nbsp;&amp;nbsp;&amp;nbsp;&amp;nbsp;&amp;nbsp;&amp;nbsp;&amp;nbsp;&amp;nbsp;}&lt;/span&gt;&lt;/code&gt;&lt;/li&gt;
&lt;li&gt;&lt;code&gt;&lt;span style="color: var(--highlight-keyword)"&gt;&lt;/span&gt;&lt;/code&gt;&lt;/li&gt;
&lt;li class="selected"&gt;&lt;code&gt;&lt;span style="color: var(--highlight-keyword)"&gt;&amp;nbsp;&amp;nbsp;&amp;nbsp;&amp;nbsp;&amp;nbsp;&amp;nbsp;&amp;nbsp;&amp;nbsp;return&amp;nbsp;&lt;/span&gt;&lt;span style="color: var(--highlight-default)"&gt;$matcher&lt;/span&gt;&lt;span style="color: var(--highlight-keyword)"&gt;-&amp;gt;&lt;/span&gt;&lt;span style="color: var(--highlight-default)"&gt;matchRequest&lt;/span&gt;&lt;span style="color: var(--highlight-keyword)"&gt;(&lt;/span&gt;&lt;span style="color: var(--highlight-default)"&gt;$request&lt;/span&gt;&lt;span style="color: var(--highlight-keyword)"&gt;);&lt;/span&gt;&lt;/code&gt;&lt;/li&gt;
&lt;li&gt;&lt;code&gt;&lt;span style="color: var(--highlight-keyword)"&gt;&amp;nbsp;&amp;nbsp;&amp;nbsp;&amp;nbsp;}&lt;/span&gt;&lt;/code&gt;&lt;/li&gt;
&lt;li&gt;&lt;code&gt;&lt;span style="color: var(--highlight-keyword)"&gt;&lt;/span&gt;&lt;/code&gt;&lt;/li&gt;
&lt;li&gt;&lt;code&gt;&lt;span style="color: var(--highlight-keyword)"&gt;&amp;nbsp;&amp;nbsp;&amp;nbsp;&amp;nbsp;&lt;/span&gt;&lt;span style="color: var(--highlight-comment)"&gt;/**&lt;/span&gt;&lt;/code&gt;&lt;/li&gt;
&lt;li&gt;&lt;code&gt;&lt;span style="color: var(--highlight-comment)"&gt;&amp;nbsp;&amp;nbsp;&amp;nbsp;&amp;nbsp;&amp;nbsp;*&amp;nbsp;Gets&amp;nbsp;the&amp;nbsp;UrlMatcher&amp;nbsp;or&amp;nbsp;RequestMatcher&amp;nbsp;instance&amp;nbsp;associated&amp;nbsp;with&amp;nbsp;this&amp;nbsp;Router.&lt;/span&gt;&lt;/code&gt;&lt;/li&gt;
&lt;li&gt;&lt;code&gt;&lt;span style="color: var(--highlight-comment)"&gt;&amp;nbsp;&amp;nbsp;&amp;nbsp;&amp;nbsp;&amp;nbsp;*/&lt;/span&gt;&lt;/code&gt;&lt;/li&gt;&lt;/ol&gt;    &lt;/div&gt;            &lt;/div&gt;
                        &lt;div class="trace-line "&gt;
                &lt;div class="trace-line-header break-long-words sf-toggle" data-toggle-selector="#trace-html-2-3" data-toggle-initial=""&gt;
            &lt;span class="icon icon-close"&gt;&lt;svg width="1792" height="1792" viewBox="0 0 1792 1792" xmlns="http://www.w3.org/2000/svg"&gt;&lt;path d="M1408 960V832q0-26-19-45t-45-19H448q-26 0-45 19t-19 45v128q0 26 19 45t45 19h896q26 0 45-19t19-45zm256-544v960q0 119-84.5 203.5T1376 1664H416q-119 0-203.5-84.5T128 1376V416q0-119 84.5-203.5T416 128h960q119 0 203.5 84.5T1664 416z"/&gt;&lt;/svg&gt;&lt;/span&gt;
        &lt;span class="icon icon-open"&gt;&lt;svg width="1792" height="1792" viewBox="0 0 1792 1792" xmlns="http://www.w3.org/2000/svg"&gt;&lt;path d="M1408 960V832q0-26-19-45t-45-19h-320V448q0-26-19-45t-45-19H832q-26 0-45 19t-19 45v320H448q-26 0-45 19t-19 45v128q0 26 19 45t45 19h320v320q0 26 19 45t45 19h128q26 0 45-19t19-45v-320h320q26 0 45-19t19-45zm256-544v960q0 119-84.5 203.5T1376 1664H416q-119 0-203.5-84.5T128 1376V416q0-119 84.5-203.5T416 128h960q119 0 203.5 84.5T1664 416z"/&gt;&lt;/svg&gt;&lt;/span&gt;
    
            &lt;span class="trace-class"&gt;&lt;abbr title="Symfony\Component\Routing\Router"&gt;Router&lt;/abbr&gt;&lt;/span&gt;&lt;span class="trace-type"&gt;-&gt;&lt;/span&gt;&lt;span class="trace-method"&gt;matchRequest&lt;/span&gt;&lt;span class="trace-arguments"&gt;(&lt;em&gt;object&lt;/em&gt;(&lt;abbr title="Symfony\Component\HttpFoundation\Request"&gt;Request&lt;/abbr&gt;))&lt;/span&gt;    
                    &lt;span class="block trace-file-path"&gt;
            in
            &lt;a href="file://C:\Users\sliti\Desktop\dev\esprit-PIDEV-3A16-2526-FARMIA\vendor\symfony\http-kernel\EventListener\RouterListener.php#L105"&gt;
                C:\Users\sliti\Desktop\dev\esprit-PIDEV-3A16-2526-FARMIA\vendor\symfony\http-kernel\EventListener\&lt;strong&gt;RouterListener.php&lt;/strong&gt;
            &lt;/a&gt;
                        (line 105)
            &lt;span class="icon icon-copy hidden" data-clipboard-text="C:\Users\sliti\Desktop\dev\esprit-PIDEV-3A16-2526-FARMIA\vendor\symfony\http-kernel\EventListener\RouterListener.php:105"&gt;
                &lt;svg xmlns="http://www.w3.org/2000/svg" height="24" viewBox="0 0 24 24" width="24"&gt;&lt;path d="M0 0h24v24H0z" fill="none"/&gt;&lt;path d="M16 1H4c-1.1 0-2 .9-2 2v14h2V3h12V1zm3 4H8c-1.1 0-2 .9-2 2v14c0 1.1.9 2 2 2h11c1.1 0 2-.9 2-2V7c0-1.1-.9-2-2-2zm0 16H8V7h11v14z"/&gt;&lt;/svg&gt;            &lt;/span&gt;
        &lt;/span&gt;
    &lt;/div&gt;
    &lt;div id="trace-html-2-3" class="trace-code sf-toggle-content"&gt;
        &lt;ol start="100"&gt;&lt;li&gt;&lt;code&gt;&lt;span style="color: var(--highlight-keyword)"&gt;&lt;/span&gt;&lt;/code&gt;&lt;/li&gt;
&lt;li&gt;&lt;code&gt;&lt;span style="color: var(--highlight-keyword)"&gt;&amp;nbsp;&amp;nbsp;&amp;nbsp;&amp;nbsp;&amp;nbsp;&amp;nbsp;&amp;nbsp;&amp;nbsp;&lt;/span&gt;&lt;span style="color: var(--highlight-comment)"&gt;//&amp;nbsp;add&amp;nbsp;attributes&amp;nbsp;based&amp;nbsp;on&amp;nbsp;the&amp;nbsp;request&amp;nbsp;(routing)&lt;/span&gt;&lt;/code&gt;&lt;/li&gt;
&lt;li&gt;&lt;code&gt;&lt;span style="color: var(--highlight-comment)"&gt;&amp;nbsp;&amp;nbsp;&amp;nbsp;&amp;nbsp;&amp;nbsp;&amp;nbsp;&amp;nbsp;&amp;nbsp;&lt;/span&gt;&lt;span style="color: var(--highlight-keyword)"&gt;try&amp;nbsp;{&lt;/span&gt;&lt;/code&gt;&lt;/li&gt;
&lt;li&gt;&lt;code&gt;&lt;span style="color: var(--highlight-keyword)"&gt;&amp;nbsp;&amp;nbsp;&amp;nbsp;&amp;nbsp;&amp;nbsp;&amp;nbsp;&amp;nbsp;&amp;nbsp;&amp;nbsp;&amp;nbsp;&amp;nbsp;&amp;nbsp;&lt;/span&gt;&lt;span style="color: var(--highlight-comment)"&gt;//&amp;nbsp;matching&amp;nbsp;a&amp;nbsp;request&amp;nbsp;is&amp;nbsp;more&amp;nbsp;powerful&amp;nbsp;than&amp;nbsp;matching&amp;nbsp;a&amp;nbsp;URL&amp;nbsp;path&amp;nbsp;+&amp;nbsp;context,&amp;nbsp;so&amp;nbsp;try&amp;nbsp;that&amp;nbsp;first&lt;/span&gt;&lt;/code&gt;&lt;/li&gt;
&lt;li&gt;&lt;code&gt;&lt;span style="color: var(--highlight-comment)"&gt;&amp;nbsp;&amp;nbsp;&amp;nbsp;&amp;nbsp;&amp;nbsp;&amp;nbsp;&amp;nbsp;&amp;nbsp;&amp;nbsp;&amp;nbsp;&amp;nbsp;&amp;nbsp;&lt;/span&gt;&lt;span style="color: var(--highlight-keyword)"&gt;if&amp;nbsp;(&lt;/span&gt;&lt;span style="color: var(--highlight-default)"&gt;$this&lt;/span&gt;&lt;span style="color: var(--highlight-keyword)"&gt;-&amp;gt;&lt;/span&gt;&lt;span style="color: var(--highlight-default)"&gt;matcher&amp;nbsp;&lt;/span&gt;&lt;span style="color: var(--highlight-keyword)"&gt;instanceof&amp;nbsp;&lt;/span&gt;&lt;span style="color: var(--highlight-default)"&gt;RequestMatcherInterface&lt;/span&gt;&lt;span style="color: var(--highlight-keyword)"&gt;)&amp;nbsp;{&lt;/span&gt;&lt;/code&gt;&lt;/li&gt;
&lt;li class="selected"&gt;&lt;code&gt;&lt;span style="color: var(--highlight-keyword)"&gt;&amp;nbsp;&amp;nbsp;&amp;nbsp;&amp;nbsp;&amp;nbsp;&amp;nbsp;&amp;nbsp;&amp;nbsp;&amp;nbsp;&amp;nbsp;&amp;nbsp;&amp;nbsp;&amp;nbsp;&amp;nbsp;&amp;nbsp;&amp;nbsp;&lt;/span&gt;&lt;span style="color: var(--highlight-default)"&gt;$parameters&amp;nbsp;&lt;/span&gt;&lt;span style="color: var(--highlight-keyword)"&gt;=&amp;nbsp;&lt;/span&gt;&lt;span style="color: var(--highlight-default)"&gt;$this&lt;/span&gt;&lt;span style="color: var(--highlight-keyword)"&gt;-&amp;gt;&lt;/span&gt;&lt;span style="color: var(--highlight-default)"&gt;matcher&lt;/span&gt;&lt;span style="color: var(--highlight-keyword)"&gt;-&amp;gt;&lt;/span&gt;&lt;span style="color: var(--highlight-default)"&gt;matchRequest&lt;/span&gt;&lt;span style="color: var(--highlight-keyword)"&gt;(&lt;/span&gt;&lt;span style="color: var(--highlight-default)"&gt;$request&lt;/span&gt;&lt;span style="color: var(--highlight-keyword)"&gt;);&lt;/span&gt;&lt;/code&gt;&lt;/li&gt;
&lt;li&gt;&lt;code&gt;&lt;span style="color: var(--highlight-keyword)"&gt;&amp;nbsp;&amp;nbsp;&amp;nbsp;&amp;nbsp;&amp;nbsp;&amp;nbsp;&amp;nbsp;&amp;nbsp;&amp;nbsp;&amp;nbsp;&amp;nbsp;&amp;nbsp;}&amp;nbsp;else&amp;nbsp;{&lt;/span&gt;&lt;/code&gt;&lt;/li&gt;
&lt;li&gt;&lt;code&gt;&lt;span style="color: var(--highlight-keyword)"&gt;&amp;nbsp;&amp;nbsp;&amp;nbsp;&amp;nbsp;&amp;nbsp;&amp;nbsp;&amp;nbsp;&amp;nbsp;&amp;nbsp;&amp;nbsp;&amp;nbsp;&amp;nbsp;&amp;nbsp;&amp;nbsp;&amp;nbsp;&amp;nbsp;&lt;/span&gt;&lt;span style="color: var(--highlight-default)"&gt;$parameters&amp;nbsp;&lt;/span&gt;&lt;span style="color: var(--highlight-keyword)"&gt;=&amp;nbsp;&lt;/span&gt;&lt;span style="color: var(--highlight-default)"&gt;$this&lt;/span&gt;&lt;span style="color: var(--highlight-keyword)"&gt;-&amp;gt;&lt;/span&gt;&lt;span style="color: var(--highlight-default)"&gt;matcher&lt;/span&gt;&lt;span style="color: var(--highlight-keyword)"&gt;-&amp;gt;&lt;/span&gt;&lt;span style="color: var(--highlight-default)"&gt;match&lt;/span&gt;&lt;span style="color: var(--highlight-keyword)"&gt;(&lt;/span&gt;&lt;span style="color: var(--highlight-default)"&gt;$request&lt;/span&gt;&lt;span style="color: var(--highlight-keyword)"&gt;-&amp;gt;&lt;/span&gt;&lt;span style="color: var(--highlight-default)"&gt;getPathInfo&lt;/span&gt;&lt;span style="color: var(--highlight-keyword)"&gt;());&lt;/span&gt;&lt;/code&gt;&lt;/li&gt;
&lt;li&gt;&lt;code&gt;&lt;span style="color: var(--highlight-keyword)"&gt;&amp;nbsp;&amp;nbsp;&amp;nbsp;&amp;nbsp;&amp;nbsp;&amp;nbsp;&amp;nbsp;&amp;nbsp;&amp;nbsp;&amp;nbsp;&amp;nbsp;&amp;nbsp;}&lt;/span&gt;&lt;/code&gt;&lt;/li&gt;
&lt;li&gt;&lt;code&gt;&lt;span style="color: var(--highlight-keyword)"&gt;&lt;/span&gt;&lt;/code&gt;&lt;/li&gt;
&lt;li&gt;&lt;code&gt;&lt;span style="color: var(--highlight-keyword)"&gt;&amp;nbsp;&amp;nbsp;&amp;nbsp;&amp;nbsp;&amp;nbsp;&amp;nbsp;&amp;nbsp;&amp;nbsp;&amp;nbsp;&amp;nbsp;&amp;nbsp;&amp;nbsp;&lt;/span&gt;&lt;span style="color: var(--highlight-default)"&gt;$this&lt;/span&gt;&lt;span style="color: var(--highlight-keyword)"&gt;-&amp;gt;&lt;/span&gt;&lt;span style="color: var(--highlight-default)"&gt;logger&lt;/span&gt;&lt;span style="color: var(--highlight-keyword)"&gt;?-&amp;gt;&lt;/span&gt;&lt;span style="color: var(--highlight-default)"&gt;info&lt;/span&gt;&lt;span style="color: var(--highlight-keyword)"&gt;(&lt;/span&gt;&lt;span style="color: var(--highlight-string)"&gt;'Matched&amp;nbsp;route&amp;nbsp;"{route}".'&lt;/span&gt;&lt;span style="color: var(--highlight-keyword)"&gt;,&amp;nbsp;[&lt;/span&gt;&lt;/code&gt;&lt;/li&gt;&lt;/ol&gt;    &lt;/div&gt;            &lt;/div&gt;
                        &lt;div class="trace-line "&gt;
                &lt;div class="trace-line-header break-long-words sf-toggle" data-toggle-selector="#trace-html-2-4" data-toggle-initial=""&gt;
            &lt;span class="icon icon-close"&gt;&lt;svg width="1792" height="1792" viewBox="0 0 1792 1792" xmlns="http://www.w3.org/2000/svg"&gt;&lt;path d="M1408 960V832q0-26-19-45t-45-19H448q-26 0-45 19t-19 45v128q0 26 19 45t45 19h896q26 0 45-19t19-45zm256-544v960q0 119-84.5 203.5T1376 1664H416q-119 0-203.5-84.5T128 1376V416q0-119 84.5-203.5T416 128h960q119 0 203.5 84.5T1664 416z"/&gt;&lt;/svg&gt;&lt;/span&gt;
        &lt;span class="icon icon-open"&gt;&lt;svg width="1792" height="1792" viewBox="0 0 1792 1792" xmlns="http://www.w3.org/2000/svg"&gt;&lt;path d="M1408 960V832q0-26-19-45t-45-19h-320V448q0-26-19-45t-45-19H832q-26 0-45 19t-19 45v320H448q-26 0-45 19t-19 45v128q0 26 19 45t45 19h320v320q0 26 19 45t45 19h128q26 0 45-19t19-45v-320h320q26 0 45-19t19-45zm256-544v960q0 119-84.5 203.5T1376 1664H416q-119 0-203.5-84.5T128 1376V416q0-119 84.5-203.5T416 128h960q119 0 203.5 84.5T1664 416z"/&gt;&lt;/svg&gt;&lt;/span&gt;
    
            &lt;span class="trace-class"&gt;&lt;abbr title="Symfony\Component\HttpKernel\EventListener\RouterListener"&gt;RouterListener&lt;/abbr&gt;&lt;/span&gt;&lt;span class="trace-type"&gt;-&gt;&lt;/span&gt;&lt;span class="trace-method"&gt;onKernelRequest&lt;/span&gt;&lt;span class="trace-arguments"&gt;(&lt;em&gt;object&lt;/em&gt;(&lt;abbr title="Symfony\Component\HttpKernel\Event\RequestEvent"&gt;RequestEvent&lt;/abbr&gt;), 'kernel.request', &lt;em&gt;object&lt;/em&gt;(&lt;abbr title="Symfony\Component\HttpKernel\Debug\TraceableEventDispatcher"&gt;TraceableEventDispatcher&lt;/abbr&gt;))&lt;/span&gt;    
                    &lt;span class="block trace-file-path"&gt;
            in
            &lt;a href="file://C:\Users\sliti\Desktop\dev\esprit-PIDEV-3A16-2526-FARMIA\vendor\symfony\event-dispatcher\Debug\WrappedListener.php#L116"&gt;
                C:\Users\sliti\Desktop\dev\esprit-PIDEV-3A16-2526-FARMIA\vendor\symfony\event-dispatcher\Debug\&lt;strong&gt;WrappedListener.php&lt;/strong&gt;
            &lt;/a&gt;
                        (line 116)
            &lt;span class="icon icon-copy hidden" data-clipboard-text="C:\Users\sliti\Desktop\dev\esprit-PIDEV-3A16-2526-FARMIA\vendor\symfony\event-dispatcher\Debug\WrappedListener.php:116"&gt;
                &lt;svg xmlns="http://www.w3.org/2000/svg" height="24" viewBox="0 0 24 24" width="24"&gt;&lt;path d="M0 0h24v24H0z" fill="none"/&gt;&lt;path d="M16 1H4c-1.1 0-2 .9-2 2v14h2V3h12V1zm3 4H8c-1.1 0-2 .9-2 2v14c0 1.1.9 2 2 2h11c1.1 0 2-.9 2-2V7c0-1.1-.9-2-2-2zm0 16H8V7h11v14z"/&gt;&lt;/svg&gt;            &lt;/span&gt;
        &lt;/span&gt;
    &lt;/div&gt;
    &lt;div id="trace-html-2-4" class="trace-code sf-toggle-content"&gt;
        &lt;ol start="111"&gt;&lt;li&gt;&lt;code&gt;&lt;span style="color: var(--highlight-keyword)"&gt;&amp;nbsp;&amp;nbsp;&amp;nbsp;&amp;nbsp;&amp;nbsp;&amp;nbsp;&amp;nbsp;&amp;nbsp;&lt;/span&gt;&lt;span style="color: var(--highlight-default)"&gt;$this&lt;/span&gt;&lt;span style="color: var(--highlight-keyword)"&gt;-&amp;gt;&lt;/span&gt;&lt;span style="color: var(--highlight-default)"&gt;priority&amp;nbsp;&lt;/span&gt;&lt;span style="color: var(--highlight-keyword)"&gt;??=&amp;nbsp;&lt;/span&gt;&lt;span style="color: var(--highlight-default)"&gt;$dispatcher&lt;/span&gt;&lt;span style="color: var(--highlight-keyword)"&gt;-&amp;gt;&lt;/span&gt;&lt;span style="color: var(--highlight-default)"&gt;getListenerPriority&lt;/span&gt;&lt;span style="color: var(--highlight-keyword)"&gt;(&lt;/span&gt;&lt;span style="color: var(--highlight-default)"&gt;$eventName&lt;/span&gt;&lt;span style="color: var(--highlight-keyword)"&gt;,&amp;nbsp;&lt;/span&gt;&lt;span style="color: var(--highlight-default)"&gt;$this&lt;/span&gt;&lt;span style="color: var(--highlight-keyword)"&gt;-&amp;gt;&lt;/span&gt;&lt;span style="color: var(--highlight-default)"&gt;listener&lt;/span&gt;&lt;span style="color: var(--highlight-keyword)"&gt;);&lt;/span&gt;&lt;/code&gt;&lt;/li&gt;
&lt;li&gt;&lt;code&gt;&lt;span style="color: var(--highlight-keyword)"&gt;&lt;/span&gt;&lt;/code&gt;&lt;/li&gt;
&lt;li&gt;&lt;code&gt;&lt;span style="color: var(--highlight-keyword)"&gt;&amp;nbsp;&amp;nbsp;&amp;nbsp;&amp;nbsp;&amp;nbsp;&amp;nbsp;&amp;nbsp;&amp;nbsp;&lt;/span&gt;&lt;span style="color: var(--highlight-default)"&gt;$e&amp;nbsp;&lt;/span&gt;&lt;span style="color: var(--highlight-keyword)"&gt;=&amp;nbsp;&lt;/span&gt;&lt;span style="color: var(--highlight-default)"&gt;$this&lt;/span&gt;&lt;span style="color: var(--highlight-keyword)"&gt;-&amp;gt;&lt;/span&gt;&lt;span style="color: var(--highlight-default)"&gt;stopwatch&lt;/span&gt;&lt;span style="color: var(--highlight-keyword)"&gt;-&amp;gt;&lt;/span&gt;&lt;span style="color: var(--highlight-default)"&gt;start&lt;/span&gt;&lt;span style="color: var(--highlight-keyword)"&gt;(&lt;/span&gt;&lt;span style="color: var(--highlight-default)"&gt;$this&lt;/span&gt;&lt;span style="color: var(--highlight-keyword)"&gt;-&amp;gt;&lt;/span&gt;&lt;span style="color: var(--highlight-default)"&gt;name&lt;/span&gt;&lt;span style="color: var(--highlight-keyword)"&gt;,&amp;nbsp;&lt;/span&gt;&lt;span style="color: var(--highlight-string)"&gt;'event_listener'&lt;/span&gt;&lt;span style="color: var(--highlight-keyword)"&gt;);&lt;/span&gt;&lt;/code&gt;&lt;/li&gt;
&lt;li&gt;&lt;code&gt;&lt;span style="color: var(--highlight-keyword)"&gt;&lt;/span&gt;&lt;/code&gt;&lt;/li&gt;
&lt;li&gt;&lt;code&gt;&lt;span style="color: var(--highlight-keyword)"&gt;&amp;nbsp;&amp;nbsp;&amp;nbsp;&amp;nbsp;&amp;nbsp;&amp;nbsp;&amp;nbsp;&amp;nbsp;try&amp;nbsp;{&lt;/span&gt;&lt;/code&gt;&lt;/li&gt;
&lt;li class="selected"&gt;&lt;code&gt;&lt;span style="color: var(--highlight-keyword)"&gt;&amp;nbsp;&amp;nbsp;&amp;nbsp;&amp;nbsp;&amp;nbsp;&amp;nbsp;&amp;nbsp;&amp;nbsp;&amp;nbsp;&amp;nbsp;&amp;nbsp;&amp;nbsp;(&lt;/span&gt;&lt;span style="color: var(--highlight-default)"&gt;$this&lt;/span&gt;&lt;span style="color: var(--highlight-keyword)"&gt;-&amp;gt;&lt;/span&gt;&lt;span style="color: var(--highlight-default)"&gt;optimizedListener&amp;nbsp;&lt;/span&gt;&lt;span style="color: var(--highlight-keyword)"&gt;??&amp;nbsp;&lt;/span&gt;&lt;span style="color: var(--highlight-default)"&gt;$this&lt;/span&gt;&lt;span style="color: var(--highlight-keyword)"&gt;-&amp;gt;&lt;/span&gt;&lt;span style="color: var(--highlight-default)"&gt;listener&lt;/span&gt;&lt;span style="color: var(--highlight-keyword)"&gt;)(&lt;/span&gt;&lt;span style="color: var(--highlight-default)"&gt;$event&lt;/span&gt;&lt;span style="color: var(--highlight-keyword)"&gt;,&amp;nbsp;&lt;/span&gt;&lt;span style="color: var(--highlight-default)"&gt;$eventName&lt;/span&gt;&lt;span style="color: var(--highlight-keyword)"&gt;,&amp;nbsp;&lt;/span&gt;&lt;span style="color: var(--highlight-default)"&gt;$dispatcher&lt;/span&gt;&lt;span style="color: var(--highlight-keyword)"&gt;);&lt;/span&gt;&lt;/code&gt;&lt;/li&gt;
&lt;li&gt;&lt;code&gt;&lt;span style="color: var(--highlight-keyword)"&gt;&amp;nbsp;&amp;nbsp;&amp;nbsp;&amp;nbsp;&amp;nbsp;&amp;nbsp;&amp;nbsp;&amp;nbsp;}&amp;nbsp;finally&amp;nbsp;{&lt;/span&gt;&lt;/code&gt;&lt;/li&gt;
&lt;li&gt;&lt;code&gt;&lt;span style="color: var(--highlight-keyword)"&gt;&amp;nbsp;&amp;nbsp;&amp;nbsp;&amp;nbsp;&amp;nbsp;&amp;nbsp;&amp;nbsp;&amp;nbsp;&amp;nbsp;&amp;nbsp;&amp;nbsp;&amp;nbsp;if&amp;nbsp;(&lt;/span&gt;&lt;span style="color: var(--highlight-default)"&gt;$e&lt;/span&gt;&lt;span style="color: var(--highlight-keyword)"&gt;-&amp;gt;&lt;/span&gt;&lt;span style="color: var(--highlight-default)"&gt;isStarted&lt;/span&gt;&lt;span style="color: var(--highlight-keyword)"&gt;())&amp;nbsp;{&lt;/span&gt;&lt;/code&gt;&lt;/li&gt;
&lt;li&gt;&lt;code&gt;&lt;span style="color: var(--highlight-keyword)"&gt;&amp;nbsp;&amp;nbsp;&amp;nbsp;&amp;nbsp;&amp;nbsp;&amp;nbsp;&amp;nbsp;&amp;nbsp;&amp;nbsp;&amp;nbsp;&amp;nbsp;&amp;nbsp;&amp;nbsp;&amp;nbsp;&amp;nbsp;&amp;nbsp;&lt;/span&gt;&lt;span style="color: var(--highlight-default)"&gt;$e&lt;/span&gt;&lt;span style="color: var(--highlight-keyword)"&gt;-&amp;gt;&lt;/span&gt;&lt;span style="color: var(--highlight-default)"&gt;stop&lt;/span&gt;&lt;span style="color: var(--highlight-keyword)"&gt;();&lt;/span&gt;&lt;/code&gt;&lt;/li&gt;
&lt;li&gt;&lt;code&gt;&lt;span style="color: var(--highlight-keyword)"&gt;&amp;nbsp;&amp;nbsp;&amp;nbsp;&amp;nbsp;&amp;nbsp;&amp;nbsp;&amp;nbsp;&amp;nbsp;&amp;nbsp;&amp;nbsp;&amp;nbsp;&amp;nbsp;}&lt;/span&gt;&lt;/code&gt;&lt;/li&gt;
&lt;li&gt;&lt;code&gt;&lt;span style="color: var(--highlight-keyword)"&gt;&amp;nbsp;&amp;nbsp;&amp;nbsp;&amp;nbsp;&amp;nbsp;&amp;nbsp;&amp;nbsp;&amp;nbsp;}&lt;/span&gt;&lt;/code&gt;&lt;/li&gt;&lt;/ol&gt;    &lt;/div&gt;            &lt;/div&gt;
                        &lt;div class="trace-line "&gt;
                &lt;div class="trace-line-header break-long-words sf-toggle" data-toggle-selector="#trace-html-2-5" data-toggle-initial=""&gt;
            &lt;span class="icon icon-close"&gt;&lt;svg width="1792" height="1792" viewBox="0 0 1792 1792" xmlns="http://www.w3.org/2000/svg"&gt;&lt;path d="M1408 960V832q0-26-19-45t-45-19H448q-26 0-45 19t-19 45v128q0 26 19 45t45 19h896q26 0 45-19t19-45zm256-544v960q0 119-84.5 203.5T1376 1664H416q-119 0-203.5-84.5T128 1376V416q0-119 84.5-203.5T416 128h960q119 0 203.5 84.5T1664 416z"/&gt;&lt;/svg&gt;&lt;/span&gt;
        &lt;span class="icon icon-open"&gt;&lt;svg width="1792" height="1792" viewBox="0 0 1792 1792" xmlns="http://www.w3.org/2000/svg"&gt;&lt;path d="M1408 960V832q0-26-19-45t-45-19h-320V448q0-26-19-45t-45-19H832q-26 0-45 19t-19 45v320H448q-26 0-45 19t-19 45v128q0 26 19 45t45 19h320v320q0 26 19 45t45 19h128q26 0 45-19t19-45v-320h320q26 0 45-19t19-45zm256-544v960q0 119-84.5 203.5T1376 1664H416q-119 0-203.5-84.5T128 1376V416q0-119 84.5-203.5T416 128h960q119 0 203.5 84.5T1664 416z"/&gt;&lt;/svg&gt;&lt;/span&gt;
    
            &lt;span class="trace-class"&gt;&lt;abbr title="Symfony\Component\EventDispatcher\Debug\WrappedListener"&gt;WrappedListener&lt;/abbr&gt;&lt;/span&gt;&lt;span class="trace-type"&gt;-&gt;&lt;/span&gt;&lt;span class="trace-method"&gt;__invoke&lt;/span&gt;&lt;span class="trace-arguments"&gt;(&lt;em&gt;object&lt;/em&gt;(&lt;abbr title="Symfony\Component\HttpKernel\Event\RequestEvent"&gt;RequestEvent&lt;/abbr&gt;), 'kernel.request', &lt;em&gt;object&lt;/em&gt;(&lt;abbr title="Symfony\Component\HttpKernel\Debug\TraceableEventDispatcher"&gt;TraceableEventDispatcher&lt;/abbr&gt;))&lt;/span&gt;    
                    &lt;span class="block trace-file-path"&gt;
            in
            &lt;a href="file://C:\Users\sliti\Desktop\dev\esprit-PIDEV-3A16-2526-FARMIA\vendor\symfony\event-dispatcher\EventDispatcher.php#L220"&gt;
                C:\Users\sliti\Desktop\dev\esprit-PIDEV-3A16-2526-FARMIA\vendor\symfony\event-dispatcher\&lt;strong&gt;EventDispatcher.php&lt;/strong&gt;
            &lt;/a&gt;
                        (line 220)
            &lt;span class="icon icon-copy hidden" data-clipboard-text="C:\Users\sliti\Desktop\dev\esprit-PIDEV-3A16-2526-FARMIA\vendor\symfony\event-dispatcher\EventDispatcher.php:220"&gt;
                &lt;svg xmlns="http://www.w3.org/2000/svg" height="24" viewBox="0 0 24 24" width="24"&gt;&lt;path d="M0 0h24v24H0z" fill="none"/&gt;&lt;path d="M16 1H4c-1.1 0-2 .9-2 2v14h2V3h12V1zm3 4H8c-1.1 0-2 .9-2 2v14c0 1.1.9 2 2 2h11c1.1 0 2-.9 2-2V7c0-1.1-.9-2-2-2zm0 16H8V7h11v14z"/&gt;&lt;/svg&gt;            &lt;/span&gt;
        &lt;/span&gt;
    &lt;/div&gt;
    &lt;div id="trace-html-2-5" class="trace-code sf-toggle-content"&gt;
        &lt;ol start="215"&gt;&lt;li&gt;&lt;code&gt;&lt;span style="color: var(--highlight-keyword)"&gt;&lt;/span&gt;&lt;/code&gt;&lt;/li&gt;
&lt;li&gt;&lt;code&gt;&lt;span style="color: var(--highlight-keyword)"&gt;&amp;nbsp;&amp;nbsp;&amp;nbsp;&amp;nbsp;&amp;nbsp;&amp;nbsp;&amp;nbsp;&amp;nbsp;foreach&amp;nbsp;(&lt;/span&gt;&lt;span style="color: var(--highlight-default)"&gt;$listeners&amp;nbsp;&lt;/span&gt;&lt;span style="color: var(--highlight-keyword)"&gt;as&amp;nbsp;&lt;/span&gt;&lt;span style="color: var(--highlight-default)"&gt;$listener&lt;/span&gt;&lt;span style="color: var(--highlight-keyword)"&gt;)&amp;nbsp;{&lt;/span&gt;&lt;/code&gt;&lt;/li&gt;
&lt;li&gt;&lt;code&gt;&lt;span style="color: var(--highlight-keyword)"&gt;&amp;nbsp;&amp;nbsp;&amp;nbsp;&amp;nbsp;&amp;nbsp;&amp;nbsp;&amp;nbsp;&amp;nbsp;&amp;nbsp;&amp;nbsp;&amp;nbsp;&amp;nbsp;if&amp;nbsp;(&lt;/span&gt;&lt;span style="color: var(--highlight-default)"&gt;$stoppable&amp;nbsp;&lt;/span&gt;&lt;span style="color: var(--highlight-keyword)"&gt;&amp;amp;&amp;amp;&amp;nbsp;&lt;/span&gt;&lt;span style="color: var(--highlight-default)"&gt;$event&lt;/span&gt;&lt;span style="color: var(--highlight-keyword)"&gt;-&amp;gt;&lt;/span&gt;&lt;span style="color: var(--highlight-default)"&gt;isPropagationStopped&lt;/span&gt;&lt;span style="color: var(--highlight-keyword)"&gt;())&amp;nbsp;{&lt;/span&gt;&lt;/code&gt;&lt;/li&gt;
&lt;li&gt;&lt;code&gt;&lt;span style="color: var(--highlight-keyword)"&gt;&amp;nbsp;&amp;nbsp;&amp;nbsp;&amp;nbsp;&amp;nbsp;&amp;nbsp;&amp;nbsp;&amp;nbsp;&amp;nbsp;&amp;nbsp;&amp;nbsp;&amp;nbsp;&amp;nbsp;&amp;nbsp;&amp;nbsp;&amp;nbsp;break;&lt;/span&gt;&lt;/code&gt;&lt;/li&gt;
&lt;li&gt;&lt;code&gt;&lt;span style="color: var(--highlight-keyword)"&gt;&amp;nbsp;&amp;nbsp;&amp;nbsp;&amp;nbsp;&amp;nbsp;&amp;nbsp;&amp;nbsp;&amp;nbsp;&amp;nbsp;&amp;nbsp;&amp;nbsp;&amp;nbsp;}&lt;/span&gt;&lt;/code&gt;&lt;/li&gt;
&lt;li class="selected"&gt;&lt;code&gt;&lt;span style="color: var(--highlight-keyword)"&gt;&amp;nbsp;&amp;nbsp;&amp;nbsp;&amp;nbsp;&amp;nbsp;&amp;nbsp;&amp;nbsp;&amp;nbsp;&amp;nbsp;&amp;nbsp;&amp;nbsp;&amp;nbsp;&lt;/span&gt;&lt;span style="color: var(--highlight-default)"&gt;$listener&lt;/span&gt;&lt;span style="color: var(--highlight-keyword)"&gt;(&lt;/span&gt;&lt;span style="color: var(--highlight-default)"&gt;$event&lt;/span&gt;&lt;span style="color: var(--highlight-keyword)"&gt;,&amp;nbsp;&lt;/span&gt;&lt;span style="color: var(--highlight-default)"&gt;$eventName&lt;/span&gt;&lt;span style="color: var(--highlight-keyword)"&gt;,&amp;nbsp;&lt;/span&gt;&lt;span style="color: var(--highlight-default)"&gt;$this&lt;/span&gt;&lt;span style="color: var(--highlight-keyword)"&gt;);&lt;/span&gt;&lt;/code&gt;&lt;/li&gt;
&lt;li&gt;&lt;code&gt;&lt;span style="color: var(--highlight-keyword)"&gt;&amp;nbsp;&amp;nbsp;&amp;nbsp;&amp;nbsp;&amp;nbsp;&amp;nbsp;&amp;nbsp;&amp;nbsp;}&lt;/span&gt;&lt;/code&gt;&lt;/li&gt;
&lt;li&gt;&lt;code&gt;&lt;span style="color: var(--highlight-keyword)"&gt;&amp;nbsp;&amp;nbsp;&amp;nbsp;&amp;nbsp;}&lt;/span&gt;&lt;/code&gt;&lt;/li&gt;
&lt;li&gt;&lt;code&gt;&lt;span style="color: var(--highlight-keyword)"&gt;&lt;/span&gt;&lt;/code&gt;&lt;/li&gt;
&lt;li&gt;&lt;code&gt;&lt;span style="color: var(--highlight-keyword)"&gt;&amp;nbsp;&amp;nbsp;&amp;nbsp;&amp;nbsp;&lt;/span&gt;&lt;span style="color: var(--highlight-comment)"&gt;/**&lt;/span&gt;&lt;/code&gt;&lt;/li&gt;
&lt;li&gt;&lt;code&gt;&lt;span style="color: var(--highlight-comment)"&gt;&amp;nbsp;&amp;nbsp;&amp;nbsp;&amp;nbsp;&amp;nbsp;*&amp;nbsp;Sorts&amp;nbsp;the&amp;nbsp;internal&amp;nbsp;list&amp;nbsp;of&amp;nbsp;listeners&amp;nbsp;for&amp;nbsp;the&amp;nbsp;given&amp;nbsp;event&amp;nbsp;by&amp;nbsp;priority.&lt;/span&gt;&lt;/code&gt;&lt;/li&gt;&lt;/ol&gt;    &lt;/div&gt;            &lt;/div&gt;
                        &lt;div class="trace-line "&gt;
                &lt;div class="trace-line-header break-long-words sf-toggle" data-toggle-selector="#trace-html-2-6" data-toggle-initial=""&gt;
            &lt;span class="icon icon-close"&gt;&lt;svg width="1792" height="1792" viewBox="0 0 1792 1792" xmlns="http://www.w3.org/2000/svg"&gt;&lt;path d="M1408 960V832q0-26-19-45t-45-19H448q-26 0-45 19t-19 45v128q0 26 19 45t45 19h896q26 0 45-19t19-45zm256-544v960q0 119-84.5 203.5T1376 1664H416q-119 0-203.5-84.5T128 1376V416q0-119 84.5-203.5T416 128h960q119 0 203.5 84.5T1664 416z"/&gt;&lt;/svg&gt;&lt;/span&gt;
        &lt;span class="icon icon-open"&gt;&lt;svg width="1792" height="1792" viewBox="0 0 1792 1792" xmlns="http://www.w3.org/2000/svg"&gt;&lt;path d="M1408 960V832q0-26-19-45t-45-19h-320V448q0-26-19-45t-45-19H832q-26 0-45 19t-19 45v320H448q-26 0-45 19t-19 45v128q0 26 19 45t45 19h320v320q0 26 19 45t45 19h128q26 0 45-19t19-45v-320h320q26 0 45-19t19-45zm256-544v960q0 119-84.5 203.5T1376 1664H416q-119 0-203.5-84.5T128 1376V416q0-119 84.5-203.5T416 128h960q119 0 203.5 84.5T1664 416z"/&gt;&lt;/svg&gt;&lt;/span&gt;
    
            &lt;span class="trace-class"&gt;&lt;abbr title="Symfony\Component\EventDispatcher\EventDispatcher"&gt;EventDispatcher&lt;/abbr&gt;&lt;/span&gt;&lt;span class="trace-type"&gt;-&gt;&lt;/span&gt;&lt;span class="trace-method"&gt;callListeners&lt;/span&gt;&lt;span class="trace-arguments"&gt;(&lt;em&gt;array&lt;/em&gt;(&lt;em&gt;object&lt;/em&gt;(&lt;abbr title="Symfony\Component\EventDispatcher\Debug\WrappedListener"&gt;WrappedListener&lt;/abbr&gt;), &lt;em&gt;object&lt;/em&gt;(&lt;abbr title="Symfony\Component\EventDispatcher\Debug\WrappedListener"&gt;WrappedListener&lt;/abbr&gt;), &lt;em&gt;object&lt;/em&gt;(&lt;abbr title="Symfony\Component\EventDispatcher\Debug\WrappedListener"&gt;WrappedListener&lt;/abbr&gt;), &lt;em&gt;object&lt;/em&gt;(&lt;abbr title="Symfony\Component\EventDispatcher\Debug\WrappedListener"&gt;WrappedListener&lt;/abbr&gt;), &lt;em&gt;object&lt;/em&gt;(&lt;abbr title="Symfony\Component\EventDispatcher\Debug\WrappedListener"&gt;WrappedListener&lt;/abbr&gt;), &lt;em&gt;object&lt;/em&gt;(&lt;abbr title="Symfony\Component\EventDispatcher\Debug\WrappedListener"&gt;WrappedListener&lt;/abbr&gt;), &lt;em&gt;object&lt;/em&gt;(&lt;abbr title="Symfony\Component\EventDispatcher\Debug\WrappedListener"&gt;WrappedListener&lt;/abbr&gt;), &lt;em&gt;object&lt;/em&gt;(&lt;abbr title="Symfony\Component\EventDispatcher\Debug\WrappedListener"&gt;WrappedListener&lt;/abbr&gt;), &lt;em&gt;object&lt;/em&gt;(&lt;abbr title="Symfony\Component\EventDispatcher\Debug\WrappedListener"&gt;WrappedListener&lt;/abbr&gt;), &lt;em&gt;object&lt;/em&gt;(&lt;abbr title="Symfony\Component\EventDispatcher\Debug\WrappedListener"&gt;WrappedListener&lt;/abbr&gt;), &lt;em&gt;object&lt;/em&gt;(&lt;abbr title="Symfony\Component\EventDispatcher\Debug\WrappedListener"&gt;WrappedListener&lt;/abbr&gt;)), 'kernel.request', &lt;em&gt;object&lt;/em&gt;(&lt;abbr title="Symfony\Component\HttpKernel\Event\RequestEvent"&gt;RequestEvent&lt;/abbr&gt;))&lt;/span&gt;    
                    &lt;span class="block trace-file-path"&gt;
            in
            &lt;a href="file://C:\Users\sliti\Desktop\dev\esprit-PIDEV-3A16-2526-FARMIA\vendor\symfony\event-dispatcher\EventDispatcher.php#L56"&gt;
                C:\Users\sliti\Desktop\dev\esprit-PIDEV-3A16-2526-FARMIA\vendor\symfony\event-dispatcher\&lt;strong&gt;EventDispatcher.php&lt;/strong&gt;
            &lt;/a&gt;
                        (line 56)
            &lt;span class="icon icon-copy hidden" data-clipboard-text="C:\Users\sliti\Desktop\dev\esprit-PIDEV-3A16-2526-FARMIA\vendor\symfony\event-dispatcher\EventDispatcher.php:56"&gt;
                &lt;svg xmlns="http://www.w3.org/2000/svg" height="24" viewBox="0 0 24 24" width="24"&gt;&lt;path d="M0 0h24v24H0z" fill="none"/&gt;&lt;path d="M16 1H4c-1.1 0-2 .9-2 2v14h2V3h12V1zm3 4H8c-1.1 0-2 .9-2 2v14c0 1.1.9 2 2 2h11c1.1 0 2-.9 2-2V7c0-1.1-.9-2-2-2zm0 16H8V7h11v14z"/&gt;&lt;/svg&gt;            &lt;/span&gt;
        &lt;/span&gt;
    &lt;/div&gt;
    &lt;div id="trace-html-2-6" class="trace-code sf-toggle-content"&gt;
        &lt;ol start="51"&gt;&lt;li&gt;&lt;code&gt;&lt;span style="color: var(--highlight-keyword)"&gt;&amp;nbsp;&amp;nbsp;&amp;nbsp;&amp;nbsp;&amp;nbsp;&amp;nbsp;&amp;nbsp;&amp;nbsp;}&amp;nbsp;else&amp;nbsp;{&lt;/span&gt;&lt;/code&gt;&lt;/li&gt;
&lt;li&gt;&lt;code&gt;&lt;span style="color: var(--highlight-keyword)"&gt;&amp;nbsp;&amp;nbsp;&amp;nbsp;&amp;nbsp;&amp;nbsp;&amp;nbsp;&amp;nbsp;&amp;nbsp;&amp;nbsp;&amp;nbsp;&amp;nbsp;&amp;nbsp;&lt;/span&gt;&lt;span style="color: var(--highlight-default)"&gt;$listeners&amp;nbsp;&lt;/span&gt;&lt;span style="color: var(--highlight-keyword)"&gt;=&amp;nbsp;&lt;/span&gt;&lt;span style="color: var(--highlight-default)"&gt;$this&lt;/span&gt;&lt;span style="color: var(--highlight-keyword)"&gt;-&amp;gt;&lt;/span&gt;&lt;span style="color: var(--highlight-default)"&gt;getListeners&lt;/span&gt;&lt;span style="color: var(--highlight-keyword)"&gt;(&lt;/span&gt;&lt;span style="color: var(--highlight-default)"&gt;$eventName&lt;/span&gt;&lt;span style="color: var(--highlight-keyword)"&gt;);&lt;/span&gt;&lt;/code&gt;&lt;/li&gt;
&lt;li&gt;&lt;code&gt;&lt;span style="color: var(--highlight-keyword)"&gt;&amp;nbsp;&amp;nbsp;&amp;nbsp;&amp;nbsp;&amp;nbsp;&amp;nbsp;&amp;nbsp;&amp;nbsp;}&lt;/span&gt;&lt;/code&gt;&lt;/li&gt;
&lt;li&gt;&lt;code&gt;&lt;span style="color: var(--highlight-keyword)"&gt;&lt;/span&gt;&lt;/code&gt;&lt;/li&gt;
&lt;li&gt;&lt;code&gt;&lt;span style="color: var(--highlight-keyword)"&gt;&amp;nbsp;&amp;nbsp;&amp;nbsp;&amp;nbsp;&amp;nbsp;&amp;nbsp;&amp;nbsp;&amp;nbsp;if&amp;nbsp;(&lt;/span&gt;&lt;span style="color: var(--highlight-default)"&gt;$listeners&lt;/span&gt;&lt;span style="color: var(--highlight-keyword)"&gt;)&amp;nbsp;{&lt;/span&gt;&lt;/code&gt;&lt;/li&gt;
&lt;li class="selected"&gt;&lt;code&gt;&lt;span style="color: var(--highlight-keyword)"&gt;&amp;nbsp;&amp;nbsp;&amp;nbsp;&amp;nbsp;&amp;nbsp;&amp;nbsp;&amp;nbsp;&amp;nbsp;&amp;nbsp;&amp;nbsp;&amp;nbsp;&amp;nbsp;&lt;/span&gt;&lt;span style="color: var(--highlight-default)"&gt;$this&lt;/span&gt;&lt;span style="color: var(--highlight-keyword)"&gt;-&amp;gt;&lt;/span&gt;&lt;span style="color: var(--highlight-default)"&gt;callListeners&lt;/span&gt;&lt;span style="color: var(--highlight-keyword)"&gt;(&lt;/span&gt;&lt;span style="color: var(--highlight-default)"&gt;$listeners&lt;/span&gt;&lt;span style="color: var(--highlight-keyword)"&gt;,&amp;nbsp;&lt;/span&gt;&lt;span style="color: var(--highlight-default)"&gt;$eventName&lt;/span&gt;&lt;span style="color: var(--highlight-keyword)"&gt;,&amp;nbsp;&lt;/span&gt;&lt;span style="color: var(--highlight-default)"&gt;$event&lt;/span&gt;&lt;span style="color: var(--highlight-keyword)"&gt;);&lt;/span&gt;&lt;/code&gt;&lt;/li&gt;
&lt;li&gt;&lt;code&gt;&lt;span style="color: var(--highlight-keyword)"&gt;&amp;nbsp;&amp;nbsp;&amp;nbsp;&amp;nbsp;&amp;nbsp;&amp;nbsp;&amp;nbsp;&amp;nbsp;}&lt;/span&gt;&lt;/code&gt;&lt;/li&gt;
&lt;li&gt;&lt;code&gt;&lt;span style="color: var(--highlight-keyword)"&gt;&lt;/span&gt;&lt;/code&gt;&lt;/li&gt;
&lt;li&gt;&lt;code&gt;&lt;span style="color: var(--highlight-keyword)"&gt;&amp;nbsp;&amp;nbsp;&amp;nbsp;&amp;nbsp;&amp;nbsp;&amp;nbsp;&amp;nbsp;&amp;nbsp;return&amp;nbsp;&lt;/span&gt;&lt;span style="color: var(--highlight-default)"&gt;$event&lt;/span&gt;&lt;span style="color: var(--highlight-keyword)"&gt;;&lt;/span&gt;&lt;/code&gt;&lt;/li&gt;
&lt;li&gt;&lt;code&gt;&lt;span style="color: var(--highlight-keyword)"&gt;&amp;nbsp;&amp;nbsp;&amp;nbsp;&amp;nbsp;}&lt;/span&gt;&lt;/code&gt;&lt;/li&gt;
&lt;li&gt;&lt;code&gt;&lt;span style="color: var(--highlight-keyword)"&gt;&lt;/span&gt;&lt;/code&gt;&lt;/li&gt;&lt;/ol&gt;    &lt;/div&gt;            &lt;/div&gt;
                        &lt;div class="trace-line "&gt;
                &lt;div class="trace-line-header break-long-words sf-toggle" data-toggle-selector="#trace-html-2-7" data-toggle-initial=""&gt;
            &lt;span class="icon icon-close"&gt;&lt;svg width="1792" height="1792" viewBox="0 0 1792 1792" xmlns="http://www.w3.org/2000/svg"&gt;&lt;path d="M1408 960V832q0-26-19-45t-45-19H448q-26 0-45 19t-19 45v128q0 26 19 45t45 19h896q26 0 45-19t19-45zm256-544v960q0 119-84.5 203.5T1376 1664H416q-119 0-203.5-84.5T128 1376V416q0-119 84.5-203.5T416 128h960q119 0 203.5 84.5T1664 416z"/&gt;&lt;/svg&gt;&lt;/span&gt;
        &lt;span class="icon icon-open"&gt;&lt;svg width="1792" height="1792" viewBox="0 0 1792 1792" xmlns="http://www.w3.org/2000/svg"&gt;&lt;path d="M1408 960V832q0-26-19-45t-45-19h-320V448q0-26-19-45t-45-19H832q-26 0-45 19t-19 45v320H448q-26 0-45 19t-19 45v128q0 26 19 45t45 19h320v320q0 26 19 45t45 19h128q26 0 45-19t19-45v-320h320q26 0 45-19t19-45zm256-544v960q0 119-84.5 203.5T1376 1664H416q-119 0-203.5-84.5T128 1376V416q0-119 84.5-203.5T416 128h960q119 0 203.5 84.5T1664 416z"/&gt;&lt;/svg&gt;&lt;/span&gt;
    
            &lt;span class="trace-class"&gt;&lt;abbr title="Symfony\Component\EventDispatcher\EventDispatcher"&gt;EventDispatcher&lt;/abbr&gt;&lt;/span&gt;&lt;span class="trace-type"&gt;-&gt;&lt;/span&gt;&lt;span class="trace-method"&gt;dispatch&lt;/span&gt;&lt;span class="trace-arguments"&gt;(&lt;em&gt;object&lt;/em&gt;(&lt;abbr title="Symfony\Component\HttpKernel\Event\RequestEvent"&gt;RequestEvent&lt;/abbr&gt;), 'kernel.request')&lt;/span&gt;    
                    &lt;span class="block trace-file-path"&gt;
            in
            &lt;a href="file://C:\Users\sliti\Desktop\dev\esprit-PIDEV-3A16-2526-FARMIA\vendor\symfony\event-dispatcher\Debug\TraceableEventDispatcher.php#L139"&gt;
                C:\Users\sliti\Desktop\dev\esprit-PIDEV-3A16-2526-FARMIA\vendor\symfony\event-dispatcher\Debug\&lt;strong&gt;TraceableEventDispatcher.php&lt;/strong&gt;
            &lt;/a&gt;
                        (line 139)
            &lt;span class="icon icon-copy hidden" data-clipboard-text="C:\Users\sliti\Desktop\dev\esprit-PIDEV-3A16-2526-FARMIA\vendor\symfony\event-dispatcher\Debug\TraceableEventDispatcher.php:139"&gt;
                &lt;svg xmlns="http://www.w3.org/2000/svg" height="24" viewBox="0 0 24 24" width="24"&gt;&lt;path d="M0 0h24v24H0z" fill="none"/&gt;&lt;path d="M16 1H4c-1.1 0-2 .9-2 2v14h2V3h12V1zm3 4H8c-1.1 0-2 .9-2 2v14c0 1.1.9 2 2 2h11c1.1 0 2-.9 2-2V7c0-1.1-.9-2-2-2zm0 16H8V7h11v14z"/&gt;&lt;/svg&gt;            &lt;/span&gt;
        &lt;/span&gt;
    &lt;/div&gt;
    &lt;div id="trace-html-2-7" class="trace-code sf-toggle-content"&gt;
        &lt;ol start="134"&gt;&lt;li&gt;&lt;code&gt;&lt;span style="color: var(--highlight-keyword)"&gt;&amp;nbsp;&amp;nbsp;&amp;nbsp;&amp;nbsp;&amp;nbsp;&amp;nbsp;&amp;nbsp;&amp;nbsp;try&amp;nbsp;{&lt;/span&gt;&lt;/code&gt;&lt;/li&gt;
&lt;li&gt;&lt;code&gt;&lt;span style="color: var(--highlight-keyword)"&gt;&amp;nbsp;&amp;nbsp;&amp;nbsp;&amp;nbsp;&amp;nbsp;&amp;nbsp;&amp;nbsp;&amp;nbsp;&amp;nbsp;&amp;nbsp;&amp;nbsp;&amp;nbsp;&lt;/span&gt;&lt;span style="color: var(--highlight-default)"&gt;$this&lt;/span&gt;&lt;span style="color: var(--highlight-keyword)"&gt;-&amp;gt;&lt;/span&gt;&lt;span style="color: var(--highlight-default)"&gt;beforeDispatch&lt;/span&gt;&lt;span style="color: var(--highlight-keyword)"&gt;(&lt;/span&gt;&lt;span style="color: var(--highlight-default)"&gt;$eventName&lt;/span&gt;&lt;span style="color: var(--highlight-keyword)"&gt;,&amp;nbsp;&lt;/span&gt;&lt;span style="color: var(--highlight-default)"&gt;$event&lt;/span&gt;&lt;span style="color: var(--highlight-keyword)"&gt;);&lt;/span&gt;&lt;/code&gt;&lt;/li&gt;
&lt;li&gt;&lt;code&gt;&lt;span style="color: var(--highlight-keyword)"&gt;&amp;nbsp;&amp;nbsp;&amp;nbsp;&amp;nbsp;&amp;nbsp;&amp;nbsp;&amp;nbsp;&amp;nbsp;&amp;nbsp;&amp;nbsp;&amp;nbsp;&amp;nbsp;try&amp;nbsp;{&lt;/span&gt;&lt;/code&gt;&lt;/li&gt;
&lt;li&gt;&lt;code&gt;&lt;span style="color: var(--highlight-keyword)"&gt;&amp;nbsp;&amp;nbsp;&amp;nbsp;&amp;nbsp;&amp;nbsp;&amp;nbsp;&amp;nbsp;&amp;nbsp;&amp;nbsp;&amp;nbsp;&amp;nbsp;&amp;nbsp;&amp;nbsp;&amp;nbsp;&amp;nbsp;&amp;nbsp;&lt;/span&gt;&lt;span style="color: var(--highlight-default)"&gt;$e&amp;nbsp;&lt;/span&gt;&lt;span style="color: var(--highlight-keyword)"&gt;=&amp;nbsp;&lt;/span&gt;&lt;span style="color: var(--highlight-default)"&gt;$this&lt;/span&gt;&lt;span style="color: var(--highlight-keyword)"&gt;-&amp;gt;&lt;/span&gt;&lt;span style="color: var(--highlight-default)"&gt;stopwatch&lt;/span&gt;&lt;span style="color: var(--highlight-keyword)"&gt;-&amp;gt;&lt;/span&gt;&lt;span style="color: var(--highlight-default)"&gt;start&lt;/span&gt;&lt;span style="color: var(--highlight-keyword)"&gt;(&lt;/span&gt;&lt;span style="color: var(--highlight-default)"&gt;$eventName&lt;/span&gt;&lt;span style="color: var(--highlight-keyword)"&gt;,&amp;nbsp;&lt;/span&gt;&lt;span style="color: var(--highlight-string)"&gt;'section'&lt;/span&gt;&lt;span style="color: var(--highlight-keyword)"&gt;);&lt;/span&gt;&lt;/code&gt;&lt;/li&gt;
&lt;li&gt;&lt;code&gt;&lt;span style="color: var(--highlight-keyword)"&gt;&amp;nbsp;&amp;nbsp;&amp;nbsp;&amp;nbsp;&amp;nbsp;&amp;nbsp;&amp;nbsp;&amp;nbsp;&amp;nbsp;&amp;nbsp;&amp;nbsp;&amp;nbsp;&amp;nbsp;&amp;nbsp;&amp;nbsp;&amp;nbsp;try&amp;nbsp;{&lt;/span&gt;&lt;/code&gt;&lt;/li&gt;
&lt;li class="selected"&gt;&lt;code&gt;&lt;span style="color: var(--highlight-keyword)"&gt;&amp;nbsp;&amp;nbsp;&amp;nbsp;&amp;nbsp;&amp;nbsp;&amp;nbsp;&amp;nbsp;&amp;nbsp;&amp;nbsp;&amp;nbsp;&amp;nbsp;&amp;nbsp;&amp;nbsp;&amp;nbsp;&amp;nbsp;&amp;nbsp;&amp;nbsp;&amp;nbsp;&amp;nbsp;&amp;nbsp;&lt;/span&gt;&lt;span style="color: var(--highlight-default)"&gt;$this&lt;/span&gt;&lt;span style="color: var(--highlight-keyword)"&gt;-&amp;gt;&lt;/span&gt;&lt;span style="color: var(--highlight-default)"&gt;dispatcher&lt;/span&gt;&lt;span style="color: var(--highlight-keyword)"&gt;-&amp;gt;&lt;/span&gt;&lt;span style="color: var(--highlight-default)"&gt;dispatch&lt;/span&gt;&lt;span style="color: var(--highlight-keyword)"&gt;(&lt;/span&gt;&lt;span style="color: var(--highlight-default)"&gt;$event&lt;/span&gt;&lt;span style="color: var(--highlight-keyword)"&gt;,&amp;nbsp;&lt;/span&gt;&lt;span style="color: var(--highlight-default)"&gt;$eventName&lt;/span&gt;&lt;span style="color: var(--highlight-keyword)"&gt;);&lt;/span&gt;&lt;/code&gt;&lt;/li&gt;
&lt;li&gt;&lt;code&gt;&lt;span style="color: var(--highlight-keyword)"&gt;&amp;nbsp;&amp;nbsp;&amp;nbsp;&amp;nbsp;&amp;nbsp;&amp;nbsp;&amp;nbsp;&amp;nbsp;&amp;nbsp;&amp;nbsp;&amp;nbsp;&amp;nbsp;&amp;nbsp;&amp;nbsp;&amp;nbsp;&amp;nbsp;}&amp;nbsp;finally&amp;nbsp;{&lt;/span&gt;&lt;/code&gt;&lt;/li&gt;
&lt;li&gt;&lt;code&gt;&lt;span style="color: var(--highlight-keyword)"&gt;&amp;nbsp;&amp;nbsp;&amp;nbsp;&amp;nbsp;&amp;nbsp;&amp;nbsp;&amp;nbsp;&amp;nbsp;&amp;nbsp;&amp;nbsp;&amp;nbsp;&amp;nbsp;&amp;nbsp;&amp;nbsp;&amp;nbsp;&amp;nbsp;&amp;nbsp;&amp;nbsp;&amp;nbsp;&amp;nbsp;if&amp;nbsp;(&lt;/span&gt;&lt;span style="color: var(--highlight-default)"&gt;$e&lt;/span&gt;&lt;span style="color: var(--highlight-keyword)"&gt;-&amp;gt;&lt;/span&gt;&lt;span style="color: var(--highlight-default)"&gt;isStarted&lt;/span&gt;&lt;span style="color: var(--highlight-keyword)"&gt;())&amp;nbsp;{&lt;/span&gt;&lt;/code&gt;&lt;/li&gt;
&lt;li&gt;&lt;code&gt;&lt;span style="color: var(--highlight-keyword)"&gt;&amp;nbsp;&amp;nbsp;&amp;nbsp;&amp;nbsp;&amp;nbsp;&amp;nbsp;&amp;nbsp;&amp;nbsp;&amp;nbsp;&amp;nbsp;&amp;nbsp;&amp;nbsp;&amp;nbsp;&amp;nbsp;&amp;nbsp;&amp;nbsp;&amp;nbsp;&amp;nbsp;&amp;nbsp;&amp;nbsp;&amp;nbsp;&amp;nbsp;&amp;nbsp;&amp;nbsp;&lt;/span&gt;&lt;span style="color: var(--highlight-default)"&gt;$e&lt;/span&gt;&lt;span style="color: var(--highlight-keyword)"&gt;-&amp;gt;&lt;/span&gt;&lt;span style="color: var(--highlight-default)"&gt;stop&lt;/span&gt;&lt;span style="color: var(--highlight-keyword)"&gt;();&lt;/span&gt;&lt;/code&gt;&lt;/li&gt;
&lt;li&gt;&lt;code&gt;&lt;span style="color: var(--highlight-keyword)"&gt;&amp;nbsp;&amp;nbsp;&amp;nbsp;&amp;nbsp;&amp;nbsp;&amp;nbsp;&amp;nbsp;&amp;nbsp;&amp;nbsp;&amp;nbsp;&amp;nbsp;&amp;nbsp;&amp;nbsp;&amp;nbsp;&amp;nbsp;&amp;nbsp;&amp;nbsp;&amp;nbsp;&amp;nbsp;&amp;nbsp;}&lt;/span&gt;&lt;/code&gt;&lt;/li&gt;
&lt;li&gt;&lt;code&gt;&lt;span style="color: var(--highlight-keyword)"&gt;&amp;nbsp;&amp;nbsp;&amp;nbsp;&amp;nbsp;&amp;nbsp;&amp;nbsp;&amp;nbsp;&amp;nbsp;&amp;nbsp;&amp;nbsp;&amp;nbsp;&amp;nbsp;&amp;nbsp;&amp;nbsp;&amp;nbsp;&amp;nbsp;}&lt;/span&gt;&lt;/code&gt;&lt;/li&gt;&lt;/ol&gt;    &lt;/div&gt;            &lt;/div&gt;
                        &lt;div class="trace-line "&gt;
                &lt;div class="trace-line-header break-long-words sf-toggle" data-toggle-selector="#trace-html-2-8" data-toggle-initial=""&gt;
            &lt;span class="icon icon-close"&gt;&lt;svg width="1792" height="1792" viewBox="0 0 1792 1792" xmlns="http://www.w3.org/2000/svg"&gt;&lt;path d="M1408 960V832q0-26-19-45t-45-19H448q-26 0-45 19t-19 45v128q0 26 19 45t45 19h896q26 0 45-19t19-45zm256-544v960q0 119-84.5 203.5T1376 1664H416q-119 0-203.5-84.5T128 1376V416q0-119 84.5-203.5T416 128h960q119 0 203.5 84.5T1664 416z"/&gt;&lt;/svg&gt;&lt;/span&gt;
        &lt;span class="icon icon-open"&gt;&lt;svg width="1792" height="1792" viewBox="0 0 1792 1792" xmlns="http://www.w3.org/2000/svg"&gt;&lt;path d="M1408 960V832q0-26-19-45t-45-19h-320V448q0-26-19-45t-45-19H832q-26 0-45 19t-19 45v320H448q-26 0-45 19t-19 45v128q0 26 19 45t45 19h320v320q0 26 19 45t45 19h128q26 0 45-19t19-45v-320h320q26 0 45-19t19-45zm256-544v960q0 119-84.5 203.5T1376 1664H416q-119 0-203.5-84.5T128 1376V416q0-119 84.5-203.5T416 128h960q119 0 203.5 84.5T1664 416z"/&gt;&lt;/svg&gt;&lt;/span&gt;
    
            &lt;span class="trace-class"&gt;&lt;abbr title="Symfony\Component\EventDispatcher\Debug\TraceableEventDispatcher"&gt;TraceableEventDispatcher&lt;/abbr&gt;&lt;/span&gt;&lt;span class="trace-type"&gt;-&gt;&lt;/span&gt;&lt;span class="trace-method"&gt;dispatch&lt;/span&gt;&lt;span class="trace-arguments"&gt;(&lt;em&gt;object&lt;/em&gt;(&lt;abbr title="Symfony\Component\HttpKernel\Event\RequestEvent"&gt;RequestEvent&lt;/abbr&gt;), 'kernel.request')&lt;/span&gt;    
                    &lt;span class="block trace-file-path"&gt;
            in
            &lt;a href="file://C:\Users\sliti\Desktop\dev\esprit-PIDEV-3A16-2526-FARMIA\vendor\symfony\http-kernel\HttpKernel.php#L157"&gt;
                C:\Users\sliti\Desktop\dev\esprit-PIDEV-3A16-2526-FARMIA\vendor\symfony\http-kernel\&lt;strong&gt;HttpKernel.php&lt;/strong&gt;
            &lt;/a&gt;
                        (line 157)
            &lt;span class="icon icon-copy hidden" data-clipboard-text="C:\Users\sliti\Desktop\dev\esprit-PIDEV-3A16-2526-FARMIA\vendor\symfony\http-kernel\HttpKernel.php:157"&gt;
                &lt;svg xmlns="http://www.w3.org/2000/svg" height="24" viewBox="0 0 24 24" width="24"&gt;&lt;path d="M0 0h24v24H0z" fill="none"/&gt;&lt;path d="M16 1H4c-1.1 0-2 .9-2 2v14h2V3h12V1zm3 4H8c-1.1 0-2 .9-2 2v14c0 1.1.9 2 2 2h11c1.1 0 2-.9 2-2V7c0-1.1-.9-2-2-2zm0 16H8V7h11v14z"/&gt;&lt;/svg&gt;            &lt;/span&gt;
        &lt;/span&gt;
    &lt;/div&gt;
    &lt;div id="trace-html-2-8" class="trace-code sf-toggle-content"&gt;
        &lt;ol start="152"&gt;&lt;li&gt;&lt;code&gt;&lt;span style="color: var(--highlight-comment)"&gt;&amp;nbsp;&amp;nbsp;&amp;nbsp;&amp;nbsp;&amp;nbsp;*/&lt;/span&gt;&lt;/code&gt;&lt;/li&gt;
&lt;li&gt;&lt;code&gt;&lt;span style="color: var(--highlight-comment)"&gt;&amp;nbsp;&amp;nbsp;&amp;nbsp;&amp;nbsp;&lt;/span&gt;&lt;span style="color: var(--highlight-keyword)"&gt;private&amp;nbsp;function&amp;nbsp;&lt;/span&gt;&lt;span style="color: var(--highlight-default)"&gt;handleRaw&lt;/span&gt;&lt;span style="color: var(--highlight-keyword)"&gt;(&lt;/span&gt;&lt;span style="color: var(--highlight-default)"&gt;Request&amp;nbsp;$request&lt;/span&gt;&lt;span style="color: var(--highlight-keyword)"&gt;,&amp;nbsp;&lt;/span&gt;&lt;span style="color: var(--highlight-default)"&gt;int&amp;nbsp;$type&amp;nbsp;&lt;/span&gt;&lt;span style="color: var(--highlight-keyword)"&gt;=&amp;nbsp;&lt;/span&gt;&lt;span style="color: var(--highlight-default)"&gt;self&lt;/span&gt;&lt;span style="color: var(--highlight-keyword)"&gt;::&lt;/span&gt;&lt;span style="color: var(--highlight-default)"&gt;MAIN_REQUEST&lt;/span&gt;&lt;span style="color: var(--highlight-keyword)"&gt;):&amp;nbsp;&lt;/span&gt;&lt;span style="color: var(--highlight-default)"&gt;Response&lt;/span&gt;&lt;/code&gt;&lt;/li&gt;
&lt;li&gt;&lt;code&gt;&lt;span style="color: var(--highlight-default)"&gt;&amp;nbsp;&amp;nbsp;&amp;nbsp;&amp;nbsp;&lt;/span&gt;&lt;span style="color: var(--highlight-keyword)"&gt;{&lt;/span&gt;&lt;/code&gt;&lt;/li&gt;
&lt;li&gt;&lt;code&gt;&lt;span style="color: var(--highlight-keyword)"&gt;&amp;nbsp;&amp;nbsp;&amp;nbsp;&amp;nbsp;&amp;nbsp;&amp;nbsp;&amp;nbsp;&amp;nbsp;&lt;/span&gt;&lt;span style="color: var(--highlight-comment)"&gt;//&amp;nbsp;request&lt;/span&gt;&lt;/code&gt;&lt;/li&gt;
&lt;li&gt;&lt;code&gt;&lt;span style="color: var(--highlight-comment)"&gt;&amp;nbsp;&amp;nbsp;&amp;nbsp;&amp;nbsp;&amp;nbsp;&amp;nbsp;&amp;nbsp;&amp;nbsp;&lt;/span&gt;&lt;span style="color: var(--highlight-default)"&gt;$event&amp;nbsp;&lt;/span&gt;&lt;span style="color: var(--highlight-keyword)"&gt;=&amp;nbsp;new&amp;nbsp;&lt;/span&gt;&lt;span style="color: var(--highlight-default)"&gt;RequestEvent&lt;/span&gt;&lt;span style="color: var(--highlight-keyword)"&gt;(&lt;/span&gt;&lt;span style="color: var(--highlight-default)"&gt;$this&lt;/span&gt;&lt;span style="color: var(--highlight-keyword)"&gt;,&amp;nbsp;&lt;/span&gt;&lt;span style="color: var(--highlight-default)"&gt;$request&lt;/span&gt;&lt;span style="color: var(--highlight-keyword)"&gt;,&amp;nbsp;&lt;/span&gt;&lt;span style="color: var(--highlight-default)"&gt;$type&lt;/span&gt;&lt;span style="color: var(--highlight-keyword)"&gt;);&lt;/span&gt;&lt;/code&gt;&lt;/li&gt;
&lt;li class="selected"&gt;&lt;code&gt;&lt;span style="color: var(--highlight-keyword)"&gt;&amp;nbsp;&amp;nbsp;&amp;nbsp;&amp;nbsp;&amp;nbsp;&amp;nbsp;&amp;nbsp;&amp;nbsp;&lt;/span&gt;&lt;span style="color: var(--highlight-default)"&gt;$this&lt;/span&gt;&lt;span style="color: var(--highlight-keyword)"&gt;-&amp;gt;&lt;/span&gt;&lt;span style="color: var(--highlight-default)"&gt;dispatcher&lt;/span&gt;&lt;span style="color: var(--highlight-keyword)"&gt;-&amp;gt;&lt;/span&gt;&lt;span style="color: var(--highlight-default)"&gt;dispatch&lt;/span&gt;&lt;span style="color: var(--highlight-keyword)"&gt;(&lt;/span&gt;&lt;span style="color: var(--highlight-default)"&gt;$event&lt;/span&gt;&lt;span style="color: var(--highlight-keyword)"&gt;,&amp;nbsp;&lt;/span&gt;&lt;span style="color: var(--highlight-default)"&gt;KernelEvents&lt;/span&gt;&lt;span style="color: var(--highlight-keyword)"&gt;::&lt;/span&gt;&lt;span style="color: var(--highlight-default)"&gt;REQUEST&lt;/span&gt;&lt;span style="color: var(--highlight-keyword)"&gt;);&lt;/span&gt;&lt;/code&gt;&lt;/li&gt;
&lt;li&gt;&lt;code&gt;&lt;span style="color: var(--highlight-keyword)"&gt;&lt;/span&gt;&lt;/code&gt;&lt;/li&gt;
&lt;li&gt;&lt;code&gt;&lt;span style="color: var(--highlight-keyword)"&gt;&amp;nbsp;&amp;nbsp;&amp;nbsp;&amp;nbsp;&amp;nbsp;&amp;nbsp;&amp;nbsp;&amp;nbsp;if&amp;nbsp;(&lt;/span&gt;&lt;span style="color: var(--highlight-default)"&gt;$event&lt;/span&gt;&lt;span style="color: var(--highlight-keyword)"&gt;-&amp;gt;&lt;/span&gt;&lt;span style="color: var(--highlight-default)"&gt;hasResponse&lt;/span&gt;&lt;span style="color: var(--highlight-keyword)"&gt;())&amp;nbsp;{&lt;/span&gt;&lt;/code&gt;&lt;/li&gt;
&lt;li&gt;&lt;code&gt;&lt;span style="color: var(--highlight-keyword)"&gt;&amp;nbsp;&amp;nbsp;&amp;nbsp;&amp;nbsp;&amp;nbsp;&amp;nbsp;&amp;nbsp;&amp;nbsp;&amp;nbsp;&amp;nbsp;&amp;nbsp;&amp;nbsp;return&amp;nbsp;&lt;/span&gt;&lt;span style="color: var(--highlight-default)"&gt;$this&lt;/span&gt;&lt;span style="color: var(--highlight-keyword)"&gt;-&amp;gt;&lt;/span&gt;&lt;span style="color: var(--highlight-default)"&gt;filterResponse&lt;/span&gt;&lt;span style="color: var(--highlight-keyword)"&gt;(&lt;/span&gt;&lt;span style="color: var(--highlight-default)"&gt;$event&lt;/span&gt;&lt;span style="color: var(--highlight-keyword)"&gt;-&amp;gt;&lt;/span&gt;&lt;span style="color: var(--highlight-default)"&gt;getResponse&lt;/span&gt;&lt;span style="color: var(--highlight-keyword)"&gt;(),&amp;nbsp;&lt;/span&gt;&lt;span style="color: var(--highlight-default)"&gt;$request&lt;/span&gt;&lt;span style="color: var(--highlight-keyword)"&gt;,&amp;nbsp;&lt;/span&gt;&lt;span style="color: var(--highlight-default)"&gt;$type&lt;/span&gt;&lt;span style="color: var(--highlight-keyword)"&gt;);&lt;/span&gt;&lt;/code&gt;&lt;/li&gt;
&lt;li&gt;&lt;code&gt;&lt;span style="color: var(--highlight-keyword)"&gt;&amp;nbsp;&amp;nbsp;&amp;nbsp;&amp;nbsp;&amp;nbsp;&amp;nbsp;&amp;nbsp;&amp;nbsp;}&lt;/span&gt;&lt;/code&gt;&lt;/li&gt;
&lt;li&gt;&lt;code&gt;&lt;span style="color: var(--highlight-keyword)"&gt;&lt;/span&gt;&lt;/code&gt;&lt;/li&gt;&lt;/ol&gt;    &lt;/div&gt;            &lt;/div&gt;
                        &lt;div class="trace-line "&gt;
                &lt;div class="trace-line-header break-long-words sf-toggle" data-toggle-selector="#trace-html-2-9" data-toggle-initial=""&gt;
            &lt;span class="icon icon-close"&gt;&lt;svg width="1792" height="1792" viewBox="0 0 1792 1792" xmlns="http://www.w3.org/2000/svg"&gt;&lt;path d="M1408 960V832q0-26-19-45t-45-19H448q-26 0-45 19t-19 45v128q0 26 19 45t45 19h896q26 0 45-19t19-45zm256-544v960q0 119-84.5 203.5T1376 1664H416q-119 0-203.5-84.5T128 1376V416q0-119 84.5-203.5T416 128h960q119 0 203.5 84.5T1664 416z"/&gt;&lt;/svg&gt;&lt;/span&gt;
        &lt;span class="icon icon-open"&gt;&lt;svg width="1792" height="1792" viewBox="0 0 1792 1792" xmlns="http://www.w3.org/2000/svg"&gt;&lt;path d="M1408 960V832q0-26-19-45t-45-19h-320V448q0-26-19-45t-45-19H832q-26 0-45 19t-19 45v320H448q-26 0-45 19t-19 45v128q0 26 19 45t45 19h320v320q0 26 19 45t45 19h128q26 0 45-19t19-45v-320h320q26 0 45-19t19-45zm256-544v960q0 119-84.5 203.5T1376 1664H416q-119 0-203.5-84.5T128 1376V416q0-119 84.5-203.5T416 128h960q119 0 203.5 84.5T1664 416z"/&gt;&lt;/svg&gt;&lt;/span&gt;
    
            &lt;span class="trace-class"&gt;&lt;abbr title="Symfony\Component\HttpKernel\HttpKernel"&gt;HttpKernel&lt;/abbr&gt;&lt;/span&gt;&lt;span class="trace-type"&gt;-&gt;&lt;/span&gt;&lt;span class="trace-method"&gt;handleRaw&lt;/span&gt;&lt;span class="trace-arguments"&gt;(&lt;em&gt;object&lt;/em&gt;(&lt;abbr title="Symfony\Component\HttpFoundation\Request"&gt;Request&lt;/abbr&gt;), 1)&lt;/span&gt;    
                    &lt;span class="block trace-file-path"&gt;
            in
            &lt;a href="file://C:\Users\sliti\Desktop\dev\esprit-PIDEV-3A16-2526-FARMIA\vendor\symfony\http-kernel\HttpKernel.php#L76"&gt;
                C:\Users\sliti\Desktop\dev\esprit-PIDEV-3A16-2526-FARMIA\vendor\symfony\http-kernel\&lt;strong&gt;HttpKernel.php&lt;/strong&gt;
            &lt;/a&gt;
                        (line 76)
            &lt;span class="icon icon-copy hidden" data-clipboard-text="C:\Users\sliti\Desktop\dev\esprit-PIDEV-3A16-2526-FARMIA\vendor\symfony\http-kernel\HttpKernel.php:76"&gt;
                &lt;svg xmlns="http://www.w3.org/2000/svg" height="24" viewBox="0 0 24 24" width="24"&gt;&lt;path d="M0 0h24v24H0z" fill="none"/&gt;&lt;path d="M16 1H4c-1.1 0-2 .9-2 2v14h2V3h12V1zm3 4H8c-1.1 0-2 .9-2 2v14c0 1.1.9 2 2 2h11c1.1 0 2-.9 2-2V7c0-1.1-.9-2-2-2zm0 16H8V7h11v14z"/&gt;&lt;/svg&gt;            &lt;/span&gt;
        &lt;/span&gt;
    &lt;/div&gt;
    &lt;div id="trace-html-2-9" class="trace-code sf-toggle-content"&gt;
        &lt;ol start="71"&gt;&lt;li&gt;&lt;code&gt;&lt;span style="color: var(--highlight-keyword)"&gt;&amp;nbsp;&amp;nbsp;&amp;nbsp;&amp;nbsp;&amp;nbsp;&amp;nbsp;&amp;nbsp;&amp;nbsp;&lt;/span&gt;&lt;span style="color: var(--highlight-default)"&gt;$request&lt;/span&gt;&lt;span style="color: var(--highlight-keyword)"&gt;-&amp;gt;&lt;/span&gt;&lt;span style="color: var(--highlight-default)"&gt;headers&lt;/span&gt;&lt;span style="color: var(--highlight-keyword)"&gt;-&amp;gt;&lt;/span&gt;&lt;span style="color: var(--highlight-default)"&gt;set&lt;/span&gt;&lt;span style="color: var(--highlight-keyword)"&gt;(&lt;/span&gt;&lt;span style="color: var(--highlight-string)"&gt;'X-Php-Ob-Level'&lt;/span&gt;&lt;span style="color: var(--highlight-keyword)"&gt;,&amp;nbsp;(string)&amp;nbsp;&lt;/span&gt;&lt;span style="color: var(--highlight-default)"&gt;ob_get_level&lt;/span&gt;&lt;span style="color: var(--highlight-keyword)"&gt;());&lt;/span&gt;&lt;/code&gt;&lt;/li&gt;
&lt;li&gt;&lt;code&gt;&lt;span style="color: var(--highlight-keyword)"&gt;&lt;/span&gt;&lt;/code&gt;&lt;/li&gt;
&lt;li&gt;&lt;code&gt;&lt;span style="color: var(--highlight-keyword)"&gt;&amp;nbsp;&amp;nbsp;&amp;nbsp;&amp;nbsp;&amp;nbsp;&amp;nbsp;&amp;nbsp;&amp;nbsp;&lt;/span&gt;&lt;span style="color: var(--highlight-default)"&gt;$this&lt;/span&gt;&lt;span style="color: var(--highlight-keyword)"&gt;-&amp;gt;&lt;/span&gt;&lt;span style="color: var(--highlight-default)"&gt;requestStack&lt;/span&gt;&lt;span style="color: var(--highlight-keyword)"&gt;-&amp;gt;&lt;/span&gt;&lt;span style="color: var(--highlight-default)"&gt;push&lt;/span&gt;&lt;span style="color: var(--highlight-keyword)"&gt;(&lt;/span&gt;&lt;span style="color: var(--highlight-default)"&gt;$request&lt;/span&gt;&lt;span style="color: var(--highlight-keyword)"&gt;);&lt;/span&gt;&lt;/code&gt;&lt;/li&gt;
&lt;li&gt;&lt;code&gt;&lt;span style="color: var(--highlight-keyword)"&gt;&amp;nbsp;&amp;nbsp;&amp;nbsp;&amp;nbsp;&amp;nbsp;&amp;nbsp;&amp;nbsp;&amp;nbsp;&lt;/span&gt;&lt;span style="color: var(--highlight-default)"&gt;$response&amp;nbsp;&lt;/span&gt;&lt;span style="color: var(--highlight-keyword)"&gt;=&amp;nbsp;&lt;/span&gt;&lt;span style="color: var(--highlight-default)"&gt;null&lt;/span&gt;&lt;span style="color: var(--highlight-keyword)"&gt;;&lt;/span&gt;&lt;/code&gt;&lt;/li&gt;
&lt;li&gt;&lt;code&gt;&lt;span style="color: var(--highlight-keyword)"&gt;&amp;nbsp;&amp;nbsp;&amp;nbsp;&amp;nbsp;&amp;nbsp;&amp;nbsp;&amp;nbsp;&amp;nbsp;try&amp;nbsp;{&lt;/span&gt;&lt;/code&gt;&lt;/li&gt;
&lt;li class="selected"&gt;&lt;code&gt;&lt;span style="color: var(--highlight-keyword)"&gt;&amp;nbsp;&amp;nbsp;&amp;nbsp;&amp;nbsp;&amp;nbsp;&amp;nbsp;&amp;nbsp;&amp;nbsp;&amp;nbsp;&amp;nbsp;&amp;nbsp;&amp;nbsp;return&amp;nbsp;&lt;/span&gt;&lt;span style="color: var(--highlight-default)"&gt;$response&amp;nbsp;&lt;/span&gt;&lt;span style="color: var(--highlight-keyword)"&gt;=&amp;nbsp;&lt;/span&gt;&lt;span style="color: var(--highlight-default)"&gt;$this&lt;/span&gt;&lt;span style="color: var(--highlight-keyword)"&gt;-&amp;gt;&lt;/span&gt;&lt;span style="color: var(--highlight-default)"&gt;handleRaw&lt;/span&gt;&lt;span style="color: var(--highlight-keyword)"&gt;(&lt;/span&gt;&lt;span style="color: var(--highlight-default)"&gt;$request&lt;/span&gt;&lt;span style="color: var(--highlight-keyword)"&gt;,&amp;nbsp;&lt;/span&gt;&lt;span style="color: var(--highlight-default)"&gt;$type&lt;/span&gt;&lt;span style="color: var(--highlight-keyword)"&gt;);&lt;/span&gt;&lt;/code&gt;&lt;/li&gt;
&lt;li&gt;&lt;code&gt;&lt;span style="color: var(--highlight-keyword)"&gt;&amp;nbsp;&amp;nbsp;&amp;nbsp;&amp;nbsp;&amp;nbsp;&amp;nbsp;&amp;nbsp;&amp;nbsp;}&amp;nbsp;catch&amp;nbsp;(&lt;/span&gt;&lt;span style="color: var(--highlight-default)"&gt;\Throwable&amp;nbsp;$e&lt;/span&gt;&lt;span style="color: var(--highlight-keyword)"&gt;)&amp;nbsp;{&lt;/span&gt;&lt;/code&gt;&lt;/li&gt;
&lt;li&gt;&lt;code&gt;&lt;span style="color: var(--highlight-keyword)"&gt;&amp;nbsp;&amp;nbsp;&amp;nbsp;&amp;nbsp;&amp;nbsp;&amp;nbsp;&amp;nbsp;&amp;nbsp;&amp;nbsp;&amp;nbsp;&amp;nbsp;&amp;nbsp;if&amp;nbsp;(&lt;/span&gt;&lt;span style="color: var(--highlight-default)"&gt;$e&amp;nbsp;&lt;/span&gt;&lt;span style="color: var(--highlight-keyword)"&gt;instanceof&amp;nbsp;&lt;/span&gt;&lt;span style="color: var(--highlight-default)"&gt;\Error&amp;nbsp;&lt;/span&gt;&lt;span style="color: var(--highlight-keyword)"&gt;&amp;amp;&amp;amp;&amp;nbsp;!&lt;/span&gt;&lt;span style="color: var(--highlight-default)"&gt;$this&lt;/span&gt;&lt;span style="color: var(--highlight-keyword)"&gt;-&amp;gt;&lt;/span&gt;&lt;span style="color: var(--highlight-default)"&gt;handleAllThrowables&lt;/span&gt;&lt;span style="color: var(--highlight-keyword)"&gt;)&amp;nbsp;{&lt;/span&gt;&lt;/code&gt;&lt;/li&gt;
&lt;li&gt;&lt;code&gt;&lt;span style="color: var(--highlight-keyword)"&gt;&amp;nbsp;&amp;nbsp;&amp;nbsp;&amp;nbsp;&amp;nbsp;&amp;nbsp;&amp;nbsp;&amp;nbsp;&amp;nbsp;&amp;nbsp;&amp;nbsp;&amp;nbsp;&amp;nbsp;&amp;nbsp;&amp;nbsp;&amp;nbsp;throw&amp;nbsp;&lt;/span&gt;&lt;span style="color: var(--highlight-default)"&gt;$e&lt;/span&gt;&lt;span style="color: var(--highlight-keyword)"&gt;;&lt;/span&gt;&lt;/code&gt;&lt;/li&gt;
&lt;li&gt;&lt;code&gt;&lt;span style="color: var(--highlight-keyword)"&gt;&amp;nbsp;&amp;nbsp;&amp;nbsp;&amp;nbsp;&amp;nbsp;&amp;nbsp;&amp;nbsp;&amp;nbsp;&amp;nbsp;&amp;nbsp;&amp;nbsp;&amp;nbsp;}&lt;/span&gt;&lt;/code&gt;&lt;/li&gt;
&lt;li&gt;&lt;code&gt;&lt;span style="color: var(--highlight-keyword)"&gt;&lt;/span&gt;&lt;/code&gt;&lt;/li&gt;&lt;/ol&gt;    &lt;/div&gt;            &lt;/div&gt;
                        &lt;div class="trace-line "&gt;
                &lt;div class="trace-line-header break-long-words sf-toggle" data-toggle-selector="#trace-html-2-10" data-toggle-initial=""&gt;
            &lt;span class="icon icon-close"&gt;&lt;svg width="1792" height="1792" viewBox="0 0 1792 1792" xmlns="http://www.w3.org/2000/svg"&gt;&lt;path d="M1408 960V832q0-26-19-45t-45-19H448q-26 0-45 19t-19 45v128q0 26 19 45t45 19h896q26 0 45-19t19-45zm256-544v960q0 119-84.5 203.5T1376 1664H416q-119 0-203.5-84.5T128 1376V416q0-119 84.5-203.5T416 128h960q119 0 203.5 84.5T1664 416z"/&gt;&lt;/svg&gt;&lt;/span&gt;
        &lt;span class="icon icon-open"&gt;&lt;svg width="1792" height="1792" viewBox="0 0 1792 1792" xmlns="http://www.w3.org/2000/svg"&gt;&lt;path d="M1408 960V832q0-26-19-45t-45-19h-320V448q0-26-19-45t-45-19H832q-26 0-45 19t-19 45v320H448q-26 0-45 19t-19 45v128q0 26 19 45t45 19h320v320q0 26 19 45t45 19h128q26 0 45-19t19-45v-320h320q26 0 45-19t19-45zm256-544v960q0 119-84.5 203.5T1376 1664H416q-119 0-203.5-84.5T128 1376V416q0-119 84.5-203.5T416 128h960q119 0 203.5 84.5T1664 416z"/&gt;&lt;/svg&gt;&lt;/span&gt;
    
            &lt;span class="trace-class"&gt;&lt;abbr title="Symfony\Component\HttpKernel\HttpKernel"&gt;HttpKernel&lt;/abbr&gt;&lt;/span&gt;&lt;span class="trace-type"&gt;-&gt;&lt;/span&gt;&lt;span class="trace-method"&gt;handle&lt;/span&gt;&lt;span class="trace-arguments"&gt;(&lt;em&gt;object&lt;/em&gt;(&lt;abbr title="Symfony\Component\HttpFoundation\Request"&gt;Request&lt;/abbr&gt;), 1, &lt;em&gt;true&lt;/em&gt;)&lt;/span&gt;    
                    &lt;span class="block trace-file-path"&gt;
            in
            &lt;a href="file://C:\Users\sliti\Desktop\dev\esprit-PIDEV-3A16-2526-FARMIA\vendor\symfony\http-kernel\Kernel.php#L208"&gt;
                C:\Users\sliti\Desktop\dev\esprit-PIDEV-3A16-2526-FARMIA\vendor\symfony\http-kernel\&lt;strong&gt;Kernel.php&lt;/strong&gt;
            &lt;/a&gt;
                        (line 208)
            &lt;span class="icon icon-copy hidden" data-clipboard-text="C:\Users\sliti\Desktop\dev\esprit-PIDEV-3A16-2526-FARMIA\vendor\symfony\http-kernel\Kernel.php:208"&gt;
                &lt;svg xmlns="http://www.w3.org/2000/svg" height="24" viewBox="0 0 24 24" width="24"&gt;&lt;path d="M0 0h24v24H0z" fill="none"/&gt;&lt;path d="M16 1H4c-1.1 0-2 .9-2 2v14h2V3h12V1zm3 4H8c-1.1 0-2 .9-2 2v14c0 1.1.9 2 2 2h11c1.1 0 2-.9 2-2V7c0-1.1-.9-2-2-2zm0 16H8V7h11v14z"/&gt;&lt;/svg&gt;            &lt;/span&gt;
        &lt;/span&gt;
    &lt;/div&gt;
    &lt;div id="trace-html-2-10" class="trace-code sf-toggle-content"&gt;
        &lt;ol start="203"&gt;&lt;li&gt;&lt;code&gt;&lt;span style="color: var(--highlight-keyword)"&gt;&amp;nbsp;&amp;nbsp;&amp;nbsp;&amp;nbsp;&amp;nbsp;&amp;nbsp;&amp;nbsp;&amp;nbsp;if&amp;nbsp;(!&lt;/span&gt;&lt;span style="color: var(--highlight-default)"&gt;$this&lt;/span&gt;&lt;span style="color: var(--highlight-keyword)"&gt;-&amp;gt;&lt;/span&gt;&lt;span style="color: var(--highlight-default)"&gt;handlingHttpCache&lt;/span&gt;&lt;span style="color: var(--highlight-keyword)"&gt;)&amp;nbsp;{&lt;/span&gt;&lt;/code&gt;&lt;/li&gt;
&lt;li&gt;&lt;code&gt;&lt;span style="color: var(--highlight-keyword)"&gt;&amp;nbsp;&amp;nbsp;&amp;nbsp;&amp;nbsp;&amp;nbsp;&amp;nbsp;&amp;nbsp;&amp;nbsp;&amp;nbsp;&amp;nbsp;&amp;nbsp;&amp;nbsp;&lt;/span&gt;&lt;span style="color: var(--highlight-default)"&gt;$this&lt;/span&gt;&lt;span style="color: var(--highlight-keyword)"&gt;-&amp;gt;&lt;/span&gt;&lt;span style="color: var(--highlight-default)"&gt;resetServices&amp;nbsp;&lt;/span&gt;&lt;span style="color: var(--highlight-keyword)"&gt;=&amp;nbsp;&lt;/span&gt;&lt;span style="color: var(--highlight-default)"&gt;true&lt;/span&gt;&lt;span style="color: var(--highlight-keyword)"&gt;;&lt;/span&gt;&lt;/code&gt;&lt;/li&gt;
&lt;li&gt;&lt;code&gt;&lt;span style="color: var(--highlight-keyword)"&gt;&amp;nbsp;&amp;nbsp;&amp;nbsp;&amp;nbsp;&amp;nbsp;&amp;nbsp;&amp;nbsp;&amp;nbsp;}&lt;/span&gt;&lt;/code&gt;&lt;/li&gt;
&lt;li&gt;&lt;code&gt;&lt;span style="color: var(--highlight-keyword)"&gt;&lt;/span&gt;&lt;/code&gt;&lt;/li&gt;
&lt;li&gt;&lt;code&gt;&lt;span style="color: var(--highlight-keyword)"&gt;&amp;nbsp;&amp;nbsp;&amp;nbsp;&amp;nbsp;&amp;nbsp;&amp;nbsp;&amp;nbsp;&amp;nbsp;try&amp;nbsp;{&lt;/span&gt;&lt;/code&gt;&lt;/li&gt;
&lt;li class="selected"&gt;&lt;code&gt;&lt;span style="color: var(--highlight-keyword)"&gt;&amp;nbsp;&amp;nbsp;&amp;nbsp;&amp;nbsp;&amp;nbsp;&amp;nbsp;&amp;nbsp;&amp;nbsp;&amp;nbsp;&amp;nbsp;&amp;nbsp;&amp;nbsp;return&amp;nbsp;&lt;/span&gt;&lt;span style="color: var(--highlight-default)"&gt;$this&lt;/span&gt;&lt;span style="color: var(--highlight-keyword)"&gt;-&amp;gt;&lt;/span&gt;&lt;span style="color: var(--highlight-default)"&gt;getHttpKernel&lt;/span&gt;&lt;span style="color: var(--highlight-keyword)"&gt;()-&amp;gt;&lt;/span&gt;&lt;span style="color: var(--highlight-default)"&gt;handle&lt;/span&gt;&lt;span style="color: var(--highlight-keyword)"&gt;(&lt;/span&gt;&lt;span style="color: var(--highlight-default)"&gt;$request&lt;/span&gt;&lt;span style="color: var(--highlight-keyword)"&gt;,&amp;nbsp;&lt;/span&gt;&lt;span style="color: var(--highlight-default)"&gt;$type&lt;/span&gt;&lt;span style="color: var(--highlight-keyword)"&gt;,&amp;nbsp;&lt;/span&gt;&lt;span style="color: var(--highlight-default)"&gt;$catch&lt;/span&gt;&lt;span style="color: var(--highlight-keyword)"&gt;);&lt;/span&gt;&lt;/code&gt;&lt;/li&gt;
&lt;li&gt;&lt;code&gt;&lt;span style="color: var(--highlight-keyword)"&gt;&amp;nbsp;&amp;nbsp;&amp;nbsp;&amp;nbsp;&amp;nbsp;&amp;nbsp;&amp;nbsp;&amp;nbsp;}&amp;nbsp;finally&amp;nbsp;{&lt;/span&gt;&lt;/code&gt;&lt;/li&gt;
&lt;li&gt;&lt;code&gt;&lt;span style="color: var(--highlight-keyword)"&gt;&amp;nbsp;&amp;nbsp;&amp;nbsp;&amp;nbsp;&amp;nbsp;&amp;nbsp;&amp;nbsp;&amp;nbsp;&amp;nbsp;&amp;nbsp;&amp;nbsp;&amp;nbsp;--&lt;/span&gt;&lt;span style="color: var(--highlight-default)"&gt;$this&lt;/span&gt;&lt;span style="color: var(--highlight-keyword)"&gt;-&amp;gt;&lt;/span&gt;&lt;span style="color: var(--highlight-default)"&gt;requestStackSize&lt;/span&gt;&lt;span style="color: var(--highlight-keyword)"&gt;;&lt;/span&gt;&lt;/code&gt;&lt;/li&gt;
&lt;li&gt;&lt;code&gt;&lt;span style="color: var(--highlight-keyword)"&gt;&amp;nbsp;&amp;nbsp;&amp;nbsp;&amp;nbsp;&amp;nbsp;&amp;nbsp;&amp;nbsp;&amp;nbsp;}&lt;/span&gt;&lt;/code&gt;&lt;/li&gt;
&lt;li&gt;&lt;code&gt;&lt;span style="color: var(--highlight-keyword)"&gt;&amp;nbsp;&amp;nbsp;&amp;nbsp;&amp;nbsp;}&lt;/span&gt;&lt;/code&gt;&lt;/li&gt;
&lt;li&gt;&lt;code&gt;&lt;span style="color: var(--highlight-keyword)"&gt;&lt;/span&gt;&lt;/code&gt;&lt;/li&gt;&lt;/ol&gt;    &lt;/div&gt;            &lt;/div&gt;
                        &lt;div class="trace-line "&gt;
                &lt;div class="trace-line-header break-long-words sf-toggle" data-toggle-selector="#trace-html-2-11" data-toggle-initial=""&gt;
            &lt;span class="icon icon-close"&gt;&lt;svg width="1792" height="1792" viewBox="0 0 1792 1792" xmlns="http://www.w3.org/2000/svg"&gt;&lt;path d="M1408 960V832q0-26-19-45t-45-19H448q-26 0-45 19t-19 45v128q0 26 19 45t45 19h896q26 0 45-19t19-45zm256-544v960q0 119-84.5 203.5T1376 1664H416q-119 0-203.5-84.5T128 1376V416q0-119 84.5-203.5T416 128h960q119 0 203.5 84.5T1664 416z"/&gt;&lt;/svg&gt;&lt;/span&gt;
        &lt;span class="icon icon-open"&gt;&lt;svg width="1792" height="1792" viewBox="0 0 1792 1792" xmlns="http://www.w3.org/2000/svg"&gt;&lt;path d="M1408 960V832q0-26-19-45t-45-19h-320V448q0-26-19-45t-45-19H832q-26 0-45 19t-19 45v320H448q-26 0-45 19t-19 45v128q0 26 19 45t45 19h320v320q0 26 19 45t45 19h128q26 0 45-19t19-45v-320h320q26 0 45-19t19-45zm256-544v960q0 119-84.5 203.5T1376 1664H416q-119 0-203.5-84.5T128 1376V416q0-119 84.5-203.5T416 128h960q119 0 203.5 84.5T1664 416z"/&gt;&lt;/svg&gt;&lt;/span&gt;
    
            &lt;span class="trace-class"&gt;&lt;abbr title="Symfony\Component\HttpKernel\Kernel"&gt;Kernel&lt;/abbr&gt;&lt;/span&gt;&lt;span class="trace-type"&gt;-&gt;&lt;/span&gt;&lt;span class="trace-method"&gt;handle&lt;/span&gt;&lt;span class="trace-arguments"&gt;(&lt;em&gt;object&lt;/em&gt;(&lt;abbr title="Symfony\Component\HttpFoundation\Request"&gt;Request&lt;/abbr&gt;), 1, &lt;em&gt;true&lt;/em&gt;)&lt;/span&gt;    
                    &lt;span class="block trace-file-path"&gt;
            in
            &lt;a href="file://C:\Users\sliti\Desktop\dev\esprit-PIDEV-3A16-2526-FARMIA\vendor\symfony\http-kernel\HttpKernelBrowser.php#L65"&gt;
                C:\Users\sliti\Desktop\dev\esprit-PIDEV-3A16-2526-FARMIA\vendor\symfony\http-kernel\&lt;strong&gt;HttpKernelBrowser.php&lt;/strong&gt;
            &lt;/a&gt;
                        (line 65)
            &lt;span class="icon icon-copy hidden" data-clipboard-text="C:\Users\sliti\Desktop\dev\esprit-PIDEV-3A16-2526-FARMIA\vendor\symfony\http-kernel\HttpKernelBrowser.php:65"&gt;
                &lt;svg xmlns="http://www.w3.org/2000/svg" height="24" viewBox="0 0 24 24" width="24"&gt;&lt;path d="M0 0h24v24H0z" fill="none"/&gt;&lt;path d="M16 1H4c-1.1 0-2 .9-2 2v14h2V3h12V1zm3 4H8c-1.1 0-2 .9-2 2v14c0 1.1.9 2 2 2h11c1.1 0 2-.9 2-2V7c0-1.1-.9-2-2-2zm0 16H8V7h11v14z"/&gt;&lt;/svg&gt;            &lt;/span&gt;
        &lt;/span&gt;
    &lt;/div&gt;
    &lt;div id="trace-html-2-11" class="trace-code sf-toggle-content"&gt;
        &lt;ol start="60"&gt;&lt;li&gt;&lt;code&gt;&lt;span style="color: var(--highlight-comment)"&gt;&amp;nbsp;&amp;nbsp;&amp;nbsp;&amp;nbsp;&amp;nbsp;*&lt;/span&gt;&lt;/code&gt;&lt;/li&gt;
&lt;li&gt;&lt;code&gt;&lt;span style="color: var(--highlight-comment)"&gt;&amp;nbsp;&amp;nbsp;&amp;nbsp;&amp;nbsp;&amp;nbsp;*&amp;nbsp;@return&amp;nbsp;Response&lt;/span&gt;&lt;/code&gt;&lt;/li&gt;
&lt;li&gt;&lt;code&gt;&lt;span style="color: var(--highlight-comment)"&gt;&amp;nbsp;&amp;nbsp;&amp;nbsp;&amp;nbsp;&amp;nbsp;*/&lt;/span&gt;&lt;/code&gt;&lt;/li&gt;
&lt;li&gt;&lt;code&gt;&lt;span style="color: var(--highlight-comment)"&gt;&amp;nbsp;&amp;nbsp;&amp;nbsp;&amp;nbsp;&lt;/span&gt;&lt;span style="color: var(--highlight-keyword)"&gt;protected&amp;nbsp;function&amp;nbsp;&lt;/span&gt;&lt;span style="color: var(--highlight-default)"&gt;doRequest&lt;/span&gt;&lt;span style="color: var(--highlight-keyword)"&gt;(&lt;/span&gt;&lt;span style="color: var(--highlight-default)"&gt;object&amp;nbsp;$request&lt;/span&gt;&lt;span style="color: var(--highlight-keyword)"&gt;)&lt;/span&gt;&lt;/code&gt;&lt;/li&gt;
&lt;li&gt;&lt;code&gt;&lt;span style="color: var(--highlight-keyword)"&gt;&amp;nbsp;&amp;nbsp;&amp;nbsp;&amp;nbsp;{&lt;/span&gt;&lt;/code&gt;&lt;/li&gt;
&lt;li class="selected"&gt;&lt;code&gt;&lt;span style="color: var(--highlight-keyword)"&gt;&amp;nbsp;&amp;nbsp;&amp;nbsp;&amp;nbsp;&amp;nbsp;&amp;nbsp;&amp;nbsp;&amp;nbsp;&lt;/span&gt;&lt;span style="color: var(--highlight-default)"&gt;$response&amp;nbsp;&lt;/span&gt;&lt;span style="color: var(--highlight-keyword)"&gt;=&amp;nbsp;&lt;/span&gt;&lt;span style="color: var(--highlight-default)"&gt;$this&lt;/span&gt;&lt;span style="color: var(--highlight-keyword)"&gt;-&amp;gt;&lt;/span&gt;&lt;span style="color: var(--highlight-default)"&gt;kernel&lt;/span&gt;&lt;span style="color: var(--highlight-keyword)"&gt;-&amp;gt;&lt;/span&gt;&lt;span style="color: var(--highlight-default)"&gt;handle&lt;/span&gt;&lt;span style="color: var(--highlight-keyword)"&gt;(&lt;/span&gt;&lt;span style="color: var(--highlight-default)"&gt;$request&lt;/span&gt;&lt;span style="color: var(--highlight-keyword)"&gt;,&amp;nbsp;&lt;/span&gt;&lt;span style="color: var(--highlight-default)"&gt;HttpKernelInterface&lt;/span&gt;&lt;span style="color: var(--highlight-keyword)"&gt;::&lt;/span&gt;&lt;span style="color: var(--highlight-default)"&gt;MAIN_REQUEST&lt;/span&gt;&lt;span style="color: var(--highlight-keyword)"&gt;,&amp;nbsp;&lt;/span&gt;&lt;span style="color: var(--highlight-default)"&gt;$this&lt;/span&gt;&lt;span style="color: var(--highlight-keyword)"&gt;-&amp;gt;&lt;/span&gt;&lt;span style="color: var(--highlight-default)"&gt;catchExceptions&lt;/span&gt;&lt;span style="color: var(--highlight-keyword)"&gt;);&lt;/span&gt;&lt;/code&gt;&lt;/li&gt;
&lt;li&gt;&lt;code&gt;&lt;span style="color: var(--highlight-keyword)"&gt;&lt;/span&gt;&lt;/code&gt;&lt;/li&gt;
&lt;li&gt;&lt;code&gt;&lt;span style="color: var(--highlight-keyword)"&gt;&amp;nbsp;&amp;nbsp;&amp;nbsp;&amp;nbsp;&amp;nbsp;&amp;nbsp;&amp;nbsp;&amp;nbsp;if&amp;nbsp;(&lt;/span&gt;&lt;span style="color: var(--highlight-default)"&gt;$this&lt;/span&gt;&lt;span style="color: var(--highlight-keyword)"&gt;-&amp;gt;&lt;/span&gt;&lt;span style="color: var(--highlight-default)"&gt;kernel&amp;nbsp;&lt;/span&gt;&lt;span style="color: var(--highlight-keyword)"&gt;instanceof&amp;nbsp;&lt;/span&gt;&lt;span style="color: var(--highlight-default)"&gt;TerminableInterface&lt;/span&gt;&lt;span style="color: var(--highlight-keyword)"&gt;)&amp;nbsp;{&lt;/span&gt;&lt;/code&gt;&lt;/li&gt;
&lt;li&gt;&lt;code&gt;&lt;span style="color: var(--highlight-keyword)"&gt;&amp;nbsp;&amp;nbsp;&amp;nbsp;&amp;nbsp;&amp;nbsp;&amp;nbsp;&amp;nbsp;&amp;nbsp;&amp;nbsp;&amp;nbsp;&amp;nbsp;&amp;nbsp;&lt;/span&gt;&lt;span style="color: var(--highlight-default)"&gt;$this&lt;/span&gt;&lt;span style="color: var(--highlight-keyword)"&gt;-&amp;gt;&lt;/span&gt;&lt;span style="color: var(--highlight-default)"&gt;kernel&lt;/span&gt;&lt;span style="color: var(--highlight-keyword)"&gt;-&amp;gt;&lt;/span&gt;&lt;span style="color: var(--highlight-default)"&gt;terminate&lt;/span&gt;&lt;span style="color: var(--highlight-keyword)"&gt;(&lt;/span&gt;&lt;span style="color: var(--highlight-default)"&gt;$request&lt;/span&gt;&lt;span style="color: var(--highlight-keyword)"&gt;,&amp;nbsp;&lt;/span&gt;&lt;span style="color: var(--highlight-default)"&gt;$response&lt;/span&gt;&lt;span style="color: var(--highlight-keyword)"&gt;);&lt;/span&gt;&lt;/code&gt;&lt;/li&gt;
&lt;li&gt;&lt;code&gt;&lt;span style="color: var(--highlight-keyword)"&gt;&amp;nbsp;&amp;nbsp;&amp;nbsp;&amp;nbsp;&amp;nbsp;&amp;nbsp;&amp;nbsp;&amp;nbsp;}&lt;/span&gt;&lt;/code&gt;&lt;/li&gt;
&lt;li&gt;&lt;code&gt;&lt;span style="color: var(--highlight-keyword)"&gt;&lt;/span&gt;&lt;/code&gt;&lt;/li&gt;&lt;/ol&gt;    &lt;/div&gt;            &lt;/div&gt;
                        &lt;div class="trace-line "&gt;
                &lt;div class="trace-line-header break-long-words sf-toggle" data-toggle-selector="#trace-html-2-12" data-toggle-initial=""&gt;
            &lt;span class="icon icon-close"&gt;&lt;svg width="1792" height="1792" viewBox="0 0 1792 1792" xmlns="http://www.w3.org/2000/svg"&gt;&lt;path d="M1408 960V832q0-26-19-45t-45-19H448q-26 0-45 19t-19 45v128q0 26 19 45t45 19h896q26 0 45-19t19-45zm256-544v960q0 119-84.5 203.5T1376 1664H416q-119 0-203.5-84.5T128 1376V416q0-119 84.5-203.5T416 128h960q119 0 203.5 84.5T1664 416z"/&gt;&lt;/svg&gt;&lt;/span&gt;
        &lt;span class="icon icon-open"&gt;&lt;svg width="1792" height="1792" viewBox="0 0 1792 1792" xmlns="http://www.w3.org/2000/svg"&gt;&lt;path d="M1408 960V832q0-26-19-45t-45-19h-320V448q0-26-19-45t-45-19H832q-26 0-45 19t-19 45v320H448q-26 0-45 19t-19 45v128q0 26 19 45t45 19h320v320q0 26 19 45t45 19h128q26 0 45-19t19-45v-320h320q26 0 45-19t19-45zm256-544v960q0 119-84.5 203.5T1376 1664H416q-119 0-203.5-84.5T128 1376V416q0-119 84.5-203.5T416 128h960q119 0 203.5 84.5T1664 416z"/&gt;&lt;/svg&gt;&lt;/span&gt;
    
            &lt;span class="trace-class"&gt;&lt;abbr title="Symfony\Component\HttpKernel\HttpKernelBrowser"&gt;HttpKernelBrowser&lt;/abbr&gt;&lt;/span&gt;&lt;span class="trace-type"&gt;-&gt;&lt;/span&gt;&lt;span class="trace-method"&gt;doRequest&lt;/span&gt;&lt;span class="trace-arguments"&gt;(&lt;em&gt;object&lt;/em&gt;(&lt;abbr title="Symfony\Component\HttpFoundation\Request"&gt;Request&lt;/abbr&gt;))&lt;/span&gt;    
                    &lt;span class="block trace-file-path"&gt;
            in
            &lt;a href="file://C:\Users\sliti\Desktop\dev\esprit-PIDEV-3A16-2526-FARMIA\vendor\symfony\framework-bundle\KernelBrowser.php#L175"&gt;
                C:\Users\sliti\Desktop\dev\esprit-PIDEV-3A16-2526-FARMIA\vendor\symfony\framework-bundle\&lt;strong&gt;KernelBrowser.php&lt;/strong&gt;
            &lt;/a&gt;
                        (line 175)
            &lt;span class="icon icon-copy hidden" data-clipboard-text="C:\Users\sliti\Desktop\dev\esprit-PIDEV-3A16-2526-FARMIA\vendor\symfony\framework-bundle\KernelBrowser.php:175"&gt;
                &lt;svg xmlns="http://www.w3.org/2000/svg" height="24" viewBox="0 0 24 24" width="24"&gt;&lt;path d="M0 0h24v24H0z" fill="none"/&gt;&lt;path d="M16 1H4c-1.1 0-2 .9-2 2v14h2V3h12V1zm3 4H8c-1.1 0-2 .9-2 2v14c0 1.1.9 2 2 2h11c1.1 0 2-.9 2-2V7c0-1.1-.9-2-2-2zm0 16H8V7h11v14z"/&gt;&lt;/svg&gt;            &lt;/span&gt;
        &lt;/span&gt;
    &lt;/div&gt;
    &lt;div id="trace-html-2-12" class="trace-code sf-toggle-content"&gt;
        &lt;ol start="170"&gt;&lt;li&gt;&lt;code&gt;&lt;span style="color: var(--highlight-keyword)"&gt;&lt;/span&gt;&lt;/code&gt;&lt;/li&gt;
&lt;li&gt;&lt;code&gt;&lt;span style="color: var(--highlight-keyword)"&gt;&amp;nbsp;&amp;nbsp;&amp;nbsp;&amp;nbsp;&amp;nbsp;&amp;nbsp;&amp;nbsp;&amp;nbsp;&amp;nbsp;&amp;nbsp;&amp;nbsp;&amp;nbsp;&lt;/span&gt;&lt;span style="color: var(--highlight-default)"&gt;$this&lt;/span&gt;&lt;span style="color: var(--highlight-keyword)"&gt;-&amp;gt;&lt;/span&gt;&lt;span style="color: var(--highlight-default)"&gt;kernel&lt;/span&gt;&lt;span style="color: var(--highlight-keyword)"&gt;-&amp;gt;&lt;/span&gt;&lt;span style="color: var(--highlight-default)"&gt;boot&lt;/span&gt;&lt;span style="color: var(--highlight-keyword)"&gt;();&lt;/span&gt;&lt;/code&gt;&lt;/li&gt;
&lt;li&gt;&lt;code&gt;&lt;span style="color: var(--highlight-keyword)"&gt;&amp;nbsp;&amp;nbsp;&amp;nbsp;&amp;nbsp;&amp;nbsp;&amp;nbsp;&amp;nbsp;&amp;nbsp;&amp;nbsp;&amp;nbsp;&amp;nbsp;&amp;nbsp;&lt;/span&gt;&lt;span style="color: var(--highlight-default)"&gt;$this&lt;/span&gt;&lt;span style="color: var(--highlight-keyword)"&gt;-&amp;gt;&lt;/span&gt;&lt;span style="color: var(--highlight-default)"&gt;getContainer&lt;/span&gt;&lt;span style="color: var(--highlight-keyword)"&gt;()-&amp;gt;&lt;/span&gt;&lt;span style="color: var(--highlight-default)"&gt;get&lt;/span&gt;&lt;span style="color: var(--highlight-keyword)"&gt;(&lt;/span&gt;&lt;span style="color: var(--highlight-string)"&gt;'profiler'&lt;/span&gt;&lt;span style="color: var(--highlight-keyword)"&gt;)-&amp;gt;&lt;/span&gt;&lt;span style="color: var(--highlight-default)"&gt;enable&lt;/span&gt;&lt;span style="color: var(--highlight-keyword)"&gt;();&lt;/span&gt;&lt;/code&gt;&lt;/li&gt;
&lt;li&gt;&lt;code&gt;&lt;span style="color: var(--highlight-keyword)"&gt;&amp;nbsp;&amp;nbsp;&amp;nbsp;&amp;nbsp;&amp;nbsp;&amp;nbsp;&amp;nbsp;&amp;nbsp;}&lt;/span&gt;&lt;/code&gt;&lt;/li&gt;
&lt;li&gt;&lt;code&gt;&lt;span style="color: var(--highlight-keyword)"&gt;&lt;/span&gt;&lt;/code&gt;&lt;/li&gt;
&lt;li class="selected"&gt;&lt;code&gt;&lt;span style="color: var(--highlight-keyword)"&gt;&amp;nbsp;&amp;nbsp;&amp;nbsp;&amp;nbsp;&amp;nbsp;&amp;nbsp;&amp;nbsp;&amp;nbsp;return&amp;nbsp;&lt;/span&gt;&lt;span style="color: var(--highlight-default)"&gt;parent&lt;/span&gt;&lt;span style="color: var(--highlight-keyword)"&gt;::&lt;/span&gt;&lt;span style="color: var(--highlight-default)"&gt;doRequest&lt;/span&gt;&lt;span style="color: var(--highlight-keyword)"&gt;(&lt;/span&gt;&lt;span style="color: var(--highlight-default)"&gt;$request&lt;/span&gt;&lt;span style="color: var(--highlight-keyword)"&gt;);&lt;/span&gt;&lt;/code&gt;&lt;/li&gt;
&lt;li&gt;&lt;code&gt;&lt;span style="color: var(--highlight-keyword)"&gt;&amp;nbsp;&amp;nbsp;&amp;nbsp;&amp;nbsp;}&lt;/span&gt;&lt;/code&gt;&lt;/li&gt;
&lt;li&gt;&lt;code&gt;&lt;span style="color: var(--highlight-keyword)"&gt;&lt;/span&gt;&lt;/code&gt;&lt;/li&gt;
&lt;li&gt;&lt;code&gt;&lt;span style="color: var(--highlight-keyword)"&gt;&amp;nbsp;&amp;nbsp;&amp;nbsp;&amp;nbsp;&lt;/span&gt;&lt;span style="color: var(--highlight-comment)"&gt;/**&lt;/span&gt;&lt;/code&gt;&lt;/li&gt;
&lt;li&gt;&lt;code&gt;&lt;span style="color: var(--highlight-comment)"&gt;&amp;nbsp;&amp;nbsp;&amp;nbsp;&amp;nbsp;&amp;nbsp;*&amp;nbsp;@param&amp;nbsp;Request&amp;nbsp;$request&lt;/span&gt;&lt;/code&gt;&lt;/li&gt;
&lt;li&gt;&lt;code&gt;&lt;span style="color: var(--highlight-comment)"&gt;&amp;nbsp;&amp;nbsp;&amp;nbsp;&amp;nbsp;&amp;nbsp;*/&lt;/span&gt;&lt;/code&gt;&lt;/li&gt;&lt;/ol&gt;    &lt;/div&gt;            &lt;/div&gt;
                        &lt;div class="trace-line "&gt;
                &lt;div class="trace-line-header break-long-words sf-toggle" data-toggle-selector="#trace-html-2-13" data-toggle-initial=""&gt;
            &lt;span class="icon icon-close"&gt;&lt;svg width="1792" height="1792" viewBox="0 0 1792 1792" xmlns="http://www.w3.org/2000/svg"&gt;&lt;path d="M1408 960V832q0-26-19-45t-45-19H448q-26 0-45 19t-19 45v128q0 26 19 45t45 19h896q26 0 45-19t19-45zm256-544v960q0 119-84.5 203.5T1376 1664H416q-119 0-203.5-84.5T128 1376V416q0-119 84.5-203.5T416 128h960q119 0 203.5 84.5T1664 416z"/&gt;&lt;/svg&gt;&lt;/span&gt;
        &lt;span class="icon icon-open"&gt;&lt;svg width="1792" height="1792" viewBox="0 0 1792 1792" xmlns="http://www.w3.org/2000/svg"&gt;&lt;path d="M1408 960V832q0-26-19-45t-45-19h-320V448q0-26-19-45t-45-19H832q-26 0-45 19t-19 45v320H448q-26 0-45 19t-19 45v128q0 26 19 45t45 19h320v320q0 26 19 45t45 19h128q26 0 45-19t19-45v-320h320q26 0 45-19t19-45zm256-544v960q0 119-84.5 203.5T1376 1664H416q-119 0-203.5-84.5T128 1376V416q0-119 84.5-203.5T416 128h960q119 0 203.5 84.5T1664 416z"/&gt;&lt;/svg&gt;&lt;/span&gt;
    
            &lt;span class="trace-class"&gt;&lt;abbr title="Symfony\Bundle\FrameworkBundle\KernelBrowser"&gt;KernelBrowser&lt;/abbr&gt;&lt;/span&gt;&lt;span class="trace-type"&gt;-&gt;&lt;/span&gt;&lt;span class="trace-method"&gt;doRequest&lt;/span&gt;&lt;span class="trace-arguments"&gt;(&lt;em&gt;object&lt;/em&gt;(&lt;abbr title="Symfony\Component\HttpFoundation\Request"&gt;Request&lt;/abbr&gt;))&lt;/span&gt;    
                    &lt;span class="block trace-file-path"&gt;
            in
            &lt;a href="file://C:\Users\sliti\Desktop\dev\esprit-PIDEV-3A16-2526-FARMIA\vendor\symfony\browser-kit\AbstractBrowser.php#L385"&gt;
                C:\Users\sliti\Desktop\dev\esprit-PIDEV-3A16-2526-FARMIA\vendor\symfony\browser-kit\&lt;strong&gt;AbstractBrowser.php&lt;/strong&gt;
            &lt;/a&gt;
                        (line 385)
            &lt;span class="icon icon-copy hidden" data-clipboard-text="C:\Users\sliti\Desktop\dev\esprit-PIDEV-3A16-2526-FARMIA\vendor\symfony\browser-kit\AbstractBrowser.php:385"&gt;
                &lt;svg xmlns="http://www.w3.org/2000/svg" height="24" viewBox="0 0 24 24" width="24"&gt;&lt;path d="M0 0h24v24H0z" fill="none"/&gt;&lt;path d="M16 1H4c-1.1 0-2 .9-2 2v14h2V3h12V1zm3 4H8c-1.1 0-2 .9-2 2v14c0 1.1.9 2 2 2h11c1.1 0 2-.9 2-2V7c0-1.1-.9-2-2-2zm0 16H8V7h11v14z"/&gt;&lt;/svg&gt;            &lt;/span&gt;
        &lt;/span&gt;
    &lt;/div&gt;
    &lt;div id="trace-html-2-13" class="trace-code sf-toggle-content"&gt;
        &lt;ol start="380"&gt;&lt;li&gt;&lt;code&gt;&lt;span style="color: var(--highlight-keyword)"&gt;&amp;nbsp;&amp;nbsp;&amp;nbsp;&amp;nbsp;&amp;nbsp;&amp;nbsp;&amp;nbsp;&amp;nbsp;}&lt;/span&gt;&lt;/code&gt;&lt;/li&gt;
&lt;li&gt;&lt;code&gt;&lt;span style="color: var(--highlight-keyword)"&gt;&lt;/span&gt;&lt;/code&gt;&lt;/li&gt;
&lt;li&gt;&lt;code&gt;&lt;span style="color: var(--highlight-keyword)"&gt;&amp;nbsp;&amp;nbsp;&amp;nbsp;&amp;nbsp;&amp;nbsp;&amp;nbsp;&amp;nbsp;&amp;nbsp;if&amp;nbsp;(&lt;/span&gt;&lt;span style="color: var(--highlight-default)"&gt;$this&lt;/span&gt;&lt;span style="color: var(--highlight-keyword)"&gt;-&amp;gt;&lt;/span&gt;&lt;span style="color: var(--highlight-default)"&gt;insulated&lt;/span&gt;&lt;span style="color: var(--highlight-keyword)"&gt;)&amp;nbsp;{&lt;/span&gt;&lt;/code&gt;&lt;/li&gt;
&lt;li&gt;&lt;code&gt;&lt;span style="color: var(--highlight-keyword)"&gt;&amp;nbsp;&amp;nbsp;&amp;nbsp;&amp;nbsp;&amp;nbsp;&amp;nbsp;&amp;nbsp;&amp;nbsp;&amp;nbsp;&amp;nbsp;&amp;nbsp;&amp;nbsp;&lt;/span&gt;&lt;span style="color: var(--highlight-default)"&gt;$this&lt;/span&gt;&lt;span style="color: var(--highlight-keyword)"&gt;-&amp;gt;&lt;/span&gt;&lt;span style="color: var(--highlight-default)"&gt;response&amp;nbsp;&lt;/span&gt;&lt;span style="color: var(--highlight-keyword)"&gt;=&amp;nbsp;&lt;/span&gt;&lt;span style="color: var(--highlight-default)"&gt;$this&lt;/span&gt;&lt;span style="color: var(--highlight-keyword)"&gt;-&amp;gt;&lt;/span&gt;&lt;span style="color: var(--highlight-default)"&gt;doRequestInProcess&lt;/span&gt;&lt;span style="color: var(--highlight-keyword)"&gt;(&lt;/span&gt;&lt;span style="color: var(--highlight-default)"&gt;$this&lt;/span&gt;&lt;span style="color: var(--highlight-keyword)"&gt;-&amp;gt;&lt;/span&gt;&lt;span style="color: var(--highlight-default)"&gt;request&lt;/span&gt;&lt;span style="color: var(--highlight-keyword)"&gt;);&lt;/span&gt;&lt;/code&gt;&lt;/li&gt;
&lt;li&gt;&lt;code&gt;&lt;span style="color: var(--highlight-keyword)"&gt;&amp;nbsp;&amp;nbsp;&amp;nbsp;&amp;nbsp;&amp;nbsp;&amp;nbsp;&amp;nbsp;&amp;nbsp;}&amp;nbsp;else&amp;nbsp;{&lt;/span&gt;&lt;/code&gt;&lt;/li&gt;
&lt;li class="selected"&gt;&lt;code&gt;&lt;span style="color: var(--highlight-keyword)"&gt;&amp;nbsp;&amp;nbsp;&amp;nbsp;&amp;nbsp;&amp;nbsp;&amp;nbsp;&amp;nbsp;&amp;nbsp;&amp;nbsp;&amp;nbsp;&amp;nbsp;&amp;nbsp;&lt;/span&gt;&lt;span style="color: var(--highlight-default)"&gt;$this&lt;/span&gt;&lt;span style="color: var(--highlight-keyword)"&gt;-&amp;gt;&lt;/span&gt;&lt;span style="color: var(--highlight-default)"&gt;response&amp;nbsp;&lt;/span&gt;&lt;span style="color: var(--highlight-keyword)"&gt;=&amp;nbsp;&lt;/span&gt;&lt;span style="color: var(--highlight-default)"&gt;$this&lt;/span&gt;&lt;span style="color: var(--highlight-keyword)"&gt;-&amp;gt;&lt;/span&gt;&lt;span style="color: var(--highlight-default)"&gt;doRequest&lt;/span&gt;&lt;span style="color: var(--highlight-keyword)"&gt;(&lt;/span&gt;&lt;span style="color: var(--highlight-default)"&gt;$this&lt;/span&gt;&lt;span style="color: var(--highlight-keyword)"&gt;-&amp;gt;&lt;/span&gt;&lt;span style="color: var(--highlight-default)"&gt;request&lt;/span&gt;&lt;span style="color: var(--highlight-keyword)"&gt;);&lt;/span&gt;&lt;/code&gt;&lt;/li&gt;
&lt;li&gt;&lt;code&gt;&lt;span style="color: var(--highlight-keyword)"&gt;&amp;nbsp;&amp;nbsp;&amp;nbsp;&amp;nbsp;&amp;nbsp;&amp;nbsp;&amp;nbsp;&amp;nbsp;}&lt;/span&gt;&lt;/code&gt;&lt;/li&gt;
&lt;li&gt;&lt;code&gt;&lt;span style="color: var(--highlight-keyword)"&gt;&lt;/span&gt;&lt;/code&gt;&lt;/li&gt;
&lt;li&gt;&lt;code&gt;&lt;span style="color: var(--highlight-keyword)"&gt;&amp;nbsp;&amp;nbsp;&amp;nbsp;&amp;nbsp;&amp;nbsp;&amp;nbsp;&amp;nbsp;&amp;nbsp;&lt;/span&gt;&lt;span style="color: var(--highlight-default)"&gt;$this&lt;/span&gt;&lt;span style="color: var(--highlight-keyword)"&gt;-&amp;gt;&lt;/span&gt;&lt;span style="color: var(--highlight-default)"&gt;internalResponse&amp;nbsp;&lt;/span&gt;&lt;span style="color: var(--highlight-keyword)"&gt;=&amp;nbsp;&lt;/span&gt;&lt;span style="color: var(--highlight-default)"&gt;$this&lt;/span&gt;&lt;span style="color: var(--highlight-keyword)"&gt;-&amp;gt;&lt;/span&gt;&lt;span style="color: var(--highlight-default)"&gt;filterResponse&lt;/span&gt;&lt;span style="color: var(--highlight-keyword)"&gt;(&lt;/span&gt;&lt;span style="color: var(--highlight-default)"&gt;$this&lt;/span&gt;&lt;span style="color: var(--highlight-keyword)"&gt;-&amp;gt;&lt;/span&gt;&lt;span style="color: var(--highlight-default)"&gt;response&lt;/span&gt;&lt;span style="color: var(--highlight-keyword)"&gt;);&lt;/span&gt;&lt;/code&gt;&lt;/li&gt;
&lt;li&gt;&lt;code&gt;&lt;span style="color: var(--highlight-keyword)"&gt;&lt;/span&gt;&lt;/code&gt;&lt;/li&gt;
&lt;li&gt;&lt;code&gt;&lt;span style="color: var(--highlight-keyword)"&gt;&amp;nbsp;&amp;nbsp;&amp;nbsp;&amp;nbsp;&amp;nbsp;&amp;nbsp;&amp;nbsp;&amp;nbsp;&lt;/span&gt;&lt;span style="color: var(--highlight-default)"&gt;$this&lt;/span&gt;&lt;span style="color: var(--highlight-keyword)"&gt;-&amp;gt;&lt;/span&gt;&lt;span style="color: var(--highlight-default)"&gt;cookieJar&lt;/span&gt;&lt;span style="color: var(--highlight-keyword)"&gt;-&amp;gt;&lt;/span&gt;&lt;span style="color: var(--highlight-default)"&gt;updateFromResponse&lt;/span&gt;&lt;span style="color: var(--highlight-keyword)"&gt;(&lt;/span&gt;&lt;span style="color: var(--highlight-default)"&gt;$this&lt;/span&gt;&lt;span style="color: var(--highlight-keyword)"&gt;-&amp;gt;&lt;/span&gt;&lt;span style="color: var(--highlight-default)"&gt;internalResponse&lt;/span&gt;&lt;span style="color: var(--highlight-keyword)"&gt;,&amp;nbsp;&lt;/span&gt;&lt;span style="color: var(--highlight-default)"&gt;$uri&lt;/span&gt;&lt;span style="color: var(--highlight-keyword)"&gt;);&lt;/span&gt;&lt;/code&gt;&lt;/li&gt;&lt;/ol&gt;    &lt;/div&gt;            &lt;/div&gt;
                        &lt;div class="trace-line "&gt;
                &lt;div class="trace-line-header break-long-words sf-toggle" data-toggle-selector="#trace-html-2-14" data-toggle-initial=""&gt;
            &lt;span class="icon icon-close"&gt;&lt;svg width="1792" height="1792" viewBox="0 0 1792 1792" xmlns="http://www.w3.org/2000/svg"&gt;&lt;path d="M1408 960V832q0-26-19-45t-45-19H448q-26 0-45 19t-19 45v128q0 26 19 45t45 19h896q26 0 45-19t19-45zm256-544v960q0 119-84.5 203.5T1376 1664H416q-119 0-203.5-84.5T128 1376V416q0-119 84.5-203.5T416 128h960q119 0 203.5 84.5T1664 416z"/&gt;&lt;/svg&gt;&lt;/span&gt;
        &lt;span class="icon icon-open"&gt;&lt;svg width="1792" height="1792" viewBox="0 0 1792 1792" xmlns="http://www.w3.org/2000/svg"&gt;&lt;path d="M1408 960V832q0-26-19-45t-45-19h-320V448q0-26-19-45t-45-19H832q-26 0-45 19t-19 45v320H448q-26 0-45 19t-19 45v128q0 26 19 45t45 19h320v320q0 26 19 45t45 19h128q26 0 45-19t19-45v-320h320q26 0 45-19t19-45zm256-544v960q0 119-84.5 203.5T1376 1664H416q-119 0-203.5-84.5T128 1376V416q0-119 84.5-203.5T416 128h960q119 0 203.5 84.5T1664 416z"/&gt;&lt;/svg&gt;&lt;/span&gt;
    
            &lt;span class="trace-class"&gt;&lt;abbr title="Symfony\Component\BrowserKit\AbstractBrowser"&gt;AbstractBrowser&lt;/abbr&gt;&lt;/span&gt;&lt;span class="trace-type"&gt;-&gt;&lt;/span&gt;&lt;span class="trace-method"&gt;request&lt;/span&gt;&lt;span class="trace-arguments"&gt;('GET', 'http://localhost/expert/analyse/1/status/en_cours')&lt;/span&gt;    
                    &lt;span class="block trace-file-path"&gt;
            in
            &lt;a href="file://C:\Users\sliti\Desktop\dev\esprit-PIDEV-3A16-2526-FARMIA\tests\Functional\Controller\ExpertAnalyseControllerTest.php#L106"&gt;
                C:\Users\sliti\Desktop\dev\esprit-PIDEV-3A16-2526-FARMIA\tests\Functional\Controller\&lt;strong&gt;ExpertAnalyseControllerTest.php&lt;/strong&gt;
            &lt;/a&gt;
                        (line 106)
            &lt;span class="icon icon-copy hidden" data-clipboard-text="C:\Users\sliti\Desktop\dev\esprit-PIDEV-3A16-2526-FARMIA\tests\Functional\Controller\ExpertAnalyseControllerTest.php:106"&gt;
                &lt;svg xmlns="http://www.w3.org/2000/svg" height="24" viewBox="0 0 24 24" width="24"&gt;&lt;path d="M0 0h24v24H0z" fill="none"/&gt;&lt;path d="M16 1H4c-1.1 0-2 .9-2 2v14h2V3h12V1zm3 4H8c-1.1 0-2 .9-2 2v14c0 1.1.9 2 2 2h11c1.1 0 2-.9 2-2V7c0-1.1-.9-2-2-2zm0 16H8V7h11v14z"/&gt;&lt;/svg&gt;            &lt;/span&gt;
        &lt;/span&gt;
    &lt;/div&gt;
    &lt;div id="trace-html-2-14" class="trace-code sf-toggle-content"&gt;
        &lt;ol start="101"&gt;&lt;li&gt;&lt;code&gt;&lt;span style="color: var(--highlight-comment)"&gt;&amp;nbsp;&amp;nbsp;&amp;nbsp;&amp;nbsp;&amp;nbsp;*/&#13;&lt;/span&gt;&lt;/code&gt;&lt;/li&gt;
&lt;li&gt;&lt;code&gt;&lt;span style="color: var(--highlight-comment)"&gt;&amp;nbsp;&amp;nbsp;&amp;nbsp;&amp;nbsp;&lt;/span&gt;&lt;span style="color: var(--highlight-keyword)"&gt;public&amp;nbsp;function&amp;nbsp;&lt;/span&gt;&lt;span style="color: var(--highlight-default)"&gt;testCanUpdateAnalyseStatus&lt;/span&gt;&lt;span style="color: var(--highlight-keyword)"&gt;():&amp;nbsp;&lt;/span&gt;&lt;span style="color: var(--highlight-default)"&gt;void&#13;&lt;/span&gt;&lt;/code&gt;&lt;/li&gt;
&lt;li&gt;&lt;code&gt;&lt;span style="color: var(--highlight-default)"&gt;&amp;nbsp;&amp;nbsp;&amp;nbsp;&amp;nbsp;&lt;/span&gt;&lt;span style="color: var(--highlight-keyword)"&gt;{&#13;&lt;/span&gt;&lt;/code&gt;&lt;/li&gt;
&lt;li&gt;&lt;code&gt;&lt;span style="color: var(--highlight-keyword)"&gt;&amp;nbsp;&amp;nbsp;&amp;nbsp;&amp;nbsp;&amp;nbsp;&amp;nbsp;&amp;nbsp;&amp;nbsp;&lt;/span&gt;&lt;span style="color: var(--highlight-default)"&gt;$analyse&amp;nbsp;&lt;/span&gt;&lt;span style="color: var(--highlight-keyword)"&gt;=&amp;nbsp;&lt;/span&gt;&lt;span style="color: var(--highlight-default)"&gt;$this&lt;/span&gt;&lt;span style="color: var(--highlight-keyword)"&gt;-&amp;gt;&lt;/span&gt;&lt;span style="color: var(--highlight-default)"&gt;createAnalyse&lt;/span&gt;&lt;span style="color: var(--highlight-keyword)"&gt;();&#13;&lt;/span&gt;&lt;/code&gt;&lt;/li&gt;
&lt;li&gt;&lt;code&gt;&lt;span style="color: var(--highlight-keyword)"&gt;&#13;&lt;/span&gt;&lt;/code&gt;&lt;/li&gt;
&lt;li class="selected"&gt;&lt;code&gt;&lt;span style="color: var(--highlight-keyword)"&gt;&amp;nbsp;&amp;nbsp;&amp;nbsp;&amp;nbsp;&amp;nbsp;&amp;nbsp;&amp;nbsp;&amp;nbsp;&lt;/span&gt;&lt;span style="color: var(--highlight-default)"&gt;self&lt;/span&gt;&lt;span style="color: var(--highlight-keyword)"&gt;::&lt;/span&gt;&lt;span style="color: var(--highlight-default)"&gt;$client&lt;/span&gt;&lt;span style="color: var(--highlight-keyword)"&gt;-&amp;gt;&lt;/span&gt;&lt;span style="color: var(--highlight-default)"&gt;request&lt;/span&gt;&lt;span style="color: var(--highlight-keyword)"&gt;(&lt;/span&gt;&lt;span style="color: var(--highlight-string)"&gt;'GET'&lt;/span&gt;&lt;span style="color: var(--highlight-keyword)"&gt;,&amp;nbsp;&lt;/span&gt;&lt;span style="color: var(--highlight-string)"&gt;'/expert/analyse/'&amp;nbsp;&lt;/span&gt;&lt;span style="color: var(--highlight-keyword)"&gt;.&amp;nbsp;&lt;/span&gt;&lt;span style="color: var(--highlight-default)"&gt;$analyse&lt;/span&gt;&lt;span style="color: var(--highlight-keyword)"&gt;-&amp;gt;&lt;/span&gt;&lt;span style="color: var(--highlight-default)"&gt;getId&lt;/span&gt;&lt;span style="color: var(--highlight-keyword)"&gt;()&amp;nbsp;.&amp;nbsp;&lt;/span&gt;&lt;span style="color: var(--highlight-string)"&gt;'/status/en_cours'&lt;/span&gt;&lt;span style="color: var(--highlight-keyword)"&gt;);&#13;&lt;/span&gt;&lt;/code&gt;&lt;/li&gt;
&lt;li&gt;&lt;code&gt;&lt;span style="color: var(--highlight-keyword)"&gt;&#13;&lt;/span&gt;&lt;/code&gt;&lt;/li&gt;
&lt;li&gt;&lt;code&gt;&lt;span style="color: var(--highlight-keyword)"&gt;&amp;nbsp;&amp;nbsp;&amp;nbsp;&amp;nbsp;&amp;nbsp;&amp;nbsp;&amp;nbsp;&amp;nbsp;&lt;/span&gt;&lt;span style="color: var(--highlight-default)"&gt;$this&lt;/span&gt;&lt;span style="color: var(--highlight-keyword)"&gt;-&amp;gt;&lt;/span&gt;&lt;span style="color: var(--highlight-default)"&gt;assertResponseRedirects&lt;/span&gt;&lt;span style="color: var(--highlight-keyword)"&gt;();&#13;&lt;/span&gt;&lt;/code&gt;&lt;/li&gt;
&lt;li&gt;&lt;code&gt;&lt;span style="color: var(--highlight-keyword)"&gt;&#13;&lt;/span&gt;&lt;/code&gt;&lt;/li&gt;
&lt;li&gt;&lt;code&gt;&lt;span style="color: var(--highlight-keyword)"&gt;&amp;nbsp;&amp;nbsp;&amp;nbsp;&amp;nbsp;&amp;nbsp;&amp;nbsp;&amp;nbsp;&amp;nbsp;&lt;/span&gt;&lt;span style="color: var(--highlight-comment)"&gt;//&amp;nbsp;Verify&amp;nbsp;status&amp;nbsp;update&#13;&lt;/span&gt;&lt;/code&gt;&lt;/li&gt;
&lt;li&gt;&lt;code&gt;&lt;span style="color: var(--highlight-comment)"&gt;&amp;nbsp;&amp;nbsp;&amp;nbsp;&amp;nbsp;&amp;nbsp;&amp;nbsp;&amp;nbsp;&amp;nbsp;&lt;/span&gt;&lt;span style="color: var(--highlight-default)"&gt;self&lt;/span&gt;&lt;span style="color: var(--highlight-keyword)"&gt;::&lt;/span&gt;&lt;span style="color: var(--highlight-default)"&gt;$em&lt;/span&gt;&lt;span style="color: var(--highlight-keyword)"&gt;-&amp;gt;&lt;/span&gt;&lt;span style="color: var(--highlight-default)"&gt;refresh&lt;/span&gt;&lt;span style="color: var(--highlight-keyword)"&gt;(&lt;/span&gt;&lt;span style="color: var(--highlight-default)"&gt;$analyse&lt;/span&gt;&lt;span style="color: var(--highlight-keyword)"&gt;);&#13;&lt;/span&gt;&lt;/code&gt;&lt;/li&gt;&lt;/ol&gt;    &lt;/div&gt;            &lt;/div&gt;
                        &lt;div class="trace-line "&gt;
                &lt;div class="trace-line-header break-long-words sf-toggle" data-toggle-selector="#trace-html-2-15" data-toggle-initial=""&gt;
            &lt;span class="icon icon-close"&gt;&lt;svg width="1792" height="1792" viewBox="0 0 1792 1792" xmlns="http://www.w3.org/2000/svg"&gt;&lt;path d="M1408 960V832q0-26-19-45t-45-19H448q-26 0-45 19t-19 45v128q0 26 19 45t45 19h896q26 0 45-19t19-45zm256-544v960q0 119-84.5 203.5T1376 1664H416q-119 0-203.5-84.5T128 1376V416q0-119 84.5-203.5T416 128h960q119 0 203.5 84.5T1664 416z"/&gt;&lt;/svg&gt;&lt;/span&gt;
        &lt;span class="icon icon-open"&gt;&lt;svg width="1792" height="1792" viewBox="0 0 1792 1792" xmlns="http://www.w3.org/2000/svg"&gt;&lt;path d="M1408 960V832q0-26-19-45t-45-19h-320V448q0-26-19-45t-45-19H832q-26 0-45 19t-19 45v320H448q-26 0-45 19t-19 45v128q0 26 19 45t45 19h320v320q0 26 19 45t45 19h128q26 0 45-19t19-45v-320h320q26 0 45-19t19-45zm256-544v960q0 119-84.5 203.5T1376 1664H416q-119 0-203.5-84.5T128 1376V416q0-119 84.5-203.5T416 128h960q119 0 203.5 84.5T1664 416z"/&gt;&lt;/svg&gt;&lt;/span&gt;
    
            &lt;span class="trace-class"&gt;&lt;abbr title="App\Tests\Functional\Controller\ExpertAnalyseControllerTest"&gt;ExpertAnalyseControllerTest&lt;/abbr&gt;&lt;/span&gt;&lt;span class="trace-type"&gt;-&gt;&lt;/span&gt;&lt;span class="trace-method"&gt;testCanUpdateAnalyseStatus&lt;/span&gt;&lt;span class="trace-arguments"&gt;()&lt;/span&gt;    
                    &lt;span class="block trace-file-path"&gt;
            in
            &lt;a href="file://C:\Users\sliti\Desktop\dev\esprit-PIDEV-3A16-2526-FARMIA\vendor\phpunit\phpunit\src\Framework\TestCase.php#L1617"&gt;
                C:\Users\sliti\Desktop\dev\esprit-PIDEV-3A16-2526-FARMIA\vendor\phpunit\phpunit\src\Framework\&lt;strong&gt;TestCase.php&lt;/strong&gt;
            &lt;/a&gt;
                        (line 1617)
            &lt;span class="icon icon-copy hidden" data-clipboard-text="C:\Users\sliti\Desktop\dev\esprit-PIDEV-3A16-2526-FARMIA\vendor\phpunit\phpunit\src\Framework\TestCase.php:1617"&gt;
                &lt;svg xmlns="http://www.w3.org/2000/svg" height="24" viewBox="0 0 24 24" width="24"&gt;&lt;path d="M0 0h24v24H0z" fill="none"/&gt;&lt;path d="M16 1H4c-1.1 0-2 .9-2 2v14h2V3h12V1zm3 4H8c-1.1 0-2 .9-2 2v14c0 1.1.9 2 2 2h11c1.1 0 2-.9 2-2V7c0-1.1-.9-2-2-2zm0 16H8V7h11v14z"/&gt;&lt;/svg&gt;            &lt;/span&gt;
        &lt;/span&gt;
    &lt;/div&gt;
    &lt;div id="trace-html-2-15" class="trace-code sf-toggle-content"&gt;
        &lt;ol start="1612"&gt;&lt;li&gt;&lt;code&gt;&lt;span style="color: var(--highlight-keyword)"&gt;&amp;nbsp;&amp;nbsp;&amp;nbsp;&amp;nbsp;&amp;nbsp;&amp;nbsp;&amp;nbsp;&amp;nbsp;&lt;/span&gt;&lt;span style="color: var(--highlight-default)"&gt;$testArguments&amp;nbsp;&lt;/span&gt;&lt;span style="color: var(--highlight-keyword)"&gt;=&amp;nbsp;&lt;/span&gt;&lt;span style="color: var(--highlight-default)"&gt;array_merge&lt;/span&gt;&lt;span style="color: var(--highlight-keyword)"&gt;(&lt;/span&gt;&lt;span style="color: var(--highlight-default)"&gt;$this&lt;/span&gt;&lt;span style="color: var(--highlight-keyword)"&gt;-&amp;gt;&lt;/span&gt;&lt;span style="color: var(--highlight-default)"&gt;data&lt;/span&gt;&lt;span style="color: var(--highlight-keyword)"&gt;,&amp;nbsp;&lt;/span&gt;&lt;span style="color: var(--highlight-default)"&gt;$this&lt;/span&gt;&lt;span style="color: var(--highlight-keyword)"&gt;-&amp;gt;&lt;/span&gt;&lt;span style="color: var(--highlight-default)"&gt;dependencyInput&lt;/span&gt;&lt;span style="color: var(--highlight-keyword)"&gt;);&lt;/span&gt;&lt;/code&gt;&lt;/li&gt;
&lt;li&gt;&lt;code&gt;&lt;span style="color: var(--highlight-keyword)"&gt;&lt;/span&gt;&lt;/code&gt;&lt;/li&gt;
&lt;li&gt;&lt;code&gt;&lt;span style="color: var(--highlight-keyword)"&gt;&amp;nbsp;&amp;nbsp;&amp;nbsp;&amp;nbsp;&amp;nbsp;&amp;nbsp;&amp;nbsp;&amp;nbsp;&lt;/span&gt;&lt;span style="color: var(--highlight-default)"&gt;$this&lt;/span&gt;&lt;span style="color: var(--highlight-keyword)"&gt;-&amp;gt;&lt;/span&gt;&lt;span style="color: var(--highlight-default)"&gt;registerMockObjectsFromTestArguments&lt;/span&gt;&lt;span style="color: var(--highlight-keyword)"&gt;(&lt;/span&gt;&lt;span style="color: var(--highlight-default)"&gt;$testArguments&lt;/span&gt;&lt;span style="color: var(--highlight-keyword)"&gt;);&lt;/span&gt;&lt;/code&gt;&lt;/li&gt;
&lt;li&gt;&lt;code&gt;&lt;span style="color: var(--highlight-keyword)"&gt;&lt;/span&gt;&lt;/code&gt;&lt;/li&gt;
&lt;li&gt;&lt;code&gt;&lt;span style="color: var(--highlight-keyword)"&gt;&amp;nbsp;&amp;nbsp;&amp;nbsp;&amp;nbsp;&amp;nbsp;&amp;nbsp;&amp;nbsp;&amp;nbsp;try&amp;nbsp;{&lt;/span&gt;&lt;/code&gt;&lt;/li&gt;
&lt;li class="selected"&gt;&lt;code&gt;&lt;span style="color: var(--highlight-keyword)"&gt;&amp;nbsp;&amp;nbsp;&amp;nbsp;&amp;nbsp;&amp;nbsp;&amp;nbsp;&amp;nbsp;&amp;nbsp;&amp;nbsp;&amp;nbsp;&amp;nbsp;&amp;nbsp;&lt;/span&gt;&lt;span style="color: var(--highlight-default)"&gt;$testResult&amp;nbsp;&lt;/span&gt;&lt;span style="color: var(--highlight-keyword)"&gt;=&amp;nbsp;&lt;/span&gt;&lt;span style="color: var(--highlight-default)"&gt;$this&lt;/span&gt;&lt;span style="color: var(--highlight-keyword)"&gt;-&amp;gt;{&lt;/span&gt;&lt;span style="color: var(--highlight-default)"&gt;$this&lt;/span&gt;&lt;span style="color: var(--highlight-keyword)"&gt;-&amp;gt;&lt;/span&gt;&lt;span style="color: var(--highlight-default)"&gt;name&lt;/span&gt;&lt;span style="color: var(--highlight-keyword)"&gt;}(...&lt;/span&gt;&lt;span style="color: var(--highlight-default)"&gt;array_values&lt;/span&gt;&lt;span style="color: var(--highlight-keyword)"&gt;(&lt;/span&gt;&lt;span style="color: var(--highlight-default)"&gt;$testArguments&lt;/span&gt;&lt;span style="color: var(--highlight-keyword)"&gt;));&lt;/span&gt;&lt;/code&gt;&lt;/li&gt;
&lt;li&gt;&lt;code&gt;&lt;span style="color: var(--highlight-keyword)"&gt;&amp;nbsp;&amp;nbsp;&amp;nbsp;&amp;nbsp;&amp;nbsp;&amp;nbsp;&amp;nbsp;&amp;nbsp;}&amp;nbsp;catch&amp;nbsp;(&lt;/span&gt;&lt;span style="color: var(--highlight-default)"&gt;Throwable&amp;nbsp;$exception&lt;/span&gt;&lt;span style="color: var(--highlight-keyword)"&gt;)&amp;nbsp;{&lt;/span&gt;&lt;/code&gt;&lt;/li&gt;
&lt;li&gt;&lt;code&gt;&lt;span style="color: var(--highlight-keyword)"&gt;&amp;nbsp;&amp;nbsp;&amp;nbsp;&amp;nbsp;&amp;nbsp;&amp;nbsp;&amp;nbsp;&amp;nbsp;&amp;nbsp;&amp;nbsp;&amp;nbsp;&amp;nbsp;if&amp;nbsp;(!&lt;/span&gt;&lt;span style="color: var(--highlight-default)"&gt;$this&lt;/span&gt;&lt;span style="color: var(--highlight-keyword)"&gt;-&amp;gt;&lt;/span&gt;&lt;span style="color: var(--highlight-default)"&gt;checkExceptionExpectations&lt;/span&gt;&lt;span style="color: var(--highlight-keyword)"&gt;(&lt;/span&gt;&lt;span style="color: var(--highlight-default)"&gt;$exception&lt;/span&gt;&lt;span style="color: var(--highlight-keyword)"&gt;))&amp;nbsp;{&lt;/span&gt;&lt;/code&gt;&lt;/li&gt;
&lt;li&gt;&lt;code&gt;&lt;span style="color: var(--highlight-keyword)"&gt;&amp;nbsp;&amp;nbsp;&amp;nbsp;&amp;nbsp;&amp;nbsp;&amp;nbsp;&amp;nbsp;&amp;nbsp;&amp;nbsp;&amp;nbsp;&amp;nbsp;&amp;nbsp;&amp;nbsp;&amp;nbsp;&amp;nbsp;&amp;nbsp;throw&amp;nbsp;&lt;/span&gt;&lt;span style="color: var(--highlight-default)"&gt;$exception&lt;/span&gt;&lt;span style="color: var(--highlight-keyword)"&gt;;&lt;/span&gt;&lt;/code&gt;&lt;/li&gt;
&lt;li&gt;&lt;code&gt;&lt;span style="color: var(--highlight-keyword)"&gt;&amp;nbsp;&amp;nbsp;&amp;nbsp;&amp;nbsp;&amp;nbsp;&amp;nbsp;&amp;nbsp;&amp;nbsp;&amp;nbsp;&amp;nbsp;&amp;nbsp;&amp;nbsp;}&lt;/span&gt;&lt;/code&gt;&lt;/li&gt;
&lt;li&gt;&lt;code&gt;&lt;span style="color: var(--highlight-keyword)"&gt;&lt;/span&gt;&lt;/code&gt;&lt;/li&gt;&lt;/ol&gt;    &lt;/div&gt;            &lt;/div&gt;
                        &lt;div class="trace-line "&gt;
                &lt;div class="trace-line-header break-long-words sf-toggle" data-toggle-selector="#trace-html-2-16" data-toggle-initial=""&gt;
            &lt;span class="icon icon-close"&gt;&lt;svg width="1792" height="1792" viewBox="0 0 1792 1792" xmlns="http://www.w3.org/2000/svg"&gt;&lt;path d="M1408 960V832q0-26-19-45t-45-19H448q-26 0-45 19t-19 45v128q0 26 19 45t45 19h896q26 0 45-19t19-45zm256-544v960q0 119-84.5 203.5T1376 1664H416q-119 0-203.5-84.5T128 1376V416q0-119 84.5-203.5T416 128h960q119 0 203.5 84.5T1664 416z"/&gt;&lt;/svg&gt;&lt;/span&gt;
        &lt;span class="icon icon-open"&gt;&lt;svg width="1792" height="1792" viewBox="0 0 1792 1792" xmlns="http://www.w3.org/2000/svg"&gt;&lt;path d="M1408 960V832q0-26-19-45t-45-19h-320V448q0-26-19-45t-45-19H832q-26 0-45 19t-19 45v320H448q-26 0-45 19t-19 45v128q0 26 19 45t45 19h320v320q0 26 19 45t45 19h128q26 0 45-19t19-45v-320h320q26 0 45-19t19-45zm256-544v960q0 119-84.5 203.5T1376 1664H416q-119 0-203.5-84.5T128 1376V416q0-119 84.5-203.5T416 128h960q119 0 203.5 84.5T1664 416z"/&gt;&lt;/svg&gt;&lt;/span&gt;
    
            &lt;span class="trace-class"&gt;&lt;abbr title="PHPUnit\Framework\TestCase"&gt;TestCase&lt;/abbr&gt;&lt;/span&gt;&lt;span class="trace-type"&gt;-&gt;&lt;/span&gt;&lt;span class="trace-method"&gt;runTest&lt;/span&gt;&lt;span class="trace-arguments"&gt;()&lt;/span&gt;    
                    &lt;span class="block trace-file-path"&gt;
            in
            &lt;a href="file://C:\Users\sliti\Desktop\dev\esprit-PIDEV-3A16-2526-FARMIA\vendor\phpunit\phpunit\src\Framework\TestCase.php#L1223"&gt;
                C:\Users\sliti\Desktop\dev\esprit-PIDEV-3A16-2526-FARMIA\vendor\phpunit\phpunit\src\Framework\&lt;strong&gt;TestCase.php&lt;/strong&gt;
            &lt;/a&gt;
                        (line 1223)
            &lt;span class="icon icon-copy hidden" data-clipboard-text="C:\Users\sliti\Desktop\dev\esprit-PIDEV-3A16-2526-FARMIA\vendor\phpunit\phpunit\src\Framework\TestCase.php:1223"&gt;
                &lt;svg xmlns="http://www.w3.org/2000/svg" height="24" viewBox="0 0 24 24" width="24"&gt;&lt;path d="M0 0h24v24H0z" fill="none"/&gt;&lt;path d="M16 1H4c-1.1 0-2 .9-2 2v14h2V3h12V1zm3 4H8c-1.1 0-2 .9-2 2v14c0 1.1.9 2 2 2h11c1.1 0 2-.9 2-2V7c0-1.1-.9-2-2-2zm0 16H8V7h11v14z"/&gt;&lt;/svg&gt;            &lt;/span&gt;
        &lt;/span&gt;
    &lt;/div&gt;
    &lt;div id="trace-html-2-16" class="trace-code sf-toggle-content"&gt;
        &lt;ol start="1218"&gt;&lt;li&gt;&lt;code&gt;&lt;span style="color: var(--highlight-keyword)"&gt;&lt;/span&gt;&lt;/code&gt;&lt;/li&gt;
&lt;li&gt;&lt;code&gt;&lt;span style="color: var(--highlight-keyword)"&gt;&amp;nbsp;&amp;nbsp;&amp;nbsp;&amp;nbsp;&amp;nbsp;&amp;nbsp;&amp;nbsp;&amp;nbsp;&amp;nbsp;&amp;nbsp;&amp;nbsp;&amp;nbsp;foreach&amp;nbsp;(&lt;/span&gt;&lt;span style="color: var(--highlight-default)"&gt;$hookMethods&lt;/span&gt;&lt;span style="color: var(--highlight-keyword)"&gt;[&lt;/span&gt;&lt;span style="color: var(--highlight-string)"&gt;'preCondition'&lt;/span&gt;&lt;span style="color: var(--highlight-keyword)"&gt;]&amp;nbsp;as&amp;nbsp;&lt;/span&gt;&lt;span style="color: var(--highlight-default)"&gt;$method&lt;/span&gt;&lt;span style="color: var(--highlight-keyword)"&gt;)&amp;nbsp;{&lt;/span&gt;&lt;/code&gt;&lt;/li&gt;
&lt;li&gt;&lt;code&gt;&lt;span style="color: var(--highlight-keyword)"&gt;&amp;nbsp;&amp;nbsp;&amp;nbsp;&amp;nbsp;&amp;nbsp;&amp;nbsp;&amp;nbsp;&amp;nbsp;&amp;nbsp;&amp;nbsp;&amp;nbsp;&amp;nbsp;&amp;nbsp;&amp;nbsp;&amp;nbsp;&amp;nbsp;&lt;/span&gt;&lt;span style="color: var(--highlight-default)"&gt;$this&lt;/span&gt;&lt;span style="color: var(--highlight-keyword)"&gt;-&amp;gt;{&lt;/span&gt;&lt;span style="color: var(--highlight-default)"&gt;$method&lt;/span&gt;&lt;span style="color: var(--highlight-keyword)"&gt;}();&lt;/span&gt;&lt;/code&gt;&lt;/li&gt;
&lt;li&gt;&lt;code&gt;&lt;span style="color: var(--highlight-keyword)"&gt;&amp;nbsp;&amp;nbsp;&amp;nbsp;&amp;nbsp;&amp;nbsp;&amp;nbsp;&amp;nbsp;&amp;nbsp;&amp;nbsp;&amp;nbsp;&amp;nbsp;&amp;nbsp;}&lt;/span&gt;&lt;/code&gt;&lt;/li&gt;
&lt;li&gt;&lt;code&gt;&lt;span style="color: var(--highlight-keyword)"&gt;&lt;/span&gt;&lt;/code&gt;&lt;/li&gt;
&lt;li class="selected"&gt;&lt;code&gt;&lt;span style="color: var(--highlight-keyword)"&gt;&amp;nbsp;&amp;nbsp;&amp;nbsp;&amp;nbsp;&amp;nbsp;&amp;nbsp;&amp;nbsp;&amp;nbsp;&amp;nbsp;&amp;nbsp;&amp;nbsp;&amp;nbsp;&lt;/span&gt;&lt;span style="color: var(--highlight-default)"&gt;$this&lt;/span&gt;&lt;span style="color: var(--highlight-keyword)"&gt;-&amp;gt;&lt;/span&gt;&lt;span style="color: var(--highlight-default)"&gt;testResult&amp;nbsp;&lt;/span&gt;&lt;span style="color: var(--highlight-keyword)"&gt;=&amp;nbsp;&lt;/span&gt;&lt;span style="color: var(--highlight-default)"&gt;$this&lt;/span&gt;&lt;span style="color: var(--highlight-keyword)"&gt;-&amp;gt;&lt;/span&gt;&lt;span style="color: var(--highlight-default)"&gt;runTest&lt;/span&gt;&lt;span style="color: var(--highlight-keyword)"&gt;();&lt;/span&gt;&lt;/code&gt;&lt;/li&gt;
&lt;li&gt;&lt;code&gt;&lt;span style="color: var(--highlight-keyword)"&gt;&amp;nbsp;&amp;nbsp;&amp;nbsp;&amp;nbsp;&amp;nbsp;&amp;nbsp;&amp;nbsp;&amp;nbsp;&amp;nbsp;&amp;nbsp;&amp;nbsp;&amp;nbsp;&lt;/span&gt;&lt;span style="color: var(--highlight-default)"&gt;$this&lt;/span&gt;&lt;span style="color: var(--highlight-keyword)"&gt;-&amp;gt;&lt;/span&gt;&lt;span style="color: var(--highlight-default)"&gt;verifyMockObjects&lt;/span&gt;&lt;span style="color: var(--highlight-keyword)"&gt;();&lt;/span&gt;&lt;/code&gt;&lt;/li&gt;
&lt;li&gt;&lt;code&gt;&lt;span style="color: var(--highlight-keyword)"&gt;&lt;/span&gt;&lt;/code&gt;&lt;/li&gt;
&lt;li&gt;&lt;code&gt;&lt;span style="color: var(--highlight-keyword)"&gt;&amp;nbsp;&amp;nbsp;&amp;nbsp;&amp;nbsp;&amp;nbsp;&amp;nbsp;&amp;nbsp;&amp;nbsp;&amp;nbsp;&amp;nbsp;&amp;nbsp;&amp;nbsp;foreach&amp;nbsp;(&lt;/span&gt;&lt;span style="color: var(--highlight-default)"&gt;$hookMethods&lt;/span&gt;&lt;span style="color: var(--highlight-keyword)"&gt;[&lt;/span&gt;&lt;span style="color: var(--highlight-string)"&gt;'postCondition'&lt;/span&gt;&lt;span style="color: var(--highlight-keyword)"&gt;]&amp;nbsp;as&amp;nbsp;&lt;/span&gt;&lt;span style="color: var(--highlight-default)"&gt;$method&lt;/span&gt;&lt;span style="color: var(--highlight-keyword)"&gt;)&amp;nbsp;{&lt;/span&gt;&lt;/code&gt;&lt;/li&gt;
&lt;li&gt;&lt;code&gt;&lt;span style="color: var(--highlight-keyword)"&gt;&amp;nbsp;&amp;nbsp;&amp;nbsp;&amp;nbsp;&amp;nbsp;&amp;nbsp;&amp;nbsp;&amp;nbsp;&amp;nbsp;&amp;nbsp;&amp;nbsp;&amp;nbsp;&amp;nbsp;&amp;nbsp;&amp;nbsp;&amp;nbsp;&lt;/span&gt;&lt;span style="color: var(--highlight-default)"&gt;$this&lt;/span&gt;&lt;span style="color: var(--highlight-keyword)"&gt;-&amp;gt;{&lt;/span&gt;&lt;span style="color: var(--highlight-default)"&gt;$method&lt;/span&gt;&lt;span style="color: var(--highlight-keyword)"&gt;}();&lt;/span&gt;&lt;/code&gt;&lt;/li&gt;
&lt;li&gt;&lt;code&gt;&lt;span style="color: var(--highlight-keyword)"&gt;&amp;nbsp;&amp;nbsp;&amp;nbsp;&amp;nbsp;&amp;nbsp;&amp;nbsp;&amp;nbsp;&amp;nbsp;&amp;nbsp;&amp;nbsp;&amp;nbsp;&amp;nbsp;}&lt;/span&gt;&lt;/code&gt;&lt;/li&gt;&lt;/ol&gt;    &lt;/div&gt;            &lt;/div&gt;
                        &lt;div class="trace-line "&gt;
                &lt;div class="trace-line-header break-long-words sf-toggle" data-toggle-selector="#trace-html-2-17" data-toggle-initial=""&gt;
            &lt;span class="icon icon-close"&gt;&lt;svg width="1792" height="1792" viewBox="0 0 1792 1792" xmlns="http://www.w3.org/2000/svg"&gt;&lt;path d="M1408 960V832q0-26-19-45t-45-19H448q-26 0-45 19t-19 45v128q0 26 19 45t45 19h896q26 0 45-19t19-45zm256-544v960q0 119-84.5 203.5T1376 1664H416q-119 0-203.5-84.5T128 1376V416q0-119 84.5-203.5T416 128h960q119 0 203.5 84.5T1664 416z"/&gt;&lt;/svg&gt;&lt;/span&gt;
        &lt;span class="icon icon-open"&gt;&lt;svg width="1792" height="1792" viewBox="0 0 1792 1792" xmlns="http://www.w3.org/2000/svg"&gt;&lt;path d="M1408 960V832q0-26-19-45t-45-19h-320V448q0-26-19-45t-45-19H832q-26 0-45 19t-19 45v320H448q-26 0-45 19t-19 45v128q0 26 19 45t45 19h320v320q0 26 19 45t45 19h128q26 0 45-19t19-45v-320h320q26 0 45-19t19-45zm256-544v960q0 119-84.5 203.5T1376 1664H416q-119 0-203.5-84.5T128 1376V416q0-119 84.5-203.5T416 128h960q119 0 203.5 84.5T1664 416z"/&gt;&lt;/svg&gt;&lt;/span&gt;
    
            &lt;span class="trace-class"&gt;&lt;abbr title="PHPUnit\Framework\TestCase"&gt;TestCase&lt;/abbr&gt;&lt;/span&gt;&lt;span class="trace-type"&gt;-&gt;&lt;/span&gt;&lt;span class="trace-method"&gt;runBare&lt;/span&gt;&lt;span class="trace-arguments"&gt;()&lt;/span&gt;    
                    &lt;span class="block trace-file-path"&gt;
            in
            &lt;a href="file://C:\Users\sliti\Desktop\dev\esprit-PIDEV-3A16-2526-FARMIA\vendor\phpunit\phpunit\src\Framework\TestResult.php#L729"&gt;
                C:\Users\sliti\Desktop\dev\esprit-PIDEV-3A16-2526-FARMIA\vendor\phpunit\phpunit\src\Framework\&lt;strong&gt;TestResult.php&lt;/strong&gt;
            &lt;/a&gt;
                        (line 729)
            &lt;span class="icon icon-copy hidden" data-clipboard-text="C:\Users\sliti\Desktop\dev\esprit-PIDEV-3A16-2526-FARMIA\vendor\phpunit\phpunit\src\Framework\TestResult.php:729"&gt;
                &lt;svg xmlns="http://www.w3.org/2000/svg" height="24" viewBox="0 0 24 24" width="24"&gt;&lt;path d="M0 0h24v24H0z" fill="none"/&gt;&lt;path d="M16 1H4c-1.1 0-2 .9-2 2v14h2V3h12V1zm3 4H8c-1.1 0-2 .9-2 2v14c0 1.1.9 2 2 2h11c1.1 0 2-.9 2-2V7c0-1.1-.9-2-2-2zm0 16H8V7h11v14z"/&gt;&lt;/svg&gt;            &lt;/span&gt;
        &lt;/span&gt;
    &lt;/div&gt;
    &lt;div id="trace-html-2-17" class="trace-code sf-toggle-content"&gt;
        &lt;ol start="724"&gt;&lt;li&gt;&lt;code&gt;&lt;span style="color: var(--highlight-keyword)"&gt;&amp;nbsp;&amp;nbsp;&amp;nbsp;&amp;nbsp;&amp;nbsp;&amp;nbsp;&amp;nbsp;&amp;nbsp;&amp;nbsp;&amp;nbsp;&amp;nbsp;&amp;nbsp;&amp;nbsp;&amp;nbsp;&amp;nbsp;&amp;nbsp;&amp;nbsp;&amp;nbsp;&amp;nbsp;&amp;nbsp;&amp;nbsp;&amp;nbsp;&amp;nbsp;&amp;nbsp;&lt;/span&gt;&lt;span style="color: var(--highlight-default)"&gt;$_timeout&amp;nbsp;&lt;/span&gt;&lt;span style="color: var(--highlight-keyword)"&gt;=&amp;nbsp;&lt;/span&gt;&lt;span style="color: var(--highlight-default)"&gt;$this&lt;/span&gt;&lt;span style="color: var(--highlight-keyword)"&gt;-&amp;gt;&lt;/span&gt;&lt;span style="color: var(--highlight-default)"&gt;defaultTimeLimit&lt;/span&gt;&lt;span style="color: var(--highlight-keyword)"&gt;;&lt;/span&gt;&lt;/code&gt;&lt;/li&gt;
&lt;li&gt;&lt;code&gt;&lt;span style="color: var(--highlight-keyword)"&gt;&amp;nbsp;&amp;nbsp;&amp;nbsp;&amp;nbsp;&amp;nbsp;&amp;nbsp;&amp;nbsp;&amp;nbsp;&amp;nbsp;&amp;nbsp;&amp;nbsp;&amp;nbsp;&amp;nbsp;&amp;nbsp;&amp;nbsp;&amp;nbsp;}&lt;/span&gt;&lt;/code&gt;&lt;/li&gt;
&lt;li&gt;&lt;code&gt;&lt;span style="color: var(--highlight-keyword)"&gt;&lt;/span&gt;&lt;/code&gt;&lt;/li&gt;
&lt;li&gt;&lt;code&gt;&lt;span style="color: var(--highlight-keyword)"&gt;&amp;nbsp;&amp;nbsp;&amp;nbsp;&amp;nbsp;&amp;nbsp;&amp;nbsp;&amp;nbsp;&amp;nbsp;&amp;nbsp;&amp;nbsp;&amp;nbsp;&amp;nbsp;&amp;nbsp;&amp;nbsp;&amp;nbsp;&amp;nbsp;&lt;/span&gt;&lt;span style="color: var(--highlight-default)"&gt;$invoker&lt;/span&gt;&lt;span style="color: var(--highlight-keyword)"&gt;-&amp;gt;&lt;/span&gt;&lt;span style="color: var(--highlight-default)"&gt;invoke&lt;/span&gt;&lt;span style="color: var(--highlight-keyword)"&gt;([&lt;/span&gt;&lt;span style="color: var(--highlight-default)"&gt;$test&lt;/span&gt;&lt;span style="color: var(--highlight-keyword)"&gt;,&amp;nbsp;&lt;/span&gt;&lt;span style="color: var(--highlight-string)"&gt;'runBare'&lt;/span&gt;&lt;span style="color: var(--highlight-keyword)"&gt;],&amp;nbsp;[],&amp;nbsp;&lt;/span&gt;&lt;span style="color: var(--highlight-default)"&gt;$_timeout&lt;/span&gt;&lt;span style="color: var(--highlight-keyword)"&gt;);&lt;/span&gt;&lt;/code&gt;&lt;/li&gt;
&lt;li&gt;&lt;code&gt;&lt;span style="color: var(--highlight-keyword)"&gt;&amp;nbsp;&amp;nbsp;&amp;nbsp;&amp;nbsp;&amp;nbsp;&amp;nbsp;&amp;nbsp;&amp;nbsp;&amp;nbsp;&amp;nbsp;&amp;nbsp;&amp;nbsp;}&amp;nbsp;else&amp;nbsp;{&lt;/span&gt;&lt;/code&gt;&lt;/li&gt;
&lt;li class="selected"&gt;&lt;code&gt;&lt;span style="color: var(--highlight-keyword)"&gt;&amp;nbsp;&amp;nbsp;&amp;nbsp;&amp;nbsp;&amp;nbsp;&amp;nbsp;&amp;nbsp;&amp;nbsp;&amp;nbsp;&amp;nbsp;&amp;nbsp;&amp;nbsp;&amp;nbsp;&amp;nbsp;&amp;nbsp;&amp;nbsp;&lt;/span&gt;&lt;span style="color: var(--highlight-default)"&gt;$test&lt;/span&gt;&lt;span style="color: var(--highlight-keyword)"&gt;-&amp;gt;&lt;/span&gt;&lt;span style="color: var(--highlight-default)"&gt;runBare&lt;/span&gt;&lt;span style="color: var(--highlight-keyword)"&gt;();&lt;/span&gt;&lt;/code&gt;&lt;/li&gt;
&lt;li&gt;&lt;code&gt;&lt;span style="color: var(--highlight-keyword)"&gt;&amp;nbsp;&amp;nbsp;&amp;nbsp;&amp;nbsp;&amp;nbsp;&amp;nbsp;&amp;nbsp;&amp;nbsp;&amp;nbsp;&amp;nbsp;&amp;nbsp;&amp;nbsp;}&lt;/span&gt;&lt;/code&gt;&lt;/li&gt;
&lt;li&gt;&lt;code&gt;&lt;span style="color: var(--highlight-keyword)"&gt;&amp;nbsp;&amp;nbsp;&amp;nbsp;&amp;nbsp;&amp;nbsp;&amp;nbsp;&amp;nbsp;&amp;nbsp;}&amp;nbsp;catch&amp;nbsp;(&lt;/span&gt;&lt;span style="color: var(--highlight-default)"&gt;TimeoutException&amp;nbsp;$e&lt;/span&gt;&lt;span style="color: var(--highlight-keyword)"&gt;)&amp;nbsp;{&lt;/span&gt;&lt;/code&gt;&lt;/li&gt;
&lt;li&gt;&lt;code&gt;&lt;span style="color: var(--highlight-keyword)"&gt;&amp;nbsp;&amp;nbsp;&amp;nbsp;&amp;nbsp;&amp;nbsp;&amp;nbsp;&amp;nbsp;&amp;nbsp;&amp;nbsp;&amp;nbsp;&amp;nbsp;&amp;nbsp;&lt;/span&gt;&lt;span style="color: var(--highlight-default)"&gt;$this&lt;/span&gt;&lt;span style="color: var(--highlight-keyword)"&gt;-&amp;gt;&lt;/span&gt;&lt;span style="color: var(--highlight-default)"&gt;addFailure&lt;/span&gt;&lt;span style="color: var(--highlight-keyword)"&gt;(&lt;/span&gt;&lt;/code&gt;&lt;/li&gt;
&lt;li&gt;&lt;code&gt;&lt;span style="color: var(--highlight-keyword)"&gt;&amp;nbsp;&amp;nbsp;&amp;nbsp;&amp;nbsp;&amp;nbsp;&amp;nbsp;&amp;nbsp;&amp;nbsp;&amp;nbsp;&amp;nbsp;&amp;nbsp;&amp;nbsp;&amp;nbsp;&amp;nbsp;&amp;nbsp;&amp;nbsp;&lt;/span&gt;&lt;span style="color: var(--highlight-default)"&gt;$test&lt;/span&gt;&lt;span style="color: var(--highlight-keyword)"&gt;,&lt;/span&gt;&lt;/code&gt;&lt;/li&gt;
&lt;li&gt;&lt;code&gt;&lt;span style="color: var(--highlight-keyword)"&gt;&amp;nbsp;&amp;nbsp;&amp;nbsp;&amp;nbsp;&amp;nbsp;&amp;nbsp;&amp;nbsp;&amp;nbsp;&amp;nbsp;&amp;nbsp;&amp;nbsp;&amp;nbsp;&amp;nbsp;&amp;nbsp;&amp;nbsp;&amp;nbsp;new&amp;nbsp;&lt;/span&gt;&lt;span style="color: var(--highlight-default)"&gt;RiskyTestError&lt;/span&gt;&lt;span style="color: var(--highlight-keyword)"&gt;(&lt;/span&gt;&lt;/code&gt;&lt;/li&gt;&lt;/ol&gt;    &lt;/div&gt;            &lt;/div&gt;
                        &lt;div class="trace-line "&gt;
                &lt;div class="trace-line-header break-long-words sf-toggle" data-toggle-selector="#trace-html-2-18" data-toggle-initial=""&gt;
            &lt;span class="icon icon-close"&gt;&lt;svg width="1792" height="1792" viewBox="0 0 1792 1792" xmlns="http://www.w3.org/2000/svg"&gt;&lt;path d="M1408 960V832q0-26-19-45t-45-19H448q-26 0-45 19t-19 45v128q0 26 19 45t45 19h896q26 0 45-19t19-45zm256-544v960q0 119-84.5 203.5T1376 1664H416q-119 0-203.5-84.5T128 1376V416q0-119 84.5-203.5T416 128h960q119 0 203.5 84.5T1664 416z"/&gt;&lt;/svg&gt;&lt;/span&gt;
        &lt;span class="icon icon-open"&gt;&lt;svg width="1792" height="1792" viewBox="0 0 1792 1792" xmlns="http://www.w3.org/2000/svg"&gt;&lt;path d="M1408 960V832q0-26-19-45t-45-19h-320V448q0-26-19-45t-45-19H832q-26 0-45 19t-19 45v320H448q-26 0-45 19t-19 45v128q0 26 19 45t45 19h320v320q0 26 19 45t45 19h128q26 0 45-19t19-45v-320h320q26 0 45-19t19-45zm256-544v960q0 119-84.5 203.5T1376 1664H416q-119 0-203.5-84.5T128 1376V416q0-119 84.5-203.5T416 128h960q119 0 203.5 84.5T1664 416z"/&gt;&lt;/svg&gt;&lt;/span&gt;
    
            &lt;span class="trace-class"&gt;&lt;abbr title="PHPUnit\Framework\TestResult"&gt;TestResult&lt;/abbr&gt;&lt;/span&gt;&lt;span class="trace-type"&gt;-&gt;&lt;/span&gt;&lt;span class="trace-method"&gt;run&lt;/span&gt;&lt;span class="trace-arguments"&gt;(&lt;em&gt;object&lt;/em&gt;(&lt;abbr title="App\Tests\Functional\Controller\ExpertAnalyseControllerTest"&gt;ExpertAnalyseControllerTest&lt;/abbr&gt;))&lt;/span&gt;    
                    &lt;span class="block trace-file-path"&gt;
            in
            &lt;a href="file://C:\Users\sliti\Desktop\dev\esprit-PIDEV-3A16-2526-FARMIA\vendor\phpunit\phpunit\src\Framework\TestCase.php#L973"&gt;
                C:\Users\sliti\Desktop\dev\esprit-PIDEV-3A16-2526-FARMIA\vendor\phpunit\phpunit\src\Framework\&lt;strong&gt;TestCase.php&lt;/strong&gt;
            &lt;/a&gt;
                        (line 973)
            &lt;span class="icon icon-copy hidden" data-clipboard-text="C:\Users\sliti\Desktop\dev\esprit-PIDEV-3A16-2526-FARMIA\vendor\phpunit\phpunit\src\Framework\TestCase.php:973"&gt;
                &lt;svg xmlns="http://www.w3.org/2000/svg" height="24" viewBox="0 0 24 24" width="24"&gt;&lt;path d="M0 0h24v24H0z" fill="none"/&gt;&lt;path d="M16 1H4c-1.1 0-2 .9-2 2v14h2V3h12V1zm3 4H8c-1.1 0-2 .9-2 2v14c0 1.1.9 2 2 2h11c1.1 0 2-.9 2-2V7c0-1.1-.9-2-2-2zm0 16H8V7h11v14z"/&gt;&lt;/svg&gt;            &lt;/span&gt;
        &lt;/span&gt;
    &lt;/div&gt;
    &lt;div id="trace-html-2-18" class="trace-code sf-toggle-content"&gt;
        &lt;ol start="968"&gt;&lt;li&gt;&lt;code&gt;&lt;span style="color: var(--highlight-keyword)"&gt;&amp;nbsp;&amp;nbsp;&amp;nbsp;&amp;nbsp;&amp;nbsp;&amp;nbsp;&amp;nbsp;&amp;nbsp;&amp;nbsp;&amp;nbsp;&amp;nbsp;&amp;nbsp;&lt;/span&gt;&lt;span style="color: var(--highlight-default)"&gt;$template&lt;/span&gt;&lt;span style="color: var(--highlight-keyword)"&gt;-&amp;gt;&lt;/span&gt;&lt;span style="color: var(--highlight-default)"&gt;setVar&lt;/span&gt;&lt;span style="color: var(--highlight-keyword)"&gt;(&lt;/span&gt;&lt;span style="color: var(--highlight-default)"&gt;$var&lt;/span&gt;&lt;span style="color: var(--highlight-keyword)"&gt;);&lt;/span&gt;&lt;/code&gt;&lt;/li&gt;
&lt;li&gt;&lt;code&gt;&lt;span style="color: var(--highlight-keyword)"&gt;&lt;/span&gt;&lt;/code&gt;&lt;/li&gt;
&lt;li&gt;&lt;code&gt;&lt;span style="color: var(--highlight-keyword)"&gt;&amp;nbsp;&amp;nbsp;&amp;nbsp;&amp;nbsp;&amp;nbsp;&amp;nbsp;&amp;nbsp;&amp;nbsp;&amp;nbsp;&amp;nbsp;&amp;nbsp;&amp;nbsp;&lt;/span&gt;&lt;span style="color: var(--highlight-default)"&gt;$php&amp;nbsp;&lt;/span&gt;&lt;span style="color: var(--highlight-keyword)"&gt;=&amp;nbsp;&lt;/span&gt;&lt;span style="color: var(--highlight-default)"&gt;AbstractPhpProcess&lt;/span&gt;&lt;span style="color: var(--highlight-keyword)"&gt;::&lt;/span&gt;&lt;span style="color: var(--highlight-default)"&gt;factory&lt;/span&gt;&lt;span style="color: var(--highlight-keyword)"&gt;();&lt;/span&gt;&lt;/code&gt;&lt;/li&gt;
&lt;li&gt;&lt;code&gt;&lt;span style="color: var(--highlight-keyword)"&gt;&amp;nbsp;&amp;nbsp;&amp;nbsp;&amp;nbsp;&amp;nbsp;&amp;nbsp;&amp;nbsp;&amp;nbsp;&amp;nbsp;&amp;nbsp;&amp;nbsp;&amp;nbsp;&lt;/span&gt;&lt;span style="color: var(--highlight-default)"&gt;$php&lt;/span&gt;&lt;span style="color: var(--highlight-keyword)"&gt;-&amp;gt;&lt;/span&gt;&lt;span style="color: var(--highlight-default)"&gt;runTestJob&lt;/span&gt;&lt;span style="color: var(--highlight-keyword)"&gt;(&lt;/span&gt;&lt;span style="color: var(--highlight-default)"&gt;$template&lt;/span&gt;&lt;span style="color: var(--highlight-keyword)"&gt;-&amp;gt;&lt;/span&gt;&lt;span style="color: var(--highlight-default)"&gt;render&lt;/span&gt;&lt;span style="color: var(--highlight-keyword)"&gt;(),&amp;nbsp;&lt;/span&gt;&lt;span style="color: var(--highlight-default)"&gt;$this&lt;/span&gt;&lt;span style="color: var(--highlight-keyword)"&gt;,&amp;nbsp;&lt;/span&gt;&lt;span style="color: var(--highlight-default)"&gt;$result&lt;/span&gt;&lt;span style="color: var(--highlight-keyword)"&gt;,&amp;nbsp;&lt;/span&gt;&lt;span style="color: var(--highlight-default)"&gt;$processResultFile&lt;/span&gt;&lt;span style="color: var(--highlight-keyword)"&gt;);&lt;/span&gt;&lt;/code&gt;&lt;/li&gt;
&lt;li&gt;&lt;code&gt;&lt;span style="color: var(--highlight-keyword)"&gt;&amp;nbsp;&amp;nbsp;&amp;nbsp;&amp;nbsp;&amp;nbsp;&amp;nbsp;&amp;nbsp;&amp;nbsp;}&amp;nbsp;else&amp;nbsp;{&lt;/span&gt;&lt;/code&gt;&lt;/li&gt;
&lt;li class="selected"&gt;&lt;code&gt;&lt;span style="color: var(--highlight-keyword)"&gt;&amp;nbsp;&amp;nbsp;&amp;nbsp;&amp;nbsp;&amp;nbsp;&amp;nbsp;&amp;nbsp;&amp;nbsp;&amp;nbsp;&amp;nbsp;&amp;nbsp;&amp;nbsp;&lt;/span&gt;&lt;span style="color: var(--highlight-default)"&gt;$result&lt;/span&gt;&lt;span style="color: var(--highlight-keyword)"&gt;-&amp;gt;&lt;/span&gt;&lt;span style="color: var(--highlight-default)"&gt;run&lt;/span&gt;&lt;span style="color: var(--highlight-keyword)"&gt;(&lt;/span&gt;&lt;span style="color: var(--highlight-default)"&gt;$this&lt;/span&gt;&lt;span style="color: var(--highlight-keyword)"&gt;);&lt;/span&gt;&lt;/code&gt;&lt;/li&gt;
&lt;li&gt;&lt;code&gt;&lt;span style="color: var(--highlight-keyword)"&gt;&amp;nbsp;&amp;nbsp;&amp;nbsp;&amp;nbsp;&amp;nbsp;&amp;nbsp;&amp;nbsp;&amp;nbsp;}&lt;/span&gt;&lt;/code&gt;&lt;/li&gt;
&lt;li&gt;&lt;code&gt;&lt;span style="color: var(--highlight-keyword)"&gt;&lt;/span&gt;&lt;/code&gt;&lt;/li&gt;
&lt;li&gt;&lt;code&gt;&lt;span style="color: var(--highlight-keyword)"&gt;&amp;nbsp;&amp;nbsp;&amp;nbsp;&amp;nbsp;&amp;nbsp;&amp;nbsp;&amp;nbsp;&amp;nbsp;&lt;/span&gt;&lt;span style="color: var(--highlight-default)"&gt;$this&lt;/span&gt;&lt;span style="color: var(--highlight-keyword)"&gt;-&amp;gt;&lt;/span&gt;&lt;span style="color: var(--highlight-default)"&gt;result&amp;nbsp;&lt;/span&gt;&lt;span style="color: var(--highlight-keyword)"&gt;=&amp;nbsp;&lt;/span&gt;&lt;span style="color: var(--highlight-default)"&gt;null&lt;/span&gt;&lt;span style="color: var(--highlight-keyword)"&gt;;&lt;/span&gt;&lt;/code&gt;&lt;/li&gt;
&lt;li&gt;&lt;code&gt;&lt;span style="color: var(--highlight-keyword)"&gt;&lt;/span&gt;&lt;/code&gt;&lt;/li&gt;
&lt;li&gt;&lt;code&gt;&lt;span style="color: var(--highlight-keyword)"&gt;&amp;nbsp;&amp;nbsp;&amp;nbsp;&amp;nbsp;&amp;nbsp;&amp;nbsp;&amp;nbsp;&amp;nbsp;return&amp;nbsp;&lt;/span&gt;&lt;span style="color: var(--highlight-default)"&gt;$result&lt;/span&gt;&lt;span style="color: var(--highlight-keyword)"&gt;;&lt;/span&gt;&lt;/code&gt;&lt;/li&gt;&lt;/ol&gt;    &lt;/div&gt;            &lt;/div&gt;
                        &lt;div class="trace-line "&gt;
                &lt;div class="trace-line-header break-long-words sf-toggle" data-toggle-selector="#trace-html-2-19" data-toggle-initial=""&gt;
            &lt;span class="icon icon-close"&gt;&lt;svg width="1792" height="1792" viewBox="0 0 1792 1792" xmlns="http://www.w3.org/2000/svg"&gt;&lt;path d="M1408 960V832q0-26-19-45t-45-19H448q-26 0-45 19t-19 45v128q0 26 19 45t45 19h896q26 0 45-19t19-45zm256-544v960q0 119-84.5 203.5T1376 1664H416q-119 0-203.5-84.5T128 1376V416q0-119 84.5-203.5T416 128h960q119 0 203.5 84.5T1664 416z"/&gt;&lt;/svg&gt;&lt;/span&gt;
        &lt;span class="icon icon-open"&gt;&lt;svg width="1792" height="1792" viewBox="0 0 1792 1792" xmlns="http://www.w3.org/2000/svg"&gt;&lt;path d="M1408 960V832q0-26-19-45t-45-19h-320V448q0-26-19-45t-45-19H832q-26 0-45 19t-19 45v320H448q-26 0-45 19t-19 45v128q0 26 19 45t45 19h320v320q0 26 19 45t45 19h128q26 0 45-19t19-45v-320h320q26 0 45-19t19-45zm256-544v960q0 119-84.5 203.5T1376 1664H416q-119 0-203.5-84.5T128 1376V416q0-119 84.5-203.5T416 128h960q119 0 203.5 84.5T1664 416z"/&gt;&lt;/svg&gt;&lt;/span&gt;
    
            &lt;span class="trace-class"&gt;&lt;abbr title="PHPUnit\Framework\TestCase"&gt;TestCase&lt;/abbr&gt;&lt;/span&gt;&lt;span class="trace-type"&gt;-&gt;&lt;/span&gt;&lt;span class="trace-method"&gt;run&lt;/span&gt;&lt;span class="trace-arguments"&gt;(&lt;em&gt;object&lt;/em&gt;(&lt;abbr title="PHPUnit\Framework\TestResult"&gt;TestResult&lt;/abbr&gt;))&lt;/span&gt;    
                    &lt;span class="block trace-file-path"&gt;
            in
            &lt;a href="file://C:\Users\sliti\Desktop\dev\esprit-PIDEV-3A16-2526-FARMIA\vendor\phpunit\phpunit\src\Framework\TestSuite.php#L685"&gt;
                C:\Users\sliti\Desktop\dev\esprit-PIDEV-3A16-2526-FARMIA\vendor\phpunit\phpunit\src\Framework\&lt;strong&gt;TestSuite.php&lt;/strong&gt;
            &lt;/a&gt;
                        (line 685)
            &lt;span class="icon icon-copy hidden" data-clipboard-text="C:\Users\sliti\Desktop\dev\esprit-PIDEV-3A16-2526-FARMIA\vendor\phpunit\phpunit\src\Framework\TestSuite.php:685"&gt;
                &lt;svg xmlns="http://www.w3.org/2000/svg" height="24" viewBox="0 0 24 24" width="24"&gt;&lt;path d="M0 0h24v24H0z" fill="none"/&gt;&lt;path d="M16 1H4c-1.1 0-2 .9-2 2v14h2V3h12V1zm3 4H8c-1.1 0-2 .9-2 2v14c0 1.1.9 2 2 2h11c1.1 0 2-.9 2-2V7c0-1.1-.9-2-2-2zm0 16H8V7h11v14z"/&gt;&lt;/svg&gt;            &lt;/span&gt;
        &lt;/span&gt;
    &lt;/div&gt;
    &lt;div id="trace-html-2-19" class="trace-code sf-toggle-content"&gt;
        &lt;ol start="680"&gt;&lt;li&gt;&lt;code&gt;&lt;span style="color: var(--highlight-keyword)"&gt;&amp;nbsp;&amp;nbsp;&amp;nbsp;&amp;nbsp;&amp;nbsp;&amp;nbsp;&amp;nbsp;&amp;nbsp;&amp;nbsp;&amp;nbsp;&amp;nbsp;&amp;nbsp;&amp;nbsp;&amp;nbsp;&amp;nbsp;&amp;nbsp;&lt;/span&gt;&lt;span style="color: var(--highlight-default)"&gt;$test&lt;/span&gt;&lt;span style="color: var(--highlight-keyword)"&gt;-&amp;gt;&lt;/span&gt;&lt;span style="color: var(--highlight-default)"&gt;setBackupGlobals&lt;/span&gt;&lt;span style="color: var(--highlight-keyword)"&gt;(&lt;/span&gt;&lt;span style="color: var(--highlight-default)"&gt;$this&lt;/span&gt;&lt;span style="color: var(--highlight-keyword)"&gt;-&amp;gt;&lt;/span&gt;&lt;span style="color: var(--highlight-default)"&gt;backupGlobals&lt;/span&gt;&lt;span style="color: var(--highlight-keyword)"&gt;);&lt;/span&gt;&lt;/code&gt;&lt;/li&gt;
&lt;li&gt;&lt;code&gt;&lt;span style="color: var(--highlight-keyword)"&gt;&amp;nbsp;&amp;nbsp;&amp;nbsp;&amp;nbsp;&amp;nbsp;&amp;nbsp;&amp;nbsp;&amp;nbsp;&amp;nbsp;&amp;nbsp;&amp;nbsp;&amp;nbsp;&amp;nbsp;&amp;nbsp;&amp;nbsp;&amp;nbsp;&lt;/span&gt;&lt;span style="color: var(--highlight-default)"&gt;$test&lt;/span&gt;&lt;span style="color: var(--highlight-keyword)"&gt;-&amp;gt;&lt;/span&gt;&lt;span style="color: var(--highlight-default)"&gt;setBackupStaticAttributes&lt;/span&gt;&lt;span style="color: var(--highlight-keyword)"&gt;(&lt;/span&gt;&lt;span style="color: var(--highlight-default)"&gt;$this&lt;/span&gt;&lt;span style="color: var(--highlight-keyword)"&gt;-&amp;gt;&lt;/span&gt;&lt;span style="color: var(--highlight-default)"&gt;backupStaticAttributes&lt;/span&gt;&lt;span style="color: var(--highlight-keyword)"&gt;);&lt;/span&gt;&lt;/code&gt;&lt;/li&gt;
&lt;li&gt;&lt;code&gt;&lt;span style="color: var(--highlight-keyword)"&gt;&amp;nbsp;&amp;nbsp;&amp;nbsp;&amp;nbsp;&amp;nbsp;&amp;nbsp;&amp;nbsp;&amp;nbsp;&amp;nbsp;&amp;nbsp;&amp;nbsp;&amp;nbsp;&amp;nbsp;&amp;nbsp;&amp;nbsp;&amp;nbsp;&lt;/span&gt;&lt;span style="color: var(--highlight-default)"&gt;$test&lt;/span&gt;&lt;span style="color: var(--highlight-keyword)"&gt;-&amp;gt;&lt;/span&gt;&lt;span style="color: var(--highlight-default)"&gt;setRunTestInSeparateProcess&lt;/span&gt;&lt;span style="color: var(--highlight-keyword)"&gt;(&lt;/span&gt;&lt;span style="color: var(--highlight-default)"&gt;$this&lt;/span&gt;&lt;span style="color: var(--highlight-keyword)"&gt;-&amp;gt;&lt;/span&gt;&lt;span style="color: var(--highlight-default)"&gt;runTestInSeparateProcess&lt;/span&gt;&lt;span style="color: var(--highlight-keyword)"&gt;);&lt;/span&gt;&lt;/code&gt;&lt;/li&gt;
&lt;li&gt;&lt;code&gt;&lt;span style="color: var(--highlight-keyword)"&gt;&amp;nbsp;&amp;nbsp;&amp;nbsp;&amp;nbsp;&amp;nbsp;&amp;nbsp;&amp;nbsp;&amp;nbsp;&amp;nbsp;&amp;nbsp;&amp;nbsp;&amp;nbsp;}&lt;/span&gt;&lt;/code&gt;&lt;/li&gt;
&lt;li&gt;&lt;code&gt;&lt;span style="color: var(--highlight-keyword)"&gt;&lt;/span&gt;&lt;/code&gt;&lt;/li&gt;
&lt;li class="selected"&gt;&lt;code&gt;&lt;span style="color: var(--highlight-keyword)"&gt;&amp;nbsp;&amp;nbsp;&amp;nbsp;&amp;nbsp;&amp;nbsp;&amp;nbsp;&amp;nbsp;&amp;nbsp;&amp;nbsp;&amp;nbsp;&amp;nbsp;&amp;nbsp;&lt;/span&gt;&lt;span style="color: var(--highlight-default)"&gt;$test&lt;/span&gt;&lt;span style="color: var(--highlight-keyword)"&gt;-&amp;gt;&lt;/span&gt;&lt;span style="color: var(--highlight-default)"&gt;run&lt;/span&gt;&lt;span style="color: var(--highlight-keyword)"&gt;(&lt;/span&gt;&lt;span style="color: var(--highlight-default)"&gt;$result&lt;/span&gt;&lt;span style="color: var(--highlight-keyword)"&gt;);&lt;/span&gt;&lt;/code&gt;&lt;/li&gt;
&lt;li&gt;&lt;code&gt;&lt;span style="color: var(--highlight-keyword)"&gt;&amp;nbsp;&amp;nbsp;&amp;nbsp;&amp;nbsp;&amp;nbsp;&amp;nbsp;&amp;nbsp;&amp;nbsp;}&lt;/span&gt;&lt;/code&gt;&lt;/li&gt;
&lt;li&gt;&lt;code&gt;&lt;span style="color: var(--highlight-keyword)"&gt;&lt;/span&gt;&lt;/code&gt;&lt;/li&gt;
&lt;li&gt;&lt;code&gt;&lt;span style="color: var(--highlight-keyword)"&gt;&amp;nbsp;&amp;nbsp;&amp;nbsp;&amp;nbsp;&amp;nbsp;&amp;nbsp;&amp;nbsp;&amp;nbsp;if&amp;nbsp;(&lt;/span&gt;&lt;span style="color: var(--highlight-default)"&gt;$this&lt;/span&gt;&lt;span style="color: var(--highlight-keyword)"&gt;-&amp;gt;&lt;/span&gt;&lt;span style="color: var(--highlight-default)"&gt;testCase&amp;nbsp;&lt;/span&gt;&lt;span style="color: var(--highlight-keyword)"&gt;&amp;amp;&amp;amp;&amp;nbsp;&lt;/span&gt;&lt;span style="color: var(--highlight-default)"&gt;class_exists&lt;/span&gt;&lt;span style="color: var(--highlight-keyword)"&gt;(&lt;/span&gt;&lt;span style="color: var(--highlight-default)"&gt;$this&lt;/span&gt;&lt;span style="color: var(--highlight-keyword)"&gt;-&amp;gt;&lt;/span&gt;&lt;span style="color: var(--highlight-default)"&gt;name&lt;/span&gt;&lt;span style="color: var(--highlight-keyword)"&gt;,&amp;nbsp;&lt;/span&gt;&lt;span style="color: var(--highlight-default)"&gt;false&lt;/span&gt;&lt;span style="color: var(--highlight-keyword)"&gt;))&amp;nbsp;{&lt;/span&gt;&lt;/code&gt;&lt;/li&gt;
&lt;li&gt;&lt;code&gt;&lt;span style="color: var(--highlight-keyword)"&gt;&amp;nbsp;&amp;nbsp;&amp;nbsp;&amp;nbsp;&amp;nbsp;&amp;nbsp;&amp;nbsp;&amp;nbsp;&amp;nbsp;&amp;nbsp;&amp;nbsp;&amp;nbsp;foreach&amp;nbsp;(&lt;/span&gt;&lt;span style="color: var(--highlight-default)"&gt;$hookMethods&lt;/span&gt;&lt;span style="color: var(--highlight-keyword)"&gt;[&lt;/span&gt;&lt;span style="color: var(--highlight-string)"&gt;'afterClass'&lt;/span&gt;&lt;span style="color: var(--highlight-keyword)"&gt;]&amp;nbsp;as&amp;nbsp;&lt;/span&gt;&lt;span style="color: var(--highlight-default)"&gt;$afterClassMethod&lt;/span&gt;&lt;span style="color: var(--highlight-keyword)"&gt;)&amp;nbsp;{&lt;/span&gt;&lt;/code&gt;&lt;/li&gt;
&lt;li&gt;&lt;code&gt;&lt;span style="color: var(--highlight-keyword)"&gt;&amp;nbsp;&amp;nbsp;&amp;nbsp;&amp;nbsp;&amp;nbsp;&amp;nbsp;&amp;nbsp;&amp;nbsp;&amp;nbsp;&amp;nbsp;&amp;nbsp;&amp;nbsp;&amp;nbsp;&amp;nbsp;&amp;nbsp;&amp;nbsp;if&amp;nbsp;(&lt;/span&gt;&lt;span style="color: var(--highlight-default)"&gt;method_exists&lt;/span&gt;&lt;span style="color: var(--highlight-keyword)"&gt;(&lt;/span&gt;&lt;span style="color: var(--highlight-default)"&gt;$this&lt;/span&gt;&lt;span style="color: var(--highlight-keyword)"&gt;-&amp;gt;&lt;/span&gt;&lt;span style="color: var(--highlight-default)"&gt;name&lt;/span&gt;&lt;span style="color: var(--highlight-keyword)"&gt;,&amp;nbsp;&lt;/span&gt;&lt;span style="color: var(--highlight-default)"&gt;$afterClassMethod&lt;/span&gt;&lt;span style="color: var(--highlight-keyword)"&gt;))&amp;nbsp;{&lt;/span&gt;&lt;/code&gt;&lt;/li&gt;&lt;/ol&gt;    &lt;/div&gt;            &lt;/div&gt;
                        &lt;div class="trace-line "&gt;
                &lt;div class="trace-line-header break-long-words sf-toggle" data-toggle-selector="#trace-html-2-20" data-toggle-initial=""&gt;
            &lt;span class="icon icon-close"&gt;&lt;svg width="1792" height="1792" viewBox="0 0 1792 1792" xmlns="http://www.w3.org/2000/svg"&gt;&lt;path d="M1408 960V832q0-26-19-45t-45-19H448q-26 0-45 19t-19 45v128q0 26 19 45t45 19h896q26 0 45-19t19-45zm256-544v960q0 119-84.5 203.5T1376 1664H416q-119 0-203.5-84.5T128 1376V416q0-119 84.5-203.5T416 128h960q119 0 203.5 84.5T1664 416z"/&gt;&lt;/svg&gt;&lt;/span&gt;
        &lt;span class="icon icon-open"&gt;&lt;svg width="1792" height="1792" viewBox="0 0 1792 1792" xmlns="http://www.w3.org/2000/svg"&gt;&lt;path d="M1408 960V832q0-26-19-45t-45-19h-320V448q0-26-19-45t-45-19H832q-26 0-45 19t-19 45v320H448q-26 0-45 19t-19 45v128q0 26 19 45t45 19h320v320q0 26 19 45t45 19h128q26 0 45-19t19-45v-320h320q26 0 45-19t19-45zm256-544v960q0 119-84.5 203.5T1376 1664H416q-119 0-203.5-84.5T128 1376V416q0-119 84.5-203.5T416 128h960q119 0 203.5 84.5T1664 416z"/&gt;&lt;/svg&gt;&lt;/span&gt;
    
            &lt;span class="trace-class"&gt;&lt;abbr title="PHPUnit\Framework\TestSuite"&gt;TestSuite&lt;/abbr&gt;&lt;/span&gt;&lt;span class="trace-type"&gt;-&gt;&lt;/span&gt;&lt;span class="trace-method"&gt;run&lt;/span&gt;&lt;span class="trace-arguments"&gt;(&lt;em&gt;object&lt;/em&gt;(&lt;abbr title="PHPUnit\Framework\TestResult"&gt;TestResult&lt;/abbr&gt;))&lt;/span&gt;    
                    &lt;span class="block trace-file-path"&gt;
            in
            &lt;a href="file://C:\Users\sliti\Desktop\dev\esprit-PIDEV-3A16-2526-FARMIA\vendor\phpunit\phpunit\src\Framework\TestSuite.php#L685"&gt;
                C:\Users\sliti\Desktop\dev\esprit-PIDEV-3A16-2526-FARMIA\vendor\phpunit\phpunit\src\Framework\&lt;strong&gt;TestSuite.php&lt;/strong&gt;
            &lt;/a&gt;
                        (line 685)
            &lt;span class="icon icon-copy hidden" data-clipboard-text="C:\Users\sliti\Desktop\dev\esprit-PIDEV-3A16-2526-FARMIA\vendor\phpunit\phpunit\src\Framework\TestSuite.php:685"&gt;
                &lt;svg xmlns="http://www.w3.org/2000/svg" height="24" viewBox="0 0 24 24" width="24"&gt;&lt;path d="M0 0h24v24H0z" fill="none"/&gt;&lt;path d="M16 1H4c-1.1 0-2 .9-2 2v14h2V3h12V1zm3 4H8c-1.1 0-2 .9-2 2v14c0 1.1.9 2 2 2h11c1.1 0 2-.9 2-2V7c0-1.1-.9-2-2-2zm0 16H8V7h11v14z"/&gt;&lt;/svg&gt;            &lt;/span&gt;
        &lt;/span&gt;
    &lt;/div&gt;
    &lt;div id="trace-html-2-20" class="trace-code sf-toggle-content"&gt;
        &lt;ol start="680"&gt;&lt;li&gt;&lt;code&gt;&lt;span style="color: var(--highlight-keyword)"&gt;&amp;nbsp;&amp;nbsp;&amp;nbsp;&amp;nbsp;&amp;nbsp;&amp;nbsp;&amp;nbsp;&amp;nbsp;&amp;nbsp;&amp;nbsp;&amp;nbsp;&amp;nbsp;&amp;nbsp;&amp;nbsp;&amp;nbsp;&amp;nbsp;&lt;/span&gt;&lt;span style="color: var(--highlight-default)"&gt;$test&lt;/span&gt;&lt;span style="color: var(--highlight-keyword)"&gt;-&amp;gt;&lt;/span&gt;&lt;span style="color: var(--highlight-default)"&gt;setBackupGlobals&lt;/span&gt;&lt;span style="color: var(--highlight-keyword)"&gt;(&lt;/span&gt;&lt;span style="color: var(--highlight-default)"&gt;$this&lt;/span&gt;&lt;span style="color: var(--highlight-keyword)"&gt;-&amp;gt;&lt;/span&gt;&lt;span style="color: var(--highlight-default)"&gt;backupGlobals&lt;/span&gt;&lt;span style="color: var(--highlight-keyword)"&gt;);&lt;/span&gt;&lt;/code&gt;&lt;/li&gt;
&lt;li&gt;&lt;code&gt;&lt;span style="color: var(--highlight-keyword)"&gt;&amp;nbsp;&amp;nbsp;&amp;nbsp;&amp;nbsp;&amp;nbsp;&amp;nbsp;&amp;nbsp;&amp;nbsp;&amp;nbsp;&amp;nbsp;&amp;nbsp;&amp;nbsp;&amp;nbsp;&amp;nbsp;&amp;nbsp;&amp;nbsp;&lt;/span&gt;&lt;span style="color: var(--highlight-default)"&gt;$test&lt;/span&gt;&lt;span style="color: var(--highlight-keyword)"&gt;-&amp;gt;&lt;/span&gt;&lt;span style="color: var(--highlight-default)"&gt;setBackupStaticAttributes&lt;/span&gt;&lt;span style="color: var(--highlight-keyword)"&gt;(&lt;/span&gt;&lt;span style="color: var(--highlight-default)"&gt;$this&lt;/span&gt;&lt;span style="color: var(--highlight-keyword)"&gt;-&amp;gt;&lt;/span&gt;&lt;span style="color: var(--highlight-default)"&gt;backupStaticAttributes&lt;/span&gt;&lt;span style="color: var(--highlight-keyword)"&gt;);&lt;/span&gt;&lt;/code&gt;&lt;/li&gt;
&lt;li&gt;&lt;code&gt;&lt;span style="color: var(--highlight-keyword)"&gt;&amp;nbsp;&amp;nbsp;&amp;nbsp;&amp;nbsp;&amp;nbsp;&amp;nbsp;&amp;nbsp;&amp;nbsp;&amp;nbsp;&amp;nbsp;&amp;nbsp;&amp;nbsp;&amp;nbsp;&amp;nbsp;&amp;nbsp;&amp;nbsp;&lt;/span&gt;&lt;span style="color: var(--highlight-default)"&gt;$test&lt;/span&gt;&lt;span style="color: var(--highlight-keyword)"&gt;-&amp;gt;&lt;/span&gt;&lt;span style="color: var(--highlight-default)"&gt;setRunTestInSeparateProcess&lt;/span&gt;&lt;span style="color: var(--highlight-keyword)"&gt;(&lt;/span&gt;&lt;span style="color: var(--highlight-default)"&gt;$this&lt;/span&gt;&lt;span style="color: var(--highlight-keyword)"&gt;-&amp;gt;&lt;/span&gt;&lt;span style="color: var(--highlight-default)"&gt;runTestInSeparateProcess&lt;/span&gt;&lt;span style="color: var(--highlight-keyword)"&gt;);&lt;/span&gt;&lt;/code&gt;&lt;/li&gt;
&lt;li&gt;&lt;code&gt;&lt;span style="color: var(--highlight-keyword)"&gt;&amp;nbsp;&amp;nbsp;&amp;nbsp;&amp;nbsp;&amp;nbsp;&amp;nbsp;&amp;nbsp;&amp;nbsp;&amp;nbsp;&amp;nbsp;&amp;nbsp;&amp;nbsp;}&lt;/span&gt;&lt;/code&gt;&lt;/li&gt;
&lt;li&gt;&lt;code&gt;&lt;span style="color: var(--highlight-keyword)"&gt;&lt;/span&gt;&lt;/code&gt;&lt;/li&gt;
&lt;li class="selected"&gt;&lt;code&gt;&lt;span style="color: var(--highlight-keyword)"&gt;&amp;nbsp;&amp;nbsp;&amp;nbsp;&amp;nbsp;&amp;nbsp;&amp;nbsp;&amp;nbsp;&amp;nbsp;&amp;nbsp;&amp;nbsp;&amp;nbsp;&amp;nbsp;&lt;/span&gt;&lt;span style="color: var(--highlight-default)"&gt;$test&lt;/span&gt;&lt;span style="color: var(--highlight-keyword)"&gt;-&amp;gt;&lt;/span&gt;&lt;span style="color: var(--highlight-default)"&gt;run&lt;/span&gt;&lt;span style="color: var(--highlight-keyword)"&gt;(&lt;/span&gt;&lt;span style="color: var(--highlight-default)"&gt;$result&lt;/span&gt;&lt;span style="color: var(--highlight-keyword)"&gt;);&lt;/span&gt;&lt;/code&gt;&lt;/li&gt;
&lt;li&gt;&lt;code&gt;&lt;span style="color: var(--highlight-keyword)"&gt;&amp;nbsp;&amp;nbsp;&amp;nbsp;&amp;nbsp;&amp;nbsp;&amp;nbsp;&amp;nbsp;&amp;nbsp;}&lt;/span&gt;&lt;/code&gt;&lt;/li&gt;
&lt;li&gt;&lt;code&gt;&lt;span style="color: var(--highlight-keyword)"&gt;&lt;/span&gt;&lt;/code&gt;&lt;/li&gt;
&lt;li&gt;&lt;code&gt;&lt;span style="color: var(--highlight-keyword)"&gt;&amp;nbsp;&amp;nbsp;&amp;nbsp;&amp;nbsp;&amp;nbsp;&amp;nbsp;&amp;nbsp;&amp;nbsp;if&amp;nbsp;(&lt;/span&gt;&lt;span style="color: var(--highlight-default)"&gt;$this&lt;/span&gt;&lt;span style="color: var(--highlight-keyword)"&gt;-&amp;gt;&lt;/span&gt;&lt;span style="color: var(--highlight-default)"&gt;testCase&amp;nbsp;&lt;/span&gt;&lt;span style="color: var(--highlight-keyword)"&gt;&amp;amp;&amp;amp;&amp;nbsp;&lt;/span&gt;&lt;span style="color: var(--highlight-default)"&gt;class_exists&lt;/span&gt;&lt;span style="color: var(--highlight-keyword)"&gt;(&lt;/span&gt;&lt;span style="color: var(--highlight-default)"&gt;$this&lt;/span&gt;&lt;span style="color: var(--highlight-keyword)"&gt;-&amp;gt;&lt;/span&gt;&lt;span style="color: var(--highlight-default)"&gt;name&lt;/span&gt;&lt;span style="color: var(--highlight-keyword)"&gt;,&amp;nbsp;&lt;/span&gt;&lt;span style="color: var(--highlight-default)"&gt;false&lt;/span&gt;&lt;span style="color: var(--highlight-keyword)"&gt;))&amp;nbsp;{&lt;/span&gt;&lt;/code&gt;&lt;/li&gt;
&lt;li&gt;&lt;code&gt;&lt;span style="color: var(--highlight-keyword)"&gt;&amp;nbsp;&amp;nbsp;&amp;nbsp;&amp;nbsp;&amp;nbsp;&amp;nbsp;&amp;nbsp;&amp;nbsp;&amp;nbsp;&amp;nbsp;&amp;nbsp;&amp;nbsp;foreach&amp;nbsp;(&lt;/span&gt;&lt;span style="color: var(--highlight-default)"&gt;$hookMethods&lt;/span&gt;&lt;span style="color: var(--highlight-keyword)"&gt;[&lt;/span&gt;&lt;span style="color: var(--highlight-string)"&gt;'afterClass'&lt;/span&gt;&lt;span style="color: var(--highlight-keyword)"&gt;]&amp;nbsp;as&amp;nbsp;&lt;/span&gt;&lt;span style="color: var(--highlight-default)"&gt;$afterClassMethod&lt;/span&gt;&lt;span style="color: var(--highlight-keyword)"&gt;)&amp;nbsp;{&lt;/span&gt;&lt;/code&gt;&lt;/li&gt;
&lt;li&gt;&lt;code&gt;&lt;span style="color: var(--highlight-keyword)"&gt;&amp;nbsp;&amp;nbsp;&amp;nbsp;&amp;nbsp;&amp;nbsp;&amp;nbsp;&amp;nbsp;&amp;nbsp;&amp;nbsp;&amp;nbsp;&amp;nbsp;&amp;nbsp;&amp;nbsp;&amp;nbsp;&amp;nbsp;&amp;nbsp;if&amp;nbsp;(&lt;/span&gt;&lt;span style="color: var(--highlight-default)"&gt;method_exists&lt;/span&gt;&lt;span style="color: var(--highlight-keyword)"&gt;(&lt;/span&gt;&lt;span style="color: var(--highlight-default)"&gt;$this&lt;/span&gt;&lt;span style="color: var(--highlight-keyword)"&gt;-&amp;gt;&lt;/span&gt;&lt;span style="color: var(--highlight-default)"&gt;name&lt;/span&gt;&lt;span style="color: var(--highlight-keyword)"&gt;,&amp;nbsp;&lt;/span&gt;&lt;span style="color: var(--highlight-default)"&gt;$afterClassMethod&lt;/span&gt;&lt;span style="color: var(--highlight-keyword)"&gt;))&amp;nbsp;{&lt;/span&gt;&lt;/code&gt;&lt;/li&gt;&lt;/ol&gt;    &lt;/div&gt;            &lt;/div&gt;
                        &lt;div class="trace-line "&gt;
                &lt;div class="trace-line-header break-long-words sf-toggle" data-toggle-selector="#trace-html-2-21" data-toggle-initial=""&gt;
            &lt;span class="icon icon-close"&gt;&lt;svg width="1792" height="1792" viewBox="0 0 1792 1792" xmlns="http://www.w3.org/2000/svg"&gt;&lt;path d="M1408 960V832q0-26-19-45t-45-19H448q-26 0-45 19t-19 45v128q0 26 19 45t45 19h896q26 0 45-19t19-45zm256-544v960q0 119-84.5 203.5T1376 1664H416q-119 0-203.5-84.5T128 1376V416q0-119 84.5-203.5T416 128h960q119 0 203.5 84.5T1664 416z"/&gt;&lt;/svg&gt;&lt;/span&gt;
        &lt;span class="icon icon-open"&gt;&lt;svg width="1792" height="1792" viewBox="0 0 1792 1792" xmlns="http://www.w3.org/2000/svg"&gt;&lt;path d="M1408 960V832q0-26-19-45t-45-19h-320V448q0-26-19-45t-45-19H832q-26 0-45 19t-19 45v320H448q-26 0-45 19t-19 45v128q0 26 19 45t45 19h320v320q0 26 19 45t45 19h128q26 0 45-19t19-45v-320h320q26 0 45-19t19-45zm256-544v960q0 119-84.5 203.5T1376 1664H416q-119 0-203.5-84.5T128 1376V416q0-119 84.5-203.5T416 128h960q119 0 203.5 84.5T1664 416z"/&gt;&lt;/svg&gt;&lt;/span&gt;
    
            &lt;span class="trace-class"&gt;&lt;abbr title="PHPUnit\Framework\TestSuite"&gt;TestSuite&lt;/abbr&gt;&lt;/span&gt;&lt;span class="trace-type"&gt;-&gt;&lt;/span&gt;&lt;span class="trace-method"&gt;run&lt;/span&gt;&lt;span class="trace-arguments"&gt;(&lt;em&gt;object&lt;/em&gt;(&lt;abbr title="PHPUnit\Framework\TestResult"&gt;TestResult&lt;/abbr&gt;))&lt;/span&gt;    
                    &lt;span class="block trace-file-path"&gt;
            in
            &lt;a href="file://C:\Users\sliti\Desktop\dev\esprit-PIDEV-3A16-2526-FARMIA\vendor\phpunit\phpunit\src\Framework\TestSuite.php#L685"&gt;
                C:\Users\sliti\Desktop\dev\esprit-PIDEV-3A16-2526-FARMIA\vendor\phpunit\phpunit\src\Framework\&lt;strong&gt;TestSuite.php&lt;/strong&gt;
            &lt;/a&gt;
                        (line 685)
            &lt;span class="icon icon-copy hidden" data-clipboard-text="C:\Users\sliti\Desktop\dev\esprit-PIDEV-3A16-2526-FARMIA\vendor\phpunit\phpunit\src\Framework\TestSuite.php:685"&gt;
                &lt;svg xmlns="http://www.w3.org/2000/svg" height="24" viewBox="0 0 24 24" width="24"&gt;&lt;path d="M0 0h24v24H0z" fill="none"/&gt;&lt;path d="M16 1H4c-1.1 0-2 .9-2 2v14h2V3h12V1zm3 4H8c-1.1 0-2 .9-2 2v14c0 1.1.9 2 2 2h11c1.1 0 2-.9 2-2V7c0-1.1-.9-2-2-2zm0 16H8V7h11v14z"/&gt;&lt;/svg&gt;            &lt;/span&gt;
        &lt;/span&gt;
    &lt;/div&gt;
    &lt;div id="trace-html-2-21" class="trace-code sf-toggle-content"&gt;
        &lt;ol start="680"&gt;&lt;li&gt;&lt;code&gt;&lt;span style="color: var(--highlight-keyword)"&gt;&amp;nbsp;&amp;nbsp;&amp;nbsp;&amp;nbsp;&amp;nbsp;&amp;nbsp;&amp;nbsp;&amp;nbsp;&amp;nbsp;&amp;nbsp;&amp;nbsp;&amp;nbsp;&amp;nbsp;&amp;nbsp;&amp;nbsp;&amp;nbsp;&lt;/span&gt;&lt;span style="color: var(--highlight-default)"&gt;$test&lt;/span&gt;&lt;span style="color: var(--highlight-keyword)"&gt;-&amp;gt;&lt;/span&gt;&lt;span style="color: var(--highlight-default)"&gt;setBackupGlobals&lt;/span&gt;&lt;span style="color: var(--highlight-keyword)"&gt;(&lt;/span&gt;&lt;span style="color: var(--highlight-default)"&gt;$this&lt;/span&gt;&lt;span style="color: var(--highlight-keyword)"&gt;-&amp;gt;&lt;/span&gt;&lt;span style="color: var(--highlight-default)"&gt;backupGlobals&lt;/span&gt;&lt;span style="color: var(--highlight-keyword)"&gt;);&lt;/span&gt;&lt;/code&gt;&lt;/li&gt;
&lt;li&gt;&lt;code&gt;&lt;span style="color: var(--highlight-keyword)"&gt;&amp;nbsp;&amp;nbsp;&amp;nbsp;&amp;nbsp;&amp;nbsp;&amp;nbsp;&amp;nbsp;&amp;nbsp;&amp;nbsp;&amp;nbsp;&amp;nbsp;&amp;nbsp;&amp;nbsp;&amp;nbsp;&amp;nbsp;&amp;nbsp;&lt;/span&gt;&lt;span style="color: var(--highlight-default)"&gt;$test&lt;/span&gt;&lt;span style="color: var(--highlight-keyword)"&gt;-&amp;gt;&lt;/span&gt;&lt;span style="color: var(--highlight-default)"&gt;setBackupStaticAttributes&lt;/span&gt;&lt;span style="color: var(--highlight-keyword)"&gt;(&lt;/span&gt;&lt;span style="color: var(--highlight-default)"&gt;$this&lt;/span&gt;&lt;span style="color: var(--highlight-keyword)"&gt;-&amp;gt;&lt;/span&gt;&lt;span style="color: var(--highlight-default)"&gt;backupStaticAttributes&lt;/span&gt;&lt;span style="color: var(--highlight-keyword)"&gt;);&lt;/span&gt;&lt;/code&gt;&lt;/li&gt;
&lt;li&gt;&lt;code&gt;&lt;span style="color: var(--highlight-keyword)"&gt;&amp;nbsp;&amp;nbsp;&amp;nbsp;&amp;nbsp;&amp;nbsp;&amp;nbsp;&amp;nbsp;&amp;nbsp;&amp;nbsp;&amp;nbsp;&amp;nbsp;&amp;nbsp;&amp;nbsp;&amp;nbsp;&amp;nbsp;&amp;nbsp;&lt;/span&gt;&lt;span style="color: var(--highlight-default)"&gt;$test&lt;/span&gt;&lt;span style="color: var(--highlight-keyword)"&gt;-&amp;gt;&lt;/span&gt;&lt;span style="color: var(--highlight-default)"&gt;setRunTestInSeparateProcess&lt;/span&gt;&lt;span style="color: var(--highlight-keyword)"&gt;(&lt;/span&gt;&lt;span style="color: var(--highlight-default)"&gt;$this&lt;/span&gt;&lt;span style="color: var(--highlight-keyword)"&gt;-&amp;gt;&lt;/span&gt;&lt;span style="color: var(--highlight-default)"&gt;runTestInSeparateProcess&lt;/span&gt;&lt;span style="color: var(--highlight-keyword)"&gt;);&lt;/span&gt;&lt;/code&gt;&lt;/li&gt;
&lt;li&gt;&lt;code&gt;&lt;span style="color: var(--highlight-keyword)"&gt;&amp;nbsp;&amp;nbsp;&amp;nbsp;&amp;nbsp;&amp;nbsp;&amp;nbsp;&amp;nbsp;&amp;nbsp;&amp;nbsp;&amp;nbsp;&amp;nbsp;&amp;nbsp;}&lt;/span&gt;&lt;/code&gt;&lt;/li&gt;
&lt;li&gt;&lt;code&gt;&lt;span style="color: var(--highlight-keyword)"&gt;&lt;/span&gt;&lt;/code&gt;&lt;/li&gt;
&lt;li class="selected"&gt;&lt;code&gt;&lt;span style="color: var(--highlight-keyword)"&gt;&amp;nbsp;&amp;nbsp;&amp;nbsp;&amp;nbsp;&amp;nbsp;&amp;nbsp;&amp;nbsp;&amp;nbsp;&amp;nbsp;&amp;nbsp;&amp;nbsp;&amp;nbsp;&lt;/span&gt;&lt;span style="color: var(--highlight-default)"&gt;$test&lt;/span&gt;&lt;span style="color: var(--highlight-keyword)"&gt;-&amp;gt;&lt;/span&gt;&lt;span style="color: var(--highlight-default)"&gt;run&lt;/span&gt;&lt;span style="color: var(--highlight-keyword)"&gt;(&lt;/span&gt;&lt;span style="color: var(--highlight-default)"&gt;$result&lt;/span&gt;&lt;span style="color: var(--highlight-keyword)"&gt;);&lt;/span&gt;&lt;/code&gt;&lt;/li&gt;
&lt;li&gt;&lt;code&gt;&lt;span style="color: var(--highlight-keyword)"&gt;&amp;nbsp;&amp;nbsp;&amp;nbsp;&amp;nbsp;&amp;nbsp;&amp;nbsp;&amp;nbsp;&amp;nbsp;}&lt;/span&gt;&lt;/code&gt;&lt;/li&gt;
&lt;li&gt;&lt;code&gt;&lt;span style="color: var(--highlight-keyword)"&gt;&lt;/span&gt;&lt;/code&gt;&lt;/li&gt;
&lt;li&gt;&lt;code&gt;&lt;span style="color: var(--highlight-keyword)"&gt;&amp;nbsp;&amp;nbsp;&amp;nbsp;&amp;nbsp;&amp;nbsp;&amp;nbsp;&amp;nbsp;&amp;nbsp;if&amp;nbsp;(&lt;/span&gt;&lt;span style="color: var(--highlight-default)"&gt;$this&lt;/span&gt;&lt;span style="color: var(--highlight-keyword)"&gt;-&amp;gt;&lt;/span&gt;&lt;span style="color: var(--highlight-default)"&gt;testCase&amp;nbsp;&lt;/span&gt;&lt;span style="color: var(--highlight-keyword)"&gt;&amp;amp;&amp;amp;&amp;nbsp;&lt;/span&gt;&lt;span style="color: var(--highlight-default)"&gt;class_exists&lt;/span&gt;&lt;span style="color: var(--highlight-keyword)"&gt;(&lt;/span&gt;&lt;span style="color: var(--highlight-default)"&gt;$this&lt;/span&gt;&lt;span style="color: var(--highlight-keyword)"&gt;-&amp;gt;&lt;/span&gt;&lt;span style="color: var(--highlight-default)"&gt;name&lt;/span&gt;&lt;span style="color: var(--highlight-keyword)"&gt;,&amp;nbsp;&lt;/span&gt;&lt;span style="color: var(--highlight-default)"&gt;false&lt;/span&gt;&lt;span style="color: var(--highlight-keyword)"&gt;))&amp;nbsp;{&lt;/span&gt;&lt;/code&gt;&lt;/li&gt;
&lt;li&gt;&lt;code&gt;&lt;span style="color: var(--highlight-keyword)"&gt;&amp;nbsp;&amp;nbsp;&amp;nbsp;&amp;nbsp;&amp;nbsp;&amp;nbsp;&amp;nbsp;&amp;nbsp;&amp;nbsp;&amp;nbsp;&amp;nbsp;&amp;nbsp;foreach&amp;nbsp;(&lt;/span&gt;&lt;span style="color: var(--highlight-default)"&gt;$hookMethods&lt;/span&gt;&lt;span style="color: var(--highlight-keyword)"&gt;[&lt;/span&gt;&lt;span style="color: var(--highlight-string)"&gt;'afterClass'&lt;/span&gt;&lt;span style="color: var(--highlight-keyword)"&gt;]&amp;nbsp;as&amp;nbsp;&lt;/span&gt;&lt;span style="color: var(--highlight-default)"&gt;$afterClassMethod&lt;/span&gt;&lt;span style="color: var(--highlight-keyword)"&gt;)&amp;nbsp;{&lt;/span&gt;&lt;/code&gt;&lt;/li&gt;
&lt;li&gt;&lt;code&gt;&lt;span style="color: var(--highlight-keyword)"&gt;&amp;nbsp;&amp;nbsp;&amp;nbsp;&amp;nbsp;&amp;nbsp;&amp;nbsp;&amp;nbsp;&amp;nbsp;&amp;nbsp;&amp;nbsp;&amp;nbsp;&amp;nbsp;&amp;nbsp;&amp;nbsp;&amp;nbsp;&amp;nbsp;if&amp;nbsp;(&lt;/span&gt;&lt;span style="color: var(--highlight-default)"&gt;method_exists&lt;/span&gt;&lt;span style="color: var(--highlight-keyword)"&gt;(&lt;/span&gt;&lt;span style="color: var(--highlight-default)"&gt;$this&lt;/span&gt;&lt;span style="color: var(--highlight-keyword)"&gt;-&amp;gt;&lt;/span&gt;&lt;span style="color: var(--highlight-default)"&gt;name&lt;/span&gt;&lt;span style="color: var(--highlight-keyword)"&gt;,&amp;nbsp;&lt;/span&gt;&lt;span style="color: var(--highlight-default)"&gt;$afterClassMethod&lt;/span&gt;&lt;span style="color: var(--highlight-keyword)"&gt;))&amp;nbsp;{&lt;/span&gt;&lt;/code&gt;&lt;/li&gt;&lt;/ol&gt;    &lt;/div&gt;            &lt;/div&gt;
                        &lt;div class="trace-line "&gt;
                &lt;div class="trace-line-header break-long-words sf-toggle" data-toggle-selector="#trace-html-2-22" data-toggle-initial=""&gt;
            &lt;span class="icon icon-close"&gt;&lt;svg width="1792" height="1792" viewBox="0 0 1792 1792" xmlns="http://www.w3.org/2000/svg"&gt;&lt;path d="M1408 960V832q0-26-19-45t-45-19H448q-26 0-45 19t-19 45v128q0 26 19 45t45 19h896q26 0 45-19t19-45zm256-544v960q0 119-84.5 203.5T1376 1664H416q-119 0-203.5-84.5T128 1376V416q0-119 84.5-203.5T416 128h960q119 0 203.5 84.5T1664 416z"/&gt;&lt;/svg&gt;&lt;/span&gt;
        &lt;span class="icon icon-open"&gt;&lt;svg width="1792" height="1792" viewBox="0 0 1792 1792" xmlns="http://www.w3.org/2000/svg"&gt;&lt;path d="M1408 960V832q0-26-19-45t-45-19h-320V448q0-26-19-45t-45-19H832q-26 0-45 19t-19 45v320H448q-26 0-45 19t-19 45v128q0 26 19 45t45 19h320v320q0 26 19 45t45 19h128q26 0 45-19t19-45v-320h320q26 0 45-19t19-45zm256-544v960q0 119-84.5 203.5T1376 1664H416q-119 0-203.5-84.5T128 1376V416q0-119 84.5-203.5T416 128h960q119 0 203.5 84.5T1664 416z"/&gt;&lt;/svg&gt;&lt;/span&gt;
    
            &lt;span class="trace-class"&gt;&lt;abbr title="PHPUnit\Framework\TestSuite"&gt;TestSuite&lt;/abbr&gt;&lt;/span&gt;&lt;span class="trace-type"&gt;-&gt;&lt;/span&gt;&lt;span class="trace-method"&gt;run&lt;/span&gt;&lt;span class="trace-arguments"&gt;(&lt;em&gt;object&lt;/em&gt;(&lt;abbr title="PHPUnit\Framework\TestResult"&gt;TestResult&lt;/abbr&gt;))&lt;/span&gt;    
                    &lt;span class="block trace-file-path"&gt;
            in
            &lt;a href="file://C:\Users\sliti\Desktop\dev\esprit-PIDEV-3A16-2526-FARMIA\vendor\phpunit\phpunit\src\TextUI\TestRunner.php#L651"&gt;
                C:\Users\sliti\Desktop\dev\esprit-PIDEV-3A16-2526-FARMIA\vendor\phpunit\phpunit\src\TextUI\&lt;strong&gt;TestRunner.php&lt;/strong&gt;
            &lt;/a&gt;
                        (line 651)
            &lt;span class="icon icon-copy hidden" data-clipboard-text="C:\Users\sliti\Desktop\dev\esprit-PIDEV-3A16-2526-FARMIA\vendor\phpunit\phpunit\src\TextUI\TestRunner.php:651"&gt;
                &lt;svg xmlns="http://www.w3.org/2000/svg" height="24" viewBox="0 0 24 24" width="24"&gt;&lt;path d="M0 0h24v24H0z" fill="none"/&gt;&lt;path d="M16 1H4c-1.1 0-2 .9-2 2v14h2V3h12V1zm3 4H8c-1.1 0-2 .9-2 2v14c0 1.1.9 2 2 2h11c1.1 0 2-.9 2-2V7c0-1.1-.9-2-2-2zm0 16H8V7h11v14z"/&gt;&lt;/svg&gt;            &lt;/span&gt;
        &lt;/span&gt;
    &lt;/div&gt;
    &lt;div id="trace-html-2-22" class="trace-code sf-toggle-content"&gt;
        &lt;ol start="646"&gt;&lt;li&gt;&lt;code&gt;&lt;span style="color: var(--highlight-keyword)"&gt;&amp;nbsp;&amp;nbsp;&amp;nbsp;&amp;nbsp;&amp;nbsp;&amp;nbsp;&amp;nbsp;&amp;nbsp;&amp;nbsp;&amp;nbsp;&amp;nbsp;&amp;nbsp;if&amp;nbsp;(&lt;/span&gt;&lt;span style="color: var(--highlight-default)"&gt;$extension&amp;nbsp;&lt;/span&gt;&lt;span style="color: var(--highlight-keyword)"&gt;instanceof&amp;nbsp;&lt;/span&gt;&lt;span style="color: var(--highlight-default)"&gt;BeforeFirstTestHook&lt;/span&gt;&lt;span style="color: var(--highlight-keyword)"&gt;)&amp;nbsp;{&lt;/span&gt;&lt;/code&gt;&lt;/li&gt;
&lt;li&gt;&lt;code&gt;&lt;span style="color: var(--highlight-keyword)"&gt;&amp;nbsp;&amp;nbsp;&amp;nbsp;&amp;nbsp;&amp;nbsp;&amp;nbsp;&amp;nbsp;&amp;nbsp;&amp;nbsp;&amp;nbsp;&amp;nbsp;&amp;nbsp;&amp;nbsp;&amp;nbsp;&amp;nbsp;&amp;nbsp;&lt;/span&gt;&lt;span style="color: var(--highlight-default)"&gt;$extension&lt;/span&gt;&lt;span style="color: var(--highlight-keyword)"&gt;-&amp;gt;&lt;/span&gt;&lt;span style="color: var(--highlight-default)"&gt;executeBeforeFirstTest&lt;/span&gt;&lt;span style="color: var(--highlight-keyword)"&gt;();&lt;/span&gt;&lt;/code&gt;&lt;/li&gt;
&lt;li&gt;&lt;code&gt;&lt;span style="color: var(--highlight-keyword)"&gt;&amp;nbsp;&amp;nbsp;&amp;nbsp;&amp;nbsp;&amp;nbsp;&amp;nbsp;&amp;nbsp;&amp;nbsp;&amp;nbsp;&amp;nbsp;&amp;nbsp;&amp;nbsp;}&lt;/span&gt;&lt;/code&gt;&lt;/li&gt;
&lt;li&gt;&lt;code&gt;&lt;span style="color: var(--highlight-keyword)"&gt;&amp;nbsp;&amp;nbsp;&amp;nbsp;&amp;nbsp;&amp;nbsp;&amp;nbsp;&amp;nbsp;&amp;nbsp;}&lt;/span&gt;&lt;/code&gt;&lt;/li&gt;
&lt;li&gt;&lt;code&gt;&lt;span style="color: var(--highlight-keyword)"&gt;&lt;/span&gt;&lt;/code&gt;&lt;/li&gt;
&lt;li class="selected"&gt;&lt;code&gt;&lt;span style="color: var(--highlight-keyword)"&gt;&amp;nbsp;&amp;nbsp;&amp;nbsp;&amp;nbsp;&amp;nbsp;&amp;nbsp;&amp;nbsp;&amp;nbsp;&lt;/span&gt;&lt;span style="color: var(--highlight-default)"&gt;$suite&lt;/span&gt;&lt;span style="color: var(--highlight-keyword)"&gt;-&amp;gt;&lt;/span&gt;&lt;span style="color: var(--highlight-default)"&gt;run&lt;/span&gt;&lt;span style="color: var(--highlight-keyword)"&gt;(&lt;/span&gt;&lt;span style="color: var(--highlight-default)"&gt;$result&lt;/span&gt;&lt;span style="color: var(--highlight-keyword)"&gt;);&lt;/span&gt;&lt;/code&gt;&lt;/li&gt;
&lt;li&gt;&lt;code&gt;&lt;span style="color: var(--highlight-keyword)"&gt;&lt;/span&gt;&lt;/code&gt;&lt;/li&gt;
&lt;li&gt;&lt;code&gt;&lt;span style="color: var(--highlight-keyword)"&gt;&amp;nbsp;&amp;nbsp;&amp;nbsp;&amp;nbsp;&amp;nbsp;&amp;nbsp;&amp;nbsp;&amp;nbsp;foreach&amp;nbsp;(&lt;/span&gt;&lt;span style="color: var(--highlight-default)"&gt;$this&lt;/span&gt;&lt;span style="color: var(--highlight-keyword)"&gt;-&amp;gt;&lt;/span&gt;&lt;span style="color: var(--highlight-default)"&gt;extensions&amp;nbsp;&lt;/span&gt;&lt;span style="color: var(--highlight-keyword)"&gt;as&amp;nbsp;&lt;/span&gt;&lt;span style="color: var(--highlight-default)"&gt;$extension&lt;/span&gt;&lt;span style="color: var(--highlight-keyword)"&gt;)&amp;nbsp;{&lt;/span&gt;&lt;/code&gt;&lt;/li&gt;
&lt;li&gt;&lt;code&gt;&lt;span style="color: var(--highlight-keyword)"&gt;&amp;nbsp;&amp;nbsp;&amp;nbsp;&amp;nbsp;&amp;nbsp;&amp;nbsp;&amp;nbsp;&amp;nbsp;&amp;nbsp;&amp;nbsp;&amp;nbsp;&amp;nbsp;if&amp;nbsp;(&lt;/span&gt;&lt;span style="color: var(--highlight-default)"&gt;$extension&amp;nbsp;&lt;/span&gt;&lt;span style="color: var(--highlight-keyword)"&gt;instanceof&amp;nbsp;&lt;/span&gt;&lt;span style="color: var(--highlight-default)"&gt;AfterLastTestHook&lt;/span&gt;&lt;span style="color: var(--highlight-keyword)"&gt;)&amp;nbsp;{&lt;/span&gt;&lt;/code&gt;&lt;/li&gt;
&lt;li&gt;&lt;code&gt;&lt;span style="color: var(--highlight-keyword)"&gt;&amp;nbsp;&amp;nbsp;&amp;nbsp;&amp;nbsp;&amp;nbsp;&amp;nbsp;&amp;nbsp;&amp;nbsp;&amp;nbsp;&amp;nbsp;&amp;nbsp;&amp;nbsp;&amp;nbsp;&amp;nbsp;&amp;nbsp;&amp;nbsp;&lt;/span&gt;&lt;span style="color: var(--highlight-default)"&gt;$extension&lt;/span&gt;&lt;span style="color: var(--highlight-keyword)"&gt;-&amp;gt;&lt;/span&gt;&lt;span style="color: var(--highlight-default)"&gt;executeAfterLastTest&lt;/span&gt;&lt;span style="color: var(--highlight-keyword)"&gt;();&lt;/span&gt;&lt;/code&gt;&lt;/li&gt;
&lt;li&gt;&lt;code&gt;&lt;span style="color: var(--highlight-keyword)"&gt;&amp;nbsp;&amp;nbsp;&amp;nbsp;&amp;nbsp;&amp;nbsp;&amp;nbsp;&amp;nbsp;&amp;nbsp;&amp;nbsp;&amp;nbsp;&amp;nbsp;&amp;nbsp;}&lt;/span&gt;&lt;/code&gt;&lt;/li&gt;&lt;/ol&gt;    &lt;/div&gt;            &lt;/div&gt;
                        &lt;div class="trace-line "&gt;
                &lt;div class="trace-line-header break-long-words sf-toggle" data-toggle-selector="#trace-html-2-23" data-toggle-initial=""&gt;
            &lt;span class="icon icon-close"&gt;&lt;svg width="1792" height="1792" viewBox="0 0 1792 1792" xmlns="http://www.w3.org/2000/svg"&gt;&lt;path d="M1408 960V832q0-26-19-45t-45-19H448q-26 0-45 19t-19 45v128q0 26 19 45t45 19h896q26 0 45-19t19-45zm256-544v960q0 119-84.5 203.5T1376 1664H416q-119 0-203.5-84.5T128 1376V416q0-119 84.5-203.5T416 128h960q119 0 203.5 84.5T1664 416z"/&gt;&lt;/svg&gt;&lt;/span&gt;
        &lt;span class="icon icon-open"&gt;&lt;svg width="1792" height="1792" viewBox="0 0 1792 1792" xmlns="http://www.w3.org/2000/svg"&gt;&lt;path d="M1408 960V832q0-26-19-45t-45-19h-320V448q0-26-19-45t-45-19H832q-26 0-45 19t-19 45v320H448q-26 0-45 19t-19 45v128q0 26 19 45t45 19h320v320q0 26 19 45t45 19h128q26 0 45-19t19-45v-320h320q26 0 45-19t19-45zm256-544v960q0 119-84.5 203.5T1376 1664H416q-119 0-203.5-84.5T128 1376V416q0-119 84.5-203.5T416 128h960q119 0 203.5 84.5T1664 416z"/&gt;&lt;/svg&gt;&lt;/span&gt;
    
            &lt;span class="trace-class"&gt;&lt;abbr title="PHPUnit\TextUI\TestRunner"&gt;TestRunner&lt;/abbr&gt;&lt;/span&gt;&lt;span class="trace-type"&gt;-&gt;&lt;/span&gt;&lt;span class="trace-method"&gt;run&lt;/span&gt;&lt;span class="trace-arguments"&gt;(&lt;em&gt;object&lt;/em&gt;(&lt;abbr title="PHPUnit\Framework\TestSuite"&gt;TestSuite&lt;/abbr&gt;), &lt;em&gt;array&lt;/em&gt;('extensions' =&gt; &lt;em&gt;array&lt;/em&gt;(), 'listGroups' =&gt; &lt;em&gt;false&lt;/em&gt;, 'listSuites' =&gt; &lt;em&gt;false&lt;/em&gt;, 'listTests' =&gt; &lt;em&gt;false&lt;/em&gt;, 'listTestsXml' =&gt; &lt;em&gt;false&lt;/em&gt;, 'loader' =&gt; &lt;em&gt;null&lt;/em&gt;, 'useDefaultConfiguration' =&gt; &lt;em&gt;true&lt;/em&gt;, 'loadedExtensions' =&gt; &lt;em&gt;array&lt;/em&gt;(), 'unavailableExtensions' =&gt; &lt;em&gt;array&lt;/em&gt;(), 'notLoadedExtensions' =&gt; &lt;em&gt;array&lt;/em&gt;(), 'junitLogfile' =&gt; 'test-results.xml', 'testSuffixes' =&gt; &lt;em&gt;array&lt;/em&gt;('Test.php', '.phpt'), 'configuration' =&gt; 'C:\\Users\\sliti\\Desktop\\dev\\esprit-PIDEV-3A16-2526-FARMIA\\phpunit.xml.dist', 'configurationObject' =&gt; &lt;em&gt;object&lt;/em&gt;(&lt;abbr title="PHPUnit\TextUI\XmlConfiguration\Configuration"&gt;Configuration&lt;/abbr&gt;), 'stderr' =&gt; &lt;em&gt;false&lt;/em&gt;, 'columns' =&gt; 80, 'warnings' =&gt; &lt;em&gt;array&lt;/em&gt;(), 'debug' =&gt; &lt;em&gt;false&lt;/em&gt;, 'filter' =&gt; &lt;em&gt;false&lt;/em&gt;, 'listeners' =&gt; &lt;em&gt;array&lt;/em&gt;(), 'backupGlobals' =&gt; &lt;em&gt;false&lt;/em&gt;, 'backupStaticAttributes' =&gt; &lt;em&gt;false&lt;/em&gt;, 'beStrictAboutChangesToGlobalState' =&gt; &lt;em&gt;false&lt;/em&gt;, 'cacheResult' =&gt; &lt;em&gt;true&lt;/em&gt;, 'colors' =&gt; 'auto', 'convertDeprecationsToExceptions' =&gt; &lt;em&gt;false&lt;/em&gt;, 'convertErrorsToExceptions' =&gt; &lt;em&gt;true&lt;/em&gt;, 'convertNoticesToExceptions' =&gt; &lt;em&gt;true&lt;/em&gt;, 'convertWarningsToExceptions' =&gt; &lt;em&gt;true&lt;/em&gt;, 'processIsolation' =&gt; &lt;em&gt;false&lt;/em&gt;, 'stopOnDefect' =&gt; &lt;em&gt;false&lt;/em&gt;, 'stopOnError' =&gt; &lt;em&gt;false&lt;/em&gt;, 'stopOnFailure' =&gt; &lt;em&gt;false&lt;/em&gt;, 'stopOnWarning' =&gt; &lt;em&gt;false&lt;/em&gt;, 'stopOnIncomplete' =&gt; &lt;em&gt;false&lt;/em&gt;, 'stopOnRisky' =&gt; &lt;em&gt;false&lt;/em&gt;, 'stopOnSkipped' =&gt; &lt;em&gt;false&lt;/em&gt;, 'failOnEmptyTestSuite' =&gt; &lt;em&gt;false&lt;/em&gt;, 'failOnIncomplete' =&gt; &lt;em&gt;false&lt;/em&gt;, 'failOnRisky' =&gt; &lt;em&gt;false&lt;/em&gt;, 'failOnSkipped' =&gt; &lt;em&gt;false&lt;/em&gt;, 'failOnWarning' =&gt; &lt;em&gt;false&lt;/em&gt;, 'enforceTimeLimit' =&gt; &lt;em&gt;false&lt;/em&gt;, 'defaultTimeLimit' =&gt; 1, 'timeoutForSmallTests' =&gt; 1, 'timeoutForMediumTests' =&gt; 10, 'timeoutForLargeTests' =&gt; 60, 'reportUselessTests' =&gt; &lt;em&gt;true&lt;/em&gt;, 'strictCoverage' =&gt; &lt;em&gt;false&lt;/em&gt;, 'ignoreDeprecatedCodeUnitsFromCodeCoverage' =&gt; &lt;em&gt;false&lt;/em&gt;, 'disallowTestOutput' =&gt; &lt;em&gt;false&lt;/em&gt;, 'disallowTodoAnnotatedTests' =&gt; &lt;em&gt;false&lt;/em&gt;, 'beStrictAboutResourceUsageDuringSmallTests' =&gt; &lt;em&gt;false&lt;/em&gt;, 'verbose' =&gt; &lt;em&gt;false&lt;/em&gt;, 'reverseDefectList' =&gt; &lt;em&gt;false&lt;/em&gt;, 'forceCoversAnnotation' =&gt; &lt;em&gt;false&lt;/em&gt;, 'disableCodeCoverageIgnore' =&gt; &lt;em&gt;false&lt;/em&gt;, 'registerMockObjectsFromTestArgumentsRecursively' =&gt; &lt;em&gt;false&lt;/em&gt;, 'noInteraction' =&gt; &lt;em&gt;false&lt;/em&gt;, 'executionOrder' =&gt; 0, 'resolveDependencies' =&gt; &lt;em&gt;true&lt;/em&gt;, 'bootstrap' =&gt; 'C:\\Users\\sliti\\Desktop\\dev\\esprit-PIDEV-3A16-2526-FARMIA\\tests/bootstrap.php', 'executionOrderDefects' =&gt; 0, 'crap4jThreshold' =&gt; 30, 'excludeGroups' =&gt; &lt;em&gt;array&lt;/em&gt;(), 'groups' =&gt; &lt;em&gt;array&lt;/em&gt;(), 'randomOrderSeed' =&gt; 1777118040, 'repeat' =&gt; &lt;em&gt;false&lt;/em&gt;, 'reportHighLowerBound' =&gt; 90, 'reportLowUpperBound' =&gt; 50, 'reverseList' =&gt; &lt;em&gt;false&lt;/em&gt;, 'testdoxExcludeGroups' =&gt; &lt;em&gt;array&lt;/em&gt;(), 'testdoxGroups' =&gt; &lt;em&gt;array&lt;/em&gt;(), 'cacheResultFile' =&gt; 'C:\\Users\\sliti\\Desktop\\dev\\esprit-PIDEV-3A16-2526-FARMIA'), &lt;em&gt;array&lt;/em&gt;(), &lt;em&gt;true&lt;/em&gt;)&lt;/span&gt;    
                    &lt;span class="block trace-file-path"&gt;
            in
            &lt;a href="file://C:\Users\sliti\Desktop\dev\esprit-PIDEV-3A16-2526-FARMIA\vendor\phpunit\phpunit\src\TextUI\Command.php#L146"&gt;
                C:\Users\sliti\Desktop\dev\esprit-PIDEV-3A16-2526-FARMIA\vendor\phpunit\phpunit\src\TextUI\&lt;strong&gt;Command.php&lt;/strong&gt;
            &lt;/a&gt;
                        (line 146)
            &lt;span class="icon icon-copy hidden" data-clipboard-text="C:\Users\sliti\Desktop\dev\esprit-PIDEV-3A16-2526-FARMIA\vendor\phpunit\phpunit\src\TextUI\Command.php:146"&gt;
                &lt;svg xmlns="http://www.w3.org/2000/svg" height="24" viewBox="0 0 24 24" width="24"&gt;&lt;path d="M0 0h24v24H0z" fill="none"/&gt;&lt;path d="M16 1H4c-1.1 0-2 .9-2 2v14h2V3h12V1zm3 4H8c-1.1 0-2 .9-2 2v14c0 1.1.9 2 2 2h11c1.1 0 2-.9 2-2V7c0-1.1-.9-2-2-2zm0 16H8V7h11v14z"/&gt;&lt;/svg&gt;            &lt;/span&gt;
        &lt;/span&gt;
    &lt;/div&gt;
    &lt;div id="trace-html-2-23" class="trace-code sf-toggle-content"&gt;
        &lt;ol start="141"&gt;&lt;li&gt;&lt;code&gt;&lt;span style="color: var(--highlight-keyword)"&gt;&amp;nbsp;&amp;nbsp;&amp;nbsp;&amp;nbsp;&amp;nbsp;&amp;nbsp;&amp;nbsp;&amp;nbsp;}&lt;/span&gt;&lt;/code&gt;&lt;/li&gt;
&lt;li&gt;&lt;code&gt;&lt;span style="color: var(--highlight-keyword)"&gt;&lt;/span&gt;&lt;/code&gt;&lt;/li&gt;
&lt;li&gt;&lt;code&gt;&lt;span style="color: var(--highlight-keyword)"&gt;&amp;nbsp;&amp;nbsp;&amp;nbsp;&amp;nbsp;&amp;nbsp;&amp;nbsp;&amp;nbsp;&amp;nbsp;unset(&lt;/span&gt;&lt;span style="color: var(--highlight-default)"&gt;$this&lt;/span&gt;&lt;span style="color: var(--highlight-keyword)"&gt;-&amp;gt;&lt;/span&gt;&lt;span style="color: var(--highlight-default)"&gt;arguments&lt;/span&gt;&lt;span style="color: var(--highlight-keyword)"&gt;[&lt;/span&gt;&lt;span style="color: var(--highlight-string)"&gt;'test'&lt;/span&gt;&lt;span style="color: var(--highlight-keyword)"&gt;],&amp;nbsp;&lt;/span&gt;&lt;span style="color: var(--highlight-default)"&gt;$this&lt;/span&gt;&lt;span style="color: var(--highlight-keyword)"&gt;-&amp;gt;&lt;/span&gt;&lt;span style="color: var(--highlight-default)"&gt;arguments&lt;/span&gt;&lt;span style="color: var(--highlight-keyword)"&gt;[&lt;/span&gt;&lt;span style="color: var(--highlight-string)"&gt;'testFile'&lt;/span&gt;&lt;span style="color: var(--highlight-keyword)"&gt;]);&lt;/span&gt;&lt;/code&gt;&lt;/li&gt;
&lt;li&gt;&lt;code&gt;&lt;span style="color: var(--highlight-keyword)"&gt;&lt;/span&gt;&lt;/code&gt;&lt;/li&gt;
&lt;li&gt;&lt;code&gt;&lt;span style="color: var(--highlight-keyword)"&gt;&amp;nbsp;&amp;nbsp;&amp;nbsp;&amp;nbsp;&amp;nbsp;&amp;nbsp;&amp;nbsp;&amp;nbsp;try&amp;nbsp;{&lt;/span&gt;&lt;/code&gt;&lt;/li&gt;
&lt;li class="selected"&gt;&lt;code&gt;&lt;span style="color: var(--highlight-keyword)"&gt;&amp;nbsp;&amp;nbsp;&amp;nbsp;&amp;nbsp;&amp;nbsp;&amp;nbsp;&amp;nbsp;&amp;nbsp;&amp;nbsp;&amp;nbsp;&amp;nbsp;&amp;nbsp;&lt;/span&gt;&lt;span style="color: var(--highlight-default)"&gt;$result&amp;nbsp;&lt;/span&gt;&lt;span style="color: var(--highlight-keyword)"&gt;=&amp;nbsp;&lt;/span&gt;&lt;span style="color: var(--highlight-default)"&gt;$runner&lt;/span&gt;&lt;span style="color: var(--highlight-keyword)"&gt;-&amp;gt;&lt;/span&gt;&lt;span style="color: var(--highlight-default)"&gt;run&lt;/span&gt;&lt;span style="color: var(--highlight-keyword)"&gt;(&lt;/span&gt;&lt;span style="color: var(--highlight-default)"&gt;$suite&lt;/span&gt;&lt;span style="color: var(--highlight-keyword)"&gt;,&amp;nbsp;&lt;/span&gt;&lt;span style="color: var(--highlight-default)"&gt;$this&lt;/span&gt;&lt;span style="color: var(--highlight-keyword)"&gt;-&amp;gt;&lt;/span&gt;&lt;span style="color: var(--highlight-default)"&gt;arguments&lt;/span&gt;&lt;span style="color: var(--highlight-keyword)"&gt;,&amp;nbsp;&lt;/span&gt;&lt;span style="color: var(--highlight-default)"&gt;$this&lt;/span&gt;&lt;span style="color: var(--highlight-keyword)"&gt;-&amp;gt;&lt;/span&gt;&lt;span style="color: var(--highlight-default)"&gt;warnings&lt;/span&gt;&lt;span style="color: var(--highlight-keyword)"&gt;,&amp;nbsp;&lt;/span&gt;&lt;span style="color: var(--highlight-default)"&gt;$exit&lt;/span&gt;&lt;span style="color: var(--highlight-keyword)"&gt;);&lt;/span&gt;&lt;/code&gt;&lt;/li&gt;
&lt;li&gt;&lt;code&gt;&lt;span style="color: var(--highlight-keyword)"&gt;&amp;nbsp;&amp;nbsp;&amp;nbsp;&amp;nbsp;&amp;nbsp;&amp;nbsp;&amp;nbsp;&amp;nbsp;}&amp;nbsp;catch&amp;nbsp;(&lt;/span&gt;&lt;span style="color: var(--highlight-default)"&gt;Throwable&amp;nbsp;$t&lt;/span&gt;&lt;span style="color: var(--highlight-keyword)"&gt;)&amp;nbsp;{&lt;/span&gt;&lt;/code&gt;&lt;/li&gt;
&lt;li&gt;&lt;code&gt;&lt;span style="color: var(--highlight-keyword)"&gt;&amp;nbsp;&amp;nbsp;&amp;nbsp;&amp;nbsp;&amp;nbsp;&amp;nbsp;&amp;nbsp;&amp;nbsp;&amp;nbsp;&amp;nbsp;&amp;nbsp;&amp;nbsp;print&amp;nbsp;&lt;/span&gt;&lt;span style="color: var(--highlight-default)"&gt;$t&lt;/span&gt;&lt;span style="color: var(--highlight-keyword)"&gt;-&amp;gt;&lt;/span&gt;&lt;span style="color: var(--highlight-default)"&gt;getMessage&lt;/span&gt;&lt;span style="color: var(--highlight-keyword)"&gt;()&amp;nbsp;.&amp;nbsp;&lt;/span&gt;&lt;span style="color: var(--highlight-default)"&gt;PHP_EOL&lt;/span&gt;&lt;span style="color: var(--highlight-keyword)"&gt;;&lt;/span&gt;&lt;/code&gt;&lt;/li&gt;
&lt;li&gt;&lt;code&gt;&lt;span style="color: var(--highlight-keyword)"&gt;&amp;nbsp;&amp;nbsp;&amp;nbsp;&amp;nbsp;&amp;nbsp;&amp;nbsp;&amp;nbsp;&amp;nbsp;}&lt;/span&gt;&lt;/code&gt;&lt;/li&gt;
&lt;li&gt;&lt;code&gt;&lt;span style="color: var(--highlight-keyword)"&gt;&lt;/span&gt;&lt;/code&gt;&lt;/li&gt;
&lt;li&gt;&lt;code&gt;&lt;span style="color: var(--highlight-keyword)"&gt;&amp;nbsp;&amp;nbsp;&amp;nbsp;&amp;nbsp;&amp;nbsp;&amp;nbsp;&amp;nbsp;&amp;nbsp;&lt;/span&gt;&lt;span style="color: var(--highlight-default)"&gt;$return&amp;nbsp;&lt;/span&gt;&lt;span style="color: var(--highlight-keyword)"&gt;=&amp;nbsp;&lt;/span&gt;&lt;span style="color: var(--highlight-default)"&gt;TestRunner&lt;/span&gt;&lt;span style="color: var(--highlight-keyword)"&gt;::&lt;/span&gt;&lt;span style="color: var(--highlight-default)"&gt;FAILURE_EXIT&lt;/span&gt;&lt;span style="color: var(--highlight-keyword)"&gt;;&lt;/span&gt;&lt;/code&gt;&lt;/li&gt;&lt;/ol&gt;    &lt;/div&gt;            &lt;/div&gt;
                        &lt;div class="trace-line "&gt;
                &lt;div class="trace-line-header break-long-words sf-toggle" data-toggle-selector="#trace-html-2-24" data-toggle-initial=""&gt;
            &lt;span class="icon icon-close"&gt;&lt;svg width="1792" height="1792" viewBox="0 0 1792 1792" xmlns="http://www.w3.org/2000/svg"&gt;&lt;path d="M1408 960V832q0-26-19-45t-45-19H448q-26 0-45 19t-19 45v128q0 26 19 45t45 19h896q26 0 45-19t19-45zm256-544v960q0 119-84.5 203.5T1376 1664H416q-119 0-203.5-84.5T128 1376V416q0-119 84.5-203.5T416 128h960q119 0 203.5 84.5T1664 416z"/&gt;&lt;/svg&gt;&lt;/span&gt;
        &lt;span class="icon icon-open"&gt;&lt;svg width="1792" height="1792" viewBox="0 0 1792 1792" xmlns="http://www.w3.org/2000/svg"&gt;&lt;path d="M1408 960V832q0-26-19-45t-45-19h-320V448q0-26-19-45t-45-19H832q-26 0-45 19t-19 45v320H448q-26 0-45 19t-19 45v128q0 26 19 45t45 19h320v320q0 26 19 45t45 19h128q26 0 45-19t19-45v-320h320q26 0 45-19t19-45zm256-544v960q0 119-84.5 203.5T1376 1664H416q-119 0-203.5-84.5T128 1376V416q0-119 84.5-203.5T416 128h960q119 0 203.5 84.5T1664 416z"/&gt;&lt;/svg&gt;&lt;/span&gt;
    
            &lt;span class="trace-class"&gt;&lt;abbr title="PHPUnit\TextUI\Command"&gt;Command&lt;/abbr&gt;&lt;/span&gt;&lt;span class="trace-type"&gt;-&gt;&lt;/span&gt;&lt;span class="trace-method"&gt;run&lt;/span&gt;&lt;span class="trace-arguments"&gt;(&lt;em&gt;array&lt;/em&gt;('bin/phpunit', '--log-junit', 'test-results.xml'), &lt;em&gt;true&lt;/em&gt;)&lt;/span&gt;    
                    &lt;span class="block trace-file-path"&gt;
            in
            &lt;a href="file://C:\Users\sliti\Desktop\dev\esprit-PIDEV-3A16-2526-FARMIA\vendor\phpunit\phpunit\src\TextUI\Command.php#L99"&gt;
                C:\Users\sliti\Desktop\dev\esprit-PIDEV-3A16-2526-FARMIA\vendor\phpunit\phpunit\src\TextUI\&lt;strong&gt;Command.php&lt;/strong&gt;
            &lt;/a&gt;
                        (line 99)
            &lt;span class="icon icon-copy hidden" data-clipboard-text="C:\Users\sliti\Desktop\dev\esprit-PIDEV-3A16-2526-FARMIA\vendor\phpunit\phpunit\src\TextUI\Command.php:99"&gt;
                &lt;svg xmlns="http://www.w3.org/2000/svg" height="24" viewBox="0 0 24 24" width="24"&gt;&lt;path d="M0 0h24v24H0z" fill="none"/&gt;&lt;path d="M16 1H4c-1.1 0-2 .9-2 2v14h2V3h12V1zm3 4H8c-1.1 0-2 .9-2 2v14c0 1.1.9 2 2 2h11c1.1 0 2-.9 2-2V7c0-1.1-.9-2-2-2zm0 16H8V7h11v14z"/&gt;&lt;/svg&gt;            &lt;/span&gt;
        &lt;/span&gt;
    &lt;/div&gt;
    &lt;div id="trace-html-2-24" class="trace-code sf-toggle-content"&gt;
        &lt;ol start="94"&gt;&lt;li&gt;&lt;code&gt;&lt;span style="color: var(--highlight-comment)"&gt;&amp;nbsp;&amp;nbsp;&amp;nbsp;&amp;nbsp;&amp;nbsp;*&amp;nbsp;@throws&amp;nbsp;Exception&lt;/span&gt;&lt;/code&gt;&lt;/li&gt;
&lt;li&gt;&lt;code&gt;&lt;span style="color: var(--highlight-comment)"&gt;&amp;nbsp;&amp;nbsp;&amp;nbsp;&amp;nbsp;&amp;nbsp;*/&lt;/span&gt;&lt;/code&gt;&lt;/li&gt;
&lt;li&gt;&lt;code&gt;&lt;span style="color: var(--highlight-comment)"&gt;&amp;nbsp;&amp;nbsp;&amp;nbsp;&amp;nbsp;&lt;/span&gt;&lt;span style="color: var(--highlight-keyword)"&gt;public&amp;nbsp;static&amp;nbsp;function&amp;nbsp;&lt;/span&gt;&lt;span style="color: var(--highlight-default)"&gt;main&lt;/span&gt;&lt;span style="color: var(--highlight-keyword)"&gt;(&lt;/span&gt;&lt;span style="color: var(--highlight-default)"&gt;bool&amp;nbsp;$exit&amp;nbsp;&lt;/span&gt;&lt;span style="color: var(--highlight-keyword)"&gt;=&amp;nbsp;&lt;/span&gt;&lt;span style="color: var(--highlight-default)"&gt;true&lt;/span&gt;&lt;span style="color: var(--highlight-keyword)"&gt;):&amp;nbsp;&lt;/span&gt;&lt;span style="color: var(--highlight-default)"&gt;int&lt;/span&gt;&lt;/code&gt;&lt;/li&gt;
&lt;li&gt;&lt;code&gt;&lt;span style="color: var(--highlight-default)"&gt;&amp;nbsp;&amp;nbsp;&amp;nbsp;&amp;nbsp;&lt;/span&gt;&lt;span style="color: var(--highlight-keyword)"&gt;{&lt;/span&gt;&lt;/code&gt;&lt;/li&gt;
&lt;li&gt;&lt;code&gt;&lt;span style="color: var(--highlight-keyword)"&gt;&amp;nbsp;&amp;nbsp;&amp;nbsp;&amp;nbsp;&amp;nbsp;&amp;nbsp;&amp;nbsp;&amp;nbsp;try&amp;nbsp;{&lt;/span&gt;&lt;/code&gt;&lt;/li&gt;
&lt;li class="selected"&gt;&lt;code&gt;&lt;span style="color: var(--highlight-keyword)"&gt;&amp;nbsp;&amp;nbsp;&amp;nbsp;&amp;nbsp;&amp;nbsp;&amp;nbsp;&amp;nbsp;&amp;nbsp;&amp;nbsp;&amp;nbsp;&amp;nbsp;&amp;nbsp;return&amp;nbsp;(new&amp;nbsp;static)-&amp;gt;&lt;/span&gt;&lt;span style="color: var(--highlight-default)"&gt;run&lt;/span&gt;&lt;span style="color: var(--highlight-keyword)"&gt;(&lt;/span&gt;&lt;span style="color: var(--highlight-default)"&gt;$_SERVER&lt;/span&gt;&lt;span style="color: var(--highlight-keyword)"&gt;[&lt;/span&gt;&lt;span style="color: var(--highlight-string)"&gt;'argv'&lt;/span&gt;&lt;span style="color: var(--highlight-keyword)"&gt;],&amp;nbsp;&lt;/span&gt;&lt;span style="color: var(--highlight-default)"&gt;$exit&lt;/span&gt;&lt;span style="color: var(--highlight-keyword)"&gt;);&lt;/span&gt;&lt;/code&gt;&lt;/li&gt;
&lt;li&gt;&lt;code&gt;&lt;span style="color: var(--highlight-keyword)"&gt;&amp;nbsp;&amp;nbsp;&amp;nbsp;&amp;nbsp;&amp;nbsp;&amp;nbsp;&amp;nbsp;&amp;nbsp;}&amp;nbsp;catch&amp;nbsp;(&lt;/span&gt;&lt;span style="color: var(--highlight-default)"&gt;Throwable&amp;nbsp;$t&lt;/span&gt;&lt;span style="color: var(--highlight-keyword)"&gt;)&amp;nbsp;{&lt;/span&gt;&lt;/code&gt;&lt;/li&gt;
&lt;li&gt;&lt;code&gt;&lt;span style="color: var(--highlight-keyword)"&gt;&amp;nbsp;&amp;nbsp;&amp;nbsp;&amp;nbsp;&amp;nbsp;&amp;nbsp;&amp;nbsp;&amp;nbsp;&amp;nbsp;&amp;nbsp;&amp;nbsp;&amp;nbsp;throw&amp;nbsp;new&amp;nbsp;&lt;/span&gt;&lt;span style="color: var(--highlight-default)"&gt;RuntimeException&lt;/span&gt;&lt;span style="color: var(--highlight-keyword)"&gt;(&lt;/span&gt;&lt;/code&gt;&lt;/li&gt;
&lt;li&gt;&lt;code&gt;&lt;span style="color: var(--highlight-keyword)"&gt;&amp;nbsp;&amp;nbsp;&amp;nbsp;&amp;nbsp;&amp;nbsp;&amp;nbsp;&amp;nbsp;&amp;nbsp;&amp;nbsp;&amp;nbsp;&amp;nbsp;&amp;nbsp;&amp;nbsp;&amp;nbsp;&amp;nbsp;&amp;nbsp;&lt;/span&gt;&lt;span style="color: var(--highlight-default)"&gt;$t&lt;/span&gt;&lt;span style="color: var(--highlight-keyword)"&gt;-&amp;gt;&lt;/span&gt;&lt;span style="color: var(--highlight-default)"&gt;getMessage&lt;/span&gt;&lt;span style="color: var(--highlight-keyword)"&gt;(),&lt;/span&gt;&lt;/code&gt;&lt;/li&gt;
&lt;li&gt;&lt;code&gt;&lt;span style="color: var(--highlight-keyword)"&gt;&amp;nbsp;&amp;nbsp;&amp;nbsp;&amp;nbsp;&amp;nbsp;&amp;nbsp;&amp;nbsp;&amp;nbsp;&amp;nbsp;&amp;nbsp;&amp;nbsp;&amp;nbsp;&amp;nbsp;&amp;nbsp;&amp;nbsp;&amp;nbsp;(int)&amp;nbsp;&lt;/span&gt;&lt;span style="color: var(--highlight-default)"&gt;$t&lt;/span&gt;&lt;span style="color: var(--highlight-keyword)"&gt;-&amp;gt;&lt;/span&gt;&lt;span style="color: var(--highlight-default)"&gt;getCode&lt;/span&gt;&lt;span style="color: var(--highlight-keyword)"&gt;(),&lt;/span&gt;&lt;/code&gt;&lt;/li&gt;
&lt;li&gt;&lt;code&gt;&lt;span style="color: var(--highlight-keyword)"&gt;&amp;nbsp;&amp;nbsp;&amp;nbsp;&amp;nbsp;&amp;nbsp;&amp;nbsp;&amp;nbsp;&amp;nbsp;&amp;nbsp;&amp;nbsp;&amp;nbsp;&amp;nbsp;&amp;nbsp;&amp;nbsp;&amp;nbsp;&amp;nbsp;&lt;/span&gt;&lt;span style="color: var(--highlight-default)"&gt;$t&lt;/span&gt;&lt;span style="color: var(--highlight-keyword)"&gt;,&lt;/span&gt;&lt;/code&gt;&lt;/li&gt;&lt;/ol&gt;    &lt;/div&gt;            &lt;/div&gt;
                        &lt;div class="trace-line "&gt;
                &lt;div class="trace-line-header break-long-words sf-toggle" data-toggle-selector="#trace-html-2-25" data-toggle-initial=""&gt;
            &lt;span class="icon icon-close"&gt;&lt;svg width="1792" height="1792" viewBox="0 0 1792 1792" xmlns="http://www.w3.org/2000/svg"&gt;&lt;path d="M1408 960V832q0-26-19-45t-45-19H448q-26 0-45 19t-19 45v128q0 26 19 45t45 19h896q26 0 45-19t19-45zm256-544v960q0 119-84.5 203.5T1376 1664H416q-119 0-203.5-84.5T128 1376V416q0-119 84.5-203.5T416 128h960q119 0 203.5 84.5T1664 416z"/&gt;&lt;/svg&gt;&lt;/span&gt;
        &lt;span class="icon icon-open"&gt;&lt;svg width="1792" height="1792" viewBox="0 0 1792 1792" xmlns="http://www.w3.org/2000/svg"&gt;&lt;path d="M1408 960V832q0-26-19-45t-45-19h-320V448q0-26-19-45t-45-19H832q-26 0-45 19t-19 45v320H448q-26 0-45 19t-19 45v128q0 26 19 45t45 19h320v320q0 26 19 45t45 19h128q26 0 45-19t19-45v-320h320q26 0 45-19t19-45zm256-544v960q0 119-84.5 203.5T1376 1664H416q-119 0-203.5-84.5T128 1376V416q0-119 84.5-203.5T416 128h960q119 0 203.5 84.5T1664 416z"/&gt;&lt;/svg&gt;&lt;/span&gt;
    
            &lt;span class="trace-class"&gt;&lt;abbr title="PHPUnit\TextUI\Command"&gt;Command&lt;/abbr&gt;&lt;/span&gt;&lt;span class="trace-type"&gt;::&lt;/span&gt;&lt;span class="trace-method"&gt;main&lt;/span&gt;&lt;span class="trace-arguments"&gt;()&lt;/span&gt;    
                    &lt;span class="block trace-file-path"&gt;
            in
            &lt;a href="file://C:\Users\sliti\Desktop\dev\esprit-PIDEV-3A16-2526-FARMIA\vendor\phpunit\phpunit\phpunit#L107"&gt;
                C:\Users\sliti\Desktop\dev\esprit-PIDEV-3A16-2526-FARMIA\vendor\phpunit\phpunit\&lt;strong&gt;phpunit&lt;/strong&gt;
            &lt;/a&gt;
                        (line 107)
            &lt;span class="icon icon-copy hidden" data-clipboard-text="C:\Users\sliti\Desktop\dev\esprit-PIDEV-3A16-2526-FARMIA\vendor\phpunit\phpunit\phpunit:107"&gt;
                &lt;svg xmlns="http://www.w3.org/2000/svg" height="24" viewBox="0 0 24 24" width="24"&gt;&lt;path d="M0 0h24v24H0z" fill="none"/&gt;&lt;path d="M16 1H4c-1.1 0-2 .9-2 2v14h2V3h12V1zm3 4H8c-1.1 0-2 .9-2 2v14c0 1.1.9 2 2 2h11c1.1 0 2-.9 2-2V7c0-1.1-.9-2-2-2zm0 16H8V7h11v14z"/&gt;&lt;/svg&gt;            &lt;/span&gt;
        &lt;/span&gt;
    &lt;/div&gt;
    &lt;div id="trace-html-2-25" class="trace-code sf-toggle-content"&gt;
        &lt;ol start="102"&gt;&lt;li&gt;&lt;code&gt;&lt;span style="color: var(--highlight-keyword)"&gt;unset(&lt;/span&gt;&lt;span style="color: var(--highlight-default)"&gt;$options&lt;/span&gt;&lt;span style="color: var(--highlight-keyword)"&gt;);&lt;/span&gt;&lt;/code&gt;&lt;/li&gt;
&lt;li&gt;&lt;code&gt;&lt;span style="color: var(--highlight-keyword)"&gt;&lt;/span&gt;&lt;/code&gt;&lt;/li&gt;
&lt;li&gt;&lt;code&gt;&lt;span style="color: var(--highlight-keyword)"&gt;require&amp;nbsp;&lt;/span&gt;&lt;span style="color: var(--highlight-default)"&gt;PHPUNIT_COMPOSER_INSTALL&lt;/span&gt;&lt;span style="color: var(--highlight-keyword)"&gt;;&lt;/span&gt;&lt;/code&gt;&lt;/li&gt;
&lt;li&gt;&lt;code&gt;&lt;span style="color: var(--highlight-keyword)"&gt;&lt;/span&gt;&lt;/code&gt;&lt;/li&gt;
&lt;li&gt;&lt;code&gt;&lt;span style="color: var(--highlight-keyword)"&gt;&lt;/span&gt;&lt;span style="color: var(--highlight-default)"&gt;PHPUnit\TextUI\Command&lt;/span&gt;&lt;span style="color: var(--highlight-keyword)"&gt;::&lt;/span&gt;&lt;span style="color: var(--highlight-default)"&gt;main&lt;/span&gt;&lt;span style="color: var(--highlight-keyword)"&gt;();&lt;/span&gt;&lt;/code&gt;&lt;/li&gt;
&lt;li class="selected"&gt;&lt;code&gt;&lt;span style="color: var(--highlight-keyword)"&gt;&lt;/span&gt;&lt;/code&gt;&lt;/li&gt;&lt;/ol&gt;    &lt;/div&gt;            &lt;/div&gt;
                        &lt;div class="trace-line "&gt;
                &lt;div class="trace-line-header break-long-words sf-toggle" data-toggle-selector="#trace-html-2-26" data-toggle-initial=""&gt;
            &lt;span class="icon icon-close"&gt;&lt;svg width="1792" height="1792" viewBox="0 0 1792 1792" xmlns="http://www.w3.org/2000/svg"&gt;&lt;path d="M1408 960V832q0-26-19-45t-45-19H448q-26 0-45 19t-19 45v128q0 26 19 45t45 19h896q26 0 45-19t19-45zm256-544v960q0 119-84.5 203.5T1376 1664H416q-119 0-203.5-84.5T128 1376V416q0-119 84.5-203.5T416 128h960q119 0 203.5 84.5T1664 416z"/&gt;&lt;/svg&gt;&lt;/span&gt;
        &lt;span class="icon icon-open"&gt;&lt;svg width="1792" height="1792" viewBox="0 0 1792 1792" xmlns="http://www.w3.org/2000/svg"&gt;&lt;path d="M1408 960V832q0-26-19-45t-45-19h-320V448q0-26-19-45t-45-19H832q-26 0-45 19t-19 45v320H448q-26 0-45 19t-19 45v128q0 26 19 45t45 19h320v320q0 26 19 45t45 19h128q26 0 45-19t19-45v-320h320q26 0 45-19t19-45zm256-544v960q0 119-84.5 203.5T1376 1664H416q-119 0-203.5-84.5T128 1376V416q0-119 84.5-203.5T416 128h960q119 0 203.5 84.5T1664 416z"/&gt;&lt;/svg&gt;&lt;/span&gt;
    
            &lt;span class="trace-class"&gt;&lt;abbr title=""&gt;&lt;/abbr&gt;&lt;/span&gt;&lt;span class="trace-method"&gt;require&lt;/span&gt;&lt;span class="trace-arguments"&gt;('C:\\Users\\sliti\\Desktop\\dev\\esprit-PIDEV-3A16-2526-FARMIA\\vendor\\phpunit\\phpunit\\phpunit')&lt;/span&gt;    
                    &lt;span class="block trace-file-path"&gt;
            in
            &lt;a href="file://C:\Users\sliti\Desktop\dev\esprit-PIDEV-3A16-2526-FARMIA\bin\phpunit#L10"&gt;
                C:\Users\sliti\Desktop\dev\esprit-PIDEV-3A16-2526-FARMIA\bin\&lt;strong&gt;phpunit&lt;/strong&gt;
            &lt;/a&gt;
                        (line 10)
            &lt;span class="icon icon-copy hidden" data-clipboard-text="C:\Users\sliti\Desktop\dev\esprit-PIDEV-3A16-2526-FARMIA\bin\phpunit:10"&gt;
                &lt;svg xmlns="http://www.w3.org/2000/svg" height="24" viewBox="0 0 24 24" width="24"&gt;&lt;path d="M0 0h24v24H0z" fill="none"/&gt;&lt;path d="M16 1H4c-1.1 0-2 .9-2 2v14h2V3h12V1zm3 4H8c-1.1 0-2 .9-2 2v14c0 1.1.9 2 2 2h11c1.1 0 2-.9 2-2V7c0-1.1-.9-2-2-2zm0 16H8V7h11v14z"/&gt;&lt;/svg&gt;            &lt;/span&gt;
        &lt;/span&gt;
    &lt;/div&gt;
    &lt;div id="trace-html-2-26" class="trace-code sf-toggle-content"&gt;
        &lt;ol start="5"&gt;&lt;li&gt;&lt;code&gt;&lt;span style="color: var(--highlight-keyword)"&gt;}&#13;&lt;/span&gt;&lt;/code&gt;&lt;/li&gt;
&lt;li&gt;&lt;code&gt;&lt;span style="color: var(--highlight-keyword)"&gt;&#13;&lt;/span&gt;&lt;/code&gt;&lt;/li&gt;
&lt;li&gt;&lt;code&gt;&lt;span style="color: var(--highlight-keyword)"&gt;if&amp;nbsp;(&lt;/span&gt;&lt;span style="color: var(--highlight-default)"&gt;is_file&lt;/span&gt;&lt;span style="color: var(--highlight-keyword)"&gt;(&lt;/span&gt;&lt;span style="color: var(--highlight-default)"&gt;dirname&lt;/span&gt;&lt;span style="color: var(--highlight-keyword)"&gt;(&lt;/span&gt;&lt;span style="color: var(--highlight-default)"&gt;__DIR__&lt;/span&gt;&lt;span style="color: var(--highlight-keyword)"&gt;).&lt;/span&gt;&lt;span style="color: var(--highlight-string)"&gt;'/vendor/phpunit/phpunit/phpunit'&lt;/span&gt;&lt;span style="color: var(--highlight-keyword)"&gt;))&amp;nbsp;{&#13;&lt;/span&gt;&lt;/code&gt;&lt;/li&gt;
&lt;li&gt;&lt;code&gt;&lt;span style="color: var(--highlight-keyword)"&gt;&amp;nbsp;&amp;nbsp;&amp;nbsp;&amp;nbsp;if&amp;nbsp;(&lt;/span&gt;&lt;span style="color: var(--highlight-default)"&gt;PHP_VERSION_ID&amp;nbsp;&lt;/span&gt;&lt;span style="color: var(--highlight-keyword)"&gt;&amp;gt;=&amp;nbsp;&lt;/span&gt;&lt;span style="color: var(--highlight-default)"&gt;80000&lt;/span&gt;&lt;span style="color: var(--highlight-keyword)"&gt;)&amp;nbsp;{&#13;&lt;/span&gt;&lt;/code&gt;&lt;/li&gt;
&lt;li&gt;&lt;code&gt;&lt;span style="color: var(--highlight-keyword)"&gt;&amp;nbsp;&amp;nbsp;&amp;nbsp;&amp;nbsp;&amp;nbsp;&amp;nbsp;&amp;nbsp;&amp;nbsp;require&amp;nbsp;&lt;/span&gt;&lt;span style="color: var(--highlight-default)"&gt;dirname&lt;/span&gt;&lt;span style="color: var(--highlight-keyword)"&gt;(&lt;/span&gt;&lt;span style="color: var(--highlight-default)"&gt;__DIR__&lt;/span&gt;&lt;span style="color: var(--highlight-keyword)"&gt;).&lt;/span&gt;&lt;span style="color: var(--highlight-string)"&gt;'/vendor/phpunit/phpunit/phpunit'&lt;/span&gt;&lt;span style="color: var(--highlight-keyword)"&gt;;&#13;&lt;/span&gt;&lt;/code&gt;&lt;/li&gt;
&lt;li class="selected"&gt;&lt;code&gt;&lt;span style="color: var(--highlight-keyword)"&gt;&amp;nbsp;&amp;nbsp;&amp;nbsp;&amp;nbsp;}&amp;nbsp;else&amp;nbsp;{&#13;&lt;/span&gt;&lt;/code&gt;&lt;/li&gt;
&lt;li&gt;&lt;code&gt;&lt;span style="color: var(--highlight-keyword)"&gt;&amp;nbsp;&amp;nbsp;&amp;nbsp;&amp;nbsp;&amp;nbsp;&amp;nbsp;&amp;nbsp;&amp;nbsp;&lt;/span&gt;&lt;span style="color: var(--highlight-default)"&gt;define&lt;/span&gt;&lt;span style="color: var(--highlight-keyword)"&gt;(&lt;/span&gt;&lt;span style="color: var(--highlight-string)"&gt;'PHPUNIT_COMPOSER_INSTALL'&lt;/span&gt;&lt;span style="color: var(--highlight-keyword)"&gt;,&amp;nbsp;&lt;/span&gt;&lt;span style="color: var(--highlight-default)"&gt;dirname&lt;/span&gt;&lt;span style="color: var(--highlight-keyword)"&gt;(&lt;/span&gt;&lt;span style="color: var(--highlight-default)"&gt;__DIR__&lt;/span&gt;&lt;span style="color: var(--highlight-keyword)"&gt;).&lt;/span&gt;&lt;span style="color: var(--highlight-string)"&gt;'/vendor/autoload.php'&lt;/span&gt;&lt;span style="color: var(--highlight-keyword)"&gt;);&#13;&lt;/span&gt;&lt;/code&gt;&lt;/li&gt;
&lt;li&gt;&lt;code&gt;&lt;span style="color: var(--highlight-keyword)"&gt;&amp;nbsp;&amp;nbsp;&amp;nbsp;&amp;nbsp;&amp;nbsp;&amp;nbsp;&amp;nbsp;&amp;nbsp;require&amp;nbsp;&lt;/span&gt;&lt;span style="color: var(--highlight-default)"&gt;PHPUNIT_COMPOSER_INSTALL&lt;/span&gt;&lt;span style="color: var(--highlight-keyword)"&gt;;&#13;&lt;/span&gt;&lt;/code&gt;&lt;/li&gt;
&lt;li&gt;&lt;code&gt;&lt;span style="color: var(--highlight-keyword)"&gt;&amp;nbsp;&amp;nbsp;&amp;nbsp;&amp;nbsp;&amp;nbsp;&amp;nbsp;&amp;nbsp;&amp;nbsp;&lt;/span&gt;&lt;span style="color: var(--highlight-default)"&gt;PHPUnit\TextUI\Command&lt;/span&gt;&lt;span style="color: var(--highlight-keyword)"&gt;::&lt;/span&gt;&lt;span style="color: var(--highlight-default)"&gt;main&lt;/span&gt;&lt;span style="color: var(--highlight-keyword)"&gt;();&#13;&lt;/span&gt;&lt;/code&gt;&lt;/li&gt;
&lt;li&gt;&lt;code&gt;&lt;span style="color: var(--highlight-keyword)"&gt;&amp;nbsp;&amp;nbsp;&amp;nbsp;&amp;nbsp;}&#13;&lt;/span&gt;&lt;/code&gt;&lt;/li&gt;
&lt;li&gt;&lt;code&gt;&lt;span style="color: var(--highlight-keyword)"&gt;}&amp;nbsp;else&amp;nbsp;{&#13;&lt;/span&gt;&lt;/code&gt;&lt;/li&gt;&lt;/ol&gt;    &lt;/div&gt;            &lt;/div&gt;
                    &lt;/div&gt;
    &lt;/div&gt;
&lt;/div&gt;            &lt;/div&gt;
        &lt;/div&gt;

        
        &lt;div class="tab"&gt;
            &lt;h3 class="tab-title"&gt;
                                    Stack Traces &lt;span class="badge"&gt;2&lt;/span&gt;
                            &lt;/h3&gt;

            &lt;div class="tab-content"&gt;
                &lt;table class="trace trace-as-text"&gt;
    &lt;thead class="trace-head"&gt;
        &lt;tr&gt;
            &lt;th class="sf-toggle" data-toggle-selector="#trace-text-1" data-toggle-initial="display"&gt;
                &lt;div class="trace-class"&gt;
                                            &lt;span class="text-muted"&gt;[2/2]&lt;/span&gt;
                                        MethodNotAllowedHttpException                    &lt;span class="icon icon-close"&gt;&lt;svg width="1792" height="1792" viewBox="0 0 1792 1792" xmlns="http://www.w3.org/2000/svg"&gt;&lt;path d="M1344 800v64q0 14-9 23t-23 9H480q-14 0-23-9t-9-23v-64q0-14 9-23t23-9h832q14 0 23 9t9 23zm128 448V416q0-66-47-113t-113-47H480q-66 0-113 47t-47 113v832q0 66 47 113t113 47h832q66 0 113-47t47-113zm128-832v832q0 119-84.5 203.5T1312 1536H480q-119 0-203.5-84.5T192 1248V416q0-119 84.5-203.5T480 128h832q119 0 203.5 84.5T1600 416z"/&gt;&lt;/svg&gt;&lt;/span&gt;
                    &lt;span class="icon icon-open"&gt;&lt;svg width="1792" height="1792" viewBox="0 0 1792 1792" xmlns="http://www.w3.org/2000/svg"&gt;&lt;path d="M1344 800v64q0 14-9 23t-23 9H960v352q0 14-9 23t-23 9h-64q-14 0-23-9t-9-23V896H480q-14 0-23-9t-9-23v-64q0-14 9-23t23-9h352V416q0-14 9-23t23-9h64q14 0 23 9t9 23v352h352q14 0 23 9t9 23zm128 448V416q0-66-47-113t-113-47H480q-66 0-113 47t-47 113v832q0 66 47 113t113 47h832q66 0 113-47t47-113zm128-832v832q0 119-84.5 203.5T1312 1536H480q-119 0-203.5-84.5T192 1248V416q0-119 84.5-203.5T480 128h832q119 0 203.5 84.5T1600 416z"/&gt;&lt;/svg&gt;&lt;/span&gt;
                &lt;/div&gt;
            &lt;/th&gt;
        &lt;/tr&gt;
    &lt;/thead&gt;

    &lt;tbody id="trace-text-1"&gt;
        &lt;tr&gt;
            &lt;td&gt;
                                &lt;pre class="stacktrace"&gt;
Symfony\Component\HttpKernel\Exception\MethodNotAllowedHttpException:
No route found for &amp;quot;GET http://localhost/expert/analyse/1/status/en_cours&amp;quot;: Method Not Allowed (Allow: POST)

  at C:\Users\sliti\Desktop\dev\esprit-PIDEV-3A16-2526-FARMIA\vendor\symfony\http-kernel\EventListener\RouterListener.php:131
  at Symfony\Component\HttpKernel\EventListener\RouterListener-&amp;gt;onKernelRequest(object(RequestEvent), 'kernel.request', object(TraceableEventDispatcher))
     (C:\Users\sliti\Desktop\dev\esprit-PIDEV-3A16-2526-FARMIA\vendor\symfony\event-dispatcher\Debug\WrappedListener.php:116)
  at Symfony\Component\EventDispatcher\Debug\WrappedListener-&amp;gt;__invoke(object(RequestEvent), 'kernel.request', object(TraceableEventDispatcher))
     (C:\Users\sliti\Desktop\dev\esprit-PIDEV-3A16-2526-FARMIA\vendor\symfony\event-dispatcher\EventDispatcher.php:220)
  at Symfony\Component\EventDispatcher\EventDispatcher-&amp;gt;callListeners(array(object(WrappedListener), object(WrappedListener), object(WrappedListener), object(WrappedListener), object(WrappedListener), object(WrappedListener), object(WrappedListener), object(WrappedListener), object(WrappedListener), object(WrappedListener), object(WrappedListener)), 'kernel.request', object(RequestEvent))
     (C:\Users\sliti\Desktop\dev\esprit-PIDEV-3A16-2526-FARMIA\vendor\symfony\event-dispatcher\EventDispatcher.php:56)
  at Symfony\Component\EventDispatcher\EventDispatcher-&amp;gt;dispatch(object(RequestEvent), 'kernel.request')
     (C:\Users\sliti\Desktop\dev\esprit-PIDEV-3A16-2526-FARMIA\vendor\symfony\event-dispatcher\Debug\TraceableEventDispatcher.php:139)
  at Symfony\Component\EventDispatcher\Debug\TraceableEventDispatcher-&amp;gt;dispatch(object(RequestEvent), 'kernel.request')
     (C:\Users\sliti\Desktop\dev\esprit-PIDEV-3A16-2526-FARMIA\vendor\symfony\http-kernel\HttpKernel.php:157)
  at Symfony\Component\HttpKernel\HttpKernel-&amp;gt;handleRaw(object(Request), 1)
     (C:\Users\sliti\Desktop\dev\esprit-PIDEV-3A16-2526-FARMIA\vendor\symfony\http-kernel\HttpKernel.php:76)
  at Symfony\Component\HttpKernel\HttpKernel-&amp;gt;handle(object(Request), 1, true)
     (C:\Users\sliti\Desktop\dev\esprit-PIDEV-3A16-2526-FARMIA\vendor\symfony\http-kernel\Kernel.php:208)
  at Symfony\Component\HttpKernel\Kernel-&amp;gt;handle(object(Request), 1, true)
     (C:\Users\sliti\Desktop\dev\esprit-PIDEV-3A16-2526-FARMIA\vendor\symfony\http-kernel\HttpKernelBrowser.php:65)
  at Symfony\Component\HttpKernel\HttpKernelBrowser-&amp;gt;doRequest(object(Request))
     (C:\Users\sliti\Desktop\dev\esprit-PIDEV-3A16-2526-FARMIA\vendor\symfony\framework-bundle\KernelBrowser.php:175)
  at Symfony\Bundle\FrameworkBundle\KernelBrowser-&amp;gt;doRequest(object(Request))
     (C:\Users\sliti\Desktop\dev\esprit-PIDEV-3A16-2526-FARMIA\vendor\symfony\browser-kit\AbstractBrowser.php:385)
  at Symfony\Component\BrowserKit\AbstractBrowser-&amp;gt;request('GET', 'http://localhost/expert/analyse/1/status/en_cours')
     (C:\Users\sliti\Desktop\dev\esprit-PIDEV-3A16-2526-FARMIA\tests\Functional\Controller\ExpertAnalyseControllerTest.php:106)
  at App\Tests\Functional\Controller\ExpertAnalyseControllerTest-&amp;gt;testCanUpdateAnalyseStatus()
     (C:\Users\sliti\Desktop\dev\esprit-PIDEV-3A16-2526-FARMIA\vendor\phpunit\phpunit\src\Framework\TestCase.php:1617)
  at PHPUnit\Framework\TestCase-&amp;gt;runTest()
     (C:\Users\sliti\Desktop\dev\esprit-PIDEV-3A16-2526-FARMIA\vendor\phpunit\phpunit\src\Framework\TestCase.php:1223)
  at PHPUnit\Framework\TestCase-&amp;gt;runBare()
     (C:\Users\sliti\Desktop\dev\esprit-PIDEV-3A16-2526-FARMIA\vendor\phpunit\phpunit\src\Framework\TestResult.php:729)
  at PHPUnit\Framework\TestResult-&amp;gt;run(object(ExpertAnalyseControllerTest))
     (C:\Users\sliti\Desktop\dev\esprit-PIDEV-3A16-2526-FARMIA\vendor\phpunit\phpunit\src\Framework\TestCase.php:973)
  at PHPUnit\Framework\TestCase-&amp;gt;run(object(TestResult))
     (C:\Users\sliti\Desktop\dev\esprit-PIDEV-3A16-2526-FARMIA\vendor\phpunit\phpunit\src\Framework\TestSuite.php:685)
  at PHPUnit\Framework\TestSuite-&amp;gt;run(object(TestResult))
     (C:\Users\sliti\Desktop\dev\esprit-PIDEV-3A16-2526-FARMIA\vendor\phpunit\phpunit\src\Framework\TestSuite.php:685)
  at PHPUnit\Framework\TestSuite-&amp;gt;run(object(TestResult))
     (C:\Users\sliti\Desktop\dev\esprit-PIDEV-3A16-2526-FARMIA\vendor\phpunit\phpunit\src\Framework\TestSuite.php:685)
  at PHPUnit\Framework\TestSuite-&amp;gt;run(object(TestResult))
     (C:\Users\sliti\Desktop\dev\esprit-PIDEV-3A16-2526-FARMIA\vendor\phpunit\phpunit\src\TextUI\TestRunner.php:651)
  at PHPUnit\TextUI\TestRunner-&amp;gt;run(object(TestSuite), array('extensions' =&gt; array(), 'listGroups' =&gt; false, 'listSuites' =&gt; false, 'listTests' =&gt; false, 'listTestsXml' =&gt; false, 'loader' =&gt; null, 'useDefaultConfiguration' =&gt; true, 'loadedExtensions' =&gt; array(), 'unavailableExtensions' =&gt; array(), 'notLoadedExtensions' =&gt; array(), 'junitLogfile' =&gt; 'test-results.xml', 'testSuffixes' =&gt; array('Test.php', '.phpt'), 'configuration' =&gt; 'C:\\Users\\sliti\\Desktop\\dev\\esprit-PIDEV-3A16-2526-FARMIA\\phpunit.xml.dist', 'configurationObject' =&gt; object(Configuration), 'stderr' =&gt; false, 'columns' =&gt; 80, 'warnings' =&gt; array(), 'debug' =&gt; false, 'filter' =&gt; false, 'listeners' =&gt; array(), 'backupGlobals' =&gt; false, 'backupStaticAttributes' =&gt; false, 'beStrictAboutChangesToGlobalState' =&gt; false, 'cacheResult' =&gt; true, 'colors' =&gt; 'auto', 'convertDeprecationsToExceptions' =&gt; false, 'convertErrorsToExceptions' =&gt; true, 'convertNoticesToExceptions' =&gt; true, 'convertWarningsToExceptions' =&gt; true, 'processIsolation' =&gt; false, 'stopOnDefect' =&gt; false, 'stopOnError' =&gt; false, 'stopOnFailure' =&gt; false, 'stopOnWarning' =&gt; false, 'stopOnIncomplete' =&gt; false, 'stopOnRisky' =&gt; false, 'stopOnSkipped' =&gt; false, 'failOnEmptyTestSuite' =&gt; false, 'failOnIncomplete' =&gt; false, 'failOnRisky' =&gt; false, 'failOnSkipped' =&gt; false, 'failOnWarning' =&gt; false, 'enforceTimeLimit' =&gt; false, 'defaultTimeLimit' =&gt; 1, 'timeoutForSmallTests' =&gt; 1, 'timeoutForMediumTests' =&gt; 10, 'timeoutForLargeTests' =&gt; 60, 'reportUselessTests' =&gt; true, 'strictCoverage' =&gt; false, 'ignoreDeprecatedCodeUnitsFromCodeCoverage' =&gt; false, 'disallowTestOutput' =&gt; false, 'disallowTodoAnnotatedTests' =&gt; false, 'beStrictAboutResourceUsageDuringSmallTests' =&gt; false, 'verbose' =&gt; false, 'reverseDefectList' =&gt; false, 'forceCoversAnnotation' =&gt; false, 'disableCodeCoverageIgnore' =&gt; false, 'registerMockObjectsFromTestArgumentsRecursively' =&gt; false, 'noInteraction' =&gt; false, 'executionOrder' =&gt; 0, 'resolveDependencies' =&gt; true, 'bootstrap' =&gt; 'C:\\Users\\sliti\\Desktop\\dev\\esprit-PIDEV-3A16-2526-FARMIA\\tests/bootstrap.php', 'executionOrderDefects' =&gt; 0, 'crap4jThreshold' =&gt; 30, 'excludeGroups' =&gt; array(), 'groups' =&gt; array(), 'randomOrderSeed' =&gt; 1777118040, 'repeat' =&gt; false, 'reportHighLowerBound' =&gt; 90, 'reportLowUpperBound' =&gt; 50, 'reverseList' =&gt; false, 'testdoxExcludeGroups' =&gt; array(), 'testdoxGroups' =&gt; array(), 'cacheResultFile' =&gt; 'C:\\Users\\sliti\\Desktop\\dev\\esprit-PIDEV-3A16-2526-FARMIA'), array(), true)
     (C:\Users\sliti\Desktop\dev\esprit-PIDEV-3A16-2526-FARMIA\vendor\phpunit\phpunit\src\TextUI\Command.php:146)
  at PHPUnit\TextUI\Command-&amp;gt;run(array('bin/phpunit', '--log-junit', 'test-results.xml'), true)
     (C:\Users\sliti\Desktop\dev\esprit-PIDEV-3A16-2526-FARMIA\vendor\phpunit\phpunit\src\TextUI\Command.php:99)
  at PHPUnit\TextUI\Command::main()
     (C:\Users\sliti\Desktop\dev\esprit-PIDEV-3A16-2526-FARMIA\vendor\phpunit\phpunit\phpunit:107)
  at require('C:\\Users\\sliti\\Desktop\\dev\\esprit-PIDEV-3A16-2526-FARMIA\\vendor\\phpunit\\phpunit\\phpunit')
     (C:\Users\sliti\Desktop\dev\esprit-PIDEV-3A16-2526-FARMIA\bin\phpunit:10)                &lt;/pre&gt;
                            &lt;/td&gt;
        &lt;/tr&gt;
    &lt;/tbody&gt;
&lt;/table&gt;&lt;table class="trace trace-as-text"&gt;
    &lt;thead class="trace-head"&gt;
        &lt;tr&gt;
            &lt;th class="sf-toggle" data-toggle-selector="#trace-text-2" data-toggle-initial=""&gt;
                &lt;div class="trace-class"&gt;
                                            &lt;span class="text-muted"&gt;[1/2]&lt;/span&gt;
                                        MethodNotAllowedException                    &lt;span class="icon icon-close"&gt;&lt;svg width="1792" height="1792" viewBox="0 0 1792 1792" xmlns="http://www.w3.org/2000/svg"&gt;&lt;path d="M1344 800v64q0 14-9 23t-23 9H480q-14 0-23-9t-9-23v-64q0-14 9-23t23-9h832q14 0 23 9t9 23zm128 448V416q0-66-47-113t-113-47H480q-66 0-113 47t-47 113v832q0 66 47 113t113 47h832q66 0 113-47t47-113zm128-832v832q0 119-84.5 203.5T1312 1536H480q-119 0-203.5-84.5T192 1248V416q0-119 84.5-203.5T480 128h832q119 0 203.5 84.5T1600 416z"/&gt;&lt;/svg&gt;&lt;/span&gt;
                    &lt;span class="icon icon-open"&gt;&lt;svg width="1792" height="1792" viewBox="0 0 1792 1792" xmlns="http://www.w3.org/2000/svg"&gt;&lt;path d="M1344 800v64q0 14-9 23t-23 9H960v352q0 14-9 23t-23 9h-64q-14 0-23-9t-9-23V896H480q-14 0-23-9t-9-23v-64q0-14 9-23t23-9h352V416q0-14 9-23t23-9h64q14 0 23 9t9 23v352h352q14 0 23 9t9 23zm128 448V416q0-66-47-113t-113-47H480q-66 0-113 47t-47 113v832q0 66 47 113t113 47h832q66 0 113-47t47-113zm128-832v832q0 119-84.5 203.5T1312 1536H480q-119 0-203.5-84.5T192 1248V416q0-119 84.5-203.5T480 128h832q119 0 203.5 84.5T1600 416z"/&gt;&lt;/svg&gt;&lt;/span&gt;
                &lt;/div&gt;
            &lt;/th&gt;
        &lt;/tr&gt;
    &lt;/thead&gt;

    &lt;tbody id="trace-text-2"&gt;
        &lt;tr&gt;
            &lt;td&gt;
                                &lt;pre class="stacktrace"&gt;
Symfony\Component\Routing\Exception\MethodNotAllowedException:

  at C:\Users\sliti\Desktop\dev\esprit-PIDEV-3A16-2526-FARMIA\vendor\symfony\routing\Matcher\Dumper\CompiledUrlMatcherTrait.php:42
  at Symfony\Component\Routing\Matcher\CompiledUrlMatcher-&amp;gt;match('/expert/analyse/1/status/en_cours')
     (C:\Users\sliti\Desktop\dev\esprit-PIDEV-3A16-2526-FARMIA\vendor\symfony\routing\Matcher\UrlMatcher.php:98)
  at Symfony\Component\Routing\Matcher\UrlMatcher-&amp;gt;matchRequest(object(Request))
     (C:\Users\sliti\Desktop\dev\esprit-PIDEV-3A16-2526-FARMIA\vendor\symfony\routing\Router.php:237)
  at Symfony\Component\Routing\Router-&amp;gt;matchRequest(object(Request))
     (C:\Users\sliti\Desktop\dev\esprit-PIDEV-3A16-2526-FARMIA\vendor\symfony\http-kernel\EventListener\RouterListener.php:105)
  at Symfony\Component\HttpKernel\EventListener\RouterListener-&amp;gt;onKernelRequest(object(RequestEvent), 'kernel.request', object(TraceableEventDispatcher))
     (C:\Users\sliti\Desktop\dev\esprit-PIDEV-3A16-2526-FARMIA\vendor\symfony\event-dispatcher\Debug\WrappedListener.php:116)
  at Symfony\Component\EventDispatcher\Debug\WrappedListener-&amp;gt;__invoke(object(RequestEvent), 'kernel.request', object(TraceableEventDispatcher))
     (C:\Users\sliti\Desktop\dev\esprit-PIDEV-3A16-2526-FARMIA\vendor\symfony\event-dispatcher\EventDispatcher.php:220)
  at Symfony\Component\EventDispatcher\EventDispatcher-&amp;gt;callListeners(array(object(WrappedListener), object(WrappedListener), object(WrappedListener), object(WrappedListener), object(WrappedListener), object(WrappedListener), object(WrappedListener), object(WrappedListener), object(WrappedListener), object(WrappedListener), object(WrappedListener)), 'kernel.request', object(RequestEvent))
     (C:\Users\sliti\Desktop\dev\esprit-PIDEV-3A16-2526-FARMIA\vendor\symfony\event-dispatcher\EventDispatcher.php:56)
  at Symfony\Component\EventDispatcher\EventDispatcher-&amp;gt;dispatch(object(RequestEvent), 'kernel.request')
     (C:\Users\sliti\Desktop\dev\esprit-PIDEV-3A16-2526-FARMIA\vendor\symfony\event-dispatcher\Debug\TraceableEventDispatcher.php:139)
  at Symfony\Component\EventDispatcher\Debug\TraceableEventDispatcher-&amp;gt;dispatch(object(RequestEvent), 'kernel.request')
     (C:\Users\sliti\Desktop\dev\esprit-PIDEV-3A16-2526-FARMIA\vendor\symfony\http-kernel\HttpKernel.php:157)
  at Symfony\Component\HttpKernel\HttpKernel-&amp;gt;handleRaw(object(Request), 1)
     (C:\Users\sliti\Desktop\dev\esprit-PIDEV-3A16-2526-FARMIA\vendor\symfony\http-kernel\HttpKernel.php:76)
  at Symfony\Component\HttpKernel\HttpKernel-&amp;gt;handle(object(Request), 1, true)
     (C:\Users\sliti\Desktop\dev\esprit-PIDEV-3A16-2526-FARMIA\vendor\symfony\http-kernel\Kernel.php:208)
  at Symfony\Component\HttpKernel\Kernel-&amp;gt;handle(object(Request), 1, true)
     (C:\Users\sliti\Desktop\dev\esprit-PIDEV-3A16-2526-FARMIA\vendor\symfony\http-kernel\HttpKernelBrowser.php:65)
  at Symfony\Component\HttpKernel\HttpKernelBrowser-&amp;gt;doRequest(object(Request))
     (C:\Users\sliti\Desktop\dev\esprit-PIDEV-3A16-2526-FARMIA\vendor\symfony\framework-bundle\KernelBrowser.php:175)
  at Symfony\Bundle\FrameworkBundle\KernelBrowser-&amp;gt;doRequest(object(Request))
     (C:\Users\sliti\Desktop\dev\esprit-PIDEV-3A16-2526-FARMIA\vendor\symfony\browser-kit\AbstractBrowser.php:385)
  at Symfony\Component\BrowserKit\AbstractBrowser-&amp;gt;request('GET', 'http://localhost/expert/analyse/1/status/en_cours')
     (C:\Users\sliti\Desktop\dev\esprit-PIDEV-3A16-2526-FARMIA\tests\Functional\Controller\ExpertAnalyseControllerTest.php:106)
  at App\Tests\Functional\Controller\ExpertAnalyseControllerTest-&amp;gt;testCanUpdateAnalyseStatus()
     (C:\Users\sliti\Desktop\dev\esprit-PIDEV-3A16-2526-FARMIA\vendor\phpunit\phpunit\src\Framework\TestCase.php:1617)
  at PHPUnit\Framework\TestCase-&amp;gt;runTest()
     (C:\Users\sliti\Desktop\dev\esprit-PIDEV-3A16-2526-FARMIA\vendor\phpunit\phpunit\src\Framework\TestCase.php:1223)
  at PHPUnit\Framework\TestCase-&amp;gt;runBare()
     (C:\Users\sliti\Desktop\dev\esprit-PIDEV-3A16-2526-FARMIA\vendor\phpunit\phpunit\src\Framework\TestResult.php:729)
  at PHPUnit\Framework\TestResult-&amp;gt;run(object(ExpertAnalyseControllerTest))
     (C:\Users\sliti\Desktop\dev\esprit-PIDEV-3A16-2526-FARMIA\vendor\phpunit\phpunit\src\Framework\TestCase.php:973)
  at PHPUnit\Framework\TestCase-&amp;gt;run(object(TestResult))
     (C:\Users\sliti\Desktop\dev\esprit-PIDEV-3A16-2526-FARMIA\vendor\phpunit\phpunit\src\Framework\TestSuite.php:685)
  at PHPUnit\Framework\TestSuite-&amp;gt;run(object(TestResult))
     (C:\Users\sliti\Desktop\dev\esprit-PIDEV-3A16-2526-FARMIA\vendor\phpunit\phpunit\src\Framework\TestSuite.php:685)
  at PHPUnit\Framework\TestSuite-&amp;gt;run(object(TestResult))
     (C:\Users\sliti\Desktop\dev\esprit-PIDEV-3A16-2526-FARMIA\vendor\phpunit\phpunit\src\Framework\TestSuite.php:685)
  at PHPUnit\Framework\TestSuite-&amp;gt;run(object(TestResult))
     (C:\Users\sliti\Desktop\dev\esprit-PIDEV-3A16-2526-FARMIA\vendor\phpunit\phpunit\src\TextUI\TestRunner.php:651)
  at PHPUnit\TextUI\TestRunner-&amp;gt;run(object(TestSuite), array('extensions' =&gt; array(), 'listGroups' =&gt; false, 'listSuites' =&gt; false, 'listTests' =&gt; false, 'listTestsXml' =&gt; false, 'loader' =&gt; null, 'useDefaultConfiguration' =&gt; true, 'loadedExtensions' =&gt; array(), 'unavailableExtensions' =&gt; array(), 'notLoadedExtensions' =&gt; array(), 'junitLogfile' =&gt; 'test-results.xml', 'testSuffixes' =&gt; array('Test.php', '.phpt'), 'configuration' =&gt; 'C:\\Users\\sliti\\Desktop\\dev\\esprit-PIDEV-3A16-2526-FARMIA\\phpunit.xml.dist', 'configurationObject' =&gt; object(Configuration), 'stderr' =&gt; false, 'columns' =&gt; 80, 'warnings' =&gt; array(), 'debug' =&gt; false, 'filter' =&gt; false, 'listeners' =&gt; array(), 'backupGlobals' =&gt; false, 'backupStaticAttributes' =&gt; false, 'beStrictAboutChangesToGlobalState' =&gt; false, 'cacheResult' =&gt; true, 'colors' =&gt; 'auto', 'convertDeprecationsToExceptions' =&gt; false, 'convertErrorsToExceptions' =&gt; true, 'convertNoticesToExceptions' =&gt; true, 'convertWarningsToExceptions' =&gt; true, 'processIsolation' =&gt; false, 'stopOnDefect' =&gt; false, 'stopOnError' =&gt; false, 'stopOnFailure' =&gt; false, 'stopOnWarning' =&gt; false, 'stopOnIncomplete' =&gt; false, 'stopOnRisky' =&gt; false, 'stopOnSkipped' =&gt; false, 'failOnEmptyTestSuite' =&gt; false, 'failOnIncomplete' =&gt; false, 'failOnRisky' =&gt; false, 'failOnSkipped' =&gt; false, 'failOnWarning' =&gt; false, 'enforceTimeLimit' =&gt; false, 'defaultTimeLimit' =&gt; 1, 'timeoutForSmallTests' =&gt; 1, 'timeoutForMediumTests' =&gt; 10, 'timeoutForLargeTests' =&gt; 60, 'reportUselessTests' =&gt; true, 'strictCoverage' =&gt; false, 'ignoreDeprecatedCodeUnitsFromCodeCoverage' =&gt; false, 'disallowTestOutput' =&gt; false, 'disallowTodoAnnotatedTests' =&gt; false, 'beStrictAboutResourceUsageDuringSmallTests' =&gt; false, 'verbose' =&gt; false, 'reverseDefectList' =&gt; false, 'forceCoversAnnotation' =&gt; false, 'disableCodeCoverageIgnore' =&gt; false, 'registerMockObjectsFromTestArgumentsRecursively' =&gt; false, 'noInteraction' =&gt; false, 'executionOrder' =&gt; 0, 'resolveDependencies' =&gt; true, 'bootstrap' =&gt; 'C:\\Users\\sliti\\Desktop\\dev\\esprit-PIDEV-3A16-2526-FARMIA\\tests/bootstrap.php', 'executionOrderDefects' =&gt; 0, 'crap4jThreshold' =&gt; 30, 'excludeGroups' =&gt; array(), 'groups' =&gt; array(), 'randomOrderSeed' =&gt; 1777118040, 'repeat' =&gt; false, 'reportHighLowerBound' =&gt; 90, 'reportLowUpperBound' =&gt; 50, 'reverseList' =&gt; false, 'testdoxExcludeGroups' =&gt; array(), 'testdoxGroups' =&gt; array(), 'cacheResultFile' =&gt; 'C:\\Users\\sliti\\Desktop\\dev\\esprit-PIDEV-3A16-2526-FARMIA'), array(), true)
     (C:\Users\sliti\Desktop\dev\esprit-PIDEV-3A16-2526-FARMIA\vendor\phpunit\phpunit\src\TextUI\Command.php:146)
  at PHPUnit\TextUI\Command-&amp;gt;run(array('bin/phpunit', '--log-junit', 'test-results.xml'), true)
     (C:\Users\sliti\Desktop\dev\esprit-PIDEV-3A16-2526-FARMIA\vendor\phpunit\phpunit\src\TextUI\Command.php:99)
  at PHPUnit\TextUI\Command::main()
     (C:\Users\sliti\Desktop\dev\esprit-PIDEV-3A16-2526-FARMIA\vendor\phpunit\phpunit\phpunit:107)
  at require('C:\\Users\\sliti\\Desktop\\dev\\esprit-PIDEV-3A16-2526-FARMIA\\vendor\\phpunit\\phpunit\\phpunit')
     (C:\Users\sliti\Desktop\dev\esprit-PIDEV-3A16-2526-FARMIA\bin\phpunit:10)                &lt;/pre&gt;
                            &lt;/td&gt;
        &lt;/tr&gt;
    &lt;/tbody&gt;
&lt;/table&gt;            &lt;/div&gt;
        &lt;/div&gt;

            &lt;/div&gt;
&lt;/div&gt;
        &lt;script&gt;
            /* This file is based on WebProfilerBundle/Resources/views/Profiler/base_js.html.twig.
   If you make any change in this file, verify the same change is needed in the other file. */
/*&lt;![CDATA[*/
(function() {
    "use strict";

    if ('classList' in document.documentElement) {
        var hasClass = function (el, cssClass) { return el.classList.contains(cssClass); };
        var removeClass = function(el, cssClass) { el.classList.remove(cssClass); };
        var addClass = function(el, cssClass) { el.classList.add(cssClass); };
        var toggleClass = function(el, cssClass) { el.classList.toggle(cssClass); };
    } else {
        var hasClass = function (el, cssClass) { return el.className.match(new RegExp('\\b' + cssClass + '\\b')); };
        var removeClass = function(el, cssClass) { el.className = el.className.replace(new RegExp('\\b' + cssClass + '\\b'), ' '); };
        var addClass = function(el, cssClass) { if (!hasClass(el, cssClass)) { el.className += " " + cssClass; } };
        var toggleClass = function(el, cssClass) { hasClass(el, cssClass) ? removeClass(el, cssClass) : addClass(el, cssClass); };
    }

    var addEventListener;

    var el = document.createElement('div');
    if (!('addEventListener' in el)) {
        addEventListener = function (element, eventName, callback) {
            element.attachEvent('on' + eventName, callback);
        };
    } else {
        addEventListener = function (element, eventName, callback) {
            element.addEventListener(eventName, callback, false);
        };
    }

    if (navigator.clipboard) {
        document.querySelectorAll('[data-clipboard-text]').forEach(function(element) {
            removeClass(element, 'hidden');
            element.addEventListener('click', function() {
                navigator.clipboard.writeText(element.getAttribute('data-clipboard-text'));
            })
        });
    }

    (function createTabs() {
        /* the accessibility options of this component have been defined according to: */
        /* www.w3.org/WAI/ARIA/apg/example-index/tabs/tabs-manual.html */
        var tabGroups = document.querySelectorAll('.sf-tabs:not([data-processed=true])');

        /* create the tab navigation for each group of tabs */
        for (var i = 0; i &lt; tabGroups.length; i++) {
            var tabs = tabGroups[i].querySelectorAll(':scope &gt; .tab');
            var tabNavigation = document.createElement('div');
            tabNavigation.className = 'tab-navigation';
            tabNavigation.setAttribute('role', 'tablist');

            var selectedTabId = 'tab-' + i + '-0'; /* select the first tab by default */
            for (var j = 0; j &lt; tabs.length; j++) {
                var tabId = 'tab-' + i + '-' + j;
                var tabTitle = tabs[j].querySelector('.tab-title').innerHTML;

                var tabNavigationItem = document.createElement('button');
                addClass(tabNavigationItem, 'tab-control');
                tabNavigationItem.setAttribute('data-tab-id', tabId);
                tabNavigationItem.setAttribute('role', 'tab');
                tabNavigationItem.setAttribute('aria-controls', tabId);
                if (hasClass(tabs[j], 'active')) { selectedTabId = tabId; }
                if (hasClass(tabs[j], 'disabled')) {
                    addClass(tabNavigationItem, 'disabled');
                }
                tabNavigationItem.innerHTML = tabTitle;
                tabNavigation.appendChild(tabNavigationItem);

                var tabContent = tabs[j].querySelector('.tab-content');
                tabContent.parentElement.setAttribute('id', tabId);
            }

            tabGroups[i].insertBefore(tabNavigation, tabGroups[i].firstChild);
            addClass(document.querySelector('[data-tab-id="' + selectedTabId + '"]'), 'active');
        }

        /* display the active tab and add the 'click' event listeners */
        for (i = 0; i &lt; tabGroups.length; i++) {
            tabNavigation = tabGroups[i].querySelectorAll(':scope &gt; .tab-navigation .tab-control');

            for (j = 0; j &lt; tabNavigation.length; j++) {
                tabId = tabNavigation[j].getAttribute('data-tab-id');
                var tabPanel = document.getElementById(tabId);
                tabPanel.setAttribute('role', 'tabpanel');
                tabPanel.setAttribute('aria-labelledby', tabId);
                tabPanel.querySelector('.tab-title').className = 'hidden';

                if (hasClass(tabNavigation[j], 'active')) {
                    tabPanel.className = 'block';
                    tabNavigation[j].setAttribute('aria-selected', 'true');
                    tabNavigation[j].removeAttribute('tabindex');
                } else {
                    tabPanel.className = 'hidden';
                    tabNavigation[j].removeAttribute('aria-selected');
                    tabNavigation[j].setAttribute('tabindex', '-1');
                }

                tabNavigation[j].addEventListener('click', function(e) {
                    var activeTab = e.target || e.srcElement;

                    /* needed because when the tab contains HTML contents, user can click */
                    /* on any of those elements instead of their parent '&lt;button&gt;' element */
                    while (activeTab.tagName.toLowerCase() !== 'button') {
                        activeTab = activeTab.parentNode;
                    }

                    /* get the full list of tabs through the parent of the active tab element */
                    var tabNavigation = activeTab.parentNode.children;
                    for (var k = 0; k &lt; tabNavigation.length; k++) {
                        var tabId = tabNavigation[k].getAttribute('data-tab-id');
                        document.getElementById(tabId).className = 'hidden';
                        removeClass(tabNavigation[k], 'active');
                        tabNavigation[k].removeAttribute('aria-selected');
                        tabNavigation[k].setAttribute('tabindex', '-1');
                    }

                    addClass(activeTab, 'active');
                    activeTab.setAttribute('aria-selected', 'true');
                    activeTab.removeAttribute('tabindex');
                    var activeTabId = activeTab.getAttribute('data-tab-id');
                    document.getElementById(activeTabId).className = 'block';
                });
            }

            tabGroups[i].setAttribute('data-processed', 'true');
        }
    })();

    (function createToggles() {
        var toggles = document.querySelectorAll('.sf-toggle:not([data-processed=true])');

        for (var i = 0; i &lt; toggles.length; i++) {
            var elementSelector = toggles[i].getAttribute('data-toggle-selector');
            var element = document.querySelector(elementSelector);

            addClass(element, 'sf-toggle-content');

            if (toggles[i].hasAttribute('data-toggle-initial') &amp;&amp; toggles[i].getAttribute('data-toggle-initial') == 'display') {
                addClass(toggles[i], 'sf-toggle-on');
                addClass(element, 'sf-toggle-visible');
            } else {
                addClass(toggles[i], 'sf-toggle-off');
                addClass(element, 'sf-toggle-hidden');
            }

            addEventListener(toggles[i], 'click', function(e) {
                var toggle = e.currentTarget;

                if (e.target.closest('a, span[data-clipboard-text], .sf-toggle') !== toggle) {
                    return;
                }

                e.preventDefault();

                if ('' !== window.getSelection().toString()) {
                    /* Don't do anything on text selection */
                    return;
                }

                var element = document.querySelector(toggle.getAttribute('data-toggle-selector'));

                toggleClass(toggle, 'sf-toggle-on');
                toggleClass(toggle, 'sf-toggle-off');
                toggleClass(element, 'sf-toggle-hidden');
                toggleClass(element, 'sf-toggle-visible');

                /* the toggle doesn't change its contents when clicking on it */
                if (!toggle.hasAttribute('data-toggle-alt-content')) {
                    return;
                }

                if (!toggle.hasAttribute('data-toggle-original-content')) {
                    toggle.setAttribute('data-toggle-original-content', toggle.innerHTML);
                }

                var currentContent = toggle.innerHTML;
                var originalContent = toggle.getAttribute('data-toggle-original-content');
                var altContent = toggle.getAttribute('data-toggle-alt-content');
                toggle.innerHTML = currentContent !== altContent ? altContent : originalContent;
            });

            toggles[i].setAttribute('data-processed', 'true');
        }
    })();

    (function createFilters() {
        document.querySelectorAll('[data-filters] [data-filter]').forEach(function (filter) {
            var filters = filter.closest('[data-filters]'),
                type = 'choice',
                name = filter.dataset.filter,
                ucName = name.charAt(0).toUpperCase()+name.slice(1),
                list = document.createElement('ul'),
                values = filters.dataset['filter'+ucName] || filters.querySelectorAll('[data-filter-'+name+']'),
                labels = {},
                defaults = null,
                indexed = {},
                processed = {};
            if (typeof values === 'string') {
                type = 'level';
                labels = values.split(',');
                values = values.toLowerCase().split(',');
                defaults = values.length - 1;
            }
            addClass(list, 'filter-list');
            addClass(list, 'filter-list-'+type);
            values.forEach(function (value, i) {
                if (value instanceof HTMLElement) {
                    value = value.dataset['filter'+ucName];
                }
                if (value in processed) {
                    return;
                }
                var option = document.createElement('li'),
                    label = i in labels ? labels[i] : value,
                    active = false,
                    matches;
                if ('' === label) {
                    option.innerHTML = '&lt;em&gt;(none)&lt;/em&gt;';
                } else {
                    option.innerText = label;
                }
                option.dataset.filter = value;
                option.setAttribute('title', 1 === (matches = filters.querySelectorAll('[data-filter-'+name+'="'+value+'"]').length) ? 'Matches 1 row' : 'Matches '+matches+' rows');
                indexed[value] = i;
                list.appendChild(option);
                addEventListener(option, 'click', function () {
                    if ('choice' === type) {
                        filters.querySelectorAll('[data-filter-'+name+']').forEach(function (row) {
                            if (option.dataset.filter === row.dataset['filter'+ucName]) {
                                toggleClass(row, 'filter-hidden-'+name);
                            }
                        });
                        toggleClass(option, 'active');
                    } else if ('level' === type) {
                        if (i === this.parentNode.querySelectorAll('.active').length - 1) {
                            return;
                        }
                        this.parentNode.querySelectorAll('li').forEach(function (currentOption, j) {
                            if (j &lt;= i) {
                                addClass(currentOption, 'active');
                                if (i === j) {
                                    addClass(currentOption, 'last-active');
                                } else {
                                    removeClass(currentOption, 'last-active');
                                }
                            } else {
                                removeClass(currentOption, 'active');
                                removeClass(currentOption, 'last-active');
                            }
                        });
                        filters.querySelectorAll('[data-filter-'+name+']').forEach(function (row) {
                            if (i &lt; indexed[row.dataset['filter'+ucName]]) {
                                addClass(row, 'filter-hidden-'+name);
                            } else {
                                removeClass(row, 'filter-hidden-'+name);
                            }
                        });
                    }
                });
                if ('choice' === type) {
                    active = null === defaults || 0 &lt;= defaults.indexOf(value);
                } else if ('level' === type) {
                    active = i &lt;= defaults;
                    if (active &amp;&amp; i === defaults) {
                        addClass(option, 'last-active');
                    }
                }
                if (active) {
                    addClass(option, 'active');
                } else {
                    filters.querySelectorAll('[data-filter-'+name+'="'+value+'"]').forEach(function (row) {
                        toggleClass(row, 'filter-hidden-'+name);
                    });
                }
                processed[value] = true;
            });

            if (1 &lt; list.childNodes.length) {
                filter.appendChild(list);
                filter.dataset.filtered = '';
            }
        });
    })();
})();
/*]]&gt;*/        &lt;/script&gt;
    &lt;/body&gt;
&lt;/html&gt;
&lt;!-- No route found for &amp;quot;GET http://localhost/expert/analyse/1/status/en_cours&amp;quot;: Method Not Allowed (Allow: POST) (405 Method Not Allowed) --&gt;

C:\Users\sliti\Desktop\dev\esprit-PIDEV-3A16-2526-FARMIA\vendor\symfony\framework-bundle\Test\BrowserKitAssertionsTrait.php:150
C:\Users\sliti\Desktop\dev\esprit-PIDEV-3A16-2526-FARMIA\vendor\symfony\framework-bundle\Test\BrowserKitAssertionsTrait.php:64
C:\Users\sliti\Desktop\dev\esprit-PIDEV-3A16-2526-FARMIA\tests\Functional\Controller\ExpertAnalyseControllerTest.php:108
C:\Users\sliti\Desktop\dev\esprit-PIDEV-3A16-2526-FARMIA\vendor\phpunit\phpunit\phpunit:107</failure>
        </testcase>
        <testcase name="testTakeRequestAssignsExpert" class="App\Tests\Functional\Controller\ExpertAnalyseControllerTest" classname="App.Tests.Functional.Controller.ExpertAnalyseControllerTest" file="C:\Users\sliti\Desktop\dev\esprit-PIDEV-3A16-2526-FARMIA\tests\Functional\Controller\ExpertAnalyseControllerTest.php" line="118" assertions="3" time="0.237245">
          <failure type="PHPUnit\Framework\ExpectationFailedException">App\Tests\Functional\Controller\ExpertAnalyseControllerTest::testTakeRequestAssignsExpert
'en_cours' does not match expected type "object".

C:\Users\sliti\Desktop\dev\esprit-PIDEV-3A16-2526-FARMIA\tests\Functional\Controller\ExpertAnalyseControllerTest.php:129
C:\Users\sliti\Desktop\dev\esprit-PIDEV-3A16-2526-FARMIA\vendor\phpunit\phpunit\phpunit:107</failure>
        </testcase>
        <testcase name="testNonExpertCannotAccessExpertRoutes" class="App\Tests\Functional\Controller\ExpertAnalyseControllerTest" classname="App.Tests.Functional.Controller.ExpertAnalyseControllerTest" file="C:\Users\sliti\Desktop\dev\esprit-PIDEV-3A16-2526-FARMIA\tests\Functional\Controller\ExpertAnalyseControllerTest.php" line="135" assertions="1" time="0.263135">
          <failure type="PHPUnit\Framework\ExpectationFailedException">App\Tests\Functional\Controller\ExpertAnalyseControllerTest::testNonExpertCannotAccessExpertRoutes
Failed asserting that the Response status code is 403.
HTTP/1.1 302 Found&#13;
Cache-Control: max-age=0, must-revalidate, private&#13;
Content-Type:  text/html; charset=utf-8&#13;
Date:          Sat, 25 Apr 2026 11:54:10 GMT&#13;
Expires:       Sat, 25 Apr 2026 11:54:10 GMT&#13;
Location:      /dashboard&#13;
X-Robots-Tag:  noindex&#13;
&#13;
&lt;!DOCTYPE html&gt;
&lt;html&gt;
    &lt;head&gt;
        &lt;meta charset="UTF-8" /&gt;
        &lt;meta http-equiv="refresh" content="0;url='/dashboard'" /&gt;

        &lt;title&gt;Redirecting to /dashboard&lt;/title&gt;
    &lt;/head&gt;
    &lt;body&gt;
        Redirecting to &lt;a href="/dashboard"&gt;/dashboard&lt;/a&gt;.
    &lt;/body&gt;
&lt;/html&gt;

C:\Users\sliti\Desktop\dev\esprit-PIDEV-3A16-2526-FARMIA\vendor\symfony\framework-bundle\Test\BrowserKitAssertionsTrait.php:150
C:\Users\sliti\Desktop\dev\esprit-PIDEV-3A16-2526-FARMIA\vendor\symfony\framework-bundle\Test\BrowserKitAssertionsTrait.php:40
C:\Users\sliti\Desktop\dev\esprit-PIDEV-3A16-2526-FARMIA\tests\Functional\Controller\ExpertAnalyseControllerTest.php:142
C:\Users\sliti\Desktop\dev\esprit-PIDEV-3A16-2526-FARMIA\vendor\phpunit\phpunit\phpunit:107</failure>
        </testcase>
        <testcase name="testUnauthenticatedUserIsRedirected" class="App\Tests\Functional\Controller\ExpertAnalyseControllerTest" classname="App.Tests.Functional.Controller.ExpertAnalyseControllerTest" file="C:\Users\sliti\Desktop\dev\esprit-PIDEV-3A16-2526-FARMIA\tests\Functional\Controller\ExpertAnalyseControllerTest.php" line="148" assertions="2" time="0.238834"/>
      </testsuite>
      <testsuite name="App\Tests\Functional\Controller\ExpertConseilControllerTest" file="C:\Users\sliti\Desktop\dev\esprit-PIDEV-3A16-2526-FARMIA\tests\Functional\Controller\ExpertConseilControllerTest.php" tests="6" assertions="3" errors="3" warnings="0" failures="3" skipped="0" time="1.737694">
        <testcase name="testExpertConseilListLoads" class="App\Tests\Functional\Controller\ExpertConseilControllerTest" classname="App.Tests.Functional.Controller.ExpertConseilControllerTest" file="C:\Users\sliti\Desktop\dev\esprit-PIDEV-3A16-2526-FARMIA\tests\Functional\Controller\ExpertConseilControllerTest.php" line="28" assertions="1" time="0.381341">
          <failure type="PHPUnit\Framework\ExpectationFailedException">App\Tests\Functional\Controller\ExpertConseilControllerTest::testExpertConseilListLoads
Failed asserting that the Response is successful.
HTTP/1.1 404 Not Found&#13;
Cache-Control:          no-cache, private&#13;
Content-Type:           text/html; charset=UTF-8&#13;
Date:                   Sat, 25 Apr 2026 11:54:10 GMT&#13;
Vary:                   Accept&#13;
X-Debug-Exception:      No%20route%20found%20for%20%22GET%20http%3A%2F%2Flocalhost%2Fexpert%2Fconseil%22&#13;
X-Debug-Exception-File: C%3A%5CUsers%5Csliti%5CDesktop%5Cdev%5Cesprit-PIDEV-3A16-2526-FARMIA%5Cvendor%5Csymfony%5Chttp-kernel%5CEventListener%5CRouterListener.php:127&#13;
X-Robots-Tag:           noindex&#13;
&#13;
&lt;!-- No route found for &amp;quot;GET http://localhost/expert/conseil&amp;quot; (404 Not Found) --&gt;
&lt;!DOCTYPE html&gt;
&lt;html lang="en"&gt;
    &lt;head&gt;
        &lt;meta charset="UTF-8" /&gt;
        &lt;meta name="robots" content="noindex,nofollow" /&gt;
        &lt;meta name="viewport" content="width=device-width,initial-scale=1" /&gt;
        &lt;title&gt;No route found for &amp;quot;GET http://localhost/expert/conseil&amp;quot; (404 Not Found)&lt;/title&gt;
        &lt;link rel="icon" type="image/png" href="data:image/png;base64,iVBORw0KGgoAAAANSUhEUgAAABwAAAAgCAYAAAABtRhCAAADVUlEQVRIx82XX0jTURTHLYPyqZdefQx66CEo80+aYpoIkqzUikz6Z5klQoWUWYRIJYEUGpQ+lIr9U5dOTLdCtkmWZis3rbnC5fw/neYW002307mX/cZvP3/7o1PwwOdh95x7vnf39zvnd29AgBer2xO6DclAXiMqZAqxIiNIN/IYSUS2BPhjmGATchUxI+ADWiRhpWK7HKuHFVBFdmU5YvnI4grFGCaReF/EBH4KsZlGgj2JBTuCYBWRIYF8YoEOJ6wBt/gEs7mBbyOjQXruPLSdOgPCiEiPSUUHDoL8Ug5IUo9B/d5wrt+G7OAKNrODPuVdB6vRCIzN6SdBlpW9RIgk/1FeAXabzRlrUPVCS/JhbmwudztnGeeH9AyXBIwtmM3wLinZJZHifjHw2V+NBoRh+9ixQrbgbnaSIcl7cGea6hoXQbNe7za241oeO5Z0p42M4BV2EqP2D50wo+6HzvwC6C4sApNOR8cmOrtcnhtj2kYRyC9eBvXzKrBZrXSs72kFd1t3MoKVbMekQkEnSNKOO8fac3LpmK6l1TlGtsxmsdKFsecPYgwxst0cwROMYDXboSotg0WLBRqjY51jLYcENElXwW2XJKPydvoI2GN9T8rBtrAArYIUruBJXkFheCQYlCpQP6uk5dAQFQNaUROMSGVQFxLmkoQsxDJrhLbTZ+nvVsERME9MgPJRKV/58AsyomTSzE813WLFvWK++qI0xSfQl8k8Pg46sYRuv5t6dS+4RqxDwaa4BGjYH+NTQvKScIp9+YL/hoZh3jDtLRHtt2C3g6bmhX+CpsFBWg7ilDSPgj0lD2ncr5ev/BP8VvyAJhqVyZeUhPOrEhEFxgEtjft846Z/guQTNT89Q5P9flMLoth4F7808wKtWWKzAwNQHxrh/1vaid2F+XpYTSbQf1XA2McOmOpROnvpvMEA4tSjq1cW0sws2gCYxswY6TKkvzYnJq1NHZLnRU4BX+4U0uburvusu8Kv8iHY7qefkM4IFngJHEOUXmLEPgiGsI8YnlZILit3vSSLRTQe/MPIZva5pshNIEmyFQlCvruJKXPkCEfmePzkphXHdzZNQdoRI9KPlBAxlj/I8U97ERPS5bjGbWDFbEdqHVe5caTBeZZx2H/IMvzeN15yoQAAAABJRU5ErkJggg==" /&gt;
        &lt;style&gt;/* This file is based on WebProfilerBundle/Resources/views/Profiler/profiler.css.twig.
   If you make any change in this file, verify the same change is needed in the other file. */
:root {
    --font-sans-serif: Helvetica, Arial, sans-serif;
    --page-background: #f9f9f9;
    --color-text: #222;
    /* when updating any of these colors, do the same in toolbar.css.twig */
    --color-success: #4f805d;
    --color-warning: #a46a1f;
    --color-error: #b0413e;
    --color-muted: #999;
    --tab-background: #f0f0f0;
    --tab-border-color: #e5e5e5;
    --tab-active-border-color: #d4d4d4;
    --tab-color: #444;
    --tab-active-background: #fff;
    --tab-active-color: var(--color-text);
    --tab-disabled-background: #f5f5f5;
    --tab-disabled-color: #999;
    --selected-badge-background: #e5e5e5;
    --selected-badge-color: #525252;
    --selected-badge-shadow: inset 0 0 0 1px #d4d4d4;
    --selected-badge-warning-background: #fde496;
    --selected-badge-warning-color: #785b02;
    --selected-badge-warning-shadow: inset 0 0 0 1px #e6af05;
    --selected-badge-danger-background: #FCE9ED;
    --selected-badge-danger-color: #83122A;
    --selected-badge-danger-shadow: inset 0 0 0 1px #F5B8C5;
    --metric-value-background: #fff;
    --metric-value-color: inherit;
    --metric-unit-color: #999;
    --metric-label-background: #e0e0e0;
    --metric-label-color: inherit;
    --table-border: #e0e0e0;
    --table-background: #fff;
    --table-header: #e0e0e0;
    --trace-selected-background: #F7E5A1;
    --tree-active-background: #F7E5A1;
    --exception-title-color: var(--base-2);
    --shadow: 0px 0px 1px rgba(128, 128, 128, .2);
    --border: 1px solid #e0e0e0;
    --background-error: var(--color-error);
    --highlight-comment: #969896;
    --highlight-default: #222222;
    --highlight-keyword: #a71d5d;
    --highlight-string: #183691;
    --base-0: #fff;
    --base-1: #f5f5f5;
    --base-2: #e0e0e0;
    --base-3: #ccc;
    --base-4: #666;
    --base-5: #444;
    --base-6: #222;
}

.theme-dark {
    --page-background: #36393e;
    --color-text: #e0e0e0;
    --color-muted: #777;
    --color-error: #f76864;
    --tab-background: #404040;
    --tab-border-color: #737373;
    --tab-active-border-color: #171717;
    --tab-color: var(--color-text);
    --tab-active-background: #d4d4d4;
    --tab-active-color: #262626;
    --tab-disabled-background: var(--page-background);
    --tab-disabled-color: #a3a3a3;
    --selected-badge-background: #555;
    --selected-badge-color: #ddd;
    --selected-badge-shadow: none;
    --selected-badge-warning-background: #fcd55f;
    --selected-badge-warning-color: #785b02;
    --selected-badge-warning-shadow: inset 0 0 0 1px #af8503;
    --selected-badge-danger-background: #B41939;
    --selected-badge-danger-color: #FCE9ED;
    --selected-badge-danger-shadow: none;
    --metric-value-background: #555;
    --metric-value-color: inherit;
    --metric-unit-color: #999;
    --metric-label-background: #777;
    --metric-label-color: #e0e0e0;
    --trace-selected-background: #5d5227cc;
    --table-border: #444;
    --table-background: #333;
    --table-header: #555;
    --info-background: rgba(79, 148, 195, 0.5);
    --tree-active-background: var(--metric-label-background);
    --exception-title-color: var(--base-2);
    --shadow: 0px 0px 1px rgba(32, 32, 32, .2);
    --border: 1px solid #666;
    --background-error: #b0413e;
    --highlight-comment: #dedede;
    --highlight-default: var(--base-6);
    --highlight-keyword: #de8986;
    --highlight-string: #70a6fd;
    --base-0: #2e3136;
    --base-1: #444;
    --base-2: #666;
    --base-3: #666;
    --base-4: #666;
    --base-5: #e0e0e0;
    --base-6: #f5f5f5;
    --card-label-background: var(--tab-active-background);
    --card-label-color: var(--tab-active-color);
}

html{font-family:sans-serif;-webkit-text-size-adjust:100%;-ms-text-size-adjust:100%}body{margin:0}article,aside,details,figcaption,figure,footer,header,hgroup,main,menu,nav,section{display:block}audio,canvas,progress,video{display:inline-block;vertical-align:baseline}audio:not([controls]){display:none;height:0}[hidden],template{display:none}a{background-color:transparent}a:active,a:hover{outline:0}abbr[title]{border-bottom:1px dotted}b,strong{font-weight:700}dfn{font-style:italic}h1{margin:.67em 0;font-size:2em}mark{color:#000;background:#ff0}small{font-size:80%}sub,sup{position:relative;font-size:75%;line-height:0;vertical-align:baseline}sup{top:-.5em}sub{bottom:-.25em}img{border:0}svg:not(:root){overflow:hidden}figure{margin:1em 40px}hr{height:0;-webkit-box-sizing:content-box;-moz-box-sizing:content-box;box-sizing:content-box}pre{overflow:auto}code,kbd,pre,samp{font-family:monospace,monospace;font-size:1em}button,input,optgroup,select,textarea{margin:0;font:inherit;color:inherit}button{overflow:visible}button,select{text-transform:none}button,html input[type="button"],input[type="reset"],input[type="submit"]{-webkit-appearance:button;cursor:pointer}button[disabled],html input[disabled]{cursor:default}button::-moz-focus-inner,input::-moz-focus-inner{padding:0;border:0}input{line-height:normal}input[type="checkbox"],input[type="radio"]{-webkit-box-sizing:border-box;-moz-box-sizing:border-box;box-sizing:border-box;padding:0}input[type="number"]::-webkit-inner-spin-button,input[type="number"]::-webkit-outer-spin-button{height:auto}input[type="search"]{-webkit-box-sizing:content-box;-moz-box-sizing:content-box;box-sizing:content-box;-webkit-appearance:textfield}input[type="search"]::-webkit-search-cancel-button,input[type="search"]::-webkit-search-decoration{-webkit-appearance:none}fieldset{padding:.35em .625em .75em;margin:0 2px;border:1px solid silver}legend{padding:0;border:0}textarea{overflow:auto}optgroup{font-weight:700}table{border-spacing:0;border-collapse:collapse}td,th{padding:0}summary{cursor: pointer}

html {
    /* always display the vertical scrollbar to avoid jumps when toggling contents */
    overflow-y: scroll;
}
body { background-color: var(--page-background); color: var(--base-6); font: 14px/1.4 Helvetica, Arial, sans-serif; padding-bottom: 45px; }

a { cursor: pointer; text-decoration: none; }
a:hover { text-decoration: underline; }
abbr[title] { border-bottom: none; cursor: help; text-decoration: none; }

code, pre { font: 13px/1.5 Consolas, Monaco, Menlo, "Ubuntu Mono", "Liberation Mono", monospace; }

table, tr, th, td { background: var(--base-0); border-collapse: collapse; vertical-align: top; }
table { background: var(--base-0); border: var(--border); box-shadow: 0px 0px 1px rgba(128, 128, 128, .2); margin: 1em 0; width: 100%; }
table th, table td { border: solid var(--base-2); border-width: 1px 0; padding: 8px 10px; }
table th { background-color: var(--base-2); font-weight: bold; text-align: left; }

.m-t-5 { margin-top: 5px; }
.hidden-xs-down { display: none; }
.block { display: block; }
.full-width { width: 100%; }
.hidden { display: none; }
.prewrap { white-space: pre-wrap; }
.nowrap { white-space: nowrap; }
.newline { display: block; }
.break-long-words { word-wrap: break-word; overflow-wrap: break-word; -webkit-hyphens: auto; -moz-hyphens: auto; hyphens: auto; min-width: 0; }
.text-small { font-size: 12px !important; }
.text-muted { color: #999; }
.text-bold { font-weight: bold; }
.empty { border: 4px dashed var(--base-2); color: #999; margin: 1em 0; padding: .5em 2em; }

.status-success { background: rgba(94, 151, 110, 0.3); }
.status-warning { background: rgba(240, 181, 24, 0.3); }
.status-error { background: rgba(176, 65, 62, 0.2); }
.status-success td, .status-warning td, .status-error td { background: transparent; }
tr.status-error td, tr.status-warning td { border-bottom: 1px solid var(--base-2); border-top: 1px solid var(--base-2); }
.status-warning .colored { color: #A46A1F; }
.status-error .colored  { color: var(--color-error); }

.sf-toggle { cursor: pointer; position: relative; }
.sf-toggle-content { -moz-transition: display .25s ease; -webkit-transition: display .25s ease; transition: display .25s ease; }
.sf-toggle-content.sf-toggle-hidden { display: none; }
.sf-toggle-content.sf-toggle-visible { display: block; }
thead.sf-toggle-content.sf-toggle-visible, tbody.sf-toggle-content.sf-toggle-visible { display: table-row-group; }
.sf-toggle-off .icon-close, .sf-toggle-on .icon-open { display: none; }
.sf-toggle-off .icon-open, .sf-toggle-on .icon-close { display: block; }

.tab-navigation {
    background-color: var(--tab-background);
    border-radius: 6px;
    box-shadow: inset 0 0 0 1px var(--tab-border-color), 0 0 0 5px var(--page-background);
    display: inline-flex;
    flex-wrap: wrap;
    margin: 0 0 15px;
    padding: 0;
    user-select: none;
    -webkit-user-select: none;
}
.sf-tabs-sm .tab-navigation {
    box-shadow: inset 0 0 0 1px var(--tab-border-color), 0 0 0 4px var(--page-background);
    margin: 0 0 10px;
}
.tab-navigation .tab-control {
    background: transparent;
    border: 0;
    box-shadow: none;
    transition: box-shadow .05s ease-in, background-color .05s ease-in;
    cursor: pointer;
    font-size: 14px;
    font-weight: 500;
    line-height: 1.4;
    margin: 0;
    padding: 4px 14px;
    position: relative;
    text-align: center;
    z-index: 1;
}
.sf-tabs-sm .tab-navigation .tab-control {
    font-size: 13px;
    padding: 2.5px 10px;
}
.tab-navigation .tab-control:before {
    background: var(--tab-border-color);
    bottom: 15%;
    content: "";
    left: 0;
    position: absolute;
    top: 15%;
    width: 1px;
}
.tab-navigation .tab-control:first-child:before,
.tab-navigation .tab-control.active + .tab-control:before,
.tab-navigation .tab-control.active:before {
    width: 0;
}
.tab-navigation .tab-control .badge {
    background: var(--selected-badge-background);
    box-shadow: var(--selected-badge-shadow);
    color: var(--selected-badge-color);
    display: inline-block;
    font-size: 12px;
    font-weight: bold;
    line-height: 1;
    margin-left: 8px;
    min-width: 10px;
    padding: 2px 6px;
    text-align: center;
    white-space: nowrap;
}
.tab-navigation .tab-control.disabled {
    color: var(--tab-disabled-color);
}
.tab-navigation .tab-control.active {
    background-color: var(--tab-active-background);
    border-radius: 6px;
    box-shadow: inset 0 0 0 1.5px var(--tab-active-border-color);
    color: var(--tab-active-color);
    position: relative;
    z-index: 1;
}
.theme-dark .tab-navigation li.active {
    box-shadow: inset 0 0 0 1px var(--tab-border-color);
}
.tab-content &gt; *:first-child {
    margin-top: 0;
}
.tab-navigation .tab-control .badge.status-warning {
    background: var(--selected-badge-warning-background);
    box-shadow: var(--selected-badge-warning-shadow);
    color: var(--selected-badge-warning-color);
}
.tab-navigation .tab-control .badge.status-error {
    background: var(--selected-badge-danger-background);
    box-shadow: var(--selected-badge-danger-shadow);
    color: var(--selected-badge-danger-color);
}

.sf-tabs .tab:not(:first-child) { display: none; }

[data-filters] { position: relative; }
[data-filtered] { cursor: pointer; }
[data-filtered]:after { content: '\00a0\25BE'; }
[data-filtered]:hover .filter-list li { display: inline-flex; }
[class*="filter-hidden-"] { display: none; }
.filter-list { position: absolute; border: var(--border); box-shadow: var(--shadow); margin: 0; padding: 0; display: flex; flex-direction: column; }
.filter-list :after { content: ''; }
.filter-list li {
    background: var(--tab-disabled-background);
    border-bottom: var(--border);
    color: var(--tab-disabled-color);
    display: none;
    list-style: none;
    margin: 0;
    padding: 5px 10px;
    text-align: left;
    font-weight: normal;
}
.filter-list li.active {
    background: var(--tab-background);
    color: var(--tab-color);
}
.filter-list li.last-active {
    background: var(--tab-active-background);
    color: var(--tab-active-color);
}

.filter-list-level li { cursor: s-resize; }
.filter-list-level li.active { cursor: n-resize; }
.filter-list-level li.last-active { cursor: default; }
.filter-list-level li.last-active:before { content: '\2714\00a0'; }
.filter-list-choice li:before { content: '\2714\00a0'; color: transparent; }
.filter-list-choice li.active:before { color: unset; }

.container { max-width: 1024px; margin: 0 auto; padding: 0 15px; }
.container::after { content: ""; display: table; clear: both; }

header { background-color: #222; color: rgba(255, 255, 255, 0.75); font-size: 13px; height: 33px; line-height: 33px; padding: 0; }
header .container { display: flex; justify-content: space-between; }
.logo { flex: 1; font-size: 13px; font-weight: normal; margin: 0; padding: 0; }
.logo svg { height: 18px; width: 18px; opacity: .8; vertical-align: -5px; }

.help-link { margin-left: 15px; }
.help-link a { color: inherit; }
.help-link .icon svg { height: 15px; width: 15px; opacity: .7; vertical-align: -2px; }
.help-link a:hover { color: #EEE; text-decoration: none; }
.help-link a:hover svg { opacity: .9; }

.exception-summary { background: var(--background-error); border-bottom: 2px solid rgba(0, 0, 0, 0.1); border-top: 1px solid rgba(0, 0, 0, .3); flex: 0 0 auto; margin-bottom: 15px; }
.exception-metadata { background: rgba(0, 0, 0, 0.1); padding: 7px 0; }
.exception-metadata .container { display: flex; flex-direction: row; justify-content: space-between; }
.exception-metadata h2, .exception-metadata h2 &gt; a { color: rgba(255, 255, 255, 0.8); font-size: 13px; font-weight: 400; margin: 0; }
.exception-http small { font-size: 13px; opacity: .7; }
.exception-hierarchy { flex: 1; }
.exception-hierarchy .icon { margin: 0 3px; opacity: .7; }
.exception-hierarchy .icon svg { height: 13px; width: 13px; vertical-align: -2px; }

.exception-without-message .exception-message-wrapper { display: none; }
.exception-message-wrapper .container { display: flex; align-items: flex-start; min-height: 70px; padding: 10px 15px 8px; }
.exception-message { flex-grow: 1; }
.exception-message, .exception-message a { color: #FFF; font-size: 21px; font-weight: 400; margin: 0; }
.exception-message.long { font-size: 18px; }
.exception-message a { border-bottom: 1px solid rgba(255, 255, 255, 0.5); font-size: inherit; text-decoration: none; }
.exception-message a:hover { border-bottom-color: #ffffff; }

.exception-properties-wrapper { margin: .8em 0; }
.exception-properties { background: var(--base-0); border: var(--border); box-shadow: 0px 0px 1px rgba(128, 128, 128, .2); }
.exception-properties pre { margin: 0; padding: 0.2em 0; }

.exception-illustration { flex-basis: 111px; flex-shrink: 0; height: 66px; margin-left: 15px; opacity: .7; }

.trace + .trace { margin-top: 30px; }
.trace-head { background-color: var(--base-2); padding: 10px; position: relative; }
.trace-head .trace-class { color: var(--base-6); font-size: 18px; font-weight: bold; line-height: 1.3; margin: 0; position: relative; }
.trace-head .trace-namespace { color: #999; display: block; font-size: 13px; }
.trace-head .icon { position: absolute; right: 0; top: 0; }
.trace-head .icon svg { fill: var(--base-5); height: 24px; width: 24px; }

.trace-details { background: var(--base-0); border: var(--border); box-shadow: 0px 0px 1px rgba(128, 128, 128, .2); margin: 0 0 1em; table-layout: fixed; }

.trace-message { font-size: 14px; font-weight: normal; margin: .5em 0 0; }

.trace-line { position: relative; padding-top: 8px; padding-bottom: 8px; }
.trace-line + .trace-line { border-top: var(--border); }
.trace-line:hover { background: var(--base-1); }
.trace-line a { color: var(--base-6); }
.trace-line .icon { opacity: .4; position: absolute; left: 10px; }
.trace-line .icon svg { fill: var(--base-5); height: 16px; width: 16px; }
.trace-line .icon.icon-copy { left: auto; top: auto; padding-left: 5px; display: none }
.trace-line:hover .icon.icon-copy:not(.hidden) { display: inline-block }
.trace-line-header { padding-left: 36px; padding-right: 10px; }

.trace-file-path, .trace-file-path a { color: var(--base-6); font-size: 13px; }
.trace-class { color: var(--color-error); }
.trace-type { padding: 0 2px; }
.trace-method { color: var(--color-error); font-weight: bold; }
.trace-arguments { color: #777; font-weight: normal; padding-left: 2px; }

.trace-code { background: var(--base-0); font-size: 12px; margin: 10px 10px 2px 10px; padding: 10px; overflow-x: auto; white-space: nowrap; }
.trace-code ol { margin: 0; float: left; }
.trace-code li { color: #969896; margin: 0; padding-left: 10px; float: left; width: 100%; }
.trace-code li + li { margin-top: 5px; }
.trace-code li.selected { background: var(--trace-selected-background); margin-top: 2px; }
.trace-code li code { color: var(--base-6); white-space: pre; }

.trace-as-text .stacktrace { line-height: 1.8; margin: 0 0 15px; white-space: pre-wrap; }

@media (min-width: 575px) {
    .hidden-xs-down { display: initial; }
    .help-link { margin-left: 30px; }
}&lt;/style&gt;
        &lt;style&gt;.sf-reset .traces {
    padding-bottom: 14px;
}
.sf-reset .traces li {
    font-size: 12px;
    color: #868686;
    padding: 5px 4px;
    list-style-type: decimal;
    margin-left: 20px;
}
.sf-reset #logs .traces li.error {
    font-style: normal;
    color: #AA3333;
    background: #f9ecec;
}
.sf-reset #logs .traces li.warning {
    font-style: normal;
    background: #ffcc00;
}
/* fix for Opera not liking empty &lt;li&gt; */
.sf-reset .traces li:after {
    content: "\00A0";
}
.sf-reset .trace {
    border: 1px solid #D3D3D3;
    padding: 10px;
    overflow: auto;
    margin: 10px 0 20px;
}
.sf-reset .block-exception {
    -moz-border-radius: 16px;
    -webkit-border-radius: 16px;
    border-radius: 16px;
    margin-bottom: 20px;
    background-color: #f6f6f6;
    border: 1px solid #dfdfdf;
    padding: 30px 28px;
    word-wrap: break-word;
    overflow: hidden;
}
.sf-reset .block-exception div {
    color: #313131;
    font-size: 10px;
}
.sf-reset .block-exception-detected .illustration-exception,
.sf-reset .block-exception-detected .text-exception {
    float: left;
}
.sf-reset .block-exception-detected .illustration-exception {
    width: 152px;
}
.sf-reset .block-exception-detected .text-exception {
    width: 670px;
    padding: 30px 44px 24px 46px;
    position: relative;
}
.sf-reset .text-exception .open-quote,
.sf-reset .text-exception .close-quote {
    font-family: Arial, Helvetica, sans-serif;
    position: absolute;
    color: #C9C9C9;
    font-size: 8em;
}
.sf-reset .open-quote {
    top: 0;
    left: 0;
}
.sf-reset .close-quote {
    bottom: -0.5em;
    right: 50px;
}
.sf-reset .block-exception p {
    font-family: Arial, Helvetica, sans-serif;
}
.sf-reset .block-exception p a,
.sf-reset .block-exception p a:hover {
    color: #565656;
}
.sf-reset .logs h2 {
    float: left;
    width: 654px;
}
.sf-reset .error-count, .sf-reset .support {
    float: right;
    width: 170px;
    text-align: right;
}
.sf-reset .error-count span {
    display: inline-block;
    background-color: #aacd4e;
    -moz-border-radius: 6px;
    -webkit-border-radius: 6px;
    border-radius: 6px;
    padding: 4px;
    color: white;
    margin-right: 2px;
    font-size: 11px;
    font-weight: bold;
}

.sf-reset .support a {
    display: inline-block;
    -moz-border-radius: 6px;
    -webkit-border-radius: 6px;
    border-radius: 6px;
    padding: 4px;
    color: #000000;
    margin-right: 2px;
    font-size: 11px;
    font-weight: bold;
}

.sf-reset .toggle {
    vertical-align: middle;
}
.sf-reset .linked ul,
.sf-reset .linked li {
    display: inline;
}
.sf-reset #output-content {
    color: #000;
    font-size: 12px;
}
.sf-reset #traces-text pre {
    white-space: pre;
    font-size: 12px;
    font-family: monospace;
}&lt;/style&gt;
    &lt;/head&gt;
    &lt;body&gt;
        &lt;script&gt;
            document.body.classList.add(
                localStorage.getItem('symfony/profiler/theme') || (matchMedia('(prefers-color-scheme: dark)').matches ? 'theme-dark' : 'theme-light')
            );
        &lt;/script&gt;

                    &lt;header&gt;
                &lt;div class="container"&gt;
                    &lt;h1 class="logo"&gt;&lt;svg xmlns="http://www.w3.org/2000/svg" width="24" height="24" viewBox="0 0 24 24"&gt;&lt;path fill="#FFF" d="M12 .9C5.8.9.9 5.8.9 12a11 11 0 1 0 22.2 0A11 11 0 0 0 12 .9zm6.5 6c-.6 0-.9-.3-.9-.8 0-.2 0-.4.2-.6l.2-.4c0-.3-.5-.4-.6-.4-1.8.1-2.3 2.5-2.7 4.4l-.2 1c1 .2 1.8 0 2.2-.3.6-.4-.2-.7-.1-1.2.1-.3.5-.5.7-.6.5 0 .7.5.7.9 0 .7-1 1.8-3 1.8l-.6-.1-.6 2.4c-.4 1.6-.8 3.8-2.4 5.7-1.4 1.7-2.9 1.9-3.5 1.9-1.2 0-1.9-.6-2-1.5 0-.8.7-1.3 1.2-1.3.6 0 1.1.5 1.1 1s-.2.6-.4.6c-.1.1-.3.2-.3.4 0 .1.1.3.4.3.5 0 .8-.3 1.1-.5 1.2-.9 1.6-2.7 2.2-5.7l.1-.7.7-3.2c-.8-.6-1.3-1.4-2.4-1.7-.6-.1-1.1.1-1.5.5-.4.5-.2 1.1.2 1.5l.7.6c.7.8 1.2 1.6 1 2.5-.3 1.5-2 2.6-4 1.9-1.8-.6-2-1.8-1.8-2.5.2-.6.6-.7 1.1-.6.5.2.6.7.6 1.2l-.1.3c-.2.1-.3.3-.3.4-.1.4.4.6.7.7.7.3 1.6-.2 1.8-.8a1 1 0 0 0-.4-1.1l-.7-.8c-.4-.4-1.1-1.4-.7-2.6.1-.5.4-.9.7-1.3a4 4 0 0 1 2.8-.6c1.2.4 1.8 1.1 2.6 1.8.5-1.2 1-2.4 1.8-3.5.9-.9 1.9-1.6 3.1-1.7 1.3.2 2.2.7 2.2 1.6 0 .4-.2 1.1-.9 1.1z"/&gt;&lt;/svg&gt; Symfony Exception&lt;/h1&gt;

                    &lt;div class="help-link"&gt;
                        &lt;a href="https://symfony.com/doc/6.4.35/index.html"&gt;
                            &lt;span class="icon"&gt;&lt;svg width="1792" height="1792" viewBox="0 0 1792 1792" xmlns="http://www.w3.org/2000/svg"&gt;&lt;path fill="#FFF" d="M1703 478q40 57 18 129l-275 906q-19 64-76.5 107.5T1247 1664H324q-77 0-148.5-53.5T76 1479q-24-67-2-127 0-4 3-27t4-37q1-8-3-21.5t-3-19.5q2-11 8-21t16.5-23.5T116 1179q23-38 45-91.5t30-91.5q3-10 .5-30t-.5-28q3-11 17-28t17-23q21-36 42-92t25-90q1-9-2.5-32t.5-28q4-13 22-30.5t22-22.5q19-26 42.5-84.5T404 411q1-8-3-25.5t-2-26.5q2-8 9-18t18-23 17-21q8-12 16.5-30.5t15-35 16-36 19.5-32 26.5-23.5 36-11.5T620 134l-1 3q38-9 51-9h761q74 0 114 56t18 130l-274 906q-36 119-71.5 153.5T1089 1408H220q-27 0-38 15-11 16-1 43 24 70 144 70h923q29 0 56-15.5t35-41.5l300-987q7-22 5-57 38 15 59 43zm-1064 2q-4 13 2 22.5t20 9.5h608q13 0 25.5-9.5T1311 480l21-64q4-13-2-22.5t-20-9.5H702q-13 0-25.5 9.5T660 416zm-83 256q-4 13 2 22.5t20 9.5h608q13 0 25.5-9.5T1228 736l21-64q4-13-2-22.5t-20-9.5H619q-13 0-25.5 9.5T577 672z"/&gt;&lt;/svg&gt;&lt;/span&gt;
                            &lt;span class="hidden-xs-down"&gt;Symfony&lt;/span&gt; Docs
                        &lt;/a&gt;
                    &lt;/div&gt;
                &lt;/div&gt;
            &lt;/header&gt;
        
        &lt;div class="exception-summary "&gt;
    &lt;div class="exception-metadata"&gt;
        &lt;div class="container"&gt;
            &lt;h2 class="exception-hierarchy"&gt;
                                    &lt;a href="#trace-box-2"&gt;&lt;abbr title="Symfony\Component\Routing\Exception\ResourceNotFoundException"&gt;ResourceNotFoundException&lt;/abbr&gt;&lt;/a&gt;
                    &lt;span class="icon"&gt;&lt;svg width="1792" height="1792" viewBox="0 0 1792 1792" xmlns="http://www.w3.org/2000/svg"&gt;&lt;path fill="#FFF" d="M1363 877l-742 742q-19 19-45 19t-45-19l-166-166q-19-19-19-45t19-45l531-531-531-531q-19-19-19-45t19-45L531 45q19-19 45-19t45 19l742 742q19 19 19 45t-19 45z"/&gt;&lt;/svg&gt;&lt;/span&gt;
                                &lt;a href="#trace-box-1"&gt;&lt;abbr title="Symfony\Component\HttpKernel\Exception\NotFoundHttpException"&gt;NotFoundHttpException&lt;/abbr&gt;&lt;/a&gt;
            &lt;/h2&gt;
            &lt;h2 class="exception-http"&gt;
                HTTP 404 &lt;small&gt;Not Found&lt;/small&gt;
            &lt;/h2&gt;
        &lt;/div&gt;
    &lt;/div&gt;
    &lt;div class="exception-message-wrapper"&gt;
        &lt;div class="container"&gt;
            &lt;h1 class="break-long-words exception-message"&gt;No route found for &amp;quot;GET http://localhost/expert/conseil&amp;quot;&lt;/h1&gt;

            &lt;div class="exception-illustration hidden-xs-down"&gt;
                &lt;svg viewBox="0 0 136 81" xmlns="http://www.w3.org/2000/svg" fill-rule="evenodd" clip-rule="evenodd" stroke-linejoin="round" stroke-miterlimit="1.4"&gt;&lt;path d="M92.4 20.4a23.2 23.2 0 0 1 9 1.9 23.7 23.7 0 0 1 5.2 3 24.3 24.3 0 0 1 3.4 3.4 24.8 24.8 0 0 1 5 9.4c.5 1.7.8 3.4 1 5.2v14.5h.4l.5.2a7.4 7.4 0 0 0 2.5.2l.2-.2.6-.8.8-1.3-.2-.1a5.5 5.5 0 0 1-.8-.3 5.6 5.6 0 0 1-2.3-1.8 5.7 5.7 0 0 1-.9-1.6 6.5 6.5 0 0 1-.2-2.8 7.3 7.3 0 0 1 .5-2l.3-.3.8-.9.3-.3c.2-.2.5-.3.8-.3H120.7c.2 0 .3-.1.4 0h.4l.2.1.3.2.2-.4.3-.4.1-.1 1.2-1 .3-.2.4-.1.4-.1h.3l1.5.1.4.1.8.5.1.2 1 1.1v.2H129.4l.4-.2 1.4-.5h1.1c.3 0 .7.2 1 .4.2 0 .3.2.5.3l.2.2.5.3.4.6.1.3.4 1.4.1.4v.6a7.8 7.8 0 0 1-.1.6 9.9 9.9 0 0 1-.8 2.4 7.8 7.8 0 0 1-3 3.3 6.4 6.4 0 0 1-1 .5 6.1 6.1 0 0 1-.6.2l-.7.1h-.1a23.4 23.4 0 0 1-.2 1.7 14.3 14.3 0 0 1-.6 2.1l-.8 2a9.2 9.2 0 0 1-.4.6l-.7 1a9.1 9.1 0 0 1-2.3 2.2c-.9.5-2 .6-3 .7l-1.4.1h-.5l-.4.1a15.8 15.8 0 0 1-2.8-.1v4.2a9.7 9.7 0 0 1-.7 3.5 9.6 9.6 0 0 1-1.7 2.8 9.3 9.3 0 0 1-3 2.3 9 9 0 0 1-5.4.7 9 9 0 0 1-3-1 9.4 9.4 0 0 1-2.7-2.5 10 10 0 0 1-1 1.2 9.3 9.3 0 0 1-2 1.3 9 9 0 0 1-2.4 1 9 9 0 0 1-6.5-1.1A9.4 9.4 0 0 1 85 77V77a10.9 10.9 0 0 1-.6.6 9.3 9.3 0 0 1-2.7 2 9 9 0 0 1-6 .8 9 9 0 0 1-2.4-1 9.3 9.3 0 0 1-2.3-1.7 9.6 9.6 0 0 1-1.8-2.8 9.7 9.7 0 0 1-.8-3.7v-4a18.5 18.5 0 0 1-2.9.2l-1.2-.1c-1.9-.3-3.7-1-5.1-2.2a8.2 8.2 0 0 1-1.1-1 10.2 10.2 0 0 1-.9-1.2 15.3 15.3 0 0 1-.7-1.3 20.8 20.8 0 0 1-1.9-6.2v-.2a6.5 6.5 0 0 1-1-.3 6.1 6.1 0 0 1-.6-.3 6.6 6.6 0 0 1-.9-.6 8.2 8.2 0 0 1-2.7-3.7 10 10 0 0 1-.3-1 10.3 10.3 0 0 1-.3-1.9V47v-.4l.1-.4.6-1.4.1-.2a2 2 0 0 1 .8-.8l.3-.2.3-.2a3.2 3.2 0 0 1 1.8-.5h.4l.3.2 1.4.6.2.2.4.3.3.4.7-.7.2-.2.4-.2.6-.2h2.1l.4.2.4.2.3.2.8 1 .2-.1h.1v-.1H63l1.1.1h.3l.8.5.3.4.7 1 .2.3.1.5a11 11 0 0 1 .2 1.5c0 .8 0 1.6-.3 2.3a6 6 0 0 1-.5 1.2 5.5 5.5 0 0 1-3.3 2.5 12.3 12.3 0 0 0 1.4 3h.1l.2.1 1 .2h1.5l.5-.2H67.8l.5-.2h.1V44v-.4a26.7 26.7 0 0 1 .3-2.3 24.7 24.7 0 0 1 5.7-12.5 24.2 24.2 0 0 1 3.5-3.3 23.7 23.7 0 0 1 4.9-3 23.2 23.2 0 0 1 5.6-1.7 23.7 23.7 0 0 1 4-.3zm-.3 2a21.2 21.2 0 0 0-8 1.7 21.6 21.6 0 0 0-4.8 2.7 22.2 22.2 0 0 0-3.2 3 22.7 22.7 0 0 0-5 9.2 23.4 23.4 0 0 0-.7 4.9v15.7l-.5.1a34.3 34.3 0 0 1-1.5.3h-.2l-.4.1h-.4l-.9.2a10 10 0 0 1-1.9 0c-.5 0-1-.2-1.5-.4a1.8 1.8 0 0 1-.3-.2 2 2 0 0 1-.3-.3 5.2 5.2 0 0 1-.1-.2 9 9 0 0 1-.6-.9 13.8 13.8 0 0 1-1-2 14.3 14.3 0 0 1-.6-2 14 14 0 0 1-.1-.8v-.2h.3a12.8 12.8 0 0 0 1.4-.2 4.4 4.4 0 0 0 .3 0 3.6 3.6 0 0 0 1.1-.7 3.4 3.4 0 0 0 1.2-1.7l.2-1.2a5.1 5.1 0 0 0 0-.8 7.2 7.2 0 0 0-.1-.8l-.7-1-1.2-.2-1 .7-.1 1.3a5 5 0 0 1 .1.4v.6a1 1 0 0 1 0 .3c-.1.3-.4.4-.7.5l-1.2.4v-.7A9.9 9.9 0 0 1 60 49l.3-.6v-.2l.1-.1v-1.6l-1-1.2h-1.5l-1 1.1v.4a5.3 5.3 0 0 0-.2.6 5.5 5.5 0 0 0 0 .5c0 .7 0 1.4.3 2 0 .4.2.8.4 1.2L57 51a9.5 9.5 0 0 1-1.1-.5h-.2a2 2 0 0 1-.4-.3c-.4-.4-.5-1-.6-1.6a5.6 5.6 0 0 1 0-.5v-.5-.5l-.6-1.5-1.4-.6-.9.3s-.2 0-.3.2a2 2 0 0 1-.1 0l-.6 1.4v.7a8.5 8.5 0 0 0 .5 2c.4 1.1 1 2.1 2 2.8a4.7 4.7 0 0 0 2.1.9h1a22.8 22.8 0 0 0 .1 1 18.1 18.1 0 0 0 .8 3.8 18.2 18.2 0 0 0 1.6 3.7l1 1.3c1 1 2.3 1.6 3.7 2a11.7 11.7 0 0 0 4.8 0h.4l.5-.2.5-.1.6-.2v6.6a8 8 0 0 0 .1 1.3 7.5 7.5 0 0 0 2.4 4.3 7.2 7.2 0 0 0 2.3 1.3 7 7 0 0 0 7-1.1 7.5 7.5 0 0 0 2-2.6A7.7 7.7 0 0 0 85 72V71a8.2 8.2 0 0 0 .2 1.3c0 .7.3 1.4.6 2a7.5 7.5 0 0 0 1.7 2.3 7.3 7.3 0 0 0 2.2 1.4 7.1 7.1 0 0 0 4.6.2 7.2 7.2 0 0 0 2.4-1.2 7.5 7.5 0 0 0 2.1-2.7 7.8 7.8 0 0 0 .7-2.4V71a9.3 9.3 0 0 0 .1.6 7.6 7.6 0 0 0 .6 2.5 7.5 7.5 0 0 0 2.4 3 7.1 7.1 0 0 0 7 .8 7.3 7.3 0 0 0 2.3-1.5 7.5 7.5 0 0 0 1.6-2.3 7.6 7.6 0 0 0 .5-2l.1-1.1v-6.7l.4.1a12.2 12.2 0 0 0 2 .5 11.1 11.1 0 0 0 2.5 0h.8l1.2-.1a9.5 9.5 0 0 0 1.4-.2l.9-.3a3.5 3.5 0 0 0 .6-.4l1.2-1.4a12.2 12.2 0 0 0 .8-1.2c0-.3.2-.5.3-.7a15.9 15.9 0 0 0 .7-2l.3-1.6v-1.3l.2-.9V54.6a15.5 15.5 0 0 0 1.8 0 4.5 4.5 0 0 0 1.4-.5 5.7 5.7 0 0 0 2.5-3.2 7.6 7.6 0 0 0 .4-1.5v-.3l-.4-1.4a5.2 5.2 0 0 1-.2-.1l-.4-.4a3.8 3.8 0 0 0-.2 0 1.4 1.4 0 0 0-.5-.2l-1.4.4-.7 1.3v.7a5.7 5.7 0 0 1-.1.8l-.7 1.4a1.9 1.9 0 0 1-.5.3h-.3a9.6 9.6 0 0 1-.8.3 8.8 8.8 0 0 1-.6 0l.2-.4.2-.5.2-.3v-.4l.1-.2V50l.1-1 .1-.6v-.6a4.8 4.8 0 0 0 0-.8v-.2l-1-1.1-1.5-.2-1.1 1-.2 1.4v.1l.2.4.2.3v.4l.1 1.1v.3l.1.5v.8a9.6 9.6 0 0 1-.8-.3l-.2-.1h-.3l-.8-.1h-.2a1.6 1.6 0 0 1-.2-.2.9.9 0 0 1-.2-.2 1 1 0 0 1-.1-.5l.2-.9v-1.2l-.9-.8h-1.2l-.8.9v.3a4.8 4.8 0 0 0-.3 2l.3.9a3.5 3.5 0 0 0 1.2 1.6l1 .5.8.2 1.4.1h.4l.2.1a12.1 12.1 0 0 1-1 2.6 13.2 13.2 0 0 1-.8 1.5 9.5 9.5 0 0 1-1 1.2l-.2.3a1.7 1.7 0 0 1-.4.3 2.4 2.4 0 0 1-.7.2h-2.5a7.8 7.8 0 0 1-.6-.2l-.7-.2h-.2a14.8 14.8 0 0 1-.6-.2 23.4 23.4 0 0 1-.4-.1l-.4-.1-.3-.1V43.9a34.6 34.6 0 0 0 0-.6 23.6 23.6 0 0 0-.4-3 22.7 22.7 0 0 0-1.5-4.7 22.6 22.6 0 0 0-4.6-6.7 21.9 21.9 0 0 0-6.9-4.7 21.2 21.2 0 0 0-8.1-1.8H92zm9.1 33.7l.3.1a1 1 0 0 1 .6.8v.4a8.4 8.4 0 0 1 0 .5 8.8 8.8 0 0 1-1.6 4.2l-1 1.3A10 10 0 0 1 95 66c-1.3.3-2.7.4-4 .3a10.4 10.4 0 0 1-2.7-.8 10 10 0 0 1-3.6-2.5 9.3 9.3 0 0 1-.8-1 9 9 0 0 1-.7-1.2 8.6 8.6 0 0 1-.8-3.4V57a1 1 0 0 1 .3-.6 1 1 0 0 1 1.3-.2 1 1 0 0 1 .4.8v.4a6.5 6.5 0 0 0 .5 2.2 7 7 0 0 0 2.1 2.8l1 .6c2.6 1.6 6 1.6 8.5 0a8 8 0 0 0 1.1-.6 7.6 7.6 0 0 0 1.2-1.2 7 7 0 0 0 1-1.7 6.5 6.5 0 0 0 .4-2.5 1 1 0 0 1 .7-1h.4zM30.7 43.7c-15.5 1-28.5-6-30.1-16.4C-1.2 15.7 11.6 4 29 1.3 46.6-1.7 62.3 5.5 64 17.1c1.6 10.4-8.7 21-23.7 25a31.2 31.2 0 0 0 0 .9v.3a19 19 0 0 0 .1 1l.1.4.1.9a4.7 4.7 0 0 0 .5 1l.7 1a9.2 9.2 0 0 0 1.2 1l1.5.8.6.8-.7.6-1.1.3a11.2 11.2 0 0 1-2.6.4 8.6 8.6 0 0 1-3-.5 8.5 8.5 0 0 1-1-.4 11.2 11.2 0 0 1-1.8-1.2 13.3 13.3 0 0 1-1-1 18 18 0 0 1-.7-.6l-.4-.4a23.4 23.4 0 0 1-1.3-1.8l-.1-.1-.3-.5V45l-.3-.6v-.7zM83.1 36c3.6 0 6.5 3.2 6.5 7.1 0 4-3 7.2-6.5 7.2S76.7 47 76.7 43 79.6 36 83 36zm18 0c3.6 0 6.5 3.2 6.5 7.1 0 4-2.9 7.2-6.4 7.2S94.7 47 94.7 43s3-7.1 6.5-7.1zm-18 6.1c2 0 3.5 1.6 3.5 3.6S85 49.2 83 49.2s-3.4-1.6-3.4-3.6S81.2 42 83 42zm17.9 0c1.9 0 3.4 1.6 3.4 3.6s-1.5 3.6-3.4 3.6c-2 0-3.5-1.6-3.5-3.6S99.1 42 101 42zM17 28c-.3 1.6-1.8 5-5.2 5.8-2.5.6-4.1-.8-4.5-2.6-.4-1.9.7-3.5 2.1-4.5A3.5 3.5 0 0 1 8 24.6c-.4-2 .8-3.7 3.2-4.2 1.9-.5 3.1.2 3.4 1.5.3 1.1-.5 2.2-1.8 2.5-.9.3-1.6 0-1.7-.6a1.4 1.4 0 0 1 0-.7s.3.2 1 0c.7-.1 1-.7.9-1.2-.2-.6-1-.8-1.8-.6-1 .2-2 1-1.7 2.6.3 1 .9 1.6 1.5 1.8l.7-.2c1-.2 1.5 0 1.6.5 0 .4-.2 1-1.2 1.2a3.3 3.3 0 0 1-1.5 0c-.9.7-1.6 1.9-1.3 3.2.3 1.3 1.3 2.2 3 1.8 2.5-.7 3.8-3.7 4.2-5-.3-.5-.6-1-.7-1.6-.1-.5.1-1 .9-1.2.4 0 .7.2.8.8a2.8 2.8 0 0 1 0 1l.7 1c.6-2 1.4-4 1.7-4 .6-.2 1.5.6 1.5.6-.8.7-1.7 2.4-2.3 4.2.8.6 1.6 1 2.1 1 .5-.1.8-.6 1-1.2-.3-2.2 1-4.3 2.3-4.6.7-.2 1.3.2 1.4.8.1.5 0 1.3-.9 1.7-.2-1-.6-1.3-1-1.3-.4.1-.7 1.4-.4 2.8.2 1 .7 1.5 1.3 1.4.8-.2 1.3-1.2 1.7-2.1-.3-2.1.9-4.2 2.2-4.5.7-.2 1.2.1 1.4 1 .4 1.4-1 2.8-2.2 3.4.3.7.7 1 1.3.9 1-.3 1.6-1.5 2-2.5l-.5-3v-.3s1.6-.3 1.8.6v.1c.2-.6.7-1.2 1.3-1.4.8-.1 1.5.6 1.7 1.6.5 2.2-.5 4.4-1.8 4.7H33a31.9 31.9 0 0 0 1 5.2c-.4.1-1.8.4-2-.4l-.5-5.6c-.5 1-1.3 2.2-2.5 2.4-1 .3-1.6-.3-2-1.1-.5 1-1.3 2.1-2.4 2.4-.8.2-1.5-.1-2-1-.3.8-.9 1.5-1.5 1.7-.7.1-1.5-.3-2.4-1-.3.8-.4 1.6-.4 2.2 0 0-.7 0-.8-.4-.1-.5 0-1.5.3-2.7a10.3 10.3 0 0 1-.7-.8zm38.2-17.8l.2.9c.5 1.9.4 4.4.8 6.4 0 .6-.4 3-1.4 3.3-.2 0-.3 0-.4-.4-.1-.7 0-1.6-.3-2.6-.2-1.1-.8-1.6-1.5-1.5-.8.2-1.3 1-1.6 2l-.1-.5c-.2-1-1.8-.6-1.8-.6a6.2 6.2 0 0 1 .4 1.3l.2 1c-.2.5-.6 1-1.2 1l-.2.1a7 7 0 0 0-.1-.8c-.3-1.1-1-2-1.6-1.8a.7.7 0 0 0-.4.3c-1.3.3-2.4 2-2.1 3.9-.2.9-.6 1.7-1 1.9-.5 0-.8-.5-1.1-1.8l-.1-1.2a4 4 0 0 0 0-1.7c0-.4-.4-.7-.8-.6-.7.2-.9 1.7-.5 3.8-.2 1-.6 2-1.3 2-.4.2-.8-.2-1-1l-.2-3c1.2-.5 2-1 1.8-1.7-.1-.5-.8-.7-.8-.7s0 .7-1 1.2l-.2-1.4c-.1-.6-.4-1-1.7-.6l.4 1 .2 1.5h-1v.8c0 .3.4.3 1 .2 0 1.3 0 2.7.2 3.6.3 1.4 1.2 2 2 1.7 1-.2 1.6-1.3 2-2.3.3 1.2 1 2 1.9 1.7.7-.2 1.2-1.1 1.6-2.2.4.8 1.1 1.1 2 1 1.2-.4 1.7-1.6 1.8-2.8h.2c.6-.2 1-.6 1.3-1 0 .8 0 1.5.2 2.1.1.5.3.7.6.6.5-.1 1-.9 1-.9a4 4 0 0 1-.3-1c-.3-1.3.3-3.6 1-3.7.2 0 .3.2.5.7v.8l.2 1.5v.7c.2.7.7 1.3 1.5 1 1.3-.2 2-2.6 2.1-3.9.3.2.6.2 1 .1-.6-2.2 0-6.1-.3-7.9-.1-.4-1-.5-1.7-.5h-.4zm-21.5 12c.4 0 .7.3 1 1.1.2 1.3-.3 2.6-.9 2.8-.2 0-.7 0-1-1.2v-.4c0-1.3.4-2 1-2.2zm-5.2 1c.3 0 .6.2.6.5.2.6-.3 1.3-1.2 2-.3-1.4.1-2.3.6-2.5zm18-.4c-.5.2-1-.4-1.2-1.2-.2-1 0-2.1.7-2.5v.5c.2.7.6 1.5 1.3 1.9 0 .7-.2 1.2-.7 1.3zm10-1.6c0 .5.4.7 1 .6.8-.2 1-1 .8-1.6 0-.5-.4-1-1-.8-.5.1-1 .9-.8 1.8zm-14.3-5.5c0-.4-.5-.7-1-.5-.8.2-1 1-.9 1.5.2.6.5 1 1 .8.5 0 1.1-1 1-1.8z" fill="#fff" fill-opacity=".6"/&gt;&lt;/svg&gt;            &lt;/div&gt;
        &lt;/div&gt;
    &lt;/div&gt;
&lt;/div&gt;

&lt;div class="container"&gt;
    &lt;div class="sf-tabs"&gt;
        &lt;div class="tab"&gt;
                        &lt;h3 class="tab-title"&gt;
                                    Exceptions &lt;span class="badge"&gt;2&lt;/span&gt;
                            &lt;/h3&gt;

            &lt;div class="tab-content"&gt;
                &lt;div class="trace trace-as-html" id="trace-box-1"&gt;
    &lt;div class="trace-details"&gt;
        &lt;div class="trace-head"&gt;
            &lt;div class="sf-toggle" data-toggle-selector="#trace-html-1" data-toggle-initial="display"&gt;
                &lt;span class="icon icon-close"&gt;&lt;svg width="1792" height="1792" viewBox="0 0 1792 1792" xmlns="http://www.w3.org/2000/svg"&gt;&lt;path d="M1344 800v64q0 14-9 23t-23 9H480q-14 0-23-9t-9-23v-64q0-14 9-23t23-9h832q14 0 23 9t9 23zm128 448V416q0-66-47-113t-113-47H480q-66 0-113 47t-47 113v832q0 66 47 113t113 47h832q66 0 113-47t47-113zm128-832v832q0 119-84.5 203.5T1312 1536H480q-119 0-203.5-84.5T192 1248V416q0-119 84.5-203.5T480 128h832q119 0 203.5 84.5T1600 416z"/&gt;&lt;/svg&gt;&lt;/span&gt;
                &lt;span class="icon icon-open"&gt;&lt;svg width="1792" height="1792" viewBox="0 0 1792 1792" xmlns="http://www.w3.org/2000/svg"&gt;&lt;path d="M1344 800v64q0 14-9 23t-23 9H960v352q0 14-9 23t-23 9h-64q-14 0-23-9t-9-23V896H480q-14 0-23-9t-9-23v-64q0-14 9-23t23-9h352V416q0-14 9-23t23-9h64q14 0 23 9t9 23v352h352q14 0 23 9t9 23zm128 448V416q0-66-47-113t-113-47H480q-66 0-113 47t-47 113v832q0 66 47 113t113 47h832q66 0 113-47t47-113zm128-832v832q0 119-84.5 203.5T1312 1536H480q-119 0-203.5-84.5T192 1248V416q0-119 84.5-203.5T480 128h832q119 0 203.5 84.5T1600 416z"/&gt;&lt;/svg&gt;&lt;/span&gt;
                                                    &lt;h3 class="trace-class"&gt;
                                                    &lt;span class="trace-namespace"&gt;Symfony\Component\HttpKernel\Exception\&lt;/span&gt;
                                                NotFoundHttpException                    &lt;/h3&gt;
                                            &lt;/div&gt;
                            &lt;details class="exception-properties-wrapper"&gt;
                    &lt;summary&gt;Show exception properties&lt;/summary&gt;
                    &lt;div class="exception-properties"&gt;
                        &lt;script&gt; Sfdump = window.Sfdump || (function (doc) { doc.documentElement.classList.add('sf-js-enabled'); var rxEsc = /([.*+?^${}()|\[\]\/\\])/g, idRx = /\bsf-dump-\d+-ref[012]\w+\b/, keyHint = 0 &lt;= navigator.platform.toUpperCase().indexOf('MAC') ? 'Cmd' : 'Ctrl', addEventListener = function (e, n, cb) { e.addEventListener(n, cb, false); }; if (!doc.addEventListener) { addEventListener = function (element, eventName, callback) { element.attachEvent('on' + eventName, function (e) { e.preventDefault = function () {e.returnValue = false;}; e.target = e.srcElement; callback(e); }); }; } function toggle(a, recursive) { var s = a.nextSibling || {}, oldClass = s.className, arrow, newClass; if (/\bsf-dump-compact\b/.test(oldClass)) { arrow = '&amp;#9660;'; newClass = 'sf-dump-expanded'; } else if (/\bsf-dump-expanded\b/.test(oldClass)) { arrow = '&amp;#9654;'; newClass = 'sf-dump-compact'; } else { return false; } if (doc.createEvent &amp;&amp; s.dispatchEvent) { var event = doc.createEvent('Event'); event.initEvent('sf-dump-expanded' === newClass ? 'sfbeforedumpexpand' : 'sfbeforedumpcollapse', true, false); s.dispatchEvent(event); } a.lastChild.innerHTML = arrow; s.className = s.className.replace(/\bsf-dump-(compact|expanded)\b/, newClass); if (recursive) { try { a = s.querySelectorAll('.'+oldClass); for (s = 0; s &lt; a.length; ++s) { if (-1 == a[s].className.indexOf(newClass)) { a[s].className = newClass; a[s].previousSibling.lastChild.innerHTML = arrow; } } } catch (e) { } } return true; }; function collapse(a, recursive) { var s = a.nextSibling || {}, oldClass = s.className; if (/\bsf-dump-expanded\b/.test(oldClass)) { toggle(a, recursive); return true; } return false; }; function expand(a, recursive) { var s = a.nextSibling || {}, oldClass = s.className; if (/\bsf-dump-compact\b/.test(oldClass)) { toggle(a, recursive); return true; } return false; }; function collapseAll(root) { var a = root.querySelector('a.sf-dump-toggle'); if (a) { collapse(a, true); expand(a); return true; } return false; } function reveal(node) { var previous, parents = []; while ((node = node.parentNode || {}) &amp;&amp; (previous = node.previousSibling) &amp;&amp; 'A' === previous.tagName) { parents.push(previous); } if (0 !== parents.length) { parents.forEach(function (parent) { expand(parent); }); return true; } return false; } function highlight(root, activeNode, nodes) { resetHighlightedNodes(root); Array.from(nodes||[]).forEach(function (node) { if (!/\bsf-dump-highlight\b/.test(node.className)) { node.className = node.className + ' sf-dump-highlight'; } }); if (!/\bsf-dump-highlight-active\b/.test(activeNode.className)) { activeNode.className = activeNode.className + ' sf-dump-highlight-active'; } } function resetHighlightedNodes(root) { Array.from(root.querySelectorAll('.sf-dump-str, .sf-dump-key, .sf-dump-public, .sf-dump-protected, .sf-dump-private')).forEach(function (strNode) { strNode.className = strNode.className.replace(/\bsf-dump-highlight\b/, ''); strNode.className = strNode.className.replace(/\bsf-dump-highlight-active\b/, ''); }); } return function (root, x) { root = doc.getElementById(root); var indentRx = new RegExp('^('+(root.getAttribute('data-indent-pad') || ' ').replace(rxEsc, '\\$1')+')+', 'm'), options = {"maxDepth":1,"maxStringLength":160,"fileLinkFormat":false}, elt = root.getElementsByTagName('A'), len = elt.length, i = 0, s, h, t = []; while (i &lt; len) t.push(elt[i++]); for (i in x) { options[i] = x[i]; } function a(e, f) { addEventListener(root, e, function (e, n) { if ('A' == e.target.tagName) { f(e.target, e); } else if ('A' == e.target.parentNode.tagName) { f(e.target.parentNode, e); } else { n = /\bsf-dump-ellipsis\b/.test(e.target.className) ? e.target.parentNode : e.target; if ((n = n.nextElementSibling) &amp;&amp; 'A' == n.tagName) { if (!/\bsf-dump-toggle\b/.test(n.className)) { n = n.nextElementSibling || n; } f(n, e, true); } } }); }; function isCtrlKey(e) { return e.ctrlKey || e.metaKey; } function xpathString(str) { var parts = str.match(/[^'"]+|['"]/g).map(function (part) { if ("'" == part) { return '"\'"'; } if ('"' == part) { return "'\"'"; } return "'" + part + "'"; }); return "concat(" + parts.join(",") + ", '')"; } function xpathHasClass(className) { return "contains(concat(' ', normalize-space(@class), ' '), ' " + className +" ')"; } a('mouseover', function (a, e, c) { if (c) { e.target.style.cursor = "pointer"; } }); a('click', function (a, e, c) { if (/\bsf-dump-toggle\b/.test(a.className)) { e.preventDefault(); if (!toggle(a, isCtrlKey(e))) { var r = doc.getElementById(a.getAttribute('href').slice(1)), s = r.previousSibling, f = r.parentNode, t = a.parentNode; t.replaceChild(r, a); f.replaceChild(a, s); t.insertBefore(s, r); f = f.firstChild.nodeValue.match(indentRx); t = t.firstChild.nodeValue.match(indentRx); if (f &amp;&amp; t &amp;&amp; f[0] !== t[0]) { r.innerHTML = r.innerHTML.replace(new RegExp('^'+f[0].replace(rxEsc, '\\$1'), 'mg'), t[0]); } if (/\bsf-dump-compact\b/.test(r.className)) { toggle(s, isCtrlKey(e)); } } if (c) { } else if (doc.getSelection) { try { doc.getSelection().removeAllRanges(); } catch (e) { doc.getSelection().empty(); } } else { doc.selection.empty(); } } else if (/\bsf-dump-str-toggle\b/.test(a.className)) { e.preventDefault(); e = a.parentNode.parentNode; e.className = e.className.replace(/\bsf-dump-str-(expand|collapse)\b/, a.parentNode.className); } }); elt = root.getElementsByTagName('SAMP'); len = elt.length; i = 0; while (i &lt; len) t.push(elt[i++]); len = t.length; for (i = 0; i &lt; len; ++i) { elt = t[i]; if ('SAMP' == elt.tagName) { a = elt.previousSibling || {}; if ('A' != a.tagName) { a = doc.createElement('A'); a.className = 'sf-dump-ref'; elt.parentNode.insertBefore(a, elt); } else { a.innerHTML += ' '; } a.title = (a.title ? a.title+'\n[' : '[')+keyHint+'+click] Expand all children'; a.innerHTML += elt.className == 'sf-dump-compact' ? '&lt;span&gt;&amp;#9654;&lt;/span&gt;' : '&lt;span&gt;&amp;#9660;&lt;/span&gt;'; a.className += ' sf-dump-toggle'; x = 1; if ('sf-dump' != elt.parentNode.className) { x += elt.parentNode.getAttribute('data-depth')/1; } } else if (/\bsf-dump-ref\b/.test(elt.className) &amp;&amp; (a = elt.getAttribute('href'))) { a = a.slice(1); elt.className += ' sf-dump-hover'; elt.className += ' '+a; if (/[\[{]$/.test(elt.previousSibling.nodeValue)) { a = a != elt.nextSibling.id &amp;&amp; doc.getElementById(a); try { s = a.nextSibling; elt.appendChild(a); s.parentNode.insertBefore(a, s); if (/^[@#]/.test(elt.innerHTML)) { elt.innerHTML += ' &lt;span&gt;&amp;#9654;&lt;/span&gt;'; } else { elt.innerHTML = '&lt;span&gt;&amp;#9654;&lt;/span&gt;'; elt.className = 'sf-dump-ref'; } elt.className += ' sf-dump-toggle'; } catch (e) { if ('&amp;' == elt.innerHTML.charAt(0)) { elt.innerHTML = '&amp;#8230;'; elt.className = 'sf-dump-ref'; } } } } } if (doc.evaluate &amp;&amp; Array.from &amp;&amp; root.children.length &gt; 1) { root.setAttribute('tabindex', 0); SearchState = function () { this.nodes = []; this.idx = 0; }; SearchState.prototype = { next: function () { if (this.isEmpty()) { return this.current(); } this.idx = this.idx &lt; (this.nodes.length - 1) ? this.idx + 1 : 0; return this.current(); }, previous: function () { if (this.isEmpty()) { return this.current(); } this.idx = this.idx &gt; 0 ? this.idx - 1 : (this.nodes.length - 1); return this.current(); }, isEmpty: function () { return 0 === this.count(); }, current: function () { if (this.isEmpty()) { return null; } return this.nodes[this.idx]; }, reset: function () { this.nodes = []; this.idx = 0; }, count: function () { return this.nodes.length; }, }; function showCurrent(state) { var currentNode = state.current(), currentRect, searchRect; if (currentNode) { reveal(currentNode); highlight(root, currentNode, state.nodes); if ('scrollIntoView' in currentNode) { currentNode.scrollIntoView(true); currentRect = currentNode.getBoundingClientRect(); searchRect = search.getBoundingClientRect(); if (currentRect.top &lt; (searchRect.top + searchRect.height)) { window.scrollBy(0, -(searchRect.top + searchRect.height + 5)); } } } counter.textContent = (state.isEmpty() ? 0 : state.idx + 1) + ' of ' + state.count(); } var search = doc.createElement('div'); search.className = 'sf-dump-search-wrapper sf-dump-search-hidden'; search.innerHTML = ' &lt;input type="text" class="sf-dump-search-input"&gt; &lt;span class="sf-dump-search-count"&gt;0 of 0&lt;\/span&gt; &lt;button type="button" class="sf-dump-search-input-previous" tabindex="-1"&gt; &lt;svg viewBox="0 0 1792 1792" xmlns="http://www.w3.org/2000/svg"&gt;&lt;path d="M1683 1331l-166 165q-19 19-45 19t-45-19L896 965l-531 531q-19 19-45 19t-45-19l-166-165q-19-19-19-45.5t19-45.5l742-741q19-19 45-19t45 19l742 741q19 19 19 45.5t-19 45.5z"\/&gt;&lt;\/svg&gt; &lt;\/button&gt; &lt;button type="button" class="sf-dump-search-input-next" tabindex="-1"&gt; &lt;svg viewBox="0 0 1792 1792" xmlns="http://www.w3.org/2000/svg"&gt;&lt;path d="M1683 808l-742 741q-19 19-45 19t-45-19L109 808q-19-19-19-45.5t19-45.5l166-165q19-19 45-19t45 19l531 531 531-531q19-19 45-19t45 19l166 165q19 19 19 45.5t-19 45.5z"\/&gt;&lt;\/svg&gt; &lt;\/button&gt; '; root.insertBefore(search, root.firstChild); var state = new SearchState(); var searchInput = search.querySelector('.sf-dump-search-input'); var counter = search.querySelector('.sf-dump-search-count'); var searchInputTimer = 0; var previousSearchQuery = ''; addEventListener(searchInput, 'keyup', function (e) { var searchQuery = e.target.value; /* Don't perform anything if the pressed key didn't change the query */ if (searchQuery === previousSearchQuery) { return; } previousSearchQuery = searchQuery; clearTimeout(searchInputTimer); searchInputTimer = setTimeout(function () { state.reset(); collapseAll(root); resetHighlightedNodes(root); if ('' === searchQuery) { counter.textContent = '0 of 0'; return; } var classMatches = [ "sf-dump-str", "sf-dump-key", "sf-dump-public", "sf-dump-protected", "sf-dump-private", ].map(xpathHasClass).join(' or '); var xpathResult = doc.evaluate('.//span[' + classMatches + '][contains(translate(child::text(), ' + xpathString(searchQuery.toUpperCase()) + ', ' + xpathString(searchQuery.toLowerCase()) + '), ' + xpathString(searchQuery.toLowerCase()) + ')]', root, null, XPathResult.ORDERED_NODE_ITERATOR_TYPE, null); while (node = xpathResult.iterateNext()) state.nodes.push(node); showCurrent(state); }, 400); }); Array.from(search.querySelectorAll('.sf-dump-search-input-next, .sf-dump-search-input-previous')).forEach(function (btn) { addEventListener(btn, 'click', function (e) { e.preventDefault(); -1 !== e.target.className.indexOf('next') ? state.next() : state.previous(); searchInput.focus(); collapseAll(root); showCurrent(state); }) }); addEventListener(root, 'keydown', function (e) { var isSearchActive = !/\bsf-dump-search-hidden\b/.test(search.className); if ((114 === e.keyCode &amp;&amp; !isSearchActive) || (isCtrlKey(e) &amp;&amp; 70 === e.keyCode)) { /* F3 or CMD/CTRL + F */ if (70 === e.keyCode &amp;&amp; document.activeElement === searchInput) { /* * If CMD/CTRL + F is hit while having focus on search input, * the user probably meant to trigger browser search instead. * Let the browser execute its behavior: */ return; } e.preventDefault(); search.className = search.className.replace(/\bsf-dump-search-hidden\b/, ''); searchInput.focus(); } else if (isSearchActive) { if (27 === e.keyCode) { /* ESC key */ search.className += ' sf-dump-search-hidden'; e.preventDefault(); resetHighlightedNodes(root); searchInput.value = ''; } else if ( (isCtrlKey(e) &amp;&amp; 71 === e.keyCode) /* CMD/CTRL + G */ || 13 === e.keyCode /* Enter */ || 114 === e.keyCode /* F3 */ ) { e.preventDefault(); e.shiftKey ? state.previous() : state.next(); collapseAll(root); showCurrent(state); } } }); } if (0 &gt;= options.maxStringLength) { return; } try { elt = root.querySelectorAll('.sf-dump-str'); len = elt.length; i = 0; t = []; while (i &lt; len) t.push(elt[i++]); len = t.length; for (i = 0; i &lt; len; ++i) { elt = t[i]; s = elt.innerText || elt.textContent; x = s.length - options.maxStringLength; if (0 &lt; x) { h = elt.innerHTML; elt[elt.innerText ? 'innerText' : 'textContent'] = s.substring(0, options.maxStringLength); elt.className += ' sf-dump-str-collapse'; elt.innerHTML = '&lt;span class=sf-dump-str-collapse&gt;'+h+'&lt;a class="sf-dump-ref sf-dump-str-toggle" title="Collapse"&gt; &amp;#9664;&lt;/a&gt;&lt;/span&gt;'+ '&lt;span class=sf-dump-str-expand&gt;'+elt.innerHTML+'&lt;a class="sf-dump-ref sf-dump-str-toggle" title="'+x+' remaining characters"&gt; &amp;#9654;&lt;/a&gt;&lt;/span&gt;'; } } } catch (e) { } }; })(document); &lt;/script&gt;&lt;style&gt; .sf-js-enabled pre.sf-dump .sf-dump-compact, .sf-js-enabled .sf-dump-str-collapse .sf-dump-str-collapse, .sf-js-enabled .sf-dump-str-expand .sf-dump-str-expand { display: none; } .sf-dump-hover:hover { background-color: #B729D9; color: #FFF !important; border-radius: 2px; } pre.sf-dump { display: block; white-space: pre; padding: 5px; overflow: initial !important; } pre.sf-dump:after { content: ""; visibility: hidden; display: block; height: 0; clear: both; } pre.sf-dump .sf-dump-ellipsization { display: inline-flex; } pre.sf-dump a { text-decoration: none; cursor: pointer; border: 0; outline: none; color: inherit; } pre.sf-dump img { max-width: 50em; max-height: 50em; margin: .5em 0 0 0; padding: 0; background: url(data:image/png;base64,iVBORw0KGgoAAAANSUhEUgAAABAAAAAQCAAAAAA6mKC9AAAAHUlEQVQY02O8zAABilCaiQEN0EeA8QuUcX9g3QEAAjcC5piyhyEAAAAASUVORK5CYII=) #D3D3D3; } pre.sf-dump .sf-dump-ellipsis { text-overflow: ellipsis; white-space: nowrap; overflow: hidden; } pre.sf-dump .sf-dump-ellipsis-tail { flex-shrink: 0; } pre.sf-dump code { display:inline; padding:0; background:none; } .sf-dump-public.sf-dump-highlight, .sf-dump-protected.sf-dump-highlight, .sf-dump-private.sf-dump-highlight, .sf-dump-str.sf-dump-highlight, .sf-dump-key.sf-dump-highlight { background: rgba(111, 172, 204, 0.3); border: 1px solid #7DA0B1; border-radius: 3px; } .sf-dump-public.sf-dump-highlight-active, .sf-dump-protected.sf-dump-highlight-active, .sf-dump-private.sf-dump-highlight-active, .sf-dump-str.sf-dump-highlight-active, .sf-dump-key.sf-dump-highlight-active { background: rgba(253, 175, 0, 0.4); border: 1px solid #ffa500; border-radius: 3px; } pre.sf-dump .sf-dump-search-hidden { display: none !important; } pre.sf-dump .sf-dump-search-wrapper { font-size: 0; white-space: nowrap; margin-bottom: 5px; display: flex; position: -webkit-sticky; position: sticky; top: 5px; } pre.sf-dump .sf-dump-search-wrapper &gt; * { vertical-align: top; box-sizing: border-box; height: 21px; font-weight: normal; border-radius: 0; background: #FFF; color: #757575; border: 1px solid #BBB; } pre.sf-dump .sf-dump-search-wrapper &gt; input.sf-dump-search-input { padding: 3px; height: 21px; font-size: 12px; border-right: none; border-top-left-radius: 3px; border-bottom-left-radius: 3px; color: #000; min-width: 15px; width: 100%; } pre.sf-dump .sf-dump-search-wrapper &gt; .sf-dump-search-input-next, pre.sf-dump .sf-dump-search-wrapper &gt; .sf-dump-search-input-previous { background: #F2F2F2; outline: none; border-left: none; font-size: 0; line-height: 0; } pre.sf-dump .sf-dump-search-wrapper &gt; .sf-dump-search-input-next { border-top-right-radius: 3px; border-bottom-right-radius: 3px; } pre.sf-dump .sf-dump-search-wrapper &gt; .sf-dump-search-input-next &gt; svg, pre.sf-dump .sf-dump-search-wrapper &gt; .sf-dump-search-input-previous &gt; svg { pointer-events: none; width: 12px; height: 12px; } pre.sf-dump .sf-dump-search-wrapper &gt; .sf-dump-search-count { display: inline-block; padding: 0 5px; margin: 0; border-left: none; line-height: 21px; font-size: 12px; }pre.sf-dump, pre.sf-dump .sf-dump-default{background:none; color:#CC7832; line-height:1.2em; font:12px Menlo, Monaco, Consolas, monospace; word-wrap: break-word; white-space: pre-wrap; position:relative; z-index:99999; word-break: break-all}pre.sf-dump .sf-dump-num{font-weight:bold; color:#1299DA}pre.sf-dump .sf-dump-const{font-weight:bold}pre.sf-dump .sf-dump-str{font-weight:bold; color:#629755;}pre.sf-dump .sf-dump-note{color:#6897BB}pre.sf-dump .sf-dump-ref{color:#6E6E6E}pre.sf-dump .sf-dump-public{color:#262626}pre.sf-dump .sf-dump-protected{color:#262626}pre.sf-dump .sf-dump-private{color:#262626}pre.sf-dump .sf-dump-meta{color:#B729D9}pre.sf-dump .sf-dump-key{color:#789339}pre.sf-dump .sf-dump-index{color:#1299DA}pre.sf-dump .sf-dump-ellipsis{color:#CC7832}pre.sf-dump .sf-dump-ns{user-select:none;}pre.sf-dump .sf-dump-ellipsis-note{color:#6897BB}&lt;/style&gt;&lt;pre class=sf-dump id=sf-dump-1655561028 data-indent-pad="  "&gt;&lt;span class=sf-dump-note&gt;Symfony\Component\HttpKernel\Exception\NotFoundHttpException&lt;/span&gt; {&lt;a class=sf-dump-ref&gt;#8003&lt;/a&gt;&lt;samp data-depth=1 class=sf-dump-expanded&gt;
  -&lt;span class=sf-dump-private title="Private property defined in class:&amp;#10;`Symfony\Component\HttpKernel\Exception\HttpException`"&gt;statusCode&lt;/span&gt;: &lt;span class=sf-dump-num&gt;404&lt;/span&gt;
  -&lt;span class=sf-dump-private title="Private property defined in class:&amp;#10;`Symfony\Component\HttpKernel\Exception\HttpException`"&gt;headers&lt;/span&gt;: []
&lt;/samp&gt;}
&lt;/pre&gt;&lt;script&gt;Sfdump("sf-dump-1655561028")&lt;/script&gt;
                    &lt;/div&gt;
                &lt;/details&gt;
                    &lt;/div&gt;

        &lt;div id="trace-html-1" class="sf-toggle-content"&gt;
                    &lt;div class="trace-line "&gt;
                &lt;div class="trace-line-header break-long-words sf-toggle" data-toggle-selector="#trace-html-1-0" data-toggle-initial="display"&gt;
            &lt;span class="icon icon-close"&gt;&lt;svg width="1792" height="1792" viewBox="0 0 1792 1792" xmlns="http://www.w3.org/2000/svg"&gt;&lt;path d="M1408 960V832q0-26-19-45t-45-19H448q-26 0-45 19t-19 45v128q0 26 19 45t45 19h896q26 0 45-19t19-45zm256-544v960q0 119-84.5 203.5T1376 1664H416q-119 0-203.5-84.5T128 1376V416q0-119 84.5-203.5T416 128h960q119 0 203.5 84.5T1664 416z"/&gt;&lt;/svg&gt;&lt;/span&gt;
        &lt;span class="icon icon-open"&gt;&lt;svg width="1792" height="1792" viewBox="0 0 1792 1792" xmlns="http://www.w3.org/2000/svg"&gt;&lt;path d="M1408 960V832q0-26-19-45t-45-19h-320V448q0-26-19-45t-45-19H832q-26 0-45 19t-19 45v320H448q-26 0-45 19t-19 45v128q0 26 19 45t45 19h320v320q0 26 19 45t45 19h128q26 0 45-19t19-45v-320h320q26 0 45-19t19-45zm256-544v960q0 119-84.5 203.5T1376 1664H416q-119 0-203.5-84.5T128 1376V416q0-119 84.5-203.5T416 128h960q119 0 203.5 84.5T1664 416z"/&gt;&lt;/svg&gt;&lt;/span&gt;
    
    
                    &lt;span class="block trace-file-path"&gt;
            in
            &lt;a href="file://C:\Users\sliti\Desktop\dev\esprit-PIDEV-3A16-2526-FARMIA\vendor\symfony\http-kernel\EventListener\RouterListener.php#L127"&gt;
                C:\Users\sliti\Desktop\dev\esprit-PIDEV-3A16-2526-FARMIA\vendor\symfony\http-kernel\EventListener\&lt;strong&gt;RouterListener.php&lt;/strong&gt;
            &lt;/a&gt;
                        (line 127)
            &lt;span class="icon icon-copy hidden" data-clipboard-text="C:\Users\sliti\Desktop\dev\esprit-PIDEV-3A16-2526-FARMIA\vendor\symfony\http-kernel\EventListener\RouterListener.php:127"&gt;
                &lt;svg xmlns="http://www.w3.org/2000/svg" height="24" viewBox="0 0 24 24" width="24"&gt;&lt;path d="M0 0h24v24H0z" fill="none"/&gt;&lt;path d="M16 1H4c-1.1 0-2 .9-2 2v14h2V3h12V1zm3 4H8c-1.1 0-2 .9-2 2v14c0 1.1.9 2 2 2h11c1.1 0 2-.9 2-2V7c0-1.1-.9-2-2-2zm0 16H8V7h11v14z"/&gt;&lt;/svg&gt;            &lt;/span&gt;
        &lt;/span&gt;
    &lt;/div&gt;
    &lt;div id="trace-html-1-0" class="trace-code sf-toggle-content"&gt;
        &lt;ol start="122"&gt;&lt;li&gt;&lt;code&gt;&lt;span style="color: var(--highlight-keyword)"&gt;&lt;/span&gt;&lt;/code&gt;&lt;/li&gt;
&lt;li&gt;&lt;code&gt;&lt;span style="color: var(--highlight-keyword)"&gt;&amp;nbsp;&amp;nbsp;&amp;nbsp;&amp;nbsp;&amp;nbsp;&amp;nbsp;&amp;nbsp;&amp;nbsp;&amp;nbsp;&amp;nbsp;&amp;nbsp;&amp;nbsp;if&amp;nbsp;(&lt;/span&gt;&lt;span style="color: var(--highlight-default)"&gt;$referer&amp;nbsp;&lt;/span&gt;&lt;span style="color: var(--highlight-keyword)"&gt;=&amp;nbsp;&lt;/span&gt;&lt;span style="color: var(--highlight-default)"&gt;$request&lt;/span&gt;&lt;span style="color: var(--highlight-keyword)"&gt;-&amp;gt;&lt;/span&gt;&lt;span style="color: var(--highlight-default)"&gt;headers&lt;/span&gt;&lt;span style="color: var(--highlight-keyword)"&gt;-&amp;gt;&lt;/span&gt;&lt;span style="color: var(--highlight-default)"&gt;get&lt;/span&gt;&lt;span style="color: var(--highlight-keyword)"&gt;(&lt;/span&gt;&lt;span style="color: var(--highlight-string)"&gt;'referer'&lt;/span&gt;&lt;span style="color: var(--highlight-keyword)"&gt;))&amp;nbsp;{&lt;/span&gt;&lt;/code&gt;&lt;/li&gt;
&lt;li&gt;&lt;code&gt;&lt;span style="color: var(--highlight-keyword)"&gt;&amp;nbsp;&amp;nbsp;&amp;nbsp;&amp;nbsp;&amp;nbsp;&amp;nbsp;&amp;nbsp;&amp;nbsp;&amp;nbsp;&amp;nbsp;&amp;nbsp;&amp;nbsp;&amp;nbsp;&amp;nbsp;&amp;nbsp;&amp;nbsp;&lt;/span&gt;&lt;span style="color: var(--highlight-default)"&gt;$message&amp;nbsp;&lt;/span&gt;&lt;span style="color: var(--highlight-keyword)"&gt;.=&amp;nbsp;&lt;/span&gt;&lt;span style="color: var(--highlight-default)"&gt;\sprintf&lt;/span&gt;&lt;span style="color: var(--highlight-keyword)"&gt;(&lt;/span&gt;&lt;span style="color: var(--highlight-string)"&gt;'&amp;nbsp;(from&amp;nbsp;"%s")'&lt;/span&gt;&lt;span style="color: var(--highlight-keyword)"&gt;,&amp;nbsp;&lt;/span&gt;&lt;span style="color: var(--highlight-default)"&gt;$referer&lt;/span&gt;&lt;span style="color: var(--highlight-keyword)"&gt;);&lt;/span&gt;&lt;/code&gt;&lt;/li&gt;
&lt;li&gt;&lt;code&gt;&lt;span style="color: var(--highlight-keyword)"&gt;&amp;nbsp;&amp;nbsp;&amp;nbsp;&amp;nbsp;&amp;nbsp;&amp;nbsp;&amp;nbsp;&amp;nbsp;&amp;nbsp;&amp;nbsp;&amp;nbsp;&amp;nbsp;}&lt;/span&gt;&lt;/code&gt;&lt;/li&gt;
&lt;li&gt;&lt;code&gt;&lt;span style="color: var(--highlight-keyword)"&gt;&lt;/span&gt;&lt;/code&gt;&lt;/li&gt;
&lt;li class="selected"&gt;&lt;code&gt;&lt;span style="color: var(--highlight-keyword)"&gt;&amp;nbsp;&amp;nbsp;&amp;nbsp;&amp;nbsp;&amp;nbsp;&amp;nbsp;&amp;nbsp;&amp;nbsp;&amp;nbsp;&amp;nbsp;&amp;nbsp;&amp;nbsp;throw&amp;nbsp;new&amp;nbsp;&lt;/span&gt;&lt;span style="color: var(--highlight-default)"&gt;NotFoundHttpException&lt;/span&gt;&lt;span style="color: var(--highlight-keyword)"&gt;(&lt;/span&gt;&lt;span style="color: var(--highlight-default)"&gt;$message&lt;/span&gt;&lt;span style="color: var(--highlight-keyword)"&gt;,&amp;nbsp;&lt;/span&gt;&lt;span style="color: var(--highlight-default)"&gt;$e&lt;/span&gt;&lt;span style="color: var(--highlight-keyword)"&gt;);&lt;/span&gt;&lt;/code&gt;&lt;/li&gt;
&lt;li&gt;&lt;code&gt;&lt;span style="color: var(--highlight-keyword)"&gt;&amp;nbsp;&amp;nbsp;&amp;nbsp;&amp;nbsp;&amp;nbsp;&amp;nbsp;&amp;nbsp;&amp;nbsp;}&amp;nbsp;catch&amp;nbsp;(&lt;/span&gt;&lt;span style="color: var(--highlight-default)"&gt;MethodNotAllowedException&amp;nbsp;$e&lt;/span&gt;&lt;span style="color: var(--highlight-keyword)"&gt;)&amp;nbsp;{&lt;/span&gt;&lt;/code&gt;&lt;/li&gt;
&lt;li&gt;&lt;code&gt;&lt;span style="color: var(--highlight-keyword)"&gt;&amp;nbsp;&amp;nbsp;&amp;nbsp;&amp;nbsp;&amp;nbsp;&amp;nbsp;&amp;nbsp;&amp;nbsp;&amp;nbsp;&amp;nbsp;&amp;nbsp;&amp;nbsp;&lt;/span&gt;&lt;span style="color: var(--highlight-default)"&gt;$message&amp;nbsp;&lt;/span&gt;&lt;span style="color: var(--highlight-keyword)"&gt;=&amp;nbsp;&lt;/span&gt;&lt;span style="color: var(--highlight-default)"&gt;\sprintf&lt;/span&gt;&lt;span style="color: var(--highlight-keyword)"&gt;(&lt;/span&gt;&lt;span style="color: var(--highlight-string)"&gt;'No&amp;nbsp;route&amp;nbsp;found&amp;nbsp;for&amp;nbsp;"%s&amp;nbsp;%s":&amp;nbsp;Method&amp;nbsp;Not&amp;nbsp;Allowed&amp;nbsp;(Allow:&amp;nbsp;%s)'&lt;/span&gt;&lt;span style="color: var(--highlight-keyword)"&gt;,&amp;nbsp;&lt;/span&gt;&lt;span style="color: var(--highlight-default)"&gt;$request&lt;/span&gt;&lt;span style="color: var(--highlight-keyword)"&gt;-&amp;gt;&lt;/span&gt;&lt;span style="color: var(--highlight-default)"&gt;getMethod&lt;/span&gt;&lt;span style="color: var(--highlight-keyword)"&gt;(),&amp;nbsp;&lt;/span&gt;&lt;span style="color: var(--highlight-default)"&gt;$request&lt;/span&gt;&lt;span style="color: var(--highlight-keyword)"&gt;-&amp;gt;&lt;/span&gt;&lt;span style="color: var(--highlight-default)"&gt;getUriForPath&lt;/span&gt;&lt;span style="color: var(--highlight-keyword)"&gt;(&lt;/span&gt;&lt;span style="color: var(--highlight-default)"&gt;$request&lt;/span&gt;&lt;span style="color: var(--highlight-keyword)"&gt;-&amp;gt;&lt;/span&gt;&lt;span style="color: var(--highlight-default)"&gt;getPathInfo&lt;/span&gt;&lt;span style="color: var(--highlight-keyword)"&gt;()),&amp;nbsp;&lt;/span&gt;&lt;span style="color: var(--highlight-default)"&gt;implode&lt;/span&gt;&lt;span style="color: var(--highlight-keyword)"&gt;(&lt;/span&gt;&lt;span style="color: var(--highlight-string)"&gt;',&amp;nbsp;'&lt;/span&gt;&lt;span style="color: var(--highlight-keyword)"&gt;,&amp;nbsp;&lt;/span&gt;&lt;span style="color: var(--highlight-default)"&gt;$e&lt;/span&gt;&lt;span style="color: var(--highlight-keyword)"&gt;-&amp;gt;&lt;/span&gt;&lt;span style="color: var(--highlight-default)"&gt;getAllowedMethods&lt;/span&gt;&lt;span style="color: var(--highlight-keyword)"&gt;()));&lt;/span&gt;&lt;/code&gt;&lt;/li&gt;
&lt;li&gt;&lt;code&gt;&lt;span style="color: var(--highlight-keyword)"&gt;&lt;/span&gt;&lt;/code&gt;&lt;/li&gt;
&lt;li&gt;&lt;code&gt;&lt;span style="color: var(--highlight-keyword)"&gt;&amp;nbsp;&amp;nbsp;&amp;nbsp;&amp;nbsp;&amp;nbsp;&amp;nbsp;&amp;nbsp;&amp;nbsp;&amp;nbsp;&amp;nbsp;&amp;nbsp;&amp;nbsp;throw&amp;nbsp;new&amp;nbsp;&lt;/span&gt;&lt;span style="color: var(--highlight-default)"&gt;MethodNotAllowedHttpException&lt;/span&gt;&lt;span style="color: var(--highlight-keyword)"&gt;(&lt;/span&gt;&lt;span style="color: var(--highlight-default)"&gt;$e&lt;/span&gt;&lt;span style="color: var(--highlight-keyword)"&gt;-&amp;gt;&lt;/span&gt;&lt;span style="color: var(--highlight-default)"&gt;getAllowedMethods&lt;/span&gt;&lt;span style="color: var(--highlight-keyword)"&gt;(),&amp;nbsp;&lt;/span&gt;&lt;span style="color: var(--highlight-default)"&gt;$message&lt;/span&gt;&lt;span style="color: var(--highlight-keyword)"&gt;,&amp;nbsp;&lt;/span&gt;&lt;span style="color: var(--highlight-default)"&gt;$e&lt;/span&gt;&lt;span style="color: var(--highlight-keyword)"&gt;);&lt;/span&gt;&lt;/code&gt;&lt;/li&gt;
&lt;li&gt;&lt;code&gt;&lt;span style="color: var(--highlight-keyword)"&gt;&amp;nbsp;&amp;nbsp;&amp;nbsp;&amp;nbsp;&amp;nbsp;&amp;nbsp;&amp;nbsp;&amp;nbsp;}&lt;/span&gt;&lt;/code&gt;&lt;/li&gt;&lt;/ol&gt;    &lt;/div&gt;            &lt;/div&gt;
                        &lt;div class="trace-line "&gt;
                &lt;div class="trace-line-header break-long-words sf-toggle" data-toggle-selector="#trace-html-1-1" data-toggle-initial=""&gt;
            &lt;span class="icon icon-close"&gt;&lt;svg width="1792" height="1792" viewBox="0 0 1792 1792" xmlns="http://www.w3.org/2000/svg"&gt;&lt;path d="M1408 960V832q0-26-19-45t-45-19H448q-26 0-45 19t-19 45v128q0 26 19 45t45 19h896q26 0 45-19t19-45zm256-544v960q0 119-84.5 203.5T1376 1664H416q-119 0-203.5-84.5T128 1376V416q0-119 84.5-203.5T416 128h960q119 0 203.5 84.5T1664 416z"/&gt;&lt;/svg&gt;&lt;/span&gt;
        &lt;span class="icon icon-open"&gt;&lt;svg width="1792" height="1792" viewBox="0 0 1792 1792" xmlns="http://www.w3.org/2000/svg"&gt;&lt;path d="M1408 960V832q0-26-19-45t-45-19h-320V448q0-26-19-45t-45-19H832q-26 0-45 19t-19 45v320H448q-26 0-45 19t-19 45v128q0 26 19 45t45 19h320v320q0 26 19 45t45 19h128q26 0 45-19t19-45v-320h320q26 0 45-19t19-45zm256-544v960q0 119-84.5 203.5T1376 1664H416q-119 0-203.5-84.5T128 1376V416q0-119 84.5-203.5T416 128h960q119 0 203.5 84.5T1664 416z"/&gt;&lt;/svg&gt;&lt;/span&gt;
    
            &lt;span class="trace-class"&gt;&lt;abbr title="Symfony\Component\HttpKernel\EventListener\RouterListener"&gt;RouterListener&lt;/abbr&gt;&lt;/span&gt;&lt;span class="trace-type"&gt;-&gt;&lt;/span&gt;&lt;span class="trace-method"&gt;onKernelRequest&lt;/span&gt;&lt;span class="trace-arguments"&gt;(&lt;em&gt;object&lt;/em&gt;(&lt;abbr title="Symfony\Component\HttpKernel\Event\RequestEvent"&gt;RequestEvent&lt;/abbr&gt;), 'kernel.request', &lt;em&gt;object&lt;/em&gt;(&lt;abbr title="Symfony\Component\HttpKernel\Debug\TraceableEventDispatcher"&gt;TraceableEventDispatcher&lt;/abbr&gt;))&lt;/span&gt;    
                    &lt;span class="block trace-file-path"&gt;
            in
            &lt;a href="file://C:\Users\sliti\Desktop\dev\esprit-PIDEV-3A16-2526-FARMIA\vendor\symfony\event-dispatcher\Debug\WrappedListener.php#L116"&gt;
                C:\Users\sliti\Desktop\dev\esprit-PIDEV-3A16-2526-FARMIA\vendor\symfony\event-dispatcher\Debug\&lt;strong&gt;WrappedListener.php&lt;/strong&gt;
            &lt;/a&gt;
                        (line 116)
            &lt;span class="icon icon-copy hidden" data-clipboard-text="C:\Users\sliti\Desktop\dev\esprit-PIDEV-3A16-2526-FARMIA\vendor\symfony\event-dispatcher\Debug\WrappedListener.php:116"&gt;
                &lt;svg xmlns="http://www.w3.org/2000/svg" height="24" viewBox="0 0 24 24" width="24"&gt;&lt;path d="M0 0h24v24H0z" fill="none"/&gt;&lt;path d="M16 1H4c-1.1 0-2 .9-2 2v14h2V3h12V1zm3 4H8c-1.1 0-2 .9-2 2v14c0 1.1.9 2 2 2h11c1.1 0 2-.9 2-2V7c0-1.1-.9-2-2-2zm0 16H8V7h11v14z"/&gt;&lt;/svg&gt;            &lt;/span&gt;
        &lt;/span&gt;
    &lt;/div&gt;
    &lt;div id="trace-html-1-1" class="trace-code sf-toggle-content"&gt;
        &lt;ol start="111"&gt;&lt;li&gt;&lt;code&gt;&lt;span style="color: var(--highlight-keyword)"&gt;&amp;nbsp;&amp;nbsp;&amp;nbsp;&amp;nbsp;&amp;nbsp;&amp;nbsp;&amp;nbsp;&amp;nbsp;&lt;/span&gt;&lt;span style="color: var(--highlight-default)"&gt;$this&lt;/span&gt;&lt;span style="color: var(--highlight-keyword)"&gt;-&amp;gt;&lt;/span&gt;&lt;span style="color: var(--highlight-default)"&gt;priority&amp;nbsp;&lt;/span&gt;&lt;span style="color: var(--highlight-keyword)"&gt;??=&amp;nbsp;&lt;/span&gt;&lt;span style="color: var(--highlight-default)"&gt;$dispatcher&lt;/span&gt;&lt;span style="color: var(--highlight-keyword)"&gt;-&amp;gt;&lt;/span&gt;&lt;span style="color: var(--highlight-default)"&gt;getListenerPriority&lt;/span&gt;&lt;span style="color: var(--highlight-keyword)"&gt;(&lt;/span&gt;&lt;span style="color: var(--highlight-default)"&gt;$eventName&lt;/span&gt;&lt;span style="color: var(--highlight-keyword)"&gt;,&amp;nbsp;&lt;/span&gt;&lt;span style="color: var(--highlight-default)"&gt;$this&lt;/span&gt;&lt;span style="color: var(--highlight-keyword)"&gt;-&amp;gt;&lt;/span&gt;&lt;span style="color: var(--highlight-default)"&gt;listener&lt;/span&gt;&lt;span style="color: var(--highlight-keyword)"&gt;);&lt;/span&gt;&lt;/code&gt;&lt;/li&gt;
&lt;li&gt;&lt;code&gt;&lt;span style="color: var(--highlight-keyword)"&gt;&lt;/span&gt;&lt;/code&gt;&lt;/li&gt;
&lt;li&gt;&lt;code&gt;&lt;span style="color: var(--highlight-keyword)"&gt;&amp;nbsp;&amp;nbsp;&amp;nbsp;&amp;nbsp;&amp;nbsp;&amp;nbsp;&amp;nbsp;&amp;nbsp;&lt;/span&gt;&lt;span style="color: var(--highlight-default)"&gt;$e&amp;nbsp;&lt;/span&gt;&lt;span style="color: var(--highlight-keyword)"&gt;=&amp;nbsp;&lt;/span&gt;&lt;span style="color: var(--highlight-default)"&gt;$this&lt;/span&gt;&lt;span style="color: var(--highlight-keyword)"&gt;-&amp;gt;&lt;/span&gt;&lt;span style="color: var(--highlight-default)"&gt;stopwatch&lt;/span&gt;&lt;span style="color: var(--highlight-keyword)"&gt;-&amp;gt;&lt;/span&gt;&lt;span style="color: var(--highlight-default)"&gt;start&lt;/span&gt;&lt;span style="color: var(--highlight-keyword)"&gt;(&lt;/span&gt;&lt;span style="color: var(--highlight-default)"&gt;$this&lt;/span&gt;&lt;span style="color: var(--highlight-keyword)"&gt;-&amp;gt;&lt;/span&gt;&lt;span style="color: var(--highlight-default)"&gt;name&lt;/span&gt;&lt;span style="color: var(--highlight-keyword)"&gt;,&amp;nbsp;&lt;/span&gt;&lt;span style="color: var(--highlight-string)"&gt;'event_listener'&lt;/span&gt;&lt;span style="color: var(--highlight-keyword)"&gt;);&lt;/span&gt;&lt;/code&gt;&lt;/li&gt;
&lt;li&gt;&lt;code&gt;&lt;span style="color: var(--highlight-keyword)"&gt;&lt;/span&gt;&lt;/code&gt;&lt;/li&gt;
&lt;li&gt;&lt;code&gt;&lt;span style="color: var(--highlight-keyword)"&gt;&amp;nbsp;&amp;nbsp;&amp;nbsp;&amp;nbsp;&amp;nbsp;&amp;nbsp;&amp;nbsp;&amp;nbsp;try&amp;nbsp;{&lt;/span&gt;&lt;/code&gt;&lt;/li&gt;
&lt;li class="selected"&gt;&lt;code&gt;&lt;span style="color: var(--highlight-keyword)"&gt;&amp;nbsp;&amp;nbsp;&amp;nbsp;&amp;nbsp;&amp;nbsp;&amp;nbsp;&amp;nbsp;&amp;nbsp;&amp;nbsp;&amp;nbsp;&amp;nbsp;&amp;nbsp;(&lt;/span&gt;&lt;span style="color: var(--highlight-default)"&gt;$this&lt;/span&gt;&lt;span style="color: var(--highlight-keyword)"&gt;-&amp;gt;&lt;/span&gt;&lt;span style="color: var(--highlight-default)"&gt;optimizedListener&amp;nbsp;&lt;/span&gt;&lt;span style="color: var(--highlight-keyword)"&gt;??&amp;nbsp;&lt;/span&gt;&lt;span style="color: var(--highlight-default)"&gt;$this&lt;/span&gt;&lt;span style="color: var(--highlight-keyword)"&gt;-&amp;gt;&lt;/span&gt;&lt;span style="color: var(--highlight-default)"&gt;listener&lt;/span&gt;&lt;span style="color: var(--highlight-keyword)"&gt;)(&lt;/span&gt;&lt;span style="color: var(--highlight-default)"&gt;$event&lt;/span&gt;&lt;span style="color: var(--highlight-keyword)"&gt;,&amp;nbsp;&lt;/span&gt;&lt;span style="color: var(--highlight-default)"&gt;$eventName&lt;/span&gt;&lt;span style="color: var(--highlight-keyword)"&gt;,&amp;nbsp;&lt;/span&gt;&lt;span style="color: var(--highlight-default)"&gt;$dispatcher&lt;/span&gt;&lt;span style="color: var(--highlight-keyword)"&gt;);&lt;/span&gt;&lt;/code&gt;&lt;/li&gt;
&lt;li&gt;&lt;code&gt;&lt;span style="color: var(--highlight-keyword)"&gt;&amp;nbsp;&amp;nbsp;&amp;nbsp;&amp;nbsp;&amp;nbsp;&amp;nbsp;&amp;nbsp;&amp;nbsp;}&amp;nbsp;finally&amp;nbsp;{&lt;/span&gt;&lt;/code&gt;&lt;/li&gt;
&lt;li&gt;&lt;code&gt;&lt;span style="color: var(--highlight-keyword)"&gt;&amp;nbsp;&amp;nbsp;&amp;nbsp;&amp;nbsp;&amp;nbsp;&amp;nbsp;&amp;nbsp;&amp;nbsp;&amp;nbsp;&amp;nbsp;&amp;nbsp;&amp;nbsp;if&amp;nbsp;(&lt;/span&gt;&lt;span style="color: var(--highlight-default)"&gt;$e&lt;/span&gt;&lt;span style="color: var(--highlight-keyword)"&gt;-&amp;gt;&lt;/span&gt;&lt;span style="color: var(--highlight-default)"&gt;isStarted&lt;/span&gt;&lt;span style="color: var(--highlight-keyword)"&gt;())&amp;nbsp;{&lt;/span&gt;&lt;/code&gt;&lt;/li&gt;
&lt;li&gt;&lt;code&gt;&lt;span style="color: var(--highlight-keyword)"&gt;&amp;nbsp;&amp;nbsp;&amp;nbsp;&amp;nbsp;&amp;nbsp;&amp;nbsp;&amp;nbsp;&amp;nbsp;&amp;nbsp;&amp;nbsp;&amp;nbsp;&amp;nbsp;&amp;nbsp;&amp;nbsp;&amp;nbsp;&amp;nbsp;&lt;/span&gt;&lt;span style="color: var(--highlight-default)"&gt;$e&lt;/span&gt;&lt;span style="color: var(--highlight-keyword)"&gt;-&amp;gt;&lt;/span&gt;&lt;span style="color: var(--highlight-default)"&gt;stop&lt;/span&gt;&lt;span style="color: var(--highlight-keyword)"&gt;();&lt;/span&gt;&lt;/code&gt;&lt;/li&gt;
&lt;li&gt;&lt;code&gt;&lt;span style="color: var(--highlight-keyword)"&gt;&amp;nbsp;&amp;nbsp;&amp;nbsp;&amp;nbsp;&amp;nbsp;&amp;nbsp;&amp;nbsp;&amp;nbsp;&amp;nbsp;&amp;nbsp;&amp;nbsp;&amp;nbsp;}&lt;/span&gt;&lt;/code&gt;&lt;/li&gt;
&lt;li&gt;&lt;code&gt;&lt;span style="color: var(--highlight-keyword)"&gt;&amp;nbsp;&amp;nbsp;&amp;nbsp;&amp;nbsp;&amp;nbsp;&amp;nbsp;&amp;nbsp;&amp;nbsp;}&lt;/span&gt;&lt;/code&gt;&lt;/li&gt;&lt;/ol&gt;    &lt;/div&gt;            &lt;/div&gt;
                        &lt;div class="trace-line "&gt;
                &lt;div class="trace-line-header break-long-words sf-toggle" data-toggle-selector="#trace-html-1-2" data-toggle-initial=""&gt;
            &lt;span class="icon icon-close"&gt;&lt;svg width="1792" height="1792" viewBox="0 0 1792 1792" xmlns="http://www.w3.org/2000/svg"&gt;&lt;path d="M1408 960V832q0-26-19-45t-45-19H448q-26 0-45 19t-19 45v128q0 26 19 45t45 19h896q26 0 45-19t19-45zm256-544v960q0 119-84.5 203.5T1376 1664H416q-119 0-203.5-84.5T128 1376V416q0-119 84.5-203.5T416 128h960q119 0 203.5 84.5T1664 416z"/&gt;&lt;/svg&gt;&lt;/span&gt;
        &lt;span class="icon icon-open"&gt;&lt;svg width="1792" height="1792" viewBox="0 0 1792 1792" xmlns="http://www.w3.org/2000/svg"&gt;&lt;path d="M1408 960V832q0-26-19-45t-45-19h-320V448q0-26-19-45t-45-19H832q-26 0-45 19t-19 45v320H448q-26 0-45 19t-19 45v128q0 26 19 45t45 19h320v320q0 26 19 45t45 19h128q26 0 45-19t19-45v-320h320q26 0 45-19t19-45zm256-544v960q0 119-84.5 203.5T1376 1664H416q-119 0-203.5-84.5T128 1376V416q0-119 84.5-203.5T416 128h960q119 0 203.5 84.5T1664 416z"/&gt;&lt;/svg&gt;&lt;/span&gt;
    
            &lt;span class="trace-class"&gt;&lt;abbr title="Symfony\Component\EventDispatcher\Debug\WrappedListener"&gt;WrappedListener&lt;/abbr&gt;&lt;/span&gt;&lt;span class="trace-type"&gt;-&gt;&lt;/span&gt;&lt;span class="trace-method"&gt;__invoke&lt;/span&gt;&lt;span class="trace-arguments"&gt;(&lt;em&gt;object&lt;/em&gt;(&lt;abbr title="Symfony\Component\HttpKernel\Event\RequestEvent"&gt;RequestEvent&lt;/abbr&gt;), 'kernel.request', &lt;em&gt;object&lt;/em&gt;(&lt;abbr title="Symfony\Component\HttpKernel\Debug\TraceableEventDispatcher"&gt;TraceableEventDispatcher&lt;/abbr&gt;))&lt;/span&gt;    
                    &lt;span class="block trace-file-path"&gt;
            in
            &lt;a href="file://C:\Users\sliti\Desktop\dev\esprit-PIDEV-3A16-2526-FARMIA\vendor\symfony\event-dispatcher\EventDispatcher.php#L220"&gt;
                C:\Users\sliti\Desktop\dev\esprit-PIDEV-3A16-2526-FARMIA\vendor\symfony\event-dispatcher\&lt;strong&gt;EventDispatcher.php&lt;/strong&gt;
            &lt;/a&gt;
                        (line 220)
            &lt;span class="icon icon-copy hidden" data-clipboard-text="C:\Users\sliti\Desktop\dev\esprit-PIDEV-3A16-2526-FARMIA\vendor\symfony\event-dispatcher\EventDispatcher.php:220"&gt;
                &lt;svg xmlns="http://www.w3.org/2000/svg" height="24" viewBox="0 0 24 24" width="24"&gt;&lt;path d="M0 0h24v24H0z" fill="none"/&gt;&lt;path d="M16 1H4c-1.1 0-2 .9-2 2v14h2V3h12V1zm3 4H8c-1.1 0-2 .9-2 2v14c0 1.1.9 2 2 2h11c1.1 0 2-.9 2-2V7c0-1.1-.9-2-2-2zm0 16H8V7h11v14z"/&gt;&lt;/svg&gt;            &lt;/span&gt;
        &lt;/span&gt;
    &lt;/div&gt;
    &lt;div id="trace-html-1-2" class="trace-code sf-toggle-content"&gt;
        &lt;ol start="215"&gt;&lt;li&gt;&lt;code&gt;&lt;span style="color: var(--highlight-keyword)"&gt;&lt;/span&gt;&lt;/code&gt;&lt;/li&gt;
&lt;li&gt;&lt;code&gt;&lt;span style="color: var(--highlight-keyword)"&gt;&amp;nbsp;&amp;nbsp;&amp;nbsp;&amp;nbsp;&amp;nbsp;&amp;nbsp;&amp;nbsp;&amp;nbsp;foreach&amp;nbsp;(&lt;/span&gt;&lt;span style="color: var(--highlight-default)"&gt;$listeners&amp;nbsp;&lt;/span&gt;&lt;span style="color: var(--highlight-keyword)"&gt;as&amp;nbsp;&lt;/span&gt;&lt;span style="color: var(--highlight-default)"&gt;$listener&lt;/span&gt;&lt;span style="color: var(--highlight-keyword)"&gt;)&amp;nbsp;{&lt;/span&gt;&lt;/code&gt;&lt;/li&gt;
&lt;li&gt;&lt;code&gt;&lt;span style="color: var(--highlight-keyword)"&gt;&amp;nbsp;&amp;nbsp;&amp;nbsp;&amp;nbsp;&amp;nbsp;&amp;nbsp;&amp;nbsp;&amp;nbsp;&amp;nbsp;&amp;nbsp;&amp;nbsp;&amp;nbsp;if&amp;nbsp;(&lt;/span&gt;&lt;span style="color: var(--highlight-default)"&gt;$stoppable&amp;nbsp;&lt;/span&gt;&lt;span style="color: var(--highlight-keyword)"&gt;&amp;amp;&amp;amp;&amp;nbsp;&lt;/span&gt;&lt;span style="color: var(--highlight-default)"&gt;$event&lt;/span&gt;&lt;span style="color: var(--highlight-keyword)"&gt;-&amp;gt;&lt;/span&gt;&lt;span style="color: var(--highlight-default)"&gt;isPropagationStopped&lt;/span&gt;&lt;span style="color: var(--highlight-keyword)"&gt;())&amp;nbsp;{&lt;/span&gt;&lt;/code&gt;&lt;/li&gt;
&lt;li&gt;&lt;code&gt;&lt;span style="color: var(--highlight-keyword)"&gt;&amp;nbsp;&amp;nbsp;&amp;nbsp;&amp;nbsp;&amp;nbsp;&amp;nbsp;&amp;nbsp;&amp;nbsp;&amp;nbsp;&amp;nbsp;&amp;nbsp;&amp;nbsp;&amp;nbsp;&amp;nbsp;&amp;nbsp;&amp;nbsp;break;&lt;/span&gt;&lt;/code&gt;&lt;/li&gt;
&lt;li&gt;&lt;code&gt;&lt;span style="color: var(--highlight-keyword)"&gt;&amp;nbsp;&amp;nbsp;&amp;nbsp;&amp;nbsp;&amp;nbsp;&amp;nbsp;&amp;nbsp;&amp;nbsp;&amp;nbsp;&amp;nbsp;&amp;nbsp;&amp;nbsp;}&lt;/span&gt;&lt;/code&gt;&lt;/li&gt;
&lt;li class="selected"&gt;&lt;code&gt;&lt;span style="color: var(--highlight-keyword)"&gt;&amp;nbsp;&amp;nbsp;&amp;nbsp;&amp;nbsp;&amp;nbsp;&amp;nbsp;&amp;nbsp;&amp;nbsp;&amp;nbsp;&amp;nbsp;&amp;nbsp;&amp;nbsp;&lt;/span&gt;&lt;span style="color: var(--highlight-default)"&gt;$listener&lt;/span&gt;&lt;span style="color: var(--highlight-keyword)"&gt;(&lt;/span&gt;&lt;span style="color: var(--highlight-default)"&gt;$event&lt;/span&gt;&lt;span style="color: var(--highlight-keyword)"&gt;,&amp;nbsp;&lt;/span&gt;&lt;span style="color: var(--highlight-default)"&gt;$eventName&lt;/span&gt;&lt;span style="color: var(--highlight-keyword)"&gt;,&amp;nbsp;&lt;/span&gt;&lt;span style="color: var(--highlight-default)"&gt;$this&lt;/span&gt;&lt;span style="color: var(--highlight-keyword)"&gt;);&lt;/span&gt;&lt;/code&gt;&lt;/li&gt;
&lt;li&gt;&lt;code&gt;&lt;span style="color: var(--highlight-keyword)"&gt;&amp;nbsp;&amp;nbsp;&amp;nbsp;&amp;nbsp;&amp;nbsp;&amp;nbsp;&amp;nbsp;&amp;nbsp;}&lt;/span&gt;&lt;/code&gt;&lt;/li&gt;
&lt;li&gt;&lt;code&gt;&lt;span style="color: var(--highlight-keyword)"&gt;&amp;nbsp;&amp;nbsp;&amp;nbsp;&amp;nbsp;}&lt;/span&gt;&lt;/code&gt;&lt;/li&gt;
&lt;li&gt;&lt;code&gt;&lt;span style="color: var(--highlight-keyword)"&gt;&lt;/span&gt;&lt;/code&gt;&lt;/li&gt;
&lt;li&gt;&lt;code&gt;&lt;span style="color: var(--highlight-keyword)"&gt;&amp;nbsp;&amp;nbsp;&amp;nbsp;&amp;nbsp;&lt;/span&gt;&lt;span style="color: var(--highlight-comment)"&gt;/**&lt;/span&gt;&lt;/code&gt;&lt;/li&gt;
&lt;li&gt;&lt;code&gt;&lt;span style="color: var(--highlight-comment)"&gt;&amp;nbsp;&amp;nbsp;&amp;nbsp;&amp;nbsp;&amp;nbsp;*&amp;nbsp;Sorts&amp;nbsp;the&amp;nbsp;internal&amp;nbsp;list&amp;nbsp;of&amp;nbsp;listeners&amp;nbsp;for&amp;nbsp;the&amp;nbsp;given&amp;nbsp;event&amp;nbsp;by&amp;nbsp;priority.&lt;/span&gt;&lt;/code&gt;&lt;/li&gt;&lt;/ol&gt;    &lt;/div&gt;            &lt;/div&gt;
                        &lt;div class="trace-line "&gt;
                &lt;div class="trace-line-header break-long-words sf-toggle" data-toggle-selector="#trace-html-1-3" data-toggle-initial=""&gt;
            &lt;span class="icon icon-close"&gt;&lt;svg width="1792" height="1792" viewBox="0 0 1792 1792" xmlns="http://www.w3.org/2000/svg"&gt;&lt;path d="M1408 960V832q0-26-19-45t-45-19H448q-26 0-45 19t-19 45v128q0 26 19 45t45 19h896q26 0 45-19t19-45zm256-544v960q0 119-84.5 203.5T1376 1664H416q-119 0-203.5-84.5T128 1376V416q0-119 84.5-203.5T416 128h960q119 0 203.5 84.5T1664 416z"/&gt;&lt;/svg&gt;&lt;/span&gt;
        &lt;span class="icon icon-open"&gt;&lt;svg width="1792" height="1792" viewBox="0 0 1792 1792" xmlns="http://www.w3.org/2000/svg"&gt;&lt;path d="M1408 960V832q0-26-19-45t-45-19h-320V448q0-26-19-45t-45-19H832q-26 0-45 19t-19 45v320H448q-26 0-45 19t-19 45v128q0 26 19 45t45 19h320v320q0 26 19 45t45 19h128q26 0 45-19t19-45v-320h320q26 0 45-19t19-45zm256-544v960q0 119-84.5 203.5T1376 1664H416q-119 0-203.5-84.5T128 1376V416q0-119 84.5-203.5T416 128h960q119 0 203.5 84.5T1664 416z"/&gt;&lt;/svg&gt;&lt;/span&gt;
    
            &lt;span class="trace-class"&gt;&lt;abbr title="Symfony\Component\EventDispatcher\EventDispatcher"&gt;EventDispatcher&lt;/abbr&gt;&lt;/span&gt;&lt;span class="trace-type"&gt;-&gt;&lt;/span&gt;&lt;span class="trace-method"&gt;callListeners&lt;/span&gt;&lt;span class="trace-arguments"&gt;(&lt;em&gt;array&lt;/em&gt;(&lt;em&gt;object&lt;/em&gt;(&lt;abbr title="Symfony\Component\EventDispatcher\Debug\WrappedListener"&gt;WrappedListener&lt;/abbr&gt;), &lt;em&gt;object&lt;/em&gt;(&lt;abbr title="Symfony\Component\EventDispatcher\Debug\WrappedListener"&gt;WrappedListener&lt;/abbr&gt;), &lt;em&gt;object&lt;/em&gt;(&lt;abbr title="Symfony\Component\EventDispatcher\Debug\WrappedListener"&gt;WrappedListener&lt;/abbr&gt;), &lt;em&gt;object&lt;/em&gt;(&lt;abbr title="Symfony\Component\EventDispatcher\Debug\WrappedListener"&gt;WrappedListener&lt;/abbr&gt;), &lt;em&gt;object&lt;/em&gt;(&lt;abbr title="Symfony\Component\EventDispatcher\Debug\WrappedListener"&gt;WrappedListener&lt;/abbr&gt;), &lt;em&gt;object&lt;/em&gt;(&lt;abbr title="Symfony\Component\EventDispatcher\Debug\WrappedListener"&gt;WrappedListener&lt;/abbr&gt;), &lt;em&gt;object&lt;/em&gt;(&lt;abbr title="Symfony\Component\EventDispatcher\Debug\WrappedListener"&gt;WrappedListener&lt;/abbr&gt;), &lt;em&gt;object&lt;/em&gt;(&lt;abbr title="Symfony\Component\EventDispatcher\Debug\WrappedListener"&gt;WrappedListener&lt;/abbr&gt;), &lt;em&gt;object&lt;/em&gt;(&lt;abbr title="Symfony\Component\EventDispatcher\Debug\WrappedListener"&gt;WrappedListener&lt;/abbr&gt;), &lt;em&gt;object&lt;/em&gt;(&lt;abbr title="Symfony\Component\EventDispatcher\Debug\WrappedListener"&gt;WrappedListener&lt;/abbr&gt;), &lt;em&gt;object&lt;/em&gt;(&lt;abbr title="Symfony\Component\EventDispatcher\Debug\WrappedListener"&gt;WrappedListener&lt;/abbr&gt;)), 'kernel.request', &lt;em&gt;object&lt;/em&gt;(&lt;abbr title="Symfony\Component\HttpKernel\Event\RequestEvent"&gt;RequestEvent&lt;/abbr&gt;))&lt;/span&gt;    
                    &lt;span class="block trace-file-path"&gt;
            in
            &lt;a href="file://C:\Users\sliti\Desktop\dev\esprit-PIDEV-3A16-2526-FARMIA\vendor\symfony\event-dispatcher\EventDispatcher.php#L56"&gt;
                C:\Users\sliti\Desktop\dev\esprit-PIDEV-3A16-2526-FARMIA\vendor\symfony\event-dispatcher\&lt;strong&gt;EventDispatcher.php&lt;/strong&gt;
            &lt;/a&gt;
                        (line 56)
            &lt;span class="icon icon-copy hidden" data-clipboard-text="C:\Users\sliti\Desktop\dev\esprit-PIDEV-3A16-2526-FARMIA\vendor\symfony\event-dispatcher\EventDispatcher.php:56"&gt;
                &lt;svg xmlns="http://www.w3.org/2000/svg" height="24" viewBox="0 0 24 24" width="24"&gt;&lt;path d="M0 0h24v24H0z" fill="none"/&gt;&lt;path d="M16 1H4c-1.1 0-2 .9-2 2v14h2V3h12V1zm3 4H8c-1.1 0-2 .9-2 2v14c0 1.1.9 2 2 2h11c1.1 0 2-.9 2-2V7c0-1.1-.9-2-2-2zm0 16H8V7h11v14z"/&gt;&lt;/svg&gt;            &lt;/span&gt;
        &lt;/span&gt;
    &lt;/div&gt;
    &lt;div id="trace-html-1-3" class="trace-code sf-toggle-content"&gt;
        &lt;ol start="51"&gt;&lt;li&gt;&lt;code&gt;&lt;span style="color: var(--highlight-keyword)"&gt;&amp;nbsp;&amp;nbsp;&amp;nbsp;&amp;nbsp;&amp;nbsp;&amp;nbsp;&amp;nbsp;&amp;nbsp;}&amp;nbsp;else&amp;nbsp;{&lt;/span&gt;&lt;/code&gt;&lt;/li&gt;
&lt;li&gt;&lt;code&gt;&lt;span style="color: var(--highlight-keyword)"&gt;&amp;nbsp;&amp;nbsp;&amp;nbsp;&amp;nbsp;&amp;nbsp;&amp;nbsp;&amp;nbsp;&amp;nbsp;&amp;nbsp;&amp;nbsp;&amp;nbsp;&amp;nbsp;&lt;/span&gt;&lt;span style="color: var(--highlight-default)"&gt;$listeners&amp;nbsp;&lt;/span&gt;&lt;span style="color: var(--highlight-keyword)"&gt;=&amp;nbsp;&lt;/span&gt;&lt;span style="color: var(--highlight-default)"&gt;$this&lt;/span&gt;&lt;span style="color: var(--highlight-keyword)"&gt;-&amp;gt;&lt;/span&gt;&lt;span style="color: var(--highlight-default)"&gt;getListeners&lt;/span&gt;&lt;span style="color: var(--highlight-keyword)"&gt;(&lt;/span&gt;&lt;span style="color: var(--highlight-default)"&gt;$eventName&lt;/span&gt;&lt;span style="color: var(--highlight-keyword)"&gt;);&lt;/span&gt;&lt;/code&gt;&lt;/li&gt;
&lt;li&gt;&lt;code&gt;&lt;span style="color: var(--highlight-keyword)"&gt;&amp;nbsp;&amp;nbsp;&amp;nbsp;&amp;nbsp;&amp;nbsp;&amp;nbsp;&amp;nbsp;&amp;nbsp;}&lt;/span&gt;&lt;/code&gt;&lt;/li&gt;
&lt;li&gt;&lt;code&gt;&lt;span style="color: var(--highlight-keyword)"&gt;&lt;/span&gt;&lt;/code&gt;&lt;/li&gt;
&lt;li&gt;&lt;code&gt;&lt;span style="color: var(--highlight-keyword)"&gt;&amp;nbsp;&amp;nbsp;&amp;nbsp;&amp;nbsp;&amp;nbsp;&amp;nbsp;&amp;nbsp;&amp;nbsp;if&amp;nbsp;(&lt;/span&gt;&lt;span style="color: var(--highlight-default)"&gt;$listeners&lt;/span&gt;&lt;span style="color: var(--highlight-keyword)"&gt;)&amp;nbsp;{&lt;/span&gt;&lt;/code&gt;&lt;/li&gt;
&lt;li class="selected"&gt;&lt;code&gt;&lt;span style="color: var(--highlight-keyword)"&gt;&amp;nbsp;&amp;nbsp;&amp;nbsp;&amp;nbsp;&amp;nbsp;&amp;nbsp;&amp;nbsp;&amp;nbsp;&amp;nbsp;&amp;nbsp;&amp;nbsp;&amp;nbsp;&lt;/span&gt;&lt;span style="color: var(--highlight-default)"&gt;$this&lt;/span&gt;&lt;span style="color: var(--highlight-keyword)"&gt;-&amp;gt;&lt;/span&gt;&lt;span style="color: var(--highlight-default)"&gt;callListeners&lt;/span&gt;&lt;span style="color: var(--highlight-keyword)"&gt;(&lt;/span&gt;&lt;span style="color: var(--highlight-default)"&gt;$listeners&lt;/span&gt;&lt;span style="color: var(--highlight-keyword)"&gt;,&amp;nbsp;&lt;/span&gt;&lt;span style="color: var(--highlight-default)"&gt;$eventName&lt;/span&gt;&lt;span style="color: var(--highlight-keyword)"&gt;,&amp;nbsp;&lt;/span&gt;&lt;span style="color: var(--highlight-default)"&gt;$event&lt;/span&gt;&lt;span style="color: var(--highlight-keyword)"&gt;);&lt;/span&gt;&lt;/code&gt;&lt;/li&gt;
&lt;li&gt;&lt;code&gt;&lt;span style="color: var(--highlight-keyword)"&gt;&amp;nbsp;&amp;nbsp;&amp;nbsp;&amp;nbsp;&amp;nbsp;&amp;nbsp;&amp;nbsp;&amp;nbsp;}&lt;/span&gt;&lt;/code&gt;&lt;/li&gt;
&lt;li&gt;&lt;code&gt;&lt;span style="color: var(--highlight-keyword)"&gt;&lt;/span&gt;&lt;/code&gt;&lt;/li&gt;
&lt;li&gt;&lt;code&gt;&lt;span style="color: var(--highlight-keyword)"&gt;&amp;nbsp;&amp;nbsp;&amp;nbsp;&amp;nbsp;&amp;nbsp;&amp;nbsp;&amp;nbsp;&amp;nbsp;return&amp;nbsp;&lt;/span&gt;&lt;span style="color: var(--highlight-default)"&gt;$event&lt;/span&gt;&lt;span style="color: var(--highlight-keyword)"&gt;;&lt;/span&gt;&lt;/code&gt;&lt;/li&gt;
&lt;li&gt;&lt;code&gt;&lt;span style="color: var(--highlight-keyword)"&gt;&amp;nbsp;&amp;nbsp;&amp;nbsp;&amp;nbsp;}&lt;/span&gt;&lt;/code&gt;&lt;/li&gt;
&lt;li&gt;&lt;code&gt;&lt;span style="color: var(--highlight-keyword)"&gt;&lt;/span&gt;&lt;/code&gt;&lt;/li&gt;&lt;/ol&gt;    &lt;/div&gt;            &lt;/div&gt;
                        &lt;div class="trace-line "&gt;
                &lt;div class="trace-line-header break-long-words sf-toggle" data-toggle-selector="#trace-html-1-4" data-toggle-initial=""&gt;
            &lt;span class="icon icon-close"&gt;&lt;svg width="1792" height="1792" viewBox="0 0 1792 1792" xmlns="http://www.w3.org/2000/svg"&gt;&lt;path d="M1408 960V832q0-26-19-45t-45-19H448q-26 0-45 19t-19 45v128q0 26 19 45t45 19h896q26 0 45-19t19-45zm256-544v960q0 119-84.5 203.5T1376 1664H416q-119 0-203.5-84.5T128 1376V416q0-119 84.5-203.5T416 128h960q119 0 203.5 84.5T1664 416z"/&gt;&lt;/svg&gt;&lt;/span&gt;
        &lt;span class="icon icon-open"&gt;&lt;svg width="1792" height="1792" viewBox="0 0 1792 1792" xmlns="http://www.w3.org/2000/svg"&gt;&lt;path d="M1408 960V832q0-26-19-45t-45-19h-320V448q0-26-19-45t-45-19H832q-26 0-45 19t-19 45v320H448q-26 0-45 19t-19 45v128q0 26 19 45t45 19h320v320q0 26 19 45t45 19h128q26 0 45-19t19-45v-320h320q26 0 45-19t19-45zm256-544v960q0 119-84.5 203.5T1376 1664H416q-119 0-203.5-84.5T128 1376V416q0-119 84.5-203.5T416 128h960q119 0 203.5 84.5T1664 416z"/&gt;&lt;/svg&gt;&lt;/span&gt;
    
            &lt;span class="trace-class"&gt;&lt;abbr title="Symfony\Component\EventDispatcher\EventDispatcher"&gt;EventDispatcher&lt;/abbr&gt;&lt;/span&gt;&lt;span class="trace-type"&gt;-&gt;&lt;/span&gt;&lt;span class="trace-method"&gt;dispatch&lt;/span&gt;&lt;span class="trace-arguments"&gt;(&lt;em&gt;object&lt;/em&gt;(&lt;abbr title="Symfony\Component\HttpKernel\Event\RequestEvent"&gt;RequestEvent&lt;/abbr&gt;), 'kernel.request')&lt;/span&gt;    
                    &lt;span class="block trace-file-path"&gt;
            in
            &lt;a href="file://C:\Users\sliti\Desktop\dev\esprit-PIDEV-3A16-2526-FARMIA\vendor\symfony\event-dispatcher\Debug\TraceableEventDispatcher.php#L139"&gt;
                C:\Users\sliti\Desktop\dev\esprit-PIDEV-3A16-2526-FARMIA\vendor\symfony\event-dispatcher\Debug\&lt;strong&gt;TraceableEventDispatcher.php&lt;/strong&gt;
            &lt;/a&gt;
                        (line 139)
            &lt;span class="icon icon-copy hidden" data-clipboard-text="C:\Users\sliti\Desktop\dev\esprit-PIDEV-3A16-2526-FARMIA\vendor\symfony\event-dispatcher\Debug\TraceableEventDispatcher.php:139"&gt;
                &lt;svg xmlns="http://www.w3.org/2000/svg" height="24" viewBox="0 0 24 24" width="24"&gt;&lt;path d="M0 0h24v24H0z" fill="none"/&gt;&lt;path d="M16 1H4c-1.1 0-2 .9-2 2v14h2V3h12V1zm3 4H8c-1.1 0-2 .9-2 2v14c0 1.1.9 2 2 2h11c1.1 0 2-.9 2-2V7c0-1.1-.9-2-2-2zm0 16H8V7h11v14z"/&gt;&lt;/svg&gt;            &lt;/span&gt;
        &lt;/span&gt;
    &lt;/div&gt;
    &lt;div id="trace-html-1-4" class="trace-code sf-toggle-content"&gt;
        &lt;ol start="134"&gt;&lt;li&gt;&lt;code&gt;&lt;span style="color: var(--highlight-keyword)"&gt;&amp;nbsp;&amp;nbsp;&amp;nbsp;&amp;nbsp;&amp;nbsp;&amp;nbsp;&amp;nbsp;&amp;nbsp;try&amp;nbsp;{&lt;/span&gt;&lt;/code&gt;&lt;/li&gt;
&lt;li&gt;&lt;code&gt;&lt;span style="color: var(--highlight-keyword)"&gt;&amp;nbsp;&amp;nbsp;&amp;nbsp;&amp;nbsp;&amp;nbsp;&amp;nbsp;&amp;nbsp;&amp;nbsp;&amp;nbsp;&amp;nbsp;&amp;nbsp;&amp;nbsp;&lt;/span&gt;&lt;span style="color: var(--highlight-default)"&gt;$this&lt;/span&gt;&lt;span style="color: var(--highlight-keyword)"&gt;-&amp;gt;&lt;/span&gt;&lt;span style="color: var(--highlight-default)"&gt;beforeDispatch&lt;/span&gt;&lt;span style="color: var(--highlight-keyword)"&gt;(&lt;/span&gt;&lt;span style="color: var(--highlight-default)"&gt;$eventName&lt;/span&gt;&lt;span style="color: var(--highlight-keyword)"&gt;,&amp;nbsp;&lt;/span&gt;&lt;span style="color: var(--highlight-default)"&gt;$event&lt;/span&gt;&lt;span style="color: var(--highlight-keyword)"&gt;);&lt;/span&gt;&lt;/code&gt;&lt;/li&gt;
&lt;li&gt;&lt;code&gt;&lt;span style="color: var(--highlight-keyword)"&gt;&amp;nbsp;&amp;nbsp;&amp;nbsp;&amp;nbsp;&amp;nbsp;&amp;nbsp;&amp;nbsp;&amp;nbsp;&amp;nbsp;&amp;nbsp;&amp;nbsp;&amp;nbsp;try&amp;nbsp;{&lt;/span&gt;&lt;/code&gt;&lt;/li&gt;
&lt;li&gt;&lt;code&gt;&lt;span style="color: var(--highlight-keyword)"&gt;&amp;nbsp;&amp;nbsp;&amp;nbsp;&amp;nbsp;&amp;nbsp;&amp;nbsp;&amp;nbsp;&amp;nbsp;&amp;nbsp;&amp;nbsp;&amp;nbsp;&amp;nbsp;&amp;nbsp;&amp;nbsp;&amp;nbsp;&amp;nbsp;&lt;/span&gt;&lt;span style="color: var(--highlight-default)"&gt;$e&amp;nbsp;&lt;/span&gt;&lt;span style="color: var(--highlight-keyword)"&gt;=&amp;nbsp;&lt;/span&gt;&lt;span style="color: var(--highlight-default)"&gt;$this&lt;/span&gt;&lt;span style="color: var(--highlight-keyword)"&gt;-&amp;gt;&lt;/span&gt;&lt;span style="color: var(--highlight-default)"&gt;stopwatch&lt;/span&gt;&lt;span style="color: var(--highlight-keyword)"&gt;-&amp;gt;&lt;/span&gt;&lt;span style="color: var(--highlight-default)"&gt;start&lt;/span&gt;&lt;span style="color: var(--highlight-keyword)"&gt;(&lt;/span&gt;&lt;span style="color: var(--highlight-default)"&gt;$eventName&lt;/span&gt;&lt;span style="color: var(--highlight-keyword)"&gt;,&amp;nbsp;&lt;/span&gt;&lt;span style="color: var(--highlight-string)"&gt;'section'&lt;/span&gt;&lt;span style="color: var(--highlight-keyword)"&gt;);&lt;/span&gt;&lt;/code&gt;&lt;/li&gt;
&lt;li&gt;&lt;code&gt;&lt;span style="color: var(--highlight-keyword)"&gt;&amp;nbsp;&amp;nbsp;&amp;nbsp;&amp;nbsp;&amp;nbsp;&amp;nbsp;&amp;nbsp;&amp;nbsp;&amp;nbsp;&amp;nbsp;&amp;nbsp;&amp;nbsp;&amp;nbsp;&amp;nbsp;&amp;nbsp;&amp;nbsp;try&amp;nbsp;{&lt;/span&gt;&lt;/code&gt;&lt;/li&gt;
&lt;li class="selected"&gt;&lt;code&gt;&lt;span style="color: var(--highlight-keyword)"&gt;&amp;nbsp;&amp;nbsp;&amp;nbsp;&amp;nbsp;&amp;nbsp;&amp;nbsp;&amp;nbsp;&amp;nbsp;&amp;nbsp;&amp;nbsp;&amp;nbsp;&amp;nbsp;&amp;nbsp;&amp;nbsp;&amp;nbsp;&amp;nbsp;&amp;nbsp;&amp;nbsp;&amp;nbsp;&amp;nbsp;&lt;/span&gt;&lt;span style="color: var(--highlight-default)"&gt;$this&lt;/span&gt;&lt;span style="color: var(--highlight-keyword)"&gt;-&amp;gt;&lt;/span&gt;&lt;span style="color: var(--highlight-default)"&gt;dispatcher&lt;/span&gt;&lt;span style="color: var(--highlight-keyword)"&gt;-&amp;gt;&lt;/span&gt;&lt;span style="color: var(--highlight-default)"&gt;dispatch&lt;/span&gt;&lt;span style="color: var(--highlight-keyword)"&gt;(&lt;/span&gt;&lt;span style="color: var(--highlight-default)"&gt;$event&lt;/span&gt;&lt;span style="color: var(--highlight-keyword)"&gt;,&amp;nbsp;&lt;/span&gt;&lt;span style="color: var(--highlight-default)"&gt;$eventName&lt;/span&gt;&lt;span style="color: var(--highlight-keyword)"&gt;);&lt;/span&gt;&lt;/code&gt;&lt;/li&gt;
&lt;li&gt;&lt;code&gt;&lt;span style="color: var(--highlight-keyword)"&gt;&amp;nbsp;&amp;nbsp;&amp;nbsp;&amp;nbsp;&amp;nbsp;&amp;nbsp;&amp;nbsp;&amp;nbsp;&amp;nbsp;&amp;nbsp;&amp;nbsp;&amp;nbsp;&amp;nbsp;&amp;nbsp;&amp;nbsp;&amp;nbsp;}&amp;nbsp;finally&amp;nbsp;{&lt;/span&gt;&lt;/code&gt;&lt;/li&gt;
&lt;li&gt;&lt;code&gt;&lt;span style="color: var(--highlight-keyword)"&gt;&amp;nbsp;&amp;nbsp;&amp;nbsp;&amp;nbsp;&amp;nbsp;&amp;nbsp;&amp;nbsp;&amp;nbsp;&amp;nbsp;&amp;nbsp;&amp;nbsp;&amp;nbsp;&amp;nbsp;&amp;nbsp;&amp;nbsp;&amp;nbsp;&amp;nbsp;&amp;nbsp;&amp;nbsp;&amp;nbsp;if&amp;nbsp;(&lt;/span&gt;&lt;span style="color: var(--highlight-default)"&gt;$e&lt;/span&gt;&lt;span style="color: var(--highlight-keyword)"&gt;-&amp;gt;&lt;/span&gt;&lt;span style="color: var(--highlight-default)"&gt;isStarted&lt;/span&gt;&lt;span style="color: var(--highlight-keyword)"&gt;())&amp;nbsp;{&lt;/span&gt;&lt;/code&gt;&lt;/li&gt;
&lt;li&gt;&lt;code&gt;&lt;span style="color: var(--highlight-keyword)"&gt;&amp;nbsp;&amp;nbsp;&amp;nbsp;&amp;nbsp;&amp;nbsp;&amp;nbsp;&amp;nbsp;&amp;nbsp;&amp;nbsp;&amp;nbsp;&amp;nbsp;&amp;nbsp;&amp;nbsp;&amp;nbsp;&amp;nbsp;&amp;nbsp;&amp;nbsp;&amp;nbsp;&amp;nbsp;&amp;nbsp;&amp;nbsp;&amp;nbsp;&amp;nbsp;&amp;nbsp;&lt;/span&gt;&lt;span style="color: var(--highlight-default)"&gt;$e&lt;/span&gt;&lt;span style="color: var(--highlight-keyword)"&gt;-&amp;gt;&lt;/span&gt;&lt;span style="color: var(--highlight-default)"&gt;stop&lt;/span&gt;&lt;span style="color: var(--highlight-keyword)"&gt;();&lt;/span&gt;&lt;/code&gt;&lt;/li&gt;
&lt;li&gt;&lt;code&gt;&lt;span style="color: var(--highlight-keyword)"&gt;&amp;nbsp;&amp;nbsp;&amp;nbsp;&amp;nbsp;&amp;nbsp;&amp;nbsp;&amp;nbsp;&amp;nbsp;&amp;nbsp;&amp;nbsp;&amp;nbsp;&amp;nbsp;&amp;nbsp;&amp;nbsp;&amp;nbsp;&amp;nbsp;&amp;nbsp;&amp;nbsp;&amp;nbsp;&amp;nbsp;}&lt;/span&gt;&lt;/code&gt;&lt;/li&gt;
&lt;li&gt;&lt;code&gt;&lt;span style="color: var(--highlight-keyword)"&gt;&amp;nbsp;&amp;nbsp;&amp;nbsp;&amp;nbsp;&amp;nbsp;&amp;nbsp;&amp;nbsp;&amp;nbsp;&amp;nbsp;&amp;nbsp;&amp;nbsp;&amp;nbsp;&amp;nbsp;&amp;nbsp;&amp;nbsp;&amp;nbsp;}&lt;/span&gt;&lt;/code&gt;&lt;/li&gt;&lt;/ol&gt;    &lt;/div&gt;            &lt;/div&gt;
                        &lt;div class="trace-line "&gt;
                &lt;div class="trace-line-header break-long-words sf-toggle" data-toggle-selector="#trace-html-1-5" data-toggle-initial=""&gt;
            &lt;span class="icon icon-close"&gt;&lt;svg width="1792" height="1792" viewBox="0 0 1792 1792" xmlns="http://www.w3.org/2000/svg"&gt;&lt;path d="M1408 960V832q0-26-19-45t-45-19H448q-26 0-45 19t-19 45v128q0 26 19 45t45 19h896q26 0 45-19t19-45zm256-544v960q0 119-84.5 203.5T1376 1664H416q-119 0-203.5-84.5T128 1376V416q0-119 84.5-203.5T416 128h960q119 0 203.5 84.5T1664 416z"/&gt;&lt;/svg&gt;&lt;/span&gt;
        &lt;span class="icon icon-open"&gt;&lt;svg width="1792" height="1792" viewBox="0 0 1792 1792" xmlns="http://www.w3.org/2000/svg"&gt;&lt;path d="M1408 960V832q0-26-19-45t-45-19h-320V448q0-26-19-45t-45-19H832q-26 0-45 19t-19 45v320H448q-26 0-45 19t-19 45v128q0 26 19 45t45 19h320v320q0 26 19 45t45 19h128q26 0 45-19t19-45v-320h320q26 0 45-19t19-45zm256-544v960q0 119-84.5 203.5T1376 1664H416q-119 0-203.5-84.5T128 1376V416q0-119 84.5-203.5T416 128h960q119 0 203.5 84.5T1664 416z"/&gt;&lt;/svg&gt;&lt;/span&gt;
    
            &lt;span class="trace-class"&gt;&lt;abbr title="Symfony\Component\EventDispatcher\Debug\TraceableEventDispatcher"&gt;TraceableEventDispatcher&lt;/abbr&gt;&lt;/span&gt;&lt;span class="trace-type"&gt;-&gt;&lt;/span&gt;&lt;span class="trace-method"&gt;dispatch&lt;/span&gt;&lt;span class="trace-arguments"&gt;(&lt;em&gt;object&lt;/em&gt;(&lt;abbr title="Symfony\Component\HttpKernel\Event\RequestEvent"&gt;RequestEvent&lt;/abbr&gt;), 'kernel.request')&lt;/span&gt;    
                    &lt;span class="block trace-file-path"&gt;
            in
            &lt;a href="file://C:\Users\sliti\Desktop\dev\esprit-PIDEV-3A16-2526-FARMIA\vendor\symfony\http-kernel\HttpKernel.php#L157"&gt;
                C:\Users\sliti\Desktop\dev\esprit-PIDEV-3A16-2526-FARMIA\vendor\symfony\http-kernel\&lt;strong&gt;HttpKernel.php&lt;/strong&gt;
            &lt;/a&gt;
                        (line 157)
            &lt;span class="icon icon-copy hidden" data-clipboard-text="C:\Users\sliti\Desktop\dev\esprit-PIDEV-3A16-2526-FARMIA\vendor\symfony\http-kernel\HttpKernel.php:157"&gt;
                &lt;svg xmlns="http://www.w3.org/2000/svg" height="24" viewBox="0 0 24 24" width="24"&gt;&lt;path d="M0 0h24v24H0z" fill="none"/&gt;&lt;path d="M16 1H4c-1.1 0-2 .9-2 2v14h2V3h12V1zm3 4H8c-1.1 0-2 .9-2 2v14c0 1.1.9 2 2 2h11c1.1 0 2-.9 2-2V7c0-1.1-.9-2-2-2zm0 16H8V7h11v14z"/&gt;&lt;/svg&gt;            &lt;/span&gt;
        &lt;/span&gt;
    &lt;/div&gt;
    &lt;div id="trace-html-1-5" class="trace-code sf-toggle-content"&gt;
        &lt;ol start="152"&gt;&lt;li&gt;&lt;code&gt;&lt;span style="color: var(--highlight-comment)"&gt;&amp;nbsp;&amp;nbsp;&amp;nbsp;&amp;nbsp;&amp;nbsp;*/&lt;/span&gt;&lt;/code&gt;&lt;/li&gt;
&lt;li&gt;&lt;code&gt;&lt;span style="color: var(--highlight-comment)"&gt;&amp;nbsp;&amp;nbsp;&amp;nbsp;&amp;nbsp;&lt;/span&gt;&lt;span style="color: var(--highlight-keyword)"&gt;private&amp;nbsp;function&amp;nbsp;&lt;/span&gt;&lt;span style="color: var(--highlight-default)"&gt;handleRaw&lt;/span&gt;&lt;span style="color: var(--highlight-keyword)"&gt;(&lt;/span&gt;&lt;span style="color: var(--highlight-default)"&gt;Request&amp;nbsp;$request&lt;/span&gt;&lt;span style="color: var(--highlight-keyword)"&gt;,&amp;nbsp;&lt;/span&gt;&lt;span style="color: var(--highlight-default)"&gt;int&amp;nbsp;$type&amp;nbsp;&lt;/span&gt;&lt;span style="color: var(--highlight-keyword)"&gt;=&amp;nbsp;&lt;/span&gt;&lt;span style="color: var(--highlight-default)"&gt;self&lt;/span&gt;&lt;span style="color: var(--highlight-keyword)"&gt;::&lt;/span&gt;&lt;span style="color: var(--highlight-default)"&gt;MAIN_REQUEST&lt;/span&gt;&lt;span style="color: var(--highlight-keyword)"&gt;):&amp;nbsp;&lt;/span&gt;&lt;span style="color: var(--highlight-default)"&gt;Response&lt;/span&gt;&lt;/code&gt;&lt;/li&gt;
&lt;li&gt;&lt;code&gt;&lt;span style="color: var(--highlight-default)"&gt;&amp;nbsp;&amp;nbsp;&amp;nbsp;&amp;nbsp;&lt;/span&gt;&lt;span style="color: var(--highlight-keyword)"&gt;{&lt;/span&gt;&lt;/code&gt;&lt;/li&gt;
&lt;li&gt;&lt;code&gt;&lt;span style="color: var(--highlight-keyword)"&gt;&amp;nbsp;&amp;nbsp;&amp;nbsp;&amp;nbsp;&amp;nbsp;&amp;nbsp;&amp;nbsp;&amp;nbsp;&lt;/span&gt;&lt;span style="color: var(--highlight-comment)"&gt;//&amp;nbsp;request&lt;/span&gt;&lt;/code&gt;&lt;/li&gt;
&lt;li&gt;&lt;code&gt;&lt;span style="color: var(--highlight-comment)"&gt;&amp;nbsp;&amp;nbsp;&amp;nbsp;&amp;nbsp;&amp;nbsp;&amp;nbsp;&amp;nbsp;&amp;nbsp;&lt;/span&gt;&lt;span style="color: var(--highlight-default)"&gt;$event&amp;nbsp;&lt;/span&gt;&lt;span style="color: var(--highlight-keyword)"&gt;=&amp;nbsp;new&amp;nbsp;&lt;/span&gt;&lt;span style="color: var(--highlight-default)"&gt;RequestEvent&lt;/span&gt;&lt;span style="color: var(--highlight-keyword)"&gt;(&lt;/span&gt;&lt;span style="color: var(--highlight-default)"&gt;$this&lt;/span&gt;&lt;span style="color: var(--highlight-keyword)"&gt;,&amp;nbsp;&lt;/span&gt;&lt;span style="color: var(--highlight-default)"&gt;$request&lt;/span&gt;&lt;span style="color: var(--highlight-keyword)"&gt;,&amp;nbsp;&lt;/span&gt;&lt;span style="color: var(--highlight-default)"&gt;$type&lt;/span&gt;&lt;span style="color: var(--highlight-keyword)"&gt;);&lt;/span&gt;&lt;/code&gt;&lt;/li&gt;
&lt;li class="selected"&gt;&lt;code&gt;&lt;span style="color: var(--highlight-keyword)"&gt;&amp;nbsp;&amp;nbsp;&amp;nbsp;&amp;nbsp;&amp;nbsp;&amp;nbsp;&amp;nbsp;&amp;nbsp;&lt;/span&gt;&lt;span style="color: var(--highlight-default)"&gt;$this&lt;/span&gt;&lt;span style="color: var(--highlight-keyword)"&gt;-&amp;gt;&lt;/span&gt;&lt;span style="color: var(--highlight-default)"&gt;dispatcher&lt;/span&gt;&lt;span style="color: var(--highlight-keyword)"&gt;-&amp;gt;&lt;/span&gt;&lt;span style="color: var(--highlight-default)"&gt;dispatch&lt;/span&gt;&lt;span style="color: var(--highlight-keyword)"&gt;(&lt;/span&gt;&lt;span style="color: var(--highlight-default)"&gt;$event&lt;/span&gt;&lt;span style="color: var(--highlight-keyword)"&gt;,&amp;nbsp;&lt;/span&gt;&lt;span style="color: var(--highlight-default)"&gt;KernelEvents&lt;/span&gt;&lt;span style="color: var(--highlight-keyword)"&gt;::&lt;/span&gt;&lt;span style="color: var(--highlight-default)"&gt;REQUEST&lt;/span&gt;&lt;span style="color: var(--highlight-keyword)"&gt;);&lt;/span&gt;&lt;/code&gt;&lt;/li&gt;
&lt;li&gt;&lt;code&gt;&lt;span style="color: var(--highlight-keyword)"&gt;&lt;/span&gt;&lt;/code&gt;&lt;/li&gt;
&lt;li&gt;&lt;code&gt;&lt;span style="color: var(--highlight-keyword)"&gt;&amp;nbsp;&amp;nbsp;&amp;nbsp;&amp;nbsp;&amp;nbsp;&amp;nbsp;&amp;nbsp;&amp;nbsp;if&amp;nbsp;(&lt;/span&gt;&lt;span style="color: var(--highlight-default)"&gt;$event&lt;/span&gt;&lt;span style="color: var(--highlight-keyword)"&gt;-&amp;gt;&lt;/span&gt;&lt;span style="color: var(--highlight-default)"&gt;hasResponse&lt;/span&gt;&lt;span style="color: var(--highlight-keyword)"&gt;())&amp;nbsp;{&lt;/span&gt;&lt;/code&gt;&lt;/li&gt;
&lt;li&gt;&lt;code&gt;&lt;span style="color: var(--highlight-keyword)"&gt;&amp;nbsp;&amp;nbsp;&amp;nbsp;&amp;nbsp;&amp;nbsp;&amp;nbsp;&amp;nbsp;&amp;nbsp;&amp;nbsp;&amp;nbsp;&amp;nbsp;&amp;nbsp;return&amp;nbsp;&lt;/span&gt;&lt;span style="color: var(--highlight-default)"&gt;$this&lt;/span&gt;&lt;span style="color: var(--highlight-keyword)"&gt;-&amp;gt;&lt;/span&gt;&lt;span style="color: var(--highlight-default)"&gt;filterResponse&lt;/span&gt;&lt;span style="color: var(--highlight-keyword)"&gt;(&lt;/span&gt;&lt;span style="color: var(--highlight-default)"&gt;$event&lt;/span&gt;&lt;span style="color: var(--highlight-keyword)"&gt;-&amp;gt;&lt;/span&gt;&lt;span style="color: var(--highlight-default)"&gt;getResponse&lt;/span&gt;&lt;span style="color: var(--highlight-keyword)"&gt;(),&amp;nbsp;&lt;/span&gt;&lt;span style="color: var(--highlight-default)"&gt;$request&lt;/span&gt;&lt;span style="color: var(--highlight-keyword)"&gt;,&amp;nbsp;&lt;/span&gt;&lt;span style="color: var(--highlight-default)"&gt;$type&lt;/span&gt;&lt;span style="color: var(--highlight-keyword)"&gt;);&lt;/span&gt;&lt;/code&gt;&lt;/li&gt;
&lt;li&gt;&lt;code&gt;&lt;span style="color: var(--highlight-keyword)"&gt;&amp;nbsp;&amp;nbsp;&amp;nbsp;&amp;nbsp;&amp;nbsp;&amp;nbsp;&amp;nbsp;&amp;nbsp;}&lt;/span&gt;&lt;/code&gt;&lt;/li&gt;
&lt;li&gt;&lt;code&gt;&lt;span style="color: var(--highlight-keyword)"&gt;&lt;/span&gt;&lt;/code&gt;&lt;/li&gt;&lt;/ol&gt;    &lt;/div&gt;            &lt;/div&gt;
                        &lt;div class="trace-line "&gt;
                &lt;div class="trace-line-header break-long-words sf-toggle" data-toggle-selector="#trace-html-1-6" data-toggle-initial=""&gt;
            &lt;span class="icon icon-close"&gt;&lt;svg width="1792" height="1792" viewBox="0 0 1792 1792" xmlns="http://www.w3.org/2000/svg"&gt;&lt;path d="M1408 960V832q0-26-19-45t-45-19H448q-26 0-45 19t-19 45v128q0 26 19 45t45 19h896q26 0 45-19t19-45zm256-544v960q0 119-84.5 203.5T1376 1664H416q-119 0-203.5-84.5T128 1376V416q0-119 84.5-203.5T416 128h960q119 0 203.5 84.5T1664 416z"/&gt;&lt;/svg&gt;&lt;/span&gt;
        &lt;span class="icon icon-open"&gt;&lt;svg width="1792" height="1792" viewBox="0 0 1792 1792" xmlns="http://www.w3.org/2000/svg"&gt;&lt;path d="M1408 960V832q0-26-19-45t-45-19h-320V448q0-26-19-45t-45-19H832q-26 0-45 19t-19 45v320H448q-26 0-45 19t-19 45v128q0 26 19 45t45 19h320v320q0 26 19 45t45 19h128q26 0 45-19t19-45v-320h320q26 0 45-19t19-45zm256-544v960q0 119-84.5 203.5T1376 1664H416q-119 0-203.5-84.5T128 1376V416q0-119 84.5-203.5T416 128h960q119 0 203.5 84.5T1664 416z"/&gt;&lt;/svg&gt;&lt;/span&gt;
    
            &lt;span class="trace-class"&gt;&lt;abbr title="Symfony\Component\HttpKernel\HttpKernel"&gt;HttpKernel&lt;/abbr&gt;&lt;/span&gt;&lt;span class="trace-type"&gt;-&gt;&lt;/span&gt;&lt;span class="trace-method"&gt;handleRaw&lt;/span&gt;&lt;span class="trace-arguments"&gt;(&lt;em&gt;object&lt;/em&gt;(&lt;abbr title="Symfony\Component\HttpFoundation\Request"&gt;Request&lt;/abbr&gt;), 1)&lt;/span&gt;    
                    &lt;span class="block trace-file-path"&gt;
            in
            &lt;a href="file://C:\Users\sliti\Desktop\dev\esprit-PIDEV-3A16-2526-FARMIA\vendor\symfony\http-kernel\HttpKernel.php#L76"&gt;
                C:\Users\sliti\Desktop\dev\esprit-PIDEV-3A16-2526-FARMIA\vendor\symfony\http-kernel\&lt;strong&gt;HttpKernel.php&lt;/strong&gt;
            &lt;/a&gt;
                        (line 76)
            &lt;span class="icon icon-copy hidden" data-clipboard-text="C:\Users\sliti\Desktop\dev\esprit-PIDEV-3A16-2526-FARMIA\vendor\symfony\http-kernel\HttpKernel.php:76"&gt;
                &lt;svg xmlns="http://www.w3.org/2000/svg" height="24" viewBox="0 0 24 24" width="24"&gt;&lt;path d="M0 0h24v24H0z" fill="none"/&gt;&lt;path d="M16 1H4c-1.1 0-2 .9-2 2v14h2V3h12V1zm3 4H8c-1.1 0-2 .9-2 2v14c0 1.1.9 2 2 2h11c1.1 0 2-.9 2-2V7c0-1.1-.9-2-2-2zm0 16H8V7h11v14z"/&gt;&lt;/svg&gt;            &lt;/span&gt;
        &lt;/span&gt;
    &lt;/div&gt;
    &lt;div id="trace-html-1-6" class="trace-code sf-toggle-content"&gt;
        &lt;ol start="71"&gt;&lt;li&gt;&lt;code&gt;&lt;span style="color: var(--highlight-keyword)"&gt;&amp;nbsp;&amp;nbsp;&amp;nbsp;&amp;nbsp;&amp;nbsp;&amp;nbsp;&amp;nbsp;&amp;nbsp;&lt;/span&gt;&lt;span style="color: var(--highlight-default)"&gt;$request&lt;/span&gt;&lt;span style="color: var(--highlight-keyword)"&gt;-&amp;gt;&lt;/span&gt;&lt;span style="color: var(--highlight-default)"&gt;headers&lt;/span&gt;&lt;span style="color: var(--highlight-keyword)"&gt;-&amp;gt;&lt;/span&gt;&lt;span style="color: var(--highlight-default)"&gt;set&lt;/span&gt;&lt;span style="color: var(--highlight-keyword)"&gt;(&lt;/span&gt;&lt;span style="color: var(--highlight-string)"&gt;'X-Php-Ob-Level'&lt;/span&gt;&lt;span style="color: var(--highlight-keyword)"&gt;,&amp;nbsp;(string)&amp;nbsp;&lt;/span&gt;&lt;span style="color: var(--highlight-default)"&gt;ob_get_level&lt;/span&gt;&lt;span style="color: var(--highlight-keyword)"&gt;());&lt;/span&gt;&lt;/code&gt;&lt;/li&gt;
&lt;li&gt;&lt;code&gt;&lt;span style="color: var(--highlight-keyword)"&gt;&lt;/span&gt;&lt;/code&gt;&lt;/li&gt;
&lt;li&gt;&lt;code&gt;&lt;span style="color: var(--highlight-keyword)"&gt;&amp;nbsp;&amp;nbsp;&amp;nbsp;&amp;nbsp;&amp;nbsp;&amp;nbsp;&amp;nbsp;&amp;nbsp;&lt;/span&gt;&lt;span style="color: var(--highlight-default)"&gt;$this&lt;/span&gt;&lt;span style="color: var(--highlight-keyword)"&gt;-&amp;gt;&lt;/span&gt;&lt;span style="color: var(--highlight-default)"&gt;requestStack&lt;/span&gt;&lt;span style="color: var(--highlight-keyword)"&gt;-&amp;gt;&lt;/span&gt;&lt;span style="color: var(--highlight-default)"&gt;push&lt;/span&gt;&lt;span style="color: var(--highlight-keyword)"&gt;(&lt;/span&gt;&lt;span style="color: var(--highlight-default)"&gt;$request&lt;/span&gt;&lt;span style="color: var(--highlight-keyword)"&gt;);&lt;/span&gt;&lt;/code&gt;&lt;/li&gt;
&lt;li&gt;&lt;code&gt;&lt;span style="color: var(--highlight-keyword)"&gt;&amp;nbsp;&amp;nbsp;&amp;nbsp;&amp;nbsp;&amp;nbsp;&amp;nbsp;&amp;nbsp;&amp;nbsp;&lt;/span&gt;&lt;span style="color: var(--highlight-default)"&gt;$response&amp;nbsp;&lt;/span&gt;&lt;span style="color: var(--highlight-keyword)"&gt;=&amp;nbsp;&lt;/span&gt;&lt;span style="color: var(--highlight-default)"&gt;null&lt;/span&gt;&lt;span style="color: var(--highlight-keyword)"&gt;;&lt;/span&gt;&lt;/code&gt;&lt;/li&gt;
&lt;li&gt;&lt;code&gt;&lt;span style="color: var(--highlight-keyword)"&gt;&amp;nbsp;&amp;nbsp;&amp;nbsp;&amp;nbsp;&amp;nbsp;&amp;nbsp;&amp;nbsp;&amp;nbsp;try&amp;nbsp;{&lt;/span&gt;&lt;/code&gt;&lt;/li&gt;
&lt;li class="selected"&gt;&lt;code&gt;&lt;span style="color: var(--highlight-keyword)"&gt;&amp;nbsp;&amp;nbsp;&amp;nbsp;&amp;nbsp;&amp;nbsp;&amp;nbsp;&amp;nbsp;&amp;nbsp;&amp;nbsp;&amp;nbsp;&amp;nbsp;&amp;nbsp;return&amp;nbsp;&lt;/span&gt;&lt;span style="color: var(--highlight-default)"&gt;$response&amp;nbsp;&lt;/span&gt;&lt;span style="color: var(--highlight-keyword)"&gt;=&amp;nbsp;&lt;/span&gt;&lt;span style="color: var(--highlight-default)"&gt;$this&lt;/span&gt;&lt;span style="color: var(--highlight-keyword)"&gt;-&amp;gt;&lt;/span&gt;&lt;span style="color: var(--highlight-default)"&gt;handleRaw&lt;/span&gt;&lt;span style="color: var(--highlight-keyword)"&gt;(&lt;/span&gt;&lt;span style="color: var(--highlight-default)"&gt;$request&lt;/span&gt;&lt;span style="color: var(--highlight-keyword)"&gt;,&amp;nbsp;&lt;/span&gt;&lt;span style="color: var(--highlight-default)"&gt;$type&lt;/span&gt;&lt;span style="color: var(--highlight-keyword)"&gt;);&lt;/span&gt;&lt;/code&gt;&lt;/li&gt;
&lt;li&gt;&lt;code&gt;&lt;span style="color: var(--highlight-keyword)"&gt;&amp;nbsp;&amp;nbsp;&amp;nbsp;&amp;nbsp;&amp;nbsp;&amp;nbsp;&amp;nbsp;&amp;nbsp;}&amp;nbsp;catch&amp;nbsp;(&lt;/span&gt;&lt;span style="color: var(--highlight-default)"&gt;\Throwable&amp;nbsp;$e&lt;/span&gt;&lt;span style="color: var(--highlight-keyword)"&gt;)&amp;nbsp;{&lt;/span&gt;&lt;/code&gt;&lt;/li&gt;
&lt;li&gt;&lt;code&gt;&lt;span style="color: var(--highlight-keyword)"&gt;&amp;nbsp;&amp;nbsp;&amp;nbsp;&amp;nbsp;&amp;nbsp;&amp;nbsp;&amp;nbsp;&amp;nbsp;&amp;nbsp;&amp;nbsp;&amp;nbsp;&amp;nbsp;if&amp;nbsp;(&lt;/span&gt;&lt;span style="color: var(--highlight-default)"&gt;$e&amp;nbsp;&lt;/span&gt;&lt;span style="color: var(--highlight-keyword)"&gt;instanceof&amp;nbsp;&lt;/span&gt;&lt;span style="color: var(--highlight-default)"&gt;\Error&amp;nbsp;&lt;/span&gt;&lt;span style="color: var(--highlight-keyword)"&gt;&amp;amp;&amp;amp;&amp;nbsp;!&lt;/span&gt;&lt;span style="color: var(--highlight-default)"&gt;$this&lt;/span&gt;&lt;span style="color: var(--highlight-keyword)"&gt;-&amp;gt;&lt;/span&gt;&lt;span style="color: var(--highlight-default)"&gt;handleAllThrowables&lt;/span&gt;&lt;span style="color: var(--highlight-keyword)"&gt;)&amp;nbsp;{&lt;/span&gt;&lt;/code&gt;&lt;/li&gt;
&lt;li&gt;&lt;code&gt;&lt;span style="color: var(--highlight-keyword)"&gt;&amp;nbsp;&amp;nbsp;&amp;nbsp;&amp;nbsp;&amp;nbsp;&amp;nbsp;&amp;nbsp;&amp;nbsp;&amp;nbsp;&amp;nbsp;&amp;nbsp;&amp;nbsp;&amp;nbsp;&amp;nbsp;&amp;nbsp;&amp;nbsp;throw&amp;nbsp;&lt;/span&gt;&lt;span style="color: var(--highlight-default)"&gt;$e&lt;/span&gt;&lt;span style="color: var(--highlight-keyword)"&gt;;&lt;/span&gt;&lt;/code&gt;&lt;/li&gt;
&lt;li&gt;&lt;code&gt;&lt;span style="color: var(--highlight-keyword)"&gt;&amp;nbsp;&amp;nbsp;&amp;nbsp;&amp;nbsp;&amp;nbsp;&amp;nbsp;&amp;nbsp;&amp;nbsp;&amp;nbsp;&amp;nbsp;&amp;nbsp;&amp;nbsp;}&lt;/span&gt;&lt;/code&gt;&lt;/li&gt;
&lt;li&gt;&lt;code&gt;&lt;span style="color: var(--highlight-keyword)"&gt;&lt;/span&gt;&lt;/code&gt;&lt;/li&gt;&lt;/ol&gt;    &lt;/div&gt;            &lt;/div&gt;
                        &lt;div class="trace-line "&gt;
                &lt;div class="trace-line-header break-long-words sf-toggle" data-toggle-selector="#trace-html-1-7" data-toggle-initial=""&gt;
            &lt;span class="icon icon-close"&gt;&lt;svg width="1792" height="1792" viewBox="0 0 1792 1792" xmlns="http://www.w3.org/2000/svg"&gt;&lt;path d="M1408 960V832q0-26-19-45t-45-19H448q-26 0-45 19t-19 45v128q0 26 19 45t45 19h896q26 0 45-19t19-45zm256-544v960q0 119-84.5 203.5T1376 1664H416q-119 0-203.5-84.5T128 1376V416q0-119 84.5-203.5T416 128h960q119 0 203.5 84.5T1664 416z"/&gt;&lt;/svg&gt;&lt;/span&gt;
        &lt;span class="icon icon-open"&gt;&lt;svg width="1792" height="1792" viewBox="0 0 1792 1792" xmlns="http://www.w3.org/2000/svg"&gt;&lt;path d="M1408 960V832q0-26-19-45t-45-19h-320V448q0-26-19-45t-45-19H832q-26 0-45 19t-19 45v320H448q-26 0-45 19t-19 45v128q0 26 19 45t45 19h320v320q0 26 19 45t45 19h128q26 0 45-19t19-45v-320h320q26 0 45-19t19-45zm256-544v960q0 119-84.5 203.5T1376 1664H416q-119 0-203.5-84.5T128 1376V416q0-119 84.5-203.5T416 128h960q119 0 203.5 84.5T1664 416z"/&gt;&lt;/svg&gt;&lt;/span&gt;
    
            &lt;span class="trace-class"&gt;&lt;abbr title="Symfony\Component\HttpKernel\HttpKernel"&gt;HttpKernel&lt;/abbr&gt;&lt;/span&gt;&lt;span class="trace-type"&gt;-&gt;&lt;/span&gt;&lt;span class="trace-method"&gt;handle&lt;/span&gt;&lt;span class="trace-arguments"&gt;(&lt;em&gt;object&lt;/em&gt;(&lt;abbr title="Symfony\Component\HttpFoundation\Request"&gt;Request&lt;/abbr&gt;), 1, &lt;em&gt;true&lt;/em&gt;)&lt;/span&gt;    
                    &lt;span class="block trace-file-path"&gt;
            in
            &lt;a href="file://C:\Users\sliti\Desktop\dev\esprit-PIDEV-3A16-2526-FARMIA\vendor\symfony\http-kernel\Kernel.php#L208"&gt;
                C:\Users\sliti\Desktop\dev\esprit-PIDEV-3A16-2526-FARMIA\vendor\symfony\http-kernel\&lt;strong&gt;Kernel.php&lt;/strong&gt;
            &lt;/a&gt;
                        (line 208)
            &lt;span class="icon icon-copy hidden" data-clipboard-text="C:\Users\sliti\Desktop\dev\esprit-PIDEV-3A16-2526-FARMIA\vendor\symfony\http-kernel\Kernel.php:208"&gt;
                &lt;svg xmlns="http://www.w3.org/2000/svg" height="24" viewBox="0 0 24 24" width="24"&gt;&lt;path d="M0 0h24v24H0z" fill="none"/&gt;&lt;path d="M16 1H4c-1.1 0-2 .9-2 2v14h2V3h12V1zm3 4H8c-1.1 0-2 .9-2 2v14c0 1.1.9 2 2 2h11c1.1 0 2-.9 2-2V7c0-1.1-.9-2-2-2zm0 16H8V7h11v14z"/&gt;&lt;/svg&gt;            &lt;/span&gt;
        &lt;/span&gt;
    &lt;/div&gt;
    &lt;div id="trace-html-1-7" class="trace-code sf-toggle-content"&gt;
        &lt;ol start="203"&gt;&lt;li&gt;&lt;code&gt;&lt;span style="color: var(--highlight-keyword)"&gt;&amp;nbsp;&amp;nbsp;&amp;nbsp;&amp;nbsp;&amp;nbsp;&amp;nbsp;&amp;nbsp;&amp;nbsp;if&amp;nbsp;(!&lt;/span&gt;&lt;span style="color: var(--highlight-default)"&gt;$this&lt;/span&gt;&lt;span style="color: var(--highlight-keyword)"&gt;-&amp;gt;&lt;/span&gt;&lt;span style="color: var(--highlight-default)"&gt;handlingHttpCache&lt;/span&gt;&lt;span style="color: var(--highlight-keyword)"&gt;)&amp;nbsp;{&lt;/span&gt;&lt;/code&gt;&lt;/li&gt;
&lt;li&gt;&lt;code&gt;&lt;span style="color: var(--highlight-keyword)"&gt;&amp;nbsp;&amp;nbsp;&amp;nbsp;&amp;nbsp;&amp;nbsp;&amp;nbsp;&amp;nbsp;&amp;nbsp;&amp;nbsp;&amp;nbsp;&amp;nbsp;&amp;nbsp;&lt;/span&gt;&lt;span style="color: var(--highlight-default)"&gt;$this&lt;/span&gt;&lt;span style="color: var(--highlight-keyword)"&gt;-&amp;gt;&lt;/span&gt;&lt;span style="color: var(--highlight-default)"&gt;resetServices&amp;nbsp;&lt;/span&gt;&lt;span style="color: var(--highlight-keyword)"&gt;=&amp;nbsp;&lt;/span&gt;&lt;span style="color: var(--highlight-default)"&gt;true&lt;/span&gt;&lt;span style="color: var(--highlight-keyword)"&gt;;&lt;/span&gt;&lt;/code&gt;&lt;/li&gt;
&lt;li&gt;&lt;code&gt;&lt;span style="color: var(--highlight-keyword)"&gt;&amp;nbsp;&amp;nbsp;&amp;nbsp;&amp;nbsp;&amp;nbsp;&amp;nbsp;&amp;nbsp;&amp;nbsp;}&lt;/span&gt;&lt;/code&gt;&lt;/li&gt;
&lt;li&gt;&lt;code&gt;&lt;span style="color: var(--highlight-keyword)"&gt;&lt;/span&gt;&lt;/code&gt;&lt;/li&gt;
&lt;li&gt;&lt;code&gt;&lt;span style="color: var(--highlight-keyword)"&gt;&amp;nbsp;&amp;nbsp;&amp;nbsp;&amp;nbsp;&amp;nbsp;&amp;nbsp;&amp;nbsp;&amp;nbsp;try&amp;nbsp;{&lt;/span&gt;&lt;/code&gt;&lt;/li&gt;
&lt;li class="selected"&gt;&lt;code&gt;&lt;span style="color: var(--highlight-keyword)"&gt;&amp;nbsp;&amp;nbsp;&amp;nbsp;&amp;nbsp;&amp;nbsp;&amp;nbsp;&amp;nbsp;&amp;nbsp;&amp;nbsp;&amp;nbsp;&amp;nbsp;&amp;nbsp;return&amp;nbsp;&lt;/span&gt;&lt;span style="color: var(--highlight-default)"&gt;$this&lt;/span&gt;&lt;span style="color: var(--highlight-keyword)"&gt;-&amp;gt;&lt;/span&gt;&lt;span style="color: var(--highlight-default)"&gt;getHttpKernel&lt;/span&gt;&lt;span style="color: var(--highlight-keyword)"&gt;()-&amp;gt;&lt;/span&gt;&lt;span style="color: var(--highlight-default)"&gt;handle&lt;/span&gt;&lt;span style="color: var(--highlight-keyword)"&gt;(&lt;/span&gt;&lt;span style="color: var(--highlight-default)"&gt;$request&lt;/span&gt;&lt;span style="color: var(--highlight-keyword)"&gt;,&amp;nbsp;&lt;/span&gt;&lt;span style="color: var(--highlight-default)"&gt;$type&lt;/span&gt;&lt;span style="color: var(--highlight-keyword)"&gt;,&amp;nbsp;&lt;/span&gt;&lt;span style="color: var(--highlight-default)"&gt;$catch&lt;/span&gt;&lt;span style="color: var(--highlight-keyword)"&gt;);&lt;/span&gt;&lt;/code&gt;&lt;/li&gt;
&lt;li&gt;&lt;code&gt;&lt;span style="color: var(--highlight-keyword)"&gt;&amp;nbsp;&amp;nbsp;&amp;nbsp;&amp;nbsp;&amp;nbsp;&amp;nbsp;&amp;nbsp;&amp;nbsp;}&amp;nbsp;finally&amp;nbsp;{&lt;/span&gt;&lt;/code&gt;&lt;/li&gt;
&lt;li&gt;&lt;code&gt;&lt;span style="color: var(--highlight-keyword)"&gt;&amp;nbsp;&amp;nbsp;&amp;nbsp;&amp;nbsp;&amp;nbsp;&amp;nbsp;&amp;nbsp;&amp;nbsp;&amp;nbsp;&amp;nbsp;&amp;nbsp;&amp;nbsp;--&lt;/span&gt;&lt;span style="color: var(--highlight-default)"&gt;$this&lt;/span&gt;&lt;span style="color: var(--highlight-keyword)"&gt;-&amp;gt;&lt;/span&gt;&lt;span style="color: var(--highlight-default)"&gt;requestStackSize&lt;/span&gt;&lt;span style="color: var(--highlight-keyword)"&gt;;&lt;/span&gt;&lt;/code&gt;&lt;/li&gt;
&lt;li&gt;&lt;code&gt;&lt;span style="color: var(--highlight-keyword)"&gt;&amp;nbsp;&amp;nbsp;&amp;nbsp;&amp;nbsp;&amp;nbsp;&amp;nbsp;&amp;nbsp;&amp;nbsp;}&lt;/span&gt;&lt;/code&gt;&lt;/li&gt;
&lt;li&gt;&lt;code&gt;&lt;span style="color: var(--highlight-keyword)"&gt;&amp;nbsp;&amp;nbsp;&amp;nbsp;&amp;nbsp;}&lt;/span&gt;&lt;/code&gt;&lt;/li&gt;
&lt;li&gt;&lt;code&gt;&lt;span style="color: var(--highlight-keyword)"&gt;&lt;/span&gt;&lt;/code&gt;&lt;/li&gt;&lt;/ol&gt;    &lt;/div&gt;            &lt;/div&gt;
                        &lt;div class="trace-line "&gt;
                &lt;div class="trace-line-header break-long-words sf-toggle" data-toggle-selector="#trace-html-1-8" data-toggle-initial=""&gt;
            &lt;span class="icon icon-close"&gt;&lt;svg width="1792" height="1792" viewBox="0 0 1792 1792" xmlns="http://www.w3.org/2000/svg"&gt;&lt;path d="M1408 960V832q0-26-19-45t-45-19H448q-26 0-45 19t-19 45v128q0 26 19 45t45 19h896q26 0 45-19t19-45zm256-544v960q0 119-84.5 203.5T1376 1664H416q-119 0-203.5-84.5T128 1376V416q0-119 84.5-203.5T416 128h960q119 0 203.5 84.5T1664 416z"/&gt;&lt;/svg&gt;&lt;/span&gt;
        &lt;span class="icon icon-open"&gt;&lt;svg width="1792" height="1792" viewBox="0 0 1792 1792" xmlns="http://www.w3.org/2000/svg"&gt;&lt;path d="M1408 960V832q0-26-19-45t-45-19h-320V448q0-26-19-45t-45-19H832q-26 0-45 19t-19 45v320H448q-26 0-45 19t-19 45v128q0 26 19 45t45 19h320v320q0 26 19 45t45 19h128q26 0 45-19t19-45v-320h320q26 0 45-19t19-45zm256-544v960q0 119-84.5 203.5T1376 1664H416q-119 0-203.5-84.5T128 1376V416q0-119 84.5-203.5T416 128h960q119 0 203.5 84.5T1664 416z"/&gt;&lt;/svg&gt;&lt;/span&gt;
    
            &lt;span class="trace-class"&gt;&lt;abbr title="Symfony\Component\HttpKernel\Kernel"&gt;Kernel&lt;/abbr&gt;&lt;/span&gt;&lt;span class="trace-type"&gt;-&gt;&lt;/span&gt;&lt;span class="trace-method"&gt;handle&lt;/span&gt;&lt;span class="trace-arguments"&gt;(&lt;em&gt;object&lt;/em&gt;(&lt;abbr title="Symfony\Component\HttpFoundation\Request"&gt;Request&lt;/abbr&gt;), 1, &lt;em&gt;true&lt;/em&gt;)&lt;/span&gt;    
                    &lt;span class="block trace-file-path"&gt;
            in
            &lt;a href="file://C:\Users\sliti\Desktop\dev\esprit-PIDEV-3A16-2526-FARMIA\vendor\symfony\http-kernel\HttpKernelBrowser.php#L65"&gt;
                C:\Users\sliti\Desktop\dev\esprit-PIDEV-3A16-2526-FARMIA\vendor\symfony\http-kernel\&lt;strong&gt;HttpKernelBrowser.php&lt;/strong&gt;
            &lt;/a&gt;
                        (line 65)
            &lt;span class="icon icon-copy hidden" data-clipboard-text="C:\Users\sliti\Desktop\dev\esprit-PIDEV-3A16-2526-FARMIA\vendor\symfony\http-kernel\HttpKernelBrowser.php:65"&gt;
                &lt;svg xmlns="http://www.w3.org/2000/svg" height="24" viewBox="0 0 24 24" width="24"&gt;&lt;path d="M0 0h24v24H0z" fill="none"/&gt;&lt;path d="M16 1H4c-1.1 0-2 .9-2 2v14h2V3h12V1zm3 4H8c-1.1 0-2 .9-2 2v14c0 1.1.9 2 2 2h11c1.1 0 2-.9 2-2V7c0-1.1-.9-2-2-2zm0 16H8V7h11v14z"/&gt;&lt;/svg&gt;            &lt;/span&gt;
        &lt;/span&gt;
    &lt;/div&gt;
    &lt;div id="trace-html-1-8" class="trace-code sf-toggle-content"&gt;
        &lt;ol start="60"&gt;&lt;li&gt;&lt;code&gt;&lt;span style="color: var(--highlight-comment)"&gt;&amp;nbsp;&amp;nbsp;&amp;nbsp;&amp;nbsp;&amp;nbsp;*&lt;/span&gt;&lt;/code&gt;&lt;/li&gt;
&lt;li&gt;&lt;code&gt;&lt;span style="color: var(--highlight-comment)"&gt;&amp;nbsp;&amp;nbsp;&amp;nbsp;&amp;nbsp;&amp;nbsp;*&amp;nbsp;@return&amp;nbsp;Response&lt;/span&gt;&lt;/code&gt;&lt;/li&gt;
&lt;li&gt;&lt;code&gt;&lt;span style="color: var(--highlight-comment)"&gt;&amp;nbsp;&amp;nbsp;&amp;nbsp;&amp;nbsp;&amp;nbsp;*/&lt;/span&gt;&lt;/code&gt;&lt;/li&gt;
&lt;li&gt;&lt;code&gt;&lt;span style="color: var(--highlight-comment)"&gt;&amp;nbsp;&amp;nbsp;&amp;nbsp;&amp;nbsp;&lt;/span&gt;&lt;span style="color: var(--highlight-keyword)"&gt;protected&amp;nbsp;function&amp;nbsp;&lt;/span&gt;&lt;span style="color: var(--highlight-default)"&gt;doRequest&lt;/span&gt;&lt;span style="color: var(--highlight-keyword)"&gt;(&lt;/span&gt;&lt;span style="color: var(--highlight-default)"&gt;object&amp;nbsp;$request&lt;/span&gt;&lt;span style="color: var(--highlight-keyword)"&gt;)&lt;/span&gt;&lt;/code&gt;&lt;/li&gt;
&lt;li&gt;&lt;code&gt;&lt;span style="color: var(--highlight-keyword)"&gt;&amp;nbsp;&amp;nbsp;&amp;nbsp;&amp;nbsp;{&lt;/span&gt;&lt;/code&gt;&lt;/li&gt;
&lt;li class="selected"&gt;&lt;code&gt;&lt;span style="color: var(--highlight-keyword)"&gt;&amp;nbsp;&amp;nbsp;&amp;nbsp;&amp;nbsp;&amp;nbsp;&amp;nbsp;&amp;nbsp;&amp;nbsp;&lt;/span&gt;&lt;span style="color: var(--highlight-default)"&gt;$response&amp;nbsp;&lt;/span&gt;&lt;span style="color: var(--highlight-keyword)"&gt;=&amp;nbsp;&lt;/span&gt;&lt;span style="color: var(--highlight-default)"&gt;$this&lt;/span&gt;&lt;span style="color: var(--highlight-keyword)"&gt;-&amp;gt;&lt;/span&gt;&lt;span style="color: var(--highlight-default)"&gt;kernel&lt;/span&gt;&lt;span style="color: var(--highlight-keyword)"&gt;-&amp;gt;&lt;/span&gt;&lt;span style="color: var(--highlight-default)"&gt;handle&lt;/span&gt;&lt;span style="color: var(--highlight-keyword)"&gt;(&lt;/span&gt;&lt;span style="color: var(--highlight-default)"&gt;$request&lt;/span&gt;&lt;span style="color: var(--highlight-keyword)"&gt;,&amp;nbsp;&lt;/span&gt;&lt;span style="color: var(--highlight-default)"&gt;HttpKernelInterface&lt;/span&gt;&lt;span style="color: var(--highlight-keyword)"&gt;::&lt;/span&gt;&lt;span style="color: var(--highlight-default)"&gt;MAIN_REQUEST&lt;/span&gt;&lt;span style="color: var(--highlight-keyword)"&gt;,&amp;nbsp;&lt;/span&gt;&lt;span style="color: var(--highlight-default)"&gt;$this&lt;/span&gt;&lt;span style="color: var(--highlight-keyword)"&gt;-&amp;gt;&lt;/span&gt;&lt;span style="color: var(--highlight-default)"&gt;catchExceptions&lt;/span&gt;&lt;span style="color: var(--highlight-keyword)"&gt;);&lt;/span&gt;&lt;/code&gt;&lt;/li&gt;
&lt;li&gt;&lt;code&gt;&lt;span style="color: var(--highlight-keyword)"&gt;&lt;/span&gt;&lt;/code&gt;&lt;/li&gt;
&lt;li&gt;&lt;code&gt;&lt;span style="color: var(--highlight-keyword)"&gt;&amp;nbsp;&amp;nbsp;&amp;nbsp;&amp;nbsp;&amp;nbsp;&amp;nbsp;&amp;nbsp;&amp;nbsp;if&amp;nbsp;(&lt;/span&gt;&lt;span style="color: var(--highlight-default)"&gt;$this&lt;/span&gt;&lt;span style="color: var(--highlight-keyword)"&gt;-&amp;gt;&lt;/span&gt;&lt;span style="color: var(--highlight-default)"&gt;kernel&amp;nbsp;&lt;/span&gt;&lt;span style="color: var(--highlight-keyword)"&gt;instanceof&amp;nbsp;&lt;/span&gt;&lt;span style="color: var(--highlight-default)"&gt;TerminableInterface&lt;/span&gt;&lt;span style="color: var(--highlight-keyword)"&gt;)&amp;nbsp;{&lt;/span&gt;&lt;/code&gt;&lt;/li&gt;
&lt;li&gt;&lt;code&gt;&lt;span style="color: var(--highlight-keyword)"&gt;&amp;nbsp;&amp;nbsp;&amp;nbsp;&amp;nbsp;&amp;nbsp;&amp;nbsp;&amp;nbsp;&amp;nbsp;&amp;nbsp;&amp;nbsp;&amp;nbsp;&amp;nbsp;&lt;/span&gt;&lt;span style="color: var(--highlight-default)"&gt;$this&lt;/span&gt;&lt;span style="color: var(--highlight-keyword)"&gt;-&amp;gt;&lt;/span&gt;&lt;span style="color: var(--highlight-default)"&gt;kernel&lt;/span&gt;&lt;span style="color: var(--highlight-keyword)"&gt;-&amp;gt;&lt;/span&gt;&lt;span style="color: var(--highlight-default)"&gt;terminate&lt;/span&gt;&lt;span style="color: var(--highlight-keyword)"&gt;(&lt;/span&gt;&lt;span style="color: var(--highlight-default)"&gt;$request&lt;/span&gt;&lt;span style="color: var(--highlight-keyword)"&gt;,&amp;nbsp;&lt;/span&gt;&lt;span style="color: var(--highlight-default)"&gt;$response&lt;/span&gt;&lt;span style="color: var(--highlight-keyword)"&gt;);&lt;/span&gt;&lt;/code&gt;&lt;/li&gt;
&lt;li&gt;&lt;code&gt;&lt;span style="color: var(--highlight-keyword)"&gt;&amp;nbsp;&amp;nbsp;&amp;nbsp;&amp;nbsp;&amp;nbsp;&amp;nbsp;&amp;nbsp;&amp;nbsp;}&lt;/span&gt;&lt;/code&gt;&lt;/li&gt;
&lt;li&gt;&lt;code&gt;&lt;span style="color: var(--highlight-keyword)"&gt;&lt;/span&gt;&lt;/code&gt;&lt;/li&gt;&lt;/ol&gt;    &lt;/div&gt;            &lt;/div&gt;
                        &lt;div class="trace-line "&gt;
                &lt;div class="trace-line-header break-long-words sf-toggle" data-toggle-selector="#trace-html-1-9" data-toggle-initial=""&gt;
            &lt;span class="icon icon-close"&gt;&lt;svg width="1792" height="1792" viewBox="0 0 1792 1792" xmlns="http://www.w3.org/2000/svg"&gt;&lt;path d="M1408 960V832q0-26-19-45t-45-19H448q-26 0-45 19t-19 45v128q0 26 19 45t45 19h896q26 0 45-19t19-45zm256-544v960q0 119-84.5 203.5T1376 1664H416q-119 0-203.5-84.5T128 1376V416q0-119 84.5-203.5T416 128h960q119 0 203.5 84.5T1664 416z"/&gt;&lt;/svg&gt;&lt;/span&gt;
        &lt;span class="icon icon-open"&gt;&lt;svg width="1792" height="1792" viewBox="0 0 1792 1792" xmlns="http://www.w3.org/2000/svg"&gt;&lt;path d="M1408 960V832q0-26-19-45t-45-19h-320V448q0-26-19-45t-45-19H832q-26 0-45 19t-19 45v320H448q-26 0-45 19t-19 45v128q0 26 19 45t45 19h320v320q0 26 19 45t45 19h128q26 0 45-19t19-45v-320h320q26 0 45-19t19-45zm256-544v960q0 119-84.5 203.5T1376 1664H416q-119 0-203.5-84.5T128 1376V416q0-119 84.5-203.5T416 128h960q119 0 203.5 84.5T1664 416z"/&gt;&lt;/svg&gt;&lt;/span&gt;
    
            &lt;span class="trace-class"&gt;&lt;abbr title="Symfony\Component\HttpKernel\HttpKernelBrowser"&gt;HttpKernelBrowser&lt;/abbr&gt;&lt;/span&gt;&lt;span class="trace-type"&gt;-&gt;&lt;/span&gt;&lt;span class="trace-method"&gt;doRequest&lt;/span&gt;&lt;span class="trace-arguments"&gt;(&lt;em&gt;object&lt;/em&gt;(&lt;abbr title="Symfony\Component\HttpFoundation\Request"&gt;Request&lt;/abbr&gt;))&lt;/span&gt;    
                    &lt;span class="block trace-file-path"&gt;
            in
            &lt;a href="file://C:\Users\sliti\Desktop\dev\esprit-PIDEV-3A16-2526-FARMIA\vendor\symfony\framework-bundle\KernelBrowser.php#L175"&gt;
                C:\Users\sliti\Desktop\dev\esprit-PIDEV-3A16-2526-FARMIA\vendor\symfony\framework-bundle\&lt;strong&gt;KernelBrowser.php&lt;/strong&gt;
            &lt;/a&gt;
                        (line 175)
            &lt;span class="icon icon-copy hidden" data-clipboard-text="C:\Users\sliti\Desktop\dev\esprit-PIDEV-3A16-2526-FARMIA\vendor\symfony\framework-bundle\KernelBrowser.php:175"&gt;
                &lt;svg xmlns="http://www.w3.org/2000/svg" height="24" viewBox="0 0 24 24" width="24"&gt;&lt;path d="M0 0h24v24H0z" fill="none"/&gt;&lt;path d="M16 1H4c-1.1 0-2 .9-2 2v14h2V3h12V1zm3 4H8c-1.1 0-2 .9-2 2v14c0 1.1.9 2 2 2h11c1.1 0 2-.9 2-2V7c0-1.1-.9-2-2-2zm0 16H8V7h11v14z"/&gt;&lt;/svg&gt;            &lt;/span&gt;
        &lt;/span&gt;
    &lt;/div&gt;
    &lt;div id="trace-html-1-9" class="trace-code sf-toggle-content"&gt;
        &lt;ol start="170"&gt;&lt;li&gt;&lt;code&gt;&lt;span style="color: var(--highlight-keyword)"&gt;&lt;/span&gt;&lt;/code&gt;&lt;/li&gt;
&lt;li&gt;&lt;code&gt;&lt;span style="color: var(--highlight-keyword)"&gt;&amp;nbsp;&amp;nbsp;&amp;nbsp;&amp;nbsp;&amp;nbsp;&amp;nbsp;&amp;nbsp;&amp;nbsp;&amp;nbsp;&amp;nbsp;&amp;nbsp;&amp;nbsp;&lt;/span&gt;&lt;span style="color: var(--highlight-default)"&gt;$this&lt;/span&gt;&lt;span style="color: var(--highlight-keyword)"&gt;-&amp;gt;&lt;/span&gt;&lt;span style="color: var(--highlight-default)"&gt;kernel&lt;/span&gt;&lt;span style="color: var(--highlight-keyword)"&gt;-&amp;gt;&lt;/span&gt;&lt;span style="color: var(--highlight-default)"&gt;boot&lt;/span&gt;&lt;span style="color: var(--highlight-keyword)"&gt;();&lt;/span&gt;&lt;/code&gt;&lt;/li&gt;
&lt;li&gt;&lt;code&gt;&lt;span style="color: var(--highlight-keyword)"&gt;&amp;nbsp;&amp;nbsp;&amp;nbsp;&amp;nbsp;&amp;nbsp;&amp;nbsp;&amp;nbsp;&amp;nbsp;&amp;nbsp;&amp;nbsp;&amp;nbsp;&amp;nbsp;&lt;/span&gt;&lt;span style="color: var(--highlight-default)"&gt;$this&lt;/span&gt;&lt;span style="color: var(--highlight-keyword)"&gt;-&amp;gt;&lt;/span&gt;&lt;span style="color: var(--highlight-default)"&gt;getContainer&lt;/span&gt;&lt;span style="color: var(--highlight-keyword)"&gt;()-&amp;gt;&lt;/span&gt;&lt;span style="color: var(--highlight-default)"&gt;get&lt;/span&gt;&lt;span style="color: var(--highlight-keyword)"&gt;(&lt;/span&gt;&lt;span style="color: var(--highlight-string)"&gt;'profiler'&lt;/span&gt;&lt;span style="color: var(--highlight-keyword)"&gt;)-&amp;gt;&lt;/span&gt;&lt;span style="color: var(--highlight-default)"&gt;enable&lt;/span&gt;&lt;span style="color: var(--highlight-keyword)"&gt;();&lt;/span&gt;&lt;/code&gt;&lt;/li&gt;
&lt;li&gt;&lt;code&gt;&lt;span style="color: var(--highlight-keyword)"&gt;&amp;nbsp;&amp;nbsp;&amp;nbsp;&amp;nbsp;&amp;nbsp;&amp;nbsp;&amp;nbsp;&amp;nbsp;}&lt;/span&gt;&lt;/code&gt;&lt;/li&gt;
&lt;li&gt;&lt;code&gt;&lt;span style="color: var(--highlight-keyword)"&gt;&lt;/span&gt;&lt;/code&gt;&lt;/li&gt;
&lt;li class="selected"&gt;&lt;code&gt;&lt;span style="color: var(--highlight-keyword)"&gt;&amp;nbsp;&amp;nbsp;&amp;nbsp;&amp;nbsp;&amp;nbsp;&amp;nbsp;&amp;nbsp;&amp;nbsp;return&amp;nbsp;&lt;/span&gt;&lt;span style="color: var(--highlight-default)"&gt;parent&lt;/span&gt;&lt;span style="color: var(--highlight-keyword)"&gt;::&lt;/span&gt;&lt;span style="color: var(--highlight-default)"&gt;doRequest&lt;/span&gt;&lt;span style="color: var(--highlight-keyword)"&gt;(&lt;/span&gt;&lt;span style="color: var(--highlight-default)"&gt;$request&lt;/span&gt;&lt;span style="color: var(--highlight-keyword)"&gt;);&lt;/span&gt;&lt;/code&gt;&lt;/li&gt;
&lt;li&gt;&lt;code&gt;&lt;span style="color: var(--highlight-keyword)"&gt;&amp;nbsp;&amp;nbsp;&amp;nbsp;&amp;nbsp;}&lt;/span&gt;&lt;/code&gt;&lt;/li&gt;
&lt;li&gt;&lt;code&gt;&lt;span style="color: var(--highlight-keyword)"&gt;&lt;/span&gt;&lt;/code&gt;&lt;/li&gt;
&lt;li&gt;&lt;code&gt;&lt;span style="color: var(--highlight-keyword)"&gt;&amp;nbsp;&amp;nbsp;&amp;nbsp;&amp;nbsp;&lt;/span&gt;&lt;span style="color: var(--highlight-comment)"&gt;/**&lt;/span&gt;&lt;/code&gt;&lt;/li&gt;
&lt;li&gt;&lt;code&gt;&lt;span style="color: var(--highlight-comment)"&gt;&amp;nbsp;&amp;nbsp;&amp;nbsp;&amp;nbsp;&amp;nbsp;*&amp;nbsp;@param&amp;nbsp;Request&amp;nbsp;$request&lt;/span&gt;&lt;/code&gt;&lt;/li&gt;
&lt;li&gt;&lt;code&gt;&lt;span style="color: var(--highlight-comment)"&gt;&amp;nbsp;&amp;nbsp;&amp;nbsp;&amp;nbsp;&amp;nbsp;*/&lt;/span&gt;&lt;/code&gt;&lt;/li&gt;&lt;/ol&gt;    &lt;/div&gt;            &lt;/div&gt;
                        &lt;div class="trace-line "&gt;
                &lt;div class="trace-line-header break-long-words sf-toggle" data-toggle-selector="#trace-html-1-10" data-toggle-initial=""&gt;
            &lt;span class="icon icon-close"&gt;&lt;svg width="1792" height="1792" viewBox="0 0 1792 1792" xmlns="http://www.w3.org/2000/svg"&gt;&lt;path d="M1408 960V832q0-26-19-45t-45-19H448q-26 0-45 19t-19 45v128q0 26 19 45t45 19h896q26 0 45-19t19-45zm256-544v960q0 119-84.5 203.5T1376 1664H416q-119 0-203.5-84.5T128 1376V416q0-119 84.5-203.5T416 128h960q119 0 203.5 84.5T1664 416z"/&gt;&lt;/svg&gt;&lt;/span&gt;
        &lt;span class="icon icon-open"&gt;&lt;svg width="1792" height="1792" viewBox="0 0 1792 1792" xmlns="http://www.w3.org/2000/svg"&gt;&lt;path d="M1408 960V832q0-26-19-45t-45-19h-320V448q0-26-19-45t-45-19H832q-26 0-45 19t-19 45v320H448q-26 0-45 19t-19 45v128q0 26 19 45t45 19h320v320q0 26 19 45t45 19h128q26 0 45-19t19-45v-320h320q26 0 45-19t19-45zm256-544v960q0 119-84.5 203.5T1376 1664H416q-119 0-203.5-84.5T128 1376V416q0-119 84.5-203.5T416 128h960q119 0 203.5 84.5T1664 416z"/&gt;&lt;/svg&gt;&lt;/span&gt;
    
            &lt;span class="trace-class"&gt;&lt;abbr title="Symfony\Bundle\FrameworkBundle\KernelBrowser"&gt;KernelBrowser&lt;/abbr&gt;&lt;/span&gt;&lt;span class="trace-type"&gt;-&gt;&lt;/span&gt;&lt;span class="trace-method"&gt;doRequest&lt;/span&gt;&lt;span class="trace-arguments"&gt;(&lt;em&gt;object&lt;/em&gt;(&lt;abbr title="Symfony\Component\HttpFoundation\Request"&gt;Request&lt;/abbr&gt;))&lt;/span&gt;    
                    &lt;span class="block trace-file-path"&gt;
            in
            &lt;a href="file://C:\Users\sliti\Desktop\dev\esprit-PIDEV-3A16-2526-FARMIA\vendor\symfony\browser-kit\AbstractBrowser.php#L385"&gt;
                C:\Users\sliti\Desktop\dev\esprit-PIDEV-3A16-2526-FARMIA\vendor\symfony\browser-kit\&lt;strong&gt;AbstractBrowser.php&lt;/strong&gt;
            &lt;/a&gt;
                        (line 385)
            &lt;span class="icon icon-copy hidden" data-clipboard-text="C:\Users\sliti\Desktop\dev\esprit-PIDEV-3A16-2526-FARMIA\vendor\symfony\browser-kit\AbstractBrowser.php:385"&gt;
                &lt;svg xmlns="http://www.w3.org/2000/svg" height="24" viewBox="0 0 24 24" width="24"&gt;&lt;path d="M0 0h24v24H0z" fill="none"/&gt;&lt;path d="M16 1H4c-1.1 0-2 .9-2 2v14h2V3h12V1zm3 4H8c-1.1 0-2 .9-2 2v14c0 1.1.9 2 2 2h11c1.1 0 2-.9 2-2V7c0-1.1-.9-2-2-2zm0 16H8V7h11v14z"/&gt;&lt;/svg&gt;            &lt;/span&gt;
        &lt;/span&gt;
    &lt;/div&gt;
    &lt;div id="trace-html-1-10" class="trace-code sf-toggle-content"&gt;
        &lt;ol start="380"&gt;&lt;li&gt;&lt;code&gt;&lt;span style="color: var(--highlight-keyword)"&gt;&amp;nbsp;&amp;nbsp;&amp;nbsp;&amp;nbsp;&amp;nbsp;&amp;nbsp;&amp;nbsp;&amp;nbsp;}&lt;/span&gt;&lt;/code&gt;&lt;/li&gt;
&lt;li&gt;&lt;code&gt;&lt;span style="color: var(--highlight-keyword)"&gt;&lt;/span&gt;&lt;/code&gt;&lt;/li&gt;
&lt;li&gt;&lt;code&gt;&lt;span style="color: var(--highlight-keyword)"&gt;&amp;nbsp;&amp;nbsp;&amp;nbsp;&amp;nbsp;&amp;nbsp;&amp;nbsp;&amp;nbsp;&amp;nbsp;if&amp;nbsp;(&lt;/span&gt;&lt;span style="color: var(--highlight-default)"&gt;$this&lt;/span&gt;&lt;span style="color: var(--highlight-keyword)"&gt;-&amp;gt;&lt;/span&gt;&lt;span style="color: var(--highlight-default)"&gt;insulated&lt;/span&gt;&lt;span style="color: var(--highlight-keyword)"&gt;)&amp;nbsp;{&lt;/span&gt;&lt;/code&gt;&lt;/li&gt;
&lt;li&gt;&lt;code&gt;&lt;span style="color: var(--highlight-keyword)"&gt;&amp;nbsp;&amp;nbsp;&amp;nbsp;&amp;nbsp;&amp;nbsp;&amp;nbsp;&amp;nbsp;&amp;nbsp;&amp;nbsp;&amp;nbsp;&amp;nbsp;&amp;nbsp;&lt;/span&gt;&lt;span style="color: var(--highlight-default)"&gt;$this&lt;/span&gt;&lt;span style="color: var(--highlight-keyword)"&gt;-&amp;gt;&lt;/span&gt;&lt;span style="color: var(--highlight-default)"&gt;response&amp;nbsp;&lt;/span&gt;&lt;span style="color: var(--highlight-keyword)"&gt;=&amp;nbsp;&lt;/span&gt;&lt;span style="color: var(--highlight-default)"&gt;$this&lt;/span&gt;&lt;span style="color: var(--highlight-keyword)"&gt;-&amp;gt;&lt;/span&gt;&lt;span style="color: var(--highlight-default)"&gt;doRequestInProcess&lt;/span&gt;&lt;span style="color: var(--highlight-keyword)"&gt;(&lt;/span&gt;&lt;span style="color: var(--highlight-default)"&gt;$this&lt;/span&gt;&lt;span style="color: var(--highlight-keyword)"&gt;-&amp;gt;&lt;/span&gt;&lt;span style="color: var(--highlight-default)"&gt;request&lt;/span&gt;&lt;span style="color: var(--highlight-keyword)"&gt;);&lt;/span&gt;&lt;/code&gt;&lt;/li&gt;
&lt;li&gt;&lt;code&gt;&lt;span style="color: var(--highlight-keyword)"&gt;&amp;nbsp;&amp;nbsp;&amp;nbsp;&amp;nbsp;&amp;nbsp;&amp;nbsp;&amp;nbsp;&amp;nbsp;}&amp;nbsp;else&amp;nbsp;{&lt;/span&gt;&lt;/code&gt;&lt;/li&gt;
&lt;li class="selected"&gt;&lt;code&gt;&lt;span style="color: var(--highlight-keyword)"&gt;&amp;nbsp;&amp;nbsp;&amp;nbsp;&amp;nbsp;&amp;nbsp;&amp;nbsp;&amp;nbsp;&amp;nbsp;&amp;nbsp;&amp;nbsp;&amp;nbsp;&amp;nbsp;&lt;/span&gt;&lt;span style="color: var(--highlight-default)"&gt;$this&lt;/span&gt;&lt;span style="color: var(--highlight-keyword)"&gt;-&amp;gt;&lt;/span&gt;&lt;span style="color: var(--highlight-default)"&gt;response&amp;nbsp;&lt;/span&gt;&lt;span style="color: var(--highlight-keyword)"&gt;=&amp;nbsp;&lt;/span&gt;&lt;span style="color: var(--highlight-default)"&gt;$this&lt;/span&gt;&lt;span style="color: var(--highlight-keyword)"&gt;-&amp;gt;&lt;/span&gt;&lt;span style="color: var(--highlight-default)"&gt;doRequest&lt;/span&gt;&lt;span style="color: var(--highlight-keyword)"&gt;(&lt;/span&gt;&lt;span style="color: var(--highlight-default)"&gt;$this&lt;/span&gt;&lt;span style="color: var(--highlight-keyword)"&gt;-&amp;gt;&lt;/span&gt;&lt;span style="color: var(--highlight-default)"&gt;request&lt;/span&gt;&lt;span style="color: var(--highlight-keyword)"&gt;);&lt;/span&gt;&lt;/code&gt;&lt;/li&gt;
&lt;li&gt;&lt;code&gt;&lt;span style="color: var(--highlight-keyword)"&gt;&amp;nbsp;&amp;nbsp;&amp;nbsp;&amp;nbsp;&amp;nbsp;&amp;nbsp;&amp;nbsp;&amp;nbsp;}&lt;/span&gt;&lt;/code&gt;&lt;/li&gt;
&lt;li&gt;&lt;code&gt;&lt;span style="color: var(--highlight-keyword)"&gt;&lt;/span&gt;&lt;/code&gt;&lt;/li&gt;
&lt;li&gt;&lt;code&gt;&lt;span style="color: var(--highlight-keyword)"&gt;&amp;nbsp;&amp;nbsp;&amp;nbsp;&amp;nbsp;&amp;nbsp;&amp;nbsp;&amp;nbsp;&amp;nbsp;&lt;/span&gt;&lt;span style="color: var(--highlight-default)"&gt;$this&lt;/span&gt;&lt;span style="color: var(--highlight-keyword)"&gt;-&amp;gt;&lt;/span&gt;&lt;span style="color: var(--highlight-default)"&gt;internalResponse&amp;nbsp;&lt;/span&gt;&lt;span style="color: var(--highlight-keyword)"&gt;=&amp;nbsp;&lt;/span&gt;&lt;span style="color: var(--highlight-default)"&gt;$this&lt;/span&gt;&lt;span style="color: var(--highlight-keyword)"&gt;-&amp;gt;&lt;/span&gt;&lt;span style="color: var(--highlight-default)"&gt;filterResponse&lt;/span&gt;&lt;span style="color: var(--highlight-keyword)"&gt;(&lt;/span&gt;&lt;span style="color: var(--highlight-default)"&gt;$this&lt;/span&gt;&lt;span style="color: var(--highlight-keyword)"&gt;-&amp;gt;&lt;/span&gt;&lt;span style="color: var(--highlight-default)"&gt;response&lt;/span&gt;&lt;span style="color: var(--highlight-keyword)"&gt;);&lt;/span&gt;&lt;/code&gt;&lt;/li&gt;
&lt;li&gt;&lt;code&gt;&lt;span style="color: var(--highlight-keyword)"&gt;&lt;/span&gt;&lt;/code&gt;&lt;/li&gt;
&lt;li&gt;&lt;code&gt;&lt;span style="color: var(--highlight-keyword)"&gt;&amp;nbsp;&amp;nbsp;&amp;nbsp;&amp;nbsp;&amp;nbsp;&amp;nbsp;&amp;nbsp;&amp;nbsp;&lt;/span&gt;&lt;span style="color: var(--highlight-default)"&gt;$this&lt;/span&gt;&lt;span style="color: var(--highlight-keyword)"&gt;-&amp;gt;&lt;/span&gt;&lt;span style="color: var(--highlight-default)"&gt;cookieJar&lt;/span&gt;&lt;span style="color: var(--highlight-keyword)"&gt;-&amp;gt;&lt;/span&gt;&lt;span style="color: var(--highlight-default)"&gt;updateFromResponse&lt;/span&gt;&lt;span style="color: var(--highlight-keyword)"&gt;(&lt;/span&gt;&lt;span style="color: var(--highlight-default)"&gt;$this&lt;/span&gt;&lt;span style="color: var(--highlight-keyword)"&gt;-&amp;gt;&lt;/span&gt;&lt;span style="color: var(--highlight-default)"&gt;internalResponse&lt;/span&gt;&lt;span style="color: var(--highlight-keyword)"&gt;,&amp;nbsp;&lt;/span&gt;&lt;span style="color: var(--highlight-default)"&gt;$uri&lt;/span&gt;&lt;span style="color: var(--highlight-keyword)"&gt;);&lt;/span&gt;&lt;/code&gt;&lt;/li&gt;&lt;/ol&gt;    &lt;/div&gt;            &lt;/div&gt;
                        &lt;div class="trace-line "&gt;
                &lt;div class="trace-line-header break-long-words sf-toggle" data-toggle-selector="#trace-html-1-11" data-toggle-initial=""&gt;
            &lt;span class="icon icon-close"&gt;&lt;svg width="1792" height="1792" viewBox="0 0 1792 1792" xmlns="http://www.w3.org/2000/svg"&gt;&lt;path d="M1408 960V832q0-26-19-45t-45-19H448q-26 0-45 19t-19 45v128q0 26 19 45t45 19h896q26 0 45-19t19-45zm256-544v960q0 119-84.5 203.5T1376 1664H416q-119 0-203.5-84.5T128 1376V416q0-119 84.5-203.5T416 128h960q119 0 203.5 84.5T1664 416z"/&gt;&lt;/svg&gt;&lt;/span&gt;
        &lt;span class="icon icon-open"&gt;&lt;svg width="1792" height="1792" viewBox="0 0 1792 1792" xmlns="http://www.w3.org/2000/svg"&gt;&lt;path d="M1408 960V832q0-26-19-45t-45-19h-320V448q0-26-19-45t-45-19H832q-26 0-45 19t-19 45v320H448q-26 0-45 19t-19 45v128q0 26 19 45t45 19h320v320q0 26 19 45t45 19h128q26 0 45-19t19-45v-320h320q26 0 45-19t19-45zm256-544v960q0 119-84.5 203.5T1376 1664H416q-119 0-203.5-84.5T128 1376V416q0-119 84.5-203.5T416 128h960q119 0 203.5 84.5T1664 416z"/&gt;&lt;/svg&gt;&lt;/span&gt;
    
            &lt;span class="trace-class"&gt;&lt;abbr title="Symfony\Component\BrowserKit\AbstractBrowser"&gt;AbstractBrowser&lt;/abbr&gt;&lt;/span&gt;&lt;span class="trace-type"&gt;-&gt;&lt;/span&gt;&lt;span class="trace-method"&gt;request&lt;/span&gt;&lt;span class="trace-arguments"&gt;('GET', 'http://localhost/expert/conseil')&lt;/span&gt;    
                    &lt;span class="block trace-file-path"&gt;
            in
            &lt;a href="file://C:\Users\sliti\Desktop\dev\esprit-PIDEV-3A16-2526-FARMIA\tests\Functional\Controller\ExpertConseilControllerTest.php#L30"&gt;
                C:\Users\sliti\Desktop\dev\esprit-PIDEV-3A16-2526-FARMIA\tests\Functional\Controller\&lt;strong&gt;ExpertConseilControllerTest.php&lt;/strong&gt;
            &lt;/a&gt;
                        (line 30)
            &lt;span class="icon icon-copy hidden" data-clipboard-text="C:\Users\sliti\Desktop\dev\esprit-PIDEV-3A16-2526-FARMIA\tests\Functional\Controller\ExpertConseilControllerTest.php:30"&gt;
                &lt;svg xmlns="http://www.w3.org/2000/svg" height="24" viewBox="0 0 24 24" width="24"&gt;&lt;path d="M0 0h24v24H0z" fill="none"/&gt;&lt;path d="M16 1H4c-1.1 0-2 .9-2 2v14h2V3h12V1zm3 4H8c-1.1 0-2 .9-2 2v14c0 1.1.9 2 2 2h11c1.1 0 2-.9 2-2V7c0-1.1-.9-2-2-2zm0 16H8V7h11v14z"/&gt;&lt;/svg&gt;            &lt;/span&gt;
        &lt;/span&gt;
    &lt;/div&gt;
    &lt;div id="trace-html-1-11" class="trace-code sf-toggle-content"&gt;
        &lt;ol start="25"&gt;&lt;li&gt;&lt;code&gt;&lt;span style="color: var(--highlight-keyword)"&gt;&amp;nbsp;&amp;nbsp;&amp;nbsp;&amp;nbsp;&lt;/span&gt;&lt;span style="color: var(--highlight-comment)"&gt;/**&#13;&lt;/span&gt;&lt;/code&gt;&lt;/li&gt;
&lt;li&gt;&lt;code&gt;&lt;span style="color: var(--highlight-comment)"&gt;&amp;nbsp;&amp;nbsp;&amp;nbsp;&amp;nbsp;&amp;nbsp;*&amp;nbsp;TEST:&amp;nbsp;Expert&amp;nbsp;conseil&amp;nbsp;list&amp;nbsp;loads&#13;&lt;/span&gt;&lt;/code&gt;&lt;/li&gt;
&lt;li&gt;&lt;code&gt;&lt;span style="color: var(--highlight-comment)"&gt;&amp;nbsp;&amp;nbsp;&amp;nbsp;&amp;nbsp;&amp;nbsp;*/&#13;&lt;/span&gt;&lt;/code&gt;&lt;/li&gt;
&lt;li&gt;&lt;code&gt;&lt;span style="color: var(--highlight-comment)"&gt;&amp;nbsp;&amp;nbsp;&amp;nbsp;&amp;nbsp;&lt;/span&gt;&lt;span style="color: var(--highlight-keyword)"&gt;public&amp;nbsp;function&amp;nbsp;&lt;/span&gt;&lt;span style="color: var(--highlight-default)"&gt;testExpertConseilListLoads&lt;/span&gt;&lt;span style="color: var(--highlight-keyword)"&gt;():&amp;nbsp;&lt;/span&gt;&lt;span style="color: var(--highlight-default)"&gt;void&lt;/span&gt;&lt;/code&gt;&lt;/li&gt;
&lt;li&gt;&lt;code&gt;&lt;span style="color: var(--highlight-default)"&gt;&amp;nbsp;&amp;nbsp;&amp;nbsp;&amp;nbsp;&lt;/span&gt;&lt;span style="color: var(--highlight-keyword)"&gt;{&lt;/span&gt;&lt;/code&gt;&lt;/li&gt;
&lt;li class="selected"&gt;&lt;code&gt;&lt;span style="color: var(--highlight-keyword)"&gt;&amp;nbsp;&amp;nbsp;&amp;nbsp;&amp;nbsp;&amp;nbsp;&amp;nbsp;&amp;nbsp;&amp;nbsp;&lt;/span&gt;&lt;span style="color: var(--highlight-default)"&gt;self&lt;/span&gt;&lt;span style="color: var(--highlight-keyword)"&gt;::&lt;/span&gt;&lt;span style="color: var(--highlight-default)"&gt;$client&lt;/span&gt;&lt;span style="color: var(--highlight-keyword)"&gt;-&amp;gt;&lt;/span&gt;&lt;span style="color: var(--highlight-default)"&gt;request&lt;/span&gt;&lt;span style="color: var(--highlight-keyword)"&gt;(&lt;/span&gt;&lt;span style="color: var(--highlight-string)"&gt;'GET'&lt;/span&gt;&lt;span style="color: var(--highlight-keyword)"&gt;,&amp;nbsp;&lt;/span&gt;&lt;span style="color: var(--highlight-string)"&gt;'/expert/conseil'&lt;/span&gt;&lt;span style="color: var(--highlight-keyword)"&gt;);&lt;/span&gt;&lt;/code&gt;&lt;/li&gt;
&lt;li&gt;&lt;code&gt;&lt;span style="color: var(--highlight-keyword)"&gt;&lt;/span&gt;&lt;/code&gt;&lt;/li&gt;
&lt;li&gt;&lt;code&gt;&lt;span style="color: var(--highlight-keyword)"&gt;&amp;nbsp;&amp;nbsp;&amp;nbsp;&amp;nbsp;&amp;nbsp;&amp;nbsp;&amp;nbsp;&amp;nbsp;&lt;/span&gt;&lt;span style="color: var(--highlight-default)"&gt;$this&lt;/span&gt;&lt;span style="color: var(--highlight-keyword)"&gt;-&amp;gt;&lt;/span&gt;&lt;span style="color: var(--highlight-default)"&gt;assertResponseIsSuccessful&lt;/span&gt;&lt;span style="color: var(--highlight-keyword)"&gt;();&lt;/span&gt;&lt;/code&gt;&lt;/li&gt;
&lt;li&gt;&lt;code&gt;&lt;span style="color: var(--highlight-keyword)"&gt;&amp;nbsp;&amp;nbsp;&amp;nbsp;&amp;nbsp;}&lt;/span&gt;&lt;/code&gt;&lt;/li&gt;
&lt;li&gt;&lt;code&gt;&lt;span style="color: var(--highlight-keyword)"&gt;&#13;&lt;/span&gt;&lt;/code&gt;&lt;/li&gt;
&lt;li&gt;&lt;code&gt;&lt;span style="color: var(--highlight-keyword)"&gt;&amp;nbsp;&amp;nbsp;&amp;nbsp;&amp;nbsp;&lt;/span&gt;&lt;span style="color: var(--highlight-comment)"&gt;/**&#13;&lt;/span&gt;&lt;/code&gt;&lt;/li&gt;&lt;/ol&gt;    &lt;/div&gt;            &lt;/div&gt;
                        &lt;div class="trace-line "&gt;
                &lt;div class="trace-line-header break-long-words sf-toggle" data-toggle-selector="#trace-html-1-12" data-toggle-initial=""&gt;
            &lt;span class="icon icon-close"&gt;&lt;svg width="1792" height="1792" viewBox="0 0 1792 1792" xmlns="http://www.w3.org/2000/svg"&gt;&lt;path d="M1408 960V832q0-26-19-45t-45-19H448q-26 0-45 19t-19 45v128q0 26 19 45t45 19h896q26 0 45-19t19-45zm256-544v960q0 119-84.5 203.5T1376 1664H416q-119 0-203.5-84.5T128 1376V416q0-119 84.5-203.5T416 128h960q119 0 203.5 84.5T1664 416z"/&gt;&lt;/svg&gt;&lt;/span&gt;
        &lt;span class="icon icon-open"&gt;&lt;svg width="1792" height="1792" viewBox="0 0 1792 1792" xmlns="http://www.w3.org/2000/svg"&gt;&lt;path d="M1408 960V832q0-26-19-45t-45-19h-320V448q0-26-19-45t-45-19H832q-26 0-45 19t-19 45v320H448q-26 0-45 19t-19 45v128q0 26 19 45t45 19h320v320q0 26 19 45t45 19h128q26 0 45-19t19-45v-320h320q26 0 45-19t19-45zm256-544v960q0 119-84.5 203.5T1376 1664H416q-119 0-203.5-84.5T128 1376V416q0-119 84.5-203.5T416 128h960q119 0 203.5 84.5T1664 416z"/&gt;&lt;/svg&gt;&lt;/span&gt;
    
            &lt;span class="trace-class"&gt;&lt;abbr title="App\Tests\Functional\Controller\ExpertConseilControllerTest"&gt;ExpertConseilControllerTest&lt;/abbr&gt;&lt;/span&gt;&lt;span class="trace-type"&gt;-&gt;&lt;/span&gt;&lt;span class="trace-method"&gt;testExpertConseilListLoads&lt;/span&gt;&lt;span class="trace-arguments"&gt;()&lt;/span&gt;    
                    &lt;span class="block trace-file-path"&gt;
            in
            &lt;a href="file://C:\Users\sliti\Desktop\dev\esprit-PIDEV-3A16-2526-FARMIA\vendor\phpunit\phpunit\src\Framework\TestCase.php#L1617"&gt;
                C:\Users\sliti\Desktop\dev\esprit-PIDEV-3A16-2526-FARMIA\vendor\phpunit\phpunit\src\Framework\&lt;strong&gt;TestCase.php&lt;/strong&gt;
            &lt;/a&gt;
                        (line 1617)
            &lt;span class="icon icon-copy hidden" data-clipboard-text="C:\Users\sliti\Desktop\dev\esprit-PIDEV-3A16-2526-FARMIA\vendor\phpunit\phpunit\src\Framework\TestCase.php:1617"&gt;
                &lt;svg xmlns="http://www.w3.org/2000/svg" height="24" viewBox="0 0 24 24" width="24"&gt;&lt;path d="M0 0h24v24H0z" fill="none"/&gt;&lt;path d="M16 1H4c-1.1 0-2 .9-2 2v14h2V3h12V1zm3 4H8c-1.1 0-2 .9-2 2v14c0 1.1.9 2 2 2h11c1.1 0 2-.9 2-2V7c0-1.1-.9-2-2-2zm0 16H8V7h11v14z"/&gt;&lt;/svg&gt;            &lt;/span&gt;
        &lt;/span&gt;
    &lt;/div&gt;
    &lt;div id="trace-html-1-12" class="trace-code sf-toggle-content"&gt;
        &lt;ol start="1612"&gt;&lt;li&gt;&lt;code&gt;&lt;span style="color: var(--highlight-keyword)"&gt;&amp;nbsp;&amp;nbsp;&amp;nbsp;&amp;nbsp;&amp;nbsp;&amp;nbsp;&amp;nbsp;&amp;nbsp;&lt;/span&gt;&lt;span style="color: var(--highlight-default)"&gt;$testArguments&amp;nbsp;&lt;/span&gt;&lt;span style="color: var(--highlight-keyword)"&gt;=&amp;nbsp;&lt;/span&gt;&lt;span style="color: var(--highlight-default)"&gt;array_merge&lt;/span&gt;&lt;span style="color: var(--highlight-keyword)"&gt;(&lt;/span&gt;&lt;span style="color: var(--highlight-default)"&gt;$this&lt;/span&gt;&lt;span style="color: var(--highlight-keyword)"&gt;-&amp;gt;&lt;/span&gt;&lt;span style="color: var(--highlight-default)"&gt;data&lt;/span&gt;&lt;span style="color: var(--highlight-keyword)"&gt;,&amp;nbsp;&lt;/span&gt;&lt;span style="color: var(--highlight-default)"&gt;$this&lt;/span&gt;&lt;span style="color: var(--highlight-keyword)"&gt;-&amp;gt;&lt;/span&gt;&lt;span style="color: var(--highlight-default)"&gt;dependencyInput&lt;/span&gt;&lt;span style="color: var(--highlight-keyword)"&gt;);&lt;/span&gt;&lt;/code&gt;&lt;/li&gt;
&lt;li&gt;&lt;code&gt;&lt;span style="color: var(--highlight-keyword)"&gt;&lt;/span&gt;&lt;/code&gt;&lt;/li&gt;
&lt;li&gt;&lt;code&gt;&lt;span style="color: var(--highlight-keyword)"&gt;&amp;nbsp;&amp;nbsp;&amp;nbsp;&amp;nbsp;&amp;nbsp;&amp;nbsp;&amp;nbsp;&amp;nbsp;&lt;/span&gt;&lt;span style="color: var(--highlight-default)"&gt;$this&lt;/span&gt;&lt;span style="color: var(--highlight-keyword)"&gt;-&amp;gt;&lt;/span&gt;&lt;span style="color: var(--highlight-default)"&gt;registerMockObjectsFromTestArguments&lt;/span&gt;&lt;span style="color: var(--highlight-keyword)"&gt;(&lt;/span&gt;&lt;span style="color: var(--highlight-default)"&gt;$testArguments&lt;/span&gt;&lt;span style="color: var(--highlight-keyword)"&gt;);&lt;/span&gt;&lt;/code&gt;&lt;/li&gt;
&lt;li&gt;&lt;code&gt;&lt;span style="color: var(--highlight-keyword)"&gt;&lt;/span&gt;&lt;/code&gt;&lt;/li&gt;
&lt;li&gt;&lt;code&gt;&lt;span style="color: var(--highlight-keyword)"&gt;&amp;nbsp;&amp;nbsp;&amp;nbsp;&amp;nbsp;&amp;nbsp;&amp;nbsp;&amp;nbsp;&amp;nbsp;try&amp;nbsp;{&lt;/span&gt;&lt;/code&gt;&lt;/li&gt;
&lt;li class="selected"&gt;&lt;code&gt;&lt;span style="color: var(--highlight-keyword)"&gt;&amp;nbsp;&amp;nbsp;&amp;nbsp;&amp;nbsp;&amp;nbsp;&amp;nbsp;&amp;nbsp;&amp;nbsp;&amp;nbsp;&amp;nbsp;&amp;nbsp;&amp;nbsp;&lt;/span&gt;&lt;span style="color: var(--highlight-default)"&gt;$testResult&amp;nbsp;&lt;/span&gt;&lt;span style="color: var(--highlight-keyword)"&gt;=&amp;nbsp;&lt;/span&gt;&lt;span style="color: var(--highlight-default)"&gt;$this&lt;/span&gt;&lt;span style="color: var(--highlight-keyword)"&gt;-&amp;gt;{&lt;/span&gt;&lt;span style="color: var(--highlight-default)"&gt;$this&lt;/span&gt;&lt;span style="color: var(--highlight-keyword)"&gt;-&amp;gt;&lt;/span&gt;&lt;span style="color: var(--highlight-default)"&gt;name&lt;/span&gt;&lt;span style="color: var(--highlight-keyword)"&gt;}(...&lt;/span&gt;&lt;span style="color: var(--highlight-default)"&gt;array_values&lt;/span&gt;&lt;span style="color: var(--highlight-keyword)"&gt;(&lt;/span&gt;&lt;span style="color: var(--highlight-default)"&gt;$testArguments&lt;/span&gt;&lt;span style="color: var(--highlight-keyword)"&gt;));&lt;/span&gt;&lt;/code&gt;&lt;/li&gt;
&lt;li&gt;&lt;code&gt;&lt;span style="color: var(--highlight-keyword)"&gt;&amp;nbsp;&amp;nbsp;&amp;nbsp;&amp;nbsp;&amp;nbsp;&amp;nbsp;&amp;nbsp;&amp;nbsp;}&amp;nbsp;catch&amp;nbsp;(&lt;/span&gt;&lt;span style="color: var(--highlight-default)"&gt;Throwable&amp;nbsp;$exception&lt;/span&gt;&lt;span style="color: var(--highlight-keyword)"&gt;)&amp;nbsp;{&lt;/span&gt;&lt;/code&gt;&lt;/li&gt;
&lt;li&gt;&lt;code&gt;&lt;span style="color: var(--highlight-keyword)"&gt;&amp;nbsp;&amp;nbsp;&amp;nbsp;&amp;nbsp;&amp;nbsp;&amp;nbsp;&amp;nbsp;&amp;nbsp;&amp;nbsp;&amp;nbsp;&amp;nbsp;&amp;nbsp;if&amp;nbsp;(!&lt;/span&gt;&lt;span style="color: var(--highlight-default)"&gt;$this&lt;/span&gt;&lt;span style="color: var(--highlight-keyword)"&gt;-&amp;gt;&lt;/span&gt;&lt;span style="color: var(--highlight-default)"&gt;checkExceptionExpectations&lt;/span&gt;&lt;span style="color: var(--highlight-keyword)"&gt;(&lt;/span&gt;&lt;span style="color: var(--highlight-default)"&gt;$exception&lt;/span&gt;&lt;span style="color: var(--highlight-keyword)"&gt;))&amp;nbsp;{&lt;/span&gt;&lt;/code&gt;&lt;/li&gt;
&lt;li&gt;&lt;code&gt;&lt;span style="color: var(--highlight-keyword)"&gt;&amp;nbsp;&amp;nbsp;&amp;nbsp;&amp;nbsp;&amp;nbsp;&amp;nbsp;&amp;nbsp;&amp;nbsp;&amp;nbsp;&amp;nbsp;&amp;nbsp;&amp;nbsp;&amp;nbsp;&amp;nbsp;&amp;nbsp;&amp;nbsp;throw&amp;nbsp;&lt;/span&gt;&lt;span style="color: var(--highlight-default)"&gt;$exception&lt;/span&gt;&lt;span style="color: var(--highlight-keyword)"&gt;;&lt;/span&gt;&lt;/code&gt;&lt;/li&gt;
&lt;li&gt;&lt;code&gt;&lt;span style="color: var(--highlight-keyword)"&gt;&amp;nbsp;&amp;nbsp;&amp;nbsp;&amp;nbsp;&amp;nbsp;&amp;nbsp;&amp;nbsp;&amp;nbsp;&amp;nbsp;&amp;nbsp;&amp;nbsp;&amp;nbsp;}&lt;/span&gt;&lt;/code&gt;&lt;/li&gt;
&lt;li&gt;&lt;code&gt;&lt;span style="color: var(--highlight-keyword)"&gt;&lt;/span&gt;&lt;/code&gt;&lt;/li&gt;&lt;/ol&gt;    &lt;/div&gt;            &lt;/div&gt;
                        &lt;div class="trace-line "&gt;
                &lt;div class="trace-line-header break-long-words sf-toggle" data-toggle-selector="#trace-html-1-13" data-toggle-initial=""&gt;
            &lt;span class="icon icon-close"&gt;&lt;svg width="1792" height="1792" viewBox="0 0 1792 1792" xmlns="http://www.w3.org/2000/svg"&gt;&lt;path d="M1408 960V832q0-26-19-45t-45-19H448q-26 0-45 19t-19 45v128q0 26 19 45t45 19h896q26 0 45-19t19-45zm256-544v960q0 119-84.5 203.5T1376 1664H416q-119 0-203.5-84.5T128 1376V416q0-119 84.5-203.5T416 128h960q119 0 203.5 84.5T1664 416z"/&gt;&lt;/svg&gt;&lt;/span&gt;
        &lt;span class="icon icon-open"&gt;&lt;svg width="1792" height="1792" viewBox="0 0 1792 1792" xmlns="http://www.w3.org/2000/svg"&gt;&lt;path d="M1408 960V832q0-26-19-45t-45-19h-320V448q0-26-19-45t-45-19H832q-26 0-45 19t-19 45v320H448q-26 0-45 19t-19 45v128q0 26 19 45t45 19h320v320q0 26 19 45t45 19h128q26 0 45-19t19-45v-320h320q26 0 45-19t19-45zm256-544v960q0 119-84.5 203.5T1376 1664H416q-119 0-203.5-84.5T128 1376V416q0-119 84.5-203.5T416 128h960q119 0 203.5 84.5T1664 416z"/&gt;&lt;/svg&gt;&lt;/span&gt;
    
            &lt;span class="trace-class"&gt;&lt;abbr title="PHPUnit\Framework\TestCase"&gt;TestCase&lt;/abbr&gt;&lt;/span&gt;&lt;span class="trace-type"&gt;-&gt;&lt;/span&gt;&lt;span class="trace-method"&gt;runTest&lt;/span&gt;&lt;span class="trace-arguments"&gt;()&lt;/span&gt;    
                    &lt;span class="block trace-file-path"&gt;
            in
            &lt;a href="file://C:\Users\sliti\Desktop\dev\esprit-PIDEV-3A16-2526-FARMIA\vendor\phpunit\phpunit\src\Framework\TestCase.php#L1223"&gt;
                C:\Users\sliti\Desktop\dev\esprit-PIDEV-3A16-2526-FARMIA\vendor\phpunit\phpunit\src\Framework\&lt;strong&gt;TestCase.php&lt;/strong&gt;
            &lt;/a&gt;
                        (line 1223)
            &lt;span class="icon icon-copy hidden" data-clipboard-text="C:\Users\sliti\Desktop\dev\esprit-PIDEV-3A16-2526-FARMIA\vendor\phpunit\phpunit\src\Framework\TestCase.php:1223"&gt;
                &lt;svg xmlns="http://www.w3.org/2000/svg" height="24" viewBox="0 0 24 24" width="24"&gt;&lt;path d="M0 0h24v24H0z" fill="none"/&gt;&lt;path d="M16 1H4c-1.1 0-2 .9-2 2v14h2V3h12V1zm3 4H8c-1.1 0-2 .9-2 2v14c0 1.1.9 2 2 2h11c1.1 0 2-.9 2-2V7c0-1.1-.9-2-2-2zm0 16H8V7h11v14z"/&gt;&lt;/svg&gt;            &lt;/span&gt;
        &lt;/span&gt;
    &lt;/div&gt;
    &lt;div id="trace-html-1-13" class="trace-code sf-toggle-content"&gt;
        &lt;ol start="1218"&gt;&lt;li&gt;&lt;code&gt;&lt;span style="color: var(--highlight-keyword)"&gt;&lt;/span&gt;&lt;/code&gt;&lt;/li&gt;
&lt;li&gt;&lt;code&gt;&lt;span style="color: var(--highlight-keyword)"&gt;&amp;nbsp;&amp;nbsp;&amp;nbsp;&amp;nbsp;&amp;nbsp;&amp;nbsp;&amp;nbsp;&amp;nbsp;&amp;nbsp;&amp;nbsp;&amp;nbsp;&amp;nbsp;foreach&amp;nbsp;(&lt;/span&gt;&lt;span style="color: var(--highlight-default)"&gt;$hookMethods&lt;/span&gt;&lt;span style="color: var(--highlight-keyword)"&gt;[&lt;/span&gt;&lt;span style="color: var(--highlight-string)"&gt;'preCondition'&lt;/span&gt;&lt;span style="color: var(--highlight-keyword)"&gt;]&amp;nbsp;as&amp;nbsp;&lt;/span&gt;&lt;span style="color: var(--highlight-default)"&gt;$method&lt;/span&gt;&lt;span style="color: var(--highlight-keyword)"&gt;)&amp;nbsp;{&lt;/span&gt;&lt;/code&gt;&lt;/li&gt;
&lt;li&gt;&lt;code&gt;&lt;span style="color: var(--highlight-keyword)"&gt;&amp;nbsp;&amp;nbsp;&amp;nbsp;&amp;nbsp;&amp;nbsp;&amp;nbsp;&amp;nbsp;&amp;nbsp;&amp;nbsp;&amp;nbsp;&amp;nbsp;&amp;nbsp;&amp;nbsp;&amp;nbsp;&amp;nbsp;&amp;nbsp;&lt;/span&gt;&lt;span style="color: var(--highlight-default)"&gt;$this&lt;/span&gt;&lt;span style="color: var(--highlight-keyword)"&gt;-&amp;gt;{&lt;/span&gt;&lt;span style="color: var(--highlight-default)"&gt;$method&lt;/span&gt;&lt;span style="color: var(--highlight-keyword)"&gt;}();&lt;/span&gt;&lt;/code&gt;&lt;/li&gt;
&lt;li&gt;&lt;code&gt;&lt;span style="color: var(--highlight-keyword)"&gt;&amp;nbsp;&amp;nbsp;&amp;nbsp;&amp;nbsp;&amp;nbsp;&amp;nbsp;&amp;nbsp;&amp;nbsp;&amp;nbsp;&amp;nbsp;&amp;nbsp;&amp;nbsp;}&lt;/span&gt;&lt;/code&gt;&lt;/li&gt;
&lt;li&gt;&lt;code&gt;&lt;span style="color: var(--highlight-keyword)"&gt;&lt;/span&gt;&lt;/code&gt;&lt;/li&gt;
&lt;li class="selected"&gt;&lt;code&gt;&lt;span style="color: var(--highlight-keyword)"&gt;&amp;nbsp;&amp;nbsp;&amp;nbsp;&amp;nbsp;&amp;nbsp;&amp;nbsp;&amp;nbsp;&amp;nbsp;&amp;nbsp;&amp;nbsp;&amp;nbsp;&amp;nbsp;&lt;/span&gt;&lt;span style="color: var(--highlight-default)"&gt;$this&lt;/span&gt;&lt;span style="color: var(--highlight-keyword)"&gt;-&amp;gt;&lt;/span&gt;&lt;span style="color: var(--highlight-default)"&gt;testResult&amp;nbsp;&lt;/span&gt;&lt;span style="color: var(--highlight-keyword)"&gt;=&amp;nbsp;&lt;/span&gt;&lt;span style="color: var(--highlight-default)"&gt;$this&lt;/span&gt;&lt;span style="color: var(--highlight-keyword)"&gt;-&amp;gt;&lt;/span&gt;&lt;span style="color: var(--highlight-default)"&gt;runTest&lt;/span&gt;&lt;span style="color: var(--highlight-keyword)"&gt;();&lt;/span&gt;&lt;/code&gt;&lt;/li&gt;
&lt;li&gt;&lt;code&gt;&lt;span style="color: var(--highlight-keyword)"&gt;&amp;nbsp;&amp;nbsp;&amp;nbsp;&amp;nbsp;&amp;nbsp;&amp;nbsp;&amp;nbsp;&amp;nbsp;&amp;nbsp;&amp;nbsp;&amp;nbsp;&amp;nbsp;&lt;/span&gt;&lt;span style="color: var(--highlight-default)"&gt;$this&lt;/span&gt;&lt;span style="color: var(--highlight-keyword)"&gt;-&amp;gt;&lt;/span&gt;&lt;span style="color: var(--highlight-default)"&gt;verifyMockObjects&lt;/span&gt;&lt;span style="color: var(--highlight-keyword)"&gt;();&lt;/span&gt;&lt;/code&gt;&lt;/li&gt;
&lt;li&gt;&lt;code&gt;&lt;span style="color: var(--highlight-keyword)"&gt;&lt;/span&gt;&lt;/code&gt;&lt;/li&gt;
&lt;li&gt;&lt;code&gt;&lt;span style="color: var(--highlight-keyword)"&gt;&amp;nbsp;&amp;nbsp;&amp;nbsp;&amp;nbsp;&amp;nbsp;&amp;nbsp;&amp;nbsp;&amp;nbsp;&amp;nbsp;&amp;nbsp;&amp;nbsp;&amp;nbsp;foreach&amp;nbsp;(&lt;/span&gt;&lt;span style="color: var(--highlight-default)"&gt;$hookMethods&lt;/span&gt;&lt;span style="color: var(--highlight-keyword)"&gt;[&lt;/span&gt;&lt;span style="color: var(--highlight-string)"&gt;'postCondition'&lt;/span&gt;&lt;span style="color: var(--highlight-keyword)"&gt;]&amp;nbsp;as&amp;nbsp;&lt;/span&gt;&lt;span style="color: var(--highlight-default)"&gt;$method&lt;/span&gt;&lt;span style="color: var(--highlight-keyword)"&gt;)&amp;nbsp;{&lt;/span&gt;&lt;/code&gt;&lt;/li&gt;
&lt;li&gt;&lt;code&gt;&lt;span style="color: var(--highlight-keyword)"&gt;&amp;nbsp;&amp;nbsp;&amp;nbsp;&amp;nbsp;&amp;nbsp;&amp;nbsp;&amp;nbsp;&amp;nbsp;&amp;nbsp;&amp;nbsp;&amp;nbsp;&amp;nbsp;&amp;nbsp;&amp;nbsp;&amp;nbsp;&amp;nbsp;&lt;/span&gt;&lt;span style="color: var(--highlight-default)"&gt;$this&lt;/span&gt;&lt;span style="color: var(--highlight-keyword)"&gt;-&amp;gt;{&lt;/span&gt;&lt;span style="color: var(--highlight-default)"&gt;$method&lt;/span&gt;&lt;span style="color: var(--highlight-keyword)"&gt;}();&lt;/span&gt;&lt;/code&gt;&lt;/li&gt;
&lt;li&gt;&lt;code&gt;&lt;span style="color: var(--highlight-keyword)"&gt;&amp;nbsp;&amp;nbsp;&amp;nbsp;&amp;nbsp;&amp;nbsp;&amp;nbsp;&amp;nbsp;&amp;nbsp;&amp;nbsp;&amp;nbsp;&amp;nbsp;&amp;nbsp;}&lt;/span&gt;&lt;/code&gt;&lt;/li&gt;&lt;/ol&gt;    &lt;/div&gt;            &lt;/div&gt;
                        &lt;div class="trace-line "&gt;
                &lt;div class="trace-line-header break-long-words sf-toggle" data-toggle-selector="#trace-html-1-14" data-toggle-initial=""&gt;
            &lt;span class="icon icon-close"&gt;&lt;svg width="1792" height="1792" viewBox="0 0 1792 1792" xmlns="http://www.w3.org/2000/svg"&gt;&lt;path d="M1408 960V832q0-26-19-45t-45-19H448q-26 0-45 19t-19 45v128q0 26 19 45t45 19h896q26 0 45-19t19-45zm256-544v960q0 119-84.5 203.5T1376 1664H416q-119 0-203.5-84.5T128 1376V416q0-119 84.5-203.5T416 128h960q119 0 203.5 84.5T1664 416z"/&gt;&lt;/svg&gt;&lt;/span&gt;
        &lt;span class="icon icon-open"&gt;&lt;svg width="1792" height="1792" viewBox="0 0 1792 1792" xmlns="http://www.w3.org/2000/svg"&gt;&lt;path d="M1408 960V832q0-26-19-45t-45-19h-320V448q0-26-19-45t-45-19H832q-26 0-45 19t-19 45v320H448q-26 0-45 19t-19 45v128q0 26 19 45t45 19h320v320q0 26 19 45t45 19h128q26 0 45-19t19-45v-320h320q26 0 45-19t19-45zm256-544v960q0 119-84.5 203.5T1376 1664H416q-119 0-203.5-84.5T128 1376V416q0-119 84.5-203.5T416 128h960q119 0 203.5 84.5T1664 416z"/&gt;&lt;/svg&gt;&lt;/span&gt;
    
            &lt;span class="trace-class"&gt;&lt;abbr title="PHPUnit\Framework\TestCase"&gt;TestCase&lt;/abbr&gt;&lt;/span&gt;&lt;span class="trace-type"&gt;-&gt;&lt;/span&gt;&lt;span class="trace-method"&gt;runBare&lt;/span&gt;&lt;span class="trace-arguments"&gt;()&lt;/span&gt;    
                    &lt;span class="block trace-file-path"&gt;
            in
            &lt;a href="file://C:\Users\sliti\Desktop\dev\esprit-PIDEV-3A16-2526-FARMIA\vendor\phpunit\phpunit\src\Framework\TestResult.php#L729"&gt;
                C:\Users\sliti\Desktop\dev\esprit-PIDEV-3A16-2526-FARMIA\vendor\phpunit\phpunit\src\Framework\&lt;strong&gt;TestResult.php&lt;/strong&gt;
            &lt;/a&gt;
                        (line 729)
            &lt;span class="icon icon-copy hidden" data-clipboard-text="C:\Users\sliti\Desktop\dev\esprit-PIDEV-3A16-2526-FARMIA\vendor\phpunit\phpunit\src\Framework\TestResult.php:729"&gt;
                &lt;svg xmlns="http://www.w3.org/2000/svg" height="24" viewBox="0 0 24 24" width="24"&gt;&lt;path d="M0 0h24v24H0z" fill="none"/&gt;&lt;path d="M16 1H4c-1.1 0-2 .9-2 2v14h2V3h12V1zm3 4H8c-1.1 0-2 .9-2 2v14c0 1.1.9 2 2 2h11c1.1 0 2-.9 2-2V7c0-1.1-.9-2-2-2zm0 16H8V7h11v14z"/&gt;&lt;/svg&gt;            &lt;/span&gt;
        &lt;/span&gt;
    &lt;/div&gt;
    &lt;div id="trace-html-1-14" class="trace-code sf-toggle-content"&gt;
        &lt;ol start="724"&gt;&lt;li&gt;&lt;code&gt;&lt;span style="color: var(--highlight-keyword)"&gt;&amp;nbsp;&amp;nbsp;&amp;nbsp;&amp;nbsp;&amp;nbsp;&amp;nbsp;&amp;nbsp;&amp;nbsp;&amp;nbsp;&amp;nbsp;&amp;nbsp;&amp;nbsp;&amp;nbsp;&amp;nbsp;&amp;nbsp;&amp;nbsp;&amp;nbsp;&amp;nbsp;&amp;nbsp;&amp;nbsp;&amp;nbsp;&amp;nbsp;&amp;nbsp;&amp;nbsp;&lt;/span&gt;&lt;span style="color: var(--highlight-default)"&gt;$_timeout&amp;nbsp;&lt;/span&gt;&lt;span style="color: var(--highlight-keyword)"&gt;=&amp;nbsp;&lt;/span&gt;&lt;span style="color: var(--highlight-default)"&gt;$this&lt;/span&gt;&lt;span style="color: var(--highlight-keyword)"&gt;-&amp;gt;&lt;/span&gt;&lt;span style="color: var(--highlight-default)"&gt;defaultTimeLimit&lt;/span&gt;&lt;span style="color: var(--highlight-keyword)"&gt;;&lt;/span&gt;&lt;/code&gt;&lt;/li&gt;
&lt;li&gt;&lt;code&gt;&lt;span style="color: var(--highlight-keyword)"&gt;&amp;nbsp;&amp;nbsp;&amp;nbsp;&amp;nbsp;&amp;nbsp;&amp;nbsp;&amp;nbsp;&amp;nbsp;&amp;nbsp;&amp;nbsp;&amp;nbsp;&amp;nbsp;&amp;nbsp;&amp;nbsp;&amp;nbsp;&amp;nbsp;}&lt;/span&gt;&lt;/code&gt;&lt;/li&gt;
&lt;li&gt;&lt;code&gt;&lt;span style="color: var(--highlight-keyword)"&gt;&lt;/span&gt;&lt;/code&gt;&lt;/li&gt;
&lt;li&gt;&lt;code&gt;&lt;span style="color: var(--highlight-keyword)"&gt;&amp;nbsp;&amp;nbsp;&amp;nbsp;&amp;nbsp;&amp;nbsp;&amp;nbsp;&amp;nbsp;&amp;nbsp;&amp;nbsp;&amp;nbsp;&amp;nbsp;&amp;nbsp;&amp;nbsp;&amp;nbsp;&amp;nbsp;&amp;nbsp;&lt;/span&gt;&lt;span style="color: var(--highlight-default)"&gt;$invoker&lt;/span&gt;&lt;span style="color: var(--highlight-keyword)"&gt;-&amp;gt;&lt;/span&gt;&lt;span style="color: var(--highlight-default)"&gt;invoke&lt;/span&gt;&lt;span style="color: var(--highlight-keyword)"&gt;([&lt;/span&gt;&lt;span style="color: var(--highlight-default)"&gt;$test&lt;/span&gt;&lt;span style="color: var(--highlight-keyword)"&gt;,&amp;nbsp;&lt;/span&gt;&lt;span style="color: var(--highlight-string)"&gt;'runBare'&lt;/span&gt;&lt;span style="color: var(--highlight-keyword)"&gt;],&amp;nbsp;[],&amp;nbsp;&lt;/span&gt;&lt;span style="color: var(--highlight-default)"&gt;$_timeout&lt;/span&gt;&lt;span style="color: var(--highlight-keyword)"&gt;);&lt;/span&gt;&lt;/code&gt;&lt;/li&gt;
&lt;li&gt;&lt;code&gt;&lt;span style="color: var(--highlight-keyword)"&gt;&amp;nbsp;&amp;nbsp;&amp;nbsp;&amp;nbsp;&amp;nbsp;&amp;nbsp;&amp;nbsp;&amp;nbsp;&amp;nbsp;&amp;nbsp;&amp;nbsp;&amp;nbsp;}&amp;nbsp;else&amp;nbsp;{&lt;/span&gt;&lt;/code&gt;&lt;/li&gt;
&lt;li class="selected"&gt;&lt;code&gt;&lt;span style="color: var(--highlight-keyword)"&gt;&amp;nbsp;&amp;nbsp;&amp;nbsp;&amp;nbsp;&amp;nbsp;&amp;nbsp;&amp;nbsp;&amp;nbsp;&amp;nbsp;&amp;nbsp;&amp;nbsp;&amp;nbsp;&amp;nbsp;&amp;nbsp;&amp;nbsp;&amp;nbsp;&lt;/span&gt;&lt;span style="color: var(--highlight-default)"&gt;$test&lt;/span&gt;&lt;span style="color: var(--highlight-keyword)"&gt;-&amp;gt;&lt;/span&gt;&lt;span style="color: var(--highlight-default)"&gt;runBare&lt;/span&gt;&lt;span style="color: var(--highlight-keyword)"&gt;();&lt;/span&gt;&lt;/code&gt;&lt;/li&gt;
&lt;li&gt;&lt;code&gt;&lt;span style="color: var(--highlight-keyword)"&gt;&amp;nbsp;&amp;nbsp;&amp;nbsp;&amp;nbsp;&amp;nbsp;&amp;nbsp;&amp;nbsp;&amp;nbsp;&amp;nbsp;&amp;nbsp;&amp;nbsp;&amp;nbsp;}&lt;/span&gt;&lt;/code&gt;&lt;/li&gt;
&lt;li&gt;&lt;code&gt;&lt;span style="color: var(--highlight-keyword)"&gt;&amp;nbsp;&amp;nbsp;&amp;nbsp;&amp;nbsp;&amp;nbsp;&amp;nbsp;&amp;nbsp;&amp;nbsp;}&amp;nbsp;catch&amp;nbsp;(&lt;/span&gt;&lt;span style="color: var(--highlight-default)"&gt;TimeoutException&amp;nbsp;$e&lt;/span&gt;&lt;span style="color: var(--highlight-keyword)"&gt;)&amp;nbsp;{&lt;/span&gt;&lt;/code&gt;&lt;/li&gt;
&lt;li&gt;&lt;code&gt;&lt;span style="color: var(--highlight-keyword)"&gt;&amp;nbsp;&amp;nbsp;&amp;nbsp;&amp;nbsp;&amp;nbsp;&amp;nbsp;&amp;nbsp;&amp;nbsp;&amp;nbsp;&amp;nbsp;&amp;nbsp;&amp;nbsp;&lt;/span&gt;&lt;span style="color: var(--highlight-default)"&gt;$this&lt;/span&gt;&lt;span style="color: var(--highlight-keyword)"&gt;-&amp;gt;&lt;/span&gt;&lt;span style="color: var(--highlight-default)"&gt;addFailure&lt;/span&gt;&lt;span style="color: var(--highlight-keyword)"&gt;(&lt;/span&gt;&lt;/code&gt;&lt;/li&gt;
&lt;li&gt;&lt;code&gt;&lt;span style="color: var(--highlight-keyword)"&gt;&amp;nbsp;&amp;nbsp;&amp;nbsp;&amp;nbsp;&amp;nbsp;&amp;nbsp;&amp;nbsp;&amp;nbsp;&amp;nbsp;&amp;nbsp;&amp;nbsp;&amp;nbsp;&amp;nbsp;&amp;nbsp;&amp;nbsp;&amp;nbsp;&lt;/span&gt;&lt;span style="color: var(--highlight-default)"&gt;$test&lt;/span&gt;&lt;span style="color: var(--highlight-keyword)"&gt;,&lt;/span&gt;&lt;/code&gt;&lt;/li&gt;
&lt;li&gt;&lt;code&gt;&lt;span style="color: var(--highlight-keyword)"&gt;&amp;nbsp;&amp;nbsp;&amp;nbsp;&amp;nbsp;&amp;nbsp;&amp;nbsp;&amp;nbsp;&amp;nbsp;&amp;nbsp;&amp;nbsp;&amp;nbsp;&amp;nbsp;&amp;nbsp;&amp;nbsp;&amp;nbsp;&amp;nbsp;new&amp;nbsp;&lt;/span&gt;&lt;span style="color: var(--highlight-default)"&gt;RiskyTestError&lt;/span&gt;&lt;span style="color: var(--highlight-keyword)"&gt;(&lt;/span&gt;&lt;/code&gt;&lt;/li&gt;&lt;/ol&gt;    &lt;/div&gt;            &lt;/div&gt;
                        &lt;div class="trace-line "&gt;
                &lt;div class="trace-line-header break-long-words sf-toggle" data-toggle-selector="#trace-html-1-15" data-toggle-initial=""&gt;
            &lt;span class="icon icon-close"&gt;&lt;svg width="1792" height="1792" viewBox="0 0 1792 1792" xmlns="http://www.w3.org/2000/svg"&gt;&lt;path d="M1408 960V832q0-26-19-45t-45-19H448q-26 0-45 19t-19 45v128q0 26 19 45t45 19h896q26 0 45-19t19-45zm256-544v960q0 119-84.5 203.5T1376 1664H416q-119 0-203.5-84.5T128 1376V416q0-119 84.5-203.5T416 128h960q119 0 203.5 84.5T1664 416z"/&gt;&lt;/svg&gt;&lt;/span&gt;
        &lt;span class="icon icon-open"&gt;&lt;svg width="1792" height="1792" viewBox="0 0 1792 1792" xmlns="http://www.w3.org/2000/svg"&gt;&lt;path d="M1408 960V832q0-26-19-45t-45-19h-320V448q0-26-19-45t-45-19H832q-26 0-45 19t-19 45v320H448q-26 0-45 19t-19 45v128q0 26 19 45t45 19h320v320q0 26 19 45t45 19h128q26 0 45-19t19-45v-320h320q26 0 45-19t19-45zm256-544v960q0 119-84.5 203.5T1376 1664H416q-119 0-203.5-84.5T128 1376V416q0-119 84.5-203.5T416 128h960q119 0 203.5 84.5T1664 416z"/&gt;&lt;/svg&gt;&lt;/span&gt;
    
            &lt;span class="trace-class"&gt;&lt;abbr title="PHPUnit\Framework\TestResult"&gt;TestResult&lt;/abbr&gt;&lt;/span&gt;&lt;span class="trace-type"&gt;-&gt;&lt;/span&gt;&lt;span class="trace-method"&gt;run&lt;/span&gt;&lt;span class="trace-arguments"&gt;(&lt;em&gt;object&lt;/em&gt;(&lt;abbr title="App\Tests\Functional\Controller\ExpertConseilControllerTest"&gt;ExpertConseilControllerTest&lt;/abbr&gt;))&lt;/span&gt;    
                    &lt;span class="block trace-file-path"&gt;
            in
            &lt;a href="file://C:\Users\sliti\Desktop\dev\esprit-PIDEV-3A16-2526-FARMIA\vendor\phpunit\phpunit\src\Framework\TestCase.php#L973"&gt;
                C:\Users\sliti\Desktop\dev\esprit-PIDEV-3A16-2526-FARMIA\vendor\phpunit\phpunit\src\Framework\&lt;strong&gt;TestCase.php&lt;/strong&gt;
            &lt;/a&gt;
                        (line 973)
            &lt;span class="icon icon-copy hidden" data-clipboard-text="C:\Users\sliti\Desktop\dev\esprit-PIDEV-3A16-2526-FARMIA\vendor\phpunit\phpunit\src\Framework\TestCase.php:973"&gt;
                &lt;svg xmlns="http://www.w3.org/2000/svg" height="24" viewBox="0 0 24 24" width="24"&gt;&lt;path d="M0 0h24v24H0z" fill="none"/&gt;&lt;path d="M16 1H4c-1.1 0-2 .9-2 2v14h2V3h12V1zm3 4H8c-1.1 0-2 .9-2 2v14c0 1.1.9 2 2 2h11c1.1 0 2-.9 2-2V7c0-1.1-.9-2-2-2zm0 16H8V7h11v14z"/&gt;&lt;/svg&gt;            &lt;/span&gt;
        &lt;/span&gt;
    &lt;/div&gt;
    &lt;div id="trace-html-1-15" class="trace-code sf-toggle-content"&gt;
        &lt;ol start="968"&gt;&lt;li&gt;&lt;code&gt;&lt;span style="color: var(--highlight-keyword)"&gt;&amp;nbsp;&amp;nbsp;&amp;nbsp;&amp;nbsp;&amp;nbsp;&amp;nbsp;&amp;nbsp;&amp;nbsp;&amp;nbsp;&amp;nbsp;&amp;nbsp;&amp;nbsp;&lt;/span&gt;&lt;span style="color: var(--highlight-default)"&gt;$template&lt;/span&gt;&lt;span style="color: var(--highlight-keyword)"&gt;-&amp;gt;&lt;/span&gt;&lt;span style="color: var(--highlight-default)"&gt;setVar&lt;/span&gt;&lt;span style="color: var(--highlight-keyword)"&gt;(&lt;/span&gt;&lt;span style="color: var(--highlight-default)"&gt;$var&lt;/span&gt;&lt;span style="color: var(--highlight-keyword)"&gt;);&lt;/span&gt;&lt;/code&gt;&lt;/li&gt;
&lt;li&gt;&lt;code&gt;&lt;span style="color: var(--highlight-keyword)"&gt;&lt;/span&gt;&lt;/code&gt;&lt;/li&gt;
&lt;li&gt;&lt;code&gt;&lt;span style="color: var(--highlight-keyword)"&gt;&amp;nbsp;&amp;nbsp;&amp;nbsp;&amp;nbsp;&amp;nbsp;&amp;nbsp;&amp;nbsp;&amp;nbsp;&amp;nbsp;&amp;nbsp;&amp;nbsp;&amp;nbsp;&lt;/span&gt;&lt;span style="color: var(--highlight-default)"&gt;$php&amp;nbsp;&lt;/span&gt;&lt;span style="color: var(--highlight-keyword)"&gt;=&amp;nbsp;&lt;/span&gt;&lt;span style="color: var(--highlight-default)"&gt;AbstractPhpProcess&lt;/span&gt;&lt;span style="color: var(--highlight-keyword)"&gt;::&lt;/span&gt;&lt;span style="color: var(--highlight-default)"&gt;factory&lt;/span&gt;&lt;span style="color: var(--highlight-keyword)"&gt;();&lt;/span&gt;&lt;/code&gt;&lt;/li&gt;
&lt;li&gt;&lt;code&gt;&lt;span style="color: var(--highlight-keyword)"&gt;&amp;nbsp;&amp;nbsp;&amp;nbsp;&amp;nbsp;&amp;nbsp;&amp;nbsp;&amp;nbsp;&amp;nbsp;&amp;nbsp;&amp;nbsp;&amp;nbsp;&amp;nbsp;&lt;/span&gt;&lt;span style="color: var(--highlight-default)"&gt;$php&lt;/span&gt;&lt;span style="color: var(--highlight-keyword)"&gt;-&amp;gt;&lt;/span&gt;&lt;span style="color: var(--highlight-default)"&gt;runTestJob&lt;/span&gt;&lt;span style="color: var(--highlight-keyword)"&gt;(&lt;/span&gt;&lt;span style="color: var(--highlight-default)"&gt;$template&lt;/span&gt;&lt;span style="color: var(--highlight-keyword)"&gt;-&amp;gt;&lt;/span&gt;&lt;span style="color: var(--highlight-default)"&gt;render&lt;/span&gt;&lt;span style="color: var(--highlight-keyword)"&gt;(),&amp;nbsp;&lt;/span&gt;&lt;span style="color: var(--highlight-default)"&gt;$this&lt;/span&gt;&lt;span style="color: var(--highlight-keyword)"&gt;,&amp;nbsp;&lt;/span&gt;&lt;span style="color: var(--highlight-default)"&gt;$result&lt;/span&gt;&lt;span style="color: var(--highlight-keyword)"&gt;,&amp;nbsp;&lt;/span&gt;&lt;span style="color: var(--highlight-default)"&gt;$processResultFile&lt;/span&gt;&lt;span style="color: var(--highlight-keyword)"&gt;);&lt;/span&gt;&lt;/code&gt;&lt;/li&gt;
&lt;li&gt;&lt;code&gt;&lt;span style="color: var(--highlight-keyword)"&gt;&amp;nbsp;&amp;nbsp;&amp;nbsp;&amp;nbsp;&amp;nbsp;&amp;nbsp;&amp;nbsp;&amp;nbsp;}&amp;nbsp;else&amp;nbsp;{&lt;/span&gt;&lt;/code&gt;&lt;/li&gt;
&lt;li class="selected"&gt;&lt;code&gt;&lt;span style="color: var(--highlight-keyword)"&gt;&amp;nbsp;&amp;nbsp;&amp;nbsp;&amp;nbsp;&amp;nbsp;&amp;nbsp;&amp;nbsp;&amp;nbsp;&amp;nbsp;&amp;nbsp;&amp;nbsp;&amp;nbsp;&lt;/span&gt;&lt;span style="color: var(--highlight-default)"&gt;$result&lt;/span&gt;&lt;span style="color: var(--highlight-keyword)"&gt;-&amp;gt;&lt;/span&gt;&lt;span style="color: var(--highlight-default)"&gt;run&lt;/span&gt;&lt;span style="color: var(--highlight-keyword)"&gt;(&lt;/span&gt;&lt;span style="color: var(--highlight-default)"&gt;$this&lt;/span&gt;&lt;span style="color: var(--highlight-keyword)"&gt;);&lt;/span&gt;&lt;/code&gt;&lt;/li&gt;
&lt;li&gt;&lt;code&gt;&lt;span style="color: var(--highlight-keyword)"&gt;&amp;nbsp;&amp;nbsp;&amp;nbsp;&amp;nbsp;&amp;nbsp;&amp;nbsp;&amp;nbsp;&amp;nbsp;}&lt;/span&gt;&lt;/code&gt;&lt;/li&gt;
&lt;li&gt;&lt;code&gt;&lt;span style="color: var(--highlight-keyword)"&gt;&lt;/span&gt;&lt;/code&gt;&lt;/li&gt;
&lt;li&gt;&lt;code&gt;&lt;span style="color: var(--highlight-keyword)"&gt;&amp;nbsp;&amp;nbsp;&amp;nbsp;&amp;nbsp;&amp;nbsp;&amp;nbsp;&amp;nbsp;&amp;nbsp;&lt;/span&gt;&lt;span style="color: var(--highlight-default)"&gt;$this&lt;/span&gt;&lt;span style="color: var(--highlight-keyword)"&gt;-&amp;gt;&lt;/span&gt;&lt;span style="color: var(--highlight-default)"&gt;result&amp;nbsp;&lt;/span&gt;&lt;span style="color: var(--highlight-keyword)"&gt;=&amp;nbsp;&lt;/span&gt;&lt;span style="color: var(--highlight-default)"&gt;null&lt;/span&gt;&lt;span style="color: var(--highlight-keyword)"&gt;;&lt;/span&gt;&lt;/code&gt;&lt;/li&gt;
&lt;li&gt;&lt;code&gt;&lt;span style="color: var(--highlight-keyword)"&gt;&lt;/span&gt;&lt;/code&gt;&lt;/li&gt;
&lt;li&gt;&lt;code&gt;&lt;span style="color: var(--highlight-keyword)"&gt;&amp;nbsp;&amp;nbsp;&amp;nbsp;&amp;nbsp;&amp;nbsp;&amp;nbsp;&amp;nbsp;&amp;nbsp;return&amp;nbsp;&lt;/span&gt;&lt;span style="color: var(--highlight-default)"&gt;$result&lt;/span&gt;&lt;span style="color: var(--highlight-keyword)"&gt;;&lt;/span&gt;&lt;/code&gt;&lt;/li&gt;&lt;/ol&gt;    &lt;/div&gt;            &lt;/div&gt;
                        &lt;div class="trace-line "&gt;
                &lt;div class="trace-line-header break-long-words sf-toggle" data-toggle-selector="#trace-html-1-16" data-toggle-initial=""&gt;
            &lt;span class="icon icon-close"&gt;&lt;svg width="1792" height="1792" viewBox="0 0 1792 1792" xmlns="http://www.w3.org/2000/svg"&gt;&lt;path d="M1408 960V832q0-26-19-45t-45-19H448q-26 0-45 19t-19 45v128q0 26 19 45t45 19h896q26 0 45-19t19-45zm256-544v960q0 119-84.5 203.5T1376 1664H416q-119 0-203.5-84.5T128 1376V416q0-119 84.5-203.5T416 128h960q119 0 203.5 84.5T1664 416z"/&gt;&lt;/svg&gt;&lt;/span&gt;
        &lt;span class="icon icon-open"&gt;&lt;svg width="1792" height="1792" viewBox="0 0 1792 1792" xmlns="http://www.w3.org/2000/svg"&gt;&lt;path d="M1408 960V832q0-26-19-45t-45-19h-320V448q0-26-19-45t-45-19H832q-26 0-45 19t-19 45v320H448q-26 0-45 19t-19 45v128q0 26 19 45t45 19h320v320q0 26 19 45t45 19h128q26 0 45-19t19-45v-320h320q26 0 45-19t19-45zm256-544v960q0 119-84.5 203.5T1376 1664H416q-119 0-203.5-84.5T128 1376V416q0-119 84.5-203.5T416 128h960q119 0 203.5 84.5T1664 416z"/&gt;&lt;/svg&gt;&lt;/span&gt;
    
            &lt;span class="trace-class"&gt;&lt;abbr title="PHPUnit\Framework\TestCase"&gt;TestCase&lt;/abbr&gt;&lt;/span&gt;&lt;span class="trace-type"&gt;-&gt;&lt;/span&gt;&lt;span class="trace-method"&gt;run&lt;/span&gt;&lt;span class="trace-arguments"&gt;(&lt;em&gt;object&lt;/em&gt;(&lt;abbr title="PHPUnit\Framework\TestResult"&gt;TestResult&lt;/abbr&gt;))&lt;/span&gt;    
                    &lt;span class="block trace-file-path"&gt;
            in
            &lt;a href="file://C:\Users\sliti\Desktop\dev\esprit-PIDEV-3A16-2526-FARMIA\vendor\phpunit\phpunit\src\Framework\TestSuite.php#L685"&gt;
                C:\Users\sliti\Desktop\dev\esprit-PIDEV-3A16-2526-FARMIA\vendor\phpunit\phpunit\src\Framework\&lt;strong&gt;TestSuite.php&lt;/strong&gt;
            &lt;/a&gt;
                        (line 685)
            &lt;span class="icon icon-copy hidden" data-clipboard-text="C:\Users\sliti\Desktop\dev\esprit-PIDEV-3A16-2526-FARMIA\vendor\phpunit\phpunit\src\Framework\TestSuite.php:685"&gt;
                &lt;svg xmlns="http://www.w3.org/2000/svg" height="24" viewBox="0 0 24 24" width="24"&gt;&lt;path d="M0 0h24v24H0z" fill="none"/&gt;&lt;path d="M16 1H4c-1.1 0-2 .9-2 2v14h2V3h12V1zm3 4H8c-1.1 0-2 .9-2 2v14c0 1.1.9 2 2 2h11c1.1 0 2-.9 2-2V7c0-1.1-.9-2-2-2zm0 16H8V7h11v14z"/&gt;&lt;/svg&gt;            &lt;/span&gt;
        &lt;/span&gt;
    &lt;/div&gt;
    &lt;div id="trace-html-1-16" class="trace-code sf-toggle-content"&gt;
        &lt;ol start="680"&gt;&lt;li&gt;&lt;code&gt;&lt;span style="color: var(--highlight-keyword)"&gt;&amp;nbsp;&amp;nbsp;&amp;nbsp;&amp;nbsp;&amp;nbsp;&amp;nbsp;&amp;nbsp;&amp;nbsp;&amp;nbsp;&amp;nbsp;&amp;nbsp;&amp;nbsp;&amp;nbsp;&amp;nbsp;&amp;nbsp;&amp;nbsp;&lt;/span&gt;&lt;span style="color: var(--highlight-default)"&gt;$test&lt;/span&gt;&lt;span style="color: var(--highlight-keyword)"&gt;-&amp;gt;&lt;/span&gt;&lt;span style="color: var(--highlight-default)"&gt;setBackupGlobals&lt;/span&gt;&lt;span style="color: var(--highlight-keyword)"&gt;(&lt;/span&gt;&lt;span style="color: var(--highlight-default)"&gt;$this&lt;/span&gt;&lt;span style="color: var(--highlight-keyword)"&gt;-&amp;gt;&lt;/span&gt;&lt;span style="color: var(--highlight-default)"&gt;backupGlobals&lt;/span&gt;&lt;span style="color: var(--highlight-keyword)"&gt;);&lt;/span&gt;&lt;/code&gt;&lt;/li&gt;
&lt;li&gt;&lt;code&gt;&lt;span style="color: var(--highlight-keyword)"&gt;&amp;nbsp;&amp;nbsp;&amp;nbsp;&amp;nbsp;&amp;nbsp;&amp;nbsp;&amp;nbsp;&amp;nbsp;&amp;nbsp;&amp;nbsp;&amp;nbsp;&amp;nbsp;&amp;nbsp;&amp;nbsp;&amp;nbsp;&amp;nbsp;&lt;/span&gt;&lt;span style="color: var(--highlight-default)"&gt;$test&lt;/span&gt;&lt;span style="color: var(--highlight-keyword)"&gt;-&amp;gt;&lt;/span&gt;&lt;span style="color: var(--highlight-default)"&gt;setBackupStaticAttributes&lt;/span&gt;&lt;span style="color: var(--highlight-keyword)"&gt;(&lt;/span&gt;&lt;span style="color: var(--highlight-default)"&gt;$this&lt;/span&gt;&lt;span style="color: var(--highlight-keyword)"&gt;-&amp;gt;&lt;/span&gt;&lt;span style="color: var(--highlight-default)"&gt;backupStaticAttributes&lt;/span&gt;&lt;span style="color: var(--highlight-keyword)"&gt;);&lt;/span&gt;&lt;/code&gt;&lt;/li&gt;
&lt;li&gt;&lt;code&gt;&lt;span style="color: var(--highlight-keyword)"&gt;&amp;nbsp;&amp;nbsp;&amp;nbsp;&amp;nbsp;&amp;nbsp;&amp;nbsp;&amp;nbsp;&amp;nbsp;&amp;nbsp;&amp;nbsp;&amp;nbsp;&amp;nbsp;&amp;nbsp;&amp;nbsp;&amp;nbsp;&amp;nbsp;&lt;/span&gt;&lt;span style="color: var(--highlight-default)"&gt;$test&lt;/span&gt;&lt;span style="color: var(--highlight-keyword)"&gt;-&amp;gt;&lt;/span&gt;&lt;span style="color: var(--highlight-default)"&gt;setRunTestInSeparateProcess&lt;/span&gt;&lt;span style="color: var(--highlight-keyword)"&gt;(&lt;/span&gt;&lt;span style="color: var(--highlight-default)"&gt;$this&lt;/span&gt;&lt;span style="color: var(--highlight-keyword)"&gt;-&amp;gt;&lt;/span&gt;&lt;span style="color: var(--highlight-default)"&gt;runTestInSeparateProcess&lt;/span&gt;&lt;span style="color: var(--highlight-keyword)"&gt;);&lt;/span&gt;&lt;/code&gt;&lt;/li&gt;
&lt;li&gt;&lt;code&gt;&lt;span style="color: var(--highlight-keyword)"&gt;&amp;nbsp;&amp;nbsp;&amp;nbsp;&amp;nbsp;&amp;nbsp;&amp;nbsp;&amp;nbsp;&amp;nbsp;&amp;nbsp;&amp;nbsp;&amp;nbsp;&amp;nbsp;}&lt;/span&gt;&lt;/code&gt;&lt;/li&gt;
&lt;li&gt;&lt;code&gt;&lt;span style="color: var(--highlight-keyword)"&gt;&lt;/span&gt;&lt;/code&gt;&lt;/li&gt;
&lt;li class="selected"&gt;&lt;code&gt;&lt;span style="color: var(--highlight-keyword)"&gt;&amp;nbsp;&amp;nbsp;&amp;nbsp;&amp;nbsp;&amp;nbsp;&amp;nbsp;&amp;nbsp;&amp;nbsp;&amp;nbsp;&amp;nbsp;&amp;nbsp;&amp;nbsp;&lt;/span&gt;&lt;span style="color: var(--highlight-default)"&gt;$test&lt;/span&gt;&lt;span style="color: var(--highlight-keyword)"&gt;-&amp;gt;&lt;/span&gt;&lt;span style="color: var(--highlight-default)"&gt;run&lt;/span&gt;&lt;span style="color: var(--highlight-keyword)"&gt;(&lt;/span&gt;&lt;span style="color: var(--highlight-default)"&gt;$result&lt;/span&gt;&lt;span style="color: var(--highlight-keyword)"&gt;);&lt;/span&gt;&lt;/code&gt;&lt;/li&gt;
&lt;li&gt;&lt;code&gt;&lt;span style="color: var(--highlight-keyword)"&gt;&amp;nbsp;&amp;nbsp;&amp;nbsp;&amp;nbsp;&amp;nbsp;&amp;nbsp;&amp;nbsp;&amp;nbsp;}&lt;/span&gt;&lt;/code&gt;&lt;/li&gt;
&lt;li&gt;&lt;code&gt;&lt;span style="color: var(--highlight-keyword)"&gt;&lt;/span&gt;&lt;/code&gt;&lt;/li&gt;
&lt;li&gt;&lt;code&gt;&lt;span style="color: var(--highlight-keyword)"&gt;&amp;nbsp;&amp;nbsp;&amp;nbsp;&amp;nbsp;&amp;nbsp;&amp;nbsp;&amp;nbsp;&amp;nbsp;if&amp;nbsp;(&lt;/span&gt;&lt;span style="color: var(--highlight-default)"&gt;$this&lt;/span&gt;&lt;span style="color: var(--highlight-keyword)"&gt;-&amp;gt;&lt;/span&gt;&lt;span style="color: var(--highlight-default)"&gt;testCase&amp;nbsp;&lt;/span&gt;&lt;span style="color: var(--highlight-keyword)"&gt;&amp;amp;&amp;amp;&amp;nbsp;&lt;/span&gt;&lt;span style="color: var(--highlight-default)"&gt;class_exists&lt;/span&gt;&lt;span style="color: var(--highlight-keyword)"&gt;(&lt;/span&gt;&lt;span style="color: var(--highlight-default)"&gt;$this&lt;/span&gt;&lt;span style="color: var(--highlight-keyword)"&gt;-&amp;gt;&lt;/span&gt;&lt;span style="color: var(--highlight-default)"&gt;name&lt;/span&gt;&lt;span style="color: var(--highlight-keyword)"&gt;,&amp;nbsp;&lt;/span&gt;&lt;span style="color: var(--highlight-default)"&gt;false&lt;/span&gt;&lt;span style="color: var(--highlight-keyword)"&gt;))&amp;nbsp;{&lt;/span&gt;&lt;/code&gt;&lt;/li&gt;
&lt;li&gt;&lt;code&gt;&lt;span style="color: var(--highlight-keyword)"&gt;&amp;nbsp;&amp;nbsp;&amp;nbsp;&amp;nbsp;&amp;nbsp;&amp;nbsp;&amp;nbsp;&amp;nbsp;&amp;nbsp;&amp;nbsp;&amp;nbsp;&amp;nbsp;foreach&amp;nbsp;(&lt;/span&gt;&lt;span style="color: var(--highlight-default)"&gt;$hookMethods&lt;/span&gt;&lt;span style="color: var(--highlight-keyword)"&gt;[&lt;/span&gt;&lt;span style="color: var(--highlight-string)"&gt;'afterClass'&lt;/span&gt;&lt;span style="color: var(--highlight-keyword)"&gt;]&amp;nbsp;as&amp;nbsp;&lt;/span&gt;&lt;span style="color: var(--highlight-default)"&gt;$afterClassMethod&lt;/span&gt;&lt;span style="color: var(--highlight-keyword)"&gt;)&amp;nbsp;{&lt;/span&gt;&lt;/code&gt;&lt;/li&gt;
&lt;li&gt;&lt;code&gt;&lt;span style="color: var(--highlight-keyword)"&gt;&amp;nbsp;&amp;nbsp;&amp;nbsp;&amp;nbsp;&amp;nbsp;&amp;nbsp;&amp;nbsp;&amp;nbsp;&amp;nbsp;&amp;nbsp;&amp;nbsp;&amp;nbsp;&amp;nbsp;&amp;nbsp;&amp;nbsp;&amp;nbsp;if&amp;nbsp;(&lt;/span&gt;&lt;span style="color: var(--highlight-default)"&gt;method_exists&lt;/span&gt;&lt;span style="color: var(--highlight-keyword)"&gt;(&lt;/span&gt;&lt;span style="color: var(--highlight-default)"&gt;$this&lt;/span&gt;&lt;span style="color: var(--highlight-keyword)"&gt;-&amp;gt;&lt;/span&gt;&lt;span style="color: var(--highlight-default)"&gt;name&lt;/span&gt;&lt;span style="color: var(--highlight-keyword)"&gt;,&amp;nbsp;&lt;/span&gt;&lt;span style="color: var(--highlight-default)"&gt;$afterClassMethod&lt;/span&gt;&lt;span style="color: var(--highlight-keyword)"&gt;))&amp;nbsp;{&lt;/span&gt;&lt;/code&gt;&lt;/li&gt;&lt;/ol&gt;    &lt;/div&gt;            &lt;/div&gt;
                        &lt;div class="trace-line "&gt;
                &lt;div class="trace-line-header break-long-words sf-toggle" data-toggle-selector="#trace-html-1-17" data-toggle-initial=""&gt;
            &lt;span class="icon icon-close"&gt;&lt;svg width="1792" height="1792" viewBox="0 0 1792 1792" xmlns="http://www.w3.org/2000/svg"&gt;&lt;path d="M1408 960V832q0-26-19-45t-45-19H448q-26 0-45 19t-19 45v128q0 26 19 45t45 19h896q26 0 45-19t19-45zm256-544v960q0 119-84.5 203.5T1376 1664H416q-119 0-203.5-84.5T128 1376V416q0-119 84.5-203.5T416 128h960q119 0 203.5 84.5T1664 416z"/&gt;&lt;/svg&gt;&lt;/span&gt;
        &lt;span class="icon icon-open"&gt;&lt;svg width="1792" height="1792" viewBox="0 0 1792 1792" xmlns="http://www.w3.org/2000/svg"&gt;&lt;path d="M1408 960V832q0-26-19-45t-45-19h-320V448q0-26-19-45t-45-19H832q-26 0-45 19t-19 45v320H448q-26 0-45 19t-19 45v128q0 26 19 45t45 19h320v320q0 26 19 45t45 19h128q26 0 45-19t19-45v-320h320q26 0 45-19t19-45zm256-544v960q0 119-84.5 203.5T1376 1664H416q-119 0-203.5-84.5T128 1376V416q0-119 84.5-203.5T416 128h960q119 0 203.5 84.5T1664 416z"/&gt;&lt;/svg&gt;&lt;/span&gt;
    
            &lt;span class="trace-class"&gt;&lt;abbr title="PHPUnit\Framework\TestSuite"&gt;TestSuite&lt;/abbr&gt;&lt;/span&gt;&lt;span class="trace-type"&gt;-&gt;&lt;/span&gt;&lt;span class="trace-method"&gt;run&lt;/span&gt;&lt;span class="trace-arguments"&gt;(&lt;em&gt;object&lt;/em&gt;(&lt;abbr title="PHPUnit\Framework\TestResult"&gt;TestResult&lt;/abbr&gt;))&lt;/span&gt;    
                    &lt;span class="block trace-file-path"&gt;
            in
            &lt;a href="file://C:\Users\sliti\Desktop\dev\esprit-PIDEV-3A16-2526-FARMIA\vendor\phpunit\phpunit\src\Framework\TestSuite.php#L685"&gt;
                C:\Users\sliti\Desktop\dev\esprit-PIDEV-3A16-2526-FARMIA\vendor\phpunit\phpunit\src\Framework\&lt;strong&gt;TestSuite.php&lt;/strong&gt;
            &lt;/a&gt;
                        (line 685)
            &lt;span class="icon icon-copy hidden" data-clipboard-text="C:\Users\sliti\Desktop\dev\esprit-PIDEV-3A16-2526-FARMIA\vendor\phpunit\phpunit\src\Framework\TestSuite.php:685"&gt;
                &lt;svg xmlns="http://www.w3.org/2000/svg" height="24" viewBox="0 0 24 24" width="24"&gt;&lt;path d="M0 0h24v24H0z" fill="none"/&gt;&lt;path d="M16 1H4c-1.1 0-2 .9-2 2v14h2V3h12V1zm3 4H8c-1.1 0-2 .9-2 2v14c0 1.1.9 2 2 2h11c1.1 0 2-.9 2-2V7c0-1.1-.9-2-2-2zm0 16H8V7h11v14z"/&gt;&lt;/svg&gt;            &lt;/span&gt;
        &lt;/span&gt;
    &lt;/div&gt;
    &lt;div id="trace-html-1-17" class="trace-code sf-toggle-content"&gt;
        &lt;ol start="680"&gt;&lt;li&gt;&lt;code&gt;&lt;span style="color: var(--highlight-keyword)"&gt;&amp;nbsp;&amp;nbsp;&amp;nbsp;&amp;nbsp;&amp;nbsp;&amp;nbsp;&amp;nbsp;&amp;nbsp;&amp;nbsp;&amp;nbsp;&amp;nbsp;&amp;nbsp;&amp;nbsp;&amp;nbsp;&amp;nbsp;&amp;nbsp;&lt;/span&gt;&lt;span style="color: var(--highlight-default)"&gt;$test&lt;/span&gt;&lt;span style="color: var(--highlight-keyword)"&gt;-&amp;gt;&lt;/span&gt;&lt;span style="color: var(--highlight-default)"&gt;setBackupGlobals&lt;/span&gt;&lt;span style="color: var(--highlight-keyword)"&gt;(&lt;/span&gt;&lt;span style="color: var(--highlight-default)"&gt;$this&lt;/span&gt;&lt;span style="color: var(--highlight-keyword)"&gt;-&amp;gt;&lt;/span&gt;&lt;span style="color: var(--highlight-default)"&gt;backupGlobals&lt;/span&gt;&lt;span style="color: var(--highlight-keyword)"&gt;);&lt;/span&gt;&lt;/code&gt;&lt;/li&gt;
&lt;li&gt;&lt;code&gt;&lt;span style="color: var(--highlight-keyword)"&gt;&amp;nbsp;&amp;nbsp;&amp;nbsp;&amp;nbsp;&amp;nbsp;&amp;nbsp;&amp;nbsp;&amp;nbsp;&amp;nbsp;&amp;nbsp;&amp;nbsp;&amp;nbsp;&amp;nbsp;&amp;nbsp;&amp;nbsp;&amp;nbsp;&lt;/span&gt;&lt;span style="color: var(--highlight-default)"&gt;$test&lt;/span&gt;&lt;span style="color: var(--highlight-keyword)"&gt;-&amp;gt;&lt;/span&gt;&lt;span style="color: var(--highlight-default)"&gt;setBackupStaticAttributes&lt;/span&gt;&lt;span style="color: var(--highlight-keyword)"&gt;(&lt;/span&gt;&lt;span style="color: var(--highlight-default)"&gt;$this&lt;/span&gt;&lt;span style="color: var(--highlight-keyword)"&gt;-&amp;gt;&lt;/span&gt;&lt;span style="color: var(--highlight-default)"&gt;backupStaticAttributes&lt;/span&gt;&lt;span style="color: var(--highlight-keyword)"&gt;);&lt;/span&gt;&lt;/code&gt;&lt;/li&gt;
&lt;li&gt;&lt;code&gt;&lt;span style="color: var(--highlight-keyword)"&gt;&amp;nbsp;&amp;nbsp;&amp;nbsp;&amp;nbsp;&amp;nbsp;&amp;nbsp;&amp;nbsp;&amp;nbsp;&amp;nbsp;&amp;nbsp;&amp;nbsp;&amp;nbsp;&amp;nbsp;&amp;nbsp;&amp;nbsp;&amp;nbsp;&lt;/span&gt;&lt;span style="color: var(--highlight-default)"&gt;$test&lt;/span&gt;&lt;span style="color: var(--highlight-keyword)"&gt;-&amp;gt;&lt;/span&gt;&lt;span style="color: var(--highlight-default)"&gt;setRunTestInSeparateProcess&lt;/span&gt;&lt;span style="color: var(--highlight-keyword)"&gt;(&lt;/span&gt;&lt;span style="color: var(--highlight-default)"&gt;$this&lt;/span&gt;&lt;span style="color: var(--highlight-keyword)"&gt;-&amp;gt;&lt;/span&gt;&lt;span style="color: var(--highlight-default)"&gt;runTestInSeparateProcess&lt;/span&gt;&lt;span style="color: var(--highlight-keyword)"&gt;);&lt;/span&gt;&lt;/code&gt;&lt;/li&gt;
&lt;li&gt;&lt;code&gt;&lt;span style="color: var(--highlight-keyword)"&gt;&amp;nbsp;&amp;nbsp;&amp;nbsp;&amp;nbsp;&amp;nbsp;&amp;nbsp;&amp;nbsp;&amp;nbsp;&amp;nbsp;&amp;nbsp;&amp;nbsp;&amp;nbsp;}&lt;/span&gt;&lt;/code&gt;&lt;/li&gt;
&lt;li&gt;&lt;code&gt;&lt;span style="color: var(--highlight-keyword)"&gt;&lt;/span&gt;&lt;/code&gt;&lt;/li&gt;
&lt;li class="selected"&gt;&lt;code&gt;&lt;span style="color: var(--highlight-keyword)"&gt;&amp;nbsp;&amp;nbsp;&amp;nbsp;&amp;nbsp;&amp;nbsp;&amp;nbsp;&amp;nbsp;&amp;nbsp;&amp;nbsp;&amp;nbsp;&amp;nbsp;&amp;nbsp;&lt;/span&gt;&lt;span style="color: var(--highlight-default)"&gt;$test&lt;/span&gt;&lt;span style="color: var(--highlight-keyword)"&gt;-&amp;gt;&lt;/span&gt;&lt;span style="color: var(--highlight-default)"&gt;run&lt;/span&gt;&lt;span style="color: var(--highlight-keyword)"&gt;(&lt;/span&gt;&lt;span style="color: var(--highlight-default)"&gt;$result&lt;/span&gt;&lt;span style="color: var(--highlight-keyword)"&gt;);&lt;/span&gt;&lt;/code&gt;&lt;/li&gt;
&lt;li&gt;&lt;code&gt;&lt;span style="color: var(--highlight-keyword)"&gt;&amp;nbsp;&amp;nbsp;&amp;nbsp;&amp;nbsp;&amp;nbsp;&amp;nbsp;&amp;nbsp;&amp;nbsp;}&lt;/span&gt;&lt;/code&gt;&lt;/li&gt;
&lt;li&gt;&lt;code&gt;&lt;span style="color: var(--highlight-keyword)"&gt;&lt;/span&gt;&lt;/code&gt;&lt;/li&gt;
&lt;li&gt;&lt;code&gt;&lt;span style="color: var(--highlight-keyword)"&gt;&amp;nbsp;&amp;nbsp;&amp;nbsp;&amp;nbsp;&amp;nbsp;&amp;nbsp;&amp;nbsp;&amp;nbsp;if&amp;nbsp;(&lt;/span&gt;&lt;span style="color: var(--highlight-default)"&gt;$this&lt;/span&gt;&lt;span style="color: var(--highlight-keyword)"&gt;-&amp;gt;&lt;/span&gt;&lt;span style="color: var(--highlight-default)"&gt;testCase&amp;nbsp;&lt;/span&gt;&lt;span style="color: var(--highlight-keyword)"&gt;&amp;amp;&amp;amp;&amp;nbsp;&lt;/span&gt;&lt;span style="color: var(--highlight-default)"&gt;class_exists&lt;/span&gt;&lt;span style="color: var(--highlight-keyword)"&gt;(&lt;/span&gt;&lt;span style="color: var(--highlight-default)"&gt;$this&lt;/span&gt;&lt;span style="color: var(--highlight-keyword)"&gt;-&amp;gt;&lt;/span&gt;&lt;span style="color: var(--highlight-default)"&gt;name&lt;/span&gt;&lt;span style="color: var(--highlight-keyword)"&gt;,&amp;nbsp;&lt;/span&gt;&lt;span style="color: var(--highlight-default)"&gt;false&lt;/span&gt;&lt;span style="color: var(--highlight-keyword)"&gt;))&amp;nbsp;{&lt;/span&gt;&lt;/code&gt;&lt;/li&gt;
&lt;li&gt;&lt;code&gt;&lt;span style="color: var(--highlight-keyword)"&gt;&amp;nbsp;&amp;nbsp;&amp;nbsp;&amp;nbsp;&amp;nbsp;&amp;nbsp;&amp;nbsp;&amp;nbsp;&amp;nbsp;&amp;nbsp;&amp;nbsp;&amp;nbsp;foreach&amp;nbsp;(&lt;/span&gt;&lt;span style="color: var(--highlight-default)"&gt;$hookMethods&lt;/span&gt;&lt;span style="color: var(--highlight-keyword)"&gt;[&lt;/span&gt;&lt;span style="color: var(--highlight-string)"&gt;'afterClass'&lt;/span&gt;&lt;span style="color: var(--highlight-keyword)"&gt;]&amp;nbsp;as&amp;nbsp;&lt;/span&gt;&lt;span style="color: var(--highlight-default)"&gt;$afterClassMethod&lt;/span&gt;&lt;span style="color: var(--highlight-keyword)"&gt;)&amp;nbsp;{&lt;/span&gt;&lt;/code&gt;&lt;/li&gt;
&lt;li&gt;&lt;code&gt;&lt;span style="color: var(--highlight-keyword)"&gt;&amp;nbsp;&amp;nbsp;&amp;nbsp;&amp;nbsp;&amp;nbsp;&amp;nbsp;&amp;nbsp;&amp;nbsp;&amp;nbsp;&amp;nbsp;&amp;nbsp;&amp;nbsp;&amp;nbsp;&amp;nbsp;&amp;nbsp;&amp;nbsp;if&amp;nbsp;(&lt;/span&gt;&lt;span style="color: var(--highlight-default)"&gt;method_exists&lt;/span&gt;&lt;span style="color: var(--highlight-keyword)"&gt;(&lt;/span&gt;&lt;span style="color: var(--highlight-default)"&gt;$this&lt;/span&gt;&lt;span style="color: var(--highlight-keyword)"&gt;-&amp;gt;&lt;/span&gt;&lt;span style="color: var(--highlight-default)"&gt;name&lt;/span&gt;&lt;span style="color: var(--highlight-keyword)"&gt;,&amp;nbsp;&lt;/span&gt;&lt;span style="color: var(--highlight-default)"&gt;$afterClassMethod&lt;/span&gt;&lt;span style="color: var(--highlight-keyword)"&gt;))&amp;nbsp;{&lt;/span&gt;&lt;/code&gt;&lt;/li&gt;&lt;/ol&gt;    &lt;/div&gt;            &lt;/div&gt;
                        &lt;div class="trace-line "&gt;
                &lt;div class="trace-line-header break-long-words sf-toggle" data-toggle-selector="#trace-html-1-18" data-toggle-initial=""&gt;
            &lt;span class="icon icon-close"&gt;&lt;svg width="1792" height="1792" viewBox="0 0 1792 1792" xmlns="http://www.w3.org/2000/svg"&gt;&lt;path d="M1408 960V832q0-26-19-45t-45-19H448q-26 0-45 19t-19 45v128q0 26 19 45t45 19h896q26 0 45-19t19-45zm256-544v960q0 119-84.5 203.5T1376 1664H416q-119 0-203.5-84.5T128 1376V416q0-119 84.5-203.5T416 128h960q119 0 203.5 84.5T1664 416z"/&gt;&lt;/svg&gt;&lt;/span&gt;
        &lt;span class="icon icon-open"&gt;&lt;svg width="1792" height="1792" viewBox="0 0 1792 1792" xmlns="http://www.w3.org/2000/svg"&gt;&lt;path d="M1408 960V832q0-26-19-45t-45-19h-320V448q0-26-19-45t-45-19H832q-26 0-45 19t-19 45v320H448q-26 0-45 19t-19 45v128q0 26 19 45t45 19h320v320q0 26 19 45t45 19h128q26 0 45-19t19-45v-320h320q26 0 45-19t19-45zm256-544v960q0 119-84.5 203.5T1376 1664H416q-119 0-203.5-84.5T128 1376V416q0-119 84.5-203.5T416 128h960q119 0 203.5 84.5T1664 416z"/&gt;&lt;/svg&gt;&lt;/span&gt;
    
            &lt;span class="trace-class"&gt;&lt;abbr title="PHPUnit\Framework\TestSuite"&gt;TestSuite&lt;/abbr&gt;&lt;/span&gt;&lt;span class="trace-type"&gt;-&gt;&lt;/span&gt;&lt;span class="trace-method"&gt;run&lt;/span&gt;&lt;span class="trace-arguments"&gt;(&lt;em&gt;object&lt;/em&gt;(&lt;abbr title="PHPUnit\Framework\TestResult"&gt;TestResult&lt;/abbr&gt;))&lt;/span&gt;    
                    &lt;span class="block trace-file-path"&gt;
            in
            &lt;a href="file://C:\Users\sliti\Desktop\dev\esprit-PIDEV-3A16-2526-FARMIA\vendor\phpunit\phpunit\src\Framework\TestSuite.php#L685"&gt;
                C:\Users\sliti\Desktop\dev\esprit-PIDEV-3A16-2526-FARMIA\vendor\phpunit\phpunit\src\Framework\&lt;strong&gt;TestSuite.php&lt;/strong&gt;
            &lt;/a&gt;
                        (line 685)
            &lt;span class="icon icon-copy hidden" data-clipboard-text="C:\Users\sliti\Desktop\dev\esprit-PIDEV-3A16-2526-FARMIA\vendor\phpunit\phpunit\src\Framework\TestSuite.php:685"&gt;
                &lt;svg xmlns="http://www.w3.org/2000/svg" height="24" viewBox="0 0 24 24" width="24"&gt;&lt;path d="M0 0h24v24H0z" fill="none"/&gt;&lt;path d="M16 1H4c-1.1 0-2 .9-2 2v14h2V3h12V1zm3 4H8c-1.1 0-2 .9-2 2v14c0 1.1.9 2 2 2h11c1.1 0 2-.9 2-2V7c0-1.1-.9-2-2-2zm0 16H8V7h11v14z"/&gt;&lt;/svg&gt;            &lt;/span&gt;
        &lt;/span&gt;
    &lt;/div&gt;
    &lt;div id="trace-html-1-18" class="trace-code sf-toggle-content"&gt;
        &lt;ol start="680"&gt;&lt;li&gt;&lt;code&gt;&lt;span style="color: var(--highlight-keyword)"&gt;&amp;nbsp;&amp;nbsp;&amp;nbsp;&amp;nbsp;&amp;nbsp;&amp;nbsp;&amp;nbsp;&amp;nbsp;&amp;nbsp;&amp;nbsp;&amp;nbsp;&amp;nbsp;&amp;nbsp;&amp;nbsp;&amp;nbsp;&amp;nbsp;&lt;/span&gt;&lt;span style="color: var(--highlight-default)"&gt;$test&lt;/span&gt;&lt;span style="color: var(--highlight-keyword)"&gt;-&amp;gt;&lt;/span&gt;&lt;span style="color: var(--highlight-default)"&gt;setBackupGlobals&lt;/span&gt;&lt;span style="color: var(--highlight-keyword)"&gt;(&lt;/span&gt;&lt;span style="color: var(--highlight-default)"&gt;$this&lt;/span&gt;&lt;span style="color: var(--highlight-keyword)"&gt;-&amp;gt;&lt;/span&gt;&lt;span style="color: var(--highlight-default)"&gt;backupGlobals&lt;/span&gt;&lt;span style="color: var(--highlight-keyword)"&gt;);&lt;/span&gt;&lt;/code&gt;&lt;/li&gt;
&lt;li&gt;&lt;code&gt;&lt;span style="color: var(--highlight-keyword)"&gt;&amp;nbsp;&amp;nbsp;&amp;nbsp;&amp;nbsp;&amp;nbsp;&amp;nbsp;&amp;nbsp;&amp;nbsp;&amp;nbsp;&amp;nbsp;&amp;nbsp;&amp;nbsp;&amp;nbsp;&amp;nbsp;&amp;nbsp;&amp;nbsp;&lt;/span&gt;&lt;span style="color: var(--highlight-default)"&gt;$test&lt;/span&gt;&lt;span style="color: var(--highlight-keyword)"&gt;-&amp;gt;&lt;/span&gt;&lt;span style="color: var(--highlight-default)"&gt;setBackupStaticAttributes&lt;/span&gt;&lt;span style="color: var(--highlight-keyword)"&gt;(&lt;/span&gt;&lt;span style="color: var(--highlight-default)"&gt;$this&lt;/span&gt;&lt;span style="color: var(--highlight-keyword)"&gt;-&amp;gt;&lt;/span&gt;&lt;span style="color: var(--highlight-default)"&gt;backupStaticAttributes&lt;/span&gt;&lt;span style="color: var(--highlight-keyword)"&gt;);&lt;/span&gt;&lt;/code&gt;&lt;/li&gt;
&lt;li&gt;&lt;code&gt;&lt;span style="color: var(--highlight-keyword)"&gt;&amp;nbsp;&amp;nbsp;&amp;nbsp;&amp;nbsp;&amp;nbsp;&amp;nbsp;&amp;nbsp;&amp;nbsp;&amp;nbsp;&amp;nbsp;&amp;nbsp;&amp;nbsp;&amp;nbsp;&amp;nbsp;&amp;nbsp;&amp;nbsp;&lt;/span&gt;&lt;span style="color: var(--highlight-default)"&gt;$test&lt;/span&gt;&lt;span style="color: var(--highlight-keyword)"&gt;-&amp;gt;&lt;/span&gt;&lt;span style="color: var(--highlight-default)"&gt;setRunTestInSeparateProcess&lt;/span&gt;&lt;span style="color: var(--highlight-keyword)"&gt;(&lt;/span&gt;&lt;span style="color: var(--highlight-default)"&gt;$this&lt;/span&gt;&lt;span style="color: var(--highlight-keyword)"&gt;-&amp;gt;&lt;/span&gt;&lt;span style="color: var(--highlight-default)"&gt;runTestInSeparateProcess&lt;/span&gt;&lt;span style="color: var(--highlight-keyword)"&gt;);&lt;/span&gt;&lt;/code&gt;&lt;/li&gt;
&lt;li&gt;&lt;code&gt;&lt;span style="color: var(--highlight-keyword)"&gt;&amp;nbsp;&amp;nbsp;&amp;nbsp;&amp;nbsp;&amp;nbsp;&amp;nbsp;&amp;nbsp;&amp;nbsp;&amp;nbsp;&amp;nbsp;&amp;nbsp;&amp;nbsp;}&lt;/span&gt;&lt;/code&gt;&lt;/li&gt;
&lt;li&gt;&lt;code&gt;&lt;span style="color: var(--highlight-keyword)"&gt;&lt;/span&gt;&lt;/code&gt;&lt;/li&gt;
&lt;li class="selected"&gt;&lt;code&gt;&lt;span style="color: var(--highlight-keyword)"&gt;&amp;nbsp;&amp;nbsp;&amp;nbsp;&amp;nbsp;&amp;nbsp;&amp;nbsp;&amp;nbsp;&amp;nbsp;&amp;nbsp;&amp;nbsp;&amp;nbsp;&amp;nbsp;&lt;/span&gt;&lt;span style="color: var(--highlight-default)"&gt;$test&lt;/span&gt;&lt;span style="color: var(--highlight-keyword)"&gt;-&amp;gt;&lt;/span&gt;&lt;span style="color: var(--highlight-default)"&gt;run&lt;/span&gt;&lt;span style="color: var(--highlight-keyword)"&gt;(&lt;/span&gt;&lt;span style="color: var(--highlight-default)"&gt;$result&lt;/span&gt;&lt;span style="color: var(--highlight-keyword)"&gt;);&lt;/span&gt;&lt;/code&gt;&lt;/li&gt;
&lt;li&gt;&lt;code&gt;&lt;span style="color: var(--highlight-keyword)"&gt;&amp;nbsp;&amp;nbsp;&amp;nbsp;&amp;nbsp;&amp;nbsp;&amp;nbsp;&amp;nbsp;&amp;nbsp;}&lt;/span&gt;&lt;/code&gt;&lt;/li&gt;
&lt;li&gt;&lt;code&gt;&lt;span style="color: var(--highlight-keyword)"&gt;&lt;/span&gt;&lt;/code&gt;&lt;/li&gt;
&lt;li&gt;&lt;code&gt;&lt;span style="color: var(--highlight-keyword)"&gt;&amp;nbsp;&amp;nbsp;&amp;nbsp;&amp;nbsp;&amp;nbsp;&amp;nbsp;&amp;nbsp;&amp;nbsp;if&amp;nbsp;(&lt;/span&gt;&lt;span style="color: var(--highlight-default)"&gt;$this&lt;/span&gt;&lt;span style="color: var(--highlight-keyword)"&gt;-&amp;gt;&lt;/span&gt;&lt;span style="color: var(--highlight-default)"&gt;testCase&amp;nbsp;&lt;/span&gt;&lt;span style="color: var(--highlight-keyword)"&gt;&amp;amp;&amp;amp;&amp;nbsp;&lt;/span&gt;&lt;span style="color: var(--highlight-default)"&gt;class_exists&lt;/span&gt;&lt;span style="color: var(--highlight-keyword)"&gt;(&lt;/span&gt;&lt;span style="color: var(--highlight-default)"&gt;$this&lt;/span&gt;&lt;span style="color: var(--highlight-keyword)"&gt;-&amp;gt;&lt;/span&gt;&lt;span style="color: var(--highlight-default)"&gt;name&lt;/span&gt;&lt;span style="color: var(--highlight-keyword)"&gt;,&amp;nbsp;&lt;/span&gt;&lt;span style="color: var(--highlight-default)"&gt;false&lt;/span&gt;&lt;span style="color: var(--highlight-keyword)"&gt;))&amp;nbsp;{&lt;/span&gt;&lt;/code&gt;&lt;/li&gt;
&lt;li&gt;&lt;code&gt;&lt;span style="color: var(--highlight-keyword)"&gt;&amp;nbsp;&amp;nbsp;&amp;nbsp;&amp;nbsp;&amp;nbsp;&amp;nbsp;&amp;nbsp;&amp;nbsp;&amp;nbsp;&amp;nbsp;&amp;nbsp;&amp;nbsp;foreach&amp;nbsp;(&lt;/span&gt;&lt;span style="color: var(--highlight-default)"&gt;$hookMethods&lt;/span&gt;&lt;span style="color: var(--highlight-keyword)"&gt;[&lt;/span&gt;&lt;span style="color: var(--highlight-string)"&gt;'afterClass'&lt;/span&gt;&lt;span style="color: var(--highlight-keyword)"&gt;]&amp;nbsp;as&amp;nbsp;&lt;/span&gt;&lt;span style="color: var(--highlight-default)"&gt;$afterClassMethod&lt;/span&gt;&lt;span style="color: var(--highlight-keyword)"&gt;)&amp;nbsp;{&lt;/span&gt;&lt;/code&gt;&lt;/li&gt;
&lt;li&gt;&lt;code&gt;&lt;span style="color: var(--highlight-keyword)"&gt;&amp;nbsp;&amp;nbsp;&amp;nbsp;&amp;nbsp;&amp;nbsp;&amp;nbsp;&amp;nbsp;&amp;nbsp;&amp;nbsp;&amp;nbsp;&amp;nbsp;&amp;nbsp;&amp;nbsp;&amp;nbsp;&amp;nbsp;&amp;nbsp;if&amp;nbsp;(&lt;/span&gt;&lt;span style="color: var(--highlight-default)"&gt;method_exists&lt;/span&gt;&lt;span style="color: var(--highlight-keyword)"&gt;(&lt;/span&gt;&lt;span style="color: var(--highlight-default)"&gt;$this&lt;/span&gt;&lt;span style="color: var(--highlight-keyword)"&gt;-&amp;gt;&lt;/span&gt;&lt;span style="color: var(--highlight-default)"&gt;name&lt;/span&gt;&lt;span style="color: var(--highlight-keyword)"&gt;,&amp;nbsp;&lt;/span&gt;&lt;span style="color: var(--highlight-default)"&gt;$afterClassMethod&lt;/span&gt;&lt;span style="color: var(--highlight-keyword)"&gt;))&amp;nbsp;{&lt;/span&gt;&lt;/code&gt;&lt;/li&gt;&lt;/ol&gt;    &lt;/div&gt;            &lt;/div&gt;
                        &lt;div class="trace-line "&gt;
                &lt;div class="trace-line-header break-long-words sf-toggle" data-toggle-selector="#trace-html-1-19" data-toggle-initial=""&gt;
            &lt;span class="icon icon-close"&gt;&lt;svg width="1792" height="1792" viewBox="0 0 1792 1792" xmlns="http://www.w3.org/2000/svg"&gt;&lt;path d="M1408 960V832q0-26-19-45t-45-19H448q-26 0-45 19t-19 45v128q0 26 19 45t45 19h896q26 0 45-19t19-45zm256-544v960q0 119-84.5 203.5T1376 1664H416q-119 0-203.5-84.5T128 1376V416q0-119 84.5-203.5T416 128h960q119 0 203.5 84.5T1664 416z"/&gt;&lt;/svg&gt;&lt;/span&gt;
        &lt;span class="icon icon-open"&gt;&lt;svg width="1792" height="1792" viewBox="0 0 1792 1792" xmlns="http://www.w3.org/2000/svg"&gt;&lt;path d="M1408 960V832q0-26-19-45t-45-19h-320V448q0-26-19-45t-45-19H832q-26 0-45 19t-19 45v320H448q-26 0-45 19t-19 45v128q0 26 19 45t45 19h320v320q0 26 19 45t45 19h128q26 0 45-19t19-45v-320h320q26 0 45-19t19-45zm256-544v960q0 119-84.5 203.5T1376 1664H416q-119 0-203.5-84.5T128 1376V416q0-119 84.5-203.5T416 128h960q119 0 203.5 84.5T1664 416z"/&gt;&lt;/svg&gt;&lt;/span&gt;
    
            &lt;span class="trace-class"&gt;&lt;abbr title="PHPUnit\Framework\TestSuite"&gt;TestSuite&lt;/abbr&gt;&lt;/span&gt;&lt;span class="trace-type"&gt;-&gt;&lt;/span&gt;&lt;span class="trace-method"&gt;run&lt;/span&gt;&lt;span class="trace-arguments"&gt;(&lt;em&gt;object&lt;/em&gt;(&lt;abbr title="PHPUnit\Framework\TestResult"&gt;TestResult&lt;/abbr&gt;))&lt;/span&gt;    
                    &lt;span class="block trace-file-path"&gt;
            in
            &lt;a href="file://C:\Users\sliti\Desktop\dev\esprit-PIDEV-3A16-2526-FARMIA\vendor\phpunit\phpunit\src\TextUI\TestRunner.php#L651"&gt;
                C:\Users\sliti\Desktop\dev\esprit-PIDEV-3A16-2526-FARMIA\vendor\phpunit\phpunit\src\TextUI\&lt;strong&gt;TestRunner.php&lt;/strong&gt;
            &lt;/a&gt;
                        (line 651)
            &lt;span class="icon icon-copy hidden" data-clipboard-text="C:\Users\sliti\Desktop\dev\esprit-PIDEV-3A16-2526-FARMIA\vendor\phpunit\phpunit\src\TextUI\TestRunner.php:651"&gt;
                &lt;svg xmlns="http://www.w3.org/2000/svg" height="24" viewBox="0 0 24 24" width="24"&gt;&lt;path d="M0 0h24v24H0z" fill="none"/&gt;&lt;path d="M16 1H4c-1.1 0-2 .9-2 2v14h2V3h12V1zm3 4H8c-1.1 0-2 .9-2 2v14c0 1.1.9 2 2 2h11c1.1 0 2-.9 2-2V7c0-1.1-.9-2-2-2zm0 16H8V7h11v14z"/&gt;&lt;/svg&gt;            &lt;/span&gt;
        &lt;/span&gt;
    &lt;/div&gt;
    &lt;div id="trace-html-1-19" class="trace-code sf-toggle-content"&gt;
        &lt;ol start="646"&gt;&lt;li&gt;&lt;code&gt;&lt;span style="color: var(--highlight-keyword)"&gt;&amp;nbsp;&amp;nbsp;&amp;nbsp;&amp;nbsp;&amp;nbsp;&amp;nbsp;&amp;nbsp;&amp;nbsp;&amp;nbsp;&amp;nbsp;&amp;nbsp;&amp;nbsp;if&amp;nbsp;(&lt;/span&gt;&lt;span style="color: var(--highlight-default)"&gt;$extension&amp;nbsp;&lt;/span&gt;&lt;span style="color: var(--highlight-keyword)"&gt;instanceof&amp;nbsp;&lt;/span&gt;&lt;span style="color: var(--highlight-default)"&gt;BeforeFirstTestHook&lt;/span&gt;&lt;span style="color: var(--highlight-keyword)"&gt;)&amp;nbsp;{&lt;/span&gt;&lt;/code&gt;&lt;/li&gt;
&lt;li&gt;&lt;code&gt;&lt;span style="color: var(--highlight-keyword)"&gt;&amp;nbsp;&amp;nbsp;&amp;nbsp;&amp;nbsp;&amp;nbsp;&amp;nbsp;&amp;nbsp;&amp;nbsp;&amp;nbsp;&amp;nbsp;&amp;nbsp;&amp;nbsp;&amp;nbsp;&amp;nbsp;&amp;nbsp;&amp;nbsp;&lt;/span&gt;&lt;span style="color: var(--highlight-default)"&gt;$extension&lt;/span&gt;&lt;span style="color: var(--highlight-keyword)"&gt;-&amp;gt;&lt;/span&gt;&lt;span style="color: var(--highlight-default)"&gt;executeBeforeFirstTest&lt;/span&gt;&lt;span style="color: var(--highlight-keyword)"&gt;();&lt;/span&gt;&lt;/code&gt;&lt;/li&gt;
&lt;li&gt;&lt;code&gt;&lt;span style="color: var(--highlight-keyword)"&gt;&amp;nbsp;&amp;nbsp;&amp;nbsp;&amp;nbsp;&amp;nbsp;&amp;nbsp;&amp;nbsp;&amp;nbsp;&amp;nbsp;&amp;nbsp;&amp;nbsp;&amp;nbsp;}&lt;/span&gt;&lt;/code&gt;&lt;/li&gt;
&lt;li&gt;&lt;code&gt;&lt;span style="color: var(--highlight-keyword)"&gt;&amp;nbsp;&amp;nbsp;&amp;nbsp;&amp;nbsp;&amp;nbsp;&amp;nbsp;&amp;nbsp;&amp;nbsp;}&lt;/span&gt;&lt;/code&gt;&lt;/li&gt;
&lt;li&gt;&lt;code&gt;&lt;span style="color: var(--highlight-keyword)"&gt;&lt;/span&gt;&lt;/code&gt;&lt;/li&gt;
&lt;li class="selected"&gt;&lt;code&gt;&lt;span style="color: var(--highlight-keyword)"&gt;&amp;nbsp;&amp;nbsp;&amp;nbsp;&amp;nbsp;&amp;nbsp;&amp;nbsp;&amp;nbsp;&amp;nbsp;&lt;/span&gt;&lt;span style="color: var(--highlight-default)"&gt;$suite&lt;/span&gt;&lt;span style="color: var(--highlight-keyword)"&gt;-&amp;gt;&lt;/span&gt;&lt;span style="color: var(--highlight-default)"&gt;run&lt;/span&gt;&lt;span style="color: var(--highlight-keyword)"&gt;(&lt;/span&gt;&lt;span style="color: var(--highlight-default)"&gt;$result&lt;/span&gt;&lt;span style="color: var(--highlight-keyword)"&gt;);&lt;/span&gt;&lt;/code&gt;&lt;/li&gt;
&lt;li&gt;&lt;code&gt;&lt;span style="color: var(--highlight-keyword)"&gt;&lt;/span&gt;&lt;/code&gt;&lt;/li&gt;
&lt;li&gt;&lt;code&gt;&lt;span style="color: var(--highlight-keyword)"&gt;&amp;nbsp;&amp;nbsp;&amp;nbsp;&amp;nbsp;&amp;nbsp;&amp;nbsp;&amp;nbsp;&amp;nbsp;foreach&amp;nbsp;(&lt;/span&gt;&lt;span style="color: var(--highlight-default)"&gt;$this&lt;/span&gt;&lt;span style="color: var(--highlight-keyword)"&gt;-&amp;gt;&lt;/span&gt;&lt;span style="color: var(--highlight-default)"&gt;extensions&amp;nbsp;&lt;/span&gt;&lt;span style="color: var(--highlight-keyword)"&gt;as&amp;nbsp;&lt;/span&gt;&lt;span style="color: var(--highlight-default)"&gt;$extension&lt;/span&gt;&lt;span style="color: var(--highlight-keyword)"&gt;)&amp;nbsp;{&lt;/span&gt;&lt;/code&gt;&lt;/li&gt;
&lt;li&gt;&lt;code&gt;&lt;span style="color: var(--highlight-keyword)"&gt;&amp;nbsp;&amp;nbsp;&amp;nbsp;&amp;nbsp;&amp;nbsp;&amp;nbsp;&amp;nbsp;&amp;nbsp;&amp;nbsp;&amp;nbsp;&amp;nbsp;&amp;nbsp;if&amp;nbsp;(&lt;/span&gt;&lt;span style="color: var(--highlight-default)"&gt;$extension&amp;nbsp;&lt;/span&gt;&lt;span style="color: var(--highlight-keyword)"&gt;instanceof&amp;nbsp;&lt;/span&gt;&lt;span style="color: var(--highlight-default)"&gt;AfterLastTestHook&lt;/span&gt;&lt;span style="color: var(--highlight-keyword)"&gt;)&amp;nbsp;{&lt;/span&gt;&lt;/code&gt;&lt;/li&gt;
&lt;li&gt;&lt;code&gt;&lt;span style="color: var(--highlight-keyword)"&gt;&amp;nbsp;&amp;nbsp;&amp;nbsp;&amp;nbsp;&amp;nbsp;&amp;nbsp;&amp;nbsp;&amp;nbsp;&amp;nbsp;&amp;nbsp;&amp;nbsp;&amp;nbsp;&amp;nbsp;&amp;nbsp;&amp;nbsp;&amp;nbsp;&lt;/span&gt;&lt;span style="color: var(--highlight-default)"&gt;$extension&lt;/span&gt;&lt;span style="color: var(--highlight-keyword)"&gt;-&amp;gt;&lt;/span&gt;&lt;span style="color: var(--highlight-default)"&gt;executeAfterLastTest&lt;/span&gt;&lt;span style="color: var(--highlight-keyword)"&gt;();&lt;/span&gt;&lt;/code&gt;&lt;/li&gt;
&lt;li&gt;&lt;code&gt;&lt;span style="color: var(--highlight-keyword)"&gt;&amp;nbsp;&amp;nbsp;&amp;nbsp;&amp;nbsp;&amp;nbsp;&amp;nbsp;&amp;nbsp;&amp;nbsp;&amp;nbsp;&amp;nbsp;&amp;nbsp;&amp;nbsp;}&lt;/span&gt;&lt;/code&gt;&lt;/li&gt;&lt;/ol&gt;    &lt;/div&gt;            &lt;/div&gt;
                        &lt;div class="trace-line "&gt;
                &lt;div class="trace-line-header break-long-words sf-toggle" data-toggle-selector="#trace-html-1-20" data-toggle-initial=""&gt;
            &lt;span class="icon icon-close"&gt;&lt;svg width="1792" height="1792" viewBox="0 0 1792 1792" xmlns="http://www.w3.org/2000/svg"&gt;&lt;path d="M1408 960V832q0-26-19-45t-45-19H448q-26 0-45 19t-19 45v128q0 26 19 45t45 19h896q26 0 45-19t19-45zm256-544v960q0 119-84.5 203.5T1376 1664H416q-119 0-203.5-84.5T128 1376V416q0-119 84.5-203.5T416 128h960q119 0 203.5 84.5T1664 416z"/&gt;&lt;/svg&gt;&lt;/span&gt;
        &lt;span class="icon icon-open"&gt;&lt;svg width="1792" height="1792" viewBox="0 0 1792 1792" xmlns="http://www.w3.org/2000/svg"&gt;&lt;path d="M1408 960V832q0-26-19-45t-45-19h-320V448q0-26-19-45t-45-19H832q-26 0-45 19t-19 45v320H448q-26 0-45 19t-19 45v128q0 26 19 45t45 19h320v320q0 26 19 45t45 19h128q26 0 45-19t19-45v-320h320q26 0 45-19t19-45zm256-544v960q0 119-84.5 203.5T1376 1664H416q-119 0-203.5-84.5T128 1376V416q0-119 84.5-203.5T416 128h960q119 0 203.5 84.5T1664 416z"/&gt;&lt;/svg&gt;&lt;/span&gt;
    
            &lt;span class="trace-class"&gt;&lt;abbr title="PHPUnit\TextUI\TestRunner"&gt;TestRunner&lt;/abbr&gt;&lt;/span&gt;&lt;span class="trace-type"&gt;-&gt;&lt;/span&gt;&lt;span class="trace-method"&gt;run&lt;/span&gt;&lt;span class="trace-arguments"&gt;(&lt;em&gt;object&lt;/em&gt;(&lt;abbr title="PHPUnit\Framework\TestSuite"&gt;TestSuite&lt;/abbr&gt;), &lt;em&gt;array&lt;/em&gt;('extensions' =&gt; &lt;em&gt;array&lt;/em&gt;(), 'listGroups' =&gt; &lt;em&gt;false&lt;/em&gt;, 'listSuites' =&gt; &lt;em&gt;false&lt;/em&gt;, 'listTests' =&gt; &lt;em&gt;false&lt;/em&gt;, 'listTestsXml' =&gt; &lt;em&gt;false&lt;/em&gt;, 'loader' =&gt; &lt;em&gt;null&lt;/em&gt;, 'useDefaultConfiguration' =&gt; &lt;em&gt;true&lt;/em&gt;, 'loadedExtensions' =&gt; &lt;em&gt;array&lt;/em&gt;(), 'unavailableExtensions' =&gt; &lt;em&gt;array&lt;/em&gt;(), 'notLoadedExtensions' =&gt; &lt;em&gt;array&lt;/em&gt;(), 'junitLogfile' =&gt; 'test-results.xml', 'testSuffixes' =&gt; &lt;em&gt;array&lt;/em&gt;('Test.php', '.phpt'), 'configuration' =&gt; 'C:\\Users\\sliti\\Desktop\\dev\\esprit-PIDEV-3A16-2526-FARMIA\\phpunit.xml.dist', 'configurationObject' =&gt; &lt;em&gt;object&lt;/em&gt;(&lt;abbr title="PHPUnit\TextUI\XmlConfiguration\Configuration"&gt;Configuration&lt;/abbr&gt;), 'stderr' =&gt; &lt;em&gt;false&lt;/em&gt;, 'columns' =&gt; 80, 'warnings' =&gt; &lt;em&gt;array&lt;/em&gt;(), 'debug' =&gt; &lt;em&gt;false&lt;/em&gt;, 'filter' =&gt; &lt;em&gt;false&lt;/em&gt;, 'listeners' =&gt; &lt;em&gt;array&lt;/em&gt;(), 'backupGlobals' =&gt; &lt;em&gt;false&lt;/em&gt;, 'backupStaticAttributes' =&gt; &lt;em&gt;false&lt;/em&gt;, 'beStrictAboutChangesToGlobalState' =&gt; &lt;em&gt;false&lt;/em&gt;, 'cacheResult' =&gt; &lt;em&gt;true&lt;/em&gt;, 'colors' =&gt; 'auto', 'convertDeprecationsToExceptions' =&gt; &lt;em&gt;false&lt;/em&gt;, 'convertErrorsToExceptions' =&gt; &lt;em&gt;true&lt;/em&gt;, 'convertNoticesToExceptions' =&gt; &lt;em&gt;true&lt;/em&gt;, 'convertWarningsToExceptions' =&gt; &lt;em&gt;true&lt;/em&gt;, 'processIsolation' =&gt; &lt;em&gt;false&lt;/em&gt;, 'stopOnDefect' =&gt; &lt;em&gt;false&lt;/em&gt;, 'stopOnError' =&gt; &lt;em&gt;false&lt;/em&gt;, 'stopOnFailure' =&gt; &lt;em&gt;false&lt;/em&gt;, 'stopOnWarning' =&gt; &lt;em&gt;false&lt;/em&gt;, 'stopOnIncomplete' =&gt; &lt;em&gt;false&lt;/em&gt;, 'stopOnRisky' =&gt; &lt;em&gt;false&lt;/em&gt;, 'stopOnSkipped' =&gt; &lt;em&gt;false&lt;/em&gt;, 'failOnEmptyTestSuite' =&gt; &lt;em&gt;false&lt;/em&gt;, 'failOnIncomplete' =&gt; &lt;em&gt;false&lt;/em&gt;, 'failOnRisky' =&gt; &lt;em&gt;false&lt;/em&gt;, 'failOnSkipped' =&gt; &lt;em&gt;false&lt;/em&gt;, 'failOnWarning' =&gt; &lt;em&gt;false&lt;/em&gt;, 'enforceTimeLimit' =&gt; &lt;em&gt;false&lt;/em&gt;, 'defaultTimeLimit' =&gt; 1, 'timeoutForSmallTests' =&gt; 1, 'timeoutForMediumTests' =&gt; 10, 'timeoutForLargeTests' =&gt; 60, 'reportUselessTests' =&gt; &lt;em&gt;true&lt;/em&gt;, 'strictCoverage' =&gt; &lt;em&gt;false&lt;/em&gt;, 'ignoreDeprecatedCodeUnitsFromCodeCoverage' =&gt; &lt;em&gt;false&lt;/em&gt;, 'disallowTestOutput' =&gt; &lt;em&gt;false&lt;/em&gt;, 'disallowTodoAnnotatedTests' =&gt; &lt;em&gt;false&lt;/em&gt;, 'beStrictAboutResourceUsageDuringSmallTests' =&gt; &lt;em&gt;false&lt;/em&gt;, 'verbose' =&gt; &lt;em&gt;false&lt;/em&gt;, 'reverseDefectList' =&gt; &lt;em&gt;false&lt;/em&gt;, 'forceCoversAnnotation' =&gt; &lt;em&gt;false&lt;/em&gt;, 'disableCodeCoverageIgnore' =&gt; &lt;em&gt;false&lt;/em&gt;, 'registerMockObjectsFromTestArgumentsRecursively' =&gt; &lt;em&gt;false&lt;/em&gt;, 'noInteraction' =&gt; &lt;em&gt;false&lt;/em&gt;, 'executionOrder' =&gt; 0, 'resolveDependencies' =&gt; &lt;em&gt;true&lt;/em&gt;, 'bootstrap' =&gt; 'C:\\Users\\sliti\\Desktop\\dev\\esprit-PIDEV-3A16-2526-FARMIA\\tests/bootstrap.php', 'executionOrderDefects' =&gt; 0, 'crap4jThreshold' =&gt; 30, 'excludeGroups' =&gt; &lt;em&gt;array&lt;/em&gt;(), 'groups' =&gt; &lt;em&gt;array&lt;/em&gt;(), 'randomOrderSeed' =&gt; 1777118040, 'repeat' =&gt; &lt;em&gt;false&lt;/em&gt;, 'reportHighLowerBound' =&gt; 90, 'reportLowUpperBound' =&gt; 50, 'reverseList' =&gt; &lt;em&gt;false&lt;/em&gt;, 'testdoxExcludeGroups' =&gt; &lt;em&gt;array&lt;/em&gt;(), 'testdoxGroups' =&gt; &lt;em&gt;array&lt;/em&gt;(), 'cacheResultFile' =&gt; 'C:\\Users\\sliti\\Desktop\\dev\\esprit-PIDEV-3A16-2526-FARMIA'), &lt;em&gt;array&lt;/em&gt;(), &lt;em&gt;true&lt;/em&gt;)&lt;/span&gt;    
                    &lt;span class="block trace-file-path"&gt;
            in
            &lt;a href="file://C:\Users\sliti\Desktop\dev\esprit-PIDEV-3A16-2526-FARMIA\vendor\phpunit\phpunit\src\TextUI\Command.php#L146"&gt;
                C:\Users\sliti\Desktop\dev\esprit-PIDEV-3A16-2526-FARMIA\vendor\phpunit\phpunit\src\TextUI\&lt;strong&gt;Command.php&lt;/strong&gt;
            &lt;/a&gt;
                        (line 146)
            &lt;span class="icon icon-copy hidden" data-clipboard-text="C:\Users\sliti\Desktop\dev\esprit-PIDEV-3A16-2526-FARMIA\vendor\phpunit\phpunit\src\TextUI\Command.php:146"&gt;
                &lt;svg xmlns="http://www.w3.org/2000/svg" height="24" viewBox="0 0 24 24" width="24"&gt;&lt;path d="M0 0h24v24H0z" fill="none"/&gt;&lt;path d="M16 1H4c-1.1 0-2 .9-2 2v14h2V3h12V1zm3 4H8c-1.1 0-2 .9-2 2v14c0 1.1.9 2 2 2h11c1.1 0 2-.9 2-2V7c0-1.1-.9-2-2-2zm0 16H8V7h11v14z"/&gt;&lt;/svg&gt;            &lt;/span&gt;
        &lt;/span&gt;
    &lt;/div&gt;
    &lt;div id="trace-html-1-20" class="trace-code sf-toggle-content"&gt;
        &lt;ol start="141"&gt;&lt;li&gt;&lt;code&gt;&lt;span style="color: var(--highlight-keyword)"&gt;&amp;nbsp;&amp;nbsp;&amp;nbsp;&amp;nbsp;&amp;nbsp;&amp;nbsp;&amp;nbsp;&amp;nbsp;}&lt;/span&gt;&lt;/code&gt;&lt;/li&gt;
&lt;li&gt;&lt;code&gt;&lt;span style="color: var(--highlight-keyword)"&gt;&lt;/span&gt;&lt;/code&gt;&lt;/li&gt;
&lt;li&gt;&lt;code&gt;&lt;span style="color: var(--highlight-keyword)"&gt;&amp;nbsp;&amp;nbsp;&amp;nbsp;&amp;nbsp;&amp;nbsp;&amp;nbsp;&amp;nbsp;&amp;nbsp;unset(&lt;/span&gt;&lt;span style="color: var(--highlight-default)"&gt;$this&lt;/span&gt;&lt;span style="color: var(--highlight-keyword)"&gt;-&amp;gt;&lt;/span&gt;&lt;span style="color: var(--highlight-default)"&gt;arguments&lt;/span&gt;&lt;span style="color: var(--highlight-keyword)"&gt;[&lt;/span&gt;&lt;span style="color: var(--highlight-string)"&gt;'test'&lt;/span&gt;&lt;span style="color: var(--highlight-keyword)"&gt;],&amp;nbsp;&lt;/span&gt;&lt;span style="color: var(--highlight-default)"&gt;$this&lt;/span&gt;&lt;span style="color: var(--highlight-keyword)"&gt;-&amp;gt;&lt;/span&gt;&lt;span style="color: var(--highlight-default)"&gt;arguments&lt;/span&gt;&lt;span style="color: var(--highlight-keyword)"&gt;[&lt;/span&gt;&lt;span style="color: var(--highlight-string)"&gt;'testFile'&lt;/span&gt;&lt;span style="color: var(--highlight-keyword)"&gt;]);&lt;/span&gt;&lt;/code&gt;&lt;/li&gt;
&lt;li&gt;&lt;code&gt;&lt;span style="color: var(--highlight-keyword)"&gt;&lt;/span&gt;&lt;/code&gt;&lt;/li&gt;
&lt;li&gt;&lt;code&gt;&lt;span style="color: var(--highlight-keyword)"&gt;&amp;nbsp;&amp;nbsp;&amp;nbsp;&amp;nbsp;&amp;nbsp;&amp;nbsp;&amp;nbsp;&amp;nbsp;try&amp;nbsp;{&lt;/span&gt;&lt;/code&gt;&lt;/li&gt;
&lt;li class="selected"&gt;&lt;code&gt;&lt;span style="color: var(--highlight-keyword)"&gt;&amp;nbsp;&amp;nbsp;&amp;nbsp;&amp;nbsp;&amp;nbsp;&amp;nbsp;&amp;nbsp;&amp;nbsp;&amp;nbsp;&amp;nbsp;&amp;nbsp;&amp;nbsp;&lt;/span&gt;&lt;span style="color: var(--highlight-default)"&gt;$result&amp;nbsp;&lt;/span&gt;&lt;span style="color: var(--highlight-keyword)"&gt;=&amp;nbsp;&lt;/span&gt;&lt;span style="color: var(--highlight-default)"&gt;$runner&lt;/span&gt;&lt;span style="color: var(--highlight-keyword)"&gt;-&amp;gt;&lt;/span&gt;&lt;span style="color: var(--highlight-default)"&gt;run&lt;/span&gt;&lt;span style="color: var(--highlight-keyword)"&gt;(&lt;/span&gt;&lt;span style="color: var(--highlight-default)"&gt;$suite&lt;/span&gt;&lt;span style="color: var(--highlight-keyword)"&gt;,&amp;nbsp;&lt;/span&gt;&lt;span style="color: var(--highlight-default)"&gt;$this&lt;/span&gt;&lt;span style="color: var(--highlight-keyword)"&gt;-&amp;gt;&lt;/span&gt;&lt;span style="color: var(--highlight-default)"&gt;arguments&lt;/span&gt;&lt;span style="color: var(--highlight-keyword)"&gt;,&amp;nbsp;&lt;/span&gt;&lt;span style="color: var(--highlight-default)"&gt;$this&lt;/span&gt;&lt;span style="color: var(--highlight-keyword)"&gt;-&amp;gt;&lt;/span&gt;&lt;span style="color: var(--highlight-default)"&gt;warnings&lt;/span&gt;&lt;span style="color: var(--highlight-keyword)"&gt;,&amp;nbsp;&lt;/span&gt;&lt;span style="color: var(--highlight-default)"&gt;$exit&lt;/span&gt;&lt;span style="color: var(--highlight-keyword)"&gt;);&lt;/span&gt;&lt;/code&gt;&lt;/li&gt;
&lt;li&gt;&lt;code&gt;&lt;span style="color: var(--highlight-keyword)"&gt;&amp;nbsp;&amp;nbsp;&amp;nbsp;&amp;nbsp;&amp;nbsp;&amp;nbsp;&amp;nbsp;&amp;nbsp;}&amp;nbsp;catch&amp;nbsp;(&lt;/span&gt;&lt;span style="color: var(--highlight-default)"&gt;Throwable&amp;nbsp;$t&lt;/span&gt;&lt;span style="color: var(--highlight-keyword)"&gt;)&amp;nbsp;{&lt;/span&gt;&lt;/code&gt;&lt;/li&gt;
&lt;li&gt;&lt;code&gt;&lt;span style="color: var(--highlight-keyword)"&gt;&amp;nbsp;&amp;nbsp;&amp;nbsp;&amp;nbsp;&amp;nbsp;&amp;nbsp;&amp;nbsp;&amp;nbsp;&amp;nbsp;&amp;nbsp;&amp;nbsp;&amp;nbsp;print&amp;nbsp;&lt;/span&gt;&lt;span style="color: var(--highlight-default)"&gt;$t&lt;/span&gt;&lt;span style="color: var(--highlight-keyword)"&gt;-&amp;gt;&lt;/span&gt;&lt;span style="color: var(--highlight-default)"&gt;getMessage&lt;/span&gt;&lt;span style="color: var(--highlight-keyword)"&gt;()&amp;nbsp;.&amp;nbsp;&lt;/span&gt;&lt;span style="color: var(--highlight-default)"&gt;PHP_EOL&lt;/span&gt;&lt;span style="color: var(--highlight-keyword)"&gt;;&lt;/span&gt;&lt;/code&gt;&lt;/li&gt;
&lt;li&gt;&lt;code&gt;&lt;span style="color: var(--highlight-keyword)"&gt;&amp;nbsp;&amp;nbsp;&amp;nbsp;&amp;nbsp;&amp;nbsp;&amp;nbsp;&amp;nbsp;&amp;nbsp;}&lt;/span&gt;&lt;/code&gt;&lt;/li&gt;
&lt;li&gt;&lt;code&gt;&lt;span style="color: var(--highlight-keyword)"&gt;&lt;/span&gt;&lt;/code&gt;&lt;/li&gt;
&lt;li&gt;&lt;code&gt;&lt;span style="color: var(--highlight-keyword)"&gt;&amp;nbsp;&amp;nbsp;&amp;nbsp;&amp;nbsp;&amp;nbsp;&amp;nbsp;&amp;nbsp;&amp;nbsp;&lt;/span&gt;&lt;span style="color: var(--highlight-default)"&gt;$return&amp;nbsp;&lt;/span&gt;&lt;span style="color: var(--highlight-keyword)"&gt;=&amp;nbsp;&lt;/span&gt;&lt;span style="color: var(--highlight-default)"&gt;TestRunner&lt;/span&gt;&lt;span style="color: var(--highlight-keyword)"&gt;::&lt;/span&gt;&lt;span style="color: var(--highlight-default)"&gt;FAILURE_EXIT&lt;/span&gt;&lt;span style="color: var(--highlight-keyword)"&gt;;&lt;/span&gt;&lt;/code&gt;&lt;/li&gt;&lt;/ol&gt;    &lt;/div&gt;            &lt;/div&gt;
                        &lt;div class="trace-line "&gt;
                &lt;div class="trace-line-header break-long-words sf-toggle" data-toggle-selector="#trace-html-1-21" data-toggle-initial=""&gt;
            &lt;span class="icon icon-close"&gt;&lt;svg width="1792" height="1792" viewBox="0 0 1792 1792" xmlns="http://www.w3.org/2000/svg"&gt;&lt;path d="M1408 960V832q0-26-19-45t-45-19H448q-26 0-45 19t-19 45v128q0 26 19 45t45 19h896q26 0 45-19t19-45zm256-544v960q0 119-84.5 203.5T1376 1664H416q-119 0-203.5-84.5T128 1376V416q0-119 84.5-203.5T416 128h960q119 0 203.5 84.5T1664 416z"/&gt;&lt;/svg&gt;&lt;/span&gt;
        &lt;span class="icon icon-open"&gt;&lt;svg width="1792" height="1792" viewBox="0 0 1792 1792" xmlns="http://www.w3.org/2000/svg"&gt;&lt;path d="M1408 960V832q0-26-19-45t-45-19h-320V448q0-26-19-45t-45-19H832q-26 0-45 19t-19 45v320H448q-26 0-45 19t-19 45v128q0 26 19 45t45 19h320v320q0 26 19 45t45 19h128q26 0 45-19t19-45v-320h320q26 0 45-19t19-45zm256-544v960q0 119-84.5 203.5T1376 1664H416q-119 0-203.5-84.5T128 1376V416q0-119 84.5-203.5T416 128h960q119 0 203.5 84.5T1664 416z"/&gt;&lt;/svg&gt;&lt;/span&gt;
    
            &lt;span class="trace-class"&gt;&lt;abbr title="PHPUnit\TextUI\Command"&gt;Command&lt;/abbr&gt;&lt;/span&gt;&lt;span class="trace-type"&gt;-&gt;&lt;/span&gt;&lt;span class="trace-method"&gt;run&lt;/span&gt;&lt;span class="trace-arguments"&gt;(&lt;em&gt;array&lt;/em&gt;('bin/phpunit', '--log-junit', 'test-results.xml'), &lt;em&gt;true&lt;/em&gt;)&lt;/span&gt;    
                    &lt;span class="block trace-file-path"&gt;
            in
            &lt;a href="file://C:\Users\sliti\Desktop\dev\esprit-PIDEV-3A16-2526-FARMIA\vendor\phpunit\phpunit\src\TextUI\Command.php#L99"&gt;
                C:\Users\sliti\Desktop\dev\esprit-PIDEV-3A16-2526-FARMIA\vendor\phpunit\phpunit\src\TextUI\&lt;strong&gt;Command.php&lt;/strong&gt;
            &lt;/a&gt;
                        (line 99)
            &lt;span class="icon icon-copy hidden" data-clipboard-text="C:\Users\sliti\Desktop\dev\esprit-PIDEV-3A16-2526-FARMIA\vendor\phpunit\phpunit\src\TextUI\Command.php:99"&gt;
                &lt;svg xmlns="http://www.w3.org/2000/svg" height="24" viewBox="0 0 24 24" width="24"&gt;&lt;path d="M0 0h24v24H0z" fill="none"/&gt;&lt;path d="M16 1H4c-1.1 0-2 .9-2 2v14h2V3h12V1zm3 4H8c-1.1 0-2 .9-2 2v14c0 1.1.9 2 2 2h11c1.1 0 2-.9 2-2V7c0-1.1-.9-2-2-2zm0 16H8V7h11v14z"/&gt;&lt;/svg&gt;            &lt;/span&gt;
        &lt;/span&gt;
    &lt;/div&gt;
    &lt;div id="trace-html-1-21" class="trace-code sf-toggle-content"&gt;
        &lt;ol start="94"&gt;&lt;li&gt;&lt;code&gt;&lt;span style="color: var(--highlight-comment)"&gt;&amp;nbsp;&amp;nbsp;&amp;nbsp;&amp;nbsp;&amp;nbsp;*&amp;nbsp;@throws&amp;nbsp;Exception&lt;/span&gt;&lt;/code&gt;&lt;/li&gt;
&lt;li&gt;&lt;code&gt;&lt;span style="color: var(--highlight-comment)"&gt;&amp;nbsp;&amp;nbsp;&amp;nbsp;&amp;nbsp;&amp;nbsp;*/&lt;/span&gt;&lt;/code&gt;&lt;/li&gt;
&lt;li&gt;&lt;code&gt;&lt;span style="color: var(--highlight-comment)"&gt;&amp;nbsp;&amp;nbsp;&amp;nbsp;&amp;nbsp;&lt;/span&gt;&lt;span style="color: var(--highlight-keyword)"&gt;public&amp;nbsp;static&amp;nbsp;function&amp;nbsp;&lt;/span&gt;&lt;span style="color: var(--highlight-default)"&gt;main&lt;/span&gt;&lt;span style="color: var(--highlight-keyword)"&gt;(&lt;/span&gt;&lt;span style="color: var(--highlight-default)"&gt;bool&amp;nbsp;$exit&amp;nbsp;&lt;/span&gt;&lt;span style="color: var(--highlight-keyword)"&gt;=&amp;nbsp;&lt;/span&gt;&lt;span style="color: var(--highlight-default)"&gt;true&lt;/span&gt;&lt;span style="color: var(--highlight-keyword)"&gt;):&amp;nbsp;&lt;/span&gt;&lt;span style="color: var(--highlight-default)"&gt;int&lt;/span&gt;&lt;/code&gt;&lt;/li&gt;
&lt;li&gt;&lt;code&gt;&lt;span style="color: var(--highlight-default)"&gt;&amp;nbsp;&amp;nbsp;&amp;nbsp;&amp;nbsp;&lt;/span&gt;&lt;span style="color: var(--highlight-keyword)"&gt;{&lt;/span&gt;&lt;/code&gt;&lt;/li&gt;
&lt;li&gt;&lt;code&gt;&lt;span style="color: var(--highlight-keyword)"&gt;&amp;nbsp;&amp;nbsp;&amp;nbsp;&amp;nbsp;&amp;nbsp;&amp;nbsp;&amp;nbsp;&amp;nbsp;try&amp;nbsp;{&lt;/span&gt;&lt;/code&gt;&lt;/li&gt;
&lt;li class="selected"&gt;&lt;code&gt;&lt;span style="color: var(--highlight-keyword)"&gt;&amp;nbsp;&amp;nbsp;&amp;nbsp;&amp;nbsp;&amp;nbsp;&amp;nbsp;&amp;nbsp;&amp;nbsp;&amp;nbsp;&amp;nbsp;&amp;nbsp;&amp;nbsp;return&amp;nbsp;(new&amp;nbsp;static)-&amp;gt;&lt;/span&gt;&lt;span style="color: var(--highlight-default)"&gt;run&lt;/span&gt;&lt;span style="color: var(--highlight-keyword)"&gt;(&lt;/span&gt;&lt;span style="color: var(--highlight-default)"&gt;$_SERVER&lt;/span&gt;&lt;span style="color: var(--highlight-keyword)"&gt;[&lt;/span&gt;&lt;span style="color: var(--highlight-string)"&gt;'argv'&lt;/span&gt;&lt;span style="color: var(--highlight-keyword)"&gt;],&amp;nbsp;&lt;/span&gt;&lt;span style="color: var(--highlight-default)"&gt;$exit&lt;/span&gt;&lt;span style="color: var(--highlight-keyword)"&gt;);&lt;/span&gt;&lt;/code&gt;&lt;/li&gt;
&lt;li&gt;&lt;code&gt;&lt;span style="color: var(--highlight-keyword)"&gt;&amp;nbsp;&amp;nbsp;&amp;nbsp;&amp;nbsp;&amp;nbsp;&amp;nbsp;&amp;nbsp;&amp;nbsp;}&amp;nbsp;catch&amp;nbsp;(&lt;/span&gt;&lt;span style="color: var(--highlight-default)"&gt;Throwable&amp;nbsp;$t&lt;/span&gt;&lt;span style="color: var(--highlight-keyword)"&gt;)&amp;nbsp;{&lt;/span&gt;&lt;/code&gt;&lt;/li&gt;
&lt;li&gt;&lt;code&gt;&lt;span style="color: var(--highlight-keyword)"&gt;&amp;nbsp;&amp;nbsp;&amp;nbsp;&amp;nbsp;&amp;nbsp;&amp;nbsp;&amp;nbsp;&amp;nbsp;&amp;nbsp;&amp;nbsp;&amp;nbsp;&amp;nbsp;throw&amp;nbsp;new&amp;nbsp;&lt;/span&gt;&lt;span style="color: var(--highlight-default)"&gt;RuntimeException&lt;/span&gt;&lt;span style="color: var(--highlight-keyword)"&gt;(&lt;/span&gt;&lt;/code&gt;&lt;/li&gt;
&lt;li&gt;&lt;code&gt;&lt;span style="color: var(--highlight-keyword)"&gt;&amp;nbsp;&amp;nbsp;&amp;nbsp;&amp;nbsp;&amp;nbsp;&amp;nbsp;&amp;nbsp;&amp;nbsp;&amp;nbsp;&amp;nbsp;&amp;nbsp;&amp;nbsp;&amp;nbsp;&amp;nbsp;&amp;nbsp;&amp;nbsp;&lt;/span&gt;&lt;span style="color: var(--highlight-default)"&gt;$t&lt;/span&gt;&lt;span style="color: var(--highlight-keyword)"&gt;-&amp;gt;&lt;/span&gt;&lt;span style="color: var(--highlight-default)"&gt;getMessage&lt;/span&gt;&lt;span style="color: var(--highlight-keyword)"&gt;(),&lt;/span&gt;&lt;/code&gt;&lt;/li&gt;
&lt;li&gt;&lt;code&gt;&lt;span style="color: var(--highlight-keyword)"&gt;&amp;nbsp;&amp;nbsp;&amp;nbsp;&amp;nbsp;&amp;nbsp;&amp;nbsp;&amp;nbsp;&amp;nbsp;&amp;nbsp;&amp;nbsp;&amp;nbsp;&amp;nbsp;&amp;nbsp;&amp;nbsp;&amp;nbsp;&amp;nbsp;(int)&amp;nbsp;&lt;/span&gt;&lt;span style="color: var(--highlight-default)"&gt;$t&lt;/span&gt;&lt;span style="color: var(--highlight-keyword)"&gt;-&amp;gt;&lt;/span&gt;&lt;span style="color: var(--highlight-default)"&gt;getCode&lt;/span&gt;&lt;span style="color: var(--highlight-keyword)"&gt;(),&lt;/span&gt;&lt;/code&gt;&lt;/li&gt;
&lt;li&gt;&lt;code&gt;&lt;span style="color: var(--highlight-keyword)"&gt;&amp;nbsp;&amp;nbsp;&amp;nbsp;&amp;nbsp;&amp;nbsp;&amp;nbsp;&amp;nbsp;&amp;nbsp;&amp;nbsp;&amp;nbsp;&amp;nbsp;&amp;nbsp;&amp;nbsp;&amp;nbsp;&amp;nbsp;&amp;nbsp;&lt;/span&gt;&lt;span style="color: var(--highlight-default)"&gt;$t&lt;/span&gt;&lt;span style="color: var(--highlight-keyword)"&gt;,&lt;/span&gt;&lt;/code&gt;&lt;/li&gt;&lt;/ol&gt;    &lt;/div&gt;            &lt;/div&gt;
                        &lt;div class="trace-line "&gt;
                &lt;div class="trace-line-header break-long-words sf-toggle" data-toggle-selector="#trace-html-1-22" data-toggle-initial=""&gt;
            &lt;span class="icon icon-close"&gt;&lt;svg width="1792" height="1792" viewBox="0 0 1792 1792" xmlns="http://www.w3.org/2000/svg"&gt;&lt;path d="M1408 960V832q0-26-19-45t-45-19H448q-26 0-45 19t-19 45v128q0 26 19 45t45 19h896q26 0 45-19t19-45zm256-544v960q0 119-84.5 203.5T1376 1664H416q-119 0-203.5-84.5T128 1376V416q0-119 84.5-203.5T416 128h960q119 0 203.5 84.5T1664 416z"/&gt;&lt;/svg&gt;&lt;/span&gt;
        &lt;span class="icon icon-open"&gt;&lt;svg width="1792" height="1792" viewBox="0 0 1792 1792" xmlns="http://www.w3.org/2000/svg"&gt;&lt;path d="M1408 960V832q0-26-19-45t-45-19h-320V448q0-26-19-45t-45-19H832q-26 0-45 19t-19 45v320H448q-26 0-45 19t-19 45v128q0 26 19 45t45 19h320v320q0 26 19 45t45 19h128q26 0 45-19t19-45v-320h320q26 0 45-19t19-45zm256-544v960q0 119-84.5 203.5T1376 1664H416q-119 0-203.5-84.5T128 1376V416q0-119 84.5-203.5T416 128h960q119 0 203.5 84.5T1664 416z"/&gt;&lt;/svg&gt;&lt;/span&gt;
    
            &lt;span class="trace-class"&gt;&lt;abbr title="PHPUnit\TextUI\Command"&gt;Command&lt;/abbr&gt;&lt;/span&gt;&lt;span class="trace-type"&gt;::&lt;/span&gt;&lt;span class="trace-method"&gt;main&lt;/span&gt;&lt;span class="trace-arguments"&gt;()&lt;/span&gt;    
                    &lt;span class="block trace-file-path"&gt;
            in
            &lt;a href="file://C:\Users\sliti\Desktop\dev\esprit-PIDEV-3A16-2526-FARMIA\vendor\phpunit\phpunit\phpunit#L107"&gt;
                C:\Users\sliti\Desktop\dev\esprit-PIDEV-3A16-2526-FARMIA\vendor\phpunit\phpunit\&lt;strong&gt;phpunit&lt;/strong&gt;
            &lt;/a&gt;
                        (line 107)
            &lt;span class="icon icon-copy hidden" data-clipboard-text="C:\Users\sliti\Desktop\dev\esprit-PIDEV-3A16-2526-FARMIA\vendor\phpunit\phpunit\phpunit:107"&gt;
                &lt;svg xmlns="http://www.w3.org/2000/svg" height="24" viewBox="0 0 24 24" width="24"&gt;&lt;path d="M0 0h24v24H0z" fill="none"/&gt;&lt;path d="M16 1H4c-1.1 0-2 .9-2 2v14h2V3h12V1zm3 4H8c-1.1 0-2 .9-2 2v14c0 1.1.9 2 2 2h11c1.1 0 2-.9 2-2V7c0-1.1-.9-2-2-2zm0 16H8V7h11v14z"/&gt;&lt;/svg&gt;            &lt;/span&gt;
        &lt;/span&gt;
    &lt;/div&gt;
    &lt;div id="trace-html-1-22" class="trace-code sf-toggle-content"&gt;
        &lt;ol start="102"&gt;&lt;li&gt;&lt;code&gt;&lt;span style="color: var(--highlight-keyword)"&gt;unset(&lt;/span&gt;&lt;span style="color: var(--highlight-default)"&gt;$options&lt;/span&gt;&lt;span style="color: var(--highlight-keyword)"&gt;);&lt;/span&gt;&lt;/code&gt;&lt;/li&gt;
&lt;li&gt;&lt;code&gt;&lt;span style="color: var(--highlight-keyword)"&gt;&lt;/span&gt;&lt;/code&gt;&lt;/li&gt;
&lt;li&gt;&lt;code&gt;&lt;span style="color: var(--highlight-keyword)"&gt;require&amp;nbsp;&lt;/span&gt;&lt;span style="color: var(--highlight-default)"&gt;PHPUNIT_COMPOSER_INSTALL&lt;/span&gt;&lt;span style="color: var(--highlight-keyword)"&gt;;&lt;/span&gt;&lt;/code&gt;&lt;/li&gt;
&lt;li&gt;&lt;code&gt;&lt;span style="color: var(--highlight-keyword)"&gt;&lt;/span&gt;&lt;/code&gt;&lt;/li&gt;
&lt;li&gt;&lt;code&gt;&lt;span style="color: var(--highlight-keyword)"&gt;&lt;/span&gt;&lt;span style="color: var(--highlight-default)"&gt;PHPUnit\TextUI\Command&lt;/span&gt;&lt;span style="color: var(--highlight-keyword)"&gt;::&lt;/span&gt;&lt;span style="color: var(--highlight-default)"&gt;main&lt;/span&gt;&lt;span style="color: var(--highlight-keyword)"&gt;();&lt;/span&gt;&lt;/code&gt;&lt;/li&gt;
&lt;li class="selected"&gt;&lt;code&gt;&lt;span style="color: var(--highlight-keyword)"&gt;&lt;/span&gt;&lt;/code&gt;&lt;/li&gt;&lt;/ol&gt;    &lt;/div&gt;            &lt;/div&gt;
                        &lt;div class="trace-line "&gt;
                &lt;div class="trace-line-header break-long-words sf-toggle" data-toggle-selector="#trace-html-1-23" data-toggle-initial=""&gt;
            &lt;span class="icon icon-close"&gt;&lt;svg width="1792" height="1792" viewBox="0 0 1792 1792" xmlns="http://www.w3.org/2000/svg"&gt;&lt;path d="M1408 960V832q0-26-19-45t-45-19H448q-26 0-45 19t-19 45v128q0 26 19 45t45 19h896q26 0 45-19t19-45zm256-544v960q0 119-84.5 203.5T1376 1664H416q-119 0-203.5-84.5T128 1376V416q0-119 84.5-203.5T416 128h960q119 0 203.5 84.5T1664 416z"/&gt;&lt;/svg&gt;&lt;/span&gt;
        &lt;span class="icon icon-open"&gt;&lt;svg width="1792" height="1792" viewBox="0 0 1792 1792" xmlns="http://www.w3.org/2000/svg"&gt;&lt;path d="M1408 960V832q0-26-19-45t-45-19h-320V448q0-26-19-45t-45-19H832q-26 0-45 19t-19 45v320H448q-26 0-45 19t-19 45v128q0 26 19 45t45 19h320v320q0 26 19 45t45 19h128q26 0 45-19t19-45v-320h320q26 0 45-19t19-45zm256-544v960q0 119-84.5 203.5T1376 1664H416q-119 0-203.5-84.5T128 1376V416q0-119 84.5-203.5T416 128h960q119 0 203.5 84.5T1664 416z"/&gt;&lt;/svg&gt;&lt;/span&gt;
    
            &lt;span class="trace-class"&gt;&lt;abbr title=""&gt;&lt;/abbr&gt;&lt;/span&gt;&lt;span class="trace-method"&gt;require&lt;/span&gt;&lt;span class="trace-arguments"&gt;('C:\\Users\\sliti\\Desktop\\dev\\esprit-PIDEV-3A16-2526-FARMIA\\vendor\\phpunit\\phpunit\\phpunit')&lt;/span&gt;    
                    &lt;span class="block trace-file-path"&gt;
            in
            &lt;a href="file://C:\Users\sliti\Desktop\dev\esprit-PIDEV-3A16-2526-FARMIA\bin\phpunit#L10"&gt;
                C:\Users\sliti\Desktop\dev\esprit-PIDEV-3A16-2526-FARMIA\bin\&lt;strong&gt;phpunit&lt;/strong&gt;
            &lt;/a&gt;
                        (line 10)
            &lt;span class="icon icon-copy hidden" data-clipboard-text="C:\Users\sliti\Desktop\dev\esprit-PIDEV-3A16-2526-FARMIA\bin\phpunit:10"&gt;
                &lt;svg xmlns="http://www.w3.org/2000/svg" height="24" viewBox="0 0 24 24" width="24"&gt;&lt;path d="M0 0h24v24H0z" fill="none"/&gt;&lt;path d="M16 1H4c-1.1 0-2 .9-2 2v14h2V3h12V1zm3 4H8c-1.1 0-2 .9-2 2v14c0 1.1.9 2 2 2h11c1.1 0 2-.9 2-2V7c0-1.1-.9-2-2-2zm0 16H8V7h11v14z"/&gt;&lt;/svg&gt;            &lt;/span&gt;
        &lt;/span&gt;
    &lt;/div&gt;
    &lt;div id="trace-html-1-23" class="trace-code sf-toggle-content"&gt;
        &lt;ol start="5"&gt;&lt;li&gt;&lt;code&gt;&lt;span style="color: var(--highlight-keyword)"&gt;}&#13;&lt;/span&gt;&lt;/code&gt;&lt;/li&gt;
&lt;li&gt;&lt;code&gt;&lt;span style="color: var(--highlight-keyword)"&gt;&#13;&lt;/span&gt;&lt;/code&gt;&lt;/li&gt;
&lt;li&gt;&lt;code&gt;&lt;span style="color: var(--highlight-keyword)"&gt;if&amp;nbsp;(&lt;/span&gt;&lt;span style="color: var(--highlight-default)"&gt;is_file&lt;/span&gt;&lt;span style="color: var(--highlight-keyword)"&gt;(&lt;/span&gt;&lt;span style="color: var(--highlight-default)"&gt;dirname&lt;/span&gt;&lt;span style="color: var(--highlight-keyword)"&gt;(&lt;/span&gt;&lt;span style="color: var(--highlight-default)"&gt;__DIR__&lt;/span&gt;&lt;span style="color: var(--highlight-keyword)"&gt;).&lt;/span&gt;&lt;span style="color: var(--highlight-string)"&gt;'/vendor/phpunit/phpunit/phpunit'&lt;/span&gt;&lt;span style="color: var(--highlight-keyword)"&gt;))&amp;nbsp;{&#13;&lt;/span&gt;&lt;/code&gt;&lt;/li&gt;
&lt;li&gt;&lt;code&gt;&lt;span style="color: var(--highlight-keyword)"&gt;&amp;nbsp;&amp;nbsp;&amp;nbsp;&amp;nbsp;if&amp;nbsp;(&lt;/span&gt;&lt;span style="color: var(--highlight-default)"&gt;PHP_VERSION_ID&amp;nbsp;&lt;/span&gt;&lt;span style="color: var(--highlight-keyword)"&gt;&amp;gt;=&amp;nbsp;&lt;/span&gt;&lt;span style="color: var(--highlight-default)"&gt;80000&lt;/span&gt;&lt;span style="color: var(--highlight-keyword)"&gt;)&amp;nbsp;{&#13;&lt;/span&gt;&lt;/code&gt;&lt;/li&gt;
&lt;li&gt;&lt;code&gt;&lt;span style="color: var(--highlight-keyword)"&gt;&amp;nbsp;&amp;nbsp;&amp;nbsp;&amp;nbsp;&amp;nbsp;&amp;nbsp;&amp;nbsp;&amp;nbsp;require&amp;nbsp;&lt;/span&gt;&lt;span style="color: var(--highlight-default)"&gt;dirname&lt;/span&gt;&lt;span style="color: var(--highlight-keyword)"&gt;(&lt;/span&gt;&lt;span style="color: var(--highlight-default)"&gt;__DIR__&lt;/span&gt;&lt;span style="color: var(--highlight-keyword)"&gt;).&lt;/span&gt;&lt;span style="color: var(--highlight-string)"&gt;'/vendor/phpunit/phpunit/phpunit'&lt;/span&gt;&lt;span style="color: var(--highlight-keyword)"&gt;;&#13;&lt;/span&gt;&lt;/code&gt;&lt;/li&gt;
&lt;li class="selected"&gt;&lt;code&gt;&lt;span style="color: var(--highlight-keyword)"&gt;&amp;nbsp;&amp;nbsp;&amp;nbsp;&amp;nbsp;}&amp;nbsp;else&amp;nbsp;{&#13;&lt;/span&gt;&lt;/code&gt;&lt;/li&gt;
&lt;li&gt;&lt;code&gt;&lt;span style="color: var(--highlight-keyword)"&gt;&amp;nbsp;&amp;nbsp;&amp;nbsp;&amp;nbsp;&amp;nbsp;&amp;nbsp;&amp;nbsp;&amp;nbsp;&lt;/span&gt;&lt;span style="color: var(--highlight-default)"&gt;define&lt;/span&gt;&lt;span style="color: var(--highlight-keyword)"&gt;(&lt;/span&gt;&lt;span style="color: var(--highlight-string)"&gt;'PHPUNIT_COMPOSER_INSTALL'&lt;/span&gt;&lt;span style="color: var(--highlight-keyword)"&gt;,&amp;nbsp;&lt;/span&gt;&lt;span style="color: var(--highlight-default)"&gt;dirname&lt;/span&gt;&lt;span style="color: var(--highlight-keyword)"&gt;(&lt;/span&gt;&lt;span style="color: var(--highlight-default)"&gt;__DIR__&lt;/span&gt;&lt;span style="color: var(--highlight-keyword)"&gt;).&lt;/span&gt;&lt;span style="color: var(--highlight-string)"&gt;'/vendor/autoload.php'&lt;/span&gt;&lt;span style="color: var(--highlight-keyword)"&gt;);&#13;&lt;/span&gt;&lt;/code&gt;&lt;/li&gt;
&lt;li&gt;&lt;code&gt;&lt;span style="color: var(--highlight-keyword)"&gt;&amp;nbsp;&amp;nbsp;&amp;nbsp;&amp;nbsp;&amp;nbsp;&amp;nbsp;&amp;nbsp;&amp;nbsp;require&amp;nbsp;&lt;/span&gt;&lt;span style="color: var(--highlight-default)"&gt;PHPUNIT_COMPOSER_INSTALL&lt;/span&gt;&lt;span style="color: var(--highlight-keyword)"&gt;;&#13;&lt;/span&gt;&lt;/code&gt;&lt;/li&gt;
&lt;li&gt;&lt;code&gt;&lt;span style="color: var(--highlight-keyword)"&gt;&amp;nbsp;&amp;nbsp;&amp;nbsp;&amp;nbsp;&amp;nbsp;&amp;nbsp;&amp;nbsp;&amp;nbsp;&lt;/span&gt;&lt;span style="color: var(--highlight-default)"&gt;PHPUnit\TextUI\Command&lt;/span&gt;&lt;span style="color: var(--highlight-keyword)"&gt;::&lt;/span&gt;&lt;span style="color: var(--highlight-default)"&gt;main&lt;/span&gt;&lt;span style="color: var(--highlight-keyword)"&gt;();&#13;&lt;/span&gt;&lt;/code&gt;&lt;/li&gt;
&lt;li&gt;&lt;code&gt;&lt;span style="color: var(--highlight-keyword)"&gt;&amp;nbsp;&amp;nbsp;&amp;nbsp;&amp;nbsp;}&#13;&lt;/span&gt;&lt;/code&gt;&lt;/li&gt;
&lt;li&gt;&lt;code&gt;&lt;span style="color: var(--highlight-keyword)"&gt;}&amp;nbsp;else&amp;nbsp;{&#13;&lt;/span&gt;&lt;/code&gt;&lt;/li&gt;&lt;/ol&gt;    &lt;/div&gt;            &lt;/div&gt;
                    &lt;/div&gt;
    &lt;/div&gt;
&lt;/div&gt;&lt;div class="trace trace-as-html" id="trace-box-2"&gt;
    &lt;div class="trace-details"&gt;
        &lt;div class="trace-head"&gt;
            &lt;div class="sf-toggle" data-toggle-selector="#trace-html-2" data-toggle-initial=""&gt;
                &lt;span class="icon icon-close"&gt;&lt;svg width="1792" height="1792" viewBox="0 0 1792 1792" xmlns="http://www.w3.org/2000/svg"&gt;&lt;path d="M1344 800v64q0 14-9 23t-23 9H480q-14 0-23-9t-9-23v-64q0-14 9-23t23-9h832q14 0 23 9t9 23zm128 448V416q0-66-47-113t-113-47H480q-66 0-113 47t-47 113v832q0 66 47 113t113 47h832q66 0 113-47t47-113zm128-832v832q0 119-84.5 203.5T1312 1536H480q-119 0-203.5-84.5T192 1248V416q0-119 84.5-203.5T480 128h832q119 0 203.5 84.5T1600 416z"/&gt;&lt;/svg&gt;&lt;/span&gt;
                &lt;span class="icon icon-open"&gt;&lt;svg width="1792" height="1792" viewBox="0 0 1792 1792" xmlns="http://www.w3.org/2000/svg"&gt;&lt;path d="M1344 800v64q0 14-9 23t-23 9H960v352q0 14-9 23t-23 9h-64q-14 0-23-9t-9-23V896H480q-14 0-23-9t-9-23v-64q0-14 9-23t23-9h352V416q0-14 9-23t23-9h64q14 0 23 9t9 23v352h352q14 0 23 9t9 23zm128 448V416q0-66-47-113t-113-47H480q-66 0-113 47t-47 113v832q0 66 47 113t113 47h832q66 0 113-47t47-113zm128-832v832q0 119-84.5 203.5T1312 1536H480q-119 0-203.5-84.5T192 1248V416q0-119 84.5-203.5T480 128h832q119 0 203.5 84.5T1600 416z"/&gt;&lt;/svg&gt;&lt;/span&gt;
                                                    &lt;h3 class="trace-class"&gt;
                                                    &lt;span class="trace-namespace"&gt;Symfony\Component\Routing\Exception\&lt;/span&gt;
                                                ResourceNotFoundException                    &lt;/h3&gt;
                                                    &lt;p class="break-long-words trace-message"&gt;No routes found for &amp;quot;/expert/conseil/&amp;quot;.&lt;/p&gt;
                            &lt;/div&gt;
                    &lt;/div&gt;

        &lt;div id="trace-html-2" class="sf-toggle-content"&gt;
                    &lt;div class="trace-line "&gt;
                &lt;div class="trace-line-header break-long-words sf-toggle" data-toggle-selector="#trace-html-2-0" data-toggle-initial="display"&gt;
            &lt;span class="icon icon-close"&gt;&lt;svg width="1792" height="1792" viewBox="0 0 1792 1792" xmlns="http://www.w3.org/2000/svg"&gt;&lt;path d="M1408 960V832q0-26-19-45t-45-19H448q-26 0-45 19t-19 45v128q0 26 19 45t45 19h896q26 0 45-19t19-45zm256-544v960q0 119-84.5 203.5T1376 1664H416q-119 0-203.5-84.5T128 1376V416q0-119 84.5-203.5T416 128h960q119 0 203.5 84.5T1664 416z"/&gt;&lt;/svg&gt;&lt;/span&gt;
        &lt;span class="icon icon-open"&gt;&lt;svg width="1792" height="1792" viewBox="0 0 1792 1792" xmlns="http://www.w3.org/2000/svg"&gt;&lt;path d="M1408 960V832q0-26-19-45t-45-19h-320V448q0-26-19-45t-45-19H832q-26 0-45 19t-19 45v320H448q-26 0-45 19t-19 45v128q0 26 19 45t45 19h320v320q0 26 19 45t45 19h128q26 0 45-19t19-45v-320h320q26 0 45-19t19-45zm256-544v960q0 119-84.5 203.5T1376 1664H416q-119 0-203.5-84.5T128 1376V416q0-119 84.5-203.5T416 128h960q119 0 203.5 84.5T1664 416z"/&gt;&lt;/svg&gt;&lt;/span&gt;
    
    
                    &lt;span class="block trace-file-path"&gt;
            in
            &lt;a href="file://C:\Users\sliti\Desktop\dev\esprit-PIDEV-3A16-2526-FARMIA\vendor\symfony\routing\Matcher\Dumper\CompiledUrlMatcherTrait.php#L70"&gt;
                C:\Users\sliti\Desktop\dev\esprit-PIDEV-3A16-2526-FARMIA\vendor\symfony\routing\Matcher\Dumper\&lt;strong&gt;CompiledUrlMatcherTrait.php&lt;/strong&gt;
            &lt;/a&gt;
                        (line 70)
            &lt;span class="icon icon-copy hidden" data-clipboard-text="C:\Users\sliti\Desktop\dev\esprit-PIDEV-3A16-2526-FARMIA\vendor\symfony\routing\Matcher\Dumper\CompiledUrlMatcherTrait.php:70"&gt;
                &lt;svg xmlns="http://www.w3.org/2000/svg" height="24" viewBox="0 0 24 24" width="24"&gt;&lt;path d="M0 0h24v24H0z" fill="none"/&gt;&lt;path d="M16 1H4c-1.1 0-2 .9-2 2v14h2V3h12V1zm3 4H8c-1.1 0-2 .9-2 2v14c0 1.1.9 2 2 2h11c1.1 0 2-.9 2-2V7c0-1.1-.9-2-2-2zm0 16H8V7h11v14z"/&gt;&lt;/svg&gt;            &lt;/span&gt;
        &lt;/span&gt;
    &lt;/div&gt;
    &lt;div id="trace-html-2-0" class="trace-code sf-toggle-content"&gt;
        &lt;ol start="65"&gt;&lt;li&gt;&lt;code&gt;&lt;span style="color: var(--highlight-keyword)"&gt;&amp;nbsp;&amp;nbsp;&amp;nbsp;&amp;nbsp;&amp;nbsp;&amp;nbsp;&amp;nbsp;&amp;nbsp;&amp;nbsp;&amp;nbsp;&amp;nbsp;&amp;nbsp;if&amp;nbsp;(&lt;/span&gt;&lt;span style="color: var(--highlight-default)"&gt;$allowSchemes&lt;/span&gt;&lt;span style="color: var(--highlight-keyword)"&gt;)&amp;nbsp;{&lt;/span&gt;&lt;/code&gt;&lt;/li&gt;
&lt;li&gt;&lt;code&gt;&lt;span style="color: var(--highlight-keyword)"&gt;&amp;nbsp;&amp;nbsp;&amp;nbsp;&amp;nbsp;&amp;nbsp;&amp;nbsp;&amp;nbsp;&amp;nbsp;&amp;nbsp;&amp;nbsp;&amp;nbsp;&amp;nbsp;&amp;nbsp;&amp;nbsp;&amp;nbsp;&amp;nbsp;goto&amp;nbsp;&lt;/span&gt;&lt;span style="color: var(--highlight-default)"&gt;redirect_scheme&lt;/span&gt;&lt;span style="color: var(--highlight-keyword)"&gt;;&lt;/span&gt;&lt;/code&gt;&lt;/li&gt;
&lt;li&gt;&lt;code&gt;&lt;span style="color: var(--highlight-keyword)"&gt;&amp;nbsp;&amp;nbsp;&amp;nbsp;&amp;nbsp;&amp;nbsp;&amp;nbsp;&amp;nbsp;&amp;nbsp;&amp;nbsp;&amp;nbsp;&amp;nbsp;&amp;nbsp;}&lt;/span&gt;&lt;/code&gt;&lt;/li&gt;
&lt;li&gt;&lt;code&gt;&lt;span style="color: var(--highlight-keyword)"&gt;&amp;nbsp;&amp;nbsp;&amp;nbsp;&amp;nbsp;&amp;nbsp;&amp;nbsp;&amp;nbsp;&amp;nbsp;}&lt;/span&gt;&lt;/code&gt;&lt;/li&gt;
&lt;li&gt;&lt;code&gt;&lt;span style="color: var(--highlight-keyword)"&gt;&lt;/span&gt;&lt;/code&gt;&lt;/li&gt;
&lt;li class="selected"&gt;&lt;code&gt;&lt;span style="color: var(--highlight-keyword)"&gt;&amp;nbsp;&amp;nbsp;&amp;nbsp;&amp;nbsp;&amp;nbsp;&amp;nbsp;&amp;nbsp;&amp;nbsp;throw&amp;nbsp;new&amp;nbsp;&lt;/span&gt;&lt;span style="color: var(--highlight-default)"&gt;ResourceNotFoundException&lt;/span&gt;&lt;span style="color: var(--highlight-keyword)"&gt;(&lt;/span&gt;&lt;span style="color: var(--highlight-default)"&gt;\sprintf&lt;/span&gt;&lt;span style="color: var(--highlight-keyword)"&gt;(&lt;/span&gt;&lt;span style="color: var(--highlight-string)"&gt;'No&amp;nbsp;routes&amp;nbsp;found&amp;nbsp;for&amp;nbsp;"%s".'&lt;/span&gt;&lt;span style="color: var(--highlight-keyword)"&gt;,&amp;nbsp;&lt;/span&gt;&lt;span style="color: var(--highlight-default)"&gt;$pathinfo&lt;/span&gt;&lt;span style="color: var(--highlight-keyword)"&gt;));&lt;/span&gt;&lt;/code&gt;&lt;/li&gt;
&lt;li&gt;&lt;code&gt;&lt;span style="color: var(--highlight-keyword)"&gt;&amp;nbsp;&amp;nbsp;&amp;nbsp;&amp;nbsp;}&lt;/span&gt;&lt;/code&gt;&lt;/li&gt;
&lt;li&gt;&lt;code&gt;&lt;span style="color: var(--highlight-keyword)"&gt;&lt;/span&gt;&lt;/code&gt;&lt;/li&gt;
&lt;li&gt;&lt;code&gt;&lt;span style="color: var(--highlight-keyword)"&gt;&amp;nbsp;&amp;nbsp;&amp;nbsp;&amp;nbsp;private&amp;nbsp;function&amp;nbsp;&lt;/span&gt;&lt;span style="color: var(--highlight-default)"&gt;doMatch&lt;/span&gt;&lt;span style="color: var(--highlight-keyword)"&gt;(&lt;/span&gt;&lt;span style="color: var(--highlight-default)"&gt;string&amp;nbsp;$pathinfo&lt;/span&gt;&lt;span style="color: var(--highlight-keyword)"&gt;,&amp;nbsp;array&amp;nbsp;&amp;amp;&lt;/span&gt;&lt;span style="color: var(--highlight-default)"&gt;$allow&amp;nbsp;&lt;/span&gt;&lt;span style="color: var(--highlight-keyword)"&gt;=&amp;nbsp;[],&amp;nbsp;array&amp;nbsp;&amp;amp;&lt;/span&gt;&lt;span style="color: var(--highlight-default)"&gt;$allowSchemes&amp;nbsp;&lt;/span&gt;&lt;span style="color: var(--highlight-keyword)"&gt;=&amp;nbsp;[]):&amp;nbsp;array&lt;/span&gt;&lt;/code&gt;&lt;/li&gt;
&lt;li&gt;&lt;code&gt;&lt;span style="color: var(--highlight-keyword)"&gt;&amp;nbsp;&amp;nbsp;&amp;nbsp;&amp;nbsp;{&lt;/span&gt;&lt;/code&gt;&lt;/li&gt;
&lt;li&gt;&lt;code&gt;&lt;span style="color: var(--highlight-keyword)"&gt;&amp;nbsp;&amp;nbsp;&amp;nbsp;&amp;nbsp;&amp;nbsp;&amp;nbsp;&amp;nbsp;&amp;nbsp;&lt;/span&gt;&lt;span style="color: var(--highlight-default)"&gt;$allow&amp;nbsp;&lt;/span&gt;&lt;span style="color: var(--highlight-keyword)"&gt;=&amp;nbsp;&lt;/span&gt;&lt;span style="color: var(--highlight-default)"&gt;$allowSchemes&amp;nbsp;&lt;/span&gt;&lt;span style="color: var(--highlight-keyword)"&gt;=&amp;nbsp;[];&lt;/span&gt;&lt;/code&gt;&lt;/li&gt;&lt;/ol&gt;    &lt;/div&gt;            &lt;/div&gt;
                        &lt;div class="trace-line "&gt;
                &lt;div class="trace-line-header break-long-words sf-toggle" data-toggle-selector="#trace-html-2-1" data-toggle-initial=""&gt;
            &lt;span class="icon icon-close"&gt;&lt;svg width="1792" height="1792" viewBox="0 0 1792 1792" xmlns="http://www.w3.org/2000/svg"&gt;&lt;path d="M1408 960V832q0-26-19-45t-45-19H448q-26 0-45 19t-19 45v128q0 26 19 45t45 19h896q26 0 45-19t19-45zm256-544v960q0 119-84.5 203.5T1376 1664H416q-119 0-203.5-84.5T128 1376V416q0-119 84.5-203.5T416 128h960q119 0 203.5 84.5T1664 416z"/&gt;&lt;/svg&gt;&lt;/span&gt;
        &lt;span class="icon icon-open"&gt;&lt;svg width="1792" height="1792" viewBox="0 0 1792 1792" xmlns="http://www.w3.org/2000/svg"&gt;&lt;path d="M1408 960V832q0-26-19-45t-45-19h-320V448q0-26-19-45t-45-19H832q-26 0-45 19t-19 45v320H448q-26 0-45 19t-19 45v128q0 26 19 45t45 19h320v320q0 26 19 45t45 19h128q26 0 45-19t19-45v-320h320q26 0 45-19t19-45zm256-544v960q0 119-84.5 203.5T1376 1664H416q-119 0-203.5-84.5T128 1376V416q0-119 84.5-203.5T416 128h960q119 0 203.5 84.5T1664 416z"/&gt;&lt;/svg&gt;&lt;/span&gt;
    
            &lt;span class="trace-class"&gt;&lt;abbr title="Symfony\Component\Routing\Matcher\CompiledUrlMatcher"&gt;CompiledUrlMatcher&lt;/abbr&gt;&lt;/span&gt;&lt;span class="trace-type"&gt;-&gt;&lt;/span&gt;&lt;span class="trace-method"&gt;match&lt;/span&gt;&lt;span class="trace-arguments"&gt;('/expert/conseil/')&lt;/span&gt;    
                    &lt;span class="block trace-file-path"&gt;
            in
            &lt;a href="file://C:\Users\sliti\Desktop\dev\esprit-PIDEV-3A16-2526-FARMIA\vendor\symfony\routing\Matcher\UrlMatcher.php#L98"&gt;
                C:\Users\sliti\Desktop\dev\esprit-PIDEV-3A16-2526-FARMIA\vendor\symfony\routing\Matcher\&lt;strong&gt;UrlMatcher.php&lt;/strong&gt;
            &lt;/a&gt;
                        (line 98)
            &lt;span class="icon icon-copy hidden" data-clipboard-text="C:\Users\sliti\Desktop\dev\esprit-PIDEV-3A16-2526-FARMIA\vendor\symfony\routing\Matcher\UrlMatcher.php:98"&gt;
                &lt;svg xmlns="http://www.w3.org/2000/svg" height="24" viewBox="0 0 24 24" width="24"&gt;&lt;path d="M0 0h24v24H0z" fill="none"/&gt;&lt;path d="M16 1H4c-1.1 0-2 .9-2 2v14h2V3h12V1zm3 4H8c-1.1 0-2 .9-2 2v14c0 1.1.9 2 2 2h11c1.1 0 2-.9 2-2V7c0-1.1-.9-2-2-2zm0 16H8V7h11v14z"/&gt;&lt;/svg&gt;            &lt;/span&gt;
        &lt;/span&gt;
    &lt;/div&gt;
    &lt;div id="trace-html-2-1" class="trace-code sf-toggle-content"&gt;
        &lt;ol start="93"&gt;&lt;li&gt;&lt;code&gt;&lt;span style="color: var(--highlight-keyword)"&gt;&lt;/span&gt;&lt;/code&gt;&lt;/li&gt;
&lt;li&gt;&lt;code&gt;&lt;span style="color: var(--highlight-keyword)"&gt;&amp;nbsp;&amp;nbsp;&amp;nbsp;&amp;nbsp;public&amp;nbsp;function&amp;nbsp;&lt;/span&gt;&lt;span style="color: var(--highlight-default)"&gt;matchRequest&lt;/span&gt;&lt;span style="color: var(--highlight-keyword)"&gt;(&lt;/span&gt;&lt;span style="color: var(--highlight-default)"&gt;Request&amp;nbsp;$request&lt;/span&gt;&lt;span style="color: var(--highlight-keyword)"&gt;):&amp;nbsp;array&lt;/span&gt;&lt;/code&gt;&lt;/li&gt;
&lt;li&gt;&lt;code&gt;&lt;span style="color: var(--highlight-keyword)"&gt;&amp;nbsp;&amp;nbsp;&amp;nbsp;&amp;nbsp;{&lt;/span&gt;&lt;/code&gt;&lt;/li&gt;
&lt;li&gt;&lt;code&gt;&lt;span style="color: var(--highlight-keyword)"&gt;&amp;nbsp;&amp;nbsp;&amp;nbsp;&amp;nbsp;&amp;nbsp;&amp;nbsp;&amp;nbsp;&amp;nbsp;&lt;/span&gt;&lt;span style="color: var(--highlight-default)"&gt;$this&lt;/span&gt;&lt;span style="color: var(--highlight-keyword)"&gt;-&amp;gt;&lt;/span&gt;&lt;span style="color: var(--highlight-default)"&gt;request&amp;nbsp;&lt;/span&gt;&lt;span style="color: var(--highlight-keyword)"&gt;=&amp;nbsp;&lt;/span&gt;&lt;span style="color: var(--highlight-default)"&gt;$request&lt;/span&gt;&lt;span style="color: var(--highlight-keyword)"&gt;;&lt;/span&gt;&lt;/code&gt;&lt;/li&gt;
&lt;li&gt;&lt;code&gt;&lt;span style="color: var(--highlight-keyword)"&gt;&lt;/span&gt;&lt;/code&gt;&lt;/li&gt;
&lt;li class="selected"&gt;&lt;code&gt;&lt;span style="color: var(--highlight-keyword)"&gt;&amp;nbsp;&amp;nbsp;&amp;nbsp;&amp;nbsp;&amp;nbsp;&amp;nbsp;&amp;nbsp;&amp;nbsp;&lt;/span&gt;&lt;span style="color: var(--highlight-default)"&gt;$ret&amp;nbsp;&lt;/span&gt;&lt;span style="color: var(--highlight-keyword)"&gt;=&amp;nbsp;&lt;/span&gt;&lt;span style="color: var(--highlight-default)"&gt;$this&lt;/span&gt;&lt;span style="color: var(--highlight-keyword)"&gt;-&amp;gt;&lt;/span&gt;&lt;span style="color: var(--highlight-default)"&gt;match&lt;/span&gt;&lt;span style="color: var(--highlight-keyword)"&gt;(&lt;/span&gt;&lt;span style="color: var(--highlight-default)"&gt;$request&lt;/span&gt;&lt;span style="color: var(--highlight-keyword)"&gt;-&amp;gt;&lt;/span&gt;&lt;span style="color: var(--highlight-default)"&gt;getPathInfo&lt;/span&gt;&lt;span style="color: var(--highlight-keyword)"&gt;());&lt;/span&gt;&lt;/code&gt;&lt;/li&gt;
&lt;li&gt;&lt;code&gt;&lt;span style="color: var(--highlight-keyword)"&gt;&lt;/span&gt;&lt;/code&gt;&lt;/li&gt;
&lt;li&gt;&lt;code&gt;&lt;span style="color: var(--highlight-keyword)"&gt;&amp;nbsp;&amp;nbsp;&amp;nbsp;&amp;nbsp;&amp;nbsp;&amp;nbsp;&amp;nbsp;&amp;nbsp;&lt;/span&gt;&lt;span style="color: var(--highlight-default)"&gt;$this&lt;/span&gt;&lt;span style="color: var(--highlight-keyword)"&gt;-&amp;gt;&lt;/span&gt;&lt;span style="color: var(--highlight-default)"&gt;request&amp;nbsp;&lt;/span&gt;&lt;span style="color: var(--highlight-keyword)"&gt;=&amp;nbsp;&lt;/span&gt;&lt;span style="color: var(--highlight-default)"&gt;null&lt;/span&gt;&lt;span style="color: var(--highlight-keyword)"&gt;;&lt;/span&gt;&lt;/code&gt;&lt;/li&gt;
&lt;li&gt;&lt;code&gt;&lt;span style="color: var(--highlight-keyword)"&gt;&lt;/span&gt;&lt;/code&gt;&lt;/li&gt;
&lt;li&gt;&lt;code&gt;&lt;span style="color: var(--highlight-keyword)"&gt;&amp;nbsp;&amp;nbsp;&amp;nbsp;&amp;nbsp;&amp;nbsp;&amp;nbsp;&amp;nbsp;&amp;nbsp;return&amp;nbsp;&lt;/span&gt;&lt;span style="color: var(--highlight-default)"&gt;$ret&lt;/span&gt;&lt;span style="color: var(--highlight-keyword)"&gt;;&lt;/span&gt;&lt;/code&gt;&lt;/li&gt;
&lt;li&gt;&lt;code&gt;&lt;span style="color: var(--highlight-keyword)"&gt;&amp;nbsp;&amp;nbsp;&amp;nbsp;&amp;nbsp;}&lt;/span&gt;&lt;/code&gt;&lt;/li&gt;&lt;/ol&gt;    &lt;/div&gt;            &lt;/div&gt;
                        &lt;div class="trace-line "&gt;
                &lt;div class="trace-line-header break-long-words sf-toggle" data-toggle-selector="#trace-html-2-2" data-toggle-initial=""&gt;
            &lt;span class="icon icon-close"&gt;&lt;svg width="1792" height="1792" viewBox="0 0 1792 1792" xmlns="http://www.w3.org/2000/svg"&gt;&lt;path d="M1408 960V832q0-26-19-45t-45-19H448q-26 0-45 19t-19 45v128q0 26 19 45t45 19h896q26 0 45-19t19-45zm256-544v960q0 119-84.5 203.5T1376 1664H416q-119 0-203.5-84.5T128 1376V416q0-119 84.5-203.5T416 128h960q119 0 203.5 84.5T1664 416z"/&gt;&lt;/svg&gt;&lt;/span&gt;
        &lt;span class="icon icon-open"&gt;&lt;svg width="1792" height="1792" viewBox="0 0 1792 1792" xmlns="http://www.w3.org/2000/svg"&gt;&lt;path d="M1408 960V832q0-26-19-45t-45-19h-320V448q0-26-19-45t-45-19H832q-26 0-45 19t-19 45v320H448q-26 0-45 19t-19 45v128q0 26 19 45t45 19h320v320q0 26 19 45t45 19h128q26 0 45-19t19-45v-320h320q26 0 45-19t19-45zm256-544v960q0 119-84.5 203.5T1376 1664H416q-119 0-203.5-84.5T128 1376V416q0-119 84.5-203.5T416 128h960q119 0 203.5 84.5T1664 416z"/&gt;&lt;/svg&gt;&lt;/span&gt;
    
            &lt;span class="trace-class"&gt;&lt;abbr title="Symfony\Component\Routing\Matcher\UrlMatcher"&gt;UrlMatcher&lt;/abbr&gt;&lt;/span&gt;&lt;span class="trace-type"&gt;-&gt;&lt;/span&gt;&lt;span class="trace-method"&gt;matchRequest&lt;/span&gt;&lt;span class="trace-arguments"&gt;(&lt;em&gt;object&lt;/em&gt;(&lt;abbr title="Symfony\Component\HttpFoundation\Request"&gt;Request&lt;/abbr&gt;))&lt;/span&gt;    
                    &lt;span class="block trace-file-path"&gt;
            in
            &lt;a href="file://C:\Users\sliti\Desktop\dev\esprit-PIDEV-3A16-2526-FARMIA\vendor\symfony\routing\Router.php#L237"&gt;
                C:\Users\sliti\Desktop\dev\esprit-PIDEV-3A16-2526-FARMIA\vendor\symfony\routing\&lt;strong&gt;Router.php&lt;/strong&gt;
            &lt;/a&gt;
                        (line 237)
            &lt;span class="icon icon-copy hidden" data-clipboard-text="C:\Users\sliti\Desktop\dev\esprit-PIDEV-3A16-2526-FARMIA\vendor\symfony\routing\Router.php:237"&gt;
                &lt;svg xmlns="http://www.w3.org/2000/svg" height="24" viewBox="0 0 24 24" width="24"&gt;&lt;path d="M0 0h24v24H0z" fill="none"/&gt;&lt;path d="M16 1H4c-1.1 0-2 .9-2 2v14h2V3h12V1zm3 4H8c-1.1 0-2 .9-2 2v14c0 1.1.9 2 2 2h11c1.1 0 2-.9 2-2V7c0-1.1-.9-2-2-2zm0 16H8V7h11v14z"/&gt;&lt;/svg&gt;            &lt;/span&gt;
        &lt;/span&gt;
    &lt;/div&gt;
    &lt;div id="trace-html-2-2" class="trace-code sf-toggle-content"&gt;
        &lt;ol start="232"&gt;&lt;li&gt;&lt;code&gt;&lt;span style="color: var(--highlight-keyword)"&gt;&amp;nbsp;&amp;nbsp;&amp;nbsp;&amp;nbsp;&amp;nbsp;&amp;nbsp;&amp;nbsp;&amp;nbsp;if&amp;nbsp;(!&lt;/span&gt;&lt;span style="color: var(--highlight-default)"&gt;$matcher&amp;nbsp;&lt;/span&gt;&lt;span style="color: var(--highlight-keyword)"&gt;instanceof&amp;nbsp;&lt;/span&gt;&lt;span style="color: var(--highlight-default)"&gt;RequestMatcherInterface&lt;/span&gt;&lt;span style="color: var(--highlight-keyword)"&gt;)&amp;nbsp;{&lt;/span&gt;&lt;/code&gt;&lt;/li&gt;
&lt;li&gt;&lt;code&gt;&lt;span style="color: var(--highlight-keyword)"&gt;&amp;nbsp;&amp;nbsp;&amp;nbsp;&amp;nbsp;&amp;nbsp;&amp;nbsp;&amp;nbsp;&amp;nbsp;&amp;nbsp;&amp;nbsp;&amp;nbsp;&amp;nbsp;&lt;/span&gt;&lt;span style="color: var(--highlight-comment)"&gt;//&amp;nbsp;fallback&amp;nbsp;to&amp;nbsp;the&amp;nbsp;default&amp;nbsp;UrlMatcherInterface&lt;/span&gt;&lt;/code&gt;&lt;/li&gt;
&lt;li&gt;&lt;code&gt;&lt;span style="color: var(--highlight-comment)"&gt;&amp;nbsp;&amp;nbsp;&amp;nbsp;&amp;nbsp;&amp;nbsp;&amp;nbsp;&amp;nbsp;&amp;nbsp;&amp;nbsp;&amp;nbsp;&amp;nbsp;&amp;nbsp;&lt;/span&gt;&lt;span style="color: var(--highlight-keyword)"&gt;return&amp;nbsp;&lt;/span&gt;&lt;span style="color: var(--highlight-default)"&gt;$matcher&lt;/span&gt;&lt;span style="color: var(--highlight-keyword)"&gt;-&amp;gt;&lt;/span&gt;&lt;span style="color: var(--highlight-default)"&gt;match&lt;/span&gt;&lt;span style="color: var(--highlight-keyword)"&gt;(&lt;/span&gt;&lt;span style="color: var(--highlight-default)"&gt;$request&lt;/span&gt;&lt;span style="color: var(--highlight-keyword)"&gt;-&amp;gt;&lt;/span&gt;&lt;span style="color: var(--highlight-default)"&gt;getPathInfo&lt;/span&gt;&lt;span style="color: var(--highlight-keyword)"&gt;());&lt;/span&gt;&lt;/code&gt;&lt;/li&gt;
&lt;li&gt;&lt;code&gt;&lt;span style="color: var(--highlight-keyword)"&gt;&amp;nbsp;&amp;nbsp;&amp;nbsp;&amp;nbsp;&amp;nbsp;&amp;nbsp;&amp;nbsp;&amp;nbsp;}&lt;/span&gt;&lt;/code&gt;&lt;/li&gt;
&lt;li&gt;&lt;code&gt;&lt;span style="color: var(--highlight-keyword)"&gt;&lt;/span&gt;&lt;/code&gt;&lt;/li&gt;
&lt;li class="selected"&gt;&lt;code&gt;&lt;span style="color: var(--highlight-keyword)"&gt;&amp;nbsp;&amp;nbsp;&amp;nbsp;&amp;nbsp;&amp;nbsp;&amp;nbsp;&amp;nbsp;&amp;nbsp;return&amp;nbsp;&lt;/span&gt;&lt;span style="color: var(--highlight-default)"&gt;$matcher&lt;/span&gt;&lt;span style="color: var(--highlight-keyword)"&gt;-&amp;gt;&lt;/span&gt;&lt;span style="color: var(--highlight-default)"&gt;matchRequest&lt;/span&gt;&lt;span style="color: var(--highlight-keyword)"&gt;(&lt;/span&gt;&lt;span style="color: var(--highlight-default)"&gt;$request&lt;/span&gt;&lt;span style="color: var(--highlight-keyword)"&gt;);&lt;/span&gt;&lt;/code&gt;&lt;/li&gt;
&lt;li&gt;&lt;code&gt;&lt;span style="color: var(--highlight-keyword)"&gt;&amp;nbsp;&amp;nbsp;&amp;nbsp;&amp;nbsp;}&lt;/span&gt;&lt;/code&gt;&lt;/li&gt;
&lt;li&gt;&lt;code&gt;&lt;span style="color: var(--highlight-keyword)"&gt;&lt;/span&gt;&lt;/code&gt;&lt;/li&gt;
&lt;li&gt;&lt;code&gt;&lt;span style="color: var(--highlight-keyword)"&gt;&amp;nbsp;&amp;nbsp;&amp;nbsp;&amp;nbsp;&lt;/span&gt;&lt;span style="color: var(--highlight-comment)"&gt;/**&lt;/span&gt;&lt;/code&gt;&lt;/li&gt;
&lt;li&gt;&lt;code&gt;&lt;span style="color: var(--highlight-comment)"&gt;&amp;nbsp;&amp;nbsp;&amp;nbsp;&amp;nbsp;&amp;nbsp;*&amp;nbsp;Gets&amp;nbsp;the&amp;nbsp;UrlMatcher&amp;nbsp;or&amp;nbsp;RequestMatcher&amp;nbsp;instance&amp;nbsp;associated&amp;nbsp;with&amp;nbsp;this&amp;nbsp;Router.&lt;/span&gt;&lt;/code&gt;&lt;/li&gt;
&lt;li&gt;&lt;code&gt;&lt;span style="color: var(--highlight-comment)"&gt;&amp;nbsp;&amp;nbsp;&amp;nbsp;&amp;nbsp;&amp;nbsp;*/&lt;/span&gt;&lt;/code&gt;&lt;/li&gt;&lt;/ol&gt;    &lt;/div&gt;            &lt;/div&gt;
                        &lt;div class="trace-line "&gt;
                &lt;div class="trace-line-header break-long-words sf-toggle" data-toggle-selector="#trace-html-2-3" data-toggle-initial=""&gt;
            &lt;span class="icon icon-close"&gt;&lt;svg width="1792" height="1792" viewBox="0 0 1792 1792" xmlns="http://www.w3.org/2000/svg"&gt;&lt;path d="M1408 960V832q0-26-19-45t-45-19H448q-26 0-45 19t-19 45v128q0 26 19 45t45 19h896q26 0 45-19t19-45zm256-544v960q0 119-84.5 203.5T1376 1664H416q-119 0-203.5-84.5T128 1376V416q0-119 84.5-203.5T416 128h960q119 0 203.5 84.5T1664 416z"/&gt;&lt;/svg&gt;&lt;/span&gt;
        &lt;span class="icon icon-open"&gt;&lt;svg width="1792" height="1792" viewBox="0 0 1792 1792" xmlns="http://www.w3.org/2000/svg"&gt;&lt;path d="M1408 960V832q0-26-19-45t-45-19h-320V448q0-26-19-45t-45-19H832q-26 0-45 19t-19 45v320H448q-26 0-45 19t-19 45v128q0 26 19 45t45 19h320v320q0 26 19 45t45 19h128q26 0 45-19t19-45v-320h320q26 0 45-19t19-45zm256-544v960q0 119-84.5 203.5T1376 1664H416q-119 0-203.5-84.5T128 1376V416q0-119 84.5-203.5T416 128h960q119 0 203.5 84.5T1664 416z"/&gt;&lt;/svg&gt;&lt;/span&gt;
    
            &lt;span class="trace-class"&gt;&lt;abbr title="Symfony\Component\Routing\Router"&gt;Router&lt;/abbr&gt;&lt;/span&gt;&lt;span class="trace-type"&gt;-&gt;&lt;/span&gt;&lt;span class="trace-method"&gt;matchRequest&lt;/span&gt;&lt;span class="trace-arguments"&gt;(&lt;em&gt;object&lt;/em&gt;(&lt;abbr title="Symfony\Component\HttpFoundation\Request"&gt;Request&lt;/abbr&gt;))&lt;/span&gt;    
                    &lt;span class="block trace-file-path"&gt;
            in
            &lt;a href="file://C:\Users\sliti\Desktop\dev\esprit-PIDEV-3A16-2526-FARMIA\vendor\symfony\http-kernel\EventListener\RouterListener.php#L105"&gt;
                C:\Users\sliti\Desktop\dev\esprit-PIDEV-3A16-2526-FARMIA\vendor\symfony\http-kernel\EventListener\&lt;strong&gt;RouterListener.php&lt;/strong&gt;
            &lt;/a&gt;
                        (line 105)
            &lt;span class="icon icon-copy hidden" data-clipboard-text="C:\Users\sliti\Desktop\dev\esprit-PIDEV-3A16-2526-FARMIA\vendor\symfony\http-kernel\EventListener\RouterListener.php:105"&gt;
                &lt;svg xmlns="http://www.w3.org/2000/svg" height="24" viewBox="0 0 24 24" width="24"&gt;&lt;path d="M0 0h24v24H0z" fill="none"/&gt;&lt;path d="M16 1H4c-1.1 0-2 .9-2 2v14h2V3h12V1zm3 4H8c-1.1 0-2 .9-2 2v14c0 1.1.9 2 2 2h11c1.1 0 2-.9 2-2V7c0-1.1-.9-2-2-2zm0 16H8V7h11v14z"/&gt;&lt;/svg&gt;            &lt;/span&gt;
        &lt;/span&gt;
    &lt;/div&gt;
    &lt;div id="trace-html-2-3" class="trace-code sf-toggle-content"&gt;
        &lt;ol start="100"&gt;&lt;li&gt;&lt;code&gt;&lt;span style="color: var(--highlight-keyword)"&gt;&lt;/span&gt;&lt;/code&gt;&lt;/li&gt;
&lt;li&gt;&lt;code&gt;&lt;span style="color: var(--highlight-keyword)"&gt;&amp;nbsp;&amp;nbsp;&amp;nbsp;&amp;nbsp;&amp;nbsp;&amp;nbsp;&amp;nbsp;&amp;nbsp;&lt;/span&gt;&lt;span style="color: var(--highlight-comment)"&gt;//&amp;nbsp;add&amp;nbsp;attributes&amp;nbsp;based&amp;nbsp;on&amp;nbsp;the&amp;nbsp;request&amp;nbsp;(routing)&lt;/span&gt;&lt;/code&gt;&lt;/li&gt;
&lt;li&gt;&lt;code&gt;&lt;span style="color: var(--highlight-comment)"&gt;&amp;nbsp;&amp;nbsp;&amp;nbsp;&amp;nbsp;&amp;nbsp;&amp;nbsp;&amp;nbsp;&amp;nbsp;&lt;/span&gt;&lt;span style="color: var(--highlight-keyword)"&gt;try&amp;nbsp;{&lt;/span&gt;&lt;/code&gt;&lt;/li&gt;
&lt;li&gt;&lt;code&gt;&lt;span style="color: var(--highlight-keyword)"&gt;&amp;nbsp;&amp;nbsp;&amp;nbsp;&amp;nbsp;&amp;nbsp;&amp;nbsp;&amp;nbsp;&amp;nbsp;&amp;nbsp;&amp;nbsp;&amp;nbsp;&amp;nbsp;&lt;/span&gt;&lt;span style="color: var(--highlight-comment)"&gt;//&amp;nbsp;matching&amp;nbsp;a&amp;nbsp;request&amp;nbsp;is&amp;nbsp;more&amp;nbsp;powerful&amp;nbsp;than&amp;nbsp;matching&amp;nbsp;a&amp;nbsp;URL&amp;nbsp;path&amp;nbsp;+&amp;nbsp;context,&amp;nbsp;so&amp;nbsp;try&amp;nbsp;that&amp;nbsp;first&lt;/span&gt;&lt;/code&gt;&lt;/li&gt;
&lt;li&gt;&lt;code&gt;&lt;span style="color: var(--highlight-comment)"&gt;&amp;nbsp;&amp;nbsp;&amp;nbsp;&amp;nbsp;&amp;nbsp;&amp;nbsp;&amp;nbsp;&amp;nbsp;&amp;nbsp;&amp;nbsp;&amp;nbsp;&amp;nbsp;&lt;/span&gt;&lt;span style="color: var(--highlight-keyword)"&gt;if&amp;nbsp;(&lt;/span&gt;&lt;span style="color: var(--highlight-default)"&gt;$this&lt;/span&gt;&lt;span style="color: var(--highlight-keyword)"&gt;-&amp;gt;&lt;/span&gt;&lt;span style="color: var(--highlight-default)"&gt;matcher&amp;nbsp;&lt;/span&gt;&lt;span style="color: var(--highlight-keyword)"&gt;instanceof&amp;nbsp;&lt;/span&gt;&lt;span style="color: var(--highlight-default)"&gt;RequestMatcherInterface&lt;/span&gt;&lt;span style="color: var(--highlight-keyword)"&gt;)&amp;nbsp;{&lt;/span&gt;&lt;/code&gt;&lt;/li&gt;
&lt;li class="selected"&gt;&lt;code&gt;&lt;span style="color: var(--highlight-keyword)"&gt;&amp;nbsp;&amp;nbsp;&amp;nbsp;&amp;nbsp;&amp;nbsp;&amp;nbsp;&amp;nbsp;&amp;nbsp;&amp;nbsp;&amp;nbsp;&amp;nbsp;&amp;nbsp;&amp;nbsp;&amp;nbsp;&amp;nbsp;&amp;nbsp;&lt;/span&gt;&lt;span style="color: var(--highlight-default)"&gt;$parameters&amp;nbsp;&lt;/span&gt;&lt;span style="color: var(--highlight-keyword)"&gt;=&amp;nbsp;&lt;/span&gt;&lt;span style="color: var(--highlight-default)"&gt;$this&lt;/span&gt;&lt;span style="color: var(--highlight-keyword)"&gt;-&amp;gt;&lt;/span&gt;&lt;span style="color: var(--highlight-default)"&gt;matcher&lt;/span&gt;&lt;span style="color: var(--highlight-keyword)"&gt;-&amp;gt;&lt;/span&gt;&lt;span style="color: var(--highlight-default)"&gt;matchRequest&lt;/span&gt;&lt;span style="color: var(--highlight-keyword)"&gt;(&lt;/span&gt;&lt;span style="color: var(--highlight-default)"&gt;$request&lt;/span&gt;&lt;span style="color: var(--highlight-keyword)"&gt;);&lt;/span&gt;&lt;/code&gt;&lt;/li&gt;
&lt;li&gt;&lt;code&gt;&lt;span style="color: var(--highlight-keyword)"&gt;&amp;nbsp;&amp;nbsp;&amp;nbsp;&amp;nbsp;&amp;nbsp;&amp;nbsp;&amp;nbsp;&amp;nbsp;&amp;nbsp;&amp;nbsp;&amp;nbsp;&amp;nbsp;}&amp;nbsp;else&amp;nbsp;{&lt;/span&gt;&lt;/code&gt;&lt;/li&gt;
&lt;li&gt;&lt;code&gt;&lt;span style="color: var(--highlight-keyword)"&gt;&amp;nbsp;&amp;nbsp;&amp;nbsp;&amp;nbsp;&amp;nbsp;&amp;nbsp;&amp;nbsp;&amp;nbsp;&amp;nbsp;&amp;nbsp;&amp;nbsp;&amp;nbsp;&amp;nbsp;&amp;nbsp;&amp;nbsp;&amp;nbsp;&lt;/span&gt;&lt;span style="color: var(--highlight-default)"&gt;$parameters&amp;nbsp;&lt;/span&gt;&lt;span style="color: var(--highlight-keyword)"&gt;=&amp;nbsp;&lt;/span&gt;&lt;span style="color: var(--highlight-default)"&gt;$this&lt;/span&gt;&lt;span style="color: var(--highlight-keyword)"&gt;-&amp;gt;&lt;/span&gt;&lt;span style="color: var(--highlight-default)"&gt;matcher&lt;/span&gt;&lt;span style="color: var(--highlight-keyword)"&gt;-&amp;gt;&lt;/span&gt;&lt;span style="color: var(--highlight-default)"&gt;match&lt;/span&gt;&lt;span style="color: var(--highlight-keyword)"&gt;(&lt;/span&gt;&lt;span style="color: var(--highlight-default)"&gt;$request&lt;/span&gt;&lt;span style="color: var(--highlight-keyword)"&gt;-&amp;gt;&lt;/span&gt;&lt;span style="color: var(--highlight-default)"&gt;getPathInfo&lt;/span&gt;&lt;span style="color: var(--highlight-keyword)"&gt;());&lt;/span&gt;&lt;/code&gt;&lt;/li&gt;
&lt;li&gt;&lt;code&gt;&lt;span style="color: var(--highlight-keyword)"&gt;&amp;nbsp;&amp;nbsp;&amp;nbsp;&amp;nbsp;&amp;nbsp;&amp;nbsp;&amp;nbsp;&amp;nbsp;&amp;nbsp;&amp;nbsp;&amp;nbsp;&amp;nbsp;}&lt;/span&gt;&lt;/code&gt;&lt;/li&gt;
&lt;li&gt;&lt;code&gt;&lt;span style="color: var(--highlight-keyword)"&gt;&lt;/span&gt;&lt;/code&gt;&lt;/li&gt;
&lt;li&gt;&lt;code&gt;&lt;span style="color: var(--highlight-keyword)"&gt;&amp;nbsp;&amp;nbsp;&amp;nbsp;&amp;nbsp;&amp;nbsp;&amp;nbsp;&amp;nbsp;&amp;nbsp;&amp;nbsp;&amp;nbsp;&amp;nbsp;&amp;nbsp;&lt;/span&gt;&lt;span style="color: var(--highlight-default)"&gt;$this&lt;/span&gt;&lt;span style="color: var(--highlight-keyword)"&gt;-&amp;gt;&lt;/span&gt;&lt;span style="color: var(--highlight-default)"&gt;logger&lt;/span&gt;&lt;span style="color: var(--highlight-keyword)"&gt;?-&amp;gt;&lt;/span&gt;&lt;span style="color: var(--highlight-default)"&gt;info&lt;/span&gt;&lt;span style="color: var(--highlight-keyword)"&gt;(&lt;/span&gt;&lt;span style="color: var(--highlight-string)"&gt;'Matched&amp;nbsp;route&amp;nbsp;"{route}".'&lt;/span&gt;&lt;span style="color: var(--highlight-keyword)"&gt;,&amp;nbsp;[&lt;/span&gt;&lt;/code&gt;&lt;/li&gt;&lt;/ol&gt;    &lt;/div&gt;            &lt;/div&gt;
                        &lt;div class="trace-line "&gt;
                &lt;div class="trace-line-header break-long-words sf-toggle" data-toggle-selector="#trace-html-2-4" data-toggle-initial=""&gt;
            &lt;span class="icon icon-close"&gt;&lt;svg width="1792" height="1792" viewBox="0 0 1792 1792" xmlns="http://www.w3.org/2000/svg"&gt;&lt;path d="M1408 960V832q0-26-19-45t-45-19H448q-26 0-45 19t-19 45v128q0 26 19 45t45 19h896q26 0 45-19t19-45zm256-544v960q0 119-84.5 203.5T1376 1664H416q-119 0-203.5-84.5T128 1376V416q0-119 84.5-203.5T416 128h960q119 0 203.5 84.5T1664 416z"/&gt;&lt;/svg&gt;&lt;/span&gt;
        &lt;span class="icon icon-open"&gt;&lt;svg width="1792" height="1792" viewBox="0 0 1792 1792" xmlns="http://www.w3.org/2000/svg"&gt;&lt;path d="M1408 960V832q0-26-19-45t-45-19h-320V448q0-26-19-45t-45-19H832q-26 0-45 19t-19 45v320H448q-26 0-45 19t-19 45v128q0 26 19 45t45 19h320v320q0 26 19 45t45 19h128q26 0 45-19t19-45v-320h320q26 0 45-19t19-45zm256-544v960q0 119-84.5 203.5T1376 1664H416q-119 0-203.5-84.5T128 1376V416q0-119 84.5-203.5T416 128h960q119 0 203.5 84.5T1664 416z"/&gt;&lt;/svg&gt;&lt;/span&gt;
    
            &lt;span class="trace-class"&gt;&lt;abbr title="Symfony\Component\HttpKernel\EventListener\RouterListener"&gt;RouterListener&lt;/abbr&gt;&lt;/span&gt;&lt;span class="trace-type"&gt;-&gt;&lt;/span&gt;&lt;span class="trace-method"&gt;onKernelRequest&lt;/span&gt;&lt;span class="trace-arguments"&gt;(&lt;em&gt;object&lt;/em&gt;(&lt;abbr title="Symfony\Component\HttpKernel\Event\RequestEvent"&gt;RequestEvent&lt;/abbr&gt;), 'kernel.request', &lt;em&gt;object&lt;/em&gt;(&lt;abbr title="Symfony\Component\HttpKernel\Debug\TraceableEventDispatcher"&gt;TraceableEventDispatcher&lt;/abbr&gt;))&lt;/span&gt;    
                    &lt;span class="block trace-file-path"&gt;
            in
            &lt;a href="file://C:\Users\sliti\Desktop\dev\esprit-PIDEV-3A16-2526-FARMIA\vendor\symfony\event-dispatcher\Debug\WrappedListener.php#L116"&gt;
                C:\Users\sliti\Desktop\dev\esprit-PIDEV-3A16-2526-FARMIA\vendor\symfony\event-dispatcher\Debug\&lt;strong&gt;WrappedListener.php&lt;/strong&gt;
            &lt;/a&gt;
                        (line 116)
            &lt;span class="icon icon-copy hidden" data-clipboard-text="C:\Users\sliti\Desktop\dev\esprit-PIDEV-3A16-2526-FARMIA\vendor\symfony\event-dispatcher\Debug\WrappedListener.php:116"&gt;
                &lt;svg xmlns="http://www.w3.org/2000/svg" height="24" viewBox="0 0 24 24" width="24"&gt;&lt;path d="M0 0h24v24H0z" fill="none"/&gt;&lt;path d="M16 1H4c-1.1 0-2 .9-2 2v14h2V3h12V1zm3 4H8c-1.1 0-2 .9-2 2v14c0 1.1.9 2 2 2h11c1.1 0 2-.9 2-2V7c0-1.1-.9-2-2-2zm0 16H8V7h11v14z"/&gt;&lt;/svg&gt;            &lt;/span&gt;
        &lt;/span&gt;
    &lt;/div&gt;
    &lt;div id="trace-html-2-4" class="trace-code sf-toggle-content"&gt;
        &lt;ol start="111"&gt;&lt;li&gt;&lt;code&gt;&lt;span style="color: var(--highlight-keyword)"&gt;&amp;nbsp;&amp;nbsp;&amp;nbsp;&amp;nbsp;&amp;nbsp;&amp;nbsp;&amp;nbsp;&amp;nbsp;&lt;/span&gt;&lt;span style="color: var(--highlight-default)"&gt;$this&lt;/span&gt;&lt;span style="color: var(--highlight-keyword)"&gt;-&amp;gt;&lt;/span&gt;&lt;span style="color: var(--highlight-default)"&gt;priority&amp;nbsp;&lt;/span&gt;&lt;span style="color: var(--highlight-keyword)"&gt;??=&amp;nbsp;&lt;/span&gt;&lt;span style="color: var(--highlight-default)"&gt;$dispatcher&lt;/span&gt;&lt;span style="color: var(--highlight-keyword)"&gt;-&amp;gt;&lt;/span&gt;&lt;span style="color: var(--highlight-default)"&gt;getListenerPriority&lt;/span&gt;&lt;span style="color: var(--highlight-keyword)"&gt;(&lt;/span&gt;&lt;span style="color: var(--highlight-default)"&gt;$eventName&lt;/span&gt;&lt;span style="color: var(--highlight-keyword)"&gt;,&amp;nbsp;&lt;/span&gt;&lt;span style="color: var(--highlight-default)"&gt;$this&lt;/span&gt;&lt;span style="color: var(--highlight-keyword)"&gt;-&amp;gt;&lt;/span&gt;&lt;span style="color: var(--highlight-default)"&gt;listener&lt;/span&gt;&lt;span style="color: var(--highlight-keyword)"&gt;);&lt;/span&gt;&lt;/code&gt;&lt;/li&gt;
&lt;li&gt;&lt;code&gt;&lt;span style="color: var(--highlight-keyword)"&gt;&lt;/span&gt;&lt;/code&gt;&lt;/li&gt;
&lt;li&gt;&lt;code&gt;&lt;span style="color: var(--highlight-keyword)"&gt;&amp;nbsp;&amp;nbsp;&amp;nbsp;&amp;nbsp;&amp;nbsp;&amp;nbsp;&amp;nbsp;&amp;nbsp;&lt;/span&gt;&lt;span style="color: var(--highlight-default)"&gt;$e&amp;nbsp;&lt;/span&gt;&lt;span style="color: var(--highlight-keyword)"&gt;=&amp;nbsp;&lt;/span&gt;&lt;span style="color: var(--highlight-default)"&gt;$this&lt;/span&gt;&lt;span style="color: var(--highlight-keyword)"&gt;-&amp;gt;&lt;/span&gt;&lt;span style="color: var(--highlight-default)"&gt;stopwatch&lt;/span&gt;&lt;span style="color: var(--highlight-keyword)"&gt;-&amp;gt;&lt;/span&gt;&lt;span style="color: var(--highlight-default)"&gt;start&lt;/span&gt;&lt;span style="color: var(--highlight-keyword)"&gt;(&lt;/span&gt;&lt;span style="color: var(--highlight-default)"&gt;$this&lt;/span&gt;&lt;span style="color: var(--highlight-keyword)"&gt;-&amp;gt;&lt;/span&gt;&lt;span style="color: var(--highlight-default)"&gt;name&lt;/span&gt;&lt;span style="color: var(--highlight-keyword)"&gt;,&amp;nbsp;&lt;/span&gt;&lt;span style="color: var(--highlight-string)"&gt;'event_listener'&lt;/span&gt;&lt;span style="color: var(--highlight-keyword)"&gt;);&lt;/span&gt;&lt;/code&gt;&lt;/li&gt;
&lt;li&gt;&lt;code&gt;&lt;span style="color: var(--highlight-keyword)"&gt;&lt;/span&gt;&lt;/code&gt;&lt;/li&gt;
&lt;li&gt;&lt;code&gt;&lt;span style="color: var(--highlight-keyword)"&gt;&amp;nbsp;&amp;nbsp;&amp;nbsp;&amp;nbsp;&amp;nbsp;&amp;nbsp;&amp;nbsp;&amp;nbsp;try&amp;nbsp;{&lt;/span&gt;&lt;/code&gt;&lt;/li&gt;
&lt;li class="selected"&gt;&lt;code&gt;&lt;span style="color: var(--highlight-keyword)"&gt;&amp;nbsp;&amp;nbsp;&amp;nbsp;&amp;nbsp;&amp;nbsp;&amp;nbsp;&amp;nbsp;&amp;nbsp;&amp;nbsp;&amp;nbsp;&amp;nbsp;&amp;nbsp;(&lt;/span&gt;&lt;span style="color: var(--highlight-default)"&gt;$this&lt;/span&gt;&lt;span style="color: var(--highlight-keyword)"&gt;-&amp;gt;&lt;/span&gt;&lt;span style="color: var(--highlight-default)"&gt;optimizedListener&amp;nbsp;&lt;/span&gt;&lt;span style="color: var(--highlight-keyword)"&gt;??&amp;nbsp;&lt;/span&gt;&lt;span style="color: var(--highlight-default)"&gt;$this&lt;/span&gt;&lt;span style="color: var(--highlight-keyword)"&gt;-&amp;gt;&lt;/span&gt;&lt;span style="color: var(--highlight-default)"&gt;listener&lt;/span&gt;&lt;span style="color: var(--highlight-keyword)"&gt;)(&lt;/span&gt;&lt;span style="color: var(--highlight-default)"&gt;$event&lt;/span&gt;&lt;span style="color: var(--highlight-keyword)"&gt;,&amp;nbsp;&lt;/span&gt;&lt;span style="color: var(--highlight-default)"&gt;$eventName&lt;/span&gt;&lt;span style="color: var(--highlight-keyword)"&gt;,&amp;nbsp;&lt;/span&gt;&lt;span style="color: var(--highlight-default)"&gt;$dispatcher&lt;/span&gt;&lt;span style="color: var(--highlight-keyword)"&gt;);&lt;/span&gt;&lt;/code&gt;&lt;/li&gt;
&lt;li&gt;&lt;code&gt;&lt;span style="color: var(--highlight-keyword)"&gt;&amp;nbsp;&amp;nbsp;&amp;nbsp;&amp;nbsp;&amp;nbsp;&amp;nbsp;&amp;nbsp;&amp;nbsp;}&amp;nbsp;finally&amp;nbsp;{&lt;/span&gt;&lt;/code&gt;&lt;/li&gt;
&lt;li&gt;&lt;code&gt;&lt;span style="color: var(--highlight-keyword)"&gt;&amp;nbsp;&amp;nbsp;&amp;nbsp;&amp;nbsp;&amp;nbsp;&amp;nbsp;&amp;nbsp;&amp;nbsp;&amp;nbsp;&amp;nbsp;&amp;nbsp;&amp;nbsp;if&amp;nbsp;(&lt;/span&gt;&lt;span style="color: var(--highlight-default)"&gt;$e&lt;/span&gt;&lt;span style="color: var(--highlight-keyword)"&gt;-&amp;gt;&lt;/span&gt;&lt;span style="color: var(--highlight-default)"&gt;isStarted&lt;/span&gt;&lt;span style="color: var(--highlight-keyword)"&gt;())&amp;nbsp;{&lt;/span&gt;&lt;/code&gt;&lt;/li&gt;
&lt;li&gt;&lt;code&gt;&lt;span style="color: var(--highlight-keyword)"&gt;&amp;nbsp;&amp;nbsp;&amp;nbsp;&amp;nbsp;&amp;nbsp;&amp;nbsp;&amp;nbsp;&amp;nbsp;&amp;nbsp;&amp;nbsp;&amp;nbsp;&amp;nbsp;&amp;nbsp;&amp;nbsp;&amp;nbsp;&amp;nbsp;&lt;/span&gt;&lt;span style="color: var(--highlight-default)"&gt;$e&lt;/span&gt;&lt;span style="color: var(--highlight-keyword)"&gt;-&amp;gt;&lt;/span&gt;&lt;span style="color: var(--highlight-default)"&gt;stop&lt;/span&gt;&lt;span style="color: var(--highlight-keyword)"&gt;();&lt;/span&gt;&lt;/code&gt;&lt;/li&gt;
&lt;li&gt;&lt;code&gt;&lt;span style="color: var(--highlight-keyword)"&gt;&amp;nbsp;&amp;nbsp;&amp;nbsp;&amp;nbsp;&amp;nbsp;&amp;nbsp;&amp;nbsp;&amp;nbsp;&amp;nbsp;&amp;nbsp;&amp;nbsp;&amp;nbsp;}&lt;/span&gt;&lt;/code&gt;&lt;/li&gt;
&lt;li&gt;&lt;code&gt;&lt;span style="color: var(--highlight-keyword)"&gt;&amp;nbsp;&amp;nbsp;&amp;nbsp;&amp;nbsp;&amp;nbsp;&amp;nbsp;&amp;nbsp;&amp;nbsp;}&lt;/span&gt;&lt;/code&gt;&lt;/li&gt;&lt;/ol&gt;    &lt;/div&gt;            &lt;/div&gt;
                        &lt;div class="trace-line "&gt;
                &lt;div class="trace-line-header break-long-words sf-toggle" data-toggle-selector="#trace-html-2-5" data-toggle-initial=""&gt;
            &lt;span class="icon icon-close"&gt;&lt;svg width="1792" height="1792" viewBox="0 0 1792 1792" xmlns="http://www.w3.org/2000/svg"&gt;&lt;path d="M1408 960V832q0-26-19-45t-45-19H448q-26 0-45 19t-19 45v128q0 26 19 45t45 19h896q26 0 45-19t19-45zm256-544v960q0 119-84.5 203.5T1376 1664H416q-119 0-203.5-84.5T128 1376V416q0-119 84.5-203.5T416 128h960q119 0 203.5 84.5T1664 416z"/&gt;&lt;/svg&gt;&lt;/span&gt;
        &lt;span class="icon icon-open"&gt;&lt;svg width="1792" height="1792" viewBox="0 0 1792 1792" xmlns="http://www.w3.org/2000/svg"&gt;&lt;path d="M1408 960V832q0-26-19-45t-45-19h-320V448q0-26-19-45t-45-19H832q-26 0-45 19t-19 45v320H448q-26 0-45 19t-19 45v128q0 26 19 45t45 19h320v320q0 26 19 45t45 19h128q26 0 45-19t19-45v-320h320q26 0 45-19t19-45zm256-544v960q0 119-84.5 203.5T1376 1664H416q-119 0-203.5-84.5T128 1376V416q0-119 84.5-203.5T416 128h960q119 0 203.5 84.5T1664 416z"/&gt;&lt;/svg&gt;&lt;/span&gt;
    
            &lt;span class="trace-class"&gt;&lt;abbr title="Symfony\Component\EventDispatcher\Debug\WrappedListener"&gt;WrappedListener&lt;/abbr&gt;&lt;/span&gt;&lt;span class="trace-type"&gt;-&gt;&lt;/span&gt;&lt;span class="trace-method"&gt;__invoke&lt;/span&gt;&lt;span class="trace-arguments"&gt;(&lt;em&gt;object&lt;/em&gt;(&lt;abbr title="Symfony\Component\HttpKernel\Event\RequestEvent"&gt;RequestEvent&lt;/abbr&gt;), 'kernel.request', &lt;em&gt;object&lt;/em&gt;(&lt;abbr title="Symfony\Component\HttpKernel\Debug\TraceableEventDispatcher"&gt;TraceableEventDispatcher&lt;/abbr&gt;))&lt;/span&gt;    
                    &lt;span class="block trace-file-path"&gt;
            in
            &lt;a href="file://C:\Users\sliti\Desktop\dev\esprit-PIDEV-3A16-2526-FARMIA\vendor\symfony\event-dispatcher\EventDispatcher.php#L220"&gt;
                C:\Users\sliti\Desktop\dev\esprit-PIDEV-3A16-2526-FARMIA\vendor\symfony\event-dispatcher\&lt;strong&gt;EventDispatcher.php&lt;/strong&gt;
            &lt;/a&gt;
                        (line 220)
            &lt;span class="icon icon-copy hidden" data-clipboard-text="C:\Users\sliti\Desktop\dev\esprit-PIDEV-3A16-2526-FARMIA\vendor\symfony\event-dispatcher\EventDispatcher.php:220"&gt;
                &lt;svg xmlns="http://www.w3.org/2000/svg" height="24" viewBox="0 0 24 24" width="24"&gt;&lt;path d="M0 0h24v24H0z" fill="none"/&gt;&lt;path d="M16 1H4c-1.1 0-2 .9-2 2v14h2V3h12V1zm3 4H8c-1.1 0-2 .9-2 2v14c0 1.1.9 2 2 2h11c1.1 0 2-.9 2-2V7c0-1.1-.9-2-2-2zm0 16H8V7h11v14z"/&gt;&lt;/svg&gt;            &lt;/span&gt;
        &lt;/span&gt;
    &lt;/div&gt;
    &lt;div id="trace-html-2-5" class="trace-code sf-toggle-content"&gt;
        &lt;ol start="215"&gt;&lt;li&gt;&lt;code&gt;&lt;span style="color: var(--highlight-keyword)"&gt;&lt;/span&gt;&lt;/code&gt;&lt;/li&gt;
&lt;li&gt;&lt;code&gt;&lt;span style="color: var(--highlight-keyword)"&gt;&amp;nbsp;&amp;nbsp;&amp;nbsp;&amp;nbsp;&amp;nbsp;&amp;nbsp;&amp;nbsp;&amp;nbsp;foreach&amp;nbsp;(&lt;/span&gt;&lt;span style="color: var(--highlight-default)"&gt;$listeners&amp;nbsp;&lt;/span&gt;&lt;span style="color: var(--highlight-keyword)"&gt;as&amp;nbsp;&lt;/span&gt;&lt;span style="color: var(--highlight-default)"&gt;$listener&lt;/span&gt;&lt;span style="color: var(--highlight-keyword)"&gt;)&amp;nbsp;{&lt;/span&gt;&lt;/code&gt;&lt;/li&gt;
&lt;li&gt;&lt;code&gt;&lt;span style="color: var(--highlight-keyword)"&gt;&amp;nbsp;&amp;nbsp;&amp;nbsp;&amp;nbsp;&amp;nbsp;&amp;nbsp;&amp;nbsp;&amp;nbsp;&amp;nbsp;&amp;nbsp;&amp;nbsp;&amp;nbsp;if&amp;nbsp;(&lt;/span&gt;&lt;span style="color: var(--highlight-default)"&gt;$stoppable&amp;nbsp;&lt;/span&gt;&lt;span style="color: var(--highlight-keyword)"&gt;&amp;amp;&amp;amp;&amp;nbsp;&lt;/span&gt;&lt;span style="color: var(--highlight-default)"&gt;$event&lt;/span&gt;&lt;span style="color: var(--highlight-keyword)"&gt;-&amp;gt;&lt;/span&gt;&lt;span style="color: var(--highlight-default)"&gt;isPropagationStopped&lt;/span&gt;&lt;span style="color: var(--highlight-keyword)"&gt;())&amp;nbsp;{&lt;/span&gt;&lt;/code&gt;&lt;/li&gt;
&lt;li&gt;&lt;code&gt;&lt;span style="color: var(--highlight-keyword)"&gt;&amp;nbsp;&amp;nbsp;&amp;nbsp;&amp;nbsp;&amp;nbsp;&amp;nbsp;&amp;nbsp;&amp;nbsp;&amp;nbsp;&amp;nbsp;&amp;nbsp;&amp;nbsp;&amp;nbsp;&amp;nbsp;&amp;nbsp;&amp;nbsp;break;&lt;/span&gt;&lt;/code&gt;&lt;/li&gt;
&lt;li&gt;&lt;code&gt;&lt;span style="color: var(--highlight-keyword)"&gt;&amp;nbsp;&amp;nbsp;&amp;nbsp;&amp;nbsp;&amp;nbsp;&amp;nbsp;&amp;nbsp;&amp;nbsp;&amp;nbsp;&amp;nbsp;&amp;nbsp;&amp;nbsp;}&lt;/span&gt;&lt;/code&gt;&lt;/li&gt;
&lt;li class="selected"&gt;&lt;code&gt;&lt;span style="color: var(--highlight-keyword)"&gt;&amp;nbsp;&amp;nbsp;&amp;nbsp;&amp;nbsp;&amp;nbsp;&amp;nbsp;&amp;nbsp;&amp;nbsp;&amp;nbsp;&amp;nbsp;&amp;nbsp;&amp;nbsp;&lt;/span&gt;&lt;span style="color: var(--highlight-default)"&gt;$listener&lt;/span&gt;&lt;span style="color: var(--highlight-keyword)"&gt;(&lt;/span&gt;&lt;span style="color: var(--highlight-default)"&gt;$event&lt;/span&gt;&lt;span style="color: var(--highlight-keyword)"&gt;,&amp;nbsp;&lt;/span&gt;&lt;span style="color: var(--highlight-default)"&gt;$eventName&lt;/span&gt;&lt;span style="color: var(--highlight-keyword)"&gt;,&amp;nbsp;&lt;/span&gt;&lt;span style="color: var(--highlight-default)"&gt;$this&lt;/span&gt;&lt;span style="color: var(--highlight-keyword)"&gt;);&lt;/span&gt;&lt;/code&gt;&lt;/li&gt;
&lt;li&gt;&lt;code&gt;&lt;span style="color: var(--highlight-keyword)"&gt;&amp;nbsp;&amp;nbsp;&amp;nbsp;&amp;nbsp;&amp;nbsp;&amp;nbsp;&amp;nbsp;&amp;nbsp;}&lt;/span&gt;&lt;/code&gt;&lt;/li&gt;
&lt;li&gt;&lt;code&gt;&lt;span style="color: var(--highlight-keyword)"&gt;&amp;nbsp;&amp;nbsp;&amp;nbsp;&amp;nbsp;}&lt;/span&gt;&lt;/code&gt;&lt;/li&gt;
&lt;li&gt;&lt;code&gt;&lt;span style="color: var(--highlight-keyword)"&gt;&lt;/span&gt;&lt;/code&gt;&lt;/li&gt;
&lt;li&gt;&lt;code&gt;&lt;span style="color: var(--highlight-keyword)"&gt;&amp;nbsp;&amp;nbsp;&amp;nbsp;&amp;nbsp;&lt;/span&gt;&lt;span style="color: var(--highlight-comment)"&gt;/**&lt;/span&gt;&lt;/code&gt;&lt;/li&gt;
&lt;li&gt;&lt;code&gt;&lt;span style="color: var(--highlight-comment)"&gt;&amp;nbsp;&amp;nbsp;&amp;nbsp;&amp;nbsp;&amp;nbsp;*&amp;nbsp;Sorts&amp;nbsp;the&amp;nbsp;internal&amp;nbsp;list&amp;nbsp;of&amp;nbsp;listeners&amp;nbsp;for&amp;nbsp;the&amp;nbsp;given&amp;nbsp;event&amp;nbsp;by&amp;nbsp;priority.&lt;/span&gt;&lt;/code&gt;&lt;/li&gt;&lt;/ol&gt;    &lt;/div&gt;            &lt;/div&gt;
                        &lt;div class="trace-line "&gt;
                &lt;div class="trace-line-header break-long-words sf-toggle" data-toggle-selector="#trace-html-2-6" data-toggle-initial=""&gt;
            &lt;span class="icon icon-close"&gt;&lt;svg width="1792" height="1792" viewBox="0 0 1792 1792" xmlns="http://www.w3.org/2000/svg"&gt;&lt;path d="M1408 960V832q0-26-19-45t-45-19H448q-26 0-45 19t-19 45v128q0 26 19 45t45 19h896q26 0 45-19t19-45zm256-544v960q0 119-84.5 203.5T1376 1664H416q-119 0-203.5-84.5T128 1376V416q0-119 84.5-203.5T416 128h960q119 0 203.5 84.5T1664 416z"/&gt;&lt;/svg&gt;&lt;/span&gt;
        &lt;span class="icon icon-open"&gt;&lt;svg width="1792" height="1792" viewBox="0 0 1792 1792" xmlns="http://www.w3.org/2000/svg"&gt;&lt;path d="M1408 960V832q0-26-19-45t-45-19h-320V448q0-26-19-45t-45-19H832q-26 0-45 19t-19 45v320H448q-26 0-45 19t-19 45v128q0 26 19 45t45 19h320v320q0 26 19 45t45 19h128q26 0 45-19t19-45v-320h320q26 0 45-19t19-45zm256-544v960q0 119-84.5 203.5T1376 1664H416q-119 0-203.5-84.5T128 1376V416q0-119 84.5-203.5T416 128h960q119 0 203.5 84.5T1664 416z"/&gt;&lt;/svg&gt;&lt;/span&gt;
    
            &lt;span class="trace-class"&gt;&lt;abbr title="Symfony\Component\EventDispatcher\EventDispatcher"&gt;EventDispatcher&lt;/abbr&gt;&lt;/span&gt;&lt;span class="trace-type"&gt;-&gt;&lt;/span&gt;&lt;span class="trace-method"&gt;callListeners&lt;/span&gt;&lt;span class="trace-arguments"&gt;(&lt;em&gt;array&lt;/em&gt;(&lt;em&gt;object&lt;/em&gt;(&lt;abbr title="Symfony\Component\EventDispatcher\Debug\WrappedListener"&gt;WrappedListener&lt;/abbr&gt;), &lt;em&gt;object&lt;/em&gt;(&lt;abbr title="Symfony\Component\EventDispatcher\Debug\WrappedListener"&gt;WrappedListener&lt;/abbr&gt;), &lt;em&gt;object&lt;/em&gt;(&lt;abbr title="Symfony\Component\EventDispatcher\Debug\WrappedListener"&gt;WrappedListener&lt;/abbr&gt;), &lt;em&gt;object&lt;/em&gt;(&lt;abbr title="Symfony\Component\EventDispatcher\Debug\WrappedListener"&gt;WrappedListener&lt;/abbr&gt;), &lt;em&gt;object&lt;/em&gt;(&lt;abbr title="Symfony\Component\EventDispatcher\Debug\WrappedListener"&gt;WrappedListener&lt;/abbr&gt;), &lt;em&gt;object&lt;/em&gt;(&lt;abbr title="Symfony\Component\EventDispatcher\Debug\WrappedListener"&gt;WrappedListener&lt;/abbr&gt;), &lt;em&gt;object&lt;/em&gt;(&lt;abbr title="Symfony\Component\EventDispatcher\Debug\WrappedListener"&gt;WrappedListener&lt;/abbr&gt;), &lt;em&gt;object&lt;/em&gt;(&lt;abbr title="Symfony\Component\EventDispatcher\Debug\WrappedListener"&gt;WrappedListener&lt;/abbr&gt;), &lt;em&gt;object&lt;/em&gt;(&lt;abbr title="Symfony\Component\EventDispatcher\Debug\WrappedListener"&gt;WrappedListener&lt;/abbr&gt;), &lt;em&gt;object&lt;/em&gt;(&lt;abbr title="Symfony\Component\EventDispatcher\Debug\WrappedListener"&gt;WrappedListener&lt;/abbr&gt;), &lt;em&gt;object&lt;/em&gt;(&lt;abbr title="Symfony\Component\EventDispatcher\Debug\WrappedListener"&gt;WrappedListener&lt;/abbr&gt;)), 'kernel.request', &lt;em&gt;object&lt;/em&gt;(&lt;abbr title="Symfony\Component\HttpKernel\Event\RequestEvent"&gt;RequestEvent&lt;/abbr&gt;))&lt;/span&gt;    
                    &lt;span class="block trace-file-path"&gt;
            in
            &lt;a href="file://C:\Users\sliti\Desktop\dev\esprit-PIDEV-3A16-2526-FARMIA\vendor\symfony\event-dispatcher\EventDispatcher.php#L56"&gt;
                C:\Users\sliti\Desktop\dev\esprit-PIDEV-3A16-2526-FARMIA\vendor\symfony\event-dispatcher\&lt;strong&gt;EventDispatcher.php&lt;/strong&gt;
            &lt;/a&gt;
                        (line 56)
            &lt;span class="icon icon-copy hidden" data-clipboard-text="C:\Users\sliti\Desktop\dev\esprit-PIDEV-3A16-2526-FARMIA\vendor\symfony\event-dispatcher\EventDispatcher.php:56"&gt;
                &lt;svg xmlns="http://www.w3.org/2000/svg" height="24" viewBox="0 0 24 24" width="24"&gt;&lt;path d="M0 0h24v24H0z" fill="none"/&gt;&lt;path d="M16 1H4c-1.1 0-2 .9-2 2v14h2V3h12V1zm3 4H8c-1.1 0-2 .9-2 2v14c0 1.1.9 2 2 2h11c1.1 0 2-.9 2-2V7c0-1.1-.9-2-2-2zm0 16H8V7h11v14z"/&gt;&lt;/svg&gt;            &lt;/span&gt;
        &lt;/span&gt;
    &lt;/div&gt;
    &lt;div id="trace-html-2-6" class="trace-code sf-toggle-content"&gt;
        &lt;ol start="51"&gt;&lt;li&gt;&lt;code&gt;&lt;span style="color: var(--highlight-keyword)"&gt;&amp;nbsp;&amp;nbsp;&amp;nbsp;&amp;nbsp;&amp;nbsp;&amp;nbsp;&amp;nbsp;&amp;nbsp;}&amp;nbsp;else&amp;nbsp;{&lt;/span&gt;&lt;/code&gt;&lt;/li&gt;
&lt;li&gt;&lt;code&gt;&lt;span style="color: var(--highlight-keyword)"&gt;&amp;nbsp;&amp;nbsp;&amp;nbsp;&amp;nbsp;&amp;nbsp;&amp;nbsp;&amp;nbsp;&amp;nbsp;&amp;nbsp;&amp;nbsp;&amp;nbsp;&amp;nbsp;&lt;/span&gt;&lt;span style="color: var(--highlight-default)"&gt;$listeners&amp;nbsp;&lt;/span&gt;&lt;span style="color: var(--highlight-keyword)"&gt;=&amp;nbsp;&lt;/span&gt;&lt;span style="color: var(--highlight-default)"&gt;$this&lt;/span&gt;&lt;span style="color: var(--highlight-keyword)"&gt;-&amp;gt;&lt;/span&gt;&lt;span style="color: var(--highlight-default)"&gt;getListeners&lt;/span&gt;&lt;span style="color: var(--highlight-keyword)"&gt;(&lt;/span&gt;&lt;span style="color: var(--highlight-default)"&gt;$eventName&lt;/span&gt;&lt;span style="color: var(--highlight-keyword)"&gt;);&lt;/span&gt;&lt;/code&gt;&lt;/li&gt;
&lt;li&gt;&lt;code&gt;&lt;span style="color: var(--highlight-keyword)"&gt;&amp;nbsp;&amp;nbsp;&amp;nbsp;&amp;nbsp;&amp;nbsp;&amp;nbsp;&amp;nbsp;&amp;nbsp;}&lt;/span&gt;&lt;/code&gt;&lt;/li&gt;
&lt;li&gt;&lt;code&gt;&lt;span style="color: var(--highlight-keyword)"&gt;&lt;/span&gt;&lt;/code&gt;&lt;/li&gt;
&lt;li&gt;&lt;code&gt;&lt;span style="color: var(--highlight-keyword)"&gt;&amp;nbsp;&amp;nbsp;&amp;nbsp;&amp;nbsp;&amp;nbsp;&amp;nbsp;&amp;nbsp;&amp;nbsp;if&amp;nbsp;(&lt;/span&gt;&lt;span style="color: var(--highlight-default)"&gt;$listeners&lt;/span&gt;&lt;span style="color: var(--highlight-keyword)"&gt;)&amp;nbsp;{&lt;/span&gt;&lt;/code&gt;&lt;/li&gt;
&lt;li class="selected"&gt;&lt;code&gt;&lt;span style="color: var(--highlight-keyword)"&gt;&amp;nbsp;&amp;nbsp;&amp;nbsp;&amp;nbsp;&amp;nbsp;&amp;nbsp;&amp;nbsp;&amp;nbsp;&amp;nbsp;&amp;nbsp;&amp;nbsp;&amp;nbsp;&lt;/span&gt;&lt;span style="color: var(--highlight-default)"&gt;$this&lt;/span&gt;&lt;span style="color: var(--highlight-keyword)"&gt;-&amp;gt;&lt;/span&gt;&lt;span style="color: var(--highlight-default)"&gt;callListeners&lt;/span&gt;&lt;span style="color: var(--highlight-keyword)"&gt;(&lt;/span&gt;&lt;span style="color: var(--highlight-default)"&gt;$listeners&lt;/span&gt;&lt;span style="color: var(--highlight-keyword)"&gt;,&amp;nbsp;&lt;/span&gt;&lt;span style="color: var(--highlight-default)"&gt;$eventName&lt;/span&gt;&lt;span style="color: var(--highlight-keyword)"&gt;,&amp;nbsp;&lt;/span&gt;&lt;span style="color: var(--highlight-default)"&gt;$event&lt;/span&gt;&lt;span style="color: var(--highlight-keyword)"&gt;);&lt;/span&gt;&lt;/code&gt;&lt;/li&gt;
&lt;li&gt;&lt;code&gt;&lt;span style="color: var(--highlight-keyword)"&gt;&amp;nbsp;&amp;nbsp;&amp;nbsp;&amp;nbsp;&amp;nbsp;&amp;nbsp;&amp;nbsp;&amp;nbsp;}&lt;/span&gt;&lt;/code&gt;&lt;/li&gt;
&lt;li&gt;&lt;code&gt;&lt;span style="color: var(--highlight-keyword)"&gt;&lt;/span&gt;&lt;/code&gt;&lt;/li&gt;
&lt;li&gt;&lt;code&gt;&lt;span style="color: var(--highlight-keyword)"&gt;&amp;nbsp;&amp;nbsp;&amp;nbsp;&amp;nbsp;&amp;nbsp;&amp;nbsp;&amp;nbsp;&amp;nbsp;return&amp;nbsp;&lt;/span&gt;&lt;span style="color: var(--highlight-default)"&gt;$event&lt;/span&gt;&lt;span style="color: var(--highlight-keyword)"&gt;;&lt;/span&gt;&lt;/code&gt;&lt;/li&gt;
&lt;li&gt;&lt;code&gt;&lt;span style="color: var(--highlight-keyword)"&gt;&amp;nbsp;&amp;nbsp;&amp;nbsp;&amp;nbsp;}&lt;/span&gt;&lt;/code&gt;&lt;/li&gt;
&lt;li&gt;&lt;code&gt;&lt;span style="color: var(--highlight-keyword)"&gt;&lt;/span&gt;&lt;/code&gt;&lt;/li&gt;&lt;/ol&gt;    &lt;/div&gt;            &lt;/div&gt;
                        &lt;div class="trace-line "&gt;
                &lt;div class="trace-line-header break-long-words sf-toggle" data-toggle-selector="#trace-html-2-7" data-toggle-initial=""&gt;
            &lt;span class="icon icon-close"&gt;&lt;svg width="1792" height="1792" viewBox="0 0 1792 1792" xmlns="http://www.w3.org/2000/svg"&gt;&lt;path d="M1408 960V832q0-26-19-45t-45-19H448q-26 0-45 19t-19 45v128q0 26 19 45t45 19h896q26 0 45-19t19-45zm256-544v960q0 119-84.5 203.5T1376 1664H416q-119 0-203.5-84.5T128 1376V416q0-119 84.5-203.5T416 128h960q119 0 203.5 84.5T1664 416z"/&gt;&lt;/svg&gt;&lt;/span&gt;
        &lt;span class="icon icon-open"&gt;&lt;svg width="1792" height="1792" viewBox="0 0 1792 1792" xmlns="http://www.w3.org/2000/svg"&gt;&lt;path d="M1408 960V832q0-26-19-45t-45-19h-320V448q0-26-19-45t-45-19H832q-26 0-45 19t-19 45v320H448q-26 0-45 19t-19 45v128q0 26 19 45t45 19h320v320q0 26 19 45t45 19h128q26 0 45-19t19-45v-320h320q26 0 45-19t19-45zm256-544v960q0 119-84.5 203.5T1376 1664H416q-119 0-203.5-84.5T128 1376V416q0-119 84.5-203.5T416 128h960q119 0 203.5 84.5T1664 416z"/&gt;&lt;/svg&gt;&lt;/span&gt;
    
            &lt;span class="trace-class"&gt;&lt;abbr title="Symfony\Component\EventDispatcher\EventDispatcher"&gt;EventDispatcher&lt;/abbr&gt;&lt;/span&gt;&lt;span class="trace-type"&gt;-&gt;&lt;/span&gt;&lt;span class="trace-method"&gt;dispatch&lt;/span&gt;&lt;span class="trace-arguments"&gt;(&lt;em&gt;object&lt;/em&gt;(&lt;abbr title="Symfony\Component\HttpKernel\Event\RequestEvent"&gt;RequestEvent&lt;/abbr&gt;), 'kernel.request')&lt;/span&gt;    
                    &lt;span class="block trace-file-path"&gt;
            in
            &lt;a href="file://C:\Users\sliti\Desktop\dev\esprit-PIDEV-3A16-2526-FARMIA\vendor\symfony\event-dispatcher\Debug\TraceableEventDispatcher.php#L139"&gt;
                C:\Users\sliti\Desktop\dev\esprit-PIDEV-3A16-2526-FARMIA\vendor\symfony\event-dispatcher\Debug\&lt;strong&gt;TraceableEventDispatcher.php&lt;/strong&gt;
            &lt;/a&gt;
                        (line 139)
            &lt;span class="icon icon-copy hidden" data-clipboard-text="C:\Users\sliti\Desktop\dev\esprit-PIDEV-3A16-2526-FARMIA\vendor\symfony\event-dispatcher\Debug\TraceableEventDispatcher.php:139"&gt;
                &lt;svg xmlns="http://www.w3.org/2000/svg" height="24" viewBox="0 0 24 24" width="24"&gt;&lt;path d="M0 0h24v24H0z" fill="none"/&gt;&lt;path d="M16 1H4c-1.1 0-2 .9-2 2v14h2V3h12V1zm3 4H8c-1.1 0-2 .9-2 2v14c0 1.1.9 2 2 2h11c1.1 0 2-.9 2-2V7c0-1.1-.9-2-2-2zm0 16H8V7h11v14z"/&gt;&lt;/svg&gt;            &lt;/span&gt;
        &lt;/span&gt;
    &lt;/div&gt;
    &lt;div id="trace-html-2-7" class="trace-code sf-toggle-content"&gt;
        &lt;ol start="134"&gt;&lt;li&gt;&lt;code&gt;&lt;span style="color: var(--highlight-keyword)"&gt;&amp;nbsp;&amp;nbsp;&amp;nbsp;&amp;nbsp;&amp;nbsp;&amp;nbsp;&amp;nbsp;&amp;nbsp;try&amp;nbsp;{&lt;/span&gt;&lt;/code&gt;&lt;/li&gt;
&lt;li&gt;&lt;code&gt;&lt;span style="color: var(--highlight-keyword)"&gt;&amp;nbsp;&amp;nbsp;&amp;nbsp;&amp;nbsp;&amp;nbsp;&amp;nbsp;&amp;nbsp;&amp;nbsp;&amp;nbsp;&amp;nbsp;&amp;nbsp;&amp;nbsp;&lt;/span&gt;&lt;span style="color: var(--highlight-default)"&gt;$this&lt;/span&gt;&lt;span style="color: var(--highlight-keyword)"&gt;-&amp;gt;&lt;/span&gt;&lt;span style="color: var(--highlight-default)"&gt;beforeDispatch&lt;/span&gt;&lt;span style="color: var(--highlight-keyword)"&gt;(&lt;/span&gt;&lt;span style="color: var(--highlight-default)"&gt;$eventName&lt;/span&gt;&lt;span style="color: var(--highlight-keyword)"&gt;,&amp;nbsp;&lt;/span&gt;&lt;span style="color: var(--highlight-default)"&gt;$event&lt;/span&gt;&lt;span style="color: var(--highlight-keyword)"&gt;);&lt;/span&gt;&lt;/code&gt;&lt;/li&gt;
&lt;li&gt;&lt;code&gt;&lt;span style="color: var(--highlight-keyword)"&gt;&amp;nbsp;&amp;nbsp;&amp;nbsp;&amp;nbsp;&amp;nbsp;&amp;nbsp;&amp;nbsp;&amp;nbsp;&amp;nbsp;&amp;nbsp;&amp;nbsp;&amp;nbsp;try&amp;nbsp;{&lt;/span&gt;&lt;/code&gt;&lt;/li&gt;
&lt;li&gt;&lt;code&gt;&lt;span style="color: var(--highlight-keyword)"&gt;&amp;nbsp;&amp;nbsp;&amp;nbsp;&amp;nbsp;&amp;nbsp;&amp;nbsp;&amp;nbsp;&amp;nbsp;&amp;nbsp;&amp;nbsp;&amp;nbsp;&amp;nbsp;&amp;nbsp;&amp;nbsp;&amp;nbsp;&amp;nbsp;&lt;/span&gt;&lt;span style="color: var(--highlight-default)"&gt;$e&amp;nbsp;&lt;/span&gt;&lt;span style="color: var(--highlight-keyword)"&gt;=&amp;nbsp;&lt;/span&gt;&lt;span style="color: var(--highlight-default)"&gt;$this&lt;/span&gt;&lt;span style="color: var(--highlight-keyword)"&gt;-&amp;gt;&lt;/span&gt;&lt;span style="color: var(--highlight-default)"&gt;stopwatch&lt;/span&gt;&lt;span style="color: var(--highlight-keyword)"&gt;-&amp;gt;&lt;/span&gt;&lt;span style="color: var(--highlight-default)"&gt;start&lt;/span&gt;&lt;span style="color: var(--highlight-keyword)"&gt;(&lt;/span&gt;&lt;span style="color: var(--highlight-default)"&gt;$eventName&lt;/span&gt;&lt;span style="color: var(--highlight-keyword)"&gt;,&amp;nbsp;&lt;/span&gt;&lt;span style="color: var(--highlight-string)"&gt;'section'&lt;/span&gt;&lt;span style="color: var(--highlight-keyword)"&gt;);&lt;/span&gt;&lt;/code&gt;&lt;/li&gt;
&lt;li&gt;&lt;code&gt;&lt;span style="color: var(--highlight-keyword)"&gt;&amp;nbsp;&amp;nbsp;&amp;nbsp;&amp;nbsp;&amp;nbsp;&amp;nbsp;&amp;nbsp;&amp;nbsp;&amp;nbsp;&amp;nbsp;&amp;nbsp;&amp;nbsp;&amp;nbsp;&amp;nbsp;&amp;nbsp;&amp;nbsp;try&amp;nbsp;{&lt;/span&gt;&lt;/code&gt;&lt;/li&gt;
&lt;li class="selected"&gt;&lt;code&gt;&lt;span style="color: var(--highlight-keyword)"&gt;&amp;nbsp;&amp;nbsp;&amp;nbsp;&amp;nbsp;&amp;nbsp;&amp;nbsp;&amp;nbsp;&amp;nbsp;&amp;nbsp;&amp;nbsp;&amp;nbsp;&amp;nbsp;&amp;nbsp;&amp;nbsp;&amp;nbsp;&amp;nbsp;&amp;nbsp;&amp;nbsp;&amp;nbsp;&amp;nbsp;&lt;/span&gt;&lt;span style="color: var(--highlight-default)"&gt;$this&lt;/span&gt;&lt;span style="color: var(--highlight-keyword)"&gt;-&amp;gt;&lt;/span&gt;&lt;span style="color: var(--highlight-default)"&gt;dispatcher&lt;/span&gt;&lt;span style="color: var(--highlight-keyword)"&gt;-&amp;gt;&lt;/span&gt;&lt;span style="color: var(--highlight-default)"&gt;dispatch&lt;/span&gt;&lt;span style="color: var(--highlight-keyword)"&gt;(&lt;/span&gt;&lt;span style="color: var(--highlight-default)"&gt;$event&lt;/span&gt;&lt;span style="color: var(--highlight-keyword)"&gt;,&amp;nbsp;&lt;/span&gt;&lt;span style="color: var(--highlight-default)"&gt;$eventName&lt;/span&gt;&lt;span style="color: var(--highlight-keyword)"&gt;);&lt;/span&gt;&lt;/code&gt;&lt;/li&gt;
&lt;li&gt;&lt;code&gt;&lt;span style="color: var(--highlight-keyword)"&gt;&amp;nbsp;&amp;nbsp;&amp;nbsp;&amp;nbsp;&amp;nbsp;&amp;nbsp;&amp;nbsp;&amp;nbsp;&amp;nbsp;&amp;nbsp;&amp;nbsp;&amp;nbsp;&amp;nbsp;&amp;nbsp;&amp;nbsp;&amp;nbsp;}&amp;nbsp;finally&amp;nbsp;{&lt;/span&gt;&lt;/code&gt;&lt;/li&gt;
&lt;li&gt;&lt;code&gt;&lt;span style="color: var(--highlight-keyword)"&gt;&amp;nbsp;&amp;nbsp;&amp;nbsp;&amp;nbsp;&amp;nbsp;&amp;nbsp;&amp;nbsp;&amp;nbsp;&amp;nbsp;&amp;nbsp;&amp;nbsp;&amp;nbsp;&amp;nbsp;&amp;nbsp;&amp;nbsp;&amp;nbsp;&amp;nbsp;&amp;nbsp;&amp;nbsp;&amp;nbsp;if&amp;nbsp;(&lt;/span&gt;&lt;span style="color: var(--highlight-default)"&gt;$e&lt;/span&gt;&lt;span style="color: var(--highlight-keyword)"&gt;-&amp;gt;&lt;/span&gt;&lt;span style="color: var(--highlight-default)"&gt;isStarted&lt;/span&gt;&lt;span style="color: var(--highlight-keyword)"&gt;())&amp;nbsp;{&lt;/span&gt;&lt;/code&gt;&lt;/li&gt;
&lt;li&gt;&lt;code&gt;&lt;span style="color: var(--highlight-keyword)"&gt;&amp;nbsp;&amp;nbsp;&amp;nbsp;&amp;nbsp;&amp;nbsp;&amp;nbsp;&amp;nbsp;&amp;nbsp;&amp;nbsp;&amp;nbsp;&amp;nbsp;&amp;nbsp;&amp;nbsp;&amp;nbsp;&amp;nbsp;&amp;nbsp;&amp;nbsp;&amp;nbsp;&amp;nbsp;&amp;nbsp;&amp;nbsp;&amp;nbsp;&amp;nbsp;&amp;nbsp;&lt;/span&gt;&lt;span style="color: var(--highlight-default)"&gt;$e&lt;/span&gt;&lt;span style="color: var(--highlight-keyword)"&gt;-&amp;gt;&lt;/span&gt;&lt;span style="color: var(--highlight-default)"&gt;stop&lt;/span&gt;&lt;span style="color: var(--highlight-keyword)"&gt;();&lt;/span&gt;&lt;/code&gt;&lt;/li&gt;
&lt;li&gt;&lt;code&gt;&lt;span style="color: var(--highlight-keyword)"&gt;&amp;nbsp;&amp;nbsp;&amp;nbsp;&amp;nbsp;&amp;nbsp;&amp;nbsp;&amp;nbsp;&amp;nbsp;&amp;nbsp;&amp;nbsp;&amp;nbsp;&amp;nbsp;&amp;nbsp;&amp;nbsp;&amp;nbsp;&amp;nbsp;&amp;nbsp;&amp;nbsp;&amp;nbsp;&amp;nbsp;}&lt;/span&gt;&lt;/code&gt;&lt;/li&gt;
&lt;li&gt;&lt;code&gt;&lt;span style="color: var(--highlight-keyword)"&gt;&amp;nbsp;&amp;nbsp;&amp;nbsp;&amp;nbsp;&amp;nbsp;&amp;nbsp;&amp;nbsp;&amp;nbsp;&amp;nbsp;&amp;nbsp;&amp;nbsp;&amp;nbsp;&amp;nbsp;&amp;nbsp;&amp;nbsp;&amp;nbsp;}&lt;/span&gt;&lt;/code&gt;&lt;/li&gt;&lt;/ol&gt;    &lt;/div&gt;            &lt;/div&gt;
                        &lt;div class="trace-line "&gt;
                &lt;div class="trace-line-header break-long-words sf-toggle" data-toggle-selector="#trace-html-2-8" data-toggle-initial=""&gt;
            &lt;span class="icon icon-close"&gt;&lt;svg width="1792" height="1792" viewBox="0 0 1792 1792" xmlns="http://www.w3.org/2000/svg"&gt;&lt;path d="M1408 960V832q0-26-19-45t-45-19H448q-26 0-45 19t-19 45v128q0 26 19 45t45 19h896q26 0 45-19t19-45zm256-544v960q0 119-84.5 203.5T1376 1664H416q-119 0-203.5-84.5T128 1376V416q0-119 84.5-203.5T416 128h960q119 0 203.5 84.5T1664 416z"/&gt;&lt;/svg&gt;&lt;/span&gt;
        &lt;span class="icon icon-open"&gt;&lt;svg width="1792" height="1792" viewBox="0 0 1792 1792" xmlns="http://www.w3.org/2000/svg"&gt;&lt;path d="M1408 960V832q0-26-19-45t-45-19h-320V448q0-26-19-45t-45-19H832q-26 0-45 19t-19 45v320H448q-26 0-45 19t-19 45v128q0 26 19 45t45 19h320v320q0 26 19 45t45 19h128q26 0 45-19t19-45v-320h320q26 0 45-19t19-45zm256-544v960q0 119-84.5 203.5T1376 1664H416q-119 0-203.5-84.5T128 1376V416q0-119 84.5-203.5T416 128h960q119 0 203.5 84.5T1664 416z"/&gt;&lt;/svg&gt;&lt;/span&gt;
    
            &lt;span class="trace-class"&gt;&lt;abbr title="Symfony\Component\EventDispatcher\Debug\TraceableEventDispatcher"&gt;TraceableEventDispatcher&lt;/abbr&gt;&lt;/span&gt;&lt;span class="trace-type"&gt;-&gt;&lt;/span&gt;&lt;span class="trace-method"&gt;dispatch&lt;/span&gt;&lt;span class="trace-arguments"&gt;(&lt;em&gt;object&lt;/em&gt;(&lt;abbr title="Symfony\Component\HttpKernel\Event\RequestEvent"&gt;RequestEvent&lt;/abbr&gt;), 'kernel.request')&lt;/span&gt;    
                    &lt;span class="block trace-file-path"&gt;
            in
            &lt;a href="file://C:\Users\sliti\Desktop\dev\esprit-PIDEV-3A16-2526-FARMIA\vendor\symfony\http-kernel\HttpKernel.php#L157"&gt;
                C:\Users\sliti\Desktop\dev\esprit-PIDEV-3A16-2526-FARMIA\vendor\symfony\http-kernel\&lt;strong&gt;HttpKernel.php&lt;/strong&gt;
            &lt;/a&gt;
                        (line 157)
            &lt;span class="icon icon-copy hidden" data-clipboard-text="C:\Users\sliti\Desktop\dev\esprit-PIDEV-3A16-2526-FARMIA\vendor\symfony\http-kernel\HttpKernel.php:157"&gt;
                &lt;svg xmlns="http://www.w3.org/2000/svg" height="24" viewBox="0 0 24 24" width="24"&gt;&lt;path d="M0 0h24v24H0z" fill="none"/&gt;&lt;path d="M16 1H4c-1.1 0-2 .9-2 2v14h2V3h12V1zm3 4H8c-1.1 0-2 .9-2 2v14c0 1.1.9 2 2 2h11c1.1 0 2-.9 2-2V7c0-1.1-.9-2-2-2zm0 16H8V7h11v14z"/&gt;&lt;/svg&gt;            &lt;/span&gt;
        &lt;/span&gt;
    &lt;/div&gt;
    &lt;div id="trace-html-2-8" class="trace-code sf-toggle-content"&gt;
        &lt;ol start="152"&gt;&lt;li&gt;&lt;code&gt;&lt;span style="color: var(--highlight-comment)"&gt;&amp;nbsp;&amp;nbsp;&amp;nbsp;&amp;nbsp;&amp;nbsp;*/&lt;/span&gt;&lt;/code&gt;&lt;/li&gt;
&lt;li&gt;&lt;code&gt;&lt;span style="color: var(--highlight-comment)"&gt;&amp;nbsp;&amp;nbsp;&amp;nbsp;&amp;nbsp;&lt;/span&gt;&lt;span style="color: var(--highlight-keyword)"&gt;private&amp;nbsp;function&amp;nbsp;&lt;/span&gt;&lt;span style="color: var(--highlight-default)"&gt;handleRaw&lt;/span&gt;&lt;span style="color: var(--highlight-keyword)"&gt;(&lt;/span&gt;&lt;span style="color: var(--highlight-default)"&gt;Request&amp;nbsp;$request&lt;/span&gt;&lt;span style="color: var(--highlight-keyword)"&gt;,&amp;nbsp;&lt;/span&gt;&lt;span style="color: var(--highlight-default)"&gt;int&amp;nbsp;$type&amp;nbsp;&lt;/span&gt;&lt;span style="color: var(--highlight-keyword)"&gt;=&amp;nbsp;&lt;/span&gt;&lt;span style="color: var(--highlight-default)"&gt;self&lt;/span&gt;&lt;span style="color: var(--highlight-keyword)"&gt;::&lt;/span&gt;&lt;span style="color: var(--highlight-default)"&gt;MAIN_REQUEST&lt;/span&gt;&lt;span style="color: var(--highlight-keyword)"&gt;):&amp;nbsp;&lt;/span&gt;&lt;span style="color: var(--highlight-default)"&gt;Response&lt;/span&gt;&lt;/code&gt;&lt;/li&gt;
&lt;li&gt;&lt;code&gt;&lt;span style="color: var(--highlight-default)"&gt;&amp;nbsp;&amp;nbsp;&amp;nbsp;&amp;nbsp;&lt;/span&gt;&lt;span style="color: var(--highlight-keyword)"&gt;{&lt;/span&gt;&lt;/code&gt;&lt;/li&gt;
&lt;li&gt;&lt;code&gt;&lt;span style="color: var(--highlight-keyword)"&gt;&amp;nbsp;&amp;nbsp;&amp;nbsp;&amp;nbsp;&amp;nbsp;&amp;nbsp;&amp;nbsp;&amp;nbsp;&lt;/span&gt;&lt;span style="color: var(--highlight-comment)"&gt;//&amp;nbsp;request&lt;/span&gt;&lt;/code&gt;&lt;/li&gt;
&lt;li&gt;&lt;code&gt;&lt;span style="color: var(--highlight-comment)"&gt;&amp;nbsp;&amp;nbsp;&amp;nbsp;&amp;nbsp;&amp;nbsp;&amp;nbsp;&amp;nbsp;&amp;nbsp;&lt;/span&gt;&lt;span style="color: var(--highlight-default)"&gt;$event&amp;nbsp;&lt;/span&gt;&lt;span style="color: var(--highlight-keyword)"&gt;=&amp;nbsp;new&amp;nbsp;&lt;/span&gt;&lt;span style="color: var(--highlight-default)"&gt;RequestEvent&lt;/span&gt;&lt;span style="color: var(--highlight-keyword)"&gt;(&lt;/span&gt;&lt;span style="color: var(--highlight-default)"&gt;$this&lt;/span&gt;&lt;span style="color: var(--highlight-keyword)"&gt;,&amp;nbsp;&lt;/span&gt;&lt;span style="color: var(--highlight-default)"&gt;$request&lt;/span&gt;&lt;span style="color: var(--highlight-keyword)"&gt;,&amp;nbsp;&lt;/span&gt;&lt;span style="color: var(--highlight-default)"&gt;$type&lt;/span&gt;&lt;span style="color: var(--highlight-keyword)"&gt;);&lt;/span&gt;&lt;/code&gt;&lt;/li&gt;
&lt;li class="selected"&gt;&lt;code&gt;&lt;span style="color: var(--highlight-keyword)"&gt;&amp;nbsp;&amp;nbsp;&amp;nbsp;&amp;nbsp;&amp;nbsp;&amp;nbsp;&amp;nbsp;&amp;nbsp;&lt;/span&gt;&lt;span style="color: var(--highlight-default)"&gt;$this&lt;/span&gt;&lt;span style="color: var(--highlight-keyword)"&gt;-&amp;gt;&lt;/span&gt;&lt;span style="color: var(--highlight-default)"&gt;dispatcher&lt;/span&gt;&lt;span style="color: var(--highlight-keyword)"&gt;-&amp;gt;&lt;/span&gt;&lt;span style="color: var(--highlight-default)"&gt;dispatch&lt;/span&gt;&lt;span style="color: var(--highlight-keyword)"&gt;(&lt;/span&gt;&lt;span style="color: var(--highlight-default)"&gt;$event&lt;/span&gt;&lt;span style="color: var(--highlight-keyword)"&gt;,&amp;nbsp;&lt;/span&gt;&lt;span style="color: var(--highlight-default)"&gt;KernelEvents&lt;/span&gt;&lt;span style="color: var(--highlight-keyword)"&gt;::&lt;/span&gt;&lt;span style="color: var(--highlight-default)"&gt;REQUEST&lt;/span&gt;&lt;span style="color: var(--highlight-keyword)"&gt;);&lt;/span&gt;&lt;/code&gt;&lt;/li&gt;
&lt;li&gt;&lt;code&gt;&lt;span style="color: var(--highlight-keyword)"&gt;&lt;/span&gt;&lt;/code&gt;&lt;/li&gt;
&lt;li&gt;&lt;code&gt;&lt;span style="color: var(--highlight-keyword)"&gt;&amp;nbsp;&amp;nbsp;&amp;nbsp;&amp;nbsp;&amp;nbsp;&amp;nbsp;&amp;nbsp;&amp;nbsp;if&amp;nbsp;(&lt;/span&gt;&lt;span style="color: var(--highlight-default)"&gt;$event&lt;/span&gt;&lt;span style="color: var(--highlight-keyword)"&gt;-&amp;gt;&lt;/span&gt;&lt;span style="color: var(--highlight-default)"&gt;hasResponse&lt;/span&gt;&lt;span style="color: var(--highlight-keyword)"&gt;())&amp;nbsp;{&lt;/span&gt;&lt;/code&gt;&lt;/li&gt;
&lt;li&gt;&lt;code&gt;&lt;span style="color: var(--highlight-keyword)"&gt;&amp;nbsp;&amp;nbsp;&amp;nbsp;&amp;nbsp;&amp;nbsp;&amp;nbsp;&amp;nbsp;&amp;nbsp;&amp;nbsp;&amp;nbsp;&amp;nbsp;&amp;nbsp;return&amp;nbsp;&lt;/span&gt;&lt;span style="color: var(--highlight-default)"&gt;$this&lt;/span&gt;&lt;span style="color: var(--highlight-keyword)"&gt;-&amp;gt;&lt;/span&gt;&lt;span style="color: var(--highlight-default)"&gt;filterResponse&lt;/span&gt;&lt;span style="color: var(--highlight-keyword)"&gt;(&lt;/span&gt;&lt;span style="color: var(--highlight-default)"&gt;$event&lt;/span&gt;&lt;span style="color: var(--highlight-keyword)"&gt;-&amp;gt;&lt;/span&gt;&lt;span style="color: var(--highlight-default)"&gt;getResponse&lt;/span&gt;&lt;span style="color: var(--highlight-keyword)"&gt;(),&amp;nbsp;&lt;/span&gt;&lt;span style="color: var(--highlight-default)"&gt;$request&lt;/span&gt;&lt;span style="color: var(--highlight-keyword)"&gt;,&amp;nbsp;&lt;/span&gt;&lt;span style="color: var(--highlight-default)"&gt;$type&lt;/span&gt;&lt;span style="color: var(--highlight-keyword)"&gt;);&lt;/span&gt;&lt;/code&gt;&lt;/li&gt;
&lt;li&gt;&lt;code&gt;&lt;span style="color: var(--highlight-keyword)"&gt;&amp;nbsp;&amp;nbsp;&amp;nbsp;&amp;nbsp;&amp;nbsp;&amp;nbsp;&amp;nbsp;&amp;nbsp;}&lt;/span&gt;&lt;/code&gt;&lt;/li&gt;
&lt;li&gt;&lt;code&gt;&lt;span style="color: var(--highlight-keyword)"&gt;&lt;/span&gt;&lt;/code&gt;&lt;/li&gt;&lt;/ol&gt;    &lt;/div&gt;            &lt;/div&gt;
                        &lt;div class="trace-line "&gt;
                &lt;div class="trace-line-header break-long-words sf-toggle" data-toggle-selector="#trace-html-2-9" data-toggle-initial=""&gt;
            &lt;span class="icon icon-close"&gt;&lt;svg width="1792" height="1792" viewBox="0 0 1792 1792" xmlns="http://www.w3.org/2000/svg"&gt;&lt;path d="M1408 960V832q0-26-19-45t-45-19H448q-26 0-45 19t-19 45v128q0 26 19 45t45 19h896q26 0 45-19t19-45zm256-544v960q0 119-84.5 203.5T1376 1664H416q-119 0-203.5-84.5T128 1376V416q0-119 84.5-203.5T416 128h960q119 0 203.5 84.5T1664 416z"/&gt;&lt;/svg&gt;&lt;/span&gt;
        &lt;span class="icon icon-open"&gt;&lt;svg width="1792" height="1792" viewBox="0 0 1792 1792" xmlns="http://www.w3.org/2000/svg"&gt;&lt;path d="M1408 960V832q0-26-19-45t-45-19h-320V448q0-26-19-45t-45-19H832q-26 0-45 19t-19 45v320H448q-26 0-45 19t-19 45v128q0 26 19 45t45 19h320v320q0 26 19 45t45 19h128q26 0 45-19t19-45v-320h320q26 0 45-19t19-45zm256-544v960q0 119-84.5 203.5T1376 1664H416q-119 0-203.5-84.5T128 1376V416q0-119 84.5-203.5T416 128h960q119 0 203.5 84.5T1664 416z"/&gt;&lt;/svg&gt;&lt;/span&gt;
    
            &lt;span class="trace-class"&gt;&lt;abbr title="Symfony\Component\HttpKernel\HttpKernel"&gt;HttpKernel&lt;/abbr&gt;&lt;/span&gt;&lt;span class="trace-type"&gt;-&gt;&lt;/span&gt;&lt;span class="trace-method"&gt;handleRaw&lt;/span&gt;&lt;span class="trace-arguments"&gt;(&lt;em&gt;object&lt;/em&gt;(&lt;abbr title="Symfony\Component\HttpFoundation\Request"&gt;Request&lt;/abbr&gt;), 1)&lt;/span&gt;    
                    &lt;span class="block trace-file-path"&gt;
            in
            &lt;a href="file://C:\Users\sliti\Desktop\dev\esprit-PIDEV-3A16-2526-FARMIA\vendor\symfony\http-kernel\HttpKernel.php#L76"&gt;
                C:\Users\sliti\Desktop\dev\esprit-PIDEV-3A16-2526-FARMIA\vendor\symfony\http-kernel\&lt;strong&gt;HttpKernel.php&lt;/strong&gt;
            &lt;/a&gt;
                        (line 76)
            &lt;span class="icon icon-copy hidden" data-clipboard-text="C:\Users\sliti\Desktop\dev\esprit-PIDEV-3A16-2526-FARMIA\vendor\symfony\http-kernel\HttpKernel.php:76"&gt;
                &lt;svg xmlns="http://www.w3.org/2000/svg" height="24" viewBox="0 0 24 24" width="24"&gt;&lt;path d="M0 0h24v24H0z" fill="none"/&gt;&lt;path d="M16 1H4c-1.1 0-2 .9-2 2v14h2V3h12V1zm3 4H8c-1.1 0-2 .9-2 2v14c0 1.1.9 2 2 2h11c1.1 0 2-.9 2-2V7c0-1.1-.9-2-2-2zm0 16H8V7h11v14z"/&gt;&lt;/svg&gt;            &lt;/span&gt;
        &lt;/span&gt;
    &lt;/div&gt;
    &lt;div id="trace-html-2-9" class="trace-code sf-toggle-content"&gt;
        &lt;ol start="71"&gt;&lt;li&gt;&lt;code&gt;&lt;span style="color: var(--highlight-keyword)"&gt;&amp;nbsp;&amp;nbsp;&amp;nbsp;&amp;nbsp;&amp;nbsp;&amp;nbsp;&amp;nbsp;&amp;nbsp;&lt;/span&gt;&lt;span style="color: var(--highlight-default)"&gt;$request&lt;/span&gt;&lt;span style="color: var(--highlight-keyword)"&gt;-&amp;gt;&lt;/span&gt;&lt;span style="color: var(--highlight-default)"&gt;headers&lt;/span&gt;&lt;span style="color: var(--highlight-keyword)"&gt;-&amp;gt;&lt;/span&gt;&lt;span style="color: var(--highlight-default)"&gt;set&lt;/span&gt;&lt;span style="color: var(--highlight-keyword)"&gt;(&lt;/span&gt;&lt;span style="color: var(--highlight-string)"&gt;'X-Php-Ob-Level'&lt;/span&gt;&lt;span style="color: var(--highlight-keyword)"&gt;,&amp;nbsp;(string)&amp;nbsp;&lt;/span&gt;&lt;span style="color: var(--highlight-default)"&gt;ob_get_level&lt;/span&gt;&lt;span style="color: var(--highlight-keyword)"&gt;());&lt;/span&gt;&lt;/code&gt;&lt;/li&gt;
&lt;li&gt;&lt;code&gt;&lt;span style="color: var(--highlight-keyword)"&gt;&lt;/span&gt;&lt;/code&gt;&lt;/li&gt;
&lt;li&gt;&lt;code&gt;&lt;span style="color: var(--highlight-keyword)"&gt;&amp;nbsp;&amp;nbsp;&amp;nbsp;&amp;nbsp;&amp;nbsp;&amp;nbsp;&amp;nbsp;&amp;nbsp;&lt;/span&gt;&lt;span style="color: var(--highlight-default)"&gt;$this&lt;/span&gt;&lt;span style="color: var(--highlight-keyword)"&gt;-&amp;gt;&lt;/span&gt;&lt;span style="color: var(--highlight-default)"&gt;requestStack&lt;/span&gt;&lt;span style="color: var(--highlight-keyword)"&gt;-&amp;gt;&lt;/span&gt;&lt;span style="color: var(--highlight-default)"&gt;push&lt;/span&gt;&lt;span style="color: var(--highlight-keyword)"&gt;(&lt;/span&gt;&lt;span style="color: var(--highlight-default)"&gt;$request&lt;/span&gt;&lt;span style="color: var(--highlight-keyword)"&gt;);&lt;/span&gt;&lt;/code&gt;&lt;/li&gt;
&lt;li&gt;&lt;code&gt;&lt;span style="color: var(--highlight-keyword)"&gt;&amp;nbsp;&amp;nbsp;&amp;nbsp;&amp;nbsp;&amp;nbsp;&amp;nbsp;&amp;nbsp;&amp;nbsp;&lt;/span&gt;&lt;span style="color: var(--highlight-default)"&gt;$response&amp;nbsp;&lt;/span&gt;&lt;span style="color: var(--highlight-keyword)"&gt;=&amp;nbsp;&lt;/span&gt;&lt;span style="color: var(--highlight-default)"&gt;null&lt;/span&gt;&lt;span style="color: var(--highlight-keyword)"&gt;;&lt;/span&gt;&lt;/code&gt;&lt;/li&gt;
&lt;li&gt;&lt;code&gt;&lt;span style="color: var(--highlight-keyword)"&gt;&amp;nbsp;&amp;nbsp;&amp;nbsp;&amp;nbsp;&amp;nbsp;&amp;nbsp;&amp;nbsp;&amp;nbsp;try&amp;nbsp;{&lt;/span&gt;&lt;/code&gt;&lt;/li&gt;
&lt;li class="selected"&gt;&lt;code&gt;&lt;span style="color: var(--highlight-keyword)"&gt;&amp;nbsp;&amp;nbsp;&amp;nbsp;&amp;nbsp;&amp;nbsp;&amp;nbsp;&amp;nbsp;&amp;nbsp;&amp;nbsp;&amp;nbsp;&amp;nbsp;&amp;nbsp;return&amp;nbsp;&lt;/span&gt;&lt;span style="color: var(--highlight-default)"&gt;$response&amp;nbsp;&lt;/span&gt;&lt;span style="color: var(--highlight-keyword)"&gt;=&amp;nbsp;&lt;/span&gt;&lt;span style="color: var(--highlight-default)"&gt;$this&lt;/span&gt;&lt;span style="color: var(--highlight-keyword)"&gt;-&amp;gt;&lt;/span&gt;&lt;span style="color: var(--highlight-default)"&gt;handleRaw&lt;/span&gt;&lt;span style="color: var(--highlight-keyword)"&gt;(&lt;/span&gt;&lt;span style="color: var(--highlight-default)"&gt;$request&lt;/span&gt;&lt;span style="color: var(--highlight-keyword)"&gt;,&amp;nbsp;&lt;/span&gt;&lt;span style="color: var(--highlight-default)"&gt;$type&lt;/span&gt;&lt;span style="color: var(--highlight-keyword)"&gt;);&lt;/span&gt;&lt;/code&gt;&lt;/li&gt;
&lt;li&gt;&lt;code&gt;&lt;span style="color: var(--highlight-keyword)"&gt;&amp;nbsp;&amp;nbsp;&amp;nbsp;&amp;nbsp;&amp;nbsp;&amp;nbsp;&amp;nbsp;&amp;nbsp;}&amp;nbsp;catch&amp;nbsp;(&lt;/span&gt;&lt;span style="color: var(--highlight-default)"&gt;\Throwable&amp;nbsp;$e&lt;/span&gt;&lt;span style="color: var(--highlight-keyword)"&gt;)&amp;nbsp;{&lt;/span&gt;&lt;/code&gt;&lt;/li&gt;
&lt;li&gt;&lt;code&gt;&lt;span style="color: var(--highlight-keyword)"&gt;&amp;nbsp;&amp;nbsp;&amp;nbsp;&amp;nbsp;&amp;nbsp;&amp;nbsp;&amp;nbsp;&amp;nbsp;&amp;nbsp;&amp;nbsp;&amp;nbsp;&amp;nbsp;if&amp;nbsp;(&lt;/span&gt;&lt;span style="color: var(--highlight-default)"&gt;$e&amp;nbsp;&lt;/span&gt;&lt;span style="color: var(--highlight-keyword)"&gt;instanceof&amp;nbsp;&lt;/span&gt;&lt;span style="color: var(--highlight-default)"&gt;\Error&amp;nbsp;&lt;/span&gt;&lt;span style="color: var(--highlight-keyword)"&gt;&amp;amp;&amp;amp;&amp;nbsp;!&lt;/span&gt;&lt;span style="color: var(--highlight-default)"&gt;$this&lt;/span&gt;&lt;span style="color: var(--highlight-keyword)"&gt;-&amp;gt;&lt;/span&gt;&lt;span style="color: var(--highlight-default)"&gt;handleAllThrowables&lt;/span&gt;&lt;span style="color: var(--highlight-keyword)"&gt;)&amp;nbsp;{&lt;/span&gt;&lt;/code&gt;&lt;/li&gt;
&lt;li&gt;&lt;code&gt;&lt;span style="color: var(--highlight-keyword)"&gt;&amp;nbsp;&amp;nbsp;&amp;nbsp;&amp;nbsp;&amp;nbsp;&amp;nbsp;&amp;nbsp;&amp;nbsp;&amp;nbsp;&amp;nbsp;&amp;nbsp;&amp;nbsp;&amp;nbsp;&amp;nbsp;&amp;nbsp;&amp;nbsp;throw&amp;nbsp;&lt;/span&gt;&lt;span style="color: var(--highlight-default)"&gt;$e&lt;/span&gt;&lt;span style="color: var(--highlight-keyword)"&gt;;&lt;/span&gt;&lt;/code&gt;&lt;/li&gt;
&lt;li&gt;&lt;code&gt;&lt;span style="color: var(--highlight-keyword)"&gt;&amp;nbsp;&amp;nbsp;&amp;nbsp;&amp;nbsp;&amp;nbsp;&amp;nbsp;&amp;nbsp;&amp;nbsp;&amp;nbsp;&amp;nbsp;&amp;nbsp;&amp;nbsp;}&lt;/span&gt;&lt;/code&gt;&lt;/li&gt;
&lt;li&gt;&lt;code&gt;&lt;span style="color: var(--highlight-keyword)"&gt;&lt;/span&gt;&lt;/code&gt;&lt;/li&gt;&lt;/ol&gt;    &lt;/div&gt;            &lt;/div&gt;
                        &lt;div class="trace-line "&gt;
                &lt;div class="trace-line-header break-long-words sf-toggle" data-toggle-selector="#trace-html-2-10" data-toggle-initial=""&gt;
            &lt;span class="icon icon-close"&gt;&lt;svg width="1792" height="1792" viewBox="0 0 1792 1792" xmlns="http://www.w3.org/2000/svg"&gt;&lt;path d="M1408 960V832q0-26-19-45t-45-19H448q-26 0-45 19t-19 45v128q0 26 19 45t45 19h896q26 0 45-19t19-45zm256-544v960q0 119-84.5 203.5T1376 1664H416q-119 0-203.5-84.5T128 1376V416q0-119 84.5-203.5T416 128h960q119 0 203.5 84.5T1664 416z"/&gt;&lt;/svg&gt;&lt;/span&gt;
        &lt;span class="icon icon-open"&gt;&lt;svg width="1792" height="1792" viewBox="0 0 1792 1792" xmlns="http://www.w3.org/2000/svg"&gt;&lt;path d="M1408 960V832q0-26-19-45t-45-19h-320V448q0-26-19-45t-45-19H832q-26 0-45 19t-19 45v320H448q-26 0-45 19t-19 45v128q0 26 19 45t45 19h320v320q0 26 19 45t45 19h128q26 0 45-19t19-45v-320h320q26 0 45-19t19-45zm256-544v960q0 119-84.5 203.5T1376 1664H416q-119 0-203.5-84.5T128 1376V416q0-119 84.5-203.5T416 128h960q119 0 203.5 84.5T1664 416z"/&gt;&lt;/svg&gt;&lt;/span&gt;
    
            &lt;span class="trace-class"&gt;&lt;abbr title="Symfony\Component\HttpKernel\HttpKernel"&gt;HttpKernel&lt;/abbr&gt;&lt;/span&gt;&lt;span class="trace-type"&gt;-&gt;&lt;/span&gt;&lt;span class="trace-method"&gt;handle&lt;/span&gt;&lt;span class="trace-arguments"&gt;(&lt;em&gt;object&lt;/em&gt;(&lt;abbr title="Symfony\Component\HttpFoundation\Request"&gt;Request&lt;/abbr&gt;), 1, &lt;em&gt;true&lt;/em&gt;)&lt;/span&gt;    
                    &lt;span class="block trace-file-path"&gt;
            in
            &lt;a href="file://C:\Users\sliti\Desktop\dev\esprit-PIDEV-3A16-2526-FARMIA\vendor\symfony\http-kernel\Kernel.php#L208"&gt;
                C:\Users\sliti\Desktop\dev\esprit-PIDEV-3A16-2526-FARMIA\vendor\symfony\http-kernel\&lt;strong&gt;Kernel.php&lt;/strong&gt;
            &lt;/a&gt;
                        (line 208)
            &lt;span class="icon icon-copy hidden" data-clipboard-text="C:\Users\sliti\Desktop\dev\esprit-PIDEV-3A16-2526-FARMIA\vendor\symfony\http-kernel\Kernel.php:208"&gt;
                &lt;svg xmlns="http://www.w3.org/2000/svg" height="24" viewBox="0 0 24 24" width="24"&gt;&lt;path d="M0 0h24v24H0z" fill="none"/&gt;&lt;path d="M16 1H4c-1.1 0-2 .9-2 2v14h2V3h12V1zm3 4H8c-1.1 0-2 .9-2 2v14c0 1.1.9 2 2 2h11c1.1 0 2-.9 2-2V7c0-1.1-.9-2-2-2zm0 16H8V7h11v14z"/&gt;&lt;/svg&gt;            &lt;/span&gt;
        &lt;/span&gt;
    &lt;/div&gt;
    &lt;div id="trace-html-2-10" class="trace-code sf-toggle-content"&gt;
        &lt;ol start="203"&gt;&lt;li&gt;&lt;code&gt;&lt;span style="color: var(--highlight-keyword)"&gt;&amp;nbsp;&amp;nbsp;&amp;nbsp;&amp;nbsp;&amp;nbsp;&amp;nbsp;&amp;nbsp;&amp;nbsp;if&amp;nbsp;(!&lt;/span&gt;&lt;span style="color: var(--highlight-default)"&gt;$this&lt;/span&gt;&lt;span style="color: var(--highlight-keyword)"&gt;-&amp;gt;&lt;/span&gt;&lt;span style="color: var(--highlight-default)"&gt;handlingHttpCache&lt;/span&gt;&lt;span style="color: var(--highlight-keyword)"&gt;)&amp;nbsp;{&lt;/span&gt;&lt;/code&gt;&lt;/li&gt;
&lt;li&gt;&lt;code&gt;&lt;span style="color: var(--highlight-keyword)"&gt;&amp;nbsp;&amp;nbsp;&amp;nbsp;&amp;nbsp;&amp;nbsp;&amp;nbsp;&amp;nbsp;&amp;nbsp;&amp;nbsp;&amp;nbsp;&amp;nbsp;&amp;nbsp;&lt;/span&gt;&lt;span style="color: var(--highlight-default)"&gt;$this&lt;/span&gt;&lt;span style="color: var(--highlight-keyword)"&gt;-&amp;gt;&lt;/span&gt;&lt;span style="color: var(--highlight-default)"&gt;resetServices&amp;nbsp;&lt;/span&gt;&lt;span style="color: var(--highlight-keyword)"&gt;=&amp;nbsp;&lt;/span&gt;&lt;span style="color: var(--highlight-default)"&gt;true&lt;/span&gt;&lt;span style="color: var(--highlight-keyword)"&gt;;&lt;/span&gt;&lt;/code&gt;&lt;/li&gt;
&lt;li&gt;&lt;code&gt;&lt;span style="color: var(--highlight-keyword)"&gt;&amp;nbsp;&amp;nbsp;&amp;nbsp;&amp;nbsp;&amp;nbsp;&amp;nbsp;&amp;nbsp;&amp;nbsp;}&lt;/span&gt;&lt;/code&gt;&lt;/li&gt;
&lt;li&gt;&lt;code&gt;&lt;span style="color: var(--highlight-keyword)"&gt;&lt;/span&gt;&lt;/code&gt;&lt;/li&gt;
&lt;li&gt;&lt;code&gt;&lt;span style="color: var(--highlight-keyword)"&gt;&amp;nbsp;&amp;nbsp;&amp;nbsp;&amp;nbsp;&amp;nbsp;&amp;nbsp;&amp;nbsp;&amp;nbsp;try&amp;nbsp;{&lt;/span&gt;&lt;/code&gt;&lt;/li&gt;
&lt;li class="selected"&gt;&lt;code&gt;&lt;span style="color: var(--highlight-keyword)"&gt;&amp;nbsp;&amp;nbsp;&amp;nbsp;&amp;nbsp;&amp;nbsp;&amp;nbsp;&amp;nbsp;&amp;nbsp;&amp;nbsp;&amp;nbsp;&amp;nbsp;&amp;nbsp;return&amp;nbsp;&lt;/span&gt;&lt;span style="color: var(--highlight-default)"&gt;$this&lt;/span&gt;&lt;span style="color: var(--highlight-keyword)"&gt;-&amp;gt;&lt;/span&gt;&lt;span style="color: var(--highlight-default)"&gt;getHttpKernel&lt;/span&gt;&lt;span style="color: var(--highlight-keyword)"&gt;()-&amp;gt;&lt;/span&gt;&lt;span style="color: var(--highlight-default)"&gt;handle&lt;/span&gt;&lt;span style="color: var(--highlight-keyword)"&gt;(&lt;/span&gt;&lt;span style="color: var(--highlight-default)"&gt;$request&lt;/span&gt;&lt;span style="color: var(--highlight-keyword)"&gt;,&amp;nbsp;&lt;/span&gt;&lt;span style="color: var(--highlight-default)"&gt;$type&lt;/span&gt;&lt;span style="color: var(--highlight-keyword)"&gt;,&amp;nbsp;&lt;/span&gt;&lt;span style="color: var(--highlight-default)"&gt;$catch&lt;/span&gt;&lt;span style="color: var(--highlight-keyword)"&gt;);&lt;/span&gt;&lt;/code&gt;&lt;/li&gt;
&lt;li&gt;&lt;code&gt;&lt;span style="color: var(--highlight-keyword)"&gt;&amp;nbsp;&amp;nbsp;&amp;nbsp;&amp;nbsp;&amp;nbsp;&amp;nbsp;&amp;nbsp;&amp;nbsp;}&amp;nbsp;finally&amp;nbsp;{&lt;/span&gt;&lt;/code&gt;&lt;/li&gt;
&lt;li&gt;&lt;code&gt;&lt;span style="color: var(--highlight-keyword)"&gt;&amp;nbsp;&amp;nbsp;&amp;nbsp;&amp;nbsp;&amp;nbsp;&amp;nbsp;&amp;nbsp;&amp;nbsp;&amp;nbsp;&amp;nbsp;&amp;nbsp;&amp;nbsp;--&lt;/span&gt;&lt;span style="color: var(--highlight-default)"&gt;$this&lt;/span&gt;&lt;span style="color: var(--highlight-keyword)"&gt;-&amp;gt;&lt;/span&gt;&lt;span style="color: var(--highlight-default)"&gt;requestStackSize&lt;/span&gt;&lt;span style="color: var(--highlight-keyword)"&gt;;&lt;/span&gt;&lt;/code&gt;&lt;/li&gt;
&lt;li&gt;&lt;code&gt;&lt;span style="color: var(--highlight-keyword)"&gt;&amp;nbsp;&amp;nbsp;&amp;nbsp;&amp;nbsp;&amp;nbsp;&amp;nbsp;&amp;nbsp;&amp;nbsp;}&lt;/span&gt;&lt;/code&gt;&lt;/li&gt;
&lt;li&gt;&lt;code&gt;&lt;span style="color: var(--highlight-keyword)"&gt;&amp;nbsp;&amp;nbsp;&amp;nbsp;&amp;nbsp;}&lt;/span&gt;&lt;/code&gt;&lt;/li&gt;
&lt;li&gt;&lt;code&gt;&lt;span style="color: var(--highlight-keyword)"&gt;&lt;/span&gt;&lt;/code&gt;&lt;/li&gt;&lt;/ol&gt;    &lt;/div&gt;            &lt;/div&gt;
                        &lt;div class="trace-line "&gt;
                &lt;div class="trace-line-header break-long-words sf-toggle" data-toggle-selector="#trace-html-2-11" data-toggle-initial=""&gt;
            &lt;span class="icon icon-close"&gt;&lt;svg width="1792" height="1792" viewBox="0 0 1792 1792" xmlns="http://www.w3.org/2000/svg"&gt;&lt;path d="M1408 960V832q0-26-19-45t-45-19H448q-26 0-45 19t-19 45v128q0 26 19 45t45 19h896q26 0 45-19t19-45zm256-544v960q0 119-84.5 203.5T1376 1664H416q-119 0-203.5-84.5T128 1376V416q0-119 84.5-203.5T416 128h960q119 0 203.5 84.5T1664 416z"/&gt;&lt;/svg&gt;&lt;/span&gt;
        &lt;span class="icon icon-open"&gt;&lt;svg width="1792" height="1792" viewBox="0 0 1792 1792" xmlns="http://www.w3.org/2000/svg"&gt;&lt;path d="M1408 960V832q0-26-19-45t-45-19h-320V448q0-26-19-45t-45-19H832q-26 0-45 19t-19 45v320H448q-26 0-45 19t-19 45v128q0 26 19 45t45 19h320v320q0 26 19 45t45 19h128q26 0 45-19t19-45v-320h320q26 0 45-19t19-45zm256-544v960q0 119-84.5 203.5T1376 1664H416q-119 0-203.5-84.5T128 1376V416q0-119 84.5-203.5T416 128h960q119 0 203.5 84.5T1664 416z"/&gt;&lt;/svg&gt;&lt;/span&gt;
    
            &lt;span class="trace-class"&gt;&lt;abbr title="Symfony\Component\HttpKernel\Kernel"&gt;Kernel&lt;/abbr&gt;&lt;/span&gt;&lt;span class="trace-type"&gt;-&gt;&lt;/span&gt;&lt;span class="trace-method"&gt;handle&lt;/span&gt;&lt;span class="trace-arguments"&gt;(&lt;em&gt;object&lt;/em&gt;(&lt;abbr title="Symfony\Component\HttpFoundation\Request"&gt;Request&lt;/abbr&gt;), 1, &lt;em&gt;true&lt;/em&gt;)&lt;/span&gt;    
                    &lt;span class="block trace-file-path"&gt;
            in
            &lt;a href="file://C:\Users\sliti\Desktop\dev\esprit-PIDEV-3A16-2526-FARMIA\vendor\symfony\http-kernel\HttpKernelBrowser.php#L65"&gt;
                C:\Users\sliti\Desktop\dev\esprit-PIDEV-3A16-2526-FARMIA\vendor\symfony\http-kernel\&lt;strong&gt;HttpKernelBrowser.php&lt;/strong&gt;
            &lt;/a&gt;
                        (line 65)
            &lt;span class="icon icon-copy hidden" data-clipboard-text="C:\Users\sliti\Desktop\dev\esprit-PIDEV-3A16-2526-FARMIA\vendor\symfony\http-kernel\HttpKernelBrowser.php:65"&gt;
                &lt;svg xmlns="http://www.w3.org/2000/svg" height="24" viewBox="0 0 24 24" width="24"&gt;&lt;path d="M0 0h24v24H0z" fill="none"/&gt;&lt;path d="M16 1H4c-1.1 0-2 .9-2 2v14h2V3h12V1zm3 4H8c-1.1 0-2 .9-2 2v14c0 1.1.9 2 2 2h11c1.1 0 2-.9 2-2V7c0-1.1-.9-2-2-2zm0 16H8V7h11v14z"/&gt;&lt;/svg&gt;            &lt;/span&gt;
        &lt;/span&gt;
    &lt;/div&gt;
    &lt;div id="trace-html-2-11" class="trace-code sf-toggle-content"&gt;
        &lt;ol start="60"&gt;&lt;li&gt;&lt;code&gt;&lt;span style="color: var(--highlight-comment)"&gt;&amp;nbsp;&amp;nbsp;&amp;nbsp;&amp;nbsp;&amp;nbsp;*&lt;/span&gt;&lt;/code&gt;&lt;/li&gt;
&lt;li&gt;&lt;code&gt;&lt;span style="color: var(--highlight-comment)"&gt;&amp;nbsp;&amp;nbsp;&amp;nbsp;&amp;nbsp;&amp;nbsp;*&amp;nbsp;@return&amp;nbsp;Response&lt;/span&gt;&lt;/code&gt;&lt;/li&gt;
&lt;li&gt;&lt;code&gt;&lt;span style="color: var(--highlight-comment)"&gt;&amp;nbsp;&amp;nbsp;&amp;nbsp;&amp;nbsp;&amp;nbsp;*/&lt;/span&gt;&lt;/code&gt;&lt;/li&gt;
&lt;li&gt;&lt;code&gt;&lt;span style="color: var(--highlight-comment)"&gt;&amp;nbsp;&amp;nbsp;&amp;nbsp;&amp;nbsp;&lt;/span&gt;&lt;span style="color: var(--highlight-keyword)"&gt;protected&amp;nbsp;function&amp;nbsp;&lt;/span&gt;&lt;span style="color: var(--highlight-default)"&gt;doRequest&lt;/span&gt;&lt;span style="color: var(--highlight-keyword)"&gt;(&lt;/span&gt;&lt;span style="color: var(--highlight-default)"&gt;object&amp;nbsp;$request&lt;/span&gt;&lt;span style="color: var(--highlight-keyword)"&gt;)&lt;/span&gt;&lt;/code&gt;&lt;/li&gt;
&lt;li&gt;&lt;code&gt;&lt;span style="color: var(--highlight-keyword)"&gt;&amp;nbsp;&amp;nbsp;&amp;nbsp;&amp;nbsp;{&lt;/span&gt;&lt;/code&gt;&lt;/li&gt;
&lt;li class="selected"&gt;&lt;code&gt;&lt;span style="color: var(--highlight-keyword)"&gt;&amp;nbsp;&amp;nbsp;&amp;nbsp;&amp;nbsp;&amp;nbsp;&amp;nbsp;&amp;nbsp;&amp;nbsp;&lt;/span&gt;&lt;span style="color: var(--highlight-default)"&gt;$response&amp;nbsp;&lt;/span&gt;&lt;span style="color: var(--highlight-keyword)"&gt;=&amp;nbsp;&lt;/span&gt;&lt;span style="color: var(--highlight-default)"&gt;$this&lt;/span&gt;&lt;span style="color: var(--highlight-keyword)"&gt;-&amp;gt;&lt;/span&gt;&lt;span style="color: var(--highlight-default)"&gt;kernel&lt;/span&gt;&lt;span style="color: var(--highlight-keyword)"&gt;-&amp;gt;&lt;/span&gt;&lt;span style="color: var(--highlight-default)"&gt;handle&lt;/span&gt;&lt;span style="color: var(--highlight-keyword)"&gt;(&lt;/span&gt;&lt;span style="color: var(--highlight-default)"&gt;$request&lt;/span&gt;&lt;span style="color: var(--highlight-keyword)"&gt;,&amp;nbsp;&lt;/span&gt;&lt;span style="color: var(--highlight-default)"&gt;HttpKernelInterface&lt;/span&gt;&lt;span style="color: var(--highlight-keyword)"&gt;::&lt;/span&gt;&lt;span style="color: var(--highlight-default)"&gt;MAIN_REQUEST&lt;/span&gt;&lt;span style="color: var(--highlight-keyword)"&gt;,&amp;nbsp;&lt;/span&gt;&lt;span style="color: var(--highlight-default)"&gt;$this&lt;/span&gt;&lt;span style="color: var(--highlight-keyword)"&gt;-&amp;gt;&lt;/span&gt;&lt;span style="color: var(--highlight-default)"&gt;catchExceptions&lt;/span&gt;&lt;span style="color: var(--highlight-keyword)"&gt;);&lt;/span&gt;&lt;/code&gt;&lt;/li&gt;
&lt;li&gt;&lt;code&gt;&lt;span style="color: var(--highlight-keyword)"&gt;&lt;/span&gt;&lt;/code&gt;&lt;/li&gt;
&lt;li&gt;&lt;code&gt;&lt;span style="color: var(--highlight-keyword)"&gt;&amp;nbsp;&amp;nbsp;&amp;nbsp;&amp;nbsp;&amp;nbsp;&amp;nbsp;&amp;nbsp;&amp;nbsp;if&amp;nbsp;(&lt;/span&gt;&lt;span style="color: var(--highlight-default)"&gt;$this&lt;/span&gt;&lt;span style="color: var(--highlight-keyword)"&gt;-&amp;gt;&lt;/span&gt;&lt;span style="color: var(--highlight-default)"&gt;kernel&amp;nbsp;&lt;/span&gt;&lt;span style="color: var(--highlight-keyword)"&gt;instanceof&amp;nbsp;&lt;/span&gt;&lt;span style="color: var(--highlight-default)"&gt;TerminableInterface&lt;/span&gt;&lt;span style="color: var(--highlight-keyword)"&gt;)&amp;nbsp;{&lt;/span&gt;&lt;/code&gt;&lt;/li&gt;
&lt;li&gt;&lt;code&gt;&lt;span style="color: var(--highlight-keyword)"&gt;&amp;nbsp;&amp;nbsp;&amp;nbsp;&amp;nbsp;&amp;nbsp;&amp;nbsp;&amp;nbsp;&amp;nbsp;&amp;nbsp;&amp;nbsp;&amp;nbsp;&amp;nbsp;&lt;/span&gt;&lt;span style="color: var(--highlight-default)"&gt;$this&lt;/span&gt;&lt;span style="color: var(--highlight-keyword)"&gt;-&amp;gt;&lt;/span&gt;&lt;span style="color: var(--highlight-default)"&gt;kernel&lt;/span&gt;&lt;span style="color: var(--highlight-keyword)"&gt;-&amp;gt;&lt;/span&gt;&lt;span style="color: var(--highlight-default)"&gt;terminate&lt;/span&gt;&lt;span style="color: var(--highlight-keyword)"&gt;(&lt;/span&gt;&lt;span style="color: var(--highlight-default)"&gt;$request&lt;/span&gt;&lt;span style="color: var(--highlight-keyword)"&gt;,&amp;nbsp;&lt;/span&gt;&lt;span style="color: var(--highlight-default)"&gt;$response&lt;/span&gt;&lt;span style="color: var(--highlight-keyword)"&gt;);&lt;/span&gt;&lt;/code&gt;&lt;/li&gt;
&lt;li&gt;&lt;code&gt;&lt;span style="color: var(--highlight-keyword)"&gt;&amp;nbsp;&amp;nbsp;&amp;nbsp;&amp;nbsp;&amp;nbsp;&amp;nbsp;&amp;nbsp;&amp;nbsp;}&lt;/span&gt;&lt;/code&gt;&lt;/li&gt;
&lt;li&gt;&lt;code&gt;&lt;span style="color: var(--highlight-keyword)"&gt;&lt;/span&gt;&lt;/code&gt;&lt;/li&gt;&lt;/ol&gt;    &lt;/div&gt;            &lt;/div&gt;
                        &lt;div class="trace-line "&gt;
                &lt;div class="trace-line-header break-long-words sf-toggle" data-toggle-selector="#trace-html-2-12" data-toggle-initial=""&gt;
            &lt;span class="icon icon-close"&gt;&lt;svg width="1792" height="1792" viewBox="0 0 1792 1792" xmlns="http://www.w3.org/2000/svg"&gt;&lt;path d="M1408 960V832q0-26-19-45t-45-19H448q-26 0-45 19t-19 45v128q0 26 19 45t45 19h896q26 0 45-19t19-45zm256-544v960q0 119-84.5 203.5T1376 1664H416q-119 0-203.5-84.5T128 1376V416q0-119 84.5-203.5T416 128h960q119 0 203.5 84.5T1664 416z"/&gt;&lt;/svg&gt;&lt;/span&gt;
        &lt;span class="icon icon-open"&gt;&lt;svg width="1792" height="1792" viewBox="0 0 1792 1792" xmlns="http://www.w3.org/2000/svg"&gt;&lt;path d="M1408 960V832q0-26-19-45t-45-19h-320V448q0-26-19-45t-45-19H832q-26 0-45 19t-19 45v320H448q-26 0-45 19t-19 45v128q0 26 19 45t45 19h320v320q0 26 19 45t45 19h128q26 0 45-19t19-45v-320h320q26 0 45-19t19-45zm256-544v960q0 119-84.5 203.5T1376 1664H416q-119 0-203.5-84.5T128 1376V416q0-119 84.5-203.5T416 128h960q119 0 203.5 84.5T1664 416z"/&gt;&lt;/svg&gt;&lt;/span&gt;
    
            &lt;span class="trace-class"&gt;&lt;abbr title="Symfony\Component\HttpKernel\HttpKernelBrowser"&gt;HttpKernelBrowser&lt;/abbr&gt;&lt;/span&gt;&lt;span class="trace-type"&gt;-&gt;&lt;/span&gt;&lt;span class="trace-method"&gt;doRequest&lt;/span&gt;&lt;span class="trace-arguments"&gt;(&lt;em&gt;object&lt;/em&gt;(&lt;abbr title="Symfony\Component\HttpFoundation\Request"&gt;Request&lt;/abbr&gt;))&lt;/span&gt;    
                    &lt;span class="block trace-file-path"&gt;
            in
            &lt;a href="file://C:\Users\sliti\Desktop\dev\esprit-PIDEV-3A16-2526-FARMIA\vendor\symfony\framework-bundle\KernelBrowser.php#L175"&gt;
                C:\Users\sliti\Desktop\dev\esprit-PIDEV-3A16-2526-FARMIA\vendor\symfony\framework-bundle\&lt;strong&gt;KernelBrowser.php&lt;/strong&gt;
            &lt;/a&gt;
                        (line 175)
            &lt;span class="icon icon-copy hidden" data-clipboard-text="C:\Users\sliti\Desktop\dev\esprit-PIDEV-3A16-2526-FARMIA\vendor\symfony\framework-bundle\KernelBrowser.php:175"&gt;
                &lt;svg xmlns="http://www.w3.org/2000/svg" height="24" viewBox="0 0 24 24" width="24"&gt;&lt;path d="M0 0h24v24H0z" fill="none"/&gt;&lt;path d="M16 1H4c-1.1 0-2 .9-2 2v14h2V3h12V1zm3 4H8c-1.1 0-2 .9-2 2v14c0 1.1.9 2 2 2h11c1.1 0 2-.9 2-2V7c0-1.1-.9-2-2-2zm0 16H8V7h11v14z"/&gt;&lt;/svg&gt;            &lt;/span&gt;
        &lt;/span&gt;
    &lt;/div&gt;
    &lt;div id="trace-html-2-12" class="trace-code sf-toggle-content"&gt;
        &lt;ol start="170"&gt;&lt;li&gt;&lt;code&gt;&lt;span style="color: var(--highlight-keyword)"&gt;&lt;/span&gt;&lt;/code&gt;&lt;/li&gt;
&lt;li&gt;&lt;code&gt;&lt;span style="color: var(--highlight-keyword)"&gt;&amp;nbsp;&amp;nbsp;&amp;nbsp;&amp;nbsp;&amp;nbsp;&amp;nbsp;&amp;nbsp;&amp;nbsp;&amp;nbsp;&amp;nbsp;&amp;nbsp;&amp;nbsp;&lt;/span&gt;&lt;span style="color: var(--highlight-default)"&gt;$this&lt;/span&gt;&lt;span style="color: var(--highlight-keyword)"&gt;-&amp;gt;&lt;/span&gt;&lt;span style="color: var(--highlight-default)"&gt;kernel&lt;/span&gt;&lt;span style="color: var(--highlight-keyword)"&gt;-&amp;gt;&lt;/span&gt;&lt;span style="color: var(--highlight-default)"&gt;boot&lt;/span&gt;&lt;span style="color: var(--highlight-keyword)"&gt;();&lt;/span&gt;&lt;/code&gt;&lt;/li&gt;
&lt;li&gt;&lt;code&gt;&lt;span style="color: var(--highlight-keyword)"&gt;&amp;nbsp;&amp;nbsp;&amp;nbsp;&amp;nbsp;&amp;nbsp;&amp;nbsp;&amp;nbsp;&amp;nbsp;&amp;nbsp;&amp;nbsp;&amp;nbsp;&amp;nbsp;&lt;/span&gt;&lt;span style="color: var(--highlight-default)"&gt;$this&lt;/span&gt;&lt;span style="color: var(--highlight-keyword)"&gt;-&amp;gt;&lt;/span&gt;&lt;span style="color: var(--highlight-default)"&gt;getContainer&lt;/span&gt;&lt;span style="color: var(--highlight-keyword)"&gt;()-&amp;gt;&lt;/span&gt;&lt;span style="color: var(--highlight-default)"&gt;get&lt;/span&gt;&lt;span style="color: var(--highlight-keyword)"&gt;(&lt;/span&gt;&lt;span style="color: var(--highlight-string)"&gt;'profiler'&lt;/span&gt;&lt;span style="color: var(--highlight-keyword)"&gt;)-&amp;gt;&lt;/span&gt;&lt;span style="color: var(--highlight-default)"&gt;enable&lt;/span&gt;&lt;span style="color: var(--highlight-keyword)"&gt;();&lt;/span&gt;&lt;/code&gt;&lt;/li&gt;
&lt;li&gt;&lt;code&gt;&lt;span style="color: var(--highlight-keyword)"&gt;&amp;nbsp;&amp;nbsp;&amp;nbsp;&amp;nbsp;&amp;nbsp;&amp;nbsp;&amp;nbsp;&amp;nbsp;}&lt;/span&gt;&lt;/code&gt;&lt;/li&gt;
&lt;li&gt;&lt;code&gt;&lt;span style="color: var(--highlight-keyword)"&gt;&lt;/span&gt;&lt;/code&gt;&lt;/li&gt;
&lt;li class="selected"&gt;&lt;code&gt;&lt;span style="color: var(--highlight-keyword)"&gt;&amp;nbsp;&amp;nbsp;&amp;nbsp;&amp;nbsp;&amp;nbsp;&amp;nbsp;&amp;nbsp;&amp;nbsp;return&amp;nbsp;&lt;/span&gt;&lt;span style="color: var(--highlight-default)"&gt;parent&lt;/span&gt;&lt;span style="color: var(--highlight-keyword)"&gt;::&lt;/span&gt;&lt;span style="color: var(--highlight-default)"&gt;doRequest&lt;/span&gt;&lt;span style="color: var(--highlight-keyword)"&gt;(&lt;/span&gt;&lt;span style="color: var(--highlight-default)"&gt;$request&lt;/span&gt;&lt;span style="color: var(--highlight-keyword)"&gt;);&lt;/span&gt;&lt;/code&gt;&lt;/li&gt;
&lt;li&gt;&lt;code&gt;&lt;span style="color: var(--highlight-keyword)"&gt;&amp;nbsp;&amp;nbsp;&amp;nbsp;&amp;nbsp;}&lt;/span&gt;&lt;/code&gt;&lt;/li&gt;
&lt;li&gt;&lt;code&gt;&lt;span style="color: var(--highlight-keyword)"&gt;&lt;/span&gt;&lt;/code&gt;&lt;/li&gt;
&lt;li&gt;&lt;code&gt;&lt;span style="color: var(--highlight-keyword)"&gt;&amp;nbsp;&amp;nbsp;&amp;nbsp;&amp;nbsp;&lt;/span&gt;&lt;span style="color: var(--highlight-comment)"&gt;/**&lt;/span&gt;&lt;/code&gt;&lt;/li&gt;
&lt;li&gt;&lt;code&gt;&lt;span style="color: var(--highlight-comment)"&gt;&amp;nbsp;&amp;nbsp;&amp;nbsp;&amp;nbsp;&amp;nbsp;*&amp;nbsp;@param&amp;nbsp;Request&amp;nbsp;$request&lt;/span&gt;&lt;/code&gt;&lt;/li&gt;
&lt;li&gt;&lt;code&gt;&lt;span style="color: var(--highlight-comment)"&gt;&amp;nbsp;&amp;nbsp;&amp;nbsp;&amp;nbsp;&amp;nbsp;*/&lt;/span&gt;&lt;/code&gt;&lt;/li&gt;&lt;/ol&gt;    &lt;/div&gt;            &lt;/div&gt;
                        &lt;div class="trace-line "&gt;
                &lt;div class="trace-line-header break-long-words sf-toggle" data-toggle-selector="#trace-html-2-13" data-toggle-initial=""&gt;
            &lt;span class="icon icon-close"&gt;&lt;svg width="1792" height="1792" viewBox="0 0 1792 1792" xmlns="http://www.w3.org/2000/svg"&gt;&lt;path d="M1408 960V832q0-26-19-45t-45-19H448q-26 0-45 19t-19 45v128q0 26 19 45t45 19h896q26 0 45-19t19-45zm256-544v960q0 119-84.5 203.5T1376 1664H416q-119 0-203.5-84.5T128 1376V416q0-119 84.5-203.5T416 128h960q119 0 203.5 84.5T1664 416z"/&gt;&lt;/svg&gt;&lt;/span&gt;
        &lt;span class="icon icon-open"&gt;&lt;svg width="1792" height="1792" viewBox="0 0 1792 1792" xmlns="http://www.w3.org/2000/svg"&gt;&lt;path d="M1408 960V832q0-26-19-45t-45-19h-320V448q0-26-19-45t-45-19H832q-26 0-45 19t-19 45v320H448q-26 0-45 19t-19 45v128q0 26 19 45t45 19h320v320q0 26 19 45t45 19h128q26 0 45-19t19-45v-320h320q26 0 45-19t19-45zm256-544v960q0 119-84.5 203.5T1376 1664H416q-119 0-203.5-84.5T128 1376V416q0-119 84.5-203.5T416 128h960q119 0 203.5 84.5T1664 416z"/&gt;&lt;/svg&gt;&lt;/span&gt;
    
            &lt;span class="trace-class"&gt;&lt;abbr title="Symfony\Bundle\FrameworkBundle\KernelBrowser"&gt;KernelBrowser&lt;/abbr&gt;&lt;/span&gt;&lt;span class="trace-type"&gt;-&gt;&lt;/span&gt;&lt;span class="trace-method"&gt;doRequest&lt;/span&gt;&lt;span class="trace-arguments"&gt;(&lt;em&gt;object&lt;/em&gt;(&lt;abbr title="Symfony\Component\HttpFoundation\Request"&gt;Request&lt;/abbr&gt;))&lt;/span&gt;    
                    &lt;span class="block trace-file-path"&gt;
            in
            &lt;a href="file://C:\Users\sliti\Desktop\dev\esprit-PIDEV-3A16-2526-FARMIA\vendor\symfony\browser-kit\AbstractBrowser.php#L385"&gt;
                C:\Users\sliti\Desktop\dev\esprit-PIDEV-3A16-2526-FARMIA\vendor\symfony\browser-kit\&lt;strong&gt;AbstractBrowser.php&lt;/strong&gt;
            &lt;/a&gt;
                        (line 385)
            &lt;span class="icon icon-copy hidden" data-clipboard-text="C:\Users\sliti\Desktop\dev\esprit-PIDEV-3A16-2526-FARMIA\vendor\symfony\browser-kit\AbstractBrowser.php:385"&gt;
                &lt;svg xmlns="http://www.w3.org/2000/svg" height="24" viewBox="0 0 24 24" width="24"&gt;&lt;path d="M0 0h24v24H0z" fill="none"/&gt;&lt;path d="M16 1H4c-1.1 0-2 .9-2 2v14h2V3h12V1zm3 4H8c-1.1 0-2 .9-2 2v14c0 1.1.9 2 2 2h11c1.1 0 2-.9 2-2V7c0-1.1-.9-2-2-2zm0 16H8V7h11v14z"/&gt;&lt;/svg&gt;            &lt;/span&gt;
        &lt;/span&gt;
    &lt;/div&gt;
    &lt;div id="trace-html-2-13" class="trace-code sf-toggle-content"&gt;
        &lt;ol start="380"&gt;&lt;li&gt;&lt;code&gt;&lt;span style="color: var(--highlight-keyword)"&gt;&amp;nbsp;&amp;nbsp;&amp;nbsp;&amp;nbsp;&amp;nbsp;&amp;nbsp;&amp;nbsp;&amp;nbsp;}&lt;/span&gt;&lt;/code&gt;&lt;/li&gt;
&lt;li&gt;&lt;code&gt;&lt;span style="color: var(--highlight-keyword)"&gt;&lt;/span&gt;&lt;/code&gt;&lt;/li&gt;
&lt;li&gt;&lt;code&gt;&lt;span style="color: var(--highlight-keyword)"&gt;&amp;nbsp;&amp;nbsp;&amp;nbsp;&amp;nbsp;&amp;nbsp;&amp;nbsp;&amp;nbsp;&amp;nbsp;if&amp;nbsp;(&lt;/span&gt;&lt;span style="color: var(--highlight-default)"&gt;$this&lt;/span&gt;&lt;span style="color: var(--highlight-keyword)"&gt;-&amp;gt;&lt;/span&gt;&lt;span style="color: var(--highlight-default)"&gt;insulated&lt;/span&gt;&lt;span style="color: var(--highlight-keyword)"&gt;)&amp;nbsp;{&lt;/span&gt;&lt;/code&gt;&lt;/li&gt;
&lt;li&gt;&lt;code&gt;&lt;span style="color: var(--highlight-keyword)"&gt;&amp;nbsp;&amp;nbsp;&amp;nbsp;&amp;nbsp;&amp;nbsp;&amp;nbsp;&amp;nbsp;&amp;nbsp;&amp;nbsp;&amp;nbsp;&amp;nbsp;&amp;nbsp;&lt;/span&gt;&lt;span style="color: var(--highlight-default)"&gt;$this&lt;/span&gt;&lt;span style="color: var(--highlight-keyword)"&gt;-&amp;gt;&lt;/span&gt;&lt;span style="color: var(--highlight-default)"&gt;response&amp;nbsp;&lt;/span&gt;&lt;span style="color: var(--highlight-keyword)"&gt;=&amp;nbsp;&lt;/span&gt;&lt;span style="color: var(--highlight-default)"&gt;$this&lt;/span&gt;&lt;span style="color: var(--highlight-keyword)"&gt;-&amp;gt;&lt;/span&gt;&lt;span style="color: var(--highlight-default)"&gt;doRequestInProcess&lt;/span&gt;&lt;span style="color: var(--highlight-keyword)"&gt;(&lt;/span&gt;&lt;span style="color: var(--highlight-default)"&gt;$this&lt;/span&gt;&lt;span style="color: var(--highlight-keyword)"&gt;-&amp;gt;&lt;/span&gt;&lt;span style="color: var(--highlight-default)"&gt;request&lt;/span&gt;&lt;span style="color: var(--highlight-keyword)"&gt;);&lt;/span&gt;&lt;/code&gt;&lt;/li&gt;
&lt;li&gt;&lt;code&gt;&lt;span style="color: var(--highlight-keyword)"&gt;&amp;nbsp;&amp;nbsp;&amp;nbsp;&amp;nbsp;&amp;nbsp;&amp;nbsp;&amp;nbsp;&amp;nbsp;}&amp;nbsp;else&amp;nbsp;{&lt;/span&gt;&lt;/code&gt;&lt;/li&gt;
&lt;li class="selected"&gt;&lt;code&gt;&lt;span style="color: var(--highlight-keyword)"&gt;&amp;nbsp;&amp;nbsp;&amp;nbsp;&amp;nbsp;&amp;nbsp;&amp;nbsp;&amp;nbsp;&amp;nbsp;&amp;nbsp;&amp;nbsp;&amp;nbsp;&amp;nbsp;&lt;/span&gt;&lt;span style="color: var(--highlight-default)"&gt;$this&lt;/span&gt;&lt;span style="color: var(--highlight-keyword)"&gt;-&amp;gt;&lt;/span&gt;&lt;span style="color: var(--highlight-default)"&gt;response&amp;nbsp;&lt;/span&gt;&lt;span style="color: var(--highlight-keyword)"&gt;=&amp;nbsp;&lt;/span&gt;&lt;span style="color: var(--highlight-default)"&gt;$this&lt;/span&gt;&lt;span style="color: var(--highlight-keyword)"&gt;-&amp;gt;&lt;/span&gt;&lt;span style="color: var(--highlight-default)"&gt;doRequest&lt;/span&gt;&lt;span style="color: var(--highlight-keyword)"&gt;(&lt;/span&gt;&lt;span style="color: var(--highlight-default)"&gt;$this&lt;/span&gt;&lt;span style="color: var(--highlight-keyword)"&gt;-&amp;gt;&lt;/span&gt;&lt;span style="color: var(--highlight-default)"&gt;request&lt;/span&gt;&lt;span style="color: var(--highlight-keyword)"&gt;);&lt;/span&gt;&lt;/code&gt;&lt;/li&gt;
&lt;li&gt;&lt;code&gt;&lt;span style="color: var(--highlight-keyword)"&gt;&amp;nbsp;&amp;nbsp;&amp;nbsp;&amp;nbsp;&amp;nbsp;&amp;nbsp;&amp;nbsp;&amp;nbsp;}&lt;/span&gt;&lt;/code&gt;&lt;/li&gt;
&lt;li&gt;&lt;code&gt;&lt;span style="color: var(--highlight-keyword)"&gt;&lt;/span&gt;&lt;/code&gt;&lt;/li&gt;
&lt;li&gt;&lt;code&gt;&lt;span style="color: var(--highlight-keyword)"&gt;&amp;nbsp;&amp;nbsp;&amp;nbsp;&amp;nbsp;&amp;nbsp;&amp;nbsp;&amp;nbsp;&amp;nbsp;&lt;/span&gt;&lt;span style="color: var(--highlight-default)"&gt;$this&lt;/span&gt;&lt;span style="color: var(--highlight-keyword)"&gt;-&amp;gt;&lt;/span&gt;&lt;span style="color: var(--highlight-default)"&gt;internalResponse&amp;nbsp;&lt;/span&gt;&lt;span style="color: var(--highlight-keyword)"&gt;=&amp;nbsp;&lt;/span&gt;&lt;span style="color: var(--highlight-default)"&gt;$this&lt;/span&gt;&lt;span style="color: var(--highlight-keyword)"&gt;-&amp;gt;&lt;/span&gt;&lt;span style="color: var(--highlight-default)"&gt;filterResponse&lt;/span&gt;&lt;span style="color: var(--highlight-keyword)"&gt;(&lt;/span&gt;&lt;span style="color: var(--highlight-default)"&gt;$this&lt;/span&gt;&lt;span style="color: var(--highlight-keyword)"&gt;-&amp;gt;&lt;/span&gt;&lt;span style="color: var(--highlight-default)"&gt;response&lt;/span&gt;&lt;span style="color: var(--highlight-keyword)"&gt;);&lt;/span&gt;&lt;/code&gt;&lt;/li&gt;
&lt;li&gt;&lt;code&gt;&lt;span style="color: var(--highlight-keyword)"&gt;&lt;/span&gt;&lt;/code&gt;&lt;/li&gt;
&lt;li&gt;&lt;code&gt;&lt;span style="color: var(--highlight-keyword)"&gt;&amp;nbsp;&amp;nbsp;&amp;nbsp;&amp;nbsp;&amp;nbsp;&amp;nbsp;&amp;nbsp;&amp;nbsp;&lt;/span&gt;&lt;span style="color: var(--highlight-default)"&gt;$this&lt;/span&gt;&lt;span style="color: var(--highlight-keyword)"&gt;-&amp;gt;&lt;/span&gt;&lt;span style="color: var(--highlight-default)"&gt;cookieJar&lt;/span&gt;&lt;span style="color: var(--highlight-keyword)"&gt;-&amp;gt;&lt;/span&gt;&lt;span style="color: var(--highlight-default)"&gt;updateFromResponse&lt;/span&gt;&lt;span style="color: var(--highlight-keyword)"&gt;(&lt;/span&gt;&lt;span style="color: var(--highlight-default)"&gt;$this&lt;/span&gt;&lt;span style="color: var(--highlight-keyword)"&gt;-&amp;gt;&lt;/span&gt;&lt;span style="color: var(--highlight-default)"&gt;internalResponse&lt;/span&gt;&lt;span style="color: var(--highlight-keyword)"&gt;,&amp;nbsp;&lt;/span&gt;&lt;span style="color: var(--highlight-default)"&gt;$uri&lt;/span&gt;&lt;span style="color: var(--highlight-keyword)"&gt;);&lt;/span&gt;&lt;/code&gt;&lt;/li&gt;&lt;/ol&gt;    &lt;/div&gt;            &lt;/div&gt;
                        &lt;div class="trace-line "&gt;
                &lt;div class="trace-line-header break-long-words sf-toggle" data-toggle-selector="#trace-html-2-14" data-toggle-initial=""&gt;
            &lt;span class="icon icon-close"&gt;&lt;svg width="1792" height="1792" viewBox="0 0 1792 1792" xmlns="http://www.w3.org/2000/svg"&gt;&lt;path d="M1408 960V832q0-26-19-45t-45-19H448q-26 0-45 19t-19 45v128q0 26 19 45t45 19h896q26 0 45-19t19-45zm256-544v960q0 119-84.5 203.5T1376 1664H416q-119 0-203.5-84.5T128 1376V416q0-119 84.5-203.5T416 128h960q119 0 203.5 84.5T1664 416z"/&gt;&lt;/svg&gt;&lt;/span&gt;
        &lt;span class="icon icon-open"&gt;&lt;svg width="1792" height="1792" viewBox="0 0 1792 1792" xmlns="http://www.w3.org/2000/svg"&gt;&lt;path d="M1408 960V832q0-26-19-45t-45-19h-320V448q0-26-19-45t-45-19H832q-26 0-45 19t-19 45v320H448q-26 0-45 19t-19 45v128q0 26 19 45t45 19h320v320q0 26 19 45t45 19h128q26 0 45-19t19-45v-320h320q26 0 45-19t19-45zm256-544v960q0 119-84.5 203.5T1376 1664H416q-119 0-203.5-84.5T128 1376V416q0-119 84.5-203.5T416 128h960q119 0 203.5 84.5T1664 416z"/&gt;&lt;/svg&gt;&lt;/span&gt;
    
            &lt;span class="trace-class"&gt;&lt;abbr title="Symfony\Component\BrowserKit\AbstractBrowser"&gt;AbstractBrowser&lt;/abbr&gt;&lt;/span&gt;&lt;span class="trace-type"&gt;-&gt;&lt;/span&gt;&lt;span class="trace-method"&gt;request&lt;/span&gt;&lt;span class="trace-arguments"&gt;('GET', 'http://localhost/expert/conseil')&lt;/span&gt;    
                    &lt;span class="block trace-file-path"&gt;
            in
            &lt;a href="file://C:\Users\sliti\Desktop\dev\esprit-PIDEV-3A16-2526-FARMIA\tests\Functional\Controller\ExpertConseilControllerTest.php#L30"&gt;
                C:\Users\sliti\Desktop\dev\esprit-PIDEV-3A16-2526-FARMIA\tests\Functional\Controller\&lt;strong&gt;ExpertConseilControllerTest.php&lt;/strong&gt;
            &lt;/a&gt;
                        (line 30)
            &lt;span class="icon icon-copy hidden" data-clipboard-text="C:\Users\sliti\Desktop\dev\esprit-PIDEV-3A16-2526-FARMIA\tests\Functional\Controller\ExpertConseilControllerTest.php:30"&gt;
                &lt;svg xmlns="http://www.w3.org/2000/svg" height="24" viewBox="0 0 24 24" width="24"&gt;&lt;path d="M0 0h24v24H0z" fill="none"/&gt;&lt;path d="M16 1H4c-1.1 0-2 .9-2 2v14h2V3h12V1zm3 4H8c-1.1 0-2 .9-2 2v14c0 1.1.9 2 2 2h11c1.1 0 2-.9 2-2V7c0-1.1-.9-2-2-2zm0 16H8V7h11v14z"/&gt;&lt;/svg&gt;            &lt;/span&gt;
        &lt;/span&gt;
    &lt;/div&gt;
    &lt;div id="trace-html-2-14" class="trace-code sf-toggle-content"&gt;
        &lt;ol start="25"&gt;&lt;li&gt;&lt;code&gt;&lt;span style="color: var(--highlight-keyword)"&gt;&amp;nbsp;&amp;nbsp;&amp;nbsp;&amp;nbsp;&lt;/span&gt;&lt;span style="color: var(--highlight-comment)"&gt;/**&#13;&lt;/span&gt;&lt;/code&gt;&lt;/li&gt;
&lt;li&gt;&lt;code&gt;&lt;span style="color: var(--highlight-comment)"&gt;&amp;nbsp;&amp;nbsp;&amp;nbsp;&amp;nbsp;&amp;nbsp;*&amp;nbsp;TEST:&amp;nbsp;Expert&amp;nbsp;conseil&amp;nbsp;list&amp;nbsp;loads&#13;&lt;/span&gt;&lt;/code&gt;&lt;/li&gt;
&lt;li&gt;&lt;code&gt;&lt;span style="color: var(--highlight-comment)"&gt;&amp;nbsp;&amp;nbsp;&amp;nbsp;&amp;nbsp;&amp;nbsp;*/&#13;&lt;/span&gt;&lt;/code&gt;&lt;/li&gt;
&lt;li&gt;&lt;code&gt;&lt;span style="color: var(--highlight-comment)"&gt;&amp;nbsp;&amp;nbsp;&amp;nbsp;&amp;nbsp;&lt;/span&gt;&lt;span style="color: var(--highlight-keyword)"&gt;public&amp;nbsp;function&amp;nbsp;&lt;/span&gt;&lt;span style="color: var(--highlight-default)"&gt;testExpertConseilListLoads&lt;/span&gt;&lt;span style="color: var(--highlight-keyword)"&gt;():&amp;nbsp;&lt;/span&gt;&lt;span style="color: var(--highlight-default)"&gt;void&lt;/span&gt;&lt;/code&gt;&lt;/li&gt;
&lt;li&gt;&lt;code&gt;&lt;span style="color: var(--highlight-default)"&gt;&amp;nbsp;&amp;nbsp;&amp;nbsp;&amp;nbsp;&lt;/span&gt;&lt;span style="color: var(--highlight-keyword)"&gt;{&lt;/span&gt;&lt;/code&gt;&lt;/li&gt;
&lt;li class="selected"&gt;&lt;code&gt;&lt;span style="color: var(--highlight-keyword)"&gt;&amp;nbsp;&amp;nbsp;&amp;nbsp;&amp;nbsp;&amp;nbsp;&amp;nbsp;&amp;nbsp;&amp;nbsp;&lt;/span&gt;&lt;span style="color: var(--highlight-default)"&gt;self&lt;/span&gt;&lt;span style="color: var(--highlight-keyword)"&gt;::&lt;/span&gt;&lt;span style="color: var(--highlight-default)"&gt;$client&lt;/span&gt;&lt;span style="color: var(--highlight-keyword)"&gt;-&amp;gt;&lt;/span&gt;&lt;span style="color: var(--highlight-default)"&gt;request&lt;/span&gt;&lt;span style="color: var(--highlight-keyword)"&gt;(&lt;/span&gt;&lt;span style="color: var(--highlight-string)"&gt;'GET'&lt;/span&gt;&lt;span style="color: var(--highlight-keyword)"&gt;,&amp;nbsp;&lt;/span&gt;&lt;span style="color: var(--highlight-string)"&gt;'/expert/conseil'&lt;/span&gt;&lt;span style="color: var(--highlight-keyword)"&gt;);&lt;/span&gt;&lt;/code&gt;&lt;/li&gt;
&lt;li&gt;&lt;code&gt;&lt;span style="color: var(--highlight-keyword)"&gt;&lt;/span&gt;&lt;/code&gt;&lt;/li&gt;
&lt;li&gt;&lt;code&gt;&lt;span style="color: var(--highlight-keyword)"&gt;&amp;nbsp;&amp;nbsp;&amp;nbsp;&amp;nbsp;&amp;nbsp;&amp;nbsp;&amp;nbsp;&amp;nbsp;&lt;/span&gt;&lt;span style="color: var(--highlight-default)"&gt;$this&lt;/span&gt;&lt;span style="color: var(--highlight-keyword)"&gt;-&amp;gt;&lt;/span&gt;&lt;span style="color: var(--highlight-default)"&gt;assertResponseIsSuccessful&lt;/span&gt;&lt;span style="color: var(--highlight-keyword)"&gt;();&lt;/span&gt;&lt;/code&gt;&lt;/li&gt;
&lt;li&gt;&lt;code&gt;&lt;span style="color: var(--highlight-keyword)"&gt;&amp;nbsp;&amp;nbsp;&amp;nbsp;&amp;nbsp;}&lt;/span&gt;&lt;/code&gt;&lt;/li&gt;
&lt;li&gt;&lt;code&gt;&lt;span style="color: var(--highlight-keyword)"&gt;&#13;&lt;/span&gt;&lt;/code&gt;&lt;/li&gt;
&lt;li&gt;&lt;code&gt;&lt;span style="color: var(--highlight-keyword)"&gt;&amp;nbsp;&amp;nbsp;&amp;nbsp;&amp;nbsp;&lt;/span&gt;&lt;span style="color: var(--highlight-comment)"&gt;/**&#13;&lt;/span&gt;&lt;/code&gt;&lt;/li&gt;&lt;/ol&gt;    &lt;/div&gt;            &lt;/div&gt;
                        &lt;div class="trace-line "&gt;
                &lt;div class="trace-line-header break-long-words sf-toggle" data-toggle-selector="#trace-html-2-15" data-toggle-initial=""&gt;
            &lt;span class="icon icon-close"&gt;&lt;svg width="1792" height="1792" viewBox="0 0 1792 1792" xmlns="http://www.w3.org/2000/svg"&gt;&lt;path d="M1408 960V832q0-26-19-45t-45-19H448q-26 0-45 19t-19 45v128q0 26 19 45t45 19h896q26 0 45-19t19-45zm256-544v960q0 119-84.5 203.5T1376 1664H416q-119 0-203.5-84.5T128 1376V416q0-119 84.5-203.5T416 128h960q119 0 203.5 84.5T1664 416z"/&gt;&lt;/svg&gt;&lt;/span&gt;
        &lt;span class="icon icon-open"&gt;&lt;svg width="1792" height="1792" viewBox="0 0 1792 1792" xmlns="http://www.w3.org/2000/svg"&gt;&lt;path d="M1408 960V832q0-26-19-45t-45-19h-320V448q0-26-19-45t-45-19H832q-26 0-45 19t-19 45v320H448q-26 0-45 19t-19 45v128q0 26 19 45t45 19h320v320q0 26 19 45t45 19h128q26 0 45-19t19-45v-320h320q26 0 45-19t19-45zm256-544v960q0 119-84.5 203.5T1376 1664H416q-119 0-203.5-84.5T128 1376V416q0-119 84.5-203.5T416 128h960q119 0 203.5 84.5T1664 416z"/&gt;&lt;/svg&gt;&lt;/span&gt;
    
            &lt;span class="trace-class"&gt;&lt;abbr title="App\Tests\Functional\Controller\ExpertConseilControllerTest"&gt;ExpertConseilControllerTest&lt;/abbr&gt;&lt;/span&gt;&lt;span class="trace-type"&gt;-&gt;&lt;/span&gt;&lt;span class="trace-method"&gt;testExpertConseilListLoads&lt;/span&gt;&lt;span class="trace-arguments"&gt;()&lt;/span&gt;    
                    &lt;span class="block trace-file-path"&gt;
            in
            &lt;a href="file://C:\Users\sliti\Desktop\dev\esprit-PIDEV-3A16-2526-FARMIA\vendor\phpunit\phpunit\src\Framework\TestCase.php#L1617"&gt;
                C:\Users\sliti\Desktop\dev\esprit-PIDEV-3A16-2526-FARMIA\vendor\phpunit\phpunit\src\Framework\&lt;strong&gt;TestCase.php&lt;/strong&gt;
            &lt;/a&gt;
                        (line 1617)
            &lt;span class="icon icon-copy hidden" data-clipboard-text="C:\Users\sliti\Desktop\dev\esprit-PIDEV-3A16-2526-FARMIA\vendor\phpunit\phpunit\src\Framework\TestCase.php:1617"&gt;
                &lt;svg xmlns="http://www.w3.org/2000/svg" height="24" viewBox="0 0 24 24" width="24"&gt;&lt;path d="M0 0h24v24H0z" fill="none"/&gt;&lt;path d="M16 1H4c-1.1 0-2 .9-2 2v14h2V3h12V1zm3 4H8c-1.1 0-2 .9-2 2v14c0 1.1.9 2 2 2h11c1.1 0 2-.9 2-2V7c0-1.1-.9-2-2-2zm0 16H8V7h11v14z"/&gt;&lt;/svg&gt;            &lt;/span&gt;
        &lt;/span&gt;
    &lt;/div&gt;
    &lt;div id="trace-html-2-15" class="trace-code sf-toggle-content"&gt;
        &lt;ol start="1612"&gt;&lt;li&gt;&lt;code&gt;&lt;span style="color: var(--highlight-keyword)"&gt;&amp;nbsp;&amp;nbsp;&amp;nbsp;&amp;nbsp;&amp;nbsp;&amp;nbsp;&amp;nbsp;&amp;nbsp;&lt;/span&gt;&lt;span style="color: var(--highlight-default)"&gt;$testArguments&amp;nbsp;&lt;/span&gt;&lt;span style="color: var(--highlight-keyword)"&gt;=&amp;nbsp;&lt;/span&gt;&lt;span style="color: var(--highlight-default)"&gt;array_merge&lt;/span&gt;&lt;span style="color: var(--highlight-keyword)"&gt;(&lt;/span&gt;&lt;span style="color: var(--highlight-default)"&gt;$this&lt;/span&gt;&lt;span style="color: var(--highlight-keyword)"&gt;-&amp;gt;&lt;/span&gt;&lt;span style="color: var(--highlight-default)"&gt;data&lt;/span&gt;&lt;span style="color: var(--highlight-keyword)"&gt;,&amp;nbsp;&lt;/span&gt;&lt;span style="color: var(--highlight-default)"&gt;$this&lt;/span&gt;&lt;span style="color: var(--highlight-keyword)"&gt;-&amp;gt;&lt;/span&gt;&lt;span style="color: var(--highlight-default)"&gt;dependencyInput&lt;/span&gt;&lt;span style="color: var(--highlight-keyword)"&gt;);&lt;/span&gt;&lt;/code&gt;&lt;/li&gt;
&lt;li&gt;&lt;code&gt;&lt;span style="color: var(--highlight-keyword)"&gt;&lt;/span&gt;&lt;/code&gt;&lt;/li&gt;
&lt;li&gt;&lt;code&gt;&lt;span style="color: var(--highlight-keyword)"&gt;&amp;nbsp;&amp;nbsp;&amp;nbsp;&amp;nbsp;&amp;nbsp;&amp;nbsp;&amp;nbsp;&amp;nbsp;&lt;/span&gt;&lt;span style="color: var(--highlight-default)"&gt;$this&lt;/span&gt;&lt;span style="color: var(--highlight-keyword)"&gt;-&amp;gt;&lt;/span&gt;&lt;span style="color: var(--highlight-default)"&gt;registerMockObjectsFromTestArguments&lt;/span&gt;&lt;span style="color: var(--highlight-keyword)"&gt;(&lt;/span&gt;&lt;span style="color: var(--highlight-default)"&gt;$testArguments&lt;/span&gt;&lt;span style="color: var(--highlight-keyword)"&gt;);&lt;/span&gt;&lt;/code&gt;&lt;/li&gt;
&lt;li&gt;&lt;code&gt;&lt;span style="color: var(--highlight-keyword)"&gt;&lt;/span&gt;&lt;/code&gt;&lt;/li&gt;
&lt;li&gt;&lt;code&gt;&lt;span style="color: var(--highlight-keyword)"&gt;&amp;nbsp;&amp;nbsp;&amp;nbsp;&amp;nbsp;&amp;nbsp;&amp;nbsp;&amp;nbsp;&amp;nbsp;try&amp;nbsp;{&lt;/span&gt;&lt;/code&gt;&lt;/li&gt;
&lt;li class="selected"&gt;&lt;code&gt;&lt;span style="color: var(--highlight-keyword)"&gt;&amp;nbsp;&amp;nbsp;&amp;nbsp;&amp;nbsp;&amp;nbsp;&amp;nbsp;&amp;nbsp;&amp;nbsp;&amp;nbsp;&amp;nbsp;&amp;nbsp;&amp;nbsp;&lt;/span&gt;&lt;span style="color: var(--highlight-default)"&gt;$testResult&amp;nbsp;&lt;/span&gt;&lt;span style="color: var(--highlight-keyword)"&gt;=&amp;nbsp;&lt;/span&gt;&lt;span style="color: var(--highlight-default)"&gt;$this&lt;/span&gt;&lt;span style="color: var(--highlight-keyword)"&gt;-&amp;gt;{&lt;/span&gt;&lt;span style="color: var(--highlight-default)"&gt;$this&lt;/span&gt;&lt;span style="color: var(--highlight-keyword)"&gt;-&amp;gt;&lt;/span&gt;&lt;span style="color: var(--highlight-default)"&gt;name&lt;/span&gt;&lt;span style="color: var(--highlight-keyword)"&gt;}(...&lt;/span&gt;&lt;span style="color: var(--highlight-default)"&gt;array_values&lt;/span&gt;&lt;span style="color: var(--highlight-keyword)"&gt;(&lt;/span&gt;&lt;span style="color: var(--highlight-default)"&gt;$testArguments&lt;/span&gt;&lt;span style="color: var(--highlight-keyword)"&gt;));&lt;/span&gt;&lt;/code&gt;&lt;/li&gt;
&lt;li&gt;&lt;code&gt;&lt;span style="color: var(--highlight-keyword)"&gt;&amp;nbsp;&amp;nbsp;&amp;nbsp;&amp;nbsp;&amp;nbsp;&amp;nbsp;&amp;nbsp;&amp;nbsp;}&amp;nbsp;catch&amp;nbsp;(&lt;/span&gt;&lt;span style="color: var(--highlight-default)"&gt;Throwable&amp;nbsp;$exception&lt;/span&gt;&lt;span style="color: var(--highlight-keyword)"&gt;)&amp;nbsp;{&lt;/span&gt;&lt;/code&gt;&lt;/li&gt;
&lt;li&gt;&lt;code&gt;&lt;span style="color: var(--highlight-keyword)"&gt;&amp;nbsp;&amp;nbsp;&amp;nbsp;&amp;nbsp;&amp;nbsp;&amp;nbsp;&amp;nbsp;&amp;nbsp;&amp;nbsp;&amp;nbsp;&amp;nbsp;&amp;nbsp;if&amp;nbsp;(!&lt;/span&gt;&lt;span style="color: var(--highlight-default)"&gt;$this&lt;/span&gt;&lt;span style="color: var(--highlight-keyword)"&gt;-&amp;gt;&lt;/span&gt;&lt;span style="color: var(--highlight-default)"&gt;checkExceptionExpectations&lt;/span&gt;&lt;span style="color: var(--highlight-keyword)"&gt;(&lt;/span&gt;&lt;span style="color: var(--highlight-default)"&gt;$exception&lt;/span&gt;&lt;span style="color: var(--highlight-keyword)"&gt;))&amp;nbsp;{&lt;/span&gt;&lt;/code&gt;&lt;/li&gt;
&lt;li&gt;&lt;code&gt;&lt;span style="color: var(--highlight-keyword)"&gt;&amp;nbsp;&amp;nbsp;&amp;nbsp;&amp;nbsp;&amp;nbsp;&amp;nbsp;&amp;nbsp;&amp;nbsp;&amp;nbsp;&amp;nbsp;&amp;nbsp;&amp;nbsp;&amp;nbsp;&amp;nbsp;&amp;nbsp;&amp;nbsp;throw&amp;nbsp;&lt;/span&gt;&lt;span style="color: var(--highlight-default)"&gt;$exception&lt;/span&gt;&lt;span style="color: var(--highlight-keyword)"&gt;;&lt;/span&gt;&lt;/code&gt;&lt;/li&gt;
&lt;li&gt;&lt;code&gt;&lt;span style="color: var(--highlight-keyword)"&gt;&amp;nbsp;&amp;nbsp;&amp;nbsp;&amp;nbsp;&amp;nbsp;&amp;nbsp;&amp;nbsp;&amp;nbsp;&amp;nbsp;&amp;nbsp;&amp;nbsp;&amp;nbsp;}&lt;/span&gt;&lt;/code&gt;&lt;/li&gt;
&lt;li&gt;&lt;code&gt;&lt;span style="color: var(--highlight-keyword)"&gt;&lt;/span&gt;&lt;/code&gt;&lt;/li&gt;&lt;/ol&gt;    &lt;/div&gt;            &lt;/div&gt;
                        &lt;div class="trace-line "&gt;
                &lt;div class="trace-line-header break-long-words sf-toggle" data-toggle-selector="#trace-html-2-16" data-toggle-initial=""&gt;
            &lt;span class="icon icon-close"&gt;&lt;svg width="1792" height="1792" viewBox="0 0 1792 1792" xmlns="http://www.w3.org/2000/svg"&gt;&lt;path d="M1408 960V832q0-26-19-45t-45-19H448q-26 0-45 19t-19 45v128q0 26 19 45t45 19h896q26 0 45-19t19-45zm256-544v960q0 119-84.5 203.5T1376 1664H416q-119 0-203.5-84.5T128 1376V416q0-119 84.5-203.5T416 128h960q119 0 203.5 84.5T1664 416z"/&gt;&lt;/svg&gt;&lt;/span&gt;
        &lt;span class="icon icon-open"&gt;&lt;svg width="1792" height="1792" viewBox="0 0 1792 1792" xmlns="http://www.w3.org/2000/svg"&gt;&lt;path d="M1408 960V832q0-26-19-45t-45-19h-320V448q0-26-19-45t-45-19H832q-26 0-45 19t-19 45v320H448q-26 0-45 19t-19 45v128q0 26 19 45t45 19h320v320q0 26 19 45t45 19h128q26 0 45-19t19-45v-320h320q26 0 45-19t19-45zm256-544v960q0 119-84.5 203.5T1376 1664H416q-119 0-203.5-84.5T128 1376V416q0-119 84.5-203.5T416 128h960q119 0 203.5 84.5T1664 416z"/&gt;&lt;/svg&gt;&lt;/span&gt;
    
            &lt;span class="trace-class"&gt;&lt;abbr title="PHPUnit\Framework\TestCase"&gt;TestCase&lt;/abbr&gt;&lt;/span&gt;&lt;span class="trace-type"&gt;-&gt;&lt;/span&gt;&lt;span class="trace-method"&gt;runTest&lt;/span&gt;&lt;span class="trace-arguments"&gt;()&lt;/span&gt;    
                    &lt;span class="block trace-file-path"&gt;
            in
            &lt;a href="file://C:\Users\sliti\Desktop\dev\esprit-PIDEV-3A16-2526-FARMIA\vendor\phpunit\phpunit\src\Framework\TestCase.php#L1223"&gt;
                C:\Users\sliti\Desktop\dev\esprit-PIDEV-3A16-2526-FARMIA\vendor\phpunit\phpunit\src\Framework\&lt;strong&gt;TestCase.php&lt;/strong&gt;
            &lt;/a&gt;
                        (line 1223)
            &lt;span class="icon icon-copy hidden" data-clipboard-text="C:\Users\sliti\Desktop\dev\esprit-PIDEV-3A16-2526-FARMIA\vendor\phpunit\phpunit\src\Framework\TestCase.php:1223"&gt;
                &lt;svg xmlns="http://www.w3.org/2000/svg" height="24" viewBox="0 0 24 24" width="24"&gt;&lt;path d="M0 0h24v24H0z" fill="none"/&gt;&lt;path d="M16 1H4c-1.1 0-2 .9-2 2v14h2V3h12V1zm3 4H8c-1.1 0-2 .9-2 2v14c0 1.1.9 2 2 2h11c1.1 0 2-.9 2-2V7c0-1.1-.9-2-2-2zm0 16H8V7h11v14z"/&gt;&lt;/svg&gt;            &lt;/span&gt;
        &lt;/span&gt;
    &lt;/div&gt;
    &lt;div id="trace-html-2-16" class="trace-code sf-toggle-content"&gt;
        &lt;ol start="1218"&gt;&lt;li&gt;&lt;code&gt;&lt;span style="color: var(--highlight-keyword)"&gt;&lt;/span&gt;&lt;/code&gt;&lt;/li&gt;
&lt;li&gt;&lt;code&gt;&lt;span style="color: var(--highlight-keyword)"&gt;&amp;nbsp;&amp;nbsp;&amp;nbsp;&amp;nbsp;&amp;nbsp;&amp;nbsp;&amp;nbsp;&amp;nbsp;&amp;nbsp;&amp;nbsp;&amp;nbsp;&amp;nbsp;foreach&amp;nbsp;(&lt;/span&gt;&lt;span style="color: var(--highlight-default)"&gt;$hookMethods&lt;/span&gt;&lt;span style="color: var(--highlight-keyword)"&gt;[&lt;/span&gt;&lt;span style="color: var(--highlight-string)"&gt;'preCondition'&lt;/span&gt;&lt;span style="color: var(--highlight-keyword)"&gt;]&amp;nbsp;as&amp;nbsp;&lt;/span&gt;&lt;span style="color: var(--highlight-default)"&gt;$method&lt;/span&gt;&lt;span style="color: var(--highlight-keyword)"&gt;)&amp;nbsp;{&lt;/span&gt;&lt;/code&gt;&lt;/li&gt;
&lt;li&gt;&lt;code&gt;&lt;span style="color: var(--highlight-keyword)"&gt;&amp;nbsp;&amp;nbsp;&amp;nbsp;&amp;nbsp;&amp;nbsp;&amp;nbsp;&amp;nbsp;&amp;nbsp;&amp;nbsp;&amp;nbsp;&amp;nbsp;&amp;nbsp;&amp;nbsp;&amp;nbsp;&amp;nbsp;&amp;nbsp;&lt;/span&gt;&lt;span style="color: var(--highlight-default)"&gt;$this&lt;/span&gt;&lt;span style="color: var(--highlight-keyword)"&gt;-&amp;gt;{&lt;/span&gt;&lt;span style="color: var(--highlight-default)"&gt;$method&lt;/span&gt;&lt;span style="color: var(--highlight-keyword)"&gt;}();&lt;/span&gt;&lt;/code&gt;&lt;/li&gt;
&lt;li&gt;&lt;code&gt;&lt;span style="color: var(--highlight-keyword)"&gt;&amp;nbsp;&amp;nbsp;&amp;nbsp;&amp;nbsp;&amp;nbsp;&amp;nbsp;&amp;nbsp;&amp;nbsp;&amp;nbsp;&amp;nbsp;&amp;nbsp;&amp;nbsp;}&lt;/span&gt;&lt;/code&gt;&lt;/li&gt;
&lt;li&gt;&lt;code&gt;&lt;span style="color: var(--highlight-keyword)"&gt;&lt;/span&gt;&lt;/code&gt;&lt;/li&gt;
&lt;li class="selected"&gt;&lt;code&gt;&lt;span style="color: var(--highlight-keyword)"&gt;&amp;nbsp;&amp;nbsp;&amp;nbsp;&amp;nbsp;&amp;nbsp;&amp;nbsp;&amp;nbsp;&amp;nbsp;&amp;nbsp;&amp;nbsp;&amp;nbsp;&amp;nbsp;&lt;/span&gt;&lt;span style="color: var(--highlight-default)"&gt;$this&lt;/span&gt;&lt;span style="color: var(--highlight-keyword)"&gt;-&amp;gt;&lt;/span&gt;&lt;span style="color: var(--highlight-default)"&gt;testResult&amp;nbsp;&lt;/span&gt;&lt;span style="color: var(--highlight-keyword)"&gt;=&amp;nbsp;&lt;/span&gt;&lt;span style="color: var(--highlight-default)"&gt;$this&lt;/span&gt;&lt;span style="color: var(--highlight-keyword)"&gt;-&amp;gt;&lt;/span&gt;&lt;span style="color: var(--highlight-default)"&gt;runTest&lt;/span&gt;&lt;span style="color: var(--highlight-keyword)"&gt;();&lt;/span&gt;&lt;/code&gt;&lt;/li&gt;
&lt;li&gt;&lt;code&gt;&lt;span style="color: var(--highlight-keyword)"&gt;&amp;nbsp;&amp;nbsp;&amp;nbsp;&amp;nbsp;&amp;nbsp;&amp;nbsp;&amp;nbsp;&amp;nbsp;&amp;nbsp;&amp;nbsp;&amp;nbsp;&amp;nbsp;&lt;/span&gt;&lt;span style="color: var(--highlight-default)"&gt;$this&lt;/span&gt;&lt;span style="color: var(--highlight-keyword)"&gt;-&amp;gt;&lt;/span&gt;&lt;span style="color: var(--highlight-default)"&gt;verifyMockObjects&lt;/span&gt;&lt;span style="color: var(--highlight-keyword)"&gt;();&lt;/span&gt;&lt;/code&gt;&lt;/li&gt;
&lt;li&gt;&lt;code&gt;&lt;span style="color: var(--highlight-keyword)"&gt;&lt;/span&gt;&lt;/code&gt;&lt;/li&gt;
&lt;li&gt;&lt;code&gt;&lt;span style="color: var(--highlight-keyword)"&gt;&amp;nbsp;&amp;nbsp;&amp;nbsp;&amp;nbsp;&amp;nbsp;&amp;nbsp;&amp;nbsp;&amp;nbsp;&amp;nbsp;&amp;nbsp;&amp;nbsp;&amp;nbsp;foreach&amp;nbsp;(&lt;/span&gt;&lt;span style="color: var(--highlight-default)"&gt;$hookMethods&lt;/span&gt;&lt;span style="color: var(--highlight-keyword)"&gt;[&lt;/span&gt;&lt;span style="color: var(--highlight-string)"&gt;'postCondition'&lt;/span&gt;&lt;span style="color: var(--highlight-keyword)"&gt;]&amp;nbsp;as&amp;nbsp;&lt;/span&gt;&lt;span style="color: var(--highlight-default)"&gt;$method&lt;/span&gt;&lt;span style="color: var(--highlight-keyword)"&gt;)&amp;nbsp;{&lt;/span&gt;&lt;/code&gt;&lt;/li&gt;
&lt;li&gt;&lt;code&gt;&lt;span style="color: var(--highlight-keyword)"&gt;&amp;nbsp;&amp;nbsp;&amp;nbsp;&amp;nbsp;&amp;nbsp;&amp;nbsp;&amp;nbsp;&amp;nbsp;&amp;nbsp;&amp;nbsp;&amp;nbsp;&amp;nbsp;&amp;nbsp;&amp;nbsp;&amp;nbsp;&amp;nbsp;&lt;/span&gt;&lt;span style="color: var(--highlight-default)"&gt;$this&lt;/span&gt;&lt;span style="color: var(--highlight-keyword)"&gt;-&amp;gt;{&lt;/span&gt;&lt;span style="color: var(--highlight-default)"&gt;$method&lt;/span&gt;&lt;span style="color: var(--highlight-keyword)"&gt;}();&lt;/span&gt;&lt;/code&gt;&lt;/li&gt;
&lt;li&gt;&lt;code&gt;&lt;span style="color: var(--highlight-keyword)"&gt;&amp;nbsp;&amp;nbsp;&amp;nbsp;&amp;nbsp;&amp;nbsp;&amp;nbsp;&amp;nbsp;&amp;nbsp;&amp;nbsp;&amp;nbsp;&amp;nbsp;&amp;nbsp;}&lt;/span&gt;&lt;/code&gt;&lt;/li&gt;&lt;/ol&gt;    &lt;/div&gt;            &lt;/div&gt;
                        &lt;div class="trace-line "&gt;
                &lt;div class="trace-line-header break-long-words sf-toggle" data-toggle-selector="#trace-html-2-17" data-toggle-initial=""&gt;
            &lt;span class="icon icon-close"&gt;&lt;svg width="1792" height="1792" viewBox="0 0 1792 1792" xmlns="http://www.w3.org/2000/svg"&gt;&lt;path d="M1408 960V832q0-26-19-45t-45-19H448q-26 0-45 19t-19 45v128q0 26 19 45t45 19h896q26 0 45-19t19-45zm256-544v960q0 119-84.5 203.5T1376 1664H416q-119 0-203.5-84.5T128 1376V416q0-119 84.5-203.5T416 128h960q119 0 203.5 84.5T1664 416z"/&gt;&lt;/svg&gt;&lt;/span&gt;
        &lt;span class="icon icon-open"&gt;&lt;svg width="1792" height="1792" viewBox="0 0 1792 1792" xmlns="http://www.w3.org/2000/svg"&gt;&lt;path d="M1408 960V832q0-26-19-45t-45-19h-320V448q0-26-19-45t-45-19H832q-26 0-45 19t-19 45v320H448q-26 0-45 19t-19 45v128q0 26 19 45t45 19h320v320q0 26 19 45t45 19h128q26 0 45-19t19-45v-320h320q26 0 45-19t19-45zm256-544v960q0 119-84.5 203.5T1376 1664H416q-119 0-203.5-84.5T128 1376V416q0-119 84.5-203.5T416 128h960q119 0 203.5 84.5T1664 416z"/&gt;&lt;/svg&gt;&lt;/span&gt;
    
            &lt;span class="trace-class"&gt;&lt;abbr title="PHPUnit\Framework\TestCase"&gt;TestCase&lt;/abbr&gt;&lt;/span&gt;&lt;span class="trace-type"&gt;-&gt;&lt;/span&gt;&lt;span class="trace-method"&gt;runBare&lt;/span&gt;&lt;span class="trace-arguments"&gt;()&lt;/span&gt;    
                    &lt;span class="block trace-file-path"&gt;
            in
            &lt;a href="file://C:\Users\sliti\Desktop\dev\esprit-PIDEV-3A16-2526-FARMIA\vendor\phpunit\phpunit\src\Framework\TestResult.php#L729"&gt;
                C:\Users\sliti\Desktop\dev\esprit-PIDEV-3A16-2526-FARMIA\vendor\phpunit\phpunit\src\Framework\&lt;strong&gt;TestResult.php&lt;/strong&gt;
            &lt;/a&gt;
                        (line 729)
            &lt;span class="icon icon-copy hidden" data-clipboard-text="C:\Users\sliti\Desktop\dev\esprit-PIDEV-3A16-2526-FARMIA\vendor\phpunit\phpunit\src\Framework\TestResult.php:729"&gt;
                &lt;svg xmlns="http://www.w3.org/2000/svg" height="24" viewBox="0 0 24 24" width="24"&gt;&lt;path d="M0 0h24v24H0z" fill="none"/&gt;&lt;path d="M16 1H4c-1.1 0-2 .9-2 2v14h2V3h12V1zm3 4H8c-1.1 0-2 .9-2 2v14c0 1.1.9 2 2 2h11c1.1 0 2-.9 2-2V7c0-1.1-.9-2-2-2zm0 16H8V7h11v14z"/&gt;&lt;/svg&gt;            &lt;/span&gt;
        &lt;/span&gt;
    &lt;/div&gt;
    &lt;div id="trace-html-2-17" class="trace-code sf-toggle-content"&gt;
        &lt;ol start="724"&gt;&lt;li&gt;&lt;code&gt;&lt;span style="color: var(--highlight-keyword)"&gt;&amp;nbsp;&amp;nbsp;&amp;nbsp;&amp;nbsp;&amp;nbsp;&amp;nbsp;&amp;nbsp;&amp;nbsp;&amp;nbsp;&amp;nbsp;&amp;nbsp;&amp;nbsp;&amp;nbsp;&amp;nbsp;&amp;nbsp;&amp;nbsp;&amp;nbsp;&amp;nbsp;&amp;nbsp;&amp;nbsp;&amp;nbsp;&amp;nbsp;&amp;nbsp;&amp;nbsp;&lt;/span&gt;&lt;span style="color: var(--highlight-default)"&gt;$_timeout&amp;nbsp;&lt;/span&gt;&lt;span style="color: var(--highlight-keyword)"&gt;=&amp;nbsp;&lt;/span&gt;&lt;span style="color: var(--highlight-default)"&gt;$this&lt;/span&gt;&lt;span style="color: var(--highlight-keyword)"&gt;-&amp;gt;&lt;/span&gt;&lt;span style="color: var(--highlight-default)"&gt;defaultTimeLimit&lt;/span&gt;&lt;span style="color: var(--highlight-keyword)"&gt;;&lt;/span&gt;&lt;/code&gt;&lt;/li&gt;
&lt;li&gt;&lt;code&gt;&lt;span style="color: var(--highlight-keyword)"&gt;&amp;nbsp;&amp;nbsp;&amp;nbsp;&amp;nbsp;&amp;nbsp;&amp;nbsp;&amp;nbsp;&amp;nbsp;&amp;nbsp;&amp;nbsp;&amp;nbsp;&amp;nbsp;&amp;nbsp;&amp;nbsp;&amp;nbsp;&amp;nbsp;}&lt;/span&gt;&lt;/code&gt;&lt;/li&gt;
&lt;li&gt;&lt;code&gt;&lt;span style="color: var(--highlight-keyword)"&gt;&lt;/span&gt;&lt;/code&gt;&lt;/li&gt;
&lt;li&gt;&lt;code&gt;&lt;span style="color: var(--highlight-keyword)"&gt;&amp;nbsp;&amp;nbsp;&amp;nbsp;&amp;nbsp;&amp;nbsp;&amp;nbsp;&amp;nbsp;&amp;nbsp;&amp;nbsp;&amp;nbsp;&amp;nbsp;&amp;nbsp;&amp;nbsp;&amp;nbsp;&amp;nbsp;&amp;nbsp;&lt;/span&gt;&lt;span style="color: var(--highlight-default)"&gt;$invoker&lt;/span&gt;&lt;span style="color: var(--highlight-keyword)"&gt;-&amp;gt;&lt;/span&gt;&lt;span style="color: var(--highlight-default)"&gt;invoke&lt;/span&gt;&lt;span style="color: var(--highlight-keyword)"&gt;([&lt;/span&gt;&lt;span style="color: var(--highlight-default)"&gt;$test&lt;/span&gt;&lt;span style="color: var(--highlight-keyword)"&gt;,&amp;nbsp;&lt;/span&gt;&lt;span style="color: var(--highlight-string)"&gt;'runBare'&lt;/span&gt;&lt;span style="color: var(--highlight-keyword)"&gt;],&amp;nbsp;[],&amp;nbsp;&lt;/span&gt;&lt;span style="color: var(--highlight-default)"&gt;$_timeout&lt;/span&gt;&lt;span style="color: var(--highlight-keyword)"&gt;);&lt;/span&gt;&lt;/code&gt;&lt;/li&gt;
&lt;li&gt;&lt;code&gt;&lt;span style="color: var(--highlight-keyword)"&gt;&amp;nbsp;&amp;nbsp;&amp;nbsp;&amp;nbsp;&amp;nbsp;&amp;nbsp;&amp;nbsp;&amp;nbsp;&amp;nbsp;&amp;nbsp;&amp;nbsp;&amp;nbsp;}&amp;nbsp;else&amp;nbsp;{&lt;/span&gt;&lt;/code&gt;&lt;/li&gt;
&lt;li class="selected"&gt;&lt;code&gt;&lt;span style="color: var(--highlight-keyword)"&gt;&amp;nbsp;&amp;nbsp;&amp;nbsp;&amp;nbsp;&amp;nbsp;&amp;nbsp;&amp;nbsp;&amp;nbsp;&amp;nbsp;&amp;nbsp;&amp;nbsp;&amp;nbsp;&amp;nbsp;&amp;nbsp;&amp;nbsp;&amp;nbsp;&lt;/span&gt;&lt;span style="color: var(--highlight-default)"&gt;$test&lt;/span&gt;&lt;span style="color: var(--highlight-keyword)"&gt;-&amp;gt;&lt;/span&gt;&lt;span style="color: var(--highlight-default)"&gt;runBare&lt;/span&gt;&lt;span style="color: var(--highlight-keyword)"&gt;();&lt;/span&gt;&lt;/code&gt;&lt;/li&gt;
&lt;li&gt;&lt;code&gt;&lt;span style="color: var(--highlight-keyword)"&gt;&amp;nbsp;&amp;nbsp;&amp;nbsp;&amp;nbsp;&amp;nbsp;&amp;nbsp;&amp;nbsp;&amp;nbsp;&amp;nbsp;&amp;nbsp;&amp;nbsp;&amp;nbsp;}&lt;/span&gt;&lt;/code&gt;&lt;/li&gt;
&lt;li&gt;&lt;code&gt;&lt;span style="color: var(--highlight-keyword)"&gt;&amp;nbsp;&amp;nbsp;&amp;nbsp;&amp;nbsp;&amp;nbsp;&amp;nbsp;&amp;nbsp;&amp;nbsp;}&amp;nbsp;catch&amp;nbsp;(&lt;/span&gt;&lt;span style="color: var(--highlight-default)"&gt;TimeoutException&amp;nbsp;$e&lt;/span&gt;&lt;span style="color: var(--highlight-keyword)"&gt;)&amp;nbsp;{&lt;/span&gt;&lt;/code&gt;&lt;/li&gt;
&lt;li&gt;&lt;code&gt;&lt;span style="color: var(--highlight-keyword)"&gt;&amp;nbsp;&amp;nbsp;&amp;nbsp;&amp;nbsp;&amp;nbsp;&amp;nbsp;&amp;nbsp;&amp;nbsp;&amp;nbsp;&amp;nbsp;&amp;nbsp;&amp;nbsp;&lt;/span&gt;&lt;span style="color: var(--highlight-default)"&gt;$this&lt;/span&gt;&lt;span style="color: var(--highlight-keyword)"&gt;-&amp;gt;&lt;/span&gt;&lt;span style="color: var(--highlight-default)"&gt;addFailure&lt;/span&gt;&lt;span style="color: var(--highlight-keyword)"&gt;(&lt;/span&gt;&lt;/code&gt;&lt;/li&gt;
&lt;li&gt;&lt;code&gt;&lt;span style="color: var(--highlight-keyword)"&gt;&amp;nbsp;&amp;nbsp;&amp;nbsp;&amp;nbsp;&amp;nbsp;&amp;nbsp;&amp;nbsp;&amp;nbsp;&amp;nbsp;&amp;nbsp;&amp;nbsp;&amp;nbsp;&amp;nbsp;&amp;nbsp;&amp;nbsp;&amp;nbsp;&lt;/span&gt;&lt;span style="color: var(--highlight-default)"&gt;$test&lt;/span&gt;&lt;span style="color: var(--highlight-keyword)"&gt;,&lt;/span&gt;&lt;/code&gt;&lt;/li&gt;
&lt;li&gt;&lt;code&gt;&lt;span style="color: var(--highlight-keyword)"&gt;&amp;nbsp;&amp;nbsp;&amp;nbsp;&amp;nbsp;&amp;nbsp;&amp;nbsp;&amp;nbsp;&amp;nbsp;&amp;nbsp;&amp;nbsp;&amp;nbsp;&amp;nbsp;&amp;nbsp;&amp;nbsp;&amp;nbsp;&amp;nbsp;new&amp;nbsp;&lt;/span&gt;&lt;span style="color: var(--highlight-default)"&gt;RiskyTestError&lt;/span&gt;&lt;span style="color: var(--highlight-keyword)"&gt;(&lt;/span&gt;&lt;/code&gt;&lt;/li&gt;&lt;/ol&gt;    &lt;/div&gt;            &lt;/div&gt;
                        &lt;div class="trace-line "&gt;
                &lt;div class="trace-line-header break-long-words sf-toggle" data-toggle-selector="#trace-html-2-18" data-toggle-initial=""&gt;
            &lt;span class="icon icon-close"&gt;&lt;svg width="1792" height="1792" viewBox="0 0 1792 1792" xmlns="http://www.w3.org/2000/svg"&gt;&lt;path d="M1408 960V832q0-26-19-45t-45-19H448q-26 0-45 19t-19 45v128q0 26 19 45t45 19h896q26 0 45-19t19-45zm256-544v960q0 119-84.5 203.5T1376 1664H416q-119 0-203.5-84.5T128 1376V416q0-119 84.5-203.5T416 128h960q119 0 203.5 84.5T1664 416z"/&gt;&lt;/svg&gt;&lt;/span&gt;
        &lt;span class="icon icon-open"&gt;&lt;svg width="1792" height="1792" viewBox="0 0 1792 1792" xmlns="http://www.w3.org/2000/svg"&gt;&lt;path d="M1408 960V832q0-26-19-45t-45-19h-320V448q0-26-19-45t-45-19H832q-26 0-45 19t-19 45v320H448q-26 0-45 19t-19 45v128q0 26 19 45t45 19h320v320q0 26 19 45t45 19h128q26 0 45-19t19-45v-320h320q26 0 45-19t19-45zm256-544v960q0 119-84.5 203.5T1376 1664H416q-119 0-203.5-84.5T128 1376V416q0-119 84.5-203.5T416 128h960q119 0 203.5 84.5T1664 416z"/&gt;&lt;/svg&gt;&lt;/span&gt;
    
            &lt;span class="trace-class"&gt;&lt;abbr title="PHPUnit\Framework\TestResult"&gt;TestResult&lt;/abbr&gt;&lt;/span&gt;&lt;span class="trace-type"&gt;-&gt;&lt;/span&gt;&lt;span class="trace-method"&gt;run&lt;/span&gt;&lt;span class="trace-arguments"&gt;(&lt;em&gt;object&lt;/em&gt;(&lt;abbr title="App\Tests\Functional\Controller\ExpertConseilControllerTest"&gt;ExpertConseilControllerTest&lt;/abbr&gt;))&lt;/span&gt;    
                    &lt;span class="block trace-file-path"&gt;
            in
            &lt;a href="file://C:\Users\sliti\Desktop\dev\esprit-PIDEV-3A16-2526-FARMIA\vendor\phpunit\phpunit\src\Framework\TestCase.php#L973"&gt;
                C:\Users\sliti\Desktop\dev\esprit-PIDEV-3A16-2526-FARMIA\vendor\phpunit\phpunit\src\Framework\&lt;strong&gt;TestCase.php&lt;/strong&gt;
            &lt;/a&gt;
                        (line 973)
            &lt;span class="icon icon-copy hidden" data-clipboard-text="C:\Users\sliti\Desktop\dev\esprit-PIDEV-3A16-2526-FARMIA\vendor\phpunit\phpunit\src\Framework\TestCase.php:973"&gt;
                &lt;svg xmlns="http://www.w3.org/2000/svg" height="24" viewBox="0 0 24 24" width="24"&gt;&lt;path d="M0 0h24v24H0z" fill="none"/&gt;&lt;path d="M16 1H4c-1.1 0-2 .9-2 2v14h2V3h12V1zm3 4H8c-1.1 0-2 .9-2 2v14c0 1.1.9 2 2 2h11c1.1 0 2-.9 2-2V7c0-1.1-.9-2-2-2zm0 16H8V7h11v14z"/&gt;&lt;/svg&gt;            &lt;/span&gt;
        &lt;/span&gt;
    &lt;/div&gt;
    &lt;div id="trace-html-2-18" class="trace-code sf-toggle-content"&gt;
        &lt;ol start="968"&gt;&lt;li&gt;&lt;code&gt;&lt;span style="color: var(--highlight-keyword)"&gt;&amp;nbsp;&amp;nbsp;&amp;nbsp;&amp;nbsp;&amp;nbsp;&amp;nbsp;&amp;nbsp;&amp;nbsp;&amp;nbsp;&amp;nbsp;&amp;nbsp;&amp;nbsp;&lt;/span&gt;&lt;span style="color: var(--highlight-default)"&gt;$template&lt;/span&gt;&lt;span style="color: var(--highlight-keyword)"&gt;-&amp;gt;&lt;/span&gt;&lt;span style="color: var(--highlight-default)"&gt;setVar&lt;/span&gt;&lt;span style="color: var(--highlight-keyword)"&gt;(&lt;/span&gt;&lt;span style="color: var(--highlight-default)"&gt;$var&lt;/span&gt;&lt;span style="color: var(--highlight-keyword)"&gt;);&lt;/span&gt;&lt;/code&gt;&lt;/li&gt;
&lt;li&gt;&lt;code&gt;&lt;span style="color: var(--highlight-keyword)"&gt;&lt;/span&gt;&lt;/code&gt;&lt;/li&gt;
&lt;li&gt;&lt;code&gt;&lt;span style="color: var(--highlight-keyword)"&gt;&amp;nbsp;&amp;nbsp;&amp;nbsp;&amp;nbsp;&amp;nbsp;&amp;nbsp;&amp;nbsp;&amp;nbsp;&amp;nbsp;&amp;nbsp;&amp;nbsp;&amp;nbsp;&lt;/span&gt;&lt;span style="color: var(--highlight-default)"&gt;$php&amp;nbsp;&lt;/span&gt;&lt;span style="color: var(--highlight-keyword)"&gt;=&amp;nbsp;&lt;/span&gt;&lt;span style="color: var(--highlight-default)"&gt;AbstractPhpProcess&lt;/span&gt;&lt;span style="color: var(--highlight-keyword)"&gt;::&lt;/span&gt;&lt;span style="color: var(--highlight-default)"&gt;factory&lt;/span&gt;&lt;span style="color: var(--highlight-keyword)"&gt;();&lt;/span&gt;&lt;/code&gt;&lt;/li&gt;
&lt;li&gt;&lt;code&gt;&lt;span style="color: var(--highlight-keyword)"&gt;&amp;nbsp;&amp;nbsp;&amp;nbsp;&amp;nbsp;&amp;nbsp;&amp;nbsp;&amp;nbsp;&amp;nbsp;&amp;nbsp;&amp;nbsp;&amp;nbsp;&amp;nbsp;&lt;/span&gt;&lt;span style="color: var(--highlight-default)"&gt;$php&lt;/span&gt;&lt;span style="color: var(--highlight-keyword)"&gt;-&amp;gt;&lt;/span&gt;&lt;span style="color: var(--highlight-default)"&gt;runTestJob&lt;/span&gt;&lt;span style="color: var(--highlight-keyword)"&gt;(&lt;/span&gt;&lt;span style="color: var(--highlight-default)"&gt;$template&lt;/span&gt;&lt;span style="color: var(--highlight-keyword)"&gt;-&amp;gt;&lt;/span&gt;&lt;span style="color: var(--highlight-default)"&gt;render&lt;/span&gt;&lt;span style="color: var(--highlight-keyword)"&gt;(),&amp;nbsp;&lt;/span&gt;&lt;span style="color: var(--highlight-default)"&gt;$this&lt;/span&gt;&lt;span style="color: var(--highlight-keyword)"&gt;,&amp;nbsp;&lt;/span&gt;&lt;span style="color: var(--highlight-default)"&gt;$result&lt;/span&gt;&lt;span style="color: var(--highlight-keyword)"&gt;,&amp;nbsp;&lt;/span&gt;&lt;span style="color: var(--highlight-default)"&gt;$processResultFile&lt;/span&gt;&lt;span style="color: var(--highlight-keyword)"&gt;);&lt;/span&gt;&lt;/code&gt;&lt;/li&gt;
&lt;li&gt;&lt;code&gt;&lt;span style="color: var(--highlight-keyword)"&gt;&amp;nbsp;&amp;nbsp;&amp;nbsp;&amp;nbsp;&amp;nbsp;&amp;nbsp;&amp;nbsp;&amp;nbsp;}&amp;nbsp;else&amp;nbsp;{&lt;/span&gt;&lt;/code&gt;&lt;/li&gt;
&lt;li class="selected"&gt;&lt;code&gt;&lt;span style="color: var(--highlight-keyword)"&gt;&amp;nbsp;&amp;nbsp;&amp;nbsp;&amp;nbsp;&amp;nbsp;&amp;nbsp;&amp;nbsp;&amp;nbsp;&amp;nbsp;&amp;nbsp;&amp;nbsp;&amp;nbsp;&lt;/span&gt;&lt;span style="color: var(--highlight-default)"&gt;$result&lt;/span&gt;&lt;span style="color: var(--highlight-keyword)"&gt;-&amp;gt;&lt;/span&gt;&lt;span style="color: var(--highlight-default)"&gt;run&lt;/span&gt;&lt;span style="color: var(--highlight-keyword)"&gt;(&lt;/span&gt;&lt;span style="color: var(--highlight-default)"&gt;$this&lt;/span&gt;&lt;span style="color: var(--highlight-keyword)"&gt;);&lt;/span&gt;&lt;/code&gt;&lt;/li&gt;
&lt;li&gt;&lt;code&gt;&lt;span style="color: var(--highlight-keyword)"&gt;&amp;nbsp;&amp;nbsp;&amp;nbsp;&amp;nbsp;&amp;nbsp;&amp;nbsp;&amp;nbsp;&amp;nbsp;}&lt;/span&gt;&lt;/code&gt;&lt;/li&gt;
&lt;li&gt;&lt;code&gt;&lt;span style="color: var(--highlight-keyword)"&gt;&lt;/span&gt;&lt;/code&gt;&lt;/li&gt;
&lt;li&gt;&lt;code&gt;&lt;span style="color: var(--highlight-keyword)"&gt;&amp;nbsp;&amp;nbsp;&amp;nbsp;&amp;nbsp;&amp;nbsp;&amp;nbsp;&amp;nbsp;&amp;nbsp;&lt;/span&gt;&lt;span style="color: var(--highlight-default)"&gt;$this&lt;/span&gt;&lt;span style="color: var(--highlight-keyword)"&gt;-&amp;gt;&lt;/span&gt;&lt;span style="color: var(--highlight-default)"&gt;result&amp;nbsp;&lt;/span&gt;&lt;span style="color: var(--highlight-keyword)"&gt;=&amp;nbsp;&lt;/span&gt;&lt;span style="color: var(--highlight-default)"&gt;null&lt;/span&gt;&lt;span style="color: var(--highlight-keyword)"&gt;;&lt;/span&gt;&lt;/code&gt;&lt;/li&gt;
&lt;li&gt;&lt;code&gt;&lt;span style="color: var(--highlight-keyword)"&gt;&lt;/span&gt;&lt;/code&gt;&lt;/li&gt;
&lt;li&gt;&lt;code&gt;&lt;span style="color: var(--highlight-keyword)"&gt;&amp;nbsp;&amp;nbsp;&amp;nbsp;&amp;nbsp;&amp;nbsp;&amp;nbsp;&amp;nbsp;&amp;nbsp;return&amp;nbsp;&lt;/span&gt;&lt;span style="color: var(--highlight-default)"&gt;$result&lt;/span&gt;&lt;span style="color: var(--highlight-keyword)"&gt;;&lt;/span&gt;&lt;/code&gt;&lt;/li&gt;&lt;/ol&gt;    &lt;/div&gt;            &lt;/div&gt;
                        &lt;div class="trace-line "&gt;
                &lt;div class="trace-line-header break-long-words sf-toggle" data-toggle-selector="#trace-html-2-19" data-toggle-initial=""&gt;
            &lt;span class="icon icon-close"&gt;&lt;svg width="1792" height="1792" viewBox="0 0 1792 1792" xmlns="http://www.w3.org/2000/svg"&gt;&lt;path d="M1408 960V832q0-26-19-45t-45-19H448q-26 0-45 19t-19 45v128q0 26 19 45t45 19h896q26 0 45-19t19-45zm256-544v960q0 119-84.5 203.5T1376 1664H416q-119 0-203.5-84.5T128 1376V416q0-119 84.5-203.5T416 128h960q119 0 203.5 84.5T1664 416z"/&gt;&lt;/svg&gt;&lt;/span&gt;
        &lt;span class="icon icon-open"&gt;&lt;svg width="1792" height="1792" viewBox="0 0 1792 1792" xmlns="http://www.w3.org/2000/svg"&gt;&lt;path d="M1408 960V832q0-26-19-45t-45-19h-320V448q0-26-19-45t-45-19H832q-26 0-45 19t-19 45v320H448q-26 0-45 19t-19 45v128q0 26 19 45t45 19h320v320q0 26 19 45t45 19h128q26 0 45-19t19-45v-320h320q26 0 45-19t19-45zm256-544v960q0 119-84.5 203.5T1376 1664H416q-119 0-203.5-84.5T128 1376V416q0-119 84.5-203.5T416 128h960q119 0 203.5 84.5T1664 416z"/&gt;&lt;/svg&gt;&lt;/span&gt;
    
            &lt;span class="trace-class"&gt;&lt;abbr title="PHPUnit\Framework\TestCase"&gt;TestCase&lt;/abbr&gt;&lt;/span&gt;&lt;span class="trace-type"&gt;-&gt;&lt;/span&gt;&lt;span class="trace-method"&gt;run&lt;/span&gt;&lt;span class="trace-arguments"&gt;(&lt;em&gt;object&lt;/em&gt;(&lt;abbr title="PHPUnit\Framework\TestResult"&gt;TestResult&lt;/abbr&gt;))&lt;/span&gt;    
                    &lt;span class="block trace-file-path"&gt;
            in
            &lt;a href="file://C:\Users\sliti\Desktop\dev\esprit-PIDEV-3A16-2526-FARMIA\vendor\phpunit\phpunit\src\Framework\TestSuite.php#L685"&gt;
                C:\Users\sliti\Desktop\dev\esprit-PIDEV-3A16-2526-FARMIA\vendor\phpunit\phpunit\src\Framework\&lt;strong&gt;TestSuite.php&lt;/strong&gt;
            &lt;/a&gt;
                        (line 685)
            &lt;span class="icon icon-copy hidden" data-clipboard-text="C:\Users\sliti\Desktop\dev\esprit-PIDEV-3A16-2526-FARMIA\vendor\phpunit\phpunit\src\Framework\TestSuite.php:685"&gt;
                &lt;svg xmlns="http://www.w3.org/2000/svg" height="24" viewBox="0 0 24 24" width="24"&gt;&lt;path d="M0 0h24v24H0z" fill="none"/&gt;&lt;path d="M16 1H4c-1.1 0-2 .9-2 2v14h2V3h12V1zm3 4H8c-1.1 0-2 .9-2 2v14c0 1.1.9 2 2 2h11c1.1 0 2-.9 2-2V7c0-1.1-.9-2-2-2zm0 16H8V7h11v14z"/&gt;&lt;/svg&gt;            &lt;/span&gt;
        &lt;/span&gt;
    &lt;/div&gt;
    &lt;div id="trace-html-2-19" class="trace-code sf-toggle-content"&gt;
        &lt;ol start="680"&gt;&lt;li&gt;&lt;code&gt;&lt;span style="color: var(--highlight-keyword)"&gt;&amp;nbsp;&amp;nbsp;&amp;nbsp;&amp;nbsp;&amp;nbsp;&amp;nbsp;&amp;nbsp;&amp;nbsp;&amp;nbsp;&amp;nbsp;&amp;nbsp;&amp;nbsp;&amp;nbsp;&amp;nbsp;&amp;nbsp;&amp;nbsp;&lt;/span&gt;&lt;span style="color: var(--highlight-default)"&gt;$test&lt;/span&gt;&lt;span style="color: var(--highlight-keyword)"&gt;-&amp;gt;&lt;/span&gt;&lt;span style="color: var(--highlight-default)"&gt;setBackupGlobals&lt;/span&gt;&lt;span style="color: var(--highlight-keyword)"&gt;(&lt;/span&gt;&lt;span style="color: var(--highlight-default)"&gt;$this&lt;/span&gt;&lt;span style="color: var(--highlight-keyword)"&gt;-&amp;gt;&lt;/span&gt;&lt;span style="color: var(--highlight-default)"&gt;backupGlobals&lt;/span&gt;&lt;span style="color: var(--highlight-keyword)"&gt;);&lt;/span&gt;&lt;/code&gt;&lt;/li&gt;
&lt;li&gt;&lt;code&gt;&lt;span style="color: var(--highlight-keyword)"&gt;&amp;nbsp;&amp;nbsp;&amp;nbsp;&amp;nbsp;&amp;nbsp;&amp;nbsp;&amp;nbsp;&amp;nbsp;&amp;nbsp;&amp;nbsp;&amp;nbsp;&amp;nbsp;&amp;nbsp;&amp;nbsp;&amp;nbsp;&amp;nbsp;&lt;/span&gt;&lt;span style="color: var(--highlight-default)"&gt;$test&lt;/span&gt;&lt;span style="color: var(--highlight-keyword)"&gt;-&amp;gt;&lt;/span&gt;&lt;span style="color: var(--highlight-default)"&gt;setBackupStaticAttributes&lt;/span&gt;&lt;span style="color: var(--highlight-keyword)"&gt;(&lt;/span&gt;&lt;span style="color: var(--highlight-default)"&gt;$this&lt;/span&gt;&lt;span style="color: var(--highlight-keyword)"&gt;-&amp;gt;&lt;/span&gt;&lt;span style="color: var(--highlight-default)"&gt;backupStaticAttributes&lt;/span&gt;&lt;span style="color: var(--highlight-keyword)"&gt;);&lt;/span&gt;&lt;/code&gt;&lt;/li&gt;
&lt;li&gt;&lt;code&gt;&lt;span style="color: var(--highlight-keyword)"&gt;&amp;nbsp;&amp;nbsp;&amp;nbsp;&amp;nbsp;&amp;nbsp;&amp;nbsp;&amp;nbsp;&amp;nbsp;&amp;nbsp;&amp;nbsp;&amp;nbsp;&amp;nbsp;&amp;nbsp;&amp;nbsp;&amp;nbsp;&amp;nbsp;&lt;/span&gt;&lt;span style="color: var(--highlight-default)"&gt;$test&lt;/span&gt;&lt;span style="color: var(--highlight-keyword)"&gt;-&amp;gt;&lt;/span&gt;&lt;span style="color: var(--highlight-default)"&gt;setRunTestInSeparateProcess&lt;/span&gt;&lt;span style="color: var(--highlight-keyword)"&gt;(&lt;/span&gt;&lt;span style="color: var(--highlight-default)"&gt;$this&lt;/span&gt;&lt;span style="color: var(--highlight-keyword)"&gt;-&amp;gt;&lt;/span&gt;&lt;span style="color: var(--highlight-default)"&gt;runTestInSeparateProcess&lt;/span&gt;&lt;span style="color: var(--highlight-keyword)"&gt;);&lt;/span&gt;&lt;/code&gt;&lt;/li&gt;
&lt;li&gt;&lt;code&gt;&lt;span style="color: var(--highlight-keyword)"&gt;&amp;nbsp;&amp;nbsp;&amp;nbsp;&amp;nbsp;&amp;nbsp;&amp;nbsp;&amp;nbsp;&amp;nbsp;&amp;nbsp;&amp;nbsp;&amp;nbsp;&amp;nbsp;}&lt;/span&gt;&lt;/code&gt;&lt;/li&gt;
&lt;li&gt;&lt;code&gt;&lt;span style="color: var(--highlight-keyword)"&gt;&lt;/span&gt;&lt;/code&gt;&lt;/li&gt;
&lt;li class="selected"&gt;&lt;code&gt;&lt;span style="color: var(--highlight-keyword)"&gt;&amp;nbsp;&amp;nbsp;&amp;nbsp;&amp;nbsp;&amp;nbsp;&amp;nbsp;&amp;nbsp;&amp;nbsp;&amp;nbsp;&amp;nbsp;&amp;nbsp;&amp;nbsp;&lt;/span&gt;&lt;span style="color: var(--highlight-default)"&gt;$test&lt;/span&gt;&lt;span style="color: var(--highlight-keyword)"&gt;-&amp;gt;&lt;/span&gt;&lt;span style="color: var(--highlight-default)"&gt;run&lt;/span&gt;&lt;span style="color: var(--highlight-keyword)"&gt;(&lt;/span&gt;&lt;span style="color: var(--highlight-default)"&gt;$result&lt;/span&gt;&lt;span style="color: var(--highlight-keyword)"&gt;);&lt;/span&gt;&lt;/code&gt;&lt;/li&gt;
&lt;li&gt;&lt;code&gt;&lt;span style="color: var(--highlight-keyword)"&gt;&amp;nbsp;&amp;nbsp;&amp;nbsp;&amp;nbsp;&amp;nbsp;&amp;nbsp;&amp;nbsp;&amp;nbsp;}&lt;/span&gt;&lt;/code&gt;&lt;/li&gt;
&lt;li&gt;&lt;code&gt;&lt;span style="color: var(--highlight-keyword)"&gt;&lt;/span&gt;&lt;/code&gt;&lt;/li&gt;
&lt;li&gt;&lt;code&gt;&lt;span style="color: var(--highlight-keyword)"&gt;&amp;nbsp;&amp;nbsp;&amp;nbsp;&amp;nbsp;&amp;nbsp;&amp;nbsp;&amp;nbsp;&amp;nbsp;if&amp;nbsp;(&lt;/span&gt;&lt;span style="color: var(--highlight-default)"&gt;$this&lt;/span&gt;&lt;span style="color: var(--highlight-keyword)"&gt;-&amp;gt;&lt;/span&gt;&lt;span style="color: var(--highlight-default)"&gt;testCase&amp;nbsp;&lt;/span&gt;&lt;span style="color: var(--highlight-keyword)"&gt;&amp;amp;&amp;amp;&amp;nbsp;&lt;/span&gt;&lt;span style="color: var(--highlight-default)"&gt;class_exists&lt;/span&gt;&lt;span style="color: var(--highlight-keyword)"&gt;(&lt;/span&gt;&lt;span style="color: var(--highlight-default)"&gt;$this&lt;/span&gt;&lt;span style="color: var(--highlight-keyword)"&gt;-&amp;gt;&lt;/span&gt;&lt;span style="color: var(--highlight-default)"&gt;name&lt;/span&gt;&lt;span style="color: var(--highlight-keyword)"&gt;,&amp;nbsp;&lt;/span&gt;&lt;span style="color: var(--highlight-default)"&gt;false&lt;/span&gt;&lt;span style="color: var(--highlight-keyword)"&gt;))&amp;nbsp;{&lt;/span&gt;&lt;/code&gt;&lt;/li&gt;
&lt;li&gt;&lt;code&gt;&lt;span style="color: var(--highlight-keyword)"&gt;&amp;nbsp;&amp;nbsp;&amp;nbsp;&amp;nbsp;&amp;nbsp;&amp;nbsp;&amp;nbsp;&amp;nbsp;&amp;nbsp;&amp;nbsp;&amp;nbsp;&amp;nbsp;foreach&amp;nbsp;(&lt;/span&gt;&lt;span style="color: var(--highlight-default)"&gt;$hookMethods&lt;/span&gt;&lt;span style="color: var(--highlight-keyword)"&gt;[&lt;/span&gt;&lt;span style="color: var(--highlight-string)"&gt;'afterClass'&lt;/span&gt;&lt;span style="color: var(--highlight-keyword)"&gt;]&amp;nbsp;as&amp;nbsp;&lt;/span&gt;&lt;span style="color: var(--highlight-default)"&gt;$afterClassMethod&lt;/span&gt;&lt;span style="color: var(--highlight-keyword)"&gt;)&amp;nbsp;{&lt;/span&gt;&lt;/code&gt;&lt;/li&gt;
&lt;li&gt;&lt;code&gt;&lt;span style="color: var(--highlight-keyword)"&gt;&amp;nbsp;&amp;nbsp;&amp;nbsp;&amp;nbsp;&amp;nbsp;&amp;nbsp;&amp;nbsp;&amp;nbsp;&amp;nbsp;&amp;nbsp;&amp;nbsp;&amp;nbsp;&amp;nbsp;&amp;nbsp;&amp;nbsp;&amp;nbsp;if&amp;nbsp;(&lt;/span&gt;&lt;span style="color: var(--highlight-default)"&gt;method_exists&lt;/span&gt;&lt;span style="color: var(--highlight-keyword)"&gt;(&lt;/span&gt;&lt;span style="color: var(--highlight-default)"&gt;$this&lt;/span&gt;&lt;span style="color: var(--highlight-keyword)"&gt;-&amp;gt;&lt;/span&gt;&lt;span style="color: var(--highlight-default)"&gt;name&lt;/span&gt;&lt;span style="color: var(--highlight-keyword)"&gt;,&amp;nbsp;&lt;/span&gt;&lt;span style="color: var(--highlight-default)"&gt;$afterClassMethod&lt;/span&gt;&lt;span style="color: var(--highlight-keyword)"&gt;))&amp;nbsp;{&lt;/span&gt;&lt;/code&gt;&lt;/li&gt;&lt;/ol&gt;    &lt;/div&gt;            &lt;/div&gt;
                        &lt;div class="trace-line "&gt;
                &lt;div class="trace-line-header break-long-words sf-toggle" data-toggle-selector="#trace-html-2-20" data-toggle-initial=""&gt;
            &lt;span class="icon icon-close"&gt;&lt;svg width="1792" height="1792" viewBox="0 0 1792 1792" xmlns="http://www.w3.org/2000/svg"&gt;&lt;path d="M1408 960V832q0-26-19-45t-45-19H448q-26 0-45 19t-19 45v128q0 26 19 45t45 19h896q26 0 45-19t19-45zm256-544v960q0 119-84.5 203.5T1376 1664H416q-119 0-203.5-84.5T128 1376V416q0-119 84.5-203.5T416 128h960q119 0 203.5 84.5T1664 416z"/&gt;&lt;/svg&gt;&lt;/span&gt;
        &lt;span class="icon icon-open"&gt;&lt;svg width="1792" height="1792" viewBox="0 0 1792 1792" xmlns="http://www.w3.org/2000/svg"&gt;&lt;path d="M1408 960V832q0-26-19-45t-45-19h-320V448q0-26-19-45t-45-19H832q-26 0-45 19t-19 45v320H448q-26 0-45 19t-19 45v128q0 26 19 45t45 19h320v320q0 26 19 45t45 19h128q26 0 45-19t19-45v-320h320q26 0 45-19t19-45zm256-544v960q0 119-84.5 203.5T1376 1664H416q-119 0-203.5-84.5T128 1376V416q0-119 84.5-203.5T416 128h960q119 0 203.5 84.5T1664 416z"/&gt;&lt;/svg&gt;&lt;/span&gt;
    
            &lt;span class="trace-class"&gt;&lt;abbr title="PHPUnit\Framework\TestSuite"&gt;TestSuite&lt;/abbr&gt;&lt;/span&gt;&lt;span class="trace-type"&gt;-&gt;&lt;/span&gt;&lt;span class="trace-method"&gt;run&lt;/span&gt;&lt;span class="trace-arguments"&gt;(&lt;em&gt;object&lt;/em&gt;(&lt;abbr title="PHPUnit\Framework\TestResult"&gt;TestResult&lt;/abbr&gt;))&lt;/span&gt;    
                    &lt;span class="block trace-file-path"&gt;
            in
            &lt;a href="file://C:\Users\sliti\Desktop\dev\esprit-PIDEV-3A16-2526-FARMIA\vendor\phpunit\phpunit\src\Framework\TestSuite.php#L685"&gt;
                C:\Users\sliti\Desktop\dev\esprit-PIDEV-3A16-2526-FARMIA\vendor\phpunit\phpunit\src\Framework\&lt;strong&gt;TestSuite.php&lt;/strong&gt;
            &lt;/a&gt;
                        (line 685)
            &lt;span class="icon icon-copy hidden" data-clipboard-text="C:\Users\sliti\Desktop\dev\esprit-PIDEV-3A16-2526-FARMIA\vendor\phpunit\phpunit\src\Framework\TestSuite.php:685"&gt;
                &lt;svg xmlns="http://www.w3.org/2000/svg" height="24" viewBox="0 0 24 24" width="24"&gt;&lt;path d="M0 0h24v24H0z" fill="none"/&gt;&lt;path d="M16 1H4c-1.1 0-2 .9-2 2v14h2V3h12V1zm3 4H8c-1.1 0-2 .9-2 2v14c0 1.1.9 2 2 2h11c1.1 0 2-.9 2-2V7c0-1.1-.9-2-2-2zm0 16H8V7h11v14z"/&gt;&lt;/svg&gt;            &lt;/span&gt;
        &lt;/span&gt;
    &lt;/div&gt;
    &lt;div id="trace-html-2-20" class="trace-code sf-toggle-content"&gt;
        &lt;ol start="680"&gt;&lt;li&gt;&lt;code&gt;&lt;span style="color: var(--highlight-keyword)"&gt;&amp;nbsp;&amp;nbsp;&amp;nbsp;&amp;nbsp;&amp;nbsp;&amp;nbsp;&amp;nbsp;&amp;nbsp;&amp;nbsp;&amp;nbsp;&amp;nbsp;&amp;nbsp;&amp;nbsp;&amp;nbsp;&amp;nbsp;&amp;nbsp;&lt;/span&gt;&lt;span style="color: var(--highlight-default)"&gt;$test&lt;/span&gt;&lt;span style="color: var(--highlight-keyword)"&gt;-&amp;gt;&lt;/span&gt;&lt;span style="color: var(--highlight-default)"&gt;setBackupGlobals&lt;/span&gt;&lt;span style="color: var(--highlight-keyword)"&gt;(&lt;/span&gt;&lt;span style="color: var(--highlight-default)"&gt;$this&lt;/span&gt;&lt;span style="color: var(--highlight-keyword)"&gt;-&amp;gt;&lt;/span&gt;&lt;span style="color: var(--highlight-default)"&gt;backupGlobals&lt;/span&gt;&lt;span style="color: var(--highlight-keyword)"&gt;);&lt;/span&gt;&lt;/code&gt;&lt;/li&gt;
&lt;li&gt;&lt;code&gt;&lt;span style="color: var(--highlight-keyword)"&gt;&amp;nbsp;&amp;nbsp;&amp;nbsp;&amp;nbsp;&amp;nbsp;&amp;nbsp;&amp;nbsp;&amp;nbsp;&amp;nbsp;&amp;nbsp;&amp;nbsp;&amp;nbsp;&amp;nbsp;&amp;nbsp;&amp;nbsp;&amp;nbsp;&lt;/span&gt;&lt;span style="color: var(--highlight-default)"&gt;$test&lt;/span&gt;&lt;span style="color: var(--highlight-keyword)"&gt;-&amp;gt;&lt;/span&gt;&lt;span style="color: var(--highlight-default)"&gt;setBackupStaticAttributes&lt;/span&gt;&lt;span style="color: var(--highlight-keyword)"&gt;(&lt;/span&gt;&lt;span style="color: var(--highlight-default)"&gt;$this&lt;/span&gt;&lt;span style="color: var(--highlight-keyword)"&gt;-&amp;gt;&lt;/span&gt;&lt;span style="color: var(--highlight-default)"&gt;backupStaticAttributes&lt;/span&gt;&lt;span style="color: var(--highlight-keyword)"&gt;);&lt;/span&gt;&lt;/code&gt;&lt;/li&gt;
&lt;li&gt;&lt;code&gt;&lt;span style="color: var(--highlight-keyword)"&gt;&amp;nbsp;&amp;nbsp;&amp;nbsp;&amp;nbsp;&amp;nbsp;&amp;nbsp;&amp;nbsp;&amp;nbsp;&amp;nbsp;&amp;nbsp;&amp;nbsp;&amp;nbsp;&amp;nbsp;&amp;nbsp;&amp;nbsp;&amp;nbsp;&lt;/span&gt;&lt;span style="color: var(--highlight-default)"&gt;$test&lt;/span&gt;&lt;span style="color: var(--highlight-keyword)"&gt;-&amp;gt;&lt;/span&gt;&lt;span style="color: var(--highlight-default)"&gt;setRunTestInSeparateProcess&lt;/span&gt;&lt;span style="color: var(--highlight-keyword)"&gt;(&lt;/span&gt;&lt;span style="color: var(--highlight-default)"&gt;$this&lt;/span&gt;&lt;span style="color: var(--highlight-keyword)"&gt;-&amp;gt;&lt;/span&gt;&lt;span style="color: var(--highlight-default)"&gt;runTestInSeparateProcess&lt;/span&gt;&lt;span style="color: var(--highlight-keyword)"&gt;);&lt;/span&gt;&lt;/code&gt;&lt;/li&gt;
&lt;li&gt;&lt;code&gt;&lt;span style="color: var(--highlight-keyword)"&gt;&amp;nbsp;&amp;nbsp;&amp;nbsp;&amp;nbsp;&amp;nbsp;&amp;nbsp;&amp;nbsp;&amp;nbsp;&amp;nbsp;&amp;nbsp;&amp;nbsp;&amp;nbsp;}&lt;/span&gt;&lt;/code&gt;&lt;/li&gt;
&lt;li&gt;&lt;code&gt;&lt;span style="color: var(--highlight-keyword)"&gt;&lt;/span&gt;&lt;/code&gt;&lt;/li&gt;
&lt;li class="selected"&gt;&lt;code&gt;&lt;span style="color: var(--highlight-keyword)"&gt;&amp;nbsp;&amp;nbsp;&amp;nbsp;&amp;nbsp;&amp;nbsp;&amp;nbsp;&amp;nbsp;&amp;nbsp;&amp;nbsp;&amp;nbsp;&amp;nbsp;&amp;nbsp;&lt;/span&gt;&lt;span style="color: var(--highlight-default)"&gt;$test&lt;/span&gt;&lt;span style="color: var(--highlight-keyword)"&gt;-&amp;gt;&lt;/span&gt;&lt;span style="color: var(--highlight-default)"&gt;run&lt;/span&gt;&lt;span style="color: var(--highlight-keyword)"&gt;(&lt;/span&gt;&lt;span style="color: var(--highlight-default)"&gt;$result&lt;/span&gt;&lt;span style="color: var(--highlight-keyword)"&gt;);&lt;/span&gt;&lt;/code&gt;&lt;/li&gt;
&lt;li&gt;&lt;code&gt;&lt;span style="color: var(--highlight-keyword)"&gt;&amp;nbsp;&amp;nbsp;&amp;nbsp;&amp;nbsp;&amp;nbsp;&amp;nbsp;&amp;nbsp;&amp;nbsp;}&lt;/span&gt;&lt;/code&gt;&lt;/li&gt;
&lt;li&gt;&lt;code&gt;&lt;span style="color: var(--highlight-keyword)"&gt;&lt;/span&gt;&lt;/code&gt;&lt;/li&gt;
&lt;li&gt;&lt;code&gt;&lt;span style="color: var(--highlight-keyword)"&gt;&amp;nbsp;&amp;nbsp;&amp;nbsp;&amp;nbsp;&amp;nbsp;&amp;nbsp;&amp;nbsp;&amp;nbsp;if&amp;nbsp;(&lt;/span&gt;&lt;span style="color: var(--highlight-default)"&gt;$this&lt;/span&gt;&lt;span style="color: var(--highlight-keyword)"&gt;-&amp;gt;&lt;/span&gt;&lt;span style="color: var(--highlight-default)"&gt;testCase&amp;nbsp;&lt;/span&gt;&lt;span style="color: var(--highlight-keyword)"&gt;&amp;amp;&amp;amp;&amp;nbsp;&lt;/span&gt;&lt;span style="color: var(--highlight-default)"&gt;class_exists&lt;/span&gt;&lt;span style="color: var(--highlight-keyword)"&gt;(&lt;/span&gt;&lt;span style="color: var(--highlight-default)"&gt;$this&lt;/span&gt;&lt;span style="color: var(--highlight-keyword)"&gt;-&amp;gt;&lt;/span&gt;&lt;span style="color: var(--highlight-default)"&gt;name&lt;/span&gt;&lt;span style="color: var(--highlight-keyword)"&gt;,&amp;nbsp;&lt;/span&gt;&lt;span style="color: var(--highlight-default)"&gt;false&lt;/span&gt;&lt;span style="color: var(--highlight-keyword)"&gt;))&amp;nbsp;{&lt;/span&gt;&lt;/code&gt;&lt;/li&gt;
&lt;li&gt;&lt;code&gt;&lt;span style="color: var(--highlight-keyword)"&gt;&amp;nbsp;&amp;nbsp;&amp;nbsp;&amp;nbsp;&amp;nbsp;&amp;nbsp;&amp;nbsp;&amp;nbsp;&amp;nbsp;&amp;nbsp;&amp;nbsp;&amp;nbsp;foreach&amp;nbsp;(&lt;/span&gt;&lt;span style="color: var(--highlight-default)"&gt;$hookMethods&lt;/span&gt;&lt;span style="color: var(--highlight-keyword)"&gt;[&lt;/span&gt;&lt;span style="color: var(--highlight-string)"&gt;'afterClass'&lt;/span&gt;&lt;span style="color: var(--highlight-keyword)"&gt;]&amp;nbsp;as&amp;nbsp;&lt;/span&gt;&lt;span style="color: var(--highlight-default)"&gt;$afterClassMethod&lt;/span&gt;&lt;span style="color: var(--highlight-keyword)"&gt;)&amp;nbsp;{&lt;/span&gt;&lt;/code&gt;&lt;/li&gt;
&lt;li&gt;&lt;code&gt;&lt;span style="color: var(--highlight-keyword)"&gt;&amp;nbsp;&amp;nbsp;&amp;nbsp;&amp;nbsp;&amp;nbsp;&amp;nbsp;&amp;nbsp;&amp;nbsp;&amp;nbsp;&amp;nbsp;&amp;nbsp;&amp;nbsp;&amp;nbsp;&amp;nbsp;&amp;nbsp;&amp;nbsp;if&amp;nbsp;(&lt;/span&gt;&lt;span style="color: var(--highlight-default)"&gt;method_exists&lt;/span&gt;&lt;span style="color: var(--highlight-keyword)"&gt;(&lt;/span&gt;&lt;span style="color: var(--highlight-default)"&gt;$this&lt;/span&gt;&lt;span style="color: var(--highlight-keyword)"&gt;-&amp;gt;&lt;/span&gt;&lt;span style="color: var(--highlight-default)"&gt;name&lt;/span&gt;&lt;span style="color: var(--highlight-keyword)"&gt;,&amp;nbsp;&lt;/span&gt;&lt;span style="color: var(--highlight-default)"&gt;$afterClassMethod&lt;/span&gt;&lt;span style="color: var(--highlight-keyword)"&gt;))&amp;nbsp;{&lt;/span&gt;&lt;/code&gt;&lt;/li&gt;&lt;/ol&gt;    &lt;/div&gt;            &lt;/div&gt;
                        &lt;div class="trace-line "&gt;
                &lt;div class="trace-line-header break-long-words sf-toggle" data-toggle-selector="#trace-html-2-21" data-toggle-initial=""&gt;
            &lt;span class="icon icon-close"&gt;&lt;svg width="1792" height="1792" viewBox="0 0 1792 1792" xmlns="http://www.w3.org/2000/svg"&gt;&lt;path d="M1408 960V832q0-26-19-45t-45-19H448q-26 0-45 19t-19 45v128q0 26 19 45t45 19h896q26 0 45-19t19-45zm256-544v960q0 119-84.5 203.5T1376 1664H416q-119 0-203.5-84.5T128 1376V416q0-119 84.5-203.5T416 128h960q119 0 203.5 84.5T1664 416z"/&gt;&lt;/svg&gt;&lt;/span&gt;
        &lt;span class="icon icon-open"&gt;&lt;svg width="1792" height="1792" viewBox="0 0 1792 1792" xmlns="http://www.w3.org/2000/svg"&gt;&lt;path d="M1408 960V832q0-26-19-45t-45-19h-320V448q0-26-19-45t-45-19H832q-26 0-45 19t-19 45v320H448q-26 0-45 19t-19 45v128q0 26 19 45t45 19h320v320q0 26 19 45t45 19h128q26 0 45-19t19-45v-320h320q26 0 45-19t19-45zm256-544v960q0 119-84.5 203.5T1376 1664H416q-119 0-203.5-84.5T128 1376V416q0-119 84.5-203.5T416 128h960q119 0 203.5 84.5T1664 416z"/&gt;&lt;/svg&gt;&lt;/span&gt;
    
            &lt;span class="trace-class"&gt;&lt;abbr title="PHPUnit\Framework\TestSuite"&gt;TestSuite&lt;/abbr&gt;&lt;/span&gt;&lt;span class="trace-type"&gt;-&gt;&lt;/span&gt;&lt;span class="trace-method"&gt;run&lt;/span&gt;&lt;span class="trace-arguments"&gt;(&lt;em&gt;object&lt;/em&gt;(&lt;abbr title="PHPUnit\Framework\TestResult"&gt;TestResult&lt;/abbr&gt;))&lt;/span&gt;    
                    &lt;span class="block trace-file-path"&gt;
            in
            &lt;a href="file://C:\Users\sliti\Desktop\dev\esprit-PIDEV-3A16-2526-FARMIA\vendor\phpunit\phpunit\src\Framework\TestSuite.php#L685"&gt;
                C:\Users\sliti\Desktop\dev\esprit-PIDEV-3A16-2526-FARMIA\vendor\phpunit\phpunit\src\Framework\&lt;strong&gt;TestSuite.php&lt;/strong&gt;
            &lt;/a&gt;
                        (line 685)
            &lt;span class="icon icon-copy hidden" data-clipboard-text="C:\Users\sliti\Desktop\dev\esprit-PIDEV-3A16-2526-FARMIA\vendor\phpunit\phpunit\src\Framework\TestSuite.php:685"&gt;
                &lt;svg xmlns="http://www.w3.org/2000/svg" height="24" viewBox="0 0 24 24" width="24"&gt;&lt;path d="M0 0h24v24H0z" fill="none"/&gt;&lt;path d="M16 1H4c-1.1 0-2 .9-2 2v14h2V3h12V1zm3 4H8c-1.1 0-2 .9-2 2v14c0 1.1.9 2 2 2h11c1.1 0 2-.9 2-2V7c0-1.1-.9-2-2-2zm0 16H8V7h11v14z"/&gt;&lt;/svg&gt;            &lt;/span&gt;
        &lt;/span&gt;
    &lt;/div&gt;
    &lt;div id="trace-html-2-21" class="trace-code sf-toggle-content"&gt;
        &lt;ol start="680"&gt;&lt;li&gt;&lt;code&gt;&lt;span style="color: var(--highlight-keyword)"&gt;&amp;nbsp;&amp;nbsp;&amp;nbsp;&amp;nbsp;&amp;nbsp;&amp;nbsp;&amp;nbsp;&amp;nbsp;&amp;nbsp;&amp;nbsp;&amp;nbsp;&amp;nbsp;&amp;nbsp;&amp;nbsp;&amp;nbsp;&amp;nbsp;&lt;/span&gt;&lt;span style="color: var(--highlight-default)"&gt;$test&lt;/span&gt;&lt;span style="color: var(--highlight-keyword)"&gt;-&amp;gt;&lt;/span&gt;&lt;span style="color: var(--highlight-default)"&gt;setBackupGlobals&lt;/span&gt;&lt;span style="color: var(--highlight-keyword)"&gt;(&lt;/span&gt;&lt;span style="color: var(--highlight-default)"&gt;$this&lt;/span&gt;&lt;span style="color: var(--highlight-keyword)"&gt;-&amp;gt;&lt;/span&gt;&lt;span style="color: var(--highlight-default)"&gt;backupGlobals&lt;/span&gt;&lt;span style="color: var(--highlight-keyword)"&gt;);&lt;/span&gt;&lt;/code&gt;&lt;/li&gt;
&lt;li&gt;&lt;code&gt;&lt;span style="color: var(--highlight-keyword)"&gt;&amp;nbsp;&amp;nbsp;&amp;nbsp;&amp;nbsp;&amp;nbsp;&amp;nbsp;&amp;nbsp;&amp;nbsp;&amp;nbsp;&amp;nbsp;&amp;nbsp;&amp;nbsp;&amp;nbsp;&amp;nbsp;&amp;nbsp;&amp;nbsp;&lt;/span&gt;&lt;span style="color: var(--highlight-default)"&gt;$test&lt;/span&gt;&lt;span style="color: var(--highlight-keyword)"&gt;-&amp;gt;&lt;/span&gt;&lt;span style="color: var(--highlight-default)"&gt;setBackupStaticAttributes&lt;/span&gt;&lt;span style="color: var(--highlight-keyword)"&gt;(&lt;/span&gt;&lt;span style="color: var(--highlight-default)"&gt;$this&lt;/span&gt;&lt;span style="color: var(--highlight-keyword)"&gt;-&amp;gt;&lt;/span&gt;&lt;span style="color: var(--highlight-default)"&gt;backupStaticAttributes&lt;/span&gt;&lt;span style="color: var(--highlight-keyword)"&gt;);&lt;/span&gt;&lt;/code&gt;&lt;/li&gt;
&lt;li&gt;&lt;code&gt;&lt;span style="color: var(--highlight-keyword)"&gt;&amp;nbsp;&amp;nbsp;&amp;nbsp;&amp;nbsp;&amp;nbsp;&amp;nbsp;&amp;nbsp;&amp;nbsp;&amp;nbsp;&amp;nbsp;&amp;nbsp;&amp;nbsp;&amp;nbsp;&amp;nbsp;&amp;nbsp;&amp;nbsp;&lt;/span&gt;&lt;span style="color: var(--highlight-default)"&gt;$test&lt;/span&gt;&lt;span style="color: var(--highlight-keyword)"&gt;-&amp;gt;&lt;/span&gt;&lt;span style="color: var(--highlight-default)"&gt;setRunTestInSeparateProcess&lt;/span&gt;&lt;span style="color: var(--highlight-keyword)"&gt;(&lt;/span&gt;&lt;span style="color: var(--highlight-default)"&gt;$this&lt;/span&gt;&lt;span style="color: var(--highlight-keyword)"&gt;-&amp;gt;&lt;/span&gt;&lt;span style="color: var(--highlight-default)"&gt;runTestInSeparateProcess&lt;/span&gt;&lt;span style="color: var(--highlight-keyword)"&gt;);&lt;/span&gt;&lt;/code&gt;&lt;/li&gt;
&lt;li&gt;&lt;code&gt;&lt;span style="color: var(--highlight-keyword)"&gt;&amp;nbsp;&amp;nbsp;&amp;nbsp;&amp;nbsp;&amp;nbsp;&amp;nbsp;&amp;nbsp;&amp;nbsp;&amp;nbsp;&amp;nbsp;&amp;nbsp;&amp;nbsp;}&lt;/span&gt;&lt;/code&gt;&lt;/li&gt;
&lt;li&gt;&lt;code&gt;&lt;span style="color: var(--highlight-keyword)"&gt;&lt;/span&gt;&lt;/code&gt;&lt;/li&gt;
&lt;li class="selected"&gt;&lt;code&gt;&lt;span style="color: var(--highlight-keyword)"&gt;&amp;nbsp;&amp;nbsp;&amp;nbsp;&amp;nbsp;&amp;nbsp;&amp;nbsp;&amp;nbsp;&amp;nbsp;&amp;nbsp;&amp;nbsp;&amp;nbsp;&amp;nbsp;&lt;/span&gt;&lt;span style="color: var(--highlight-default)"&gt;$test&lt;/span&gt;&lt;span style="color: var(--highlight-keyword)"&gt;-&amp;gt;&lt;/span&gt;&lt;span style="color: var(--highlight-default)"&gt;run&lt;/span&gt;&lt;span style="color: var(--highlight-keyword)"&gt;(&lt;/span&gt;&lt;span style="color: var(--highlight-default)"&gt;$result&lt;/span&gt;&lt;span style="color: var(--highlight-keyword)"&gt;);&lt;/span&gt;&lt;/code&gt;&lt;/li&gt;
&lt;li&gt;&lt;code&gt;&lt;span style="color: var(--highlight-keyword)"&gt;&amp;nbsp;&amp;nbsp;&amp;nbsp;&amp;nbsp;&amp;nbsp;&amp;nbsp;&amp;nbsp;&amp;nbsp;}&lt;/span&gt;&lt;/code&gt;&lt;/li&gt;
&lt;li&gt;&lt;code&gt;&lt;span style="color: var(--highlight-keyword)"&gt;&lt;/span&gt;&lt;/code&gt;&lt;/li&gt;
&lt;li&gt;&lt;code&gt;&lt;span style="color: var(--highlight-keyword)"&gt;&amp;nbsp;&amp;nbsp;&amp;nbsp;&amp;nbsp;&amp;nbsp;&amp;nbsp;&amp;nbsp;&amp;nbsp;if&amp;nbsp;(&lt;/span&gt;&lt;span style="color: var(--highlight-default)"&gt;$this&lt;/span&gt;&lt;span style="color: var(--highlight-keyword)"&gt;-&amp;gt;&lt;/span&gt;&lt;span style="color: var(--highlight-default)"&gt;testCase&amp;nbsp;&lt;/span&gt;&lt;span style="color: var(--highlight-keyword)"&gt;&amp;amp;&amp;amp;&amp;nbsp;&lt;/span&gt;&lt;span style="color: var(--highlight-default)"&gt;class_exists&lt;/span&gt;&lt;span style="color: var(--highlight-keyword)"&gt;(&lt;/span&gt;&lt;span style="color: var(--highlight-default)"&gt;$this&lt;/span&gt;&lt;span style="color: var(--highlight-keyword)"&gt;-&amp;gt;&lt;/span&gt;&lt;span style="color: var(--highlight-default)"&gt;name&lt;/span&gt;&lt;span style="color: var(--highlight-keyword)"&gt;,&amp;nbsp;&lt;/span&gt;&lt;span style="color: var(--highlight-default)"&gt;false&lt;/span&gt;&lt;span style="color: var(--highlight-keyword)"&gt;))&amp;nbsp;{&lt;/span&gt;&lt;/code&gt;&lt;/li&gt;
&lt;li&gt;&lt;code&gt;&lt;span style="color: var(--highlight-keyword)"&gt;&amp;nbsp;&amp;nbsp;&amp;nbsp;&amp;nbsp;&amp;nbsp;&amp;nbsp;&amp;nbsp;&amp;nbsp;&amp;nbsp;&amp;nbsp;&amp;nbsp;&amp;nbsp;foreach&amp;nbsp;(&lt;/span&gt;&lt;span style="color: var(--highlight-default)"&gt;$hookMethods&lt;/span&gt;&lt;span style="color: var(--highlight-keyword)"&gt;[&lt;/span&gt;&lt;span style="color: var(--highlight-string)"&gt;'afterClass'&lt;/span&gt;&lt;span style="color: var(--highlight-keyword)"&gt;]&amp;nbsp;as&amp;nbsp;&lt;/span&gt;&lt;span style="color: var(--highlight-default)"&gt;$afterClassMethod&lt;/span&gt;&lt;span style="color: var(--highlight-keyword)"&gt;)&amp;nbsp;{&lt;/span&gt;&lt;/code&gt;&lt;/li&gt;
&lt;li&gt;&lt;code&gt;&lt;span style="color: var(--highlight-keyword)"&gt;&amp;nbsp;&amp;nbsp;&amp;nbsp;&amp;nbsp;&amp;nbsp;&amp;nbsp;&amp;nbsp;&amp;nbsp;&amp;nbsp;&amp;nbsp;&amp;nbsp;&amp;nbsp;&amp;nbsp;&amp;nbsp;&amp;nbsp;&amp;nbsp;if&amp;nbsp;(&lt;/span&gt;&lt;span style="color: var(--highlight-default)"&gt;method_exists&lt;/span&gt;&lt;span style="color: var(--highlight-keyword)"&gt;(&lt;/span&gt;&lt;span style="color: var(--highlight-default)"&gt;$this&lt;/span&gt;&lt;span style="color: var(--highlight-keyword)"&gt;-&amp;gt;&lt;/span&gt;&lt;span style="color: var(--highlight-default)"&gt;name&lt;/span&gt;&lt;span style="color: var(--highlight-keyword)"&gt;,&amp;nbsp;&lt;/span&gt;&lt;span style="color: var(--highlight-default)"&gt;$afterClassMethod&lt;/span&gt;&lt;span style="color: var(--highlight-keyword)"&gt;))&amp;nbsp;{&lt;/span&gt;&lt;/code&gt;&lt;/li&gt;&lt;/ol&gt;    &lt;/div&gt;            &lt;/div&gt;
                        &lt;div class="trace-line "&gt;
                &lt;div class="trace-line-header break-long-words sf-toggle" data-toggle-selector="#trace-html-2-22" data-toggle-initial=""&gt;
            &lt;span class="icon icon-close"&gt;&lt;svg width="1792" height="1792" viewBox="0 0 1792 1792" xmlns="http://www.w3.org/2000/svg"&gt;&lt;path d="M1408 960V832q0-26-19-45t-45-19H448q-26 0-45 19t-19 45v128q0 26 19 45t45 19h896q26 0 45-19t19-45zm256-544v960q0 119-84.5 203.5T1376 1664H416q-119 0-203.5-84.5T128 1376V416q0-119 84.5-203.5T416 128h960q119 0 203.5 84.5T1664 416z"/&gt;&lt;/svg&gt;&lt;/span&gt;
        &lt;span class="icon icon-open"&gt;&lt;svg width="1792" height="1792" viewBox="0 0 1792 1792" xmlns="http://www.w3.org/2000/svg"&gt;&lt;path d="M1408 960V832q0-26-19-45t-45-19h-320V448q0-26-19-45t-45-19H832q-26 0-45 19t-19 45v320H448q-26 0-45 19t-19 45v128q0 26 19 45t45 19h320v320q0 26 19 45t45 19h128q26 0 45-19t19-45v-320h320q26 0 45-19t19-45zm256-544v960q0 119-84.5 203.5T1376 1664H416q-119 0-203.5-84.5T128 1376V416q0-119 84.5-203.5T416 128h960q119 0 203.5 84.5T1664 416z"/&gt;&lt;/svg&gt;&lt;/span&gt;
    
            &lt;span class="trace-class"&gt;&lt;abbr title="PHPUnit\Framework\TestSuite"&gt;TestSuite&lt;/abbr&gt;&lt;/span&gt;&lt;span class="trace-type"&gt;-&gt;&lt;/span&gt;&lt;span class="trace-method"&gt;run&lt;/span&gt;&lt;span class="trace-arguments"&gt;(&lt;em&gt;object&lt;/em&gt;(&lt;abbr title="PHPUnit\Framework\TestResult"&gt;TestResult&lt;/abbr&gt;))&lt;/span&gt;    
                    &lt;span class="block trace-file-path"&gt;
            in
            &lt;a href="file://C:\Users\sliti\Desktop\dev\esprit-PIDEV-3A16-2526-FARMIA\vendor\phpunit\phpunit\src\TextUI\TestRunner.php#L651"&gt;
                C:\Users\sliti\Desktop\dev\esprit-PIDEV-3A16-2526-FARMIA\vendor\phpunit\phpunit\src\TextUI\&lt;strong&gt;TestRunner.php&lt;/strong&gt;
            &lt;/a&gt;
                        (line 651)
            &lt;span class="icon icon-copy hidden" data-clipboard-text="C:\Users\sliti\Desktop\dev\esprit-PIDEV-3A16-2526-FARMIA\vendor\phpunit\phpunit\src\TextUI\TestRunner.php:651"&gt;
                &lt;svg xmlns="http://www.w3.org/2000/svg" height="24" viewBox="0 0 24 24" width="24"&gt;&lt;path d="M0 0h24v24H0z" fill="none"/&gt;&lt;path d="M16 1H4c-1.1 0-2 .9-2 2v14h2V3h12V1zm3 4H8c-1.1 0-2 .9-2 2v14c0 1.1.9 2 2 2h11c1.1 0 2-.9 2-2V7c0-1.1-.9-2-2-2zm0 16H8V7h11v14z"/&gt;&lt;/svg&gt;            &lt;/span&gt;
        &lt;/span&gt;
    &lt;/div&gt;
    &lt;div id="trace-html-2-22" class="trace-code sf-toggle-content"&gt;
        &lt;ol start="646"&gt;&lt;li&gt;&lt;code&gt;&lt;span style="color: var(--highlight-keyword)"&gt;&amp;nbsp;&amp;nbsp;&amp;nbsp;&amp;nbsp;&amp;nbsp;&amp;nbsp;&amp;nbsp;&amp;nbsp;&amp;nbsp;&amp;nbsp;&amp;nbsp;&amp;nbsp;if&amp;nbsp;(&lt;/span&gt;&lt;span style="color: var(--highlight-default)"&gt;$extension&amp;nbsp;&lt;/span&gt;&lt;span style="color: var(--highlight-keyword)"&gt;instanceof&amp;nbsp;&lt;/span&gt;&lt;span style="color: var(--highlight-default)"&gt;BeforeFirstTestHook&lt;/span&gt;&lt;span style="color: var(--highlight-keyword)"&gt;)&amp;nbsp;{&lt;/span&gt;&lt;/code&gt;&lt;/li&gt;
&lt;li&gt;&lt;code&gt;&lt;span style="color: var(--highlight-keyword)"&gt;&amp;nbsp;&amp;nbsp;&amp;nbsp;&amp;nbsp;&amp;nbsp;&amp;nbsp;&amp;nbsp;&amp;nbsp;&amp;nbsp;&amp;nbsp;&amp;nbsp;&amp;nbsp;&amp;nbsp;&amp;nbsp;&amp;nbsp;&amp;nbsp;&lt;/span&gt;&lt;span style="color: var(--highlight-default)"&gt;$extension&lt;/span&gt;&lt;span style="color: var(--highlight-keyword)"&gt;-&amp;gt;&lt;/span&gt;&lt;span style="color: var(--highlight-default)"&gt;executeBeforeFirstTest&lt;/span&gt;&lt;span style="color: var(--highlight-keyword)"&gt;();&lt;/span&gt;&lt;/code&gt;&lt;/li&gt;
&lt;li&gt;&lt;code&gt;&lt;span style="color: var(--highlight-keyword)"&gt;&amp;nbsp;&amp;nbsp;&amp;nbsp;&amp;nbsp;&amp;nbsp;&amp;nbsp;&amp;nbsp;&amp;nbsp;&amp;nbsp;&amp;nbsp;&amp;nbsp;&amp;nbsp;}&lt;/span&gt;&lt;/code&gt;&lt;/li&gt;
&lt;li&gt;&lt;code&gt;&lt;span style="color: var(--highlight-keyword)"&gt;&amp;nbsp;&amp;nbsp;&amp;nbsp;&amp;nbsp;&amp;nbsp;&amp;nbsp;&amp;nbsp;&amp;nbsp;}&lt;/span&gt;&lt;/code&gt;&lt;/li&gt;
&lt;li&gt;&lt;code&gt;&lt;span style="color: var(--highlight-keyword)"&gt;&lt;/span&gt;&lt;/code&gt;&lt;/li&gt;
&lt;li class="selected"&gt;&lt;code&gt;&lt;span style="color: var(--highlight-keyword)"&gt;&amp;nbsp;&amp;nbsp;&amp;nbsp;&amp;nbsp;&amp;nbsp;&amp;nbsp;&amp;nbsp;&amp;nbsp;&lt;/span&gt;&lt;span style="color: var(--highlight-default)"&gt;$suite&lt;/span&gt;&lt;span style="color: var(--highlight-keyword)"&gt;-&amp;gt;&lt;/span&gt;&lt;span style="color: var(--highlight-default)"&gt;run&lt;/span&gt;&lt;span style="color: var(--highlight-keyword)"&gt;(&lt;/span&gt;&lt;span style="color: var(--highlight-default)"&gt;$result&lt;/span&gt;&lt;span style="color: var(--highlight-keyword)"&gt;);&lt;/span&gt;&lt;/code&gt;&lt;/li&gt;
&lt;li&gt;&lt;code&gt;&lt;span style="color: var(--highlight-keyword)"&gt;&lt;/span&gt;&lt;/code&gt;&lt;/li&gt;
&lt;li&gt;&lt;code&gt;&lt;span style="color: var(--highlight-keyword)"&gt;&amp;nbsp;&amp;nbsp;&amp;nbsp;&amp;nbsp;&amp;nbsp;&amp;nbsp;&amp;nbsp;&amp;nbsp;foreach&amp;nbsp;(&lt;/span&gt;&lt;span style="color: var(--highlight-default)"&gt;$this&lt;/span&gt;&lt;span style="color: var(--highlight-keyword)"&gt;-&amp;gt;&lt;/span&gt;&lt;span style="color: var(--highlight-default)"&gt;extensions&amp;nbsp;&lt;/span&gt;&lt;span style="color: var(--highlight-keyword)"&gt;as&amp;nbsp;&lt;/span&gt;&lt;span style="color: var(--highlight-default)"&gt;$extension&lt;/span&gt;&lt;span style="color: var(--highlight-keyword)"&gt;)&amp;nbsp;{&lt;/span&gt;&lt;/code&gt;&lt;/li&gt;
&lt;li&gt;&lt;code&gt;&lt;span style="color: var(--highlight-keyword)"&gt;&amp;nbsp;&amp;nbsp;&amp;nbsp;&amp;nbsp;&amp;nbsp;&amp;nbsp;&amp;nbsp;&amp;nbsp;&amp;nbsp;&amp;nbsp;&amp;nbsp;&amp;nbsp;if&amp;nbsp;(&lt;/span&gt;&lt;span style="color: var(--highlight-default)"&gt;$extension&amp;nbsp;&lt;/span&gt;&lt;span style="color: var(--highlight-keyword)"&gt;instanceof&amp;nbsp;&lt;/span&gt;&lt;span style="color: var(--highlight-default)"&gt;AfterLastTestHook&lt;/span&gt;&lt;span style="color: var(--highlight-keyword)"&gt;)&amp;nbsp;{&lt;/span&gt;&lt;/code&gt;&lt;/li&gt;
&lt;li&gt;&lt;code&gt;&lt;span style="color: var(--highlight-keyword)"&gt;&amp;nbsp;&amp;nbsp;&amp;nbsp;&amp;nbsp;&amp;nbsp;&amp;nbsp;&amp;nbsp;&amp;nbsp;&amp;nbsp;&amp;nbsp;&amp;nbsp;&amp;nbsp;&amp;nbsp;&amp;nbsp;&amp;nbsp;&amp;nbsp;&lt;/span&gt;&lt;span style="color: var(--highlight-default)"&gt;$extension&lt;/span&gt;&lt;span style="color: var(--highlight-keyword)"&gt;-&amp;gt;&lt;/span&gt;&lt;span style="color: var(--highlight-default)"&gt;executeAfterLastTest&lt;/span&gt;&lt;span style="color: var(--highlight-keyword)"&gt;();&lt;/span&gt;&lt;/code&gt;&lt;/li&gt;
&lt;li&gt;&lt;code&gt;&lt;span style="color: var(--highlight-keyword)"&gt;&amp;nbsp;&amp;nbsp;&amp;nbsp;&amp;nbsp;&amp;nbsp;&amp;nbsp;&amp;nbsp;&amp;nbsp;&amp;nbsp;&amp;nbsp;&amp;nbsp;&amp;nbsp;}&lt;/span&gt;&lt;/code&gt;&lt;/li&gt;&lt;/ol&gt;    &lt;/div&gt;            &lt;/div&gt;
                        &lt;div class="trace-line "&gt;
                &lt;div class="trace-line-header break-long-words sf-toggle" data-toggle-selector="#trace-html-2-23" data-toggle-initial=""&gt;
            &lt;span class="icon icon-close"&gt;&lt;svg width="1792" height="1792" viewBox="0 0 1792 1792" xmlns="http://www.w3.org/2000/svg"&gt;&lt;path d="M1408 960V832q0-26-19-45t-45-19H448q-26 0-45 19t-19 45v128q0 26 19 45t45 19h896q26 0 45-19t19-45zm256-544v960q0 119-84.5 203.5T1376 1664H416q-119 0-203.5-84.5T128 1376V416q0-119 84.5-203.5T416 128h960q119 0 203.5 84.5T1664 416z"/&gt;&lt;/svg&gt;&lt;/span&gt;
        &lt;span class="icon icon-open"&gt;&lt;svg width="1792" height="1792" viewBox="0 0 1792 1792" xmlns="http://www.w3.org/2000/svg"&gt;&lt;path d="M1408 960V832q0-26-19-45t-45-19h-320V448q0-26-19-45t-45-19H832q-26 0-45 19t-19 45v320H448q-26 0-45 19t-19 45v128q0 26 19 45t45 19h320v320q0 26 19 45t45 19h128q26 0 45-19t19-45v-320h320q26 0 45-19t19-45zm256-544v960q0 119-84.5 203.5T1376 1664H416q-119 0-203.5-84.5T128 1376V416q0-119 84.5-203.5T416 128h960q119 0 203.5 84.5T1664 416z"/&gt;&lt;/svg&gt;&lt;/span&gt;
    
            &lt;span class="trace-class"&gt;&lt;abbr title="PHPUnit\TextUI\TestRunner"&gt;TestRunner&lt;/abbr&gt;&lt;/span&gt;&lt;span class="trace-type"&gt;-&gt;&lt;/span&gt;&lt;span class="trace-method"&gt;run&lt;/span&gt;&lt;span class="trace-arguments"&gt;(&lt;em&gt;object&lt;/em&gt;(&lt;abbr title="PHPUnit\Framework\TestSuite"&gt;TestSuite&lt;/abbr&gt;), &lt;em&gt;array&lt;/em&gt;('extensions' =&gt; &lt;em&gt;array&lt;/em&gt;(), 'listGroups' =&gt; &lt;em&gt;false&lt;/em&gt;, 'listSuites' =&gt; &lt;em&gt;false&lt;/em&gt;, 'listTests' =&gt; &lt;em&gt;false&lt;/em&gt;, 'listTestsXml' =&gt; &lt;em&gt;false&lt;/em&gt;, 'loader' =&gt; &lt;em&gt;null&lt;/em&gt;, 'useDefaultConfiguration' =&gt; &lt;em&gt;true&lt;/em&gt;, 'loadedExtensions' =&gt; &lt;em&gt;array&lt;/em&gt;(), 'unavailableExtensions' =&gt; &lt;em&gt;array&lt;/em&gt;(), 'notLoadedExtensions' =&gt; &lt;em&gt;array&lt;/em&gt;(), 'junitLogfile' =&gt; 'test-results.xml', 'testSuffixes' =&gt; &lt;em&gt;array&lt;/em&gt;('Test.php', '.phpt'), 'configuration' =&gt; 'C:\\Users\\sliti\\Desktop\\dev\\esprit-PIDEV-3A16-2526-FARMIA\\phpunit.xml.dist', 'configurationObject' =&gt; &lt;em&gt;object&lt;/em&gt;(&lt;abbr title="PHPUnit\TextUI\XmlConfiguration\Configuration"&gt;Configuration&lt;/abbr&gt;), 'stderr' =&gt; &lt;em&gt;false&lt;/em&gt;, 'columns' =&gt; 80, 'warnings' =&gt; &lt;em&gt;array&lt;/em&gt;(), 'debug' =&gt; &lt;em&gt;false&lt;/em&gt;, 'filter' =&gt; &lt;em&gt;false&lt;/em&gt;, 'listeners' =&gt; &lt;em&gt;array&lt;/em&gt;(), 'backupGlobals' =&gt; &lt;em&gt;false&lt;/em&gt;, 'backupStaticAttributes' =&gt; &lt;em&gt;false&lt;/em&gt;, 'beStrictAboutChangesToGlobalState' =&gt; &lt;em&gt;false&lt;/em&gt;, 'cacheResult' =&gt; &lt;em&gt;true&lt;/em&gt;, 'colors' =&gt; 'auto', 'convertDeprecationsToExceptions' =&gt; &lt;em&gt;false&lt;/em&gt;, 'convertErrorsToExceptions' =&gt; &lt;em&gt;true&lt;/em&gt;, 'convertNoticesToExceptions' =&gt; &lt;em&gt;true&lt;/em&gt;, 'convertWarningsToExceptions' =&gt; &lt;em&gt;true&lt;/em&gt;, 'processIsolation' =&gt; &lt;em&gt;false&lt;/em&gt;, 'stopOnDefect' =&gt; &lt;em&gt;false&lt;/em&gt;, 'stopOnError' =&gt; &lt;em&gt;false&lt;/em&gt;, 'stopOnFailure' =&gt; &lt;em&gt;false&lt;/em&gt;, 'stopOnWarning' =&gt; &lt;em&gt;false&lt;/em&gt;, 'stopOnIncomplete' =&gt; &lt;em&gt;false&lt;/em&gt;, 'stopOnRisky' =&gt; &lt;em&gt;false&lt;/em&gt;, 'stopOnSkipped' =&gt; &lt;em&gt;false&lt;/em&gt;, 'failOnEmptyTestSuite' =&gt; &lt;em&gt;false&lt;/em&gt;, 'failOnIncomplete' =&gt; &lt;em&gt;false&lt;/em&gt;, 'failOnRisky' =&gt; &lt;em&gt;false&lt;/em&gt;, 'failOnSkipped' =&gt; &lt;em&gt;false&lt;/em&gt;, 'failOnWarning' =&gt; &lt;em&gt;false&lt;/em&gt;, 'enforceTimeLimit' =&gt; &lt;em&gt;false&lt;/em&gt;, 'defaultTimeLimit' =&gt; 1, 'timeoutForSmallTests' =&gt; 1, 'timeoutForMediumTests' =&gt; 10, 'timeoutForLargeTests' =&gt; 60, 'reportUselessTests' =&gt; &lt;em&gt;true&lt;/em&gt;, 'strictCoverage' =&gt; &lt;em&gt;false&lt;/em&gt;, 'ignoreDeprecatedCodeUnitsFromCodeCoverage' =&gt; &lt;em&gt;false&lt;/em&gt;, 'disallowTestOutput' =&gt; &lt;em&gt;false&lt;/em&gt;, 'disallowTodoAnnotatedTests' =&gt; &lt;em&gt;false&lt;/em&gt;, 'beStrictAboutResourceUsageDuringSmallTests' =&gt; &lt;em&gt;false&lt;/em&gt;, 'verbose' =&gt; &lt;em&gt;false&lt;/em&gt;, 'reverseDefectList' =&gt; &lt;em&gt;false&lt;/em&gt;, 'forceCoversAnnotation' =&gt; &lt;em&gt;false&lt;/em&gt;, 'disableCodeCoverageIgnore' =&gt; &lt;em&gt;false&lt;/em&gt;, 'registerMockObjectsFromTestArgumentsRecursively' =&gt; &lt;em&gt;false&lt;/em&gt;, 'noInteraction' =&gt; &lt;em&gt;false&lt;/em&gt;, 'executionOrder' =&gt; 0, 'resolveDependencies' =&gt; &lt;em&gt;true&lt;/em&gt;, 'bootstrap' =&gt; 'C:\\Users\\sliti\\Desktop\\dev\\esprit-PIDEV-3A16-2526-FARMIA\\tests/bootstrap.php', 'executionOrderDefects' =&gt; 0, 'crap4jThreshold' =&gt; 30, 'excludeGroups' =&gt; &lt;em&gt;array&lt;/em&gt;(), 'groups' =&gt; &lt;em&gt;array&lt;/em&gt;(), 'randomOrderSeed' =&gt; 1777118040, 'repeat' =&gt; &lt;em&gt;false&lt;/em&gt;, 'reportHighLowerBound' =&gt; 90, 'reportLowUpperBound' =&gt; 50, 'reverseList' =&gt; &lt;em&gt;false&lt;/em&gt;, 'testdoxExcludeGroups' =&gt; &lt;em&gt;array&lt;/em&gt;(), 'testdoxGroups' =&gt; &lt;em&gt;array&lt;/em&gt;(), 'cacheResultFile' =&gt; 'C:\\Users\\sliti\\Desktop\\dev\\esprit-PIDEV-3A16-2526-FARMIA'), &lt;em&gt;array&lt;/em&gt;(), &lt;em&gt;true&lt;/em&gt;)&lt;/span&gt;    
                    &lt;span class="block trace-file-path"&gt;
            in
            &lt;a href="file://C:\Users\sliti\Desktop\dev\esprit-PIDEV-3A16-2526-FARMIA\vendor\phpunit\phpunit\src\TextUI\Command.php#L146"&gt;
                C:\Users\sliti\Desktop\dev\esprit-PIDEV-3A16-2526-FARMIA\vendor\phpunit\phpunit\src\TextUI\&lt;strong&gt;Command.php&lt;/strong&gt;
            &lt;/a&gt;
                        (line 146)
            &lt;span class="icon icon-copy hidden" data-clipboard-text="C:\Users\sliti\Desktop\dev\esprit-PIDEV-3A16-2526-FARMIA\vendor\phpunit\phpunit\src\TextUI\Command.php:146"&gt;
                &lt;svg xmlns="http://www.w3.org/2000/svg" height="24" viewBox="0 0 24 24" width="24"&gt;&lt;path d="M0 0h24v24H0z" fill="none"/&gt;&lt;path d="M16 1H4c-1.1 0-2 .9-2 2v14h2V3h12V1zm3 4H8c-1.1 0-2 .9-2 2v14c0 1.1.9 2 2 2h11c1.1 0 2-.9 2-2V7c0-1.1-.9-2-2-2zm0 16H8V7h11v14z"/&gt;&lt;/svg&gt;            &lt;/span&gt;
        &lt;/span&gt;
    &lt;/div&gt;
    &lt;div id="trace-html-2-23" class="trace-code sf-toggle-content"&gt;
        &lt;ol start="141"&gt;&lt;li&gt;&lt;code&gt;&lt;span style="color: var(--highlight-keyword)"&gt;&amp;nbsp;&amp;nbsp;&amp;nbsp;&amp;nbsp;&amp;nbsp;&amp;nbsp;&amp;nbsp;&amp;nbsp;}&lt;/span&gt;&lt;/code&gt;&lt;/li&gt;
&lt;li&gt;&lt;code&gt;&lt;span style="color: var(--highlight-keyword)"&gt;&lt;/span&gt;&lt;/code&gt;&lt;/li&gt;
&lt;li&gt;&lt;code&gt;&lt;span style="color: var(--highlight-keyword)"&gt;&amp;nbsp;&amp;nbsp;&amp;nbsp;&amp;nbsp;&amp;nbsp;&amp;nbsp;&amp;nbsp;&amp;nbsp;unset(&lt;/span&gt;&lt;span style="color: var(--highlight-default)"&gt;$this&lt;/span&gt;&lt;span style="color: var(--highlight-keyword)"&gt;-&amp;gt;&lt;/span&gt;&lt;span style="color: var(--highlight-default)"&gt;arguments&lt;/span&gt;&lt;span style="color: var(--highlight-keyword)"&gt;[&lt;/span&gt;&lt;span style="color: var(--highlight-string)"&gt;'test'&lt;/span&gt;&lt;span style="color: var(--highlight-keyword)"&gt;],&amp;nbsp;&lt;/span&gt;&lt;span style="color: var(--highlight-default)"&gt;$this&lt;/span&gt;&lt;span style="color: var(--highlight-keyword)"&gt;-&amp;gt;&lt;/span&gt;&lt;span style="color: var(--highlight-default)"&gt;arguments&lt;/span&gt;&lt;span style="color: var(--highlight-keyword)"&gt;[&lt;/span&gt;&lt;span style="color: var(--highlight-string)"&gt;'testFile'&lt;/span&gt;&lt;span style="color: var(--highlight-keyword)"&gt;]);&lt;/span&gt;&lt;/code&gt;&lt;/li&gt;
&lt;li&gt;&lt;code&gt;&lt;span style="color: var(--highlight-keyword)"&gt;&lt;/span&gt;&lt;/code&gt;&lt;/li&gt;
&lt;li&gt;&lt;code&gt;&lt;span style="color: var(--highlight-keyword)"&gt;&amp;nbsp;&amp;nbsp;&amp;nbsp;&amp;nbsp;&amp;nbsp;&amp;nbsp;&amp;nbsp;&amp;nbsp;try&amp;nbsp;{&lt;/span&gt;&lt;/code&gt;&lt;/li&gt;
&lt;li class="selected"&gt;&lt;code&gt;&lt;span style="color: var(--highlight-keyword)"&gt;&amp;nbsp;&amp;nbsp;&amp;nbsp;&amp;nbsp;&amp;nbsp;&amp;nbsp;&amp;nbsp;&amp;nbsp;&amp;nbsp;&amp;nbsp;&amp;nbsp;&amp;nbsp;&lt;/span&gt;&lt;span style="color: var(--highlight-default)"&gt;$result&amp;nbsp;&lt;/span&gt;&lt;span style="color: var(--highlight-keyword)"&gt;=&amp;nbsp;&lt;/span&gt;&lt;span style="color: var(--highlight-default)"&gt;$runner&lt;/span&gt;&lt;span style="color: var(--highlight-keyword)"&gt;-&amp;gt;&lt;/span&gt;&lt;span style="color: var(--highlight-default)"&gt;run&lt;/span&gt;&lt;span style="color: var(--highlight-keyword)"&gt;(&lt;/span&gt;&lt;span style="color: var(--highlight-default)"&gt;$suite&lt;/span&gt;&lt;span style="color: var(--highlight-keyword)"&gt;,&amp;nbsp;&lt;/span&gt;&lt;span style="color: var(--highlight-default)"&gt;$this&lt;/span&gt;&lt;span style="color: var(--highlight-keyword)"&gt;-&amp;gt;&lt;/span&gt;&lt;span style="color: var(--highlight-default)"&gt;arguments&lt;/span&gt;&lt;span style="color: var(--highlight-keyword)"&gt;,&amp;nbsp;&lt;/span&gt;&lt;span style="color: var(--highlight-default)"&gt;$this&lt;/span&gt;&lt;span style="color: var(--highlight-keyword)"&gt;-&amp;gt;&lt;/span&gt;&lt;span style="color: var(--highlight-default)"&gt;warnings&lt;/span&gt;&lt;span style="color: var(--highlight-keyword)"&gt;,&amp;nbsp;&lt;/span&gt;&lt;span style="color: var(--highlight-default)"&gt;$exit&lt;/span&gt;&lt;span style="color: var(--highlight-keyword)"&gt;);&lt;/span&gt;&lt;/code&gt;&lt;/li&gt;
&lt;li&gt;&lt;code&gt;&lt;span style="color: var(--highlight-keyword)"&gt;&amp;nbsp;&amp;nbsp;&amp;nbsp;&amp;nbsp;&amp;nbsp;&amp;nbsp;&amp;nbsp;&amp;nbsp;}&amp;nbsp;catch&amp;nbsp;(&lt;/span&gt;&lt;span style="color: var(--highlight-default)"&gt;Throwable&amp;nbsp;$t&lt;/span&gt;&lt;span style="color: var(--highlight-keyword)"&gt;)&amp;nbsp;{&lt;/span&gt;&lt;/code&gt;&lt;/li&gt;
&lt;li&gt;&lt;code&gt;&lt;span style="color: var(--highlight-keyword)"&gt;&amp;nbsp;&amp;nbsp;&amp;nbsp;&amp;nbsp;&amp;nbsp;&amp;nbsp;&amp;nbsp;&amp;nbsp;&amp;nbsp;&amp;nbsp;&amp;nbsp;&amp;nbsp;print&amp;nbsp;&lt;/span&gt;&lt;span style="color: var(--highlight-default)"&gt;$t&lt;/span&gt;&lt;span style="color: var(--highlight-keyword)"&gt;-&amp;gt;&lt;/span&gt;&lt;span style="color: var(--highlight-default)"&gt;getMessage&lt;/span&gt;&lt;span style="color: var(--highlight-keyword)"&gt;()&amp;nbsp;.&amp;nbsp;&lt;/span&gt;&lt;span style="color: var(--highlight-default)"&gt;PHP_EOL&lt;/span&gt;&lt;span style="color: var(--highlight-keyword)"&gt;;&lt;/span&gt;&lt;/code&gt;&lt;/li&gt;
&lt;li&gt;&lt;code&gt;&lt;span style="color: var(--highlight-keyword)"&gt;&amp;nbsp;&amp;nbsp;&amp;nbsp;&amp;nbsp;&amp;nbsp;&amp;nbsp;&amp;nbsp;&amp;nbsp;}&lt;/span&gt;&lt;/code&gt;&lt;/li&gt;
&lt;li&gt;&lt;code&gt;&lt;span style="color: var(--highlight-keyword)"&gt;&lt;/span&gt;&lt;/code&gt;&lt;/li&gt;
&lt;li&gt;&lt;code&gt;&lt;span style="color: var(--highlight-keyword)"&gt;&amp;nbsp;&amp;nbsp;&amp;nbsp;&amp;nbsp;&amp;nbsp;&amp;nbsp;&amp;nbsp;&amp;nbsp;&lt;/span&gt;&lt;span style="color: var(--highlight-default)"&gt;$return&amp;nbsp;&lt;/span&gt;&lt;span style="color: var(--highlight-keyword)"&gt;=&amp;nbsp;&lt;/span&gt;&lt;span style="color: var(--highlight-default)"&gt;TestRunner&lt;/span&gt;&lt;span style="color: var(--highlight-keyword)"&gt;::&lt;/span&gt;&lt;span style="color: var(--highlight-default)"&gt;FAILURE_EXIT&lt;/span&gt;&lt;span style="color: var(--highlight-keyword)"&gt;;&lt;/span&gt;&lt;/code&gt;&lt;/li&gt;&lt;/ol&gt;    &lt;/div&gt;            &lt;/div&gt;
                        &lt;div class="trace-line "&gt;
                &lt;div class="trace-line-header break-long-words sf-toggle" data-toggle-selector="#trace-html-2-24" data-toggle-initial=""&gt;
            &lt;span class="icon icon-close"&gt;&lt;svg width="1792" height="1792" viewBox="0 0 1792 1792" xmlns="http://www.w3.org/2000/svg"&gt;&lt;path d="M1408 960V832q0-26-19-45t-45-19H448q-26 0-45 19t-19 45v128q0 26 19 45t45 19h896q26 0 45-19t19-45zm256-544v960q0 119-84.5 203.5T1376 1664H416q-119 0-203.5-84.5T128 1376V416q0-119 84.5-203.5T416 128h960q119 0 203.5 84.5T1664 416z"/&gt;&lt;/svg&gt;&lt;/span&gt;
        &lt;span class="icon icon-open"&gt;&lt;svg width="1792" height="1792" viewBox="0 0 1792 1792" xmlns="http://www.w3.org/2000/svg"&gt;&lt;path d="M1408 960V832q0-26-19-45t-45-19h-320V448q0-26-19-45t-45-19H832q-26 0-45 19t-19 45v320H448q-26 0-45 19t-19 45v128q0 26 19 45t45 19h320v320q0 26 19 45t45 19h128q26 0 45-19t19-45v-320h320q26 0 45-19t19-45zm256-544v960q0 119-84.5 203.5T1376 1664H416q-119 0-203.5-84.5T128 1376V416q0-119 84.5-203.5T416 128h960q119 0 203.5 84.5T1664 416z"/&gt;&lt;/svg&gt;&lt;/span&gt;
    
            &lt;span class="trace-class"&gt;&lt;abbr title="PHPUnit\TextUI\Command"&gt;Command&lt;/abbr&gt;&lt;/span&gt;&lt;span class="trace-type"&gt;-&gt;&lt;/span&gt;&lt;span class="trace-method"&gt;run&lt;/span&gt;&lt;span class="trace-arguments"&gt;(&lt;em&gt;array&lt;/em&gt;('bin/phpunit', '--log-junit', 'test-results.xml'), &lt;em&gt;true&lt;/em&gt;)&lt;/span&gt;    
                    &lt;span class="block trace-file-path"&gt;
            in
            &lt;a href="file://C:\Users\sliti\Desktop\dev\esprit-PIDEV-3A16-2526-FARMIA\vendor\phpunit\phpunit\src\TextUI\Command.php#L99"&gt;
                C:\Users\sliti\Desktop\dev\esprit-PIDEV-3A16-2526-FARMIA\vendor\phpunit\phpunit\src\TextUI\&lt;strong&gt;Command.php&lt;/strong&gt;
            &lt;/a&gt;
                        (line 99)
            &lt;span class="icon icon-copy hidden" data-clipboard-text="C:\Users\sliti\Desktop\dev\esprit-PIDEV-3A16-2526-FARMIA\vendor\phpunit\phpunit\src\TextUI\Command.php:99"&gt;
                &lt;svg xmlns="http://www.w3.org/2000/svg" height="24" viewBox="0 0 24 24" width="24"&gt;&lt;path d="M0 0h24v24H0z" fill="none"/&gt;&lt;path d="M16 1H4c-1.1 0-2 .9-2 2v14h2V3h12V1zm3 4H8c-1.1 0-2 .9-2 2v14c0 1.1.9 2 2 2h11c1.1 0 2-.9 2-2V7c0-1.1-.9-2-2-2zm0 16H8V7h11v14z"/&gt;&lt;/svg&gt;            &lt;/span&gt;
        &lt;/span&gt;
    &lt;/div&gt;
    &lt;div id="trace-html-2-24" class="trace-code sf-toggle-content"&gt;
        &lt;ol start="94"&gt;&lt;li&gt;&lt;code&gt;&lt;span style="color: var(--highlight-comment)"&gt;&amp;nbsp;&amp;nbsp;&amp;nbsp;&amp;nbsp;&amp;nbsp;*&amp;nbsp;@throws&amp;nbsp;Exception&lt;/span&gt;&lt;/code&gt;&lt;/li&gt;
&lt;li&gt;&lt;code&gt;&lt;span style="color: var(--highlight-comment)"&gt;&amp;nbsp;&amp;nbsp;&amp;nbsp;&amp;nbsp;&amp;nbsp;*/&lt;/span&gt;&lt;/code&gt;&lt;/li&gt;
&lt;li&gt;&lt;code&gt;&lt;span style="color: var(--highlight-comment)"&gt;&amp;nbsp;&amp;nbsp;&amp;nbsp;&amp;nbsp;&lt;/span&gt;&lt;span style="color: var(--highlight-keyword)"&gt;public&amp;nbsp;static&amp;nbsp;function&amp;nbsp;&lt;/span&gt;&lt;span style="color: var(--highlight-default)"&gt;main&lt;/span&gt;&lt;span style="color: var(--highlight-keyword)"&gt;(&lt;/span&gt;&lt;span style="color: var(--highlight-default)"&gt;bool&amp;nbsp;$exit&amp;nbsp;&lt;/span&gt;&lt;span style="color: var(--highlight-keyword)"&gt;=&amp;nbsp;&lt;/span&gt;&lt;span style="color: var(--highlight-default)"&gt;true&lt;/span&gt;&lt;span style="color: var(--highlight-keyword)"&gt;):&amp;nbsp;&lt;/span&gt;&lt;span style="color: var(--highlight-default)"&gt;int&lt;/span&gt;&lt;/code&gt;&lt;/li&gt;
&lt;li&gt;&lt;code&gt;&lt;span style="color: var(--highlight-default)"&gt;&amp;nbsp;&amp;nbsp;&amp;nbsp;&amp;nbsp;&lt;/span&gt;&lt;span style="color: var(--highlight-keyword)"&gt;{&lt;/span&gt;&lt;/code&gt;&lt;/li&gt;
&lt;li&gt;&lt;code&gt;&lt;span style="color: var(--highlight-keyword)"&gt;&amp;nbsp;&amp;nbsp;&amp;nbsp;&amp;nbsp;&amp;nbsp;&amp;nbsp;&amp;nbsp;&amp;nbsp;try&amp;nbsp;{&lt;/span&gt;&lt;/code&gt;&lt;/li&gt;
&lt;li class="selected"&gt;&lt;code&gt;&lt;span style="color: var(--highlight-keyword)"&gt;&amp;nbsp;&amp;nbsp;&amp;nbsp;&amp;nbsp;&amp;nbsp;&amp;nbsp;&amp;nbsp;&amp;nbsp;&amp;nbsp;&amp;nbsp;&amp;nbsp;&amp;nbsp;return&amp;nbsp;(new&amp;nbsp;static)-&amp;gt;&lt;/span&gt;&lt;span style="color: var(--highlight-default)"&gt;run&lt;/span&gt;&lt;span style="color: var(--highlight-keyword)"&gt;(&lt;/span&gt;&lt;span style="color: var(--highlight-default)"&gt;$_SERVER&lt;/span&gt;&lt;span style="color: var(--highlight-keyword)"&gt;[&lt;/span&gt;&lt;span style="color: var(--highlight-string)"&gt;'argv'&lt;/span&gt;&lt;span style="color: var(--highlight-keyword)"&gt;],&amp;nbsp;&lt;/span&gt;&lt;span style="color: var(--highlight-default)"&gt;$exit&lt;/span&gt;&lt;span style="color: var(--highlight-keyword)"&gt;);&lt;/span&gt;&lt;/code&gt;&lt;/li&gt;
&lt;li&gt;&lt;code&gt;&lt;span style="color: var(--highlight-keyword)"&gt;&amp;nbsp;&amp;nbsp;&amp;nbsp;&amp;nbsp;&amp;nbsp;&amp;nbsp;&amp;nbsp;&amp;nbsp;}&amp;nbsp;catch&amp;nbsp;(&lt;/span&gt;&lt;span style="color: var(--highlight-default)"&gt;Throwable&amp;nbsp;$t&lt;/span&gt;&lt;span style="color: var(--highlight-keyword)"&gt;)&amp;nbsp;{&lt;/span&gt;&lt;/code&gt;&lt;/li&gt;
&lt;li&gt;&lt;code&gt;&lt;span style="color: var(--highlight-keyword)"&gt;&amp;nbsp;&amp;nbsp;&amp;nbsp;&amp;nbsp;&amp;nbsp;&amp;nbsp;&amp;nbsp;&amp;nbsp;&amp;nbsp;&amp;nbsp;&amp;nbsp;&amp;nbsp;throw&amp;nbsp;new&amp;nbsp;&lt;/span&gt;&lt;span style="color: var(--highlight-default)"&gt;RuntimeException&lt;/span&gt;&lt;span style="color: var(--highlight-keyword)"&gt;(&lt;/span&gt;&lt;/code&gt;&lt;/li&gt;
&lt;li&gt;&lt;code&gt;&lt;span style="color: var(--highlight-keyword)"&gt;&amp;nbsp;&amp;nbsp;&amp;nbsp;&amp;nbsp;&amp;nbsp;&amp;nbsp;&amp;nbsp;&amp;nbsp;&amp;nbsp;&amp;nbsp;&amp;nbsp;&amp;nbsp;&amp;nbsp;&amp;nbsp;&amp;nbsp;&amp;nbsp;&lt;/span&gt;&lt;span style="color: var(--highlight-default)"&gt;$t&lt;/span&gt;&lt;span style="color: var(--highlight-keyword)"&gt;-&amp;gt;&lt;/span&gt;&lt;span style="color: var(--highlight-default)"&gt;getMessage&lt;/span&gt;&lt;span style="color: var(--highlight-keyword)"&gt;(),&lt;/span&gt;&lt;/code&gt;&lt;/li&gt;
&lt;li&gt;&lt;code&gt;&lt;span style="color: var(--highlight-keyword)"&gt;&amp;nbsp;&amp;nbsp;&amp;nbsp;&amp;nbsp;&amp;nbsp;&amp;nbsp;&amp;nbsp;&amp;nbsp;&amp;nbsp;&amp;nbsp;&amp;nbsp;&amp;nbsp;&amp;nbsp;&amp;nbsp;&amp;nbsp;&amp;nbsp;(int)&amp;nbsp;&lt;/span&gt;&lt;span style="color: var(--highlight-default)"&gt;$t&lt;/span&gt;&lt;span style="color: var(--highlight-keyword)"&gt;-&amp;gt;&lt;/span&gt;&lt;span style="color: var(--highlight-default)"&gt;getCode&lt;/span&gt;&lt;span style="color: var(--highlight-keyword)"&gt;(),&lt;/span&gt;&lt;/code&gt;&lt;/li&gt;
&lt;li&gt;&lt;code&gt;&lt;span style="color: var(--highlight-keyword)"&gt;&amp;nbsp;&amp;nbsp;&amp;nbsp;&amp;nbsp;&amp;nbsp;&amp;nbsp;&amp;nbsp;&amp;nbsp;&amp;nbsp;&amp;nbsp;&amp;nbsp;&amp;nbsp;&amp;nbsp;&amp;nbsp;&amp;nbsp;&amp;nbsp;&lt;/span&gt;&lt;span style="color: var(--highlight-default)"&gt;$t&lt;/span&gt;&lt;span style="color: var(--highlight-keyword)"&gt;,&lt;/span&gt;&lt;/code&gt;&lt;/li&gt;&lt;/ol&gt;    &lt;/div&gt;            &lt;/div&gt;
                        &lt;div class="trace-line "&gt;
                &lt;div class="trace-line-header break-long-words sf-toggle" data-toggle-selector="#trace-html-2-25" data-toggle-initial=""&gt;
            &lt;span class="icon icon-close"&gt;&lt;svg width="1792" height="1792" viewBox="0 0 1792 1792" xmlns="http://www.w3.org/2000/svg"&gt;&lt;path d="M1408 960V832q0-26-19-45t-45-19H448q-26 0-45 19t-19 45v128q0 26 19 45t45 19h896q26 0 45-19t19-45zm256-544v960q0 119-84.5 203.5T1376 1664H416q-119 0-203.5-84.5T128 1376V416q0-119 84.5-203.5T416 128h960q119 0 203.5 84.5T1664 416z"/&gt;&lt;/svg&gt;&lt;/span&gt;
        &lt;span class="icon icon-open"&gt;&lt;svg width="1792" height="1792" viewBox="0 0 1792 1792" xmlns="http://www.w3.org/2000/svg"&gt;&lt;path d="M1408 960V832q0-26-19-45t-45-19h-320V448q0-26-19-45t-45-19H832q-26 0-45 19t-19 45v320H448q-26 0-45 19t-19 45v128q0 26 19 45t45 19h320v320q0 26 19 45t45 19h128q26 0 45-19t19-45v-320h320q26 0 45-19t19-45zm256-544v960q0 119-84.5 203.5T1376 1664H416q-119 0-203.5-84.5T128 1376V416q0-119 84.5-203.5T416 128h960q119 0 203.5 84.5T1664 416z"/&gt;&lt;/svg&gt;&lt;/span&gt;
    
            &lt;span class="trace-class"&gt;&lt;abbr title="PHPUnit\TextUI\Command"&gt;Command&lt;/abbr&gt;&lt;/span&gt;&lt;span class="trace-type"&gt;::&lt;/span&gt;&lt;span class="trace-method"&gt;main&lt;/span&gt;&lt;span class="trace-arguments"&gt;()&lt;/span&gt;    
                    &lt;span class="block trace-file-path"&gt;
            in
            &lt;a href="file://C:\Users\sliti\Desktop\dev\esprit-PIDEV-3A16-2526-FARMIA\vendor\phpunit\phpunit\phpunit#L107"&gt;
                C:\Users\sliti\Desktop\dev\esprit-PIDEV-3A16-2526-FARMIA\vendor\phpunit\phpunit\&lt;strong&gt;phpunit&lt;/strong&gt;
            &lt;/a&gt;
                        (line 107)
            &lt;span class="icon icon-copy hidden" data-clipboard-text="C:\Users\sliti\Desktop\dev\esprit-PIDEV-3A16-2526-FARMIA\vendor\phpunit\phpunit\phpunit:107"&gt;
                &lt;svg xmlns="http://www.w3.org/2000/svg" height="24" viewBox="0 0 24 24" width="24"&gt;&lt;path d="M0 0h24v24H0z" fill="none"/&gt;&lt;path d="M16 1H4c-1.1 0-2 .9-2 2v14h2V3h12V1zm3 4H8c-1.1 0-2 .9-2 2v14c0 1.1.9 2 2 2h11c1.1 0 2-.9 2-2V7c0-1.1-.9-2-2-2zm0 16H8V7h11v14z"/&gt;&lt;/svg&gt;            &lt;/span&gt;
        &lt;/span&gt;
    &lt;/div&gt;
    &lt;div id="trace-html-2-25" class="trace-code sf-toggle-content"&gt;
        &lt;ol start="102"&gt;&lt;li&gt;&lt;code&gt;&lt;span style="color: var(--highlight-keyword)"&gt;unset(&lt;/span&gt;&lt;span style="color: var(--highlight-default)"&gt;$options&lt;/span&gt;&lt;span style="color: var(--highlight-keyword)"&gt;);&lt;/span&gt;&lt;/code&gt;&lt;/li&gt;
&lt;li&gt;&lt;code&gt;&lt;span style="color: var(--highlight-keyword)"&gt;&lt;/span&gt;&lt;/code&gt;&lt;/li&gt;
&lt;li&gt;&lt;code&gt;&lt;span style="color: var(--highlight-keyword)"&gt;require&amp;nbsp;&lt;/span&gt;&lt;span style="color: var(--highlight-default)"&gt;PHPUNIT_COMPOSER_INSTALL&lt;/span&gt;&lt;span style="color: var(--highlight-keyword)"&gt;;&lt;/span&gt;&lt;/code&gt;&lt;/li&gt;
&lt;li&gt;&lt;code&gt;&lt;span style="color: var(--highlight-keyword)"&gt;&lt;/span&gt;&lt;/code&gt;&lt;/li&gt;
&lt;li&gt;&lt;code&gt;&lt;span style="color: var(--highlight-keyword)"&gt;&lt;/span&gt;&lt;span style="color: var(--highlight-default)"&gt;PHPUnit\TextUI\Command&lt;/span&gt;&lt;span style="color: var(--highlight-keyword)"&gt;::&lt;/span&gt;&lt;span style="color: var(--highlight-default)"&gt;main&lt;/span&gt;&lt;span style="color: var(--highlight-keyword)"&gt;();&lt;/span&gt;&lt;/code&gt;&lt;/li&gt;
&lt;li class="selected"&gt;&lt;code&gt;&lt;span style="color: var(--highlight-keyword)"&gt;&lt;/span&gt;&lt;/code&gt;&lt;/li&gt;&lt;/ol&gt;    &lt;/div&gt;            &lt;/div&gt;
                        &lt;div class="trace-line "&gt;
                &lt;div class="trace-line-header break-long-words sf-toggle" data-toggle-selector="#trace-html-2-26" data-toggle-initial=""&gt;
            &lt;span class="icon icon-close"&gt;&lt;svg width="1792" height="1792" viewBox="0 0 1792 1792" xmlns="http://www.w3.org/2000/svg"&gt;&lt;path d="M1408 960V832q0-26-19-45t-45-19H448q-26 0-45 19t-19 45v128q0 26 19 45t45 19h896q26 0 45-19t19-45zm256-544v960q0 119-84.5 203.5T1376 1664H416q-119 0-203.5-84.5T128 1376V416q0-119 84.5-203.5T416 128h960q119 0 203.5 84.5T1664 416z"/&gt;&lt;/svg&gt;&lt;/span&gt;
        &lt;span class="icon icon-open"&gt;&lt;svg width="1792" height="1792" viewBox="0 0 1792 1792" xmlns="http://www.w3.org/2000/svg"&gt;&lt;path d="M1408 960V832q0-26-19-45t-45-19h-320V448q0-26-19-45t-45-19H832q-26 0-45 19t-19 45v320H448q-26 0-45 19t-19 45v128q0 26 19 45t45 19h320v320q0 26 19 45t45 19h128q26 0 45-19t19-45v-320h320q26 0 45-19t19-45zm256-544v960q0 119-84.5 203.5T1376 1664H416q-119 0-203.5-84.5T128 1376V416q0-119 84.5-203.5T416 128h960q119 0 203.5 84.5T1664 416z"/&gt;&lt;/svg&gt;&lt;/span&gt;
    
            &lt;span class="trace-class"&gt;&lt;abbr title=""&gt;&lt;/abbr&gt;&lt;/span&gt;&lt;span class="trace-method"&gt;require&lt;/span&gt;&lt;span class="trace-arguments"&gt;('C:\\Users\\sliti\\Desktop\\dev\\esprit-PIDEV-3A16-2526-FARMIA\\vendor\\phpunit\\phpunit\\phpunit')&lt;/span&gt;    
                    &lt;span class="block trace-file-path"&gt;
            in
            &lt;a href="file://C:\Users\sliti\Desktop\dev\esprit-PIDEV-3A16-2526-FARMIA\bin\phpunit#L10"&gt;
                C:\Users\sliti\Desktop\dev\esprit-PIDEV-3A16-2526-FARMIA\bin\&lt;strong&gt;phpunit&lt;/strong&gt;
            &lt;/a&gt;
                        (line 10)
            &lt;span class="icon icon-copy hidden" data-clipboard-text="C:\Users\sliti\Desktop\dev\esprit-PIDEV-3A16-2526-FARMIA\bin\phpunit:10"&gt;
                &lt;svg xmlns="http://www.w3.org/2000/svg" height="24" viewBox="0 0 24 24" width="24"&gt;&lt;path d="M0 0h24v24H0z" fill="none"/&gt;&lt;path d="M16 1H4c-1.1 0-2 .9-2 2v14h2V3h12V1zm3 4H8c-1.1 0-2 .9-2 2v14c0 1.1.9 2 2 2h11c1.1 0 2-.9 2-2V7c0-1.1-.9-2-2-2zm0 16H8V7h11v14z"/&gt;&lt;/svg&gt;            &lt;/span&gt;
        &lt;/span&gt;
    &lt;/div&gt;
    &lt;div id="trace-html-2-26" class="trace-code sf-toggle-content"&gt;
        &lt;ol start="5"&gt;&lt;li&gt;&lt;code&gt;&lt;span style="color: var(--highlight-keyword)"&gt;}&#13;&lt;/span&gt;&lt;/code&gt;&lt;/li&gt;
&lt;li&gt;&lt;code&gt;&lt;span style="color: var(--highlight-keyword)"&gt;&#13;&lt;/span&gt;&lt;/code&gt;&lt;/li&gt;
&lt;li&gt;&lt;code&gt;&lt;span style="color: var(--highlight-keyword)"&gt;if&amp;nbsp;(&lt;/span&gt;&lt;span style="color: var(--highlight-default)"&gt;is_file&lt;/span&gt;&lt;span style="color: var(--highlight-keyword)"&gt;(&lt;/span&gt;&lt;span style="color: var(--highlight-default)"&gt;dirname&lt;/span&gt;&lt;span style="color: var(--highlight-keyword)"&gt;(&lt;/span&gt;&lt;span style="color: var(--highlight-default)"&gt;__DIR__&lt;/span&gt;&lt;span style="color: var(--highlight-keyword)"&gt;).&lt;/span&gt;&lt;span style="color: var(--highlight-string)"&gt;'/vendor/phpunit/phpunit/phpunit'&lt;/span&gt;&lt;span style="color: var(--highlight-keyword)"&gt;))&amp;nbsp;{&#13;&lt;/span&gt;&lt;/code&gt;&lt;/li&gt;
&lt;li&gt;&lt;code&gt;&lt;span style="color: var(--highlight-keyword)"&gt;&amp;nbsp;&amp;nbsp;&amp;nbsp;&amp;nbsp;if&amp;nbsp;(&lt;/span&gt;&lt;span style="color: var(--highlight-default)"&gt;PHP_VERSION_ID&amp;nbsp;&lt;/span&gt;&lt;span style="color: var(--highlight-keyword)"&gt;&amp;gt;=&amp;nbsp;&lt;/span&gt;&lt;span style="color: var(--highlight-default)"&gt;80000&lt;/span&gt;&lt;span style="color: var(--highlight-keyword)"&gt;)&amp;nbsp;{&#13;&lt;/span&gt;&lt;/code&gt;&lt;/li&gt;
&lt;li&gt;&lt;code&gt;&lt;span style="color: var(--highlight-keyword)"&gt;&amp;nbsp;&amp;nbsp;&amp;nbsp;&amp;nbsp;&amp;nbsp;&amp;nbsp;&amp;nbsp;&amp;nbsp;require&amp;nbsp;&lt;/span&gt;&lt;span style="color: var(--highlight-default)"&gt;dirname&lt;/span&gt;&lt;span style="color: var(--highlight-keyword)"&gt;(&lt;/span&gt;&lt;span style="color: var(--highlight-default)"&gt;__DIR__&lt;/span&gt;&lt;span style="color: var(--highlight-keyword)"&gt;).&lt;/span&gt;&lt;span style="color: var(--highlight-string)"&gt;'/vendor/phpunit/phpunit/phpunit'&lt;/span&gt;&lt;span style="color: var(--highlight-keyword)"&gt;;&#13;&lt;/span&gt;&lt;/code&gt;&lt;/li&gt;
&lt;li class="selected"&gt;&lt;code&gt;&lt;span style="color: var(--highlight-keyword)"&gt;&amp;nbsp;&amp;nbsp;&amp;nbsp;&amp;nbsp;}&amp;nbsp;else&amp;nbsp;{&#13;&lt;/span&gt;&lt;/code&gt;&lt;/li&gt;
&lt;li&gt;&lt;code&gt;&lt;span style="color: var(--highlight-keyword)"&gt;&amp;nbsp;&amp;nbsp;&amp;nbsp;&amp;nbsp;&amp;nbsp;&amp;nbsp;&amp;nbsp;&amp;nbsp;&lt;/span&gt;&lt;span style="color: var(--highlight-default)"&gt;define&lt;/span&gt;&lt;span style="color: var(--highlight-keyword)"&gt;(&lt;/span&gt;&lt;span style="color: var(--highlight-string)"&gt;'PHPUNIT_COMPOSER_INSTALL'&lt;/span&gt;&lt;span style="color: var(--highlight-keyword)"&gt;,&amp;nbsp;&lt;/span&gt;&lt;span style="color: var(--highlight-default)"&gt;dirname&lt;/span&gt;&lt;span style="color: var(--highlight-keyword)"&gt;(&lt;/span&gt;&lt;span style="color: var(--highlight-default)"&gt;__DIR__&lt;/span&gt;&lt;span style="color: var(--highlight-keyword)"&gt;).&lt;/span&gt;&lt;span style="color: var(--highlight-string)"&gt;'/vendor/autoload.php'&lt;/span&gt;&lt;span style="color: var(--highlight-keyword)"&gt;);&#13;&lt;/span&gt;&lt;/code&gt;&lt;/li&gt;
&lt;li&gt;&lt;code&gt;&lt;span style="color: var(--highlight-keyword)"&gt;&amp;nbsp;&amp;nbsp;&amp;nbsp;&amp;nbsp;&amp;nbsp;&amp;nbsp;&amp;nbsp;&amp;nbsp;require&amp;nbsp;&lt;/span&gt;&lt;span style="color: var(--highlight-default)"&gt;PHPUNIT_COMPOSER_INSTALL&lt;/span&gt;&lt;span style="color: var(--highlight-keyword)"&gt;;&#13;&lt;/span&gt;&lt;/code&gt;&lt;/li&gt;
&lt;li&gt;&lt;code&gt;&lt;span style="color: var(--highlight-keyword)"&gt;&amp;nbsp;&amp;nbsp;&amp;nbsp;&amp;nbsp;&amp;nbsp;&amp;nbsp;&amp;nbsp;&amp;nbsp;&lt;/span&gt;&lt;span style="color: var(--highlight-default)"&gt;PHPUnit\TextUI\Command&lt;/span&gt;&lt;span style="color: var(--highlight-keyword)"&gt;::&lt;/span&gt;&lt;span style="color: var(--highlight-default)"&gt;main&lt;/span&gt;&lt;span style="color: var(--highlight-keyword)"&gt;();&#13;&lt;/span&gt;&lt;/code&gt;&lt;/li&gt;
&lt;li&gt;&lt;code&gt;&lt;span style="color: var(--highlight-keyword)"&gt;&amp;nbsp;&amp;nbsp;&amp;nbsp;&amp;nbsp;}&#13;&lt;/span&gt;&lt;/code&gt;&lt;/li&gt;
&lt;li&gt;&lt;code&gt;&lt;span style="color: var(--highlight-keyword)"&gt;}&amp;nbsp;else&amp;nbsp;{&#13;&lt;/span&gt;&lt;/code&gt;&lt;/li&gt;&lt;/ol&gt;    &lt;/div&gt;            &lt;/div&gt;
                    &lt;/div&gt;
    &lt;/div&gt;
&lt;/div&gt;            &lt;/div&gt;
        &lt;/div&gt;

        
        &lt;div class="tab"&gt;
            &lt;h3 class="tab-title"&gt;
                                    Stack Traces &lt;span class="badge"&gt;2&lt;/span&gt;
                            &lt;/h3&gt;

            &lt;div class="tab-content"&gt;
                &lt;table class="trace trace-as-text"&gt;
    &lt;thead class="trace-head"&gt;
        &lt;tr&gt;
            &lt;th class="sf-toggle" data-toggle-selector="#trace-text-1" data-toggle-initial="display"&gt;
                &lt;div class="trace-class"&gt;
                                            &lt;span class="text-muted"&gt;[2/2]&lt;/span&gt;
                                        NotFoundHttpException                    &lt;span class="icon icon-close"&gt;&lt;svg width="1792" height="1792" viewBox="0 0 1792 1792" xmlns="http://www.w3.org/2000/svg"&gt;&lt;path d="M1344 800v64q0 14-9 23t-23 9H480q-14 0-23-9t-9-23v-64q0-14 9-23t23-9h832q14 0 23 9t9 23zm128 448V416q0-66-47-113t-113-47H480q-66 0-113 47t-47 113v832q0 66 47 113t113 47h832q66 0 113-47t47-113zm128-832v832q0 119-84.5 203.5T1312 1536H480q-119 0-203.5-84.5T192 1248V416q0-119 84.5-203.5T480 128h832q119 0 203.5 84.5T1600 416z"/&gt;&lt;/svg&gt;&lt;/span&gt;
                    &lt;span class="icon icon-open"&gt;&lt;svg width="1792" height="1792" viewBox="0 0 1792 1792" xmlns="http://www.w3.org/2000/svg"&gt;&lt;path d="M1344 800v64q0 14-9 23t-23 9H960v352q0 14-9 23t-23 9h-64q-14 0-23-9t-9-23V896H480q-14 0-23-9t-9-23v-64q0-14 9-23t23-9h352V416q0-14 9-23t23-9h64q14 0 23 9t9 23v352h352q14 0 23 9t9 23zm128 448V416q0-66-47-113t-113-47H480q-66 0-113 47t-47 113v832q0 66 47 113t113 47h832q66 0 113-47t47-113zm128-832v832q0 119-84.5 203.5T1312 1536H480q-119 0-203.5-84.5T192 1248V416q0-119 84.5-203.5T480 128h832q119 0 203.5 84.5T1600 416z"/&gt;&lt;/svg&gt;&lt;/span&gt;
                &lt;/div&gt;
            &lt;/th&gt;
        &lt;/tr&gt;
    &lt;/thead&gt;

    &lt;tbody id="trace-text-1"&gt;
        &lt;tr&gt;
            &lt;td&gt;
                                &lt;pre class="stacktrace"&gt;
Symfony\Component\HttpKernel\Exception\NotFoundHttpException:
No route found for &amp;quot;GET http://localhost/expert/conseil&amp;quot;

  at C:\Users\sliti\Desktop\dev\esprit-PIDEV-3A16-2526-FARMIA\vendor\symfony\http-kernel\EventListener\RouterListener.php:127
  at Symfony\Component\HttpKernel\EventListener\RouterListener-&amp;gt;onKernelRequest(object(RequestEvent), 'kernel.request', object(TraceableEventDispatcher))
     (C:\Users\sliti\Desktop\dev\esprit-PIDEV-3A16-2526-FARMIA\vendor\symfony\event-dispatcher\Debug\WrappedListener.php:116)
  at Symfony\Component\EventDispatcher\Debug\WrappedListener-&amp;gt;__invoke(object(RequestEvent), 'kernel.request', object(TraceableEventDispatcher))
     (C:\Users\sliti\Desktop\dev\esprit-PIDEV-3A16-2526-FARMIA\vendor\symfony\event-dispatcher\EventDispatcher.php:220)
  at Symfony\Component\EventDispatcher\EventDispatcher-&amp;gt;callListeners(array(object(WrappedListener), object(WrappedListener), object(WrappedListener), object(WrappedListener), object(WrappedListener), object(WrappedListener), object(WrappedListener), object(WrappedListener), object(WrappedListener), object(WrappedListener), object(WrappedListener)), 'kernel.request', object(RequestEvent))
     (C:\Users\sliti\Desktop\dev\esprit-PIDEV-3A16-2526-FARMIA\vendor\symfony\event-dispatcher\EventDispatcher.php:56)
  at Symfony\Component\EventDispatcher\EventDispatcher-&amp;gt;dispatch(object(RequestEvent), 'kernel.request')
     (C:\Users\sliti\Desktop\dev\esprit-PIDEV-3A16-2526-FARMIA\vendor\symfony\event-dispatcher\Debug\TraceableEventDispatcher.php:139)
  at Symfony\Component\EventDispatcher\Debug\TraceableEventDispatcher-&amp;gt;dispatch(object(RequestEvent), 'kernel.request')
     (C:\Users\sliti\Desktop\dev\esprit-PIDEV-3A16-2526-FARMIA\vendor\symfony\http-kernel\HttpKernel.php:157)
  at Symfony\Component\HttpKernel\HttpKernel-&amp;gt;handleRaw(object(Request), 1)
     (C:\Users\sliti\Desktop\dev\esprit-PIDEV-3A16-2526-FARMIA\vendor\symfony\http-kernel\HttpKernel.php:76)
  at Symfony\Component\HttpKernel\HttpKernel-&amp;gt;handle(object(Request), 1, true)
     (C:\Users\sliti\Desktop\dev\esprit-PIDEV-3A16-2526-FARMIA\vendor\symfony\http-kernel\Kernel.php:208)
  at Symfony\Component\HttpKernel\Kernel-&amp;gt;handle(object(Request), 1, true)
     (C:\Users\sliti\Desktop\dev\esprit-PIDEV-3A16-2526-FARMIA\vendor\symfony\http-kernel\HttpKernelBrowser.php:65)
  at Symfony\Component\HttpKernel\HttpKernelBrowser-&amp;gt;doRequest(object(Request))
     (C:\Users\sliti\Desktop\dev\esprit-PIDEV-3A16-2526-FARMIA\vendor\symfony\framework-bundle\KernelBrowser.php:175)
  at Symfony\Bundle\FrameworkBundle\KernelBrowser-&amp;gt;doRequest(object(Request))
     (C:\Users\sliti\Desktop\dev\esprit-PIDEV-3A16-2526-FARMIA\vendor\symfony\browser-kit\AbstractBrowser.php:385)
  at Symfony\Component\BrowserKit\AbstractBrowser-&amp;gt;request('GET', 'http://localhost/expert/conseil')
     (C:\Users\sliti\Desktop\dev\esprit-PIDEV-3A16-2526-FARMIA\tests\Functional\Controller\ExpertConseilControllerTest.php:30)
  at App\Tests\Functional\Controller\ExpertConseilControllerTest-&amp;gt;testExpertConseilListLoads()
     (C:\Users\sliti\Desktop\dev\esprit-PIDEV-3A16-2526-FARMIA\vendor\phpunit\phpunit\src\Framework\TestCase.php:1617)
  at PHPUnit\Framework\TestCase-&amp;gt;runTest()
     (C:\Users\sliti\Desktop\dev\esprit-PIDEV-3A16-2526-FARMIA\vendor\phpunit\phpunit\src\Framework\TestCase.php:1223)
  at PHPUnit\Framework\TestCase-&amp;gt;runBare()
     (C:\Users\sliti\Desktop\dev\esprit-PIDEV-3A16-2526-FARMIA\vendor\phpunit\phpunit\src\Framework\TestResult.php:729)
  at PHPUnit\Framework\TestResult-&amp;gt;run(object(ExpertConseilControllerTest))
     (C:\Users\sliti\Desktop\dev\esprit-PIDEV-3A16-2526-FARMIA\vendor\phpunit\phpunit\src\Framework\TestCase.php:973)
  at PHPUnit\Framework\TestCase-&amp;gt;run(object(TestResult))
     (C:\Users\sliti\Desktop\dev\esprit-PIDEV-3A16-2526-FARMIA\vendor\phpunit\phpunit\src\Framework\TestSuite.php:685)
  at PHPUnit\Framework\TestSuite-&amp;gt;run(object(TestResult))
     (C:\Users\sliti\Desktop\dev\esprit-PIDEV-3A16-2526-FARMIA\vendor\phpunit\phpunit\src\Framework\TestSuite.php:685)
  at PHPUnit\Framework\TestSuite-&amp;gt;run(object(TestResult))
     (C:\Users\sliti\Desktop\dev\esprit-PIDEV-3A16-2526-FARMIA\vendor\phpunit\phpunit\src\Framework\TestSuite.php:685)
  at PHPUnit\Framework\TestSuite-&amp;gt;run(object(TestResult))
     (C:\Users\sliti\Desktop\dev\esprit-PIDEV-3A16-2526-FARMIA\vendor\phpunit\phpunit\src\TextUI\TestRunner.php:651)
  at PHPUnit\TextUI\TestRunner-&amp;gt;run(object(TestSuite), array('extensions' =&gt; array(), 'listGroups' =&gt; false, 'listSuites' =&gt; false, 'listTests' =&gt; false, 'listTestsXml' =&gt; false, 'loader' =&gt; null, 'useDefaultConfiguration' =&gt; true, 'loadedExtensions' =&gt; array(), 'unavailableExtensions' =&gt; array(), 'notLoadedExtensions' =&gt; array(), 'junitLogfile' =&gt; 'test-results.xml', 'testSuffixes' =&gt; array('Test.php', '.phpt'), 'configuration' =&gt; 'C:\\Users\\sliti\\Desktop\\dev\\esprit-PIDEV-3A16-2526-FARMIA\\phpunit.xml.dist', 'configurationObject' =&gt; object(Configuration), 'stderr' =&gt; false, 'columns' =&gt; 80, 'warnings' =&gt; array(), 'debug' =&gt; false, 'filter' =&gt; false, 'listeners' =&gt; array(), 'backupGlobals' =&gt; false, 'backupStaticAttributes' =&gt; false, 'beStrictAboutChangesToGlobalState' =&gt; false, 'cacheResult' =&gt; true, 'colors' =&gt; 'auto', 'convertDeprecationsToExceptions' =&gt; false, 'convertErrorsToExceptions' =&gt; true, 'convertNoticesToExceptions' =&gt; true, 'convertWarningsToExceptions' =&gt; true, 'processIsolation' =&gt; false, 'stopOnDefect' =&gt; false, 'stopOnError' =&gt; false, 'stopOnFailure' =&gt; false, 'stopOnWarning' =&gt; false, 'stopOnIncomplete' =&gt; false, 'stopOnRisky' =&gt; false, 'stopOnSkipped' =&gt; false, 'failOnEmptyTestSuite' =&gt; false, 'failOnIncomplete' =&gt; false, 'failOnRisky' =&gt; false, 'failOnSkipped' =&gt; false, 'failOnWarning' =&gt; false, 'enforceTimeLimit' =&gt; false, 'defaultTimeLimit' =&gt; 1, 'timeoutForSmallTests' =&gt; 1, 'timeoutForMediumTests' =&gt; 10, 'timeoutForLargeTests' =&gt; 60, 'reportUselessTests' =&gt; true, 'strictCoverage' =&gt; false, 'ignoreDeprecatedCodeUnitsFromCodeCoverage' =&gt; false, 'disallowTestOutput' =&gt; false, 'disallowTodoAnnotatedTests' =&gt; false, 'beStrictAboutResourceUsageDuringSmallTests' =&gt; false, 'verbose' =&gt; false, 'reverseDefectList' =&gt; false, 'forceCoversAnnotation' =&gt; false, 'disableCodeCoverageIgnore' =&gt; false, 'registerMockObjectsFromTestArgumentsRecursively' =&gt; false, 'noInteraction' =&gt; false, 'executionOrder' =&gt; 0, 'resolveDependencies' =&gt; true, 'bootstrap' =&gt; 'C:\\Users\\sliti\\Desktop\\dev\\esprit-PIDEV-3A16-2526-FARMIA\\tests/bootstrap.php', 'executionOrderDefects' =&gt; 0, 'crap4jThreshold' =&gt; 30, 'excludeGroups' =&gt; array(), 'groups' =&gt; array(), 'randomOrderSeed' =&gt; 1777118040, 'repeat' =&gt; false, 'reportHighLowerBound' =&gt; 90, 'reportLowUpperBound' =&gt; 50, 'reverseList' =&gt; false, 'testdoxExcludeGroups' =&gt; array(), 'testdoxGroups' =&gt; array(), 'cacheResultFile' =&gt; 'C:\\Users\\sliti\\Desktop\\dev\\esprit-PIDEV-3A16-2526-FARMIA'), array(), true)
     (C:\Users\sliti\Desktop\dev\esprit-PIDEV-3A16-2526-FARMIA\vendor\phpunit\phpunit\src\TextUI\Command.php:146)
  at PHPUnit\TextUI\Command-&amp;gt;run(array('bin/phpunit', '--log-junit', 'test-results.xml'), true)
     (C:\Users\sliti\Desktop\dev\esprit-PIDEV-3A16-2526-FARMIA\vendor\phpunit\phpunit\src\TextUI\Command.php:99)
  at PHPUnit\TextUI\Command::main()
     (C:\Users\sliti\Desktop\dev\esprit-PIDEV-3A16-2526-FARMIA\vendor\phpunit\phpunit\phpunit:107)
  at require('C:\\Users\\sliti\\Desktop\\dev\\esprit-PIDEV-3A16-2526-FARMIA\\vendor\\phpunit\\phpunit\\phpunit')
     (C:\Users\sliti\Desktop\dev\esprit-PIDEV-3A16-2526-FARMIA\bin\phpunit:10)                &lt;/pre&gt;
                            &lt;/td&gt;
        &lt;/tr&gt;
    &lt;/tbody&gt;
&lt;/table&gt;&lt;table class="trace trace-as-text"&gt;
    &lt;thead class="trace-head"&gt;
        &lt;tr&gt;
            &lt;th class="sf-toggle" data-toggle-selector="#trace-text-2" data-toggle-initial=""&gt;
                &lt;div class="trace-class"&gt;
                                            &lt;span class="text-muted"&gt;[1/2]&lt;/span&gt;
                                        ResourceNotFoundException                    &lt;span class="icon icon-close"&gt;&lt;svg width="1792" height="1792" viewBox="0 0 1792 1792" xmlns="http://www.w3.org/2000/svg"&gt;&lt;path d="M1344 800v64q0 14-9 23t-23 9H480q-14 0-23-9t-9-23v-64q0-14 9-23t23-9h832q14 0 23 9t9 23zm128 448V416q0-66-47-113t-113-47H480q-66 0-113 47t-47 113v832q0 66 47 113t113 47h832q66 0 113-47t47-113zm128-832v832q0 119-84.5 203.5T1312 1536H480q-119 0-203.5-84.5T192 1248V416q0-119 84.5-203.5T480 128h832q119 0 203.5 84.5T1600 416z"/&gt;&lt;/svg&gt;&lt;/span&gt;
                    &lt;span class="icon icon-open"&gt;&lt;svg width="1792" height="1792" viewBox="0 0 1792 1792" xmlns="http://www.w3.org/2000/svg"&gt;&lt;path d="M1344 800v64q0 14-9 23t-23 9H960v352q0 14-9 23t-23 9h-64q-14 0-23-9t-9-23V896H480q-14 0-23-9t-9-23v-64q0-14 9-23t23-9h352V416q0-14 9-23t23-9h64q14 0 23 9t9 23v352h352q14 0 23 9t9 23zm128 448V416q0-66-47-113t-113-47H480q-66 0-113 47t-47 113v832q0 66 47 113t113 47h832q66 0 113-47t47-113zm128-832v832q0 119-84.5 203.5T1312 1536H480q-119 0-203.5-84.5T192 1248V416q0-119 84.5-203.5T480 128h832q119 0 203.5 84.5T1600 416z"/&gt;&lt;/svg&gt;&lt;/span&gt;
                &lt;/div&gt;
            &lt;/th&gt;
        &lt;/tr&gt;
    &lt;/thead&gt;

    &lt;tbody id="trace-text-2"&gt;
        &lt;tr&gt;
            &lt;td&gt;
                                &lt;pre class="stacktrace"&gt;
Symfony\Component\Routing\Exception\ResourceNotFoundException:
No routes found for &amp;quot;/expert/conseil/&amp;quot;.

  at C:\Users\sliti\Desktop\dev\esprit-PIDEV-3A16-2526-FARMIA\vendor\symfony\routing\Matcher\Dumper\CompiledUrlMatcherTrait.php:70
  at Symfony\Component\Routing\Matcher\CompiledUrlMatcher-&amp;gt;match('/expert/conseil/')
     (C:\Users\sliti\Desktop\dev\esprit-PIDEV-3A16-2526-FARMIA\vendor\symfony\routing\Matcher\UrlMatcher.php:98)
  at Symfony\Component\Routing\Matcher\UrlMatcher-&amp;gt;matchRequest(object(Request))
     (C:\Users\sliti\Desktop\dev\esprit-PIDEV-3A16-2526-FARMIA\vendor\symfony\routing\Router.php:237)
  at Symfony\Component\Routing\Router-&amp;gt;matchRequest(object(Request))
     (C:\Users\sliti\Desktop\dev\esprit-PIDEV-3A16-2526-FARMIA\vendor\symfony\http-kernel\EventListener\RouterListener.php:105)
  at Symfony\Component\HttpKernel\EventListener\RouterListener-&amp;gt;onKernelRequest(object(RequestEvent), 'kernel.request', object(TraceableEventDispatcher))
     (C:\Users\sliti\Desktop\dev\esprit-PIDEV-3A16-2526-FARMIA\vendor\symfony\event-dispatcher\Debug\WrappedListener.php:116)
  at Symfony\Component\EventDispatcher\Debug\WrappedListener-&amp;gt;__invoke(object(RequestEvent), 'kernel.request', object(TraceableEventDispatcher))
     (C:\Users\sliti\Desktop\dev\esprit-PIDEV-3A16-2526-FARMIA\vendor\symfony\event-dispatcher\EventDispatcher.php:220)
  at Symfony\Component\EventDispatcher\EventDispatcher-&amp;gt;callListeners(array(object(WrappedListener), object(WrappedListener), object(WrappedListener), object(WrappedListener), object(WrappedListener), object(WrappedListener), object(WrappedListener), object(WrappedListener), object(WrappedListener), object(WrappedListener), object(WrappedListener)), 'kernel.request', object(RequestEvent))
     (C:\Users\sliti\Desktop\dev\esprit-PIDEV-3A16-2526-FARMIA\vendor\symfony\event-dispatcher\EventDispatcher.php:56)
  at Symfony\Component\EventDispatcher\EventDispatcher-&amp;gt;dispatch(object(RequestEvent), 'kernel.request')
     (C:\Users\sliti\Desktop\dev\esprit-PIDEV-3A16-2526-FARMIA\vendor\symfony\event-dispatcher\Debug\TraceableEventDispatcher.php:139)
  at Symfony\Component\EventDispatcher\Debug\TraceableEventDispatcher-&amp;gt;dispatch(object(RequestEvent), 'kernel.request')
     (C:\Users\sliti\Desktop\dev\esprit-PIDEV-3A16-2526-FARMIA\vendor\symfony\http-kernel\HttpKernel.php:157)
  at Symfony\Component\HttpKernel\HttpKernel-&amp;gt;handleRaw(object(Request), 1)
     (C:\Users\sliti\Desktop\dev\esprit-PIDEV-3A16-2526-FARMIA\vendor\symfony\http-kernel\HttpKernel.php:76)
  at Symfony\Component\HttpKernel\HttpKernel-&amp;gt;handle(object(Request), 1, true)
     (C:\Users\sliti\Desktop\dev\esprit-PIDEV-3A16-2526-FARMIA\vendor\symfony\http-kernel\Kernel.php:208)
  at Symfony\Component\HttpKernel\Kernel-&amp;gt;handle(object(Request), 1, true)
     (C:\Users\sliti\Desktop\dev\esprit-PIDEV-3A16-2526-FARMIA\vendor\symfony\http-kernel\HttpKernelBrowser.php:65)
  at Symfony\Component\HttpKernel\HttpKernelBrowser-&amp;gt;doRequest(object(Request))
     (C:\Users\sliti\Desktop\dev\esprit-PIDEV-3A16-2526-FARMIA\vendor\symfony\framework-bundle\KernelBrowser.php:175)
  at Symfony\Bundle\FrameworkBundle\KernelBrowser-&amp;gt;doRequest(object(Request))
     (C:\Users\sliti\Desktop\dev\esprit-PIDEV-3A16-2526-FARMIA\vendor\symfony\browser-kit\AbstractBrowser.php:385)
  at Symfony\Component\BrowserKit\AbstractBrowser-&amp;gt;request('GET', 'http://localhost/expert/conseil')
     (C:\Users\sliti\Desktop\dev\esprit-PIDEV-3A16-2526-FARMIA\tests\Functional\Controller\ExpertConseilControllerTest.php:30)
  at App\Tests\Functional\Controller\ExpertConseilControllerTest-&amp;gt;testExpertConseilListLoads()
     (C:\Users\sliti\Desktop\dev\esprit-PIDEV-3A16-2526-FARMIA\vendor\phpunit\phpunit\src\Framework\TestCase.php:1617)
  at PHPUnit\Framework\TestCase-&amp;gt;runTest()
     (C:\Users\sliti\Desktop\dev\esprit-PIDEV-3A16-2526-FARMIA\vendor\phpunit\phpunit\src\Framework\TestCase.php:1223)
  at PHPUnit\Framework\TestCase-&amp;gt;runBare()
     (C:\Users\sliti\Desktop\dev\esprit-PIDEV-3A16-2526-FARMIA\vendor\phpunit\phpunit\src\Framework\TestResult.php:729)
  at PHPUnit\Framework\TestResult-&amp;gt;run(object(ExpertConseilControllerTest))
     (C:\Users\sliti\Desktop\dev\esprit-PIDEV-3A16-2526-FARMIA\vendor\phpunit\phpunit\src\Framework\TestCase.php:973)
  at PHPUnit\Framework\TestCase-&amp;gt;run(object(TestResult))
     (C:\Users\sliti\Desktop\dev\esprit-PIDEV-3A16-2526-FARMIA\vendor\phpunit\phpunit\src\Framework\TestSuite.php:685)
  at PHPUnit\Framework\TestSuite-&amp;gt;run(object(TestResult))
     (C:\Users\sliti\Desktop\dev\esprit-PIDEV-3A16-2526-FARMIA\vendor\phpunit\phpunit\src\Framework\TestSuite.php:685)
  at PHPUnit\Framework\TestSuite-&amp;gt;run(object(TestResult))
     (C:\Users\sliti\Desktop\dev\esprit-PIDEV-3A16-2526-FARMIA\vendor\phpunit\phpunit\src\Framework\TestSuite.php:685)
  at PHPUnit\Framework\TestSuite-&amp;gt;run(object(TestResult))
     (C:\Users\sliti\Desktop\dev\esprit-PIDEV-3A16-2526-FARMIA\vendor\phpunit\phpunit\src\TextUI\TestRunner.php:651)
  at PHPUnit\TextUI\TestRunner-&amp;gt;run(object(TestSuite), array('extensions' =&gt; array(), 'listGroups' =&gt; false, 'listSuites' =&gt; false, 'listTests' =&gt; false, 'listTestsXml' =&gt; false, 'loader' =&gt; null, 'useDefaultConfiguration' =&gt; true, 'loadedExtensions' =&gt; array(), 'unavailableExtensions' =&gt; array(), 'notLoadedExtensions' =&gt; array(), 'junitLogfile' =&gt; 'test-results.xml', 'testSuffixes' =&gt; array('Test.php', '.phpt'), 'configuration' =&gt; 'C:\\Users\\sliti\\Desktop\\dev\\esprit-PIDEV-3A16-2526-FARMIA\\phpunit.xml.dist', 'configurationObject' =&gt; object(Configuration), 'stderr' =&gt; false, 'columns' =&gt; 80, 'warnings' =&gt; array(), 'debug' =&gt; false, 'filter' =&gt; false, 'listeners' =&gt; array(), 'backupGlobals' =&gt; false, 'backupStaticAttributes' =&gt; false, 'beStrictAboutChangesToGlobalState' =&gt; false, 'cacheResult' =&gt; true, 'colors' =&gt; 'auto', 'convertDeprecationsToExceptions' =&gt; false, 'convertErrorsToExceptions' =&gt; true, 'convertNoticesToExceptions' =&gt; true, 'convertWarningsToExceptions' =&gt; true, 'processIsolation' =&gt; false, 'stopOnDefect' =&gt; false, 'stopOnError' =&gt; false, 'stopOnFailure' =&gt; false, 'stopOnWarning' =&gt; false, 'stopOnIncomplete' =&gt; false, 'stopOnRisky' =&gt; false, 'stopOnSkipped' =&gt; false, 'failOnEmptyTestSuite' =&gt; false, 'failOnIncomplete' =&gt; false, 'failOnRisky' =&gt; false, 'failOnSkipped' =&gt; false, 'failOnWarning' =&gt; false, 'enforceTimeLimit' =&gt; false, 'defaultTimeLimit' =&gt; 1, 'timeoutForSmallTests' =&gt; 1, 'timeoutForMediumTests' =&gt; 10, 'timeoutForLargeTests' =&gt; 60, 'reportUselessTests' =&gt; true, 'strictCoverage' =&gt; false, 'ignoreDeprecatedCodeUnitsFromCodeCoverage' =&gt; false, 'disallowTestOutput' =&gt; false, 'disallowTodoAnnotatedTests' =&gt; false, 'beStrictAboutResourceUsageDuringSmallTests' =&gt; false, 'verbose' =&gt; false, 'reverseDefectList' =&gt; false, 'forceCoversAnnotation' =&gt; false, 'disableCodeCoverageIgnore' =&gt; false, 'registerMockObjectsFromTestArgumentsRecursively' =&gt; false, 'noInteraction' =&gt; false, 'executionOrder' =&gt; 0, 'resolveDependencies' =&gt; true, 'bootstrap' =&gt; 'C:\\Users\\sliti\\Desktop\\dev\\esprit-PIDEV-3A16-2526-FARMIA\\tests/bootstrap.php', 'executionOrderDefects' =&gt; 0, 'crap4jThreshold' =&gt; 30, 'excludeGroups' =&gt; array(), 'groups' =&gt; array(), 'randomOrderSeed' =&gt; 1777118040, 'repeat' =&gt; false, 'reportHighLowerBound' =&gt; 90, 'reportLowUpperBound' =&gt; 50, 'reverseList' =&gt; false, 'testdoxExcludeGroups' =&gt; array(), 'testdoxGroups' =&gt; array(), 'cacheResultFile' =&gt; 'C:\\Users\\sliti\\Desktop\\dev\\esprit-PIDEV-3A16-2526-FARMIA'), array(), true)
     (C:\Users\sliti\Desktop\dev\esprit-PIDEV-3A16-2526-FARMIA\vendor\phpunit\phpunit\src\TextUI\Command.php:146)
  at PHPUnit\TextUI\Command-&amp;gt;run(array('bin/phpunit', '--log-junit', 'test-results.xml'), true)
     (C:\Users\sliti\Desktop\dev\esprit-PIDEV-3A16-2526-FARMIA\vendor\phpunit\phpunit\src\TextUI\Command.php:99)
  at PHPUnit\TextUI\Command::main()
     (C:\Users\sliti\Desktop\dev\esprit-PIDEV-3A16-2526-FARMIA\vendor\phpunit\phpunit\phpunit:107)
  at require('C:\\Users\\sliti\\Desktop\\dev\\esprit-PIDEV-3A16-2526-FARMIA\\vendor\\phpunit\\phpunit\\phpunit')
     (C:\Users\sliti\Desktop\dev\esprit-PIDEV-3A16-2526-FARMIA\bin\phpunit:10)                &lt;/pre&gt;
                            &lt;/td&gt;
        &lt;/tr&gt;
    &lt;/tbody&gt;
&lt;/table&gt;            &lt;/div&gt;
        &lt;/div&gt;

            &lt;/div&gt;
&lt;/div&gt;
        &lt;script&gt;
            /* This file is based on WebProfilerBundle/Resources/views/Profiler/base_js.html.twig.
   If you make any change in this file, verify the same change is needed in the other file. */
/*&lt;![CDATA[*/
(function() {
    "use strict";

    if ('classList' in document.documentElement) {
        var hasClass = function (el, cssClass) { return el.classList.contains(cssClass); };
        var removeClass = function(el, cssClass) { el.classList.remove(cssClass); };
        var addClass = function(el, cssClass) { el.classList.add(cssClass); };
        var toggleClass = function(el, cssClass) { el.classList.toggle(cssClass); };
    } else {
        var hasClass = function (el, cssClass) { return el.className.match(new RegExp('\\b' + cssClass + '\\b')); };
        var removeClass = function(el, cssClass) { el.className = el.className.replace(new RegExp('\\b' + cssClass + '\\b'), ' '); };
        var addClass = function(el, cssClass) { if (!hasClass(el, cssClass)) { el.className += " " + cssClass; } };
        var toggleClass = function(el, cssClass) { hasClass(el, cssClass) ? removeClass(el, cssClass) : addClass(el, cssClass); };
    }

    var addEventListener;

    var el = document.createElement('div');
    if (!('addEventListener' in el)) {
        addEventListener = function (element, eventName, callback) {
            element.attachEvent('on' + eventName, callback);
        };
    } else {
        addEventListener = function (element, eventName, callback) {
            element.addEventListener(eventName, callback, false);
        };
    }

    if (navigator.clipboard) {
        document.querySelectorAll('[data-clipboard-text]').forEach(function(element) {
            removeClass(element, 'hidden');
            element.addEventListener('click', function() {
                navigator.clipboard.writeText(element.getAttribute('data-clipboard-text'));
            })
        });
    }

    (function createTabs() {
        /* the accessibility options of this component have been defined according to: */
        /* www.w3.org/WAI/ARIA/apg/example-index/tabs/tabs-manual.html */
        var tabGroups = document.querySelectorAll('.sf-tabs:not([data-processed=true])');

        /* create the tab navigation for each group of tabs */
        for (var i = 0; i &lt; tabGroups.length; i++) {
            var tabs = tabGroups[i].querySelectorAll(':scope &gt; .tab');
            var tabNavigation = document.createElement('div');
            tabNavigation.className = 'tab-navigation';
            tabNavigation.setAttribute('role', 'tablist');

            var selectedTabId = 'tab-' + i + '-0'; /* select the first tab by default */
            for (var j = 0; j &lt; tabs.length; j++) {
                var tabId = 'tab-' + i + '-' + j;
                var tabTitle = tabs[j].querySelector('.tab-title').innerHTML;

                var tabNavigationItem = document.createElement('button');
                addClass(tabNavigationItem, 'tab-control');
                tabNavigationItem.setAttribute('data-tab-id', tabId);
                tabNavigationItem.setAttribute('role', 'tab');
                tabNavigationItem.setAttribute('aria-controls', tabId);
                if (hasClass(tabs[j], 'active')) { selectedTabId = tabId; }
                if (hasClass(tabs[j], 'disabled')) {
                    addClass(tabNavigationItem, 'disabled');
                }
                tabNavigationItem.innerHTML = tabTitle;
                tabNavigation.appendChild(tabNavigationItem);

                var tabContent = tabs[j].querySelector('.tab-content');
                tabContent.parentElement.setAttribute('id', tabId);
            }

            tabGroups[i].insertBefore(tabNavigation, tabGroups[i].firstChild);
            addClass(document.querySelector('[data-tab-id="' + selectedTabId + '"]'), 'active');
        }

        /* display the active tab and add the 'click' event listeners */
        for (i = 0; i &lt; tabGroups.length; i++) {
            tabNavigation = tabGroups[i].querySelectorAll(':scope &gt; .tab-navigation .tab-control');

            for (j = 0; j &lt; tabNavigation.length; j++) {
                tabId = tabNavigation[j].getAttribute('data-tab-id');
                var tabPanel = document.getElementById(tabId);
                tabPanel.setAttribute('role', 'tabpanel');
                tabPanel.setAttribute('aria-labelledby', tabId);
                tabPanel.querySelector('.tab-title').className = 'hidden';

                if (hasClass(tabNavigation[j], 'active')) {
                    tabPanel.className = 'block';
                    tabNavigation[j].setAttribute('aria-selected', 'true');
                    tabNavigation[j].removeAttribute('tabindex');
                } else {
                    tabPanel.className = 'hidden';
                    tabNavigation[j].removeAttribute('aria-selected');
                    tabNavigation[j].setAttribute('tabindex', '-1');
                }

                tabNavigation[j].addEventListener('click', function(e) {
                    var activeTab = e.target || e.srcElement;

                    /* needed because when the tab contains HTML contents, user can click */
                    /* on any of those elements instead of their parent '&lt;button&gt;' element */
                    while (activeTab.tagName.toLowerCase() !== 'button') {
                        activeTab = activeTab.parentNode;
                    }

                    /* get the full list of tabs through the parent of the active tab element */
                    var tabNavigation = activeTab.parentNode.children;
                    for (var k = 0; k &lt; tabNavigation.length; k++) {
                        var tabId = tabNavigation[k].getAttribute('data-tab-id');
                        document.getElementById(tabId).className = 'hidden';
                        removeClass(tabNavigation[k], 'active');
                        tabNavigation[k].removeAttribute('aria-selected');
                        tabNavigation[k].setAttribute('tabindex', '-1');
                    }

                    addClass(activeTab, 'active');
                    activeTab.setAttribute('aria-selected', 'true');
                    activeTab.removeAttribute('tabindex');
                    var activeTabId = activeTab.getAttribute('data-tab-id');
                    document.getElementById(activeTabId).className = 'block';
                });
            }

            tabGroups[i].setAttribute('data-processed', 'true');
        }
    })();

    (function createToggles() {
        var toggles = document.querySelectorAll('.sf-toggle:not([data-processed=true])');

        for (var i = 0; i &lt; toggles.length; i++) {
            var elementSelector = toggles[i].getAttribute('data-toggle-selector');
            var element = document.querySelector(elementSelector);

            addClass(element, 'sf-toggle-content');

            if (toggles[i].hasAttribute('data-toggle-initial') &amp;&amp; toggles[i].getAttribute('data-toggle-initial') == 'display') {
                addClass(toggles[i], 'sf-toggle-on');
                addClass(element, 'sf-toggle-visible');
            } else {
                addClass(toggles[i], 'sf-toggle-off');
                addClass(element, 'sf-toggle-hidden');
            }

            addEventListener(toggles[i], 'click', function(e) {
                var toggle = e.currentTarget;

                if (e.target.closest('a, span[data-clipboard-text], .sf-toggle') !== toggle) {
                    return;
                }

                e.preventDefault();

                if ('' !== window.getSelection().toString()) {
                    /* Don't do anything on text selection */
                    return;
                }

                var element = document.querySelector(toggle.getAttribute('data-toggle-selector'));

                toggleClass(toggle, 'sf-toggle-on');
                toggleClass(toggle, 'sf-toggle-off');
                toggleClass(element, 'sf-toggle-hidden');
                toggleClass(element, 'sf-toggle-visible');

                /* the toggle doesn't change its contents when clicking on it */
                if (!toggle.hasAttribute('data-toggle-alt-content')) {
                    return;
                }

                if (!toggle.hasAttribute('data-toggle-original-content')) {
                    toggle.setAttribute('data-toggle-original-content', toggle.innerHTML);
                }

                var currentContent = toggle.innerHTML;
                var originalContent = toggle.getAttribute('data-toggle-original-content');
                var altContent = toggle.getAttribute('data-toggle-alt-content');
                toggle.innerHTML = currentContent !== altContent ? altContent : originalContent;
            });

            toggles[i].setAttribute('data-processed', 'true');
        }
    })();

    (function createFilters() {
        document.querySelectorAll('[data-filters] [data-filter]').forEach(function (filter) {
            var filters = filter.closest('[data-filters]'),
                type = 'choice',
                name = filter.dataset.filter,
                ucName = name.charAt(0).toUpperCase()+name.slice(1),
                list = document.createElement('ul'),
                values = filters.dataset['filter'+ucName] || filters.querySelectorAll('[data-filter-'+name+']'),
                labels = {},
                defaults = null,
                indexed = {},
                processed = {};
            if (typeof values === 'string') {
                type = 'level';
                labels = values.split(',');
                values = values.toLowerCase().split(',');
                defaults = values.length - 1;
            }
            addClass(list, 'filter-list');
            addClass(list, 'filter-list-'+type);
            values.forEach(function (value, i) {
                if (value instanceof HTMLElement) {
                    value = value.dataset['filter'+ucName];
                }
                if (value in processed) {
                    return;
                }
                var option = document.createElement('li'),
                    label = i in labels ? labels[i] : value,
                    active = false,
                    matches;
                if ('' === label) {
                    option.innerHTML = '&lt;em&gt;(none)&lt;/em&gt;';
                } else {
                    option.innerText = label;
                }
                option.dataset.filter = value;
                option.setAttribute('title', 1 === (matches = filters.querySelectorAll('[data-filter-'+name+'="'+value+'"]').length) ? 'Matches 1 row' : 'Matches '+matches+' rows');
                indexed[value] = i;
                list.appendChild(option);
                addEventListener(option, 'click', function () {
                    if ('choice' === type) {
                        filters.querySelectorAll('[data-filter-'+name+']').forEach(function (row) {
                            if (option.dataset.filter === row.dataset['filter'+ucName]) {
                                toggleClass(row, 'filter-hidden-'+name);
                            }
                        });
                        toggleClass(option, 'active');
                    } else if ('level' === type) {
                        if (i === this.parentNode.querySelectorAll('.active').length - 1) {
                            return;
                        }
                        this.parentNode.querySelectorAll('li').forEach(function (currentOption, j) {
                            if (j &lt;= i) {
                                addClass(currentOption, 'active');
                                if (i === j) {
                                    addClass(currentOption, 'last-active');
                                } else {
                                    removeClass(currentOption, 'last-active');
                                }
                            } else {
                                removeClass(currentOption, 'active');
                                removeClass(currentOption, 'last-active');
                            }
                        });
                        filters.querySelectorAll('[data-filter-'+name+']').forEach(function (row) {
                            if (i &lt; indexed[row.dataset['filter'+ucName]]) {
                                addClass(row, 'filter-hidden-'+name);
                            } else {
                                removeClass(row, 'filter-hidden-'+name);
                            }
                        });
                    }
                });
                if ('choice' === type) {
                    active = null === defaults || 0 &lt;= defaults.indexOf(value);
                } else if ('level' === type) {
                    active = i &lt;= defaults;
                    if (active &amp;&amp; i === defaults) {
                        addClass(option, 'last-active');
                    }
                }
                if (active) {
                    addClass(option, 'active');
                } else {
                    filters.querySelectorAll('[data-filter-'+name+'="'+value+'"]').forEach(function (row) {
                        toggleClass(row, 'filter-hidden-'+name);
                    });
                }
                processed[value] = true;
            });

            if (1 &lt; list.childNodes.length) {
                filter.appendChild(list);
                filter.dataset.filtered = '';
            }
        });
    })();
})();
/*]]&gt;*/        &lt;/script&gt;
    &lt;/body&gt;
&lt;/html&gt;
&lt;!-- No route found for &amp;quot;GET http://localhost/expert/conseil&amp;quot; (404 Not Found) --&gt;

C:\Users\sliti\Desktop\dev\esprit-PIDEV-3A16-2526-FARMIA\vendor\symfony\framework-bundle\Test\BrowserKitAssertionsTrait.php:150
C:\Users\sliti\Desktop\dev\esprit-PIDEV-3A16-2526-FARMIA\vendor\symfony\framework-bundle\Test\BrowserKitAssertionsTrait.php:35
C:\Users\sliti\Desktop\dev\esprit-PIDEV-3A16-2526-FARMIA\tests\Functional\Controller\ExpertConseilControllerTest.php:32
C:\Users\sliti\Desktop\dev\esprit-PIDEV-3A16-2526-FARMIA\vendor\phpunit\phpunit\phpunit:107</failure>
        </testcase>
        <testcase name="testConseilShowPageLoads" class="App\Tests\Functional\Controller\ExpertConseilControllerTest" classname="App.Tests.Functional.Controller.ExpertConseilControllerTest" file="C:\Users\sliti\Desktop\dev\esprit-PIDEV-3A16-2526-FARMIA\tests\Functional\Controller\ExpertConseilControllerTest.php" line="38" assertions="0" time="0.185801">
          <error type="Error">App\Tests\Functional\Controller\ExpertConseilControllerTest::testConseilShowPageLoads
Error: Class "App\Enum\PrioriteConseil" not found

C:\Users\sliti\Desktop\dev\esprit-PIDEV-3A16-2526-FARMIA\tests\Functional\Controller\ExpertConseilControllerTest.php:138
C:\Users\sliti\Desktop\dev\esprit-PIDEV-3A16-2526-FARMIA\tests\Functional\Controller\ExpertConseilControllerTest.php:40
C:\Users\sliti\Desktop\dev\esprit-PIDEV-3A16-2526-FARMIA\vendor\phpunit\phpunit\phpunit:107</error>
        </testcase>
        <testcase name="testCreateConseilPageLoads" class="App\Tests\Functional\Controller\ExpertConseilControllerTest" classname="App.Tests.Functional.Controller.ExpertConseilControllerTest" file="C:\Users\sliti\Desktop\dev\esprit-PIDEV-3A16-2526-FARMIA\tests\Functional\Controller\ExpertConseilControllerTest.php" line="50" assertions="1" time="0.372776">
          <failure type="PHPUnit\Framework\ExpectationFailedException">App\Tests\Functional\Controller\ExpertConseilControllerTest::testCreateConseilPageLoads
Failed asserting that the Response is successful.
HTTP/1.1 404 Not Found&#13;
Cache-Control:          no-cache, private&#13;
Content-Type:           text/html; charset=UTF-8&#13;
Date:                   Sat, 25 Apr 2026 11:54:11 GMT&#13;
Vary:                   Accept&#13;
X-Debug-Exception:      No%20route%20found%20for%20%22GET%20http%3A%2F%2Flocalhost%2Fexpert%2Fconseil%2Fnew%2F1%22&#13;
X-Debug-Exception-File: C%3A%5CUsers%5Csliti%5CDesktop%5Cdev%5Cesprit-PIDEV-3A16-2526-FARMIA%5Cvendor%5Csymfony%5Chttp-kernel%5CEventListener%5CRouterListener.php:127&#13;
X-Robots-Tag:           noindex&#13;
&#13;
&lt;!-- No route found for &amp;quot;GET http://localhost/expert/conseil/new/1&amp;quot; (404 Not Found) --&gt;
&lt;!DOCTYPE html&gt;
&lt;html lang="en"&gt;
    &lt;head&gt;
        &lt;meta charset="UTF-8" /&gt;
        &lt;meta name="robots" content="noindex,nofollow" /&gt;
        &lt;meta name="viewport" content="width=device-width,initial-scale=1" /&gt;
        &lt;title&gt;No route found for &amp;quot;GET http://localhost/expert/conseil/new/1&amp;quot; (404 Not Found)&lt;/title&gt;
        &lt;link rel="icon" type="image/png" href="data:image/png;base64,iVBORw0KGgoAAAANSUhEUgAAABwAAAAgCAYAAAABtRhCAAADVUlEQVRIx82XX0jTURTHLYPyqZdefQx66CEo80+aYpoIkqzUikz6Z5klQoWUWYRIJYEUGpQ+lIr9U5dOTLdCtkmWZis3rbnC5fw/neYW002307mX/cZvP3/7o1PwwOdh95x7vnf39zvnd29AgBer2xO6DclAXiMqZAqxIiNIN/IYSUS2BPhjmGATchUxI+ADWiRhpWK7HKuHFVBFdmU5YvnI4grFGCaReF/EBH4KsZlGgj2JBTuCYBWRIYF8YoEOJ6wBt/gEs7mBbyOjQXruPLSdOgPCiEiPSUUHDoL8Ug5IUo9B/d5wrt+G7OAKNrODPuVdB6vRCIzN6SdBlpW9RIgk/1FeAXabzRlrUPVCS/JhbmwudztnGeeH9AyXBIwtmM3wLinZJZHifjHw2V+NBoRh+9ixQrbgbnaSIcl7cGea6hoXQbNe7za241oeO5Z0p42M4BV2EqP2D50wo+6HzvwC6C4sApNOR8cmOrtcnhtj2kYRyC9eBvXzKrBZrXSs72kFd1t3MoKVbMekQkEnSNKOO8fac3LpmK6l1TlGtsxmsdKFsecPYgwxst0cwROMYDXboSotg0WLBRqjY51jLYcENElXwW2XJKPydvoI2GN9T8rBtrAArYIUruBJXkFheCQYlCpQP6uk5dAQFQNaUROMSGVQFxLmkoQsxDJrhLbTZ+nvVsERME9MgPJRKV/58AsyomTSzE813WLFvWK++qI0xSfQl8k8Pg46sYRuv5t6dS+4RqxDwaa4BGjYH+NTQvKScIp9+YL/hoZh3jDtLRHtt2C3g6bmhX+CpsFBWg7ilDSPgj0lD2ncr5ev/BP8VvyAJhqVyZeUhPOrEhEFxgEtjft846Z/guQTNT89Q5P9flMLoth4F7808wKtWWKzAwNQHxrh/1vaid2F+XpYTSbQf1XA2McOmOpROnvpvMEA4tSjq1cW0sws2gCYxswY6TKkvzYnJq1NHZLnRU4BX+4U0uburvusu8Kv8iHY7qefkM4IFngJHEOUXmLEPgiGsI8YnlZILit3vSSLRTQe/MPIZva5pshNIEmyFQlCvruJKXPkCEfmePzkphXHdzZNQdoRI9KPlBAxlj/I8U97ERPS5bjGbWDFbEdqHVe5caTBeZZx2H/IMvzeN15yoQAAAABJRU5ErkJggg==" /&gt;
        &lt;style&gt;/* This file is based on WebProfilerBundle/Resources/views/Profiler/profiler.css.twig.
   If you make any change in this file, verify the same change is needed in the other file. */
:root {
    --font-sans-serif: Helvetica, Arial, sans-serif;
    --page-background: #f9f9f9;
    --color-text: #222;
    /* when updating any of these colors, do the same in toolbar.css.twig */
    --color-success: #4f805d;
    --color-warning: #a46a1f;
    --color-error: #b0413e;
    --color-muted: #999;
    --tab-background: #f0f0f0;
    --tab-border-color: #e5e5e5;
    --tab-active-border-color: #d4d4d4;
    --tab-color: #444;
    --tab-active-background: #fff;
    --tab-active-color: var(--color-text);
    --tab-disabled-background: #f5f5f5;
    --tab-disabled-color: #999;
    --selected-badge-background: #e5e5e5;
    --selected-badge-color: #525252;
    --selected-badge-shadow: inset 0 0 0 1px #d4d4d4;
    --selected-badge-warning-background: #fde496;
    --selected-badge-warning-color: #785b02;
    --selected-badge-warning-shadow: inset 0 0 0 1px #e6af05;
    --selected-badge-danger-background: #FCE9ED;
    --selected-badge-danger-color: #83122A;
    --selected-badge-danger-shadow: inset 0 0 0 1px #F5B8C5;
    --metric-value-background: #fff;
    --metric-value-color: inherit;
    --metric-unit-color: #999;
    --metric-label-background: #e0e0e0;
    --metric-label-color: inherit;
    --table-border: #e0e0e0;
    --table-background: #fff;
    --table-header: #e0e0e0;
    --trace-selected-background: #F7E5A1;
    --tree-active-background: #F7E5A1;
    --exception-title-color: var(--base-2);
    --shadow: 0px 0px 1px rgba(128, 128, 128, .2);
    --border: 1px solid #e0e0e0;
    --background-error: var(--color-error);
    --highlight-comment: #969896;
    --highlight-default: #222222;
    --highlight-keyword: #a71d5d;
    --highlight-string: #183691;
    --base-0: #fff;
    --base-1: #f5f5f5;
    --base-2: #e0e0e0;
    --base-3: #ccc;
    --base-4: #666;
    --base-5: #444;
    --base-6: #222;
}

.theme-dark {
    --page-background: #36393e;
    --color-text: #e0e0e0;
    --color-muted: #777;
    --color-error: #f76864;
    --tab-background: #404040;
    --tab-border-color: #737373;
    --tab-active-border-color: #171717;
    --tab-color: var(--color-text);
    --tab-active-background: #d4d4d4;
    --tab-active-color: #262626;
    --tab-disabled-background: var(--page-background);
    --tab-disabled-color: #a3a3a3;
    --selected-badge-background: #555;
    --selected-badge-color: #ddd;
    --selected-badge-shadow: none;
    --selected-badge-warning-background: #fcd55f;
    --selected-badge-warning-color: #785b02;
    --selected-badge-warning-shadow: inset 0 0 0 1px #af8503;
    --selected-badge-danger-background: #B41939;
    --selected-badge-danger-color: #FCE9ED;
    --selected-badge-danger-shadow: none;
    --metric-value-background: #555;
    --metric-value-color: inherit;
    --metric-unit-color: #999;
    --metric-label-background: #777;
    --metric-label-color: #e0e0e0;
    --trace-selected-background: #5d5227cc;
    --table-border: #444;
    --table-background: #333;
    --table-header: #555;
    --info-background: rgba(79, 148, 195, 0.5);
    --tree-active-background: var(--metric-label-background);
    --exception-title-color: var(--base-2);
    --shadow: 0px 0px 1px rgba(32, 32, 32, .2);
    --border: 1px solid #666;
    --background-error: #b0413e;
    --highlight-comment: #dedede;
    --highlight-default: var(--base-6);
    --highlight-keyword: #de8986;
    --highlight-string: #70a6fd;
    --base-0: #2e3136;
    --base-1: #444;
    --base-2: #666;
    --base-3: #666;
    --base-4: #666;
    --base-5: #e0e0e0;
    --base-6: #f5f5f5;
    --card-label-background: var(--tab-active-background);
    --card-label-color: var(--tab-active-color);
}

html{font-family:sans-serif;-webkit-text-size-adjust:100%;-ms-text-size-adjust:100%}body{margin:0}article,aside,details,figcaption,figure,footer,header,hgroup,main,menu,nav,section{display:block}audio,canvas,progress,video{display:inline-block;vertical-align:baseline}audio:not([controls]){display:none;height:0}[hidden],template{display:none}a{background-color:transparent}a:active,a:hover{outline:0}abbr[title]{border-bottom:1px dotted}b,strong{font-weight:700}dfn{font-style:italic}h1{margin:.67em 0;font-size:2em}mark{color:#000;background:#ff0}small{font-size:80%}sub,sup{position:relative;font-size:75%;line-height:0;vertical-align:baseline}sup{top:-.5em}sub{bottom:-.25em}img{border:0}svg:not(:root){overflow:hidden}figure{margin:1em 40px}hr{height:0;-webkit-box-sizing:content-box;-moz-box-sizing:content-box;box-sizing:content-box}pre{overflow:auto}code,kbd,pre,samp{font-family:monospace,monospace;font-size:1em}button,input,optgroup,select,textarea{margin:0;font:inherit;color:inherit}button{overflow:visible}button,select{text-transform:none}button,html input[type="button"],input[type="reset"],input[type="submit"]{-webkit-appearance:button;cursor:pointer}button[disabled],html input[disabled]{cursor:default}button::-moz-focus-inner,input::-moz-focus-inner{padding:0;border:0}input{line-height:normal}input[type="checkbox"],input[type="radio"]{-webkit-box-sizing:border-box;-moz-box-sizing:border-box;box-sizing:border-box;padding:0}input[type="number"]::-webkit-inner-spin-button,input[type="number"]::-webkit-outer-spin-button{height:auto}input[type="search"]{-webkit-box-sizing:content-box;-moz-box-sizing:content-box;box-sizing:content-box;-webkit-appearance:textfield}input[type="search"]::-webkit-search-cancel-button,input[type="search"]::-webkit-search-decoration{-webkit-appearance:none}fieldset{padding:.35em .625em .75em;margin:0 2px;border:1px solid silver}legend{padding:0;border:0}textarea{overflow:auto}optgroup{font-weight:700}table{border-spacing:0;border-collapse:collapse}td,th{padding:0}summary{cursor: pointer}

html {
    /* always display the vertical scrollbar to avoid jumps when toggling contents */
    overflow-y: scroll;
}
body { background-color: var(--page-background); color: var(--base-6); font: 14px/1.4 Helvetica, Arial, sans-serif; padding-bottom: 45px; }

a { cursor: pointer; text-decoration: none; }
a:hover { text-decoration: underline; }
abbr[title] { border-bottom: none; cursor: help; text-decoration: none; }

code, pre { font: 13px/1.5 Consolas, Monaco, Menlo, "Ubuntu Mono", "Liberation Mono", monospace; }

table, tr, th, td { background: var(--base-0); border-collapse: collapse; vertical-align: top; }
table { background: var(--base-0); border: var(--border); box-shadow: 0px 0px 1px rgba(128, 128, 128, .2); margin: 1em 0; width: 100%; }
table th, table td { border: solid var(--base-2); border-width: 1px 0; padding: 8px 10px; }
table th { background-color: var(--base-2); font-weight: bold; text-align: left; }

.m-t-5 { margin-top: 5px; }
.hidden-xs-down { display: none; }
.block { display: block; }
.full-width { width: 100%; }
.hidden { display: none; }
.prewrap { white-space: pre-wrap; }
.nowrap { white-space: nowrap; }
.newline { display: block; }
.break-long-words { word-wrap: break-word; overflow-wrap: break-word; -webkit-hyphens: auto; -moz-hyphens: auto; hyphens: auto; min-width: 0; }
.text-small { font-size: 12px !important; }
.text-muted { color: #999; }
.text-bold { font-weight: bold; }
.empty { border: 4px dashed var(--base-2); color: #999; margin: 1em 0; padding: .5em 2em; }

.status-success { background: rgba(94, 151, 110, 0.3); }
.status-warning { background: rgba(240, 181, 24, 0.3); }
.status-error { background: rgba(176, 65, 62, 0.2); }
.status-success td, .status-warning td, .status-error td { background: transparent; }
tr.status-error td, tr.status-warning td { border-bottom: 1px solid var(--base-2); border-top: 1px solid var(--base-2); }
.status-warning .colored { color: #A46A1F; }
.status-error .colored  { color: var(--color-error); }

.sf-toggle { cursor: pointer; position: relative; }
.sf-toggle-content { -moz-transition: display .25s ease; -webkit-transition: display .25s ease; transition: display .25s ease; }
.sf-toggle-content.sf-toggle-hidden { display: none; }
.sf-toggle-content.sf-toggle-visible { display: block; }
thead.sf-toggle-content.sf-toggle-visible, tbody.sf-toggle-content.sf-toggle-visible { display: table-row-group; }
.sf-toggle-off .icon-close, .sf-toggle-on .icon-open { display: none; }
.sf-toggle-off .icon-open, .sf-toggle-on .icon-close { display: block; }

.tab-navigation {
    background-color: var(--tab-background);
    border-radius: 6px;
    box-shadow: inset 0 0 0 1px var(--tab-border-color), 0 0 0 5px var(--page-background);
    display: inline-flex;
    flex-wrap: wrap;
    margin: 0 0 15px;
    padding: 0;
    user-select: none;
    -webkit-user-select: none;
}
.sf-tabs-sm .tab-navigation {
    box-shadow: inset 0 0 0 1px var(--tab-border-color), 0 0 0 4px var(--page-background);
    margin: 0 0 10px;
}
.tab-navigation .tab-control {
    background: transparent;
    border: 0;
    box-shadow: none;
    transition: box-shadow .05s ease-in, background-color .05s ease-in;
    cursor: pointer;
    font-size: 14px;
    font-weight: 500;
    line-height: 1.4;
    margin: 0;
    padding: 4px 14px;
    position: relative;
    text-align: center;
    z-index: 1;
}
.sf-tabs-sm .tab-navigation .tab-control {
    font-size: 13px;
    padding: 2.5px 10px;
}
.tab-navigation .tab-control:before {
    background: var(--tab-border-color);
    bottom: 15%;
    content: "";
    left: 0;
    position: absolute;
    top: 15%;
    width: 1px;
}
.tab-navigation .tab-control:first-child:before,
.tab-navigation .tab-control.active + .tab-control:before,
.tab-navigation .tab-control.active:before {
    width: 0;
}
.tab-navigation .tab-control .badge {
    background: var(--selected-badge-background);
    box-shadow: var(--selected-badge-shadow);
    color: var(--selected-badge-color);
    display: inline-block;
    font-size: 12px;
    font-weight: bold;
    line-height: 1;
    margin-left: 8px;
    min-width: 10px;
    padding: 2px 6px;
    text-align: center;
    white-space: nowrap;
}
.tab-navigation .tab-control.disabled {
    color: var(--tab-disabled-color);
}
.tab-navigation .tab-control.active {
    background-color: var(--tab-active-background);
    border-radius: 6px;
    box-shadow: inset 0 0 0 1.5px var(--tab-active-border-color);
    color: var(--tab-active-color);
    position: relative;
    z-index: 1;
}
.theme-dark .tab-navigation li.active {
    box-shadow: inset 0 0 0 1px var(--tab-border-color);
}
.tab-content &gt; *:first-child {
    margin-top: 0;
}
.tab-navigation .tab-control .badge.status-warning {
    background: var(--selected-badge-warning-background);
    box-shadow: var(--selected-badge-warning-shadow);
    color: var(--selected-badge-warning-color);
}
.tab-navigation .tab-control .badge.status-error {
    background: var(--selected-badge-danger-background);
    box-shadow: var(--selected-badge-danger-shadow);
    color: var(--selected-badge-danger-color);
}

.sf-tabs .tab:not(:first-child) { display: none; }

[data-filters] { position: relative; }
[data-filtered] { cursor: pointer; }
[data-filtered]:after { content: '\00a0\25BE'; }
[data-filtered]:hover .filter-list li { display: inline-flex; }
[class*="filter-hidden-"] { display: none; }
.filter-list { position: absolute; border: var(--border); box-shadow: var(--shadow); margin: 0; padding: 0; display: flex; flex-direction: column; }
.filter-list :after { content: ''; }
.filter-list li {
    background: var(--tab-disabled-background);
    border-bottom: var(--border);
    color: var(--tab-disabled-color);
    display: none;
    list-style: none;
    margin: 0;
    padding: 5px 10px;
    text-align: left;
    font-weight: normal;
}
.filter-list li.active {
    background: var(--tab-background);
    color: var(--tab-color);
}
.filter-list li.last-active {
    background: var(--tab-active-background);
    color: var(--tab-active-color);
}

.filter-list-level li { cursor: s-resize; }
.filter-list-level li.active { cursor: n-resize; }
.filter-list-level li.last-active { cursor: default; }
.filter-list-level li.last-active:before { content: '\2714\00a0'; }
.filter-list-choice li:before { content: '\2714\00a0'; color: transparent; }
.filter-list-choice li.active:before { color: unset; }

.container { max-width: 1024px; margin: 0 auto; padding: 0 15px; }
.container::after { content: ""; display: table; clear: both; }

header { background-color: #222; color: rgba(255, 255, 255, 0.75); font-size: 13px; height: 33px; line-height: 33px; padding: 0; }
header .container { display: flex; justify-content: space-between; }
.logo { flex: 1; font-size: 13px; font-weight: normal; margin: 0; padding: 0; }
.logo svg { height: 18px; width: 18px; opacity: .8; vertical-align: -5px; }

.help-link { margin-left: 15px; }
.help-link a { color: inherit; }
.help-link .icon svg { height: 15px; width: 15px; opacity: .7; vertical-align: -2px; }
.help-link a:hover { color: #EEE; text-decoration: none; }
.help-link a:hover svg { opacity: .9; }

.exception-summary { background: var(--background-error); border-bottom: 2px solid rgba(0, 0, 0, 0.1); border-top: 1px solid rgba(0, 0, 0, .3); flex: 0 0 auto; margin-bottom: 15px; }
.exception-metadata { background: rgba(0, 0, 0, 0.1); padding: 7px 0; }
.exception-metadata .container { display: flex; flex-direction: row; justify-content: space-between; }
.exception-metadata h2, .exception-metadata h2 &gt; a { color: rgba(255, 255, 255, 0.8); font-size: 13px; font-weight: 400; margin: 0; }
.exception-http small { font-size: 13px; opacity: .7; }
.exception-hierarchy { flex: 1; }
.exception-hierarchy .icon { margin: 0 3px; opacity: .7; }
.exception-hierarchy .icon svg { height: 13px; width: 13px; vertical-align: -2px; }

.exception-without-message .exception-message-wrapper { display: none; }
.exception-message-wrapper .container { display: flex; align-items: flex-start; min-height: 70px; padding: 10px 15px 8px; }
.exception-message { flex-grow: 1; }
.exception-message, .exception-message a { color: #FFF; font-size: 21px; font-weight: 400; margin: 0; }
.exception-message.long { font-size: 18px; }
.exception-message a { border-bottom: 1px solid rgba(255, 255, 255, 0.5); font-size: inherit; text-decoration: none; }
.exception-message a:hover { border-bottom-color: #ffffff; }

.exception-properties-wrapper { margin: .8em 0; }
.exception-properties { background: var(--base-0); border: var(--border); box-shadow: 0px 0px 1px rgba(128, 128, 128, .2); }
.exception-properties pre { margin: 0; padding: 0.2em 0; }

.exception-illustration { flex-basis: 111px; flex-shrink: 0; height: 66px; margin-left: 15px; opacity: .7; }

.trace + .trace { margin-top: 30px; }
.trace-head { background-color: var(--base-2); padding: 10px; position: relative; }
.trace-head .trace-class { color: var(--base-6); font-size: 18px; font-weight: bold; line-height: 1.3; margin: 0; position: relative; }
.trace-head .trace-namespace { color: #999; display: block; font-size: 13px; }
.trace-head .icon { position: absolute; right: 0; top: 0; }
.trace-head .icon svg { fill: var(--base-5); height: 24px; width: 24px; }

.trace-details { background: var(--base-0); border: var(--border); box-shadow: 0px 0px 1px rgba(128, 128, 128, .2); margin: 0 0 1em; table-layout: fixed; }

.trace-message { font-size: 14px; font-weight: normal; margin: .5em 0 0; }

.trace-line { position: relative; padding-top: 8px; padding-bottom: 8px; }
.trace-line + .trace-line { border-top: var(--border); }
.trace-line:hover { background: var(--base-1); }
.trace-line a { color: var(--base-6); }
.trace-line .icon { opacity: .4; position: absolute; left: 10px; }
.trace-line .icon svg { fill: var(--base-5); height: 16px; width: 16px; }
.trace-line .icon.icon-copy { left: auto; top: auto; padding-left: 5px; display: none }
.trace-line:hover .icon.icon-copy:not(.hidden) { display: inline-block }
.trace-line-header { padding-left: 36px; padding-right: 10px; }

.trace-file-path, .trace-file-path a { color: var(--base-6); font-size: 13px; }
.trace-class { color: var(--color-error); }
.trace-type { padding: 0 2px; }
.trace-method { color: var(--color-error); font-weight: bold; }
.trace-arguments { color: #777; font-weight: normal; padding-left: 2px; }

.trace-code { background: var(--base-0); font-size: 12px; margin: 10px 10px 2px 10px; padding: 10px; overflow-x: auto; white-space: nowrap; }
.trace-code ol { margin: 0; float: left; }
.trace-code li { color: #969896; margin: 0; padding-left: 10px; float: left; width: 100%; }
.trace-code li + li { margin-top: 5px; }
.trace-code li.selected { background: var(--trace-selected-background); margin-top: 2px; }
.trace-code li code { color: var(--base-6); white-space: pre; }

.trace-as-text .stacktrace { line-height: 1.8; margin: 0 0 15px; white-space: pre-wrap; }

@media (min-width: 575px) {
    .hidden-xs-down { display: initial; }
    .help-link { margin-left: 30px; }
}&lt;/style&gt;
        &lt;style&gt;.sf-reset .traces {
    padding-bottom: 14px;
}
.sf-reset .traces li {
    font-size: 12px;
    color: #868686;
    padding: 5px 4px;
    list-style-type: decimal;
    margin-left: 20px;
}
.sf-reset #logs .traces li.error {
    font-style: normal;
    color: #AA3333;
    background: #f9ecec;
}
.sf-reset #logs .traces li.warning {
    font-style: normal;
    background: #ffcc00;
}
/* fix for Opera not liking empty &lt;li&gt; */
.sf-reset .traces li:after {
    content: "\00A0";
}
.sf-reset .trace {
    border: 1px solid #D3D3D3;
    padding: 10px;
    overflow: auto;
    margin: 10px 0 20px;
}
.sf-reset .block-exception {
    -moz-border-radius: 16px;
    -webkit-border-radius: 16px;
    border-radius: 16px;
    margin-bottom: 20px;
    background-color: #f6f6f6;
    border: 1px solid #dfdfdf;
    padding: 30px 28px;
    word-wrap: break-word;
    overflow: hidden;
}
.sf-reset .block-exception div {
    color: #313131;
    font-size: 10px;
}
.sf-reset .block-exception-detected .illustration-exception,
.sf-reset .block-exception-detected .text-exception {
    float: left;
}
.sf-reset .block-exception-detected .illustration-exception {
    width: 152px;
}
.sf-reset .block-exception-detected .text-exception {
    width: 670px;
    padding: 30px 44px 24px 46px;
    position: relative;
}
.sf-reset .text-exception .open-quote,
.sf-reset .text-exception .close-quote {
    font-family: Arial, Helvetica, sans-serif;
    position: absolute;
    color: #C9C9C9;
    font-size: 8em;
}
.sf-reset .open-quote {
    top: 0;
    left: 0;
}
.sf-reset .close-quote {
    bottom: -0.5em;
    right: 50px;
}
.sf-reset .block-exception p {
    font-family: Arial, Helvetica, sans-serif;
}
.sf-reset .block-exception p a,
.sf-reset .block-exception p a:hover {
    color: #565656;
}
.sf-reset .logs h2 {
    float: left;
    width: 654px;
}
.sf-reset .error-count, .sf-reset .support {
    float: right;
    width: 170px;
    text-align: right;
}
.sf-reset .error-count span {
    display: inline-block;
    background-color: #aacd4e;
    -moz-border-radius: 6px;
    -webkit-border-radius: 6px;
    border-radius: 6px;
    padding: 4px;
    color: white;
    margin-right: 2px;
    font-size: 11px;
    font-weight: bold;
}

.sf-reset .support a {
    display: inline-block;
    -moz-border-radius: 6px;
    -webkit-border-radius: 6px;
    border-radius: 6px;
    padding: 4px;
    color: #000000;
    margin-right: 2px;
    font-size: 11px;
    font-weight: bold;
}

.sf-reset .toggle {
    vertical-align: middle;
}
.sf-reset .linked ul,
.sf-reset .linked li {
    display: inline;
}
.sf-reset #output-content {
    color: #000;
    font-size: 12px;
}
.sf-reset #traces-text pre {
    white-space: pre;
    font-size: 12px;
    font-family: monospace;
}&lt;/style&gt;
    &lt;/head&gt;
    &lt;body&gt;
        &lt;script&gt;
            document.body.classList.add(
                localStorage.getItem('symfony/profiler/theme') || (matchMedia('(prefers-color-scheme: dark)').matches ? 'theme-dark' : 'theme-light')
            );
        &lt;/script&gt;

                    &lt;header&gt;
                &lt;div class="container"&gt;
                    &lt;h1 class="logo"&gt;&lt;svg xmlns="http://www.w3.org/2000/svg" width="24" height="24" viewBox="0 0 24 24"&gt;&lt;path fill="#FFF" d="M12 .9C5.8.9.9 5.8.9 12a11 11 0 1 0 22.2 0A11 11 0 0 0 12 .9zm6.5 6c-.6 0-.9-.3-.9-.8 0-.2 0-.4.2-.6l.2-.4c0-.3-.5-.4-.6-.4-1.8.1-2.3 2.5-2.7 4.4l-.2 1c1 .2 1.8 0 2.2-.3.6-.4-.2-.7-.1-1.2.1-.3.5-.5.7-.6.5 0 .7.5.7.9 0 .7-1 1.8-3 1.8l-.6-.1-.6 2.4c-.4 1.6-.8 3.8-2.4 5.7-1.4 1.7-2.9 1.9-3.5 1.9-1.2 0-1.9-.6-2-1.5 0-.8.7-1.3 1.2-1.3.6 0 1.1.5 1.1 1s-.2.6-.4.6c-.1.1-.3.2-.3.4 0 .1.1.3.4.3.5 0 .8-.3 1.1-.5 1.2-.9 1.6-2.7 2.2-5.7l.1-.7.7-3.2c-.8-.6-1.3-1.4-2.4-1.7-.6-.1-1.1.1-1.5.5-.4.5-.2 1.1.2 1.5l.7.6c.7.8 1.2 1.6 1 2.5-.3 1.5-2 2.6-4 1.9-1.8-.6-2-1.8-1.8-2.5.2-.6.6-.7 1.1-.6.5.2.6.7.6 1.2l-.1.3c-.2.1-.3.3-.3.4-.1.4.4.6.7.7.7.3 1.6-.2 1.8-.8a1 1 0 0 0-.4-1.1l-.7-.8c-.4-.4-1.1-1.4-.7-2.6.1-.5.4-.9.7-1.3a4 4 0 0 1 2.8-.6c1.2.4 1.8 1.1 2.6 1.8.5-1.2 1-2.4 1.8-3.5.9-.9 1.9-1.6 3.1-1.7 1.3.2 2.2.7 2.2 1.6 0 .4-.2 1.1-.9 1.1z"/&gt;&lt;/svg&gt; Symfony Exception&lt;/h1&gt;

                    &lt;div class="help-link"&gt;
                        &lt;a href="https://symfony.com/doc/6.4.35/index.html"&gt;
                            &lt;span class="icon"&gt;&lt;svg width="1792" height="1792" viewBox="0 0 1792 1792" xmlns="http://www.w3.org/2000/svg"&gt;&lt;path fill="#FFF" d="M1703 478q40 57 18 129l-275 906q-19 64-76.5 107.5T1247 1664H324q-77 0-148.5-53.5T76 1479q-24-67-2-127 0-4 3-27t4-37q1-8-3-21.5t-3-19.5q2-11 8-21t16.5-23.5T116 1179q23-38 45-91.5t30-91.5q3-10 .5-30t-.5-28q3-11 17-28t17-23q21-36 42-92t25-90q1-9-2.5-32t.5-28q4-13 22-30.5t22-22.5q19-26 42.5-84.5T404 411q1-8-3-25.5t-2-26.5q2-8 9-18t18-23 17-21q8-12 16.5-30.5t15-35 16-36 19.5-32 26.5-23.5 36-11.5T620 134l-1 3q38-9 51-9h761q74 0 114 56t18 130l-274 906q-36 119-71.5 153.5T1089 1408H220q-27 0-38 15-11 16-1 43 24 70 144 70h923q29 0 56-15.5t35-41.5l300-987q7-22 5-57 38 15 59 43zm-1064 2q-4 13 2 22.5t20 9.5h608q13 0 25.5-9.5T1311 480l21-64q4-13-2-22.5t-20-9.5H702q-13 0-25.5 9.5T660 416zm-83 256q-4 13 2 22.5t20 9.5h608q13 0 25.5-9.5T1228 736l21-64q4-13-2-22.5t-20-9.5H619q-13 0-25.5 9.5T577 672z"/&gt;&lt;/svg&gt;&lt;/span&gt;
                            &lt;span class="hidden-xs-down"&gt;Symfony&lt;/span&gt; Docs
                        &lt;/a&gt;
                    &lt;/div&gt;
                &lt;/div&gt;
            &lt;/header&gt;
        
        &lt;div class="exception-summary "&gt;
    &lt;div class="exception-metadata"&gt;
        &lt;div class="container"&gt;
            &lt;h2 class="exception-hierarchy"&gt;
                                    &lt;a href="#trace-box-2"&gt;&lt;abbr title="Symfony\Component\Routing\Exception\ResourceNotFoundException"&gt;ResourceNotFoundException&lt;/abbr&gt;&lt;/a&gt;
                    &lt;span class="icon"&gt;&lt;svg width="1792" height="1792" viewBox="0 0 1792 1792" xmlns="http://www.w3.org/2000/svg"&gt;&lt;path fill="#FFF" d="M1363 877l-742 742q-19 19-45 19t-45-19l-166-166q-19-19-19-45t19-45l531-531-531-531q-19-19-19-45t19-45L531 45q19-19 45-19t45 19l742 742q19 19 19 45t-19 45z"/&gt;&lt;/svg&gt;&lt;/span&gt;
                                &lt;a href="#trace-box-1"&gt;&lt;abbr title="Symfony\Component\HttpKernel\Exception\NotFoundHttpException"&gt;NotFoundHttpException&lt;/abbr&gt;&lt;/a&gt;
            &lt;/h2&gt;
            &lt;h2 class="exception-http"&gt;
                HTTP 404 &lt;small&gt;Not Found&lt;/small&gt;
            &lt;/h2&gt;
        &lt;/div&gt;
    &lt;/div&gt;
    &lt;div class="exception-message-wrapper"&gt;
        &lt;div class="container"&gt;
            &lt;h1 class="break-long-words exception-message"&gt;No route found for &amp;quot;GET http://localhost/expert/conseil/new/1&amp;quot;&lt;/h1&gt;

            &lt;div class="exception-illustration hidden-xs-down"&gt;
                &lt;svg viewBox="0 0 136 81" xmlns="http://www.w3.org/2000/svg" fill-rule="evenodd" clip-rule="evenodd" stroke-linejoin="round" stroke-miterlimit="1.4"&gt;&lt;path d="M92.4 20.4a23.2 23.2 0 0 1 9 1.9 23.7 23.7 0 0 1 5.2 3 24.3 24.3 0 0 1 3.4 3.4 24.8 24.8 0 0 1 5 9.4c.5 1.7.8 3.4 1 5.2v14.5h.4l.5.2a7.4 7.4 0 0 0 2.5.2l.2-.2.6-.8.8-1.3-.2-.1a5.5 5.5 0 0 1-.8-.3 5.6 5.6 0 0 1-2.3-1.8 5.7 5.7 0 0 1-.9-1.6 6.5 6.5 0 0 1-.2-2.8 7.3 7.3 0 0 1 .5-2l.3-.3.8-.9.3-.3c.2-.2.5-.3.8-.3H120.7c.2 0 .3-.1.4 0h.4l.2.1.3.2.2-.4.3-.4.1-.1 1.2-1 .3-.2.4-.1.4-.1h.3l1.5.1.4.1.8.5.1.2 1 1.1v.2H129.4l.4-.2 1.4-.5h1.1c.3 0 .7.2 1 .4.2 0 .3.2.5.3l.2.2.5.3.4.6.1.3.4 1.4.1.4v.6a7.8 7.8 0 0 1-.1.6 9.9 9.9 0 0 1-.8 2.4 7.8 7.8 0 0 1-3 3.3 6.4 6.4 0 0 1-1 .5 6.1 6.1 0 0 1-.6.2l-.7.1h-.1a23.4 23.4 0 0 1-.2 1.7 14.3 14.3 0 0 1-.6 2.1l-.8 2a9.2 9.2 0 0 1-.4.6l-.7 1a9.1 9.1 0 0 1-2.3 2.2c-.9.5-2 .6-3 .7l-1.4.1h-.5l-.4.1a15.8 15.8 0 0 1-2.8-.1v4.2a9.7 9.7 0 0 1-.7 3.5 9.6 9.6 0 0 1-1.7 2.8 9.3 9.3 0 0 1-3 2.3 9 9 0 0 1-5.4.7 9 9 0 0 1-3-1 9.4 9.4 0 0 1-2.7-2.5 10 10 0 0 1-1 1.2 9.3 9.3 0 0 1-2 1.3 9 9 0 0 1-2.4 1 9 9 0 0 1-6.5-1.1A9.4 9.4 0 0 1 85 77V77a10.9 10.9 0 0 1-.6.6 9.3 9.3 0 0 1-2.7 2 9 9 0 0 1-6 .8 9 9 0 0 1-2.4-1 9.3 9.3 0 0 1-2.3-1.7 9.6 9.6 0 0 1-1.8-2.8 9.7 9.7 0 0 1-.8-3.7v-4a18.5 18.5 0 0 1-2.9.2l-1.2-.1c-1.9-.3-3.7-1-5.1-2.2a8.2 8.2 0 0 1-1.1-1 10.2 10.2 0 0 1-.9-1.2 15.3 15.3 0 0 1-.7-1.3 20.8 20.8 0 0 1-1.9-6.2v-.2a6.5 6.5 0 0 1-1-.3 6.1 6.1 0 0 1-.6-.3 6.6 6.6 0 0 1-.9-.6 8.2 8.2 0 0 1-2.7-3.7 10 10 0 0 1-.3-1 10.3 10.3 0 0 1-.3-1.9V47v-.4l.1-.4.6-1.4.1-.2a2 2 0 0 1 .8-.8l.3-.2.3-.2a3.2 3.2 0 0 1 1.8-.5h.4l.3.2 1.4.6.2.2.4.3.3.4.7-.7.2-.2.4-.2.6-.2h2.1l.4.2.4.2.3.2.8 1 .2-.1h.1v-.1H63l1.1.1h.3l.8.5.3.4.7 1 .2.3.1.5a11 11 0 0 1 .2 1.5c0 .8 0 1.6-.3 2.3a6 6 0 0 1-.5 1.2 5.5 5.5 0 0 1-3.3 2.5 12.3 12.3 0 0 0 1.4 3h.1l.2.1 1 .2h1.5l.5-.2H67.8l.5-.2h.1V44v-.4a26.7 26.7 0 0 1 .3-2.3 24.7 24.7 0 0 1 5.7-12.5 24.2 24.2 0 0 1 3.5-3.3 23.7 23.7 0 0 1 4.9-3 23.2 23.2 0 0 1 5.6-1.7 23.7 23.7 0 0 1 4-.3zm-.3 2a21.2 21.2 0 0 0-8 1.7 21.6 21.6 0 0 0-4.8 2.7 22.2 22.2 0 0 0-3.2 3 22.7 22.7 0 0 0-5 9.2 23.4 23.4 0 0 0-.7 4.9v15.7l-.5.1a34.3 34.3 0 0 1-1.5.3h-.2l-.4.1h-.4l-.9.2a10 10 0 0 1-1.9 0c-.5 0-1-.2-1.5-.4a1.8 1.8 0 0 1-.3-.2 2 2 0 0 1-.3-.3 5.2 5.2 0 0 1-.1-.2 9 9 0 0 1-.6-.9 13.8 13.8 0 0 1-1-2 14.3 14.3 0 0 1-.6-2 14 14 0 0 1-.1-.8v-.2h.3a12.8 12.8 0 0 0 1.4-.2 4.4 4.4 0 0 0 .3 0 3.6 3.6 0 0 0 1.1-.7 3.4 3.4 0 0 0 1.2-1.7l.2-1.2a5.1 5.1 0 0 0 0-.8 7.2 7.2 0 0 0-.1-.8l-.7-1-1.2-.2-1 .7-.1 1.3a5 5 0 0 1 .1.4v.6a1 1 0 0 1 0 .3c-.1.3-.4.4-.7.5l-1.2.4v-.7A9.9 9.9 0 0 1 60 49l.3-.6v-.2l.1-.1v-1.6l-1-1.2h-1.5l-1 1.1v.4a5.3 5.3 0 0 0-.2.6 5.5 5.5 0 0 0 0 .5c0 .7 0 1.4.3 2 0 .4.2.8.4 1.2L57 51a9.5 9.5 0 0 1-1.1-.5h-.2a2 2 0 0 1-.4-.3c-.4-.4-.5-1-.6-1.6a5.6 5.6 0 0 1 0-.5v-.5-.5l-.6-1.5-1.4-.6-.9.3s-.2 0-.3.2a2 2 0 0 1-.1 0l-.6 1.4v.7a8.5 8.5 0 0 0 .5 2c.4 1.1 1 2.1 2 2.8a4.7 4.7 0 0 0 2.1.9h1a22.8 22.8 0 0 0 .1 1 18.1 18.1 0 0 0 .8 3.8 18.2 18.2 0 0 0 1.6 3.7l1 1.3c1 1 2.3 1.6 3.7 2a11.7 11.7 0 0 0 4.8 0h.4l.5-.2.5-.1.6-.2v6.6a8 8 0 0 0 .1 1.3 7.5 7.5 0 0 0 2.4 4.3 7.2 7.2 0 0 0 2.3 1.3 7 7 0 0 0 7-1.1 7.5 7.5 0 0 0 2-2.6A7.7 7.7 0 0 0 85 72V71a8.2 8.2 0 0 0 .2 1.3c0 .7.3 1.4.6 2a7.5 7.5 0 0 0 1.7 2.3 7.3 7.3 0 0 0 2.2 1.4 7.1 7.1 0 0 0 4.6.2 7.2 7.2 0 0 0 2.4-1.2 7.5 7.5 0 0 0 2.1-2.7 7.8 7.8 0 0 0 .7-2.4V71a9.3 9.3 0 0 0 .1.6 7.6 7.6 0 0 0 .6 2.5 7.5 7.5 0 0 0 2.4 3 7.1 7.1 0 0 0 7 .8 7.3 7.3 0 0 0 2.3-1.5 7.5 7.5 0 0 0 1.6-2.3 7.6 7.6 0 0 0 .5-2l.1-1.1v-6.7l.4.1a12.2 12.2 0 0 0 2 .5 11.1 11.1 0 0 0 2.5 0h.8l1.2-.1a9.5 9.5 0 0 0 1.4-.2l.9-.3a3.5 3.5 0 0 0 .6-.4l1.2-1.4a12.2 12.2 0 0 0 .8-1.2c0-.3.2-.5.3-.7a15.9 15.9 0 0 0 .7-2l.3-1.6v-1.3l.2-.9V54.6a15.5 15.5 0 0 0 1.8 0 4.5 4.5 0 0 0 1.4-.5 5.7 5.7 0 0 0 2.5-3.2 7.6 7.6 0 0 0 .4-1.5v-.3l-.4-1.4a5.2 5.2 0 0 1-.2-.1l-.4-.4a3.8 3.8 0 0 0-.2 0 1.4 1.4 0 0 0-.5-.2l-1.4.4-.7 1.3v.7a5.7 5.7 0 0 1-.1.8l-.7 1.4a1.9 1.9 0 0 1-.5.3h-.3a9.6 9.6 0 0 1-.8.3 8.8 8.8 0 0 1-.6 0l.2-.4.2-.5.2-.3v-.4l.1-.2V50l.1-1 .1-.6v-.6a4.8 4.8 0 0 0 0-.8v-.2l-1-1.1-1.5-.2-1.1 1-.2 1.4v.1l.2.4.2.3v.4l.1 1.1v.3l.1.5v.8a9.6 9.6 0 0 1-.8-.3l-.2-.1h-.3l-.8-.1h-.2a1.6 1.6 0 0 1-.2-.2.9.9 0 0 1-.2-.2 1 1 0 0 1-.1-.5l.2-.9v-1.2l-.9-.8h-1.2l-.8.9v.3a4.8 4.8 0 0 0-.3 2l.3.9a3.5 3.5 0 0 0 1.2 1.6l1 .5.8.2 1.4.1h.4l.2.1a12.1 12.1 0 0 1-1 2.6 13.2 13.2 0 0 1-.8 1.5 9.5 9.5 0 0 1-1 1.2l-.2.3a1.7 1.7 0 0 1-.4.3 2.4 2.4 0 0 1-.7.2h-2.5a7.8 7.8 0 0 1-.6-.2l-.7-.2h-.2a14.8 14.8 0 0 1-.6-.2 23.4 23.4 0 0 1-.4-.1l-.4-.1-.3-.1V43.9a34.6 34.6 0 0 0 0-.6 23.6 23.6 0 0 0-.4-3 22.7 22.7 0 0 0-1.5-4.7 22.6 22.6 0 0 0-4.6-6.7 21.9 21.9 0 0 0-6.9-4.7 21.2 21.2 0 0 0-8.1-1.8H92zm9.1 33.7l.3.1a1 1 0 0 1 .6.8v.4a8.4 8.4 0 0 1 0 .5 8.8 8.8 0 0 1-1.6 4.2l-1 1.3A10 10 0 0 1 95 66c-1.3.3-2.7.4-4 .3a10.4 10.4 0 0 1-2.7-.8 10 10 0 0 1-3.6-2.5 9.3 9.3 0 0 1-.8-1 9 9 0 0 1-.7-1.2 8.6 8.6 0 0 1-.8-3.4V57a1 1 0 0 1 .3-.6 1 1 0 0 1 1.3-.2 1 1 0 0 1 .4.8v.4a6.5 6.5 0 0 0 .5 2.2 7 7 0 0 0 2.1 2.8l1 .6c2.6 1.6 6 1.6 8.5 0a8 8 0 0 0 1.1-.6 7.6 7.6 0 0 0 1.2-1.2 7 7 0 0 0 1-1.7 6.5 6.5 0 0 0 .4-2.5 1 1 0 0 1 .7-1h.4zM30.7 43.7c-15.5 1-28.5-6-30.1-16.4C-1.2 15.7 11.6 4 29 1.3 46.6-1.7 62.3 5.5 64 17.1c1.6 10.4-8.7 21-23.7 25a31.2 31.2 0 0 0 0 .9v.3a19 19 0 0 0 .1 1l.1.4.1.9a4.7 4.7 0 0 0 .5 1l.7 1a9.2 9.2 0 0 0 1.2 1l1.5.8.6.8-.7.6-1.1.3a11.2 11.2 0 0 1-2.6.4 8.6 8.6 0 0 1-3-.5 8.5 8.5 0 0 1-1-.4 11.2 11.2 0 0 1-1.8-1.2 13.3 13.3 0 0 1-1-1 18 18 0 0 1-.7-.6l-.4-.4a23.4 23.4 0 0 1-1.3-1.8l-.1-.1-.3-.5V45l-.3-.6v-.7zM83.1 36c3.6 0 6.5 3.2 6.5 7.1 0 4-3 7.2-6.5 7.2S76.7 47 76.7 43 79.6 36 83 36zm18 0c3.6 0 6.5 3.2 6.5 7.1 0 4-2.9 7.2-6.4 7.2S94.7 47 94.7 43s3-7.1 6.5-7.1zm-18 6.1c2 0 3.5 1.6 3.5 3.6S85 49.2 83 49.2s-3.4-1.6-3.4-3.6S81.2 42 83 42zm17.9 0c1.9 0 3.4 1.6 3.4 3.6s-1.5 3.6-3.4 3.6c-2 0-3.5-1.6-3.5-3.6S99.1 42 101 42zM17 28c-.3 1.6-1.8 5-5.2 5.8-2.5.6-4.1-.8-4.5-2.6-.4-1.9.7-3.5 2.1-4.5A3.5 3.5 0 0 1 8 24.6c-.4-2 .8-3.7 3.2-4.2 1.9-.5 3.1.2 3.4 1.5.3 1.1-.5 2.2-1.8 2.5-.9.3-1.6 0-1.7-.6a1.4 1.4 0 0 1 0-.7s.3.2 1 0c.7-.1 1-.7.9-1.2-.2-.6-1-.8-1.8-.6-1 .2-2 1-1.7 2.6.3 1 .9 1.6 1.5 1.8l.7-.2c1-.2 1.5 0 1.6.5 0 .4-.2 1-1.2 1.2a3.3 3.3 0 0 1-1.5 0c-.9.7-1.6 1.9-1.3 3.2.3 1.3 1.3 2.2 3 1.8 2.5-.7 3.8-3.7 4.2-5-.3-.5-.6-1-.7-1.6-.1-.5.1-1 .9-1.2.4 0 .7.2.8.8a2.8 2.8 0 0 1 0 1l.7 1c.6-2 1.4-4 1.7-4 .6-.2 1.5.6 1.5.6-.8.7-1.7 2.4-2.3 4.2.8.6 1.6 1 2.1 1 .5-.1.8-.6 1-1.2-.3-2.2 1-4.3 2.3-4.6.7-.2 1.3.2 1.4.8.1.5 0 1.3-.9 1.7-.2-1-.6-1.3-1-1.3-.4.1-.7 1.4-.4 2.8.2 1 .7 1.5 1.3 1.4.8-.2 1.3-1.2 1.7-2.1-.3-2.1.9-4.2 2.2-4.5.7-.2 1.2.1 1.4 1 .4 1.4-1 2.8-2.2 3.4.3.7.7 1 1.3.9 1-.3 1.6-1.5 2-2.5l-.5-3v-.3s1.6-.3 1.8.6v.1c.2-.6.7-1.2 1.3-1.4.8-.1 1.5.6 1.7 1.6.5 2.2-.5 4.4-1.8 4.7H33a31.9 31.9 0 0 0 1 5.2c-.4.1-1.8.4-2-.4l-.5-5.6c-.5 1-1.3 2.2-2.5 2.4-1 .3-1.6-.3-2-1.1-.5 1-1.3 2.1-2.4 2.4-.8.2-1.5-.1-2-1-.3.8-.9 1.5-1.5 1.7-.7.1-1.5-.3-2.4-1-.3.8-.4 1.6-.4 2.2 0 0-.7 0-.8-.4-.1-.5 0-1.5.3-2.7a10.3 10.3 0 0 1-.7-.8zm38.2-17.8l.2.9c.5 1.9.4 4.4.8 6.4 0 .6-.4 3-1.4 3.3-.2 0-.3 0-.4-.4-.1-.7 0-1.6-.3-2.6-.2-1.1-.8-1.6-1.5-1.5-.8.2-1.3 1-1.6 2l-.1-.5c-.2-1-1.8-.6-1.8-.6a6.2 6.2 0 0 1 .4 1.3l.2 1c-.2.5-.6 1-1.2 1l-.2.1a7 7 0 0 0-.1-.8c-.3-1.1-1-2-1.6-1.8a.7.7 0 0 0-.4.3c-1.3.3-2.4 2-2.1 3.9-.2.9-.6 1.7-1 1.9-.5 0-.8-.5-1.1-1.8l-.1-1.2a4 4 0 0 0 0-1.7c0-.4-.4-.7-.8-.6-.7.2-.9 1.7-.5 3.8-.2 1-.6 2-1.3 2-.4.2-.8-.2-1-1l-.2-3c1.2-.5 2-1 1.8-1.7-.1-.5-.8-.7-.8-.7s0 .7-1 1.2l-.2-1.4c-.1-.6-.4-1-1.7-.6l.4 1 .2 1.5h-1v.8c0 .3.4.3 1 .2 0 1.3 0 2.7.2 3.6.3 1.4 1.2 2 2 1.7 1-.2 1.6-1.3 2-2.3.3 1.2 1 2 1.9 1.7.7-.2 1.2-1.1 1.6-2.2.4.8 1.1 1.1 2 1 1.2-.4 1.7-1.6 1.8-2.8h.2c.6-.2 1-.6 1.3-1 0 .8 0 1.5.2 2.1.1.5.3.7.6.6.5-.1 1-.9 1-.9a4 4 0 0 1-.3-1c-.3-1.3.3-3.6 1-3.7.2 0 .3.2.5.7v.8l.2 1.5v.7c.2.7.7 1.3 1.5 1 1.3-.2 2-2.6 2.1-3.9.3.2.6.2 1 .1-.6-2.2 0-6.1-.3-7.9-.1-.4-1-.5-1.7-.5h-.4zm-21.5 12c.4 0 .7.3 1 1.1.2 1.3-.3 2.6-.9 2.8-.2 0-.7 0-1-1.2v-.4c0-1.3.4-2 1-2.2zm-5.2 1c.3 0 .6.2.6.5.2.6-.3 1.3-1.2 2-.3-1.4.1-2.3.6-2.5zm18-.4c-.5.2-1-.4-1.2-1.2-.2-1 0-2.1.7-2.5v.5c.2.7.6 1.5 1.3 1.9 0 .7-.2 1.2-.7 1.3zm10-1.6c0 .5.4.7 1 .6.8-.2 1-1 .8-1.6 0-.5-.4-1-1-.8-.5.1-1 .9-.8 1.8zm-14.3-5.5c0-.4-.5-.7-1-.5-.8.2-1 1-.9 1.5.2.6.5 1 1 .8.5 0 1.1-1 1-1.8z" fill="#fff" fill-opacity=".6"/&gt;&lt;/svg&gt;            &lt;/div&gt;
        &lt;/div&gt;
    &lt;/div&gt;
&lt;/div&gt;

&lt;div class="container"&gt;
    &lt;div class="sf-tabs"&gt;
        &lt;div class="tab"&gt;
                        &lt;h3 class="tab-title"&gt;
                                    Exceptions &lt;span class="badge"&gt;2&lt;/span&gt;
                            &lt;/h3&gt;

            &lt;div class="tab-content"&gt;
                &lt;div class="trace trace-as-html" id="trace-box-1"&gt;
    &lt;div class="trace-details"&gt;
        &lt;div class="trace-head"&gt;
            &lt;div class="sf-toggle" data-toggle-selector="#trace-html-1" data-toggle-initial="display"&gt;
                &lt;span class="icon icon-close"&gt;&lt;svg width="1792" height="1792" viewBox="0 0 1792 1792" xmlns="http://www.w3.org/2000/svg"&gt;&lt;path d="M1344 800v64q0 14-9 23t-23 9H480q-14 0-23-9t-9-23v-64q0-14 9-23t23-9h832q14 0 23 9t9 23zm128 448V416q0-66-47-113t-113-47H480q-66 0-113 47t-47 113v832q0 66 47 113t113 47h832q66 0 113-47t47-113zm128-832v832q0 119-84.5 203.5T1312 1536H480q-119 0-203.5-84.5T192 1248V416q0-119 84.5-203.5T480 128h832q119 0 203.5 84.5T1600 416z"/&gt;&lt;/svg&gt;&lt;/span&gt;
                &lt;span class="icon icon-open"&gt;&lt;svg width="1792" height="1792" viewBox="0 0 1792 1792" xmlns="http://www.w3.org/2000/svg"&gt;&lt;path d="M1344 800v64q0 14-9 23t-23 9H960v352q0 14-9 23t-23 9h-64q-14 0-23-9t-9-23V896H480q-14 0-23-9t-9-23v-64q0-14 9-23t23-9h352V416q0-14 9-23t23-9h64q14 0 23 9t9 23v352h352q14 0 23 9t9 23zm128 448V416q0-66-47-113t-113-47H480q-66 0-113 47t-47 113v832q0 66 47 113t113 47h832q66 0 113-47t47-113zm128-832v832q0 119-84.5 203.5T1312 1536H480q-119 0-203.5-84.5T192 1248V416q0-119 84.5-203.5T480 128h832q119 0 203.5 84.5T1600 416z"/&gt;&lt;/svg&gt;&lt;/span&gt;
                                                    &lt;h3 class="trace-class"&gt;
                                                    &lt;span class="trace-namespace"&gt;Symfony\Component\HttpKernel\Exception\&lt;/span&gt;
                                                NotFoundHttpException                    &lt;/h3&gt;
                                            &lt;/div&gt;
                            &lt;details class="exception-properties-wrapper"&gt;
                    &lt;summary&gt;Show exception properties&lt;/summary&gt;
                    &lt;div class="exception-properties"&gt;
                        &lt;script&gt; Sfdump = window.Sfdump || (function (doc) { doc.documentElement.classList.add('sf-js-enabled'); var rxEsc = /([.*+?^${}()|\[\]\/\\])/g, idRx = /\bsf-dump-\d+-ref[012]\w+\b/, keyHint = 0 &lt;= navigator.platform.toUpperCase().indexOf('MAC') ? 'Cmd' : 'Ctrl', addEventListener = function (e, n, cb) { e.addEventListener(n, cb, false); }; if (!doc.addEventListener) { addEventListener = function (element, eventName, callback) { element.attachEvent('on' + eventName, function (e) { e.preventDefault = function () {e.returnValue = false;}; e.target = e.srcElement; callback(e); }); }; } function toggle(a, recursive) { var s = a.nextSibling || {}, oldClass = s.className, arrow, newClass; if (/\bsf-dump-compact\b/.test(oldClass)) { arrow = '&amp;#9660;'; newClass = 'sf-dump-expanded'; } else if (/\bsf-dump-expanded\b/.test(oldClass)) { arrow = '&amp;#9654;'; newClass = 'sf-dump-compact'; } else { return false; } if (doc.createEvent &amp;&amp; s.dispatchEvent) { var event = doc.createEvent('Event'); event.initEvent('sf-dump-expanded' === newClass ? 'sfbeforedumpexpand' : 'sfbeforedumpcollapse', true, false); s.dispatchEvent(event); } a.lastChild.innerHTML = arrow; s.className = s.className.replace(/\bsf-dump-(compact|expanded)\b/, newClass); if (recursive) { try { a = s.querySelectorAll('.'+oldClass); for (s = 0; s &lt; a.length; ++s) { if (-1 == a[s].className.indexOf(newClass)) { a[s].className = newClass; a[s].previousSibling.lastChild.innerHTML = arrow; } } } catch (e) { } } return true; }; function collapse(a, recursive) { var s = a.nextSibling || {}, oldClass = s.className; if (/\bsf-dump-expanded\b/.test(oldClass)) { toggle(a, recursive); return true; } return false; }; function expand(a, recursive) { var s = a.nextSibling || {}, oldClass = s.className; if (/\bsf-dump-compact\b/.test(oldClass)) { toggle(a, recursive); return true; } return false; }; function collapseAll(root) { var a = root.querySelector('a.sf-dump-toggle'); if (a) { collapse(a, true); expand(a); return true; } return false; } function reveal(node) { var previous, parents = []; while ((node = node.parentNode || {}) &amp;&amp; (previous = node.previousSibling) &amp;&amp; 'A' === previous.tagName) { parents.push(previous); } if (0 !== parents.length) { parents.forEach(function (parent) { expand(parent); }); return true; } return false; } function highlight(root, activeNode, nodes) { resetHighlightedNodes(root); Array.from(nodes||[]).forEach(function (node) { if (!/\bsf-dump-highlight\b/.test(node.className)) { node.className = node.className + ' sf-dump-highlight'; } }); if (!/\bsf-dump-highlight-active\b/.test(activeNode.className)) { activeNode.className = activeNode.className + ' sf-dump-highlight-active'; } } function resetHighlightedNodes(root) { Array.from(root.querySelectorAll('.sf-dump-str, .sf-dump-key, .sf-dump-public, .sf-dump-protected, .sf-dump-private')).forEach(function (strNode) { strNode.className = strNode.className.replace(/\bsf-dump-highlight\b/, ''); strNode.className = strNode.className.replace(/\bsf-dump-highlight-active\b/, ''); }); } return function (root, x) { root = doc.getElementById(root); var indentRx = new RegExp('^('+(root.getAttribute('data-indent-pad') || ' ').replace(rxEsc, '\\$1')+')+', 'm'), options = {"maxDepth":1,"maxStringLength":160,"fileLinkFormat":false}, elt = root.getElementsByTagName('A'), len = elt.length, i = 0, s, h, t = []; while (i &lt; len) t.push(elt[i++]); for (i in x) { options[i] = x[i]; } function a(e, f) { addEventListener(root, e, function (e, n) { if ('A' == e.target.tagName) { f(e.target, e); } else if ('A' == e.target.parentNode.tagName) { f(e.target.parentNode, e); } else { n = /\bsf-dump-ellipsis\b/.test(e.target.className) ? e.target.parentNode : e.target; if ((n = n.nextElementSibling) &amp;&amp; 'A' == n.tagName) { if (!/\bsf-dump-toggle\b/.test(n.className)) { n = n.nextElementSibling || n; } f(n, e, true); } } }); }; function isCtrlKey(e) { return e.ctrlKey || e.metaKey; } function xpathString(str) { var parts = str.match(/[^'"]+|['"]/g).map(function (part) { if ("'" == part) { return '"\'"'; } if ('"' == part) { return "'\"'"; } return "'" + part + "'"; }); return "concat(" + parts.join(",") + ", '')"; } function xpathHasClass(className) { return "contains(concat(' ', normalize-space(@class), ' '), ' " + className +" ')"; } a('mouseover', function (a, e, c) { if (c) { e.target.style.cursor = "pointer"; } }); a('click', function (a, e, c) { if (/\bsf-dump-toggle\b/.test(a.className)) { e.preventDefault(); if (!toggle(a, isCtrlKey(e))) { var r = doc.getElementById(a.getAttribute('href').slice(1)), s = r.previousSibling, f = r.parentNode, t = a.parentNode; t.replaceChild(r, a); f.replaceChild(a, s); t.insertBefore(s, r); f = f.firstChild.nodeValue.match(indentRx); t = t.firstChild.nodeValue.match(indentRx); if (f &amp;&amp; t &amp;&amp; f[0] !== t[0]) { r.innerHTML = r.innerHTML.replace(new RegExp('^'+f[0].replace(rxEsc, '\\$1'), 'mg'), t[0]); } if (/\bsf-dump-compact\b/.test(r.className)) { toggle(s, isCtrlKey(e)); } } if (c) { } else if (doc.getSelection) { try { doc.getSelection().removeAllRanges(); } catch (e) { doc.getSelection().empty(); } } else { doc.selection.empty(); } } else if (/\bsf-dump-str-toggle\b/.test(a.className)) { e.preventDefault(); e = a.parentNode.parentNode; e.className = e.className.replace(/\bsf-dump-str-(expand|collapse)\b/, a.parentNode.className); } }); elt = root.getElementsByTagName('SAMP'); len = elt.length; i = 0; while (i &lt; len) t.push(elt[i++]); len = t.length; for (i = 0; i &lt; len; ++i) { elt = t[i]; if ('SAMP' == elt.tagName) { a = elt.previousSibling || {}; if ('A' != a.tagName) { a = doc.createElement('A'); a.className = 'sf-dump-ref'; elt.parentNode.insertBefore(a, elt); } else { a.innerHTML += ' '; } a.title = (a.title ? a.title+'\n[' : '[')+keyHint+'+click] Expand all children'; a.innerHTML += elt.className == 'sf-dump-compact' ? '&lt;span&gt;&amp;#9654;&lt;/span&gt;' : '&lt;span&gt;&amp;#9660;&lt;/span&gt;'; a.className += ' sf-dump-toggle'; x = 1; if ('sf-dump' != elt.parentNode.className) { x += elt.parentNode.getAttribute('data-depth')/1; } } else if (/\bsf-dump-ref\b/.test(elt.className) &amp;&amp; (a = elt.getAttribute('href'))) { a = a.slice(1); elt.className += ' sf-dump-hover'; elt.className += ' '+a; if (/[\[{]$/.test(elt.previousSibling.nodeValue)) { a = a != elt.nextSibling.id &amp;&amp; doc.getElementById(a); try { s = a.nextSibling; elt.appendChild(a); s.parentNode.insertBefore(a, s); if (/^[@#]/.test(elt.innerHTML)) { elt.innerHTML += ' &lt;span&gt;&amp;#9654;&lt;/span&gt;'; } else { elt.innerHTML = '&lt;span&gt;&amp;#9654;&lt;/span&gt;'; elt.className = 'sf-dump-ref'; } elt.className += ' sf-dump-toggle'; } catch (e) { if ('&amp;' == elt.innerHTML.charAt(0)) { elt.innerHTML = '&amp;#8230;'; elt.className = 'sf-dump-ref'; } } } } } if (doc.evaluate &amp;&amp; Array.from &amp;&amp; root.children.length &gt; 1) { root.setAttribute('tabindex', 0); SearchState = function () { this.nodes = []; this.idx = 0; }; SearchState.prototype = { next: function () { if (this.isEmpty()) { return this.current(); } this.idx = this.idx &lt; (this.nodes.length - 1) ? this.idx + 1 : 0; return this.current(); }, previous: function () { if (this.isEmpty()) { return this.current(); } this.idx = this.idx &gt; 0 ? this.idx - 1 : (this.nodes.length - 1); return this.current(); }, isEmpty: function () { return 0 === this.count(); }, current: function () { if (this.isEmpty()) { return null; } return this.nodes[this.idx]; }, reset: function () { this.nodes = []; this.idx = 0; }, count: function () { return this.nodes.length; }, }; function showCurrent(state) { var currentNode = state.current(), currentRect, searchRect; if (currentNode) { reveal(currentNode); highlight(root, currentNode, state.nodes); if ('scrollIntoView' in currentNode) { currentNode.scrollIntoView(true); currentRect = currentNode.getBoundingClientRect(); searchRect = search.getBoundingClientRect(); if (currentRect.top &lt; (searchRect.top + searchRect.height)) { window.scrollBy(0, -(searchRect.top + searchRect.height + 5)); } } } counter.textContent = (state.isEmpty() ? 0 : state.idx + 1) + ' of ' + state.count(); } var search = doc.createElement('div'); search.className = 'sf-dump-search-wrapper sf-dump-search-hidden'; search.innerHTML = ' &lt;input type="text" class="sf-dump-search-input"&gt; &lt;span class="sf-dump-search-count"&gt;0 of 0&lt;\/span&gt; &lt;button type="button" class="sf-dump-search-input-previous" tabindex="-1"&gt; &lt;svg viewBox="0 0 1792 1792" xmlns="http://www.w3.org/2000/svg"&gt;&lt;path d="M1683 1331l-166 165q-19 19-45 19t-45-19L896 965l-531 531q-19 19-45 19t-45-19l-166-165q-19-19-19-45.5t19-45.5l742-741q19-19 45-19t45 19l742 741q19 19 19 45.5t-19 45.5z"\/&gt;&lt;\/svg&gt; &lt;\/button&gt; &lt;button type="button" class="sf-dump-search-input-next" tabindex="-1"&gt; &lt;svg viewBox="0 0 1792 1792" xmlns="http://www.w3.org/2000/svg"&gt;&lt;path d="M1683 808l-742 741q-19 19-45 19t-45-19L109 808q-19-19-19-45.5t19-45.5l166-165q19-19 45-19t45 19l531 531 531-531q19-19 45-19t45 19l166 165q19 19 19 45.5t-19 45.5z"\/&gt;&lt;\/svg&gt; &lt;\/button&gt; '; root.insertBefore(search, root.firstChild); var state = new SearchState(); var searchInput = search.querySelector('.sf-dump-search-input'); var counter = search.querySelector('.sf-dump-search-count'); var searchInputTimer = 0; var previousSearchQuery = ''; addEventListener(searchInput, 'keyup', function (e) { var searchQuery = e.target.value; /* Don't perform anything if the pressed key didn't change the query */ if (searchQuery === previousSearchQuery) { return; } previousSearchQuery = searchQuery; clearTimeout(searchInputTimer); searchInputTimer = setTimeout(function () { state.reset(); collapseAll(root); resetHighlightedNodes(root); if ('' === searchQuery) { counter.textContent = '0 of 0'; return; } var classMatches = [ "sf-dump-str", "sf-dump-key", "sf-dump-public", "sf-dump-protected", "sf-dump-private", ].map(xpathHasClass).join(' or '); var xpathResult = doc.evaluate('.//span[' + classMatches + '][contains(translate(child::text(), ' + xpathString(searchQuery.toUpperCase()) + ', ' + xpathString(searchQuery.toLowerCase()) + '), ' + xpathString(searchQuery.toLowerCase()) + ')]', root, null, XPathResult.ORDERED_NODE_ITERATOR_TYPE, null); while (node = xpathResult.iterateNext()) state.nodes.push(node); showCurrent(state); }, 400); }); Array.from(search.querySelectorAll('.sf-dump-search-input-next, .sf-dump-search-input-previous')).forEach(function (btn) { addEventListener(btn, 'click', function (e) { e.preventDefault(); -1 !== e.target.className.indexOf('next') ? state.next() : state.previous(); searchInput.focus(); collapseAll(root); showCurrent(state); }) }); addEventListener(root, 'keydown', function (e) { var isSearchActive = !/\bsf-dump-search-hidden\b/.test(search.className); if ((114 === e.keyCode &amp;&amp; !isSearchActive) || (isCtrlKey(e) &amp;&amp; 70 === e.keyCode)) { /* F3 or CMD/CTRL + F */ if (70 === e.keyCode &amp;&amp; document.activeElement === searchInput) { /* * If CMD/CTRL + F is hit while having focus on search input, * the user probably meant to trigger browser search instead. * Let the browser execute its behavior: */ return; } e.preventDefault(); search.className = search.className.replace(/\bsf-dump-search-hidden\b/, ''); searchInput.focus(); } else if (isSearchActive) { if (27 === e.keyCode) { /* ESC key */ search.className += ' sf-dump-search-hidden'; e.preventDefault(); resetHighlightedNodes(root); searchInput.value = ''; } else if ( (isCtrlKey(e) &amp;&amp; 71 === e.keyCode) /* CMD/CTRL + G */ || 13 === e.keyCode /* Enter */ || 114 === e.keyCode /* F3 */ ) { e.preventDefault(); e.shiftKey ? state.previous() : state.next(); collapseAll(root); showCurrent(state); } } }); } if (0 &gt;= options.maxStringLength) { return; } try { elt = root.querySelectorAll('.sf-dump-str'); len = elt.length; i = 0; t = []; while (i &lt; len) t.push(elt[i++]); len = t.length; for (i = 0; i &lt; len; ++i) { elt = t[i]; s = elt.innerText || elt.textContent; x = s.length - options.maxStringLength; if (0 &lt; x) { h = elt.innerHTML; elt[elt.innerText ? 'innerText' : 'textContent'] = s.substring(0, options.maxStringLength); elt.className += ' sf-dump-str-collapse'; elt.innerHTML = '&lt;span class=sf-dump-str-collapse&gt;'+h+'&lt;a class="sf-dump-ref sf-dump-str-toggle" title="Collapse"&gt; &amp;#9664;&lt;/a&gt;&lt;/span&gt;'+ '&lt;span class=sf-dump-str-expand&gt;'+elt.innerHTML+'&lt;a class="sf-dump-ref sf-dump-str-toggle" title="'+x+' remaining characters"&gt; &amp;#9654;&lt;/a&gt;&lt;/span&gt;'; } } } catch (e) { } }; })(document); &lt;/script&gt;&lt;style&gt; .sf-js-enabled pre.sf-dump .sf-dump-compact, .sf-js-enabled .sf-dump-str-collapse .sf-dump-str-collapse, .sf-js-enabled .sf-dump-str-expand .sf-dump-str-expand { display: none; } .sf-dump-hover:hover { background-color: #B729D9; color: #FFF !important; border-radius: 2px; } pre.sf-dump { display: block; white-space: pre; padding: 5px; overflow: initial !important; } pre.sf-dump:after { content: ""; visibility: hidden; display: block; height: 0; clear: both; } pre.sf-dump .sf-dump-ellipsization { display: inline-flex; } pre.sf-dump a { text-decoration: none; cursor: pointer; border: 0; outline: none; color: inherit; } pre.sf-dump img { max-width: 50em; max-height: 50em; margin: .5em 0 0 0; padding: 0; background: url(data:image/png;base64,iVBORw0KGgoAAAANSUhEUgAAABAAAAAQCAAAAAA6mKC9AAAAHUlEQVQY02O8zAABilCaiQEN0EeA8QuUcX9g3QEAAjcC5piyhyEAAAAASUVORK5CYII=) #D3D3D3; } pre.sf-dump .sf-dump-ellipsis { text-overflow: ellipsis; white-space: nowrap; overflow: hidden; } pre.sf-dump .sf-dump-ellipsis-tail { flex-shrink: 0; } pre.sf-dump code { display:inline; padding:0; background:none; } .sf-dump-public.sf-dump-highlight, .sf-dump-protected.sf-dump-highlight, .sf-dump-private.sf-dump-highlight, .sf-dump-str.sf-dump-highlight, .sf-dump-key.sf-dump-highlight { background: rgba(111, 172, 204, 0.3); border: 1px solid #7DA0B1; border-radius: 3px; } .sf-dump-public.sf-dump-highlight-active, .sf-dump-protected.sf-dump-highlight-active, .sf-dump-private.sf-dump-highlight-active, .sf-dump-str.sf-dump-highlight-active, .sf-dump-key.sf-dump-highlight-active { background: rgba(253, 175, 0, 0.4); border: 1px solid #ffa500; border-radius: 3px; } pre.sf-dump .sf-dump-search-hidden { display: none !important; } pre.sf-dump .sf-dump-search-wrapper { font-size: 0; white-space: nowrap; margin-bottom: 5px; display: flex; position: -webkit-sticky; position: sticky; top: 5px; } pre.sf-dump .sf-dump-search-wrapper &gt; * { vertical-align: top; box-sizing: border-box; height: 21px; font-weight: normal; border-radius: 0; background: #FFF; color: #757575; border: 1px solid #BBB; } pre.sf-dump .sf-dump-search-wrapper &gt; input.sf-dump-search-input { padding: 3px; height: 21px; font-size: 12px; border-right: none; border-top-left-radius: 3px; border-bottom-left-radius: 3px; color: #000; min-width: 15px; width: 100%; } pre.sf-dump .sf-dump-search-wrapper &gt; .sf-dump-search-input-next, pre.sf-dump .sf-dump-search-wrapper &gt; .sf-dump-search-input-previous { background: #F2F2F2; outline: none; border-left: none; font-size: 0; line-height: 0; } pre.sf-dump .sf-dump-search-wrapper &gt; .sf-dump-search-input-next { border-top-right-radius: 3px; border-bottom-right-radius: 3px; } pre.sf-dump .sf-dump-search-wrapper &gt; .sf-dump-search-input-next &gt; svg, pre.sf-dump .sf-dump-search-wrapper &gt; .sf-dump-search-input-previous &gt; svg { pointer-events: none; width: 12px; height: 12px; } pre.sf-dump .sf-dump-search-wrapper &gt; .sf-dump-search-count { display: inline-block; padding: 0 5px; margin: 0; border-left: none; line-height: 21px; font-size: 12px; }pre.sf-dump, pre.sf-dump .sf-dump-default{background:none; color:#CC7832; line-height:1.2em; font:12px Menlo, Monaco, Consolas, monospace; word-wrap: break-word; white-space: pre-wrap; position:relative; z-index:99999; word-break: break-all}pre.sf-dump .sf-dump-num{font-weight:bold; color:#1299DA}pre.sf-dump .sf-dump-const{font-weight:bold}pre.sf-dump .sf-dump-str{font-weight:bold; color:#629755;}pre.sf-dump .sf-dump-note{color:#6897BB}pre.sf-dump .sf-dump-ref{color:#6E6E6E}pre.sf-dump .sf-dump-public{color:#262626}pre.sf-dump .sf-dump-protected{color:#262626}pre.sf-dump .sf-dump-private{color:#262626}pre.sf-dump .sf-dump-meta{color:#B729D9}pre.sf-dump .sf-dump-key{color:#789339}pre.sf-dump .sf-dump-index{color:#1299DA}pre.sf-dump .sf-dump-ellipsis{color:#CC7832}pre.sf-dump .sf-dump-ns{user-select:none;}pre.sf-dump .sf-dump-ellipsis-note{color:#6897BB}&lt;/style&gt;&lt;pre class=sf-dump id=sf-dump-169242390 data-indent-pad="  "&gt;&lt;span class=sf-dump-note&gt;Symfony\Component\HttpKernel\Exception\NotFoundHttpException&lt;/span&gt; {&lt;a class=sf-dump-ref&gt;#1327&lt;/a&gt;&lt;samp data-depth=1 class=sf-dump-expanded&gt;
  -&lt;span class=sf-dump-private title="Private property defined in class:&amp;#10;`Symfony\Component\HttpKernel\Exception\HttpException`"&gt;statusCode&lt;/span&gt;: &lt;span class=sf-dump-num&gt;404&lt;/span&gt;
  -&lt;span class=sf-dump-private title="Private property defined in class:&amp;#10;`Symfony\Component\HttpKernel\Exception\HttpException`"&gt;headers&lt;/span&gt;: []
&lt;/samp&gt;}
&lt;/pre&gt;&lt;script&gt;Sfdump("sf-dump-169242390")&lt;/script&gt;
                    &lt;/div&gt;
                &lt;/details&gt;
                    &lt;/div&gt;

        &lt;div id="trace-html-1" class="sf-toggle-content"&gt;
                    &lt;div class="trace-line "&gt;
                &lt;div class="trace-line-header break-long-words sf-toggle" data-toggle-selector="#trace-html-1-0" data-toggle-initial="display"&gt;
            &lt;span class="icon icon-close"&gt;&lt;svg width="1792" height="1792" viewBox="0 0 1792 1792" xmlns="http://www.w3.org/2000/svg"&gt;&lt;path d="M1408 960V832q0-26-19-45t-45-19H448q-26 0-45 19t-19 45v128q0 26 19 45t45 19h896q26 0 45-19t19-45zm256-544v960q0 119-84.5 203.5T1376 1664H416q-119 0-203.5-84.5T128 1376V416q0-119 84.5-203.5T416 128h960q119 0 203.5 84.5T1664 416z"/&gt;&lt;/svg&gt;&lt;/span&gt;
        &lt;span class="icon icon-open"&gt;&lt;svg width="1792" height="1792" viewBox="0 0 1792 1792" xmlns="http://www.w3.org/2000/svg"&gt;&lt;path d="M1408 960V832q0-26-19-45t-45-19h-320V448q0-26-19-45t-45-19H832q-26 0-45 19t-19 45v320H448q-26 0-45 19t-19 45v128q0 26 19 45t45 19h320v320q0 26 19 45t45 19h128q26 0 45-19t19-45v-320h320q26 0 45-19t19-45zm256-544v960q0 119-84.5 203.5T1376 1664H416q-119 0-203.5-84.5T128 1376V416q0-119 84.5-203.5T416 128h960q119 0 203.5 84.5T1664 416z"/&gt;&lt;/svg&gt;&lt;/span&gt;
    
    
                    &lt;span class="block trace-file-path"&gt;
            in
            &lt;a href="file://C:\Users\sliti\Desktop\dev\esprit-PIDEV-3A16-2526-FARMIA\vendor\symfony\http-kernel\EventListener\RouterListener.php#L127"&gt;
                C:\Users\sliti\Desktop\dev\esprit-PIDEV-3A16-2526-FARMIA\vendor\symfony\http-kernel\EventListener\&lt;strong&gt;RouterListener.php&lt;/strong&gt;
            &lt;/a&gt;
                        (line 127)
            &lt;span class="icon icon-copy hidden" data-clipboard-text="C:\Users\sliti\Desktop\dev\esprit-PIDEV-3A16-2526-FARMIA\vendor\symfony\http-kernel\EventListener\RouterListener.php:127"&gt;
                &lt;svg xmlns="http://www.w3.org/2000/svg" height="24" viewBox="0 0 24 24" width="24"&gt;&lt;path d="M0 0h24v24H0z" fill="none"/&gt;&lt;path d="M16 1H4c-1.1 0-2 .9-2 2v14h2V3h12V1zm3 4H8c-1.1 0-2 .9-2 2v14c0 1.1.9 2 2 2h11c1.1 0 2-.9 2-2V7c0-1.1-.9-2-2-2zm0 16H8V7h11v14z"/&gt;&lt;/svg&gt;            &lt;/span&gt;
        &lt;/span&gt;
    &lt;/div&gt;
    &lt;div id="trace-html-1-0" class="trace-code sf-toggle-content"&gt;
        &lt;ol start="122"&gt;&lt;li&gt;&lt;code&gt;&lt;span style="color: var(--highlight-keyword)"&gt;&lt;/span&gt;&lt;/code&gt;&lt;/li&gt;
&lt;li&gt;&lt;code&gt;&lt;span style="color: var(--highlight-keyword)"&gt;&amp;nbsp;&amp;nbsp;&amp;nbsp;&amp;nbsp;&amp;nbsp;&amp;nbsp;&amp;nbsp;&amp;nbsp;&amp;nbsp;&amp;nbsp;&amp;nbsp;&amp;nbsp;if&amp;nbsp;(&lt;/span&gt;&lt;span style="color: var(--highlight-default)"&gt;$referer&amp;nbsp;&lt;/span&gt;&lt;span style="color: var(--highlight-keyword)"&gt;=&amp;nbsp;&lt;/span&gt;&lt;span style="color: var(--highlight-default)"&gt;$request&lt;/span&gt;&lt;span style="color: var(--highlight-keyword)"&gt;-&amp;gt;&lt;/span&gt;&lt;span style="color: var(--highlight-default)"&gt;headers&lt;/span&gt;&lt;span style="color: var(--highlight-keyword)"&gt;-&amp;gt;&lt;/span&gt;&lt;span style="color: var(--highlight-default)"&gt;get&lt;/span&gt;&lt;span style="color: var(--highlight-keyword)"&gt;(&lt;/span&gt;&lt;span style="color: var(--highlight-string)"&gt;'referer'&lt;/span&gt;&lt;span style="color: var(--highlight-keyword)"&gt;))&amp;nbsp;{&lt;/span&gt;&lt;/code&gt;&lt;/li&gt;
&lt;li&gt;&lt;code&gt;&lt;span style="color: var(--highlight-keyword)"&gt;&amp;nbsp;&amp;nbsp;&amp;nbsp;&amp;nbsp;&amp;nbsp;&amp;nbsp;&amp;nbsp;&amp;nbsp;&amp;nbsp;&amp;nbsp;&amp;nbsp;&amp;nbsp;&amp;nbsp;&amp;nbsp;&amp;nbsp;&amp;nbsp;&lt;/span&gt;&lt;span style="color: var(--highlight-default)"&gt;$message&amp;nbsp;&lt;/span&gt;&lt;span style="color: var(--highlight-keyword)"&gt;.=&amp;nbsp;&lt;/span&gt;&lt;span style="color: var(--highlight-default)"&gt;\sprintf&lt;/span&gt;&lt;span style="color: var(--highlight-keyword)"&gt;(&lt;/span&gt;&lt;span style="color: var(--highlight-string)"&gt;'&amp;nbsp;(from&amp;nbsp;"%s")'&lt;/span&gt;&lt;span style="color: var(--highlight-keyword)"&gt;,&amp;nbsp;&lt;/span&gt;&lt;span style="color: var(--highlight-default)"&gt;$referer&lt;/span&gt;&lt;span style="color: var(--highlight-keyword)"&gt;);&lt;/span&gt;&lt;/code&gt;&lt;/li&gt;
&lt;li&gt;&lt;code&gt;&lt;span style="color: var(--highlight-keyword)"&gt;&amp;nbsp;&amp;nbsp;&amp;nbsp;&amp;nbsp;&amp;nbsp;&amp;nbsp;&amp;nbsp;&amp;nbsp;&amp;nbsp;&amp;nbsp;&amp;nbsp;&amp;nbsp;}&lt;/span&gt;&lt;/code&gt;&lt;/li&gt;
&lt;li&gt;&lt;code&gt;&lt;span style="color: var(--highlight-keyword)"&gt;&lt;/span&gt;&lt;/code&gt;&lt;/li&gt;
&lt;li class="selected"&gt;&lt;code&gt;&lt;span style="color: var(--highlight-keyword)"&gt;&amp;nbsp;&amp;nbsp;&amp;nbsp;&amp;nbsp;&amp;nbsp;&amp;nbsp;&amp;nbsp;&amp;nbsp;&amp;nbsp;&amp;nbsp;&amp;nbsp;&amp;nbsp;throw&amp;nbsp;new&amp;nbsp;&lt;/span&gt;&lt;span style="color: var(--highlight-default)"&gt;NotFoundHttpException&lt;/span&gt;&lt;span style="color: var(--highlight-keyword)"&gt;(&lt;/span&gt;&lt;span style="color: var(--highlight-default)"&gt;$message&lt;/span&gt;&lt;span style="color: var(--highlight-keyword)"&gt;,&amp;nbsp;&lt;/span&gt;&lt;span style="color: var(--highlight-default)"&gt;$e&lt;/span&gt;&lt;span style="color: var(--highlight-keyword)"&gt;);&lt;/span&gt;&lt;/code&gt;&lt;/li&gt;
&lt;li&gt;&lt;code&gt;&lt;span style="color: var(--highlight-keyword)"&gt;&amp;nbsp;&amp;nbsp;&amp;nbsp;&amp;nbsp;&amp;nbsp;&amp;nbsp;&amp;nbsp;&amp;nbsp;}&amp;nbsp;catch&amp;nbsp;(&lt;/span&gt;&lt;span style="color: var(--highlight-default)"&gt;MethodNotAllowedException&amp;nbsp;$e&lt;/span&gt;&lt;span style="color: var(--highlight-keyword)"&gt;)&amp;nbsp;{&lt;/span&gt;&lt;/code&gt;&lt;/li&gt;
&lt;li&gt;&lt;code&gt;&lt;span style="color: var(--highlight-keyword)"&gt;&amp;nbsp;&amp;nbsp;&amp;nbsp;&amp;nbsp;&amp;nbsp;&amp;nbsp;&amp;nbsp;&amp;nbsp;&amp;nbsp;&amp;nbsp;&amp;nbsp;&amp;nbsp;&lt;/span&gt;&lt;span style="color: var(--highlight-default)"&gt;$message&amp;nbsp;&lt;/span&gt;&lt;span style="color: var(--highlight-keyword)"&gt;=&amp;nbsp;&lt;/span&gt;&lt;span style="color: var(--highlight-default)"&gt;\sprintf&lt;/span&gt;&lt;span style="color: var(--highlight-keyword)"&gt;(&lt;/span&gt;&lt;span style="color: var(--highlight-string)"&gt;'No&amp;nbsp;route&amp;nbsp;found&amp;nbsp;for&amp;nbsp;"%s&amp;nbsp;%s":&amp;nbsp;Method&amp;nbsp;Not&amp;nbsp;Allowed&amp;nbsp;(Allow:&amp;nbsp;%s)'&lt;/span&gt;&lt;span style="color: var(--highlight-keyword)"&gt;,&amp;nbsp;&lt;/span&gt;&lt;span style="color: var(--highlight-default)"&gt;$request&lt;/span&gt;&lt;span style="color: var(--highlight-keyword)"&gt;-&amp;gt;&lt;/span&gt;&lt;span style="color: var(--highlight-default)"&gt;getMethod&lt;/span&gt;&lt;span style="color: var(--highlight-keyword)"&gt;(),&amp;nbsp;&lt;/span&gt;&lt;span style="color: var(--highlight-default)"&gt;$request&lt;/span&gt;&lt;span style="color: var(--highlight-keyword)"&gt;-&amp;gt;&lt;/span&gt;&lt;span style="color: var(--highlight-default)"&gt;getUriForPath&lt;/span&gt;&lt;span style="color: var(--highlight-keyword)"&gt;(&lt;/span&gt;&lt;span style="color: var(--highlight-default)"&gt;$request&lt;/span&gt;&lt;span style="color: var(--highlight-keyword)"&gt;-&amp;gt;&lt;/span&gt;&lt;span style="color: var(--highlight-default)"&gt;getPathInfo&lt;/span&gt;&lt;span style="color: var(--highlight-keyword)"&gt;()),&amp;nbsp;&lt;/span&gt;&lt;span style="color: var(--highlight-default)"&gt;implode&lt;/span&gt;&lt;span style="color: var(--highlight-keyword)"&gt;(&lt;/span&gt;&lt;span style="color: var(--highlight-string)"&gt;',&amp;nbsp;'&lt;/span&gt;&lt;span style="color: var(--highlight-keyword)"&gt;,&amp;nbsp;&lt;/span&gt;&lt;span style="color: var(--highlight-default)"&gt;$e&lt;/span&gt;&lt;span style="color: var(--highlight-keyword)"&gt;-&amp;gt;&lt;/span&gt;&lt;span style="color: var(--highlight-default)"&gt;getAllowedMethods&lt;/span&gt;&lt;span style="color: var(--highlight-keyword)"&gt;()));&lt;/span&gt;&lt;/code&gt;&lt;/li&gt;
&lt;li&gt;&lt;code&gt;&lt;span style="color: var(--highlight-keyword)"&gt;&lt;/span&gt;&lt;/code&gt;&lt;/li&gt;
&lt;li&gt;&lt;code&gt;&lt;span style="color: var(--highlight-keyword)"&gt;&amp;nbsp;&amp;nbsp;&amp;nbsp;&amp;nbsp;&amp;nbsp;&amp;nbsp;&amp;nbsp;&amp;nbsp;&amp;nbsp;&amp;nbsp;&amp;nbsp;&amp;nbsp;throw&amp;nbsp;new&amp;nbsp;&lt;/span&gt;&lt;span style="color: var(--highlight-default)"&gt;MethodNotAllowedHttpException&lt;/span&gt;&lt;span style="color: var(--highlight-keyword)"&gt;(&lt;/span&gt;&lt;span style="color: var(--highlight-default)"&gt;$e&lt;/span&gt;&lt;span style="color: var(--highlight-keyword)"&gt;-&amp;gt;&lt;/span&gt;&lt;span style="color: var(--highlight-default)"&gt;getAllowedMethods&lt;/span&gt;&lt;span style="color: var(--highlight-keyword)"&gt;(),&amp;nbsp;&lt;/span&gt;&lt;span style="color: var(--highlight-default)"&gt;$message&lt;/span&gt;&lt;span style="color: var(--highlight-keyword)"&gt;,&amp;nbsp;&lt;/span&gt;&lt;span style="color: var(--highlight-default)"&gt;$e&lt;/span&gt;&lt;span style="color: var(--highlight-keyword)"&gt;);&lt;/span&gt;&lt;/code&gt;&lt;/li&gt;
&lt;li&gt;&lt;code&gt;&lt;span style="color: var(--highlight-keyword)"&gt;&amp;nbsp;&amp;nbsp;&amp;nbsp;&amp;nbsp;&amp;nbsp;&amp;nbsp;&amp;nbsp;&amp;nbsp;}&lt;/span&gt;&lt;/code&gt;&lt;/li&gt;&lt;/ol&gt;    &lt;/div&gt;            &lt;/div&gt;
                        &lt;div class="trace-line "&gt;
                &lt;div class="trace-line-header break-long-words sf-toggle" data-toggle-selector="#trace-html-1-1" data-toggle-initial=""&gt;
            &lt;span class="icon icon-close"&gt;&lt;svg width="1792" height="1792" viewBox="0 0 1792 1792" xmlns="http://www.w3.org/2000/svg"&gt;&lt;path d="M1408 960V832q0-26-19-45t-45-19H448q-26 0-45 19t-19 45v128q0 26 19 45t45 19h896q26 0 45-19t19-45zm256-544v960q0 119-84.5 203.5T1376 1664H416q-119 0-203.5-84.5T128 1376V416q0-119 84.5-203.5T416 128h960q119 0 203.5 84.5T1664 416z"/&gt;&lt;/svg&gt;&lt;/span&gt;
        &lt;span class="icon icon-open"&gt;&lt;svg width="1792" height="1792" viewBox="0 0 1792 1792" xmlns="http://www.w3.org/2000/svg"&gt;&lt;path d="M1408 960V832q0-26-19-45t-45-19h-320V448q0-26-19-45t-45-19H832q-26 0-45 19t-19 45v320H448q-26 0-45 19t-19 45v128q0 26 19 45t45 19h320v320q0 26 19 45t45 19h128q26 0 45-19t19-45v-320h320q26 0 45-19t19-45zm256-544v960q0 119-84.5 203.5T1376 1664H416q-119 0-203.5-84.5T128 1376V416q0-119 84.5-203.5T416 128h960q119 0 203.5 84.5T1664 416z"/&gt;&lt;/svg&gt;&lt;/span&gt;
    
            &lt;span class="trace-class"&gt;&lt;abbr title="Symfony\Component\HttpKernel\EventListener\RouterListener"&gt;RouterListener&lt;/abbr&gt;&lt;/span&gt;&lt;span class="trace-type"&gt;-&gt;&lt;/span&gt;&lt;span class="trace-method"&gt;onKernelRequest&lt;/span&gt;&lt;span class="trace-arguments"&gt;(&lt;em&gt;object&lt;/em&gt;(&lt;abbr title="Symfony\Component\HttpKernel\Event\RequestEvent"&gt;RequestEvent&lt;/abbr&gt;), 'kernel.request', &lt;em&gt;object&lt;/em&gt;(&lt;abbr title="Symfony\Component\HttpKernel\Debug\TraceableEventDispatcher"&gt;TraceableEventDispatcher&lt;/abbr&gt;))&lt;/span&gt;    
                    &lt;span class="block trace-file-path"&gt;
            in
            &lt;a href="file://C:\Users\sliti\Desktop\dev\esprit-PIDEV-3A16-2526-FARMIA\vendor\symfony\event-dispatcher\Debug\WrappedListener.php#L116"&gt;
                C:\Users\sliti\Desktop\dev\esprit-PIDEV-3A16-2526-FARMIA\vendor\symfony\event-dispatcher\Debug\&lt;strong&gt;WrappedListener.php&lt;/strong&gt;
            &lt;/a&gt;
                        (line 116)
            &lt;span class="icon icon-copy hidden" data-clipboard-text="C:\Users\sliti\Desktop\dev\esprit-PIDEV-3A16-2526-FARMIA\vendor\symfony\event-dispatcher\Debug\WrappedListener.php:116"&gt;
                &lt;svg xmlns="http://www.w3.org/2000/svg" height="24" viewBox="0 0 24 24" width="24"&gt;&lt;path d="M0 0h24v24H0z" fill="none"/&gt;&lt;path d="M16 1H4c-1.1 0-2 .9-2 2v14h2V3h12V1zm3 4H8c-1.1 0-2 .9-2 2v14c0 1.1.9 2 2 2h11c1.1 0 2-.9 2-2V7c0-1.1-.9-2-2-2zm0 16H8V7h11v14z"/&gt;&lt;/svg&gt;            &lt;/span&gt;
        &lt;/span&gt;
    &lt;/div&gt;
    &lt;div id="trace-html-1-1" class="trace-code sf-toggle-content"&gt;
        &lt;ol start="111"&gt;&lt;li&gt;&lt;code&gt;&lt;span style="color: var(--highlight-keyword)"&gt;&amp;nbsp;&amp;nbsp;&amp;nbsp;&amp;nbsp;&amp;nbsp;&amp;nbsp;&amp;nbsp;&amp;nbsp;&lt;/span&gt;&lt;span style="color: var(--highlight-default)"&gt;$this&lt;/span&gt;&lt;span style="color: var(--highlight-keyword)"&gt;-&amp;gt;&lt;/span&gt;&lt;span style="color: var(--highlight-default)"&gt;priority&amp;nbsp;&lt;/span&gt;&lt;span style="color: var(--highlight-keyword)"&gt;??=&amp;nbsp;&lt;/span&gt;&lt;span style="color: var(--highlight-default)"&gt;$dispatcher&lt;/span&gt;&lt;span style="color: var(--highlight-keyword)"&gt;-&amp;gt;&lt;/span&gt;&lt;span style="color: var(--highlight-default)"&gt;getListenerPriority&lt;/span&gt;&lt;span style="color: var(--highlight-keyword)"&gt;(&lt;/span&gt;&lt;span style="color: var(--highlight-default)"&gt;$eventName&lt;/span&gt;&lt;span style="color: var(--highlight-keyword)"&gt;,&amp;nbsp;&lt;/span&gt;&lt;span style="color: var(--highlight-default)"&gt;$this&lt;/span&gt;&lt;span style="color: var(--highlight-keyword)"&gt;-&amp;gt;&lt;/span&gt;&lt;span style="color: var(--highlight-default)"&gt;listener&lt;/span&gt;&lt;span style="color: var(--highlight-keyword)"&gt;);&lt;/span&gt;&lt;/code&gt;&lt;/li&gt;
&lt;li&gt;&lt;code&gt;&lt;span style="color: var(--highlight-keyword)"&gt;&lt;/span&gt;&lt;/code&gt;&lt;/li&gt;
&lt;li&gt;&lt;code&gt;&lt;span style="color: var(--highlight-keyword)"&gt;&amp;nbsp;&amp;nbsp;&amp;nbsp;&amp;nbsp;&amp;nbsp;&amp;nbsp;&amp;nbsp;&amp;nbsp;&lt;/span&gt;&lt;span style="color: var(--highlight-default)"&gt;$e&amp;nbsp;&lt;/span&gt;&lt;span style="color: var(--highlight-keyword)"&gt;=&amp;nbsp;&lt;/span&gt;&lt;span style="color: var(--highlight-default)"&gt;$this&lt;/span&gt;&lt;span style="color: var(--highlight-keyword)"&gt;-&amp;gt;&lt;/span&gt;&lt;span style="color: var(--highlight-default)"&gt;stopwatch&lt;/span&gt;&lt;span style="color: var(--highlight-keyword)"&gt;-&amp;gt;&lt;/span&gt;&lt;span style="color: var(--highlight-default)"&gt;start&lt;/span&gt;&lt;span style="color: var(--highlight-keyword)"&gt;(&lt;/span&gt;&lt;span style="color: var(--highlight-default)"&gt;$this&lt;/span&gt;&lt;span style="color: var(--highlight-keyword)"&gt;-&amp;gt;&lt;/span&gt;&lt;span style="color: var(--highlight-default)"&gt;name&lt;/span&gt;&lt;span style="color: var(--highlight-keyword)"&gt;,&amp;nbsp;&lt;/span&gt;&lt;span style="color: var(--highlight-string)"&gt;'event_listener'&lt;/span&gt;&lt;span style="color: var(--highlight-keyword)"&gt;);&lt;/span&gt;&lt;/code&gt;&lt;/li&gt;
&lt;li&gt;&lt;code&gt;&lt;span style="color: var(--highlight-keyword)"&gt;&lt;/span&gt;&lt;/code&gt;&lt;/li&gt;
&lt;li&gt;&lt;code&gt;&lt;span style="color: var(--highlight-keyword)"&gt;&amp;nbsp;&amp;nbsp;&amp;nbsp;&amp;nbsp;&amp;nbsp;&amp;nbsp;&amp;nbsp;&amp;nbsp;try&amp;nbsp;{&lt;/span&gt;&lt;/code&gt;&lt;/li&gt;
&lt;li class="selected"&gt;&lt;code&gt;&lt;span style="color: var(--highlight-keyword)"&gt;&amp;nbsp;&amp;nbsp;&amp;nbsp;&amp;nbsp;&amp;nbsp;&amp;nbsp;&amp;nbsp;&amp;nbsp;&amp;nbsp;&amp;nbsp;&amp;nbsp;&amp;nbsp;(&lt;/span&gt;&lt;span style="color: var(--highlight-default)"&gt;$this&lt;/span&gt;&lt;span style="color: var(--highlight-keyword)"&gt;-&amp;gt;&lt;/span&gt;&lt;span style="color: var(--highlight-default)"&gt;optimizedListener&amp;nbsp;&lt;/span&gt;&lt;span style="color: var(--highlight-keyword)"&gt;??&amp;nbsp;&lt;/span&gt;&lt;span style="color: var(--highlight-default)"&gt;$this&lt;/span&gt;&lt;span style="color: var(--highlight-keyword)"&gt;-&amp;gt;&lt;/span&gt;&lt;span style="color: var(--highlight-default)"&gt;listener&lt;/span&gt;&lt;span style="color: var(--highlight-keyword)"&gt;)(&lt;/span&gt;&lt;span style="color: var(--highlight-default)"&gt;$event&lt;/span&gt;&lt;span style="color: var(--highlight-keyword)"&gt;,&amp;nbsp;&lt;/span&gt;&lt;span style="color: var(--highlight-default)"&gt;$eventName&lt;/span&gt;&lt;span style="color: var(--highlight-keyword)"&gt;,&amp;nbsp;&lt;/span&gt;&lt;span style="color: var(--highlight-default)"&gt;$dispatcher&lt;/span&gt;&lt;span style="color: var(--highlight-keyword)"&gt;);&lt;/span&gt;&lt;/code&gt;&lt;/li&gt;
&lt;li&gt;&lt;code&gt;&lt;span style="color: var(--highlight-keyword)"&gt;&amp;nbsp;&amp;nbsp;&amp;nbsp;&amp;nbsp;&amp;nbsp;&amp;nbsp;&amp;nbsp;&amp;nbsp;}&amp;nbsp;finally&amp;nbsp;{&lt;/span&gt;&lt;/code&gt;&lt;/li&gt;
&lt;li&gt;&lt;code&gt;&lt;span style="color: var(--highlight-keyword)"&gt;&amp;nbsp;&amp;nbsp;&amp;nbsp;&amp;nbsp;&amp;nbsp;&amp;nbsp;&amp;nbsp;&amp;nbsp;&amp;nbsp;&amp;nbsp;&amp;nbsp;&amp;nbsp;if&amp;nbsp;(&lt;/span&gt;&lt;span style="color: var(--highlight-default)"&gt;$e&lt;/span&gt;&lt;span style="color: var(--highlight-keyword)"&gt;-&amp;gt;&lt;/span&gt;&lt;span style="color: var(--highlight-default)"&gt;isStarted&lt;/span&gt;&lt;span style="color: var(--highlight-keyword)"&gt;())&amp;nbsp;{&lt;/span&gt;&lt;/code&gt;&lt;/li&gt;
&lt;li&gt;&lt;code&gt;&lt;span style="color: var(--highlight-keyword)"&gt;&amp;nbsp;&amp;nbsp;&amp;nbsp;&amp;nbsp;&amp;nbsp;&amp;nbsp;&amp;nbsp;&amp;nbsp;&amp;nbsp;&amp;nbsp;&amp;nbsp;&amp;nbsp;&amp;nbsp;&amp;nbsp;&amp;nbsp;&amp;nbsp;&lt;/span&gt;&lt;span style="color: var(--highlight-default)"&gt;$e&lt;/span&gt;&lt;span style="color: var(--highlight-keyword)"&gt;-&amp;gt;&lt;/span&gt;&lt;span style="color: var(--highlight-default)"&gt;stop&lt;/span&gt;&lt;span style="color: var(--highlight-keyword)"&gt;();&lt;/span&gt;&lt;/code&gt;&lt;/li&gt;
&lt;li&gt;&lt;code&gt;&lt;span style="color: var(--highlight-keyword)"&gt;&amp;nbsp;&amp;nbsp;&amp;nbsp;&amp;nbsp;&amp;nbsp;&amp;nbsp;&amp;nbsp;&amp;nbsp;&amp;nbsp;&amp;nbsp;&amp;nbsp;&amp;nbsp;}&lt;/span&gt;&lt;/code&gt;&lt;/li&gt;
&lt;li&gt;&lt;code&gt;&lt;span style="color: var(--highlight-keyword)"&gt;&amp;nbsp;&amp;nbsp;&amp;nbsp;&amp;nbsp;&amp;nbsp;&amp;nbsp;&amp;nbsp;&amp;nbsp;}&lt;/span&gt;&lt;/code&gt;&lt;/li&gt;&lt;/ol&gt;    &lt;/div&gt;            &lt;/div&gt;
                        &lt;div class="trace-line "&gt;
                &lt;div class="trace-line-header break-long-words sf-toggle" data-toggle-selector="#trace-html-1-2" data-toggle-initial=""&gt;
            &lt;span class="icon icon-close"&gt;&lt;svg width="1792" height="1792" viewBox="0 0 1792 1792" xmlns="http://www.w3.org/2000/svg"&gt;&lt;path d="M1408 960V832q0-26-19-45t-45-19H448q-26 0-45 19t-19 45v128q0 26 19 45t45 19h896q26 0 45-19t19-45zm256-544v960q0 119-84.5 203.5T1376 1664H416q-119 0-203.5-84.5T128 1376V416q0-119 84.5-203.5T416 128h960q119 0 203.5 84.5T1664 416z"/&gt;&lt;/svg&gt;&lt;/span&gt;
        &lt;span class="icon icon-open"&gt;&lt;svg width="1792" height="1792" viewBox="0 0 1792 1792" xmlns="http://www.w3.org/2000/svg"&gt;&lt;path d="M1408 960V832q0-26-19-45t-45-19h-320V448q0-26-19-45t-45-19H832q-26 0-45 19t-19 45v320H448q-26 0-45 19t-19 45v128q0 26 19 45t45 19h320v320q0 26 19 45t45 19h128q26 0 45-19t19-45v-320h320q26 0 45-19t19-45zm256-544v960q0 119-84.5 203.5T1376 1664H416q-119 0-203.5-84.5T128 1376V416q0-119 84.5-203.5T416 128h960q119 0 203.5 84.5T1664 416z"/&gt;&lt;/svg&gt;&lt;/span&gt;
    
            &lt;span class="trace-class"&gt;&lt;abbr title="Symfony\Component\EventDispatcher\Debug\WrappedListener"&gt;WrappedListener&lt;/abbr&gt;&lt;/span&gt;&lt;span class="trace-type"&gt;-&gt;&lt;/span&gt;&lt;span class="trace-method"&gt;__invoke&lt;/span&gt;&lt;span class="trace-arguments"&gt;(&lt;em&gt;object&lt;/em&gt;(&lt;abbr title="Symfony\Component\HttpKernel\Event\RequestEvent"&gt;RequestEvent&lt;/abbr&gt;), 'kernel.request', &lt;em&gt;object&lt;/em&gt;(&lt;abbr title="Symfony\Component\HttpKernel\Debug\TraceableEventDispatcher"&gt;TraceableEventDispatcher&lt;/abbr&gt;))&lt;/span&gt;    
                    &lt;span class="block trace-file-path"&gt;
            in
            &lt;a href="file://C:\Users\sliti\Desktop\dev\esprit-PIDEV-3A16-2526-FARMIA\vendor\symfony\event-dispatcher\EventDispatcher.php#L220"&gt;
                C:\Users\sliti\Desktop\dev\esprit-PIDEV-3A16-2526-FARMIA\vendor\symfony\event-dispatcher\&lt;strong&gt;EventDispatcher.php&lt;/strong&gt;
            &lt;/a&gt;
                        (line 220)
            &lt;span class="icon icon-copy hidden" data-clipboard-text="C:\Users\sliti\Desktop\dev\esprit-PIDEV-3A16-2526-FARMIA\vendor\symfony\event-dispatcher\EventDispatcher.php:220"&gt;
                &lt;svg xmlns="http://www.w3.org/2000/svg" height="24" viewBox="0 0 24 24" width="24"&gt;&lt;path d="M0 0h24v24H0z" fill="none"/&gt;&lt;path d="M16 1H4c-1.1 0-2 .9-2 2v14h2V3h12V1zm3 4H8c-1.1 0-2 .9-2 2v14c0 1.1.9 2 2 2h11c1.1 0 2-.9 2-2V7c0-1.1-.9-2-2-2zm0 16H8V7h11v14z"/&gt;&lt;/svg&gt;            &lt;/span&gt;
        &lt;/span&gt;
    &lt;/div&gt;
    &lt;div id="trace-html-1-2" class="trace-code sf-toggle-content"&gt;
        &lt;ol start="215"&gt;&lt;li&gt;&lt;code&gt;&lt;span style="color: var(--highlight-keyword)"&gt;&lt;/span&gt;&lt;/code&gt;&lt;/li&gt;
&lt;li&gt;&lt;code&gt;&lt;span style="color: var(--highlight-keyword)"&gt;&amp;nbsp;&amp;nbsp;&amp;nbsp;&amp;nbsp;&amp;nbsp;&amp;nbsp;&amp;nbsp;&amp;nbsp;foreach&amp;nbsp;(&lt;/span&gt;&lt;span style="color: var(--highlight-default)"&gt;$listeners&amp;nbsp;&lt;/span&gt;&lt;span style="color: var(--highlight-keyword)"&gt;as&amp;nbsp;&lt;/span&gt;&lt;span style="color: var(--highlight-default)"&gt;$listener&lt;/span&gt;&lt;span style="color: var(--highlight-keyword)"&gt;)&amp;nbsp;{&lt;/span&gt;&lt;/code&gt;&lt;/li&gt;
&lt;li&gt;&lt;code&gt;&lt;span style="color: var(--highlight-keyword)"&gt;&amp;nbsp;&amp;nbsp;&amp;nbsp;&amp;nbsp;&amp;nbsp;&amp;nbsp;&amp;nbsp;&amp;nbsp;&amp;nbsp;&amp;nbsp;&amp;nbsp;&amp;nbsp;if&amp;nbsp;(&lt;/span&gt;&lt;span style="color: var(--highlight-default)"&gt;$stoppable&amp;nbsp;&lt;/span&gt;&lt;span style="color: var(--highlight-keyword)"&gt;&amp;amp;&amp;amp;&amp;nbsp;&lt;/span&gt;&lt;span style="color: var(--highlight-default)"&gt;$event&lt;/span&gt;&lt;span style="color: var(--highlight-keyword)"&gt;-&amp;gt;&lt;/span&gt;&lt;span style="color: var(--highlight-default)"&gt;isPropagationStopped&lt;/span&gt;&lt;span style="color: var(--highlight-keyword)"&gt;())&amp;nbsp;{&lt;/span&gt;&lt;/code&gt;&lt;/li&gt;
&lt;li&gt;&lt;code&gt;&lt;span style="color: var(--highlight-keyword)"&gt;&amp;nbsp;&amp;nbsp;&amp;nbsp;&amp;nbsp;&amp;nbsp;&amp;nbsp;&amp;nbsp;&amp;nbsp;&amp;nbsp;&amp;nbsp;&amp;nbsp;&amp;nbsp;&amp;nbsp;&amp;nbsp;&amp;nbsp;&amp;nbsp;break;&lt;/span&gt;&lt;/code&gt;&lt;/li&gt;
&lt;li&gt;&lt;code&gt;&lt;span style="color: var(--highlight-keyword)"&gt;&amp;nbsp;&amp;nbsp;&amp;nbsp;&amp;nbsp;&amp;nbsp;&amp;nbsp;&amp;nbsp;&amp;nbsp;&amp;nbsp;&amp;nbsp;&amp;nbsp;&amp;nbsp;}&lt;/span&gt;&lt;/code&gt;&lt;/li&gt;
&lt;li class="selected"&gt;&lt;code&gt;&lt;span style="color: var(--highlight-keyword)"&gt;&amp;nbsp;&amp;nbsp;&amp;nbsp;&amp;nbsp;&amp;nbsp;&amp;nbsp;&amp;nbsp;&amp;nbsp;&amp;nbsp;&amp;nbsp;&amp;nbsp;&amp;nbsp;&lt;/span&gt;&lt;span style="color: var(--highlight-default)"&gt;$listener&lt;/span&gt;&lt;span style="color: var(--highlight-keyword)"&gt;(&lt;/span&gt;&lt;span style="color: var(--highlight-default)"&gt;$event&lt;/span&gt;&lt;span style="color: var(--highlight-keyword)"&gt;,&amp;nbsp;&lt;/span&gt;&lt;span style="color: var(--highlight-default)"&gt;$eventName&lt;/span&gt;&lt;span style="color: var(--highlight-keyword)"&gt;,&amp;nbsp;&lt;/span&gt;&lt;span style="color: var(--highlight-default)"&gt;$this&lt;/span&gt;&lt;span style="color: var(--highlight-keyword)"&gt;);&lt;/span&gt;&lt;/code&gt;&lt;/li&gt;
&lt;li&gt;&lt;code&gt;&lt;span style="color: var(--highlight-keyword)"&gt;&amp;nbsp;&amp;nbsp;&amp;nbsp;&amp;nbsp;&amp;nbsp;&amp;nbsp;&amp;nbsp;&amp;nbsp;}&lt;/span&gt;&lt;/code&gt;&lt;/li&gt;
&lt;li&gt;&lt;code&gt;&lt;span style="color: var(--highlight-keyword)"&gt;&amp;nbsp;&amp;nbsp;&amp;nbsp;&amp;nbsp;}&lt;/span&gt;&lt;/code&gt;&lt;/li&gt;
&lt;li&gt;&lt;code&gt;&lt;span style="color: var(--highlight-keyword)"&gt;&lt;/span&gt;&lt;/code&gt;&lt;/li&gt;
&lt;li&gt;&lt;code&gt;&lt;span style="color: var(--highlight-keyword)"&gt;&amp;nbsp;&amp;nbsp;&amp;nbsp;&amp;nbsp;&lt;/span&gt;&lt;span style="color: var(--highlight-comment)"&gt;/**&lt;/span&gt;&lt;/code&gt;&lt;/li&gt;
&lt;li&gt;&lt;code&gt;&lt;span style="color: var(--highlight-comment)"&gt;&amp;nbsp;&amp;nbsp;&amp;nbsp;&amp;nbsp;&amp;nbsp;*&amp;nbsp;Sorts&amp;nbsp;the&amp;nbsp;internal&amp;nbsp;list&amp;nbsp;of&amp;nbsp;listeners&amp;nbsp;for&amp;nbsp;the&amp;nbsp;given&amp;nbsp;event&amp;nbsp;by&amp;nbsp;priority.&lt;/span&gt;&lt;/code&gt;&lt;/li&gt;&lt;/ol&gt;    &lt;/div&gt;            &lt;/div&gt;
                        &lt;div class="trace-line "&gt;
                &lt;div class="trace-line-header break-long-words sf-toggle" data-toggle-selector="#trace-html-1-3" data-toggle-initial=""&gt;
            &lt;span class="icon icon-close"&gt;&lt;svg width="1792" height="1792" viewBox="0 0 1792 1792" xmlns="http://www.w3.org/2000/svg"&gt;&lt;path d="M1408 960V832q0-26-19-45t-45-19H448q-26 0-45 19t-19 45v128q0 26 19 45t45 19h896q26 0 45-19t19-45zm256-544v960q0 119-84.5 203.5T1376 1664H416q-119 0-203.5-84.5T128 1376V416q0-119 84.5-203.5T416 128h960q119 0 203.5 84.5T1664 416z"/&gt;&lt;/svg&gt;&lt;/span&gt;
        &lt;span class="icon icon-open"&gt;&lt;svg width="1792" height="1792" viewBox="0 0 1792 1792" xmlns="http://www.w3.org/2000/svg"&gt;&lt;path d="M1408 960V832q0-26-19-45t-45-19h-320V448q0-26-19-45t-45-19H832q-26 0-45 19t-19 45v320H448q-26 0-45 19t-19 45v128q0 26 19 45t45 19h320v320q0 26 19 45t45 19h128q26 0 45-19t19-45v-320h320q26 0 45-19t19-45zm256-544v960q0 119-84.5 203.5T1376 1664H416q-119 0-203.5-84.5T128 1376V416q0-119 84.5-203.5T416 128h960q119 0 203.5 84.5T1664 416z"/&gt;&lt;/svg&gt;&lt;/span&gt;
    
            &lt;span class="trace-class"&gt;&lt;abbr title="Symfony\Component\EventDispatcher\EventDispatcher"&gt;EventDispatcher&lt;/abbr&gt;&lt;/span&gt;&lt;span class="trace-type"&gt;-&gt;&lt;/span&gt;&lt;span class="trace-method"&gt;callListeners&lt;/span&gt;&lt;span class="trace-arguments"&gt;(&lt;em&gt;array&lt;/em&gt;(&lt;em&gt;object&lt;/em&gt;(&lt;abbr title="Symfony\Component\EventDispatcher\Debug\WrappedListener"&gt;WrappedListener&lt;/abbr&gt;), &lt;em&gt;object&lt;/em&gt;(&lt;abbr title="Symfony\Component\EventDispatcher\Debug\WrappedListener"&gt;WrappedListener&lt;/abbr&gt;), &lt;em&gt;object&lt;/em&gt;(&lt;abbr title="Symfony\Component\EventDispatcher\Debug\WrappedListener"&gt;WrappedListener&lt;/abbr&gt;), &lt;em&gt;object&lt;/em&gt;(&lt;abbr title="Symfony\Component\EventDispatcher\Debug\WrappedListener"&gt;WrappedListener&lt;/abbr&gt;), &lt;em&gt;object&lt;/em&gt;(&lt;abbr title="Symfony\Component\EventDispatcher\Debug\WrappedListener"&gt;WrappedListener&lt;/abbr&gt;), &lt;em&gt;object&lt;/em&gt;(&lt;abbr title="Symfony\Component\EventDispatcher\Debug\WrappedListener"&gt;WrappedListener&lt;/abbr&gt;), &lt;em&gt;object&lt;/em&gt;(&lt;abbr title="Symfony\Component\EventDispatcher\Debug\WrappedListener"&gt;WrappedListener&lt;/abbr&gt;), &lt;em&gt;object&lt;/em&gt;(&lt;abbr title="Symfony\Component\EventDispatcher\Debug\WrappedListener"&gt;WrappedListener&lt;/abbr&gt;), &lt;em&gt;object&lt;/em&gt;(&lt;abbr title="Symfony\Component\EventDispatcher\Debug\WrappedListener"&gt;WrappedListener&lt;/abbr&gt;), &lt;em&gt;object&lt;/em&gt;(&lt;abbr title="Symfony\Component\EventDispatcher\Debug\WrappedListener"&gt;WrappedListener&lt;/abbr&gt;), &lt;em&gt;object&lt;/em&gt;(&lt;abbr title="Symfony\Component\EventDispatcher\Debug\WrappedListener"&gt;WrappedListener&lt;/abbr&gt;)), 'kernel.request', &lt;em&gt;object&lt;/em&gt;(&lt;abbr title="Symfony\Component\HttpKernel\Event\RequestEvent"&gt;RequestEvent&lt;/abbr&gt;))&lt;/span&gt;    
                    &lt;span class="block trace-file-path"&gt;
            in
            &lt;a href="file://C:\Users\sliti\Desktop\dev\esprit-PIDEV-3A16-2526-FARMIA\vendor\symfony\event-dispatcher\EventDispatcher.php#L56"&gt;
                C:\Users\sliti\Desktop\dev\esprit-PIDEV-3A16-2526-FARMIA\vendor\symfony\event-dispatcher\&lt;strong&gt;EventDispatcher.php&lt;/strong&gt;
            &lt;/a&gt;
                        (line 56)
            &lt;span class="icon icon-copy hidden" data-clipboard-text="C:\Users\sliti\Desktop\dev\esprit-PIDEV-3A16-2526-FARMIA\vendor\symfony\event-dispatcher\EventDispatcher.php:56"&gt;
                &lt;svg xmlns="http://www.w3.org/2000/svg" height="24" viewBox="0 0 24 24" width="24"&gt;&lt;path d="M0 0h24v24H0z" fill="none"/&gt;&lt;path d="M16 1H4c-1.1 0-2 .9-2 2v14h2V3h12V1zm3 4H8c-1.1 0-2 .9-2 2v14c0 1.1.9 2 2 2h11c1.1 0 2-.9 2-2V7c0-1.1-.9-2-2-2zm0 16H8V7h11v14z"/&gt;&lt;/svg&gt;            &lt;/span&gt;
        &lt;/span&gt;
    &lt;/div&gt;
    &lt;div id="trace-html-1-3" class="trace-code sf-toggle-content"&gt;
        &lt;ol start="51"&gt;&lt;li&gt;&lt;code&gt;&lt;span style="color: var(--highlight-keyword)"&gt;&amp;nbsp;&amp;nbsp;&amp;nbsp;&amp;nbsp;&amp;nbsp;&amp;nbsp;&amp;nbsp;&amp;nbsp;}&amp;nbsp;else&amp;nbsp;{&lt;/span&gt;&lt;/code&gt;&lt;/li&gt;
&lt;li&gt;&lt;code&gt;&lt;span style="color: var(--highlight-keyword)"&gt;&amp;nbsp;&amp;nbsp;&amp;nbsp;&amp;nbsp;&amp;nbsp;&amp;nbsp;&amp;nbsp;&amp;nbsp;&amp;nbsp;&amp;nbsp;&amp;nbsp;&amp;nbsp;&lt;/span&gt;&lt;span style="color: var(--highlight-default)"&gt;$listeners&amp;nbsp;&lt;/span&gt;&lt;span style="color: var(--highlight-keyword)"&gt;=&amp;nbsp;&lt;/span&gt;&lt;span style="color: var(--highlight-default)"&gt;$this&lt;/span&gt;&lt;span style="color: var(--highlight-keyword)"&gt;-&amp;gt;&lt;/span&gt;&lt;span style="color: var(--highlight-default)"&gt;getListeners&lt;/span&gt;&lt;span style="color: var(--highlight-keyword)"&gt;(&lt;/span&gt;&lt;span style="color: var(--highlight-default)"&gt;$eventName&lt;/span&gt;&lt;span style="color: var(--highlight-keyword)"&gt;);&lt;/span&gt;&lt;/code&gt;&lt;/li&gt;
&lt;li&gt;&lt;code&gt;&lt;span style="color: var(--highlight-keyword)"&gt;&amp;nbsp;&amp;nbsp;&amp;nbsp;&amp;nbsp;&amp;nbsp;&amp;nbsp;&amp;nbsp;&amp;nbsp;}&lt;/span&gt;&lt;/code&gt;&lt;/li&gt;
&lt;li&gt;&lt;code&gt;&lt;span style="color: var(--highlight-keyword)"&gt;&lt;/span&gt;&lt;/code&gt;&lt;/li&gt;
&lt;li&gt;&lt;code&gt;&lt;span style="color: var(--highlight-keyword)"&gt;&amp;nbsp;&amp;nbsp;&amp;nbsp;&amp;nbsp;&amp;nbsp;&amp;nbsp;&amp;nbsp;&amp;nbsp;if&amp;nbsp;(&lt;/span&gt;&lt;span style="color: var(--highlight-default)"&gt;$listeners&lt;/span&gt;&lt;span style="color: var(--highlight-keyword)"&gt;)&amp;nbsp;{&lt;/span&gt;&lt;/code&gt;&lt;/li&gt;
&lt;li class="selected"&gt;&lt;code&gt;&lt;span style="color: var(--highlight-keyword)"&gt;&amp;nbsp;&amp;nbsp;&amp;nbsp;&amp;nbsp;&amp;nbsp;&amp;nbsp;&amp;nbsp;&amp;nbsp;&amp;nbsp;&amp;nbsp;&amp;nbsp;&amp;nbsp;&lt;/span&gt;&lt;span style="color: var(--highlight-default)"&gt;$this&lt;/span&gt;&lt;span style="color: var(--highlight-keyword)"&gt;-&amp;gt;&lt;/span&gt;&lt;span style="color: var(--highlight-default)"&gt;callListeners&lt;/span&gt;&lt;span style="color: var(--highlight-keyword)"&gt;(&lt;/span&gt;&lt;span style="color: var(--highlight-default)"&gt;$listeners&lt;/span&gt;&lt;span style="color: var(--highlight-keyword)"&gt;,&amp;nbsp;&lt;/span&gt;&lt;span style="color: var(--highlight-default)"&gt;$eventName&lt;/span&gt;&lt;span style="color: var(--highlight-keyword)"&gt;,&amp;nbsp;&lt;/span&gt;&lt;span style="color: var(--highlight-default)"&gt;$event&lt;/span&gt;&lt;span style="color: var(--highlight-keyword)"&gt;);&lt;/span&gt;&lt;/code&gt;&lt;/li&gt;
&lt;li&gt;&lt;code&gt;&lt;span style="color: var(--highlight-keyword)"&gt;&amp;nbsp;&amp;nbsp;&amp;nbsp;&amp;nbsp;&amp;nbsp;&amp;nbsp;&amp;nbsp;&amp;nbsp;}&lt;/span&gt;&lt;/code&gt;&lt;/li&gt;
&lt;li&gt;&lt;code&gt;&lt;span style="color: var(--highlight-keyword)"&gt;&lt;/span&gt;&lt;/code&gt;&lt;/li&gt;
&lt;li&gt;&lt;code&gt;&lt;span style="color: var(--highlight-keyword)"&gt;&amp;nbsp;&amp;nbsp;&amp;nbsp;&amp;nbsp;&amp;nbsp;&amp;nbsp;&amp;nbsp;&amp;nbsp;return&amp;nbsp;&lt;/span&gt;&lt;span style="color: var(--highlight-default)"&gt;$event&lt;/span&gt;&lt;span style="color: var(--highlight-keyword)"&gt;;&lt;/span&gt;&lt;/code&gt;&lt;/li&gt;
&lt;li&gt;&lt;code&gt;&lt;span style="color: var(--highlight-keyword)"&gt;&amp;nbsp;&amp;nbsp;&amp;nbsp;&amp;nbsp;}&lt;/span&gt;&lt;/code&gt;&lt;/li&gt;
&lt;li&gt;&lt;code&gt;&lt;span style="color: var(--highlight-keyword)"&gt;&lt;/span&gt;&lt;/code&gt;&lt;/li&gt;&lt;/ol&gt;    &lt;/div&gt;            &lt;/div&gt;
                        &lt;div class="trace-line "&gt;
                &lt;div class="trace-line-header break-long-words sf-toggle" data-toggle-selector="#trace-html-1-4" data-toggle-initial=""&gt;
            &lt;span class="icon icon-close"&gt;&lt;svg width="1792" height="1792" viewBox="0 0 1792 1792" xmlns="http://www.w3.org/2000/svg"&gt;&lt;path d="M1408 960V832q0-26-19-45t-45-19H448q-26 0-45 19t-19 45v128q0 26 19 45t45 19h896q26 0 45-19t19-45zm256-544v960q0 119-84.5 203.5T1376 1664H416q-119 0-203.5-84.5T128 1376V416q0-119 84.5-203.5T416 128h960q119 0 203.5 84.5T1664 416z"/&gt;&lt;/svg&gt;&lt;/span&gt;
        &lt;span class="icon icon-open"&gt;&lt;svg width="1792" height="1792" viewBox="0 0 1792 1792" xmlns="http://www.w3.org/2000/svg"&gt;&lt;path d="M1408 960V832q0-26-19-45t-45-19h-320V448q0-26-19-45t-45-19H832q-26 0-45 19t-19 45v320H448q-26 0-45 19t-19 45v128q0 26 19 45t45 19h320v320q0 26 19 45t45 19h128q26 0 45-19t19-45v-320h320q26 0 45-19t19-45zm256-544v960q0 119-84.5 203.5T1376 1664H416q-119 0-203.5-84.5T128 1376V416q0-119 84.5-203.5T416 128h960q119 0 203.5 84.5T1664 416z"/&gt;&lt;/svg&gt;&lt;/span&gt;
    
            &lt;span class="trace-class"&gt;&lt;abbr title="Symfony\Component\EventDispatcher\EventDispatcher"&gt;EventDispatcher&lt;/abbr&gt;&lt;/span&gt;&lt;span class="trace-type"&gt;-&gt;&lt;/span&gt;&lt;span class="trace-method"&gt;dispatch&lt;/span&gt;&lt;span class="trace-arguments"&gt;(&lt;em&gt;object&lt;/em&gt;(&lt;abbr title="Symfony\Component\HttpKernel\Event\RequestEvent"&gt;RequestEvent&lt;/abbr&gt;), 'kernel.request')&lt;/span&gt;    
                    &lt;span class="block trace-file-path"&gt;
            in
            &lt;a href="file://C:\Users\sliti\Desktop\dev\esprit-PIDEV-3A16-2526-FARMIA\vendor\symfony\event-dispatcher\Debug\TraceableEventDispatcher.php#L139"&gt;
                C:\Users\sliti\Desktop\dev\esprit-PIDEV-3A16-2526-FARMIA\vendor\symfony\event-dispatcher\Debug\&lt;strong&gt;TraceableEventDispatcher.php&lt;/strong&gt;
            &lt;/a&gt;
                        (line 139)
            &lt;span class="icon icon-copy hidden" data-clipboard-text="C:\Users\sliti\Desktop\dev\esprit-PIDEV-3A16-2526-FARMIA\vendor\symfony\event-dispatcher\Debug\TraceableEventDispatcher.php:139"&gt;
                &lt;svg xmlns="http://www.w3.org/2000/svg" height="24" viewBox="0 0 24 24" width="24"&gt;&lt;path d="M0 0h24v24H0z" fill="none"/&gt;&lt;path d="M16 1H4c-1.1 0-2 .9-2 2v14h2V3h12V1zm3 4H8c-1.1 0-2 .9-2 2v14c0 1.1.9 2 2 2h11c1.1 0 2-.9 2-2V7c0-1.1-.9-2-2-2zm0 16H8V7h11v14z"/&gt;&lt;/svg&gt;            &lt;/span&gt;
        &lt;/span&gt;
    &lt;/div&gt;
    &lt;div id="trace-html-1-4" class="trace-code sf-toggle-content"&gt;
        &lt;ol start="134"&gt;&lt;li&gt;&lt;code&gt;&lt;span style="color: var(--highlight-keyword)"&gt;&amp;nbsp;&amp;nbsp;&amp;nbsp;&amp;nbsp;&amp;nbsp;&amp;nbsp;&amp;nbsp;&amp;nbsp;try&amp;nbsp;{&lt;/span&gt;&lt;/code&gt;&lt;/li&gt;
&lt;li&gt;&lt;code&gt;&lt;span style="color: var(--highlight-keyword)"&gt;&amp;nbsp;&amp;nbsp;&amp;nbsp;&amp;nbsp;&amp;nbsp;&amp;nbsp;&amp;nbsp;&amp;nbsp;&amp;nbsp;&amp;nbsp;&amp;nbsp;&amp;nbsp;&lt;/span&gt;&lt;span style="color: var(--highlight-default)"&gt;$this&lt;/span&gt;&lt;span style="color: var(--highlight-keyword)"&gt;-&amp;gt;&lt;/span&gt;&lt;span style="color: var(--highlight-default)"&gt;beforeDispatch&lt;/span&gt;&lt;span style="color: var(--highlight-keyword)"&gt;(&lt;/span&gt;&lt;span style="color: var(--highlight-default)"&gt;$eventName&lt;/span&gt;&lt;span style="color: var(--highlight-keyword)"&gt;,&amp;nbsp;&lt;/span&gt;&lt;span style="color: var(--highlight-default)"&gt;$event&lt;/span&gt;&lt;span style="color: var(--highlight-keyword)"&gt;);&lt;/span&gt;&lt;/code&gt;&lt;/li&gt;
&lt;li&gt;&lt;code&gt;&lt;span style="color: var(--highlight-keyword)"&gt;&amp;nbsp;&amp;nbsp;&amp;nbsp;&amp;nbsp;&amp;nbsp;&amp;nbsp;&amp;nbsp;&amp;nbsp;&amp;nbsp;&amp;nbsp;&amp;nbsp;&amp;nbsp;try&amp;nbsp;{&lt;/span&gt;&lt;/code&gt;&lt;/li&gt;
&lt;li&gt;&lt;code&gt;&lt;span style="color: var(--highlight-keyword)"&gt;&amp;nbsp;&amp;nbsp;&amp;nbsp;&amp;nbsp;&amp;nbsp;&amp;nbsp;&amp;nbsp;&amp;nbsp;&amp;nbsp;&amp;nbsp;&amp;nbsp;&amp;nbsp;&amp;nbsp;&amp;nbsp;&amp;nbsp;&amp;nbsp;&lt;/span&gt;&lt;span style="color: var(--highlight-default)"&gt;$e&amp;nbsp;&lt;/span&gt;&lt;span style="color: var(--highlight-keyword)"&gt;=&amp;nbsp;&lt;/span&gt;&lt;span style="color: var(--highlight-default)"&gt;$this&lt;/span&gt;&lt;span style="color: var(--highlight-keyword)"&gt;-&amp;gt;&lt;/span&gt;&lt;span style="color: var(--highlight-default)"&gt;stopwatch&lt;/span&gt;&lt;span style="color: var(--highlight-keyword)"&gt;-&amp;gt;&lt;/span&gt;&lt;span style="color: var(--highlight-default)"&gt;start&lt;/span&gt;&lt;span style="color: var(--highlight-keyword)"&gt;(&lt;/span&gt;&lt;span style="color: var(--highlight-default)"&gt;$eventName&lt;/span&gt;&lt;span style="color: var(--highlight-keyword)"&gt;,&amp;nbsp;&lt;/span&gt;&lt;span style="color: var(--highlight-string)"&gt;'section'&lt;/span&gt;&lt;span style="color: var(--highlight-keyword)"&gt;);&lt;/span&gt;&lt;/code&gt;&lt;/li&gt;
&lt;li&gt;&lt;code&gt;&lt;span style="color: var(--highlight-keyword)"&gt;&amp;nbsp;&amp;nbsp;&amp;nbsp;&amp;nbsp;&amp;nbsp;&amp;nbsp;&amp;nbsp;&amp;nbsp;&amp;nbsp;&amp;nbsp;&amp;nbsp;&amp;nbsp;&amp;nbsp;&amp;nbsp;&amp;nbsp;&amp;nbsp;try&amp;nbsp;{&lt;/span&gt;&lt;/code&gt;&lt;/li&gt;
&lt;li class="selected"&gt;&lt;code&gt;&lt;span style="color: var(--highlight-keyword)"&gt;&amp;nbsp;&amp;nbsp;&amp;nbsp;&amp;nbsp;&amp;nbsp;&amp;nbsp;&amp;nbsp;&amp;nbsp;&amp;nbsp;&amp;nbsp;&amp;nbsp;&amp;nbsp;&amp;nbsp;&amp;nbsp;&amp;nbsp;&amp;nbsp;&amp;nbsp;&amp;nbsp;&amp;nbsp;&amp;nbsp;&lt;/span&gt;&lt;span style="color: var(--highlight-default)"&gt;$this&lt;/span&gt;&lt;span style="color: var(--highlight-keyword)"&gt;-&amp;gt;&lt;/span&gt;&lt;span style="color: var(--highlight-default)"&gt;dispatcher&lt;/span&gt;&lt;span style="color: var(--highlight-keyword)"&gt;-&amp;gt;&lt;/span&gt;&lt;span style="color: var(--highlight-default)"&gt;dispatch&lt;/span&gt;&lt;span style="color: var(--highlight-keyword)"&gt;(&lt;/span&gt;&lt;span style="color: var(--highlight-default)"&gt;$event&lt;/span&gt;&lt;span style="color: var(--highlight-keyword)"&gt;,&amp;nbsp;&lt;/span&gt;&lt;span style="color: var(--highlight-default)"&gt;$eventName&lt;/span&gt;&lt;span style="color: var(--highlight-keyword)"&gt;);&lt;/span&gt;&lt;/code&gt;&lt;/li&gt;
&lt;li&gt;&lt;code&gt;&lt;span style="color: var(--highlight-keyword)"&gt;&amp;nbsp;&amp;nbsp;&amp;nbsp;&amp;nbsp;&amp;nbsp;&amp;nbsp;&amp;nbsp;&amp;nbsp;&amp;nbsp;&amp;nbsp;&amp;nbsp;&amp;nbsp;&amp;nbsp;&amp;nbsp;&amp;nbsp;&amp;nbsp;}&amp;nbsp;finally&amp;nbsp;{&lt;/span&gt;&lt;/code&gt;&lt;/li&gt;
&lt;li&gt;&lt;code&gt;&lt;span style="color: var(--highlight-keyword)"&gt;&amp;nbsp;&amp;nbsp;&amp;nbsp;&amp;nbsp;&amp;nbsp;&amp;nbsp;&amp;nbsp;&amp;nbsp;&amp;nbsp;&amp;nbsp;&amp;nbsp;&amp;nbsp;&amp;nbsp;&amp;nbsp;&amp;nbsp;&amp;nbsp;&amp;nbsp;&amp;nbsp;&amp;nbsp;&amp;nbsp;if&amp;nbsp;(&lt;/span&gt;&lt;span style="color: var(--highlight-default)"&gt;$e&lt;/span&gt;&lt;span style="color: var(--highlight-keyword)"&gt;-&amp;gt;&lt;/span&gt;&lt;span style="color: var(--highlight-default)"&gt;isStarted&lt;/span&gt;&lt;span style="color: var(--highlight-keyword)"&gt;())&amp;nbsp;{&lt;/span&gt;&lt;/code&gt;&lt;/li&gt;
&lt;li&gt;&lt;code&gt;&lt;span style="color: var(--highlight-keyword)"&gt;&amp;nbsp;&amp;nbsp;&amp;nbsp;&amp;nbsp;&amp;nbsp;&amp;nbsp;&amp;nbsp;&amp;nbsp;&amp;nbsp;&amp;nbsp;&amp;nbsp;&amp;nbsp;&amp;nbsp;&amp;nbsp;&amp;nbsp;&amp;nbsp;&amp;nbsp;&amp;nbsp;&amp;nbsp;&amp;nbsp;&amp;nbsp;&amp;nbsp;&amp;nbsp;&amp;nbsp;&lt;/span&gt;&lt;span style="color: var(--highlight-default)"&gt;$e&lt;/span&gt;&lt;span style="color: var(--highlight-keyword)"&gt;-&amp;gt;&lt;/span&gt;&lt;span style="color: var(--highlight-default)"&gt;stop&lt;/span&gt;&lt;span style="color: var(--highlight-keyword)"&gt;();&lt;/span&gt;&lt;/code&gt;&lt;/li&gt;
&lt;li&gt;&lt;code&gt;&lt;span style="color: var(--highlight-keyword)"&gt;&amp;nbsp;&amp;nbsp;&amp;nbsp;&amp;nbsp;&amp;nbsp;&amp;nbsp;&amp;nbsp;&amp;nbsp;&amp;nbsp;&amp;nbsp;&amp;nbsp;&amp;nbsp;&amp;nbsp;&amp;nbsp;&amp;nbsp;&amp;nbsp;&amp;nbsp;&amp;nbsp;&amp;nbsp;&amp;nbsp;}&lt;/span&gt;&lt;/code&gt;&lt;/li&gt;
&lt;li&gt;&lt;code&gt;&lt;span style="color: var(--highlight-keyword)"&gt;&amp;nbsp;&amp;nbsp;&amp;nbsp;&amp;nbsp;&amp;nbsp;&amp;nbsp;&amp;nbsp;&amp;nbsp;&amp;nbsp;&amp;nbsp;&amp;nbsp;&amp;nbsp;&amp;nbsp;&amp;nbsp;&amp;nbsp;&amp;nbsp;}&lt;/span&gt;&lt;/code&gt;&lt;/li&gt;&lt;/ol&gt;    &lt;/div&gt;            &lt;/div&gt;
                        &lt;div class="trace-line "&gt;
                &lt;div class="trace-line-header break-long-words sf-toggle" data-toggle-selector="#trace-html-1-5" data-toggle-initial=""&gt;
            &lt;span class="icon icon-close"&gt;&lt;svg width="1792" height="1792" viewBox="0 0 1792 1792" xmlns="http://www.w3.org/2000/svg"&gt;&lt;path d="M1408 960V832q0-26-19-45t-45-19H448q-26 0-45 19t-19 45v128q0 26 19 45t45 19h896q26 0 45-19t19-45zm256-544v960q0 119-84.5 203.5T1376 1664H416q-119 0-203.5-84.5T128 1376V416q0-119 84.5-203.5T416 128h960q119 0 203.5 84.5T1664 416z"/&gt;&lt;/svg&gt;&lt;/span&gt;
        &lt;span class="icon icon-open"&gt;&lt;svg width="1792" height="1792" viewBox="0 0 1792 1792" xmlns="http://www.w3.org/2000/svg"&gt;&lt;path d="M1408 960V832q0-26-19-45t-45-19h-320V448q0-26-19-45t-45-19H832q-26 0-45 19t-19 45v320H448q-26 0-45 19t-19 45v128q0 26 19 45t45 19h320v320q0 26 19 45t45 19h128q26 0 45-19t19-45v-320h320q26 0 45-19t19-45zm256-544v960q0 119-84.5 203.5T1376 1664H416q-119 0-203.5-84.5T128 1376V416q0-119 84.5-203.5T416 128h960q119 0 203.5 84.5T1664 416z"/&gt;&lt;/svg&gt;&lt;/span&gt;
    
            &lt;span class="trace-class"&gt;&lt;abbr title="Symfony\Component\EventDispatcher\Debug\TraceableEventDispatcher"&gt;TraceableEventDispatcher&lt;/abbr&gt;&lt;/span&gt;&lt;span class="trace-type"&gt;-&gt;&lt;/span&gt;&lt;span class="trace-method"&gt;dispatch&lt;/span&gt;&lt;span class="trace-arguments"&gt;(&lt;em&gt;object&lt;/em&gt;(&lt;abbr title="Symfony\Component\HttpKernel\Event\RequestEvent"&gt;RequestEvent&lt;/abbr&gt;), 'kernel.request')&lt;/span&gt;    
                    &lt;span class="block trace-file-path"&gt;
            in
            &lt;a href="file://C:\Users\sliti\Desktop\dev\esprit-PIDEV-3A16-2526-FARMIA\vendor\symfony\http-kernel\HttpKernel.php#L157"&gt;
                C:\Users\sliti\Desktop\dev\esprit-PIDEV-3A16-2526-FARMIA\vendor\symfony\http-kernel\&lt;strong&gt;HttpKernel.php&lt;/strong&gt;
            &lt;/a&gt;
                        (line 157)
            &lt;span class="icon icon-copy hidden" data-clipboard-text="C:\Users\sliti\Desktop\dev\esprit-PIDEV-3A16-2526-FARMIA\vendor\symfony\http-kernel\HttpKernel.php:157"&gt;
                &lt;svg xmlns="http://www.w3.org/2000/svg" height="24" viewBox="0 0 24 24" width="24"&gt;&lt;path d="M0 0h24v24H0z" fill="none"/&gt;&lt;path d="M16 1H4c-1.1 0-2 .9-2 2v14h2V3h12V1zm3 4H8c-1.1 0-2 .9-2 2v14c0 1.1.9 2 2 2h11c1.1 0 2-.9 2-2V7c0-1.1-.9-2-2-2zm0 16H8V7h11v14z"/&gt;&lt;/svg&gt;            &lt;/span&gt;
        &lt;/span&gt;
    &lt;/div&gt;
    &lt;div id="trace-html-1-5" class="trace-code sf-toggle-content"&gt;
        &lt;ol start="152"&gt;&lt;li&gt;&lt;code&gt;&lt;span style="color: var(--highlight-comment)"&gt;&amp;nbsp;&amp;nbsp;&amp;nbsp;&amp;nbsp;&amp;nbsp;*/&lt;/span&gt;&lt;/code&gt;&lt;/li&gt;
&lt;li&gt;&lt;code&gt;&lt;span style="color: var(--highlight-comment)"&gt;&amp;nbsp;&amp;nbsp;&amp;nbsp;&amp;nbsp;&lt;/span&gt;&lt;span style="color: var(--highlight-keyword)"&gt;private&amp;nbsp;function&amp;nbsp;&lt;/span&gt;&lt;span style="color: var(--highlight-default)"&gt;handleRaw&lt;/span&gt;&lt;span style="color: var(--highlight-keyword)"&gt;(&lt;/span&gt;&lt;span style="color: var(--highlight-default)"&gt;Request&amp;nbsp;$request&lt;/span&gt;&lt;span style="color: var(--highlight-keyword)"&gt;,&amp;nbsp;&lt;/span&gt;&lt;span style="color: var(--highlight-default)"&gt;int&amp;nbsp;$type&amp;nbsp;&lt;/span&gt;&lt;span style="color: var(--highlight-keyword)"&gt;=&amp;nbsp;&lt;/span&gt;&lt;span style="color: var(--highlight-default)"&gt;self&lt;/span&gt;&lt;span style="color: var(--highlight-keyword)"&gt;::&lt;/span&gt;&lt;span style="color: var(--highlight-default)"&gt;MAIN_REQUEST&lt;/span&gt;&lt;span style="color: var(--highlight-keyword)"&gt;):&amp;nbsp;&lt;/span&gt;&lt;span style="color: var(--highlight-default)"&gt;Response&lt;/span&gt;&lt;/code&gt;&lt;/li&gt;
&lt;li&gt;&lt;code&gt;&lt;span style="color: var(--highlight-default)"&gt;&amp;nbsp;&amp;nbsp;&amp;nbsp;&amp;nbsp;&lt;/span&gt;&lt;span style="color: var(--highlight-keyword)"&gt;{&lt;/span&gt;&lt;/code&gt;&lt;/li&gt;
&lt;li&gt;&lt;code&gt;&lt;span style="color: var(--highlight-keyword)"&gt;&amp;nbsp;&amp;nbsp;&amp;nbsp;&amp;nbsp;&amp;nbsp;&amp;nbsp;&amp;nbsp;&amp;nbsp;&lt;/span&gt;&lt;span style="color: var(--highlight-comment)"&gt;//&amp;nbsp;request&lt;/span&gt;&lt;/code&gt;&lt;/li&gt;
&lt;li&gt;&lt;code&gt;&lt;span style="color: var(--highlight-comment)"&gt;&amp;nbsp;&amp;nbsp;&amp;nbsp;&amp;nbsp;&amp;nbsp;&amp;nbsp;&amp;nbsp;&amp;nbsp;&lt;/span&gt;&lt;span style="color: var(--highlight-default)"&gt;$event&amp;nbsp;&lt;/span&gt;&lt;span style="color: var(--highlight-keyword)"&gt;=&amp;nbsp;new&amp;nbsp;&lt;/span&gt;&lt;span style="color: var(--highlight-default)"&gt;RequestEvent&lt;/span&gt;&lt;span style="color: var(--highlight-keyword)"&gt;(&lt;/span&gt;&lt;span style="color: var(--highlight-default)"&gt;$this&lt;/span&gt;&lt;span style="color: var(--highlight-keyword)"&gt;,&amp;nbsp;&lt;/span&gt;&lt;span style="color: var(--highlight-default)"&gt;$request&lt;/span&gt;&lt;span style="color: var(--highlight-keyword)"&gt;,&amp;nbsp;&lt;/span&gt;&lt;span style="color: var(--highlight-default)"&gt;$type&lt;/span&gt;&lt;span style="color: var(--highlight-keyword)"&gt;);&lt;/span&gt;&lt;/code&gt;&lt;/li&gt;
&lt;li class="selected"&gt;&lt;code&gt;&lt;span style="color: var(--highlight-keyword)"&gt;&amp;nbsp;&amp;nbsp;&amp;nbsp;&amp;nbsp;&amp;nbsp;&amp;nbsp;&amp;nbsp;&amp;nbsp;&lt;/span&gt;&lt;span style="color: var(--highlight-default)"&gt;$this&lt;/span&gt;&lt;span style="color: var(--highlight-keyword)"&gt;-&amp;gt;&lt;/span&gt;&lt;span style="color: var(--highlight-default)"&gt;dispatcher&lt;/span&gt;&lt;span style="color: var(--highlight-keyword)"&gt;-&amp;gt;&lt;/span&gt;&lt;span style="color: var(--highlight-default)"&gt;dispatch&lt;/span&gt;&lt;span style="color: var(--highlight-keyword)"&gt;(&lt;/span&gt;&lt;span style="color: var(--highlight-default)"&gt;$event&lt;/span&gt;&lt;span style="color: var(--highlight-keyword)"&gt;,&amp;nbsp;&lt;/span&gt;&lt;span style="color: var(--highlight-default)"&gt;KernelEvents&lt;/span&gt;&lt;span style="color: var(--highlight-keyword)"&gt;::&lt;/span&gt;&lt;span style="color: var(--highlight-default)"&gt;REQUEST&lt;/span&gt;&lt;span style="color: var(--highlight-keyword)"&gt;);&lt;/span&gt;&lt;/code&gt;&lt;/li&gt;
&lt;li&gt;&lt;code&gt;&lt;span style="color: var(--highlight-keyword)"&gt;&lt;/span&gt;&lt;/code&gt;&lt;/li&gt;
&lt;li&gt;&lt;code&gt;&lt;span style="color: var(--highlight-keyword)"&gt;&amp;nbsp;&amp;nbsp;&amp;nbsp;&amp;nbsp;&amp;nbsp;&amp;nbsp;&amp;nbsp;&amp;nbsp;if&amp;nbsp;(&lt;/span&gt;&lt;span style="color: var(--highlight-default)"&gt;$event&lt;/span&gt;&lt;span style="color: var(--highlight-keyword)"&gt;-&amp;gt;&lt;/span&gt;&lt;span style="color: var(--highlight-default)"&gt;hasResponse&lt;/span&gt;&lt;span style="color: var(--highlight-keyword)"&gt;())&amp;nbsp;{&lt;/span&gt;&lt;/code&gt;&lt;/li&gt;
&lt;li&gt;&lt;code&gt;&lt;span style="color: var(--highlight-keyword)"&gt;&amp;nbsp;&amp;nbsp;&amp;nbsp;&amp;nbsp;&amp;nbsp;&amp;nbsp;&amp;nbsp;&amp;nbsp;&amp;nbsp;&amp;nbsp;&amp;nbsp;&amp;nbsp;return&amp;nbsp;&lt;/span&gt;&lt;span style="color: var(--highlight-default)"&gt;$this&lt;/span&gt;&lt;span style="color: var(--highlight-keyword)"&gt;-&amp;gt;&lt;/span&gt;&lt;span style="color: var(--highlight-default)"&gt;filterResponse&lt;/span&gt;&lt;span style="color: var(--highlight-keyword)"&gt;(&lt;/span&gt;&lt;span style="color: var(--highlight-default)"&gt;$event&lt;/span&gt;&lt;span style="color: var(--highlight-keyword)"&gt;-&amp;gt;&lt;/span&gt;&lt;span style="color: var(--highlight-default)"&gt;getResponse&lt;/span&gt;&lt;span style="color: var(--highlight-keyword)"&gt;(),&amp;nbsp;&lt;/span&gt;&lt;span style="color: var(--highlight-default)"&gt;$request&lt;/span&gt;&lt;span style="color: var(--highlight-keyword)"&gt;,&amp;nbsp;&lt;/span&gt;&lt;span style="color: var(--highlight-default)"&gt;$type&lt;/span&gt;&lt;span style="color: var(--highlight-keyword)"&gt;);&lt;/span&gt;&lt;/code&gt;&lt;/li&gt;
&lt;li&gt;&lt;code&gt;&lt;span style="color: var(--highlight-keyword)"&gt;&amp;nbsp;&amp;nbsp;&amp;nbsp;&amp;nbsp;&amp;nbsp;&amp;nbsp;&amp;nbsp;&amp;nbsp;}&lt;/span&gt;&lt;/code&gt;&lt;/li&gt;
&lt;li&gt;&lt;code&gt;&lt;span style="color: var(--highlight-keyword)"&gt;&lt;/span&gt;&lt;/code&gt;&lt;/li&gt;&lt;/ol&gt;    &lt;/div&gt;            &lt;/div&gt;
                        &lt;div class="trace-line "&gt;
                &lt;div class="trace-line-header break-long-words sf-toggle" data-toggle-selector="#trace-html-1-6" data-toggle-initial=""&gt;
            &lt;span class="icon icon-close"&gt;&lt;svg width="1792" height="1792" viewBox="0 0 1792 1792" xmlns="http://www.w3.org/2000/svg"&gt;&lt;path d="M1408 960V832q0-26-19-45t-45-19H448q-26 0-45 19t-19 45v128q0 26 19 45t45 19h896q26 0 45-19t19-45zm256-544v960q0 119-84.5 203.5T1376 1664H416q-119 0-203.5-84.5T128 1376V416q0-119 84.5-203.5T416 128h960q119 0 203.5 84.5T1664 416z"/&gt;&lt;/svg&gt;&lt;/span&gt;
        &lt;span class="icon icon-open"&gt;&lt;svg width="1792" height="1792" viewBox="0 0 1792 1792" xmlns="http://www.w3.org/2000/svg"&gt;&lt;path d="M1408 960V832q0-26-19-45t-45-19h-320V448q0-26-19-45t-45-19H832q-26 0-45 19t-19 45v320H448q-26 0-45 19t-19 45v128q0 26 19 45t45 19h320v320q0 26 19 45t45 19h128q26 0 45-19t19-45v-320h320q26 0 45-19t19-45zm256-544v960q0 119-84.5 203.5T1376 1664H416q-119 0-203.5-84.5T128 1376V416q0-119 84.5-203.5T416 128h960q119 0 203.5 84.5T1664 416z"/&gt;&lt;/svg&gt;&lt;/span&gt;
    
            &lt;span class="trace-class"&gt;&lt;abbr title="Symfony\Component\HttpKernel\HttpKernel"&gt;HttpKernel&lt;/abbr&gt;&lt;/span&gt;&lt;span class="trace-type"&gt;-&gt;&lt;/span&gt;&lt;span class="trace-method"&gt;handleRaw&lt;/span&gt;&lt;span class="trace-arguments"&gt;(&lt;em&gt;object&lt;/em&gt;(&lt;abbr title="Symfony\Component\HttpFoundation\Request"&gt;Request&lt;/abbr&gt;), 1)&lt;/span&gt;    
                    &lt;span class="block trace-file-path"&gt;
            in
            &lt;a href="file://C:\Users\sliti\Desktop\dev\esprit-PIDEV-3A16-2526-FARMIA\vendor\symfony\http-kernel\HttpKernel.php#L76"&gt;
                C:\Users\sliti\Desktop\dev\esprit-PIDEV-3A16-2526-FARMIA\vendor\symfony\http-kernel\&lt;strong&gt;HttpKernel.php&lt;/strong&gt;
            &lt;/a&gt;
                        (line 76)
            &lt;span class="icon icon-copy hidden" data-clipboard-text="C:\Users\sliti\Desktop\dev\esprit-PIDEV-3A16-2526-FARMIA\vendor\symfony\http-kernel\HttpKernel.php:76"&gt;
                &lt;svg xmlns="http://www.w3.org/2000/svg" height="24" viewBox="0 0 24 24" width="24"&gt;&lt;path d="M0 0h24v24H0z" fill="none"/&gt;&lt;path d="M16 1H4c-1.1 0-2 .9-2 2v14h2V3h12V1zm3 4H8c-1.1 0-2 .9-2 2v14c0 1.1.9 2 2 2h11c1.1 0 2-.9 2-2V7c0-1.1-.9-2-2-2zm0 16H8V7h11v14z"/&gt;&lt;/svg&gt;            &lt;/span&gt;
        &lt;/span&gt;
    &lt;/div&gt;
    &lt;div id="trace-html-1-6" class="trace-code sf-toggle-content"&gt;
        &lt;ol start="71"&gt;&lt;li&gt;&lt;code&gt;&lt;span style="color: var(--highlight-keyword)"&gt;&amp;nbsp;&amp;nbsp;&amp;nbsp;&amp;nbsp;&amp;nbsp;&amp;nbsp;&amp;nbsp;&amp;nbsp;&lt;/span&gt;&lt;span style="color: var(--highlight-default)"&gt;$request&lt;/span&gt;&lt;span style="color: var(--highlight-keyword)"&gt;-&amp;gt;&lt;/span&gt;&lt;span style="color: var(--highlight-default)"&gt;headers&lt;/span&gt;&lt;span style="color: var(--highlight-keyword)"&gt;-&amp;gt;&lt;/span&gt;&lt;span style="color: var(--highlight-default)"&gt;set&lt;/span&gt;&lt;span style="color: var(--highlight-keyword)"&gt;(&lt;/span&gt;&lt;span style="color: var(--highlight-string)"&gt;'X-Php-Ob-Level'&lt;/span&gt;&lt;span style="color: var(--highlight-keyword)"&gt;,&amp;nbsp;(string)&amp;nbsp;&lt;/span&gt;&lt;span style="color: var(--highlight-default)"&gt;ob_get_level&lt;/span&gt;&lt;span style="color: var(--highlight-keyword)"&gt;());&lt;/span&gt;&lt;/code&gt;&lt;/li&gt;
&lt;li&gt;&lt;code&gt;&lt;span style="color: var(--highlight-keyword)"&gt;&lt;/span&gt;&lt;/code&gt;&lt;/li&gt;
&lt;li&gt;&lt;code&gt;&lt;span style="color: var(--highlight-keyword)"&gt;&amp;nbsp;&amp;nbsp;&amp;nbsp;&amp;nbsp;&amp;nbsp;&amp;nbsp;&amp;nbsp;&amp;nbsp;&lt;/span&gt;&lt;span style="color: var(--highlight-default)"&gt;$this&lt;/span&gt;&lt;span style="color: var(--highlight-keyword)"&gt;-&amp;gt;&lt;/span&gt;&lt;span style="color: var(--highlight-default)"&gt;requestStack&lt;/span&gt;&lt;span style="color: var(--highlight-keyword)"&gt;-&amp;gt;&lt;/span&gt;&lt;span style="color: var(--highlight-default)"&gt;push&lt;/span&gt;&lt;span style="color: var(--highlight-keyword)"&gt;(&lt;/span&gt;&lt;span style="color: var(--highlight-default)"&gt;$request&lt;/span&gt;&lt;span style="color: var(--highlight-keyword)"&gt;);&lt;/span&gt;&lt;/code&gt;&lt;/li&gt;
&lt;li&gt;&lt;code&gt;&lt;span style="color: var(--highlight-keyword)"&gt;&amp;nbsp;&amp;nbsp;&amp;nbsp;&amp;nbsp;&amp;nbsp;&amp;nbsp;&amp;nbsp;&amp;nbsp;&lt;/span&gt;&lt;span style="color: var(--highlight-default)"&gt;$response&amp;nbsp;&lt;/span&gt;&lt;span style="color: var(--highlight-keyword)"&gt;=&amp;nbsp;&lt;/span&gt;&lt;span style="color: var(--highlight-default)"&gt;null&lt;/span&gt;&lt;span style="color: var(--highlight-keyword)"&gt;;&lt;/span&gt;&lt;/code&gt;&lt;/li&gt;
&lt;li&gt;&lt;code&gt;&lt;span style="color: var(--highlight-keyword)"&gt;&amp;nbsp;&amp;nbsp;&amp;nbsp;&amp;nbsp;&amp;nbsp;&amp;nbsp;&amp;nbsp;&amp;nbsp;try&amp;nbsp;{&lt;/span&gt;&lt;/code&gt;&lt;/li&gt;
&lt;li class="selected"&gt;&lt;code&gt;&lt;span style="color: var(--highlight-keyword)"&gt;&amp;nbsp;&amp;nbsp;&amp;nbsp;&amp;nbsp;&amp;nbsp;&amp;nbsp;&amp;nbsp;&amp;nbsp;&amp;nbsp;&amp;nbsp;&amp;nbsp;&amp;nbsp;return&amp;nbsp;&lt;/span&gt;&lt;span style="color: var(--highlight-default)"&gt;$response&amp;nbsp;&lt;/span&gt;&lt;span style="color: var(--highlight-keyword)"&gt;=&amp;nbsp;&lt;/span&gt;&lt;span style="color: var(--highlight-default)"&gt;$this&lt;/span&gt;&lt;span style="color: var(--highlight-keyword)"&gt;-&amp;gt;&lt;/span&gt;&lt;span style="color: var(--highlight-default)"&gt;handleRaw&lt;/span&gt;&lt;span style="color: var(--highlight-keyword)"&gt;(&lt;/span&gt;&lt;span style="color: var(--highlight-default)"&gt;$request&lt;/span&gt;&lt;span style="color: var(--highlight-keyword)"&gt;,&amp;nbsp;&lt;/span&gt;&lt;span style="color: var(--highlight-default)"&gt;$type&lt;/span&gt;&lt;span style="color: var(--highlight-keyword)"&gt;);&lt;/span&gt;&lt;/code&gt;&lt;/li&gt;
&lt;li&gt;&lt;code&gt;&lt;span style="color: var(--highlight-keyword)"&gt;&amp;nbsp;&amp;nbsp;&amp;nbsp;&amp;nbsp;&amp;nbsp;&amp;nbsp;&amp;nbsp;&amp;nbsp;}&amp;nbsp;catch&amp;nbsp;(&lt;/span&gt;&lt;span style="color: var(--highlight-default)"&gt;\Throwable&amp;nbsp;$e&lt;/span&gt;&lt;span style="color: var(--highlight-keyword)"&gt;)&amp;nbsp;{&lt;/span&gt;&lt;/code&gt;&lt;/li&gt;
&lt;li&gt;&lt;code&gt;&lt;span style="color: var(--highlight-keyword)"&gt;&amp;nbsp;&amp;nbsp;&amp;nbsp;&amp;nbsp;&amp;nbsp;&amp;nbsp;&amp;nbsp;&amp;nbsp;&amp;nbsp;&amp;nbsp;&amp;nbsp;&amp;nbsp;if&amp;nbsp;(&lt;/span&gt;&lt;span style="color: var(--highlight-default)"&gt;$e&amp;nbsp;&lt;/span&gt;&lt;span style="color: var(--highlight-keyword)"&gt;instanceof&amp;nbsp;&lt;/span&gt;&lt;span style="color: var(--highlight-default)"&gt;\Error&amp;nbsp;&lt;/span&gt;&lt;span style="color: var(--highlight-keyword)"&gt;&amp;amp;&amp;amp;&amp;nbsp;!&lt;/span&gt;&lt;span style="color: var(--highlight-default)"&gt;$this&lt;/span&gt;&lt;span style="color: var(--highlight-keyword)"&gt;-&amp;gt;&lt;/span&gt;&lt;span style="color: var(--highlight-default)"&gt;handleAllThrowables&lt;/span&gt;&lt;span style="color: var(--highlight-keyword)"&gt;)&amp;nbsp;{&lt;/span&gt;&lt;/code&gt;&lt;/li&gt;
&lt;li&gt;&lt;code&gt;&lt;span style="color: var(--highlight-keyword)"&gt;&amp;nbsp;&amp;nbsp;&amp;nbsp;&amp;nbsp;&amp;nbsp;&amp;nbsp;&amp;nbsp;&amp;nbsp;&amp;nbsp;&amp;nbsp;&amp;nbsp;&amp;nbsp;&amp;nbsp;&amp;nbsp;&amp;nbsp;&amp;nbsp;throw&amp;nbsp;&lt;/span&gt;&lt;span style="color: var(--highlight-default)"&gt;$e&lt;/span&gt;&lt;span style="color: var(--highlight-keyword)"&gt;;&lt;/span&gt;&lt;/code&gt;&lt;/li&gt;
&lt;li&gt;&lt;code&gt;&lt;span style="color: var(--highlight-keyword)"&gt;&amp;nbsp;&amp;nbsp;&amp;nbsp;&amp;nbsp;&amp;nbsp;&amp;nbsp;&amp;nbsp;&amp;nbsp;&amp;nbsp;&amp;nbsp;&amp;nbsp;&amp;nbsp;}&lt;/span&gt;&lt;/code&gt;&lt;/li&gt;
&lt;li&gt;&lt;code&gt;&lt;span style="color: var(--highlight-keyword)"&gt;&lt;/span&gt;&lt;/code&gt;&lt;/li&gt;&lt;/ol&gt;    &lt;/div&gt;            &lt;/div&gt;
                        &lt;div class="trace-line "&gt;
                &lt;div class="trace-line-header break-long-words sf-toggle" data-toggle-selector="#trace-html-1-7" data-toggle-initial=""&gt;
            &lt;span class="icon icon-close"&gt;&lt;svg width="1792" height="1792" viewBox="0 0 1792 1792" xmlns="http://www.w3.org/2000/svg"&gt;&lt;path d="M1408 960V832q0-26-19-45t-45-19H448q-26 0-45 19t-19 45v128q0 26 19 45t45 19h896q26 0 45-19t19-45zm256-544v960q0 119-84.5 203.5T1376 1664H416q-119 0-203.5-84.5T128 1376V416q0-119 84.5-203.5T416 128h960q119 0 203.5 84.5T1664 416z"/&gt;&lt;/svg&gt;&lt;/span&gt;
        &lt;span class="icon icon-open"&gt;&lt;svg width="1792" height="1792" viewBox="0 0 1792 1792" xmlns="http://www.w3.org/2000/svg"&gt;&lt;path d="M1408 960V832q0-26-19-45t-45-19h-320V448q0-26-19-45t-45-19H832q-26 0-45 19t-19 45v320H448q-26 0-45 19t-19 45v128q0 26 19 45t45 19h320v320q0 26 19 45t45 19h128q26 0 45-19t19-45v-320h320q26 0 45-19t19-45zm256-544v960q0 119-84.5 203.5T1376 1664H416q-119 0-203.5-84.5T128 1376V416q0-119 84.5-203.5T416 128h960q119 0 203.5 84.5T1664 416z"/&gt;&lt;/svg&gt;&lt;/span&gt;
    
            &lt;span class="trace-class"&gt;&lt;abbr title="Symfony\Component\HttpKernel\HttpKernel"&gt;HttpKernel&lt;/abbr&gt;&lt;/span&gt;&lt;span class="trace-type"&gt;-&gt;&lt;/span&gt;&lt;span class="trace-method"&gt;handle&lt;/span&gt;&lt;span class="trace-arguments"&gt;(&lt;em&gt;object&lt;/em&gt;(&lt;abbr title="Symfony\Component\HttpFoundation\Request"&gt;Request&lt;/abbr&gt;), 1, &lt;em&gt;true&lt;/em&gt;)&lt;/span&gt;    
                    &lt;span class="block trace-file-path"&gt;
            in
            &lt;a href="file://C:\Users\sliti\Desktop\dev\esprit-PIDEV-3A16-2526-FARMIA\vendor\symfony\http-kernel\Kernel.php#L208"&gt;
                C:\Users\sliti\Desktop\dev\esprit-PIDEV-3A16-2526-FARMIA\vendor\symfony\http-kernel\&lt;strong&gt;Kernel.php&lt;/strong&gt;
            &lt;/a&gt;
                        (line 208)
            &lt;span class="icon icon-copy hidden" data-clipboard-text="C:\Users\sliti\Desktop\dev\esprit-PIDEV-3A16-2526-FARMIA\vendor\symfony\http-kernel\Kernel.php:208"&gt;
                &lt;svg xmlns="http://www.w3.org/2000/svg" height="24" viewBox="0 0 24 24" width="24"&gt;&lt;path d="M0 0h24v24H0z" fill="none"/&gt;&lt;path d="M16 1H4c-1.1 0-2 .9-2 2v14h2V3h12V1zm3 4H8c-1.1 0-2 .9-2 2v14c0 1.1.9 2 2 2h11c1.1 0 2-.9 2-2V7c0-1.1-.9-2-2-2zm0 16H8V7h11v14z"/&gt;&lt;/svg&gt;            &lt;/span&gt;
        &lt;/span&gt;
    &lt;/div&gt;
    &lt;div id="trace-html-1-7" class="trace-code sf-toggle-content"&gt;
        &lt;ol start="203"&gt;&lt;li&gt;&lt;code&gt;&lt;span style="color: var(--highlight-keyword)"&gt;&amp;nbsp;&amp;nbsp;&amp;nbsp;&amp;nbsp;&amp;nbsp;&amp;nbsp;&amp;nbsp;&amp;nbsp;if&amp;nbsp;(!&lt;/span&gt;&lt;span style="color: var(--highlight-default)"&gt;$this&lt;/span&gt;&lt;span style="color: var(--highlight-keyword)"&gt;-&amp;gt;&lt;/span&gt;&lt;span style="color: var(--highlight-default)"&gt;handlingHttpCache&lt;/span&gt;&lt;span style="color: var(--highlight-keyword)"&gt;)&amp;nbsp;{&lt;/span&gt;&lt;/code&gt;&lt;/li&gt;
&lt;li&gt;&lt;code&gt;&lt;span style="color: var(--highlight-keyword)"&gt;&amp;nbsp;&amp;nbsp;&amp;nbsp;&amp;nbsp;&amp;nbsp;&amp;nbsp;&amp;nbsp;&amp;nbsp;&amp;nbsp;&amp;nbsp;&amp;nbsp;&amp;nbsp;&lt;/span&gt;&lt;span style="color: var(--highlight-default)"&gt;$this&lt;/span&gt;&lt;span style="color: var(--highlight-keyword)"&gt;-&amp;gt;&lt;/span&gt;&lt;span style="color: var(--highlight-default)"&gt;resetServices&amp;nbsp;&lt;/span&gt;&lt;span style="color: var(--highlight-keyword)"&gt;=&amp;nbsp;&lt;/span&gt;&lt;span style="color: var(--highlight-default)"&gt;true&lt;/span&gt;&lt;span style="color: var(--highlight-keyword)"&gt;;&lt;/span&gt;&lt;/code&gt;&lt;/li&gt;
&lt;li&gt;&lt;code&gt;&lt;span style="color: var(--highlight-keyword)"&gt;&amp;nbsp;&amp;nbsp;&amp;nbsp;&amp;nbsp;&amp;nbsp;&amp;nbsp;&amp;nbsp;&amp;nbsp;}&lt;/span&gt;&lt;/code&gt;&lt;/li&gt;
&lt;li&gt;&lt;code&gt;&lt;span style="color: var(--highlight-keyword)"&gt;&lt;/span&gt;&lt;/code&gt;&lt;/li&gt;
&lt;li&gt;&lt;code&gt;&lt;span style="color: var(--highlight-keyword)"&gt;&amp;nbsp;&amp;nbsp;&amp;nbsp;&amp;nbsp;&amp;nbsp;&amp;nbsp;&amp;nbsp;&amp;nbsp;try&amp;nbsp;{&lt;/span&gt;&lt;/code&gt;&lt;/li&gt;
&lt;li class="selected"&gt;&lt;code&gt;&lt;span style="color: var(--highlight-keyword)"&gt;&amp;nbsp;&amp;nbsp;&amp;nbsp;&amp;nbsp;&amp;nbsp;&amp;nbsp;&amp;nbsp;&amp;nbsp;&amp;nbsp;&amp;nbsp;&amp;nbsp;&amp;nbsp;return&amp;nbsp;&lt;/span&gt;&lt;span style="color: var(--highlight-default)"&gt;$this&lt;/span&gt;&lt;span style="color: var(--highlight-keyword)"&gt;-&amp;gt;&lt;/span&gt;&lt;span style="color: var(--highlight-default)"&gt;getHttpKernel&lt;/span&gt;&lt;span style="color: var(--highlight-keyword)"&gt;()-&amp;gt;&lt;/span&gt;&lt;span style="color: var(--highlight-default)"&gt;handle&lt;/span&gt;&lt;span style="color: var(--highlight-keyword)"&gt;(&lt;/span&gt;&lt;span style="color: var(--highlight-default)"&gt;$request&lt;/span&gt;&lt;span style="color: var(--highlight-keyword)"&gt;,&amp;nbsp;&lt;/span&gt;&lt;span style="color: var(--highlight-default)"&gt;$type&lt;/span&gt;&lt;span style="color: var(--highlight-keyword)"&gt;,&amp;nbsp;&lt;/span&gt;&lt;span style="color: var(--highlight-default)"&gt;$catch&lt;/span&gt;&lt;span style="color: var(--highlight-keyword)"&gt;);&lt;/span&gt;&lt;/code&gt;&lt;/li&gt;
&lt;li&gt;&lt;code&gt;&lt;span style="color: var(--highlight-keyword)"&gt;&amp;nbsp;&amp;nbsp;&amp;nbsp;&amp;nbsp;&amp;nbsp;&amp;nbsp;&amp;nbsp;&amp;nbsp;}&amp;nbsp;finally&amp;nbsp;{&lt;/span&gt;&lt;/code&gt;&lt;/li&gt;
&lt;li&gt;&lt;code&gt;&lt;span style="color: var(--highlight-keyword)"&gt;&amp;nbsp;&amp;nbsp;&amp;nbsp;&amp;nbsp;&amp;nbsp;&amp;nbsp;&amp;nbsp;&amp;nbsp;&amp;nbsp;&amp;nbsp;&amp;nbsp;&amp;nbsp;--&lt;/span&gt;&lt;span style="color: var(--highlight-default)"&gt;$this&lt;/span&gt;&lt;span style="color: var(--highlight-keyword)"&gt;-&amp;gt;&lt;/span&gt;&lt;span style="color: var(--highlight-default)"&gt;requestStackSize&lt;/span&gt;&lt;span style="color: var(--highlight-keyword)"&gt;;&lt;/span&gt;&lt;/code&gt;&lt;/li&gt;
&lt;li&gt;&lt;code&gt;&lt;span style="color: var(--highlight-keyword)"&gt;&amp;nbsp;&amp;nbsp;&amp;nbsp;&amp;nbsp;&amp;nbsp;&amp;nbsp;&amp;nbsp;&amp;nbsp;}&lt;/span&gt;&lt;/code&gt;&lt;/li&gt;
&lt;li&gt;&lt;code&gt;&lt;span style="color: var(--highlight-keyword)"&gt;&amp;nbsp;&amp;nbsp;&amp;nbsp;&amp;nbsp;}&lt;/span&gt;&lt;/code&gt;&lt;/li&gt;
&lt;li&gt;&lt;code&gt;&lt;span style="color: var(--highlight-keyword)"&gt;&lt;/span&gt;&lt;/code&gt;&lt;/li&gt;&lt;/ol&gt;    &lt;/div&gt;            &lt;/div&gt;
                        &lt;div class="trace-line "&gt;
                &lt;div class="trace-line-header break-long-words sf-toggle" data-toggle-selector="#trace-html-1-8" data-toggle-initial=""&gt;
            &lt;span class="icon icon-close"&gt;&lt;svg width="1792" height="1792" viewBox="0 0 1792 1792" xmlns="http://www.w3.org/2000/svg"&gt;&lt;path d="M1408 960V832q0-26-19-45t-45-19H448q-26 0-45 19t-19 45v128q0 26 19 45t45 19h896q26 0 45-19t19-45zm256-544v960q0 119-84.5 203.5T1376 1664H416q-119 0-203.5-84.5T128 1376V416q0-119 84.5-203.5T416 128h960q119 0 203.5 84.5T1664 416z"/&gt;&lt;/svg&gt;&lt;/span&gt;
        &lt;span class="icon icon-open"&gt;&lt;svg width="1792" height="1792" viewBox="0 0 1792 1792" xmlns="http://www.w3.org/2000/svg"&gt;&lt;path d="M1408 960V832q0-26-19-45t-45-19h-320V448q0-26-19-45t-45-19H832q-26 0-45 19t-19 45v320H448q-26 0-45 19t-19 45v128q0 26 19 45t45 19h320v320q0 26 19 45t45 19h128q26 0 45-19t19-45v-320h320q26 0 45-19t19-45zm256-544v960q0 119-84.5 203.5T1376 1664H416q-119 0-203.5-84.5T128 1376V416q0-119 84.5-203.5T416 128h960q119 0 203.5 84.5T1664 416z"/&gt;&lt;/svg&gt;&lt;/span&gt;
    
            &lt;span class="trace-class"&gt;&lt;abbr title="Symfony\Component\HttpKernel\Kernel"&gt;Kernel&lt;/abbr&gt;&lt;/span&gt;&lt;span class="trace-type"&gt;-&gt;&lt;/span&gt;&lt;span class="trace-method"&gt;handle&lt;/span&gt;&lt;span class="trace-arguments"&gt;(&lt;em&gt;object&lt;/em&gt;(&lt;abbr title="Symfony\Component\HttpFoundation\Request"&gt;Request&lt;/abbr&gt;), 1, &lt;em&gt;true&lt;/em&gt;)&lt;/span&gt;    
                    &lt;span class="block trace-file-path"&gt;
            in
            &lt;a href="file://C:\Users\sliti\Desktop\dev\esprit-PIDEV-3A16-2526-FARMIA\vendor\symfony\http-kernel\HttpKernelBrowser.php#L65"&gt;
                C:\Users\sliti\Desktop\dev\esprit-PIDEV-3A16-2526-FARMIA\vendor\symfony\http-kernel\&lt;strong&gt;HttpKernelBrowser.php&lt;/strong&gt;
            &lt;/a&gt;
                        (line 65)
            &lt;span class="icon icon-copy hidden" data-clipboard-text="C:\Users\sliti\Desktop\dev\esprit-PIDEV-3A16-2526-FARMIA\vendor\symfony\http-kernel\HttpKernelBrowser.php:65"&gt;
                &lt;svg xmlns="http://www.w3.org/2000/svg" height="24" viewBox="0 0 24 24" width="24"&gt;&lt;path d="M0 0h24v24H0z" fill="none"/&gt;&lt;path d="M16 1H4c-1.1 0-2 .9-2 2v14h2V3h12V1zm3 4H8c-1.1 0-2 .9-2 2v14c0 1.1.9 2 2 2h11c1.1 0 2-.9 2-2V7c0-1.1-.9-2-2-2zm0 16H8V7h11v14z"/&gt;&lt;/svg&gt;            &lt;/span&gt;
        &lt;/span&gt;
    &lt;/div&gt;
    &lt;div id="trace-html-1-8" class="trace-code sf-toggle-content"&gt;
        &lt;ol start="60"&gt;&lt;li&gt;&lt;code&gt;&lt;span style="color: var(--highlight-comment)"&gt;&amp;nbsp;&amp;nbsp;&amp;nbsp;&amp;nbsp;&amp;nbsp;*&lt;/span&gt;&lt;/code&gt;&lt;/li&gt;
&lt;li&gt;&lt;code&gt;&lt;span style="color: var(--highlight-comment)"&gt;&amp;nbsp;&amp;nbsp;&amp;nbsp;&amp;nbsp;&amp;nbsp;*&amp;nbsp;@return&amp;nbsp;Response&lt;/span&gt;&lt;/code&gt;&lt;/li&gt;
&lt;li&gt;&lt;code&gt;&lt;span style="color: var(--highlight-comment)"&gt;&amp;nbsp;&amp;nbsp;&amp;nbsp;&amp;nbsp;&amp;nbsp;*/&lt;/span&gt;&lt;/code&gt;&lt;/li&gt;
&lt;li&gt;&lt;code&gt;&lt;span style="color: var(--highlight-comment)"&gt;&amp;nbsp;&amp;nbsp;&amp;nbsp;&amp;nbsp;&lt;/span&gt;&lt;span style="color: var(--highlight-keyword)"&gt;protected&amp;nbsp;function&amp;nbsp;&lt;/span&gt;&lt;span style="color: var(--highlight-default)"&gt;doRequest&lt;/span&gt;&lt;span style="color: var(--highlight-keyword)"&gt;(&lt;/span&gt;&lt;span style="color: var(--highlight-default)"&gt;object&amp;nbsp;$request&lt;/span&gt;&lt;span style="color: var(--highlight-keyword)"&gt;)&lt;/span&gt;&lt;/code&gt;&lt;/li&gt;
&lt;li&gt;&lt;code&gt;&lt;span style="color: var(--highlight-keyword)"&gt;&amp;nbsp;&amp;nbsp;&amp;nbsp;&amp;nbsp;{&lt;/span&gt;&lt;/code&gt;&lt;/li&gt;
&lt;li class="selected"&gt;&lt;code&gt;&lt;span style="color: var(--highlight-keyword)"&gt;&amp;nbsp;&amp;nbsp;&amp;nbsp;&amp;nbsp;&amp;nbsp;&amp;nbsp;&amp;nbsp;&amp;nbsp;&lt;/span&gt;&lt;span style="color: var(--highlight-default)"&gt;$response&amp;nbsp;&lt;/span&gt;&lt;span style="color: var(--highlight-keyword)"&gt;=&amp;nbsp;&lt;/span&gt;&lt;span style="color: var(--highlight-default)"&gt;$this&lt;/span&gt;&lt;span style="color: var(--highlight-keyword)"&gt;-&amp;gt;&lt;/span&gt;&lt;span style="color: var(--highlight-default)"&gt;kernel&lt;/span&gt;&lt;span style="color: var(--highlight-keyword)"&gt;-&amp;gt;&lt;/span&gt;&lt;span style="color: var(--highlight-default)"&gt;handle&lt;/span&gt;&lt;span style="color: var(--highlight-keyword)"&gt;(&lt;/span&gt;&lt;span style="color: var(--highlight-default)"&gt;$request&lt;/span&gt;&lt;span style="color: var(--highlight-keyword)"&gt;,&amp;nbsp;&lt;/span&gt;&lt;span style="color: var(--highlight-default)"&gt;HttpKernelInterface&lt;/span&gt;&lt;span style="color: var(--highlight-keyword)"&gt;::&lt;/span&gt;&lt;span style="color: var(--highlight-default)"&gt;MAIN_REQUEST&lt;/span&gt;&lt;span style="color: var(--highlight-keyword)"&gt;,&amp;nbsp;&lt;/span&gt;&lt;span style="color: var(--highlight-default)"&gt;$this&lt;/span&gt;&lt;span style="color: var(--highlight-keyword)"&gt;-&amp;gt;&lt;/span&gt;&lt;span style="color: var(--highlight-default)"&gt;catchExceptions&lt;/span&gt;&lt;span style="color: var(--highlight-keyword)"&gt;);&lt;/span&gt;&lt;/code&gt;&lt;/li&gt;
&lt;li&gt;&lt;code&gt;&lt;span style="color: var(--highlight-keyword)"&gt;&lt;/span&gt;&lt;/code&gt;&lt;/li&gt;
&lt;li&gt;&lt;code&gt;&lt;span style="color: var(--highlight-keyword)"&gt;&amp;nbsp;&amp;nbsp;&amp;nbsp;&amp;nbsp;&amp;nbsp;&amp;nbsp;&amp;nbsp;&amp;nbsp;if&amp;nbsp;(&lt;/span&gt;&lt;span style="color: var(--highlight-default)"&gt;$this&lt;/span&gt;&lt;span style="color: var(--highlight-keyword)"&gt;-&amp;gt;&lt;/span&gt;&lt;span style="color: var(--highlight-default)"&gt;kernel&amp;nbsp;&lt;/span&gt;&lt;span style="color: var(--highlight-keyword)"&gt;instanceof&amp;nbsp;&lt;/span&gt;&lt;span style="color: var(--highlight-default)"&gt;TerminableInterface&lt;/span&gt;&lt;span style="color: var(--highlight-keyword)"&gt;)&amp;nbsp;{&lt;/span&gt;&lt;/code&gt;&lt;/li&gt;
&lt;li&gt;&lt;code&gt;&lt;span style="color: var(--highlight-keyword)"&gt;&amp;nbsp;&amp;nbsp;&amp;nbsp;&amp;nbsp;&amp;nbsp;&amp;nbsp;&amp;nbsp;&amp;nbsp;&amp;nbsp;&amp;nbsp;&amp;nbsp;&amp;nbsp;&lt;/span&gt;&lt;span style="color: var(--highlight-default)"&gt;$this&lt;/span&gt;&lt;span style="color: var(--highlight-keyword)"&gt;-&amp;gt;&lt;/span&gt;&lt;span style="color: var(--highlight-default)"&gt;kernel&lt;/span&gt;&lt;span style="color: var(--highlight-keyword)"&gt;-&amp;gt;&lt;/span&gt;&lt;span style="color: var(--highlight-default)"&gt;terminate&lt;/span&gt;&lt;span style="color: var(--highlight-keyword)"&gt;(&lt;/span&gt;&lt;span style="color: var(--highlight-default)"&gt;$request&lt;/span&gt;&lt;span style="color: var(--highlight-keyword)"&gt;,&amp;nbsp;&lt;/span&gt;&lt;span style="color: var(--highlight-default)"&gt;$response&lt;/span&gt;&lt;span style="color: var(--highlight-keyword)"&gt;);&lt;/span&gt;&lt;/code&gt;&lt;/li&gt;
&lt;li&gt;&lt;code&gt;&lt;span style="color: var(--highlight-keyword)"&gt;&amp;nbsp;&amp;nbsp;&amp;nbsp;&amp;nbsp;&amp;nbsp;&amp;nbsp;&amp;nbsp;&amp;nbsp;}&lt;/span&gt;&lt;/code&gt;&lt;/li&gt;
&lt;li&gt;&lt;code&gt;&lt;span style="color: var(--highlight-keyword)"&gt;&lt;/span&gt;&lt;/code&gt;&lt;/li&gt;&lt;/ol&gt;    &lt;/div&gt;            &lt;/div&gt;
                        &lt;div class="trace-line "&gt;
                &lt;div class="trace-line-header break-long-words sf-toggle" data-toggle-selector="#trace-html-1-9" data-toggle-initial=""&gt;
            &lt;span class="icon icon-close"&gt;&lt;svg width="1792" height="1792" viewBox="0 0 1792 1792" xmlns="http://www.w3.org/2000/svg"&gt;&lt;path d="M1408 960V832q0-26-19-45t-45-19H448q-26 0-45 19t-19 45v128q0 26 19 45t45 19h896q26 0 45-19t19-45zm256-544v960q0 119-84.5 203.5T1376 1664H416q-119 0-203.5-84.5T128 1376V416q0-119 84.5-203.5T416 128h960q119 0 203.5 84.5T1664 416z"/&gt;&lt;/svg&gt;&lt;/span&gt;
        &lt;span class="icon icon-open"&gt;&lt;svg width="1792" height="1792" viewBox="0 0 1792 1792" xmlns="http://www.w3.org/2000/svg"&gt;&lt;path d="M1408 960V832q0-26-19-45t-45-19h-320V448q0-26-19-45t-45-19H832q-26 0-45 19t-19 45v320H448q-26 0-45 19t-19 45v128q0 26 19 45t45 19h320v320q0 26 19 45t45 19h128q26 0 45-19t19-45v-320h320q26 0 45-19t19-45zm256-544v960q0 119-84.5 203.5T1376 1664H416q-119 0-203.5-84.5T128 1376V416q0-119 84.5-203.5T416 128h960q119 0 203.5 84.5T1664 416z"/&gt;&lt;/svg&gt;&lt;/span&gt;
    
            &lt;span class="trace-class"&gt;&lt;abbr title="Symfony\Component\HttpKernel\HttpKernelBrowser"&gt;HttpKernelBrowser&lt;/abbr&gt;&lt;/span&gt;&lt;span class="trace-type"&gt;-&gt;&lt;/span&gt;&lt;span class="trace-method"&gt;doRequest&lt;/span&gt;&lt;span class="trace-arguments"&gt;(&lt;em&gt;object&lt;/em&gt;(&lt;abbr title="Symfony\Component\HttpFoundation\Request"&gt;Request&lt;/abbr&gt;))&lt;/span&gt;    
                    &lt;span class="block trace-file-path"&gt;
            in
            &lt;a href="file://C:\Users\sliti\Desktop\dev\esprit-PIDEV-3A16-2526-FARMIA\vendor\symfony\framework-bundle\KernelBrowser.php#L175"&gt;
                C:\Users\sliti\Desktop\dev\esprit-PIDEV-3A16-2526-FARMIA\vendor\symfony\framework-bundle\&lt;strong&gt;KernelBrowser.php&lt;/strong&gt;
            &lt;/a&gt;
                        (line 175)
            &lt;span class="icon icon-copy hidden" data-clipboard-text="C:\Users\sliti\Desktop\dev\esprit-PIDEV-3A16-2526-FARMIA\vendor\symfony\framework-bundle\KernelBrowser.php:175"&gt;
                &lt;svg xmlns="http://www.w3.org/2000/svg" height="24" viewBox="0 0 24 24" width="24"&gt;&lt;path d="M0 0h24v24H0z" fill="none"/&gt;&lt;path d="M16 1H4c-1.1 0-2 .9-2 2v14h2V3h12V1zm3 4H8c-1.1 0-2 .9-2 2v14c0 1.1.9 2 2 2h11c1.1 0 2-.9 2-2V7c0-1.1-.9-2-2-2zm0 16H8V7h11v14z"/&gt;&lt;/svg&gt;            &lt;/span&gt;
        &lt;/span&gt;
    &lt;/div&gt;
    &lt;div id="trace-html-1-9" class="trace-code sf-toggle-content"&gt;
        &lt;ol start="170"&gt;&lt;li&gt;&lt;code&gt;&lt;span style="color: var(--highlight-keyword)"&gt;&lt;/span&gt;&lt;/code&gt;&lt;/li&gt;
&lt;li&gt;&lt;code&gt;&lt;span style="color: var(--highlight-keyword)"&gt;&amp;nbsp;&amp;nbsp;&amp;nbsp;&amp;nbsp;&amp;nbsp;&amp;nbsp;&amp;nbsp;&amp;nbsp;&amp;nbsp;&amp;nbsp;&amp;nbsp;&amp;nbsp;&lt;/span&gt;&lt;span style="color: var(--highlight-default)"&gt;$this&lt;/span&gt;&lt;span style="color: var(--highlight-keyword)"&gt;-&amp;gt;&lt;/span&gt;&lt;span style="color: var(--highlight-default)"&gt;kernel&lt;/span&gt;&lt;span style="color: var(--highlight-keyword)"&gt;-&amp;gt;&lt;/span&gt;&lt;span style="color: var(--highlight-default)"&gt;boot&lt;/span&gt;&lt;span style="color: var(--highlight-keyword)"&gt;();&lt;/span&gt;&lt;/code&gt;&lt;/li&gt;
&lt;li&gt;&lt;code&gt;&lt;span style="color: var(--highlight-keyword)"&gt;&amp;nbsp;&amp;nbsp;&amp;nbsp;&amp;nbsp;&amp;nbsp;&amp;nbsp;&amp;nbsp;&amp;nbsp;&amp;nbsp;&amp;nbsp;&amp;nbsp;&amp;nbsp;&lt;/span&gt;&lt;span style="color: var(--highlight-default)"&gt;$this&lt;/span&gt;&lt;span style="color: var(--highlight-keyword)"&gt;-&amp;gt;&lt;/span&gt;&lt;span style="color: var(--highlight-default)"&gt;getContainer&lt;/span&gt;&lt;span style="color: var(--highlight-keyword)"&gt;()-&amp;gt;&lt;/span&gt;&lt;span style="color: var(--highlight-default)"&gt;get&lt;/span&gt;&lt;span style="color: var(--highlight-keyword)"&gt;(&lt;/span&gt;&lt;span style="color: var(--highlight-string)"&gt;'profiler'&lt;/span&gt;&lt;span style="color: var(--highlight-keyword)"&gt;)-&amp;gt;&lt;/span&gt;&lt;span style="color: var(--highlight-default)"&gt;enable&lt;/span&gt;&lt;span style="color: var(--highlight-keyword)"&gt;();&lt;/span&gt;&lt;/code&gt;&lt;/li&gt;
&lt;li&gt;&lt;code&gt;&lt;span style="color: var(--highlight-keyword)"&gt;&amp;nbsp;&amp;nbsp;&amp;nbsp;&amp;nbsp;&amp;nbsp;&amp;nbsp;&amp;nbsp;&amp;nbsp;}&lt;/span&gt;&lt;/code&gt;&lt;/li&gt;
&lt;li&gt;&lt;code&gt;&lt;span style="color: var(--highlight-keyword)"&gt;&lt;/span&gt;&lt;/code&gt;&lt;/li&gt;
&lt;li class="selected"&gt;&lt;code&gt;&lt;span style="color: var(--highlight-keyword)"&gt;&amp;nbsp;&amp;nbsp;&amp;nbsp;&amp;nbsp;&amp;nbsp;&amp;nbsp;&amp;nbsp;&amp;nbsp;return&amp;nbsp;&lt;/span&gt;&lt;span style="color: var(--highlight-default)"&gt;parent&lt;/span&gt;&lt;span style="color: var(--highlight-keyword)"&gt;::&lt;/span&gt;&lt;span style="color: var(--highlight-default)"&gt;doRequest&lt;/span&gt;&lt;span style="color: var(--highlight-keyword)"&gt;(&lt;/span&gt;&lt;span style="color: var(--highlight-default)"&gt;$request&lt;/span&gt;&lt;span style="color: var(--highlight-keyword)"&gt;);&lt;/span&gt;&lt;/code&gt;&lt;/li&gt;
&lt;li&gt;&lt;code&gt;&lt;span style="color: var(--highlight-keyword)"&gt;&amp;nbsp;&amp;nbsp;&amp;nbsp;&amp;nbsp;}&lt;/span&gt;&lt;/code&gt;&lt;/li&gt;
&lt;li&gt;&lt;code&gt;&lt;span style="color: var(--highlight-keyword)"&gt;&lt;/span&gt;&lt;/code&gt;&lt;/li&gt;
&lt;li&gt;&lt;code&gt;&lt;span style="color: var(--highlight-keyword)"&gt;&amp;nbsp;&amp;nbsp;&amp;nbsp;&amp;nbsp;&lt;/span&gt;&lt;span style="color: var(--highlight-comment)"&gt;/**&lt;/span&gt;&lt;/code&gt;&lt;/li&gt;
&lt;li&gt;&lt;code&gt;&lt;span style="color: var(--highlight-comment)"&gt;&amp;nbsp;&amp;nbsp;&amp;nbsp;&amp;nbsp;&amp;nbsp;*&amp;nbsp;@param&amp;nbsp;Request&amp;nbsp;$request&lt;/span&gt;&lt;/code&gt;&lt;/li&gt;
&lt;li&gt;&lt;code&gt;&lt;span style="color: var(--highlight-comment)"&gt;&amp;nbsp;&amp;nbsp;&amp;nbsp;&amp;nbsp;&amp;nbsp;*/&lt;/span&gt;&lt;/code&gt;&lt;/li&gt;&lt;/ol&gt;    &lt;/div&gt;            &lt;/div&gt;
                        &lt;div class="trace-line "&gt;
                &lt;div class="trace-line-header break-long-words sf-toggle" data-toggle-selector="#trace-html-1-10" data-toggle-initial=""&gt;
            &lt;span class="icon icon-close"&gt;&lt;svg width="1792" height="1792" viewBox="0 0 1792 1792" xmlns="http://www.w3.org/2000/svg"&gt;&lt;path d="M1408 960V832q0-26-19-45t-45-19H448q-26 0-45 19t-19 45v128q0 26 19 45t45 19h896q26 0 45-19t19-45zm256-544v960q0 119-84.5 203.5T1376 1664H416q-119 0-203.5-84.5T128 1376V416q0-119 84.5-203.5T416 128h960q119 0 203.5 84.5T1664 416z"/&gt;&lt;/svg&gt;&lt;/span&gt;
        &lt;span class="icon icon-open"&gt;&lt;svg width="1792" height="1792" viewBox="0 0 1792 1792" xmlns="http://www.w3.org/2000/svg"&gt;&lt;path d="M1408 960V832q0-26-19-45t-45-19h-320V448q0-26-19-45t-45-19H832q-26 0-45 19t-19 45v320H448q-26 0-45 19t-19 45v128q0 26 19 45t45 19h320v320q0 26 19 45t45 19h128q26 0 45-19t19-45v-320h320q26 0 45-19t19-45zm256-544v960q0 119-84.5 203.5T1376 1664H416q-119 0-203.5-84.5T128 1376V416q0-119 84.5-203.5T416 128h960q119 0 203.5 84.5T1664 416z"/&gt;&lt;/svg&gt;&lt;/span&gt;
    
            &lt;span class="trace-class"&gt;&lt;abbr title="Symfony\Bundle\FrameworkBundle\KernelBrowser"&gt;KernelBrowser&lt;/abbr&gt;&lt;/span&gt;&lt;span class="trace-type"&gt;-&gt;&lt;/span&gt;&lt;span class="trace-method"&gt;doRequest&lt;/span&gt;&lt;span class="trace-arguments"&gt;(&lt;em&gt;object&lt;/em&gt;(&lt;abbr title="Symfony\Component\HttpFoundation\Request"&gt;Request&lt;/abbr&gt;))&lt;/span&gt;    
                    &lt;span class="block trace-file-path"&gt;
            in
            &lt;a href="file://C:\Users\sliti\Desktop\dev\esprit-PIDEV-3A16-2526-FARMIA\vendor\symfony\browser-kit\AbstractBrowser.php#L385"&gt;
                C:\Users\sliti\Desktop\dev\esprit-PIDEV-3A16-2526-FARMIA\vendor\symfony\browser-kit\&lt;strong&gt;AbstractBrowser.php&lt;/strong&gt;
            &lt;/a&gt;
                        (line 385)
            &lt;span class="icon icon-copy hidden" data-clipboard-text="C:\Users\sliti\Desktop\dev\esprit-PIDEV-3A16-2526-FARMIA\vendor\symfony\browser-kit\AbstractBrowser.php:385"&gt;
                &lt;svg xmlns="http://www.w3.org/2000/svg" height="24" viewBox="0 0 24 24" width="24"&gt;&lt;path d="M0 0h24v24H0z" fill="none"/&gt;&lt;path d="M16 1H4c-1.1 0-2 .9-2 2v14h2V3h12V1zm3 4H8c-1.1 0-2 .9-2 2v14c0 1.1.9 2 2 2h11c1.1 0 2-.9 2-2V7c0-1.1-.9-2-2-2zm0 16H8V7h11v14z"/&gt;&lt;/svg&gt;            &lt;/span&gt;
        &lt;/span&gt;
    &lt;/div&gt;
    &lt;div id="trace-html-1-10" class="trace-code sf-toggle-content"&gt;
        &lt;ol start="380"&gt;&lt;li&gt;&lt;code&gt;&lt;span style="color: var(--highlight-keyword)"&gt;&amp;nbsp;&amp;nbsp;&amp;nbsp;&amp;nbsp;&amp;nbsp;&amp;nbsp;&amp;nbsp;&amp;nbsp;}&lt;/span&gt;&lt;/code&gt;&lt;/li&gt;
&lt;li&gt;&lt;code&gt;&lt;span style="color: var(--highlight-keyword)"&gt;&lt;/span&gt;&lt;/code&gt;&lt;/li&gt;
&lt;li&gt;&lt;code&gt;&lt;span style="color: var(--highlight-keyword)"&gt;&amp;nbsp;&amp;nbsp;&amp;nbsp;&amp;nbsp;&amp;nbsp;&amp;nbsp;&amp;nbsp;&amp;nbsp;if&amp;nbsp;(&lt;/span&gt;&lt;span style="color: var(--highlight-default)"&gt;$this&lt;/span&gt;&lt;span style="color: var(--highlight-keyword)"&gt;-&amp;gt;&lt;/span&gt;&lt;span style="color: var(--highlight-default)"&gt;insulated&lt;/span&gt;&lt;span style="color: var(--highlight-keyword)"&gt;)&amp;nbsp;{&lt;/span&gt;&lt;/code&gt;&lt;/li&gt;
&lt;li&gt;&lt;code&gt;&lt;span style="color: var(--highlight-keyword)"&gt;&amp;nbsp;&amp;nbsp;&amp;nbsp;&amp;nbsp;&amp;nbsp;&amp;nbsp;&amp;nbsp;&amp;nbsp;&amp;nbsp;&amp;nbsp;&amp;nbsp;&amp;nbsp;&lt;/span&gt;&lt;span style="color: var(--highlight-default)"&gt;$this&lt;/span&gt;&lt;span style="color: var(--highlight-keyword)"&gt;-&amp;gt;&lt;/span&gt;&lt;span style="color: var(--highlight-default)"&gt;response&amp;nbsp;&lt;/span&gt;&lt;span style="color: var(--highlight-keyword)"&gt;=&amp;nbsp;&lt;/span&gt;&lt;span style="color: var(--highlight-default)"&gt;$this&lt;/span&gt;&lt;span style="color: var(--highlight-keyword)"&gt;-&amp;gt;&lt;/span&gt;&lt;span style="color: var(--highlight-default)"&gt;doRequestInProcess&lt;/span&gt;&lt;span style="color: var(--highlight-keyword)"&gt;(&lt;/span&gt;&lt;span style="color: var(--highlight-default)"&gt;$this&lt;/span&gt;&lt;span style="color: var(--highlight-keyword)"&gt;-&amp;gt;&lt;/span&gt;&lt;span style="color: var(--highlight-default)"&gt;request&lt;/span&gt;&lt;span style="color: var(--highlight-keyword)"&gt;);&lt;/span&gt;&lt;/code&gt;&lt;/li&gt;
&lt;li&gt;&lt;code&gt;&lt;span style="color: var(--highlight-keyword)"&gt;&amp;nbsp;&amp;nbsp;&amp;nbsp;&amp;nbsp;&amp;nbsp;&amp;nbsp;&amp;nbsp;&amp;nbsp;}&amp;nbsp;else&amp;nbsp;{&lt;/span&gt;&lt;/code&gt;&lt;/li&gt;
&lt;li class="selected"&gt;&lt;code&gt;&lt;span style="color: var(--highlight-keyword)"&gt;&amp;nbsp;&amp;nbsp;&amp;nbsp;&amp;nbsp;&amp;nbsp;&amp;nbsp;&amp;nbsp;&amp;nbsp;&amp;nbsp;&amp;nbsp;&amp;nbsp;&amp;nbsp;&lt;/span&gt;&lt;span style="color: var(--highlight-default)"&gt;$this&lt;/span&gt;&lt;span style="color: var(--highlight-keyword)"&gt;-&amp;gt;&lt;/span&gt;&lt;span style="color: var(--highlight-default)"&gt;response&amp;nbsp;&lt;/span&gt;&lt;span style="color: var(--highlight-keyword)"&gt;=&amp;nbsp;&lt;/span&gt;&lt;span style="color: var(--highlight-default)"&gt;$this&lt;/span&gt;&lt;span style="color: var(--highlight-keyword)"&gt;-&amp;gt;&lt;/span&gt;&lt;span style="color: var(--highlight-default)"&gt;doRequest&lt;/span&gt;&lt;span style="color: var(--highlight-keyword)"&gt;(&lt;/span&gt;&lt;span style="color: var(--highlight-default)"&gt;$this&lt;/span&gt;&lt;span style="color: var(--highlight-keyword)"&gt;-&amp;gt;&lt;/span&gt;&lt;span style="color: var(--highlight-default)"&gt;request&lt;/span&gt;&lt;span style="color: var(--highlight-keyword)"&gt;);&lt;/span&gt;&lt;/code&gt;&lt;/li&gt;
&lt;li&gt;&lt;code&gt;&lt;span style="color: var(--highlight-keyword)"&gt;&amp;nbsp;&amp;nbsp;&amp;nbsp;&amp;nbsp;&amp;nbsp;&amp;nbsp;&amp;nbsp;&amp;nbsp;}&lt;/span&gt;&lt;/code&gt;&lt;/li&gt;
&lt;li&gt;&lt;code&gt;&lt;span style="color: var(--highlight-keyword)"&gt;&lt;/span&gt;&lt;/code&gt;&lt;/li&gt;
&lt;li&gt;&lt;code&gt;&lt;span style="color: var(--highlight-keyword)"&gt;&amp;nbsp;&amp;nbsp;&amp;nbsp;&amp;nbsp;&amp;nbsp;&amp;nbsp;&amp;nbsp;&amp;nbsp;&lt;/span&gt;&lt;span style="color: var(--highlight-default)"&gt;$this&lt;/span&gt;&lt;span style="color: var(--highlight-keyword)"&gt;-&amp;gt;&lt;/span&gt;&lt;span style="color: var(--highlight-default)"&gt;internalResponse&amp;nbsp;&lt;/span&gt;&lt;span style="color: var(--highlight-keyword)"&gt;=&amp;nbsp;&lt;/span&gt;&lt;span style="color: var(--highlight-default)"&gt;$this&lt;/span&gt;&lt;span style="color: var(--highlight-keyword)"&gt;-&amp;gt;&lt;/span&gt;&lt;span style="color: var(--highlight-default)"&gt;filterResponse&lt;/span&gt;&lt;span style="color: var(--highlight-keyword)"&gt;(&lt;/span&gt;&lt;span style="color: var(--highlight-default)"&gt;$this&lt;/span&gt;&lt;span style="color: var(--highlight-keyword)"&gt;-&amp;gt;&lt;/span&gt;&lt;span style="color: var(--highlight-default)"&gt;response&lt;/span&gt;&lt;span style="color: var(--highlight-keyword)"&gt;);&lt;/span&gt;&lt;/code&gt;&lt;/li&gt;
&lt;li&gt;&lt;code&gt;&lt;span style="color: var(--highlight-keyword)"&gt;&lt;/span&gt;&lt;/code&gt;&lt;/li&gt;
&lt;li&gt;&lt;code&gt;&lt;span style="color: var(--highlight-keyword)"&gt;&amp;nbsp;&amp;nbsp;&amp;nbsp;&amp;nbsp;&amp;nbsp;&amp;nbsp;&amp;nbsp;&amp;nbsp;&lt;/span&gt;&lt;span style="color: var(--highlight-default)"&gt;$this&lt;/span&gt;&lt;span style="color: var(--highlight-keyword)"&gt;-&amp;gt;&lt;/span&gt;&lt;span style="color: var(--highlight-default)"&gt;cookieJar&lt;/span&gt;&lt;span style="color: var(--highlight-keyword)"&gt;-&amp;gt;&lt;/span&gt;&lt;span style="color: var(--highlight-default)"&gt;updateFromResponse&lt;/span&gt;&lt;span style="color: var(--highlight-keyword)"&gt;(&lt;/span&gt;&lt;span style="color: var(--highlight-default)"&gt;$this&lt;/span&gt;&lt;span style="color: var(--highlight-keyword)"&gt;-&amp;gt;&lt;/span&gt;&lt;span style="color: var(--highlight-default)"&gt;internalResponse&lt;/span&gt;&lt;span style="color: var(--highlight-keyword)"&gt;,&amp;nbsp;&lt;/span&gt;&lt;span style="color: var(--highlight-default)"&gt;$uri&lt;/span&gt;&lt;span style="color: var(--highlight-keyword)"&gt;);&lt;/span&gt;&lt;/code&gt;&lt;/li&gt;&lt;/ol&gt;    &lt;/div&gt;            &lt;/div&gt;
                        &lt;div class="trace-line "&gt;
                &lt;div class="trace-line-header break-long-words sf-toggle" data-toggle-selector="#trace-html-1-11" data-toggle-initial=""&gt;
            &lt;span class="icon icon-close"&gt;&lt;svg width="1792" height="1792" viewBox="0 0 1792 1792" xmlns="http://www.w3.org/2000/svg"&gt;&lt;path d="M1408 960V832q0-26-19-45t-45-19H448q-26 0-45 19t-19 45v128q0 26 19 45t45 19h896q26 0 45-19t19-45zm256-544v960q0 119-84.5 203.5T1376 1664H416q-119 0-203.5-84.5T128 1376V416q0-119 84.5-203.5T416 128h960q119 0 203.5 84.5T1664 416z"/&gt;&lt;/svg&gt;&lt;/span&gt;
        &lt;span class="icon icon-open"&gt;&lt;svg width="1792" height="1792" viewBox="0 0 1792 1792" xmlns="http://www.w3.org/2000/svg"&gt;&lt;path d="M1408 960V832q0-26-19-45t-45-19h-320V448q0-26-19-45t-45-19H832q-26 0-45 19t-19 45v320H448q-26 0-45 19t-19 45v128q0 26 19 45t45 19h320v320q0 26 19 45t45 19h128q26 0 45-19t19-45v-320h320q26 0 45-19t19-45zm256-544v960q0 119-84.5 203.5T1376 1664H416q-119 0-203.5-84.5T128 1376V416q0-119 84.5-203.5T416 128h960q119 0 203.5 84.5T1664 416z"/&gt;&lt;/svg&gt;&lt;/span&gt;
    
            &lt;span class="trace-class"&gt;&lt;abbr title="Symfony\Component\BrowserKit\AbstractBrowser"&gt;AbstractBrowser&lt;/abbr&gt;&lt;/span&gt;&lt;span class="trace-type"&gt;-&gt;&lt;/span&gt;&lt;span class="trace-method"&gt;request&lt;/span&gt;&lt;span class="trace-arguments"&gt;('GET', 'http://localhost/expert/conseil/new/1')&lt;/span&gt;    
                    &lt;span class="block trace-file-path"&gt;
            in
            &lt;a href="file://C:\Users\sliti\Desktop\dev\esprit-PIDEV-3A16-2526-FARMIA\tests\Functional\Controller\ExpertConseilControllerTest.php#L54"&gt;
                C:\Users\sliti\Desktop\dev\esprit-PIDEV-3A16-2526-FARMIA\tests\Functional\Controller\&lt;strong&gt;ExpertConseilControllerTest.php&lt;/strong&gt;
            &lt;/a&gt;
                        (line 54)
            &lt;span class="icon icon-copy hidden" data-clipboard-text="C:\Users\sliti\Desktop\dev\esprit-PIDEV-3A16-2526-FARMIA\tests\Functional\Controller\ExpertConseilControllerTest.php:54"&gt;
                &lt;svg xmlns="http://www.w3.org/2000/svg" height="24" viewBox="0 0 24 24" width="24"&gt;&lt;path d="M0 0h24v24H0z" fill="none"/&gt;&lt;path d="M16 1H4c-1.1 0-2 .9-2 2v14h2V3h12V1zm3 4H8c-1.1 0-2 .9-2 2v14c0 1.1.9 2 2 2h11c1.1 0 2-.9 2-2V7c0-1.1-.9-2-2-2zm0 16H8V7h11v14z"/&gt;&lt;/svg&gt;            &lt;/span&gt;
        &lt;/span&gt;
    &lt;/div&gt;
    &lt;div id="trace-html-1-11" class="trace-code sf-toggle-content"&gt;
        &lt;ol start="49"&gt;&lt;li&gt;&lt;code&gt;&lt;span style="color: var(--highlight-comment)"&gt;&amp;nbsp;&amp;nbsp;&amp;nbsp;&amp;nbsp;&amp;nbsp;*/&#13;&lt;/span&gt;&lt;/code&gt;&lt;/li&gt;
&lt;li&gt;&lt;code&gt;&lt;span style="color: var(--highlight-comment)"&gt;&amp;nbsp;&amp;nbsp;&amp;nbsp;&amp;nbsp;&lt;/span&gt;&lt;span style="color: var(--highlight-keyword)"&gt;public&amp;nbsp;function&amp;nbsp;&lt;/span&gt;&lt;span style="color: var(--highlight-default)"&gt;testCreateConseilPageLoads&lt;/span&gt;&lt;span style="color: var(--highlight-keyword)"&gt;():&amp;nbsp;&lt;/span&gt;&lt;span style="color: var(--highlight-default)"&gt;void&lt;/span&gt;&lt;/code&gt;&lt;/li&gt;
&lt;li&gt;&lt;code&gt;&lt;span style="color: var(--highlight-default)"&gt;&amp;nbsp;&amp;nbsp;&amp;nbsp;&amp;nbsp;&lt;/span&gt;&lt;span style="color: var(--highlight-keyword)"&gt;{&lt;/span&gt;&lt;/code&gt;&lt;/li&gt;
&lt;li&gt;&lt;code&gt;&lt;span style="color: var(--highlight-keyword)"&gt;&amp;nbsp;&amp;nbsp;&amp;nbsp;&amp;nbsp;&amp;nbsp;&amp;nbsp;&amp;nbsp;&amp;nbsp;&lt;/span&gt;&lt;span style="color: var(--highlight-default)"&gt;$analyse&amp;nbsp;&lt;/span&gt;&lt;span style="color: var(--highlight-keyword)"&gt;=&amp;nbsp;&lt;/span&gt;&lt;span style="color: var(--highlight-default)"&gt;$this&lt;/span&gt;&lt;span style="color: var(--highlight-keyword)"&gt;-&amp;gt;&lt;/span&gt;&lt;span style="color: var(--highlight-default)"&gt;createAnalyse&lt;/span&gt;&lt;span style="color: var(--highlight-keyword)"&gt;();&lt;/span&gt;&lt;/code&gt;&lt;/li&gt;
&lt;li&gt;&lt;code&gt;&lt;span style="color: var(--highlight-keyword)"&gt;&lt;/span&gt;&lt;/code&gt;&lt;/li&gt;
&lt;li class="selected"&gt;&lt;code&gt;&lt;span style="color: var(--highlight-keyword)"&gt;&amp;nbsp;&amp;nbsp;&amp;nbsp;&amp;nbsp;&amp;nbsp;&amp;nbsp;&amp;nbsp;&amp;nbsp;&lt;/span&gt;&lt;span style="color: var(--highlight-default)"&gt;self&lt;/span&gt;&lt;span style="color: var(--highlight-keyword)"&gt;::&lt;/span&gt;&lt;span style="color: var(--highlight-default)"&gt;$client&lt;/span&gt;&lt;span style="color: var(--highlight-keyword)"&gt;-&amp;gt;&lt;/span&gt;&lt;span style="color: var(--highlight-default)"&gt;request&lt;/span&gt;&lt;span style="color: var(--highlight-keyword)"&gt;(&lt;/span&gt;&lt;span style="color: var(--highlight-string)"&gt;'GET'&lt;/span&gt;&lt;span style="color: var(--highlight-keyword)"&gt;,&amp;nbsp;&lt;/span&gt;&lt;span style="color: var(--highlight-string)"&gt;'/expert/conseil/new/'&amp;nbsp;&lt;/span&gt;&lt;span style="color: var(--highlight-keyword)"&gt;.&amp;nbsp;&lt;/span&gt;&lt;span style="color: var(--highlight-default)"&gt;$analyse&lt;/span&gt;&lt;span style="color: var(--highlight-keyword)"&gt;-&amp;gt;&lt;/span&gt;&lt;span style="color: var(--highlight-default)"&gt;getId&lt;/span&gt;&lt;span style="color: var(--highlight-keyword)"&gt;());&lt;/span&gt;&lt;/code&gt;&lt;/li&gt;
&lt;li&gt;&lt;code&gt;&lt;span style="color: var(--highlight-keyword)"&gt;&lt;/span&gt;&lt;/code&gt;&lt;/li&gt;
&lt;li&gt;&lt;code&gt;&lt;span style="color: var(--highlight-keyword)"&gt;&amp;nbsp;&amp;nbsp;&amp;nbsp;&amp;nbsp;&amp;nbsp;&amp;nbsp;&amp;nbsp;&amp;nbsp;&lt;/span&gt;&lt;span style="color: var(--highlight-default)"&gt;$this&lt;/span&gt;&lt;span style="color: var(--highlight-keyword)"&gt;-&amp;gt;&lt;/span&gt;&lt;span style="color: var(--highlight-default)"&gt;assertResponseIsSuccessful&lt;/span&gt;&lt;span style="color: var(--highlight-keyword)"&gt;();&lt;/span&gt;&lt;/code&gt;&lt;/li&gt;
&lt;li&gt;&lt;code&gt;&lt;span style="color: var(--highlight-keyword)"&gt;&amp;nbsp;&amp;nbsp;&amp;nbsp;&amp;nbsp;}&lt;/span&gt;&lt;/code&gt;&lt;/li&gt;
&lt;li&gt;&lt;code&gt;&lt;span style="color: var(--highlight-keyword)"&gt;&#13;&lt;/span&gt;&lt;/code&gt;&lt;/li&gt;
&lt;li&gt;&lt;code&gt;&lt;span style="color: var(--highlight-keyword)"&gt;&amp;nbsp;&amp;nbsp;&amp;nbsp;&amp;nbsp;&lt;/span&gt;&lt;span style="color: var(--highlight-comment)"&gt;/**&#13;&lt;/span&gt;&lt;/code&gt;&lt;/li&gt;&lt;/ol&gt;    &lt;/div&gt;            &lt;/div&gt;
                        &lt;div class="trace-line "&gt;
                &lt;div class="trace-line-header break-long-words sf-toggle" data-toggle-selector="#trace-html-1-12" data-toggle-initial=""&gt;
            &lt;span class="icon icon-close"&gt;&lt;svg width="1792" height="1792" viewBox="0 0 1792 1792" xmlns="http://www.w3.org/2000/svg"&gt;&lt;path d="M1408 960V832q0-26-19-45t-45-19H448q-26 0-45 19t-19 45v128q0 26 19 45t45 19h896q26 0 45-19t19-45zm256-544v960q0 119-84.5 203.5T1376 1664H416q-119 0-203.5-84.5T128 1376V416q0-119 84.5-203.5T416 128h960q119 0 203.5 84.5T1664 416z"/&gt;&lt;/svg&gt;&lt;/span&gt;
        &lt;span class="icon icon-open"&gt;&lt;svg width="1792" height="1792" viewBox="0 0 1792 1792" xmlns="http://www.w3.org/2000/svg"&gt;&lt;path d="M1408 960V832q0-26-19-45t-45-19h-320V448q0-26-19-45t-45-19H832q-26 0-45 19t-19 45v320H448q-26 0-45 19t-19 45v128q0 26 19 45t45 19h320v320q0 26 19 45t45 19h128q26 0 45-19t19-45v-320h320q26 0 45-19t19-45zm256-544v960q0 119-84.5 203.5T1376 1664H416q-119 0-203.5-84.5T128 1376V416q0-119 84.5-203.5T416 128h960q119 0 203.5 84.5T1664 416z"/&gt;&lt;/svg&gt;&lt;/span&gt;
    
            &lt;span class="trace-class"&gt;&lt;abbr title="App\Tests\Functional\Controller\ExpertConseilControllerTest"&gt;ExpertConseilControllerTest&lt;/abbr&gt;&lt;/span&gt;&lt;span class="trace-type"&gt;-&gt;&lt;/span&gt;&lt;span class="trace-method"&gt;testCreateConseilPageLoads&lt;/span&gt;&lt;span class="trace-arguments"&gt;()&lt;/span&gt;    
                    &lt;span class="block trace-file-path"&gt;
            in
            &lt;a href="file://C:\Users\sliti\Desktop\dev\esprit-PIDEV-3A16-2526-FARMIA\vendor\phpunit\phpunit\src\Framework\TestCase.php#L1617"&gt;
                C:\Users\sliti\Desktop\dev\esprit-PIDEV-3A16-2526-FARMIA\vendor\phpunit\phpunit\src\Framework\&lt;strong&gt;TestCase.php&lt;/strong&gt;
            &lt;/a&gt;
                        (line 1617)
            &lt;span class="icon icon-copy hidden" data-clipboard-text="C:\Users\sliti\Desktop\dev\esprit-PIDEV-3A16-2526-FARMIA\vendor\phpunit\phpunit\src\Framework\TestCase.php:1617"&gt;
                &lt;svg xmlns="http://www.w3.org/2000/svg" height="24" viewBox="0 0 24 24" width="24"&gt;&lt;path d="M0 0h24v24H0z" fill="none"/&gt;&lt;path d="M16 1H4c-1.1 0-2 .9-2 2v14h2V3h12V1zm3 4H8c-1.1 0-2 .9-2 2v14c0 1.1.9 2 2 2h11c1.1 0 2-.9 2-2V7c0-1.1-.9-2-2-2zm0 16H8V7h11v14z"/&gt;&lt;/svg&gt;            &lt;/span&gt;
        &lt;/span&gt;
    &lt;/div&gt;
    &lt;div id="trace-html-1-12" class="trace-code sf-toggle-content"&gt;
        &lt;ol start="1612"&gt;&lt;li&gt;&lt;code&gt;&lt;span style="color: var(--highlight-keyword)"&gt;&amp;nbsp;&amp;nbsp;&amp;nbsp;&amp;nbsp;&amp;nbsp;&amp;nbsp;&amp;nbsp;&amp;nbsp;&lt;/span&gt;&lt;span style="color: var(--highlight-default)"&gt;$testArguments&amp;nbsp;&lt;/span&gt;&lt;span style="color: var(--highlight-keyword)"&gt;=&amp;nbsp;&lt;/span&gt;&lt;span style="color: var(--highlight-default)"&gt;array_merge&lt;/span&gt;&lt;span style="color: var(--highlight-keyword)"&gt;(&lt;/span&gt;&lt;span style="color: var(--highlight-default)"&gt;$this&lt;/span&gt;&lt;span style="color: var(--highlight-keyword)"&gt;-&amp;gt;&lt;/span&gt;&lt;span style="color: var(--highlight-default)"&gt;data&lt;/span&gt;&lt;span style="color: var(--highlight-keyword)"&gt;,&amp;nbsp;&lt;/span&gt;&lt;span style="color: var(--highlight-default)"&gt;$this&lt;/span&gt;&lt;span style="color: var(--highlight-keyword)"&gt;-&amp;gt;&lt;/span&gt;&lt;span style="color: var(--highlight-default)"&gt;dependencyInput&lt;/span&gt;&lt;span style="color: var(--highlight-keyword)"&gt;);&lt;/span&gt;&lt;/code&gt;&lt;/li&gt;
&lt;li&gt;&lt;code&gt;&lt;span style="color: var(--highlight-keyword)"&gt;&lt;/span&gt;&lt;/code&gt;&lt;/li&gt;
&lt;li&gt;&lt;code&gt;&lt;span style="color: var(--highlight-keyword)"&gt;&amp;nbsp;&amp;nbsp;&amp;nbsp;&amp;nbsp;&amp;nbsp;&amp;nbsp;&amp;nbsp;&amp;nbsp;&lt;/span&gt;&lt;span style="color: var(--highlight-default)"&gt;$this&lt;/span&gt;&lt;span style="color: var(--highlight-keyword)"&gt;-&amp;gt;&lt;/span&gt;&lt;span style="color: var(--highlight-default)"&gt;registerMockObjectsFromTestArguments&lt;/span&gt;&lt;span style="color: var(--highlight-keyword)"&gt;(&lt;/span&gt;&lt;span style="color: var(--highlight-default)"&gt;$testArguments&lt;/span&gt;&lt;span style="color: var(--highlight-keyword)"&gt;);&lt;/span&gt;&lt;/code&gt;&lt;/li&gt;
&lt;li&gt;&lt;code&gt;&lt;span style="color: var(--highlight-keyword)"&gt;&lt;/span&gt;&lt;/code&gt;&lt;/li&gt;
&lt;li&gt;&lt;code&gt;&lt;span style="color: var(--highlight-keyword)"&gt;&amp;nbsp;&amp;nbsp;&amp;nbsp;&amp;nbsp;&amp;nbsp;&amp;nbsp;&amp;nbsp;&amp;nbsp;try&amp;nbsp;{&lt;/span&gt;&lt;/code&gt;&lt;/li&gt;
&lt;li class="selected"&gt;&lt;code&gt;&lt;span style="color: var(--highlight-keyword)"&gt;&amp;nbsp;&amp;nbsp;&amp;nbsp;&amp;nbsp;&amp;nbsp;&amp;nbsp;&amp;nbsp;&amp;nbsp;&amp;nbsp;&amp;nbsp;&amp;nbsp;&amp;nbsp;&lt;/span&gt;&lt;span style="color: var(--highlight-default)"&gt;$testResult&amp;nbsp;&lt;/span&gt;&lt;span style="color: var(--highlight-keyword)"&gt;=&amp;nbsp;&lt;/span&gt;&lt;span style="color: var(--highlight-default)"&gt;$this&lt;/span&gt;&lt;span style="color: var(--highlight-keyword)"&gt;-&amp;gt;{&lt;/span&gt;&lt;span style="color: var(--highlight-default)"&gt;$this&lt;/span&gt;&lt;span style="color: var(--highlight-keyword)"&gt;-&amp;gt;&lt;/span&gt;&lt;span style="color: var(--highlight-default)"&gt;name&lt;/span&gt;&lt;span style="color: var(--highlight-keyword)"&gt;}(...&lt;/span&gt;&lt;span style="color: var(--highlight-default)"&gt;array_values&lt;/span&gt;&lt;span style="color: var(--highlight-keyword)"&gt;(&lt;/span&gt;&lt;span style="color: var(--highlight-default)"&gt;$testArguments&lt;/span&gt;&lt;span style="color: var(--highlight-keyword)"&gt;));&lt;/span&gt;&lt;/code&gt;&lt;/li&gt;
&lt;li&gt;&lt;code&gt;&lt;span style="color: var(--highlight-keyword)"&gt;&amp;nbsp;&amp;nbsp;&amp;nbsp;&amp;nbsp;&amp;nbsp;&amp;nbsp;&amp;nbsp;&amp;nbsp;}&amp;nbsp;catch&amp;nbsp;(&lt;/span&gt;&lt;span style="color: var(--highlight-default)"&gt;Throwable&amp;nbsp;$exception&lt;/span&gt;&lt;span style="color: var(--highlight-keyword)"&gt;)&amp;nbsp;{&lt;/span&gt;&lt;/code&gt;&lt;/li&gt;
&lt;li&gt;&lt;code&gt;&lt;span style="color: var(--highlight-keyword)"&gt;&amp;nbsp;&amp;nbsp;&amp;nbsp;&amp;nbsp;&amp;nbsp;&amp;nbsp;&amp;nbsp;&amp;nbsp;&amp;nbsp;&amp;nbsp;&amp;nbsp;&amp;nbsp;if&amp;nbsp;(!&lt;/span&gt;&lt;span style="color: var(--highlight-default)"&gt;$this&lt;/span&gt;&lt;span style="color: var(--highlight-keyword)"&gt;-&amp;gt;&lt;/span&gt;&lt;span style="color: var(--highlight-default)"&gt;checkExceptionExpectations&lt;/span&gt;&lt;span style="color: var(--highlight-keyword)"&gt;(&lt;/span&gt;&lt;span style="color: var(--highlight-default)"&gt;$exception&lt;/span&gt;&lt;span style="color: var(--highlight-keyword)"&gt;))&amp;nbsp;{&lt;/span&gt;&lt;/code&gt;&lt;/li&gt;
&lt;li&gt;&lt;code&gt;&lt;span style="color: var(--highlight-keyword)"&gt;&amp;nbsp;&amp;nbsp;&amp;nbsp;&amp;nbsp;&amp;nbsp;&amp;nbsp;&amp;nbsp;&amp;nbsp;&amp;nbsp;&amp;nbsp;&amp;nbsp;&amp;nbsp;&amp;nbsp;&amp;nbsp;&amp;nbsp;&amp;nbsp;throw&amp;nbsp;&lt;/span&gt;&lt;span style="color: var(--highlight-default)"&gt;$exception&lt;/span&gt;&lt;span style="color: var(--highlight-keyword)"&gt;;&lt;/span&gt;&lt;/code&gt;&lt;/li&gt;
&lt;li&gt;&lt;code&gt;&lt;span style="color: var(--highlight-keyword)"&gt;&amp;nbsp;&amp;nbsp;&amp;nbsp;&amp;nbsp;&amp;nbsp;&amp;nbsp;&amp;nbsp;&amp;nbsp;&amp;nbsp;&amp;nbsp;&amp;nbsp;&amp;nbsp;}&lt;/span&gt;&lt;/code&gt;&lt;/li&gt;
&lt;li&gt;&lt;code&gt;&lt;span style="color: var(--highlight-keyword)"&gt;&lt;/span&gt;&lt;/code&gt;&lt;/li&gt;&lt;/ol&gt;    &lt;/div&gt;            &lt;/div&gt;
                        &lt;div class="trace-line "&gt;
                &lt;div class="trace-line-header break-long-words sf-toggle" data-toggle-selector="#trace-html-1-13" data-toggle-initial=""&gt;
            &lt;span class="icon icon-close"&gt;&lt;svg width="1792" height="1792" viewBox="0 0 1792 1792" xmlns="http://www.w3.org/2000/svg"&gt;&lt;path d="M1408 960V832q0-26-19-45t-45-19H448q-26 0-45 19t-19 45v128q0 26 19 45t45 19h896q26 0 45-19t19-45zm256-544v960q0 119-84.5 203.5T1376 1664H416q-119 0-203.5-84.5T128 1376V416q0-119 84.5-203.5T416 128h960q119 0 203.5 84.5T1664 416z"/&gt;&lt;/svg&gt;&lt;/span&gt;
        &lt;span class="icon icon-open"&gt;&lt;svg width="1792" height="1792" viewBox="0 0 1792 1792" xmlns="http://www.w3.org/2000/svg"&gt;&lt;path d="M1408 960V832q0-26-19-45t-45-19h-320V448q0-26-19-45t-45-19H832q-26 0-45 19t-19 45v320H448q-26 0-45 19t-19 45v128q0 26 19 45t45 19h320v320q0 26 19 45t45 19h128q26 0 45-19t19-45v-320h320q26 0 45-19t19-45zm256-544v960q0 119-84.5 203.5T1376 1664H416q-119 0-203.5-84.5T128 1376V416q0-119 84.5-203.5T416 128h960q119 0 203.5 84.5T1664 416z"/&gt;&lt;/svg&gt;&lt;/span&gt;
    
            &lt;span class="trace-class"&gt;&lt;abbr title="PHPUnit\Framework\TestCase"&gt;TestCase&lt;/abbr&gt;&lt;/span&gt;&lt;span class="trace-type"&gt;-&gt;&lt;/span&gt;&lt;span class="trace-method"&gt;runTest&lt;/span&gt;&lt;span class="trace-arguments"&gt;()&lt;/span&gt;    
                    &lt;span class="block trace-file-path"&gt;
            in
            &lt;a href="file://C:\Users\sliti\Desktop\dev\esprit-PIDEV-3A16-2526-FARMIA\vendor\phpunit\phpunit\src\Framework\TestCase.php#L1223"&gt;
                C:\Users\sliti\Desktop\dev\esprit-PIDEV-3A16-2526-FARMIA\vendor\phpunit\phpunit\src\Framework\&lt;strong&gt;TestCase.php&lt;/strong&gt;
            &lt;/a&gt;
                        (line 1223)
            &lt;span class="icon icon-copy hidden" data-clipboard-text="C:\Users\sliti\Desktop\dev\esprit-PIDEV-3A16-2526-FARMIA\vendor\phpunit\phpunit\src\Framework\TestCase.php:1223"&gt;
                &lt;svg xmlns="http://www.w3.org/2000/svg" height="24" viewBox="0 0 24 24" width="24"&gt;&lt;path d="M0 0h24v24H0z" fill="none"/&gt;&lt;path d="M16 1H4c-1.1 0-2 .9-2 2v14h2V3h12V1zm3 4H8c-1.1 0-2 .9-2 2v14c0 1.1.9 2 2 2h11c1.1 0 2-.9 2-2V7c0-1.1-.9-2-2-2zm0 16H8V7h11v14z"/&gt;&lt;/svg&gt;            &lt;/span&gt;
        &lt;/span&gt;
    &lt;/div&gt;
    &lt;div id="trace-html-1-13" class="trace-code sf-toggle-content"&gt;
        &lt;ol start="1218"&gt;&lt;li&gt;&lt;code&gt;&lt;span style="color: var(--highlight-keyword)"&gt;&lt;/span&gt;&lt;/code&gt;&lt;/li&gt;
&lt;li&gt;&lt;code&gt;&lt;span style="color: var(--highlight-keyword)"&gt;&amp;nbsp;&amp;nbsp;&amp;nbsp;&amp;nbsp;&amp;nbsp;&amp;nbsp;&amp;nbsp;&amp;nbsp;&amp;nbsp;&amp;nbsp;&amp;nbsp;&amp;nbsp;foreach&amp;nbsp;(&lt;/span&gt;&lt;span style="color: var(--highlight-default)"&gt;$hookMethods&lt;/span&gt;&lt;span style="color: var(--highlight-keyword)"&gt;[&lt;/span&gt;&lt;span style="color: var(--highlight-string)"&gt;'preCondition'&lt;/span&gt;&lt;span style="color: var(--highlight-keyword)"&gt;]&amp;nbsp;as&amp;nbsp;&lt;/span&gt;&lt;span style="color: var(--highlight-default)"&gt;$method&lt;/span&gt;&lt;span style="color: var(--highlight-keyword)"&gt;)&amp;nbsp;{&lt;/span&gt;&lt;/code&gt;&lt;/li&gt;
&lt;li&gt;&lt;code&gt;&lt;span style="color: var(--highlight-keyword)"&gt;&amp;nbsp;&amp;nbsp;&amp;nbsp;&amp;nbsp;&amp;nbsp;&amp;nbsp;&amp;nbsp;&amp;nbsp;&amp;nbsp;&amp;nbsp;&amp;nbsp;&amp;nbsp;&amp;nbsp;&amp;nbsp;&amp;nbsp;&amp;nbsp;&lt;/span&gt;&lt;span style="color: var(--highlight-default)"&gt;$this&lt;/span&gt;&lt;span style="color: var(--highlight-keyword)"&gt;-&amp;gt;{&lt;/span&gt;&lt;span style="color: var(--highlight-default)"&gt;$method&lt;/span&gt;&lt;span style="color: var(--highlight-keyword)"&gt;}();&lt;/span&gt;&lt;/code&gt;&lt;/li&gt;
&lt;li&gt;&lt;code&gt;&lt;span style="color: var(--highlight-keyword)"&gt;&amp;nbsp;&amp;nbsp;&amp;nbsp;&amp;nbsp;&amp;nbsp;&amp;nbsp;&amp;nbsp;&amp;nbsp;&amp;nbsp;&amp;nbsp;&amp;nbsp;&amp;nbsp;}&lt;/span&gt;&lt;/code&gt;&lt;/li&gt;
&lt;li&gt;&lt;code&gt;&lt;span style="color: var(--highlight-keyword)"&gt;&lt;/span&gt;&lt;/code&gt;&lt;/li&gt;
&lt;li class="selected"&gt;&lt;code&gt;&lt;span style="color: var(--highlight-keyword)"&gt;&amp;nbsp;&amp;nbsp;&amp;nbsp;&amp;nbsp;&amp;nbsp;&amp;nbsp;&amp;nbsp;&amp;nbsp;&amp;nbsp;&amp;nbsp;&amp;nbsp;&amp;nbsp;&lt;/span&gt;&lt;span style="color: var(--highlight-default)"&gt;$this&lt;/span&gt;&lt;span style="color: var(--highlight-keyword)"&gt;-&amp;gt;&lt;/span&gt;&lt;span style="color: var(--highlight-default)"&gt;testResult&amp;nbsp;&lt;/span&gt;&lt;span style="color: var(--highlight-keyword)"&gt;=&amp;nbsp;&lt;/span&gt;&lt;span style="color: var(--highlight-default)"&gt;$this&lt;/span&gt;&lt;span style="color: var(--highlight-keyword)"&gt;-&amp;gt;&lt;/span&gt;&lt;span style="color: var(--highlight-default)"&gt;runTest&lt;/span&gt;&lt;span style="color: var(--highlight-keyword)"&gt;();&lt;/span&gt;&lt;/code&gt;&lt;/li&gt;
&lt;li&gt;&lt;code&gt;&lt;span style="color: var(--highlight-keyword)"&gt;&amp;nbsp;&amp;nbsp;&amp;nbsp;&amp;nbsp;&amp;nbsp;&amp;nbsp;&amp;nbsp;&amp;nbsp;&amp;nbsp;&amp;nbsp;&amp;nbsp;&amp;nbsp;&lt;/span&gt;&lt;span style="color: var(--highlight-default)"&gt;$this&lt;/span&gt;&lt;span style="color: var(--highlight-keyword)"&gt;-&amp;gt;&lt;/span&gt;&lt;span style="color: var(--highlight-default)"&gt;verifyMockObjects&lt;/span&gt;&lt;span style="color: var(--highlight-keyword)"&gt;();&lt;/span&gt;&lt;/code&gt;&lt;/li&gt;
&lt;li&gt;&lt;code&gt;&lt;span style="color: var(--highlight-keyword)"&gt;&lt;/span&gt;&lt;/code&gt;&lt;/li&gt;
&lt;li&gt;&lt;code&gt;&lt;span style="color: var(--highlight-keyword)"&gt;&amp;nbsp;&amp;nbsp;&amp;nbsp;&amp;nbsp;&amp;nbsp;&amp;nbsp;&amp;nbsp;&amp;nbsp;&amp;nbsp;&amp;nbsp;&amp;nbsp;&amp;nbsp;foreach&amp;nbsp;(&lt;/span&gt;&lt;span style="color: var(--highlight-default)"&gt;$hookMethods&lt;/span&gt;&lt;span style="color: var(--highlight-keyword)"&gt;[&lt;/span&gt;&lt;span style="color: var(--highlight-string)"&gt;'postCondition'&lt;/span&gt;&lt;span style="color: var(--highlight-keyword)"&gt;]&amp;nbsp;as&amp;nbsp;&lt;/span&gt;&lt;span style="color: var(--highlight-default)"&gt;$method&lt;/span&gt;&lt;span style="color: var(--highlight-keyword)"&gt;)&amp;nbsp;{&lt;/span&gt;&lt;/code&gt;&lt;/li&gt;
&lt;li&gt;&lt;code&gt;&lt;span style="color: var(--highlight-keyword)"&gt;&amp;nbsp;&amp;nbsp;&amp;nbsp;&amp;nbsp;&amp;nbsp;&amp;nbsp;&amp;nbsp;&amp;nbsp;&amp;nbsp;&amp;nbsp;&amp;nbsp;&amp;nbsp;&amp;nbsp;&amp;nbsp;&amp;nbsp;&amp;nbsp;&lt;/span&gt;&lt;span style="color: var(--highlight-default)"&gt;$this&lt;/span&gt;&lt;span style="color: var(--highlight-keyword)"&gt;-&amp;gt;{&lt;/span&gt;&lt;span style="color: var(--highlight-default)"&gt;$method&lt;/span&gt;&lt;span style="color: var(--highlight-keyword)"&gt;}();&lt;/span&gt;&lt;/code&gt;&lt;/li&gt;
&lt;li&gt;&lt;code&gt;&lt;span style="color: var(--highlight-keyword)"&gt;&amp;nbsp;&amp;nbsp;&amp;nbsp;&amp;nbsp;&amp;nbsp;&amp;nbsp;&amp;nbsp;&amp;nbsp;&amp;nbsp;&amp;nbsp;&amp;nbsp;&amp;nbsp;}&lt;/span&gt;&lt;/code&gt;&lt;/li&gt;&lt;/ol&gt;    &lt;/div&gt;            &lt;/div&gt;
                        &lt;div class="trace-line "&gt;
                &lt;div class="trace-line-header break-long-words sf-toggle" data-toggle-selector="#trace-html-1-14" data-toggle-initial=""&gt;
            &lt;span class="icon icon-close"&gt;&lt;svg width="1792" height="1792" viewBox="0 0 1792 1792" xmlns="http://www.w3.org/2000/svg"&gt;&lt;path d="M1408 960V832q0-26-19-45t-45-19H448q-26 0-45 19t-19 45v128q0 26 19 45t45 19h896q26 0 45-19t19-45zm256-544v960q0 119-84.5 203.5T1376 1664H416q-119 0-203.5-84.5T128 1376V416q0-119 84.5-203.5T416 128h960q119 0 203.5 84.5T1664 416z"/&gt;&lt;/svg&gt;&lt;/span&gt;
        &lt;span class="icon icon-open"&gt;&lt;svg width="1792" height="1792" viewBox="0 0 1792 1792" xmlns="http://www.w3.org/2000/svg"&gt;&lt;path d="M1408 960V832q0-26-19-45t-45-19h-320V448q0-26-19-45t-45-19H832q-26 0-45 19t-19 45v320H448q-26 0-45 19t-19 45v128q0 26 19 45t45 19h320v320q0 26 19 45t45 19h128q26 0 45-19t19-45v-320h320q26 0 45-19t19-45zm256-544v960q0 119-84.5 203.5T1376 1664H416q-119 0-203.5-84.5T128 1376V416q0-119 84.5-203.5T416 128h960q119 0 203.5 84.5T1664 416z"/&gt;&lt;/svg&gt;&lt;/span&gt;
    
            &lt;span class="trace-class"&gt;&lt;abbr title="PHPUnit\Framework\TestCase"&gt;TestCase&lt;/abbr&gt;&lt;/span&gt;&lt;span class="trace-type"&gt;-&gt;&lt;/span&gt;&lt;span class="trace-method"&gt;runBare&lt;/span&gt;&lt;span class="trace-arguments"&gt;()&lt;/span&gt;    
                    &lt;span class="block trace-file-path"&gt;
            in
            &lt;a href="file://C:\Users\sliti\Desktop\dev\esprit-PIDEV-3A16-2526-FARMIA\vendor\phpunit\phpunit\src\Framework\TestResult.php#L729"&gt;
                C:\Users\sliti\Desktop\dev\esprit-PIDEV-3A16-2526-FARMIA\vendor\phpunit\phpunit\src\Framework\&lt;strong&gt;TestResult.php&lt;/strong&gt;
            &lt;/a&gt;
                        (line 729)
            &lt;span class="icon icon-copy hidden" data-clipboard-text="C:\Users\sliti\Desktop\dev\esprit-PIDEV-3A16-2526-FARMIA\vendor\phpunit\phpunit\src\Framework\TestResult.php:729"&gt;
                &lt;svg xmlns="http://www.w3.org/2000/svg" height="24" viewBox="0 0 24 24" width="24"&gt;&lt;path d="M0 0h24v24H0z" fill="none"/&gt;&lt;path d="M16 1H4c-1.1 0-2 .9-2 2v14h2V3h12V1zm3 4H8c-1.1 0-2 .9-2 2v14c0 1.1.9 2 2 2h11c1.1 0 2-.9 2-2V7c0-1.1-.9-2-2-2zm0 16H8V7h11v14z"/&gt;&lt;/svg&gt;            &lt;/span&gt;
        &lt;/span&gt;
    &lt;/div&gt;
    &lt;div id="trace-html-1-14" class="trace-code sf-toggle-content"&gt;
        &lt;ol start="724"&gt;&lt;li&gt;&lt;code&gt;&lt;span style="color: var(--highlight-keyword)"&gt;&amp;nbsp;&amp;nbsp;&amp;nbsp;&amp;nbsp;&amp;nbsp;&amp;nbsp;&amp;nbsp;&amp;nbsp;&amp;nbsp;&amp;nbsp;&amp;nbsp;&amp;nbsp;&amp;nbsp;&amp;nbsp;&amp;nbsp;&amp;nbsp;&amp;nbsp;&amp;nbsp;&amp;nbsp;&amp;nbsp;&amp;nbsp;&amp;nbsp;&amp;nbsp;&amp;nbsp;&lt;/span&gt;&lt;span style="color: var(--highlight-default)"&gt;$_timeout&amp;nbsp;&lt;/span&gt;&lt;span style="color: var(--highlight-keyword)"&gt;=&amp;nbsp;&lt;/span&gt;&lt;span style="color: var(--highlight-default)"&gt;$this&lt;/span&gt;&lt;span style="color: var(--highlight-keyword)"&gt;-&amp;gt;&lt;/span&gt;&lt;span style="color: var(--highlight-default)"&gt;defaultTimeLimit&lt;/span&gt;&lt;span style="color: var(--highlight-keyword)"&gt;;&lt;/span&gt;&lt;/code&gt;&lt;/li&gt;
&lt;li&gt;&lt;code&gt;&lt;span style="color: var(--highlight-keyword)"&gt;&amp;nbsp;&amp;nbsp;&amp;nbsp;&amp;nbsp;&amp;nbsp;&amp;nbsp;&amp;nbsp;&amp;nbsp;&amp;nbsp;&amp;nbsp;&amp;nbsp;&amp;nbsp;&amp;nbsp;&amp;nbsp;&amp;nbsp;&amp;nbsp;}&lt;/span&gt;&lt;/code&gt;&lt;/li&gt;
&lt;li&gt;&lt;code&gt;&lt;span style="color: var(--highlight-keyword)"&gt;&lt;/span&gt;&lt;/code&gt;&lt;/li&gt;
&lt;li&gt;&lt;code&gt;&lt;span style="color: var(--highlight-keyword)"&gt;&amp;nbsp;&amp;nbsp;&amp;nbsp;&amp;nbsp;&amp;nbsp;&amp;nbsp;&amp;nbsp;&amp;nbsp;&amp;nbsp;&amp;nbsp;&amp;nbsp;&amp;nbsp;&amp;nbsp;&amp;nbsp;&amp;nbsp;&amp;nbsp;&lt;/span&gt;&lt;span style="color: var(--highlight-default)"&gt;$invoker&lt;/span&gt;&lt;span style="color: var(--highlight-keyword)"&gt;-&amp;gt;&lt;/span&gt;&lt;span style="color: var(--highlight-default)"&gt;invoke&lt;/span&gt;&lt;span style="color: var(--highlight-keyword)"&gt;([&lt;/span&gt;&lt;span style="color: var(--highlight-default)"&gt;$test&lt;/span&gt;&lt;span style="color: var(--highlight-keyword)"&gt;,&amp;nbsp;&lt;/span&gt;&lt;span style="color: var(--highlight-string)"&gt;'runBare'&lt;/span&gt;&lt;span style="color: var(--highlight-keyword)"&gt;],&amp;nbsp;[],&amp;nbsp;&lt;/span&gt;&lt;span style="color: var(--highlight-default)"&gt;$_timeout&lt;/span&gt;&lt;span style="color: var(--highlight-keyword)"&gt;);&lt;/span&gt;&lt;/code&gt;&lt;/li&gt;
&lt;li&gt;&lt;code&gt;&lt;span style="color: var(--highlight-keyword)"&gt;&amp;nbsp;&amp;nbsp;&amp;nbsp;&amp;nbsp;&amp;nbsp;&amp;nbsp;&amp;nbsp;&amp;nbsp;&amp;nbsp;&amp;nbsp;&amp;nbsp;&amp;nbsp;}&amp;nbsp;else&amp;nbsp;{&lt;/span&gt;&lt;/code&gt;&lt;/li&gt;
&lt;li class="selected"&gt;&lt;code&gt;&lt;span style="color: var(--highlight-keyword)"&gt;&amp;nbsp;&amp;nbsp;&amp;nbsp;&amp;nbsp;&amp;nbsp;&amp;nbsp;&amp;nbsp;&amp;nbsp;&amp;nbsp;&amp;nbsp;&amp;nbsp;&amp;nbsp;&amp;nbsp;&amp;nbsp;&amp;nbsp;&amp;nbsp;&lt;/span&gt;&lt;span style="color: var(--highlight-default)"&gt;$test&lt;/span&gt;&lt;span style="color: var(--highlight-keyword)"&gt;-&amp;gt;&lt;/span&gt;&lt;span style="color: var(--highlight-default)"&gt;runBare&lt;/span&gt;&lt;span style="color: var(--highlight-keyword)"&gt;();&lt;/span&gt;&lt;/code&gt;&lt;/li&gt;
&lt;li&gt;&lt;code&gt;&lt;span style="color: var(--highlight-keyword)"&gt;&amp;nbsp;&amp;nbsp;&amp;nbsp;&amp;nbsp;&amp;nbsp;&amp;nbsp;&amp;nbsp;&amp;nbsp;&amp;nbsp;&amp;nbsp;&amp;nbsp;&amp;nbsp;}&lt;/span&gt;&lt;/code&gt;&lt;/li&gt;
&lt;li&gt;&lt;code&gt;&lt;span style="color: var(--highlight-keyword)"&gt;&amp;nbsp;&amp;nbsp;&amp;nbsp;&amp;nbsp;&amp;nbsp;&amp;nbsp;&amp;nbsp;&amp;nbsp;}&amp;nbsp;catch&amp;nbsp;(&lt;/span&gt;&lt;span style="color: var(--highlight-default)"&gt;TimeoutException&amp;nbsp;$e&lt;/span&gt;&lt;span style="color: var(--highlight-keyword)"&gt;)&amp;nbsp;{&lt;/span&gt;&lt;/code&gt;&lt;/li&gt;
&lt;li&gt;&lt;code&gt;&lt;span style="color: var(--highlight-keyword)"&gt;&amp;nbsp;&amp;nbsp;&amp;nbsp;&amp;nbsp;&amp;nbsp;&amp;nbsp;&amp;nbsp;&amp;nbsp;&amp;nbsp;&amp;nbsp;&amp;nbsp;&amp;nbsp;&lt;/span&gt;&lt;span style="color: var(--highlight-default)"&gt;$this&lt;/span&gt;&lt;span style="color: var(--highlight-keyword)"&gt;-&amp;gt;&lt;/span&gt;&lt;span style="color: var(--highlight-default)"&gt;addFailure&lt;/span&gt;&lt;span style="color: var(--highlight-keyword)"&gt;(&lt;/span&gt;&lt;/code&gt;&lt;/li&gt;
&lt;li&gt;&lt;code&gt;&lt;span style="color: var(--highlight-keyword)"&gt;&amp;nbsp;&amp;nbsp;&amp;nbsp;&amp;nbsp;&amp;nbsp;&amp;nbsp;&amp;nbsp;&amp;nbsp;&amp;nbsp;&amp;nbsp;&amp;nbsp;&amp;nbsp;&amp;nbsp;&amp;nbsp;&amp;nbsp;&amp;nbsp;&lt;/span&gt;&lt;span style="color: var(--highlight-default)"&gt;$test&lt;/span&gt;&lt;span style="color: var(--highlight-keyword)"&gt;,&lt;/span&gt;&lt;/code&gt;&lt;/li&gt;
&lt;li&gt;&lt;code&gt;&lt;span style="color: var(--highlight-keyword)"&gt;&amp;nbsp;&amp;nbsp;&amp;nbsp;&amp;nbsp;&amp;nbsp;&amp;nbsp;&amp;nbsp;&amp;nbsp;&amp;nbsp;&amp;nbsp;&amp;nbsp;&amp;nbsp;&amp;nbsp;&amp;nbsp;&amp;nbsp;&amp;nbsp;new&amp;nbsp;&lt;/span&gt;&lt;span style="color: var(--highlight-default)"&gt;RiskyTestError&lt;/span&gt;&lt;span style="color: var(--highlight-keyword)"&gt;(&lt;/span&gt;&lt;/code&gt;&lt;/li&gt;&lt;/ol&gt;    &lt;/div&gt;            &lt;/div&gt;
                        &lt;div class="trace-line "&gt;
                &lt;div class="trace-line-header break-long-words sf-toggle" data-toggle-selector="#trace-html-1-15" data-toggle-initial=""&gt;
            &lt;span class="icon icon-close"&gt;&lt;svg width="1792" height="1792" viewBox="0 0 1792 1792" xmlns="http://www.w3.org/2000/svg"&gt;&lt;path d="M1408 960V832q0-26-19-45t-45-19H448q-26 0-45 19t-19 45v128q0 26 19 45t45 19h896q26 0 45-19t19-45zm256-544v960q0 119-84.5 203.5T1376 1664H416q-119 0-203.5-84.5T128 1376V416q0-119 84.5-203.5T416 128h960q119 0 203.5 84.5T1664 416z"/&gt;&lt;/svg&gt;&lt;/span&gt;
        &lt;span class="icon icon-open"&gt;&lt;svg width="1792" height="1792" viewBox="0 0 1792 1792" xmlns="http://www.w3.org/2000/svg"&gt;&lt;path d="M1408 960V832q0-26-19-45t-45-19h-320V448q0-26-19-45t-45-19H832q-26 0-45 19t-19 45v320H448q-26 0-45 19t-19 45v128q0 26 19 45t45 19h320v320q0 26 19 45t45 19h128q26 0 45-19t19-45v-320h320q26 0 45-19t19-45zm256-544v960q0 119-84.5 203.5T1376 1664H416q-119 0-203.5-84.5T128 1376V416q0-119 84.5-203.5T416 128h960q119 0 203.5 84.5T1664 416z"/&gt;&lt;/svg&gt;&lt;/span&gt;
    
            &lt;span class="trace-class"&gt;&lt;abbr title="PHPUnit\Framework\TestResult"&gt;TestResult&lt;/abbr&gt;&lt;/span&gt;&lt;span class="trace-type"&gt;-&gt;&lt;/span&gt;&lt;span class="trace-method"&gt;run&lt;/span&gt;&lt;span class="trace-arguments"&gt;(&lt;em&gt;object&lt;/em&gt;(&lt;abbr title="App\Tests\Functional\Controller\ExpertConseilControllerTest"&gt;ExpertConseilControllerTest&lt;/abbr&gt;))&lt;/span&gt;    
                    &lt;span class="block trace-file-path"&gt;
            in
            &lt;a href="file://C:\Users\sliti\Desktop\dev\esprit-PIDEV-3A16-2526-FARMIA\vendor\phpunit\phpunit\src\Framework\TestCase.php#L973"&gt;
                C:\Users\sliti\Desktop\dev\esprit-PIDEV-3A16-2526-FARMIA\vendor\phpunit\phpunit\src\Framework\&lt;strong&gt;TestCase.php&lt;/strong&gt;
            &lt;/a&gt;
                        (line 973)
            &lt;span class="icon icon-copy hidden" data-clipboard-text="C:\Users\sliti\Desktop\dev\esprit-PIDEV-3A16-2526-FARMIA\vendor\phpunit\phpunit\src\Framework\TestCase.php:973"&gt;
                &lt;svg xmlns="http://www.w3.org/2000/svg" height="24" viewBox="0 0 24 24" width="24"&gt;&lt;path d="M0 0h24v24H0z" fill="none"/&gt;&lt;path d="M16 1H4c-1.1 0-2 .9-2 2v14h2V3h12V1zm3 4H8c-1.1 0-2 .9-2 2v14c0 1.1.9 2 2 2h11c1.1 0 2-.9 2-2V7c0-1.1-.9-2-2-2zm0 16H8V7h11v14z"/&gt;&lt;/svg&gt;            &lt;/span&gt;
        &lt;/span&gt;
    &lt;/div&gt;
    &lt;div id="trace-html-1-15" class="trace-code sf-toggle-content"&gt;
        &lt;ol start="968"&gt;&lt;li&gt;&lt;code&gt;&lt;span style="color: var(--highlight-keyword)"&gt;&amp;nbsp;&amp;nbsp;&amp;nbsp;&amp;nbsp;&amp;nbsp;&amp;nbsp;&amp;nbsp;&amp;nbsp;&amp;nbsp;&amp;nbsp;&amp;nbsp;&amp;nbsp;&lt;/span&gt;&lt;span style="color: var(--highlight-default)"&gt;$template&lt;/span&gt;&lt;span style="color: var(--highlight-keyword)"&gt;-&amp;gt;&lt;/span&gt;&lt;span style="color: var(--highlight-default)"&gt;setVar&lt;/span&gt;&lt;span style="color: var(--highlight-keyword)"&gt;(&lt;/span&gt;&lt;span style="color: var(--highlight-default)"&gt;$var&lt;/span&gt;&lt;span style="color: var(--highlight-keyword)"&gt;);&lt;/span&gt;&lt;/code&gt;&lt;/li&gt;
&lt;li&gt;&lt;code&gt;&lt;span style="color: var(--highlight-keyword)"&gt;&lt;/span&gt;&lt;/code&gt;&lt;/li&gt;
&lt;li&gt;&lt;code&gt;&lt;span style="color: var(--highlight-keyword)"&gt;&amp;nbsp;&amp;nbsp;&amp;nbsp;&amp;nbsp;&amp;nbsp;&amp;nbsp;&amp;nbsp;&amp;nbsp;&amp;nbsp;&amp;nbsp;&amp;nbsp;&amp;nbsp;&lt;/span&gt;&lt;span style="color: var(--highlight-default)"&gt;$php&amp;nbsp;&lt;/span&gt;&lt;span style="color: var(--highlight-keyword)"&gt;=&amp;nbsp;&lt;/span&gt;&lt;span style="color: var(--highlight-default)"&gt;AbstractPhpProcess&lt;/span&gt;&lt;span style="color: var(--highlight-keyword)"&gt;::&lt;/span&gt;&lt;span style="color: var(--highlight-default)"&gt;factory&lt;/span&gt;&lt;span style="color: var(--highlight-keyword)"&gt;();&lt;/span&gt;&lt;/code&gt;&lt;/li&gt;
&lt;li&gt;&lt;code&gt;&lt;span style="color: var(--highlight-keyword)"&gt;&amp;nbsp;&amp;nbsp;&amp;nbsp;&amp;nbsp;&amp;nbsp;&amp;nbsp;&amp;nbsp;&amp;nbsp;&amp;nbsp;&amp;nbsp;&amp;nbsp;&amp;nbsp;&lt;/span&gt;&lt;span style="color: var(--highlight-default)"&gt;$php&lt;/span&gt;&lt;span style="color: var(--highlight-keyword)"&gt;-&amp;gt;&lt;/span&gt;&lt;span style="color: var(--highlight-default)"&gt;runTestJob&lt;/span&gt;&lt;span style="color: var(--highlight-keyword)"&gt;(&lt;/span&gt;&lt;span style="color: var(--highlight-default)"&gt;$template&lt;/span&gt;&lt;span style="color: var(--highlight-keyword)"&gt;-&amp;gt;&lt;/span&gt;&lt;span style="color: var(--highlight-default)"&gt;render&lt;/span&gt;&lt;span style="color: var(--highlight-keyword)"&gt;(),&amp;nbsp;&lt;/span&gt;&lt;span style="color: var(--highlight-default)"&gt;$this&lt;/span&gt;&lt;span style="color: var(--highlight-keyword)"&gt;,&amp;nbsp;&lt;/span&gt;&lt;span style="color: var(--highlight-default)"&gt;$result&lt;/span&gt;&lt;span style="color: var(--highlight-keyword)"&gt;,&amp;nbsp;&lt;/span&gt;&lt;span style="color: var(--highlight-default)"&gt;$processResultFile&lt;/span&gt;&lt;span style="color: var(--highlight-keyword)"&gt;);&lt;/span&gt;&lt;/code&gt;&lt;/li&gt;
&lt;li&gt;&lt;code&gt;&lt;span style="color: var(--highlight-keyword)"&gt;&amp;nbsp;&amp;nbsp;&amp;nbsp;&amp;nbsp;&amp;nbsp;&amp;nbsp;&amp;nbsp;&amp;nbsp;}&amp;nbsp;else&amp;nbsp;{&lt;/span&gt;&lt;/code&gt;&lt;/li&gt;
&lt;li class="selected"&gt;&lt;code&gt;&lt;span style="color: var(--highlight-keyword)"&gt;&amp;nbsp;&amp;nbsp;&amp;nbsp;&amp;nbsp;&amp;nbsp;&amp;nbsp;&amp;nbsp;&amp;nbsp;&amp;nbsp;&amp;nbsp;&amp;nbsp;&amp;nbsp;&lt;/span&gt;&lt;span style="color: var(--highlight-default)"&gt;$result&lt;/span&gt;&lt;span style="color: var(--highlight-keyword)"&gt;-&amp;gt;&lt;/span&gt;&lt;span style="color: var(--highlight-default)"&gt;run&lt;/span&gt;&lt;span style="color: var(--highlight-keyword)"&gt;(&lt;/span&gt;&lt;span style="color: var(--highlight-default)"&gt;$this&lt;/span&gt;&lt;span style="color: var(--highlight-keyword)"&gt;);&lt;/span&gt;&lt;/code&gt;&lt;/li&gt;
&lt;li&gt;&lt;code&gt;&lt;span style="color: var(--highlight-keyword)"&gt;&amp;nbsp;&amp;nbsp;&amp;nbsp;&amp;nbsp;&amp;nbsp;&amp;nbsp;&amp;nbsp;&amp;nbsp;}&lt;/span&gt;&lt;/code&gt;&lt;/li&gt;
&lt;li&gt;&lt;code&gt;&lt;span style="color: var(--highlight-keyword)"&gt;&lt;/span&gt;&lt;/code&gt;&lt;/li&gt;
&lt;li&gt;&lt;code&gt;&lt;span style="color: var(--highlight-keyword)"&gt;&amp;nbsp;&amp;nbsp;&amp;nbsp;&amp;nbsp;&amp;nbsp;&amp;nbsp;&amp;nbsp;&amp;nbsp;&lt;/span&gt;&lt;span style="color: var(--highlight-default)"&gt;$this&lt;/span&gt;&lt;span style="color: var(--highlight-keyword)"&gt;-&amp;gt;&lt;/span&gt;&lt;span style="color: var(--highlight-default)"&gt;result&amp;nbsp;&lt;/span&gt;&lt;span style="color: var(--highlight-keyword)"&gt;=&amp;nbsp;&lt;/span&gt;&lt;span style="color: var(--highlight-default)"&gt;null&lt;/span&gt;&lt;span style="color: var(--highlight-keyword)"&gt;;&lt;/span&gt;&lt;/code&gt;&lt;/li&gt;
&lt;li&gt;&lt;code&gt;&lt;span style="color: var(--highlight-keyword)"&gt;&lt;/span&gt;&lt;/code&gt;&lt;/li&gt;
&lt;li&gt;&lt;code&gt;&lt;span style="color: var(--highlight-keyword)"&gt;&amp;nbsp;&amp;nbsp;&amp;nbsp;&amp;nbsp;&amp;nbsp;&amp;nbsp;&amp;nbsp;&amp;nbsp;return&amp;nbsp;&lt;/span&gt;&lt;span style="color: var(--highlight-default)"&gt;$result&lt;/span&gt;&lt;span style="color: var(--highlight-keyword)"&gt;;&lt;/span&gt;&lt;/code&gt;&lt;/li&gt;&lt;/ol&gt;    &lt;/div&gt;            &lt;/div&gt;
                        &lt;div class="trace-line "&gt;
                &lt;div class="trace-line-header break-long-words sf-toggle" data-toggle-selector="#trace-html-1-16" data-toggle-initial=""&gt;
            &lt;span class="icon icon-close"&gt;&lt;svg width="1792" height="1792" viewBox="0 0 1792 1792" xmlns="http://www.w3.org/2000/svg"&gt;&lt;path d="M1408 960V832q0-26-19-45t-45-19H448q-26 0-45 19t-19 45v128q0 26 19 45t45 19h896q26 0 45-19t19-45zm256-544v960q0 119-84.5 203.5T1376 1664H416q-119 0-203.5-84.5T128 1376V416q0-119 84.5-203.5T416 128h960q119 0 203.5 84.5T1664 416z"/&gt;&lt;/svg&gt;&lt;/span&gt;
        &lt;span class="icon icon-open"&gt;&lt;svg width="1792" height="1792" viewBox="0 0 1792 1792" xmlns="http://www.w3.org/2000/svg"&gt;&lt;path d="M1408 960V832q0-26-19-45t-45-19h-320V448q0-26-19-45t-45-19H832q-26 0-45 19t-19 45v320H448q-26 0-45 19t-19 45v128q0 26 19 45t45 19h320v320q0 26 19 45t45 19h128q26 0 45-19t19-45v-320h320q26 0 45-19t19-45zm256-544v960q0 119-84.5 203.5T1376 1664H416q-119 0-203.5-84.5T128 1376V416q0-119 84.5-203.5T416 128h960q119 0 203.5 84.5T1664 416z"/&gt;&lt;/svg&gt;&lt;/span&gt;
    
            &lt;span class="trace-class"&gt;&lt;abbr title="PHPUnit\Framework\TestCase"&gt;TestCase&lt;/abbr&gt;&lt;/span&gt;&lt;span class="trace-type"&gt;-&gt;&lt;/span&gt;&lt;span class="trace-method"&gt;run&lt;/span&gt;&lt;span class="trace-arguments"&gt;(&lt;em&gt;object&lt;/em&gt;(&lt;abbr title="PHPUnit\Framework\TestResult"&gt;TestResult&lt;/abbr&gt;))&lt;/span&gt;    
                    &lt;span class="block trace-file-path"&gt;
            in
            &lt;a href="file://C:\Users\sliti\Desktop\dev\esprit-PIDEV-3A16-2526-FARMIA\vendor\phpunit\phpunit\src\Framework\TestSuite.php#L685"&gt;
                C:\Users\sliti\Desktop\dev\esprit-PIDEV-3A16-2526-FARMIA\vendor\phpunit\phpunit\src\Framework\&lt;strong&gt;TestSuite.php&lt;/strong&gt;
            &lt;/a&gt;
                        (line 685)
            &lt;span class="icon icon-copy hidden" data-clipboard-text="C:\Users\sliti\Desktop\dev\esprit-PIDEV-3A16-2526-FARMIA\vendor\phpunit\phpunit\src\Framework\TestSuite.php:685"&gt;
                &lt;svg xmlns="http://www.w3.org/2000/svg" height="24" viewBox="0 0 24 24" width="24"&gt;&lt;path d="M0 0h24v24H0z" fill="none"/&gt;&lt;path d="M16 1H4c-1.1 0-2 .9-2 2v14h2V3h12V1zm3 4H8c-1.1 0-2 .9-2 2v14c0 1.1.9 2 2 2h11c1.1 0 2-.9 2-2V7c0-1.1-.9-2-2-2zm0 16H8V7h11v14z"/&gt;&lt;/svg&gt;            &lt;/span&gt;
        &lt;/span&gt;
    &lt;/div&gt;
    &lt;div id="trace-html-1-16" class="trace-code sf-toggle-content"&gt;
        &lt;ol start="680"&gt;&lt;li&gt;&lt;code&gt;&lt;span style="color: var(--highlight-keyword)"&gt;&amp;nbsp;&amp;nbsp;&amp;nbsp;&amp;nbsp;&amp;nbsp;&amp;nbsp;&amp;nbsp;&amp;nbsp;&amp;nbsp;&amp;nbsp;&amp;nbsp;&amp;nbsp;&amp;nbsp;&amp;nbsp;&amp;nbsp;&amp;nbsp;&lt;/span&gt;&lt;span style="color: var(--highlight-default)"&gt;$test&lt;/span&gt;&lt;span style="color: var(--highlight-keyword)"&gt;-&amp;gt;&lt;/span&gt;&lt;span style="color: var(--highlight-default)"&gt;setBackupGlobals&lt;/span&gt;&lt;span style="color: var(--highlight-keyword)"&gt;(&lt;/span&gt;&lt;span style="color: var(--highlight-default)"&gt;$this&lt;/span&gt;&lt;span style="color: var(--highlight-keyword)"&gt;-&amp;gt;&lt;/span&gt;&lt;span style="color: var(--highlight-default)"&gt;backupGlobals&lt;/span&gt;&lt;span style="color: var(--highlight-keyword)"&gt;);&lt;/span&gt;&lt;/code&gt;&lt;/li&gt;
&lt;li&gt;&lt;code&gt;&lt;span style="color: var(--highlight-keyword)"&gt;&amp;nbsp;&amp;nbsp;&amp;nbsp;&amp;nbsp;&amp;nbsp;&amp;nbsp;&amp;nbsp;&amp;nbsp;&amp;nbsp;&amp;nbsp;&amp;nbsp;&amp;nbsp;&amp;nbsp;&amp;nbsp;&amp;nbsp;&amp;nbsp;&lt;/span&gt;&lt;span style="color: var(--highlight-default)"&gt;$test&lt;/span&gt;&lt;span style="color: var(--highlight-keyword)"&gt;-&amp;gt;&lt;/span&gt;&lt;span style="color: var(--highlight-default)"&gt;setBackupStaticAttributes&lt;/span&gt;&lt;span style="color: var(--highlight-keyword)"&gt;(&lt;/span&gt;&lt;span style="color: var(--highlight-default)"&gt;$this&lt;/span&gt;&lt;span style="color: var(--highlight-keyword)"&gt;-&amp;gt;&lt;/span&gt;&lt;span style="color: var(--highlight-default)"&gt;backupStaticAttributes&lt;/span&gt;&lt;span style="color: var(--highlight-keyword)"&gt;);&lt;/span&gt;&lt;/code&gt;&lt;/li&gt;
&lt;li&gt;&lt;code&gt;&lt;span style="color: var(--highlight-keyword)"&gt;&amp;nbsp;&amp;nbsp;&amp;nbsp;&amp;nbsp;&amp;nbsp;&amp;nbsp;&amp;nbsp;&amp;nbsp;&amp;nbsp;&amp;nbsp;&amp;nbsp;&amp;nbsp;&amp;nbsp;&amp;nbsp;&amp;nbsp;&amp;nbsp;&lt;/span&gt;&lt;span style="color: var(--highlight-default)"&gt;$test&lt;/span&gt;&lt;span style="color: var(--highlight-keyword)"&gt;-&amp;gt;&lt;/span&gt;&lt;span style="color: var(--highlight-default)"&gt;setRunTestInSeparateProcess&lt;/span&gt;&lt;span style="color: var(--highlight-keyword)"&gt;(&lt;/span&gt;&lt;span style="color: var(--highlight-default)"&gt;$this&lt;/span&gt;&lt;span style="color: var(--highlight-keyword)"&gt;-&amp;gt;&lt;/span&gt;&lt;span style="color: var(--highlight-default)"&gt;runTestInSeparateProcess&lt;/span&gt;&lt;span style="color: var(--highlight-keyword)"&gt;);&lt;/span&gt;&lt;/code&gt;&lt;/li&gt;
&lt;li&gt;&lt;code&gt;&lt;span style="color: var(--highlight-keyword)"&gt;&amp;nbsp;&amp;nbsp;&amp;nbsp;&amp;nbsp;&amp;nbsp;&amp;nbsp;&amp;nbsp;&amp;nbsp;&amp;nbsp;&amp;nbsp;&amp;nbsp;&amp;nbsp;}&lt;/span&gt;&lt;/code&gt;&lt;/li&gt;
&lt;li&gt;&lt;code&gt;&lt;span style="color: var(--highlight-keyword)"&gt;&lt;/span&gt;&lt;/code&gt;&lt;/li&gt;
&lt;li class="selected"&gt;&lt;code&gt;&lt;span style="color: var(--highlight-keyword)"&gt;&amp;nbsp;&amp;nbsp;&amp;nbsp;&amp;nbsp;&amp;nbsp;&amp;nbsp;&amp;nbsp;&amp;nbsp;&amp;nbsp;&amp;nbsp;&amp;nbsp;&amp;nbsp;&lt;/span&gt;&lt;span style="color: var(--highlight-default)"&gt;$test&lt;/span&gt;&lt;span style="color: var(--highlight-keyword)"&gt;-&amp;gt;&lt;/span&gt;&lt;span style="color: var(--highlight-default)"&gt;run&lt;/span&gt;&lt;span style="color: var(--highlight-keyword)"&gt;(&lt;/span&gt;&lt;span style="color: var(--highlight-default)"&gt;$result&lt;/span&gt;&lt;span style="color: var(--highlight-keyword)"&gt;);&lt;/span&gt;&lt;/code&gt;&lt;/li&gt;
&lt;li&gt;&lt;code&gt;&lt;span style="color: var(--highlight-keyword)"&gt;&amp;nbsp;&amp;nbsp;&amp;nbsp;&amp;nbsp;&amp;nbsp;&amp;nbsp;&amp;nbsp;&amp;nbsp;}&lt;/span&gt;&lt;/code&gt;&lt;/li&gt;
&lt;li&gt;&lt;code&gt;&lt;span style="color: var(--highlight-keyword)"&gt;&lt;/span&gt;&lt;/code&gt;&lt;/li&gt;
&lt;li&gt;&lt;code&gt;&lt;span style="color: var(--highlight-keyword)"&gt;&amp;nbsp;&amp;nbsp;&amp;nbsp;&amp;nbsp;&amp;nbsp;&amp;nbsp;&amp;nbsp;&amp;nbsp;if&amp;nbsp;(&lt;/span&gt;&lt;span style="color: var(--highlight-default)"&gt;$this&lt;/span&gt;&lt;span style="color: var(--highlight-keyword)"&gt;-&amp;gt;&lt;/span&gt;&lt;span style="color: var(--highlight-default)"&gt;testCase&amp;nbsp;&lt;/span&gt;&lt;span style="color: var(--highlight-keyword)"&gt;&amp;amp;&amp;amp;&amp;nbsp;&lt;/span&gt;&lt;span style="color: var(--highlight-default)"&gt;class_exists&lt;/span&gt;&lt;span style="color: var(--highlight-keyword)"&gt;(&lt;/span&gt;&lt;span style="color: var(--highlight-default)"&gt;$this&lt;/span&gt;&lt;span style="color: var(--highlight-keyword)"&gt;-&amp;gt;&lt;/span&gt;&lt;span style="color: var(--highlight-default)"&gt;name&lt;/span&gt;&lt;span style="color: var(--highlight-keyword)"&gt;,&amp;nbsp;&lt;/span&gt;&lt;span style="color: var(--highlight-default)"&gt;false&lt;/span&gt;&lt;span style="color: var(--highlight-keyword)"&gt;))&amp;nbsp;{&lt;/span&gt;&lt;/code&gt;&lt;/li&gt;
&lt;li&gt;&lt;code&gt;&lt;span style="color: var(--highlight-keyword)"&gt;&amp;nbsp;&amp;nbsp;&amp;nbsp;&amp;nbsp;&amp;nbsp;&amp;nbsp;&amp;nbsp;&amp;nbsp;&amp;nbsp;&amp;nbsp;&amp;nbsp;&amp;nbsp;foreach&amp;nbsp;(&lt;/span&gt;&lt;span style="color: var(--highlight-default)"&gt;$hookMethods&lt;/span&gt;&lt;span style="color: var(--highlight-keyword)"&gt;[&lt;/span&gt;&lt;span style="color: var(--highlight-string)"&gt;'afterClass'&lt;/span&gt;&lt;span style="color: var(--highlight-keyword)"&gt;]&amp;nbsp;as&amp;nbsp;&lt;/span&gt;&lt;span style="color: var(--highlight-default)"&gt;$afterClassMethod&lt;/span&gt;&lt;span style="color: var(--highlight-keyword)"&gt;)&amp;nbsp;{&lt;/span&gt;&lt;/code&gt;&lt;/li&gt;
&lt;li&gt;&lt;code&gt;&lt;span style="color: var(--highlight-keyword)"&gt;&amp;nbsp;&amp;nbsp;&amp;nbsp;&amp;nbsp;&amp;nbsp;&amp;nbsp;&amp;nbsp;&amp;nbsp;&amp;nbsp;&amp;nbsp;&amp;nbsp;&amp;nbsp;&amp;nbsp;&amp;nbsp;&amp;nbsp;&amp;nbsp;if&amp;nbsp;(&lt;/span&gt;&lt;span style="color: var(--highlight-default)"&gt;method_exists&lt;/span&gt;&lt;span style="color: var(--highlight-keyword)"&gt;(&lt;/span&gt;&lt;span style="color: var(--highlight-default)"&gt;$this&lt;/span&gt;&lt;span style="color: var(--highlight-keyword)"&gt;-&amp;gt;&lt;/span&gt;&lt;span style="color: var(--highlight-default)"&gt;name&lt;/span&gt;&lt;span style="color: var(--highlight-keyword)"&gt;,&amp;nbsp;&lt;/span&gt;&lt;span style="color: var(--highlight-default)"&gt;$afterClassMethod&lt;/span&gt;&lt;span style="color: var(--highlight-keyword)"&gt;))&amp;nbsp;{&lt;/span&gt;&lt;/code&gt;&lt;/li&gt;&lt;/ol&gt;    &lt;/div&gt;            &lt;/div&gt;
                        &lt;div class="trace-line "&gt;
                &lt;div class="trace-line-header break-long-words sf-toggle" data-toggle-selector="#trace-html-1-17" data-toggle-initial=""&gt;
            &lt;span class="icon icon-close"&gt;&lt;svg width="1792" height="1792" viewBox="0 0 1792 1792" xmlns="http://www.w3.org/2000/svg"&gt;&lt;path d="M1408 960V832q0-26-19-45t-45-19H448q-26 0-45 19t-19 45v128q0 26 19 45t45 19h896q26 0 45-19t19-45zm256-544v960q0 119-84.5 203.5T1376 1664H416q-119 0-203.5-84.5T128 1376V416q0-119 84.5-203.5T416 128h960q119 0 203.5 84.5T1664 416z"/&gt;&lt;/svg&gt;&lt;/span&gt;
        &lt;span class="icon icon-open"&gt;&lt;svg width="1792" height="1792" viewBox="0 0 1792 1792" xmlns="http://www.w3.org/2000/svg"&gt;&lt;path d="M1408 960V832q0-26-19-45t-45-19h-320V448q0-26-19-45t-45-19H832q-26 0-45 19t-19 45v320H448q-26 0-45 19t-19 45v128q0 26 19 45t45 19h320v320q0 26 19 45t45 19h128q26 0 45-19t19-45v-320h320q26 0 45-19t19-45zm256-544v960q0 119-84.5 203.5T1376 1664H416q-119 0-203.5-84.5T128 1376V416q0-119 84.5-203.5T416 128h960q119 0 203.5 84.5T1664 416z"/&gt;&lt;/svg&gt;&lt;/span&gt;
    
            &lt;span class="trace-class"&gt;&lt;abbr title="PHPUnit\Framework\TestSuite"&gt;TestSuite&lt;/abbr&gt;&lt;/span&gt;&lt;span class="trace-type"&gt;-&gt;&lt;/span&gt;&lt;span class="trace-method"&gt;run&lt;/span&gt;&lt;span class="trace-arguments"&gt;(&lt;em&gt;object&lt;/em&gt;(&lt;abbr title="PHPUnit\Framework\TestResult"&gt;TestResult&lt;/abbr&gt;))&lt;/span&gt;    
                    &lt;span class="block trace-file-path"&gt;
            in
            &lt;a href="file://C:\Users\sliti\Desktop\dev\esprit-PIDEV-3A16-2526-FARMIA\vendor\phpunit\phpunit\src\Framework\TestSuite.php#L685"&gt;
                C:\Users\sliti\Desktop\dev\esprit-PIDEV-3A16-2526-FARMIA\vendor\phpunit\phpunit\src\Framework\&lt;strong&gt;TestSuite.php&lt;/strong&gt;
            &lt;/a&gt;
                        (line 685)
            &lt;span class="icon icon-copy hidden" data-clipboard-text="C:\Users\sliti\Desktop\dev\esprit-PIDEV-3A16-2526-FARMIA\vendor\phpunit\phpunit\src\Framework\TestSuite.php:685"&gt;
                &lt;svg xmlns="http://www.w3.org/2000/svg" height="24" viewBox="0 0 24 24" width="24"&gt;&lt;path d="M0 0h24v24H0z" fill="none"/&gt;&lt;path d="M16 1H4c-1.1 0-2 .9-2 2v14h2V3h12V1zm3 4H8c-1.1 0-2 .9-2 2v14c0 1.1.9 2 2 2h11c1.1 0 2-.9 2-2V7c0-1.1-.9-2-2-2zm0 16H8V7h11v14z"/&gt;&lt;/svg&gt;            &lt;/span&gt;
        &lt;/span&gt;
    &lt;/div&gt;
    &lt;div id="trace-html-1-17" class="trace-code sf-toggle-content"&gt;
        &lt;ol start="680"&gt;&lt;li&gt;&lt;code&gt;&lt;span style="color: var(--highlight-keyword)"&gt;&amp;nbsp;&amp;nbsp;&amp;nbsp;&amp;nbsp;&amp;nbsp;&amp;nbsp;&amp;nbsp;&amp;nbsp;&amp;nbsp;&amp;nbsp;&amp;nbsp;&amp;nbsp;&amp;nbsp;&amp;nbsp;&amp;nbsp;&amp;nbsp;&lt;/span&gt;&lt;span style="color: var(--highlight-default)"&gt;$test&lt;/span&gt;&lt;span style="color: var(--highlight-keyword)"&gt;-&amp;gt;&lt;/span&gt;&lt;span style="color: var(--highlight-default)"&gt;setBackupGlobals&lt;/span&gt;&lt;span style="color: var(--highlight-keyword)"&gt;(&lt;/span&gt;&lt;span style="color: var(--highlight-default)"&gt;$this&lt;/span&gt;&lt;span style="color: var(--highlight-keyword)"&gt;-&amp;gt;&lt;/span&gt;&lt;span style="color: var(--highlight-default)"&gt;backupGlobals&lt;/span&gt;&lt;span style="color: var(--highlight-keyword)"&gt;);&lt;/span&gt;&lt;/code&gt;&lt;/li&gt;
&lt;li&gt;&lt;code&gt;&lt;span style="color: var(--highlight-keyword)"&gt;&amp;nbsp;&amp;nbsp;&amp;nbsp;&amp;nbsp;&amp;nbsp;&amp;nbsp;&amp;nbsp;&amp;nbsp;&amp;nbsp;&amp;nbsp;&amp;nbsp;&amp;nbsp;&amp;nbsp;&amp;nbsp;&amp;nbsp;&amp;nbsp;&lt;/span&gt;&lt;span style="color: var(--highlight-default)"&gt;$test&lt;/span&gt;&lt;span style="color: var(--highlight-keyword)"&gt;-&amp;gt;&lt;/span&gt;&lt;span style="color: var(--highlight-default)"&gt;setBackupStaticAttributes&lt;/span&gt;&lt;span style="color: var(--highlight-keyword)"&gt;(&lt;/span&gt;&lt;span style="color: var(--highlight-default)"&gt;$this&lt;/span&gt;&lt;span style="color: var(--highlight-keyword)"&gt;-&amp;gt;&lt;/span&gt;&lt;span style="color: var(--highlight-default)"&gt;backupStaticAttributes&lt;/span&gt;&lt;span style="color: var(--highlight-keyword)"&gt;);&lt;/span&gt;&lt;/code&gt;&lt;/li&gt;
&lt;li&gt;&lt;code&gt;&lt;span style="color: var(--highlight-keyword)"&gt;&amp;nbsp;&amp;nbsp;&amp;nbsp;&amp;nbsp;&amp;nbsp;&amp;nbsp;&amp;nbsp;&amp;nbsp;&amp;nbsp;&amp;nbsp;&amp;nbsp;&amp;nbsp;&amp;nbsp;&amp;nbsp;&amp;nbsp;&amp;nbsp;&lt;/span&gt;&lt;span style="color: var(--highlight-default)"&gt;$test&lt;/span&gt;&lt;span style="color: var(--highlight-keyword)"&gt;-&amp;gt;&lt;/span&gt;&lt;span style="color: var(--highlight-default)"&gt;setRunTestInSeparateProcess&lt;/span&gt;&lt;span style="color: var(--highlight-keyword)"&gt;(&lt;/span&gt;&lt;span style="color: var(--highlight-default)"&gt;$this&lt;/span&gt;&lt;span style="color: var(--highlight-keyword)"&gt;-&amp;gt;&lt;/span&gt;&lt;span style="color: var(--highlight-default)"&gt;runTestInSeparateProcess&lt;/span&gt;&lt;span style="color: var(--highlight-keyword)"&gt;);&lt;/span&gt;&lt;/code&gt;&lt;/li&gt;
&lt;li&gt;&lt;code&gt;&lt;span style="color: var(--highlight-keyword)"&gt;&amp;nbsp;&amp;nbsp;&amp;nbsp;&amp;nbsp;&amp;nbsp;&amp;nbsp;&amp;nbsp;&amp;nbsp;&amp;nbsp;&amp;nbsp;&amp;nbsp;&amp;nbsp;}&lt;/span&gt;&lt;/code&gt;&lt;/li&gt;
&lt;li&gt;&lt;code&gt;&lt;span style="color: var(--highlight-keyword)"&gt;&lt;/span&gt;&lt;/code&gt;&lt;/li&gt;
&lt;li class="selected"&gt;&lt;code&gt;&lt;span style="color: var(--highlight-keyword)"&gt;&amp;nbsp;&amp;nbsp;&amp;nbsp;&amp;nbsp;&amp;nbsp;&amp;nbsp;&amp;nbsp;&amp;nbsp;&amp;nbsp;&amp;nbsp;&amp;nbsp;&amp;nbsp;&lt;/span&gt;&lt;span style="color: var(--highlight-default)"&gt;$test&lt;/span&gt;&lt;span style="color: var(--highlight-keyword)"&gt;-&amp;gt;&lt;/span&gt;&lt;span style="color: var(--highlight-default)"&gt;run&lt;/span&gt;&lt;span style="color: var(--highlight-keyword)"&gt;(&lt;/span&gt;&lt;span style="color: var(--highlight-default)"&gt;$result&lt;/span&gt;&lt;span style="color: var(--highlight-keyword)"&gt;);&lt;/span&gt;&lt;/code&gt;&lt;/li&gt;
&lt;li&gt;&lt;code&gt;&lt;span style="color: var(--highlight-keyword)"&gt;&amp;nbsp;&amp;nbsp;&amp;nbsp;&amp;nbsp;&amp;nbsp;&amp;nbsp;&amp;nbsp;&amp;nbsp;}&lt;/span&gt;&lt;/code&gt;&lt;/li&gt;
&lt;li&gt;&lt;code&gt;&lt;span style="color: var(--highlight-keyword)"&gt;&lt;/span&gt;&lt;/code&gt;&lt;/li&gt;
&lt;li&gt;&lt;code&gt;&lt;span style="color: var(--highlight-keyword)"&gt;&amp;nbsp;&amp;nbsp;&amp;nbsp;&amp;nbsp;&amp;nbsp;&amp;nbsp;&amp;nbsp;&amp;nbsp;if&amp;nbsp;(&lt;/span&gt;&lt;span style="color: var(--highlight-default)"&gt;$this&lt;/span&gt;&lt;span style="color: var(--highlight-keyword)"&gt;-&amp;gt;&lt;/span&gt;&lt;span style="color: var(--highlight-default)"&gt;testCase&amp;nbsp;&lt;/span&gt;&lt;span style="color: var(--highlight-keyword)"&gt;&amp;amp;&amp;amp;&amp;nbsp;&lt;/span&gt;&lt;span style="color: var(--highlight-default)"&gt;class_exists&lt;/span&gt;&lt;span style="color: var(--highlight-keyword)"&gt;(&lt;/span&gt;&lt;span style="color: var(--highlight-default)"&gt;$this&lt;/span&gt;&lt;span style="color: var(--highlight-keyword)"&gt;-&amp;gt;&lt;/span&gt;&lt;span style="color: var(--highlight-default)"&gt;name&lt;/span&gt;&lt;span style="color: var(--highlight-keyword)"&gt;,&amp;nbsp;&lt;/span&gt;&lt;span style="color: var(--highlight-default)"&gt;false&lt;/span&gt;&lt;span style="color: var(--highlight-keyword)"&gt;))&amp;nbsp;{&lt;/span&gt;&lt;/code&gt;&lt;/li&gt;
&lt;li&gt;&lt;code&gt;&lt;span style="color: var(--highlight-keyword)"&gt;&amp;nbsp;&amp;nbsp;&amp;nbsp;&amp;nbsp;&amp;nbsp;&amp;nbsp;&amp;nbsp;&amp;nbsp;&amp;nbsp;&amp;nbsp;&amp;nbsp;&amp;nbsp;foreach&amp;nbsp;(&lt;/span&gt;&lt;span style="color: var(--highlight-default)"&gt;$hookMethods&lt;/span&gt;&lt;span style="color: var(--highlight-keyword)"&gt;[&lt;/span&gt;&lt;span style="color: var(--highlight-string)"&gt;'afterClass'&lt;/span&gt;&lt;span style="color: var(--highlight-keyword)"&gt;]&amp;nbsp;as&amp;nbsp;&lt;/span&gt;&lt;span style="color: var(--highlight-default)"&gt;$afterClassMethod&lt;/span&gt;&lt;span style="color: var(--highlight-keyword)"&gt;)&amp;nbsp;{&lt;/span&gt;&lt;/code&gt;&lt;/li&gt;
&lt;li&gt;&lt;code&gt;&lt;span style="color: var(--highlight-keyword)"&gt;&amp;nbsp;&amp;nbsp;&amp;nbsp;&amp;nbsp;&amp;nbsp;&amp;nbsp;&amp;nbsp;&amp;nbsp;&amp;nbsp;&amp;nbsp;&amp;nbsp;&amp;nbsp;&amp;nbsp;&amp;nbsp;&amp;nbsp;&amp;nbsp;if&amp;nbsp;(&lt;/span&gt;&lt;span style="color: var(--highlight-default)"&gt;method_exists&lt;/span&gt;&lt;span style="color: var(--highlight-keyword)"&gt;(&lt;/span&gt;&lt;span style="color: var(--highlight-default)"&gt;$this&lt;/span&gt;&lt;span style="color: var(--highlight-keyword)"&gt;-&amp;gt;&lt;/span&gt;&lt;span style="color: var(--highlight-default)"&gt;name&lt;/span&gt;&lt;span style="color: var(--highlight-keyword)"&gt;,&amp;nbsp;&lt;/span&gt;&lt;span style="color: var(--highlight-default)"&gt;$afterClassMethod&lt;/span&gt;&lt;span style="color: var(--highlight-keyword)"&gt;))&amp;nbsp;{&lt;/span&gt;&lt;/code&gt;&lt;/li&gt;&lt;/ol&gt;    &lt;/div&gt;            &lt;/div&gt;
                        &lt;div class="trace-line "&gt;
                &lt;div class="trace-line-header break-long-words sf-toggle" data-toggle-selector="#trace-html-1-18" data-toggle-initial=""&gt;
            &lt;span class="icon icon-close"&gt;&lt;svg width="1792" height="1792" viewBox="0 0 1792 1792" xmlns="http://www.w3.org/2000/svg"&gt;&lt;path d="M1408 960V832q0-26-19-45t-45-19H448q-26 0-45 19t-19 45v128q0 26 19 45t45 19h896q26 0 45-19t19-45zm256-544v960q0 119-84.5 203.5T1376 1664H416q-119 0-203.5-84.5T128 1376V416q0-119 84.5-203.5T416 128h960q119 0 203.5 84.5T1664 416z"/&gt;&lt;/svg&gt;&lt;/span&gt;
        &lt;span class="icon icon-open"&gt;&lt;svg width="1792" height="1792" viewBox="0 0 1792 1792" xmlns="http://www.w3.org/2000/svg"&gt;&lt;path d="M1408 960V832q0-26-19-45t-45-19h-320V448q0-26-19-45t-45-19H832q-26 0-45 19t-19 45v320H448q-26 0-45 19t-19 45v128q0 26 19 45t45 19h320v320q0 26 19 45t45 19h128q26 0 45-19t19-45v-320h320q26 0 45-19t19-45zm256-544v960q0 119-84.5 203.5T1376 1664H416q-119 0-203.5-84.5T128 1376V416q0-119 84.5-203.5T416 128h960q119 0 203.5 84.5T1664 416z"/&gt;&lt;/svg&gt;&lt;/span&gt;
    
            &lt;span class="trace-class"&gt;&lt;abbr title="PHPUnit\Framework\TestSuite"&gt;TestSuite&lt;/abbr&gt;&lt;/span&gt;&lt;span class="trace-type"&gt;-&gt;&lt;/span&gt;&lt;span class="trace-method"&gt;run&lt;/span&gt;&lt;span class="trace-arguments"&gt;(&lt;em&gt;object&lt;/em&gt;(&lt;abbr title="PHPUnit\Framework\TestResult"&gt;TestResult&lt;/abbr&gt;))&lt;/span&gt;    
                    &lt;span class="block trace-file-path"&gt;
            in
            &lt;a href="file://C:\Users\sliti\Desktop\dev\esprit-PIDEV-3A16-2526-FARMIA\vendor\phpunit\phpunit\src\Framework\TestSuite.php#L685"&gt;
                C:\Users\sliti\Desktop\dev\esprit-PIDEV-3A16-2526-FARMIA\vendor\phpunit\phpunit\src\Framework\&lt;strong&gt;TestSuite.php&lt;/strong&gt;
            &lt;/a&gt;
                        (line 685)
            &lt;span class="icon icon-copy hidden" data-clipboard-text="C:\Users\sliti\Desktop\dev\esprit-PIDEV-3A16-2526-FARMIA\vendor\phpunit\phpunit\src\Framework\TestSuite.php:685"&gt;
                &lt;svg xmlns="http://www.w3.org/2000/svg" height="24" viewBox="0 0 24 24" width="24"&gt;&lt;path d="M0 0h24v24H0z" fill="none"/&gt;&lt;path d="M16 1H4c-1.1 0-2 .9-2 2v14h2V3h12V1zm3 4H8c-1.1 0-2 .9-2 2v14c0 1.1.9 2 2 2h11c1.1 0 2-.9 2-2V7c0-1.1-.9-2-2-2zm0 16H8V7h11v14z"/&gt;&lt;/svg&gt;            &lt;/span&gt;
        &lt;/span&gt;
    &lt;/div&gt;
    &lt;div id="trace-html-1-18" class="trace-code sf-toggle-content"&gt;
        &lt;ol start="680"&gt;&lt;li&gt;&lt;code&gt;&lt;span style="color: var(--highlight-keyword)"&gt;&amp;nbsp;&amp;nbsp;&amp;nbsp;&amp;nbsp;&amp;nbsp;&amp;nbsp;&amp;nbsp;&amp;nbsp;&amp;nbsp;&amp;nbsp;&amp;nbsp;&amp;nbsp;&amp;nbsp;&amp;nbsp;&amp;nbsp;&amp;nbsp;&lt;/span&gt;&lt;span style="color: var(--highlight-default)"&gt;$test&lt;/span&gt;&lt;span style="color: var(--highlight-keyword)"&gt;-&amp;gt;&lt;/span&gt;&lt;span style="color: var(--highlight-default)"&gt;setBackupGlobals&lt;/span&gt;&lt;span style="color: var(--highlight-keyword)"&gt;(&lt;/span&gt;&lt;span style="color: var(--highlight-default)"&gt;$this&lt;/span&gt;&lt;span style="color: var(--highlight-keyword)"&gt;-&amp;gt;&lt;/span&gt;&lt;span style="color: var(--highlight-default)"&gt;backupGlobals&lt;/span&gt;&lt;span style="color: var(--highlight-keyword)"&gt;);&lt;/span&gt;&lt;/code&gt;&lt;/li&gt;
&lt;li&gt;&lt;code&gt;&lt;span style="color: var(--highlight-keyword)"&gt;&amp;nbsp;&amp;nbsp;&amp;nbsp;&amp;nbsp;&amp;nbsp;&amp;nbsp;&amp;nbsp;&amp;nbsp;&amp;nbsp;&amp;nbsp;&amp;nbsp;&amp;nbsp;&amp;nbsp;&amp;nbsp;&amp;nbsp;&amp;nbsp;&lt;/span&gt;&lt;span style="color: var(--highlight-default)"&gt;$test&lt;/span&gt;&lt;span style="color: var(--highlight-keyword)"&gt;-&amp;gt;&lt;/span&gt;&lt;span style="color: var(--highlight-default)"&gt;setBackupStaticAttributes&lt;/span&gt;&lt;span style="color: var(--highlight-keyword)"&gt;(&lt;/span&gt;&lt;span style="color: var(--highlight-default)"&gt;$this&lt;/span&gt;&lt;span style="color: var(--highlight-keyword)"&gt;-&amp;gt;&lt;/span&gt;&lt;span style="color: var(--highlight-default)"&gt;backupStaticAttributes&lt;/span&gt;&lt;span style="color: var(--highlight-keyword)"&gt;);&lt;/span&gt;&lt;/code&gt;&lt;/li&gt;
&lt;li&gt;&lt;code&gt;&lt;span style="color: var(--highlight-keyword)"&gt;&amp;nbsp;&amp;nbsp;&amp;nbsp;&amp;nbsp;&amp;nbsp;&amp;nbsp;&amp;nbsp;&amp;nbsp;&amp;nbsp;&amp;nbsp;&amp;nbsp;&amp;nbsp;&amp;nbsp;&amp;nbsp;&amp;nbsp;&amp;nbsp;&lt;/span&gt;&lt;span style="color: var(--highlight-default)"&gt;$test&lt;/span&gt;&lt;span style="color: var(--highlight-keyword)"&gt;-&amp;gt;&lt;/span&gt;&lt;span style="color: var(--highlight-default)"&gt;setRunTestInSeparateProcess&lt;/span&gt;&lt;span style="color: var(--highlight-keyword)"&gt;(&lt;/span&gt;&lt;span style="color: var(--highlight-default)"&gt;$this&lt;/span&gt;&lt;span style="color: var(--highlight-keyword)"&gt;-&amp;gt;&lt;/span&gt;&lt;span style="color: var(--highlight-default)"&gt;runTestInSeparateProcess&lt;/span&gt;&lt;span style="color: var(--highlight-keyword)"&gt;);&lt;/span&gt;&lt;/code&gt;&lt;/li&gt;
&lt;li&gt;&lt;code&gt;&lt;span style="color: var(--highlight-keyword)"&gt;&amp;nbsp;&amp;nbsp;&amp;nbsp;&amp;nbsp;&amp;nbsp;&amp;nbsp;&amp;nbsp;&amp;nbsp;&amp;nbsp;&amp;nbsp;&amp;nbsp;&amp;nbsp;}&lt;/span&gt;&lt;/code&gt;&lt;/li&gt;
&lt;li&gt;&lt;code&gt;&lt;span style="color: var(--highlight-keyword)"&gt;&lt;/span&gt;&lt;/code&gt;&lt;/li&gt;
&lt;li class="selected"&gt;&lt;code&gt;&lt;span style="color: var(--highlight-keyword)"&gt;&amp;nbsp;&amp;nbsp;&amp;nbsp;&amp;nbsp;&amp;nbsp;&amp;nbsp;&amp;nbsp;&amp;nbsp;&amp;nbsp;&amp;nbsp;&amp;nbsp;&amp;nbsp;&lt;/span&gt;&lt;span style="color: var(--highlight-default)"&gt;$test&lt;/span&gt;&lt;span style="color: var(--highlight-keyword)"&gt;-&amp;gt;&lt;/span&gt;&lt;span style="color: var(--highlight-default)"&gt;run&lt;/span&gt;&lt;span style="color: var(--highlight-keyword)"&gt;(&lt;/span&gt;&lt;span style="color: var(--highlight-default)"&gt;$result&lt;/span&gt;&lt;span style="color: var(--highlight-keyword)"&gt;);&lt;/span&gt;&lt;/code&gt;&lt;/li&gt;
&lt;li&gt;&lt;code&gt;&lt;span style="color: var(--highlight-keyword)"&gt;&amp;nbsp;&amp;nbsp;&amp;nbsp;&amp;nbsp;&amp;nbsp;&amp;nbsp;&amp;nbsp;&amp;nbsp;}&lt;/span&gt;&lt;/code&gt;&lt;/li&gt;
&lt;li&gt;&lt;code&gt;&lt;span style="color: var(--highlight-keyword)"&gt;&lt;/span&gt;&lt;/code&gt;&lt;/li&gt;
&lt;li&gt;&lt;code&gt;&lt;span style="color: var(--highlight-keyword)"&gt;&amp;nbsp;&amp;nbsp;&amp;nbsp;&amp;nbsp;&amp;nbsp;&amp;nbsp;&amp;nbsp;&amp;nbsp;if&amp;nbsp;(&lt;/span&gt;&lt;span style="color: var(--highlight-default)"&gt;$this&lt;/span&gt;&lt;span style="color: var(--highlight-keyword)"&gt;-&amp;gt;&lt;/span&gt;&lt;span style="color: var(--highlight-default)"&gt;testCase&amp;nbsp;&lt;/span&gt;&lt;span style="color: var(--highlight-keyword)"&gt;&amp;amp;&amp;amp;&amp;nbsp;&lt;/span&gt;&lt;span style="color: var(--highlight-default)"&gt;class_exists&lt;/span&gt;&lt;span style="color: var(--highlight-keyword)"&gt;(&lt;/span&gt;&lt;span style="color: var(--highlight-default)"&gt;$this&lt;/span&gt;&lt;span style="color: var(--highlight-keyword)"&gt;-&amp;gt;&lt;/span&gt;&lt;span style="color: var(--highlight-default)"&gt;name&lt;/span&gt;&lt;span style="color: var(--highlight-keyword)"&gt;,&amp;nbsp;&lt;/span&gt;&lt;span style="color: var(--highlight-default)"&gt;false&lt;/span&gt;&lt;span style="color: var(--highlight-keyword)"&gt;))&amp;nbsp;{&lt;/span&gt;&lt;/code&gt;&lt;/li&gt;
&lt;li&gt;&lt;code&gt;&lt;span style="color: var(--highlight-keyword)"&gt;&amp;nbsp;&amp;nbsp;&amp;nbsp;&amp;nbsp;&amp;nbsp;&amp;nbsp;&amp;nbsp;&amp;nbsp;&amp;nbsp;&amp;nbsp;&amp;nbsp;&amp;nbsp;foreach&amp;nbsp;(&lt;/span&gt;&lt;span style="color: var(--highlight-default)"&gt;$hookMethods&lt;/span&gt;&lt;span style="color: var(--highlight-keyword)"&gt;[&lt;/span&gt;&lt;span style="color: var(--highlight-string)"&gt;'afterClass'&lt;/span&gt;&lt;span style="color: var(--highlight-keyword)"&gt;]&amp;nbsp;as&amp;nbsp;&lt;/span&gt;&lt;span style="color: var(--highlight-default)"&gt;$afterClassMethod&lt;/span&gt;&lt;span style="color: var(--highlight-keyword)"&gt;)&amp;nbsp;{&lt;/span&gt;&lt;/code&gt;&lt;/li&gt;
&lt;li&gt;&lt;code&gt;&lt;span style="color: var(--highlight-keyword)"&gt;&amp;nbsp;&amp;nbsp;&amp;nbsp;&amp;nbsp;&amp;nbsp;&amp;nbsp;&amp;nbsp;&amp;nbsp;&amp;nbsp;&amp;nbsp;&amp;nbsp;&amp;nbsp;&amp;nbsp;&amp;nbsp;&amp;nbsp;&amp;nbsp;if&amp;nbsp;(&lt;/span&gt;&lt;span style="color: var(--highlight-default)"&gt;method_exists&lt;/span&gt;&lt;span style="color: var(--highlight-keyword)"&gt;(&lt;/span&gt;&lt;span style="color: var(--highlight-default)"&gt;$this&lt;/span&gt;&lt;span style="color: var(--highlight-keyword)"&gt;-&amp;gt;&lt;/span&gt;&lt;span style="color: var(--highlight-default)"&gt;name&lt;/span&gt;&lt;span style="color: var(--highlight-keyword)"&gt;,&amp;nbsp;&lt;/span&gt;&lt;span style="color: var(--highlight-default)"&gt;$afterClassMethod&lt;/span&gt;&lt;span style="color: var(--highlight-keyword)"&gt;))&amp;nbsp;{&lt;/span&gt;&lt;/code&gt;&lt;/li&gt;&lt;/ol&gt;    &lt;/div&gt;            &lt;/div&gt;
                        &lt;div class="trace-line "&gt;
                &lt;div class="trace-line-header break-long-words sf-toggle" data-toggle-selector="#trace-html-1-19" data-toggle-initial=""&gt;
            &lt;span class="icon icon-close"&gt;&lt;svg width="1792" height="1792" viewBox="0 0 1792 1792" xmlns="http://www.w3.org/2000/svg"&gt;&lt;path d="M1408 960V832q0-26-19-45t-45-19H448q-26 0-45 19t-19 45v128q0 26 19 45t45 19h896q26 0 45-19t19-45zm256-544v960q0 119-84.5 203.5T1376 1664H416q-119 0-203.5-84.5T128 1376V416q0-119 84.5-203.5T416 128h960q119 0 203.5 84.5T1664 416z"/&gt;&lt;/svg&gt;&lt;/span&gt;
        &lt;span class="icon icon-open"&gt;&lt;svg width="1792" height="1792" viewBox="0 0 1792 1792" xmlns="http://www.w3.org/2000/svg"&gt;&lt;path d="M1408 960V832q0-26-19-45t-45-19h-320V448q0-26-19-45t-45-19H832q-26 0-45 19t-19 45v320H448q-26 0-45 19t-19 45v128q0 26 19 45t45 19h320v320q0 26 19 45t45 19h128q26 0 45-19t19-45v-320h320q26 0 45-19t19-45zm256-544v960q0 119-84.5 203.5T1376 1664H416q-119 0-203.5-84.5T128 1376V416q0-119 84.5-203.5T416 128h960q119 0 203.5 84.5T1664 416z"/&gt;&lt;/svg&gt;&lt;/span&gt;
    
            &lt;span class="trace-class"&gt;&lt;abbr title="PHPUnit\Framework\TestSuite"&gt;TestSuite&lt;/abbr&gt;&lt;/span&gt;&lt;span class="trace-type"&gt;-&gt;&lt;/span&gt;&lt;span class="trace-method"&gt;run&lt;/span&gt;&lt;span class="trace-arguments"&gt;(&lt;em&gt;object&lt;/em&gt;(&lt;abbr title="PHPUnit\Framework\TestResult"&gt;TestResult&lt;/abbr&gt;))&lt;/span&gt;    
                    &lt;span class="block trace-file-path"&gt;
            in
            &lt;a href="file://C:\Users\sliti\Desktop\dev\esprit-PIDEV-3A16-2526-FARMIA\vendor\phpunit\phpunit\src\TextUI\TestRunner.php#L651"&gt;
                C:\Users\sliti\Desktop\dev\esprit-PIDEV-3A16-2526-FARMIA\vendor\phpunit\phpunit\src\TextUI\&lt;strong&gt;TestRunner.php&lt;/strong&gt;
            &lt;/a&gt;
                        (line 651)
            &lt;span class="icon icon-copy hidden" data-clipboard-text="C:\Users\sliti\Desktop\dev\esprit-PIDEV-3A16-2526-FARMIA\vendor\phpunit\phpunit\src\TextUI\TestRunner.php:651"&gt;
                &lt;svg xmlns="http://www.w3.org/2000/svg" height="24" viewBox="0 0 24 24" width="24"&gt;&lt;path d="M0 0h24v24H0z" fill="none"/&gt;&lt;path d="M16 1H4c-1.1 0-2 .9-2 2v14h2V3h12V1zm3 4H8c-1.1 0-2 .9-2 2v14c0 1.1.9 2 2 2h11c1.1 0 2-.9 2-2V7c0-1.1-.9-2-2-2zm0 16H8V7h11v14z"/&gt;&lt;/svg&gt;            &lt;/span&gt;
        &lt;/span&gt;
    &lt;/div&gt;
    &lt;div id="trace-html-1-19" class="trace-code sf-toggle-content"&gt;
        &lt;ol start="646"&gt;&lt;li&gt;&lt;code&gt;&lt;span style="color: var(--highlight-keyword)"&gt;&amp;nbsp;&amp;nbsp;&amp;nbsp;&amp;nbsp;&amp;nbsp;&amp;nbsp;&amp;nbsp;&amp;nbsp;&amp;nbsp;&amp;nbsp;&amp;nbsp;&amp;nbsp;if&amp;nbsp;(&lt;/span&gt;&lt;span style="color: var(--highlight-default)"&gt;$extension&amp;nbsp;&lt;/span&gt;&lt;span style="color: var(--highlight-keyword)"&gt;instanceof&amp;nbsp;&lt;/span&gt;&lt;span style="color: var(--highlight-default)"&gt;BeforeFirstTestHook&lt;/span&gt;&lt;span style="color: var(--highlight-keyword)"&gt;)&amp;nbsp;{&lt;/span&gt;&lt;/code&gt;&lt;/li&gt;
&lt;li&gt;&lt;code&gt;&lt;span style="color: var(--highlight-keyword)"&gt;&amp;nbsp;&amp;nbsp;&amp;nbsp;&amp;nbsp;&amp;nbsp;&amp;nbsp;&amp;nbsp;&amp;nbsp;&amp;nbsp;&amp;nbsp;&amp;nbsp;&amp;nbsp;&amp;nbsp;&amp;nbsp;&amp;nbsp;&amp;nbsp;&lt;/span&gt;&lt;span style="color: var(--highlight-default)"&gt;$extension&lt;/span&gt;&lt;span style="color: var(--highlight-keyword)"&gt;-&amp;gt;&lt;/span&gt;&lt;span style="color: var(--highlight-default)"&gt;executeBeforeFirstTest&lt;/span&gt;&lt;span style="color: var(--highlight-keyword)"&gt;();&lt;/span&gt;&lt;/code&gt;&lt;/li&gt;
&lt;li&gt;&lt;code&gt;&lt;span style="color: var(--highlight-keyword)"&gt;&amp;nbsp;&amp;nbsp;&amp;nbsp;&amp;nbsp;&amp;nbsp;&amp;nbsp;&amp;nbsp;&amp;nbsp;&amp;nbsp;&amp;nbsp;&amp;nbsp;&amp;nbsp;}&lt;/span&gt;&lt;/code&gt;&lt;/li&gt;
&lt;li&gt;&lt;code&gt;&lt;span style="color: var(--highlight-keyword)"&gt;&amp;nbsp;&amp;nbsp;&amp;nbsp;&amp;nbsp;&amp;nbsp;&amp;nbsp;&amp;nbsp;&amp;nbsp;}&lt;/span&gt;&lt;/code&gt;&lt;/li&gt;
&lt;li&gt;&lt;code&gt;&lt;span style="color: var(--highlight-keyword)"&gt;&lt;/span&gt;&lt;/code&gt;&lt;/li&gt;
&lt;li class="selected"&gt;&lt;code&gt;&lt;span style="color: var(--highlight-keyword)"&gt;&amp;nbsp;&amp;nbsp;&amp;nbsp;&amp;nbsp;&amp;nbsp;&amp;nbsp;&amp;nbsp;&amp;nbsp;&lt;/span&gt;&lt;span style="color: var(--highlight-default)"&gt;$suite&lt;/span&gt;&lt;span style="color: var(--highlight-keyword)"&gt;-&amp;gt;&lt;/span&gt;&lt;span style="color: var(--highlight-default)"&gt;run&lt;/span&gt;&lt;span style="color: var(--highlight-keyword)"&gt;(&lt;/span&gt;&lt;span style="color: var(--highlight-default)"&gt;$result&lt;/span&gt;&lt;span style="color: var(--highlight-keyword)"&gt;);&lt;/span&gt;&lt;/code&gt;&lt;/li&gt;
&lt;li&gt;&lt;code&gt;&lt;span style="color: var(--highlight-keyword)"&gt;&lt;/span&gt;&lt;/code&gt;&lt;/li&gt;
&lt;li&gt;&lt;code&gt;&lt;span style="color: var(--highlight-keyword)"&gt;&amp;nbsp;&amp;nbsp;&amp;nbsp;&amp;nbsp;&amp;nbsp;&amp;nbsp;&amp;nbsp;&amp;nbsp;foreach&amp;nbsp;(&lt;/span&gt;&lt;span style="color: var(--highlight-default)"&gt;$this&lt;/span&gt;&lt;span style="color: var(--highlight-keyword)"&gt;-&amp;gt;&lt;/span&gt;&lt;span style="color: var(--highlight-default)"&gt;extensions&amp;nbsp;&lt;/span&gt;&lt;span style="color: var(--highlight-keyword)"&gt;as&amp;nbsp;&lt;/span&gt;&lt;span style="color: var(--highlight-default)"&gt;$extension&lt;/span&gt;&lt;span style="color: var(--highlight-keyword)"&gt;)&amp;nbsp;{&lt;/span&gt;&lt;/code&gt;&lt;/li&gt;
&lt;li&gt;&lt;code&gt;&lt;span style="color: var(--highlight-keyword)"&gt;&amp;nbsp;&amp;nbsp;&amp;nbsp;&amp;nbsp;&amp;nbsp;&amp;nbsp;&amp;nbsp;&amp;nbsp;&amp;nbsp;&amp;nbsp;&amp;nbsp;&amp;nbsp;if&amp;nbsp;(&lt;/span&gt;&lt;span style="color: var(--highlight-default)"&gt;$extension&amp;nbsp;&lt;/span&gt;&lt;span style="color: var(--highlight-keyword)"&gt;instanceof&amp;nbsp;&lt;/span&gt;&lt;span style="color: var(--highlight-default)"&gt;AfterLastTestHook&lt;/span&gt;&lt;span style="color: var(--highlight-keyword)"&gt;)&amp;nbsp;{&lt;/span&gt;&lt;/code&gt;&lt;/li&gt;
&lt;li&gt;&lt;code&gt;&lt;span style="color: var(--highlight-keyword)"&gt;&amp;nbsp;&amp;nbsp;&amp;nbsp;&amp;nbsp;&amp;nbsp;&amp;nbsp;&amp;nbsp;&amp;nbsp;&amp;nbsp;&amp;nbsp;&amp;nbsp;&amp;nbsp;&amp;nbsp;&amp;nbsp;&amp;nbsp;&amp;nbsp;&lt;/span&gt;&lt;span style="color: var(--highlight-default)"&gt;$extension&lt;/span&gt;&lt;span style="color: var(--highlight-keyword)"&gt;-&amp;gt;&lt;/span&gt;&lt;span style="color: var(--highlight-default)"&gt;executeAfterLastTest&lt;/span&gt;&lt;span style="color: var(--highlight-keyword)"&gt;();&lt;/span&gt;&lt;/code&gt;&lt;/li&gt;
&lt;li&gt;&lt;code&gt;&lt;span style="color: var(--highlight-keyword)"&gt;&amp;nbsp;&amp;nbsp;&amp;nbsp;&amp;nbsp;&amp;nbsp;&amp;nbsp;&amp;nbsp;&amp;nbsp;&amp;nbsp;&amp;nbsp;&amp;nbsp;&amp;nbsp;}&lt;/span&gt;&lt;/code&gt;&lt;/li&gt;&lt;/ol&gt;    &lt;/div&gt;            &lt;/div&gt;
                        &lt;div class="trace-line "&gt;
                &lt;div class="trace-line-header break-long-words sf-toggle" data-toggle-selector="#trace-html-1-20" data-toggle-initial=""&gt;
            &lt;span class="icon icon-close"&gt;&lt;svg width="1792" height="1792" viewBox="0 0 1792 1792" xmlns="http://www.w3.org/2000/svg"&gt;&lt;path d="M1408 960V832q0-26-19-45t-45-19H448q-26 0-45 19t-19 45v128q0 26 19 45t45 19h896q26 0 45-19t19-45zm256-544v960q0 119-84.5 203.5T1376 1664H416q-119 0-203.5-84.5T128 1376V416q0-119 84.5-203.5T416 128h960q119 0 203.5 84.5T1664 416z"/&gt;&lt;/svg&gt;&lt;/span&gt;
        &lt;span class="icon icon-open"&gt;&lt;svg width="1792" height="1792" viewBox="0 0 1792 1792" xmlns="http://www.w3.org/2000/svg"&gt;&lt;path d="M1408 960V832q0-26-19-45t-45-19h-320V448q0-26-19-45t-45-19H832q-26 0-45 19t-19 45v320H448q-26 0-45 19t-19 45v128q0 26 19 45t45 19h320v320q0 26 19 45t45 19h128q26 0 45-19t19-45v-320h320q26 0 45-19t19-45zm256-544v960q0 119-84.5 203.5T1376 1664H416q-119 0-203.5-84.5T128 1376V416q0-119 84.5-203.5T416 128h960q119 0 203.5 84.5T1664 416z"/&gt;&lt;/svg&gt;&lt;/span&gt;
    
            &lt;span class="trace-class"&gt;&lt;abbr title="PHPUnit\TextUI\TestRunner"&gt;TestRunner&lt;/abbr&gt;&lt;/span&gt;&lt;span class="trace-type"&gt;-&gt;&lt;/span&gt;&lt;span class="trace-method"&gt;run&lt;/span&gt;&lt;span class="trace-arguments"&gt;(&lt;em&gt;object&lt;/em&gt;(&lt;abbr title="PHPUnit\Framework\TestSuite"&gt;TestSuite&lt;/abbr&gt;), &lt;em&gt;array&lt;/em&gt;('extensions' =&gt; &lt;em&gt;array&lt;/em&gt;(), 'listGroups' =&gt; &lt;em&gt;false&lt;/em&gt;, 'listSuites' =&gt; &lt;em&gt;false&lt;/em&gt;, 'listTests' =&gt; &lt;em&gt;false&lt;/em&gt;, 'listTestsXml' =&gt; &lt;em&gt;false&lt;/em&gt;, 'loader' =&gt; &lt;em&gt;null&lt;/em&gt;, 'useDefaultConfiguration' =&gt; &lt;em&gt;true&lt;/em&gt;, 'loadedExtensions' =&gt; &lt;em&gt;array&lt;/em&gt;(), 'unavailableExtensions' =&gt; &lt;em&gt;array&lt;/em&gt;(), 'notLoadedExtensions' =&gt; &lt;em&gt;array&lt;/em&gt;(), 'junitLogfile' =&gt; 'test-results.xml', 'testSuffixes' =&gt; &lt;em&gt;array&lt;/em&gt;('Test.php', '.phpt'), 'configuration' =&gt; 'C:\\Users\\sliti\\Desktop\\dev\\esprit-PIDEV-3A16-2526-FARMIA\\phpunit.xml.dist', 'configurationObject' =&gt; &lt;em&gt;object&lt;/em&gt;(&lt;abbr title="PHPUnit\TextUI\XmlConfiguration\Configuration"&gt;Configuration&lt;/abbr&gt;), 'stderr' =&gt; &lt;em&gt;false&lt;/em&gt;, 'columns' =&gt; 80, 'warnings' =&gt; &lt;em&gt;array&lt;/em&gt;(), 'debug' =&gt; &lt;em&gt;false&lt;/em&gt;, 'filter' =&gt; &lt;em&gt;false&lt;/em&gt;, 'listeners' =&gt; &lt;em&gt;array&lt;/em&gt;(), 'backupGlobals' =&gt; &lt;em&gt;false&lt;/em&gt;, 'backupStaticAttributes' =&gt; &lt;em&gt;false&lt;/em&gt;, 'beStrictAboutChangesToGlobalState' =&gt; &lt;em&gt;false&lt;/em&gt;, 'cacheResult' =&gt; &lt;em&gt;true&lt;/em&gt;, 'colors' =&gt; 'auto', 'convertDeprecationsToExceptions' =&gt; &lt;em&gt;false&lt;/em&gt;, 'convertErrorsToExceptions' =&gt; &lt;em&gt;true&lt;/em&gt;, 'convertNoticesToExceptions' =&gt; &lt;em&gt;true&lt;/em&gt;, 'convertWarningsToExceptions' =&gt; &lt;em&gt;true&lt;/em&gt;, 'processIsolation' =&gt; &lt;em&gt;false&lt;/em&gt;, 'stopOnDefect' =&gt; &lt;em&gt;false&lt;/em&gt;, 'stopOnError' =&gt; &lt;em&gt;false&lt;/em&gt;, 'stopOnFailure' =&gt; &lt;em&gt;false&lt;/em&gt;, 'stopOnWarning' =&gt; &lt;em&gt;false&lt;/em&gt;, 'stopOnIncomplete' =&gt; &lt;em&gt;false&lt;/em&gt;, 'stopOnRisky' =&gt; &lt;em&gt;false&lt;/em&gt;, 'stopOnSkipped' =&gt; &lt;em&gt;false&lt;/em&gt;, 'failOnEmptyTestSuite' =&gt; &lt;em&gt;false&lt;/em&gt;, 'failOnIncomplete' =&gt; &lt;em&gt;false&lt;/em&gt;, 'failOnRisky' =&gt; &lt;em&gt;false&lt;/em&gt;, 'failOnSkipped' =&gt; &lt;em&gt;false&lt;/em&gt;, 'failOnWarning' =&gt; &lt;em&gt;false&lt;/em&gt;, 'enforceTimeLimit' =&gt; &lt;em&gt;false&lt;/em&gt;, 'defaultTimeLimit' =&gt; 1, 'timeoutForSmallTests' =&gt; 1, 'timeoutForMediumTests' =&gt; 10, 'timeoutForLargeTests' =&gt; 60, 'reportUselessTests' =&gt; &lt;em&gt;true&lt;/em&gt;, 'strictCoverage' =&gt; &lt;em&gt;false&lt;/em&gt;, 'ignoreDeprecatedCodeUnitsFromCodeCoverage' =&gt; &lt;em&gt;false&lt;/em&gt;, 'disallowTestOutput' =&gt; &lt;em&gt;false&lt;/em&gt;, 'disallowTodoAnnotatedTests' =&gt; &lt;em&gt;false&lt;/em&gt;, 'beStrictAboutResourceUsageDuringSmallTests' =&gt; &lt;em&gt;false&lt;/em&gt;, 'verbose' =&gt; &lt;em&gt;false&lt;/em&gt;, 'reverseDefectList' =&gt; &lt;em&gt;false&lt;/em&gt;, 'forceCoversAnnotation' =&gt; &lt;em&gt;false&lt;/em&gt;, 'disableCodeCoverageIgnore' =&gt; &lt;em&gt;false&lt;/em&gt;, 'registerMockObjectsFromTestArgumentsRecursively' =&gt; &lt;em&gt;false&lt;/em&gt;, 'noInteraction' =&gt; &lt;em&gt;false&lt;/em&gt;, 'executionOrder' =&gt; 0, 'resolveDependencies' =&gt; &lt;em&gt;true&lt;/em&gt;, 'bootstrap' =&gt; 'C:\\Users\\sliti\\Desktop\\dev\\esprit-PIDEV-3A16-2526-FARMIA\\tests/bootstrap.php', 'executionOrderDefects' =&gt; 0, 'crap4jThreshold' =&gt; 30, 'excludeGroups' =&gt; &lt;em&gt;array&lt;/em&gt;(), 'groups' =&gt; &lt;em&gt;array&lt;/em&gt;(), 'randomOrderSeed' =&gt; 1777118040, 'repeat' =&gt; &lt;em&gt;false&lt;/em&gt;, 'reportHighLowerBound' =&gt; 90, 'reportLowUpperBound' =&gt; 50, 'reverseList' =&gt; &lt;em&gt;false&lt;/em&gt;, 'testdoxExcludeGroups' =&gt; &lt;em&gt;array&lt;/em&gt;(), 'testdoxGroups' =&gt; &lt;em&gt;array&lt;/em&gt;(), 'cacheResultFile' =&gt; 'C:\\Users\\sliti\\Desktop\\dev\\esprit-PIDEV-3A16-2526-FARMIA'), &lt;em&gt;array&lt;/em&gt;(), &lt;em&gt;true&lt;/em&gt;)&lt;/span&gt;    
                    &lt;span class="block trace-file-path"&gt;
            in
            &lt;a href="file://C:\Users\sliti\Desktop\dev\esprit-PIDEV-3A16-2526-FARMIA\vendor\phpunit\phpunit\src\TextUI\Command.php#L146"&gt;
                C:\Users\sliti\Desktop\dev\esprit-PIDEV-3A16-2526-FARMIA\vendor\phpunit\phpunit\src\TextUI\&lt;strong&gt;Command.php&lt;/strong&gt;
            &lt;/a&gt;
                        (line 146)
            &lt;span class="icon icon-copy hidden" data-clipboard-text="C:\Users\sliti\Desktop\dev\esprit-PIDEV-3A16-2526-FARMIA\vendor\phpunit\phpunit\src\TextUI\Command.php:146"&gt;
                &lt;svg xmlns="http://www.w3.org/2000/svg" height="24" viewBox="0 0 24 24" width="24"&gt;&lt;path d="M0 0h24v24H0z" fill="none"/&gt;&lt;path d="M16 1H4c-1.1 0-2 .9-2 2v14h2V3h12V1zm3 4H8c-1.1 0-2 .9-2 2v14c0 1.1.9 2 2 2h11c1.1 0 2-.9 2-2V7c0-1.1-.9-2-2-2zm0 16H8V7h11v14z"/&gt;&lt;/svg&gt;            &lt;/span&gt;
        &lt;/span&gt;
    &lt;/div&gt;
    &lt;div id="trace-html-1-20" class="trace-code sf-toggle-content"&gt;
        &lt;ol start="141"&gt;&lt;li&gt;&lt;code&gt;&lt;span style="color: var(--highlight-keyword)"&gt;&amp;nbsp;&amp;nbsp;&amp;nbsp;&amp;nbsp;&amp;nbsp;&amp;nbsp;&amp;nbsp;&amp;nbsp;}&lt;/span&gt;&lt;/code&gt;&lt;/li&gt;
&lt;li&gt;&lt;code&gt;&lt;span style="color: var(--highlight-keyword)"&gt;&lt;/span&gt;&lt;/code&gt;&lt;/li&gt;
&lt;li&gt;&lt;code&gt;&lt;span style="color: var(--highlight-keyword)"&gt;&amp;nbsp;&amp;nbsp;&amp;nbsp;&amp;nbsp;&amp;nbsp;&amp;nbsp;&amp;nbsp;&amp;nbsp;unset(&lt;/span&gt;&lt;span style="color: var(--highlight-default)"&gt;$this&lt;/span&gt;&lt;span style="color: var(--highlight-keyword)"&gt;-&amp;gt;&lt;/span&gt;&lt;span style="color: var(--highlight-default)"&gt;arguments&lt;/span&gt;&lt;span style="color: var(--highlight-keyword)"&gt;[&lt;/span&gt;&lt;span style="color: var(--highlight-string)"&gt;'test'&lt;/span&gt;&lt;span style="color: var(--highlight-keyword)"&gt;],&amp;nbsp;&lt;/span&gt;&lt;span style="color: var(--highlight-default)"&gt;$this&lt;/span&gt;&lt;span style="color: var(--highlight-keyword)"&gt;-&amp;gt;&lt;/span&gt;&lt;span style="color: var(--highlight-default)"&gt;arguments&lt;/span&gt;&lt;span style="color: var(--highlight-keyword)"&gt;[&lt;/span&gt;&lt;span style="color: var(--highlight-string)"&gt;'testFile'&lt;/span&gt;&lt;span style="color: var(--highlight-keyword)"&gt;]);&lt;/span&gt;&lt;/code&gt;&lt;/li&gt;
&lt;li&gt;&lt;code&gt;&lt;span style="color: var(--highlight-keyword)"&gt;&lt;/span&gt;&lt;/code&gt;&lt;/li&gt;
&lt;li&gt;&lt;code&gt;&lt;span style="color: var(--highlight-keyword)"&gt;&amp;nbsp;&amp;nbsp;&amp;nbsp;&amp;nbsp;&amp;nbsp;&amp;nbsp;&amp;nbsp;&amp;nbsp;try&amp;nbsp;{&lt;/span&gt;&lt;/code&gt;&lt;/li&gt;
&lt;li class="selected"&gt;&lt;code&gt;&lt;span style="color: var(--highlight-keyword)"&gt;&amp;nbsp;&amp;nbsp;&amp;nbsp;&amp;nbsp;&amp;nbsp;&amp;nbsp;&amp;nbsp;&amp;nbsp;&amp;nbsp;&amp;nbsp;&amp;nbsp;&amp;nbsp;&lt;/span&gt;&lt;span style="color: var(--highlight-default)"&gt;$result&amp;nbsp;&lt;/span&gt;&lt;span style="color: var(--highlight-keyword)"&gt;=&amp;nbsp;&lt;/span&gt;&lt;span style="color: var(--highlight-default)"&gt;$runner&lt;/span&gt;&lt;span style="color: var(--highlight-keyword)"&gt;-&amp;gt;&lt;/span&gt;&lt;span style="color: var(--highlight-default)"&gt;run&lt;/span&gt;&lt;span style="color: var(--highlight-keyword)"&gt;(&lt;/span&gt;&lt;span style="color: var(--highlight-default)"&gt;$suite&lt;/span&gt;&lt;span style="color: var(--highlight-keyword)"&gt;,&amp;nbsp;&lt;/span&gt;&lt;span style="color: var(--highlight-default)"&gt;$this&lt;/span&gt;&lt;span style="color: var(--highlight-keyword)"&gt;-&amp;gt;&lt;/span&gt;&lt;span style="color: var(--highlight-default)"&gt;arguments&lt;/span&gt;&lt;span style="color: var(--highlight-keyword)"&gt;,&amp;nbsp;&lt;/span&gt;&lt;span style="color: var(--highlight-default)"&gt;$this&lt;/span&gt;&lt;span style="color: var(--highlight-keyword)"&gt;-&amp;gt;&lt;/span&gt;&lt;span style="color: var(--highlight-default)"&gt;warnings&lt;/span&gt;&lt;span style="color: var(--highlight-keyword)"&gt;,&amp;nbsp;&lt;/span&gt;&lt;span style="color: var(--highlight-default)"&gt;$exit&lt;/span&gt;&lt;span style="color: var(--highlight-keyword)"&gt;);&lt;/span&gt;&lt;/code&gt;&lt;/li&gt;
&lt;li&gt;&lt;code&gt;&lt;span style="color: var(--highlight-keyword)"&gt;&amp;nbsp;&amp;nbsp;&amp;nbsp;&amp;nbsp;&amp;nbsp;&amp;nbsp;&amp;nbsp;&amp;nbsp;}&amp;nbsp;catch&amp;nbsp;(&lt;/span&gt;&lt;span style="color: var(--highlight-default)"&gt;Throwable&amp;nbsp;$t&lt;/span&gt;&lt;span style="color: var(--highlight-keyword)"&gt;)&amp;nbsp;{&lt;/span&gt;&lt;/code&gt;&lt;/li&gt;
&lt;li&gt;&lt;code&gt;&lt;span style="color: var(--highlight-keyword)"&gt;&amp;nbsp;&amp;nbsp;&amp;nbsp;&amp;nbsp;&amp;nbsp;&amp;nbsp;&amp;nbsp;&amp;nbsp;&amp;nbsp;&amp;nbsp;&amp;nbsp;&amp;nbsp;print&amp;nbsp;&lt;/span&gt;&lt;span style="color: var(--highlight-default)"&gt;$t&lt;/span&gt;&lt;span style="color: var(--highlight-keyword)"&gt;-&amp;gt;&lt;/span&gt;&lt;span style="color: var(--highlight-default)"&gt;getMessage&lt;/span&gt;&lt;span style="color: var(--highlight-keyword)"&gt;()&amp;nbsp;.&amp;nbsp;&lt;/span&gt;&lt;span style="color: var(--highlight-default)"&gt;PHP_EOL&lt;/span&gt;&lt;span style="color: var(--highlight-keyword)"&gt;;&lt;/span&gt;&lt;/code&gt;&lt;/li&gt;
&lt;li&gt;&lt;code&gt;&lt;span style="color: var(--highlight-keyword)"&gt;&amp;nbsp;&amp;nbsp;&amp;nbsp;&amp;nbsp;&amp;nbsp;&amp;nbsp;&amp;nbsp;&amp;nbsp;}&lt;/span&gt;&lt;/code&gt;&lt;/li&gt;
&lt;li&gt;&lt;code&gt;&lt;span style="color: var(--highlight-keyword)"&gt;&lt;/span&gt;&lt;/code&gt;&lt;/li&gt;
&lt;li&gt;&lt;code&gt;&lt;span style="color: var(--highlight-keyword)"&gt;&amp;nbsp;&amp;nbsp;&amp;nbsp;&amp;nbsp;&amp;nbsp;&amp;nbsp;&amp;nbsp;&amp;nbsp;&lt;/span&gt;&lt;span style="color: var(--highlight-default)"&gt;$return&amp;nbsp;&lt;/span&gt;&lt;span style="color: var(--highlight-keyword)"&gt;=&amp;nbsp;&lt;/span&gt;&lt;span style="color: var(--highlight-default)"&gt;TestRunner&lt;/span&gt;&lt;span style="color: var(--highlight-keyword)"&gt;::&lt;/span&gt;&lt;span style="color: var(--highlight-default)"&gt;FAILURE_EXIT&lt;/span&gt;&lt;span style="color: var(--highlight-keyword)"&gt;;&lt;/span&gt;&lt;/code&gt;&lt;/li&gt;&lt;/ol&gt;    &lt;/div&gt;            &lt;/div&gt;
                        &lt;div class="trace-line "&gt;
                &lt;div class="trace-line-header break-long-words sf-toggle" data-toggle-selector="#trace-html-1-21" data-toggle-initial=""&gt;
            &lt;span class="icon icon-close"&gt;&lt;svg width="1792" height="1792" viewBox="0 0 1792 1792" xmlns="http://www.w3.org/2000/svg"&gt;&lt;path d="M1408 960V832q0-26-19-45t-45-19H448q-26 0-45 19t-19 45v128q0 26 19 45t45 19h896q26 0 45-19t19-45zm256-544v960q0 119-84.5 203.5T1376 1664H416q-119 0-203.5-84.5T128 1376V416q0-119 84.5-203.5T416 128h960q119 0 203.5 84.5T1664 416z"/&gt;&lt;/svg&gt;&lt;/span&gt;
        &lt;span class="icon icon-open"&gt;&lt;svg width="1792" height="1792" viewBox="0 0 1792 1792" xmlns="http://www.w3.org/2000/svg"&gt;&lt;path d="M1408 960V832q0-26-19-45t-45-19h-320V448q0-26-19-45t-45-19H832q-26 0-45 19t-19 45v320H448q-26 0-45 19t-19 45v128q0 26 19 45t45 19h320v320q0 26 19 45t45 19h128q26 0 45-19t19-45v-320h320q26 0 45-19t19-45zm256-544v960q0 119-84.5 203.5T1376 1664H416q-119 0-203.5-84.5T128 1376V416q0-119 84.5-203.5T416 128h960q119 0 203.5 84.5T1664 416z"/&gt;&lt;/svg&gt;&lt;/span&gt;
    
            &lt;span class="trace-class"&gt;&lt;abbr title="PHPUnit\TextUI\Command"&gt;Command&lt;/abbr&gt;&lt;/span&gt;&lt;span class="trace-type"&gt;-&gt;&lt;/span&gt;&lt;span class="trace-method"&gt;run&lt;/span&gt;&lt;span class="trace-arguments"&gt;(&lt;em&gt;array&lt;/em&gt;('bin/phpunit', '--log-junit', 'test-results.xml'), &lt;em&gt;true&lt;/em&gt;)&lt;/span&gt;    
                    &lt;span class="block trace-file-path"&gt;
            in
            &lt;a href="file://C:\Users\sliti\Desktop\dev\esprit-PIDEV-3A16-2526-FARMIA\vendor\phpunit\phpunit\src\TextUI\Command.php#L99"&gt;
                C:\Users\sliti\Desktop\dev\esprit-PIDEV-3A16-2526-FARMIA\vendor\phpunit\phpunit\src\TextUI\&lt;strong&gt;Command.php&lt;/strong&gt;
            &lt;/a&gt;
                        (line 99)
            &lt;span class="icon icon-copy hidden" data-clipboard-text="C:\Users\sliti\Desktop\dev\esprit-PIDEV-3A16-2526-FARMIA\vendor\phpunit\phpunit\src\TextUI\Command.php:99"&gt;
                &lt;svg xmlns="http://www.w3.org/2000/svg" height="24" viewBox="0 0 24 24" width="24"&gt;&lt;path d="M0 0h24v24H0z" fill="none"/&gt;&lt;path d="M16 1H4c-1.1 0-2 .9-2 2v14h2V3h12V1zm3 4H8c-1.1 0-2 .9-2 2v14c0 1.1.9 2 2 2h11c1.1 0 2-.9 2-2V7c0-1.1-.9-2-2-2zm0 16H8V7h11v14z"/&gt;&lt;/svg&gt;            &lt;/span&gt;
        &lt;/span&gt;
    &lt;/div&gt;
    &lt;div id="trace-html-1-21" class="trace-code sf-toggle-content"&gt;
        &lt;ol start="94"&gt;&lt;li&gt;&lt;code&gt;&lt;span style="color: var(--highlight-comment)"&gt;&amp;nbsp;&amp;nbsp;&amp;nbsp;&amp;nbsp;&amp;nbsp;*&amp;nbsp;@throws&amp;nbsp;Exception&lt;/span&gt;&lt;/code&gt;&lt;/li&gt;
&lt;li&gt;&lt;code&gt;&lt;span style="color: var(--highlight-comment)"&gt;&amp;nbsp;&amp;nbsp;&amp;nbsp;&amp;nbsp;&amp;nbsp;*/&lt;/span&gt;&lt;/code&gt;&lt;/li&gt;
&lt;li&gt;&lt;code&gt;&lt;span style="color: var(--highlight-comment)"&gt;&amp;nbsp;&amp;nbsp;&amp;nbsp;&amp;nbsp;&lt;/span&gt;&lt;span style="color: var(--highlight-keyword)"&gt;public&amp;nbsp;static&amp;nbsp;function&amp;nbsp;&lt;/span&gt;&lt;span style="color: var(--highlight-default)"&gt;main&lt;/span&gt;&lt;span style="color: var(--highlight-keyword)"&gt;(&lt;/span&gt;&lt;span style="color: var(--highlight-default)"&gt;bool&amp;nbsp;$exit&amp;nbsp;&lt;/span&gt;&lt;span style="color: var(--highlight-keyword)"&gt;=&amp;nbsp;&lt;/span&gt;&lt;span style="color: var(--highlight-default)"&gt;true&lt;/span&gt;&lt;span style="color: var(--highlight-keyword)"&gt;):&amp;nbsp;&lt;/span&gt;&lt;span style="color: var(--highlight-default)"&gt;int&lt;/span&gt;&lt;/code&gt;&lt;/li&gt;
&lt;li&gt;&lt;code&gt;&lt;span style="color: var(--highlight-default)"&gt;&amp;nbsp;&amp;nbsp;&amp;nbsp;&amp;nbsp;&lt;/span&gt;&lt;span style="color: var(--highlight-keyword)"&gt;{&lt;/span&gt;&lt;/code&gt;&lt;/li&gt;
&lt;li&gt;&lt;code&gt;&lt;span style="color: var(--highlight-keyword)"&gt;&amp;nbsp;&amp;nbsp;&amp;nbsp;&amp;nbsp;&amp;nbsp;&amp;nbsp;&amp;nbsp;&amp;nbsp;try&amp;nbsp;{&lt;/span&gt;&lt;/code&gt;&lt;/li&gt;
&lt;li class="selected"&gt;&lt;code&gt;&lt;span style="color: var(--highlight-keyword)"&gt;&amp;nbsp;&amp;nbsp;&amp;nbsp;&amp;nbsp;&amp;nbsp;&amp;nbsp;&amp;nbsp;&amp;nbsp;&amp;nbsp;&amp;nbsp;&amp;nbsp;&amp;nbsp;return&amp;nbsp;(new&amp;nbsp;static)-&amp;gt;&lt;/span&gt;&lt;span style="color: var(--highlight-default)"&gt;run&lt;/span&gt;&lt;span style="color: var(--highlight-keyword)"&gt;(&lt;/span&gt;&lt;span style="color: var(--highlight-default)"&gt;$_SERVER&lt;/span&gt;&lt;span style="color: var(--highlight-keyword)"&gt;[&lt;/span&gt;&lt;span style="color: var(--highlight-string)"&gt;'argv'&lt;/span&gt;&lt;span style="color: var(--highlight-keyword)"&gt;],&amp;nbsp;&lt;/span&gt;&lt;span style="color: var(--highlight-default)"&gt;$exit&lt;/span&gt;&lt;span style="color: var(--highlight-keyword)"&gt;);&lt;/span&gt;&lt;/code&gt;&lt;/li&gt;
&lt;li&gt;&lt;code&gt;&lt;span style="color: var(--highlight-keyword)"&gt;&amp;nbsp;&amp;nbsp;&amp;nbsp;&amp;nbsp;&amp;nbsp;&amp;nbsp;&amp;nbsp;&amp;nbsp;}&amp;nbsp;catch&amp;nbsp;(&lt;/span&gt;&lt;span style="color: var(--highlight-default)"&gt;Throwable&amp;nbsp;$t&lt;/span&gt;&lt;span style="color: var(--highlight-keyword)"&gt;)&amp;nbsp;{&lt;/span&gt;&lt;/code&gt;&lt;/li&gt;
&lt;li&gt;&lt;code&gt;&lt;span style="color: var(--highlight-keyword)"&gt;&amp;nbsp;&amp;nbsp;&amp;nbsp;&amp;nbsp;&amp;nbsp;&amp;nbsp;&amp;nbsp;&amp;nbsp;&amp;nbsp;&amp;nbsp;&amp;nbsp;&amp;nbsp;throw&amp;nbsp;new&amp;nbsp;&lt;/span&gt;&lt;span style="color: var(--highlight-default)"&gt;RuntimeException&lt;/span&gt;&lt;span style="color: var(--highlight-keyword)"&gt;(&lt;/span&gt;&lt;/code&gt;&lt;/li&gt;
&lt;li&gt;&lt;code&gt;&lt;span style="color: var(--highlight-keyword)"&gt;&amp;nbsp;&amp;nbsp;&amp;nbsp;&amp;nbsp;&amp;nbsp;&amp;nbsp;&amp;nbsp;&amp;nbsp;&amp;nbsp;&amp;nbsp;&amp;nbsp;&amp;nbsp;&amp;nbsp;&amp;nbsp;&amp;nbsp;&amp;nbsp;&lt;/span&gt;&lt;span style="color: var(--highlight-default)"&gt;$t&lt;/span&gt;&lt;span style="color: var(--highlight-keyword)"&gt;-&amp;gt;&lt;/span&gt;&lt;span style="color: var(--highlight-default)"&gt;getMessage&lt;/span&gt;&lt;span style="color: var(--highlight-keyword)"&gt;(),&lt;/span&gt;&lt;/code&gt;&lt;/li&gt;
&lt;li&gt;&lt;code&gt;&lt;span style="color: var(--highlight-keyword)"&gt;&amp;nbsp;&amp;nbsp;&amp;nbsp;&amp;nbsp;&amp;nbsp;&amp;nbsp;&amp;nbsp;&amp;nbsp;&amp;nbsp;&amp;nbsp;&amp;nbsp;&amp;nbsp;&amp;nbsp;&amp;nbsp;&amp;nbsp;&amp;nbsp;(int)&amp;nbsp;&lt;/span&gt;&lt;span style="color: var(--highlight-default)"&gt;$t&lt;/span&gt;&lt;span style="color: var(--highlight-keyword)"&gt;-&amp;gt;&lt;/span&gt;&lt;span style="color: var(--highlight-default)"&gt;getCode&lt;/span&gt;&lt;span style="color: var(--highlight-keyword)"&gt;(),&lt;/span&gt;&lt;/code&gt;&lt;/li&gt;
&lt;li&gt;&lt;code&gt;&lt;span style="color: var(--highlight-keyword)"&gt;&amp;nbsp;&amp;nbsp;&amp;nbsp;&amp;nbsp;&amp;nbsp;&amp;nbsp;&amp;nbsp;&amp;nbsp;&amp;nbsp;&amp;nbsp;&amp;nbsp;&amp;nbsp;&amp;nbsp;&amp;nbsp;&amp;nbsp;&amp;nbsp;&lt;/span&gt;&lt;span style="color: var(--highlight-default)"&gt;$t&lt;/span&gt;&lt;span style="color: var(--highlight-keyword)"&gt;,&lt;/span&gt;&lt;/code&gt;&lt;/li&gt;&lt;/ol&gt;    &lt;/div&gt;            &lt;/div&gt;
                        &lt;div class="trace-line "&gt;
                &lt;div class="trace-line-header break-long-words sf-toggle" data-toggle-selector="#trace-html-1-22" data-toggle-initial=""&gt;
            &lt;span class="icon icon-close"&gt;&lt;svg width="1792" height="1792" viewBox="0 0 1792 1792" xmlns="http://www.w3.org/2000/svg"&gt;&lt;path d="M1408 960V832q0-26-19-45t-45-19H448q-26 0-45 19t-19 45v128q0 26 19 45t45 19h896q26 0 45-19t19-45zm256-544v960q0 119-84.5 203.5T1376 1664H416q-119 0-203.5-84.5T128 1376V416q0-119 84.5-203.5T416 128h960q119 0 203.5 84.5T1664 416z"/&gt;&lt;/svg&gt;&lt;/span&gt;
        &lt;span class="icon icon-open"&gt;&lt;svg width="1792" height="1792" viewBox="0 0 1792 1792" xmlns="http://www.w3.org/2000/svg"&gt;&lt;path d="M1408 960V832q0-26-19-45t-45-19h-320V448q0-26-19-45t-45-19H832q-26 0-45 19t-19 45v320H448q-26 0-45 19t-19 45v128q0 26 19 45t45 19h320v320q0 26 19 45t45 19h128q26 0 45-19t19-45v-320h320q26 0 45-19t19-45zm256-544v960q0 119-84.5 203.5T1376 1664H416q-119 0-203.5-84.5T128 1376V416q0-119 84.5-203.5T416 128h960q119 0 203.5 84.5T1664 416z"/&gt;&lt;/svg&gt;&lt;/span&gt;
    
            &lt;span class="trace-class"&gt;&lt;abbr title="PHPUnit\TextUI\Command"&gt;Command&lt;/abbr&gt;&lt;/span&gt;&lt;span class="trace-type"&gt;::&lt;/span&gt;&lt;span class="trace-method"&gt;main&lt;/span&gt;&lt;span class="trace-arguments"&gt;()&lt;/span&gt;    
                    &lt;span class="block trace-file-path"&gt;
            in
            &lt;a href="file://C:\Users\sliti\Desktop\dev\esprit-PIDEV-3A16-2526-FARMIA\vendor\phpunit\phpunit\phpunit#L107"&gt;
                C:\Users\sliti\Desktop\dev\esprit-PIDEV-3A16-2526-FARMIA\vendor\phpunit\phpunit\&lt;strong&gt;phpunit&lt;/strong&gt;
            &lt;/a&gt;
                        (line 107)
            &lt;span class="icon icon-copy hidden" data-clipboard-text="C:\Users\sliti\Desktop\dev\esprit-PIDEV-3A16-2526-FARMIA\vendor\phpunit\phpunit\phpunit:107"&gt;
                &lt;svg xmlns="http://www.w3.org/2000/svg" height="24" viewBox="0 0 24 24" width="24"&gt;&lt;path d="M0 0h24v24H0z" fill="none"/&gt;&lt;path d="M16 1H4c-1.1 0-2 .9-2 2v14h2V3h12V1zm3 4H8c-1.1 0-2 .9-2 2v14c0 1.1.9 2 2 2h11c1.1 0 2-.9 2-2V7c0-1.1-.9-2-2-2zm0 16H8V7h11v14z"/&gt;&lt;/svg&gt;            &lt;/span&gt;
        &lt;/span&gt;
    &lt;/div&gt;
    &lt;div id="trace-html-1-22" class="trace-code sf-toggle-content"&gt;
        &lt;ol start="102"&gt;&lt;li&gt;&lt;code&gt;&lt;span style="color: var(--highlight-keyword)"&gt;unset(&lt;/span&gt;&lt;span style="color: var(--highlight-default)"&gt;$options&lt;/span&gt;&lt;span style="color: var(--highlight-keyword)"&gt;);&lt;/span&gt;&lt;/code&gt;&lt;/li&gt;
&lt;li&gt;&lt;code&gt;&lt;span style="color: var(--highlight-keyword)"&gt;&lt;/span&gt;&lt;/code&gt;&lt;/li&gt;
&lt;li&gt;&lt;code&gt;&lt;span style="color: var(--highlight-keyword)"&gt;require&amp;nbsp;&lt;/span&gt;&lt;span style="color: var(--highlight-default)"&gt;PHPUNIT_COMPOSER_INSTALL&lt;/span&gt;&lt;span style="color: var(--highlight-keyword)"&gt;;&lt;/span&gt;&lt;/code&gt;&lt;/li&gt;
&lt;li&gt;&lt;code&gt;&lt;span style="color: var(--highlight-keyword)"&gt;&lt;/span&gt;&lt;/code&gt;&lt;/li&gt;
&lt;li&gt;&lt;code&gt;&lt;span style="color: var(--highlight-keyword)"&gt;&lt;/span&gt;&lt;span style="color: var(--highlight-default)"&gt;PHPUnit\TextUI\Command&lt;/span&gt;&lt;span style="color: var(--highlight-keyword)"&gt;::&lt;/span&gt;&lt;span style="color: var(--highlight-default)"&gt;main&lt;/span&gt;&lt;span style="color: var(--highlight-keyword)"&gt;();&lt;/span&gt;&lt;/code&gt;&lt;/li&gt;
&lt;li class="selected"&gt;&lt;code&gt;&lt;span style="color: var(--highlight-keyword)"&gt;&lt;/span&gt;&lt;/code&gt;&lt;/li&gt;&lt;/ol&gt;    &lt;/div&gt;            &lt;/div&gt;
                        &lt;div class="trace-line "&gt;
                &lt;div class="trace-line-header break-long-words sf-toggle" data-toggle-selector="#trace-html-1-23" data-toggle-initial=""&gt;
            &lt;span class="icon icon-close"&gt;&lt;svg width="1792" height="1792" viewBox="0 0 1792 1792" xmlns="http://www.w3.org/2000/svg"&gt;&lt;path d="M1408 960V832q0-26-19-45t-45-19H448q-26 0-45 19t-19 45v128q0 26 19 45t45 19h896q26 0 45-19t19-45zm256-544v960q0 119-84.5 203.5T1376 1664H416q-119 0-203.5-84.5T128 1376V416q0-119 84.5-203.5T416 128h960q119 0 203.5 84.5T1664 416z"/&gt;&lt;/svg&gt;&lt;/span&gt;
        &lt;span class="icon icon-open"&gt;&lt;svg width="1792" height="1792" viewBox="0 0 1792 1792" xmlns="http://www.w3.org/2000/svg"&gt;&lt;path d="M1408 960V832q0-26-19-45t-45-19h-320V448q0-26-19-45t-45-19H832q-26 0-45 19t-19 45v320H448q-26 0-45 19t-19 45v128q0 26 19 45t45 19h320v320q0 26 19 45t45 19h128q26 0 45-19t19-45v-320h320q26 0 45-19t19-45zm256-544v960q0 119-84.5 203.5T1376 1664H416q-119 0-203.5-84.5T128 1376V416q0-119 84.5-203.5T416 128h960q119 0 203.5 84.5T1664 416z"/&gt;&lt;/svg&gt;&lt;/span&gt;
    
            &lt;span class="trace-class"&gt;&lt;abbr title=""&gt;&lt;/abbr&gt;&lt;/span&gt;&lt;span class="trace-method"&gt;require&lt;/span&gt;&lt;span class="trace-arguments"&gt;('C:\\Users\\sliti\\Desktop\\dev\\esprit-PIDEV-3A16-2526-FARMIA\\vendor\\phpunit\\phpunit\\phpunit')&lt;/span&gt;    
                    &lt;span class="block trace-file-path"&gt;
            in
            &lt;a href="file://C:\Users\sliti\Desktop\dev\esprit-PIDEV-3A16-2526-FARMIA\bin\phpunit#L10"&gt;
                C:\Users\sliti\Desktop\dev\esprit-PIDEV-3A16-2526-FARMIA\bin\&lt;strong&gt;phpunit&lt;/strong&gt;
            &lt;/a&gt;
                        (line 10)
            &lt;span class="icon icon-copy hidden" data-clipboard-text="C:\Users\sliti\Desktop\dev\esprit-PIDEV-3A16-2526-FARMIA\bin\phpunit:10"&gt;
                &lt;svg xmlns="http://www.w3.org/2000/svg" height="24" viewBox="0 0 24 24" width="24"&gt;&lt;path d="M0 0h24v24H0z" fill="none"/&gt;&lt;path d="M16 1H4c-1.1 0-2 .9-2 2v14h2V3h12V1zm3 4H8c-1.1 0-2 .9-2 2v14c0 1.1.9 2 2 2h11c1.1 0 2-.9 2-2V7c0-1.1-.9-2-2-2zm0 16H8V7h11v14z"/&gt;&lt;/svg&gt;            &lt;/span&gt;
        &lt;/span&gt;
    &lt;/div&gt;
    &lt;div id="trace-html-1-23" class="trace-code sf-toggle-content"&gt;
        &lt;ol start="5"&gt;&lt;li&gt;&lt;code&gt;&lt;span style="color: var(--highlight-keyword)"&gt;}&#13;&lt;/span&gt;&lt;/code&gt;&lt;/li&gt;
&lt;li&gt;&lt;code&gt;&lt;span style="color: var(--highlight-keyword)"&gt;&#13;&lt;/span&gt;&lt;/code&gt;&lt;/li&gt;
&lt;li&gt;&lt;code&gt;&lt;span style="color: var(--highlight-keyword)"&gt;if&amp;nbsp;(&lt;/span&gt;&lt;span style="color: var(--highlight-default)"&gt;is_file&lt;/span&gt;&lt;span style="color: var(--highlight-keyword)"&gt;(&lt;/span&gt;&lt;span style="color: var(--highlight-default)"&gt;dirname&lt;/span&gt;&lt;span style="color: var(--highlight-keyword)"&gt;(&lt;/span&gt;&lt;span style="color: var(--highlight-default)"&gt;__DIR__&lt;/span&gt;&lt;span style="color: var(--highlight-keyword)"&gt;).&lt;/span&gt;&lt;span style="color: var(--highlight-string)"&gt;'/vendor/phpunit/phpunit/phpunit'&lt;/span&gt;&lt;span style="color: var(--highlight-keyword)"&gt;))&amp;nbsp;{&#13;&lt;/span&gt;&lt;/code&gt;&lt;/li&gt;
&lt;li&gt;&lt;code&gt;&lt;span style="color: var(--highlight-keyword)"&gt;&amp;nbsp;&amp;nbsp;&amp;nbsp;&amp;nbsp;if&amp;nbsp;(&lt;/span&gt;&lt;span style="color: var(--highlight-default)"&gt;PHP_VERSION_ID&amp;nbsp;&lt;/span&gt;&lt;span style="color: var(--highlight-keyword)"&gt;&amp;gt;=&amp;nbsp;&lt;/span&gt;&lt;span style="color: var(--highlight-default)"&gt;80000&lt;/span&gt;&lt;span style="color: var(--highlight-keyword)"&gt;)&amp;nbsp;{&#13;&lt;/span&gt;&lt;/code&gt;&lt;/li&gt;
&lt;li&gt;&lt;code&gt;&lt;span style="color: var(--highlight-keyword)"&gt;&amp;nbsp;&amp;nbsp;&amp;nbsp;&amp;nbsp;&amp;nbsp;&amp;nbsp;&amp;nbsp;&amp;nbsp;require&amp;nbsp;&lt;/span&gt;&lt;span style="color: var(--highlight-default)"&gt;dirname&lt;/span&gt;&lt;span style="color: var(--highlight-keyword)"&gt;(&lt;/span&gt;&lt;span style="color: var(--highlight-default)"&gt;__DIR__&lt;/span&gt;&lt;span style="color: var(--highlight-keyword)"&gt;).&lt;/span&gt;&lt;span style="color: var(--highlight-string)"&gt;'/vendor/phpunit/phpunit/phpunit'&lt;/span&gt;&lt;span style="color: var(--highlight-keyword)"&gt;;&#13;&lt;/span&gt;&lt;/code&gt;&lt;/li&gt;
&lt;li class="selected"&gt;&lt;code&gt;&lt;span style="color: var(--highlight-keyword)"&gt;&amp;nbsp;&amp;nbsp;&amp;nbsp;&amp;nbsp;}&amp;nbsp;else&amp;nbsp;{&#13;&lt;/span&gt;&lt;/code&gt;&lt;/li&gt;
&lt;li&gt;&lt;code&gt;&lt;span style="color: var(--highlight-keyword)"&gt;&amp;nbsp;&amp;nbsp;&amp;nbsp;&amp;nbsp;&amp;nbsp;&amp;nbsp;&amp;nbsp;&amp;nbsp;&lt;/span&gt;&lt;span style="color: var(--highlight-default)"&gt;define&lt;/span&gt;&lt;span style="color: var(--highlight-keyword)"&gt;(&lt;/span&gt;&lt;span style="color: var(--highlight-string)"&gt;'PHPUNIT_COMPOSER_INSTALL'&lt;/span&gt;&lt;span style="color: var(--highlight-keyword)"&gt;,&amp;nbsp;&lt;/span&gt;&lt;span style="color: var(--highlight-default)"&gt;dirname&lt;/span&gt;&lt;span style="color: var(--highlight-keyword)"&gt;(&lt;/span&gt;&lt;span style="color: var(--highlight-default)"&gt;__DIR__&lt;/span&gt;&lt;span style="color: var(--highlight-keyword)"&gt;).&lt;/span&gt;&lt;span style="color: var(--highlight-string)"&gt;'/vendor/autoload.php'&lt;/span&gt;&lt;span style="color: var(--highlight-keyword)"&gt;);&#13;&lt;/span&gt;&lt;/code&gt;&lt;/li&gt;
&lt;li&gt;&lt;code&gt;&lt;span style="color: var(--highlight-keyword)"&gt;&amp;nbsp;&amp;nbsp;&amp;nbsp;&amp;nbsp;&amp;nbsp;&amp;nbsp;&amp;nbsp;&amp;nbsp;require&amp;nbsp;&lt;/span&gt;&lt;span style="color: var(--highlight-default)"&gt;PHPUNIT_COMPOSER_INSTALL&lt;/span&gt;&lt;span style="color: var(--highlight-keyword)"&gt;;&#13;&lt;/span&gt;&lt;/code&gt;&lt;/li&gt;
&lt;li&gt;&lt;code&gt;&lt;span style="color: var(--highlight-keyword)"&gt;&amp;nbsp;&amp;nbsp;&amp;nbsp;&amp;nbsp;&amp;nbsp;&amp;nbsp;&amp;nbsp;&amp;nbsp;&lt;/span&gt;&lt;span style="color: var(--highlight-default)"&gt;PHPUnit\TextUI\Command&lt;/span&gt;&lt;span style="color: var(--highlight-keyword)"&gt;::&lt;/span&gt;&lt;span style="color: var(--highlight-default)"&gt;main&lt;/span&gt;&lt;span style="color: var(--highlight-keyword)"&gt;();&#13;&lt;/span&gt;&lt;/code&gt;&lt;/li&gt;
&lt;li&gt;&lt;code&gt;&lt;span style="color: var(--highlight-keyword)"&gt;&amp;nbsp;&amp;nbsp;&amp;nbsp;&amp;nbsp;}&#13;&lt;/span&gt;&lt;/code&gt;&lt;/li&gt;
&lt;li&gt;&lt;code&gt;&lt;span style="color: var(--highlight-keyword)"&gt;}&amp;nbsp;else&amp;nbsp;{&#13;&lt;/span&gt;&lt;/code&gt;&lt;/li&gt;&lt;/ol&gt;    &lt;/div&gt;            &lt;/div&gt;
                    &lt;/div&gt;
    &lt;/div&gt;
&lt;/div&gt;&lt;div class="trace trace-as-html" id="trace-box-2"&gt;
    &lt;div class="trace-details"&gt;
        &lt;div class="trace-head"&gt;
            &lt;div class="sf-toggle" data-toggle-selector="#trace-html-2" data-toggle-initial=""&gt;
                &lt;span class="icon icon-close"&gt;&lt;svg width="1792" height="1792" viewBox="0 0 1792 1792" xmlns="http://www.w3.org/2000/svg"&gt;&lt;path d="M1344 800v64q0 14-9 23t-23 9H480q-14 0-23-9t-9-23v-64q0-14 9-23t23-9h832q14 0 23 9t9 23zm128 448V416q0-66-47-113t-113-47H480q-66 0-113 47t-47 113v832q0 66 47 113t113 47h832q66 0 113-47t47-113zm128-832v832q0 119-84.5 203.5T1312 1536H480q-119 0-203.5-84.5T192 1248V416q0-119 84.5-203.5T480 128h832q119 0 203.5 84.5T1600 416z"/&gt;&lt;/svg&gt;&lt;/span&gt;
                &lt;span class="icon icon-open"&gt;&lt;svg width="1792" height="1792" viewBox="0 0 1792 1792" xmlns="http://www.w3.org/2000/svg"&gt;&lt;path d="M1344 800v64q0 14-9 23t-23 9H960v352q0 14-9 23t-23 9h-64q-14 0-23-9t-9-23V896H480q-14 0-23-9t-9-23v-64q0-14 9-23t23-9h352V416q0-14 9-23t23-9h64q14 0 23 9t9 23v352h352q14 0 23 9t9 23zm128 448V416q0-66-47-113t-113-47H480q-66 0-113 47t-47 113v832q0 66 47 113t113 47h832q66 0 113-47t47-113zm128-832v832q0 119-84.5 203.5T1312 1536H480q-119 0-203.5-84.5T192 1248V416q0-119 84.5-203.5T480 128h832q119 0 203.5 84.5T1600 416z"/&gt;&lt;/svg&gt;&lt;/span&gt;
                                                    &lt;h3 class="trace-class"&gt;
                                                    &lt;span class="trace-namespace"&gt;Symfony\Component\Routing\Exception\&lt;/span&gt;
                                                ResourceNotFoundException                    &lt;/h3&gt;
                                                    &lt;p class="break-long-words trace-message"&gt;No routes found for &amp;quot;/expert/conseil/new/1/&amp;quot;.&lt;/p&gt;
                            &lt;/div&gt;
                    &lt;/div&gt;

        &lt;div id="trace-html-2" class="sf-toggle-content"&gt;
                    &lt;div class="trace-line "&gt;
                &lt;div class="trace-line-header break-long-words sf-toggle" data-toggle-selector="#trace-html-2-0" data-toggle-initial="display"&gt;
            &lt;span class="icon icon-close"&gt;&lt;svg width="1792" height="1792" viewBox="0 0 1792 1792" xmlns="http://www.w3.org/2000/svg"&gt;&lt;path d="M1408 960V832q0-26-19-45t-45-19H448q-26 0-45 19t-19 45v128q0 26 19 45t45 19h896q26 0 45-19t19-45zm256-544v960q0 119-84.5 203.5T1376 1664H416q-119 0-203.5-84.5T128 1376V416q0-119 84.5-203.5T416 128h960q119 0 203.5 84.5T1664 416z"/&gt;&lt;/svg&gt;&lt;/span&gt;
        &lt;span class="icon icon-open"&gt;&lt;svg width="1792" height="1792" viewBox="0 0 1792 1792" xmlns="http://www.w3.org/2000/svg"&gt;&lt;path d="M1408 960V832q0-26-19-45t-45-19h-320V448q0-26-19-45t-45-19H832q-26 0-45 19t-19 45v320H448q-26 0-45 19t-19 45v128q0 26 19 45t45 19h320v320q0 26 19 45t45 19h128q26 0 45-19t19-45v-320h320q26 0 45-19t19-45zm256-544v960q0 119-84.5 203.5T1376 1664H416q-119 0-203.5-84.5T128 1376V416q0-119 84.5-203.5T416 128h960q119 0 203.5 84.5T1664 416z"/&gt;&lt;/svg&gt;&lt;/span&gt;
    
    
                    &lt;span class="block trace-file-path"&gt;
            in
            &lt;a href="file://C:\Users\sliti\Desktop\dev\esprit-PIDEV-3A16-2526-FARMIA\vendor\symfony\routing\Matcher\Dumper\CompiledUrlMatcherTrait.php#L70"&gt;
                C:\Users\sliti\Desktop\dev\esprit-PIDEV-3A16-2526-FARMIA\vendor\symfony\routing\Matcher\Dumper\&lt;strong&gt;CompiledUrlMatcherTrait.php&lt;/strong&gt;
            &lt;/a&gt;
                        (line 70)
            &lt;span class="icon icon-copy hidden" data-clipboard-text="C:\Users\sliti\Desktop\dev\esprit-PIDEV-3A16-2526-FARMIA\vendor\symfony\routing\Matcher\Dumper\CompiledUrlMatcherTrait.php:70"&gt;
                &lt;svg xmlns="http://www.w3.org/2000/svg" height="24" viewBox="0 0 24 24" width="24"&gt;&lt;path d="M0 0h24v24H0z" fill="none"/&gt;&lt;path d="M16 1H4c-1.1 0-2 .9-2 2v14h2V3h12V1zm3 4H8c-1.1 0-2 .9-2 2v14c0 1.1.9 2 2 2h11c1.1 0 2-.9 2-2V7c0-1.1-.9-2-2-2zm0 16H8V7h11v14z"/&gt;&lt;/svg&gt;            &lt;/span&gt;
        &lt;/span&gt;
    &lt;/div&gt;
    &lt;div id="trace-html-2-0" class="trace-code sf-toggle-content"&gt;
        &lt;ol start="65"&gt;&lt;li&gt;&lt;code&gt;&lt;span style="color: var(--highlight-keyword)"&gt;&amp;nbsp;&amp;nbsp;&amp;nbsp;&amp;nbsp;&amp;nbsp;&amp;nbsp;&amp;nbsp;&amp;nbsp;&amp;nbsp;&amp;nbsp;&amp;nbsp;&amp;nbsp;if&amp;nbsp;(&lt;/span&gt;&lt;span style="color: var(--highlight-default)"&gt;$allowSchemes&lt;/span&gt;&lt;span style="color: var(--highlight-keyword)"&gt;)&amp;nbsp;{&lt;/span&gt;&lt;/code&gt;&lt;/li&gt;
&lt;li&gt;&lt;code&gt;&lt;span style="color: var(--highlight-keyword)"&gt;&amp;nbsp;&amp;nbsp;&amp;nbsp;&amp;nbsp;&amp;nbsp;&amp;nbsp;&amp;nbsp;&amp;nbsp;&amp;nbsp;&amp;nbsp;&amp;nbsp;&amp;nbsp;&amp;nbsp;&amp;nbsp;&amp;nbsp;&amp;nbsp;goto&amp;nbsp;&lt;/span&gt;&lt;span style="color: var(--highlight-default)"&gt;redirect_scheme&lt;/span&gt;&lt;span style="color: var(--highlight-keyword)"&gt;;&lt;/span&gt;&lt;/code&gt;&lt;/li&gt;
&lt;li&gt;&lt;code&gt;&lt;span style="color: var(--highlight-keyword)"&gt;&amp;nbsp;&amp;nbsp;&amp;nbsp;&amp;nbsp;&amp;nbsp;&amp;nbsp;&amp;nbsp;&amp;nbsp;&amp;nbsp;&amp;nbsp;&amp;nbsp;&amp;nbsp;}&lt;/span&gt;&lt;/code&gt;&lt;/li&gt;
&lt;li&gt;&lt;code&gt;&lt;span style="color: var(--highlight-keyword)"&gt;&amp;nbsp;&amp;nbsp;&amp;nbsp;&amp;nbsp;&amp;nbsp;&amp;nbsp;&amp;nbsp;&amp;nbsp;}&lt;/span&gt;&lt;/code&gt;&lt;/li&gt;
&lt;li&gt;&lt;code&gt;&lt;span style="color: var(--highlight-keyword)"&gt;&lt;/span&gt;&lt;/code&gt;&lt;/li&gt;
&lt;li class="selected"&gt;&lt;code&gt;&lt;span style="color: var(--highlight-keyword)"&gt;&amp;nbsp;&amp;nbsp;&amp;nbsp;&amp;nbsp;&amp;nbsp;&amp;nbsp;&amp;nbsp;&amp;nbsp;throw&amp;nbsp;new&amp;nbsp;&lt;/span&gt;&lt;span style="color: var(--highlight-default)"&gt;ResourceNotFoundException&lt;/span&gt;&lt;span style="color: var(--highlight-keyword)"&gt;(&lt;/span&gt;&lt;span style="color: var(--highlight-default)"&gt;\sprintf&lt;/span&gt;&lt;span style="color: var(--highlight-keyword)"&gt;(&lt;/span&gt;&lt;span style="color: var(--highlight-string)"&gt;'No&amp;nbsp;routes&amp;nbsp;found&amp;nbsp;for&amp;nbsp;"%s".'&lt;/span&gt;&lt;span style="color: var(--highlight-keyword)"&gt;,&amp;nbsp;&lt;/span&gt;&lt;span style="color: var(--highlight-default)"&gt;$pathinfo&lt;/span&gt;&lt;span style="color: var(--highlight-keyword)"&gt;));&lt;/span&gt;&lt;/code&gt;&lt;/li&gt;
&lt;li&gt;&lt;code&gt;&lt;span style="color: var(--highlight-keyword)"&gt;&amp;nbsp;&amp;nbsp;&amp;nbsp;&amp;nbsp;}&lt;/span&gt;&lt;/code&gt;&lt;/li&gt;
&lt;li&gt;&lt;code&gt;&lt;span style="color: var(--highlight-keyword)"&gt;&lt;/span&gt;&lt;/code&gt;&lt;/li&gt;
&lt;li&gt;&lt;code&gt;&lt;span style="color: var(--highlight-keyword)"&gt;&amp;nbsp;&amp;nbsp;&amp;nbsp;&amp;nbsp;private&amp;nbsp;function&amp;nbsp;&lt;/span&gt;&lt;span style="color: var(--highlight-default)"&gt;doMatch&lt;/span&gt;&lt;span style="color: var(--highlight-keyword)"&gt;(&lt;/span&gt;&lt;span style="color: var(--highlight-default)"&gt;string&amp;nbsp;$pathinfo&lt;/span&gt;&lt;span style="color: var(--highlight-keyword)"&gt;,&amp;nbsp;array&amp;nbsp;&amp;amp;&lt;/span&gt;&lt;span style="color: var(--highlight-default)"&gt;$allow&amp;nbsp;&lt;/span&gt;&lt;span style="color: var(--highlight-keyword)"&gt;=&amp;nbsp;[],&amp;nbsp;array&amp;nbsp;&amp;amp;&lt;/span&gt;&lt;span style="color: var(--highlight-default)"&gt;$allowSchemes&amp;nbsp;&lt;/span&gt;&lt;span style="color: var(--highlight-keyword)"&gt;=&amp;nbsp;[]):&amp;nbsp;array&lt;/span&gt;&lt;/code&gt;&lt;/li&gt;
&lt;li&gt;&lt;code&gt;&lt;span style="color: var(--highlight-keyword)"&gt;&amp;nbsp;&amp;nbsp;&amp;nbsp;&amp;nbsp;{&lt;/span&gt;&lt;/code&gt;&lt;/li&gt;
&lt;li&gt;&lt;code&gt;&lt;span style="color: var(--highlight-keyword)"&gt;&amp;nbsp;&amp;nbsp;&amp;nbsp;&amp;nbsp;&amp;nbsp;&amp;nbsp;&amp;nbsp;&amp;nbsp;&lt;/span&gt;&lt;span style="color: var(--highlight-default)"&gt;$allow&amp;nbsp;&lt;/span&gt;&lt;span style="color: var(--highlight-keyword)"&gt;=&amp;nbsp;&lt;/span&gt;&lt;span style="color: var(--highlight-default)"&gt;$allowSchemes&amp;nbsp;&lt;/span&gt;&lt;span style="color: var(--highlight-keyword)"&gt;=&amp;nbsp;[];&lt;/span&gt;&lt;/code&gt;&lt;/li&gt;&lt;/ol&gt;    &lt;/div&gt;            &lt;/div&gt;
                        &lt;div class="trace-line "&gt;
                &lt;div class="trace-line-header break-long-words sf-toggle" data-toggle-selector="#trace-html-2-1" data-toggle-initial=""&gt;
            &lt;span class="icon icon-close"&gt;&lt;svg width="1792" height="1792" viewBox="0 0 1792 1792" xmlns="http://www.w3.org/2000/svg"&gt;&lt;path d="M1408 960V832q0-26-19-45t-45-19H448q-26 0-45 19t-19 45v128q0 26 19 45t45 19h896q26 0 45-19t19-45zm256-544v960q0 119-84.5 203.5T1376 1664H416q-119 0-203.5-84.5T128 1376V416q0-119 84.5-203.5T416 128h960q119 0 203.5 84.5T1664 416z"/&gt;&lt;/svg&gt;&lt;/span&gt;
        &lt;span class="icon icon-open"&gt;&lt;svg width="1792" height="1792" viewBox="0 0 1792 1792" xmlns="http://www.w3.org/2000/svg"&gt;&lt;path d="M1408 960V832q0-26-19-45t-45-19h-320V448q0-26-19-45t-45-19H832q-26 0-45 19t-19 45v320H448q-26 0-45 19t-19 45v128q0 26 19 45t45 19h320v320q0 26 19 45t45 19h128q26 0 45-19t19-45v-320h320q26 0 45-19t19-45zm256-544v960q0 119-84.5 203.5T1376 1664H416q-119 0-203.5-84.5T128 1376V416q0-119 84.5-203.5T416 128h960q119 0 203.5 84.5T1664 416z"/&gt;&lt;/svg&gt;&lt;/span&gt;
    
            &lt;span class="trace-class"&gt;&lt;abbr title="Symfony\Component\Routing\Matcher\CompiledUrlMatcher"&gt;CompiledUrlMatcher&lt;/abbr&gt;&lt;/span&gt;&lt;span class="trace-type"&gt;-&gt;&lt;/span&gt;&lt;span class="trace-method"&gt;match&lt;/span&gt;&lt;span class="trace-arguments"&gt;('/expert/conseil/new/1/')&lt;/span&gt;    
                    &lt;span class="block trace-file-path"&gt;
            in
            &lt;a href="file://C:\Users\sliti\Desktop\dev\esprit-PIDEV-3A16-2526-FARMIA\vendor\symfony\routing\Matcher\UrlMatcher.php#L98"&gt;
                C:\Users\sliti\Desktop\dev\esprit-PIDEV-3A16-2526-FARMIA\vendor\symfony\routing\Matcher\&lt;strong&gt;UrlMatcher.php&lt;/strong&gt;
            &lt;/a&gt;
                        (line 98)
            &lt;span class="icon icon-copy hidden" data-clipboard-text="C:\Users\sliti\Desktop\dev\esprit-PIDEV-3A16-2526-FARMIA\vendor\symfony\routing\Matcher\UrlMatcher.php:98"&gt;
                &lt;svg xmlns="http://www.w3.org/2000/svg" height="24" viewBox="0 0 24 24" width="24"&gt;&lt;path d="M0 0h24v24H0z" fill="none"/&gt;&lt;path d="M16 1H4c-1.1 0-2 .9-2 2v14h2V3h12V1zm3 4H8c-1.1 0-2 .9-2 2v14c0 1.1.9 2 2 2h11c1.1 0 2-.9 2-2V7c0-1.1-.9-2-2-2zm0 16H8V7h11v14z"/&gt;&lt;/svg&gt;            &lt;/span&gt;
        &lt;/span&gt;
    &lt;/div&gt;
    &lt;div id="trace-html-2-1" class="trace-code sf-toggle-content"&gt;
        &lt;ol start="93"&gt;&lt;li&gt;&lt;code&gt;&lt;span style="color: var(--highlight-keyword)"&gt;&lt;/span&gt;&lt;/code&gt;&lt;/li&gt;
&lt;li&gt;&lt;code&gt;&lt;span style="color: var(--highlight-keyword)"&gt;&amp;nbsp;&amp;nbsp;&amp;nbsp;&amp;nbsp;public&amp;nbsp;function&amp;nbsp;&lt;/span&gt;&lt;span style="color: var(--highlight-default)"&gt;matchRequest&lt;/span&gt;&lt;span style="color: var(--highlight-keyword)"&gt;(&lt;/span&gt;&lt;span style="color: var(--highlight-default)"&gt;Request&amp;nbsp;$request&lt;/span&gt;&lt;span style="color: var(--highlight-keyword)"&gt;):&amp;nbsp;array&lt;/span&gt;&lt;/code&gt;&lt;/li&gt;
&lt;li&gt;&lt;code&gt;&lt;span style="color: var(--highlight-keyword)"&gt;&amp;nbsp;&amp;nbsp;&amp;nbsp;&amp;nbsp;{&lt;/span&gt;&lt;/code&gt;&lt;/li&gt;
&lt;li&gt;&lt;code&gt;&lt;span style="color: var(--highlight-keyword)"&gt;&amp;nbsp;&amp;nbsp;&amp;nbsp;&amp;nbsp;&amp;nbsp;&amp;nbsp;&amp;nbsp;&amp;nbsp;&lt;/span&gt;&lt;span style="color: var(--highlight-default)"&gt;$this&lt;/span&gt;&lt;span style="color: var(--highlight-keyword)"&gt;-&amp;gt;&lt;/span&gt;&lt;span style="color: var(--highlight-default)"&gt;request&amp;nbsp;&lt;/span&gt;&lt;span style="color: var(--highlight-keyword)"&gt;=&amp;nbsp;&lt;/span&gt;&lt;span style="color: var(--highlight-default)"&gt;$request&lt;/span&gt;&lt;span style="color: var(--highlight-keyword)"&gt;;&lt;/span&gt;&lt;/code&gt;&lt;/li&gt;
&lt;li&gt;&lt;code&gt;&lt;span style="color: var(--highlight-keyword)"&gt;&lt;/span&gt;&lt;/code&gt;&lt;/li&gt;
&lt;li class="selected"&gt;&lt;code&gt;&lt;span style="color: var(--highlight-keyword)"&gt;&amp;nbsp;&amp;nbsp;&amp;nbsp;&amp;nbsp;&amp;nbsp;&amp;nbsp;&amp;nbsp;&amp;nbsp;&lt;/span&gt;&lt;span style="color: var(--highlight-default)"&gt;$ret&amp;nbsp;&lt;/span&gt;&lt;span style="color: var(--highlight-keyword)"&gt;=&amp;nbsp;&lt;/span&gt;&lt;span style="color: var(--highlight-default)"&gt;$this&lt;/span&gt;&lt;span style="color: var(--highlight-keyword)"&gt;-&amp;gt;&lt;/span&gt;&lt;span style="color: var(--highlight-default)"&gt;match&lt;/span&gt;&lt;span style="color: var(--highlight-keyword)"&gt;(&lt;/span&gt;&lt;span style="color: var(--highlight-default)"&gt;$request&lt;/span&gt;&lt;span style="color: var(--highlight-keyword)"&gt;-&amp;gt;&lt;/span&gt;&lt;span style="color: var(--highlight-default)"&gt;getPathInfo&lt;/span&gt;&lt;span style="color: var(--highlight-keyword)"&gt;());&lt;/span&gt;&lt;/code&gt;&lt;/li&gt;
&lt;li&gt;&lt;code&gt;&lt;span style="color: var(--highlight-keyword)"&gt;&lt;/span&gt;&lt;/code&gt;&lt;/li&gt;
&lt;li&gt;&lt;code&gt;&lt;span style="color: var(--highlight-keyword)"&gt;&amp;nbsp;&amp;nbsp;&amp;nbsp;&amp;nbsp;&amp;nbsp;&amp;nbsp;&amp;nbsp;&amp;nbsp;&lt;/span&gt;&lt;span style="color: var(--highlight-default)"&gt;$this&lt;/span&gt;&lt;span style="color: var(--highlight-keyword)"&gt;-&amp;gt;&lt;/span&gt;&lt;span style="color: var(--highlight-default)"&gt;request&amp;nbsp;&lt;/span&gt;&lt;span style="color: var(--highlight-keyword)"&gt;=&amp;nbsp;&lt;/span&gt;&lt;span style="color: var(--highlight-default)"&gt;null&lt;/span&gt;&lt;span style="color: var(--highlight-keyword)"&gt;;&lt;/span&gt;&lt;/code&gt;&lt;/li&gt;
&lt;li&gt;&lt;code&gt;&lt;span style="color: var(--highlight-keyword)"&gt;&lt;/span&gt;&lt;/code&gt;&lt;/li&gt;
&lt;li&gt;&lt;code&gt;&lt;span style="color: var(--highlight-keyword)"&gt;&amp;nbsp;&amp;nbsp;&amp;nbsp;&amp;nbsp;&amp;nbsp;&amp;nbsp;&amp;nbsp;&amp;nbsp;return&amp;nbsp;&lt;/span&gt;&lt;span style="color: var(--highlight-default)"&gt;$ret&lt;/span&gt;&lt;span style="color: var(--highlight-keyword)"&gt;;&lt;/span&gt;&lt;/code&gt;&lt;/li&gt;
&lt;li&gt;&lt;code&gt;&lt;span style="color: var(--highlight-keyword)"&gt;&amp;nbsp;&amp;nbsp;&amp;nbsp;&amp;nbsp;}&lt;/span&gt;&lt;/code&gt;&lt;/li&gt;&lt;/ol&gt;    &lt;/div&gt;            &lt;/div&gt;
                        &lt;div class="trace-line "&gt;
                &lt;div class="trace-line-header break-long-words sf-toggle" data-toggle-selector="#trace-html-2-2" data-toggle-initial=""&gt;
            &lt;span class="icon icon-close"&gt;&lt;svg width="1792" height="1792" viewBox="0 0 1792 1792" xmlns="http://www.w3.org/2000/svg"&gt;&lt;path d="M1408 960V832q0-26-19-45t-45-19H448q-26 0-45 19t-19 45v128q0 26 19 45t45 19h896q26 0 45-19t19-45zm256-544v960q0 119-84.5 203.5T1376 1664H416q-119 0-203.5-84.5T128 1376V416q0-119 84.5-203.5T416 128h960q119 0 203.5 84.5T1664 416z"/&gt;&lt;/svg&gt;&lt;/span&gt;
        &lt;span class="icon icon-open"&gt;&lt;svg width="1792" height="1792" viewBox="0 0 1792 1792" xmlns="http://www.w3.org/2000/svg"&gt;&lt;path d="M1408 960V832q0-26-19-45t-45-19h-320V448q0-26-19-45t-45-19H832q-26 0-45 19t-19 45v320H448q-26 0-45 19t-19 45v128q0 26 19 45t45 19h320v320q0 26 19 45t45 19h128q26 0 45-19t19-45v-320h320q26 0 45-19t19-45zm256-544v960q0 119-84.5 203.5T1376 1664H416q-119 0-203.5-84.5T128 1376V416q0-119 84.5-203.5T416 128h960q119 0 203.5 84.5T1664 416z"/&gt;&lt;/svg&gt;&lt;/span&gt;
    
            &lt;span class="trace-class"&gt;&lt;abbr title="Symfony\Component\Routing\Matcher\UrlMatcher"&gt;UrlMatcher&lt;/abbr&gt;&lt;/span&gt;&lt;span class="trace-type"&gt;-&gt;&lt;/span&gt;&lt;span class="trace-method"&gt;matchRequest&lt;/span&gt;&lt;span class="trace-arguments"&gt;(&lt;em&gt;object&lt;/em&gt;(&lt;abbr title="Symfony\Component\HttpFoundation\Request"&gt;Request&lt;/abbr&gt;))&lt;/span&gt;    
                    &lt;span class="block trace-file-path"&gt;
            in
            &lt;a href="file://C:\Users\sliti\Desktop\dev\esprit-PIDEV-3A16-2526-FARMIA\vendor\symfony\routing\Router.php#L237"&gt;
                C:\Users\sliti\Desktop\dev\esprit-PIDEV-3A16-2526-FARMIA\vendor\symfony\routing\&lt;strong&gt;Router.php&lt;/strong&gt;
            &lt;/a&gt;
                        (line 237)
            &lt;span class="icon icon-copy hidden" data-clipboard-text="C:\Users\sliti\Desktop\dev\esprit-PIDEV-3A16-2526-FARMIA\vendor\symfony\routing\Router.php:237"&gt;
                &lt;svg xmlns="http://www.w3.org/2000/svg" height="24" viewBox="0 0 24 24" width="24"&gt;&lt;path d="M0 0h24v24H0z" fill="none"/&gt;&lt;path d="M16 1H4c-1.1 0-2 .9-2 2v14h2V3h12V1zm3 4H8c-1.1 0-2 .9-2 2v14c0 1.1.9 2 2 2h11c1.1 0 2-.9 2-2V7c0-1.1-.9-2-2-2zm0 16H8V7h11v14z"/&gt;&lt;/svg&gt;            &lt;/span&gt;
        &lt;/span&gt;
    &lt;/div&gt;
    &lt;div id="trace-html-2-2" class="trace-code sf-toggle-content"&gt;
        &lt;ol start="232"&gt;&lt;li&gt;&lt;code&gt;&lt;span style="color: var(--highlight-keyword)"&gt;&amp;nbsp;&amp;nbsp;&amp;nbsp;&amp;nbsp;&amp;nbsp;&amp;nbsp;&amp;nbsp;&amp;nbsp;if&amp;nbsp;(!&lt;/span&gt;&lt;span style="color: var(--highlight-default)"&gt;$matcher&amp;nbsp;&lt;/span&gt;&lt;span style="color: var(--highlight-keyword)"&gt;instanceof&amp;nbsp;&lt;/span&gt;&lt;span style="color: var(--highlight-default)"&gt;RequestMatcherInterface&lt;/span&gt;&lt;span style="color: var(--highlight-keyword)"&gt;)&amp;nbsp;{&lt;/span&gt;&lt;/code&gt;&lt;/li&gt;
&lt;li&gt;&lt;code&gt;&lt;span style="color: var(--highlight-keyword)"&gt;&amp;nbsp;&amp;nbsp;&amp;nbsp;&amp;nbsp;&amp;nbsp;&amp;nbsp;&amp;nbsp;&amp;nbsp;&amp;nbsp;&amp;nbsp;&amp;nbsp;&amp;nbsp;&lt;/span&gt;&lt;span style="color: var(--highlight-comment)"&gt;//&amp;nbsp;fallback&amp;nbsp;to&amp;nbsp;the&amp;nbsp;default&amp;nbsp;UrlMatcherInterface&lt;/span&gt;&lt;/code&gt;&lt;/li&gt;
&lt;li&gt;&lt;code&gt;&lt;span style="color: var(--highlight-comment)"&gt;&amp;nbsp;&amp;nbsp;&amp;nbsp;&amp;nbsp;&amp;nbsp;&amp;nbsp;&amp;nbsp;&amp;nbsp;&amp;nbsp;&amp;nbsp;&amp;nbsp;&amp;nbsp;&lt;/span&gt;&lt;span style="color: var(--highlight-keyword)"&gt;return&amp;nbsp;&lt;/span&gt;&lt;span style="color: var(--highlight-default)"&gt;$matcher&lt;/span&gt;&lt;span style="color: var(--highlight-keyword)"&gt;-&amp;gt;&lt;/span&gt;&lt;span style="color: var(--highlight-default)"&gt;match&lt;/span&gt;&lt;span style="color: var(--highlight-keyword)"&gt;(&lt;/span&gt;&lt;span style="color: var(--highlight-default)"&gt;$request&lt;/span&gt;&lt;span style="color: var(--highlight-keyword)"&gt;-&amp;gt;&lt;/span&gt;&lt;span style="color: var(--highlight-default)"&gt;getPathInfo&lt;/span&gt;&lt;span style="color: var(--highlight-keyword)"&gt;());&lt;/span&gt;&lt;/code&gt;&lt;/li&gt;
&lt;li&gt;&lt;code&gt;&lt;span style="color: var(--highlight-keyword)"&gt;&amp;nbsp;&amp;nbsp;&amp;nbsp;&amp;nbsp;&amp;nbsp;&amp;nbsp;&amp;nbsp;&amp;nbsp;}&lt;/span&gt;&lt;/code&gt;&lt;/li&gt;
&lt;li&gt;&lt;code&gt;&lt;span style="color: var(--highlight-keyword)"&gt;&lt;/span&gt;&lt;/code&gt;&lt;/li&gt;
&lt;li class="selected"&gt;&lt;code&gt;&lt;span style="color: var(--highlight-keyword)"&gt;&amp;nbsp;&amp;nbsp;&amp;nbsp;&amp;nbsp;&amp;nbsp;&amp;nbsp;&amp;nbsp;&amp;nbsp;return&amp;nbsp;&lt;/span&gt;&lt;span style="color: var(--highlight-default)"&gt;$matcher&lt;/span&gt;&lt;span style="color: var(--highlight-keyword)"&gt;-&amp;gt;&lt;/span&gt;&lt;span style="color: var(--highlight-default)"&gt;matchRequest&lt;/span&gt;&lt;span style="color: var(--highlight-keyword)"&gt;(&lt;/span&gt;&lt;span style="color: var(--highlight-default)"&gt;$request&lt;/span&gt;&lt;span style="color: var(--highlight-keyword)"&gt;);&lt;/span&gt;&lt;/code&gt;&lt;/li&gt;
&lt;li&gt;&lt;code&gt;&lt;span style="color: var(--highlight-keyword)"&gt;&amp;nbsp;&amp;nbsp;&amp;nbsp;&amp;nbsp;}&lt;/span&gt;&lt;/code&gt;&lt;/li&gt;
&lt;li&gt;&lt;code&gt;&lt;span style="color: var(--highlight-keyword)"&gt;&lt;/span&gt;&lt;/code&gt;&lt;/li&gt;
&lt;li&gt;&lt;code&gt;&lt;span style="color: var(--highlight-keyword)"&gt;&amp;nbsp;&amp;nbsp;&amp;nbsp;&amp;nbsp;&lt;/span&gt;&lt;span style="color: var(--highlight-comment)"&gt;/**&lt;/span&gt;&lt;/code&gt;&lt;/li&gt;
&lt;li&gt;&lt;code&gt;&lt;span style="color: var(--highlight-comment)"&gt;&amp;nbsp;&amp;nbsp;&amp;nbsp;&amp;nbsp;&amp;nbsp;*&amp;nbsp;Gets&amp;nbsp;the&amp;nbsp;UrlMatcher&amp;nbsp;or&amp;nbsp;RequestMatcher&amp;nbsp;instance&amp;nbsp;associated&amp;nbsp;with&amp;nbsp;this&amp;nbsp;Router.&lt;/span&gt;&lt;/code&gt;&lt;/li&gt;
&lt;li&gt;&lt;code&gt;&lt;span style="color: var(--highlight-comment)"&gt;&amp;nbsp;&amp;nbsp;&amp;nbsp;&amp;nbsp;&amp;nbsp;*/&lt;/span&gt;&lt;/code&gt;&lt;/li&gt;&lt;/ol&gt;    &lt;/div&gt;            &lt;/div&gt;
                        &lt;div class="trace-line "&gt;
                &lt;div class="trace-line-header break-long-words sf-toggle" data-toggle-selector="#trace-html-2-3" data-toggle-initial=""&gt;
            &lt;span class="icon icon-close"&gt;&lt;svg width="1792" height="1792" viewBox="0 0 1792 1792" xmlns="http://www.w3.org/2000/svg"&gt;&lt;path d="M1408 960V832q0-26-19-45t-45-19H448q-26 0-45 19t-19 45v128q0 26 19 45t45 19h896q26 0 45-19t19-45zm256-544v960q0 119-84.5 203.5T1376 1664H416q-119 0-203.5-84.5T128 1376V416q0-119 84.5-203.5T416 128h960q119 0 203.5 84.5T1664 416z"/&gt;&lt;/svg&gt;&lt;/span&gt;
        &lt;span class="icon icon-open"&gt;&lt;svg width="1792" height="1792" viewBox="0 0 1792 1792" xmlns="http://www.w3.org/2000/svg"&gt;&lt;path d="M1408 960V832q0-26-19-45t-45-19h-320V448q0-26-19-45t-45-19H832q-26 0-45 19t-19 45v320H448q-26 0-45 19t-19 45v128q0 26 19 45t45 19h320v320q0 26 19 45t45 19h128q26 0 45-19t19-45v-320h320q26 0 45-19t19-45zm256-544v960q0 119-84.5 203.5T1376 1664H416q-119 0-203.5-84.5T128 1376V416q0-119 84.5-203.5T416 128h960q119 0 203.5 84.5T1664 416z"/&gt;&lt;/svg&gt;&lt;/span&gt;
    
            &lt;span class="trace-class"&gt;&lt;abbr title="Symfony\Component\Routing\Router"&gt;Router&lt;/abbr&gt;&lt;/span&gt;&lt;span class="trace-type"&gt;-&gt;&lt;/span&gt;&lt;span class="trace-method"&gt;matchRequest&lt;/span&gt;&lt;span class="trace-arguments"&gt;(&lt;em&gt;object&lt;/em&gt;(&lt;abbr title="Symfony\Component\HttpFoundation\Request"&gt;Request&lt;/abbr&gt;))&lt;/span&gt;    
                    &lt;span class="block trace-file-path"&gt;
            in
            &lt;a href="file://C:\Users\sliti\Desktop\dev\esprit-PIDEV-3A16-2526-FARMIA\vendor\symfony\http-kernel\EventListener\RouterListener.php#L105"&gt;
                C:\Users\sliti\Desktop\dev\esprit-PIDEV-3A16-2526-FARMIA\vendor\symfony\http-kernel\EventListener\&lt;strong&gt;RouterListener.php&lt;/strong&gt;
            &lt;/a&gt;
                        (line 105)
            &lt;span class="icon icon-copy hidden" data-clipboard-text="C:\Users\sliti\Desktop\dev\esprit-PIDEV-3A16-2526-FARMIA\vendor\symfony\http-kernel\EventListener\RouterListener.php:105"&gt;
                &lt;svg xmlns="http://www.w3.org/2000/svg" height="24" viewBox="0 0 24 24" width="24"&gt;&lt;path d="M0 0h24v24H0z" fill="none"/&gt;&lt;path d="M16 1H4c-1.1 0-2 .9-2 2v14h2V3h12V1zm3 4H8c-1.1 0-2 .9-2 2v14c0 1.1.9 2 2 2h11c1.1 0 2-.9 2-2V7c0-1.1-.9-2-2-2zm0 16H8V7h11v14z"/&gt;&lt;/svg&gt;            &lt;/span&gt;
        &lt;/span&gt;
    &lt;/div&gt;
    &lt;div id="trace-html-2-3" class="trace-code sf-toggle-content"&gt;
        &lt;ol start="100"&gt;&lt;li&gt;&lt;code&gt;&lt;span style="color: var(--highlight-keyword)"&gt;&lt;/span&gt;&lt;/code&gt;&lt;/li&gt;
&lt;li&gt;&lt;code&gt;&lt;span style="color: var(--highlight-keyword)"&gt;&amp;nbsp;&amp;nbsp;&amp;nbsp;&amp;nbsp;&amp;nbsp;&amp;nbsp;&amp;nbsp;&amp;nbsp;&lt;/span&gt;&lt;span style="color: var(--highlight-comment)"&gt;//&amp;nbsp;add&amp;nbsp;attributes&amp;nbsp;based&amp;nbsp;on&amp;nbsp;the&amp;nbsp;request&amp;nbsp;(routing)&lt;/span&gt;&lt;/code&gt;&lt;/li&gt;
&lt;li&gt;&lt;code&gt;&lt;span style="color: var(--highlight-comment)"&gt;&amp;nbsp;&amp;nbsp;&amp;nbsp;&amp;nbsp;&amp;nbsp;&amp;nbsp;&amp;nbsp;&amp;nbsp;&lt;/span&gt;&lt;span style="color: var(--highlight-keyword)"&gt;try&amp;nbsp;{&lt;/span&gt;&lt;/code&gt;&lt;/li&gt;
&lt;li&gt;&lt;code&gt;&lt;span style="color: var(--highlight-keyword)"&gt;&amp;nbsp;&amp;nbsp;&amp;nbsp;&amp;nbsp;&amp;nbsp;&amp;nbsp;&amp;nbsp;&amp;nbsp;&amp;nbsp;&amp;nbsp;&amp;nbsp;&amp;nbsp;&lt;/span&gt;&lt;span style="color: var(--highlight-comment)"&gt;//&amp;nbsp;matching&amp;nbsp;a&amp;nbsp;request&amp;nbsp;is&amp;nbsp;more&amp;nbsp;powerful&amp;nbsp;than&amp;nbsp;matching&amp;nbsp;a&amp;nbsp;URL&amp;nbsp;path&amp;nbsp;+&amp;nbsp;context,&amp;nbsp;so&amp;nbsp;try&amp;nbsp;that&amp;nbsp;first&lt;/span&gt;&lt;/code&gt;&lt;/li&gt;
&lt;li&gt;&lt;code&gt;&lt;span style="color: var(--highlight-comment)"&gt;&amp;nbsp;&amp;nbsp;&amp;nbsp;&amp;nbsp;&amp;nbsp;&amp;nbsp;&amp;nbsp;&amp;nbsp;&amp;nbsp;&amp;nbsp;&amp;nbsp;&amp;nbsp;&lt;/span&gt;&lt;span style="color: var(--highlight-keyword)"&gt;if&amp;nbsp;(&lt;/span&gt;&lt;span style="color: var(--highlight-default)"&gt;$this&lt;/span&gt;&lt;span style="color: var(--highlight-keyword)"&gt;-&amp;gt;&lt;/span&gt;&lt;span style="color: var(--highlight-default)"&gt;matcher&amp;nbsp;&lt;/span&gt;&lt;span style="color: var(--highlight-keyword)"&gt;instanceof&amp;nbsp;&lt;/span&gt;&lt;span style="color: var(--highlight-default)"&gt;RequestMatcherInterface&lt;/span&gt;&lt;span style="color: var(--highlight-keyword)"&gt;)&amp;nbsp;{&lt;/span&gt;&lt;/code&gt;&lt;/li&gt;
&lt;li class="selected"&gt;&lt;code&gt;&lt;span style="color: var(--highlight-keyword)"&gt;&amp;nbsp;&amp;nbsp;&amp;nbsp;&amp;nbsp;&amp;nbsp;&amp;nbsp;&amp;nbsp;&amp;nbsp;&amp;nbsp;&amp;nbsp;&amp;nbsp;&amp;nbsp;&amp;nbsp;&amp;nbsp;&amp;nbsp;&amp;nbsp;&lt;/span&gt;&lt;span style="color: var(--highlight-default)"&gt;$parameters&amp;nbsp;&lt;/span&gt;&lt;span style="color: var(--highlight-keyword)"&gt;=&amp;nbsp;&lt;/span&gt;&lt;span style="color: var(--highlight-default)"&gt;$this&lt;/span&gt;&lt;span style="color: var(--highlight-keyword)"&gt;-&amp;gt;&lt;/span&gt;&lt;span style="color: var(--highlight-default)"&gt;matcher&lt;/span&gt;&lt;span style="color: var(--highlight-keyword)"&gt;-&amp;gt;&lt;/span&gt;&lt;span style="color: var(--highlight-default)"&gt;matchRequest&lt;/span&gt;&lt;span style="color: var(--highlight-keyword)"&gt;(&lt;/span&gt;&lt;span style="color: var(--highlight-default)"&gt;$request&lt;/span&gt;&lt;span style="color: var(--highlight-keyword)"&gt;);&lt;/span&gt;&lt;/code&gt;&lt;/li&gt;
&lt;li&gt;&lt;code&gt;&lt;span style="color: var(--highlight-keyword)"&gt;&amp;nbsp;&amp;nbsp;&amp;nbsp;&amp;nbsp;&amp;nbsp;&amp;nbsp;&amp;nbsp;&amp;nbsp;&amp;nbsp;&amp;nbsp;&amp;nbsp;&amp;nbsp;}&amp;nbsp;else&amp;nbsp;{&lt;/span&gt;&lt;/code&gt;&lt;/li&gt;
&lt;li&gt;&lt;code&gt;&lt;span style="color: var(--highlight-keyword)"&gt;&amp;nbsp;&amp;nbsp;&amp;nbsp;&amp;nbsp;&amp;nbsp;&amp;nbsp;&amp;nbsp;&amp;nbsp;&amp;nbsp;&amp;nbsp;&amp;nbsp;&amp;nbsp;&amp;nbsp;&amp;nbsp;&amp;nbsp;&amp;nbsp;&lt;/span&gt;&lt;span style="color: var(--highlight-default)"&gt;$parameters&amp;nbsp;&lt;/span&gt;&lt;span style="color: var(--highlight-keyword)"&gt;=&amp;nbsp;&lt;/span&gt;&lt;span style="color: var(--highlight-default)"&gt;$this&lt;/span&gt;&lt;span style="color: var(--highlight-keyword)"&gt;-&amp;gt;&lt;/span&gt;&lt;span style="color: var(--highlight-default)"&gt;matcher&lt;/span&gt;&lt;span style="color: var(--highlight-keyword)"&gt;-&amp;gt;&lt;/span&gt;&lt;span style="color: var(--highlight-default)"&gt;match&lt;/span&gt;&lt;span style="color: var(--highlight-keyword)"&gt;(&lt;/span&gt;&lt;span style="color: var(--highlight-default)"&gt;$request&lt;/span&gt;&lt;span style="color: var(--highlight-keyword)"&gt;-&amp;gt;&lt;/span&gt;&lt;span style="color: var(--highlight-default)"&gt;getPathInfo&lt;/span&gt;&lt;span style="color: var(--highlight-keyword)"&gt;());&lt;/span&gt;&lt;/code&gt;&lt;/li&gt;
&lt;li&gt;&lt;code&gt;&lt;span style="color: var(--highlight-keyword)"&gt;&amp;nbsp;&amp;nbsp;&amp;nbsp;&amp;nbsp;&amp;nbsp;&amp;nbsp;&amp;nbsp;&amp;nbsp;&amp;nbsp;&amp;nbsp;&amp;nbsp;&amp;nbsp;}&lt;/span&gt;&lt;/code&gt;&lt;/li&gt;
&lt;li&gt;&lt;code&gt;&lt;span style="color: var(--highlight-keyword)"&gt;&lt;/span&gt;&lt;/code&gt;&lt;/li&gt;
&lt;li&gt;&lt;code&gt;&lt;span style="color: var(--highlight-keyword)"&gt;&amp;nbsp;&amp;nbsp;&amp;nbsp;&amp;nbsp;&amp;nbsp;&amp;nbsp;&amp;nbsp;&amp;nbsp;&amp;nbsp;&amp;nbsp;&amp;nbsp;&amp;nbsp;&lt;/span&gt;&lt;span style="color: var(--highlight-default)"&gt;$this&lt;/span&gt;&lt;span style="color: var(--highlight-keyword)"&gt;-&amp;gt;&lt;/span&gt;&lt;span style="color: var(--highlight-default)"&gt;logger&lt;/span&gt;&lt;span style="color: var(--highlight-keyword)"&gt;?-&amp;gt;&lt;/span&gt;&lt;span style="color: var(--highlight-default)"&gt;info&lt;/span&gt;&lt;span style="color: var(--highlight-keyword)"&gt;(&lt;/span&gt;&lt;span style="color: var(--highlight-string)"&gt;'Matched&amp;nbsp;route&amp;nbsp;"{route}".'&lt;/span&gt;&lt;span style="color: var(--highlight-keyword)"&gt;,&amp;nbsp;[&lt;/span&gt;&lt;/code&gt;&lt;/li&gt;&lt;/ol&gt;    &lt;/div&gt;            &lt;/div&gt;
                        &lt;div class="trace-line "&gt;
                &lt;div class="trace-line-header break-long-words sf-toggle" data-toggle-selector="#trace-html-2-4" data-toggle-initial=""&gt;
            &lt;span class="icon icon-close"&gt;&lt;svg width="1792" height="1792" viewBox="0 0 1792 1792" xmlns="http://www.w3.org/2000/svg"&gt;&lt;path d="M1408 960V832q0-26-19-45t-45-19H448q-26 0-45 19t-19 45v128q0 26 19 45t45 19h896q26 0 45-19t19-45zm256-544v960q0 119-84.5 203.5T1376 1664H416q-119 0-203.5-84.5T128 1376V416q0-119 84.5-203.5T416 128h960q119 0 203.5 84.5T1664 416z"/&gt;&lt;/svg&gt;&lt;/span&gt;
        &lt;span class="icon icon-open"&gt;&lt;svg width="1792" height="1792" viewBox="0 0 1792 1792" xmlns="http://www.w3.org/2000/svg"&gt;&lt;path d="M1408 960V832q0-26-19-45t-45-19h-320V448q0-26-19-45t-45-19H832q-26 0-45 19t-19 45v320H448q-26 0-45 19t-19 45v128q0 26 19 45t45 19h320v320q0 26 19 45t45 19h128q26 0 45-19t19-45v-320h320q26 0 45-19t19-45zm256-544v960q0 119-84.5 203.5T1376 1664H416q-119 0-203.5-84.5T128 1376V416q0-119 84.5-203.5T416 128h960q119 0 203.5 84.5T1664 416z"/&gt;&lt;/svg&gt;&lt;/span&gt;
    
            &lt;span class="trace-class"&gt;&lt;abbr title="Symfony\Component\HttpKernel\EventListener\RouterListener"&gt;RouterListener&lt;/abbr&gt;&lt;/span&gt;&lt;span class="trace-type"&gt;-&gt;&lt;/span&gt;&lt;span class="trace-method"&gt;onKernelRequest&lt;/span&gt;&lt;span class="trace-arguments"&gt;(&lt;em&gt;object&lt;/em&gt;(&lt;abbr title="Symfony\Component\HttpKernel\Event\RequestEvent"&gt;RequestEvent&lt;/abbr&gt;), 'kernel.request', &lt;em&gt;object&lt;/em&gt;(&lt;abbr title="Symfony\Component\HttpKernel\Debug\TraceableEventDispatcher"&gt;TraceableEventDispatcher&lt;/abbr&gt;))&lt;/span&gt;    
                    &lt;span class="block trace-file-path"&gt;
            in
            &lt;a href="file://C:\Users\sliti\Desktop\dev\esprit-PIDEV-3A16-2526-FARMIA\vendor\symfony\event-dispatcher\Debug\WrappedListener.php#L116"&gt;
                C:\Users\sliti\Desktop\dev\esprit-PIDEV-3A16-2526-FARMIA\vendor\symfony\event-dispatcher\Debug\&lt;strong&gt;WrappedListener.php&lt;/strong&gt;
            &lt;/a&gt;
                        (line 116)
            &lt;span class="icon icon-copy hidden" data-clipboard-text="C:\Users\sliti\Desktop\dev\esprit-PIDEV-3A16-2526-FARMIA\vendor\symfony\event-dispatcher\Debug\WrappedListener.php:116"&gt;
                &lt;svg xmlns="http://www.w3.org/2000/svg" height="24" viewBox="0 0 24 24" width="24"&gt;&lt;path d="M0 0h24v24H0z" fill="none"/&gt;&lt;path d="M16 1H4c-1.1 0-2 .9-2 2v14h2V3h12V1zm3 4H8c-1.1 0-2 .9-2 2v14c0 1.1.9 2 2 2h11c1.1 0 2-.9 2-2V7c0-1.1-.9-2-2-2zm0 16H8V7h11v14z"/&gt;&lt;/svg&gt;            &lt;/span&gt;
        &lt;/span&gt;
    &lt;/div&gt;
    &lt;div id="trace-html-2-4" class="trace-code sf-toggle-content"&gt;
        &lt;ol start="111"&gt;&lt;li&gt;&lt;code&gt;&lt;span style="color: var(--highlight-keyword)"&gt;&amp;nbsp;&amp;nbsp;&amp;nbsp;&amp;nbsp;&amp;nbsp;&amp;nbsp;&amp;nbsp;&amp;nbsp;&lt;/span&gt;&lt;span style="color: var(--highlight-default)"&gt;$this&lt;/span&gt;&lt;span style="color: var(--highlight-keyword)"&gt;-&amp;gt;&lt;/span&gt;&lt;span style="color: var(--highlight-default)"&gt;priority&amp;nbsp;&lt;/span&gt;&lt;span style="color: var(--highlight-keyword)"&gt;??=&amp;nbsp;&lt;/span&gt;&lt;span style="color: var(--highlight-default)"&gt;$dispatcher&lt;/span&gt;&lt;span style="color: var(--highlight-keyword)"&gt;-&amp;gt;&lt;/span&gt;&lt;span style="color: var(--highlight-default)"&gt;getListenerPriority&lt;/span&gt;&lt;span style="color: var(--highlight-keyword)"&gt;(&lt;/span&gt;&lt;span style="color: var(--highlight-default)"&gt;$eventName&lt;/span&gt;&lt;span style="color: var(--highlight-keyword)"&gt;,&amp;nbsp;&lt;/span&gt;&lt;span style="color: var(--highlight-default)"&gt;$this&lt;/span&gt;&lt;span style="color: var(--highlight-keyword)"&gt;-&amp;gt;&lt;/span&gt;&lt;span style="color: var(--highlight-default)"&gt;listener&lt;/span&gt;&lt;span style="color: var(--highlight-keyword)"&gt;);&lt;/span&gt;&lt;/code&gt;&lt;/li&gt;
&lt;li&gt;&lt;code&gt;&lt;span style="color: var(--highlight-keyword)"&gt;&lt;/span&gt;&lt;/code&gt;&lt;/li&gt;
&lt;li&gt;&lt;code&gt;&lt;span style="color: var(--highlight-keyword)"&gt;&amp;nbsp;&amp;nbsp;&amp;nbsp;&amp;nbsp;&amp;nbsp;&amp;nbsp;&amp;nbsp;&amp;nbsp;&lt;/span&gt;&lt;span style="color: var(--highlight-default)"&gt;$e&amp;nbsp;&lt;/span&gt;&lt;span style="color: var(--highlight-keyword)"&gt;=&amp;nbsp;&lt;/span&gt;&lt;span style="color: var(--highlight-default)"&gt;$this&lt;/span&gt;&lt;span style="color: var(--highlight-keyword)"&gt;-&amp;gt;&lt;/span&gt;&lt;span style="color: var(--highlight-default)"&gt;stopwatch&lt;/span&gt;&lt;span style="color: var(--highlight-keyword)"&gt;-&amp;gt;&lt;/span&gt;&lt;span style="color: var(--highlight-default)"&gt;start&lt;/span&gt;&lt;span style="color: var(--highlight-keyword)"&gt;(&lt;/span&gt;&lt;span style="color: var(--highlight-default)"&gt;$this&lt;/span&gt;&lt;span style="color: var(--highlight-keyword)"&gt;-&amp;gt;&lt;/span&gt;&lt;span style="color: var(--highlight-default)"&gt;name&lt;/span&gt;&lt;span style="color: var(--highlight-keyword)"&gt;,&amp;nbsp;&lt;/span&gt;&lt;span style="color: var(--highlight-string)"&gt;'event_listener'&lt;/span&gt;&lt;span style="color: var(--highlight-keyword)"&gt;);&lt;/span&gt;&lt;/code&gt;&lt;/li&gt;
&lt;li&gt;&lt;code&gt;&lt;span style="color: var(--highlight-keyword)"&gt;&lt;/span&gt;&lt;/code&gt;&lt;/li&gt;
&lt;li&gt;&lt;code&gt;&lt;span style="color: var(--highlight-keyword)"&gt;&amp;nbsp;&amp;nbsp;&amp;nbsp;&amp;nbsp;&amp;nbsp;&amp;nbsp;&amp;nbsp;&amp;nbsp;try&amp;nbsp;{&lt;/span&gt;&lt;/code&gt;&lt;/li&gt;
&lt;li class="selected"&gt;&lt;code&gt;&lt;span style="color: var(--highlight-keyword)"&gt;&amp;nbsp;&amp;nbsp;&amp;nbsp;&amp;nbsp;&amp;nbsp;&amp;nbsp;&amp;nbsp;&amp;nbsp;&amp;nbsp;&amp;nbsp;&amp;nbsp;&amp;nbsp;(&lt;/span&gt;&lt;span style="color: var(--highlight-default)"&gt;$this&lt;/span&gt;&lt;span style="color: var(--highlight-keyword)"&gt;-&amp;gt;&lt;/span&gt;&lt;span style="color: var(--highlight-default)"&gt;optimizedListener&amp;nbsp;&lt;/span&gt;&lt;span style="color: var(--highlight-keyword)"&gt;??&amp;nbsp;&lt;/span&gt;&lt;span style="color: var(--highlight-default)"&gt;$this&lt;/span&gt;&lt;span style="color: var(--highlight-keyword)"&gt;-&amp;gt;&lt;/span&gt;&lt;span style="color: var(--highlight-default)"&gt;listener&lt;/span&gt;&lt;span style="color: var(--highlight-keyword)"&gt;)(&lt;/span&gt;&lt;span style="color: var(--highlight-default)"&gt;$event&lt;/span&gt;&lt;span style="color: var(--highlight-keyword)"&gt;,&amp;nbsp;&lt;/span&gt;&lt;span style="color: var(--highlight-default)"&gt;$eventName&lt;/span&gt;&lt;span style="color: var(--highlight-keyword)"&gt;,&amp;nbsp;&lt;/span&gt;&lt;span style="color: var(--highlight-default)"&gt;$dispatcher&lt;/span&gt;&lt;span style="color: var(--highlight-keyword)"&gt;);&lt;/span&gt;&lt;/code&gt;&lt;/li&gt;
&lt;li&gt;&lt;code&gt;&lt;span style="color: var(--highlight-keyword)"&gt;&amp;nbsp;&amp;nbsp;&amp;nbsp;&amp;nbsp;&amp;nbsp;&amp;nbsp;&amp;nbsp;&amp;nbsp;}&amp;nbsp;finally&amp;nbsp;{&lt;/span&gt;&lt;/code&gt;&lt;/li&gt;
&lt;li&gt;&lt;code&gt;&lt;span style="color: var(--highlight-keyword)"&gt;&amp;nbsp;&amp;nbsp;&amp;nbsp;&amp;nbsp;&amp;nbsp;&amp;nbsp;&amp;nbsp;&amp;nbsp;&amp;nbsp;&amp;nbsp;&amp;nbsp;&amp;nbsp;if&amp;nbsp;(&lt;/span&gt;&lt;span style="color: var(--highlight-default)"&gt;$e&lt;/span&gt;&lt;span style="color: var(--highlight-keyword)"&gt;-&amp;gt;&lt;/span&gt;&lt;span style="color: var(--highlight-default)"&gt;isStarted&lt;/span&gt;&lt;span style="color: var(--highlight-keyword)"&gt;())&amp;nbsp;{&lt;/span&gt;&lt;/code&gt;&lt;/li&gt;
&lt;li&gt;&lt;code&gt;&lt;span style="color: var(--highlight-keyword)"&gt;&amp;nbsp;&amp;nbsp;&amp;nbsp;&amp;nbsp;&amp;nbsp;&amp;nbsp;&amp;nbsp;&amp;nbsp;&amp;nbsp;&amp;nbsp;&amp;nbsp;&amp;nbsp;&amp;nbsp;&amp;nbsp;&amp;nbsp;&amp;nbsp;&lt;/span&gt;&lt;span style="color: var(--highlight-default)"&gt;$e&lt;/span&gt;&lt;span style="color: var(--highlight-keyword)"&gt;-&amp;gt;&lt;/span&gt;&lt;span style="color: var(--highlight-default)"&gt;stop&lt;/span&gt;&lt;span style="color: var(--highlight-keyword)"&gt;();&lt;/span&gt;&lt;/code&gt;&lt;/li&gt;
&lt;li&gt;&lt;code&gt;&lt;span style="color: var(--highlight-keyword)"&gt;&amp;nbsp;&amp;nbsp;&amp;nbsp;&amp;nbsp;&amp;nbsp;&amp;nbsp;&amp;nbsp;&amp;nbsp;&amp;nbsp;&amp;nbsp;&amp;nbsp;&amp;nbsp;}&lt;/span&gt;&lt;/code&gt;&lt;/li&gt;
&lt;li&gt;&lt;code&gt;&lt;span style="color: var(--highlight-keyword)"&gt;&amp;nbsp;&amp;nbsp;&amp;nbsp;&amp;nbsp;&amp;nbsp;&amp;nbsp;&amp;nbsp;&amp;nbsp;}&lt;/span&gt;&lt;/code&gt;&lt;/li&gt;&lt;/ol&gt;    &lt;/div&gt;            &lt;/div&gt;
                        &lt;div class="trace-line "&gt;
                &lt;div class="trace-line-header break-long-words sf-toggle" data-toggle-selector="#trace-html-2-5" data-toggle-initial=""&gt;
            &lt;span class="icon icon-close"&gt;&lt;svg width="1792" height="1792" viewBox="0 0 1792 1792" xmlns="http://www.w3.org/2000/svg"&gt;&lt;path d="M1408 960V832q0-26-19-45t-45-19H448q-26 0-45 19t-19 45v128q0 26 19 45t45 19h896q26 0 45-19t19-45zm256-544v960q0 119-84.5 203.5T1376 1664H416q-119 0-203.5-84.5T128 1376V416q0-119 84.5-203.5T416 128h960q119 0 203.5 84.5T1664 416z"/&gt;&lt;/svg&gt;&lt;/span&gt;
        &lt;span class="icon icon-open"&gt;&lt;svg width="1792" height="1792" viewBox="0 0 1792 1792" xmlns="http://www.w3.org/2000/svg"&gt;&lt;path d="M1408 960V832q0-26-19-45t-45-19h-320V448q0-26-19-45t-45-19H832q-26 0-45 19t-19 45v320H448q-26 0-45 19t-19 45v128q0 26 19 45t45 19h320v320q0 26 19 45t45 19h128q26 0 45-19t19-45v-320h320q26 0 45-19t19-45zm256-544v960q0 119-84.5 203.5T1376 1664H416q-119 0-203.5-84.5T128 1376V416q0-119 84.5-203.5T416 128h960q119 0 203.5 84.5T1664 416z"/&gt;&lt;/svg&gt;&lt;/span&gt;
    
            &lt;span class="trace-class"&gt;&lt;abbr title="Symfony\Component\EventDispatcher\Debug\WrappedListener"&gt;WrappedListener&lt;/abbr&gt;&lt;/span&gt;&lt;span class="trace-type"&gt;-&gt;&lt;/span&gt;&lt;span class="trace-method"&gt;__invoke&lt;/span&gt;&lt;span class="trace-arguments"&gt;(&lt;em&gt;object&lt;/em&gt;(&lt;abbr title="Symfony\Component\HttpKernel\Event\RequestEvent"&gt;RequestEvent&lt;/abbr&gt;), 'kernel.request', &lt;em&gt;object&lt;/em&gt;(&lt;abbr title="Symfony\Component\HttpKernel\Debug\TraceableEventDispatcher"&gt;TraceableEventDispatcher&lt;/abbr&gt;))&lt;/span&gt;    
                    &lt;span class="block trace-file-path"&gt;
            in
            &lt;a href="file://C:\Users\sliti\Desktop\dev\esprit-PIDEV-3A16-2526-FARMIA\vendor\symfony\event-dispatcher\EventDispatcher.php#L220"&gt;
                C:\Users\sliti\Desktop\dev\esprit-PIDEV-3A16-2526-FARMIA\vendor\symfony\event-dispatcher\&lt;strong&gt;EventDispatcher.php&lt;/strong&gt;
            &lt;/a&gt;
                        (line 220)
            &lt;span class="icon icon-copy hidden" data-clipboard-text="C:\Users\sliti\Desktop\dev\esprit-PIDEV-3A16-2526-FARMIA\vendor\symfony\event-dispatcher\EventDispatcher.php:220"&gt;
                &lt;svg xmlns="http://www.w3.org/2000/svg" height="24" viewBox="0 0 24 24" width="24"&gt;&lt;path d="M0 0h24v24H0z" fill="none"/&gt;&lt;path d="M16 1H4c-1.1 0-2 .9-2 2v14h2V3h12V1zm3 4H8c-1.1 0-2 .9-2 2v14c0 1.1.9 2 2 2h11c1.1 0 2-.9 2-2V7c0-1.1-.9-2-2-2zm0 16H8V7h11v14z"/&gt;&lt;/svg&gt;            &lt;/span&gt;
        &lt;/span&gt;
    &lt;/div&gt;
    &lt;div id="trace-html-2-5" class="trace-code sf-toggle-content"&gt;
        &lt;ol start="215"&gt;&lt;li&gt;&lt;code&gt;&lt;span style="color: var(--highlight-keyword)"&gt;&lt;/span&gt;&lt;/code&gt;&lt;/li&gt;
&lt;li&gt;&lt;code&gt;&lt;span style="color: var(--highlight-keyword)"&gt;&amp;nbsp;&amp;nbsp;&amp;nbsp;&amp;nbsp;&amp;nbsp;&amp;nbsp;&amp;nbsp;&amp;nbsp;foreach&amp;nbsp;(&lt;/span&gt;&lt;span style="color: var(--highlight-default)"&gt;$listeners&amp;nbsp;&lt;/span&gt;&lt;span style="color: var(--highlight-keyword)"&gt;as&amp;nbsp;&lt;/span&gt;&lt;span style="color: var(--highlight-default)"&gt;$listener&lt;/span&gt;&lt;span style="color: var(--highlight-keyword)"&gt;)&amp;nbsp;{&lt;/span&gt;&lt;/code&gt;&lt;/li&gt;
&lt;li&gt;&lt;code&gt;&lt;span style="color: var(--highlight-keyword)"&gt;&amp;nbsp;&amp;nbsp;&amp;nbsp;&amp;nbsp;&amp;nbsp;&amp;nbsp;&amp;nbsp;&amp;nbsp;&amp;nbsp;&amp;nbsp;&amp;nbsp;&amp;nbsp;if&amp;nbsp;(&lt;/span&gt;&lt;span style="color: var(--highlight-default)"&gt;$stoppable&amp;nbsp;&lt;/span&gt;&lt;span style="color: var(--highlight-keyword)"&gt;&amp;amp;&amp;amp;&amp;nbsp;&lt;/span&gt;&lt;span style="color: var(--highlight-default)"&gt;$event&lt;/span&gt;&lt;span style="color: var(--highlight-keyword)"&gt;-&amp;gt;&lt;/span&gt;&lt;span style="color: var(--highlight-default)"&gt;isPropagationStopped&lt;/span&gt;&lt;span style="color: var(--highlight-keyword)"&gt;())&amp;nbsp;{&lt;/span&gt;&lt;/code&gt;&lt;/li&gt;
&lt;li&gt;&lt;code&gt;&lt;span style="color: var(--highlight-keyword)"&gt;&amp;nbsp;&amp;nbsp;&amp;nbsp;&amp;nbsp;&amp;nbsp;&amp;nbsp;&amp;nbsp;&amp;nbsp;&amp;nbsp;&amp;nbsp;&amp;nbsp;&amp;nbsp;&amp;nbsp;&amp;nbsp;&amp;nbsp;&amp;nbsp;break;&lt;/span&gt;&lt;/code&gt;&lt;/li&gt;
&lt;li&gt;&lt;code&gt;&lt;span style="color: var(--highlight-keyword)"&gt;&amp;nbsp;&amp;nbsp;&amp;nbsp;&amp;nbsp;&amp;nbsp;&amp;nbsp;&amp;nbsp;&amp;nbsp;&amp;nbsp;&amp;nbsp;&amp;nbsp;&amp;nbsp;}&lt;/span&gt;&lt;/code&gt;&lt;/li&gt;
&lt;li class="selected"&gt;&lt;code&gt;&lt;span style="color: var(--highlight-keyword)"&gt;&amp;nbsp;&amp;nbsp;&amp;nbsp;&amp;nbsp;&amp;nbsp;&amp;nbsp;&amp;nbsp;&amp;nbsp;&amp;nbsp;&amp;nbsp;&amp;nbsp;&amp;nbsp;&lt;/span&gt;&lt;span style="color: var(--highlight-default)"&gt;$listener&lt;/span&gt;&lt;span style="color: var(--highlight-keyword)"&gt;(&lt;/span&gt;&lt;span style="color: var(--highlight-default)"&gt;$event&lt;/span&gt;&lt;span style="color: var(--highlight-keyword)"&gt;,&amp;nbsp;&lt;/span&gt;&lt;span style="color: var(--highlight-default)"&gt;$eventName&lt;/span&gt;&lt;span style="color: var(--highlight-keyword)"&gt;,&amp;nbsp;&lt;/span&gt;&lt;span style="color: var(--highlight-default)"&gt;$this&lt;/span&gt;&lt;span style="color: var(--highlight-keyword)"&gt;);&lt;/span&gt;&lt;/code&gt;&lt;/li&gt;
&lt;li&gt;&lt;code&gt;&lt;span style="color: var(--highlight-keyword)"&gt;&amp;nbsp;&amp;nbsp;&amp;nbsp;&amp;nbsp;&amp;nbsp;&amp;nbsp;&amp;nbsp;&amp;nbsp;}&lt;/span&gt;&lt;/code&gt;&lt;/li&gt;
&lt;li&gt;&lt;code&gt;&lt;span style="color: var(--highlight-keyword)"&gt;&amp;nbsp;&amp;nbsp;&amp;nbsp;&amp;nbsp;}&lt;/span&gt;&lt;/code&gt;&lt;/li&gt;
&lt;li&gt;&lt;code&gt;&lt;span style="color: var(--highlight-keyword)"&gt;&lt;/span&gt;&lt;/code&gt;&lt;/li&gt;
&lt;li&gt;&lt;code&gt;&lt;span style="color: var(--highlight-keyword)"&gt;&amp;nbsp;&amp;nbsp;&amp;nbsp;&amp;nbsp;&lt;/span&gt;&lt;span style="color: var(--highlight-comment)"&gt;/**&lt;/span&gt;&lt;/code&gt;&lt;/li&gt;
&lt;li&gt;&lt;code&gt;&lt;span style="color: var(--highlight-comment)"&gt;&amp;nbsp;&amp;nbsp;&amp;nbsp;&amp;nbsp;&amp;nbsp;*&amp;nbsp;Sorts&amp;nbsp;the&amp;nbsp;internal&amp;nbsp;list&amp;nbsp;of&amp;nbsp;listeners&amp;nbsp;for&amp;nbsp;the&amp;nbsp;given&amp;nbsp;event&amp;nbsp;by&amp;nbsp;priority.&lt;/span&gt;&lt;/code&gt;&lt;/li&gt;&lt;/ol&gt;    &lt;/div&gt;            &lt;/div&gt;
                        &lt;div class="trace-line "&gt;
                &lt;div class="trace-line-header break-long-words sf-toggle" data-toggle-selector="#trace-html-2-6" data-toggle-initial=""&gt;
            &lt;span class="icon icon-close"&gt;&lt;svg width="1792" height="1792" viewBox="0 0 1792 1792" xmlns="http://www.w3.org/2000/svg"&gt;&lt;path d="M1408 960V832q0-26-19-45t-45-19H448q-26 0-45 19t-19 45v128q0 26 19 45t45 19h896q26 0 45-19t19-45zm256-544v960q0 119-84.5 203.5T1376 1664H416q-119 0-203.5-84.5T128 1376V416q0-119 84.5-203.5T416 128h960q119 0 203.5 84.5T1664 416z"/&gt;&lt;/svg&gt;&lt;/span&gt;
        &lt;span class="icon icon-open"&gt;&lt;svg width="1792" height="1792" viewBox="0 0 1792 1792" xmlns="http://www.w3.org/2000/svg"&gt;&lt;path d="M1408 960V832q0-26-19-45t-45-19h-320V448q0-26-19-45t-45-19H832q-26 0-45 19t-19 45v320H448q-26 0-45 19t-19 45v128q0 26 19 45t45 19h320v320q0 26 19 45t45 19h128q26 0 45-19t19-45v-320h320q26 0 45-19t19-45zm256-544v960q0 119-84.5 203.5T1376 1664H416q-119 0-203.5-84.5T128 1376V416q0-119 84.5-203.5T416 128h960q119 0 203.5 84.5T1664 416z"/&gt;&lt;/svg&gt;&lt;/span&gt;
    
            &lt;span class="trace-class"&gt;&lt;abbr title="Symfony\Component\EventDispatcher\EventDispatcher"&gt;EventDispatcher&lt;/abbr&gt;&lt;/span&gt;&lt;span class="trace-type"&gt;-&gt;&lt;/span&gt;&lt;span class="trace-method"&gt;callListeners&lt;/span&gt;&lt;span class="trace-arguments"&gt;(&lt;em&gt;array&lt;/em&gt;(&lt;em&gt;object&lt;/em&gt;(&lt;abbr title="Symfony\Component\EventDispatcher\Debug\WrappedListener"&gt;WrappedListener&lt;/abbr&gt;), &lt;em&gt;object&lt;/em&gt;(&lt;abbr title="Symfony\Component\EventDispatcher\Debug\WrappedListener"&gt;WrappedListener&lt;/abbr&gt;), &lt;em&gt;object&lt;/em&gt;(&lt;abbr title="Symfony\Component\EventDispatcher\Debug\WrappedListener"&gt;WrappedListener&lt;/abbr&gt;), &lt;em&gt;object&lt;/em&gt;(&lt;abbr title="Symfony\Component\EventDispatcher\Debug\WrappedListener"&gt;WrappedListener&lt;/abbr&gt;), &lt;em&gt;object&lt;/em&gt;(&lt;abbr title="Symfony\Component\EventDispatcher\Debug\WrappedListener"&gt;WrappedListener&lt;/abbr&gt;), &lt;em&gt;object&lt;/em&gt;(&lt;abbr title="Symfony\Component\EventDispatcher\Debug\WrappedListener"&gt;WrappedListener&lt;/abbr&gt;), &lt;em&gt;object&lt;/em&gt;(&lt;abbr title="Symfony\Component\EventDispatcher\Debug\WrappedListener"&gt;WrappedListener&lt;/abbr&gt;), &lt;em&gt;object&lt;/em&gt;(&lt;abbr title="Symfony\Component\EventDispatcher\Debug\WrappedListener"&gt;WrappedListener&lt;/abbr&gt;), &lt;em&gt;object&lt;/em&gt;(&lt;abbr title="Symfony\Component\EventDispatcher\Debug\WrappedListener"&gt;WrappedListener&lt;/abbr&gt;), &lt;em&gt;object&lt;/em&gt;(&lt;abbr title="Symfony\Component\EventDispatcher\Debug\WrappedListener"&gt;WrappedListener&lt;/abbr&gt;), &lt;em&gt;object&lt;/em&gt;(&lt;abbr title="Symfony\Component\EventDispatcher\Debug\WrappedListener"&gt;WrappedListener&lt;/abbr&gt;)), 'kernel.request', &lt;em&gt;object&lt;/em&gt;(&lt;abbr title="Symfony\Component\HttpKernel\Event\RequestEvent"&gt;RequestEvent&lt;/abbr&gt;))&lt;/span&gt;    
                    &lt;span class="block trace-file-path"&gt;
            in
            &lt;a href="file://C:\Users\sliti\Desktop\dev\esprit-PIDEV-3A16-2526-FARMIA\vendor\symfony\event-dispatcher\EventDispatcher.php#L56"&gt;
                C:\Users\sliti\Desktop\dev\esprit-PIDEV-3A16-2526-FARMIA\vendor\symfony\event-dispatcher\&lt;strong&gt;EventDispatcher.php&lt;/strong&gt;
            &lt;/a&gt;
                        (line 56)
            &lt;span class="icon icon-copy hidden" data-clipboard-text="C:\Users\sliti\Desktop\dev\esprit-PIDEV-3A16-2526-FARMIA\vendor\symfony\event-dispatcher\EventDispatcher.php:56"&gt;
                &lt;svg xmlns="http://www.w3.org/2000/svg" height="24" viewBox="0 0 24 24" width="24"&gt;&lt;path d="M0 0h24v24H0z" fill="none"/&gt;&lt;path d="M16 1H4c-1.1 0-2 .9-2 2v14h2V3h12V1zm3 4H8c-1.1 0-2 .9-2 2v14c0 1.1.9 2 2 2h11c1.1 0 2-.9 2-2V7c0-1.1-.9-2-2-2zm0 16H8V7h11v14z"/&gt;&lt;/svg&gt;            &lt;/span&gt;
        &lt;/span&gt;
    &lt;/div&gt;
    &lt;div id="trace-html-2-6" class="trace-code sf-toggle-content"&gt;
        &lt;ol start="51"&gt;&lt;li&gt;&lt;code&gt;&lt;span style="color: var(--highlight-keyword)"&gt;&amp;nbsp;&amp;nbsp;&amp;nbsp;&amp;nbsp;&amp;nbsp;&amp;nbsp;&amp;nbsp;&amp;nbsp;}&amp;nbsp;else&amp;nbsp;{&lt;/span&gt;&lt;/code&gt;&lt;/li&gt;
&lt;li&gt;&lt;code&gt;&lt;span style="color: var(--highlight-keyword)"&gt;&amp;nbsp;&amp;nbsp;&amp;nbsp;&amp;nbsp;&amp;nbsp;&amp;nbsp;&amp;nbsp;&amp;nbsp;&amp;nbsp;&amp;nbsp;&amp;nbsp;&amp;nbsp;&lt;/span&gt;&lt;span style="color: var(--highlight-default)"&gt;$listeners&amp;nbsp;&lt;/span&gt;&lt;span style="color: var(--highlight-keyword)"&gt;=&amp;nbsp;&lt;/span&gt;&lt;span style="color: var(--highlight-default)"&gt;$this&lt;/span&gt;&lt;span style="color: var(--highlight-keyword)"&gt;-&amp;gt;&lt;/span&gt;&lt;span style="color: var(--highlight-default)"&gt;getListeners&lt;/span&gt;&lt;span style="color: var(--highlight-keyword)"&gt;(&lt;/span&gt;&lt;span style="color: var(--highlight-default)"&gt;$eventName&lt;/span&gt;&lt;span style="color: var(--highlight-keyword)"&gt;);&lt;/span&gt;&lt;/code&gt;&lt;/li&gt;
&lt;li&gt;&lt;code&gt;&lt;span style="color: var(--highlight-keyword)"&gt;&amp;nbsp;&amp;nbsp;&amp;nbsp;&amp;nbsp;&amp;nbsp;&amp;nbsp;&amp;nbsp;&amp;nbsp;}&lt;/span&gt;&lt;/code&gt;&lt;/li&gt;
&lt;li&gt;&lt;code&gt;&lt;span style="color: var(--highlight-keyword)"&gt;&lt;/span&gt;&lt;/code&gt;&lt;/li&gt;
&lt;li&gt;&lt;code&gt;&lt;span style="color: var(--highlight-keyword)"&gt;&amp;nbsp;&amp;nbsp;&amp;nbsp;&amp;nbsp;&amp;nbsp;&amp;nbsp;&amp;nbsp;&amp;nbsp;if&amp;nbsp;(&lt;/span&gt;&lt;span style="color: var(--highlight-default)"&gt;$listeners&lt;/span&gt;&lt;span style="color: var(--highlight-keyword)"&gt;)&amp;nbsp;{&lt;/span&gt;&lt;/code&gt;&lt;/li&gt;
&lt;li class="selected"&gt;&lt;code&gt;&lt;span style="color: var(--highlight-keyword)"&gt;&amp;nbsp;&amp;nbsp;&amp;nbsp;&amp;nbsp;&amp;nbsp;&amp;nbsp;&amp;nbsp;&amp;nbsp;&amp;nbsp;&amp;nbsp;&amp;nbsp;&amp;nbsp;&lt;/span&gt;&lt;span style="color: var(--highlight-default)"&gt;$this&lt;/span&gt;&lt;span style="color: var(--highlight-keyword)"&gt;-&amp;gt;&lt;/span&gt;&lt;span style="color: var(--highlight-default)"&gt;callListeners&lt;/span&gt;&lt;span style="color: var(--highlight-keyword)"&gt;(&lt;/span&gt;&lt;span style="color: var(--highlight-default)"&gt;$listeners&lt;/span&gt;&lt;span style="color: var(--highlight-keyword)"&gt;,&amp;nbsp;&lt;/span&gt;&lt;span style="color: var(--highlight-default)"&gt;$eventName&lt;/span&gt;&lt;span style="color: var(--highlight-keyword)"&gt;,&amp;nbsp;&lt;/span&gt;&lt;span style="color: var(--highlight-default)"&gt;$event&lt;/span&gt;&lt;span style="color: var(--highlight-keyword)"&gt;);&lt;/span&gt;&lt;/code&gt;&lt;/li&gt;
&lt;li&gt;&lt;code&gt;&lt;span style="color: var(--highlight-keyword)"&gt;&amp;nbsp;&amp;nbsp;&amp;nbsp;&amp;nbsp;&amp;nbsp;&amp;nbsp;&amp;nbsp;&amp;nbsp;}&lt;/span&gt;&lt;/code&gt;&lt;/li&gt;
&lt;li&gt;&lt;code&gt;&lt;span style="color: var(--highlight-keyword)"&gt;&lt;/span&gt;&lt;/code&gt;&lt;/li&gt;
&lt;li&gt;&lt;code&gt;&lt;span style="color: var(--highlight-keyword)"&gt;&amp;nbsp;&amp;nbsp;&amp;nbsp;&amp;nbsp;&amp;nbsp;&amp;nbsp;&amp;nbsp;&amp;nbsp;return&amp;nbsp;&lt;/span&gt;&lt;span style="color: var(--highlight-default)"&gt;$event&lt;/span&gt;&lt;span style="color: var(--highlight-keyword)"&gt;;&lt;/span&gt;&lt;/code&gt;&lt;/li&gt;
&lt;li&gt;&lt;code&gt;&lt;span style="color: var(--highlight-keyword)"&gt;&amp;nbsp;&amp;nbsp;&amp;nbsp;&amp;nbsp;}&lt;/span&gt;&lt;/code&gt;&lt;/li&gt;
&lt;li&gt;&lt;code&gt;&lt;span style="color: var(--highlight-keyword)"&gt;&lt;/span&gt;&lt;/code&gt;&lt;/li&gt;&lt;/ol&gt;    &lt;/div&gt;            &lt;/div&gt;
                        &lt;div class="trace-line "&gt;
                &lt;div class="trace-line-header break-long-words sf-toggle" data-toggle-selector="#trace-html-2-7" data-toggle-initial=""&gt;
            &lt;span class="icon icon-close"&gt;&lt;svg width="1792" height="1792" viewBox="0 0 1792 1792" xmlns="http://www.w3.org/2000/svg"&gt;&lt;path d="M1408 960V832q0-26-19-45t-45-19H448q-26 0-45 19t-19 45v128q0 26 19 45t45 19h896q26 0 45-19t19-45zm256-544v960q0 119-84.5 203.5T1376 1664H416q-119 0-203.5-84.5T128 1376V416q0-119 84.5-203.5T416 128h960q119 0 203.5 84.5T1664 416z"/&gt;&lt;/svg&gt;&lt;/span&gt;
        &lt;span class="icon icon-open"&gt;&lt;svg width="1792" height="1792" viewBox="0 0 1792 1792" xmlns="http://www.w3.org/2000/svg"&gt;&lt;path d="M1408 960V832q0-26-19-45t-45-19h-320V448q0-26-19-45t-45-19H832q-26 0-45 19t-19 45v320H448q-26 0-45 19t-19 45v128q0 26 19 45t45 19h320v320q0 26 19 45t45 19h128q26 0 45-19t19-45v-320h320q26 0 45-19t19-45zm256-544v960q0 119-84.5 203.5T1376 1664H416q-119 0-203.5-84.5T128 1376V416q0-119 84.5-203.5T416 128h960q119 0 203.5 84.5T1664 416z"/&gt;&lt;/svg&gt;&lt;/span&gt;
    
            &lt;span class="trace-class"&gt;&lt;abbr title="Symfony\Component\EventDispatcher\EventDispatcher"&gt;EventDispatcher&lt;/abbr&gt;&lt;/span&gt;&lt;span class="trace-type"&gt;-&gt;&lt;/span&gt;&lt;span class="trace-method"&gt;dispatch&lt;/span&gt;&lt;span class="trace-arguments"&gt;(&lt;em&gt;object&lt;/em&gt;(&lt;abbr title="Symfony\Component\HttpKernel\Event\RequestEvent"&gt;RequestEvent&lt;/abbr&gt;), 'kernel.request')&lt;/span&gt;    
                    &lt;span class="block trace-file-path"&gt;
            in
            &lt;a href="file://C:\Users\sliti\Desktop\dev\esprit-PIDEV-3A16-2526-FARMIA\vendor\symfony\event-dispatcher\Debug\TraceableEventDispatcher.php#L139"&gt;
                C:\Users\sliti\Desktop\dev\esprit-PIDEV-3A16-2526-FARMIA\vendor\symfony\event-dispatcher\Debug\&lt;strong&gt;TraceableEventDispatcher.php&lt;/strong&gt;
            &lt;/a&gt;
                        (line 139)
            &lt;span class="icon icon-copy hidden" data-clipboard-text="C:\Users\sliti\Desktop\dev\esprit-PIDEV-3A16-2526-FARMIA\vendor\symfony\event-dispatcher\Debug\TraceableEventDispatcher.php:139"&gt;
                &lt;svg xmlns="http://www.w3.org/2000/svg" height="24" viewBox="0 0 24 24" width="24"&gt;&lt;path d="M0 0h24v24H0z" fill="none"/&gt;&lt;path d="M16 1H4c-1.1 0-2 .9-2 2v14h2V3h12V1zm3 4H8c-1.1 0-2 .9-2 2v14c0 1.1.9 2 2 2h11c1.1 0 2-.9 2-2V7c0-1.1-.9-2-2-2zm0 16H8V7h11v14z"/&gt;&lt;/svg&gt;            &lt;/span&gt;
        &lt;/span&gt;
    &lt;/div&gt;
    &lt;div id="trace-html-2-7" class="trace-code sf-toggle-content"&gt;
        &lt;ol start="134"&gt;&lt;li&gt;&lt;code&gt;&lt;span style="color: var(--highlight-keyword)"&gt;&amp;nbsp;&amp;nbsp;&amp;nbsp;&amp;nbsp;&amp;nbsp;&amp;nbsp;&amp;nbsp;&amp;nbsp;try&amp;nbsp;{&lt;/span&gt;&lt;/code&gt;&lt;/li&gt;
&lt;li&gt;&lt;code&gt;&lt;span style="color: var(--highlight-keyword)"&gt;&amp;nbsp;&amp;nbsp;&amp;nbsp;&amp;nbsp;&amp;nbsp;&amp;nbsp;&amp;nbsp;&amp;nbsp;&amp;nbsp;&amp;nbsp;&amp;nbsp;&amp;nbsp;&lt;/span&gt;&lt;span style="color: var(--highlight-default)"&gt;$this&lt;/span&gt;&lt;span style="color: var(--highlight-keyword)"&gt;-&amp;gt;&lt;/span&gt;&lt;span style="color: var(--highlight-default)"&gt;beforeDispatch&lt;/span&gt;&lt;span style="color: var(--highlight-keyword)"&gt;(&lt;/span&gt;&lt;span style="color: var(--highlight-default)"&gt;$eventName&lt;/span&gt;&lt;span style="color: var(--highlight-keyword)"&gt;,&amp;nbsp;&lt;/span&gt;&lt;span style="color: var(--highlight-default)"&gt;$event&lt;/span&gt;&lt;span style="color: var(--highlight-keyword)"&gt;);&lt;/span&gt;&lt;/code&gt;&lt;/li&gt;
&lt;li&gt;&lt;code&gt;&lt;span style="color: var(--highlight-keyword)"&gt;&amp;nbsp;&amp;nbsp;&amp;nbsp;&amp;nbsp;&amp;nbsp;&amp;nbsp;&amp;nbsp;&amp;nbsp;&amp;nbsp;&amp;nbsp;&amp;nbsp;&amp;nbsp;try&amp;nbsp;{&lt;/span&gt;&lt;/code&gt;&lt;/li&gt;
&lt;li&gt;&lt;code&gt;&lt;span style="color: var(--highlight-keyword)"&gt;&amp;nbsp;&amp;nbsp;&amp;nbsp;&amp;nbsp;&amp;nbsp;&amp;nbsp;&amp;nbsp;&amp;nbsp;&amp;nbsp;&amp;nbsp;&amp;nbsp;&amp;nbsp;&amp;nbsp;&amp;nbsp;&amp;nbsp;&amp;nbsp;&lt;/span&gt;&lt;span style="color: var(--highlight-default)"&gt;$e&amp;nbsp;&lt;/span&gt;&lt;span style="color: var(--highlight-keyword)"&gt;=&amp;nbsp;&lt;/span&gt;&lt;span style="color: var(--highlight-default)"&gt;$this&lt;/span&gt;&lt;span style="color: var(--highlight-keyword)"&gt;-&amp;gt;&lt;/span&gt;&lt;span style="color: var(--highlight-default)"&gt;stopwatch&lt;/span&gt;&lt;span style="color: var(--highlight-keyword)"&gt;-&amp;gt;&lt;/span&gt;&lt;span style="color: var(--highlight-default)"&gt;start&lt;/span&gt;&lt;span style="color: var(--highlight-keyword)"&gt;(&lt;/span&gt;&lt;span style="color: var(--highlight-default)"&gt;$eventName&lt;/span&gt;&lt;span style="color: var(--highlight-keyword)"&gt;,&amp;nbsp;&lt;/span&gt;&lt;span style="color: var(--highlight-string)"&gt;'section'&lt;/span&gt;&lt;span style="color: var(--highlight-keyword)"&gt;);&lt;/span&gt;&lt;/code&gt;&lt;/li&gt;
&lt;li&gt;&lt;code&gt;&lt;span style="color: var(--highlight-keyword)"&gt;&amp;nbsp;&amp;nbsp;&amp;nbsp;&amp;nbsp;&amp;nbsp;&amp;nbsp;&amp;nbsp;&amp;nbsp;&amp;nbsp;&amp;nbsp;&amp;nbsp;&amp;nbsp;&amp;nbsp;&amp;nbsp;&amp;nbsp;&amp;nbsp;try&amp;nbsp;{&lt;/span&gt;&lt;/code&gt;&lt;/li&gt;
&lt;li class="selected"&gt;&lt;code&gt;&lt;span style="color: var(--highlight-keyword)"&gt;&amp;nbsp;&amp;nbsp;&amp;nbsp;&amp;nbsp;&amp;nbsp;&amp;nbsp;&amp;nbsp;&amp;nbsp;&amp;nbsp;&amp;nbsp;&amp;nbsp;&amp;nbsp;&amp;nbsp;&amp;nbsp;&amp;nbsp;&amp;nbsp;&amp;nbsp;&amp;nbsp;&amp;nbsp;&amp;nbsp;&lt;/span&gt;&lt;span style="color: var(--highlight-default)"&gt;$this&lt;/span&gt;&lt;span style="color: var(--highlight-keyword)"&gt;-&amp;gt;&lt;/span&gt;&lt;span style="color: var(--highlight-default)"&gt;dispatcher&lt;/span&gt;&lt;span style="color: var(--highlight-keyword)"&gt;-&amp;gt;&lt;/span&gt;&lt;span style="color: var(--highlight-default)"&gt;dispatch&lt;/span&gt;&lt;span style="color: var(--highlight-keyword)"&gt;(&lt;/span&gt;&lt;span style="color: var(--highlight-default)"&gt;$event&lt;/span&gt;&lt;span style="color: var(--highlight-keyword)"&gt;,&amp;nbsp;&lt;/span&gt;&lt;span style="color: var(--highlight-default)"&gt;$eventName&lt;/span&gt;&lt;span style="color: var(--highlight-keyword)"&gt;);&lt;/span&gt;&lt;/code&gt;&lt;/li&gt;
&lt;li&gt;&lt;code&gt;&lt;span style="color: var(--highlight-keyword)"&gt;&amp;nbsp;&amp;nbsp;&amp;nbsp;&amp;nbsp;&amp;nbsp;&amp;nbsp;&amp;nbsp;&amp;nbsp;&amp;nbsp;&amp;nbsp;&amp;nbsp;&amp;nbsp;&amp;nbsp;&amp;nbsp;&amp;nbsp;&amp;nbsp;}&amp;nbsp;finally&amp;nbsp;{&lt;/span&gt;&lt;/code&gt;&lt;/li&gt;
&lt;li&gt;&lt;code&gt;&lt;span style="color: var(--highlight-keyword)"&gt;&amp;nbsp;&amp;nbsp;&amp;nbsp;&amp;nbsp;&amp;nbsp;&amp;nbsp;&amp;nbsp;&amp;nbsp;&amp;nbsp;&amp;nbsp;&amp;nbsp;&amp;nbsp;&amp;nbsp;&amp;nbsp;&amp;nbsp;&amp;nbsp;&amp;nbsp;&amp;nbsp;&amp;nbsp;&amp;nbsp;if&amp;nbsp;(&lt;/span&gt;&lt;span style="color: var(--highlight-default)"&gt;$e&lt;/span&gt;&lt;span style="color: var(--highlight-keyword)"&gt;-&amp;gt;&lt;/span&gt;&lt;span style="color: var(--highlight-default)"&gt;isStarted&lt;/span&gt;&lt;span style="color: var(--highlight-keyword)"&gt;())&amp;nbsp;{&lt;/span&gt;&lt;/code&gt;&lt;/li&gt;
&lt;li&gt;&lt;code&gt;&lt;span style="color: var(--highlight-keyword)"&gt;&amp;nbsp;&amp;nbsp;&amp;nbsp;&amp;nbsp;&amp;nbsp;&amp;nbsp;&amp;nbsp;&amp;nbsp;&amp;nbsp;&amp;nbsp;&amp;nbsp;&amp;nbsp;&amp;nbsp;&amp;nbsp;&amp;nbsp;&amp;nbsp;&amp;nbsp;&amp;nbsp;&amp;nbsp;&amp;nbsp;&amp;nbsp;&amp;nbsp;&amp;nbsp;&amp;nbsp;&lt;/span&gt;&lt;span style="color: var(--highlight-default)"&gt;$e&lt;/span&gt;&lt;span style="color: var(--highlight-keyword)"&gt;-&amp;gt;&lt;/span&gt;&lt;span style="color: var(--highlight-default)"&gt;stop&lt;/span&gt;&lt;span style="color: var(--highlight-keyword)"&gt;();&lt;/span&gt;&lt;/code&gt;&lt;/li&gt;
&lt;li&gt;&lt;code&gt;&lt;span style="color: var(--highlight-keyword)"&gt;&amp;nbsp;&amp;nbsp;&amp;nbsp;&amp;nbsp;&amp;nbsp;&amp;nbsp;&amp;nbsp;&amp;nbsp;&amp;nbsp;&amp;nbsp;&amp;nbsp;&amp;nbsp;&amp;nbsp;&amp;nbsp;&amp;nbsp;&amp;nbsp;&amp;nbsp;&amp;nbsp;&amp;nbsp;&amp;nbsp;}&lt;/span&gt;&lt;/code&gt;&lt;/li&gt;
&lt;li&gt;&lt;code&gt;&lt;span style="color: var(--highlight-keyword)"&gt;&amp;nbsp;&amp;nbsp;&amp;nbsp;&amp;nbsp;&amp;nbsp;&amp;nbsp;&amp;nbsp;&amp;nbsp;&amp;nbsp;&amp;nbsp;&amp;nbsp;&amp;nbsp;&amp;nbsp;&amp;nbsp;&amp;nbsp;&amp;nbsp;}&lt;/span&gt;&lt;/code&gt;&lt;/li&gt;&lt;/ol&gt;    &lt;/div&gt;            &lt;/div&gt;
                        &lt;div class="trace-line "&gt;
                &lt;div class="trace-line-header break-long-words sf-toggle" data-toggle-selector="#trace-html-2-8" data-toggle-initial=""&gt;
            &lt;span class="icon icon-close"&gt;&lt;svg width="1792" height="1792" viewBox="0 0 1792 1792" xmlns="http://www.w3.org/2000/svg"&gt;&lt;path d="M1408 960V832q0-26-19-45t-45-19H448q-26 0-45 19t-19 45v128q0 26 19 45t45 19h896q26 0 45-19t19-45zm256-544v960q0 119-84.5 203.5T1376 1664H416q-119 0-203.5-84.5T128 1376V416q0-119 84.5-203.5T416 128h960q119 0 203.5 84.5T1664 416z"/&gt;&lt;/svg&gt;&lt;/span&gt;
        &lt;span class="icon icon-open"&gt;&lt;svg width="1792" height="1792" viewBox="0 0 1792 1792" xmlns="http://www.w3.org/2000/svg"&gt;&lt;path d="M1408 960V832q0-26-19-45t-45-19h-320V448q0-26-19-45t-45-19H832q-26 0-45 19t-19 45v320H448q-26 0-45 19t-19 45v128q0 26 19 45t45 19h320v320q0 26 19 45t45 19h128q26 0 45-19t19-45v-320h320q26 0 45-19t19-45zm256-544v960q0 119-84.5 203.5T1376 1664H416q-119 0-203.5-84.5T128 1376V416q0-119 84.5-203.5T416 128h960q119 0 203.5 84.5T1664 416z"/&gt;&lt;/svg&gt;&lt;/span&gt;
    
            &lt;span class="trace-class"&gt;&lt;abbr title="Symfony\Component\EventDispatcher\Debug\TraceableEventDispatcher"&gt;TraceableEventDispatcher&lt;/abbr&gt;&lt;/span&gt;&lt;span class="trace-type"&gt;-&gt;&lt;/span&gt;&lt;span class="trace-method"&gt;dispatch&lt;/span&gt;&lt;span class="trace-arguments"&gt;(&lt;em&gt;object&lt;/em&gt;(&lt;abbr title="Symfony\Component\HttpKernel\Event\RequestEvent"&gt;RequestEvent&lt;/abbr&gt;), 'kernel.request')&lt;/span&gt;    
                    &lt;span class="block trace-file-path"&gt;
            in
            &lt;a href="file://C:\Users\sliti\Desktop\dev\esprit-PIDEV-3A16-2526-FARMIA\vendor\symfony\http-kernel\HttpKernel.php#L157"&gt;
                C:\Users\sliti\Desktop\dev\esprit-PIDEV-3A16-2526-FARMIA\vendor\symfony\http-kernel\&lt;strong&gt;HttpKernel.php&lt;/strong&gt;
            &lt;/a&gt;
                        (line 157)
            &lt;span class="icon icon-copy hidden" data-clipboard-text="C:\Users\sliti\Desktop\dev\esprit-PIDEV-3A16-2526-FARMIA\vendor\symfony\http-kernel\HttpKernel.php:157"&gt;
                &lt;svg xmlns="http://www.w3.org/2000/svg" height="24" viewBox="0 0 24 24" width="24"&gt;&lt;path d="M0 0h24v24H0z" fill="none"/&gt;&lt;path d="M16 1H4c-1.1 0-2 .9-2 2v14h2V3h12V1zm3 4H8c-1.1 0-2 .9-2 2v14c0 1.1.9 2 2 2h11c1.1 0 2-.9 2-2V7c0-1.1-.9-2-2-2zm0 16H8V7h11v14z"/&gt;&lt;/svg&gt;            &lt;/span&gt;
        &lt;/span&gt;
    &lt;/div&gt;
    &lt;div id="trace-html-2-8" class="trace-code sf-toggle-content"&gt;
        &lt;ol start="152"&gt;&lt;li&gt;&lt;code&gt;&lt;span style="color: var(--highlight-comment)"&gt;&amp;nbsp;&amp;nbsp;&amp;nbsp;&amp;nbsp;&amp;nbsp;*/&lt;/span&gt;&lt;/code&gt;&lt;/li&gt;
&lt;li&gt;&lt;code&gt;&lt;span style="color: var(--highlight-comment)"&gt;&amp;nbsp;&amp;nbsp;&amp;nbsp;&amp;nbsp;&lt;/span&gt;&lt;span style="color: var(--highlight-keyword)"&gt;private&amp;nbsp;function&amp;nbsp;&lt;/span&gt;&lt;span style="color: var(--highlight-default)"&gt;handleRaw&lt;/span&gt;&lt;span style="color: var(--highlight-keyword)"&gt;(&lt;/span&gt;&lt;span style="color: var(--highlight-default)"&gt;Request&amp;nbsp;$request&lt;/span&gt;&lt;span style="color: var(--highlight-keyword)"&gt;,&amp;nbsp;&lt;/span&gt;&lt;span style="color: var(--highlight-default)"&gt;int&amp;nbsp;$type&amp;nbsp;&lt;/span&gt;&lt;span style="color: var(--highlight-keyword)"&gt;=&amp;nbsp;&lt;/span&gt;&lt;span style="color: var(--highlight-default)"&gt;self&lt;/span&gt;&lt;span style="color: var(--highlight-keyword)"&gt;::&lt;/span&gt;&lt;span style="color: var(--highlight-default)"&gt;MAIN_REQUEST&lt;/span&gt;&lt;span style="color: var(--highlight-keyword)"&gt;):&amp;nbsp;&lt;/span&gt;&lt;span style="color: var(--highlight-default)"&gt;Response&lt;/span&gt;&lt;/code&gt;&lt;/li&gt;
&lt;li&gt;&lt;code&gt;&lt;span style="color: var(--highlight-default)"&gt;&amp;nbsp;&amp;nbsp;&amp;nbsp;&amp;nbsp;&lt;/span&gt;&lt;span style="color: var(--highlight-keyword)"&gt;{&lt;/span&gt;&lt;/code&gt;&lt;/li&gt;
&lt;li&gt;&lt;code&gt;&lt;span style="color: var(--highlight-keyword)"&gt;&amp;nbsp;&amp;nbsp;&amp;nbsp;&amp;nbsp;&amp;nbsp;&amp;nbsp;&amp;nbsp;&amp;nbsp;&lt;/span&gt;&lt;span style="color: var(--highlight-comment)"&gt;//&amp;nbsp;request&lt;/span&gt;&lt;/code&gt;&lt;/li&gt;
&lt;li&gt;&lt;code&gt;&lt;span style="color: var(--highlight-comment)"&gt;&amp;nbsp;&amp;nbsp;&amp;nbsp;&amp;nbsp;&amp;nbsp;&amp;nbsp;&amp;nbsp;&amp;nbsp;&lt;/span&gt;&lt;span style="color: var(--highlight-default)"&gt;$event&amp;nbsp;&lt;/span&gt;&lt;span style="color: var(--highlight-keyword)"&gt;=&amp;nbsp;new&amp;nbsp;&lt;/span&gt;&lt;span style="color: var(--highlight-default)"&gt;RequestEvent&lt;/span&gt;&lt;span style="color: var(--highlight-keyword)"&gt;(&lt;/span&gt;&lt;span style="color: var(--highlight-default)"&gt;$this&lt;/span&gt;&lt;span style="color: var(--highlight-keyword)"&gt;,&amp;nbsp;&lt;/span&gt;&lt;span style="color: var(--highlight-default)"&gt;$request&lt;/span&gt;&lt;span style="color: var(--highlight-keyword)"&gt;,&amp;nbsp;&lt;/span&gt;&lt;span style="color: var(--highlight-default)"&gt;$type&lt;/span&gt;&lt;span style="color: var(--highlight-keyword)"&gt;);&lt;/span&gt;&lt;/code&gt;&lt;/li&gt;
&lt;li class="selected"&gt;&lt;code&gt;&lt;span style="color: var(--highlight-keyword)"&gt;&amp;nbsp;&amp;nbsp;&amp;nbsp;&amp;nbsp;&amp;nbsp;&amp;nbsp;&amp;nbsp;&amp;nbsp;&lt;/span&gt;&lt;span style="color: var(--highlight-default)"&gt;$this&lt;/span&gt;&lt;span style="color: var(--highlight-keyword)"&gt;-&amp;gt;&lt;/span&gt;&lt;span style="color: var(--highlight-default)"&gt;dispatcher&lt;/span&gt;&lt;span style="color: var(--highlight-keyword)"&gt;-&amp;gt;&lt;/span&gt;&lt;span style="color: var(--highlight-default)"&gt;dispatch&lt;/span&gt;&lt;span style="color: var(--highlight-keyword)"&gt;(&lt;/span&gt;&lt;span style="color: var(--highlight-default)"&gt;$event&lt;/span&gt;&lt;span style="color: var(--highlight-keyword)"&gt;,&amp;nbsp;&lt;/span&gt;&lt;span style="color: var(--highlight-default)"&gt;KernelEvents&lt;/span&gt;&lt;span style="color: var(--highlight-keyword)"&gt;::&lt;/span&gt;&lt;span style="color: var(--highlight-default)"&gt;REQUEST&lt;/span&gt;&lt;span style="color: var(--highlight-keyword)"&gt;);&lt;/span&gt;&lt;/code&gt;&lt;/li&gt;
&lt;li&gt;&lt;code&gt;&lt;span style="color: var(--highlight-keyword)"&gt;&lt;/span&gt;&lt;/code&gt;&lt;/li&gt;
&lt;li&gt;&lt;code&gt;&lt;span style="color: var(--highlight-keyword)"&gt;&amp;nbsp;&amp;nbsp;&amp;nbsp;&amp;nbsp;&amp;nbsp;&amp;nbsp;&amp;nbsp;&amp;nbsp;if&amp;nbsp;(&lt;/span&gt;&lt;span style="color: var(--highlight-default)"&gt;$event&lt;/span&gt;&lt;span style="color: var(--highlight-keyword)"&gt;-&amp;gt;&lt;/span&gt;&lt;span style="color: var(--highlight-default)"&gt;hasResponse&lt;/span&gt;&lt;span style="color: var(--highlight-keyword)"&gt;())&amp;nbsp;{&lt;/span&gt;&lt;/code&gt;&lt;/li&gt;
&lt;li&gt;&lt;code&gt;&lt;span style="color: var(--highlight-keyword)"&gt;&amp;nbsp;&amp;nbsp;&amp;nbsp;&amp;nbsp;&amp;nbsp;&amp;nbsp;&amp;nbsp;&amp;nbsp;&amp;nbsp;&amp;nbsp;&amp;nbsp;&amp;nbsp;return&amp;nbsp;&lt;/span&gt;&lt;span style="color: var(--highlight-default)"&gt;$this&lt;/span&gt;&lt;span style="color: var(--highlight-keyword)"&gt;-&amp;gt;&lt;/span&gt;&lt;span style="color: var(--highlight-default)"&gt;filterResponse&lt;/span&gt;&lt;span style="color: var(--highlight-keyword)"&gt;(&lt;/span&gt;&lt;span style="color: var(--highlight-default)"&gt;$event&lt;/span&gt;&lt;span style="color: var(--highlight-keyword)"&gt;-&amp;gt;&lt;/span&gt;&lt;span style="color: var(--highlight-default)"&gt;getResponse&lt;/span&gt;&lt;span style="color: var(--highlight-keyword)"&gt;(),&amp;nbsp;&lt;/span&gt;&lt;span style="color: var(--highlight-default)"&gt;$request&lt;/span&gt;&lt;span style="color: var(--highlight-keyword)"&gt;,&amp;nbsp;&lt;/span&gt;&lt;span style="color: var(--highlight-default)"&gt;$type&lt;/span&gt;&lt;span style="color: var(--highlight-keyword)"&gt;);&lt;/span&gt;&lt;/code&gt;&lt;/li&gt;
&lt;li&gt;&lt;code&gt;&lt;span style="color: var(--highlight-keyword)"&gt;&amp;nbsp;&amp;nbsp;&amp;nbsp;&amp;nbsp;&amp;nbsp;&amp;nbsp;&amp;nbsp;&amp;nbsp;}&lt;/span&gt;&lt;/code&gt;&lt;/li&gt;
&lt;li&gt;&lt;code&gt;&lt;span style="color: var(--highlight-keyword)"&gt;&lt;/span&gt;&lt;/code&gt;&lt;/li&gt;&lt;/ol&gt;    &lt;/div&gt;            &lt;/div&gt;
                        &lt;div class="trace-line "&gt;
                &lt;div class="trace-line-header break-long-words sf-toggle" data-toggle-selector="#trace-html-2-9" data-toggle-initial=""&gt;
            &lt;span class="icon icon-close"&gt;&lt;svg width="1792" height="1792" viewBox="0 0 1792 1792" xmlns="http://www.w3.org/2000/svg"&gt;&lt;path d="M1408 960V832q0-26-19-45t-45-19H448q-26 0-45 19t-19 45v128q0 26 19 45t45 19h896q26 0 45-19t19-45zm256-544v960q0 119-84.5 203.5T1376 1664H416q-119 0-203.5-84.5T128 1376V416q0-119 84.5-203.5T416 128h960q119 0 203.5 84.5T1664 416z"/&gt;&lt;/svg&gt;&lt;/span&gt;
        &lt;span class="icon icon-open"&gt;&lt;svg width="1792" height="1792" viewBox="0 0 1792 1792" xmlns="http://www.w3.org/2000/svg"&gt;&lt;path d="M1408 960V832q0-26-19-45t-45-19h-320V448q0-26-19-45t-45-19H832q-26 0-45 19t-19 45v320H448q-26 0-45 19t-19 45v128q0 26 19 45t45 19h320v320q0 26 19 45t45 19h128q26 0 45-19t19-45v-320h320q26 0 45-19t19-45zm256-544v960q0 119-84.5 203.5T1376 1664H416q-119 0-203.5-84.5T128 1376V416q0-119 84.5-203.5T416 128h960q119 0 203.5 84.5T1664 416z"/&gt;&lt;/svg&gt;&lt;/span&gt;
    
            &lt;span class="trace-class"&gt;&lt;abbr title="Symfony\Component\HttpKernel\HttpKernel"&gt;HttpKernel&lt;/abbr&gt;&lt;/span&gt;&lt;span class="trace-type"&gt;-&gt;&lt;/span&gt;&lt;span class="trace-method"&gt;handleRaw&lt;/span&gt;&lt;span class="trace-arguments"&gt;(&lt;em&gt;object&lt;/em&gt;(&lt;abbr title="Symfony\Component\HttpFoundation\Request"&gt;Request&lt;/abbr&gt;), 1)&lt;/span&gt;    
                    &lt;span class="block trace-file-path"&gt;
            in
            &lt;a href="file://C:\Users\sliti\Desktop\dev\esprit-PIDEV-3A16-2526-FARMIA\vendor\symfony\http-kernel\HttpKernel.php#L76"&gt;
                C:\Users\sliti\Desktop\dev\esprit-PIDEV-3A16-2526-FARMIA\vendor\symfony\http-kernel\&lt;strong&gt;HttpKernel.php&lt;/strong&gt;
            &lt;/a&gt;
                        (line 76)
            &lt;span class="icon icon-copy hidden" data-clipboard-text="C:\Users\sliti\Desktop\dev\esprit-PIDEV-3A16-2526-FARMIA\vendor\symfony\http-kernel\HttpKernel.php:76"&gt;
                &lt;svg xmlns="http://www.w3.org/2000/svg" height="24" viewBox="0 0 24 24" width="24"&gt;&lt;path d="M0 0h24v24H0z" fill="none"/&gt;&lt;path d="M16 1H4c-1.1 0-2 .9-2 2v14h2V3h12V1zm3 4H8c-1.1 0-2 .9-2 2v14c0 1.1.9 2 2 2h11c1.1 0 2-.9 2-2V7c0-1.1-.9-2-2-2zm0 16H8V7h11v14z"/&gt;&lt;/svg&gt;            &lt;/span&gt;
        &lt;/span&gt;
    &lt;/div&gt;
    &lt;div id="trace-html-2-9" class="trace-code sf-toggle-content"&gt;
        &lt;ol start="71"&gt;&lt;li&gt;&lt;code&gt;&lt;span style="color: var(--highlight-keyword)"&gt;&amp;nbsp;&amp;nbsp;&amp;nbsp;&amp;nbsp;&amp;nbsp;&amp;nbsp;&amp;nbsp;&amp;nbsp;&lt;/span&gt;&lt;span style="color: var(--highlight-default)"&gt;$request&lt;/span&gt;&lt;span style="color: var(--highlight-keyword)"&gt;-&amp;gt;&lt;/span&gt;&lt;span style="color: var(--highlight-default)"&gt;headers&lt;/span&gt;&lt;span style="color: var(--highlight-keyword)"&gt;-&amp;gt;&lt;/span&gt;&lt;span style="color: var(--highlight-default)"&gt;set&lt;/span&gt;&lt;span style="color: var(--highlight-keyword)"&gt;(&lt;/span&gt;&lt;span style="color: var(--highlight-string)"&gt;'X-Php-Ob-Level'&lt;/span&gt;&lt;span style="color: var(--highlight-keyword)"&gt;,&amp;nbsp;(string)&amp;nbsp;&lt;/span&gt;&lt;span style="color: var(--highlight-default)"&gt;ob_get_level&lt;/span&gt;&lt;span style="color: var(--highlight-keyword)"&gt;());&lt;/span&gt;&lt;/code&gt;&lt;/li&gt;
&lt;li&gt;&lt;code&gt;&lt;span style="color: var(--highlight-keyword)"&gt;&lt;/span&gt;&lt;/code&gt;&lt;/li&gt;
&lt;li&gt;&lt;code&gt;&lt;span style="color: var(--highlight-keyword)"&gt;&amp;nbsp;&amp;nbsp;&amp;nbsp;&amp;nbsp;&amp;nbsp;&amp;nbsp;&amp;nbsp;&amp;nbsp;&lt;/span&gt;&lt;span style="color: var(--highlight-default)"&gt;$this&lt;/span&gt;&lt;span style="color: var(--highlight-keyword)"&gt;-&amp;gt;&lt;/span&gt;&lt;span style="color: var(--highlight-default)"&gt;requestStack&lt;/span&gt;&lt;span style="color: var(--highlight-keyword)"&gt;-&amp;gt;&lt;/span&gt;&lt;span style="color: var(--highlight-default)"&gt;push&lt;/span&gt;&lt;span style="color: var(--highlight-keyword)"&gt;(&lt;/span&gt;&lt;span style="color: var(--highlight-default)"&gt;$request&lt;/span&gt;&lt;span style="color: var(--highlight-keyword)"&gt;);&lt;/span&gt;&lt;/code&gt;&lt;/li&gt;
&lt;li&gt;&lt;code&gt;&lt;span style="color: var(--highlight-keyword)"&gt;&amp;nbsp;&amp;nbsp;&amp;nbsp;&amp;nbsp;&amp;nbsp;&amp;nbsp;&amp;nbsp;&amp;nbsp;&lt;/span&gt;&lt;span style="color: var(--highlight-default)"&gt;$response&amp;nbsp;&lt;/span&gt;&lt;span style="color: var(--highlight-keyword)"&gt;=&amp;nbsp;&lt;/span&gt;&lt;span style="color: var(--highlight-default)"&gt;null&lt;/span&gt;&lt;span style="color: var(--highlight-keyword)"&gt;;&lt;/span&gt;&lt;/code&gt;&lt;/li&gt;
&lt;li&gt;&lt;code&gt;&lt;span style="color: var(--highlight-keyword)"&gt;&amp;nbsp;&amp;nbsp;&amp;nbsp;&amp;nbsp;&amp;nbsp;&amp;nbsp;&amp;nbsp;&amp;nbsp;try&amp;nbsp;{&lt;/span&gt;&lt;/code&gt;&lt;/li&gt;
&lt;li class="selected"&gt;&lt;code&gt;&lt;span style="color: var(--highlight-keyword)"&gt;&amp;nbsp;&amp;nbsp;&amp;nbsp;&amp;nbsp;&amp;nbsp;&amp;nbsp;&amp;nbsp;&amp;nbsp;&amp;nbsp;&amp;nbsp;&amp;nbsp;&amp;nbsp;return&amp;nbsp;&lt;/span&gt;&lt;span style="color: var(--highlight-default)"&gt;$response&amp;nbsp;&lt;/span&gt;&lt;span style="color: var(--highlight-keyword)"&gt;=&amp;nbsp;&lt;/span&gt;&lt;span style="color: var(--highlight-default)"&gt;$this&lt;/span&gt;&lt;span style="color: var(--highlight-keyword)"&gt;-&amp;gt;&lt;/span&gt;&lt;span style="color: var(--highlight-default)"&gt;handleRaw&lt;/span&gt;&lt;span style="color: var(--highlight-keyword)"&gt;(&lt;/span&gt;&lt;span style="color: var(--highlight-default)"&gt;$request&lt;/span&gt;&lt;span style="color: var(--highlight-keyword)"&gt;,&amp;nbsp;&lt;/span&gt;&lt;span style="color: var(--highlight-default)"&gt;$type&lt;/span&gt;&lt;span style="color: var(--highlight-keyword)"&gt;);&lt;/span&gt;&lt;/code&gt;&lt;/li&gt;
&lt;li&gt;&lt;code&gt;&lt;span style="color: var(--highlight-keyword)"&gt;&amp;nbsp;&amp;nbsp;&amp;nbsp;&amp;nbsp;&amp;nbsp;&amp;nbsp;&amp;nbsp;&amp;nbsp;}&amp;nbsp;catch&amp;nbsp;(&lt;/span&gt;&lt;span style="color: var(--highlight-default)"&gt;\Throwable&amp;nbsp;$e&lt;/span&gt;&lt;span style="color: var(--highlight-keyword)"&gt;)&amp;nbsp;{&lt;/span&gt;&lt;/code&gt;&lt;/li&gt;
&lt;li&gt;&lt;code&gt;&lt;span style="color: var(--highlight-keyword)"&gt;&amp;nbsp;&amp;nbsp;&amp;nbsp;&amp;nbsp;&amp;nbsp;&amp;nbsp;&amp;nbsp;&amp;nbsp;&amp;nbsp;&amp;nbsp;&amp;nbsp;&amp;nbsp;if&amp;nbsp;(&lt;/span&gt;&lt;span style="color: var(--highlight-default)"&gt;$e&amp;nbsp;&lt;/span&gt;&lt;span style="color: var(--highlight-keyword)"&gt;instanceof&amp;nbsp;&lt;/span&gt;&lt;span style="color: var(--highlight-default)"&gt;\Error&amp;nbsp;&lt;/span&gt;&lt;span style="color: var(--highlight-keyword)"&gt;&amp;amp;&amp;amp;&amp;nbsp;!&lt;/span&gt;&lt;span style="color: var(--highlight-default)"&gt;$this&lt;/span&gt;&lt;span style="color: var(--highlight-keyword)"&gt;-&amp;gt;&lt;/span&gt;&lt;span style="color: var(--highlight-default)"&gt;handleAllThrowables&lt;/span&gt;&lt;span style="color: var(--highlight-keyword)"&gt;)&amp;nbsp;{&lt;/span&gt;&lt;/code&gt;&lt;/li&gt;
&lt;li&gt;&lt;code&gt;&lt;span style="color: var(--highlight-keyword)"&gt;&amp;nbsp;&amp;nbsp;&amp;nbsp;&amp;nbsp;&amp;nbsp;&amp;nbsp;&amp;nbsp;&amp;nbsp;&amp;nbsp;&amp;nbsp;&amp;nbsp;&amp;nbsp;&amp;nbsp;&amp;nbsp;&amp;nbsp;&amp;nbsp;throw&amp;nbsp;&lt;/span&gt;&lt;span style="color: var(--highlight-default)"&gt;$e&lt;/span&gt;&lt;span style="color: var(--highlight-keyword)"&gt;;&lt;/span&gt;&lt;/code&gt;&lt;/li&gt;
&lt;li&gt;&lt;code&gt;&lt;span style="color: var(--highlight-keyword)"&gt;&amp;nbsp;&amp;nbsp;&amp;nbsp;&amp;nbsp;&amp;nbsp;&amp;nbsp;&amp;nbsp;&amp;nbsp;&amp;nbsp;&amp;nbsp;&amp;nbsp;&amp;nbsp;}&lt;/span&gt;&lt;/code&gt;&lt;/li&gt;
&lt;li&gt;&lt;code&gt;&lt;span style="color: var(--highlight-keyword)"&gt;&lt;/span&gt;&lt;/code&gt;&lt;/li&gt;&lt;/ol&gt;    &lt;/div&gt;            &lt;/div&gt;
                        &lt;div class="trace-line "&gt;
                &lt;div class="trace-line-header break-long-words sf-toggle" data-toggle-selector="#trace-html-2-10" data-toggle-initial=""&gt;
            &lt;span class="icon icon-close"&gt;&lt;svg width="1792" height="1792" viewBox="0 0 1792 1792" xmlns="http://www.w3.org/2000/svg"&gt;&lt;path d="M1408 960V832q0-26-19-45t-45-19H448q-26 0-45 19t-19 45v128q0 26 19 45t45 19h896q26 0 45-19t19-45zm256-544v960q0 119-84.5 203.5T1376 1664H416q-119 0-203.5-84.5T128 1376V416q0-119 84.5-203.5T416 128h960q119 0 203.5 84.5T1664 416z"/&gt;&lt;/svg&gt;&lt;/span&gt;
        &lt;span class="icon icon-open"&gt;&lt;svg width="1792" height="1792" viewBox="0 0 1792 1792" xmlns="http://www.w3.org/2000/svg"&gt;&lt;path d="M1408 960V832q0-26-19-45t-45-19h-320V448q0-26-19-45t-45-19H832q-26 0-45 19t-19 45v320H448q-26 0-45 19t-19 45v128q0 26 19 45t45 19h320v320q0 26 19 45t45 19h128q26 0 45-19t19-45v-320h320q26 0 45-19t19-45zm256-544v960q0 119-84.5 203.5T1376 1664H416q-119 0-203.5-84.5T128 1376V416q0-119 84.5-203.5T416 128h960q119 0 203.5 84.5T1664 416z"/&gt;&lt;/svg&gt;&lt;/span&gt;
    
            &lt;span class="trace-class"&gt;&lt;abbr title="Symfony\Component\HttpKernel\HttpKernel"&gt;HttpKernel&lt;/abbr&gt;&lt;/span&gt;&lt;span class="trace-type"&gt;-&gt;&lt;/span&gt;&lt;span class="trace-method"&gt;handle&lt;/span&gt;&lt;span class="trace-arguments"&gt;(&lt;em&gt;object&lt;/em&gt;(&lt;abbr title="Symfony\Component\HttpFoundation\Request"&gt;Request&lt;/abbr&gt;), 1, &lt;em&gt;true&lt;/em&gt;)&lt;/span&gt;    
                    &lt;span class="block trace-file-path"&gt;
            in
            &lt;a href="file://C:\Users\sliti\Desktop\dev\esprit-PIDEV-3A16-2526-FARMIA\vendor\symfony\http-kernel\Kernel.php#L208"&gt;
                C:\Users\sliti\Desktop\dev\esprit-PIDEV-3A16-2526-FARMIA\vendor\symfony\http-kernel\&lt;strong&gt;Kernel.php&lt;/strong&gt;
            &lt;/a&gt;
                        (line 208)
            &lt;span class="icon icon-copy hidden" data-clipboard-text="C:\Users\sliti\Desktop\dev\esprit-PIDEV-3A16-2526-FARMIA\vendor\symfony\http-kernel\Kernel.php:208"&gt;
                &lt;svg xmlns="http://www.w3.org/2000/svg" height="24" viewBox="0 0 24 24" width="24"&gt;&lt;path d="M0 0h24v24H0z" fill="none"/&gt;&lt;path d="M16 1H4c-1.1 0-2 .9-2 2v14h2V3h12V1zm3 4H8c-1.1 0-2 .9-2 2v14c0 1.1.9 2 2 2h11c1.1 0 2-.9 2-2V7c0-1.1-.9-2-2-2zm0 16H8V7h11v14z"/&gt;&lt;/svg&gt;            &lt;/span&gt;
        &lt;/span&gt;
    &lt;/div&gt;
    &lt;div id="trace-html-2-10" class="trace-code sf-toggle-content"&gt;
        &lt;ol start="203"&gt;&lt;li&gt;&lt;code&gt;&lt;span style="color: var(--highlight-keyword)"&gt;&amp;nbsp;&amp;nbsp;&amp;nbsp;&amp;nbsp;&amp;nbsp;&amp;nbsp;&amp;nbsp;&amp;nbsp;if&amp;nbsp;(!&lt;/span&gt;&lt;span style="color: var(--highlight-default)"&gt;$this&lt;/span&gt;&lt;span style="color: var(--highlight-keyword)"&gt;-&amp;gt;&lt;/span&gt;&lt;span style="color: var(--highlight-default)"&gt;handlingHttpCache&lt;/span&gt;&lt;span style="color: var(--highlight-keyword)"&gt;)&amp;nbsp;{&lt;/span&gt;&lt;/code&gt;&lt;/li&gt;
&lt;li&gt;&lt;code&gt;&lt;span style="color: var(--highlight-keyword)"&gt;&amp;nbsp;&amp;nbsp;&amp;nbsp;&amp;nbsp;&amp;nbsp;&amp;nbsp;&amp;nbsp;&amp;nbsp;&amp;nbsp;&amp;nbsp;&amp;nbsp;&amp;nbsp;&lt;/span&gt;&lt;span style="color: var(--highlight-default)"&gt;$this&lt;/span&gt;&lt;span style="color: var(--highlight-keyword)"&gt;-&amp;gt;&lt;/span&gt;&lt;span style="color: var(--highlight-default)"&gt;resetServices&amp;nbsp;&lt;/span&gt;&lt;span style="color: var(--highlight-keyword)"&gt;=&amp;nbsp;&lt;/span&gt;&lt;span style="color: var(--highlight-default)"&gt;true&lt;/span&gt;&lt;span style="color: var(--highlight-keyword)"&gt;;&lt;/span&gt;&lt;/code&gt;&lt;/li&gt;
&lt;li&gt;&lt;code&gt;&lt;span style="color: var(--highlight-keyword)"&gt;&amp;nbsp;&amp;nbsp;&amp;nbsp;&amp;nbsp;&amp;nbsp;&amp;nbsp;&amp;nbsp;&amp;nbsp;}&lt;/span&gt;&lt;/code&gt;&lt;/li&gt;
&lt;li&gt;&lt;code&gt;&lt;span style="color: var(--highlight-keyword)"&gt;&lt;/span&gt;&lt;/code&gt;&lt;/li&gt;
&lt;li&gt;&lt;code&gt;&lt;span style="color: var(--highlight-keyword)"&gt;&amp;nbsp;&amp;nbsp;&amp;nbsp;&amp;nbsp;&amp;nbsp;&amp;nbsp;&amp;nbsp;&amp;nbsp;try&amp;nbsp;{&lt;/span&gt;&lt;/code&gt;&lt;/li&gt;
&lt;li class="selected"&gt;&lt;code&gt;&lt;span style="color: var(--highlight-keyword)"&gt;&amp;nbsp;&amp;nbsp;&amp;nbsp;&amp;nbsp;&amp;nbsp;&amp;nbsp;&amp;nbsp;&amp;nbsp;&amp;nbsp;&amp;nbsp;&amp;nbsp;&amp;nbsp;return&amp;nbsp;&lt;/span&gt;&lt;span style="color: var(--highlight-default)"&gt;$this&lt;/span&gt;&lt;span style="color: var(--highlight-keyword)"&gt;-&amp;gt;&lt;/span&gt;&lt;span style="color: var(--highlight-default)"&gt;getHttpKernel&lt;/span&gt;&lt;span style="color: var(--highlight-keyword)"&gt;()-&amp;gt;&lt;/span&gt;&lt;span style="color: var(--highlight-default)"&gt;handle&lt;/span&gt;&lt;span style="color: var(--highlight-keyword)"&gt;(&lt;/span&gt;&lt;span style="color: var(--highlight-default)"&gt;$request&lt;/span&gt;&lt;span style="color: var(--highlight-keyword)"&gt;,&amp;nbsp;&lt;/span&gt;&lt;span style="color: var(--highlight-default)"&gt;$type&lt;/span&gt;&lt;span style="color: var(--highlight-keyword)"&gt;,&amp;nbsp;&lt;/span&gt;&lt;span style="color: var(--highlight-default)"&gt;$catch&lt;/span&gt;&lt;span style="color: var(--highlight-keyword)"&gt;);&lt;/span&gt;&lt;/code&gt;&lt;/li&gt;
&lt;li&gt;&lt;code&gt;&lt;span style="color: var(--highlight-keyword)"&gt;&amp;nbsp;&amp;nbsp;&amp;nbsp;&amp;nbsp;&amp;nbsp;&amp;nbsp;&amp;nbsp;&amp;nbsp;}&amp;nbsp;finally&amp;nbsp;{&lt;/span&gt;&lt;/code&gt;&lt;/li&gt;
&lt;li&gt;&lt;code&gt;&lt;span style="color: var(--highlight-keyword)"&gt;&amp;nbsp;&amp;nbsp;&amp;nbsp;&amp;nbsp;&amp;nbsp;&amp;nbsp;&amp;nbsp;&amp;nbsp;&amp;nbsp;&amp;nbsp;&amp;nbsp;&amp;nbsp;--&lt;/span&gt;&lt;span style="color: var(--highlight-default)"&gt;$this&lt;/span&gt;&lt;span style="color: var(--highlight-keyword)"&gt;-&amp;gt;&lt;/span&gt;&lt;span style="color: var(--highlight-default)"&gt;requestStackSize&lt;/span&gt;&lt;span style="color: var(--highlight-keyword)"&gt;;&lt;/span&gt;&lt;/code&gt;&lt;/li&gt;
&lt;li&gt;&lt;code&gt;&lt;span style="color: var(--highlight-keyword)"&gt;&amp;nbsp;&amp;nbsp;&amp;nbsp;&amp;nbsp;&amp;nbsp;&amp;nbsp;&amp;nbsp;&amp;nbsp;}&lt;/span&gt;&lt;/code&gt;&lt;/li&gt;
&lt;li&gt;&lt;code&gt;&lt;span style="color: var(--highlight-keyword)"&gt;&amp;nbsp;&amp;nbsp;&amp;nbsp;&amp;nbsp;}&lt;/span&gt;&lt;/code&gt;&lt;/li&gt;
&lt;li&gt;&lt;code&gt;&lt;span style="color: var(--highlight-keyword)"&gt;&lt;/span&gt;&lt;/code&gt;&lt;/li&gt;&lt;/ol&gt;    &lt;/div&gt;            &lt;/div&gt;
                        &lt;div class="trace-line "&gt;
                &lt;div class="trace-line-header break-long-words sf-toggle" data-toggle-selector="#trace-html-2-11" data-toggle-initial=""&gt;
            &lt;span class="icon icon-close"&gt;&lt;svg width="1792" height="1792" viewBox="0 0 1792 1792" xmlns="http://www.w3.org/2000/svg"&gt;&lt;path d="M1408 960V832q0-26-19-45t-45-19H448q-26 0-45 19t-19 45v128q0 26 19 45t45 19h896q26 0 45-19t19-45zm256-544v960q0 119-84.5 203.5T1376 1664H416q-119 0-203.5-84.5T128 1376V416q0-119 84.5-203.5T416 128h960q119 0 203.5 84.5T1664 416z"/&gt;&lt;/svg&gt;&lt;/span&gt;
        &lt;span class="icon icon-open"&gt;&lt;svg width="1792" height="1792" viewBox="0 0 1792 1792" xmlns="http://www.w3.org/2000/svg"&gt;&lt;path d="M1408 960V832q0-26-19-45t-45-19h-320V448q0-26-19-45t-45-19H832q-26 0-45 19t-19 45v320H448q-26 0-45 19t-19 45v128q0 26 19 45t45 19h320v320q0 26 19 45t45 19h128q26 0 45-19t19-45v-320h320q26 0 45-19t19-45zm256-544v960q0 119-84.5 203.5T1376 1664H416q-119 0-203.5-84.5T128 1376V416q0-119 84.5-203.5T416 128h960q119 0 203.5 84.5T1664 416z"/&gt;&lt;/svg&gt;&lt;/span&gt;
    
            &lt;span class="trace-class"&gt;&lt;abbr title="Symfony\Component\HttpKernel\Kernel"&gt;Kernel&lt;/abbr&gt;&lt;/span&gt;&lt;span class="trace-type"&gt;-&gt;&lt;/span&gt;&lt;span class="trace-method"&gt;handle&lt;/span&gt;&lt;span class="trace-arguments"&gt;(&lt;em&gt;object&lt;/em&gt;(&lt;abbr title="Symfony\Component\HttpFoundation\Request"&gt;Request&lt;/abbr&gt;), 1, &lt;em&gt;true&lt;/em&gt;)&lt;/span&gt;    
                    &lt;span class="block trace-file-path"&gt;
            in
            &lt;a href="file://C:\Users\sliti\Desktop\dev\esprit-PIDEV-3A16-2526-FARMIA\vendor\symfony\http-kernel\HttpKernelBrowser.php#L65"&gt;
                C:\Users\sliti\Desktop\dev\esprit-PIDEV-3A16-2526-FARMIA\vendor\symfony\http-kernel\&lt;strong&gt;HttpKernelBrowser.php&lt;/strong&gt;
            &lt;/a&gt;
                        (line 65)
            &lt;span class="icon icon-copy hidden" data-clipboard-text="C:\Users\sliti\Desktop\dev\esprit-PIDEV-3A16-2526-FARMIA\vendor\symfony\http-kernel\HttpKernelBrowser.php:65"&gt;
                &lt;svg xmlns="http://www.w3.org/2000/svg" height="24" viewBox="0 0 24 24" width="24"&gt;&lt;path d="M0 0h24v24H0z" fill="none"/&gt;&lt;path d="M16 1H4c-1.1 0-2 .9-2 2v14h2V3h12V1zm3 4H8c-1.1 0-2 .9-2 2v14c0 1.1.9 2 2 2h11c1.1 0 2-.9 2-2V7c0-1.1-.9-2-2-2zm0 16H8V7h11v14z"/&gt;&lt;/svg&gt;            &lt;/span&gt;
        &lt;/span&gt;
    &lt;/div&gt;
    &lt;div id="trace-html-2-11" class="trace-code sf-toggle-content"&gt;
        &lt;ol start="60"&gt;&lt;li&gt;&lt;code&gt;&lt;span style="color: var(--highlight-comment)"&gt;&amp;nbsp;&amp;nbsp;&amp;nbsp;&amp;nbsp;&amp;nbsp;*&lt;/span&gt;&lt;/code&gt;&lt;/li&gt;
&lt;li&gt;&lt;code&gt;&lt;span style="color: var(--highlight-comment)"&gt;&amp;nbsp;&amp;nbsp;&amp;nbsp;&amp;nbsp;&amp;nbsp;*&amp;nbsp;@return&amp;nbsp;Response&lt;/span&gt;&lt;/code&gt;&lt;/li&gt;
&lt;li&gt;&lt;code&gt;&lt;span style="color: var(--highlight-comment)"&gt;&amp;nbsp;&amp;nbsp;&amp;nbsp;&amp;nbsp;&amp;nbsp;*/&lt;/span&gt;&lt;/code&gt;&lt;/li&gt;
&lt;li&gt;&lt;code&gt;&lt;span style="color: var(--highlight-comment)"&gt;&amp;nbsp;&amp;nbsp;&amp;nbsp;&amp;nbsp;&lt;/span&gt;&lt;span style="color: var(--highlight-keyword)"&gt;protected&amp;nbsp;function&amp;nbsp;&lt;/span&gt;&lt;span style="color: var(--highlight-default)"&gt;doRequest&lt;/span&gt;&lt;span style="color: var(--highlight-keyword)"&gt;(&lt;/span&gt;&lt;span style="color: var(--highlight-default)"&gt;object&amp;nbsp;$request&lt;/span&gt;&lt;span style="color: var(--highlight-keyword)"&gt;)&lt;/span&gt;&lt;/code&gt;&lt;/li&gt;
&lt;li&gt;&lt;code&gt;&lt;span style="color: var(--highlight-keyword)"&gt;&amp;nbsp;&amp;nbsp;&amp;nbsp;&amp;nbsp;{&lt;/span&gt;&lt;/code&gt;&lt;/li&gt;
&lt;li class="selected"&gt;&lt;code&gt;&lt;span style="color: var(--highlight-keyword)"&gt;&amp;nbsp;&amp;nbsp;&amp;nbsp;&amp;nbsp;&amp;nbsp;&amp;nbsp;&amp;nbsp;&amp;nbsp;&lt;/span&gt;&lt;span style="color: var(--highlight-default)"&gt;$response&amp;nbsp;&lt;/span&gt;&lt;span style="color: var(--highlight-keyword)"&gt;=&amp;nbsp;&lt;/span&gt;&lt;span style="color: var(--highlight-default)"&gt;$this&lt;/span&gt;&lt;span style="color: var(--highlight-keyword)"&gt;-&amp;gt;&lt;/span&gt;&lt;span style="color: var(--highlight-default)"&gt;kernel&lt;/span&gt;&lt;span style="color: var(--highlight-keyword)"&gt;-&amp;gt;&lt;/span&gt;&lt;span style="color: var(--highlight-default)"&gt;handle&lt;/span&gt;&lt;span style="color: var(--highlight-keyword)"&gt;(&lt;/span&gt;&lt;span style="color: var(--highlight-default)"&gt;$request&lt;/span&gt;&lt;span style="color: var(--highlight-keyword)"&gt;,&amp;nbsp;&lt;/span&gt;&lt;span style="color: var(--highlight-default)"&gt;HttpKernelInterface&lt;/span&gt;&lt;span style="color: var(--highlight-keyword)"&gt;::&lt;/span&gt;&lt;span style="color: var(--highlight-default)"&gt;MAIN_REQUEST&lt;/span&gt;&lt;span style="color: var(--highlight-keyword)"&gt;,&amp;nbsp;&lt;/span&gt;&lt;span style="color: var(--highlight-default)"&gt;$this&lt;/span&gt;&lt;span style="color: var(--highlight-keyword)"&gt;-&amp;gt;&lt;/span&gt;&lt;span style="color: var(--highlight-default)"&gt;catchExceptions&lt;/span&gt;&lt;span style="color: var(--highlight-keyword)"&gt;);&lt;/span&gt;&lt;/code&gt;&lt;/li&gt;
&lt;li&gt;&lt;code&gt;&lt;span style="color: var(--highlight-keyword)"&gt;&lt;/span&gt;&lt;/code&gt;&lt;/li&gt;
&lt;li&gt;&lt;code&gt;&lt;span style="color: var(--highlight-keyword)"&gt;&amp;nbsp;&amp;nbsp;&amp;nbsp;&amp;nbsp;&amp;nbsp;&amp;nbsp;&amp;nbsp;&amp;nbsp;if&amp;nbsp;(&lt;/span&gt;&lt;span style="color: var(--highlight-default)"&gt;$this&lt;/span&gt;&lt;span style="color: var(--highlight-keyword)"&gt;-&amp;gt;&lt;/span&gt;&lt;span style="color: var(--highlight-default)"&gt;kernel&amp;nbsp;&lt;/span&gt;&lt;span style="color: var(--highlight-keyword)"&gt;instanceof&amp;nbsp;&lt;/span&gt;&lt;span style="color: var(--highlight-default)"&gt;TerminableInterface&lt;/span&gt;&lt;span style="color: var(--highlight-keyword)"&gt;)&amp;nbsp;{&lt;/span&gt;&lt;/code&gt;&lt;/li&gt;
&lt;li&gt;&lt;code&gt;&lt;span style="color: var(--highlight-keyword)"&gt;&amp;nbsp;&amp;nbsp;&amp;nbsp;&amp;nbsp;&amp;nbsp;&amp;nbsp;&amp;nbsp;&amp;nbsp;&amp;nbsp;&amp;nbsp;&amp;nbsp;&amp;nbsp;&lt;/span&gt;&lt;span style="color: var(--highlight-default)"&gt;$this&lt;/span&gt;&lt;span style="color: var(--highlight-keyword)"&gt;-&amp;gt;&lt;/span&gt;&lt;span style="color: var(--highlight-default)"&gt;kernel&lt;/span&gt;&lt;span style="color: var(--highlight-keyword)"&gt;-&amp;gt;&lt;/span&gt;&lt;span style="color: var(--highlight-default)"&gt;terminate&lt;/span&gt;&lt;span style="color: var(--highlight-keyword)"&gt;(&lt;/span&gt;&lt;span style="color: var(--highlight-default)"&gt;$request&lt;/span&gt;&lt;span style="color: var(--highlight-keyword)"&gt;,&amp;nbsp;&lt;/span&gt;&lt;span style="color: var(--highlight-default)"&gt;$response&lt;/span&gt;&lt;span style="color: var(--highlight-keyword)"&gt;);&lt;/span&gt;&lt;/code&gt;&lt;/li&gt;
&lt;li&gt;&lt;code&gt;&lt;span style="color: var(--highlight-keyword)"&gt;&amp;nbsp;&amp;nbsp;&amp;nbsp;&amp;nbsp;&amp;nbsp;&amp;nbsp;&amp;nbsp;&amp;nbsp;}&lt;/span&gt;&lt;/code&gt;&lt;/li&gt;
&lt;li&gt;&lt;code&gt;&lt;span style="color: var(--highlight-keyword)"&gt;&lt;/span&gt;&lt;/code&gt;&lt;/li&gt;&lt;/ol&gt;    &lt;/div&gt;            &lt;/div&gt;
                        &lt;div class="trace-line "&gt;
                &lt;div class="trace-line-header break-long-words sf-toggle" data-toggle-selector="#trace-html-2-12" data-toggle-initial=""&gt;
            &lt;span class="icon icon-close"&gt;&lt;svg width="1792" height="1792" viewBox="0 0 1792 1792" xmlns="http://www.w3.org/2000/svg"&gt;&lt;path d="M1408 960V832q0-26-19-45t-45-19H448q-26 0-45 19t-19 45v128q0 26 19 45t45 19h896q26 0 45-19t19-45zm256-544v960q0 119-84.5 203.5T1376 1664H416q-119 0-203.5-84.5T128 1376V416q0-119 84.5-203.5T416 128h960q119 0 203.5 84.5T1664 416z"/&gt;&lt;/svg&gt;&lt;/span&gt;
        &lt;span class="icon icon-open"&gt;&lt;svg width="1792" height="1792" viewBox="0 0 1792 1792" xmlns="http://www.w3.org/2000/svg"&gt;&lt;path d="M1408 960V832q0-26-19-45t-45-19h-320V448q0-26-19-45t-45-19H832q-26 0-45 19t-19 45v320H448q-26 0-45 19t-19 45v128q0 26 19 45t45 19h320v320q0 26 19 45t45 19h128q26 0 45-19t19-45v-320h320q26 0 45-19t19-45zm256-544v960q0 119-84.5 203.5T1376 1664H416q-119 0-203.5-84.5T128 1376V416q0-119 84.5-203.5T416 128h960q119 0 203.5 84.5T1664 416z"/&gt;&lt;/svg&gt;&lt;/span&gt;
    
            &lt;span class="trace-class"&gt;&lt;abbr title="Symfony\Component\HttpKernel\HttpKernelBrowser"&gt;HttpKernelBrowser&lt;/abbr&gt;&lt;/span&gt;&lt;span class="trace-type"&gt;-&gt;&lt;/span&gt;&lt;span class="trace-method"&gt;doRequest&lt;/span&gt;&lt;span class="trace-arguments"&gt;(&lt;em&gt;object&lt;/em&gt;(&lt;abbr title="Symfony\Component\HttpFoundation\Request"&gt;Request&lt;/abbr&gt;))&lt;/span&gt;    
                    &lt;span class="block trace-file-path"&gt;
            in
            &lt;a href="file://C:\Users\sliti\Desktop\dev\esprit-PIDEV-3A16-2526-FARMIA\vendor\symfony\framework-bundle\KernelBrowser.php#L175"&gt;
                C:\Users\sliti\Desktop\dev\esprit-PIDEV-3A16-2526-FARMIA\vendor\symfony\framework-bundle\&lt;strong&gt;KernelBrowser.php&lt;/strong&gt;
            &lt;/a&gt;
                        (line 175)
            &lt;span class="icon icon-copy hidden" data-clipboard-text="C:\Users\sliti\Desktop\dev\esprit-PIDEV-3A16-2526-FARMIA\vendor\symfony\framework-bundle\KernelBrowser.php:175"&gt;
                &lt;svg xmlns="http://www.w3.org/2000/svg" height="24" viewBox="0 0 24 24" width="24"&gt;&lt;path d="M0 0h24v24H0z" fill="none"/&gt;&lt;path d="M16 1H4c-1.1 0-2 .9-2 2v14h2V3h12V1zm3 4H8c-1.1 0-2 .9-2 2v14c0 1.1.9 2 2 2h11c1.1 0 2-.9 2-2V7c0-1.1-.9-2-2-2zm0 16H8V7h11v14z"/&gt;&lt;/svg&gt;            &lt;/span&gt;
        &lt;/span&gt;
    &lt;/div&gt;
    &lt;div id="trace-html-2-12" class="trace-code sf-toggle-content"&gt;
        &lt;ol start="170"&gt;&lt;li&gt;&lt;code&gt;&lt;span style="color: var(--highlight-keyword)"&gt;&lt;/span&gt;&lt;/code&gt;&lt;/li&gt;
&lt;li&gt;&lt;code&gt;&lt;span style="color: var(--highlight-keyword)"&gt;&amp;nbsp;&amp;nbsp;&amp;nbsp;&amp;nbsp;&amp;nbsp;&amp;nbsp;&amp;nbsp;&amp;nbsp;&amp;nbsp;&amp;nbsp;&amp;nbsp;&amp;nbsp;&lt;/span&gt;&lt;span style="color: var(--highlight-default)"&gt;$this&lt;/span&gt;&lt;span style="color: var(--highlight-keyword)"&gt;-&amp;gt;&lt;/span&gt;&lt;span style="color: var(--highlight-default)"&gt;kernel&lt;/span&gt;&lt;span style="color: var(--highlight-keyword)"&gt;-&amp;gt;&lt;/span&gt;&lt;span style="color: var(--highlight-default)"&gt;boot&lt;/span&gt;&lt;span style="color: var(--highlight-keyword)"&gt;();&lt;/span&gt;&lt;/code&gt;&lt;/li&gt;
&lt;li&gt;&lt;code&gt;&lt;span style="color: var(--highlight-keyword)"&gt;&amp;nbsp;&amp;nbsp;&amp;nbsp;&amp;nbsp;&amp;nbsp;&amp;nbsp;&amp;nbsp;&amp;nbsp;&amp;nbsp;&amp;nbsp;&amp;nbsp;&amp;nbsp;&lt;/span&gt;&lt;span style="color: var(--highlight-default)"&gt;$this&lt;/span&gt;&lt;span style="color: var(--highlight-keyword)"&gt;-&amp;gt;&lt;/span&gt;&lt;span style="color: var(--highlight-default)"&gt;getContainer&lt;/span&gt;&lt;span style="color: var(--highlight-keyword)"&gt;()-&amp;gt;&lt;/span&gt;&lt;span style="color: var(--highlight-default)"&gt;get&lt;/span&gt;&lt;span style="color: var(--highlight-keyword)"&gt;(&lt;/span&gt;&lt;span style="color: var(--highlight-string)"&gt;'profiler'&lt;/span&gt;&lt;span style="color: var(--highlight-keyword)"&gt;)-&amp;gt;&lt;/span&gt;&lt;span style="color: var(--highlight-default)"&gt;enable&lt;/span&gt;&lt;span style="color: var(--highlight-keyword)"&gt;();&lt;/span&gt;&lt;/code&gt;&lt;/li&gt;
&lt;li&gt;&lt;code&gt;&lt;span style="color: var(--highlight-keyword)"&gt;&amp;nbsp;&amp;nbsp;&amp;nbsp;&amp;nbsp;&amp;nbsp;&amp;nbsp;&amp;nbsp;&amp;nbsp;}&lt;/span&gt;&lt;/code&gt;&lt;/li&gt;
&lt;li&gt;&lt;code&gt;&lt;span style="color: var(--highlight-keyword)"&gt;&lt;/span&gt;&lt;/code&gt;&lt;/li&gt;
&lt;li class="selected"&gt;&lt;code&gt;&lt;span style="color: var(--highlight-keyword)"&gt;&amp;nbsp;&amp;nbsp;&amp;nbsp;&amp;nbsp;&amp;nbsp;&amp;nbsp;&amp;nbsp;&amp;nbsp;return&amp;nbsp;&lt;/span&gt;&lt;span style="color: var(--highlight-default)"&gt;parent&lt;/span&gt;&lt;span style="color: var(--highlight-keyword)"&gt;::&lt;/span&gt;&lt;span style="color: var(--highlight-default)"&gt;doRequest&lt;/span&gt;&lt;span style="color: var(--highlight-keyword)"&gt;(&lt;/span&gt;&lt;span style="color: var(--highlight-default)"&gt;$request&lt;/span&gt;&lt;span style="color: var(--highlight-keyword)"&gt;);&lt;/span&gt;&lt;/code&gt;&lt;/li&gt;
&lt;li&gt;&lt;code&gt;&lt;span style="color: var(--highlight-keyword)"&gt;&amp;nbsp;&amp;nbsp;&amp;nbsp;&amp;nbsp;}&lt;/span&gt;&lt;/code&gt;&lt;/li&gt;
&lt;li&gt;&lt;code&gt;&lt;span style="color: var(--highlight-keyword)"&gt;&lt;/span&gt;&lt;/code&gt;&lt;/li&gt;
&lt;li&gt;&lt;code&gt;&lt;span style="color: var(--highlight-keyword)"&gt;&amp;nbsp;&amp;nbsp;&amp;nbsp;&amp;nbsp;&lt;/span&gt;&lt;span style="color: var(--highlight-comment)"&gt;/**&lt;/span&gt;&lt;/code&gt;&lt;/li&gt;
&lt;li&gt;&lt;code&gt;&lt;span style="color: var(--highlight-comment)"&gt;&amp;nbsp;&amp;nbsp;&amp;nbsp;&amp;nbsp;&amp;nbsp;*&amp;nbsp;@param&amp;nbsp;Request&amp;nbsp;$request&lt;/span&gt;&lt;/code&gt;&lt;/li&gt;
&lt;li&gt;&lt;code&gt;&lt;span style="color: var(--highlight-comment)"&gt;&amp;nbsp;&amp;nbsp;&amp;nbsp;&amp;nbsp;&amp;nbsp;*/&lt;/span&gt;&lt;/code&gt;&lt;/li&gt;&lt;/ol&gt;    &lt;/div&gt;            &lt;/div&gt;
                        &lt;div class="trace-line "&gt;
                &lt;div class="trace-line-header break-long-words sf-toggle" data-toggle-selector="#trace-html-2-13" data-toggle-initial=""&gt;
            &lt;span class="icon icon-close"&gt;&lt;svg width="1792" height="1792" viewBox="0 0 1792 1792" xmlns="http://www.w3.org/2000/svg"&gt;&lt;path d="M1408 960V832q0-26-19-45t-45-19H448q-26 0-45 19t-19 45v128q0 26 19 45t45 19h896q26 0 45-19t19-45zm256-544v960q0 119-84.5 203.5T1376 1664H416q-119 0-203.5-84.5T128 1376V416q0-119 84.5-203.5T416 128h960q119 0 203.5 84.5T1664 416z"/&gt;&lt;/svg&gt;&lt;/span&gt;
        &lt;span class="icon icon-open"&gt;&lt;svg width="1792" height="1792" viewBox="0 0 1792 1792" xmlns="http://www.w3.org/2000/svg"&gt;&lt;path d="M1408 960V832q0-26-19-45t-45-19h-320V448q0-26-19-45t-45-19H832q-26 0-45 19t-19 45v320H448q-26 0-45 19t-19 45v128q0 26 19 45t45 19h320v320q0 26 19 45t45 19h128q26 0 45-19t19-45v-320h320q26 0 45-19t19-45zm256-544v960q0 119-84.5 203.5T1376 1664H416q-119 0-203.5-84.5T128 1376V416q0-119 84.5-203.5T416 128h960q119 0 203.5 84.5T1664 416z"/&gt;&lt;/svg&gt;&lt;/span&gt;
    
            &lt;span class="trace-class"&gt;&lt;abbr title="Symfony\Bundle\FrameworkBundle\KernelBrowser"&gt;KernelBrowser&lt;/abbr&gt;&lt;/span&gt;&lt;span class="trace-type"&gt;-&gt;&lt;/span&gt;&lt;span class="trace-method"&gt;doRequest&lt;/span&gt;&lt;span class="trace-arguments"&gt;(&lt;em&gt;object&lt;/em&gt;(&lt;abbr title="Symfony\Component\HttpFoundation\Request"&gt;Request&lt;/abbr&gt;))&lt;/span&gt;    
                    &lt;span class="block trace-file-path"&gt;
            in
            &lt;a href="file://C:\Users\sliti\Desktop\dev\esprit-PIDEV-3A16-2526-FARMIA\vendor\symfony\browser-kit\AbstractBrowser.php#L385"&gt;
                C:\Users\sliti\Desktop\dev\esprit-PIDEV-3A16-2526-FARMIA\vendor\symfony\browser-kit\&lt;strong&gt;AbstractBrowser.php&lt;/strong&gt;
            &lt;/a&gt;
                        (line 385)
            &lt;span class="icon icon-copy hidden" data-clipboard-text="C:\Users\sliti\Desktop\dev\esprit-PIDEV-3A16-2526-FARMIA\vendor\symfony\browser-kit\AbstractBrowser.php:385"&gt;
                &lt;svg xmlns="http://www.w3.org/2000/svg" height="24" viewBox="0 0 24 24" width="24"&gt;&lt;path d="M0 0h24v24H0z" fill="none"/&gt;&lt;path d="M16 1H4c-1.1 0-2 .9-2 2v14h2V3h12V1zm3 4H8c-1.1 0-2 .9-2 2v14c0 1.1.9 2 2 2h11c1.1 0 2-.9 2-2V7c0-1.1-.9-2-2-2zm0 16H8V7h11v14z"/&gt;&lt;/svg&gt;            &lt;/span&gt;
        &lt;/span&gt;
    &lt;/div&gt;
    &lt;div id="trace-html-2-13" class="trace-code sf-toggle-content"&gt;
        &lt;ol start="380"&gt;&lt;li&gt;&lt;code&gt;&lt;span style="color: var(--highlight-keyword)"&gt;&amp;nbsp;&amp;nbsp;&amp;nbsp;&amp;nbsp;&amp;nbsp;&amp;nbsp;&amp;nbsp;&amp;nbsp;}&lt;/span&gt;&lt;/code&gt;&lt;/li&gt;
&lt;li&gt;&lt;code&gt;&lt;span style="color: var(--highlight-keyword)"&gt;&lt;/span&gt;&lt;/code&gt;&lt;/li&gt;
&lt;li&gt;&lt;code&gt;&lt;span style="color: var(--highlight-keyword)"&gt;&amp;nbsp;&amp;nbsp;&amp;nbsp;&amp;nbsp;&amp;nbsp;&amp;nbsp;&amp;nbsp;&amp;nbsp;if&amp;nbsp;(&lt;/span&gt;&lt;span style="color: var(--highlight-default)"&gt;$this&lt;/span&gt;&lt;span style="color: var(--highlight-keyword)"&gt;-&amp;gt;&lt;/span&gt;&lt;span style="color: var(--highlight-default)"&gt;insulated&lt;/span&gt;&lt;span style="color: var(--highlight-keyword)"&gt;)&amp;nbsp;{&lt;/span&gt;&lt;/code&gt;&lt;/li&gt;
&lt;li&gt;&lt;code&gt;&lt;span style="color: var(--highlight-keyword)"&gt;&amp;nbsp;&amp;nbsp;&amp;nbsp;&amp;nbsp;&amp;nbsp;&amp;nbsp;&amp;nbsp;&amp;nbsp;&amp;nbsp;&amp;nbsp;&amp;nbsp;&amp;nbsp;&lt;/span&gt;&lt;span style="color: var(--highlight-default)"&gt;$this&lt;/span&gt;&lt;span style="color: var(--highlight-keyword)"&gt;-&amp;gt;&lt;/span&gt;&lt;span style="color: var(--highlight-default)"&gt;response&amp;nbsp;&lt;/span&gt;&lt;span style="color: var(--highlight-keyword)"&gt;=&amp;nbsp;&lt;/span&gt;&lt;span style="color: var(--highlight-default)"&gt;$this&lt;/span&gt;&lt;span style="color: var(--highlight-keyword)"&gt;-&amp;gt;&lt;/span&gt;&lt;span style="color: var(--highlight-default)"&gt;doRequestInProcess&lt;/span&gt;&lt;span style="color: var(--highlight-keyword)"&gt;(&lt;/span&gt;&lt;span style="color: var(--highlight-default)"&gt;$this&lt;/span&gt;&lt;span style="color: var(--highlight-keyword)"&gt;-&amp;gt;&lt;/span&gt;&lt;span style="color: var(--highlight-default)"&gt;request&lt;/span&gt;&lt;span style="color: var(--highlight-keyword)"&gt;);&lt;/span&gt;&lt;/code&gt;&lt;/li&gt;
&lt;li&gt;&lt;code&gt;&lt;span style="color: var(--highlight-keyword)"&gt;&amp;nbsp;&amp;nbsp;&amp;nbsp;&amp;nbsp;&amp;nbsp;&amp;nbsp;&amp;nbsp;&amp;nbsp;}&amp;nbsp;else&amp;nbsp;{&lt;/span&gt;&lt;/code&gt;&lt;/li&gt;
&lt;li class="selected"&gt;&lt;code&gt;&lt;span style="color: var(--highlight-keyword)"&gt;&amp;nbsp;&amp;nbsp;&amp;nbsp;&amp;nbsp;&amp;nbsp;&amp;nbsp;&amp;nbsp;&amp;nbsp;&amp;nbsp;&amp;nbsp;&amp;nbsp;&amp;nbsp;&lt;/span&gt;&lt;span style="color: var(--highlight-default)"&gt;$this&lt;/span&gt;&lt;span style="color: var(--highlight-keyword)"&gt;-&amp;gt;&lt;/span&gt;&lt;span style="color: var(--highlight-default)"&gt;response&amp;nbsp;&lt;/span&gt;&lt;span style="color: var(--highlight-keyword)"&gt;=&amp;nbsp;&lt;/span&gt;&lt;span style="color: var(--highlight-default)"&gt;$this&lt;/span&gt;&lt;span style="color: var(--highlight-keyword)"&gt;-&amp;gt;&lt;/span&gt;&lt;span style="color: var(--highlight-default)"&gt;doRequest&lt;/span&gt;&lt;span style="color: var(--highlight-keyword)"&gt;(&lt;/span&gt;&lt;span style="color: var(--highlight-default)"&gt;$this&lt;/span&gt;&lt;span style="color: var(--highlight-keyword)"&gt;-&amp;gt;&lt;/span&gt;&lt;span style="color: var(--highlight-default)"&gt;request&lt;/span&gt;&lt;span style="color: var(--highlight-keyword)"&gt;);&lt;/span&gt;&lt;/code&gt;&lt;/li&gt;
&lt;li&gt;&lt;code&gt;&lt;span style="color: var(--highlight-keyword)"&gt;&amp;nbsp;&amp;nbsp;&amp;nbsp;&amp;nbsp;&amp;nbsp;&amp;nbsp;&amp;nbsp;&amp;nbsp;}&lt;/span&gt;&lt;/code&gt;&lt;/li&gt;
&lt;li&gt;&lt;code&gt;&lt;span style="color: var(--highlight-keyword)"&gt;&lt;/span&gt;&lt;/code&gt;&lt;/li&gt;
&lt;li&gt;&lt;code&gt;&lt;span style="color: var(--highlight-keyword)"&gt;&amp;nbsp;&amp;nbsp;&amp;nbsp;&amp;nbsp;&amp;nbsp;&amp;nbsp;&amp;nbsp;&amp;nbsp;&lt;/span&gt;&lt;span style="color: var(--highlight-default)"&gt;$this&lt;/span&gt;&lt;span style="color: var(--highlight-keyword)"&gt;-&amp;gt;&lt;/span&gt;&lt;span style="color: var(--highlight-default)"&gt;internalResponse&amp;nbsp;&lt;/span&gt;&lt;span style="color: var(--highlight-keyword)"&gt;=&amp;nbsp;&lt;/span&gt;&lt;span style="color: var(--highlight-default)"&gt;$this&lt;/span&gt;&lt;span style="color: var(--highlight-keyword)"&gt;-&amp;gt;&lt;/span&gt;&lt;span style="color: var(--highlight-default)"&gt;filterResponse&lt;/span&gt;&lt;span style="color: var(--highlight-keyword)"&gt;(&lt;/span&gt;&lt;span style="color: var(--highlight-default)"&gt;$this&lt;/span&gt;&lt;span style="color: var(--highlight-keyword)"&gt;-&amp;gt;&lt;/span&gt;&lt;span style="color: var(--highlight-default)"&gt;response&lt;/span&gt;&lt;span style="color: var(--highlight-keyword)"&gt;);&lt;/span&gt;&lt;/code&gt;&lt;/li&gt;
&lt;li&gt;&lt;code&gt;&lt;span style="color: var(--highlight-keyword)"&gt;&lt;/span&gt;&lt;/code&gt;&lt;/li&gt;
&lt;li&gt;&lt;code&gt;&lt;span style="color: var(--highlight-keyword)"&gt;&amp;nbsp;&amp;nbsp;&amp;nbsp;&amp;nbsp;&amp;nbsp;&amp;nbsp;&amp;nbsp;&amp;nbsp;&lt;/span&gt;&lt;span style="color: var(--highlight-default)"&gt;$this&lt;/span&gt;&lt;span style="color: var(--highlight-keyword)"&gt;-&amp;gt;&lt;/span&gt;&lt;span style="color: var(--highlight-default)"&gt;cookieJar&lt;/span&gt;&lt;span style="color: var(--highlight-keyword)"&gt;-&amp;gt;&lt;/span&gt;&lt;span style="color: var(--highlight-default)"&gt;updateFromResponse&lt;/span&gt;&lt;span style="color: var(--highlight-keyword)"&gt;(&lt;/span&gt;&lt;span style="color: var(--highlight-default)"&gt;$this&lt;/span&gt;&lt;span style="color: var(--highlight-keyword)"&gt;-&amp;gt;&lt;/span&gt;&lt;span style="color: var(--highlight-default)"&gt;internalResponse&lt;/span&gt;&lt;span style="color: var(--highlight-keyword)"&gt;,&amp;nbsp;&lt;/span&gt;&lt;span style="color: var(--highlight-default)"&gt;$uri&lt;/span&gt;&lt;span style="color: var(--highlight-keyword)"&gt;);&lt;/span&gt;&lt;/code&gt;&lt;/li&gt;&lt;/ol&gt;    &lt;/div&gt;            &lt;/div&gt;
                        &lt;div class="trace-line "&gt;
                &lt;div class="trace-line-header break-long-words sf-toggle" data-toggle-selector="#trace-html-2-14" data-toggle-initial=""&gt;
            &lt;span class="icon icon-close"&gt;&lt;svg width="1792" height="1792" viewBox="0 0 1792 1792" xmlns="http://www.w3.org/2000/svg"&gt;&lt;path d="M1408 960V832q0-26-19-45t-45-19H448q-26 0-45 19t-19 45v128q0 26 19 45t45 19h896q26 0 45-19t19-45zm256-544v960q0 119-84.5 203.5T1376 1664H416q-119 0-203.5-84.5T128 1376V416q0-119 84.5-203.5T416 128h960q119 0 203.5 84.5T1664 416z"/&gt;&lt;/svg&gt;&lt;/span&gt;
        &lt;span class="icon icon-open"&gt;&lt;svg width="1792" height="1792" viewBox="0 0 1792 1792" xmlns="http://www.w3.org/2000/svg"&gt;&lt;path d="M1408 960V832q0-26-19-45t-45-19h-320V448q0-26-19-45t-45-19H832q-26 0-45 19t-19 45v320H448q-26 0-45 19t-19 45v128q0 26 19 45t45 19h320v320q0 26 19 45t45 19h128q26 0 45-19t19-45v-320h320q26 0 45-19t19-45zm256-544v960q0 119-84.5 203.5T1376 1664H416q-119 0-203.5-84.5T128 1376V416q0-119 84.5-203.5T416 128h960q119 0 203.5 84.5T1664 416z"/&gt;&lt;/svg&gt;&lt;/span&gt;
    
            &lt;span class="trace-class"&gt;&lt;abbr title="Symfony\Component\BrowserKit\AbstractBrowser"&gt;AbstractBrowser&lt;/abbr&gt;&lt;/span&gt;&lt;span class="trace-type"&gt;-&gt;&lt;/span&gt;&lt;span class="trace-method"&gt;request&lt;/span&gt;&lt;span class="trace-arguments"&gt;('GET', 'http://localhost/expert/conseil/new/1')&lt;/span&gt;    
                    &lt;span class="block trace-file-path"&gt;
            in
            &lt;a href="file://C:\Users\sliti\Desktop\dev\esprit-PIDEV-3A16-2526-FARMIA\tests\Functional\Controller\ExpertConseilControllerTest.php#L54"&gt;
                C:\Users\sliti\Desktop\dev\esprit-PIDEV-3A16-2526-FARMIA\tests\Functional\Controller\&lt;strong&gt;ExpertConseilControllerTest.php&lt;/strong&gt;
            &lt;/a&gt;
                        (line 54)
            &lt;span class="icon icon-copy hidden" data-clipboard-text="C:\Users\sliti\Desktop\dev\esprit-PIDEV-3A16-2526-FARMIA\tests\Functional\Controller\ExpertConseilControllerTest.php:54"&gt;
                &lt;svg xmlns="http://www.w3.org/2000/svg" height="24" viewBox="0 0 24 24" width="24"&gt;&lt;path d="M0 0h24v24H0z" fill="none"/&gt;&lt;path d="M16 1H4c-1.1 0-2 .9-2 2v14h2V3h12V1zm3 4H8c-1.1 0-2 .9-2 2v14c0 1.1.9 2 2 2h11c1.1 0 2-.9 2-2V7c0-1.1-.9-2-2-2zm0 16H8V7h11v14z"/&gt;&lt;/svg&gt;            &lt;/span&gt;
        &lt;/span&gt;
    &lt;/div&gt;
    &lt;div id="trace-html-2-14" class="trace-code sf-toggle-content"&gt;
        &lt;ol start="49"&gt;&lt;li&gt;&lt;code&gt;&lt;span style="color: var(--highlight-comment)"&gt;&amp;nbsp;&amp;nbsp;&amp;nbsp;&amp;nbsp;&amp;nbsp;*/&#13;&lt;/span&gt;&lt;/code&gt;&lt;/li&gt;
&lt;li&gt;&lt;code&gt;&lt;span style="color: var(--highlight-comment)"&gt;&amp;nbsp;&amp;nbsp;&amp;nbsp;&amp;nbsp;&lt;/span&gt;&lt;span style="color: var(--highlight-keyword)"&gt;public&amp;nbsp;function&amp;nbsp;&lt;/span&gt;&lt;span style="color: var(--highlight-default)"&gt;testCreateConseilPageLoads&lt;/span&gt;&lt;span style="color: var(--highlight-keyword)"&gt;():&amp;nbsp;&lt;/span&gt;&lt;span style="color: var(--highlight-default)"&gt;void&lt;/span&gt;&lt;/code&gt;&lt;/li&gt;
&lt;li&gt;&lt;code&gt;&lt;span style="color: var(--highlight-default)"&gt;&amp;nbsp;&amp;nbsp;&amp;nbsp;&amp;nbsp;&lt;/span&gt;&lt;span style="color: var(--highlight-keyword)"&gt;{&lt;/span&gt;&lt;/code&gt;&lt;/li&gt;
&lt;li&gt;&lt;code&gt;&lt;span style="color: var(--highlight-keyword)"&gt;&amp;nbsp;&amp;nbsp;&amp;nbsp;&amp;nbsp;&amp;nbsp;&amp;nbsp;&amp;nbsp;&amp;nbsp;&lt;/span&gt;&lt;span style="color: var(--highlight-default)"&gt;$analyse&amp;nbsp;&lt;/span&gt;&lt;span style="color: var(--highlight-keyword)"&gt;=&amp;nbsp;&lt;/span&gt;&lt;span style="color: var(--highlight-default)"&gt;$this&lt;/span&gt;&lt;span style="color: var(--highlight-keyword)"&gt;-&amp;gt;&lt;/span&gt;&lt;span style="color: var(--highlight-default)"&gt;createAnalyse&lt;/span&gt;&lt;span style="color: var(--highlight-keyword)"&gt;();&lt;/span&gt;&lt;/code&gt;&lt;/li&gt;
&lt;li&gt;&lt;code&gt;&lt;span style="color: var(--highlight-keyword)"&gt;&lt;/span&gt;&lt;/code&gt;&lt;/li&gt;
&lt;li class="selected"&gt;&lt;code&gt;&lt;span style="color: var(--highlight-keyword)"&gt;&amp;nbsp;&amp;nbsp;&amp;nbsp;&amp;nbsp;&amp;nbsp;&amp;nbsp;&amp;nbsp;&amp;nbsp;&lt;/span&gt;&lt;span style="color: var(--highlight-default)"&gt;self&lt;/span&gt;&lt;span style="color: var(--highlight-keyword)"&gt;::&lt;/span&gt;&lt;span style="color: var(--highlight-default)"&gt;$client&lt;/span&gt;&lt;span style="color: var(--highlight-keyword)"&gt;-&amp;gt;&lt;/span&gt;&lt;span style="color: var(--highlight-default)"&gt;request&lt;/span&gt;&lt;span style="color: var(--highlight-keyword)"&gt;(&lt;/span&gt;&lt;span style="color: var(--highlight-string)"&gt;'GET'&lt;/span&gt;&lt;span style="color: var(--highlight-keyword)"&gt;,&amp;nbsp;&lt;/span&gt;&lt;span style="color: var(--highlight-string)"&gt;'/expert/conseil/new/'&amp;nbsp;&lt;/span&gt;&lt;span style="color: var(--highlight-keyword)"&gt;.&amp;nbsp;&lt;/span&gt;&lt;span style="color: var(--highlight-default)"&gt;$analyse&lt;/span&gt;&lt;span style="color: var(--highlight-keyword)"&gt;-&amp;gt;&lt;/span&gt;&lt;span style="color: var(--highlight-default)"&gt;getId&lt;/span&gt;&lt;span style="color: var(--highlight-keyword)"&gt;());&lt;/span&gt;&lt;/code&gt;&lt;/li&gt;
&lt;li&gt;&lt;code&gt;&lt;span style="color: var(--highlight-keyword)"&gt;&lt;/span&gt;&lt;/code&gt;&lt;/li&gt;
&lt;li&gt;&lt;code&gt;&lt;span style="color: var(--highlight-keyword)"&gt;&amp;nbsp;&amp;nbsp;&amp;nbsp;&amp;nbsp;&amp;nbsp;&amp;nbsp;&amp;nbsp;&amp;nbsp;&lt;/span&gt;&lt;span style="color: var(--highlight-default)"&gt;$this&lt;/span&gt;&lt;span style="color: var(--highlight-keyword)"&gt;-&amp;gt;&lt;/span&gt;&lt;span style="color: var(--highlight-default)"&gt;assertResponseIsSuccessful&lt;/span&gt;&lt;span style="color: var(--highlight-keyword)"&gt;();&lt;/span&gt;&lt;/code&gt;&lt;/li&gt;
&lt;li&gt;&lt;code&gt;&lt;span style="color: var(--highlight-keyword)"&gt;&amp;nbsp;&amp;nbsp;&amp;nbsp;&amp;nbsp;}&lt;/span&gt;&lt;/code&gt;&lt;/li&gt;
&lt;li&gt;&lt;code&gt;&lt;span style="color: var(--highlight-keyword)"&gt;&#13;&lt;/span&gt;&lt;/code&gt;&lt;/li&gt;
&lt;li&gt;&lt;code&gt;&lt;span style="color: var(--highlight-keyword)"&gt;&amp;nbsp;&amp;nbsp;&amp;nbsp;&amp;nbsp;&lt;/span&gt;&lt;span style="color: var(--highlight-comment)"&gt;/**&#13;&lt;/span&gt;&lt;/code&gt;&lt;/li&gt;&lt;/ol&gt;    &lt;/div&gt;            &lt;/div&gt;
                        &lt;div class="trace-line "&gt;
                &lt;div class="trace-line-header break-long-words sf-toggle" data-toggle-selector="#trace-html-2-15" data-toggle-initial=""&gt;
            &lt;span class="icon icon-close"&gt;&lt;svg width="1792" height="1792" viewBox="0 0 1792 1792" xmlns="http://www.w3.org/2000/svg"&gt;&lt;path d="M1408 960V832q0-26-19-45t-45-19H448q-26 0-45 19t-19 45v128q0 26 19 45t45 19h896q26 0 45-19t19-45zm256-544v960q0 119-84.5 203.5T1376 1664H416q-119 0-203.5-84.5T128 1376V416q0-119 84.5-203.5T416 128h960q119 0 203.5 84.5T1664 416z"/&gt;&lt;/svg&gt;&lt;/span&gt;
        &lt;span class="icon icon-open"&gt;&lt;svg width="1792" height="1792" viewBox="0 0 1792 1792" xmlns="http://www.w3.org/2000/svg"&gt;&lt;path d="M1408 960V832q0-26-19-45t-45-19h-320V448q0-26-19-45t-45-19H832q-26 0-45 19t-19 45v320H448q-26 0-45 19t-19 45v128q0 26 19 45t45 19h320v320q0 26 19 45t45 19h128q26 0 45-19t19-45v-320h320q26 0 45-19t19-45zm256-544v960q0 119-84.5 203.5T1376 1664H416q-119 0-203.5-84.5T128 1376V416q0-119 84.5-203.5T416 128h960q119 0 203.5 84.5T1664 416z"/&gt;&lt;/svg&gt;&lt;/span&gt;
    
            &lt;span class="trace-class"&gt;&lt;abbr title="App\Tests\Functional\Controller\ExpertConseilControllerTest"&gt;ExpertConseilControllerTest&lt;/abbr&gt;&lt;/span&gt;&lt;span class="trace-type"&gt;-&gt;&lt;/span&gt;&lt;span class="trace-method"&gt;testCreateConseilPageLoads&lt;/span&gt;&lt;span class="trace-arguments"&gt;()&lt;/span&gt;    
                    &lt;span class="block trace-file-path"&gt;
            in
            &lt;a href="file://C:\Users\sliti\Desktop\dev\esprit-PIDEV-3A16-2526-FARMIA\vendor\phpunit\phpunit\src\Framework\TestCase.php#L1617"&gt;
                C:\Users\sliti\Desktop\dev\esprit-PIDEV-3A16-2526-FARMIA\vendor\phpunit\phpunit\src\Framework\&lt;strong&gt;TestCase.php&lt;/strong&gt;
            &lt;/a&gt;
                        (line 1617)
            &lt;span class="icon icon-copy hidden" data-clipboard-text="C:\Users\sliti\Desktop\dev\esprit-PIDEV-3A16-2526-FARMIA\vendor\phpunit\phpunit\src\Framework\TestCase.php:1617"&gt;
                &lt;svg xmlns="http://www.w3.org/2000/svg" height="24" viewBox="0 0 24 24" width="24"&gt;&lt;path d="M0 0h24v24H0z" fill="none"/&gt;&lt;path d="M16 1H4c-1.1 0-2 .9-2 2v14h2V3h12V1zm3 4H8c-1.1 0-2 .9-2 2v14c0 1.1.9 2 2 2h11c1.1 0 2-.9 2-2V7c0-1.1-.9-2-2-2zm0 16H8V7h11v14z"/&gt;&lt;/svg&gt;            &lt;/span&gt;
        &lt;/span&gt;
    &lt;/div&gt;
    &lt;div id="trace-html-2-15" class="trace-code sf-toggle-content"&gt;
        &lt;ol start="1612"&gt;&lt;li&gt;&lt;code&gt;&lt;span style="color: var(--highlight-keyword)"&gt;&amp;nbsp;&amp;nbsp;&amp;nbsp;&amp;nbsp;&amp;nbsp;&amp;nbsp;&amp;nbsp;&amp;nbsp;&lt;/span&gt;&lt;span style="color: var(--highlight-default)"&gt;$testArguments&amp;nbsp;&lt;/span&gt;&lt;span style="color: var(--highlight-keyword)"&gt;=&amp;nbsp;&lt;/span&gt;&lt;span style="color: var(--highlight-default)"&gt;array_merge&lt;/span&gt;&lt;span style="color: var(--highlight-keyword)"&gt;(&lt;/span&gt;&lt;span style="color: var(--highlight-default)"&gt;$this&lt;/span&gt;&lt;span style="color: var(--highlight-keyword)"&gt;-&amp;gt;&lt;/span&gt;&lt;span style="color: var(--highlight-default)"&gt;data&lt;/span&gt;&lt;span style="color: var(--highlight-keyword)"&gt;,&amp;nbsp;&lt;/span&gt;&lt;span style="color: var(--highlight-default)"&gt;$this&lt;/span&gt;&lt;span style="color: var(--highlight-keyword)"&gt;-&amp;gt;&lt;/span&gt;&lt;span style="color: var(--highlight-default)"&gt;dependencyInput&lt;/span&gt;&lt;span style="color: var(--highlight-keyword)"&gt;);&lt;/span&gt;&lt;/code&gt;&lt;/li&gt;
&lt;li&gt;&lt;code&gt;&lt;span style="color: var(--highlight-keyword)"&gt;&lt;/span&gt;&lt;/code&gt;&lt;/li&gt;
&lt;li&gt;&lt;code&gt;&lt;span style="color: var(--highlight-keyword)"&gt;&amp;nbsp;&amp;nbsp;&amp;nbsp;&amp;nbsp;&amp;nbsp;&amp;nbsp;&amp;nbsp;&amp;nbsp;&lt;/span&gt;&lt;span style="color: var(--highlight-default)"&gt;$this&lt;/span&gt;&lt;span style="color: var(--highlight-keyword)"&gt;-&amp;gt;&lt;/span&gt;&lt;span style="color: var(--highlight-default)"&gt;registerMockObjectsFromTestArguments&lt;/span&gt;&lt;span style="color: var(--highlight-keyword)"&gt;(&lt;/span&gt;&lt;span style="color: var(--highlight-default)"&gt;$testArguments&lt;/span&gt;&lt;span style="color: var(--highlight-keyword)"&gt;);&lt;/span&gt;&lt;/code&gt;&lt;/li&gt;
&lt;li&gt;&lt;code&gt;&lt;span style="color: var(--highlight-keyword)"&gt;&lt;/span&gt;&lt;/code&gt;&lt;/li&gt;
&lt;li&gt;&lt;code&gt;&lt;span style="color: var(--highlight-keyword)"&gt;&amp;nbsp;&amp;nbsp;&amp;nbsp;&amp;nbsp;&amp;nbsp;&amp;nbsp;&amp;nbsp;&amp;nbsp;try&amp;nbsp;{&lt;/span&gt;&lt;/code&gt;&lt;/li&gt;
&lt;li class="selected"&gt;&lt;code&gt;&lt;span style="color: var(--highlight-keyword)"&gt;&amp;nbsp;&amp;nbsp;&amp;nbsp;&amp;nbsp;&amp;nbsp;&amp;nbsp;&amp;nbsp;&amp;nbsp;&amp;nbsp;&amp;nbsp;&amp;nbsp;&amp;nbsp;&lt;/span&gt;&lt;span style="color: var(--highlight-default)"&gt;$testResult&amp;nbsp;&lt;/span&gt;&lt;span style="color: var(--highlight-keyword)"&gt;=&amp;nbsp;&lt;/span&gt;&lt;span style="color: var(--highlight-default)"&gt;$this&lt;/span&gt;&lt;span style="color: var(--highlight-keyword)"&gt;-&amp;gt;{&lt;/span&gt;&lt;span style="color: var(--highlight-default)"&gt;$this&lt;/span&gt;&lt;span style="color: var(--highlight-keyword)"&gt;-&amp;gt;&lt;/span&gt;&lt;span style="color: var(--highlight-default)"&gt;name&lt;/span&gt;&lt;span style="color: var(--highlight-keyword)"&gt;}(...&lt;/span&gt;&lt;span style="color: var(--highlight-default)"&gt;array_values&lt;/span&gt;&lt;span style="color: var(--highlight-keyword)"&gt;(&lt;/span&gt;&lt;span style="color: var(--highlight-default)"&gt;$testArguments&lt;/span&gt;&lt;span style="color: var(--highlight-keyword)"&gt;));&lt;/span&gt;&lt;/code&gt;&lt;/li&gt;
&lt;li&gt;&lt;code&gt;&lt;span style="color: var(--highlight-keyword)"&gt;&amp;nbsp;&amp;nbsp;&amp;nbsp;&amp;nbsp;&amp;nbsp;&amp;nbsp;&amp;nbsp;&amp;nbsp;}&amp;nbsp;catch&amp;nbsp;(&lt;/span&gt;&lt;span style="color: var(--highlight-default)"&gt;Throwable&amp;nbsp;$exception&lt;/span&gt;&lt;span style="color: var(--highlight-keyword)"&gt;)&amp;nbsp;{&lt;/span&gt;&lt;/code&gt;&lt;/li&gt;
&lt;li&gt;&lt;code&gt;&lt;span style="color: var(--highlight-keyword)"&gt;&amp;nbsp;&amp;nbsp;&amp;nbsp;&amp;nbsp;&amp;nbsp;&amp;nbsp;&amp;nbsp;&amp;nbsp;&amp;nbsp;&amp;nbsp;&amp;nbsp;&amp;nbsp;if&amp;nbsp;(!&lt;/span&gt;&lt;span style="color: var(--highlight-default)"&gt;$this&lt;/span&gt;&lt;span style="color: var(--highlight-keyword)"&gt;-&amp;gt;&lt;/span&gt;&lt;span style="color: var(--highlight-default)"&gt;checkExceptionExpectations&lt;/span&gt;&lt;span style="color: var(--highlight-keyword)"&gt;(&lt;/span&gt;&lt;span style="color: var(--highlight-default)"&gt;$exception&lt;/span&gt;&lt;span style="color: var(--highlight-keyword)"&gt;))&amp;nbsp;{&lt;/span&gt;&lt;/code&gt;&lt;/li&gt;
&lt;li&gt;&lt;code&gt;&lt;span style="color: var(--highlight-keyword)"&gt;&amp;nbsp;&amp;nbsp;&amp;nbsp;&amp;nbsp;&amp;nbsp;&amp;nbsp;&amp;nbsp;&amp;nbsp;&amp;nbsp;&amp;nbsp;&amp;nbsp;&amp;nbsp;&amp;nbsp;&amp;nbsp;&amp;nbsp;&amp;nbsp;throw&amp;nbsp;&lt;/span&gt;&lt;span style="color: var(--highlight-default)"&gt;$exception&lt;/span&gt;&lt;span style="color: var(--highlight-keyword)"&gt;;&lt;/span&gt;&lt;/code&gt;&lt;/li&gt;
&lt;li&gt;&lt;code&gt;&lt;span style="color: var(--highlight-keyword)"&gt;&amp;nbsp;&amp;nbsp;&amp;nbsp;&amp;nbsp;&amp;nbsp;&amp;nbsp;&amp;nbsp;&amp;nbsp;&amp;nbsp;&amp;nbsp;&amp;nbsp;&amp;nbsp;}&lt;/span&gt;&lt;/code&gt;&lt;/li&gt;
&lt;li&gt;&lt;code&gt;&lt;span style="color: var(--highlight-keyword)"&gt;&lt;/span&gt;&lt;/code&gt;&lt;/li&gt;&lt;/ol&gt;    &lt;/div&gt;            &lt;/div&gt;
                        &lt;div class="trace-line "&gt;
                &lt;div class="trace-line-header break-long-words sf-toggle" data-toggle-selector="#trace-html-2-16" data-toggle-initial=""&gt;
            &lt;span class="icon icon-close"&gt;&lt;svg width="1792" height="1792" viewBox="0 0 1792 1792" xmlns="http://www.w3.org/2000/svg"&gt;&lt;path d="M1408 960V832q0-26-19-45t-45-19H448q-26 0-45 19t-19 45v128q0 26 19 45t45 19h896q26 0 45-19t19-45zm256-544v960q0 119-84.5 203.5T1376 1664H416q-119 0-203.5-84.5T128 1376V416q0-119 84.5-203.5T416 128h960q119 0 203.5 84.5T1664 416z"/&gt;&lt;/svg&gt;&lt;/span&gt;
        &lt;span class="icon icon-open"&gt;&lt;svg width="1792" height="1792" viewBox="0 0 1792 1792" xmlns="http://www.w3.org/2000/svg"&gt;&lt;path d="M1408 960V832q0-26-19-45t-45-19h-320V448q0-26-19-45t-45-19H832q-26 0-45 19t-19 45v320H448q-26 0-45 19t-19 45v128q0 26 19 45t45 19h320v320q0 26 19 45t45 19h128q26 0 45-19t19-45v-320h320q26 0 45-19t19-45zm256-544v960q0 119-84.5 203.5T1376 1664H416q-119 0-203.5-84.5T128 1376V416q0-119 84.5-203.5T416 128h960q119 0 203.5 84.5T1664 416z"/&gt;&lt;/svg&gt;&lt;/span&gt;
    
            &lt;span class="trace-class"&gt;&lt;abbr title="PHPUnit\Framework\TestCase"&gt;TestCase&lt;/abbr&gt;&lt;/span&gt;&lt;span class="trace-type"&gt;-&gt;&lt;/span&gt;&lt;span class="trace-method"&gt;runTest&lt;/span&gt;&lt;span class="trace-arguments"&gt;()&lt;/span&gt;    
                    &lt;span class="block trace-file-path"&gt;
            in
            &lt;a href="file://C:\Users\sliti\Desktop\dev\esprit-PIDEV-3A16-2526-FARMIA\vendor\phpunit\phpunit\src\Framework\TestCase.php#L1223"&gt;
                C:\Users\sliti\Desktop\dev\esprit-PIDEV-3A16-2526-FARMIA\vendor\phpunit\phpunit\src\Framework\&lt;strong&gt;TestCase.php&lt;/strong&gt;
            &lt;/a&gt;
                        (line 1223)
            &lt;span class="icon icon-copy hidden" data-clipboard-text="C:\Users\sliti\Desktop\dev\esprit-PIDEV-3A16-2526-FARMIA\vendor\phpunit\phpunit\src\Framework\TestCase.php:1223"&gt;
                &lt;svg xmlns="http://www.w3.org/2000/svg" height="24" viewBox="0 0 24 24" width="24"&gt;&lt;path d="M0 0h24v24H0z" fill="none"/&gt;&lt;path d="M16 1H4c-1.1 0-2 .9-2 2v14h2V3h12V1zm3 4H8c-1.1 0-2 .9-2 2v14c0 1.1.9 2 2 2h11c1.1 0 2-.9 2-2V7c0-1.1-.9-2-2-2zm0 16H8V7h11v14z"/&gt;&lt;/svg&gt;            &lt;/span&gt;
        &lt;/span&gt;
    &lt;/div&gt;
    &lt;div id="trace-html-2-16" class="trace-code sf-toggle-content"&gt;
        &lt;ol start="1218"&gt;&lt;li&gt;&lt;code&gt;&lt;span style="color: var(--highlight-keyword)"&gt;&lt;/span&gt;&lt;/code&gt;&lt;/li&gt;
&lt;li&gt;&lt;code&gt;&lt;span style="color: var(--highlight-keyword)"&gt;&amp;nbsp;&amp;nbsp;&amp;nbsp;&amp;nbsp;&amp;nbsp;&amp;nbsp;&amp;nbsp;&amp;nbsp;&amp;nbsp;&amp;nbsp;&amp;nbsp;&amp;nbsp;foreach&amp;nbsp;(&lt;/span&gt;&lt;span style="color: var(--highlight-default)"&gt;$hookMethods&lt;/span&gt;&lt;span style="color: var(--highlight-keyword)"&gt;[&lt;/span&gt;&lt;span style="color: var(--highlight-string)"&gt;'preCondition'&lt;/span&gt;&lt;span style="color: var(--highlight-keyword)"&gt;]&amp;nbsp;as&amp;nbsp;&lt;/span&gt;&lt;span style="color: var(--highlight-default)"&gt;$method&lt;/span&gt;&lt;span style="color: var(--highlight-keyword)"&gt;)&amp;nbsp;{&lt;/span&gt;&lt;/code&gt;&lt;/li&gt;
&lt;li&gt;&lt;code&gt;&lt;span style="color: var(--highlight-keyword)"&gt;&amp;nbsp;&amp;nbsp;&amp;nbsp;&amp;nbsp;&amp;nbsp;&amp;nbsp;&amp;nbsp;&amp;nbsp;&amp;nbsp;&amp;nbsp;&amp;nbsp;&amp;nbsp;&amp;nbsp;&amp;nbsp;&amp;nbsp;&amp;nbsp;&lt;/span&gt;&lt;span style="color: var(--highlight-default)"&gt;$this&lt;/span&gt;&lt;span style="color: var(--highlight-keyword)"&gt;-&amp;gt;{&lt;/span&gt;&lt;span style="color: var(--highlight-default)"&gt;$method&lt;/span&gt;&lt;span style="color: var(--highlight-keyword)"&gt;}();&lt;/span&gt;&lt;/code&gt;&lt;/li&gt;
&lt;li&gt;&lt;code&gt;&lt;span style="color: var(--highlight-keyword)"&gt;&amp;nbsp;&amp;nbsp;&amp;nbsp;&amp;nbsp;&amp;nbsp;&amp;nbsp;&amp;nbsp;&amp;nbsp;&amp;nbsp;&amp;nbsp;&amp;nbsp;&amp;nbsp;}&lt;/span&gt;&lt;/code&gt;&lt;/li&gt;
&lt;li&gt;&lt;code&gt;&lt;span style="color: var(--highlight-keyword)"&gt;&lt;/span&gt;&lt;/code&gt;&lt;/li&gt;
&lt;li class="selected"&gt;&lt;code&gt;&lt;span style="color: var(--highlight-keyword)"&gt;&amp;nbsp;&amp;nbsp;&amp;nbsp;&amp;nbsp;&amp;nbsp;&amp;nbsp;&amp;nbsp;&amp;nbsp;&amp;nbsp;&amp;nbsp;&amp;nbsp;&amp;nbsp;&lt;/span&gt;&lt;span style="color: var(--highlight-default)"&gt;$this&lt;/span&gt;&lt;span style="color: var(--highlight-keyword)"&gt;-&amp;gt;&lt;/span&gt;&lt;span style="color: var(--highlight-default)"&gt;testResult&amp;nbsp;&lt;/span&gt;&lt;span style="color: var(--highlight-keyword)"&gt;=&amp;nbsp;&lt;/span&gt;&lt;span style="color: var(--highlight-default)"&gt;$this&lt;/span&gt;&lt;span style="color: var(--highlight-keyword)"&gt;-&amp;gt;&lt;/span&gt;&lt;span style="color: var(--highlight-default)"&gt;runTest&lt;/span&gt;&lt;span style="color: var(--highlight-keyword)"&gt;();&lt;/span&gt;&lt;/code&gt;&lt;/li&gt;
&lt;li&gt;&lt;code&gt;&lt;span style="color: var(--highlight-keyword)"&gt;&amp;nbsp;&amp;nbsp;&amp;nbsp;&amp;nbsp;&amp;nbsp;&amp;nbsp;&amp;nbsp;&amp;nbsp;&amp;nbsp;&amp;nbsp;&amp;nbsp;&amp;nbsp;&lt;/span&gt;&lt;span style="color: var(--highlight-default)"&gt;$this&lt;/span&gt;&lt;span style="color: var(--highlight-keyword)"&gt;-&amp;gt;&lt;/span&gt;&lt;span style="color: var(--highlight-default)"&gt;verifyMockObjects&lt;/span&gt;&lt;span style="color: var(--highlight-keyword)"&gt;();&lt;/span&gt;&lt;/code&gt;&lt;/li&gt;
&lt;li&gt;&lt;code&gt;&lt;span style="color: var(--highlight-keyword)"&gt;&lt;/span&gt;&lt;/code&gt;&lt;/li&gt;
&lt;li&gt;&lt;code&gt;&lt;span style="color: var(--highlight-keyword)"&gt;&amp;nbsp;&amp;nbsp;&amp;nbsp;&amp;nbsp;&amp;nbsp;&amp;nbsp;&amp;nbsp;&amp;nbsp;&amp;nbsp;&amp;nbsp;&amp;nbsp;&amp;nbsp;foreach&amp;nbsp;(&lt;/span&gt;&lt;span style="color: var(--highlight-default)"&gt;$hookMethods&lt;/span&gt;&lt;span style="color: var(--highlight-keyword)"&gt;[&lt;/span&gt;&lt;span style="color: var(--highlight-string)"&gt;'postCondition'&lt;/span&gt;&lt;span style="color: var(--highlight-keyword)"&gt;]&amp;nbsp;as&amp;nbsp;&lt;/span&gt;&lt;span style="color: var(--highlight-default)"&gt;$method&lt;/span&gt;&lt;span style="color: var(--highlight-keyword)"&gt;)&amp;nbsp;{&lt;/span&gt;&lt;/code&gt;&lt;/li&gt;
&lt;li&gt;&lt;code&gt;&lt;span style="color: var(--highlight-keyword)"&gt;&amp;nbsp;&amp;nbsp;&amp;nbsp;&amp;nbsp;&amp;nbsp;&amp;nbsp;&amp;nbsp;&amp;nbsp;&amp;nbsp;&amp;nbsp;&amp;nbsp;&amp;nbsp;&amp;nbsp;&amp;nbsp;&amp;nbsp;&amp;nbsp;&lt;/span&gt;&lt;span style="color: var(--highlight-default)"&gt;$this&lt;/span&gt;&lt;span style="color: var(--highlight-keyword)"&gt;-&amp;gt;{&lt;/span&gt;&lt;span style="color: var(--highlight-default)"&gt;$method&lt;/span&gt;&lt;span style="color: var(--highlight-keyword)"&gt;}();&lt;/span&gt;&lt;/code&gt;&lt;/li&gt;
&lt;li&gt;&lt;code&gt;&lt;span style="color: var(--highlight-keyword)"&gt;&amp;nbsp;&amp;nbsp;&amp;nbsp;&amp;nbsp;&amp;nbsp;&amp;nbsp;&amp;nbsp;&amp;nbsp;&amp;nbsp;&amp;nbsp;&amp;nbsp;&amp;nbsp;}&lt;/span&gt;&lt;/code&gt;&lt;/li&gt;&lt;/ol&gt;    &lt;/div&gt;            &lt;/div&gt;
                        &lt;div class="trace-line "&gt;
                &lt;div class="trace-line-header break-long-words sf-toggle" data-toggle-selector="#trace-html-2-17" data-toggle-initial=""&gt;
            &lt;span class="icon icon-close"&gt;&lt;svg width="1792" height="1792" viewBox="0 0 1792 1792" xmlns="http://www.w3.org/2000/svg"&gt;&lt;path d="M1408 960V832q0-26-19-45t-45-19H448q-26 0-45 19t-19 45v128q0 26 19 45t45 19h896q26 0 45-19t19-45zm256-544v960q0 119-84.5 203.5T1376 1664H416q-119 0-203.5-84.5T128 1376V416q0-119 84.5-203.5T416 128h960q119 0 203.5 84.5T1664 416z"/&gt;&lt;/svg&gt;&lt;/span&gt;
        &lt;span class="icon icon-open"&gt;&lt;svg width="1792" height="1792" viewBox="0 0 1792 1792" xmlns="http://www.w3.org/2000/svg"&gt;&lt;path d="M1408 960V832q0-26-19-45t-45-19h-320V448q0-26-19-45t-45-19H832q-26 0-45 19t-19 45v320H448q-26 0-45 19t-19 45v128q0 26 19 45t45 19h320v320q0 26 19 45t45 19h128q26 0 45-19t19-45v-320h320q26 0 45-19t19-45zm256-544v960q0 119-84.5 203.5T1376 1664H416q-119 0-203.5-84.5T128 1376V416q0-119 84.5-203.5T416 128h960q119 0 203.5 84.5T1664 416z"/&gt;&lt;/svg&gt;&lt;/span&gt;
    
            &lt;span class="trace-class"&gt;&lt;abbr title="PHPUnit\Framework\TestCase"&gt;TestCase&lt;/abbr&gt;&lt;/span&gt;&lt;span class="trace-type"&gt;-&gt;&lt;/span&gt;&lt;span class="trace-method"&gt;runBare&lt;/span&gt;&lt;span class="trace-arguments"&gt;()&lt;/span&gt;    
                    &lt;span class="block trace-file-path"&gt;
            in
            &lt;a href="file://C:\Users\sliti\Desktop\dev\esprit-PIDEV-3A16-2526-FARMIA\vendor\phpunit\phpunit\src\Framework\TestResult.php#L729"&gt;
                C:\Users\sliti\Desktop\dev\esprit-PIDEV-3A16-2526-FARMIA\vendor\phpunit\phpunit\src\Framework\&lt;strong&gt;TestResult.php&lt;/strong&gt;
            &lt;/a&gt;
                        (line 729)
            &lt;span class="icon icon-copy hidden" data-clipboard-text="C:\Users\sliti\Desktop\dev\esprit-PIDEV-3A16-2526-FARMIA\vendor\phpunit\phpunit\src\Framework\TestResult.php:729"&gt;
                &lt;svg xmlns="http://www.w3.org/2000/svg" height="24" viewBox="0 0 24 24" width="24"&gt;&lt;path d="M0 0h24v24H0z" fill="none"/&gt;&lt;path d="M16 1H4c-1.1 0-2 .9-2 2v14h2V3h12V1zm3 4H8c-1.1 0-2 .9-2 2v14c0 1.1.9 2 2 2h11c1.1 0 2-.9 2-2V7c0-1.1-.9-2-2-2zm0 16H8V7h11v14z"/&gt;&lt;/svg&gt;            &lt;/span&gt;
        &lt;/span&gt;
    &lt;/div&gt;
    &lt;div id="trace-html-2-17" class="trace-code sf-toggle-content"&gt;
        &lt;ol start="724"&gt;&lt;li&gt;&lt;code&gt;&lt;span style="color: var(--highlight-keyword)"&gt;&amp;nbsp;&amp;nbsp;&amp;nbsp;&amp;nbsp;&amp;nbsp;&amp;nbsp;&amp;nbsp;&amp;nbsp;&amp;nbsp;&amp;nbsp;&amp;nbsp;&amp;nbsp;&amp;nbsp;&amp;nbsp;&amp;nbsp;&amp;nbsp;&amp;nbsp;&amp;nbsp;&amp;nbsp;&amp;nbsp;&amp;nbsp;&amp;nbsp;&amp;nbsp;&amp;nbsp;&lt;/span&gt;&lt;span style="color: var(--highlight-default)"&gt;$_timeout&amp;nbsp;&lt;/span&gt;&lt;span style="color: var(--highlight-keyword)"&gt;=&amp;nbsp;&lt;/span&gt;&lt;span style="color: var(--highlight-default)"&gt;$this&lt;/span&gt;&lt;span style="color: var(--highlight-keyword)"&gt;-&amp;gt;&lt;/span&gt;&lt;span style="color: var(--highlight-default)"&gt;defaultTimeLimit&lt;/span&gt;&lt;span style="color: var(--highlight-keyword)"&gt;;&lt;/span&gt;&lt;/code&gt;&lt;/li&gt;
&lt;li&gt;&lt;code&gt;&lt;span style="color: var(--highlight-keyword)"&gt;&amp;nbsp;&amp;nbsp;&amp;nbsp;&amp;nbsp;&amp;nbsp;&amp;nbsp;&amp;nbsp;&amp;nbsp;&amp;nbsp;&amp;nbsp;&amp;nbsp;&amp;nbsp;&amp;nbsp;&amp;nbsp;&amp;nbsp;&amp;nbsp;}&lt;/span&gt;&lt;/code&gt;&lt;/li&gt;
&lt;li&gt;&lt;code&gt;&lt;span style="color: var(--highlight-keyword)"&gt;&lt;/span&gt;&lt;/code&gt;&lt;/li&gt;
&lt;li&gt;&lt;code&gt;&lt;span style="color: var(--highlight-keyword)"&gt;&amp;nbsp;&amp;nbsp;&amp;nbsp;&amp;nbsp;&amp;nbsp;&amp;nbsp;&amp;nbsp;&amp;nbsp;&amp;nbsp;&amp;nbsp;&amp;nbsp;&amp;nbsp;&amp;nbsp;&amp;nbsp;&amp;nbsp;&amp;nbsp;&lt;/span&gt;&lt;span style="color: var(--highlight-default)"&gt;$invoker&lt;/span&gt;&lt;span style="color: var(--highlight-keyword)"&gt;-&amp;gt;&lt;/span&gt;&lt;span style="color: var(--highlight-default)"&gt;invoke&lt;/span&gt;&lt;span style="color: var(--highlight-keyword)"&gt;([&lt;/span&gt;&lt;span style="color: var(--highlight-default)"&gt;$test&lt;/span&gt;&lt;span style="color: var(--highlight-keyword)"&gt;,&amp;nbsp;&lt;/span&gt;&lt;span style="color: var(--highlight-string)"&gt;'runBare'&lt;/span&gt;&lt;span style="color: var(--highlight-keyword)"&gt;],&amp;nbsp;[],&amp;nbsp;&lt;/span&gt;&lt;span style="color: var(--highlight-default)"&gt;$_timeout&lt;/span&gt;&lt;span style="color: var(--highlight-keyword)"&gt;);&lt;/span&gt;&lt;/code&gt;&lt;/li&gt;
&lt;li&gt;&lt;code&gt;&lt;span style="color: var(--highlight-keyword)"&gt;&amp;nbsp;&amp;nbsp;&amp;nbsp;&amp;nbsp;&amp;nbsp;&amp;nbsp;&amp;nbsp;&amp;nbsp;&amp;nbsp;&amp;nbsp;&amp;nbsp;&amp;nbsp;}&amp;nbsp;else&amp;nbsp;{&lt;/span&gt;&lt;/code&gt;&lt;/li&gt;
&lt;li class="selected"&gt;&lt;code&gt;&lt;span style="color: var(--highlight-keyword)"&gt;&amp;nbsp;&amp;nbsp;&amp;nbsp;&amp;nbsp;&amp;nbsp;&amp;nbsp;&amp;nbsp;&amp;nbsp;&amp;nbsp;&amp;nbsp;&amp;nbsp;&amp;nbsp;&amp;nbsp;&amp;nbsp;&amp;nbsp;&amp;nbsp;&lt;/span&gt;&lt;span style="color: var(--highlight-default)"&gt;$test&lt;/span&gt;&lt;span style="color: var(--highlight-keyword)"&gt;-&amp;gt;&lt;/span&gt;&lt;span style="color: var(--highlight-default)"&gt;runBare&lt;/span&gt;&lt;span style="color: var(--highlight-keyword)"&gt;();&lt;/span&gt;&lt;/code&gt;&lt;/li&gt;
&lt;li&gt;&lt;code&gt;&lt;span style="color: var(--highlight-keyword)"&gt;&amp;nbsp;&amp;nbsp;&amp;nbsp;&amp;nbsp;&amp;nbsp;&amp;nbsp;&amp;nbsp;&amp;nbsp;&amp;nbsp;&amp;nbsp;&amp;nbsp;&amp;nbsp;}&lt;/span&gt;&lt;/code&gt;&lt;/li&gt;
&lt;li&gt;&lt;code&gt;&lt;span style="color: var(--highlight-keyword)"&gt;&amp;nbsp;&amp;nbsp;&amp;nbsp;&amp;nbsp;&amp;nbsp;&amp;nbsp;&amp;nbsp;&amp;nbsp;}&amp;nbsp;catch&amp;nbsp;(&lt;/span&gt;&lt;span style="color: var(--highlight-default)"&gt;TimeoutException&amp;nbsp;$e&lt;/span&gt;&lt;span style="color: var(--highlight-keyword)"&gt;)&amp;nbsp;{&lt;/span&gt;&lt;/code&gt;&lt;/li&gt;
&lt;li&gt;&lt;code&gt;&lt;span style="color: var(--highlight-keyword)"&gt;&amp;nbsp;&amp;nbsp;&amp;nbsp;&amp;nbsp;&amp;nbsp;&amp;nbsp;&amp;nbsp;&amp;nbsp;&amp;nbsp;&amp;nbsp;&amp;nbsp;&amp;nbsp;&lt;/span&gt;&lt;span style="color: var(--highlight-default)"&gt;$this&lt;/span&gt;&lt;span style="color: var(--highlight-keyword)"&gt;-&amp;gt;&lt;/span&gt;&lt;span style="color: var(--highlight-default)"&gt;addFailure&lt;/span&gt;&lt;span style="color: var(--highlight-keyword)"&gt;(&lt;/span&gt;&lt;/code&gt;&lt;/li&gt;
&lt;li&gt;&lt;code&gt;&lt;span style="color: var(--highlight-keyword)"&gt;&amp;nbsp;&amp;nbsp;&amp;nbsp;&amp;nbsp;&amp;nbsp;&amp;nbsp;&amp;nbsp;&amp;nbsp;&amp;nbsp;&amp;nbsp;&amp;nbsp;&amp;nbsp;&amp;nbsp;&amp;nbsp;&amp;nbsp;&amp;nbsp;&lt;/span&gt;&lt;span style="color: var(--highlight-default)"&gt;$test&lt;/span&gt;&lt;span style="color: var(--highlight-keyword)"&gt;,&lt;/span&gt;&lt;/code&gt;&lt;/li&gt;
&lt;li&gt;&lt;code&gt;&lt;span style="color: var(--highlight-keyword)"&gt;&amp;nbsp;&amp;nbsp;&amp;nbsp;&amp;nbsp;&amp;nbsp;&amp;nbsp;&amp;nbsp;&amp;nbsp;&amp;nbsp;&amp;nbsp;&amp;nbsp;&amp;nbsp;&amp;nbsp;&amp;nbsp;&amp;nbsp;&amp;nbsp;new&amp;nbsp;&lt;/span&gt;&lt;span style="color: var(--highlight-default)"&gt;RiskyTestError&lt;/span&gt;&lt;span style="color: var(--highlight-keyword)"&gt;(&lt;/span&gt;&lt;/code&gt;&lt;/li&gt;&lt;/ol&gt;    &lt;/div&gt;            &lt;/div&gt;
                        &lt;div class="trace-line "&gt;
                &lt;div class="trace-line-header break-long-words sf-toggle" data-toggle-selector="#trace-html-2-18" data-toggle-initial=""&gt;
            &lt;span class="icon icon-close"&gt;&lt;svg width="1792" height="1792" viewBox="0 0 1792 1792" xmlns="http://www.w3.org/2000/svg"&gt;&lt;path d="M1408 960V832q0-26-19-45t-45-19H448q-26 0-45 19t-19 45v128q0 26 19 45t45 19h896q26 0 45-19t19-45zm256-544v960q0 119-84.5 203.5T1376 1664H416q-119 0-203.5-84.5T128 1376V416q0-119 84.5-203.5T416 128h960q119 0 203.5 84.5T1664 416z"/&gt;&lt;/svg&gt;&lt;/span&gt;
        &lt;span class="icon icon-open"&gt;&lt;svg width="1792" height="1792" viewBox="0 0 1792 1792" xmlns="http://www.w3.org/2000/svg"&gt;&lt;path d="M1408 960V832q0-26-19-45t-45-19h-320V448q0-26-19-45t-45-19H832q-26 0-45 19t-19 45v320H448q-26 0-45 19t-19 45v128q0 26 19 45t45 19h320v320q0 26 19 45t45 19h128q26 0 45-19t19-45v-320h320q26 0 45-19t19-45zm256-544v960q0 119-84.5 203.5T1376 1664H416q-119 0-203.5-84.5T128 1376V416q0-119 84.5-203.5T416 128h960q119 0 203.5 84.5T1664 416z"/&gt;&lt;/svg&gt;&lt;/span&gt;
    
            &lt;span class="trace-class"&gt;&lt;abbr title="PHPUnit\Framework\TestResult"&gt;TestResult&lt;/abbr&gt;&lt;/span&gt;&lt;span class="trace-type"&gt;-&gt;&lt;/span&gt;&lt;span class="trace-method"&gt;run&lt;/span&gt;&lt;span class="trace-arguments"&gt;(&lt;em&gt;object&lt;/em&gt;(&lt;abbr title="App\Tests\Functional\Controller\ExpertConseilControllerTest"&gt;ExpertConseilControllerTest&lt;/abbr&gt;))&lt;/span&gt;    
                    &lt;span class="block trace-file-path"&gt;
            in
            &lt;a href="file://C:\Users\sliti\Desktop\dev\esprit-PIDEV-3A16-2526-FARMIA\vendor\phpunit\phpunit\src\Framework\TestCase.php#L973"&gt;
                C:\Users\sliti\Desktop\dev\esprit-PIDEV-3A16-2526-FARMIA\vendor\phpunit\phpunit\src\Framework\&lt;strong&gt;TestCase.php&lt;/strong&gt;
            &lt;/a&gt;
                        (line 973)
            &lt;span class="icon icon-copy hidden" data-clipboard-text="C:\Users\sliti\Desktop\dev\esprit-PIDEV-3A16-2526-FARMIA\vendor\phpunit\phpunit\src\Framework\TestCase.php:973"&gt;
                &lt;svg xmlns="http://www.w3.org/2000/svg" height="24" viewBox="0 0 24 24" width="24"&gt;&lt;path d="M0 0h24v24H0z" fill="none"/&gt;&lt;path d="M16 1H4c-1.1 0-2 .9-2 2v14h2V3h12V1zm3 4H8c-1.1 0-2 .9-2 2v14c0 1.1.9 2 2 2h11c1.1 0 2-.9 2-2V7c0-1.1-.9-2-2-2zm0 16H8V7h11v14z"/&gt;&lt;/svg&gt;            &lt;/span&gt;
        &lt;/span&gt;
    &lt;/div&gt;
    &lt;div id="trace-html-2-18" class="trace-code sf-toggle-content"&gt;
        &lt;ol start="968"&gt;&lt;li&gt;&lt;code&gt;&lt;span style="color: var(--highlight-keyword)"&gt;&amp;nbsp;&amp;nbsp;&amp;nbsp;&amp;nbsp;&amp;nbsp;&amp;nbsp;&amp;nbsp;&amp;nbsp;&amp;nbsp;&amp;nbsp;&amp;nbsp;&amp;nbsp;&lt;/span&gt;&lt;span style="color: var(--highlight-default)"&gt;$template&lt;/span&gt;&lt;span style="color: var(--highlight-keyword)"&gt;-&amp;gt;&lt;/span&gt;&lt;span style="color: var(--highlight-default)"&gt;setVar&lt;/span&gt;&lt;span style="color: var(--highlight-keyword)"&gt;(&lt;/span&gt;&lt;span style="color: var(--highlight-default)"&gt;$var&lt;/span&gt;&lt;span style="color: var(--highlight-keyword)"&gt;);&lt;/span&gt;&lt;/code&gt;&lt;/li&gt;
&lt;li&gt;&lt;code&gt;&lt;span style="color: var(--highlight-keyword)"&gt;&lt;/span&gt;&lt;/code&gt;&lt;/li&gt;
&lt;li&gt;&lt;code&gt;&lt;span style="color: var(--highlight-keyword)"&gt;&amp;nbsp;&amp;nbsp;&amp;nbsp;&amp;nbsp;&amp;nbsp;&amp;nbsp;&amp;nbsp;&amp;nbsp;&amp;nbsp;&amp;nbsp;&amp;nbsp;&amp;nbsp;&lt;/span&gt;&lt;span style="color: var(--highlight-default)"&gt;$php&amp;nbsp;&lt;/span&gt;&lt;span style="color: var(--highlight-keyword)"&gt;=&amp;nbsp;&lt;/span&gt;&lt;span style="color: var(--highlight-default)"&gt;AbstractPhpProcess&lt;/span&gt;&lt;span style="color: var(--highlight-keyword)"&gt;::&lt;/span&gt;&lt;span style="color: var(--highlight-default)"&gt;factory&lt;/span&gt;&lt;span style="color: var(--highlight-keyword)"&gt;();&lt;/span&gt;&lt;/code&gt;&lt;/li&gt;
&lt;li&gt;&lt;code&gt;&lt;span style="color: var(--highlight-keyword)"&gt;&amp;nbsp;&amp;nbsp;&amp;nbsp;&amp;nbsp;&amp;nbsp;&amp;nbsp;&amp;nbsp;&amp;nbsp;&amp;nbsp;&amp;nbsp;&amp;nbsp;&amp;nbsp;&lt;/span&gt;&lt;span style="color: var(--highlight-default)"&gt;$php&lt;/span&gt;&lt;span style="color: var(--highlight-keyword)"&gt;-&amp;gt;&lt;/span&gt;&lt;span style="color: var(--highlight-default)"&gt;runTestJob&lt;/span&gt;&lt;span style="color: var(--highlight-keyword)"&gt;(&lt;/span&gt;&lt;span style="color: var(--highlight-default)"&gt;$template&lt;/span&gt;&lt;span style="color: var(--highlight-keyword)"&gt;-&amp;gt;&lt;/span&gt;&lt;span style="color: var(--highlight-default)"&gt;render&lt;/span&gt;&lt;span style="color: var(--highlight-keyword)"&gt;(),&amp;nbsp;&lt;/span&gt;&lt;span style="color: var(--highlight-default)"&gt;$this&lt;/span&gt;&lt;span style="color: var(--highlight-keyword)"&gt;,&amp;nbsp;&lt;/span&gt;&lt;span style="color: var(--highlight-default)"&gt;$result&lt;/span&gt;&lt;span style="color: var(--highlight-keyword)"&gt;,&amp;nbsp;&lt;/span&gt;&lt;span style="color: var(--highlight-default)"&gt;$processResultFile&lt;/span&gt;&lt;span style="color: var(--highlight-keyword)"&gt;);&lt;/span&gt;&lt;/code&gt;&lt;/li&gt;
&lt;li&gt;&lt;code&gt;&lt;span style="color: var(--highlight-keyword)"&gt;&amp;nbsp;&amp;nbsp;&amp;nbsp;&amp;nbsp;&amp;nbsp;&amp;nbsp;&amp;nbsp;&amp;nbsp;}&amp;nbsp;else&amp;nbsp;{&lt;/span&gt;&lt;/code&gt;&lt;/li&gt;
&lt;li class="selected"&gt;&lt;code&gt;&lt;span style="color: var(--highlight-keyword)"&gt;&amp;nbsp;&amp;nbsp;&amp;nbsp;&amp;nbsp;&amp;nbsp;&amp;nbsp;&amp;nbsp;&amp;nbsp;&amp;nbsp;&amp;nbsp;&amp;nbsp;&amp;nbsp;&lt;/span&gt;&lt;span style="color: var(--highlight-default)"&gt;$result&lt;/span&gt;&lt;span style="color: var(--highlight-keyword)"&gt;-&amp;gt;&lt;/span&gt;&lt;span style="color: var(--highlight-default)"&gt;run&lt;/span&gt;&lt;span style="color: var(--highlight-keyword)"&gt;(&lt;/span&gt;&lt;span style="color: var(--highlight-default)"&gt;$this&lt;/span&gt;&lt;span style="color: var(--highlight-keyword)"&gt;);&lt;/span&gt;&lt;/code&gt;&lt;/li&gt;
&lt;li&gt;&lt;code&gt;&lt;span style="color: var(--highlight-keyword)"&gt;&amp;nbsp;&amp;nbsp;&amp;nbsp;&amp;nbsp;&amp;nbsp;&amp;nbsp;&amp;nbsp;&amp;nbsp;}&lt;/span&gt;&lt;/code&gt;&lt;/li&gt;
&lt;li&gt;&lt;code&gt;&lt;span style="color: var(--highlight-keyword)"&gt;&lt;/span&gt;&lt;/code&gt;&lt;/li&gt;
&lt;li&gt;&lt;code&gt;&lt;span style="color: var(--highlight-keyword)"&gt;&amp;nbsp;&amp;nbsp;&amp;nbsp;&amp;nbsp;&amp;nbsp;&amp;nbsp;&amp;nbsp;&amp;nbsp;&lt;/span&gt;&lt;span style="color: var(--highlight-default)"&gt;$this&lt;/span&gt;&lt;span style="color: var(--highlight-keyword)"&gt;-&amp;gt;&lt;/span&gt;&lt;span style="color: var(--highlight-default)"&gt;result&amp;nbsp;&lt;/span&gt;&lt;span style="color: var(--highlight-keyword)"&gt;=&amp;nbsp;&lt;/span&gt;&lt;span style="color: var(--highlight-default)"&gt;null&lt;/span&gt;&lt;span style="color: var(--highlight-keyword)"&gt;;&lt;/span&gt;&lt;/code&gt;&lt;/li&gt;
&lt;li&gt;&lt;code&gt;&lt;span style="color: var(--highlight-keyword)"&gt;&lt;/span&gt;&lt;/code&gt;&lt;/li&gt;
&lt;li&gt;&lt;code&gt;&lt;span style="color: var(--highlight-keyword)"&gt;&amp;nbsp;&amp;nbsp;&amp;nbsp;&amp;nbsp;&amp;nbsp;&amp;nbsp;&amp;nbsp;&amp;nbsp;return&amp;nbsp;&lt;/span&gt;&lt;span style="color: var(--highlight-default)"&gt;$result&lt;/span&gt;&lt;span style="color: var(--highlight-keyword)"&gt;;&lt;/span&gt;&lt;/code&gt;&lt;/li&gt;&lt;/ol&gt;    &lt;/div&gt;            &lt;/div&gt;
                        &lt;div class="trace-line "&gt;
                &lt;div class="trace-line-header break-long-words sf-toggle" data-toggle-selector="#trace-html-2-19" data-toggle-initial=""&gt;
            &lt;span class="icon icon-close"&gt;&lt;svg width="1792" height="1792" viewBox="0 0 1792 1792" xmlns="http://www.w3.org/2000/svg"&gt;&lt;path d="M1408 960V832q0-26-19-45t-45-19H448q-26 0-45 19t-19 45v128q0 26 19 45t45 19h896q26 0 45-19t19-45zm256-544v960q0 119-84.5 203.5T1376 1664H416q-119 0-203.5-84.5T128 1376V416q0-119 84.5-203.5T416 128h960q119 0 203.5 84.5T1664 416z"/&gt;&lt;/svg&gt;&lt;/span&gt;
        &lt;span class="icon icon-open"&gt;&lt;svg width="1792" height="1792" viewBox="0 0 1792 1792" xmlns="http://www.w3.org/2000/svg"&gt;&lt;path d="M1408 960V832q0-26-19-45t-45-19h-320V448q0-26-19-45t-45-19H832q-26 0-45 19t-19 45v320H448q-26 0-45 19t-19 45v128q0 26 19 45t45 19h320v320q0 26 19 45t45 19h128q26 0 45-19t19-45v-320h320q26 0 45-19t19-45zm256-544v960q0 119-84.5 203.5T1376 1664H416q-119 0-203.5-84.5T128 1376V416q0-119 84.5-203.5T416 128h960q119 0 203.5 84.5T1664 416z"/&gt;&lt;/svg&gt;&lt;/span&gt;
    
            &lt;span class="trace-class"&gt;&lt;abbr title="PHPUnit\Framework\TestCase"&gt;TestCase&lt;/abbr&gt;&lt;/span&gt;&lt;span class="trace-type"&gt;-&gt;&lt;/span&gt;&lt;span class="trace-method"&gt;run&lt;/span&gt;&lt;span class="trace-arguments"&gt;(&lt;em&gt;object&lt;/em&gt;(&lt;abbr title="PHPUnit\Framework\TestResult"&gt;TestResult&lt;/abbr&gt;))&lt;/span&gt;    
                    &lt;span class="block trace-file-path"&gt;
            in
            &lt;a href="file://C:\Users\sliti\Desktop\dev\esprit-PIDEV-3A16-2526-FARMIA\vendor\phpunit\phpunit\src\Framework\TestSuite.php#L685"&gt;
                C:\Users\sliti\Desktop\dev\esprit-PIDEV-3A16-2526-FARMIA\vendor\phpunit\phpunit\src\Framework\&lt;strong&gt;TestSuite.php&lt;/strong&gt;
            &lt;/a&gt;
                        (line 685)
            &lt;span class="icon icon-copy hidden" data-clipboard-text="C:\Users\sliti\Desktop\dev\esprit-PIDEV-3A16-2526-FARMIA\vendor\phpunit\phpunit\src\Framework\TestSuite.php:685"&gt;
                &lt;svg xmlns="http://www.w3.org/2000/svg" height="24" viewBox="0 0 24 24" width="24"&gt;&lt;path d="M0 0h24v24H0z" fill="none"/&gt;&lt;path d="M16 1H4c-1.1 0-2 .9-2 2v14h2V3h12V1zm3 4H8c-1.1 0-2 .9-2 2v14c0 1.1.9 2 2 2h11c1.1 0 2-.9 2-2V7c0-1.1-.9-2-2-2zm0 16H8V7h11v14z"/&gt;&lt;/svg&gt;            &lt;/span&gt;
        &lt;/span&gt;
    &lt;/div&gt;
    &lt;div id="trace-html-2-19" class="trace-code sf-toggle-content"&gt;
        &lt;ol start="680"&gt;&lt;li&gt;&lt;code&gt;&lt;span style="color: var(--highlight-keyword)"&gt;&amp;nbsp;&amp;nbsp;&amp;nbsp;&amp;nbsp;&amp;nbsp;&amp;nbsp;&amp;nbsp;&amp;nbsp;&amp;nbsp;&amp;nbsp;&amp;nbsp;&amp;nbsp;&amp;nbsp;&amp;nbsp;&amp;nbsp;&amp;nbsp;&lt;/span&gt;&lt;span style="color: var(--highlight-default)"&gt;$test&lt;/span&gt;&lt;span style="color: var(--highlight-keyword)"&gt;-&amp;gt;&lt;/span&gt;&lt;span style="color: var(--highlight-default)"&gt;setBackupGlobals&lt;/span&gt;&lt;span style="color: var(--highlight-keyword)"&gt;(&lt;/span&gt;&lt;span style="color: var(--highlight-default)"&gt;$this&lt;/span&gt;&lt;span style="color: var(--highlight-keyword)"&gt;-&amp;gt;&lt;/span&gt;&lt;span style="color: var(--highlight-default)"&gt;backupGlobals&lt;/span&gt;&lt;span style="color: var(--highlight-keyword)"&gt;);&lt;/span&gt;&lt;/code&gt;&lt;/li&gt;
&lt;li&gt;&lt;code&gt;&lt;span style="color: var(--highlight-keyword)"&gt;&amp;nbsp;&amp;nbsp;&amp;nbsp;&amp;nbsp;&amp;nbsp;&amp;nbsp;&amp;nbsp;&amp;nbsp;&amp;nbsp;&amp;nbsp;&amp;nbsp;&amp;nbsp;&amp;nbsp;&amp;nbsp;&amp;nbsp;&amp;nbsp;&lt;/span&gt;&lt;span style="color: var(--highlight-default)"&gt;$test&lt;/span&gt;&lt;span style="color: var(--highlight-keyword)"&gt;-&amp;gt;&lt;/span&gt;&lt;span style="color: var(--highlight-default)"&gt;setBackupStaticAttributes&lt;/span&gt;&lt;span style="color: var(--highlight-keyword)"&gt;(&lt;/span&gt;&lt;span style="color: var(--highlight-default)"&gt;$this&lt;/span&gt;&lt;span style="color: var(--highlight-keyword)"&gt;-&amp;gt;&lt;/span&gt;&lt;span style="color: var(--highlight-default)"&gt;backupStaticAttributes&lt;/span&gt;&lt;span style="color: var(--highlight-keyword)"&gt;);&lt;/span&gt;&lt;/code&gt;&lt;/li&gt;
&lt;li&gt;&lt;code&gt;&lt;span style="color: var(--highlight-keyword)"&gt;&amp;nbsp;&amp;nbsp;&amp;nbsp;&amp;nbsp;&amp;nbsp;&amp;nbsp;&amp;nbsp;&amp;nbsp;&amp;nbsp;&amp;nbsp;&amp;nbsp;&amp;nbsp;&amp;nbsp;&amp;nbsp;&amp;nbsp;&amp;nbsp;&lt;/span&gt;&lt;span style="color: var(--highlight-default)"&gt;$test&lt;/span&gt;&lt;span style="color: var(--highlight-keyword)"&gt;-&amp;gt;&lt;/span&gt;&lt;span style="color: var(--highlight-default)"&gt;setRunTestInSeparateProcess&lt;/span&gt;&lt;span style="color: var(--highlight-keyword)"&gt;(&lt;/span&gt;&lt;span style="color: var(--highlight-default)"&gt;$this&lt;/span&gt;&lt;span style="color: var(--highlight-keyword)"&gt;-&amp;gt;&lt;/span&gt;&lt;span style="color: var(--highlight-default)"&gt;runTestInSeparateProcess&lt;/span&gt;&lt;span style="color: var(--highlight-keyword)"&gt;);&lt;/span&gt;&lt;/code&gt;&lt;/li&gt;
&lt;li&gt;&lt;code&gt;&lt;span style="color: var(--highlight-keyword)"&gt;&amp;nbsp;&amp;nbsp;&amp;nbsp;&amp;nbsp;&amp;nbsp;&amp;nbsp;&amp;nbsp;&amp;nbsp;&amp;nbsp;&amp;nbsp;&amp;nbsp;&amp;nbsp;}&lt;/span&gt;&lt;/code&gt;&lt;/li&gt;
&lt;li&gt;&lt;code&gt;&lt;span style="color: var(--highlight-keyword)"&gt;&lt;/span&gt;&lt;/code&gt;&lt;/li&gt;
&lt;li class="selected"&gt;&lt;code&gt;&lt;span style="color: var(--highlight-keyword)"&gt;&amp;nbsp;&amp;nbsp;&amp;nbsp;&amp;nbsp;&amp;nbsp;&amp;nbsp;&amp;nbsp;&amp;nbsp;&amp;nbsp;&amp;nbsp;&amp;nbsp;&amp;nbsp;&lt;/span&gt;&lt;span style="color: var(--highlight-default)"&gt;$test&lt;/span&gt;&lt;span style="color: var(--highlight-keyword)"&gt;-&amp;gt;&lt;/span&gt;&lt;span style="color: var(--highlight-default)"&gt;run&lt;/span&gt;&lt;span style="color: var(--highlight-keyword)"&gt;(&lt;/span&gt;&lt;span style="color: var(--highlight-default)"&gt;$result&lt;/span&gt;&lt;span style="color: var(--highlight-keyword)"&gt;);&lt;/span&gt;&lt;/code&gt;&lt;/li&gt;
&lt;li&gt;&lt;code&gt;&lt;span style="color: var(--highlight-keyword)"&gt;&amp;nbsp;&amp;nbsp;&amp;nbsp;&amp;nbsp;&amp;nbsp;&amp;nbsp;&amp;nbsp;&amp;nbsp;}&lt;/span&gt;&lt;/code&gt;&lt;/li&gt;
&lt;li&gt;&lt;code&gt;&lt;span style="color: var(--highlight-keyword)"&gt;&lt;/span&gt;&lt;/code&gt;&lt;/li&gt;
&lt;li&gt;&lt;code&gt;&lt;span style="color: var(--highlight-keyword)"&gt;&amp;nbsp;&amp;nbsp;&amp;nbsp;&amp;nbsp;&amp;nbsp;&amp;nbsp;&amp;nbsp;&amp;nbsp;if&amp;nbsp;(&lt;/span&gt;&lt;span style="color: var(--highlight-default)"&gt;$this&lt;/span&gt;&lt;span style="color: var(--highlight-keyword)"&gt;-&amp;gt;&lt;/span&gt;&lt;span style="color: var(--highlight-default)"&gt;testCase&amp;nbsp;&lt;/span&gt;&lt;span style="color: var(--highlight-keyword)"&gt;&amp;amp;&amp;amp;&amp;nbsp;&lt;/span&gt;&lt;span style="color: var(--highlight-default)"&gt;class_exists&lt;/span&gt;&lt;span style="color: var(--highlight-keyword)"&gt;(&lt;/span&gt;&lt;span style="color: var(--highlight-default)"&gt;$this&lt;/span&gt;&lt;span style="color: var(--highlight-keyword)"&gt;-&amp;gt;&lt;/span&gt;&lt;span style="color: var(--highlight-default)"&gt;name&lt;/span&gt;&lt;span style="color: var(--highlight-keyword)"&gt;,&amp;nbsp;&lt;/span&gt;&lt;span style="color: var(--highlight-default)"&gt;false&lt;/span&gt;&lt;span style="color: var(--highlight-keyword)"&gt;))&amp;nbsp;{&lt;/span&gt;&lt;/code&gt;&lt;/li&gt;
&lt;li&gt;&lt;code&gt;&lt;span style="color: var(--highlight-keyword)"&gt;&amp;nbsp;&amp;nbsp;&amp;nbsp;&amp;nbsp;&amp;nbsp;&amp;nbsp;&amp;nbsp;&amp;nbsp;&amp;nbsp;&amp;nbsp;&amp;nbsp;&amp;nbsp;foreach&amp;nbsp;(&lt;/span&gt;&lt;span style="color: var(--highlight-default)"&gt;$hookMethods&lt;/span&gt;&lt;span style="color: var(--highlight-keyword)"&gt;[&lt;/span&gt;&lt;span style="color: var(--highlight-string)"&gt;'afterClass'&lt;/span&gt;&lt;span style="color: var(--highlight-keyword)"&gt;]&amp;nbsp;as&amp;nbsp;&lt;/span&gt;&lt;span style="color: var(--highlight-default)"&gt;$afterClassMethod&lt;/span&gt;&lt;span style="color: var(--highlight-keyword)"&gt;)&amp;nbsp;{&lt;/span&gt;&lt;/code&gt;&lt;/li&gt;
&lt;li&gt;&lt;code&gt;&lt;span style="color: var(--highlight-keyword)"&gt;&amp;nbsp;&amp;nbsp;&amp;nbsp;&amp;nbsp;&amp;nbsp;&amp;nbsp;&amp;nbsp;&amp;nbsp;&amp;nbsp;&amp;nbsp;&amp;nbsp;&amp;nbsp;&amp;nbsp;&amp;nbsp;&amp;nbsp;&amp;nbsp;if&amp;nbsp;(&lt;/span&gt;&lt;span style="color: var(--highlight-default)"&gt;method_exists&lt;/span&gt;&lt;span style="color: var(--highlight-keyword)"&gt;(&lt;/span&gt;&lt;span style="color: var(--highlight-default)"&gt;$this&lt;/span&gt;&lt;span style="color: var(--highlight-keyword)"&gt;-&amp;gt;&lt;/span&gt;&lt;span style="color: var(--highlight-default)"&gt;name&lt;/span&gt;&lt;span style="color: var(--highlight-keyword)"&gt;,&amp;nbsp;&lt;/span&gt;&lt;span style="color: var(--highlight-default)"&gt;$afterClassMethod&lt;/span&gt;&lt;span style="color: var(--highlight-keyword)"&gt;))&amp;nbsp;{&lt;/span&gt;&lt;/code&gt;&lt;/li&gt;&lt;/ol&gt;    &lt;/div&gt;            &lt;/div&gt;
                        &lt;div class="trace-line "&gt;
                &lt;div class="trace-line-header break-long-words sf-toggle" data-toggle-selector="#trace-html-2-20" data-toggle-initial=""&gt;
            &lt;span class="icon icon-close"&gt;&lt;svg width="1792" height="1792" viewBox="0 0 1792 1792" xmlns="http://www.w3.org/2000/svg"&gt;&lt;path d="M1408 960V832q0-26-19-45t-45-19H448q-26 0-45 19t-19 45v128q0 26 19 45t45 19h896q26 0 45-19t19-45zm256-544v960q0 119-84.5 203.5T1376 1664H416q-119 0-203.5-84.5T128 1376V416q0-119 84.5-203.5T416 128h960q119 0 203.5 84.5T1664 416z"/&gt;&lt;/svg&gt;&lt;/span&gt;
        &lt;span class="icon icon-open"&gt;&lt;svg width="1792" height="1792" viewBox="0 0 1792 1792" xmlns="http://www.w3.org/2000/svg"&gt;&lt;path d="M1408 960V832q0-26-19-45t-45-19h-320V448q0-26-19-45t-45-19H832q-26 0-45 19t-19 45v320H448q-26 0-45 19t-19 45v128q0 26 19 45t45 19h320v320q0 26 19 45t45 19h128q26 0 45-19t19-45v-320h320q26 0 45-19t19-45zm256-544v960q0 119-84.5 203.5T1376 1664H416q-119 0-203.5-84.5T128 1376V416q0-119 84.5-203.5T416 128h960q119 0 203.5 84.5T1664 416z"/&gt;&lt;/svg&gt;&lt;/span&gt;
    
            &lt;span class="trace-class"&gt;&lt;abbr title="PHPUnit\Framework\TestSuite"&gt;TestSuite&lt;/abbr&gt;&lt;/span&gt;&lt;span class="trace-type"&gt;-&gt;&lt;/span&gt;&lt;span class="trace-method"&gt;run&lt;/span&gt;&lt;span class="trace-arguments"&gt;(&lt;em&gt;object&lt;/em&gt;(&lt;abbr title="PHPUnit\Framework\TestResult"&gt;TestResult&lt;/abbr&gt;))&lt;/span&gt;    
                    &lt;span class="block trace-file-path"&gt;
            in
            &lt;a href="file://C:\Users\sliti\Desktop\dev\esprit-PIDEV-3A16-2526-FARMIA\vendor\phpunit\phpunit\src\Framework\TestSuite.php#L685"&gt;
                C:\Users\sliti\Desktop\dev\esprit-PIDEV-3A16-2526-FARMIA\vendor\phpunit\phpunit\src\Framework\&lt;strong&gt;TestSuite.php&lt;/strong&gt;
            &lt;/a&gt;
                        (line 685)
            &lt;span class="icon icon-copy hidden" data-clipboard-text="C:\Users\sliti\Desktop\dev\esprit-PIDEV-3A16-2526-FARMIA\vendor\phpunit\phpunit\src\Framework\TestSuite.php:685"&gt;
                &lt;svg xmlns="http://www.w3.org/2000/svg" height="24" viewBox="0 0 24 24" width="24"&gt;&lt;path d="M0 0h24v24H0z" fill="none"/&gt;&lt;path d="M16 1H4c-1.1 0-2 .9-2 2v14h2V3h12V1zm3 4H8c-1.1 0-2 .9-2 2v14c0 1.1.9 2 2 2h11c1.1 0 2-.9 2-2V7c0-1.1-.9-2-2-2zm0 16H8V7h11v14z"/&gt;&lt;/svg&gt;            &lt;/span&gt;
        &lt;/span&gt;
    &lt;/div&gt;
    &lt;div id="trace-html-2-20" class="trace-code sf-toggle-content"&gt;
        &lt;ol start="680"&gt;&lt;li&gt;&lt;code&gt;&lt;span style="color: var(--highlight-keyword)"&gt;&amp;nbsp;&amp;nbsp;&amp;nbsp;&amp;nbsp;&amp;nbsp;&amp;nbsp;&amp;nbsp;&amp;nbsp;&amp;nbsp;&amp;nbsp;&amp;nbsp;&amp;nbsp;&amp;nbsp;&amp;nbsp;&amp;nbsp;&amp;nbsp;&lt;/span&gt;&lt;span style="color: var(--highlight-default)"&gt;$test&lt;/span&gt;&lt;span style="color: var(--highlight-keyword)"&gt;-&amp;gt;&lt;/span&gt;&lt;span style="color: var(--highlight-default)"&gt;setBackupGlobals&lt;/span&gt;&lt;span style="color: var(--highlight-keyword)"&gt;(&lt;/span&gt;&lt;span style="color: var(--highlight-default)"&gt;$this&lt;/span&gt;&lt;span style="color: var(--highlight-keyword)"&gt;-&amp;gt;&lt;/span&gt;&lt;span style="color: var(--highlight-default)"&gt;backupGlobals&lt;/span&gt;&lt;span style="color: var(--highlight-keyword)"&gt;);&lt;/span&gt;&lt;/code&gt;&lt;/li&gt;
&lt;li&gt;&lt;code&gt;&lt;span style="color: var(--highlight-keyword)"&gt;&amp;nbsp;&amp;nbsp;&amp;nbsp;&amp;nbsp;&amp;nbsp;&amp;nbsp;&amp;nbsp;&amp;nbsp;&amp;nbsp;&amp;nbsp;&amp;nbsp;&amp;nbsp;&amp;nbsp;&amp;nbsp;&amp;nbsp;&amp;nbsp;&lt;/span&gt;&lt;span style="color: var(--highlight-default)"&gt;$test&lt;/span&gt;&lt;span style="color: var(--highlight-keyword)"&gt;-&amp;gt;&lt;/span&gt;&lt;span style="color: var(--highlight-default)"&gt;setBackupStaticAttributes&lt;/span&gt;&lt;span style="color: var(--highlight-keyword)"&gt;(&lt;/span&gt;&lt;span style="color: var(--highlight-default)"&gt;$this&lt;/span&gt;&lt;span style="color: var(--highlight-keyword)"&gt;-&amp;gt;&lt;/span&gt;&lt;span style="color: var(--highlight-default)"&gt;backupStaticAttributes&lt;/span&gt;&lt;span style="color: var(--highlight-keyword)"&gt;);&lt;/span&gt;&lt;/code&gt;&lt;/li&gt;
&lt;li&gt;&lt;code&gt;&lt;span style="color: var(--highlight-keyword)"&gt;&amp;nbsp;&amp;nbsp;&amp;nbsp;&amp;nbsp;&amp;nbsp;&amp;nbsp;&amp;nbsp;&amp;nbsp;&amp;nbsp;&amp;nbsp;&amp;nbsp;&amp;nbsp;&amp;nbsp;&amp;nbsp;&amp;nbsp;&amp;nbsp;&lt;/span&gt;&lt;span style="color: var(--highlight-default)"&gt;$test&lt;/span&gt;&lt;span style="color: var(--highlight-keyword)"&gt;-&amp;gt;&lt;/span&gt;&lt;span style="color: var(--highlight-default)"&gt;setRunTestInSeparateProcess&lt;/span&gt;&lt;span style="color: var(--highlight-keyword)"&gt;(&lt;/span&gt;&lt;span style="color: var(--highlight-default)"&gt;$this&lt;/span&gt;&lt;span style="color: var(--highlight-keyword)"&gt;-&amp;gt;&lt;/span&gt;&lt;span style="color: var(--highlight-default)"&gt;runTestInSeparateProcess&lt;/span&gt;&lt;span style="color: var(--highlight-keyword)"&gt;);&lt;/span&gt;&lt;/code&gt;&lt;/li&gt;
&lt;li&gt;&lt;code&gt;&lt;span style="color: var(--highlight-keyword)"&gt;&amp;nbsp;&amp;nbsp;&amp;nbsp;&amp;nbsp;&amp;nbsp;&amp;nbsp;&amp;nbsp;&amp;nbsp;&amp;nbsp;&amp;nbsp;&amp;nbsp;&amp;nbsp;}&lt;/span&gt;&lt;/code&gt;&lt;/li&gt;
&lt;li&gt;&lt;code&gt;&lt;span style="color: var(--highlight-keyword)"&gt;&lt;/span&gt;&lt;/code&gt;&lt;/li&gt;
&lt;li class="selected"&gt;&lt;code&gt;&lt;span style="color: var(--highlight-keyword)"&gt;&amp;nbsp;&amp;nbsp;&amp;nbsp;&amp;nbsp;&amp;nbsp;&amp;nbsp;&amp;nbsp;&amp;nbsp;&amp;nbsp;&amp;nbsp;&amp;nbsp;&amp;nbsp;&lt;/span&gt;&lt;span style="color: var(--highlight-default)"&gt;$test&lt;/span&gt;&lt;span style="color: var(--highlight-keyword)"&gt;-&amp;gt;&lt;/span&gt;&lt;span style="color: var(--highlight-default)"&gt;run&lt;/span&gt;&lt;span style="color: var(--highlight-keyword)"&gt;(&lt;/span&gt;&lt;span style="color: var(--highlight-default)"&gt;$result&lt;/span&gt;&lt;span style="color: var(--highlight-keyword)"&gt;);&lt;/span&gt;&lt;/code&gt;&lt;/li&gt;
&lt;li&gt;&lt;code&gt;&lt;span style="color: var(--highlight-keyword)"&gt;&amp;nbsp;&amp;nbsp;&amp;nbsp;&amp;nbsp;&amp;nbsp;&amp;nbsp;&amp;nbsp;&amp;nbsp;}&lt;/span&gt;&lt;/code&gt;&lt;/li&gt;
&lt;li&gt;&lt;code&gt;&lt;span style="color: var(--highlight-keyword)"&gt;&lt;/span&gt;&lt;/code&gt;&lt;/li&gt;
&lt;li&gt;&lt;code&gt;&lt;span style="color: var(--highlight-keyword)"&gt;&amp;nbsp;&amp;nbsp;&amp;nbsp;&amp;nbsp;&amp;nbsp;&amp;nbsp;&amp;nbsp;&amp;nbsp;if&amp;nbsp;(&lt;/span&gt;&lt;span style="color: var(--highlight-default)"&gt;$this&lt;/span&gt;&lt;span style="color: var(--highlight-keyword)"&gt;-&amp;gt;&lt;/span&gt;&lt;span style="color: var(--highlight-default)"&gt;testCase&amp;nbsp;&lt;/span&gt;&lt;span style="color: var(--highlight-keyword)"&gt;&amp;amp;&amp;amp;&amp;nbsp;&lt;/span&gt;&lt;span style="color: var(--highlight-default)"&gt;class_exists&lt;/span&gt;&lt;span style="color: var(--highlight-keyword)"&gt;(&lt;/span&gt;&lt;span style="color: var(--highlight-default)"&gt;$this&lt;/span&gt;&lt;span style="color: var(--highlight-keyword)"&gt;-&amp;gt;&lt;/span&gt;&lt;span style="color: var(--highlight-default)"&gt;name&lt;/span&gt;&lt;span style="color: var(--highlight-keyword)"&gt;,&amp;nbsp;&lt;/span&gt;&lt;span style="color: var(--highlight-default)"&gt;false&lt;/span&gt;&lt;span style="color: var(--highlight-keyword)"&gt;))&amp;nbsp;{&lt;/span&gt;&lt;/code&gt;&lt;/li&gt;
&lt;li&gt;&lt;code&gt;&lt;span style="color: var(--highlight-keyword)"&gt;&amp;nbsp;&amp;nbsp;&amp;nbsp;&amp;nbsp;&amp;nbsp;&amp;nbsp;&amp;nbsp;&amp;nbsp;&amp;nbsp;&amp;nbsp;&amp;nbsp;&amp;nbsp;foreach&amp;nbsp;(&lt;/span&gt;&lt;span style="color: var(--highlight-default)"&gt;$hookMethods&lt;/span&gt;&lt;span style="color: var(--highlight-keyword)"&gt;[&lt;/span&gt;&lt;span style="color: var(--highlight-string)"&gt;'afterClass'&lt;/span&gt;&lt;span style="color: var(--highlight-keyword)"&gt;]&amp;nbsp;as&amp;nbsp;&lt;/span&gt;&lt;span style="color: var(--highlight-default)"&gt;$afterClassMethod&lt;/span&gt;&lt;span style="color: var(--highlight-keyword)"&gt;)&amp;nbsp;{&lt;/span&gt;&lt;/code&gt;&lt;/li&gt;
&lt;li&gt;&lt;code&gt;&lt;span style="color: var(--highlight-keyword)"&gt;&amp;nbsp;&amp;nbsp;&amp;nbsp;&amp;nbsp;&amp;nbsp;&amp;nbsp;&amp;nbsp;&amp;nbsp;&amp;nbsp;&amp;nbsp;&amp;nbsp;&amp;nbsp;&amp;nbsp;&amp;nbsp;&amp;nbsp;&amp;nbsp;if&amp;nbsp;(&lt;/span&gt;&lt;span style="color: var(--highlight-default)"&gt;method_exists&lt;/span&gt;&lt;span style="color: var(--highlight-keyword)"&gt;(&lt;/span&gt;&lt;span style="color: var(--highlight-default)"&gt;$this&lt;/span&gt;&lt;span style="color: var(--highlight-keyword)"&gt;-&amp;gt;&lt;/span&gt;&lt;span style="color: var(--highlight-default)"&gt;name&lt;/span&gt;&lt;span style="color: var(--highlight-keyword)"&gt;,&amp;nbsp;&lt;/span&gt;&lt;span style="color: var(--highlight-default)"&gt;$afterClassMethod&lt;/span&gt;&lt;span style="color: var(--highlight-keyword)"&gt;))&amp;nbsp;{&lt;/span&gt;&lt;/code&gt;&lt;/li&gt;&lt;/ol&gt;    &lt;/div&gt;            &lt;/div&gt;
                        &lt;div class="trace-line "&gt;
                &lt;div class="trace-line-header break-long-words sf-toggle" data-toggle-selector="#trace-html-2-21" data-toggle-initial=""&gt;
            &lt;span class="icon icon-close"&gt;&lt;svg width="1792" height="1792" viewBox="0 0 1792 1792" xmlns="http://www.w3.org/2000/svg"&gt;&lt;path d="M1408 960V832q0-26-19-45t-45-19H448q-26 0-45 19t-19 45v128q0 26 19 45t45 19h896q26 0 45-19t19-45zm256-544v960q0 119-84.5 203.5T1376 1664H416q-119 0-203.5-84.5T128 1376V416q0-119 84.5-203.5T416 128h960q119 0 203.5 84.5T1664 416z"/&gt;&lt;/svg&gt;&lt;/span&gt;
        &lt;span class="icon icon-open"&gt;&lt;svg width="1792" height="1792" viewBox="0 0 1792 1792" xmlns="http://www.w3.org/2000/svg"&gt;&lt;path d="M1408 960V832q0-26-19-45t-45-19h-320V448q0-26-19-45t-45-19H832q-26 0-45 19t-19 45v320H448q-26 0-45 19t-19 45v128q0 26 19 45t45 19h320v320q0 26 19 45t45 19h128q26 0 45-19t19-45v-320h320q26 0 45-19t19-45zm256-544v960q0 119-84.5 203.5T1376 1664H416q-119 0-203.5-84.5T128 1376V416q0-119 84.5-203.5T416 128h960q119 0 203.5 84.5T1664 416z"/&gt;&lt;/svg&gt;&lt;/span&gt;
    
            &lt;span class="trace-class"&gt;&lt;abbr title="PHPUnit\Framework\TestSuite"&gt;TestSuite&lt;/abbr&gt;&lt;/span&gt;&lt;span class="trace-type"&gt;-&gt;&lt;/span&gt;&lt;span class="trace-method"&gt;run&lt;/span&gt;&lt;span class="trace-arguments"&gt;(&lt;em&gt;object&lt;/em&gt;(&lt;abbr title="PHPUnit\Framework\TestResult"&gt;TestResult&lt;/abbr&gt;))&lt;/span&gt;    
                    &lt;span class="block trace-file-path"&gt;
            in
            &lt;a href="file://C:\Users\sliti\Desktop\dev\esprit-PIDEV-3A16-2526-FARMIA\vendor\phpunit\phpunit\src\Framework\TestSuite.php#L685"&gt;
                C:\Users\sliti\Desktop\dev\esprit-PIDEV-3A16-2526-FARMIA\vendor\phpunit\phpunit\src\Framework\&lt;strong&gt;TestSuite.php&lt;/strong&gt;
            &lt;/a&gt;
                        (line 685)
            &lt;span class="icon icon-copy hidden" data-clipboard-text="C:\Users\sliti\Desktop\dev\esprit-PIDEV-3A16-2526-FARMIA\vendor\phpunit\phpunit\src\Framework\TestSuite.php:685"&gt;
                &lt;svg xmlns="http://www.w3.org/2000/svg" height="24" viewBox="0 0 24 24" width="24"&gt;&lt;path d="M0 0h24v24H0z" fill="none"/&gt;&lt;path d="M16 1H4c-1.1 0-2 .9-2 2v14h2V3h12V1zm3 4H8c-1.1 0-2 .9-2 2v14c0 1.1.9 2 2 2h11c1.1 0 2-.9 2-2V7c0-1.1-.9-2-2-2zm0 16H8V7h11v14z"/&gt;&lt;/svg&gt;            &lt;/span&gt;
        &lt;/span&gt;
    &lt;/div&gt;
    &lt;div id="trace-html-2-21" class="trace-code sf-toggle-content"&gt;
        &lt;ol start="680"&gt;&lt;li&gt;&lt;code&gt;&lt;span style="color: var(--highlight-keyword)"&gt;&amp;nbsp;&amp;nbsp;&amp;nbsp;&amp;nbsp;&amp;nbsp;&amp;nbsp;&amp;nbsp;&amp;nbsp;&amp;nbsp;&amp;nbsp;&amp;nbsp;&amp;nbsp;&amp;nbsp;&amp;nbsp;&amp;nbsp;&amp;nbsp;&lt;/span&gt;&lt;span style="color: var(--highlight-default)"&gt;$test&lt;/span&gt;&lt;span style="color: var(--highlight-keyword)"&gt;-&amp;gt;&lt;/span&gt;&lt;span style="color: var(--highlight-default)"&gt;setBackupGlobals&lt;/span&gt;&lt;span style="color: var(--highlight-keyword)"&gt;(&lt;/span&gt;&lt;span style="color: var(--highlight-default)"&gt;$this&lt;/span&gt;&lt;span style="color: var(--highlight-keyword)"&gt;-&amp;gt;&lt;/span&gt;&lt;span style="color: var(--highlight-default)"&gt;backupGlobals&lt;/span&gt;&lt;span style="color: var(--highlight-keyword)"&gt;);&lt;/span&gt;&lt;/code&gt;&lt;/li&gt;
&lt;li&gt;&lt;code&gt;&lt;span style="color: var(--highlight-keyword)"&gt;&amp;nbsp;&amp;nbsp;&amp;nbsp;&amp;nbsp;&amp;nbsp;&amp;nbsp;&amp;nbsp;&amp;nbsp;&amp;nbsp;&amp;nbsp;&amp;nbsp;&amp;nbsp;&amp;nbsp;&amp;nbsp;&amp;nbsp;&amp;nbsp;&lt;/span&gt;&lt;span style="color: var(--highlight-default)"&gt;$test&lt;/span&gt;&lt;span style="color: var(--highlight-keyword)"&gt;-&amp;gt;&lt;/span&gt;&lt;span style="color: var(--highlight-default)"&gt;setBackupStaticAttributes&lt;/span&gt;&lt;span style="color: var(--highlight-keyword)"&gt;(&lt;/span&gt;&lt;span style="color: var(--highlight-default)"&gt;$this&lt;/span&gt;&lt;span style="color: var(--highlight-keyword)"&gt;-&amp;gt;&lt;/span&gt;&lt;span style="color: var(--highlight-default)"&gt;backupStaticAttributes&lt;/span&gt;&lt;span style="color: var(--highlight-keyword)"&gt;);&lt;/span&gt;&lt;/code&gt;&lt;/li&gt;
&lt;li&gt;&lt;code&gt;&lt;span style="color: var(--highlight-keyword)"&gt;&amp;nbsp;&amp;nbsp;&amp;nbsp;&amp;nbsp;&amp;nbsp;&amp;nbsp;&amp;nbsp;&amp;nbsp;&amp;nbsp;&amp;nbsp;&amp;nbsp;&amp;nbsp;&amp;nbsp;&amp;nbsp;&amp;nbsp;&amp;nbsp;&lt;/span&gt;&lt;span style="color: var(--highlight-default)"&gt;$test&lt;/span&gt;&lt;span style="color: var(--highlight-keyword)"&gt;-&amp;gt;&lt;/span&gt;&lt;span style="color: var(--highlight-default)"&gt;setRunTestInSeparateProcess&lt;/span&gt;&lt;span style="color: var(--highlight-keyword)"&gt;(&lt;/span&gt;&lt;span style="color: var(--highlight-default)"&gt;$this&lt;/span&gt;&lt;span style="color: var(--highlight-keyword)"&gt;-&amp;gt;&lt;/span&gt;&lt;span style="color: var(--highlight-default)"&gt;runTestInSeparateProcess&lt;/span&gt;&lt;span style="color: var(--highlight-keyword)"&gt;);&lt;/span&gt;&lt;/code&gt;&lt;/li&gt;
&lt;li&gt;&lt;code&gt;&lt;span style="color: var(--highlight-keyword)"&gt;&amp;nbsp;&amp;nbsp;&amp;nbsp;&amp;nbsp;&amp;nbsp;&amp;nbsp;&amp;nbsp;&amp;nbsp;&amp;nbsp;&amp;nbsp;&amp;nbsp;&amp;nbsp;}&lt;/span&gt;&lt;/code&gt;&lt;/li&gt;
&lt;li&gt;&lt;code&gt;&lt;span style="color: var(--highlight-keyword)"&gt;&lt;/span&gt;&lt;/code&gt;&lt;/li&gt;
&lt;li class="selected"&gt;&lt;code&gt;&lt;span style="color: var(--highlight-keyword)"&gt;&amp;nbsp;&amp;nbsp;&amp;nbsp;&amp;nbsp;&amp;nbsp;&amp;nbsp;&amp;nbsp;&amp;nbsp;&amp;nbsp;&amp;nbsp;&amp;nbsp;&amp;nbsp;&lt;/span&gt;&lt;span style="color: var(--highlight-default)"&gt;$test&lt;/span&gt;&lt;span style="color: var(--highlight-keyword)"&gt;-&amp;gt;&lt;/span&gt;&lt;span style="color: var(--highlight-default)"&gt;run&lt;/span&gt;&lt;span style="color: var(--highlight-keyword)"&gt;(&lt;/span&gt;&lt;span style="color: var(--highlight-default)"&gt;$result&lt;/span&gt;&lt;span style="color: var(--highlight-keyword)"&gt;);&lt;/span&gt;&lt;/code&gt;&lt;/li&gt;
&lt;li&gt;&lt;code&gt;&lt;span style="color: var(--highlight-keyword)"&gt;&amp;nbsp;&amp;nbsp;&amp;nbsp;&amp;nbsp;&amp;nbsp;&amp;nbsp;&amp;nbsp;&amp;nbsp;}&lt;/span&gt;&lt;/code&gt;&lt;/li&gt;
&lt;li&gt;&lt;code&gt;&lt;span style="color: var(--highlight-keyword)"&gt;&lt;/span&gt;&lt;/code&gt;&lt;/li&gt;
&lt;li&gt;&lt;code&gt;&lt;span style="color: var(--highlight-keyword)"&gt;&amp;nbsp;&amp;nbsp;&amp;nbsp;&amp;nbsp;&amp;nbsp;&amp;nbsp;&amp;nbsp;&amp;nbsp;if&amp;nbsp;(&lt;/span&gt;&lt;span style="color: var(--highlight-default)"&gt;$this&lt;/span&gt;&lt;span style="color: var(--highlight-keyword)"&gt;-&amp;gt;&lt;/span&gt;&lt;span style="color: var(--highlight-default)"&gt;testCase&amp;nbsp;&lt;/span&gt;&lt;span style="color: var(--highlight-keyword)"&gt;&amp;amp;&amp;amp;&amp;nbsp;&lt;/span&gt;&lt;span style="color: var(--highlight-default)"&gt;class_exists&lt;/span&gt;&lt;span style="color: var(--highlight-keyword)"&gt;(&lt;/span&gt;&lt;span style="color: var(--highlight-default)"&gt;$this&lt;/span&gt;&lt;span style="color: var(--highlight-keyword)"&gt;-&amp;gt;&lt;/span&gt;&lt;span style="color: var(--highlight-default)"&gt;name&lt;/span&gt;&lt;span style="color: var(--highlight-keyword)"&gt;,&amp;nbsp;&lt;/span&gt;&lt;span style="color: var(--highlight-default)"&gt;false&lt;/span&gt;&lt;span style="color: var(--highlight-keyword)"&gt;))&amp;nbsp;{&lt;/span&gt;&lt;/code&gt;&lt;/li&gt;
&lt;li&gt;&lt;code&gt;&lt;span style="color: var(--highlight-keyword)"&gt;&amp;nbsp;&amp;nbsp;&amp;nbsp;&amp;nbsp;&amp;nbsp;&amp;nbsp;&amp;nbsp;&amp;nbsp;&amp;nbsp;&amp;nbsp;&amp;nbsp;&amp;nbsp;foreach&amp;nbsp;(&lt;/span&gt;&lt;span style="color: var(--highlight-default)"&gt;$hookMethods&lt;/span&gt;&lt;span style="color: var(--highlight-keyword)"&gt;[&lt;/span&gt;&lt;span style="color: var(--highlight-string)"&gt;'afterClass'&lt;/span&gt;&lt;span style="color: var(--highlight-keyword)"&gt;]&amp;nbsp;as&amp;nbsp;&lt;/span&gt;&lt;span style="color: var(--highlight-default)"&gt;$afterClassMethod&lt;/span&gt;&lt;span style="color: var(--highlight-keyword)"&gt;)&amp;nbsp;{&lt;/span&gt;&lt;/code&gt;&lt;/li&gt;
&lt;li&gt;&lt;code&gt;&lt;span style="color: var(--highlight-keyword)"&gt;&amp;nbsp;&amp;nbsp;&amp;nbsp;&amp;nbsp;&amp;nbsp;&amp;nbsp;&amp;nbsp;&amp;nbsp;&amp;nbsp;&amp;nbsp;&amp;nbsp;&amp;nbsp;&amp;nbsp;&amp;nbsp;&amp;nbsp;&amp;nbsp;if&amp;nbsp;(&lt;/span&gt;&lt;span style="color: var(--highlight-default)"&gt;method_exists&lt;/span&gt;&lt;span style="color: var(--highlight-keyword)"&gt;(&lt;/span&gt;&lt;span style="color: var(--highlight-default)"&gt;$this&lt;/span&gt;&lt;span style="color: var(--highlight-keyword)"&gt;-&amp;gt;&lt;/span&gt;&lt;span style="color: var(--highlight-default)"&gt;name&lt;/span&gt;&lt;span style="color: var(--highlight-keyword)"&gt;,&amp;nbsp;&lt;/span&gt;&lt;span style="color: var(--highlight-default)"&gt;$afterClassMethod&lt;/span&gt;&lt;span style="color: var(--highlight-keyword)"&gt;))&amp;nbsp;{&lt;/span&gt;&lt;/code&gt;&lt;/li&gt;&lt;/ol&gt;    &lt;/div&gt;            &lt;/div&gt;
                        &lt;div class="trace-line "&gt;
                &lt;div class="trace-line-header break-long-words sf-toggle" data-toggle-selector="#trace-html-2-22" data-toggle-initial=""&gt;
            &lt;span class="icon icon-close"&gt;&lt;svg width="1792" height="1792" viewBox="0 0 1792 1792" xmlns="http://www.w3.org/2000/svg"&gt;&lt;path d="M1408 960V832q0-26-19-45t-45-19H448q-26 0-45 19t-19 45v128q0 26 19 45t45 19h896q26 0 45-19t19-45zm256-544v960q0 119-84.5 203.5T1376 1664H416q-119 0-203.5-84.5T128 1376V416q0-119 84.5-203.5T416 128h960q119 0 203.5 84.5T1664 416z"/&gt;&lt;/svg&gt;&lt;/span&gt;
        &lt;span class="icon icon-open"&gt;&lt;svg width="1792" height="1792" viewBox="0 0 1792 1792" xmlns="http://www.w3.org/2000/svg"&gt;&lt;path d="M1408 960V832q0-26-19-45t-45-19h-320V448q0-26-19-45t-45-19H832q-26 0-45 19t-19 45v320H448q-26 0-45 19t-19 45v128q0 26 19 45t45 19h320v320q0 26 19 45t45 19h128q26 0 45-19t19-45v-320h320q26 0 45-19t19-45zm256-544v960q0 119-84.5 203.5T1376 1664H416q-119 0-203.5-84.5T128 1376V416q0-119 84.5-203.5T416 128h960q119 0 203.5 84.5T1664 416z"/&gt;&lt;/svg&gt;&lt;/span&gt;
    
            &lt;span class="trace-class"&gt;&lt;abbr title="PHPUnit\Framework\TestSuite"&gt;TestSuite&lt;/abbr&gt;&lt;/span&gt;&lt;span class="trace-type"&gt;-&gt;&lt;/span&gt;&lt;span class="trace-method"&gt;run&lt;/span&gt;&lt;span class="trace-arguments"&gt;(&lt;em&gt;object&lt;/em&gt;(&lt;abbr title="PHPUnit\Framework\TestResult"&gt;TestResult&lt;/abbr&gt;))&lt;/span&gt;    
                    &lt;span class="block trace-file-path"&gt;
            in
            &lt;a href="file://C:\Users\sliti\Desktop\dev\esprit-PIDEV-3A16-2526-FARMIA\vendor\phpunit\phpunit\src\TextUI\TestRunner.php#L651"&gt;
                C:\Users\sliti\Desktop\dev\esprit-PIDEV-3A16-2526-FARMIA\vendor\phpunit\phpunit\src\TextUI\&lt;strong&gt;TestRunner.php&lt;/strong&gt;
            &lt;/a&gt;
                        (line 651)
            &lt;span class="icon icon-copy hidden" data-clipboard-text="C:\Users\sliti\Desktop\dev\esprit-PIDEV-3A16-2526-FARMIA\vendor\phpunit\phpunit\src\TextUI\TestRunner.php:651"&gt;
                &lt;svg xmlns="http://www.w3.org/2000/svg" height="24" viewBox="0 0 24 24" width="24"&gt;&lt;path d="M0 0h24v24H0z" fill="none"/&gt;&lt;path d="M16 1H4c-1.1 0-2 .9-2 2v14h2V3h12V1zm3 4H8c-1.1 0-2 .9-2 2v14c0 1.1.9 2 2 2h11c1.1 0 2-.9 2-2V7c0-1.1-.9-2-2-2zm0 16H8V7h11v14z"/&gt;&lt;/svg&gt;            &lt;/span&gt;
        &lt;/span&gt;
    &lt;/div&gt;
    &lt;div id="trace-html-2-22" class="trace-code sf-toggle-content"&gt;
        &lt;ol start="646"&gt;&lt;li&gt;&lt;code&gt;&lt;span style="color: var(--highlight-keyword)"&gt;&amp;nbsp;&amp;nbsp;&amp;nbsp;&amp;nbsp;&amp;nbsp;&amp;nbsp;&amp;nbsp;&amp;nbsp;&amp;nbsp;&amp;nbsp;&amp;nbsp;&amp;nbsp;if&amp;nbsp;(&lt;/span&gt;&lt;span style="color: var(--highlight-default)"&gt;$extension&amp;nbsp;&lt;/span&gt;&lt;span style="color: var(--highlight-keyword)"&gt;instanceof&amp;nbsp;&lt;/span&gt;&lt;span style="color: var(--highlight-default)"&gt;BeforeFirstTestHook&lt;/span&gt;&lt;span style="color: var(--highlight-keyword)"&gt;)&amp;nbsp;{&lt;/span&gt;&lt;/code&gt;&lt;/li&gt;
&lt;li&gt;&lt;code&gt;&lt;span style="color: var(--highlight-keyword)"&gt;&amp;nbsp;&amp;nbsp;&amp;nbsp;&amp;nbsp;&amp;nbsp;&amp;nbsp;&amp;nbsp;&amp;nbsp;&amp;nbsp;&amp;nbsp;&amp;nbsp;&amp;nbsp;&amp;nbsp;&amp;nbsp;&amp;nbsp;&amp;nbsp;&lt;/span&gt;&lt;span style="color: var(--highlight-default)"&gt;$extension&lt;/span&gt;&lt;span style="color: var(--highlight-keyword)"&gt;-&amp;gt;&lt;/span&gt;&lt;span style="color: var(--highlight-default)"&gt;executeBeforeFirstTest&lt;/span&gt;&lt;span style="color: var(--highlight-keyword)"&gt;();&lt;/span&gt;&lt;/code&gt;&lt;/li&gt;
&lt;li&gt;&lt;code&gt;&lt;span style="color: var(--highlight-keyword)"&gt;&amp;nbsp;&amp;nbsp;&amp;nbsp;&amp;nbsp;&amp;nbsp;&amp;nbsp;&amp;nbsp;&amp;nbsp;&amp;nbsp;&amp;nbsp;&amp;nbsp;&amp;nbsp;}&lt;/span&gt;&lt;/code&gt;&lt;/li&gt;
&lt;li&gt;&lt;code&gt;&lt;span style="color: var(--highlight-keyword)"&gt;&amp;nbsp;&amp;nbsp;&amp;nbsp;&amp;nbsp;&amp;nbsp;&amp;nbsp;&amp;nbsp;&amp;nbsp;}&lt;/span&gt;&lt;/code&gt;&lt;/li&gt;
&lt;li&gt;&lt;code&gt;&lt;span style="color: var(--highlight-keyword)"&gt;&lt;/span&gt;&lt;/code&gt;&lt;/li&gt;
&lt;li class="selected"&gt;&lt;code&gt;&lt;span style="color: var(--highlight-keyword)"&gt;&amp;nbsp;&amp;nbsp;&amp;nbsp;&amp;nbsp;&amp;nbsp;&amp;nbsp;&amp;nbsp;&amp;nbsp;&lt;/span&gt;&lt;span style="color: var(--highlight-default)"&gt;$suite&lt;/span&gt;&lt;span style="color: var(--highlight-keyword)"&gt;-&amp;gt;&lt;/span&gt;&lt;span style="color: var(--highlight-default)"&gt;run&lt;/span&gt;&lt;span style="color: var(--highlight-keyword)"&gt;(&lt;/span&gt;&lt;span style="color: var(--highlight-default)"&gt;$result&lt;/span&gt;&lt;span style="color: var(--highlight-keyword)"&gt;);&lt;/span&gt;&lt;/code&gt;&lt;/li&gt;
&lt;li&gt;&lt;code&gt;&lt;span style="color: var(--highlight-keyword)"&gt;&lt;/span&gt;&lt;/code&gt;&lt;/li&gt;
&lt;li&gt;&lt;code&gt;&lt;span style="color: var(--highlight-keyword)"&gt;&amp;nbsp;&amp;nbsp;&amp;nbsp;&amp;nbsp;&amp;nbsp;&amp;nbsp;&amp;nbsp;&amp;nbsp;foreach&amp;nbsp;(&lt;/span&gt;&lt;span style="color: var(--highlight-default)"&gt;$this&lt;/span&gt;&lt;span style="color: var(--highlight-keyword)"&gt;-&amp;gt;&lt;/span&gt;&lt;span style="color: var(--highlight-default)"&gt;extensions&amp;nbsp;&lt;/span&gt;&lt;span style="color: var(--highlight-keyword)"&gt;as&amp;nbsp;&lt;/span&gt;&lt;span style="color: var(--highlight-default)"&gt;$extension&lt;/span&gt;&lt;span style="color: var(--highlight-keyword)"&gt;)&amp;nbsp;{&lt;/span&gt;&lt;/code&gt;&lt;/li&gt;
&lt;li&gt;&lt;code&gt;&lt;span style="color: var(--highlight-keyword)"&gt;&amp;nbsp;&amp;nbsp;&amp;nbsp;&amp;nbsp;&amp;nbsp;&amp;nbsp;&amp;nbsp;&amp;nbsp;&amp;nbsp;&amp;nbsp;&amp;nbsp;&amp;nbsp;if&amp;nbsp;(&lt;/span&gt;&lt;span style="color: var(--highlight-default)"&gt;$extension&amp;nbsp;&lt;/span&gt;&lt;span style="color: var(--highlight-keyword)"&gt;instanceof&amp;nbsp;&lt;/span&gt;&lt;span style="color: var(--highlight-default)"&gt;AfterLastTestHook&lt;/span&gt;&lt;span style="color: var(--highlight-keyword)"&gt;)&amp;nbsp;{&lt;/span&gt;&lt;/code&gt;&lt;/li&gt;
&lt;li&gt;&lt;code&gt;&lt;span style="color: var(--highlight-keyword)"&gt;&amp;nbsp;&amp;nbsp;&amp;nbsp;&amp;nbsp;&amp;nbsp;&amp;nbsp;&amp;nbsp;&amp;nbsp;&amp;nbsp;&amp;nbsp;&amp;nbsp;&amp;nbsp;&amp;nbsp;&amp;nbsp;&amp;nbsp;&amp;nbsp;&lt;/span&gt;&lt;span style="color: var(--highlight-default)"&gt;$extension&lt;/span&gt;&lt;span style="color: var(--highlight-keyword)"&gt;-&amp;gt;&lt;/span&gt;&lt;span style="color: var(--highlight-default)"&gt;executeAfterLastTest&lt;/span&gt;&lt;span style="color: var(--highlight-keyword)"&gt;();&lt;/span&gt;&lt;/code&gt;&lt;/li&gt;
&lt;li&gt;&lt;code&gt;&lt;span style="color: var(--highlight-keyword)"&gt;&amp;nbsp;&amp;nbsp;&amp;nbsp;&amp;nbsp;&amp;nbsp;&amp;nbsp;&amp;nbsp;&amp;nbsp;&amp;nbsp;&amp;nbsp;&amp;nbsp;&amp;nbsp;}&lt;/span&gt;&lt;/code&gt;&lt;/li&gt;&lt;/ol&gt;    &lt;/div&gt;            &lt;/div&gt;
                        &lt;div class="trace-line "&gt;
                &lt;div class="trace-line-header break-long-words sf-toggle" data-toggle-selector="#trace-html-2-23" data-toggle-initial=""&gt;
            &lt;span class="icon icon-close"&gt;&lt;svg width="1792" height="1792" viewBox="0 0 1792 1792" xmlns="http://www.w3.org/2000/svg"&gt;&lt;path d="M1408 960V832q0-26-19-45t-45-19H448q-26 0-45 19t-19 45v128q0 26 19 45t45 19h896q26 0 45-19t19-45zm256-544v960q0 119-84.5 203.5T1376 1664H416q-119 0-203.5-84.5T128 1376V416q0-119 84.5-203.5T416 128h960q119 0 203.5 84.5T1664 416z"/&gt;&lt;/svg&gt;&lt;/span&gt;
        &lt;span class="icon icon-open"&gt;&lt;svg width="1792" height="1792" viewBox="0 0 1792 1792" xmlns="http://www.w3.org/2000/svg"&gt;&lt;path d="M1408 960V832q0-26-19-45t-45-19h-320V448q0-26-19-45t-45-19H832q-26 0-45 19t-19 45v320H448q-26 0-45 19t-19 45v128q0 26 19 45t45 19h320v320q0 26 19 45t45 19h128q26 0 45-19t19-45v-320h320q26 0 45-19t19-45zm256-544v960q0 119-84.5 203.5T1376 1664H416q-119 0-203.5-84.5T128 1376V416q0-119 84.5-203.5T416 128h960q119 0 203.5 84.5T1664 416z"/&gt;&lt;/svg&gt;&lt;/span&gt;
    
            &lt;span class="trace-class"&gt;&lt;abbr title="PHPUnit\TextUI\TestRunner"&gt;TestRunner&lt;/abbr&gt;&lt;/span&gt;&lt;span class="trace-type"&gt;-&gt;&lt;/span&gt;&lt;span class="trace-method"&gt;run&lt;/span&gt;&lt;span class="trace-arguments"&gt;(&lt;em&gt;object&lt;/em&gt;(&lt;abbr title="PHPUnit\Framework\TestSuite"&gt;TestSuite&lt;/abbr&gt;), &lt;em&gt;array&lt;/em&gt;('extensions' =&gt; &lt;em&gt;array&lt;/em&gt;(), 'listGroups' =&gt; &lt;em&gt;false&lt;/em&gt;, 'listSuites' =&gt; &lt;em&gt;false&lt;/em&gt;, 'listTests' =&gt; &lt;em&gt;false&lt;/em&gt;, 'listTestsXml' =&gt; &lt;em&gt;false&lt;/em&gt;, 'loader' =&gt; &lt;em&gt;null&lt;/em&gt;, 'useDefaultConfiguration' =&gt; &lt;em&gt;true&lt;/em&gt;, 'loadedExtensions' =&gt; &lt;em&gt;array&lt;/em&gt;(), 'unavailableExtensions' =&gt; &lt;em&gt;array&lt;/em&gt;(), 'notLoadedExtensions' =&gt; &lt;em&gt;array&lt;/em&gt;(), 'junitLogfile' =&gt; 'test-results.xml', 'testSuffixes' =&gt; &lt;em&gt;array&lt;/em&gt;('Test.php', '.phpt'), 'configuration' =&gt; 'C:\\Users\\sliti\\Desktop\\dev\\esprit-PIDEV-3A16-2526-FARMIA\\phpunit.xml.dist', 'configurationObject' =&gt; &lt;em&gt;object&lt;/em&gt;(&lt;abbr title="PHPUnit\TextUI\XmlConfiguration\Configuration"&gt;Configuration&lt;/abbr&gt;), 'stderr' =&gt; &lt;em&gt;false&lt;/em&gt;, 'columns' =&gt; 80, 'warnings' =&gt; &lt;em&gt;array&lt;/em&gt;(), 'debug' =&gt; &lt;em&gt;false&lt;/em&gt;, 'filter' =&gt; &lt;em&gt;false&lt;/em&gt;, 'listeners' =&gt; &lt;em&gt;array&lt;/em&gt;(), 'backupGlobals' =&gt; &lt;em&gt;false&lt;/em&gt;, 'backupStaticAttributes' =&gt; &lt;em&gt;false&lt;/em&gt;, 'beStrictAboutChangesToGlobalState' =&gt; &lt;em&gt;false&lt;/em&gt;, 'cacheResult' =&gt; &lt;em&gt;true&lt;/em&gt;, 'colors' =&gt; 'auto', 'convertDeprecationsToExceptions' =&gt; &lt;em&gt;false&lt;/em&gt;, 'convertErrorsToExceptions' =&gt; &lt;em&gt;true&lt;/em&gt;, 'convertNoticesToExceptions' =&gt; &lt;em&gt;true&lt;/em&gt;, 'convertWarningsToExceptions' =&gt; &lt;em&gt;true&lt;/em&gt;, 'processIsolation' =&gt; &lt;em&gt;false&lt;/em&gt;, 'stopOnDefect' =&gt; &lt;em&gt;false&lt;/em&gt;, 'stopOnError' =&gt; &lt;em&gt;false&lt;/em&gt;, 'stopOnFailure' =&gt; &lt;em&gt;false&lt;/em&gt;, 'stopOnWarning' =&gt; &lt;em&gt;false&lt;/em&gt;, 'stopOnIncomplete' =&gt; &lt;em&gt;false&lt;/em&gt;, 'stopOnRisky' =&gt; &lt;em&gt;false&lt;/em&gt;, 'stopOnSkipped' =&gt; &lt;em&gt;false&lt;/em&gt;, 'failOnEmptyTestSuite' =&gt; &lt;em&gt;false&lt;/em&gt;, 'failOnIncomplete' =&gt; &lt;em&gt;false&lt;/em&gt;, 'failOnRisky' =&gt; &lt;em&gt;false&lt;/em&gt;, 'failOnSkipped' =&gt; &lt;em&gt;false&lt;/em&gt;, 'failOnWarning' =&gt; &lt;em&gt;false&lt;/em&gt;, 'enforceTimeLimit' =&gt; &lt;em&gt;false&lt;/em&gt;, 'defaultTimeLimit' =&gt; 1, 'timeoutForSmallTests' =&gt; 1, 'timeoutForMediumTests' =&gt; 10, 'timeoutForLargeTests' =&gt; 60, 'reportUselessTests' =&gt; &lt;em&gt;true&lt;/em&gt;, 'strictCoverage' =&gt; &lt;em&gt;false&lt;/em&gt;, 'ignoreDeprecatedCodeUnitsFromCodeCoverage' =&gt; &lt;em&gt;false&lt;/em&gt;, 'disallowTestOutput' =&gt; &lt;em&gt;false&lt;/em&gt;, 'disallowTodoAnnotatedTests' =&gt; &lt;em&gt;false&lt;/em&gt;, 'beStrictAboutResourceUsageDuringSmallTests' =&gt; &lt;em&gt;false&lt;/em&gt;, 'verbose' =&gt; &lt;em&gt;false&lt;/em&gt;, 'reverseDefectList' =&gt; &lt;em&gt;false&lt;/em&gt;, 'forceCoversAnnotation' =&gt; &lt;em&gt;false&lt;/em&gt;, 'disableCodeCoverageIgnore' =&gt; &lt;em&gt;false&lt;/em&gt;, 'registerMockObjectsFromTestArgumentsRecursively' =&gt; &lt;em&gt;false&lt;/em&gt;, 'noInteraction' =&gt; &lt;em&gt;false&lt;/em&gt;, 'executionOrder' =&gt; 0, 'resolveDependencies' =&gt; &lt;em&gt;true&lt;/em&gt;, 'bootstrap' =&gt; 'C:\\Users\\sliti\\Desktop\\dev\\esprit-PIDEV-3A16-2526-FARMIA\\tests/bootstrap.php', 'executionOrderDefects' =&gt; 0, 'crap4jThreshold' =&gt; 30, 'excludeGroups' =&gt; &lt;em&gt;array&lt;/em&gt;(), 'groups' =&gt; &lt;em&gt;array&lt;/em&gt;(), 'randomOrderSeed' =&gt; 1777118040, 'repeat' =&gt; &lt;em&gt;false&lt;/em&gt;, 'reportHighLowerBound' =&gt; 90, 'reportLowUpperBound' =&gt; 50, 'reverseList' =&gt; &lt;em&gt;false&lt;/em&gt;, 'testdoxExcludeGroups' =&gt; &lt;em&gt;array&lt;/em&gt;(), 'testdoxGroups' =&gt; &lt;em&gt;array&lt;/em&gt;(), 'cacheResultFile' =&gt; 'C:\\Users\\sliti\\Desktop\\dev\\esprit-PIDEV-3A16-2526-FARMIA'), &lt;em&gt;array&lt;/em&gt;(), &lt;em&gt;true&lt;/em&gt;)&lt;/span&gt;    
                    &lt;span class="block trace-file-path"&gt;
            in
            &lt;a href="file://C:\Users\sliti\Desktop\dev\esprit-PIDEV-3A16-2526-FARMIA\vendor\phpunit\phpunit\src\TextUI\Command.php#L146"&gt;
                C:\Users\sliti\Desktop\dev\esprit-PIDEV-3A16-2526-FARMIA\vendor\phpunit\phpunit\src\TextUI\&lt;strong&gt;Command.php&lt;/strong&gt;
            &lt;/a&gt;
                        (line 146)
            &lt;span class="icon icon-copy hidden" data-clipboard-text="C:\Users\sliti\Desktop\dev\esprit-PIDEV-3A16-2526-FARMIA\vendor\phpunit\phpunit\src\TextUI\Command.php:146"&gt;
                &lt;svg xmlns="http://www.w3.org/2000/svg" height="24" viewBox="0 0 24 24" width="24"&gt;&lt;path d="M0 0h24v24H0z" fill="none"/&gt;&lt;path d="M16 1H4c-1.1 0-2 .9-2 2v14h2V3h12V1zm3 4H8c-1.1 0-2 .9-2 2v14c0 1.1.9 2 2 2h11c1.1 0 2-.9 2-2V7c0-1.1-.9-2-2-2zm0 16H8V7h11v14z"/&gt;&lt;/svg&gt;            &lt;/span&gt;
        &lt;/span&gt;
    &lt;/div&gt;
    &lt;div id="trace-html-2-23" class="trace-code sf-toggle-content"&gt;
        &lt;ol start="141"&gt;&lt;li&gt;&lt;code&gt;&lt;span style="color: var(--highlight-keyword)"&gt;&amp;nbsp;&amp;nbsp;&amp;nbsp;&amp;nbsp;&amp;nbsp;&amp;nbsp;&amp;nbsp;&amp;nbsp;}&lt;/span&gt;&lt;/code&gt;&lt;/li&gt;
&lt;li&gt;&lt;code&gt;&lt;span style="color: var(--highlight-keyword)"&gt;&lt;/span&gt;&lt;/code&gt;&lt;/li&gt;
&lt;li&gt;&lt;code&gt;&lt;span style="color: var(--highlight-keyword)"&gt;&amp;nbsp;&amp;nbsp;&amp;nbsp;&amp;nbsp;&amp;nbsp;&amp;nbsp;&amp;nbsp;&amp;nbsp;unset(&lt;/span&gt;&lt;span style="color: var(--highlight-default)"&gt;$this&lt;/span&gt;&lt;span style="color: var(--highlight-keyword)"&gt;-&amp;gt;&lt;/span&gt;&lt;span style="color: var(--highlight-default)"&gt;arguments&lt;/span&gt;&lt;span style="color: var(--highlight-keyword)"&gt;[&lt;/span&gt;&lt;span style="color: var(--highlight-string)"&gt;'test'&lt;/span&gt;&lt;span style="color: var(--highlight-keyword)"&gt;],&amp;nbsp;&lt;/span&gt;&lt;span style="color: var(--highlight-default)"&gt;$this&lt;/span&gt;&lt;span style="color: var(--highlight-keyword)"&gt;-&amp;gt;&lt;/span&gt;&lt;span style="color: var(--highlight-default)"&gt;arguments&lt;/span&gt;&lt;span style="color: var(--highlight-keyword)"&gt;[&lt;/span&gt;&lt;span style="color: var(--highlight-string)"&gt;'testFile'&lt;/span&gt;&lt;span style="color: var(--highlight-keyword)"&gt;]);&lt;/span&gt;&lt;/code&gt;&lt;/li&gt;
&lt;li&gt;&lt;code&gt;&lt;span style="color: var(--highlight-keyword)"&gt;&lt;/span&gt;&lt;/code&gt;&lt;/li&gt;
&lt;li&gt;&lt;code&gt;&lt;span style="color: var(--highlight-keyword)"&gt;&amp;nbsp;&amp;nbsp;&amp;nbsp;&amp;nbsp;&amp;nbsp;&amp;nbsp;&amp;nbsp;&amp;nbsp;try&amp;nbsp;{&lt;/span&gt;&lt;/code&gt;&lt;/li&gt;
&lt;li class="selected"&gt;&lt;code&gt;&lt;span style="color: var(--highlight-keyword)"&gt;&amp;nbsp;&amp;nbsp;&amp;nbsp;&amp;nbsp;&amp;nbsp;&amp;nbsp;&amp;nbsp;&amp;nbsp;&amp;nbsp;&amp;nbsp;&amp;nbsp;&amp;nbsp;&lt;/span&gt;&lt;span style="color: var(--highlight-default)"&gt;$result&amp;nbsp;&lt;/span&gt;&lt;span style="color: var(--highlight-keyword)"&gt;=&amp;nbsp;&lt;/span&gt;&lt;span style="color: var(--highlight-default)"&gt;$runner&lt;/span&gt;&lt;span style="color: var(--highlight-keyword)"&gt;-&amp;gt;&lt;/span&gt;&lt;span style="color: var(--highlight-default)"&gt;run&lt;/span&gt;&lt;span style="color: var(--highlight-keyword)"&gt;(&lt;/span&gt;&lt;span style="color: var(--highlight-default)"&gt;$suite&lt;/span&gt;&lt;span style="color: var(--highlight-keyword)"&gt;,&amp;nbsp;&lt;/span&gt;&lt;span style="color: var(--highlight-default)"&gt;$this&lt;/span&gt;&lt;span style="color: var(--highlight-keyword)"&gt;-&amp;gt;&lt;/span&gt;&lt;span style="color: var(--highlight-default)"&gt;arguments&lt;/span&gt;&lt;span style="color: var(--highlight-keyword)"&gt;,&amp;nbsp;&lt;/span&gt;&lt;span style="color: var(--highlight-default)"&gt;$this&lt;/span&gt;&lt;span style="color: var(--highlight-keyword)"&gt;-&amp;gt;&lt;/span&gt;&lt;span style="color: var(--highlight-default)"&gt;warnings&lt;/span&gt;&lt;span style="color: var(--highlight-keyword)"&gt;,&amp;nbsp;&lt;/span&gt;&lt;span style="color: var(--highlight-default)"&gt;$exit&lt;/span&gt;&lt;span style="color: var(--highlight-keyword)"&gt;);&lt;/span&gt;&lt;/code&gt;&lt;/li&gt;
&lt;li&gt;&lt;code&gt;&lt;span style="color: var(--highlight-keyword)"&gt;&amp;nbsp;&amp;nbsp;&amp;nbsp;&amp;nbsp;&amp;nbsp;&amp;nbsp;&amp;nbsp;&amp;nbsp;}&amp;nbsp;catch&amp;nbsp;(&lt;/span&gt;&lt;span style="color: var(--highlight-default)"&gt;Throwable&amp;nbsp;$t&lt;/span&gt;&lt;span style="color: var(--highlight-keyword)"&gt;)&amp;nbsp;{&lt;/span&gt;&lt;/code&gt;&lt;/li&gt;
&lt;li&gt;&lt;code&gt;&lt;span style="color: var(--highlight-keyword)"&gt;&amp;nbsp;&amp;nbsp;&amp;nbsp;&amp;nbsp;&amp;nbsp;&amp;nbsp;&amp;nbsp;&amp;nbsp;&amp;nbsp;&amp;nbsp;&amp;nbsp;&amp;nbsp;print&amp;nbsp;&lt;/span&gt;&lt;span style="color: var(--highlight-default)"&gt;$t&lt;/span&gt;&lt;span style="color: var(--highlight-keyword)"&gt;-&amp;gt;&lt;/span&gt;&lt;span style="color: var(--highlight-default)"&gt;getMessage&lt;/span&gt;&lt;span style="color: var(--highlight-keyword)"&gt;()&amp;nbsp;.&amp;nbsp;&lt;/span&gt;&lt;span style="color: var(--highlight-default)"&gt;PHP_EOL&lt;/span&gt;&lt;span style="color: var(--highlight-keyword)"&gt;;&lt;/span&gt;&lt;/code&gt;&lt;/li&gt;
&lt;li&gt;&lt;code&gt;&lt;span style="color: var(--highlight-keyword)"&gt;&amp;nbsp;&amp;nbsp;&amp;nbsp;&amp;nbsp;&amp;nbsp;&amp;nbsp;&amp;nbsp;&amp;nbsp;}&lt;/span&gt;&lt;/code&gt;&lt;/li&gt;
&lt;li&gt;&lt;code&gt;&lt;span style="color: var(--highlight-keyword)"&gt;&lt;/span&gt;&lt;/code&gt;&lt;/li&gt;
&lt;li&gt;&lt;code&gt;&lt;span style="color: var(--highlight-keyword)"&gt;&amp;nbsp;&amp;nbsp;&amp;nbsp;&amp;nbsp;&amp;nbsp;&amp;nbsp;&amp;nbsp;&amp;nbsp;&lt;/span&gt;&lt;span style="color: var(--highlight-default)"&gt;$return&amp;nbsp;&lt;/span&gt;&lt;span style="color: var(--highlight-keyword)"&gt;=&amp;nbsp;&lt;/span&gt;&lt;span style="color: var(--highlight-default)"&gt;TestRunner&lt;/span&gt;&lt;span style="color: var(--highlight-keyword)"&gt;::&lt;/span&gt;&lt;span style="color: var(--highlight-default)"&gt;FAILURE_EXIT&lt;/span&gt;&lt;span style="color: var(--highlight-keyword)"&gt;;&lt;/span&gt;&lt;/code&gt;&lt;/li&gt;&lt;/ol&gt;    &lt;/div&gt;            &lt;/div&gt;
                        &lt;div class="trace-line "&gt;
                &lt;div class="trace-line-header break-long-words sf-toggle" data-toggle-selector="#trace-html-2-24" data-toggle-initial=""&gt;
            &lt;span class="icon icon-close"&gt;&lt;svg width="1792" height="1792" viewBox="0 0 1792 1792" xmlns="http://www.w3.org/2000/svg"&gt;&lt;path d="M1408 960V832q0-26-19-45t-45-19H448q-26 0-45 19t-19 45v128q0 26 19 45t45 19h896q26 0 45-19t19-45zm256-544v960q0 119-84.5 203.5T1376 1664H416q-119 0-203.5-84.5T128 1376V416q0-119 84.5-203.5T416 128h960q119 0 203.5 84.5T1664 416z"/&gt;&lt;/svg&gt;&lt;/span&gt;
        &lt;span class="icon icon-open"&gt;&lt;svg width="1792" height="1792" viewBox="0 0 1792 1792" xmlns="http://www.w3.org/2000/svg"&gt;&lt;path d="M1408 960V832q0-26-19-45t-45-19h-320V448q0-26-19-45t-45-19H832q-26 0-45 19t-19 45v320H448q-26 0-45 19t-19 45v128q0 26 19 45t45 19h320v320q0 26 19 45t45 19h128q26 0 45-19t19-45v-320h320q26 0 45-19t19-45zm256-544v960q0 119-84.5 203.5T1376 1664H416q-119 0-203.5-84.5T128 1376V416q0-119 84.5-203.5T416 128h960q119 0 203.5 84.5T1664 416z"/&gt;&lt;/svg&gt;&lt;/span&gt;
    
            &lt;span class="trace-class"&gt;&lt;abbr title="PHPUnit\TextUI\Command"&gt;Command&lt;/abbr&gt;&lt;/span&gt;&lt;span class="trace-type"&gt;-&gt;&lt;/span&gt;&lt;span class="trace-method"&gt;run&lt;/span&gt;&lt;span class="trace-arguments"&gt;(&lt;em&gt;array&lt;/em&gt;('bin/phpunit', '--log-junit', 'test-results.xml'), &lt;em&gt;true&lt;/em&gt;)&lt;/span&gt;    
                    &lt;span class="block trace-file-path"&gt;
            in
            &lt;a href="file://C:\Users\sliti\Desktop\dev\esprit-PIDEV-3A16-2526-FARMIA\vendor\phpunit\phpunit\src\TextUI\Command.php#L99"&gt;
                C:\Users\sliti\Desktop\dev\esprit-PIDEV-3A16-2526-FARMIA\vendor\phpunit\phpunit\src\TextUI\&lt;strong&gt;Command.php&lt;/strong&gt;
            &lt;/a&gt;
                        (line 99)
            &lt;span class="icon icon-copy hidden" data-clipboard-text="C:\Users\sliti\Desktop\dev\esprit-PIDEV-3A16-2526-FARMIA\vendor\phpunit\phpunit\src\TextUI\Command.php:99"&gt;
                &lt;svg xmlns="http://www.w3.org/2000/svg" height="24" viewBox="0 0 24 24" width="24"&gt;&lt;path d="M0 0h24v24H0z" fill="none"/&gt;&lt;path d="M16 1H4c-1.1 0-2 .9-2 2v14h2V3h12V1zm3 4H8c-1.1 0-2 .9-2 2v14c0 1.1.9 2 2 2h11c1.1 0 2-.9 2-2V7c0-1.1-.9-2-2-2zm0 16H8V7h11v14z"/&gt;&lt;/svg&gt;            &lt;/span&gt;
        &lt;/span&gt;
    &lt;/div&gt;
    &lt;div id="trace-html-2-24" class="trace-code sf-toggle-content"&gt;
        &lt;ol start="94"&gt;&lt;li&gt;&lt;code&gt;&lt;span style="color: var(--highlight-comment)"&gt;&amp;nbsp;&amp;nbsp;&amp;nbsp;&amp;nbsp;&amp;nbsp;*&amp;nbsp;@throws&amp;nbsp;Exception&lt;/span&gt;&lt;/code&gt;&lt;/li&gt;
&lt;li&gt;&lt;code&gt;&lt;span style="color: var(--highlight-comment)"&gt;&amp;nbsp;&amp;nbsp;&amp;nbsp;&amp;nbsp;&amp;nbsp;*/&lt;/span&gt;&lt;/code&gt;&lt;/li&gt;
&lt;li&gt;&lt;code&gt;&lt;span style="color: var(--highlight-comment)"&gt;&amp;nbsp;&amp;nbsp;&amp;nbsp;&amp;nbsp;&lt;/span&gt;&lt;span style="color: var(--highlight-keyword)"&gt;public&amp;nbsp;static&amp;nbsp;function&amp;nbsp;&lt;/span&gt;&lt;span style="color: var(--highlight-default)"&gt;main&lt;/span&gt;&lt;span style="color: var(--highlight-keyword)"&gt;(&lt;/span&gt;&lt;span style="color: var(--highlight-default)"&gt;bool&amp;nbsp;$exit&amp;nbsp;&lt;/span&gt;&lt;span style="color: var(--highlight-keyword)"&gt;=&amp;nbsp;&lt;/span&gt;&lt;span style="color: var(--highlight-default)"&gt;true&lt;/span&gt;&lt;span style="color: var(--highlight-keyword)"&gt;):&amp;nbsp;&lt;/span&gt;&lt;span style="color: var(--highlight-default)"&gt;int&lt;/span&gt;&lt;/code&gt;&lt;/li&gt;
&lt;li&gt;&lt;code&gt;&lt;span style="color: var(--highlight-default)"&gt;&amp;nbsp;&amp;nbsp;&amp;nbsp;&amp;nbsp;&lt;/span&gt;&lt;span style="color: var(--highlight-keyword)"&gt;{&lt;/span&gt;&lt;/code&gt;&lt;/li&gt;
&lt;li&gt;&lt;code&gt;&lt;span style="color: var(--highlight-keyword)"&gt;&amp;nbsp;&amp;nbsp;&amp;nbsp;&amp;nbsp;&amp;nbsp;&amp;nbsp;&amp;nbsp;&amp;nbsp;try&amp;nbsp;{&lt;/span&gt;&lt;/code&gt;&lt;/li&gt;
&lt;li class="selected"&gt;&lt;code&gt;&lt;span style="color: var(--highlight-keyword)"&gt;&amp;nbsp;&amp;nbsp;&amp;nbsp;&amp;nbsp;&amp;nbsp;&amp;nbsp;&amp;nbsp;&amp;nbsp;&amp;nbsp;&amp;nbsp;&amp;nbsp;&amp;nbsp;return&amp;nbsp;(new&amp;nbsp;static)-&amp;gt;&lt;/span&gt;&lt;span style="color: var(--highlight-default)"&gt;run&lt;/span&gt;&lt;span style="color: var(--highlight-keyword)"&gt;(&lt;/span&gt;&lt;span style="color: var(--highlight-default)"&gt;$_SERVER&lt;/span&gt;&lt;span style="color: var(--highlight-keyword)"&gt;[&lt;/span&gt;&lt;span style="color: var(--highlight-string)"&gt;'argv'&lt;/span&gt;&lt;span style="color: var(--highlight-keyword)"&gt;],&amp;nbsp;&lt;/span&gt;&lt;span style="color: var(--highlight-default)"&gt;$exit&lt;/span&gt;&lt;span style="color: var(--highlight-keyword)"&gt;);&lt;/span&gt;&lt;/code&gt;&lt;/li&gt;
&lt;li&gt;&lt;code&gt;&lt;span style="color: var(--highlight-keyword)"&gt;&amp;nbsp;&amp;nbsp;&amp;nbsp;&amp;nbsp;&amp;nbsp;&amp;nbsp;&amp;nbsp;&amp;nbsp;}&amp;nbsp;catch&amp;nbsp;(&lt;/span&gt;&lt;span style="color: var(--highlight-default)"&gt;Throwable&amp;nbsp;$t&lt;/span&gt;&lt;span style="color: var(--highlight-keyword)"&gt;)&amp;nbsp;{&lt;/span&gt;&lt;/code&gt;&lt;/li&gt;
&lt;li&gt;&lt;code&gt;&lt;span style="color: var(--highlight-keyword)"&gt;&amp;nbsp;&amp;nbsp;&amp;nbsp;&amp;nbsp;&amp;nbsp;&amp;nbsp;&amp;nbsp;&amp;nbsp;&amp;nbsp;&amp;nbsp;&amp;nbsp;&amp;nbsp;throw&amp;nbsp;new&amp;nbsp;&lt;/span&gt;&lt;span style="color: var(--highlight-default)"&gt;RuntimeException&lt;/span&gt;&lt;span style="color: var(--highlight-keyword)"&gt;(&lt;/span&gt;&lt;/code&gt;&lt;/li&gt;
&lt;li&gt;&lt;code&gt;&lt;span style="color: var(--highlight-keyword)"&gt;&amp;nbsp;&amp;nbsp;&amp;nbsp;&amp;nbsp;&amp;nbsp;&amp;nbsp;&amp;nbsp;&amp;nbsp;&amp;nbsp;&amp;nbsp;&amp;nbsp;&amp;nbsp;&amp;nbsp;&amp;nbsp;&amp;nbsp;&amp;nbsp;&lt;/span&gt;&lt;span style="color: var(--highlight-default)"&gt;$t&lt;/span&gt;&lt;span style="color: var(--highlight-keyword)"&gt;-&amp;gt;&lt;/span&gt;&lt;span style="color: var(--highlight-default)"&gt;getMessage&lt;/span&gt;&lt;span style="color: var(--highlight-keyword)"&gt;(),&lt;/span&gt;&lt;/code&gt;&lt;/li&gt;
&lt;li&gt;&lt;code&gt;&lt;span style="color: var(--highlight-keyword)"&gt;&amp;nbsp;&amp;nbsp;&amp;nbsp;&amp;nbsp;&amp;nbsp;&amp;nbsp;&amp;nbsp;&amp;nbsp;&amp;nbsp;&amp;nbsp;&amp;nbsp;&amp;nbsp;&amp;nbsp;&amp;nbsp;&amp;nbsp;&amp;nbsp;(int)&amp;nbsp;&lt;/span&gt;&lt;span style="color: var(--highlight-default)"&gt;$t&lt;/span&gt;&lt;span style="color: var(--highlight-keyword)"&gt;-&amp;gt;&lt;/span&gt;&lt;span style="color: var(--highlight-default)"&gt;getCode&lt;/span&gt;&lt;span style="color: var(--highlight-keyword)"&gt;(),&lt;/span&gt;&lt;/code&gt;&lt;/li&gt;
&lt;li&gt;&lt;code&gt;&lt;span style="color: var(--highlight-keyword)"&gt;&amp;nbsp;&amp;nbsp;&amp;nbsp;&amp;nbsp;&amp;nbsp;&amp;nbsp;&amp;nbsp;&amp;nbsp;&amp;nbsp;&amp;nbsp;&amp;nbsp;&amp;nbsp;&amp;nbsp;&amp;nbsp;&amp;nbsp;&amp;nbsp;&lt;/span&gt;&lt;span style="color: var(--highlight-default)"&gt;$t&lt;/span&gt;&lt;span style="color: var(--highlight-keyword)"&gt;,&lt;/span&gt;&lt;/code&gt;&lt;/li&gt;&lt;/ol&gt;    &lt;/div&gt;            &lt;/div&gt;
                        &lt;div class="trace-line "&gt;
                &lt;div class="trace-line-header break-long-words sf-toggle" data-toggle-selector="#trace-html-2-25" data-toggle-initial=""&gt;
            &lt;span class="icon icon-close"&gt;&lt;svg width="1792" height="1792" viewBox="0 0 1792 1792" xmlns="http://www.w3.org/2000/svg"&gt;&lt;path d="M1408 960V832q0-26-19-45t-45-19H448q-26 0-45 19t-19 45v128q0 26 19 45t45 19h896q26 0 45-19t19-45zm256-544v960q0 119-84.5 203.5T1376 1664H416q-119 0-203.5-84.5T128 1376V416q0-119 84.5-203.5T416 128h960q119 0 203.5 84.5T1664 416z"/&gt;&lt;/svg&gt;&lt;/span&gt;
        &lt;span class="icon icon-open"&gt;&lt;svg width="1792" height="1792" viewBox="0 0 1792 1792" xmlns="http://www.w3.org/2000/svg"&gt;&lt;path d="M1408 960V832q0-26-19-45t-45-19h-320V448q0-26-19-45t-45-19H832q-26 0-45 19t-19 45v320H448q-26 0-45 19t-19 45v128q0 26 19 45t45 19h320v320q0 26 19 45t45 19h128q26 0 45-19t19-45v-320h320q26 0 45-19t19-45zm256-544v960q0 119-84.5 203.5T1376 1664H416q-119 0-203.5-84.5T128 1376V416q0-119 84.5-203.5T416 128h960q119 0 203.5 84.5T1664 416z"/&gt;&lt;/svg&gt;&lt;/span&gt;
    
            &lt;span class="trace-class"&gt;&lt;abbr title="PHPUnit\TextUI\Command"&gt;Command&lt;/abbr&gt;&lt;/span&gt;&lt;span class="trace-type"&gt;::&lt;/span&gt;&lt;span class="trace-method"&gt;main&lt;/span&gt;&lt;span class="trace-arguments"&gt;()&lt;/span&gt;    
                    &lt;span class="block trace-file-path"&gt;
            in
            &lt;a href="file://C:\Users\sliti\Desktop\dev\esprit-PIDEV-3A16-2526-FARMIA\vendor\phpunit\phpunit\phpunit#L107"&gt;
                C:\Users\sliti\Desktop\dev\esprit-PIDEV-3A16-2526-FARMIA\vendor\phpunit\phpunit\&lt;strong&gt;phpunit&lt;/strong&gt;
            &lt;/a&gt;
                        (line 107)
            &lt;span class="icon icon-copy hidden" data-clipboard-text="C:\Users\sliti\Desktop\dev\esprit-PIDEV-3A16-2526-FARMIA\vendor\phpunit\phpunit\phpunit:107"&gt;
                &lt;svg xmlns="http://www.w3.org/2000/svg" height="24" viewBox="0 0 24 24" width="24"&gt;&lt;path d="M0 0h24v24H0z" fill="none"/&gt;&lt;path d="M16 1H4c-1.1 0-2 .9-2 2v14h2V3h12V1zm3 4H8c-1.1 0-2 .9-2 2v14c0 1.1.9 2 2 2h11c1.1 0 2-.9 2-2V7c0-1.1-.9-2-2-2zm0 16H8V7h11v14z"/&gt;&lt;/svg&gt;            &lt;/span&gt;
        &lt;/span&gt;
    &lt;/div&gt;
    &lt;div id="trace-html-2-25" class="trace-code sf-toggle-content"&gt;
        &lt;ol start="102"&gt;&lt;li&gt;&lt;code&gt;&lt;span style="color: var(--highlight-keyword)"&gt;unset(&lt;/span&gt;&lt;span style="color: var(--highlight-default)"&gt;$options&lt;/span&gt;&lt;span style="color: var(--highlight-keyword)"&gt;);&lt;/span&gt;&lt;/code&gt;&lt;/li&gt;
&lt;li&gt;&lt;code&gt;&lt;span style="color: var(--highlight-keyword)"&gt;&lt;/span&gt;&lt;/code&gt;&lt;/li&gt;
&lt;li&gt;&lt;code&gt;&lt;span style="color: var(--highlight-keyword)"&gt;require&amp;nbsp;&lt;/span&gt;&lt;span style="color: var(--highlight-default)"&gt;PHPUNIT_COMPOSER_INSTALL&lt;/span&gt;&lt;span style="color: var(--highlight-keyword)"&gt;;&lt;/span&gt;&lt;/code&gt;&lt;/li&gt;
&lt;li&gt;&lt;code&gt;&lt;span style="color: var(--highlight-keyword)"&gt;&lt;/span&gt;&lt;/code&gt;&lt;/li&gt;
&lt;li&gt;&lt;code&gt;&lt;span style="color: var(--highlight-keyword)"&gt;&lt;/span&gt;&lt;span style="color: var(--highlight-default)"&gt;PHPUnit\TextUI\Command&lt;/span&gt;&lt;span style="color: var(--highlight-keyword)"&gt;::&lt;/span&gt;&lt;span style="color: var(--highlight-default)"&gt;main&lt;/span&gt;&lt;span style="color: var(--highlight-keyword)"&gt;();&lt;/span&gt;&lt;/code&gt;&lt;/li&gt;
&lt;li class="selected"&gt;&lt;code&gt;&lt;span style="color: var(--highlight-keyword)"&gt;&lt;/span&gt;&lt;/code&gt;&lt;/li&gt;&lt;/ol&gt;    &lt;/div&gt;            &lt;/div&gt;
                        &lt;div class="trace-line "&gt;
                &lt;div class="trace-line-header break-long-words sf-toggle" data-toggle-selector="#trace-html-2-26" data-toggle-initial=""&gt;
            &lt;span class="icon icon-close"&gt;&lt;svg width="1792" height="1792" viewBox="0 0 1792 1792" xmlns="http://www.w3.org/2000/svg"&gt;&lt;path d="M1408 960V832q0-26-19-45t-45-19H448q-26 0-45 19t-19 45v128q0 26 19 45t45 19h896q26 0 45-19t19-45zm256-544v960q0 119-84.5 203.5T1376 1664H416q-119 0-203.5-84.5T128 1376V416q0-119 84.5-203.5T416 128h960q119 0 203.5 84.5T1664 416z"/&gt;&lt;/svg&gt;&lt;/span&gt;
        &lt;span class="icon icon-open"&gt;&lt;svg width="1792" height="1792" viewBox="0 0 1792 1792" xmlns="http://www.w3.org/2000/svg"&gt;&lt;path d="M1408 960V832q0-26-19-45t-45-19h-320V448q0-26-19-45t-45-19H832q-26 0-45 19t-19 45v320H448q-26 0-45 19t-19 45v128q0 26 19 45t45 19h320v320q0 26 19 45t45 19h128q26 0 45-19t19-45v-320h320q26 0 45-19t19-45zm256-544v960q0 119-84.5 203.5T1376 1664H416q-119 0-203.5-84.5T128 1376V416q0-119 84.5-203.5T416 128h960q119 0 203.5 84.5T1664 416z"/&gt;&lt;/svg&gt;&lt;/span&gt;
    
            &lt;span class="trace-class"&gt;&lt;abbr title=""&gt;&lt;/abbr&gt;&lt;/span&gt;&lt;span class="trace-method"&gt;require&lt;/span&gt;&lt;span class="trace-arguments"&gt;('C:\\Users\\sliti\\Desktop\\dev\\esprit-PIDEV-3A16-2526-FARMIA\\vendor\\phpunit\\phpunit\\phpunit')&lt;/span&gt;    
                    &lt;span class="block trace-file-path"&gt;
            in
            &lt;a href="file://C:\Users\sliti\Desktop\dev\esprit-PIDEV-3A16-2526-FARMIA\bin\phpunit#L10"&gt;
                C:\Users\sliti\Desktop\dev\esprit-PIDEV-3A16-2526-FARMIA\bin\&lt;strong&gt;phpunit&lt;/strong&gt;
            &lt;/a&gt;
                        (line 10)
            &lt;span class="icon icon-copy hidden" data-clipboard-text="C:\Users\sliti\Desktop\dev\esprit-PIDEV-3A16-2526-FARMIA\bin\phpunit:10"&gt;
                &lt;svg xmlns="http://www.w3.org/2000/svg" height="24" viewBox="0 0 24 24" width="24"&gt;&lt;path d="M0 0h24v24H0z" fill="none"/&gt;&lt;path d="M16 1H4c-1.1 0-2 .9-2 2v14h2V3h12V1zm3 4H8c-1.1 0-2 .9-2 2v14c0 1.1.9 2 2 2h11c1.1 0 2-.9 2-2V7c0-1.1-.9-2-2-2zm0 16H8V7h11v14z"/&gt;&lt;/svg&gt;            &lt;/span&gt;
        &lt;/span&gt;
    &lt;/div&gt;
    &lt;div id="trace-html-2-26" class="trace-code sf-toggle-content"&gt;
        &lt;ol start="5"&gt;&lt;li&gt;&lt;code&gt;&lt;span style="color: var(--highlight-keyword)"&gt;}&#13;&lt;/span&gt;&lt;/code&gt;&lt;/li&gt;
&lt;li&gt;&lt;code&gt;&lt;span style="color: var(--highlight-keyword)"&gt;&#13;&lt;/span&gt;&lt;/code&gt;&lt;/li&gt;
&lt;li&gt;&lt;code&gt;&lt;span style="color: var(--highlight-keyword)"&gt;if&amp;nbsp;(&lt;/span&gt;&lt;span style="color: var(--highlight-default)"&gt;is_file&lt;/span&gt;&lt;span style="color: var(--highlight-keyword)"&gt;(&lt;/span&gt;&lt;span style="color: var(--highlight-default)"&gt;dirname&lt;/span&gt;&lt;span style="color: var(--highlight-keyword)"&gt;(&lt;/span&gt;&lt;span style="color: var(--highlight-default)"&gt;__DIR__&lt;/span&gt;&lt;span style="color: var(--highlight-keyword)"&gt;).&lt;/span&gt;&lt;span style="color: var(--highlight-string)"&gt;'/vendor/phpunit/phpunit/phpunit'&lt;/span&gt;&lt;span style="color: var(--highlight-keyword)"&gt;))&amp;nbsp;{&#13;&lt;/span&gt;&lt;/code&gt;&lt;/li&gt;
&lt;li&gt;&lt;code&gt;&lt;span style="color: var(--highlight-keyword)"&gt;&amp;nbsp;&amp;nbsp;&amp;nbsp;&amp;nbsp;if&amp;nbsp;(&lt;/span&gt;&lt;span style="color: var(--highlight-default)"&gt;PHP_VERSION_ID&amp;nbsp;&lt;/span&gt;&lt;span style="color: var(--highlight-keyword)"&gt;&amp;gt;=&amp;nbsp;&lt;/span&gt;&lt;span style="color: var(--highlight-default)"&gt;80000&lt;/span&gt;&lt;span style="color: var(--highlight-keyword)"&gt;)&amp;nbsp;{&#13;&lt;/span&gt;&lt;/code&gt;&lt;/li&gt;
&lt;li&gt;&lt;code&gt;&lt;span style="color: var(--highlight-keyword)"&gt;&amp;nbsp;&amp;nbsp;&amp;nbsp;&amp;nbsp;&amp;nbsp;&amp;nbsp;&amp;nbsp;&amp;nbsp;require&amp;nbsp;&lt;/span&gt;&lt;span style="color: var(--highlight-default)"&gt;dirname&lt;/span&gt;&lt;span style="color: var(--highlight-keyword)"&gt;(&lt;/span&gt;&lt;span style="color: var(--highlight-default)"&gt;__DIR__&lt;/span&gt;&lt;span style="color: var(--highlight-keyword)"&gt;).&lt;/span&gt;&lt;span style="color: var(--highlight-string)"&gt;'/vendor/phpunit/phpunit/phpunit'&lt;/span&gt;&lt;span style="color: var(--highlight-keyword)"&gt;;&#13;&lt;/span&gt;&lt;/code&gt;&lt;/li&gt;
&lt;li class="selected"&gt;&lt;code&gt;&lt;span style="color: var(--highlight-keyword)"&gt;&amp;nbsp;&amp;nbsp;&amp;nbsp;&amp;nbsp;}&amp;nbsp;else&amp;nbsp;{&#13;&lt;/span&gt;&lt;/code&gt;&lt;/li&gt;
&lt;li&gt;&lt;code&gt;&lt;span style="color: var(--highlight-keyword)"&gt;&amp;nbsp;&amp;nbsp;&amp;nbsp;&amp;nbsp;&amp;nbsp;&amp;nbsp;&amp;nbsp;&amp;nbsp;&lt;/span&gt;&lt;span style="color: var(--highlight-default)"&gt;define&lt;/span&gt;&lt;span style="color: var(--highlight-keyword)"&gt;(&lt;/span&gt;&lt;span style="color: var(--highlight-string)"&gt;'PHPUNIT_COMPOSER_INSTALL'&lt;/span&gt;&lt;span style="color: var(--highlight-keyword)"&gt;,&amp;nbsp;&lt;/span&gt;&lt;span style="color: var(--highlight-default)"&gt;dirname&lt;/span&gt;&lt;span style="color: var(--highlight-keyword)"&gt;(&lt;/span&gt;&lt;span style="color: var(--highlight-default)"&gt;__DIR__&lt;/span&gt;&lt;span style="color: var(--highlight-keyword)"&gt;).&lt;/span&gt;&lt;span style="color: var(--highlight-string)"&gt;'/vendor/autoload.php'&lt;/span&gt;&lt;span style="color: var(--highlight-keyword)"&gt;);&#13;&lt;/span&gt;&lt;/code&gt;&lt;/li&gt;
&lt;li&gt;&lt;code&gt;&lt;span style="color: var(--highlight-keyword)"&gt;&amp;nbsp;&amp;nbsp;&amp;nbsp;&amp;nbsp;&amp;nbsp;&amp;nbsp;&amp;nbsp;&amp;nbsp;require&amp;nbsp;&lt;/span&gt;&lt;span style="color: var(--highlight-default)"&gt;PHPUNIT_COMPOSER_INSTALL&lt;/span&gt;&lt;span style="color: var(--highlight-keyword)"&gt;;&#13;&lt;/span&gt;&lt;/code&gt;&lt;/li&gt;
&lt;li&gt;&lt;code&gt;&lt;span style="color: var(--highlight-keyword)"&gt;&amp;nbsp;&amp;nbsp;&amp;nbsp;&amp;nbsp;&amp;nbsp;&amp;nbsp;&amp;nbsp;&amp;nbsp;&lt;/span&gt;&lt;span style="color: var(--highlight-default)"&gt;PHPUnit\TextUI\Command&lt;/span&gt;&lt;span style="color: var(--highlight-keyword)"&gt;::&lt;/span&gt;&lt;span style="color: var(--highlight-default)"&gt;main&lt;/span&gt;&lt;span style="color: var(--highlight-keyword)"&gt;();&#13;&lt;/span&gt;&lt;/code&gt;&lt;/li&gt;
&lt;li&gt;&lt;code&gt;&lt;span style="color: var(--highlight-keyword)"&gt;&amp;nbsp;&amp;nbsp;&amp;nbsp;&amp;nbsp;}&#13;&lt;/span&gt;&lt;/code&gt;&lt;/li&gt;
&lt;li&gt;&lt;code&gt;&lt;span style="color: var(--highlight-keyword)"&gt;}&amp;nbsp;else&amp;nbsp;{&#13;&lt;/span&gt;&lt;/code&gt;&lt;/li&gt;&lt;/ol&gt;    &lt;/div&gt;            &lt;/div&gt;
                    &lt;/div&gt;
    &lt;/div&gt;
&lt;/div&gt;            &lt;/div&gt;
        &lt;/div&gt;

        
        &lt;div class="tab"&gt;
            &lt;h3 class="tab-title"&gt;
                                    Stack Traces &lt;span class="badge"&gt;2&lt;/span&gt;
                            &lt;/h3&gt;

            &lt;div class="tab-content"&gt;
                &lt;table class="trace trace-as-text"&gt;
    &lt;thead class="trace-head"&gt;
        &lt;tr&gt;
            &lt;th class="sf-toggle" data-toggle-selector="#trace-text-1" data-toggle-initial="display"&gt;
                &lt;div class="trace-class"&gt;
                                            &lt;span class="text-muted"&gt;[2/2]&lt;/span&gt;
                                        NotFoundHttpException                    &lt;span class="icon icon-close"&gt;&lt;svg width="1792" height="1792" viewBox="0 0 1792 1792" xmlns="http://www.w3.org/2000/svg"&gt;&lt;path d="M1344 800v64q0 14-9 23t-23 9H480q-14 0-23-9t-9-23v-64q0-14 9-23t23-9h832q14 0 23 9t9 23zm128 448V416q0-66-47-113t-113-47H480q-66 0-113 47t-47 113v832q0 66 47 113t113 47h832q66 0 113-47t47-113zm128-832v832q0 119-84.5 203.5T1312 1536H480q-119 0-203.5-84.5T192 1248V416q0-119 84.5-203.5T480 128h832q119 0 203.5 84.5T1600 416z"/&gt;&lt;/svg&gt;&lt;/span&gt;
                    &lt;span class="icon icon-open"&gt;&lt;svg width="1792" height="1792" viewBox="0 0 1792 1792" xmlns="http://www.w3.org/2000/svg"&gt;&lt;path d="M1344 800v64q0 14-9 23t-23 9H960v352q0 14-9 23t-23 9h-64q-14 0-23-9t-9-23V896H480q-14 0-23-9t-9-23v-64q0-14 9-23t23-9h352V416q0-14 9-23t23-9h64q14 0 23 9t9 23v352h352q14 0 23 9t9 23zm128 448V416q0-66-47-113t-113-47H480q-66 0-113 47t-47 113v832q0 66 47 113t113 47h832q66 0 113-47t47-113zm128-832v832q0 119-84.5 203.5T1312 1536H480q-119 0-203.5-84.5T192 1248V416q0-119 84.5-203.5T480 128h832q119 0 203.5 84.5T1600 416z"/&gt;&lt;/svg&gt;&lt;/span&gt;
                &lt;/div&gt;
            &lt;/th&gt;
        &lt;/tr&gt;
    &lt;/thead&gt;

    &lt;tbody id="trace-text-1"&gt;
        &lt;tr&gt;
            &lt;td&gt;
                                &lt;pre class="stacktrace"&gt;
Symfony\Component\HttpKernel\Exception\NotFoundHttpException:
No route found for &amp;quot;GET http://localhost/expert/conseil/new/1&amp;quot;

  at C:\Users\sliti\Desktop\dev\esprit-PIDEV-3A16-2526-FARMIA\vendor\symfony\http-kernel\EventListener\RouterListener.php:127
  at Symfony\Component\HttpKernel\EventListener\RouterListener-&amp;gt;onKernelRequest(object(RequestEvent), 'kernel.request', object(TraceableEventDispatcher))
     (C:\Users\sliti\Desktop\dev\esprit-PIDEV-3A16-2526-FARMIA\vendor\symfony\event-dispatcher\Debug\WrappedListener.php:116)
  at Symfony\Component\EventDispatcher\Debug\WrappedListener-&amp;gt;__invoke(object(RequestEvent), 'kernel.request', object(TraceableEventDispatcher))
     (C:\Users\sliti\Desktop\dev\esprit-PIDEV-3A16-2526-FARMIA\vendor\symfony\event-dispatcher\EventDispatcher.php:220)
  at Symfony\Component\EventDispatcher\EventDispatcher-&amp;gt;callListeners(array(object(WrappedListener), object(WrappedListener), object(WrappedListener), object(WrappedListener), object(WrappedListener), object(WrappedListener), object(WrappedListener), object(WrappedListener), object(WrappedListener), object(WrappedListener), object(WrappedListener)), 'kernel.request', object(RequestEvent))
     (C:\Users\sliti\Desktop\dev\esprit-PIDEV-3A16-2526-FARMIA\vendor\symfony\event-dispatcher\EventDispatcher.php:56)
  at Symfony\Component\EventDispatcher\EventDispatcher-&amp;gt;dispatch(object(RequestEvent), 'kernel.request')
     (C:\Users\sliti\Desktop\dev\esprit-PIDEV-3A16-2526-FARMIA\vendor\symfony\event-dispatcher\Debug\TraceableEventDispatcher.php:139)
  at Symfony\Component\EventDispatcher\Debug\TraceableEventDispatcher-&amp;gt;dispatch(object(RequestEvent), 'kernel.request')
     (C:\Users\sliti\Desktop\dev\esprit-PIDEV-3A16-2526-FARMIA\vendor\symfony\http-kernel\HttpKernel.php:157)
  at Symfony\Component\HttpKernel\HttpKernel-&amp;gt;handleRaw(object(Request), 1)
     (C:\Users\sliti\Desktop\dev\esprit-PIDEV-3A16-2526-FARMIA\vendor\symfony\http-kernel\HttpKernel.php:76)
  at Symfony\Component\HttpKernel\HttpKernel-&amp;gt;handle(object(Request), 1, true)
     (C:\Users\sliti\Desktop\dev\esprit-PIDEV-3A16-2526-FARMIA\vendor\symfony\http-kernel\Kernel.php:208)
  at Symfony\Component\HttpKernel\Kernel-&amp;gt;handle(object(Request), 1, true)
     (C:\Users\sliti\Desktop\dev\esprit-PIDEV-3A16-2526-FARMIA\vendor\symfony\http-kernel\HttpKernelBrowser.php:65)
  at Symfony\Component\HttpKernel\HttpKernelBrowser-&amp;gt;doRequest(object(Request))
     (C:\Users\sliti\Desktop\dev\esprit-PIDEV-3A16-2526-FARMIA\vendor\symfony\framework-bundle\KernelBrowser.php:175)
  at Symfony\Bundle\FrameworkBundle\KernelBrowser-&amp;gt;doRequest(object(Request))
     (C:\Users\sliti\Desktop\dev\esprit-PIDEV-3A16-2526-FARMIA\vendor\symfony\browser-kit\AbstractBrowser.php:385)
  at Symfony\Component\BrowserKit\AbstractBrowser-&amp;gt;request('GET', 'http://localhost/expert/conseil/new/1')
     (C:\Users\sliti\Desktop\dev\esprit-PIDEV-3A16-2526-FARMIA\tests\Functional\Controller\ExpertConseilControllerTest.php:54)
  at App\Tests\Functional\Controller\ExpertConseilControllerTest-&amp;gt;testCreateConseilPageLoads()
     (C:\Users\sliti\Desktop\dev\esprit-PIDEV-3A16-2526-FARMIA\vendor\phpunit\phpunit\src\Framework\TestCase.php:1617)
  at PHPUnit\Framework\TestCase-&amp;gt;runTest()
     (C:\Users\sliti\Desktop\dev\esprit-PIDEV-3A16-2526-FARMIA\vendor\phpunit\phpunit\src\Framework\TestCase.php:1223)
  at PHPUnit\Framework\TestCase-&amp;gt;runBare()
     (C:\Users\sliti\Desktop\dev\esprit-PIDEV-3A16-2526-FARMIA\vendor\phpunit\phpunit\src\Framework\TestResult.php:729)
  at PHPUnit\Framework\TestResult-&amp;gt;run(object(ExpertConseilControllerTest))
     (C:\Users\sliti\Desktop\dev\esprit-PIDEV-3A16-2526-FARMIA\vendor\phpunit\phpunit\src\Framework\TestCase.php:973)
  at PHPUnit\Framework\TestCase-&amp;gt;run(object(TestResult))
     (C:\Users\sliti\Desktop\dev\esprit-PIDEV-3A16-2526-FARMIA\vendor\phpunit\phpunit\src\Framework\TestSuite.php:685)
  at PHPUnit\Framework\TestSuite-&amp;gt;run(object(TestResult))
     (C:\Users\sliti\Desktop\dev\esprit-PIDEV-3A16-2526-FARMIA\vendor\phpunit\phpunit\src\Framework\TestSuite.php:685)
  at PHPUnit\Framework\TestSuite-&amp;gt;run(object(TestResult))
     (C:\Users\sliti\Desktop\dev\esprit-PIDEV-3A16-2526-FARMIA\vendor\phpunit\phpunit\src\Framework\TestSuite.php:685)
  at PHPUnit\Framework\TestSuite-&amp;gt;run(object(TestResult))
     (C:\Users\sliti\Desktop\dev\esprit-PIDEV-3A16-2526-FARMIA\vendor\phpunit\phpunit\src\TextUI\TestRunner.php:651)
  at PHPUnit\TextUI\TestRunner-&amp;gt;run(object(TestSuite), array('extensions' =&gt; array(), 'listGroups' =&gt; false, 'listSuites' =&gt; false, 'listTests' =&gt; false, 'listTestsXml' =&gt; false, 'loader' =&gt; null, 'useDefaultConfiguration' =&gt; true, 'loadedExtensions' =&gt; array(), 'unavailableExtensions' =&gt; array(), 'notLoadedExtensions' =&gt; array(), 'junitLogfile' =&gt; 'test-results.xml', 'testSuffixes' =&gt; array('Test.php', '.phpt'), 'configuration' =&gt; 'C:\\Users\\sliti\\Desktop\\dev\\esprit-PIDEV-3A16-2526-FARMIA\\phpunit.xml.dist', 'configurationObject' =&gt; object(Configuration), 'stderr' =&gt; false, 'columns' =&gt; 80, 'warnings' =&gt; array(), 'debug' =&gt; false, 'filter' =&gt; false, 'listeners' =&gt; array(), 'backupGlobals' =&gt; false, 'backupStaticAttributes' =&gt; false, 'beStrictAboutChangesToGlobalState' =&gt; false, 'cacheResult' =&gt; true, 'colors' =&gt; 'auto', 'convertDeprecationsToExceptions' =&gt; false, 'convertErrorsToExceptions' =&gt; true, 'convertNoticesToExceptions' =&gt; true, 'convertWarningsToExceptions' =&gt; true, 'processIsolation' =&gt; false, 'stopOnDefect' =&gt; false, 'stopOnError' =&gt; false, 'stopOnFailure' =&gt; false, 'stopOnWarning' =&gt; false, 'stopOnIncomplete' =&gt; false, 'stopOnRisky' =&gt; false, 'stopOnSkipped' =&gt; false, 'failOnEmptyTestSuite' =&gt; false, 'failOnIncomplete' =&gt; false, 'failOnRisky' =&gt; false, 'failOnSkipped' =&gt; false, 'failOnWarning' =&gt; false, 'enforceTimeLimit' =&gt; false, 'defaultTimeLimit' =&gt; 1, 'timeoutForSmallTests' =&gt; 1, 'timeoutForMediumTests' =&gt; 10, 'timeoutForLargeTests' =&gt; 60, 'reportUselessTests' =&gt; true, 'strictCoverage' =&gt; false, 'ignoreDeprecatedCodeUnitsFromCodeCoverage' =&gt; false, 'disallowTestOutput' =&gt; false, 'disallowTodoAnnotatedTests' =&gt; false, 'beStrictAboutResourceUsageDuringSmallTests' =&gt; false, 'verbose' =&gt; false, 'reverseDefectList' =&gt; false, 'forceCoversAnnotation' =&gt; false, 'disableCodeCoverageIgnore' =&gt; false, 'registerMockObjectsFromTestArgumentsRecursively' =&gt; false, 'noInteraction' =&gt; false, 'executionOrder' =&gt; 0, 'resolveDependencies' =&gt; true, 'bootstrap' =&gt; 'C:\\Users\\sliti\\Desktop\\dev\\esprit-PIDEV-3A16-2526-FARMIA\\tests/bootstrap.php', 'executionOrderDefects' =&gt; 0, 'crap4jThreshold' =&gt; 30, 'excludeGroups' =&gt; array(), 'groups' =&gt; array(), 'randomOrderSeed' =&gt; 1777118040, 'repeat' =&gt; false, 'reportHighLowerBound' =&gt; 90, 'reportLowUpperBound' =&gt; 50, 'reverseList' =&gt; false, 'testdoxExcludeGroups' =&gt; array(), 'testdoxGroups' =&gt; array(), 'cacheResultFile' =&gt; 'C:\\Users\\sliti\\Desktop\\dev\\esprit-PIDEV-3A16-2526-FARMIA'), array(), true)
     (C:\Users\sliti\Desktop\dev\esprit-PIDEV-3A16-2526-FARMIA\vendor\phpunit\phpunit\src\TextUI\Command.php:146)
  at PHPUnit\TextUI\Command-&amp;gt;run(array('bin/phpunit', '--log-junit', 'test-results.xml'), true)
     (C:\Users\sliti\Desktop\dev\esprit-PIDEV-3A16-2526-FARMIA\vendor\phpunit\phpunit\src\TextUI\Command.php:99)
  at PHPUnit\TextUI\Command::main()
     (C:\Users\sliti\Desktop\dev\esprit-PIDEV-3A16-2526-FARMIA\vendor\phpunit\phpunit\phpunit:107)
  at require('C:\\Users\\sliti\\Desktop\\dev\\esprit-PIDEV-3A16-2526-FARMIA\\vendor\\phpunit\\phpunit\\phpunit')
     (C:\Users\sliti\Desktop\dev\esprit-PIDEV-3A16-2526-FARMIA\bin\phpunit:10)                &lt;/pre&gt;
                            &lt;/td&gt;
        &lt;/tr&gt;
    &lt;/tbody&gt;
&lt;/table&gt;&lt;table class="trace trace-as-text"&gt;
    &lt;thead class="trace-head"&gt;
        &lt;tr&gt;
            &lt;th class="sf-toggle" data-toggle-selector="#trace-text-2" data-toggle-initial=""&gt;
                &lt;div class="trace-class"&gt;
                                            &lt;span class="text-muted"&gt;[1/2]&lt;/span&gt;
                                        ResourceNotFoundException                    &lt;span class="icon icon-close"&gt;&lt;svg width="1792" height="1792" viewBox="0 0 1792 1792" xmlns="http://www.w3.org/2000/svg"&gt;&lt;path d="M1344 800v64q0 14-9 23t-23 9H480q-14 0-23-9t-9-23v-64q0-14 9-23t23-9h832q14 0 23 9t9 23zm128 448V416q0-66-47-113t-113-47H480q-66 0-113 47t-47 113v832q0 66 47 113t113 47h832q66 0 113-47t47-113zm128-832v832q0 119-84.5 203.5T1312 1536H480q-119 0-203.5-84.5T192 1248V416q0-119 84.5-203.5T480 128h832q119 0 203.5 84.5T1600 416z"/&gt;&lt;/svg&gt;&lt;/span&gt;
                    &lt;span class="icon icon-open"&gt;&lt;svg width="1792" height="1792" viewBox="0 0 1792 1792" xmlns="http://www.w3.org/2000/svg"&gt;&lt;path d="M1344 800v64q0 14-9 23t-23 9H960v352q0 14-9 23t-23 9h-64q-14 0-23-9t-9-23V896H480q-14 0-23-9t-9-23v-64q0-14 9-23t23-9h352V416q0-14 9-23t23-9h64q14 0 23 9t9 23v352h352q14 0 23 9t9 23zm128 448V416q0-66-47-113t-113-47H480q-66 0-113 47t-47 113v832q0 66 47 113t113 47h832q66 0 113-47t47-113zm128-832v832q0 119-84.5 203.5T1312 1536H480q-119 0-203.5-84.5T192 1248V416q0-119 84.5-203.5T480 128h832q119 0 203.5 84.5T1600 416z"/&gt;&lt;/svg&gt;&lt;/span&gt;
                &lt;/div&gt;
            &lt;/th&gt;
        &lt;/tr&gt;
    &lt;/thead&gt;

    &lt;tbody id="trace-text-2"&gt;
        &lt;tr&gt;
            &lt;td&gt;
                                &lt;pre class="stacktrace"&gt;
Symfony\Component\Routing\Exception\ResourceNotFoundException:
No routes found for &amp;quot;/expert/conseil/new/1/&amp;quot;.

  at C:\Users\sliti\Desktop\dev\esprit-PIDEV-3A16-2526-FARMIA\vendor\symfony\routing\Matcher\Dumper\CompiledUrlMatcherTrait.php:70
  at Symfony\Component\Routing\Matcher\CompiledUrlMatcher-&amp;gt;match('/expert/conseil/new/1/')
     (C:\Users\sliti\Desktop\dev\esprit-PIDEV-3A16-2526-FARMIA\vendor\symfony\routing\Matcher\UrlMatcher.php:98)
  at Symfony\Component\Routing\Matcher\UrlMatcher-&amp;gt;matchRequest(object(Request))
     (C:\Users\sliti\Desktop\dev\esprit-PIDEV-3A16-2526-FARMIA\vendor\symfony\routing\Router.php:237)
  at Symfony\Component\Routing\Router-&amp;gt;matchRequest(object(Request))
     (C:\Users\sliti\Desktop\dev\esprit-PIDEV-3A16-2526-FARMIA\vendor\symfony\http-kernel\EventListener\RouterListener.php:105)
  at Symfony\Component\HttpKernel\EventListener\RouterListener-&amp;gt;onKernelRequest(object(RequestEvent), 'kernel.request', object(TraceableEventDispatcher))
     (C:\Users\sliti\Desktop\dev\esprit-PIDEV-3A16-2526-FARMIA\vendor\symfony\event-dispatcher\Debug\WrappedListener.php:116)
  at Symfony\Component\EventDispatcher\Debug\WrappedListener-&amp;gt;__invoke(object(RequestEvent), 'kernel.request', object(TraceableEventDispatcher))
     (C:\Users\sliti\Desktop\dev\esprit-PIDEV-3A16-2526-FARMIA\vendor\symfony\event-dispatcher\EventDispatcher.php:220)
  at Symfony\Component\EventDispatcher\EventDispatcher-&amp;gt;callListeners(array(object(WrappedListener), object(WrappedListener), object(WrappedListener), object(WrappedListener), object(WrappedListener), object(WrappedListener), object(WrappedListener), object(WrappedListener), object(WrappedListener), object(WrappedListener), object(WrappedListener)), 'kernel.request', object(RequestEvent))
     (C:\Users\sliti\Desktop\dev\esprit-PIDEV-3A16-2526-FARMIA\vendor\symfony\event-dispatcher\EventDispatcher.php:56)
  at Symfony\Component\EventDispatcher\EventDispatcher-&amp;gt;dispatch(object(RequestEvent), 'kernel.request')
     (C:\Users\sliti\Desktop\dev\esprit-PIDEV-3A16-2526-FARMIA\vendor\symfony\event-dispatcher\Debug\TraceableEventDispatcher.php:139)
  at Symfony\Component\EventDispatcher\Debug\TraceableEventDispatcher-&amp;gt;dispatch(object(RequestEvent), 'kernel.request')
     (C:\Users\sliti\Desktop\dev\esprit-PIDEV-3A16-2526-FARMIA\vendor\symfony\http-kernel\HttpKernel.php:157)
  at Symfony\Component\HttpKernel\HttpKernel-&amp;gt;handleRaw(object(Request), 1)
     (C:\Users\sliti\Desktop\dev\esprit-PIDEV-3A16-2526-FARMIA\vendor\symfony\http-kernel\HttpKernel.php:76)
  at Symfony\Component\HttpKernel\HttpKernel-&amp;gt;handle(object(Request), 1, true)
     (C:\Users\sliti\Desktop\dev\esprit-PIDEV-3A16-2526-FARMIA\vendor\symfony\http-kernel\Kernel.php:208)
  at Symfony\Component\HttpKernel\Kernel-&amp;gt;handle(object(Request), 1, true)
     (C:\Users\sliti\Desktop\dev\esprit-PIDEV-3A16-2526-FARMIA\vendor\symfony\http-kernel\HttpKernelBrowser.php:65)
  at Symfony\Component\HttpKernel\HttpKernelBrowser-&amp;gt;doRequest(object(Request))
     (C:\Users\sliti\Desktop\dev\esprit-PIDEV-3A16-2526-FARMIA\vendor\symfony\framework-bundle\KernelBrowser.php:175)
  at Symfony\Bundle\FrameworkBundle\KernelBrowser-&amp;gt;doRequest(object(Request))
     (C:\Users\sliti\Desktop\dev\esprit-PIDEV-3A16-2526-FARMIA\vendor\symfony\browser-kit\AbstractBrowser.php:385)
  at Symfony\Component\BrowserKit\AbstractBrowser-&amp;gt;request('GET', 'http://localhost/expert/conseil/new/1')
     (C:\Users\sliti\Desktop\dev\esprit-PIDEV-3A16-2526-FARMIA\tests\Functional\Controller\ExpertConseilControllerTest.php:54)
  at App\Tests\Functional\Controller\ExpertConseilControllerTest-&amp;gt;testCreateConseilPageLoads()
     (C:\Users\sliti\Desktop\dev\esprit-PIDEV-3A16-2526-FARMIA\vendor\phpunit\phpunit\src\Framework\TestCase.php:1617)
  at PHPUnit\Framework\TestCase-&amp;gt;runTest()
     (C:\Users\sliti\Desktop\dev\esprit-PIDEV-3A16-2526-FARMIA\vendor\phpunit\phpunit\src\Framework\TestCase.php:1223)
  at PHPUnit\Framework\TestCase-&amp;gt;runBare()
     (C:\Users\sliti\Desktop\dev\esprit-PIDEV-3A16-2526-FARMIA\vendor\phpunit\phpunit\src\Framework\TestResult.php:729)
  at PHPUnit\Framework\TestResult-&amp;gt;run(object(ExpertConseilControllerTest))
     (C:\Users\sliti\Desktop\dev\esprit-PIDEV-3A16-2526-FARMIA\vendor\phpunit\phpunit\src\Framework\TestCase.php:973)
  at PHPUnit\Framework\TestCase-&amp;gt;run(object(TestResult))
     (C:\Users\sliti\Desktop\dev\esprit-PIDEV-3A16-2526-FARMIA\vendor\phpunit\phpunit\src\Framework\TestSuite.php:685)
  at PHPUnit\Framework\TestSuite-&amp;gt;run(object(TestResult))
     (C:\Users\sliti\Desktop\dev\esprit-PIDEV-3A16-2526-FARMIA\vendor\phpunit\phpunit\src\Framework\TestSuite.php:685)
  at PHPUnit\Framework\TestSuite-&amp;gt;run(object(TestResult))
     (C:\Users\sliti\Desktop\dev\esprit-PIDEV-3A16-2526-FARMIA\vendor\phpunit\phpunit\src\Framework\TestSuite.php:685)
  at PHPUnit\Framework\TestSuite-&amp;gt;run(object(TestResult))
     (C:\Users\sliti\Desktop\dev\esprit-PIDEV-3A16-2526-FARMIA\vendor\phpunit\phpunit\src\TextUI\TestRunner.php:651)
  at PHPUnit\TextUI\TestRunner-&amp;gt;run(object(TestSuite), array('extensions' =&gt; array(), 'listGroups' =&gt; false, 'listSuites' =&gt; false, 'listTests' =&gt; false, 'listTestsXml' =&gt; false, 'loader' =&gt; null, 'useDefaultConfiguration' =&gt; true, 'loadedExtensions' =&gt; array(), 'unavailableExtensions' =&gt; array(), 'notLoadedExtensions' =&gt; array(), 'junitLogfile' =&gt; 'test-results.xml', 'testSuffixes' =&gt; array('Test.php', '.phpt'), 'configuration' =&gt; 'C:\\Users\\sliti\\Desktop\\dev\\esprit-PIDEV-3A16-2526-FARMIA\\phpunit.xml.dist', 'configurationObject' =&gt; object(Configuration), 'stderr' =&gt; false, 'columns' =&gt; 80, 'warnings' =&gt; array(), 'debug' =&gt; false, 'filter' =&gt; false, 'listeners' =&gt; array(), 'backupGlobals' =&gt; false, 'backupStaticAttributes' =&gt; false, 'beStrictAboutChangesToGlobalState' =&gt; false, 'cacheResult' =&gt; true, 'colors' =&gt; 'auto', 'convertDeprecationsToExceptions' =&gt; false, 'convertErrorsToExceptions' =&gt; true, 'convertNoticesToExceptions' =&gt; true, 'convertWarningsToExceptions' =&gt; true, 'processIsolation' =&gt; false, 'stopOnDefect' =&gt; false, 'stopOnError' =&gt; false, 'stopOnFailure' =&gt; false, 'stopOnWarning' =&gt; false, 'stopOnIncomplete' =&gt; false, 'stopOnRisky' =&gt; false, 'stopOnSkipped' =&gt; false, 'failOnEmptyTestSuite' =&gt; false, 'failOnIncomplete' =&gt; false, 'failOnRisky' =&gt; false, 'failOnSkipped' =&gt; false, 'failOnWarning' =&gt; false, 'enforceTimeLimit' =&gt; false, 'defaultTimeLimit' =&gt; 1, 'timeoutForSmallTests' =&gt; 1, 'timeoutForMediumTests' =&gt; 10, 'timeoutForLargeTests' =&gt; 60, 'reportUselessTests' =&gt; true, 'strictCoverage' =&gt; false, 'ignoreDeprecatedCodeUnitsFromCodeCoverage' =&gt; false, 'disallowTestOutput' =&gt; false, 'disallowTodoAnnotatedTests' =&gt; false, 'beStrictAboutResourceUsageDuringSmallTests' =&gt; false, 'verbose' =&gt; false, 'reverseDefectList' =&gt; false, 'forceCoversAnnotation' =&gt; false, 'disableCodeCoverageIgnore' =&gt; false, 'registerMockObjectsFromTestArgumentsRecursively' =&gt; false, 'noInteraction' =&gt; false, 'executionOrder' =&gt; 0, 'resolveDependencies' =&gt; true, 'bootstrap' =&gt; 'C:\\Users\\sliti\\Desktop\\dev\\esprit-PIDEV-3A16-2526-FARMIA\\tests/bootstrap.php', 'executionOrderDefects' =&gt; 0, 'crap4jThreshold' =&gt; 30, 'excludeGroups' =&gt; array(), 'groups' =&gt; array(), 'randomOrderSeed' =&gt; 1777118040, 'repeat' =&gt; false, 'reportHighLowerBound' =&gt; 90, 'reportLowUpperBound' =&gt; 50, 'reverseList' =&gt; false, 'testdoxExcludeGroups' =&gt; array(), 'testdoxGroups' =&gt; array(), 'cacheResultFile' =&gt; 'C:\\Users\\sliti\\Desktop\\dev\\esprit-PIDEV-3A16-2526-FARMIA'), array(), true)
     (C:\Users\sliti\Desktop\dev\esprit-PIDEV-3A16-2526-FARMIA\vendor\phpunit\phpunit\src\TextUI\Command.php:146)
  at PHPUnit\TextUI\Command-&amp;gt;run(array('bin/phpunit', '--log-junit', 'test-results.xml'), true)
     (C:\Users\sliti\Desktop\dev\esprit-PIDEV-3A16-2526-FARMIA\vendor\phpunit\phpunit\src\TextUI\Command.php:99)
  at PHPUnit\TextUI\Command::main()
     (C:\Users\sliti\Desktop\dev\esprit-PIDEV-3A16-2526-FARMIA\vendor\phpunit\phpunit\phpunit:107)
  at require('C:\\Users\\sliti\\Desktop\\dev\\esprit-PIDEV-3A16-2526-FARMIA\\vendor\\phpunit\\phpunit\\phpunit')
     (C:\Users\sliti\Desktop\dev\esprit-PIDEV-3A16-2526-FARMIA\bin\phpunit:10)                &lt;/pre&gt;
                            &lt;/td&gt;
        &lt;/tr&gt;
    &lt;/tbody&gt;
&lt;/table&gt;            &lt;/div&gt;
        &lt;/div&gt;

            &lt;/div&gt;
&lt;/div&gt;
        &lt;script&gt;
            /* This file is based on WebProfilerBundle/Resources/views/Profiler/base_js.html.twig.
   If you make any change in this file, verify the same change is needed in the other file. */
/*&lt;![CDATA[*/
(function() {
    "use strict";

    if ('classList' in document.documentElement) {
        var hasClass = function (el, cssClass) { return el.classList.contains(cssClass); };
        var removeClass = function(el, cssClass) { el.classList.remove(cssClass); };
        var addClass = function(el, cssClass) { el.classList.add(cssClass); };
        var toggleClass = function(el, cssClass) { el.classList.toggle(cssClass); };
    } else {
        var hasClass = function (el, cssClass) { return el.className.match(new RegExp('\\b' + cssClass + '\\b')); };
        var removeClass = function(el, cssClass) { el.className = el.className.replace(new RegExp('\\b' + cssClass + '\\b'), ' '); };
        var addClass = function(el, cssClass) { if (!hasClass(el, cssClass)) { el.className += " " + cssClass; } };
        var toggleClass = function(el, cssClass) { hasClass(el, cssClass) ? removeClass(el, cssClass) : addClass(el, cssClass); };
    }

    var addEventListener;

    var el = document.createElement('div');
    if (!('addEventListener' in el)) {
        addEventListener = function (element, eventName, callback) {
            element.attachEvent('on' + eventName, callback);
        };
    } else {
        addEventListener = function (element, eventName, callback) {
            element.addEventListener(eventName, callback, false);
        };
    }

    if (navigator.clipboard) {
        document.querySelectorAll('[data-clipboard-text]').forEach(function(element) {
            removeClass(element, 'hidden');
            element.addEventListener('click', function() {
                navigator.clipboard.writeText(element.getAttribute('data-clipboard-text'));
            })
        });
    }

    (function createTabs() {
        /* the accessibility options of this component have been defined according to: */
        /* www.w3.org/WAI/ARIA/apg/example-index/tabs/tabs-manual.html */
        var tabGroups = document.querySelectorAll('.sf-tabs:not([data-processed=true])');

        /* create the tab navigation for each group of tabs */
        for (var i = 0; i &lt; tabGroups.length; i++) {
            var tabs = tabGroups[i].querySelectorAll(':scope &gt; .tab');
            var tabNavigation = document.createElement('div');
            tabNavigation.className = 'tab-navigation';
            tabNavigation.setAttribute('role', 'tablist');

            var selectedTabId = 'tab-' + i + '-0'; /* select the first tab by default */
            for (var j = 0; j &lt; tabs.length; j++) {
                var tabId = 'tab-' + i + '-' + j;
                var tabTitle = tabs[j].querySelector('.tab-title').innerHTML;

                var tabNavigationItem = document.createElement('button');
                addClass(tabNavigationItem, 'tab-control');
                tabNavigationItem.setAttribute('data-tab-id', tabId);
                tabNavigationItem.setAttribute('role', 'tab');
                tabNavigationItem.setAttribute('aria-controls', tabId);
                if (hasClass(tabs[j], 'active')) { selectedTabId = tabId; }
                if (hasClass(tabs[j], 'disabled')) {
                    addClass(tabNavigationItem, 'disabled');
                }
                tabNavigationItem.innerHTML = tabTitle;
                tabNavigation.appendChild(tabNavigationItem);

                var tabContent = tabs[j].querySelector('.tab-content');
                tabContent.parentElement.setAttribute('id', tabId);
            }

            tabGroups[i].insertBefore(tabNavigation, tabGroups[i].firstChild);
            addClass(document.querySelector('[data-tab-id="' + selectedTabId + '"]'), 'active');
        }

        /* display the active tab and add the 'click' event listeners */
        for (i = 0; i &lt; tabGroups.length; i++) {
            tabNavigation = tabGroups[i].querySelectorAll(':scope &gt; .tab-navigation .tab-control');

            for (j = 0; j &lt; tabNavigation.length; j++) {
                tabId = tabNavigation[j].getAttribute('data-tab-id');
                var tabPanel = document.getElementById(tabId);
                tabPanel.setAttribute('role', 'tabpanel');
                tabPanel.setAttribute('aria-labelledby', tabId);
                tabPanel.querySelector('.tab-title').className = 'hidden';

                if (hasClass(tabNavigation[j], 'active')) {
                    tabPanel.className = 'block';
                    tabNavigation[j].setAttribute('aria-selected', 'true');
                    tabNavigation[j].removeAttribute('tabindex');
                } else {
                    tabPanel.className = 'hidden';
                    tabNavigation[j].removeAttribute('aria-selected');
                    tabNavigation[j].setAttribute('tabindex', '-1');
                }

                tabNavigation[j].addEventListener('click', function(e) {
                    var activeTab = e.target || e.srcElement;

                    /* needed because when the tab contains HTML contents, user can click */
                    /* on any of those elements instead of their parent '&lt;button&gt;' element */
                    while (activeTab.tagName.toLowerCase() !== 'button') {
                        activeTab = activeTab.parentNode;
                    }

                    /* get the full list of tabs through the parent of the active tab element */
                    var tabNavigation = activeTab.parentNode.children;
                    for (var k = 0; k &lt; tabNavigation.length; k++) {
                        var tabId = tabNavigation[k].getAttribute('data-tab-id');
                        document.getElementById(tabId).className = 'hidden';
                        removeClass(tabNavigation[k], 'active');
                        tabNavigation[k].removeAttribute('aria-selected');
                        tabNavigation[k].setAttribute('tabindex', '-1');
                    }

                    addClass(activeTab, 'active');
                    activeTab.setAttribute('aria-selected', 'true');
                    activeTab.removeAttribute('tabindex');
                    var activeTabId = activeTab.getAttribute('data-tab-id');
                    document.getElementById(activeTabId).className = 'block';
                });
            }

            tabGroups[i].setAttribute('data-processed', 'true');
        }
    })();

    (function createToggles() {
        var toggles = document.querySelectorAll('.sf-toggle:not([data-processed=true])');

        for (var i = 0; i &lt; toggles.length; i++) {
            var elementSelector = toggles[i].getAttribute('data-toggle-selector');
            var element = document.querySelector(elementSelector);

            addClass(element, 'sf-toggle-content');

            if (toggles[i].hasAttribute('data-toggle-initial') &amp;&amp; toggles[i].getAttribute('data-toggle-initial') == 'display') {
                addClass(toggles[i], 'sf-toggle-on');
                addClass(element, 'sf-toggle-visible');
            } else {
                addClass(toggles[i], 'sf-toggle-off');
                addClass(element, 'sf-toggle-hidden');
            }

            addEventListener(toggles[i], 'click', function(e) {
                var toggle = e.currentTarget;

                if (e.target.closest('a, span[data-clipboard-text], .sf-toggle') !== toggle) {
                    return;
                }

                e.preventDefault();

                if ('' !== window.getSelection().toString()) {
                    /* Don't do anything on text selection */
                    return;
                }

                var element = document.querySelector(toggle.getAttribute('data-toggle-selector'));

                toggleClass(toggle, 'sf-toggle-on');
                toggleClass(toggle, 'sf-toggle-off');
                toggleClass(element, 'sf-toggle-hidden');
                toggleClass(element, 'sf-toggle-visible');

                /* the toggle doesn't change its contents when clicking on it */
                if (!toggle.hasAttribute('data-toggle-alt-content')) {
                    return;
                }

                if (!toggle.hasAttribute('data-toggle-original-content')) {
                    toggle.setAttribute('data-toggle-original-content', toggle.innerHTML);
                }

                var currentContent = toggle.innerHTML;
                var originalContent = toggle.getAttribute('data-toggle-original-content');
                var altContent = toggle.getAttribute('data-toggle-alt-content');
                toggle.innerHTML = currentContent !== altContent ? altContent : originalContent;
            });

            toggles[i].setAttribute('data-processed', 'true');
        }
    })();

    (function createFilters() {
        document.querySelectorAll('[data-filters] [data-filter]').forEach(function (filter) {
            var filters = filter.closest('[data-filters]'),
                type = 'choice',
                name = filter.dataset.filter,
                ucName = name.charAt(0).toUpperCase()+name.slice(1),
                list = document.createElement('ul'),
                values = filters.dataset['filter'+ucName] || filters.querySelectorAll('[data-filter-'+name+']'),
                labels = {},
                defaults = null,
                indexed = {},
                processed = {};
            if (typeof values === 'string') {
                type = 'level';
                labels = values.split(',');
                values = values.toLowerCase().split(',');
                defaults = values.length - 1;
            }
            addClass(list, 'filter-list');
            addClass(list, 'filter-list-'+type);
            values.forEach(function (value, i) {
                if (value instanceof HTMLElement) {
                    value = value.dataset['filter'+ucName];
                }
                if (value in processed) {
                    return;
                }
                var option = document.createElement('li'),
                    label = i in labels ? labels[i] : value,
                    active = false,
                    matches;
                if ('' === label) {
                    option.innerHTML = '&lt;em&gt;(none)&lt;/em&gt;';
                } else {
                    option.innerText = label;
                }
                option.dataset.filter = value;
                option.setAttribute('title', 1 === (matches = filters.querySelectorAll('[data-filter-'+name+'="'+value+'"]').length) ? 'Matches 1 row' : 'Matches '+matches+' rows');
                indexed[value] = i;
                list.appendChild(option);
                addEventListener(option, 'click', function () {
                    if ('choice' === type) {
                        filters.querySelectorAll('[data-filter-'+name+']').forEach(function (row) {
                            if (option.dataset.filter === row.dataset['filter'+ucName]) {
                                toggleClass(row, 'filter-hidden-'+name);
                            }
                        });
                        toggleClass(option, 'active');
                    } else if ('level' === type) {
                        if (i === this.parentNode.querySelectorAll('.active').length - 1) {
                            return;
                        }
                        this.parentNode.querySelectorAll('li').forEach(function (currentOption, j) {
                            if (j &lt;= i) {
                                addClass(currentOption, 'active');
                                if (i === j) {
                                    addClass(currentOption, 'last-active');
                                } else {
                                    removeClass(currentOption, 'last-active');
                                }
                            } else {
                                removeClass(currentOption, 'active');
                                removeClass(currentOption, 'last-active');
                            }
                        });
                        filters.querySelectorAll('[data-filter-'+name+']').forEach(function (row) {
                            if (i &lt; indexed[row.dataset['filter'+ucName]]) {
                                addClass(row, 'filter-hidden-'+name);
                            } else {
                                removeClass(row, 'filter-hidden-'+name);
                            }
                        });
                    }
                });
                if ('choice' === type) {
                    active = null === defaults || 0 &lt;= defaults.indexOf(value);
                } else if ('level' === type) {
                    active = i &lt;= defaults;
                    if (active &amp;&amp; i === defaults) {
                        addClass(option, 'last-active');
                    }
                }
                if (active) {
                    addClass(option, 'active');
                } else {
                    filters.querySelectorAll('[data-filter-'+name+'="'+value+'"]').forEach(function (row) {
                        toggleClass(row, 'filter-hidden-'+name);
                    });
                }
                processed[value] = true;
            });

            if (1 &lt; list.childNodes.length) {
                filter.appendChild(list);
                filter.dataset.filtered = '';
            }
        });
    })();
})();
/*]]&gt;*/        &lt;/script&gt;
    &lt;/body&gt;
&lt;/html&gt;
&lt;!-- No route found for &amp;quot;GET http://localhost/expert/conseil/new/1&amp;quot; (404 Not Found) --&gt;

C:\Users\sliti\Desktop\dev\esprit-PIDEV-3A16-2526-FARMIA\vendor\symfony\framework-bundle\Test\BrowserKitAssertionsTrait.php:150
C:\Users\sliti\Desktop\dev\esprit-PIDEV-3A16-2526-FARMIA\vendor\symfony\framework-bundle\Test\BrowserKitAssertionsTrait.php:35
C:\Users\sliti\Desktop\dev\esprit-PIDEV-3A16-2526-FARMIA\tests\Functional\Controller\ExpertConseilControllerTest.php:56
C:\Users\sliti\Desktop\dev\esprit-PIDEV-3A16-2526-FARMIA\vendor\phpunit\phpunit\phpunit:107</failure>
        </testcase>
        <testcase name="testEditConseilPageLoads" class="App\Tests\Functional\Controller\ExpertConseilControllerTest" classname="App.Tests.Functional.Controller.ExpertConseilControllerTest" file="C:\Users\sliti\Desktop\dev\esprit-PIDEV-3A16-2526-FARMIA\tests\Functional\Controller\ExpertConseilControllerTest.php" line="62" assertions="0" time="0.188933">
          <error type="Error">App\Tests\Functional\Controller\ExpertConseilControllerTest::testEditConseilPageLoads
Error: Class "App\Enum\PrioriteConseil" not found

C:\Users\sliti\Desktop\dev\esprit-PIDEV-3A16-2526-FARMIA\tests\Functional\Controller\ExpertConseilControllerTest.php:138
C:\Users\sliti\Desktop\dev\esprit-PIDEV-3A16-2526-FARMIA\tests\Functional\Controller\ExpertConseilControllerTest.php:64
C:\Users\sliti\Desktop\dev\esprit-PIDEV-3A16-2526-FARMIA\vendor\phpunit\phpunit\phpunit:107</error>
        </testcase>
        <testcase name="testCanDeleteConseil" class="App\Tests\Functional\Controller\ExpertConseilControllerTest" classname="App.Tests.Functional.Controller.ExpertConseilControllerTest" file="C:\Users\sliti\Desktop\dev\esprit-PIDEV-3A16-2526-FARMIA\tests\Functional\Controller\ExpertConseilControllerTest.php" line="74" assertions="0" time="0.179750">
          <error type="Error">App\Tests\Functional\Controller\ExpertConseilControllerTest::testCanDeleteConseil
Error: Class "App\Enum\PrioriteConseil" not found

C:\Users\sliti\Desktop\dev\esprit-PIDEV-3A16-2526-FARMIA\tests\Functional\Controller\ExpertConseilControllerTest.php:138
C:\Users\sliti\Desktop\dev\esprit-PIDEV-3A16-2526-FARMIA\tests\Functional\Controller\ExpertConseilControllerTest.php:76
C:\Users\sliti\Desktop\dev\esprit-PIDEV-3A16-2526-FARMIA\vendor\phpunit\phpunit\phpunit:107</error>
        </testcase>
        <testcase name="testNonExpertCannotAccessExpertConseilRoutes" class="App\Tests\Functional\Controller\ExpertConseilControllerTest" classname="App.Tests.Functional.Controller.ExpertConseilControllerTest" file="C:\Users\sliti\Desktop\dev\esprit-PIDEV-3A16-2526-FARMIA\tests\Functional\Controller\ExpertConseilControllerTest.php" line="93" assertions="1" time="0.429094">
          <failure type="PHPUnit\Framework\ExpectationFailedException">App\Tests\Functional\Controller\ExpertConseilControllerTest::testNonExpertCannotAccessExpertConseilRoutes
Failed asserting that the Response status code is 403.
HTTP/1.1 404 Not Found&#13;
Cache-Control:          no-cache, private&#13;
Content-Type:           text/html; charset=UTF-8&#13;
Date:                   Sat, 25 Apr 2026 11:54:12 GMT&#13;
Vary:                   Accept&#13;
X-Debug-Exception:      No%20route%20found%20for%20%22GET%20http%3A%2F%2Flocalhost%2Fexpert%2Fconseil%22%20%28from%20%22http%3A%2F%2Flocalhost%2Flogout%22%29&#13;
X-Debug-Exception-File: C%3A%5CUsers%5Csliti%5CDesktop%5Cdev%5Cesprit-PIDEV-3A16-2526-FARMIA%5Cvendor%5Csymfony%5Chttp-kernel%5CEventListener%5CRouterListener.php:127&#13;
X-Robots-Tag:           noindex&#13;
&#13;
&lt;!-- No route found for &amp;quot;GET http://localhost/expert/conseil&amp;quot; (from &amp;quot;http://localhost/logout&amp;quot;) (404 Not Found) --&gt;
&lt;!DOCTYPE html&gt;
&lt;html lang="en"&gt;
    &lt;head&gt;
        &lt;meta charset="UTF-8" /&gt;
        &lt;meta name="robots" content="noindex,nofollow" /&gt;
        &lt;meta name="viewport" content="width=device-width,initial-scale=1" /&gt;
        &lt;title&gt;No route found for &amp;quot;GET http://localhost/expert/conseil&amp;quot; (from &amp;quot;http://localhost/logout&amp;quot;) (404 Not Found)&lt;/title&gt;
        &lt;link rel="icon" type="image/png" href="data:image/png;base64,iVBORw0KGgoAAAANSUhEUgAAABwAAAAgCAYAAAABtRhCAAADVUlEQVRIx82XX0jTURTHLYPyqZdefQx66CEo80+aYpoIkqzUikz6Z5klQoWUWYRIJYEUGpQ+lIr9U5dOTLdCtkmWZis3rbnC5fw/neYW002307mX/cZvP3/7o1PwwOdh95x7vnf39zvnd29AgBer2xO6DclAXiMqZAqxIiNIN/IYSUS2BPhjmGATchUxI+ADWiRhpWK7HKuHFVBFdmU5YvnI4grFGCaReF/EBH4KsZlGgj2JBTuCYBWRIYF8YoEOJ6wBt/gEs7mBbyOjQXruPLSdOgPCiEiPSUUHDoL8Ug5IUo9B/d5wrt+G7OAKNrODPuVdB6vRCIzN6SdBlpW9RIgk/1FeAXabzRlrUPVCS/JhbmwudztnGeeH9AyXBIwtmM3wLinZJZHifjHw2V+NBoRh+9ixQrbgbnaSIcl7cGea6hoXQbNe7za241oeO5Z0p42M4BV2EqP2D50wo+6HzvwC6C4sApNOR8cmOrtcnhtj2kYRyC9eBvXzKrBZrXSs72kFd1t3MoKVbMekQkEnSNKOO8fac3LpmK6l1TlGtsxmsdKFsecPYgwxst0cwROMYDXboSotg0WLBRqjY51jLYcENElXwW2XJKPydvoI2GN9T8rBtrAArYIUruBJXkFheCQYlCpQP6uk5dAQFQNaUROMSGVQFxLmkoQsxDJrhLbTZ+nvVsERME9MgPJRKV/58AsyomTSzE813WLFvWK++qI0xSfQl8k8Pg46sYRuv5t6dS+4RqxDwaa4BGjYH+NTQvKScIp9+YL/hoZh3jDtLRHtt2C3g6bmhX+CpsFBWg7ilDSPgj0lD2ncr5ev/BP8VvyAJhqVyZeUhPOrEhEFxgEtjft846Z/guQTNT89Q5P9flMLoth4F7808wKtWWKzAwNQHxrh/1vaid2F+XpYTSbQf1XA2McOmOpROnvpvMEA4tSjq1cW0sws2gCYxswY6TKkvzYnJq1NHZLnRU4BX+4U0uburvusu8Kv8iHY7qefkM4IFngJHEOUXmLEPgiGsI8YnlZILit3vSSLRTQe/MPIZva5pshNIEmyFQlCvruJKXPkCEfmePzkphXHdzZNQdoRI9KPlBAxlj/I8U97ERPS5bjGbWDFbEdqHVe5caTBeZZx2H/IMvzeN15yoQAAAABJRU5ErkJggg==" /&gt;
        &lt;style&gt;/* This file is based on WebProfilerBundle/Resources/views/Profiler/profiler.css.twig.
   If you make any change in this file, verify the same change is needed in the other file. */
:root {
    --font-sans-serif: Helvetica, Arial, sans-serif;
    --page-background: #f9f9f9;
    --color-text: #222;
    /* when updating any of these colors, do the same in toolbar.css.twig */
    --color-success: #4f805d;
    --color-warning: #a46a1f;
    --color-error: #b0413e;
    --color-muted: #999;
    --tab-background: #f0f0f0;
    --tab-border-color: #e5e5e5;
    --tab-active-border-color: #d4d4d4;
    --tab-color: #444;
    --tab-active-background: #fff;
    --tab-active-color: var(--color-text);
    --tab-disabled-background: #f5f5f5;
    --tab-disabled-color: #999;
    --selected-badge-background: #e5e5e5;
    --selected-badge-color: #525252;
    --selected-badge-shadow: inset 0 0 0 1px #d4d4d4;
    --selected-badge-warning-background: #fde496;
    --selected-badge-warning-color: #785b02;
    --selected-badge-warning-shadow: inset 0 0 0 1px #e6af05;
    --selected-badge-danger-background: #FCE9ED;
    --selected-badge-danger-color: #83122A;
    --selected-badge-danger-shadow: inset 0 0 0 1px #F5B8C5;
    --metric-value-background: #fff;
    --metric-value-color: inherit;
    --metric-unit-color: #999;
    --metric-label-background: #e0e0e0;
    --metric-label-color: inherit;
    --table-border: #e0e0e0;
    --table-background: #fff;
    --table-header: #e0e0e0;
    --trace-selected-background: #F7E5A1;
    --tree-active-background: #F7E5A1;
    --exception-title-color: var(--base-2);
    --shadow: 0px 0px 1px rgba(128, 128, 128, .2);
    --border: 1px solid #e0e0e0;
    --background-error: var(--color-error);
    --highlight-comment: #969896;
    --highlight-default: #222222;
    --highlight-keyword: #a71d5d;
    --highlight-string: #183691;
    --base-0: #fff;
    --base-1: #f5f5f5;
    --base-2: #e0e0e0;
    --base-3: #ccc;
    --base-4: #666;
    --base-5: #444;
    --base-6: #222;
}

.theme-dark {
    --page-background: #36393e;
    --color-text: #e0e0e0;
    --color-muted: #777;
    --color-error: #f76864;
    --tab-background: #404040;
    --tab-border-color: #737373;
    --tab-active-border-color: #171717;
    --tab-color: var(--color-text);
    --tab-active-background: #d4d4d4;
    --tab-active-color: #262626;
    --tab-disabled-background: var(--page-background);
    --tab-disabled-color: #a3a3a3;
    --selected-badge-background: #555;
    --selected-badge-color: #ddd;
    --selected-badge-shadow: none;
    --selected-badge-warning-background: #fcd55f;
    --selected-badge-warning-color: #785b02;
    --selected-badge-warning-shadow: inset 0 0 0 1px #af8503;
    --selected-badge-danger-background: #B41939;
    --selected-badge-danger-color: #FCE9ED;
    --selected-badge-danger-shadow: none;
    --metric-value-background: #555;
    --metric-value-color: inherit;
    --metric-unit-color: #999;
    --metric-label-background: #777;
    --metric-label-color: #e0e0e0;
    --trace-selected-background: #5d5227cc;
    --table-border: #444;
    --table-background: #333;
    --table-header: #555;
    --info-background: rgba(79, 148, 195, 0.5);
    --tree-active-background: var(--metric-label-background);
    --exception-title-color: var(--base-2);
    --shadow: 0px 0px 1px rgba(32, 32, 32, .2);
    --border: 1px solid #666;
    --background-error: #b0413e;
    --highlight-comment: #dedede;
    --highlight-default: var(--base-6);
    --highlight-keyword: #de8986;
    --highlight-string: #70a6fd;
    --base-0: #2e3136;
    --base-1: #444;
    --base-2: #666;
    --base-3: #666;
    --base-4: #666;
    --base-5: #e0e0e0;
    --base-6: #f5f5f5;
    --card-label-background: var(--tab-active-background);
    --card-label-color: var(--tab-active-color);
}

html{font-family:sans-serif;-webkit-text-size-adjust:100%;-ms-text-size-adjust:100%}body{margin:0}article,aside,details,figcaption,figure,footer,header,hgroup,main,menu,nav,section{display:block}audio,canvas,progress,video{display:inline-block;vertical-align:baseline}audio:not([controls]){display:none;height:0}[hidden],template{display:none}a{background-color:transparent}a:active,a:hover{outline:0}abbr[title]{border-bottom:1px dotted}b,strong{font-weight:700}dfn{font-style:italic}h1{margin:.67em 0;font-size:2em}mark{color:#000;background:#ff0}small{font-size:80%}sub,sup{position:relative;font-size:75%;line-height:0;vertical-align:baseline}sup{top:-.5em}sub{bottom:-.25em}img{border:0}svg:not(:root){overflow:hidden}figure{margin:1em 40px}hr{height:0;-webkit-box-sizing:content-box;-moz-box-sizing:content-box;box-sizing:content-box}pre{overflow:auto}code,kbd,pre,samp{font-family:monospace,monospace;font-size:1em}button,input,optgroup,select,textarea{margin:0;font:inherit;color:inherit}button{overflow:visible}button,select{text-transform:none}button,html input[type="button"],input[type="reset"],input[type="submit"]{-webkit-appearance:button;cursor:pointer}button[disabled],html input[disabled]{cursor:default}button::-moz-focus-inner,input::-moz-focus-inner{padding:0;border:0}input{line-height:normal}input[type="checkbox"],input[type="radio"]{-webkit-box-sizing:border-box;-moz-box-sizing:border-box;box-sizing:border-box;padding:0}input[type="number"]::-webkit-inner-spin-button,input[type="number"]::-webkit-outer-spin-button{height:auto}input[type="search"]{-webkit-box-sizing:content-box;-moz-box-sizing:content-box;box-sizing:content-box;-webkit-appearance:textfield}input[type="search"]::-webkit-search-cancel-button,input[type="search"]::-webkit-search-decoration{-webkit-appearance:none}fieldset{padding:.35em .625em .75em;margin:0 2px;border:1px solid silver}legend{padding:0;border:0}textarea{overflow:auto}optgroup{font-weight:700}table{border-spacing:0;border-collapse:collapse}td,th{padding:0}summary{cursor: pointer}

html {
    /* always display the vertical scrollbar to avoid jumps when toggling contents */
    overflow-y: scroll;
}
body { background-color: var(--page-background); color: var(--base-6); font: 14px/1.4 Helvetica, Arial, sans-serif; padding-bottom: 45px; }

a { cursor: pointer; text-decoration: none; }
a:hover { text-decoration: underline; }
abbr[title] { border-bottom: none; cursor: help; text-decoration: none; }

code, pre { font: 13px/1.5 Consolas, Monaco, Menlo, "Ubuntu Mono", "Liberation Mono", monospace; }

table, tr, th, td { background: var(--base-0); border-collapse: collapse; vertical-align: top; }
table { background: var(--base-0); border: var(--border); box-shadow: 0px 0px 1px rgba(128, 128, 128, .2); margin: 1em 0; width: 100%; }
table th, table td { border: solid var(--base-2); border-width: 1px 0; padding: 8px 10px; }
table th { background-color: var(--base-2); font-weight: bold; text-align: left; }

.m-t-5 { margin-top: 5px; }
.hidden-xs-down { display: none; }
.block { display: block; }
.full-width { width: 100%; }
.hidden { display: none; }
.prewrap { white-space: pre-wrap; }
.nowrap { white-space: nowrap; }
.newline { display: block; }
.break-long-words { word-wrap: break-word; overflow-wrap: break-word; -webkit-hyphens: auto; -moz-hyphens: auto; hyphens: auto; min-width: 0; }
.text-small { font-size: 12px !important; }
.text-muted { color: #999; }
.text-bold { font-weight: bold; }
.empty { border: 4px dashed var(--base-2); color: #999; margin: 1em 0; padding: .5em 2em; }

.status-success { background: rgba(94, 151, 110, 0.3); }
.status-warning { background: rgba(240, 181, 24, 0.3); }
.status-error { background: rgba(176, 65, 62, 0.2); }
.status-success td, .status-warning td, .status-error td { background: transparent; }
tr.status-error td, tr.status-warning td { border-bottom: 1px solid var(--base-2); border-top: 1px solid var(--base-2); }
.status-warning .colored { color: #A46A1F; }
.status-error .colored  { color: var(--color-error); }

.sf-toggle { cursor: pointer; position: relative; }
.sf-toggle-content { -moz-transition: display .25s ease; -webkit-transition: display .25s ease; transition: display .25s ease; }
.sf-toggle-content.sf-toggle-hidden { display: none; }
.sf-toggle-content.sf-toggle-visible { display: block; }
thead.sf-toggle-content.sf-toggle-visible, tbody.sf-toggle-content.sf-toggle-visible { display: table-row-group; }
.sf-toggle-off .icon-close, .sf-toggle-on .icon-open { display: none; }
.sf-toggle-off .icon-open, .sf-toggle-on .icon-close { display: block; }

.tab-navigation {
    background-color: var(--tab-background);
    border-radius: 6px;
    box-shadow: inset 0 0 0 1px var(--tab-border-color), 0 0 0 5px var(--page-background);
    display: inline-flex;
    flex-wrap: wrap;
    margin: 0 0 15px;
    padding: 0;
    user-select: none;
    -webkit-user-select: none;
}
.sf-tabs-sm .tab-navigation {
    box-shadow: inset 0 0 0 1px var(--tab-border-color), 0 0 0 4px var(--page-background);
    margin: 0 0 10px;
}
.tab-navigation .tab-control {
    background: transparent;
    border: 0;
    box-shadow: none;
    transition: box-shadow .05s ease-in, background-color .05s ease-in;
    cursor: pointer;
    font-size: 14px;
    font-weight: 500;
    line-height: 1.4;
    margin: 0;
    padding: 4px 14px;
    position: relative;
    text-align: center;
    z-index: 1;
}
.sf-tabs-sm .tab-navigation .tab-control {
    font-size: 13px;
    padding: 2.5px 10px;
}
.tab-navigation .tab-control:before {
    background: var(--tab-border-color);
    bottom: 15%;
    content: "";
    left: 0;
    position: absolute;
    top: 15%;
    width: 1px;
}
.tab-navigation .tab-control:first-child:before,
.tab-navigation .tab-control.active + .tab-control:before,
.tab-navigation .tab-control.active:before {
    width: 0;
}
.tab-navigation .tab-control .badge {
    background: var(--selected-badge-background);
    box-shadow: var(--selected-badge-shadow);
    color: var(--selected-badge-color);
    display: inline-block;
    font-size: 12px;
    font-weight: bold;
    line-height: 1;
    margin-left: 8px;
    min-width: 10px;
    padding: 2px 6px;
    text-align: center;
    white-space: nowrap;
}
.tab-navigation .tab-control.disabled {
    color: var(--tab-disabled-color);
}
.tab-navigation .tab-control.active {
    background-color: var(--tab-active-background);
    border-radius: 6px;
    box-shadow: inset 0 0 0 1.5px var(--tab-active-border-color);
    color: var(--tab-active-color);
    position: relative;
    z-index: 1;
}
.theme-dark .tab-navigation li.active {
    box-shadow: inset 0 0 0 1px var(--tab-border-color);
}
.tab-content &gt; *:first-child {
    margin-top: 0;
}
.tab-navigation .tab-control .badge.status-warning {
    background: var(--selected-badge-warning-background);
    box-shadow: var(--selected-badge-warning-shadow);
    color: var(--selected-badge-warning-color);
}
.tab-navigation .tab-control .badge.status-error {
    background: var(--selected-badge-danger-background);
    box-shadow: var(--selected-badge-danger-shadow);
    color: var(--selected-badge-danger-color);
}

.sf-tabs .tab:not(:first-child) { display: none; }

[data-filters] { position: relative; }
[data-filtered] { cursor: pointer; }
[data-filtered]:after { content: '\00a0\25BE'; }
[data-filtered]:hover .filter-list li { display: inline-flex; }
[class*="filter-hidden-"] { display: none; }
.filter-list { position: absolute; border: var(--border); box-shadow: var(--shadow); margin: 0; padding: 0; display: flex; flex-direction: column; }
.filter-list :after { content: ''; }
.filter-list li {
    background: var(--tab-disabled-background);
    border-bottom: var(--border);
    color: var(--tab-disabled-color);
    display: none;
    list-style: none;
    margin: 0;
    padding: 5px 10px;
    text-align: left;
    font-weight: normal;
}
.filter-list li.active {
    background: var(--tab-background);
    color: var(--tab-color);
}
.filter-list li.last-active {
    background: var(--tab-active-background);
    color: var(--tab-active-color);
}

.filter-list-level li { cursor: s-resize; }
.filter-list-level li.active { cursor: n-resize; }
.filter-list-level li.last-active { cursor: default; }
.filter-list-level li.last-active:before { content: '\2714\00a0'; }
.filter-list-choice li:before { content: '\2714\00a0'; color: transparent; }
.filter-list-choice li.active:before { color: unset; }

.container { max-width: 1024px; margin: 0 auto; padding: 0 15px; }
.container::after { content: ""; display: table; clear: both; }

header { background-color: #222; color: rgba(255, 255, 255, 0.75); font-size: 13px; height: 33px; line-height: 33px; padding: 0; }
header .container { display: flex; justify-content: space-between; }
.logo { flex: 1; font-size: 13px; font-weight: normal; margin: 0; padding: 0; }
.logo svg { height: 18px; width: 18px; opacity: .8; vertical-align: -5px; }

.help-link { margin-left: 15px; }
.help-link a { color: inherit; }
.help-link .icon svg { height: 15px; width: 15px; opacity: .7; vertical-align: -2px; }
.help-link a:hover { color: #EEE; text-decoration: none; }
.help-link a:hover svg { opacity: .9; }

.exception-summary { background: var(--background-error); border-bottom: 2px solid rgba(0, 0, 0, 0.1); border-top: 1px solid rgba(0, 0, 0, .3); flex: 0 0 auto; margin-bottom: 15px; }
.exception-metadata { background: rgba(0, 0, 0, 0.1); padding: 7px 0; }
.exception-metadata .container { display: flex; flex-direction: row; justify-content: space-between; }
.exception-metadata h2, .exception-metadata h2 &gt; a { color: rgba(255, 255, 255, 0.8); font-size: 13px; font-weight: 400; margin: 0; }
.exception-http small { font-size: 13px; opacity: .7; }
.exception-hierarchy { flex: 1; }
.exception-hierarchy .icon { margin: 0 3px; opacity: .7; }
.exception-hierarchy .icon svg { height: 13px; width: 13px; vertical-align: -2px; }

.exception-without-message .exception-message-wrapper { display: none; }
.exception-message-wrapper .container { display: flex; align-items: flex-start; min-height: 70px; padding: 10px 15px 8px; }
.exception-message { flex-grow: 1; }
.exception-message, .exception-message a { color: #FFF; font-size: 21px; font-weight: 400; margin: 0; }
.exception-message.long { font-size: 18px; }
.exception-message a { border-bottom: 1px solid rgba(255, 255, 255, 0.5); font-size: inherit; text-decoration: none; }
.exception-message a:hover { border-bottom-color: #ffffff; }

.exception-properties-wrapper { margin: .8em 0; }
.exception-properties { background: var(--base-0); border: var(--border); box-shadow: 0px 0px 1px rgba(128, 128, 128, .2); }
.exception-properties pre { margin: 0; padding: 0.2em 0; }

.exception-illustration { flex-basis: 111px; flex-shrink: 0; height: 66px; margin-left: 15px; opacity: .7; }

.trace + .trace { margin-top: 30px; }
.trace-head { background-color: var(--base-2); padding: 10px; position: relative; }
.trace-head .trace-class { color: var(--base-6); font-size: 18px; font-weight: bold; line-height: 1.3; margin: 0; position: relative; }
.trace-head .trace-namespace { color: #999; display: block; font-size: 13px; }
.trace-head .icon { position: absolute; right: 0; top: 0; }
.trace-head .icon svg { fill: var(--base-5); height: 24px; width: 24px; }

.trace-details { background: var(--base-0); border: var(--border); box-shadow: 0px 0px 1px rgba(128, 128, 128, .2); margin: 0 0 1em; table-layout: fixed; }

.trace-message { font-size: 14px; font-weight: normal; margin: .5em 0 0; }

.trace-line { position: relative; padding-top: 8px; padding-bottom: 8px; }
.trace-line + .trace-line { border-top: var(--border); }
.trace-line:hover { background: var(--base-1); }
.trace-line a { color: var(--base-6); }
.trace-line .icon { opacity: .4; position: absolute; left: 10px; }
.trace-line .icon svg { fill: var(--base-5); height: 16px; width: 16px; }
.trace-line .icon.icon-copy { left: auto; top: auto; padding-left: 5px; display: none }
.trace-line:hover .icon.icon-copy:not(.hidden) { display: inline-block }
.trace-line-header { padding-left: 36px; padding-right: 10px; }

.trace-file-path, .trace-file-path a { color: var(--base-6); font-size: 13px; }
.trace-class { color: var(--color-error); }
.trace-type { padding: 0 2px; }
.trace-method { color: var(--color-error); font-weight: bold; }
.trace-arguments { color: #777; font-weight: normal; padding-left: 2px; }

.trace-code { background: var(--base-0); font-size: 12px; margin: 10px 10px 2px 10px; padding: 10px; overflow-x: auto; white-space: nowrap; }
.trace-code ol { margin: 0; float: left; }
.trace-code li { color: #969896; margin: 0; padding-left: 10px; float: left; width: 100%; }
.trace-code li + li { margin-top: 5px; }
.trace-code li.selected { background: var(--trace-selected-background); margin-top: 2px; }
.trace-code li code { color: var(--base-6); white-space: pre; }

.trace-as-text .stacktrace { line-height: 1.8; margin: 0 0 15px; white-space: pre-wrap; }

@media (min-width: 575px) {
    .hidden-xs-down { display: initial; }
    .help-link { margin-left: 30px; }
}&lt;/style&gt;
        &lt;style&gt;.sf-reset .traces {
    padding-bottom: 14px;
}
.sf-reset .traces li {
    font-size: 12px;
    color: #868686;
    padding: 5px 4px;
    list-style-type: decimal;
    margin-left: 20px;
}
.sf-reset #logs .traces li.error {
    font-style: normal;
    color: #AA3333;
    background: #f9ecec;
}
.sf-reset #logs .traces li.warning {
    font-style: normal;
    background: #ffcc00;
}
/* fix for Opera not liking empty &lt;li&gt; */
.sf-reset .traces li:after {
    content: "\00A0";
}
.sf-reset .trace {
    border: 1px solid #D3D3D3;
    padding: 10px;
    overflow: auto;
    margin: 10px 0 20px;
}
.sf-reset .block-exception {
    -moz-border-radius: 16px;
    -webkit-border-radius: 16px;
    border-radius: 16px;
    margin-bottom: 20px;
    background-color: #f6f6f6;
    border: 1px solid #dfdfdf;
    padding: 30px 28px;
    word-wrap: break-word;
    overflow: hidden;
}
.sf-reset .block-exception div {
    color: #313131;
    font-size: 10px;
}
.sf-reset .block-exception-detected .illustration-exception,
.sf-reset .block-exception-detected .text-exception {
    float: left;
}
.sf-reset .block-exception-detected .illustration-exception {
    width: 152px;
}
.sf-reset .block-exception-detected .text-exception {
    width: 670px;
    padding: 30px 44px 24px 46px;
    position: relative;
}
.sf-reset .text-exception .open-quote,
.sf-reset .text-exception .close-quote {
    font-family: Arial, Helvetica, sans-serif;
    position: absolute;
    color: #C9C9C9;
    font-size: 8em;
}
.sf-reset .open-quote {
    top: 0;
    left: 0;
}
.sf-reset .close-quote {
    bottom: -0.5em;
    right: 50px;
}
.sf-reset .block-exception p {
    font-family: Arial, Helvetica, sans-serif;
}
.sf-reset .block-exception p a,
.sf-reset .block-exception p a:hover {
    color: #565656;
}
.sf-reset .logs h2 {
    float: left;
    width: 654px;
}
.sf-reset .error-count, .sf-reset .support {
    float: right;
    width: 170px;
    text-align: right;
}
.sf-reset .error-count span {
    display: inline-block;
    background-color: #aacd4e;
    -moz-border-radius: 6px;
    -webkit-border-radius: 6px;
    border-radius: 6px;
    padding: 4px;
    color: white;
    margin-right: 2px;
    font-size: 11px;
    font-weight: bold;
}

.sf-reset .support a {
    display: inline-block;
    -moz-border-radius: 6px;
    -webkit-border-radius: 6px;
    border-radius: 6px;
    padding: 4px;
    color: #000000;
    margin-right: 2px;
    font-size: 11px;
    font-weight: bold;
}

.sf-reset .toggle {
    vertical-align: middle;
}
.sf-reset .linked ul,
.sf-reset .linked li {
    display: inline;
}
.sf-reset #output-content {
    color: #000;
    font-size: 12px;
}
.sf-reset #traces-text pre {
    white-space: pre;
    font-size: 12px;
    font-family: monospace;
}&lt;/style&gt;
    &lt;/head&gt;
    &lt;body&gt;
        &lt;script&gt;
            document.body.classList.add(
                localStorage.getItem('symfony/profiler/theme') || (matchMedia('(prefers-color-scheme: dark)').matches ? 'theme-dark' : 'theme-light')
            );
        &lt;/script&gt;

                    &lt;header&gt;
                &lt;div class="container"&gt;
                    &lt;h1 class="logo"&gt;&lt;svg xmlns="http://www.w3.org/2000/svg" width="24" height="24" viewBox="0 0 24 24"&gt;&lt;path fill="#FFF" d="M12 .9C5.8.9.9 5.8.9 12a11 11 0 1 0 22.2 0A11 11 0 0 0 12 .9zm6.5 6c-.6 0-.9-.3-.9-.8 0-.2 0-.4.2-.6l.2-.4c0-.3-.5-.4-.6-.4-1.8.1-2.3 2.5-2.7 4.4l-.2 1c1 .2 1.8 0 2.2-.3.6-.4-.2-.7-.1-1.2.1-.3.5-.5.7-.6.5 0 .7.5.7.9 0 .7-1 1.8-3 1.8l-.6-.1-.6 2.4c-.4 1.6-.8 3.8-2.4 5.7-1.4 1.7-2.9 1.9-3.5 1.9-1.2 0-1.9-.6-2-1.5 0-.8.7-1.3 1.2-1.3.6 0 1.1.5 1.1 1s-.2.6-.4.6c-.1.1-.3.2-.3.4 0 .1.1.3.4.3.5 0 .8-.3 1.1-.5 1.2-.9 1.6-2.7 2.2-5.7l.1-.7.7-3.2c-.8-.6-1.3-1.4-2.4-1.7-.6-.1-1.1.1-1.5.5-.4.5-.2 1.1.2 1.5l.7.6c.7.8 1.2 1.6 1 2.5-.3 1.5-2 2.6-4 1.9-1.8-.6-2-1.8-1.8-2.5.2-.6.6-.7 1.1-.6.5.2.6.7.6 1.2l-.1.3c-.2.1-.3.3-.3.4-.1.4.4.6.7.7.7.3 1.6-.2 1.8-.8a1 1 0 0 0-.4-1.1l-.7-.8c-.4-.4-1.1-1.4-.7-2.6.1-.5.4-.9.7-1.3a4 4 0 0 1 2.8-.6c1.2.4 1.8 1.1 2.6 1.8.5-1.2 1-2.4 1.8-3.5.9-.9 1.9-1.6 3.1-1.7 1.3.2 2.2.7 2.2 1.6 0 .4-.2 1.1-.9 1.1z"/&gt;&lt;/svg&gt; Symfony Exception&lt;/h1&gt;

                    &lt;div class="help-link"&gt;
                        &lt;a href="https://symfony.com/doc/6.4.35/index.html"&gt;
                            &lt;span class="icon"&gt;&lt;svg width="1792" height="1792" viewBox="0 0 1792 1792" xmlns="http://www.w3.org/2000/svg"&gt;&lt;path fill="#FFF" d="M1703 478q40 57 18 129l-275 906q-19 64-76.5 107.5T1247 1664H324q-77 0-148.5-53.5T76 1479q-24-67-2-127 0-4 3-27t4-37q1-8-3-21.5t-3-19.5q2-11 8-21t16.5-23.5T116 1179q23-38 45-91.5t30-91.5q3-10 .5-30t-.5-28q3-11 17-28t17-23q21-36 42-92t25-90q1-9-2.5-32t.5-28q4-13 22-30.5t22-22.5q19-26 42.5-84.5T404 411q1-8-3-25.5t-2-26.5q2-8 9-18t18-23 17-21q8-12 16.5-30.5t15-35 16-36 19.5-32 26.5-23.5 36-11.5T620 134l-1 3q38-9 51-9h761q74 0 114 56t18 130l-274 906q-36 119-71.5 153.5T1089 1408H220q-27 0-38 15-11 16-1 43 24 70 144 70h923q29 0 56-15.5t35-41.5l300-987q7-22 5-57 38 15 59 43zm-1064 2q-4 13 2 22.5t20 9.5h608q13 0 25.5-9.5T1311 480l21-64q4-13-2-22.5t-20-9.5H702q-13 0-25.5 9.5T660 416zm-83 256q-4 13 2 22.5t20 9.5h608q13 0 25.5-9.5T1228 736l21-64q4-13-2-22.5t-20-9.5H619q-13 0-25.5 9.5T577 672z"/&gt;&lt;/svg&gt;&lt;/span&gt;
                            &lt;span class="hidden-xs-down"&gt;Symfony&lt;/span&gt; Docs
                        &lt;/a&gt;
                    &lt;/div&gt;
                &lt;/div&gt;
            &lt;/header&gt;
        
        &lt;div class="exception-summary "&gt;
    &lt;div class="exception-metadata"&gt;
        &lt;div class="container"&gt;
            &lt;h2 class="exception-hierarchy"&gt;
                                    &lt;a href="#trace-box-2"&gt;&lt;abbr title="Symfony\Component\Routing\Exception\ResourceNotFoundException"&gt;ResourceNotFoundException&lt;/abbr&gt;&lt;/a&gt;
                    &lt;span class="icon"&gt;&lt;svg width="1792" height="1792" viewBox="0 0 1792 1792" xmlns="http://www.w3.org/2000/svg"&gt;&lt;path fill="#FFF" d="M1363 877l-742 742q-19 19-45 19t-45-19l-166-166q-19-19-19-45t19-45l531-531-531-531q-19-19-19-45t19-45L531 45q19-19 45-19t45 19l742 742q19 19 19 45t-19 45z"/&gt;&lt;/svg&gt;&lt;/span&gt;
                                &lt;a href="#trace-box-1"&gt;&lt;abbr title="Symfony\Component\HttpKernel\Exception\NotFoundHttpException"&gt;NotFoundHttpException&lt;/abbr&gt;&lt;/a&gt;
            &lt;/h2&gt;
            &lt;h2 class="exception-http"&gt;
                HTTP 404 &lt;small&gt;Not Found&lt;/small&gt;
            &lt;/h2&gt;
        &lt;/div&gt;
    &lt;/div&gt;
    &lt;div class="exception-message-wrapper"&gt;
        &lt;div class="container"&gt;
            &lt;h1 class="break-long-words exception-message"&gt;No route found for &amp;quot;GET http://localhost/expert/conseil&amp;quot; (from &amp;quot;http://localhost/logout&amp;quot;)&lt;/h1&gt;

            &lt;div class="exception-illustration hidden-xs-down"&gt;
                &lt;svg viewBox="0 0 136 81" xmlns="http://www.w3.org/2000/svg" fill-rule="evenodd" clip-rule="evenodd" stroke-linejoin="round" stroke-miterlimit="1.4"&gt;&lt;path d="M92.4 20.4a23.2 23.2 0 0 1 9 1.9 23.7 23.7 0 0 1 5.2 3 24.3 24.3 0 0 1 3.4 3.4 24.8 24.8 0 0 1 5 9.4c.5 1.7.8 3.4 1 5.2v14.5h.4l.5.2a7.4 7.4 0 0 0 2.5.2l.2-.2.6-.8.8-1.3-.2-.1a5.5 5.5 0 0 1-.8-.3 5.6 5.6 0 0 1-2.3-1.8 5.7 5.7 0 0 1-.9-1.6 6.5 6.5 0 0 1-.2-2.8 7.3 7.3 0 0 1 .5-2l.3-.3.8-.9.3-.3c.2-.2.5-.3.8-.3H120.7c.2 0 .3-.1.4 0h.4l.2.1.3.2.2-.4.3-.4.1-.1 1.2-1 .3-.2.4-.1.4-.1h.3l1.5.1.4.1.8.5.1.2 1 1.1v.2H129.4l.4-.2 1.4-.5h1.1c.3 0 .7.2 1 .4.2 0 .3.2.5.3l.2.2.5.3.4.6.1.3.4 1.4.1.4v.6a7.8 7.8 0 0 1-.1.6 9.9 9.9 0 0 1-.8 2.4 7.8 7.8 0 0 1-3 3.3 6.4 6.4 0 0 1-1 .5 6.1 6.1 0 0 1-.6.2l-.7.1h-.1a23.4 23.4 0 0 1-.2 1.7 14.3 14.3 0 0 1-.6 2.1l-.8 2a9.2 9.2 0 0 1-.4.6l-.7 1a9.1 9.1 0 0 1-2.3 2.2c-.9.5-2 .6-3 .7l-1.4.1h-.5l-.4.1a15.8 15.8 0 0 1-2.8-.1v4.2a9.7 9.7 0 0 1-.7 3.5 9.6 9.6 0 0 1-1.7 2.8 9.3 9.3 0 0 1-3 2.3 9 9 0 0 1-5.4.7 9 9 0 0 1-3-1 9.4 9.4 0 0 1-2.7-2.5 10 10 0 0 1-1 1.2 9.3 9.3 0 0 1-2 1.3 9 9 0 0 1-2.4 1 9 9 0 0 1-6.5-1.1A9.4 9.4 0 0 1 85 77V77a10.9 10.9 0 0 1-.6.6 9.3 9.3 0 0 1-2.7 2 9 9 0 0 1-6 .8 9 9 0 0 1-2.4-1 9.3 9.3 0 0 1-2.3-1.7 9.6 9.6 0 0 1-1.8-2.8 9.7 9.7 0 0 1-.8-3.7v-4a18.5 18.5 0 0 1-2.9.2l-1.2-.1c-1.9-.3-3.7-1-5.1-2.2a8.2 8.2 0 0 1-1.1-1 10.2 10.2 0 0 1-.9-1.2 15.3 15.3 0 0 1-.7-1.3 20.8 20.8 0 0 1-1.9-6.2v-.2a6.5 6.5 0 0 1-1-.3 6.1 6.1 0 0 1-.6-.3 6.6 6.6 0 0 1-.9-.6 8.2 8.2 0 0 1-2.7-3.7 10 10 0 0 1-.3-1 10.3 10.3 0 0 1-.3-1.9V47v-.4l.1-.4.6-1.4.1-.2a2 2 0 0 1 .8-.8l.3-.2.3-.2a3.2 3.2 0 0 1 1.8-.5h.4l.3.2 1.4.6.2.2.4.3.3.4.7-.7.2-.2.4-.2.6-.2h2.1l.4.2.4.2.3.2.8 1 .2-.1h.1v-.1H63l1.1.1h.3l.8.5.3.4.7 1 .2.3.1.5a11 11 0 0 1 .2 1.5c0 .8 0 1.6-.3 2.3a6 6 0 0 1-.5 1.2 5.5 5.5 0 0 1-3.3 2.5 12.3 12.3 0 0 0 1.4 3h.1l.2.1 1 .2h1.5l.5-.2H67.8l.5-.2h.1V44v-.4a26.7 26.7 0 0 1 .3-2.3 24.7 24.7 0 0 1 5.7-12.5 24.2 24.2 0 0 1 3.5-3.3 23.7 23.7 0 0 1 4.9-3 23.2 23.2 0 0 1 5.6-1.7 23.7 23.7 0 0 1 4-.3zm-.3 2a21.2 21.2 0 0 0-8 1.7 21.6 21.6 0 0 0-4.8 2.7 22.2 22.2 0 0 0-3.2 3 22.7 22.7 0 0 0-5 9.2 23.4 23.4 0 0 0-.7 4.9v15.7l-.5.1a34.3 34.3 0 0 1-1.5.3h-.2l-.4.1h-.4l-.9.2a10 10 0 0 1-1.9 0c-.5 0-1-.2-1.5-.4a1.8 1.8 0 0 1-.3-.2 2 2 0 0 1-.3-.3 5.2 5.2 0 0 1-.1-.2 9 9 0 0 1-.6-.9 13.8 13.8 0 0 1-1-2 14.3 14.3 0 0 1-.6-2 14 14 0 0 1-.1-.8v-.2h.3a12.8 12.8 0 0 0 1.4-.2 4.4 4.4 0 0 0 .3 0 3.6 3.6 0 0 0 1.1-.7 3.4 3.4 0 0 0 1.2-1.7l.2-1.2a5.1 5.1 0 0 0 0-.8 7.2 7.2 0 0 0-.1-.8l-.7-1-1.2-.2-1 .7-.1 1.3a5 5 0 0 1 .1.4v.6a1 1 0 0 1 0 .3c-.1.3-.4.4-.7.5l-1.2.4v-.7A9.9 9.9 0 0 1 60 49l.3-.6v-.2l.1-.1v-1.6l-1-1.2h-1.5l-1 1.1v.4a5.3 5.3 0 0 0-.2.6 5.5 5.5 0 0 0 0 .5c0 .7 0 1.4.3 2 0 .4.2.8.4 1.2L57 51a9.5 9.5 0 0 1-1.1-.5h-.2a2 2 0 0 1-.4-.3c-.4-.4-.5-1-.6-1.6a5.6 5.6 0 0 1 0-.5v-.5-.5l-.6-1.5-1.4-.6-.9.3s-.2 0-.3.2a2 2 0 0 1-.1 0l-.6 1.4v.7a8.5 8.5 0 0 0 .5 2c.4 1.1 1 2.1 2 2.8a4.7 4.7 0 0 0 2.1.9h1a22.8 22.8 0 0 0 .1 1 18.1 18.1 0 0 0 .8 3.8 18.2 18.2 0 0 0 1.6 3.7l1 1.3c1 1 2.3 1.6 3.7 2a11.7 11.7 0 0 0 4.8 0h.4l.5-.2.5-.1.6-.2v6.6a8 8 0 0 0 .1 1.3 7.5 7.5 0 0 0 2.4 4.3 7.2 7.2 0 0 0 2.3 1.3 7 7 0 0 0 7-1.1 7.5 7.5 0 0 0 2-2.6A7.7 7.7 0 0 0 85 72V71a8.2 8.2 0 0 0 .2 1.3c0 .7.3 1.4.6 2a7.5 7.5 0 0 0 1.7 2.3 7.3 7.3 0 0 0 2.2 1.4 7.1 7.1 0 0 0 4.6.2 7.2 7.2 0 0 0 2.4-1.2 7.5 7.5 0 0 0 2.1-2.7 7.8 7.8 0 0 0 .7-2.4V71a9.3 9.3 0 0 0 .1.6 7.6 7.6 0 0 0 .6 2.5 7.5 7.5 0 0 0 2.4 3 7.1 7.1 0 0 0 7 .8 7.3 7.3 0 0 0 2.3-1.5 7.5 7.5 0 0 0 1.6-2.3 7.6 7.6 0 0 0 .5-2l.1-1.1v-6.7l.4.1a12.2 12.2 0 0 0 2 .5 11.1 11.1 0 0 0 2.5 0h.8l1.2-.1a9.5 9.5 0 0 0 1.4-.2l.9-.3a3.5 3.5 0 0 0 .6-.4l1.2-1.4a12.2 12.2 0 0 0 .8-1.2c0-.3.2-.5.3-.7a15.9 15.9 0 0 0 .7-2l.3-1.6v-1.3l.2-.9V54.6a15.5 15.5 0 0 0 1.8 0 4.5 4.5 0 0 0 1.4-.5 5.7 5.7 0 0 0 2.5-3.2 7.6 7.6 0 0 0 .4-1.5v-.3l-.4-1.4a5.2 5.2 0 0 1-.2-.1l-.4-.4a3.8 3.8 0 0 0-.2 0 1.4 1.4 0 0 0-.5-.2l-1.4.4-.7 1.3v.7a5.7 5.7 0 0 1-.1.8l-.7 1.4a1.9 1.9 0 0 1-.5.3h-.3a9.6 9.6 0 0 1-.8.3 8.8 8.8 0 0 1-.6 0l.2-.4.2-.5.2-.3v-.4l.1-.2V50l.1-1 .1-.6v-.6a4.8 4.8 0 0 0 0-.8v-.2l-1-1.1-1.5-.2-1.1 1-.2 1.4v.1l.2.4.2.3v.4l.1 1.1v.3l.1.5v.8a9.6 9.6 0 0 1-.8-.3l-.2-.1h-.3l-.8-.1h-.2a1.6 1.6 0 0 1-.2-.2.9.9 0 0 1-.2-.2 1 1 0 0 1-.1-.5l.2-.9v-1.2l-.9-.8h-1.2l-.8.9v.3a4.8 4.8 0 0 0-.3 2l.3.9a3.5 3.5 0 0 0 1.2 1.6l1 .5.8.2 1.4.1h.4l.2.1a12.1 12.1 0 0 1-1 2.6 13.2 13.2 0 0 1-.8 1.5 9.5 9.5 0 0 1-1 1.2l-.2.3a1.7 1.7 0 0 1-.4.3 2.4 2.4 0 0 1-.7.2h-2.5a7.8 7.8 0 0 1-.6-.2l-.7-.2h-.2a14.8 14.8 0 0 1-.6-.2 23.4 23.4 0 0 1-.4-.1l-.4-.1-.3-.1V43.9a34.6 34.6 0 0 0 0-.6 23.6 23.6 0 0 0-.4-3 22.7 22.7 0 0 0-1.5-4.7 22.6 22.6 0 0 0-4.6-6.7 21.9 21.9 0 0 0-6.9-4.7 21.2 21.2 0 0 0-8.1-1.8H92zm9.1 33.7l.3.1a1 1 0 0 1 .6.8v.4a8.4 8.4 0 0 1 0 .5 8.8 8.8 0 0 1-1.6 4.2l-1 1.3A10 10 0 0 1 95 66c-1.3.3-2.7.4-4 .3a10.4 10.4 0 0 1-2.7-.8 10 10 0 0 1-3.6-2.5 9.3 9.3 0 0 1-.8-1 9 9 0 0 1-.7-1.2 8.6 8.6 0 0 1-.8-3.4V57a1 1 0 0 1 .3-.6 1 1 0 0 1 1.3-.2 1 1 0 0 1 .4.8v.4a6.5 6.5 0 0 0 .5 2.2 7 7 0 0 0 2.1 2.8l1 .6c2.6 1.6 6 1.6 8.5 0a8 8 0 0 0 1.1-.6 7.6 7.6 0 0 0 1.2-1.2 7 7 0 0 0 1-1.7 6.5 6.5 0 0 0 .4-2.5 1 1 0 0 1 .7-1h.4zM30.7 43.7c-15.5 1-28.5-6-30.1-16.4C-1.2 15.7 11.6 4 29 1.3 46.6-1.7 62.3 5.5 64 17.1c1.6 10.4-8.7 21-23.7 25a31.2 31.2 0 0 0 0 .9v.3a19 19 0 0 0 .1 1l.1.4.1.9a4.7 4.7 0 0 0 .5 1l.7 1a9.2 9.2 0 0 0 1.2 1l1.5.8.6.8-.7.6-1.1.3a11.2 11.2 0 0 1-2.6.4 8.6 8.6 0 0 1-3-.5 8.5 8.5 0 0 1-1-.4 11.2 11.2 0 0 1-1.8-1.2 13.3 13.3 0 0 1-1-1 18 18 0 0 1-.7-.6l-.4-.4a23.4 23.4 0 0 1-1.3-1.8l-.1-.1-.3-.5V45l-.3-.6v-.7zM83.1 36c3.6 0 6.5 3.2 6.5 7.1 0 4-3 7.2-6.5 7.2S76.7 47 76.7 43 79.6 36 83 36zm18 0c3.6 0 6.5 3.2 6.5 7.1 0 4-2.9 7.2-6.4 7.2S94.7 47 94.7 43s3-7.1 6.5-7.1zm-18 6.1c2 0 3.5 1.6 3.5 3.6S85 49.2 83 49.2s-3.4-1.6-3.4-3.6S81.2 42 83 42zm17.9 0c1.9 0 3.4 1.6 3.4 3.6s-1.5 3.6-3.4 3.6c-2 0-3.5-1.6-3.5-3.6S99.1 42 101 42zM17 28c-.3 1.6-1.8 5-5.2 5.8-2.5.6-4.1-.8-4.5-2.6-.4-1.9.7-3.5 2.1-4.5A3.5 3.5 0 0 1 8 24.6c-.4-2 .8-3.7 3.2-4.2 1.9-.5 3.1.2 3.4 1.5.3 1.1-.5 2.2-1.8 2.5-.9.3-1.6 0-1.7-.6a1.4 1.4 0 0 1 0-.7s.3.2 1 0c.7-.1 1-.7.9-1.2-.2-.6-1-.8-1.8-.6-1 .2-2 1-1.7 2.6.3 1 .9 1.6 1.5 1.8l.7-.2c1-.2 1.5 0 1.6.5 0 .4-.2 1-1.2 1.2a3.3 3.3 0 0 1-1.5 0c-.9.7-1.6 1.9-1.3 3.2.3 1.3 1.3 2.2 3 1.8 2.5-.7 3.8-3.7 4.2-5-.3-.5-.6-1-.7-1.6-.1-.5.1-1 .9-1.2.4 0 .7.2.8.8a2.8 2.8 0 0 1 0 1l.7 1c.6-2 1.4-4 1.7-4 .6-.2 1.5.6 1.5.6-.8.7-1.7 2.4-2.3 4.2.8.6 1.6 1 2.1 1 .5-.1.8-.6 1-1.2-.3-2.2 1-4.3 2.3-4.6.7-.2 1.3.2 1.4.8.1.5 0 1.3-.9 1.7-.2-1-.6-1.3-1-1.3-.4.1-.7 1.4-.4 2.8.2 1 .7 1.5 1.3 1.4.8-.2 1.3-1.2 1.7-2.1-.3-2.1.9-4.2 2.2-4.5.7-.2 1.2.1 1.4 1 .4 1.4-1 2.8-2.2 3.4.3.7.7 1 1.3.9 1-.3 1.6-1.5 2-2.5l-.5-3v-.3s1.6-.3 1.8.6v.1c.2-.6.7-1.2 1.3-1.4.8-.1 1.5.6 1.7 1.6.5 2.2-.5 4.4-1.8 4.7H33a31.9 31.9 0 0 0 1 5.2c-.4.1-1.8.4-2-.4l-.5-5.6c-.5 1-1.3 2.2-2.5 2.4-1 .3-1.6-.3-2-1.1-.5 1-1.3 2.1-2.4 2.4-.8.2-1.5-.1-2-1-.3.8-.9 1.5-1.5 1.7-.7.1-1.5-.3-2.4-1-.3.8-.4 1.6-.4 2.2 0 0-.7 0-.8-.4-.1-.5 0-1.5.3-2.7a10.3 10.3 0 0 1-.7-.8zm38.2-17.8l.2.9c.5 1.9.4 4.4.8 6.4 0 .6-.4 3-1.4 3.3-.2 0-.3 0-.4-.4-.1-.7 0-1.6-.3-2.6-.2-1.1-.8-1.6-1.5-1.5-.8.2-1.3 1-1.6 2l-.1-.5c-.2-1-1.8-.6-1.8-.6a6.2 6.2 0 0 1 .4 1.3l.2 1c-.2.5-.6 1-1.2 1l-.2.1a7 7 0 0 0-.1-.8c-.3-1.1-1-2-1.6-1.8a.7.7 0 0 0-.4.3c-1.3.3-2.4 2-2.1 3.9-.2.9-.6 1.7-1 1.9-.5 0-.8-.5-1.1-1.8l-.1-1.2a4 4 0 0 0 0-1.7c0-.4-.4-.7-.8-.6-.7.2-.9 1.7-.5 3.8-.2 1-.6 2-1.3 2-.4.2-.8-.2-1-1l-.2-3c1.2-.5 2-1 1.8-1.7-.1-.5-.8-.7-.8-.7s0 .7-1 1.2l-.2-1.4c-.1-.6-.4-1-1.7-.6l.4 1 .2 1.5h-1v.8c0 .3.4.3 1 .2 0 1.3 0 2.7.2 3.6.3 1.4 1.2 2 2 1.7 1-.2 1.6-1.3 2-2.3.3 1.2 1 2 1.9 1.7.7-.2 1.2-1.1 1.6-2.2.4.8 1.1 1.1 2 1 1.2-.4 1.7-1.6 1.8-2.8h.2c.6-.2 1-.6 1.3-1 0 .8 0 1.5.2 2.1.1.5.3.7.6.6.5-.1 1-.9 1-.9a4 4 0 0 1-.3-1c-.3-1.3.3-3.6 1-3.7.2 0 .3.2.5.7v.8l.2 1.5v.7c.2.7.7 1.3 1.5 1 1.3-.2 2-2.6 2.1-3.9.3.2.6.2 1 .1-.6-2.2 0-6.1-.3-7.9-.1-.4-1-.5-1.7-.5h-.4zm-21.5 12c.4 0 .7.3 1 1.1.2 1.3-.3 2.6-.9 2.8-.2 0-.7 0-1-1.2v-.4c0-1.3.4-2 1-2.2zm-5.2 1c.3 0 .6.2.6.5.2.6-.3 1.3-1.2 2-.3-1.4.1-2.3.6-2.5zm18-.4c-.5.2-1-.4-1.2-1.2-.2-1 0-2.1.7-2.5v.5c.2.7.6 1.5 1.3 1.9 0 .7-.2 1.2-.7 1.3zm10-1.6c0 .5.4.7 1 .6.8-.2 1-1 .8-1.6 0-.5-.4-1-1-.8-.5.1-1 .9-.8 1.8zm-14.3-5.5c0-.4-.5-.7-1-.5-.8.2-1 1-.9 1.5.2.6.5 1 1 .8.5 0 1.1-1 1-1.8z" fill="#fff" fill-opacity=".6"/&gt;&lt;/svg&gt;            &lt;/div&gt;
        &lt;/div&gt;
    &lt;/div&gt;
&lt;/div&gt;

&lt;div class="container"&gt;
    &lt;div class="sf-tabs"&gt;
        &lt;div class="tab"&gt;
                        &lt;h3 class="tab-title"&gt;
                                    Exceptions &lt;span class="badge"&gt;2&lt;/span&gt;
                            &lt;/h3&gt;

            &lt;div class="tab-content"&gt;
                &lt;div class="trace trace-as-html" id="trace-box-1"&gt;
    &lt;div class="trace-details"&gt;
        &lt;div class="trace-head"&gt;
            &lt;div class="sf-toggle" data-toggle-selector="#trace-html-1" data-toggle-initial="display"&gt;
                &lt;span class="icon icon-close"&gt;&lt;svg width="1792" height="1792" viewBox="0 0 1792 1792" xmlns="http://www.w3.org/2000/svg"&gt;&lt;path d="M1344 800v64q0 14-9 23t-23 9H480q-14 0-23-9t-9-23v-64q0-14 9-23t23-9h832q14 0 23 9t9 23zm128 448V416q0-66-47-113t-113-47H480q-66 0-113 47t-47 113v832q0 66 47 113t113 47h832q66 0 113-47t47-113zm128-832v832q0 119-84.5 203.5T1312 1536H480q-119 0-203.5-84.5T192 1248V416q0-119 84.5-203.5T480 128h832q119 0 203.5 84.5T1600 416z"/&gt;&lt;/svg&gt;&lt;/span&gt;
                &lt;span class="icon icon-open"&gt;&lt;svg width="1792" height="1792" viewBox="0 0 1792 1792" xmlns="http://www.w3.org/2000/svg"&gt;&lt;path d="M1344 800v64q0 14-9 23t-23 9H960v352q0 14-9 23t-23 9h-64q-14 0-23-9t-9-23V896H480q-14 0-23-9t-9-23v-64q0-14 9-23t23-9h352V416q0-14 9-23t23-9h64q14 0 23 9t9 23v352h352q14 0 23 9t9 23zm128 448V416q0-66-47-113t-113-47H480q-66 0-113 47t-47 113v832q0 66 47 113t113 47h832q66 0 113-47t47-113zm128-832v832q0 119-84.5 203.5T1312 1536H480q-119 0-203.5-84.5T192 1248V416q0-119 84.5-203.5T480 128h832q119 0 203.5 84.5T1600 416z"/&gt;&lt;/svg&gt;&lt;/span&gt;
                                                    &lt;h3 class="trace-class"&gt;
                                                    &lt;span class="trace-namespace"&gt;Symfony\Component\HttpKernel\Exception\&lt;/span&gt;
                                                NotFoundHttpException                    &lt;/h3&gt;
                                            &lt;/div&gt;
                            &lt;details class="exception-properties-wrapper"&gt;
                    &lt;summary&gt;Show exception properties&lt;/summary&gt;
                    &lt;div class="exception-properties"&gt;
                        &lt;script&gt; Sfdump = window.Sfdump || (function (doc) { doc.documentElement.classList.add('sf-js-enabled'); var rxEsc = /([.*+?^${}()|\[\]\/\\])/g, idRx = /\bsf-dump-\d+-ref[012]\w+\b/, keyHint = 0 &lt;= navigator.platform.toUpperCase().indexOf('MAC') ? 'Cmd' : 'Ctrl', addEventListener = function (e, n, cb) { e.addEventListener(n, cb, false); }; if (!doc.addEventListener) { addEventListener = function (element, eventName, callback) { element.attachEvent('on' + eventName, function (e) { e.preventDefault = function () {e.returnValue = false;}; e.target = e.srcElement; callback(e); }); }; } function toggle(a, recursive) { var s = a.nextSibling || {}, oldClass = s.className, arrow, newClass; if (/\bsf-dump-compact\b/.test(oldClass)) { arrow = '&amp;#9660;'; newClass = 'sf-dump-expanded'; } else if (/\bsf-dump-expanded\b/.test(oldClass)) { arrow = '&amp;#9654;'; newClass = 'sf-dump-compact'; } else { return false; } if (doc.createEvent &amp;&amp; s.dispatchEvent) { var event = doc.createEvent('Event'); event.initEvent('sf-dump-expanded' === newClass ? 'sfbeforedumpexpand' : 'sfbeforedumpcollapse', true, false); s.dispatchEvent(event); } a.lastChild.innerHTML = arrow; s.className = s.className.replace(/\bsf-dump-(compact|expanded)\b/, newClass); if (recursive) { try { a = s.querySelectorAll('.'+oldClass); for (s = 0; s &lt; a.length; ++s) { if (-1 == a[s].className.indexOf(newClass)) { a[s].className = newClass; a[s].previousSibling.lastChild.innerHTML = arrow; } } } catch (e) { } } return true; }; function collapse(a, recursive) { var s = a.nextSibling || {}, oldClass = s.className; if (/\bsf-dump-expanded\b/.test(oldClass)) { toggle(a, recursive); return true; } return false; }; function expand(a, recursive) { var s = a.nextSibling || {}, oldClass = s.className; if (/\bsf-dump-compact\b/.test(oldClass)) { toggle(a, recursive); return true; } return false; }; function collapseAll(root) { var a = root.querySelector('a.sf-dump-toggle'); if (a) { collapse(a, true); expand(a); return true; } return false; } function reveal(node) { var previous, parents = []; while ((node = node.parentNode || {}) &amp;&amp; (previous = node.previousSibling) &amp;&amp; 'A' === previous.tagName) { parents.push(previous); } if (0 !== parents.length) { parents.forEach(function (parent) { expand(parent); }); return true; } return false; } function highlight(root, activeNode, nodes) { resetHighlightedNodes(root); Array.from(nodes||[]).forEach(function (node) { if (!/\bsf-dump-highlight\b/.test(node.className)) { node.className = node.className + ' sf-dump-highlight'; } }); if (!/\bsf-dump-highlight-active\b/.test(activeNode.className)) { activeNode.className = activeNode.className + ' sf-dump-highlight-active'; } } function resetHighlightedNodes(root) { Array.from(root.querySelectorAll('.sf-dump-str, .sf-dump-key, .sf-dump-public, .sf-dump-protected, .sf-dump-private')).forEach(function (strNode) { strNode.className = strNode.className.replace(/\bsf-dump-highlight\b/, ''); strNode.className = strNode.className.replace(/\bsf-dump-highlight-active\b/, ''); }); } return function (root, x) { root = doc.getElementById(root); var indentRx = new RegExp('^('+(root.getAttribute('data-indent-pad') || ' ').replace(rxEsc, '\\$1')+')+', 'm'), options = {"maxDepth":1,"maxStringLength":160,"fileLinkFormat":false}, elt = root.getElementsByTagName('A'), len = elt.length, i = 0, s, h, t = []; while (i &lt; len) t.push(elt[i++]); for (i in x) { options[i] = x[i]; } function a(e, f) { addEventListener(root, e, function (e, n) { if ('A' == e.target.tagName) { f(e.target, e); } else if ('A' == e.target.parentNode.tagName) { f(e.target.parentNode, e); } else { n = /\bsf-dump-ellipsis\b/.test(e.target.className) ? e.target.parentNode : e.target; if ((n = n.nextElementSibling) &amp;&amp; 'A' == n.tagName) { if (!/\bsf-dump-toggle\b/.test(n.className)) { n = n.nextElementSibling || n; } f(n, e, true); } } }); }; function isCtrlKey(e) { return e.ctrlKey || e.metaKey; } function xpathString(str) { var parts = str.match(/[^'"]+|['"]/g).map(function (part) { if ("'" == part) { return '"\'"'; } if ('"' == part) { return "'\"'"; } return "'" + part + "'"; }); return "concat(" + parts.join(",") + ", '')"; } function xpathHasClass(className) { return "contains(concat(' ', normalize-space(@class), ' '), ' " + className +" ')"; } a('mouseover', function (a, e, c) { if (c) { e.target.style.cursor = "pointer"; } }); a('click', function (a, e, c) { if (/\bsf-dump-toggle\b/.test(a.className)) { e.preventDefault(); if (!toggle(a, isCtrlKey(e))) { var r = doc.getElementById(a.getAttribute('href').slice(1)), s = r.previousSibling, f = r.parentNode, t = a.parentNode; t.replaceChild(r, a); f.replaceChild(a, s); t.insertBefore(s, r); f = f.firstChild.nodeValue.match(indentRx); t = t.firstChild.nodeValue.match(indentRx); if (f &amp;&amp; t &amp;&amp; f[0] !== t[0]) { r.innerHTML = r.innerHTML.replace(new RegExp('^'+f[0].replace(rxEsc, '\\$1'), 'mg'), t[0]); } if (/\bsf-dump-compact\b/.test(r.className)) { toggle(s, isCtrlKey(e)); } } if (c) { } else if (doc.getSelection) { try { doc.getSelection().removeAllRanges(); } catch (e) { doc.getSelection().empty(); } } else { doc.selection.empty(); } } else if (/\bsf-dump-str-toggle\b/.test(a.className)) { e.preventDefault(); e = a.parentNode.parentNode; e.className = e.className.replace(/\bsf-dump-str-(expand|collapse)\b/, a.parentNode.className); } }); elt = root.getElementsByTagName('SAMP'); len = elt.length; i = 0; while (i &lt; len) t.push(elt[i++]); len = t.length; for (i = 0; i &lt; len; ++i) { elt = t[i]; if ('SAMP' == elt.tagName) { a = elt.previousSibling || {}; if ('A' != a.tagName) { a = doc.createElement('A'); a.className = 'sf-dump-ref'; elt.parentNode.insertBefore(a, elt); } else { a.innerHTML += ' '; } a.title = (a.title ? a.title+'\n[' : '[')+keyHint+'+click] Expand all children'; a.innerHTML += elt.className == 'sf-dump-compact' ? '&lt;span&gt;&amp;#9654;&lt;/span&gt;' : '&lt;span&gt;&amp;#9660;&lt;/span&gt;'; a.className += ' sf-dump-toggle'; x = 1; if ('sf-dump' != elt.parentNode.className) { x += elt.parentNode.getAttribute('data-depth')/1; } } else if (/\bsf-dump-ref\b/.test(elt.className) &amp;&amp; (a = elt.getAttribute('href'))) { a = a.slice(1); elt.className += ' sf-dump-hover'; elt.className += ' '+a; if (/[\[{]$/.test(elt.previousSibling.nodeValue)) { a = a != elt.nextSibling.id &amp;&amp; doc.getElementById(a); try { s = a.nextSibling; elt.appendChild(a); s.parentNode.insertBefore(a, s); if (/^[@#]/.test(elt.innerHTML)) { elt.innerHTML += ' &lt;span&gt;&amp;#9654;&lt;/span&gt;'; } else { elt.innerHTML = '&lt;span&gt;&amp;#9654;&lt;/span&gt;'; elt.className = 'sf-dump-ref'; } elt.className += ' sf-dump-toggle'; } catch (e) { if ('&amp;' == elt.innerHTML.charAt(0)) { elt.innerHTML = '&amp;#8230;'; elt.className = 'sf-dump-ref'; } } } } } if (doc.evaluate &amp;&amp; Array.from &amp;&amp; root.children.length &gt; 1) { root.setAttribute('tabindex', 0); SearchState = function () { this.nodes = []; this.idx = 0; }; SearchState.prototype = { next: function () { if (this.isEmpty()) { return this.current(); } this.idx = this.idx &lt; (this.nodes.length - 1) ? this.idx + 1 : 0; return this.current(); }, previous: function () { if (this.isEmpty()) { return this.current(); } this.idx = this.idx &gt; 0 ? this.idx - 1 : (this.nodes.length - 1); return this.current(); }, isEmpty: function () { return 0 === this.count(); }, current: function () { if (this.isEmpty()) { return null; } return this.nodes[this.idx]; }, reset: function () { this.nodes = []; this.idx = 0; }, count: function () { return this.nodes.length; }, }; function showCurrent(state) { var currentNode = state.current(), currentRect, searchRect; if (currentNode) { reveal(currentNode); highlight(root, currentNode, state.nodes); if ('scrollIntoView' in currentNode) { currentNode.scrollIntoView(true); currentRect = currentNode.getBoundingClientRect(); searchRect = search.getBoundingClientRect(); if (currentRect.top &lt; (searchRect.top + searchRect.height)) { window.scrollBy(0, -(searchRect.top + searchRect.height + 5)); } } } counter.textContent = (state.isEmpty() ? 0 : state.idx + 1) + ' of ' + state.count(); } var search = doc.createElement('div'); search.className = 'sf-dump-search-wrapper sf-dump-search-hidden'; search.innerHTML = ' &lt;input type="text" class="sf-dump-search-input"&gt; &lt;span class="sf-dump-search-count"&gt;0 of 0&lt;\/span&gt; &lt;button type="button" class="sf-dump-search-input-previous" tabindex="-1"&gt; &lt;svg viewBox="0 0 1792 1792" xmlns="http://www.w3.org/2000/svg"&gt;&lt;path d="M1683 1331l-166 165q-19 19-45 19t-45-19L896 965l-531 531q-19 19-45 19t-45-19l-166-165q-19-19-19-45.5t19-45.5l742-741q19-19 45-19t45 19l742 741q19 19 19 45.5t-19 45.5z"\/&gt;&lt;\/svg&gt; &lt;\/button&gt; &lt;button type="button" class="sf-dump-search-input-next" tabindex="-1"&gt; &lt;svg viewBox="0 0 1792 1792" xmlns="http://www.w3.org/2000/svg"&gt;&lt;path d="M1683 808l-742 741q-19 19-45 19t-45-19L109 808q-19-19-19-45.5t19-45.5l166-165q19-19 45-19t45 19l531 531 531-531q19-19 45-19t45 19l166 165q19 19 19 45.5t-19 45.5z"\/&gt;&lt;\/svg&gt; &lt;\/button&gt; '; root.insertBefore(search, root.firstChild); var state = new SearchState(); var searchInput = search.querySelector('.sf-dump-search-input'); var counter = search.querySelector('.sf-dump-search-count'); var searchInputTimer = 0; var previousSearchQuery = ''; addEventListener(searchInput, 'keyup', function (e) { var searchQuery = e.target.value; /* Don't perform anything if the pressed key didn't change the query */ if (searchQuery === previousSearchQuery) { return; } previousSearchQuery = searchQuery; clearTimeout(searchInputTimer); searchInputTimer = setTimeout(function () { state.reset(); collapseAll(root); resetHighlightedNodes(root); if ('' === searchQuery) { counter.textContent = '0 of 0'; return; } var classMatches = [ "sf-dump-str", "sf-dump-key", "sf-dump-public", "sf-dump-protected", "sf-dump-private", ].map(xpathHasClass).join(' or '); var xpathResult = doc.evaluate('.//span[' + classMatches + '][contains(translate(child::text(), ' + xpathString(searchQuery.toUpperCase()) + ', ' + xpathString(searchQuery.toLowerCase()) + '), ' + xpathString(searchQuery.toLowerCase()) + ')]', root, null, XPathResult.ORDERED_NODE_ITERATOR_TYPE, null); while (node = xpathResult.iterateNext()) state.nodes.push(node); showCurrent(state); }, 400); }); Array.from(search.querySelectorAll('.sf-dump-search-input-next, .sf-dump-search-input-previous')).forEach(function (btn) { addEventListener(btn, 'click', function (e) { e.preventDefault(); -1 !== e.target.className.indexOf('next') ? state.next() : state.previous(); searchInput.focus(); collapseAll(root); showCurrent(state); }) }); addEventListener(root, 'keydown', function (e) { var isSearchActive = !/\bsf-dump-search-hidden\b/.test(search.className); if ((114 === e.keyCode &amp;&amp; !isSearchActive) || (isCtrlKey(e) &amp;&amp; 70 === e.keyCode)) { /* F3 or CMD/CTRL + F */ if (70 === e.keyCode &amp;&amp; document.activeElement === searchInput) { /* * If CMD/CTRL + F is hit while having focus on search input, * the user probably meant to trigger browser search instead. * Let the browser execute its behavior: */ return; } e.preventDefault(); search.className = search.className.replace(/\bsf-dump-search-hidden\b/, ''); searchInput.focus(); } else if (isSearchActive) { if (27 === e.keyCode) { /* ESC key */ search.className += ' sf-dump-search-hidden'; e.preventDefault(); resetHighlightedNodes(root); searchInput.value = ''; } else if ( (isCtrlKey(e) &amp;&amp; 71 === e.keyCode) /* CMD/CTRL + G */ || 13 === e.keyCode /* Enter */ || 114 === e.keyCode /* F3 */ ) { e.preventDefault(); e.shiftKey ? state.previous() : state.next(); collapseAll(root); showCurrent(state); } } }); } if (0 &gt;= options.maxStringLength) { return; } try { elt = root.querySelectorAll('.sf-dump-str'); len = elt.length; i = 0; t = []; while (i &lt; len) t.push(elt[i++]); len = t.length; for (i = 0; i &lt; len; ++i) { elt = t[i]; s = elt.innerText || elt.textContent; x = s.length - options.maxStringLength; if (0 &lt; x) { h = elt.innerHTML; elt[elt.innerText ? 'innerText' : 'textContent'] = s.substring(0, options.maxStringLength); elt.className += ' sf-dump-str-collapse'; elt.innerHTML = '&lt;span class=sf-dump-str-collapse&gt;'+h+'&lt;a class="sf-dump-ref sf-dump-str-toggle" title="Collapse"&gt; &amp;#9664;&lt;/a&gt;&lt;/span&gt;'+ '&lt;span class=sf-dump-str-expand&gt;'+elt.innerHTML+'&lt;a class="sf-dump-ref sf-dump-str-toggle" title="'+x+' remaining characters"&gt; &amp;#9654;&lt;/a&gt;&lt;/span&gt;'; } } } catch (e) { } }; })(document); &lt;/script&gt;&lt;style&gt; .sf-js-enabled pre.sf-dump .sf-dump-compact, .sf-js-enabled .sf-dump-str-collapse .sf-dump-str-collapse, .sf-js-enabled .sf-dump-str-expand .sf-dump-str-expand { display: none; } .sf-dump-hover:hover { background-color: #B729D9; color: #FFF !important; border-radius: 2px; } pre.sf-dump { display: block; white-space: pre; padding: 5px; overflow: initial !important; } pre.sf-dump:after { content: ""; visibility: hidden; display: block; height: 0; clear: both; } pre.sf-dump .sf-dump-ellipsization { display: inline-flex; } pre.sf-dump a { text-decoration: none; cursor: pointer; border: 0; outline: none; color: inherit; } pre.sf-dump img { max-width: 50em; max-height: 50em; margin: .5em 0 0 0; padding: 0; background: url(data:image/png;base64,iVBORw0KGgoAAAANSUhEUgAAABAAAAAQCAAAAAA6mKC9AAAAHUlEQVQY02O8zAABilCaiQEN0EeA8QuUcX9g3QEAAjcC5piyhyEAAAAASUVORK5CYII=) #D3D3D3; } pre.sf-dump .sf-dump-ellipsis { text-overflow: ellipsis; white-space: nowrap; overflow: hidden; } pre.sf-dump .sf-dump-ellipsis-tail { flex-shrink: 0; } pre.sf-dump code { display:inline; padding:0; background:none; } .sf-dump-public.sf-dump-highlight, .sf-dump-protected.sf-dump-highlight, .sf-dump-private.sf-dump-highlight, .sf-dump-str.sf-dump-highlight, .sf-dump-key.sf-dump-highlight { background: rgba(111, 172, 204, 0.3); border: 1px solid #7DA0B1; border-radius: 3px; } .sf-dump-public.sf-dump-highlight-active, .sf-dump-protected.sf-dump-highlight-active, .sf-dump-private.sf-dump-highlight-active, .sf-dump-str.sf-dump-highlight-active, .sf-dump-key.sf-dump-highlight-active { background: rgba(253, 175, 0, 0.4); border: 1px solid #ffa500; border-radius: 3px; } pre.sf-dump .sf-dump-search-hidden { display: none !important; } pre.sf-dump .sf-dump-search-wrapper { font-size: 0; white-space: nowrap; margin-bottom: 5px; display: flex; position: -webkit-sticky; position: sticky; top: 5px; } pre.sf-dump .sf-dump-search-wrapper &gt; * { vertical-align: top; box-sizing: border-box; height: 21px; font-weight: normal; border-radius: 0; background: #FFF; color: #757575; border: 1px solid #BBB; } pre.sf-dump .sf-dump-search-wrapper &gt; input.sf-dump-search-input { padding: 3px; height: 21px; font-size: 12px; border-right: none; border-top-left-radius: 3px; border-bottom-left-radius: 3px; color: #000; min-width: 15px; width: 100%; } pre.sf-dump .sf-dump-search-wrapper &gt; .sf-dump-search-input-next, pre.sf-dump .sf-dump-search-wrapper &gt; .sf-dump-search-input-previous { background: #F2F2F2; outline: none; border-left: none; font-size: 0; line-height: 0; } pre.sf-dump .sf-dump-search-wrapper &gt; .sf-dump-search-input-next { border-top-right-radius: 3px; border-bottom-right-radius: 3px; } pre.sf-dump .sf-dump-search-wrapper &gt; .sf-dump-search-input-next &gt; svg, pre.sf-dump .sf-dump-search-wrapper &gt; .sf-dump-search-input-previous &gt; svg { pointer-events: none; width: 12px; height: 12px; } pre.sf-dump .sf-dump-search-wrapper &gt; .sf-dump-search-count { display: inline-block; padding: 0 5px; margin: 0; border-left: none; line-height: 21px; font-size: 12px; }pre.sf-dump, pre.sf-dump .sf-dump-default{background:none; color:#CC7832; line-height:1.2em; font:12px Menlo, Monaco, Consolas, monospace; word-wrap: break-word; white-space: pre-wrap; position:relative; z-index:99999; word-break: break-all}pre.sf-dump .sf-dump-num{font-weight:bold; color:#1299DA}pre.sf-dump .sf-dump-const{font-weight:bold}pre.sf-dump .sf-dump-str{font-weight:bold; color:#629755;}pre.sf-dump .sf-dump-note{color:#6897BB}pre.sf-dump .sf-dump-ref{color:#6E6E6E}pre.sf-dump .sf-dump-public{color:#262626}pre.sf-dump .sf-dump-protected{color:#262626}pre.sf-dump .sf-dump-private{color:#262626}pre.sf-dump .sf-dump-meta{color:#B729D9}pre.sf-dump .sf-dump-key{color:#789339}pre.sf-dump .sf-dump-index{color:#1299DA}pre.sf-dump .sf-dump-ellipsis{color:#CC7832}pre.sf-dump .sf-dump-ns{user-select:none;}pre.sf-dump .sf-dump-ellipsis-note{color:#6897BB}&lt;/style&gt;&lt;pre class=sf-dump id=sf-dump-1115125010 data-indent-pad="  "&gt;&lt;span class=sf-dump-note&gt;Symfony\Component\HttpKernel\Exception\NotFoundHttpException&lt;/span&gt; {&lt;a class=sf-dump-ref&gt;#13524&lt;/a&gt;&lt;samp data-depth=1 class=sf-dump-expanded&gt;
  -&lt;span class=sf-dump-private title="Private property defined in class:&amp;#10;`Symfony\Component\HttpKernel\Exception\HttpException`"&gt;statusCode&lt;/span&gt;: &lt;span class=sf-dump-num&gt;404&lt;/span&gt;
  -&lt;span class=sf-dump-private title="Private property defined in class:&amp;#10;`Symfony\Component\HttpKernel\Exception\HttpException`"&gt;headers&lt;/span&gt;: []
&lt;/samp&gt;}
&lt;/pre&gt;&lt;script&gt;Sfdump("sf-dump-1115125010")&lt;/script&gt;
                    &lt;/div&gt;
                &lt;/details&gt;
                    &lt;/div&gt;

        &lt;div id="trace-html-1" class="sf-toggle-content"&gt;
                    &lt;div class="trace-line "&gt;
                &lt;div class="trace-line-header break-long-words sf-toggle" data-toggle-selector="#trace-html-1-0" data-toggle-initial="display"&gt;
            &lt;span class="icon icon-close"&gt;&lt;svg width="1792" height="1792" viewBox="0 0 1792 1792" xmlns="http://www.w3.org/2000/svg"&gt;&lt;path d="M1408 960V832q0-26-19-45t-45-19H448q-26 0-45 19t-19 45v128q0 26 19 45t45 19h896q26 0 45-19t19-45zm256-544v960q0 119-84.5 203.5T1376 1664H416q-119 0-203.5-84.5T128 1376V416q0-119 84.5-203.5T416 128h960q119 0 203.5 84.5T1664 416z"/&gt;&lt;/svg&gt;&lt;/span&gt;
        &lt;span class="icon icon-open"&gt;&lt;svg width="1792" height="1792" viewBox="0 0 1792 1792" xmlns="http://www.w3.org/2000/svg"&gt;&lt;path d="M1408 960V832q0-26-19-45t-45-19h-320V448q0-26-19-45t-45-19H832q-26 0-45 19t-19 45v320H448q-26 0-45 19t-19 45v128q0 26 19 45t45 19h320v320q0 26 19 45t45 19h128q26 0 45-19t19-45v-320h320q26 0 45-19t19-45zm256-544v960q0 119-84.5 203.5T1376 1664H416q-119 0-203.5-84.5T128 1376V416q0-119 84.5-203.5T416 128h960q119 0 203.5 84.5T1664 416z"/&gt;&lt;/svg&gt;&lt;/span&gt;
    
    
                    &lt;span class="block trace-file-path"&gt;
            in
            &lt;a href="file://C:\Users\sliti\Desktop\dev\esprit-PIDEV-3A16-2526-FARMIA\vendor\symfony\http-kernel\EventListener\RouterListener.php#L127"&gt;
                C:\Users\sliti\Desktop\dev\esprit-PIDEV-3A16-2526-FARMIA\vendor\symfony\http-kernel\EventListener\&lt;strong&gt;RouterListener.php&lt;/strong&gt;
            &lt;/a&gt;
                        (line 127)
            &lt;span class="icon icon-copy hidden" data-clipboard-text="C:\Users\sliti\Desktop\dev\esprit-PIDEV-3A16-2526-FARMIA\vendor\symfony\http-kernel\EventListener\RouterListener.php:127"&gt;
                &lt;svg xmlns="http://www.w3.org/2000/svg" height="24" viewBox="0 0 24 24" width="24"&gt;&lt;path d="M0 0h24v24H0z" fill="none"/&gt;&lt;path d="M16 1H4c-1.1 0-2 .9-2 2v14h2V3h12V1zm3 4H8c-1.1 0-2 .9-2 2v14c0 1.1.9 2 2 2h11c1.1 0 2-.9 2-2V7c0-1.1-.9-2-2-2zm0 16H8V7h11v14z"/&gt;&lt;/svg&gt;            &lt;/span&gt;
        &lt;/span&gt;
    &lt;/div&gt;
    &lt;div id="trace-html-1-0" class="trace-code sf-toggle-content"&gt;
        &lt;ol start="122"&gt;&lt;li&gt;&lt;code&gt;&lt;span style="color: var(--highlight-keyword)"&gt;&lt;/span&gt;&lt;/code&gt;&lt;/li&gt;
&lt;li&gt;&lt;code&gt;&lt;span style="color: var(--highlight-keyword)"&gt;&amp;nbsp;&amp;nbsp;&amp;nbsp;&amp;nbsp;&amp;nbsp;&amp;nbsp;&amp;nbsp;&amp;nbsp;&amp;nbsp;&amp;nbsp;&amp;nbsp;&amp;nbsp;if&amp;nbsp;(&lt;/span&gt;&lt;span style="color: var(--highlight-default)"&gt;$referer&amp;nbsp;&lt;/span&gt;&lt;span style="color: var(--highlight-keyword)"&gt;=&amp;nbsp;&lt;/span&gt;&lt;span style="color: var(--highlight-default)"&gt;$request&lt;/span&gt;&lt;span style="color: var(--highlight-keyword)"&gt;-&amp;gt;&lt;/span&gt;&lt;span style="color: var(--highlight-default)"&gt;headers&lt;/span&gt;&lt;span style="color: var(--highlight-keyword)"&gt;-&amp;gt;&lt;/span&gt;&lt;span style="color: var(--highlight-default)"&gt;get&lt;/span&gt;&lt;span style="color: var(--highlight-keyword)"&gt;(&lt;/span&gt;&lt;span style="color: var(--highlight-string)"&gt;'referer'&lt;/span&gt;&lt;span style="color: var(--highlight-keyword)"&gt;))&amp;nbsp;{&lt;/span&gt;&lt;/code&gt;&lt;/li&gt;
&lt;li&gt;&lt;code&gt;&lt;span style="color: var(--highlight-keyword)"&gt;&amp;nbsp;&amp;nbsp;&amp;nbsp;&amp;nbsp;&amp;nbsp;&amp;nbsp;&amp;nbsp;&amp;nbsp;&amp;nbsp;&amp;nbsp;&amp;nbsp;&amp;nbsp;&amp;nbsp;&amp;nbsp;&amp;nbsp;&amp;nbsp;&lt;/span&gt;&lt;span style="color: var(--highlight-default)"&gt;$message&amp;nbsp;&lt;/span&gt;&lt;span style="color: var(--highlight-keyword)"&gt;.=&amp;nbsp;&lt;/span&gt;&lt;span style="color: var(--highlight-default)"&gt;\sprintf&lt;/span&gt;&lt;span style="color: var(--highlight-keyword)"&gt;(&lt;/span&gt;&lt;span style="color: var(--highlight-string)"&gt;'&amp;nbsp;(from&amp;nbsp;"%s")'&lt;/span&gt;&lt;span style="color: var(--highlight-keyword)"&gt;,&amp;nbsp;&lt;/span&gt;&lt;span style="color: var(--highlight-default)"&gt;$referer&lt;/span&gt;&lt;span style="color: var(--highlight-keyword)"&gt;);&lt;/span&gt;&lt;/code&gt;&lt;/li&gt;
&lt;li&gt;&lt;code&gt;&lt;span style="color: var(--highlight-keyword)"&gt;&amp;nbsp;&amp;nbsp;&amp;nbsp;&amp;nbsp;&amp;nbsp;&amp;nbsp;&amp;nbsp;&amp;nbsp;&amp;nbsp;&amp;nbsp;&amp;nbsp;&amp;nbsp;}&lt;/span&gt;&lt;/code&gt;&lt;/li&gt;
&lt;li&gt;&lt;code&gt;&lt;span style="color: var(--highlight-keyword)"&gt;&lt;/span&gt;&lt;/code&gt;&lt;/li&gt;
&lt;li class="selected"&gt;&lt;code&gt;&lt;span style="color: var(--highlight-keyword)"&gt;&amp;nbsp;&amp;nbsp;&amp;nbsp;&amp;nbsp;&amp;nbsp;&amp;nbsp;&amp;nbsp;&amp;nbsp;&amp;nbsp;&amp;nbsp;&amp;nbsp;&amp;nbsp;throw&amp;nbsp;new&amp;nbsp;&lt;/span&gt;&lt;span style="color: var(--highlight-default)"&gt;NotFoundHttpException&lt;/span&gt;&lt;span style="color: var(--highlight-keyword)"&gt;(&lt;/span&gt;&lt;span style="color: var(--highlight-default)"&gt;$message&lt;/span&gt;&lt;span style="color: var(--highlight-keyword)"&gt;,&amp;nbsp;&lt;/span&gt;&lt;span style="color: var(--highlight-default)"&gt;$e&lt;/span&gt;&lt;span style="color: var(--highlight-keyword)"&gt;);&lt;/span&gt;&lt;/code&gt;&lt;/li&gt;
&lt;li&gt;&lt;code&gt;&lt;span style="color: var(--highlight-keyword)"&gt;&amp;nbsp;&amp;nbsp;&amp;nbsp;&amp;nbsp;&amp;nbsp;&amp;nbsp;&amp;nbsp;&amp;nbsp;}&amp;nbsp;catch&amp;nbsp;(&lt;/span&gt;&lt;span style="color: var(--highlight-default)"&gt;MethodNotAllowedException&amp;nbsp;$e&lt;/span&gt;&lt;span style="color: var(--highlight-keyword)"&gt;)&amp;nbsp;{&lt;/span&gt;&lt;/code&gt;&lt;/li&gt;
&lt;li&gt;&lt;code&gt;&lt;span style="color: var(--highlight-keyword)"&gt;&amp;nbsp;&amp;nbsp;&amp;nbsp;&amp;nbsp;&amp;nbsp;&amp;nbsp;&amp;nbsp;&amp;nbsp;&amp;nbsp;&amp;nbsp;&amp;nbsp;&amp;nbsp;&lt;/span&gt;&lt;span style="color: var(--highlight-default)"&gt;$message&amp;nbsp;&lt;/span&gt;&lt;span style="color: var(--highlight-keyword)"&gt;=&amp;nbsp;&lt;/span&gt;&lt;span style="color: var(--highlight-default)"&gt;\sprintf&lt;/span&gt;&lt;span style="color: var(--highlight-keyword)"&gt;(&lt;/span&gt;&lt;span style="color: var(--highlight-string)"&gt;'No&amp;nbsp;route&amp;nbsp;found&amp;nbsp;for&amp;nbsp;"%s&amp;nbsp;%s":&amp;nbsp;Method&amp;nbsp;Not&amp;nbsp;Allowed&amp;nbsp;(Allow:&amp;nbsp;%s)'&lt;/span&gt;&lt;span style="color: var(--highlight-keyword)"&gt;,&amp;nbsp;&lt;/span&gt;&lt;span style="color: var(--highlight-default)"&gt;$request&lt;/span&gt;&lt;span style="color: var(--highlight-keyword)"&gt;-&amp;gt;&lt;/span&gt;&lt;span style="color: var(--highlight-default)"&gt;getMethod&lt;/span&gt;&lt;span style="color: var(--highlight-keyword)"&gt;(),&amp;nbsp;&lt;/span&gt;&lt;span style="color: var(--highlight-default)"&gt;$request&lt;/span&gt;&lt;span style="color: var(--highlight-keyword)"&gt;-&amp;gt;&lt;/span&gt;&lt;span style="color: var(--highlight-default)"&gt;getUriForPath&lt;/span&gt;&lt;span style="color: var(--highlight-keyword)"&gt;(&lt;/span&gt;&lt;span style="color: var(--highlight-default)"&gt;$request&lt;/span&gt;&lt;span style="color: var(--highlight-keyword)"&gt;-&amp;gt;&lt;/span&gt;&lt;span style="color: var(--highlight-default)"&gt;getPathInfo&lt;/span&gt;&lt;span style="color: var(--highlight-keyword)"&gt;()),&amp;nbsp;&lt;/span&gt;&lt;span style="color: var(--highlight-default)"&gt;implode&lt;/span&gt;&lt;span style="color: var(--highlight-keyword)"&gt;(&lt;/span&gt;&lt;span style="color: var(--highlight-string)"&gt;',&amp;nbsp;'&lt;/span&gt;&lt;span style="color: var(--highlight-keyword)"&gt;,&amp;nbsp;&lt;/span&gt;&lt;span style="color: var(--highlight-default)"&gt;$e&lt;/span&gt;&lt;span style="color: var(--highlight-keyword)"&gt;-&amp;gt;&lt;/span&gt;&lt;span style="color: var(--highlight-default)"&gt;getAllowedMethods&lt;/span&gt;&lt;span style="color: var(--highlight-keyword)"&gt;()));&lt;/span&gt;&lt;/code&gt;&lt;/li&gt;
&lt;li&gt;&lt;code&gt;&lt;span style="color: var(--highlight-keyword)"&gt;&lt;/span&gt;&lt;/code&gt;&lt;/li&gt;
&lt;li&gt;&lt;code&gt;&lt;span style="color: var(--highlight-keyword)"&gt;&amp;nbsp;&amp;nbsp;&amp;nbsp;&amp;nbsp;&amp;nbsp;&amp;nbsp;&amp;nbsp;&amp;nbsp;&amp;nbsp;&amp;nbsp;&amp;nbsp;&amp;nbsp;throw&amp;nbsp;new&amp;nbsp;&lt;/span&gt;&lt;span style="color: var(--highlight-default)"&gt;MethodNotAllowedHttpException&lt;/span&gt;&lt;span style="color: var(--highlight-keyword)"&gt;(&lt;/span&gt;&lt;span style="color: var(--highlight-default)"&gt;$e&lt;/span&gt;&lt;span style="color: var(--highlight-keyword)"&gt;-&amp;gt;&lt;/span&gt;&lt;span style="color: var(--highlight-default)"&gt;getAllowedMethods&lt;/span&gt;&lt;span style="color: var(--highlight-keyword)"&gt;(),&amp;nbsp;&lt;/span&gt;&lt;span style="color: var(--highlight-default)"&gt;$message&lt;/span&gt;&lt;span style="color: var(--highlight-keyword)"&gt;,&amp;nbsp;&lt;/span&gt;&lt;span style="color: var(--highlight-default)"&gt;$e&lt;/span&gt;&lt;span style="color: var(--highlight-keyword)"&gt;);&lt;/span&gt;&lt;/code&gt;&lt;/li&gt;
&lt;li&gt;&lt;code&gt;&lt;span style="color: var(--highlight-keyword)"&gt;&amp;nbsp;&amp;nbsp;&amp;nbsp;&amp;nbsp;&amp;nbsp;&amp;nbsp;&amp;nbsp;&amp;nbsp;}&lt;/span&gt;&lt;/code&gt;&lt;/li&gt;&lt;/ol&gt;    &lt;/div&gt;            &lt;/div&gt;
                        &lt;div class="trace-line "&gt;
                &lt;div class="trace-line-header break-long-words sf-toggle" data-toggle-selector="#trace-html-1-1" data-toggle-initial=""&gt;
            &lt;span class="icon icon-close"&gt;&lt;svg width="1792" height="1792" viewBox="0 0 1792 1792" xmlns="http://www.w3.org/2000/svg"&gt;&lt;path d="M1408 960V832q0-26-19-45t-45-19H448q-26 0-45 19t-19 45v128q0 26 19 45t45 19h896q26 0 45-19t19-45zm256-544v960q0 119-84.5 203.5T1376 1664H416q-119 0-203.5-84.5T128 1376V416q0-119 84.5-203.5T416 128h960q119 0 203.5 84.5T1664 416z"/&gt;&lt;/svg&gt;&lt;/span&gt;
        &lt;span class="icon icon-open"&gt;&lt;svg width="1792" height="1792" viewBox="0 0 1792 1792" xmlns="http://www.w3.org/2000/svg"&gt;&lt;path d="M1408 960V832q0-26-19-45t-45-19h-320V448q0-26-19-45t-45-19H832q-26 0-45 19t-19 45v320H448q-26 0-45 19t-19 45v128q0 26 19 45t45 19h320v320q0 26 19 45t45 19h128q26 0 45-19t19-45v-320h320q26 0 45-19t19-45zm256-544v960q0 119-84.5 203.5T1376 1664H416q-119 0-203.5-84.5T128 1376V416q0-119 84.5-203.5T416 128h960q119 0 203.5 84.5T1664 416z"/&gt;&lt;/svg&gt;&lt;/span&gt;
    
            &lt;span class="trace-class"&gt;&lt;abbr title="Symfony\Component\HttpKernel\EventListener\RouterListener"&gt;RouterListener&lt;/abbr&gt;&lt;/span&gt;&lt;span class="trace-type"&gt;-&gt;&lt;/span&gt;&lt;span class="trace-method"&gt;onKernelRequest&lt;/span&gt;&lt;span class="trace-arguments"&gt;(&lt;em&gt;object&lt;/em&gt;(&lt;abbr title="Symfony\Component\HttpKernel\Event\RequestEvent"&gt;RequestEvent&lt;/abbr&gt;), 'kernel.request', &lt;em&gt;object&lt;/em&gt;(&lt;abbr title="Symfony\Component\HttpKernel\Debug\TraceableEventDispatcher"&gt;TraceableEventDispatcher&lt;/abbr&gt;))&lt;/span&gt;    
                    &lt;span class="block trace-file-path"&gt;
            in
            &lt;a href="file://C:\Users\sliti\Desktop\dev\esprit-PIDEV-3A16-2526-FARMIA\vendor\symfony\event-dispatcher\Debug\WrappedListener.php#L116"&gt;
                C:\Users\sliti\Desktop\dev\esprit-PIDEV-3A16-2526-FARMIA\vendor\symfony\event-dispatcher\Debug\&lt;strong&gt;WrappedListener.php&lt;/strong&gt;
            &lt;/a&gt;
                        (line 116)
            &lt;span class="icon icon-copy hidden" data-clipboard-text="C:\Users\sliti\Desktop\dev\esprit-PIDEV-3A16-2526-FARMIA\vendor\symfony\event-dispatcher\Debug\WrappedListener.php:116"&gt;
                &lt;svg xmlns="http://www.w3.org/2000/svg" height="24" viewBox="0 0 24 24" width="24"&gt;&lt;path d="M0 0h24v24H0z" fill="none"/&gt;&lt;path d="M16 1H4c-1.1 0-2 .9-2 2v14h2V3h12V1zm3 4H8c-1.1 0-2 .9-2 2v14c0 1.1.9 2 2 2h11c1.1 0 2-.9 2-2V7c0-1.1-.9-2-2-2zm0 16H8V7h11v14z"/&gt;&lt;/svg&gt;            &lt;/span&gt;
        &lt;/span&gt;
    &lt;/div&gt;
    &lt;div id="trace-html-1-1" class="trace-code sf-toggle-content"&gt;
        &lt;ol start="111"&gt;&lt;li&gt;&lt;code&gt;&lt;span style="color: var(--highlight-keyword)"&gt;&amp;nbsp;&amp;nbsp;&amp;nbsp;&amp;nbsp;&amp;nbsp;&amp;nbsp;&amp;nbsp;&amp;nbsp;&lt;/span&gt;&lt;span style="color: var(--highlight-default)"&gt;$this&lt;/span&gt;&lt;span style="color: var(--highlight-keyword)"&gt;-&amp;gt;&lt;/span&gt;&lt;span style="color: var(--highlight-default)"&gt;priority&amp;nbsp;&lt;/span&gt;&lt;span style="color: var(--highlight-keyword)"&gt;??=&amp;nbsp;&lt;/span&gt;&lt;span style="color: var(--highlight-default)"&gt;$dispatcher&lt;/span&gt;&lt;span style="color: var(--highlight-keyword)"&gt;-&amp;gt;&lt;/span&gt;&lt;span style="color: var(--highlight-default)"&gt;getListenerPriority&lt;/span&gt;&lt;span style="color: var(--highlight-keyword)"&gt;(&lt;/span&gt;&lt;span style="color: var(--highlight-default)"&gt;$eventName&lt;/span&gt;&lt;span style="color: var(--highlight-keyword)"&gt;,&amp;nbsp;&lt;/span&gt;&lt;span style="color: var(--highlight-default)"&gt;$this&lt;/span&gt;&lt;span style="color: var(--highlight-keyword)"&gt;-&amp;gt;&lt;/span&gt;&lt;span style="color: var(--highlight-default)"&gt;listener&lt;/span&gt;&lt;span style="color: var(--highlight-keyword)"&gt;);&lt;/span&gt;&lt;/code&gt;&lt;/li&gt;
&lt;li&gt;&lt;code&gt;&lt;span style="color: var(--highlight-keyword)"&gt;&lt;/span&gt;&lt;/code&gt;&lt;/li&gt;
&lt;li&gt;&lt;code&gt;&lt;span style="color: var(--highlight-keyword)"&gt;&amp;nbsp;&amp;nbsp;&amp;nbsp;&amp;nbsp;&amp;nbsp;&amp;nbsp;&amp;nbsp;&amp;nbsp;&lt;/span&gt;&lt;span style="color: var(--highlight-default)"&gt;$e&amp;nbsp;&lt;/span&gt;&lt;span style="color: var(--highlight-keyword)"&gt;=&amp;nbsp;&lt;/span&gt;&lt;span style="color: var(--highlight-default)"&gt;$this&lt;/span&gt;&lt;span style="color: var(--highlight-keyword)"&gt;-&amp;gt;&lt;/span&gt;&lt;span style="color: var(--highlight-default)"&gt;stopwatch&lt;/span&gt;&lt;span style="color: var(--highlight-keyword)"&gt;-&amp;gt;&lt;/span&gt;&lt;span style="color: var(--highlight-default)"&gt;start&lt;/span&gt;&lt;span style="color: var(--highlight-keyword)"&gt;(&lt;/span&gt;&lt;span style="color: var(--highlight-default)"&gt;$this&lt;/span&gt;&lt;span style="color: var(--highlight-keyword)"&gt;-&amp;gt;&lt;/span&gt;&lt;span style="color: var(--highlight-default)"&gt;name&lt;/span&gt;&lt;span style="color: var(--highlight-keyword)"&gt;,&amp;nbsp;&lt;/span&gt;&lt;span style="color: var(--highlight-string)"&gt;'event_listener'&lt;/span&gt;&lt;span style="color: var(--highlight-keyword)"&gt;);&lt;/span&gt;&lt;/code&gt;&lt;/li&gt;
&lt;li&gt;&lt;code&gt;&lt;span style="color: var(--highlight-keyword)"&gt;&lt;/span&gt;&lt;/code&gt;&lt;/li&gt;
&lt;li&gt;&lt;code&gt;&lt;span style="color: var(--highlight-keyword)"&gt;&amp;nbsp;&amp;nbsp;&amp;nbsp;&amp;nbsp;&amp;nbsp;&amp;nbsp;&amp;nbsp;&amp;nbsp;try&amp;nbsp;{&lt;/span&gt;&lt;/code&gt;&lt;/li&gt;
&lt;li class="selected"&gt;&lt;code&gt;&lt;span style="color: var(--highlight-keyword)"&gt;&amp;nbsp;&amp;nbsp;&amp;nbsp;&amp;nbsp;&amp;nbsp;&amp;nbsp;&amp;nbsp;&amp;nbsp;&amp;nbsp;&amp;nbsp;&amp;nbsp;&amp;nbsp;(&lt;/span&gt;&lt;span style="color: var(--highlight-default)"&gt;$this&lt;/span&gt;&lt;span style="color: var(--highlight-keyword)"&gt;-&amp;gt;&lt;/span&gt;&lt;span style="color: var(--highlight-default)"&gt;optimizedListener&amp;nbsp;&lt;/span&gt;&lt;span style="color: var(--highlight-keyword)"&gt;??&amp;nbsp;&lt;/span&gt;&lt;span style="color: var(--highlight-default)"&gt;$this&lt;/span&gt;&lt;span style="color: var(--highlight-keyword)"&gt;-&amp;gt;&lt;/span&gt;&lt;span style="color: var(--highlight-default)"&gt;listener&lt;/span&gt;&lt;span style="color: var(--highlight-keyword)"&gt;)(&lt;/span&gt;&lt;span style="color: var(--highlight-default)"&gt;$event&lt;/span&gt;&lt;span style="color: var(--highlight-keyword)"&gt;,&amp;nbsp;&lt;/span&gt;&lt;span style="color: var(--highlight-default)"&gt;$eventName&lt;/span&gt;&lt;span style="color: var(--highlight-keyword)"&gt;,&amp;nbsp;&lt;/span&gt;&lt;span style="color: var(--highlight-default)"&gt;$dispatcher&lt;/span&gt;&lt;span style="color: var(--highlight-keyword)"&gt;);&lt;/span&gt;&lt;/code&gt;&lt;/li&gt;
&lt;li&gt;&lt;code&gt;&lt;span style="color: var(--highlight-keyword)"&gt;&amp;nbsp;&amp;nbsp;&amp;nbsp;&amp;nbsp;&amp;nbsp;&amp;nbsp;&amp;nbsp;&amp;nbsp;}&amp;nbsp;finally&amp;nbsp;{&lt;/span&gt;&lt;/code&gt;&lt;/li&gt;
&lt;li&gt;&lt;code&gt;&lt;span style="color: var(--highlight-keyword)"&gt;&amp;nbsp;&amp;nbsp;&amp;nbsp;&amp;nbsp;&amp;nbsp;&amp;nbsp;&amp;nbsp;&amp;nbsp;&amp;nbsp;&amp;nbsp;&amp;nbsp;&amp;nbsp;if&amp;nbsp;(&lt;/span&gt;&lt;span style="color: var(--highlight-default)"&gt;$e&lt;/span&gt;&lt;span style="color: var(--highlight-keyword)"&gt;-&amp;gt;&lt;/span&gt;&lt;span style="color: var(--highlight-default)"&gt;isStarted&lt;/span&gt;&lt;span style="color: var(--highlight-keyword)"&gt;())&amp;nbsp;{&lt;/span&gt;&lt;/code&gt;&lt;/li&gt;
&lt;li&gt;&lt;code&gt;&lt;span style="color: var(--highlight-keyword)"&gt;&amp;nbsp;&amp;nbsp;&amp;nbsp;&amp;nbsp;&amp;nbsp;&amp;nbsp;&amp;nbsp;&amp;nbsp;&amp;nbsp;&amp;nbsp;&amp;nbsp;&amp;nbsp;&amp;nbsp;&amp;nbsp;&amp;nbsp;&amp;nbsp;&lt;/span&gt;&lt;span style="color: var(--highlight-default)"&gt;$e&lt;/span&gt;&lt;span style="color: var(--highlight-keyword)"&gt;-&amp;gt;&lt;/span&gt;&lt;span style="color: var(--highlight-default)"&gt;stop&lt;/span&gt;&lt;span style="color: var(--highlight-keyword)"&gt;();&lt;/span&gt;&lt;/code&gt;&lt;/li&gt;
&lt;li&gt;&lt;code&gt;&lt;span style="color: var(--highlight-keyword)"&gt;&amp;nbsp;&amp;nbsp;&amp;nbsp;&amp;nbsp;&amp;nbsp;&amp;nbsp;&amp;nbsp;&amp;nbsp;&amp;nbsp;&amp;nbsp;&amp;nbsp;&amp;nbsp;}&lt;/span&gt;&lt;/code&gt;&lt;/li&gt;
&lt;li&gt;&lt;code&gt;&lt;span style="color: var(--highlight-keyword)"&gt;&amp;nbsp;&amp;nbsp;&amp;nbsp;&amp;nbsp;&amp;nbsp;&amp;nbsp;&amp;nbsp;&amp;nbsp;}&lt;/span&gt;&lt;/code&gt;&lt;/li&gt;&lt;/ol&gt;    &lt;/div&gt;            &lt;/div&gt;
                        &lt;div class="trace-line "&gt;
                &lt;div class="trace-line-header break-long-words sf-toggle" data-toggle-selector="#trace-html-1-2" data-toggle-initial=""&gt;
            &lt;span class="icon icon-close"&gt;&lt;svg width="1792" height="1792" viewBox="0 0 1792 1792" xmlns="http://www.w3.org/2000/svg"&gt;&lt;path d="M1408 960V832q0-26-19-45t-45-19H448q-26 0-45 19t-19 45v128q0 26 19 45t45 19h896q26 0 45-19t19-45zm256-544v960q0 119-84.5 203.5T1376 1664H416q-119 0-203.5-84.5T128 1376V416q0-119 84.5-203.5T416 128h960q119 0 203.5 84.5T1664 416z"/&gt;&lt;/svg&gt;&lt;/span&gt;
        &lt;span class="icon icon-open"&gt;&lt;svg width="1792" height="1792" viewBox="0 0 1792 1792" xmlns="http://www.w3.org/2000/svg"&gt;&lt;path d="M1408 960V832q0-26-19-45t-45-19h-320V448q0-26-19-45t-45-19H832q-26 0-45 19t-19 45v320H448q-26 0-45 19t-19 45v128q0 26 19 45t45 19h320v320q0 26 19 45t45 19h128q26 0 45-19t19-45v-320h320q26 0 45-19t19-45zm256-544v960q0 119-84.5 203.5T1376 1664H416q-119 0-203.5-84.5T128 1376V416q0-119 84.5-203.5T416 128h960q119 0 203.5 84.5T1664 416z"/&gt;&lt;/svg&gt;&lt;/span&gt;
    
            &lt;span class="trace-class"&gt;&lt;abbr title="Symfony\Component\EventDispatcher\Debug\WrappedListener"&gt;WrappedListener&lt;/abbr&gt;&lt;/span&gt;&lt;span class="trace-type"&gt;-&gt;&lt;/span&gt;&lt;span class="trace-method"&gt;__invoke&lt;/span&gt;&lt;span class="trace-arguments"&gt;(&lt;em&gt;object&lt;/em&gt;(&lt;abbr title="Symfony\Component\HttpKernel\Event\RequestEvent"&gt;RequestEvent&lt;/abbr&gt;), 'kernel.request', &lt;em&gt;object&lt;/em&gt;(&lt;abbr title="Symfony\Component\HttpKernel\Debug\TraceableEventDispatcher"&gt;TraceableEventDispatcher&lt;/abbr&gt;))&lt;/span&gt;    
                    &lt;span class="block trace-file-path"&gt;
            in
            &lt;a href="file://C:\Users\sliti\Desktop\dev\esprit-PIDEV-3A16-2526-FARMIA\vendor\symfony\event-dispatcher\EventDispatcher.php#L220"&gt;
                C:\Users\sliti\Desktop\dev\esprit-PIDEV-3A16-2526-FARMIA\vendor\symfony\event-dispatcher\&lt;strong&gt;EventDispatcher.php&lt;/strong&gt;
            &lt;/a&gt;
                        (line 220)
            &lt;span class="icon icon-copy hidden" data-clipboard-text="C:\Users\sliti\Desktop\dev\esprit-PIDEV-3A16-2526-FARMIA\vendor\symfony\event-dispatcher\EventDispatcher.php:220"&gt;
                &lt;svg xmlns="http://www.w3.org/2000/svg" height="24" viewBox="0 0 24 24" width="24"&gt;&lt;path d="M0 0h24v24H0z" fill="none"/&gt;&lt;path d="M16 1H4c-1.1 0-2 .9-2 2v14h2V3h12V1zm3 4H8c-1.1 0-2 .9-2 2v14c0 1.1.9 2 2 2h11c1.1 0 2-.9 2-2V7c0-1.1-.9-2-2-2zm0 16H8V7h11v14z"/&gt;&lt;/svg&gt;            &lt;/span&gt;
        &lt;/span&gt;
    &lt;/div&gt;
    &lt;div id="trace-html-1-2" class="trace-code sf-toggle-content"&gt;
        &lt;ol start="215"&gt;&lt;li&gt;&lt;code&gt;&lt;span style="color: var(--highlight-keyword)"&gt;&lt;/span&gt;&lt;/code&gt;&lt;/li&gt;
&lt;li&gt;&lt;code&gt;&lt;span style="color: var(--highlight-keyword)"&gt;&amp;nbsp;&amp;nbsp;&amp;nbsp;&amp;nbsp;&amp;nbsp;&amp;nbsp;&amp;nbsp;&amp;nbsp;foreach&amp;nbsp;(&lt;/span&gt;&lt;span style="color: var(--highlight-default)"&gt;$listeners&amp;nbsp;&lt;/span&gt;&lt;span style="color: var(--highlight-keyword)"&gt;as&amp;nbsp;&lt;/span&gt;&lt;span style="color: var(--highlight-default)"&gt;$listener&lt;/span&gt;&lt;span style="color: var(--highlight-keyword)"&gt;)&amp;nbsp;{&lt;/span&gt;&lt;/code&gt;&lt;/li&gt;
&lt;li&gt;&lt;code&gt;&lt;span style="color: var(--highlight-keyword)"&gt;&amp;nbsp;&amp;nbsp;&amp;nbsp;&amp;nbsp;&amp;nbsp;&amp;nbsp;&amp;nbsp;&amp;nbsp;&amp;nbsp;&amp;nbsp;&amp;nbsp;&amp;nbsp;if&amp;nbsp;(&lt;/span&gt;&lt;span style="color: var(--highlight-default)"&gt;$stoppable&amp;nbsp;&lt;/span&gt;&lt;span style="color: var(--highlight-keyword)"&gt;&amp;amp;&amp;amp;&amp;nbsp;&lt;/span&gt;&lt;span style="color: var(--highlight-default)"&gt;$event&lt;/span&gt;&lt;span style="color: var(--highlight-keyword)"&gt;-&amp;gt;&lt;/span&gt;&lt;span style="color: var(--highlight-default)"&gt;isPropagationStopped&lt;/span&gt;&lt;span style="color: var(--highlight-keyword)"&gt;())&amp;nbsp;{&lt;/span&gt;&lt;/code&gt;&lt;/li&gt;
&lt;li&gt;&lt;code&gt;&lt;span style="color: var(--highlight-keyword)"&gt;&amp;nbsp;&amp;nbsp;&amp;nbsp;&amp;nbsp;&amp;nbsp;&amp;nbsp;&amp;nbsp;&amp;nbsp;&amp;nbsp;&amp;nbsp;&amp;nbsp;&amp;nbsp;&amp;nbsp;&amp;nbsp;&amp;nbsp;&amp;nbsp;break;&lt;/span&gt;&lt;/code&gt;&lt;/li&gt;
&lt;li&gt;&lt;code&gt;&lt;span style="color: var(--highlight-keyword)"&gt;&amp;nbsp;&amp;nbsp;&amp;nbsp;&amp;nbsp;&amp;nbsp;&amp;nbsp;&amp;nbsp;&amp;nbsp;&amp;nbsp;&amp;nbsp;&amp;nbsp;&amp;nbsp;}&lt;/span&gt;&lt;/code&gt;&lt;/li&gt;
&lt;li class="selected"&gt;&lt;code&gt;&lt;span style="color: var(--highlight-keyword)"&gt;&amp;nbsp;&amp;nbsp;&amp;nbsp;&amp;nbsp;&amp;nbsp;&amp;nbsp;&amp;nbsp;&amp;nbsp;&amp;nbsp;&amp;nbsp;&amp;nbsp;&amp;nbsp;&lt;/span&gt;&lt;span style="color: var(--highlight-default)"&gt;$listener&lt;/span&gt;&lt;span style="color: var(--highlight-keyword)"&gt;(&lt;/span&gt;&lt;span style="color: var(--highlight-default)"&gt;$event&lt;/span&gt;&lt;span style="color: var(--highlight-keyword)"&gt;,&amp;nbsp;&lt;/span&gt;&lt;span style="color: var(--highlight-default)"&gt;$eventName&lt;/span&gt;&lt;span style="color: var(--highlight-keyword)"&gt;,&amp;nbsp;&lt;/span&gt;&lt;span style="color: var(--highlight-default)"&gt;$this&lt;/span&gt;&lt;span style="color: var(--highlight-keyword)"&gt;);&lt;/span&gt;&lt;/code&gt;&lt;/li&gt;
&lt;li&gt;&lt;code&gt;&lt;span style="color: var(--highlight-keyword)"&gt;&amp;nbsp;&amp;nbsp;&amp;nbsp;&amp;nbsp;&amp;nbsp;&amp;nbsp;&amp;nbsp;&amp;nbsp;}&lt;/span&gt;&lt;/code&gt;&lt;/li&gt;
&lt;li&gt;&lt;code&gt;&lt;span style="color: var(--highlight-keyword)"&gt;&amp;nbsp;&amp;nbsp;&amp;nbsp;&amp;nbsp;}&lt;/span&gt;&lt;/code&gt;&lt;/li&gt;
&lt;li&gt;&lt;code&gt;&lt;span style="color: var(--highlight-keyword)"&gt;&lt;/span&gt;&lt;/code&gt;&lt;/li&gt;
&lt;li&gt;&lt;code&gt;&lt;span style="color: var(--highlight-keyword)"&gt;&amp;nbsp;&amp;nbsp;&amp;nbsp;&amp;nbsp;&lt;/span&gt;&lt;span style="color: var(--highlight-comment)"&gt;/**&lt;/span&gt;&lt;/code&gt;&lt;/li&gt;
&lt;li&gt;&lt;code&gt;&lt;span style="color: var(--highlight-comment)"&gt;&amp;nbsp;&amp;nbsp;&amp;nbsp;&amp;nbsp;&amp;nbsp;*&amp;nbsp;Sorts&amp;nbsp;the&amp;nbsp;internal&amp;nbsp;list&amp;nbsp;of&amp;nbsp;listeners&amp;nbsp;for&amp;nbsp;the&amp;nbsp;given&amp;nbsp;event&amp;nbsp;by&amp;nbsp;priority.&lt;/span&gt;&lt;/code&gt;&lt;/li&gt;&lt;/ol&gt;    &lt;/div&gt;            &lt;/div&gt;
                        &lt;div class="trace-line "&gt;
                &lt;div class="trace-line-header break-long-words sf-toggle" data-toggle-selector="#trace-html-1-3" data-toggle-initial=""&gt;
            &lt;span class="icon icon-close"&gt;&lt;svg width="1792" height="1792" viewBox="0 0 1792 1792" xmlns="http://www.w3.org/2000/svg"&gt;&lt;path d="M1408 960V832q0-26-19-45t-45-19H448q-26 0-45 19t-19 45v128q0 26 19 45t45 19h896q26 0 45-19t19-45zm256-544v960q0 119-84.5 203.5T1376 1664H416q-119 0-203.5-84.5T128 1376V416q0-119 84.5-203.5T416 128h960q119 0 203.5 84.5T1664 416z"/&gt;&lt;/svg&gt;&lt;/span&gt;
        &lt;span class="icon icon-open"&gt;&lt;svg width="1792" height="1792" viewBox="0 0 1792 1792" xmlns="http://www.w3.org/2000/svg"&gt;&lt;path d="M1408 960V832q0-26-19-45t-45-19h-320V448q0-26-19-45t-45-19H832q-26 0-45 19t-19 45v320H448q-26 0-45 19t-19 45v128q0 26 19 45t45 19h320v320q0 26 19 45t45 19h128q26 0 45-19t19-45v-320h320q26 0 45-19t19-45zm256-544v960q0 119-84.5 203.5T1376 1664H416q-119 0-203.5-84.5T128 1376V416q0-119 84.5-203.5T416 128h960q119 0 203.5 84.5T1664 416z"/&gt;&lt;/svg&gt;&lt;/span&gt;
    
            &lt;span class="trace-class"&gt;&lt;abbr title="Symfony\Component\EventDispatcher\EventDispatcher"&gt;EventDispatcher&lt;/abbr&gt;&lt;/span&gt;&lt;span class="trace-type"&gt;-&gt;&lt;/span&gt;&lt;span class="trace-method"&gt;callListeners&lt;/span&gt;&lt;span class="trace-arguments"&gt;(&lt;em&gt;array&lt;/em&gt;(&lt;em&gt;object&lt;/em&gt;(&lt;abbr title="Symfony\Component\EventDispatcher\Debug\WrappedListener"&gt;WrappedListener&lt;/abbr&gt;), &lt;em&gt;object&lt;/em&gt;(&lt;abbr title="Symfony\Component\EventDispatcher\Debug\WrappedListener"&gt;WrappedListener&lt;/abbr&gt;), &lt;em&gt;object&lt;/em&gt;(&lt;abbr title="Symfony\Component\EventDispatcher\Debug\WrappedListener"&gt;WrappedListener&lt;/abbr&gt;), &lt;em&gt;object&lt;/em&gt;(&lt;abbr title="Symfony\Component\EventDispatcher\Debug\WrappedListener"&gt;WrappedListener&lt;/abbr&gt;), &lt;em&gt;object&lt;/em&gt;(&lt;abbr title="Symfony\Component\EventDispatcher\Debug\WrappedListener"&gt;WrappedListener&lt;/abbr&gt;), &lt;em&gt;object&lt;/em&gt;(&lt;abbr title="Symfony\Component\EventDispatcher\Debug\WrappedListener"&gt;WrappedListener&lt;/abbr&gt;), &lt;em&gt;object&lt;/em&gt;(&lt;abbr title="Symfony\Component\EventDispatcher\Debug\WrappedListener"&gt;WrappedListener&lt;/abbr&gt;), &lt;em&gt;object&lt;/em&gt;(&lt;abbr title="Symfony\Component\EventDispatcher\Debug\WrappedListener"&gt;WrappedListener&lt;/abbr&gt;), &lt;em&gt;object&lt;/em&gt;(&lt;abbr title="Symfony\Component\EventDispatcher\Debug\WrappedListener"&gt;WrappedListener&lt;/abbr&gt;), &lt;em&gt;object&lt;/em&gt;(&lt;abbr title="Symfony\Component\EventDispatcher\Debug\WrappedListener"&gt;WrappedListener&lt;/abbr&gt;), &lt;em&gt;object&lt;/em&gt;(&lt;abbr title="Symfony\Component\EventDispatcher\Debug\WrappedListener"&gt;WrappedListener&lt;/abbr&gt;)), 'kernel.request', &lt;em&gt;object&lt;/em&gt;(&lt;abbr title="Symfony\Component\HttpKernel\Event\RequestEvent"&gt;RequestEvent&lt;/abbr&gt;))&lt;/span&gt;    
                    &lt;span class="block trace-file-path"&gt;
            in
            &lt;a href="file://C:\Users\sliti\Desktop\dev\esprit-PIDEV-3A16-2526-FARMIA\vendor\symfony\event-dispatcher\EventDispatcher.php#L56"&gt;
                C:\Users\sliti\Desktop\dev\esprit-PIDEV-3A16-2526-FARMIA\vendor\symfony\event-dispatcher\&lt;strong&gt;EventDispatcher.php&lt;/strong&gt;
            &lt;/a&gt;
                        (line 56)
            &lt;span class="icon icon-copy hidden" data-clipboard-text="C:\Users\sliti\Desktop\dev\esprit-PIDEV-3A16-2526-FARMIA\vendor\symfony\event-dispatcher\EventDispatcher.php:56"&gt;
                &lt;svg xmlns="http://www.w3.org/2000/svg" height="24" viewBox="0 0 24 24" width="24"&gt;&lt;path d="M0 0h24v24H0z" fill="none"/&gt;&lt;path d="M16 1H4c-1.1 0-2 .9-2 2v14h2V3h12V1zm3 4H8c-1.1 0-2 .9-2 2v14c0 1.1.9 2 2 2h11c1.1 0 2-.9 2-2V7c0-1.1-.9-2-2-2zm0 16H8V7h11v14z"/&gt;&lt;/svg&gt;            &lt;/span&gt;
        &lt;/span&gt;
    &lt;/div&gt;
    &lt;div id="trace-html-1-3" class="trace-code sf-toggle-content"&gt;
        &lt;ol start="51"&gt;&lt;li&gt;&lt;code&gt;&lt;span style="color: var(--highlight-keyword)"&gt;&amp;nbsp;&amp;nbsp;&amp;nbsp;&amp;nbsp;&amp;nbsp;&amp;nbsp;&amp;nbsp;&amp;nbsp;}&amp;nbsp;else&amp;nbsp;{&lt;/span&gt;&lt;/code&gt;&lt;/li&gt;
&lt;li&gt;&lt;code&gt;&lt;span style="color: var(--highlight-keyword)"&gt;&amp;nbsp;&amp;nbsp;&amp;nbsp;&amp;nbsp;&amp;nbsp;&amp;nbsp;&amp;nbsp;&amp;nbsp;&amp;nbsp;&amp;nbsp;&amp;nbsp;&amp;nbsp;&lt;/span&gt;&lt;span style="color: var(--highlight-default)"&gt;$listeners&amp;nbsp;&lt;/span&gt;&lt;span style="color: var(--highlight-keyword)"&gt;=&amp;nbsp;&lt;/span&gt;&lt;span style="color: var(--highlight-default)"&gt;$this&lt;/span&gt;&lt;span style="color: var(--highlight-keyword)"&gt;-&amp;gt;&lt;/span&gt;&lt;span style="color: var(--highlight-default)"&gt;getListeners&lt;/span&gt;&lt;span style="color: var(--highlight-keyword)"&gt;(&lt;/span&gt;&lt;span style="color: var(--highlight-default)"&gt;$eventName&lt;/span&gt;&lt;span style="color: var(--highlight-keyword)"&gt;);&lt;/span&gt;&lt;/code&gt;&lt;/li&gt;
&lt;li&gt;&lt;code&gt;&lt;span style="color: var(--highlight-keyword)"&gt;&amp;nbsp;&amp;nbsp;&amp;nbsp;&amp;nbsp;&amp;nbsp;&amp;nbsp;&amp;nbsp;&amp;nbsp;}&lt;/span&gt;&lt;/code&gt;&lt;/li&gt;
&lt;li&gt;&lt;code&gt;&lt;span style="color: var(--highlight-keyword)"&gt;&lt;/span&gt;&lt;/code&gt;&lt;/li&gt;
&lt;li&gt;&lt;code&gt;&lt;span style="color: var(--highlight-keyword)"&gt;&amp;nbsp;&amp;nbsp;&amp;nbsp;&amp;nbsp;&amp;nbsp;&amp;nbsp;&amp;nbsp;&amp;nbsp;if&amp;nbsp;(&lt;/span&gt;&lt;span style="color: var(--highlight-default)"&gt;$listeners&lt;/span&gt;&lt;span style="color: var(--highlight-keyword)"&gt;)&amp;nbsp;{&lt;/span&gt;&lt;/code&gt;&lt;/li&gt;
&lt;li class="selected"&gt;&lt;code&gt;&lt;span style="color: var(--highlight-keyword)"&gt;&amp;nbsp;&amp;nbsp;&amp;nbsp;&amp;nbsp;&amp;nbsp;&amp;nbsp;&amp;nbsp;&amp;nbsp;&amp;nbsp;&amp;nbsp;&amp;nbsp;&amp;nbsp;&lt;/span&gt;&lt;span style="color: var(--highlight-default)"&gt;$this&lt;/span&gt;&lt;span style="color: var(--highlight-keyword)"&gt;-&amp;gt;&lt;/span&gt;&lt;span style="color: var(--highlight-default)"&gt;callListeners&lt;/span&gt;&lt;span style="color: var(--highlight-keyword)"&gt;(&lt;/span&gt;&lt;span style="color: var(--highlight-default)"&gt;$listeners&lt;/span&gt;&lt;span style="color: var(--highlight-keyword)"&gt;,&amp;nbsp;&lt;/span&gt;&lt;span style="color: var(--highlight-default)"&gt;$eventName&lt;/span&gt;&lt;span style="color: var(--highlight-keyword)"&gt;,&amp;nbsp;&lt;/span&gt;&lt;span style="color: var(--highlight-default)"&gt;$event&lt;/span&gt;&lt;span style="color: var(--highlight-keyword)"&gt;);&lt;/span&gt;&lt;/code&gt;&lt;/li&gt;
&lt;li&gt;&lt;code&gt;&lt;span style="color: var(--highlight-keyword)"&gt;&amp;nbsp;&amp;nbsp;&amp;nbsp;&amp;nbsp;&amp;nbsp;&amp;nbsp;&amp;nbsp;&amp;nbsp;}&lt;/span&gt;&lt;/code&gt;&lt;/li&gt;
&lt;li&gt;&lt;code&gt;&lt;span style="color: var(--highlight-keyword)"&gt;&lt;/span&gt;&lt;/code&gt;&lt;/li&gt;
&lt;li&gt;&lt;code&gt;&lt;span style="color: var(--highlight-keyword)"&gt;&amp;nbsp;&amp;nbsp;&amp;nbsp;&amp;nbsp;&amp;nbsp;&amp;nbsp;&amp;nbsp;&amp;nbsp;return&amp;nbsp;&lt;/span&gt;&lt;span style="color: var(--highlight-default)"&gt;$event&lt;/span&gt;&lt;span style="color: var(--highlight-keyword)"&gt;;&lt;/span&gt;&lt;/code&gt;&lt;/li&gt;
&lt;li&gt;&lt;code&gt;&lt;span style="color: var(--highlight-keyword)"&gt;&amp;nbsp;&amp;nbsp;&amp;nbsp;&amp;nbsp;}&lt;/span&gt;&lt;/code&gt;&lt;/li&gt;
&lt;li&gt;&lt;code&gt;&lt;span style="color: var(--highlight-keyword)"&gt;&lt;/span&gt;&lt;/code&gt;&lt;/li&gt;&lt;/ol&gt;    &lt;/div&gt;            &lt;/div&gt;
                        &lt;div class="trace-line "&gt;
                &lt;div class="trace-line-header break-long-words sf-toggle" data-toggle-selector="#trace-html-1-4" data-toggle-initial=""&gt;
            &lt;span class="icon icon-close"&gt;&lt;svg width="1792" height="1792" viewBox="0 0 1792 1792" xmlns="http://www.w3.org/2000/svg"&gt;&lt;path d="M1408 960V832q0-26-19-45t-45-19H448q-26 0-45 19t-19 45v128q0 26 19 45t45 19h896q26 0 45-19t19-45zm256-544v960q0 119-84.5 203.5T1376 1664H416q-119 0-203.5-84.5T128 1376V416q0-119 84.5-203.5T416 128h960q119 0 203.5 84.5T1664 416z"/&gt;&lt;/svg&gt;&lt;/span&gt;
        &lt;span class="icon icon-open"&gt;&lt;svg width="1792" height="1792" viewBox="0 0 1792 1792" xmlns="http://www.w3.org/2000/svg"&gt;&lt;path d="M1408 960V832q0-26-19-45t-45-19h-320V448q0-26-19-45t-45-19H832q-26 0-45 19t-19 45v320H448q-26 0-45 19t-19 45v128q0 26 19 45t45 19h320v320q0 26 19 45t45 19h128q26 0 45-19t19-45v-320h320q26 0 45-19t19-45zm256-544v960q0 119-84.5 203.5T1376 1664H416q-119 0-203.5-84.5T128 1376V416q0-119 84.5-203.5T416 128h960q119 0 203.5 84.5T1664 416z"/&gt;&lt;/svg&gt;&lt;/span&gt;
    
            &lt;span class="trace-class"&gt;&lt;abbr title="Symfony\Component\EventDispatcher\EventDispatcher"&gt;EventDispatcher&lt;/abbr&gt;&lt;/span&gt;&lt;span class="trace-type"&gt;-&gt;&lt;/span&gt;&lt;span class="trace-method"&gt;dispatch&lt;/span&gt;&lt;span class="trace-arguments"&gt;(&lt;em&gt;object&lt;/em&gt;(&lt;abbr title="Symfony\Component\HttpKernel\Event\RequestEvent"&gt;RequestEvent&lt;/abbr&gt;), 'kernel.request')&lt;/span&gt;    
                    &lt;span class="block trace-file-path"&gt;
            in
            &lt;a href="file://C:\Users\sliti\Desktop\dev\esprit-PIDEV-3A16-2526-FARMIA\vendor\symfony\event-dispatcher\Debug\TraceableEventDispatcher.php#L139"&gt;
                C:\Users\sliti\Desktop\dev\esprit-PIDEV-3A16-2526-FARMIA\vendor\symfony\event-dispatcher\Debug\&lt;strong&gt;TraceableEventDispatcher.php&lt;/strong&gt;
            &lt;/a&gt;
                        (line 139)
            &lt;span class="icon icon-copy hidden" data-clipboard-text="C:\Users\sliti\Desktop\dev\esprit-PIDEV-3A16-2526-FARMIA\vendor\symfony\event-dispatcher\Debug\TraceableEventDispatcher.php:139"&gt;
                &lt;svg xmlns="http://www.w3.org/2000/svg" height="24" viewBox="0 0 24 24" width="24"&gt;&lt;path d="M0 0h24v24H0z" fill="none"/&gt;&lt;path d="M16 1H4c-1.1 0-2 .9-2 2v14h2V3h12V1zm3 4H8c-1.1 0-2 .9-2 2v14c0 1.1.9 2 2 2h11c1.1 0 2-.9 2-2V7c0-1.1-.9-2-2-2zm0 16H8V7h11v14z"/&gt;&lt;/svg&gt;            &lt;/span&gt;
        &lt;/span&gt;
    &lt;/div&gt;
    &lt;div id="trace-html-1-4" class="trace-code sf-toggle-content"&gt;
        &lt;ol start="134"&gt;&lt;li&gt;&lt;code&gt;&lt;span style="color: var(--highlight-keyword)"&gt;&amp;nbsp;&amp;nbsp;&amp;nbsp;&amp;nbsp;&amp;nbsp;&amp;nbsp;&amp;nbsp;&amp;nbsp;try&amp;nbsp;{&lt;/span&gt;&lt;/code&gt;&lt;/li&gt;
&lt;li&gt;&lt;code&gt;&lt;span style="color: var(--highlight-keyword)"&gt;&amp;nbsp;&amp;nbsp;&amp;nbsp;&amp;nbsp;&amp;nbsp;&amp;nbsp;&amp;nbsp;&amp;nbsp;&amp;nbsp;&amp;nbsp;&amp;nbsp;&amp;nbsp;&lt;/span&gt;&lt;span style="color: var(--highlight-default)"&gt;$this&lt;/span&gt;&lt;span style="color: var(--highlight-keyword)"&gt;-&amp;gt;&lt;/span&gt;&lt;span style="color: var(--highlight-default)"&gt;beforeDispatch&lt;/span&gt;&lt;span style="color: var(--highlight-keyword)"&gt;(&lt;/span&gt;&lt;span style="color: var(--highlight-default)"&gt;$eventName&lt;/span&gt;&lt;span style="color: var(--highlight-keyword)"&gt;,&amp;nbsp;&lt;/span&gt;&lt;span style="color: var(--highlight-default)"&gt;$event&lt;/span&gt;&lt;span style="color: var(--highlight-keyword)"&gt;);&lt;/span&gt;&lt;/code&gt;&lt;/li&gt;
&lt;li&gt;&lt;code&gt;&lt;span style="color: var(--highlight-keyword)"&gt;&amp;nbsp;&amp;nbsp;&amp;nbsp;&amp;nbsp;&amp;nbsp;&amp;nbsp;&amp;nbsp;&amp;nbsp;&amp;nbsp;&amp;nbsp;&amp;nbsp;&amp;nbsp;try&amp;nbsp;{&lt;/span&gt;&lt;/code&gt;&lt;/li&gt;
&lt;li&gt;&lt;code&gt;&lt;span style="color: var(--highlight-keyword)"&gt;&amp;nbsp;&amp;nbsp;&amp;nbsp;&amp;nbsp;&amp;nbsp;&amp;nbsp;&amp;nbsp;&amp;nbsp;&amp;nbsp;&amp;nbsp;&amp;nbsp;&amp;nbsp;&amp;nbsp;&amp;nbsp;&amp;nbsp;&amp;nbsp;&lt;/span&gt;&lt;span style="color: var(--highlight-default)"&gt;$e&amp;nbsp;&lt;/span&gt;&lt;span style="color: var(--highlight-keyword)"&gt;=&amp;nbsp;&lt;/span&gt;&lt;span style="color: var(--highlight-default)"&gt;$this&lt;/span&gt;&lt;span style="color: var(--highlight-keyword)"&gt;-&amp;gt;&lt;/span&gt;&lt;span style="color: var(--highlight-default)"&gt;stopwatch&lt;/span&gt;&lt;span style="color: var(--highlight-keyword)"&gt;-&amp;gt;&lt;/span&gt;&lt;span style="color: var(--highlight-default)"&gt;start&lt;/span&gt;&lt;span style="color: var(--highlight-keyword)"&gt;(&lt;/span&gt;&lt;span style="color: var(--highlight-default)"&gt;$eventName&lt;/span&gt;&lt;span style="color: var(--highlight-keyword)"&gt;,&amp;nbsp;&lt;/span&gt;&lt;span style="color: var(--highlight-string)"&gt;'section'&lt;/span&gt;&lt;span style="color: var(--highlight-keyword)"&gt;);&lt;/span&gt;&lt;/code&gt;&lt;/li&gt;
&lt;li&gt;&lt;code&gt;&lt;span style="color: var(--highlight-keyword)"&gt;&amp;nbsp;&amp;nbsp;&amp;nbsp;&amp;nbsp;&amp;nbsp;&amp;nbsp;&amp;nbsp;&amp;nbsp;&amp;nbsp;&amp;nbsp;&amp;nbsp;&amp;nbsp;&amp;nbsp;&amp;nbsp;&amp;nbsp;&amp;nbsp;try&amp;nbsp;{&lt;/span&gt;&lt;/code&gt;&lt;/li&gt;
&lt;li class="selected"&gt;&lt;code&gt;&lt;span style="color: var(--highlight-keyword)"&gt;&amp;nbsp;&amp;nbsp;&amp;nbsp;&amp;nbsp;&amp;nbsp;&amp;nbsp;&amp;nbsp;&amp;nbsp;&amp;nbsp;&amp;nbsp;&amp;nbsp;&amp;nbsp;&amp;nbsp;&amp;nbsp;&amp;nbsp;&amp;nbsp;&amp;nbsp;&amp;nbsp;&amp;nbsp;&amp;nbsp;&lt;/span&gt;&lt;span style="color: var(--highlight-default)"&gt;$this&lt;/span&gt;&lt;span style="color: var(--highlight-keyword)"&gt;-&amp;gt;&lt;/span&gt;&lt;span style="color: var(--highlight-default)"&gt;dispatcher&lt;/span&gt;&lt;span style="color: var(--highlight-keyword)"&gt;-&amp;gt;&lt;/span&gt;&lt;span style="color: var(--highlight-default)"&gt;dispatch&lt;/span&gt;&lt;span style="color: var(--highlight-keyword)"&gt;(&lt;/span&gt;&lt;span style="color: var(--highlight-default)"&gt;$event&lt;/span&gt;&lt;span style="color: var(--highlight-keyword)"&gt;,&amp;nbsp;&lt;/span&gt;&lt;span style="color: var(--highlight-default)"&gt;$eventName&lt;/span&gt;&lt;span style="color: var(--highlight-keyword)"&gt;);&lt;/span&gt;&lt;/code&gt;&lt;/li&gt;
&lt;li&gt;&lt;code&gt;&lt;span style="color: var(--highlight-keyword)"&gt;&amp;nbsp;&amp;nbsp;&amp;nbsp;&amp;nbsp;&amp;nbsp;&amp;nbsp;&amp;nbsp;&amp;nbsp;&amp;nbsp;&amp;nbsp;&amp;nbsp;&amp;nbsp;&amp;nbsp;&amp;nbsp;&amp;nbsp;&amp;nbsp;}&amp;nbsp;finally&amp;nbsp;{&lt;/span&gt;&lt;/code&gt;&lt;/li&gt;
&lt;li&gt;&lt;code&gt;&lt;span style="color: var(--highlight-keyword)"&gt;&amp;nbsp;&amp;nbsp;&amp;nbsp;&amp;nbsp;&amp;nbsp;&amp;nbsp;&amp;nbsp;&amp;nbsp;&amp;nbsp;&amp;nbsp;&amp;nbsp;&amp;nbsp;&amp;nbsp;&amp;nbsp;&amp;nbsp;&amp;nbsp;&amp;nbsp;&amp;nbsp;&amp;nbsp;&amp;nbsp;if&amp;nbsp;(&lt;/span&gt;&lt;span style="color: var(--highlight-default)"&gt;$e&lt;/span&gt;&lt;span style="color: var(--highlight-keyword)"&gt;-&amp;gt;&lt;/span&gt;&lt;span style="color: var(--highlight-default)"&gt;isStarted&lt;/span&gt;&lt;span style="color: var(--highlight-keyword)"&gt;())&amp;nbsp;{&lt;/span&gt;&lt;/code&gt;&lt;/li&gt;
&lt;li&gt;&lt;code&gt;&lt;span style="color: var(--highlight-keyword)"&gt;&amp;nbsp;&amp;nbsp;&amp;nbsp;&amp;nbsp;&amp;nbsp;&amp;nbsp;&amp;nbsp;&amp;nbsp;&amp;nbsp;&amp;nbsp;&amp;nbsp;&amp;nbsp;&amp;nbsp;&amp;nbsp;&amp;nbsp;&amp;nbsp;&amp;nbsp;&amp;nbsp;&amp;nbsp;&amp;nbsp;&amp;nbsp;&amp;nbsp;&amp;nbsp;&amp;nbsp;&lt;/span&gt;&lt;span style="color: var(--highlight-default)"&gt;$e&lt;/span&gt;&lt;span style="color: var(--highlight-keyword)"&gt;-&amp;gt;&lt;/span&gt;&lt;span style="color: var(--highlight-default)"&gt;stop&lt;/span&gt;&lt;span style="color: var(--highlight-keyword)"&gt;();&lt;/span&gt;&lt;/code&gt;&lt;/li&gt;
&lt;li&gt;&lt;code&gt;&lt;span style="color: var(--highlight-keyword)"&gt;&amp;nbsp;&amp;nbsp;&amp;nbsp;&amp;nbsp;&amp;nbsp;&amp;nbsp;&amp;nbsp;&amp;nbsp;&amp;nbsp;&amp;nbsp;&amp;nbsp;&amp;nbsp;&amp;nbsp;&amp;nbsp;&amp;nbsp;&amp;nbsp;&amp;nbsp;&amp;nbsp;&amp;nbsp;&amp;nbsp;}&lt;/span&gt;&lt;/code&gt;&lt;/li&gt;
&lt;li&gt;&lt;code&gt;&lt;span style="color: var(--highlight-keyword)"&gt;&amp;nbsp;&amp;nbsp;&amp;nbsp;&amp;nbsp;&amp;nbsp;&amp;nbsp;&amp;nbsp;&amp;nbsp;&amp;nbsp;&amp;nbsp;&amp;nbsp;&amp;nbsp;&amp;nbsp;&amp;nbsp;&amp;nbsp;&amp;nbsp;}&lt;/span&gt;&lt;/code&gt;&lt;/li&gt;&lt;/ol&gt;    &lt;/div&gt;            &lt;/div&gt;
                        &lt;div class="trace-line "&gt;
                &lt;div class="trace-line-header break-long-words sf-toggle" data-toggle-selector="#trace-html-1-5" data-toggle-initial=""&gt;
            &lt;span class="icon icon-close"&gt;&lt;svg width="1792" height="1792" viewBox="0 0 1792 1792" xmlns="http://www.w3.org/2000/svg"&gt;&lt;path d="M1408 960V832q0-26-19-45t-45-19H448q-26 0-45 19t-19 45v128q0 26 19 45t45 19h896q26 0 45-19t19-45zm256-544v960q0 119-84.5 203.5T1376 1664H416q-119 0-203.5-84.5T128 1376V416q0-119 84.5-203.5T416 128h960q119 0 203.5 84.5T1664 416z"/&gt;&lt;/svg&gt;&lt;/span&gt;
        &lt;span class="icon icon-open"&gt;&lt;svg width="1792" height="1792" viewBox="0 0 1792 1792" xmlns="http://www.w3.org/2000/svg"&gt;&lt;path d="M1408 960V832q0-26-19-45t-45-19h-320V448q0-26-19-45t-45-19H832q-26 0-45 19t-19 45v320H448q-26 0-45 19t-19 45v128q0 26 19 45t45 19h320v320q0 26 19 45t45 19h128q26 0 45-19t19-45v-320h320q26 0 45-19t19-45zm256-544v960q0 119-84.5 203.5T1376 1664H416q-119 0-203.5-84.5T128 1376V416q0-119 84.5-203.5T416 128h960q119 0 203.5 84.5T1664 416z"/&gt;&lt;/svg&gt;&lt;/span&gt;
    
            &lt;span class="trace-class"&gt;&lt;abbr title="Symfony\Component\EventDispatcher\Debug\TraceableEventDispatcher"&gt;TraceableEventDispatcher&lt;/abbr&gt;&lt;/span&gt;&lt;span class="trace-type"&gt;-&gt;&lt;/span&gt;&lt;span class="trace-method"&gt;dispatch&lt;/span&gt;&lt;span class="trace-arguments"&gt;(&lt;em&gt;object&lt;/em&gt;(&lt;abbr title="Symfony\Component\HttpKernel\Event\RequestEvent"&gt;RequestEvent&lt;/abbr&gt;), 'kernel.request')&lt;/span&gt;    
                    &lt;span class="block trace-file-path"&gt;
            in
            &lt;a href="file://C:\Users\sliti\Desktop\dev\esprit-PIDEV-3A16-2526-FARMIA\vendor\symfony\http-kernel\HttpKernel.php#L157"&gt;
                C:\Users\sliti\Desktop\dev\esprit-PIDEV-3A16-2526-FARMIA\vendor\symfony\http-kernel\&lt;strong&gt;HttpKernel.php&lt;/strong&gt;
            &lt;/a&gt;
                        (line 157)
            &lt;span class="icon icon-copy hidden" data-clipboard-text="C:\Users\sliti\Desktop\dev\esprit-PIDEV-3A16-2526-FARMIA\vendor\symfony\http-kernel\HttpKernel.php:157"&gt;
                &lt;svg xmlns="http://www.w3.org/2000/svg" height="24" viewBox="0 0 24 24" width="24"&gt;&lt;path d="M0 0h24v24H0z" fill="none"/&gt;&lt;path d="M16 1H4c-1.1 0-2 .9-2 2v14h2V3h12V1zm3 4H8c-1.1 0-2 .9-2 2v14c0 1.1.9 2 2 2h11c1.1 0 2-.9 2-2V7c0-1.1-.9-2-2-2zm0 16H8V7h11v14z"/&gt;&lt;/svg&gt;            &lt;/span&gt;
        &lt;/span&gt;
    &lt;/div&gt;
    &lt;div id="trace-html-1-5" class="trace-code sf-toggle-content"&gt;
        &lt;ol start="152"&gt;&lt;li&gt;&lt;code&gt;&lt;span style="color: var(--highlight-comment)"&gt;&amp;nbsp;&amp;nbsp;&amp;nbsp;&amp;nbsp;&amp;nbsp;*/&lt;/span&gt;&lt;/code&gt;&lt;/li&gt;
&lt;li&gt;&lt;code&gt;&lt;span style="color: var(--highlight-comment)"&gt;&amp;nbsp;&amp;nbsp;&amp;nbsp;&amp;nbsp;&lt;/span&gt;&lt;span style="color: var(--highlight-keyword)"&gt;private&amp;nbsp;function&amp;nbsp;&lt;/span&gt;&lt;span style="color: var(--highlight-default)"&gt;handleRaw&lt;/span&gt;&lt;span style="color: var(--highlight-keyword)"&gt;(&lt;/span&gt;&lt;span style="color: var(--highlight-default)"&gt;Request&amp;nbsp;$request&lt;/span&gt;&lt;span style="color: var(--highlight-keyword)"&gt;,&amp;nbsp;&lt;/span&gt;&lt;span style="color: var(--highlight-default)"&gt;int&amp;nbsp;$type&amp;nbsp;&lt;/span&gt;&lt;span style="color: var(--highlight-keyword)"&gt;=&amp;nbsp;&lt;/span&gt;&lt;span style="color: var(--highlight-default)"&gt;self&lt;/span&gt;&lt;span style="color: var(--highlight-keyword)"&gt;::&lt;/span&gt;&lt;span style="color: var(--highlight-default)"&gt;MAIN_REQUEST&lt;/span&gt;&lt;span style="color: var(--highlight-keyword)"&gt;):&amp;nbsp;&lt;/span&gt;&lt;span style="color: var(--highlight-default)"&gt;Response&lt;/span&gt;&lt;/code&gt;&lt;/li&gt;
&lt;li&gt;&lt;code&gt;&lt;span style="color: var(--highlight-default)"&gt;&amp;nbsp;&amp;nbsp;&amp;nbsp;&amp;nbsp;&lt;/span&gt;&lt;span style="color: var(--highlight-keyword)"&gt;{&lt;/span&gt;&lt;/code&gt;&lt;/li&gt;
&lt;li&gt;&lt;code&gt;&lt;span style="color: var(--highlight-keyword)"&gt;&amp;nbsp;&amp;nbsp;&amp;nbsp;&amp;nbsp;&amp;nbsp;&amp;nbsp;&amp;nbsp;&amp;nbsp;&lt;/span&gt;&lt;span style="color: var(--highlight-comment)"&gt;//&amp;nbsp;request&lt;/span&gt;&lt;/code&gt;&lt;/li&gt;
&lt;li&gt;&lt;code&gt;&lt;span style="color: var(--highlight-comment)"&gt;&amp;nbsp;&amp;nbsp;&amp;nbsp;&amp;nbsp;&amp;nbsp;&amp;nbsp;&amp;nbsp;&amp;nbsp;&lt;/span&gt;&lt;span style="color: var(--highlight-default)"&gt;$event&amp;nbsp;&lt;/span&gt;&lt;span style="color: var(--highlight-keyword)"&gt;=&amp;nbsp;new&amp;nbsp;&lt;/span&gt;&lt;span style="color: var(--highlight-default)"&gt;RequestEvent&lt;/span&gt;&lt;span style="color: var(--highlight-keyword)"&gt;(&lt;/span&gt;&lt;span style="color: var(--highlight-default)"&gt;$this&lt;/span&gt;&lt;span style="color: var(--highlight-keyword)"&gt;,&amp;nbsp;&lt;/span&gt;&lt;span style="color: var(--highlight-default)"&gt;$request&lt;/span&gt;&lt;span style="color: var(--highlight-keyword)"&gt;,&amp;nbsp;&lt;/span&gt;&lt;span style="color: var(--highlight-default)"&gt;$type&lt;/span&gt;&lt;span style="color: var(--highlight-keyword)"&gt;);&lt;/span&gt;&lt;/code&gt;&lt;/li&gt;
&lt;li class="selected"&gt;&lt;code&gt;&lt;span style="color: var(--highlight-keyword)"&gt;&amp;nbsp;&amp;nbsp;&amp;nbsp;&amp;nbsp;&amp;nbsp;&amp;nbsp;&amp;nbsp;&amp;nbsp;&lt;/span&gt;&lt;span style="color: var(--highlight-default)"&gt;$this&lt;/span&gt;&lt;span style="color: var(--highlight-keyword)"&gt;-&amp;gt;&lt;/span&gt;&lt;span style="color: var(--highlight-default)"&gt;dispatcher&lt;/span&gt;&lt;span style="color: var(--highlight-keyword)"&gt;-&amp;gt;&lt;/span&gt;&lt;span style="color: var(--highlight-default)"&gt;dispatch&lt;/span&gt;&lt;span style="color: var(--highlight-keyword)"&gt;(&lt;/span&gt;&lt;span style="color: var(--highlight-default)"&gt;$event&lt;/span&gt;&lt;span style="color: var(--highlight-keyword)"&gt;,&amp;nbsp;&lt;/span&gt;&lt;span style="color: var(--highlight-default)"&gt;KernelEvents&lt;/span&gt;&lt;span style="color: var(--highlight-keyword)"&gt;::&lt;/span&gt;&lt;span style="color: var(--highlight-default)"&gt;REQUEST&lt;/span&gt;&lt;span style="color: var(--highlight-keyword)"&gt;);&lt;/span&gt;&lt;/code&gt;&lt;/li&gt;
&lt;li&gt;&lt;code&gt;&lt;span style="color: var(--highlight-keyword)"&gt;&lt;/span&gt;&lt;/code&gt;&lt;/li&gt;
&lt;li&gt;&lt;code&gt;&lt;span style="color: var(--highlight-keyword)"&gt;&amp;nbsp;&amp;nbsp;&amp;nbsp;&amp;nbsp;&amp;nbsp;&amp;nbsp;&amp;nbsp;&amp;nbsp;if&amp;nbsp;(&lt;/span&gt;&lt;span style="color: var(--highlight-default)"&gt;$event&lt;/span&gt;&lt;span style="color: var(--highlight-keyword)"&gt;-&amp;gt;&lt;/span&gt;&lt;span style="color: var(--highlight-default)"&gt;hasResponse&lt;/span&gt;&lt;span style="color: var(--highlight-keyword)"&gt;())&amp;nbsp;{&lt;/span&gt;&lt;/code&gt;&lt;/li&gt;
&lt;li&gt;&lt;code&gt;&lt;span style="color: var(--highlight-keyword)"&gt;&amp;nbsp;&amp;nbsp;&amp;nbsp;&amp;nbsp;&amp;nbsp;&amp;nbsp;&amp;nbsp;&amp;nbsp;&amp;nbsp;&amp;nbsp;&amp;nbsp;&amp;nbsp;return&amp;nbsp;&lt;/span&gt;&lt;span style="color: var(--highlight-default)"&gt;$this&lt;/span&gt;&lt;span style="color: var(--highlight-keyword)"&gt;-&amp;gt;&lt;/span&gt;&lt;span style="color: var(--highlight-default)"&gt;filterResponse&lt;/span&gt;&lt;span style="color: var(--highlight-keyword)"&gt;(&lt;/span&gt;&lt;span style="color: var(--highlight-default)"&gt;$event&lt;/span&gt;&lt;span style="color: var(--highlight-keyword)"&gt;-&amp;gt;&lt;/span&gt;&lt;span style="color: var(--highlight-default)"&gt;getResponse&lt;/span&gt;&lt;span style="color: var(--highlight-keyword)"&gt;(),&amp;nbsp;&lt;/span&gt;&lt;span style="color: var(--highlight-default)"&gt;$request&lt;/span&gt;&lt;span style="color: var(--highlight-keyword)"&gt;,&amp;nbsp;&lt;/span&gt;&lt;span style="color: var(--highlight-default)"&gt;$type&lt;/span&gt;&lt;span style="color: var(--highlight-keyword)"&gt;);&lt;/span&gt;&lt;/code&gt;&lt;/li&gt;
&lt;li&gt;&lt;code&gt;&lt;span style="color: var(--highlight-keyword)"&gt;&amp;nbsp;&amp;nbsp;&amp;nbsp;&amp;nbsp;&amp;nbsp;&amp;nbsp;&amp;nbsp;&amp;nbsp;}&lt;/span&gt;&lt;/code&gt;&lt;/li&gt;
&lt;li&gt;&lt;code&gt;&lt;span style="color: var(--highlight-keyword)"&gt;&lt;/span&gt;&lt;/code&gt;&lt;/li&gt;&lt;/ol&gt;    &lt;/div&gt;            &lt;/div&gt;
                        &lt;div class="trace-line "&gt;
                &lt;div class="trace-line-header break-long-words sf-toggle" data-toggle-selector="#trace-html-1-6" data-toggle-initial=""&gt;
            &lt;span class="icon icon-close"&gt;&lt;svg width="1792" height="1792" viewBox="0 0 1792 1792" xmlns="http://www.w3.org/2000/svg"&gt;&lt;path d="M1408 960V832q0-26-19-45t-45-19H448q-26 0-45 19t-19 45v128q0 26 19 45t45 19h896q26 0 45-19t19-45zm256-544v960q0 119-84.5 203.5T1376 1664H416q-119 0-203.5-84.5T128 1376V416q0-119 84.5-203.5T416 128h960q119 0 203.5 84.5T1664 416z"/&gt;&lt;/svg&gt;&lt;/span&gt;
        &lt;span class="icon icon-open"&gt;&lt;svg width="1792" height="1792" viewBox="0 0 1792 1792" xmlns="http://www.w3.org/2000/svg"&gt;&lt;path d="M1408 960V832q0-26-19-45t-45-19h-320V448q0-26-19-45t-45-19H832q-26 0-45 19t-19 45v320H448q-26 0-45 19t-19 45v128q0 26 19 45t45 19h320v320q0 26 19 45t45 19h128q26 0 45-19t19-45v-320h320q26 0 45-19t19-45zm256-544v960q0 119-84.5 203.5T1376 1664H416q-119 0-203.5-84.5T128 1376V416q0-119 84.5-203.5T416 128h960q119 0 203.5 84.5T1664 416z"/&gt;&lt;/svg&gt;&lt;/span&gt;
    
            &lt;span class="trace-class"&gt;&lt;abbr title="Symfony\Component\HttpKernel\HttpKernel"&gt;HttpKernel&lt;/abbr&gt;&lt;/span&gt;&lt;span class="trace-type"&gt;-&gt;&lt;/span&gt;&lt;span class="trace-method"&gt;handleRaw&lt;/span&gt;&lt;span class="trace-arguments"&gt;(&lt;em&gt;object&lt;/em&gt;(&lt;abbr title="Symfony\Component\HttpFoundation\Request"&gt;Request&lt;/abbr&gt;), 1)&lt;/span&gt;    
                    &lt;span class="block trace-file-path"&gt;
            in
            &lt;a href="file://C:\Users\sliti\Desktop\dev\esprit-PIDEV-3A16-2526-FARMIA\vendor\symfony\http-kernel\HttpKernel.php#L76"&gt;
                C:\Users\sliti\Desktop\dev\esprit-PIDEV-3A16-2526-FARMIA\vendor\symfony\http-kernel\&lt;strong&gt;HttpKernel.php&lt;/strong&gt;
            &lt;/a&gt;
                        (line 76)
            &lt;span class="icon icon-copy hidden" data-clipboard-text="C:\Users\sliti\Desktop\dev\esprit-PIDEV-3A16-2526-FARMIA\vendor\symfony\http-kernel\HttpKernel.php:76"&gt;
                &lt;svg xmlns="http://www.w3.org/2000/svg" height="24" viewBox="0 0 24 24" width="24"&gt;&lt;path d="M0 0h24v24H0z" fill="none"/&gt;&lt;path d="M16 1H4c-1.1 0-2 .9-2 2v14h2V3h12V1zm3 4H8c-1.1 0-2 .9-2 2v14c0 1.1.9 2 2 2h11c1.1 0 2-.9 2-2V7c0-1.1-.9-2-2-2zm0 16H8V7h11v14z"/&gt;&lt;/svg&gt;            &lt;/span&gt;
        &lt;/span&gt;
    &lt;/div&gt;
    &lt;div id="trace-html-1-6" class="trace-code sf-toggle-content"&gt;
        &lt;ol start="71"&gt;&lt;li&gt;&lt;code&gt;&lt;span style="color: var(--highlight-keyword)"&gt;&amp;nbsp;&amp;nbsp;&amp;nbsp;&amp;nbsp;&amp;nbsp;&amp;nbsp;&amp;nbsp;&amp;nbsp;&lt;/span&gt;&lt;span style="color: var(--highlight-default)"&gt;$request&lt;/span&gt;&lt;span style="color: var(--highlight-keyword)"&gt;-&amp;gt;&lt;/span&gt;&lt;span style="color: var(--highlight-default)"&gt;headers&lt;/span&gt;&lt;span style="color: var(--highlight-keyword)"&gt;-&amp;gt;&lt;/span&gt;&lt;span style="color: var(--highlight-default)"&gt;set&lt;/span&gt;&lt;span style="color: var(--highlight-keyword)"&gt;(&lt;/span&gt;&lt;span style="color: var(--highlight-string)"&gt;'X-Php-Ob-Level'&lt;/span&gt;&lt;span style="color: var(--highlight-keyword)"&gt;,&amp;nbsp;(string)&amp;nbsp;&lt;/span&gt;&lt;span style="color: var(--highlight-default)"&gt;ob_get_level&lt;/span&gt;&lt;span style="color: var(--highlight-keyword)"&gt;());&lt;/span&gt;&lt;/code&gt;&lt;/li&gt;
&lt;li&gt;&lt;code&gt;&lt;span style="color: var(--highlight-keyword)"&gt;&lt;/span&gt;&lt;/code&gt;&lt;/li&gt;
&lt;li&gt;&lt;code&gt;&lt;span style="color: var(--highlight-keyword)"&gt;&amp;nbsp;&amp;nbsp;&amp;nbsp;&amp;nbsp;&amp;nbsp;&amp;nbsp;&amp;nbsp;&amp;nbsp;&lt;/span&gt;&lt;span style="color: var(--highlight-default)"&gt;$this&lt;/span&gt;&lt;span style="color: var(--highlight-keyword)"&gt;-&amp;gt;&lt;/span&gt;&lt;span style="color: var(--highlight-default)"&gt;requestStack&lt;/span&gt;&lt;span style="color: var(--highlight-keyword)"&gt;-&amp;gt;&lt;/span&gt;&lt;span style="color: var(--highlight-default)"&gt;push&lt;/span&gt;&lt;span style="color: var(--highlight-keyword)"&gt;(&lt;/span&gt;&lt;span style="color: var(--highlight-default)"&gt;$request&lt;/span&gt;&lt;span style="color: var(--highlight-keyword)"&gt;);&lt;/span&gt;&lt;/code&gt;&lt;/li&gt;
&lt;li&gt;&lt;code&gt;&lt;span style="color: var(--highlight-keyword)"&gt;&amp;nbsp;&amp;nbsp;&amp;nbsp;&amp;nbsp;&amp;nbsp;&amp;nbsp;&amp;nbsp;&amp;nbsp;&lt;/span&gt;&lt;span style="color: var(--highlight-default)"&gt;$response&amp;nbsp;&lt;/span&gt;&lt;span style="color: var(--highlight-keyword)"&gt;=&amp;nbsp;&lt;/span&gt;&lt;span style="color: var(--highlight-default)"&gt;null&lt;/span&gt;&lt;span style="color: var(--highlight-keyword)"&gt;;&lt;/span&gt;&lt;/code&gt;&lt;/li&gt;
&lt;li&gt;&lt;code&gt;&lt;span style="color: var(--highlight-keyword)"&gt;&amp;nbsp;&amp;nbsp;&amp;nbsp;&amp;nbsp;&amp;nbsp;&amp;nbsp;&amp;nbsp;&amp;nbsp;try&amp;nbsp;{&lt;/span&gt;&lt;/code&gt;&lt;/li&gt;
&lt;li class="selected"&gt;&lt;code&gt;&lt;span style="color: var(--highlight-keyword)"&gt;&amp;nbsp;&amp;nbsp;&amp;nbsp;&amp;nbsp;&amp;nbsp;&amp;nbsp;&amp;nbsp;&amp;nbsp;&amp;nbsp;&amp;nbsp;&amp;nbsp;&amp;nbsp;return&amp;nbsp;&lt;/span&gt;&lt;span style="color: var(--highlight-default)"&gt;$response&amp;nbsp;&lt;/span&gt;&lt;span style="color: var(--highlight-keyword)"&gt;=&amp;nbsp;&lt;/span&gt;&lt;span style="color: var(--highlight-default)"&gt;$this&lt;/span&gt;&lt;span style="color: var(--highlight-keyword)"&gt;-&amp;gt;&lt;/span&gt;&lt;span style="color: var(--highlight-default)"&gt;handleRaw&lt;/span&gt;&lt;span style="color: var(--highlight-keyword)"&gt;(&lt;/span&gt;&lt;span style="color: var(--highlight-default)"&gt;$request&lt;/span&gt;&lt;span style="color: var(--highlight-keyword)"&gt;,&amp;nbsp;&lt;/span&gt;&lt;span style="color: var(--highlight-default)"&gt;$type&lt;/span&gt;&lt;span style="color: var(--highlight-keyword)"&gt;);&lt;/span&gt;&lt;/code&gt;&lt;/li&gt;
&lt;li&gt;&lt;code&gt;&lt;span style="color: var(--highlight-keyword)"&gt;&amp;nbsp;&amp;nbsp;&amp;nbsp;&amp;nbsp;&amp;nbsp;&amp;nbsp;&amp;nbsp;&amp;nbsp;}&amp;nbsp;catch&amp;nbsp;(&lt;/span&gt;&lt;span style="color: var(--highlight-default)"&gt;\Throwable&amp;nbsp;$e&lt;/span&gt;&lt;span style="color: var(--highlight-keyword)"&gt;)&amp;nbsp;{&lt;/span&gt;&lt;/code&gt;&lt;/li&gt;
&lt;li&gt;&lt;code&gt;&lt;span style="color: var(--highlight-keyword)"&gt;&amp;nbsp;&amp;nbsp;&amp;nbsp;&amp;nbsp;&amp;nbsp;&amp;nbsp;&amp;nbsp;&amp;nbsp;&amp;nbsp;&amp;nbsp;&amp;nbsp;&amp;nbsp;if&amp;nbsp;(&lt;/span&gt;&lt;span style="color: var(--highlight-default)"&gt;$e&amp;nbsp;&lt;/span&gt;&lt;span style="color: var(--highlight-keyword)"&gt;instanceof&amp;nbsp;&lt;/span&gt;&lt;span style="color: var(--highlight-default)"&gt;\Error&amp;nbsp;&lt;/span&gt;&lt;span style="color: var(--highlight-keyword)"&gt;&amp;amp;&amp;amp;&amp;nbsp;!&lt;/span&gt;&lt;span style="color: var(--highlight-default)"&gt;$this&lt;/span&gt;&lt;span style="color: var(--highlight-keyword)"&gt;-&amp;gt;&lt;/span&gt;&lt;span style="color: var(--highlight-default)"&gt;handleAllThrowables&lt;/span&gt;&lt;span style="color: var(--highlight-keyword)"&gt;)&amp;nbsp;{&lt;/span&gt;&lt;/code&gt;&lt;/li&gt;
&lt;li&gt;&lt;code&gt;&lt;span style="color: var(--highlight-keyword)"&gt;&amp;nbsp;&amp;nbsp;&amp;nbsp;&amp;nbsp;&amp;nbsp;&amp;nbsp;&amp;nbsp;&amp;nbsp;&amp;nbsp;&amp;nbsp;&amp;nbsp;&amp;nbsp;&amp;nbsp;&amp;nbsp;&amp;nbsp;&amp;nbsp;throw&amp;nbsp;&lt;/span&gt;&lt;span style="color: var(--highlight-default)"&gt;$e&lt;/span&gt;&lt;span style="color: var(--highlight-keyword)"&gt;;&lt;/span&gt;&lt;/code&gt;&lt;/li&gt;
&lt;li&gt;&lt;code&gt;&lt;span style="color: var(--highlight-keyword)"&gt;&amp;nbsp;&amp;nbsp;&amp;nbsp;&amp;nbsp;&amp;nbsp;&amp;nbsp;&amp;nbsp;&amp;nbsp;&amp;nbsp;&amp;nbsp;&amp;nbsp;&amp;nbsp;}&lt;/span&gt;&lt;/code&gt;&lt;/li&gt;
&lt;li&gt;&lt;code&gt;&lt;span style="color: var(--highlight-keyword)"&gt;&lt;/span&gt;&lt;/code&gt;&lt;/li&gt;&lt;/ol&gt;    &lt;/div&gt;            &lt;/div&gt;
                        &lt;div class="trace-line "&gt;
                &lt;div class="trace-line-header break-long-words sf-toggle" data-toggle-selector="#trace-html-1-7" data-toggle-initial=""&gt;
            &lt;span class="icon icon-close"&gt;&lt;svg width="1792" height="1792" viewBox="0 0 1792 1792" xmlns="http://www.w3.org/2000/svg"&gt;&lt;path d="M1408 960V832q0-26-19-45t-45-19H448q-26 0-45 19t-19 45v128q0 26 19 45t45 19h896q26 0 45-19t19-45zm256-544v960q0 119-84.5 203.5T1376 1664H416q-119 0-203.5-84.5T128 1376V416q0-119 84.5-203.5T416 128h960q119 0 203.5 84.5T1664 416z"/&gt;&lt;/svg&gt;&lt;/span&gt;
        &lt;span class="icon icon-open"&gt;&lt;svg width="1792" height="1792" viewBox="0 0 1792 1792" xmlns="http://www.w3.org/2000/svg"&gt;&lt;path d="M1408 960V832q0-26-19-45t-45-19h-320V448q0-26-19-45t-45-19H832q-26 0-45 19t-19 45v320H448q-26 0-45 19t-19 45v128q0 26 19 45t45 19h320v320q0 26 19 45t45 19h128q26 0 45-19t19-45v-320h320q26 0 45-19t19-45zm256-544v960q0 119-84.5 203.5T1376 1664H416q-119 0-203.5-84.5T128 1376V416q0-119 84.5-203.5T416 128h960q119 0 203.5 84.5T1664 416z"/&gt;&lt;/svg&gt;&lt;/span&gt;
    
            &lt;span class="trace-class"&gt;&lt;abbr title="Symfony\Component\HttpKernel\HttpKernel"&gt;HttpKernel&lt;/abbr&gt;&lt;/span&gt;&lt;span class="trace-type"&gt;-&gt;&lt;/span&gt;&lt;span class="trace-method"&gt;handle&lt;/span&gt;&lt;span class="trace-arguments"&gt;(&lt;em&gt;object&lt;/em&gt;(&lt;abbr title="Symfony\Component\HttpFoundation\Request"&gt;Request&lt;/abbr&gt;), 1, &lt;em&gt;true&lt;/em&gt;)&lt;/span&gt;    
                    &lt;span class="block trace-file-path"&gt;
            in
            &lt;a href="file://C:\Users\sliti\Desktop\dev\esprit-PIDEV-3A16-2526-FARMIA\vendor\symfony\http-kernel\Kernel.php#L208"&gt;
                C:\Users\sliti\Desktop\dev\esprit-PIDEV-3A16-2526-FARMIA\vendor\symfony\http-kernel\&lt;strong&gt;Kernel.php&lt;/strong&gt;
            &lt;/a&gt;
                        (line 208)
            &lt;span class="icon icon-copy hidden" data-clipboard-text="C:\Users\sliti\Desktop\dev\esprit-PIDEV-3A16-2526-FARMIA\vendor\symfony\http-kernel\Kernel.php:208"&gt;
                &lt;svg xmlns="http://www.w3.org/2000/svg" height="24" viewBox="0 0 24 24" width="24"&gt;&lt;path d="M0 0h24v24H0z" fill="none"/&gt;&lt;path d="M16 1H4c-1.1 0-2 .9-2 2v14h2V3h12V1zm3 4H8c-1.1 0-2 .9-2 2v14c0 1.1.9 2 2 2h11c1.1 0 2-.9 2-2V7c0-1.1-.9-2-2-2zm0 16H8V7h11v14z"/&gt;&lt;/svg&gt;            &lt;/span&gt;
        &lt;/span&gt;
    &lt;/div&gt;
    &lt;div id="trace-html-1-7" class="trace-code sf-toggle-content"&gt;
        &lt;ol start="203"&gt;&lt;li&gt;&lt;code&gt;&lt;span style="color: var(--highlight-keyword)"&gt;&amp;nbsp;&amp;nbsp;&amp;nbsp;&amp;nbsp;&amp;nbsp;&amp;nbsp;&amp;nbsp;&amp;nbsp;if&amp;nbsp;(!&lt;/span&gt;&lt;span style="color: var(--highlight-default)"&gt;$this&lt;/span&gt;&lt;span style="color: var(--highlight-keyword)"&gt;-&amp;gt;&lt;/span&gt;&lt;span style="color: var(--highlight-default)"&gt;handlingHttpCache&lt;/span&gt;&lt;span style="color: var(--highlight-keyword)"&gt;)&amp;nbsp;{&lt;/span&gt;&lt;/code&gt;&lt;/li&gt;
&lt;li&gt;&lt;code&gt;&lt;span style="color: var(--highlight-keyword)"&gt;&amp;nbsp;&amp;nbsp;&amp;nbsp;&amp;nbsp;&amp;nbsp;&amp;nbsp;&amp;nbsp;&amp;nbsp;&amp;nbsp;&amp;nbsp;&amp;nbsp;&amp;nbsp;&lt;/span&gt;&lt;span style="color: var(--highlight-default)"&gt;$this&lt;/span&gt;&lt;span style="color: var(--highlight-keyword)"&gt;-&amp;gt;&lt;/span&gt;&lt;span style="color: var(--highlight-default)"&gt;resetServices&amp;nbsp;&lt;/span&gt;&lt;span style="color: var(--highlight-keyword)"&gt;=&amp;nbsp;&lt;/span&gt;&lt;span style="color: var(--highlight-default)"&gt;true&lt;/span&gt;&lt;span style="color: var(--highlight-keyword)"&gt;;&lt;/span&gt;&lt;/code&gt;&lt;/li&gt;
&lt;li&gt;&lt;code&gt;&lt;span style="color: var(--highlight-keyword)"&gt;&amp;nbsp;&amp;nbsp;&amp;nbsp;&amp;nbsp;&amp;nbsp;&amp;nbsp;&amp;nbsp;&amp;nbsp;}&lt;/span&gt;&lt;/code&gt;&lt;/li&gt;
&lt;li&gt;&lt;code&gt;&lt;span style="color: var(--highlight-keyword)"&gt;&lt;/span&gt;&lt;/code&gt;&lt;/li&gt;
&lt;li&gt;&lt;code&gt;&lt;span style="color: var(--highlight-keyword)"&gt;&amp;nbsp;&amp;nbsp;&amp;nbsp;&amp;nbsp;&amp;nbsp;&amp;nbsp;&amp;nbsp;&amp;nbsp;try&amp;nbsp;{&lt;/span&gt;&lt;/code&gt;&lt;/li&gt;
&lt;li class="selected"&gt;&lt;code&gt;&lt;span style="color: var(--highlight-keyword)"&gt;&amp;nbsp;&amp;nbsp;&amp;nbsp;&amp;nbsp;&amp;nbsp;&amp;nbsp;&amp;nbsp;&amp;nbsp;&amp;nbsp;&amp;nbsp;&amp;nbsp;&amp;nbsp;return&amp;nbsp;&lt;/span&gt;&lt;span style="color: var(--highlight-default)"&gt;$this&lt;/span&gt;&lt;span style="color: var(--highlight-keyword)"&gt;-&amp;gt;&lt;/span&gt;&lt;span style="color: var(--highlight-default)"&gt;getHttpKernel&lt;/span&gt;&lt;span style="color: var(--highlight-keyword)"&gt;()-&amp;gt;&lt;/span&gt;&lt;span style="color: var(--highlight-default)"&gt;handle&lt;/span&gt;&lt;span style="color: var(--highlight-keyword)"&gt;(&lt;/span&gt;&lt;span style="color: var(--highlight-default)"&gt;$request&lt;/span&gt;&lt;span style="color: var(--highlight-keyword)"&gt;,&amp;nbsp;&lt;/span&gt;&lt;span style="color: var(--highlight-default)"&gt;$type&lt;/span&gt;&lt;span style="color: var(--highlight-keyword)"&gt;,&amp;nbsp;&lt;/span&gt;&lt;span style="color: var(--highlight-default)"&gt;$catch&lt;/span&gt;&lt;span style="color: var(--highlight-keyword)"&gt;);&lt;/span&gt;&lt;/code&gt;&lt;/li&gt;
&lt;li&gt;&lt;code&gt;&lt;span style="color: var(--highlight-keyword)"&gt;&amp;nbsp;&amp;nbsp;&amp;nbsp;&amp;nbsp;&amp;nbsp;&amp;nbsp;&amp;nbsp;&amp;nbsp;}&amp;nbsp;finally&amp;nbsp;{&lt;/span&gt;&lt;/code&gt;&lt;/li&gt;
&lt;li&gt;&lt;code&gt;&lt;span style="color: var(--highlight-keyword)"&gt;&amp;nbsp;&amp;nbsp;&amp;nbsp;&amp;nbsp;&amp;nbsp;&amp;nbsp;&amp;nbsp;&amp;nbsp;&amp;nbsp;&amp;nbsp;&amp;nbsp;&amp;nbsp;--&lt;/span&gt;&lt;span style="color: var(--highlight-default)"&gt;$this&lt;/span&gt;&lt;span style="color: var(--highlight-keyword)"&gt;-&amp;gt;&lt;/span&gt;&lt;span style="color: var(--highlight-default)"&gt;requestStackSize&lt;/span&gt;&lt;span style="color: var(--highlight-keyword)"&gt;;&lt;/span&gt;&lt;/code&gt;&lt;/li&gt;
&lt;li&gt;&lt;code&gt;&lt;span style="color: var(--highlight-keyword)"&gt;&amp;nbsp;&amp;nbsp;&amp;nbsp;&amp;nbsp;&amp;nbsp;&amp;nbsp;&amp;nbsp;&amp;nbsp;}&lt;/span&gt;&lt;/code&gt;&lt;/li&gt;
&lt;li&gt;&lt;code&gt;&lt;span style="color: var(--highlight-keyword)"&gt;&amp;nbsp;&amp;nbsp;&amp;nbsp;&amp;nbsp;}&lt;/span&gt;&lt;/code&gt;&lt;/li&gt;
&lt;li&gt;&lt;code&gt;&lt;span style="color: var(--highlight-keyword)"&gt;&lt;/span&gt;&lt;/code&gt;&lt;/li&gt;&lt;/ol&gt;    &lt;/div&gt;            &lt;/div&gt;
                        &lt;div class="trace-line "&gt;
                &lt;div class="trace-line-header break-long-words sf-toggle" data-toggle-selector="#trace-html-1-8" data-toggle-initial=""&gt;
            &lt;span class="icon icon-close"&gt;&lt;svg width="1792" height="1792" viewBox="0 0 1792 1792" xmlns="http://www.w3.org/2000/svg"&gt;&lt;path d="M1408 960V832q0-26-19-45t-45-19H448q-26 0-45 19t-19 45v128q0 26 19 45t45 19h896q26 0 45-19t19-45zm256-544v960q0 119-84.5 203.5T1376 1664H416q-119 0-203.5-84.5T128 1376V416q0-119 84.5-203.5T416 128h960q119 0 203.5 84.5T1664 416z"/&gt;&lt;/svg&gt;&lt;/span&gt;
        &lt;span class="icon icon-open"&gt;&lt;svg width="1792" height="1792" viewBox="0 0 1792 1792" xmlns="http://www.w3.org/2000/svg"&gt;&lt;path d="M1408 960V832q0-26-19-45t-45-19h-320V448q0-26-19-45t-45-19H832q-26 0-45 19t-19 45v320H448q-26 0-45 19t-19 45v128q0 26 19 45t45 19h320v320q0 26 19 45t45 19h128q26 0 45-19t19-45v-320h320q26 0 45-19t19-45zm256-544v960q0 119-84.5 203.5T1376 1664H416q-119 0-203.5-84.5T128 1376V416q0-119 84.5-203.5T416 128h960q119 0 203.5 84.5T1664 416z"/&gt;&lt;/svg&gt;&lt;/span&gt;
    
            &lt;span class="trace-class"&gt;&lt;abbr title="Symfony\Component\HttpKernel\Kernel"&gt;Kernel&lt;/abbr&gt;&lt;/span&gt;&lt;span class="trace-type"&gt;-&gt;&lt;/span&gt;&lt;span class="trace-method"&gt;handle&lt;/span&gt;&lt;span class="trace-arguments"&gt;(&lt;em&gt;object&lt;/em&gt;(&lt;abbr title="Symfony\Component\HttpFoundation\Request"&gt;Request&lt;/abbr&gt;), 1, &lt;em&gt;true&lt;/em&gt;)&lt;/span&gt;    
                    &lt;span class="block trace-file-path"&gt;
            in
            &lt;a href="file://C:\Users\sliti\Desktop\dev\esprit-PIDEV-3A16-2526-FARMIA\vendor\symfony\http-kernel\HttpKernelBrowser.php#L65"&gt;
                C:\Users\sliti\Desktop\dev\esprit-PIDEV-3A16-2526-FARMIA\vendor\symfony\http-kernel\&lt;strong&gt;HttpKernelBrowser.php&lt;/strong&gt;
            &lt;/a&gt;
                        (line 65)
            &lt;span class="icon icon-copy hidden" data-clipboard-text="C:\Users\sliti\Desktop\dev\esprit-PIDEV-3A16-2526-FARMIA\vendor\symfony\http-kernel\HttpKernelBrowser.php:65"&gt;
                &lt;svg xmlns="http://www.w3.org/2000/svg" height="24" viewBox="0 0 24 24" width="24"&gt;&lt;path d="M0 0h24v24H0z" fill="none"/&gt;&lt;path d="M16 1H4c-1.1 0-2 .9-2 2v14h2V3h12V1zm3 4H8c-1.1 0-2 .9-2 2v14c0 1.1.9 2 2 2h11c1.1 0 2-.9 2-2V7c0-1.1-.9-2-2-2zm0 16H8V7h11v14z"/&gt;&lt;/svg&gt;            &lt;/span&gt;
        &lt;/span&gt;
    &lt;/div&gt;
    &lt;div id="trace-html-1-8" class="trace-code sf-toggle-content"&gt;
        &lt;ol start="60"&gt;&lt;li&gt;&lt;code&gt;&lt;span style="color: var(--highlight-comment)"&gt;&amp;nbsp;&amp;nbsp;&amp;nbsp;&amp;nbsp;&amp;nbsp;*&lt;/span&gt;&lt;/code&gt;&lt;/li&gt;
&lt;li&gt;&lt;code&gt;&lt;span style="color: var(--highlight-comment)"&gt;&amp;nbsp;&amp;nbsp;&amp;nbsp;&amp;nbsp;&amp;nbsp;*&amp;nbsp;@return&amp;nbsp;Response&lt;/span&gt;&lt;/code&gt;&lt;/li&gt;
&lt;li&gt;&lt;code&gt;&lt;span style="color: var(--highlight-comment)"&gt;&amp;nbsp;&amp;nbsp;&amp;nbsp;&amp;nbsp;&amp;nbsp;*/&lt;/span&gt;&lt;/code&gt;&lt;/li&gt;
&lt;li&gt;&lt;code&gt;&lt;span style="color: var(--highlight-comment)"&gt;&amp;nbsp;&amp;nbsp;&amp;nbsp;&amp;nbsp;&lt;/span&gt;&lt;span style="color: var(--highlight-keyword)"&gt;protected&amp;nbsp;function&amp;nbsp;&lt;/span&gt;&lt;span style="color: var(--highlight-default)"&gt;doRequest&lt;/span&gt;&lt;span style="color: var(--highlight-keyword)"&gt;(&lt;/span&gt;&lt;span style="color: var(--highlight-default)"&gt;object&amp;nbsp;$request&lt;/span&gt;&lt;span style="color: var(--highlight-keyword)"&gt;)&lt;/span&gt;&lt;/code&gt;&lt;/li&gt;
&lt;li&gt;&lt;code&gt;&lt;span style="color: var(--highlight-keyword)"&gt;&amp;nbsp;&amp;nbsp;&amp;nbsp;&amp;nbsp;{&lt;/span&gt;&lt;/code&gt;&lt;/li&gt;
&lt;li class="selected"&gt;&lt;code&gt;&lt;span style="color: var(--highlight-keyword)"&gt;&amp;nbsp;&amp;nbsp;&amp;nbsp;&amp;nbsp;&amp;nbsp;&amp;nbsp;&amp;nbsp;&amp;nbsp;&lt;/span&gt;&lt;span style="color: var(--highlight-default)"&gt;$response&amp;nbsp;&lt;/span&gt;&lt;span style="color: var(--highlight-keyword)"&gt;=&amp;nbsp;&lt;/span&gt;&lt;span style="color: var(--highlight-default)"&gt;$this&lt;/span&gt;&lt;span style="color: var(--highlight-keyword)"&gt;-&amp;gt;&lt;/span&gt;&lt;span style="color: var(--highlight-default)"&gt;kernel&lt;/span&gt;&lt;span style="color: var(--highlight-keyword)"&gt;-&amp;gt;&lt;/span&gt;&lt;span style="color: var(--highlight-default)"&gt;handle&lt;/span&gt;&lt;span style="color: var(--highlight-keyword)"&gt;(&lt;/span&gt;&lt;span style="color: var(--highlight-default)"&gt;$request&lt;/span&gt;&lt;span style="color: var(--highlight-keyword)"&gt;,&amp;nbsp;&lt;/span&gt;&lt;span style="color: var(--highlight-default)"&gt;HttpKernelInterface&lt;/span&gt;&lt;span style="color: var(--highlight-keyword)"&gt;::&lt;/span&gt;&lt;span style="color: var(--highlight-default)"&gt;MAIN_REQUEST&lt;/span&gt;&lt;span style="color: var(--highlight-keyword)"&gt;,&amp;nbsp;&lt;/span&gt;&lt;span style="color: var(--highlight-default)"&gt;$this&lt;/span&gt;&lt;span style="color: var(--highlight-keyword)"&gt;-&amp;gt;&lt;/span&gt;&lt;span style="color: var(--highlight-default)"&gt;catchExceptions&lt;/span&gt;&lt;span style="color: var(--highlight-keyword)"&gt;);&lt;/span&gt;&lt;/code&gt;&lt;/li&gt;
&lt;li&gt;&lt;code&gt;&lt;span style="color: var(--highlight-keyword)"&gt;&lt;/span&gt;&lt;/code&gt;&lt;/li&gt;
&lt;li&gt;&lt;code&gt;&lt;span style="color: var(--highlight-keyword)"&gt;&amp;nbsp;&amp;nbsp;&amp;nbsp;&amp;nbsp;&amp;nbsp;&amp;nbsp;&amp;nbsp;&amp;nbsp;if&amp;nbsp;(&lt;/span&gt;&lt;span style="color: var(--highlight-default)"&gt;$this&lt;/span&gt;&lt;span style="color: var(--highlight-keyword)"&gt;-&amp;gt;&lt;/span&gt;&lt;span style="color: var(--highlight-default)"&gt;kernel&amp;nbsp;&lt;/span&gt;&lt;span style="color: var(--highlight-keyword)"&gt;instanceof&amp;nbsp;&lt;/span&gt;&lt;span style="color: var(--highlight-default)"&gt;TerminableInterface&lt;/span&gt;&lt;span style="color: var(--highlight-keyword)"&gt;)&amp;nbsp;{&lt;/span&gt;&lt;/code&gt;&lt;/li&gt;
&lt;li&gt;&lt;code&gt;&lt;span style="color: var(--highlight-keyword)"&gt;&amp;nbsp;&amp;nbsp;&amp;nbsp;&amp;nbsp;&amp;nbsp;&amp;nbsp;&amp;nbsp;&amp;nbsp;&amp;nbsp;&amp;nbsp;&amp;nbsp;&amp;nbsp;&lt;/span&gt;&lt;span style="color: var(--highlight-default)"&gt;$this&lt;/span&gt;&lt;span style="color: var(--highlight-keyword)"&gt;-&amp;gt;&lt;/span&gt;&lt;span style="color: var(--highlight-default)"&gt;kernel&lt;/span&gt;&lt;span style="color: var(--highlight-keyword)"&gt;-&amp;gt;&lt;/span&gt;&lt;span style="color: var(--highlight-default)"&gt;terminate&lt;/span&gt;&lt;span style="color: var(--highlight-keyword)"&gt;(&lt;/span&gt;&lt;span style="color: var(--highlight-default)"&gt;$request&lt;/span&gt;&lt;span style="color: var(--highlight-keyword)"&gt;,&amp;nbsp;&lt;/span&gt;&lt;span style="color: var(--highlight-default)"&gt;$response&lt;/span&gt;&lt;span style="color: var(--highlight-keyword)"&gt;);&lt;/span&gt;&lt;/code&gt;&lt;/li&gt;
&lt;li&gt;&lt;code&gt;&lt;span style="color: var(--highlight-keyword)"&gt;&amp;nbsp;&amp;nbsp;&amp;nbsp;&amp;nbsp;&amp;nbsp;&amp;nbsp;&amp;nbsp;&amp;nbsp;}&lt;/span&gt;&lt;/code&gt;&lt;/li&gt;
&lt;li&gt;&lt;code&gt;&lt;span style="color: var(--highlight-keyword)"&gt;&lt;/span&gt;&lt;/code&gt;&lt;/li&gt;&lt;/ol&gt;    &lt;/div&gt;            &lt;/div&gt;
                        &lt;div class="trace-line "&gt;
                &lt;div class="trace-line-header break-long-words sf-toggle" data-toggle-selector="#trace-html-1-9" data-toggle-initial=""&gt;
            &lt;span class="icon icon-close"&gt;&lt;svg width="1792" height="1792" viewBox="0 0 1792 1792" xmlns="http://www.w3.org/2000/svg"&gt;&lt;path d="M1408 960V832q0-26-19-45t-45-19H448q-26 0-45 19t-19 45v128q0 26 19 45t45 19h896q26 0 45-19t19-45zm256-544v960q0 119-84.5 203.5T1376 1664H416q-119 0-203.5-84.5T128 1376V416q0-119 84.5-203.5T416 128h960q119 0 203.5 84.5T1664 416z"/&gt;&lt;/svg&gt;&lt;/span&gt;
        &lt;span class="icon icon-open"&gt;&lt;svg width="1792" height="1792" viewBox="0 0 1792 1792" xmlns="http://www.w3.org/2000/svg"&gt;&lt;path d="M1408 960V832q0-26-19-45t-45-19h-320V448q0-26-19-45t-45-19H832q-26 0-45 19t-19 45v320H448q-26 0-45 19t-19 45v128q0 26 19 45t45 19h320v320q0 26 19 45t45 19h128q26 0 45-19t19-45v-320h320q26 0 45-19t19-45zm256-544v960q0 119-84.5 203.5T1376 1664H416q-119 0-203.5-84.5T128 1376V416q0-119 84.5-203.5T416 128h960q119 0 203.5 84.5T1664 416z"/&gt;&lt;/svg&gt;&lt;/span&gt;
    
            &lt;span class="trace-class"&gt;&lt;abbr title="Symfony\Component\HttpKernel\HttpKernelBrowser"&gt;HttpKernelBrowser&lt;/abbr&gt;&lt;/span&gt;&lt;span class="trace-type"&gt;-&gt;&lt;/span&gt;&lt;span class="trace-method"&gt;doRequest&lt;/span&gt;&lt;span class="trace-arguments"&gt;(&lt;em&gt;object&lt;/em&gt;(&lt;abbr title="Symfony\Component\HttpFoundation\Request"&gt;Request&lt;/abbr&gt;))&lt;/span&gt;    
                    &lt;span class="block trace-file-path"&gt;
            in
            &lt;a href="file://C:\Users\sliti\Desktop\dev\esprit-PIDEV-3A16-2526-FARMIA\vendor\symfony\framework-bundle\KernelBrowser.php#L175"&gt;
                C:\Users\sliti\Desktop\dev\esprit-PIDEV-3A16-2526-FARMIA\vendor\symfony\framework-bundle\&lt;strong&gt;KernelBrowser.php&lt;/strong&gt;
            &lt;/a&gt;
                        (line 175)
            &lt;span class="icon icon-copy hidden" data-clipboard-text="C:\Users\sliti\Desktop\dev\esprit-PIDEV-3A16-2526-FARMIA\vendor\symfony\framework-bundle\KernelBrowser.php:175"&gt;
                &lt;svg xmlns="http://www.w3.org/2000/svg" height="24" viewBox="0 0 24 24" width="24"&gt;&lt;path d="M0 0h24v24H0z" fill="none"/&gt;&lt;path d="M16 1H4c-1.1 0-2 .9-2 2v14h2V3h12V1zm3 4H8c-1.1 0-2 .9-2 2v14c0 1.1.9 2 2 2h11c1.1 0 2-.9 2-2V7c0-1.1-.9-2-2-2zm0 16H8V7h11v14z"/&gt;&lt;/svg&gt;            &lt;/span&gt;
        &lt;/span&gt;
    &lt;/div&gt;
    &lt;div id="trace-html-1-9" class="trace-code sf-toggle-content"&gt;
        &lt;ol start="170"&gt;&lt;li&gt;&lt;code&gt;&lt;span style="color: var(--highlight-keyword)"&gt;&lt;/span&gt;&lt;/code&gt;&lt;/li&gt;
&lt;li&gt;&lt;code&gt;&lt;span style="color: var(--highlight-keyword)"&gt;&amp;nbsp;&amp;nbsp;&amp;nbsp;&amp;nbsp;&amp;nbsp;&amp;nbsp;&amp;nbsp;&amp;nbsp;&amp;nbsp;&amp;nbsp;&amp;nbsp;&amp;nbsp;&lt;/span&gt;&lt;span style="color: var(--highlight-default)"&gt;$this&lt;/span&gt;&lt;span style="color: var(--highlight-keyword)"&gt;-&amp;gt;&lt;/span&gt;&lt;span style="color: var(--highlight-default)"&gt;kernel&lt;/span&gt;&lt;span style="color: var(--highlight-keyword)"&gt;-&amp;gt;&lt;/span&gt;&lt;span style="color: var(--highlight-default)"&gt;boot&lt;/span&gt;&lt;span style="color: var(--highlight-keyword)"&gt;();&lt;/span&gt;&lt;/code&gt;&lt;/li&gt;
&lt;li&gt;&lt;code&gt;&lt;span style="color: var(--highlight-keyword)"&gt;&amp;nbsp;&amp;nbsp;&amp;nbsp;&amp;nbsp;&amp;nbsp;&amp;nbsp;&amp;nbsp;&amp;nbsp;&amp;nbsp;&amp;nbsp;&amp;nbsp;&amp;nbsp;&lt;/span&gt;&lt;span style="color: var(--highlight-default)"&gt;$this&lt;/span&gt;&lt;span style="color: var(--highlight-keyword)"&gt;-&amp;gt;&lt;/span&gt;&lt;span style="color: var(--highlight-default)"&gt;getContainer&lt;/span&gt;&lt;span style="color: var(--highlight-keyword)"&gt;()-&amp;gt;&lt;/span&gt;&lt;span style="color: var(--highlight-default)"&gt;get&lt;/span&gt;&lt;span style="color: var(--highlight-keyword)"&gt;(&lt;/span&gt;&lt;span style="color: var(--highlight-string)"&gt;'profiler'&lt;/span&gt;&lt;span style="color: var(--highlight-keyword)"&gt;)-&amp;gt;&lt;/span&gt;&lt;span style="color: var(--highlight-default)"&gt;enable&lt;/span&gt;&lt;span style="color: var(--highlight-keyword)"&gt;();&lt;/span&gt;&lt;/code&gt;&lt;/li&gt;
&lt;li&gt;&lt;code&gt;&lt;span style="color: var(--highlight-keyword)"&gt;&amp;nbsp;&amp;nbsp;&amp;nbsp;&amp;nbsp;&amp;nbsp;&amp;nbsp;&amp;nbsp;&amp;nbsp;}&lt;/span&gt;&lt;/code&gt;&lt;/li&gt;
&lt;li&gt;&lt;code&gt;&lt;span style="color: var(--highlight-keyword)"&gt;&lt;/span&gt;&lt;/code&gt;&lt;/li&gt;
&lt;li class="selected"&gt;&lt;code&gt;&lt;span style="color: var(--highlight-keyword)"&gt;&amp;nbsp;&amp;nbsp;&amp;nbsp;&amp;nbsp;&amp;nbsp;&amp;nbsp;&amp;nbsp;&amp;nbsp;return&amp;nbsp;&lt;/span&gt;&lt;span style="color: var(--highlight-default)"&gt;parent&lt;/span&gt;&lt;span style="color: var(--highlight-keyword)"&gt;::&lt;/span&gt;&lt;span style="color: var(--highlight-default)"&gt;doRequest&lt;/span&gt;&lt;span style="color: var(--highlight-keyword)"&gt;(&lt;/span&gt;&lt;span style="color: var(--highlight-default)"&gt;$request&lt;/span&gt;&lt;span style="color: var(--highlight-keyword)"&gt;);&lt;/span&gt;&lt;/code&gt;&lt;/li&gt;
&lt;li&gt;&lt;code&gt;&lt;span style="color: var(--highlight-keyword)"&gt;&amp;nbsp;&amp;nbsp;&amp;nbsp;&amp;nbsp;}&lt;/span&gt;&lt;/code&gt;&lt;/li&gt;
&lt;li&gt;&lt;code&gt;&lt;span style="color: var(--highlight-keyword)"&gt;&lt;/span&gt;&lt;/code&gt;&lt;/li&gt;
&lt;li&gt;&lt;code&gt;&lt;span style="color: var(--highlight-keyword)"&gt;&amp;nbsp;&amp;nbsp;&amp;nbsp;&amp;nbsp;&lt;/span&gt;&lt;span style="color: var(--highlight-comment)"&gt;/**&lt;/span&gt;&lt;/code&gt;&lt;/li&gt;
&lt;li&gt;&lt;code&gt;&lt;span style="color: var(--highlight-comment)"&gt;&amp;nbsp;&amp;nbsp;&amp;nbsp;&amp;nbsp;&amp;nbsp;*&amp;nbsp;@param&amp;nbsp;Request&amp;nbsp;$request&lt;/span&gt;&lt;/code&gt;&lt;/li&gt;
&lt;li&gt;&lt;code&gt;&lt;span style="color: var(--highlight-comment)"&gt;&amp;nbsp;&amp;nbsp;&amp;nbsp;&amp;nbsp;&amp;nbsp;*/&lt;/span&gt;&lt;/code&gt;&lt;/li&gt;&lt;/ol&gt;    &lt;/div&gt;            &lt;/div&gt;
                        &lt;div class="trace-line "&gt;
                &lt;div class="trace-line-header break-long-words sf-toggle" data-toggle-selector="#trace-html-1-10" data-toggle-initial=""&gt;
            &lt;span class="icon icon-close"&gt;&lt;svg width="1792" height="1792" viewBox="0 0 1792 1792" xmlns="http://www.w3.org/2000/svg"&gt;&lt;path d="M1408 960V832q0-26-19-45t-45-19H448q-26 0-45 19t-19 45v128q0 26 19 45t45 19h896q26 0 45-19t19-45zm256-544v960q0 119-84.5 203.5T1376 1664H416q-119 0-203.5-84.5T128 1376V416q0-119 84.5-203.5T416 128h960q119 0 203.5 84.5T1664 416z"/&gt;&lt;/svg&gt;&lt;/span&gt;
        &lt;span class="icon icon-open"&gt;&lt;svg width="1792" height="1792" viewBox="0 0 1792 1792" xmlns="http://www.w3.org/2000/svg"&gt;&lt;path d="M1408 960V832q0-26-19-45t-45-19h-320V448q0-26-19-45t-45-19H832q-26 0-45 19t-19 45v320H448q-26 0-45 19t-19 45v128q0 26 19 45t45 19h320v320q0 26 19 45t45 19h128q26 0 45-19t19-45v-320h320q26 0 45-19t19-45zm256-544v960q0 119-84.5 203.5T1376 1664H416q-119 0-203.5-84.5T128 1376V416q0-119 84.5-203.5T416 128h960q119 0 203.5 84.5T1664 416z"/&gt;&lt;/svg&gt;&lt;/span&gt;
    
            &lt;span class="trace-class"&gt;&lt;abbr title="Symfony\Bundle\FrameworkBundle\KernelBrowser"&gt;KernelBrowser&lt;/abbr&gt;&lt;/span&gt;&lt;span class="trace-type"&gt;-&gt;&lt;/span&gt;&lt;span class="trace-method"&gt;doRequest&lt;/span&gt;&lt;span class="trace-arguments"&gt;(&lt;em&gt;object&lt;/em&gt;(&lt;abbr title="Symfony\Component\HttpFoundation\Request"&gt;Request&lt;/abbr&gt;))&lt;/span&gt;    
                    &lt;span class="block trace-file-path"&gt;
            in
            &lt;a href="file://C:\Users\sliti\Desktop\dev\esprit-PIDEV-3A16-2526-FARMIA\vendor\symfony\browser-kit\AbstractBrowser.php#L385"&gt;
                C:\Users\sliti\Desktop\dev\esprit-PIDEV-3A16-2526-FARMIA\vendor\symfony\browser-kit\&lt;strong&gt;AbstractBrowser.php&lt;/strong&gt;
            &lt;/a&gt;
                        (line 385)
            &lt;span class="icon icon-copy hidden" data-clipboard-text="C:\Users\sliti\Desktop\dev\esprit-PIDEV-3A16-2526-FARMIA\vendor\symfony\browser-kit\AbstractBrowser.php:385"&gt;
                &lt;svg xmlns="http://www.w3.org/2000/svg" height="24" viewBox="0 0 24 24" width="24"&gt;&lt;path d="M0 0h24v24H0z" fill="none"/&gt;&lt;path d="M16 1H4c-1.1 0-2 .9-2 2v14h2V3h12V1zm3 4H8c-1.1 0-2 .9-2 2v14c0 1.1.9 2 2 2h11c1.1 0 2-.9 2-2V7c0-1.1-.9-2-2-2zm0 16H8V7h11v14z"/&gt;&lt;/svg&gt;            &lt;/span&gt;
        &lt;/span&gt;
    &lt;/div&gt;
    &lt;div id="trace-html-1-10" class="trace-code sf-toggle-content"&gt;
        &lt;ol start="380"&gt;&lt;li&gt;&lt;code&gt;&lt;span style="color: var(--highlight-keyword)"&gt;&amp;nbsp;&amp;nbsp;&amp;nbsp;&amp;nbsp;&amp;nbsp;&amp;nbsp;&amp;nbsp;&amp;nbsp;}&lt;/span&gt;&lt;/code&gt;&lt;/li&gt;
&lt;li&gt;&lt;code&gt;&lt;span style="color: var(--highlight-keyword)"&gt;&lt;/span&gt;&lt;/code&gt;&lt;/li&gt;
&lt;li&gt;&lt;code&gt;&lt;span style="color: var(--highlight-keyword)"&gt;&amp;nbsp;&amp;nbsp;&amp;nbsp;&amp;nbsp;&amp;nbsp;&amp;nbsp;&amp;nbsp;&amp;nbsp;if&amp;nbsp;(&lt;/span&gt;&lt;span style="color: var(--highlight-default)"&gt;$this&lt;/span&gt;&lt;span style="color: var(--highlight-keyword)"&gt;-&amp;gt;&lt;/span&gt;&lt;span style="color: var(--highlight-default)"&gt;insulated&lt;/span&gt;&lt;span style="color: var(--highlight-keyword)"&gt;)&amp;nbsp;{&lt;/span&gt;&lt;/code&gt;&lt;/li&gt;
&lt;li&gt;&lt;code&gt;&lt;span style="color: var(--highlight-keyword)"&gt;&amp;nbsp;&amp;nbsp;&amp;nbsp;&amp;nbsp;&amp;nbsp;&amp;nbsp;&amp;nbsp;&amp;nbsp;&amp;nbsp;&amp;nbsp;&amp;nbsp;&amp;nbsp;&lt;/span&gt;&lt;span style="color: var(--highlight-default)"&gt;$this&lt;/span&gt;&lt;span style="color: var(--highlight-keyword)"&gt;-&amp;gt;&lt;/span&gt;&lt;span style="color: var(--highlight-default)"&gt;response&amp;nbsp;&lt;/span&gt;&lt;span style="color: var(--highlight-keyword)"&gt;=&amp;nbsp;&lt;/span&gt;&lt;span style="color: var(--highlight-default)"&gt;$this&lt;/span&gt;&lt;span style="color: var(--highlight-keyword)"&gt;-&amp;gt;&lt;/span&gt;&lt;span style="color: var(--highlight-default)"&gt;doRequestInProcess&lt;/span&gt;&lt;span style="color: var(--highlight-keyword)"&gt;(&lt;/span&gt;&lt;span style="color: var(--highlight-default)"&gt;$this&lt;/span&gt;&lt;span style="color: var(--highlight-keyword)"&gt;-&amp;gt;&lt;/span&gt;&lt;span style="color: var(--highlight-default)"&gt;request&lt;/span&gt;&lt;span style="color: var(--highlight-keyword)"&gt;);&lt;/span&gt;&lt;/code&gt;&lt;/li&gt;
&lt;li&gt;&lt;code&gt;&lt;span style="color: var(--highlight-keyword)"&gt;&amp;nbsp;&amp;nbsp;&amp;nbsp;&amp;nbsp;&amp;nbsp;&amp;nbsp;&amp;nbsp;&amp;nbsp;}&amp;nbsp;else&amp;nbsp;{&lt;/span&gt;&lt;/code&gt;&lt;/li&gt;
&lt;li class="selected"&gt;&lt;code&gt;&lt;span style="color: var(--highlight-keyword)"&gt;&amp;nbsp;&amp;nbsp;&amp;nbsp;&amp;nbsp;&amp;nbsp;&amp;nbsp;&amp;nbsp;&amp;nbsp;&amp;nbsp;&amp;nbsp;&amp;nbsp;&amp;nbsp;&lt;/span&gt;&lt;span style="color: var(--highlight-default)"&gt;$this&lt;/span&gt;&lt;span style="color: var(--highlight-keyword)"&gt;-&amp;gt;&lt;/span&gt;&lt;span style="color: var(--highlight-default)"&gt;response&amp;nbsp;&lt;/span&gt;&lt;span style="color: var(--highlight-keyword)"&gt;=&amp;nbsp;&lt;/span&gt;&lt;span style="color: var(--highlight-default)"&gt;$this&lt;/span&gt;&lt;span style="color: var(--highlight-keyword)"&gt;-&amp;gt;&lt;/span&gt;&lt;span style="color: var(--highlight-default)"&gt;doRequest&lt;/span&gt;&lt;span style="color: var(--highlight-keyword)"&gt;(&lt;/span&gt;&lt;span style="color: var(--highlight-default)"&gt;$this&lt;/span&gt;&lt;span style="color: var(--highlight-keyword)"&gt;-&amp;gt;&lt;/span&gt;&lt;span style="color: var(--highlight-default)"&gt;request&lt;/span&gt;&lt;span style="color: var(--highlight-keyword)"&gt;);&lt;/span&gt;&lt;/code&gt;&lt;/li&gt;
&lt;li&gt;&lt;code&gt;&lt;span style="color: var(--highlight-keyword)"&gt;&amp;nbsp;&amp;nbsp;&amp;nbsp;&amp;nbsp;&amp;nbsp;&amp;nbsp;&amp;nbsp;&amp;nbsp;}&lt;/span&gt;&lt;/code&gt;&lt;/li&gt;
&lt;li&gt;&lt;code&gt;&lt;span style="color: var(--highlight-keyword)"&gt;&lt;/span&gt;&lt;/code&gt;&lt;/li&gt;
&lt;li&gt;&lt;code&gt;&lt;span style="color: var(--highlight-keyword)"&gt;&amp;nbsp;&amp;nbsp;&amp;nbsp;&amp;nbsp;&amp;nbsp;&amp;nbsp;&amp;nbsp;&amp;nbsp;&lt;/span&gt;&lt;span style="color: var(--highlight-default)"&gt;$this&lt;/span&gt;&lt;span style="color: var(--highlight-keyword)"&gt;-&amp;gt;&lt;/span&gt;&lt;span style="color: var(--highlight-default)"&gt;internalResponse&amp;nbsp;&lt;/span&gt;&lt;span style="color: var(--highlight-keyword)"&gt;=&amp;nbsp;&lt;/span&gt;&lt;span style="color: var(--highlight-default)"&gt;$this&lt;/span&gt;&lt;span style="color: var(--highlight-keyword)"&gt;-&amp;gt;&lt;/span&gt;&lt;span style="color: var(--highlight-default)"&gt;filterResponse&lt;/span&gt;&lt;span style="color: var(--highlight-keyword)"&gt;(&lt;/span&gt;&lt;span style="color: var(--highlight-default)"&gt;$this&lt;/span&gt;&lt;span style="color: var(--highlight-keyword)"&gt;-&amp;gt;&lt;/span&gt;&lt;span style="color: var(--highlight-default)"&gt;response&lt;/span&gt;&lt;span style="color: var(--highlight-keyword)"&gt;);&lt;/span&gt;&lt;/code&gt;&lt;/li&gt;
&lt;li&gt;&lt;code&gt;&lt;span style="color: var(--highlight-keyword)"&gt;&lt;/span&gt;&lt;/code&gt;&lt;/li&gt;
&lt;li&gt;&lt;code&gt;&lt;span style="color: var(--highlight-keyword)"&gt;&amp;nbsp;&amp;nbsp;&amp;nbsp;&amp;nbsp;&amp;nbsp;&amp;nbsp;&amp;nbsp;&amp;nbsp;&lt;/span&gt;&lt;span style="color: var(--highlight-default)"&gt;$this&lt;/span&gt;&lt;span style="color: var(--highlight-keyword)"&gt;-&amp;gt;&lt;/span&gt;&lt;span style="color: var(--highlight-default)"&gt;cookieJar&lt;/span&gt;&lt;span style="color: var(--highlight-keyword)"&gt;-&amp;gt;&lt;/span&gt;&lt;span style="color: var(--highlight-default)"&gt;updateFromResponse&lt;/span&gt;&lt;span style="color: var(--highlight-keyword)"&gt;(&lt;/span&gt;&lt;span style="color: var(--highlight-default)"&gt;$this&lt;/span&gt;&lt;span style="color: var(--highlight-keyword)"&gt;-&amp;gt;&lt;/span&gt;&lt;span style="color: var(--highlight-default)"&gt;internalResponse&lt;/span&gt;&lt;span style="color: var(--highlight-keyword)"&gt;,&amp;nbsp;&lt;/span&gt;&lt;span style="color: var(--highlight-default)"&gt;$uri&lt;/span&gt;&lt;span style="color: var(--highlight-keyword)"&gt;);&lt;/span&gt;&lt;/code&gt;&lt;/li&gt;&lt;/ol&gt;    &lt;/div&gt;            &lt;/div&gt;
                        &lt;div class="trace-line "&gt;
                &lt;div class="trace-line-header break-long-words sf-toggle" data-toggle-selector="#trace-html-1-11" data-toggle-initial=""&gt;
            &lt;span class="icon icon-close"&gt;&lt;svg width="1792" height="1792" viewBox="0 0 1792 1792" xmlns="http://www.w3.org/2000/svg"&gt;&lt;path d="M1408 960V832q0-26-19-45t-45-19H448q-26 0-45 19t-19 45v128q0 26 19 45t45 19h896q26 0 45-19t19-45zm256-544v960q0 119-84.5 203.5T1376 1664H416q-119 0-203.5-84.5T128 1376V416q0-119 84.5-203.5T416 128h960q119 0 203.5 84.5T1664 416z"/&gt;&lt;/svg&gt;&lt;/span&gt;
        &lt;span class="icon icon-open"&gt;&lt;svg width="1792" height="1792" viewBox="0 0 1792 1792" xmlns="http://www.w3.org/2000/svg"&gt;&lt;path d="M1408 960V832q0-26-19-45t-45-19h-320V448q0-26-19-45t-45-19H832q-26 0-45 19t-19 45v320H448q-26 0-45 19t-19 45v128q0 26 19 45t45 19h320v320q0 26 19 45t45 19h128q26 0 45-19t19-45v-320h320q26 0 45-19t19-45zm256-544v960q0 119-84.5 203.5T1376 1664H416q-119 0-203.5-84.5T128 1376V416q0-119 84.5-203.5T416 128h960q119 0 203.5 84.5T1664 416z"/&gt;&lt;/svg&gt;&lt;/span&gt;
    
            &lt;span class="trace-class"&gt;&lt;abbr title="Symfony\Component\BrowserKit\AbstractBrowser"&gt;AbstractBrowser&lt;/abbr&gt;&lt;/span&gt;&lt;span class="trace-type"&gt;-&gt;&lt;/span&gt;&lt;span class="trace-method"&gt;request&lt;/span&gt;&lt;span class="trace-arguments"&gt;('GET', 'http://localhost/expert/conseil')&lt;/span&gt;    
                    &lt;span class="block trace-file-path"&gt;
            in
            &lt;a href="file://C:\Users\sliti\Desktop\dev\esprit-PIDEV-3A16-2526-FARMIA\tests\Functional\Controller\ExpertConseilControllerTest.php#L98"&gt;
                C:\Users\sliti\Desktop\dev\esprit-PIDEV-3A16-2526-FARMIA\tests\Functional\Controller\&lt;strong&gt;ExpertConseilControllerTest.php&lt;/strong&gt;
            &lt;/a&gt;
                        (line 98)
            &lt;span class="icon icon-copy hidden" data-clipboard-text="C:\Users\sliti\Desktop\dev\esprit-PIDEV-3A16-2526-FARMIA\tests\Functional\Controller\ExpertConseilControllerTest.php:98"&gt;
                &lt;svg xmlns="http://www.w3.org/2000/svg" height="24" viewBox="0 0 24 24" width="24"&gt;&lt;path d="M0 0h24v24H0z" fill="none"/&gt;&lt;path d="M16 1H4c-1.1 0-2 .9-2 2v14h2V3h12V1zm3 4H8c-1.1 0-2 .9-2 2v14c0 1.1.9 2 2 2h11c1.1 0 2-.9 2-2V7c0-1.1-.9-2-2-2zm0 16H8V7h11v14z"/&gt;&lt;/svg&gt;            &lt;/span&gt;
        &lt;/span&gt;
    &lt;/div&gt;
    &lt;div id="trace-html-1-11" class="trace-code sf-toggle-content"&gt;
        &lt;ol start="93"&gt;&lt;li&gt;&lt;code&gt;&lt;span style="color: var(--highlight-comment)"&gt;&amp;nbsp;&amp;nbsp;&amp;nbsp;&amp;nbsp;&lt;/span&gt;&lt;span style="color: var(--highlight-keyword)"&gt;public&amp;nbsp;function&amp;nbsp;&lt;/span&gt;&lt;span style="color: var(--highlight-default)"&gt;testNonExpertCannotAccessExpertConseilRoutes&lt;/span&gt;&lt;span style="color: var(--highlight-keyword)"&gt;():&amp;nbsp;&lt;/span&gt;&lt;span style="color: var(--highlight-default)"&gt;void&lt;/span&gt;&lt;/code&gt;&lt;/li&gt;
&lt;li&gt;&lt;code&gt;&lt;span style="color: var(--highlight-default)"&gt;&amp;nbsp;&amp;nbsp;&amp;nbsp;&amp;nbsp;&lt;/span&gt;&lt;span style="color: var(--highlight-keyword)"&gt;{&lt;/span&gt;&lt;/code&gt;&lt;/li&gt;
&lt;li&gt;&lt;code&gt;&lt;span style="color: var(--highlight-keyword)"&gt;&amp;nbsp;&amp;nbsp;&amp;nbsp;&amp;nbsp;&amp;nbsp;&amp;nbsp;&amp;nbsp;&amp;nbsp;&lt;/span&gt;&lt;span style="color: var(--highlight-default)"&gt;$this&lt;/span&gt;&lt;span style="color: var(--highlight-keyword)"&gt;-&amp;gt;&lt;/span&gt;&lt;span style="color: var(--highlight-default)"&gt;logout&lt;/span&gt;&lt;span style="color: var(--highlight-keyword)"&gt;();&lt;/span&gt;&lt;/code&gt;&lt;/li&gt;
&lt;li&gt;&lt;code&gt;&lt;span style="color: var(--highlight-keyword)"&gt;&amp;nbsp;&amp;nbsp;&amp;nbsp;&amp;nbsp;&amp;nbsp;&amp;nbsp;&amp;nbsp;&amp;nbsp;&lt;/span&gt;&lt;span style="color: var(--highlight-default)"&gt;$this&lt;/span&gt;&lt;span style="color: var(--highlight-keyword)"&gt;-&amp;gt;&lt;/span&gt;&lt;span style="color: var(--highlight-default)"&gt;loginAsUser&lt;/span&gt;&lt;span style="color: var(--highlight-keyword)"&gt;();&lt;/span&gt;&lt;/code&gt;&lt;/li&gt;
&lt;li&gt;&lt;code&gt;&lt;span style="color: var(--highlight-keyword)"&gt;&lt;/span&gt;&lt;/code&gt;&lt;/li&gt;
&lt;li class="selected"&gt;&lt;code&gt;&lt;span style="color: var(--highlight-keyword)"&gt;&amp;nbsp;&amp;nbsp;&amp;nbsp;&amp;nbsp;&amp;nbsp;&amp;nbsp;&amp;nbsp;&amp;nbsp;&lt;/span&gt;&lt;span style="color: var(--highlight-default)"&gt;self&lt;/span&gt;&lt;span style="color: var(--highlight-keyword)"&gt;::&lt;/span&gt;&lt;span style="color: var(--highlight-default)"&gt;$client&lt;/span&gt;&lt;span style="color: var(--highlight-keyword)"&gt;-&amp;gt;&lt;/span&gt;&lt;span style="color: var(--highlight-default)"&gt;request&lt;/span&gt;&lt;span style="color: var(--highlight-keyword)"&gt;(&lt;/span&gt;&lt;span style="color: var(--highlight-string)"&gt;'GET'&lt;/span&gt;&lt;span style="color: var(--highlight-keyword)"&gt;,&amp;nbsp;&lt;/span&gt;&lt;span style="color: var(--highlight-string)"&gt;'/expert/conseil'&lt;/span&gt;&lt;span style="color: var(--highlight-keyword)"&gt;);&lt;/span&gt;&lt;/code&gt;&lt;/li&gt;
&lt;li&gt;&lt;code&gt;&lt;span style="color: var(--highlight-keyword)"&gt;&lt;/span&gt;&lt;/code&gt;&lt;/li&gt;
&lt;li&gt;&lt;code&gt;&lt;span style="color: var(--highlight-keyword)"&gt;&amp;nbsp;&amp;nbsp;&amp;nbsp;&amp;nbsp;&amp;nbsp;&amp;nbsp;&amp;nbsp;&amp;nbsp;&lt;/span&gt;&lt;span style="color: var(--highlight-default)"&gt;$this&lt;/span&gt;&lt;span style="color: var(--highlight-keyword)"&gt;-&amp;gt;&lt;/span&gt;&lt;span style="color: var(--highlight-default)"&gt;assertResponseStatusCodeSame&lt;/span&gt;&lt;span style="color: var(--highlight-keyword)"&gt;(&lt;/span&gt;&lt;span style="color: var(--highlight-default)"&gt;403&lt;/span&gt;&lt;span style="color: var(--highlight-keyword)"&gt;);&lt;/span&gt;&lt;/code&gt;&lt;/li&gt;
&lt;li&gt;&lt;code&gt;&lt;span style="color: var(--highlight-keyword)"&gt;&amp;nbsp;&amp;nbsp;&amp;nbsp;&amp;nbsp;}&lt;/span&gt;&lt;/code&gt;&lt;/li&gt;
&lt;li&gt;&lt;code&gt;&lt;span style="color: var(--highlight-keyword)"&gt;&#13;&lt;/span&gt;&lt;/code&gt;&lt;/li&gt;
&lt;li&gt;&lt;code&gt;&lt;span style="color: var(--highlight-keyword)"&gt;&amp;nbsp;&amp;nbsp;&amp;nbsp;&amp;nbsp;&lt;/span&gt;&lt;span style="color: var(--highlight-comment)"&gt;/**&#13;&lt;/span&gt;&lt;/code&gt;&lt;/li&gt;&lt;/ol&gt;    &lt;/div&gt;            &lt;/div&gt;
                        &lt;div class="trace-line "&gt;
                &lt;div class="trace-line-header break-long-words sf-toggle" data-toggle-selector="#trace-html-1-12" data-toggle-initial=""&gt;
            &lt;span class="icon icon-close"&gt;&lt;svg width="1792" height="1792" viewBox="0 0 1792 1792" xmlns="http://www.w3.org/2000/svg"&gt;&lt;path d="M1408 960V832q0-26-19-45t-45-19H448q-26 0-45 19t-19 45v128q0 26 19 45t45 19h896q26 0 45-19t19-45zm256-544v960q0 119-84.5 203.5T1376 1664H416q-119 0-203.5-84.5T128 1376V416q0-119 84.5-203.5T416 128h960q119 0 203.5 84.5T1664 416z"/&gt;&lt;/svg&gt;&lt;/span&gt;
        &lt;span class="icon icon-open"&gt;&lt;svg width="1792" height="1792" viewBox="0 0 1792 1792" xmlns="http://www.w3.org/2000/svg"&gt;&lt;path d="M1408 960V832q0-26-19-45t-45-19h-320V448q0-26-19-45t-45-19H832q-26 0-45 19t-19 45v320H448q-26 0-45 19t-19 45v128q0 26 19 45t45 19h320v320q0 26 19 45t45 19h128q26 0 45-19t19-45v-320h320q26 0 45-19t19-45zm256-544v960q0 119-84.5 203.5T1376 1664H416q-119 0-203.5-84.5T128 1376V416q0-119 84.5-203.5T416 128h960q119 0 203.5 84.5T1664 416z"/&gt;&lt;/svg&gt;&lt;/span&gt;
    
            &lt;span class="trace-class"&gt;&lt;abbr title="App\Tests\Functional\Controller\ExpertConseilControllerTest"&gt;ExpertConseilControllerTest&lt;/abbr&gt;&lt;/span&gt;&lt;span class="trace-type"&gt;-&gt;&lt;/span&gt;&lt;span class="trace-method"&gt;testNonExpertCannotAccessExpertConseilRoutes&lt;/span&gt;&lt;span class="trace-arguments"&gt;()&lt;/span&gt;    
                    &lt;span class="block trace-file-path"&gt;
            in
            &lt;a href="file://C:\Users\sliti\Desktop\dev\esprit-PIDEV-3A16-2526-FARMIA\vendor\phpunit\phpunit\src\Framework\TestCase.php#L1617"&gt;
                C:\Users\sliti\Desktop\dev\esprit-PIDEV-3A16-2526-FARMIA\vendor\phpunit\phpunit\src\Framework\&lt;strong&gt;TestCase.php&lt;/strong&gt;
            &lt;/a&gt;
                        (line 1617)
            &lt;span class="icon icon-copy hidden" data-clipboard-text="C:\Users\sliti\Desktop\dev\esprit-PIDEV-3A16-2526-FARMIA\vendor\phpunit\phpunit\src\Framework\TestCase.php:1617"&gt;
                &lt;svg xmlns="http://www.w3.org/2000/svg" height="24" viewBox="0 0 24 24" width="24"&gt;&lt;path d="M0 0h24v24H0z" fill="none"/&gt;&lt;path d="M16 1H4c-1.1 0-2 .9-2 2v14h2V3h12V1zm3 4H8c-1.1 0-2 .9-2 2v14c0 1.1.9 2 2 2h11c1.1 0 2-.9 2-2V7c0-1.1-.9-2-2-2zm0 16H8V7h11v14z"/&gt;&lt;/svg&gt;            &lt;/span&gt;
        &lt;/span&gt;
    &lt;/div&gt;
    &lt;div id="trace-html-1-12" class="trace-code sf-toggle-content"&gt;
        &lt;ol start="1612"&gt;&lt;li&gt;&lt;code&gt;&lt;span style="color: var(--highlight-keyword)"&gt;&amp;nbsp;&amp;nbsp;&amp;nbsp;&amp;nbsp;&amp;nbsp;&amp;nbsp;&amp;nbsp;&amp;nbsp;&lt;/span&gt;&lt;span style="color: var(--highlight-default)"&gt;$testArguments&amp;nbsp;&lt;/span&gt;&lt;span style="color: var(--highlight-keyword)"&gt;=&amp;nbsp;&lt;/span&gt;&lt;span style="color: var(--highlight-default)"&gt;array_merge&lt;/span&gt;&lt;span style="color: var(--highlight-keyword)"&gt;(&lt;/span&gt;&lt;span style="color: var(--highlight-default)"&gt;$this&lt;/span&gt;&lt;span style="color: var(--highlight-keyword)"&gt;-&amp;gt;&lt;/span&gt;&lt;span style="color: var(--highlight-default)"&gt;data&lt;/span&gt;&lt;span style="color: var(--highlight-keyword)"&gt;,&amp;nbsp;&lt;/span&gt;&lt;span style="color: var(--highlight-default)"&gt;$this&lt;/span&gt;&lt;span style="color: var(--highlight-keyword)"&gt;-&amp;gt;&lt;/span&gt;&lt;span style="color: var(--highlight-default)"&gt;dependencyInput&lt;/span&gt;&lt;span style="color: var(--highlight-keyword)"&gt;);&lt;/span&gt;&lt;/code&gt;&lt;/li&gt;
&lt;li&gt;&lt;code&gt;&lt;span style="color: var(--highlight-keyword)"&gt;&lt;/span&gt;&lt;/code&gt;&lt;/li&gt;
&lt;li&gt;&lt;code&gt;&lt;span style="color: var(--highlight-keyword)"&gt;&amp;nbsp;&amp;nbsp;&amp;nbsp;&amp;nbsp;&amp;nbsp;&amp;nbsp;&amp;nbsp;&amp;nbsp;&lt;/span&gt;&lt;span style="color: var(--highlight-default)"&gt;$this&lt;/span&gt;&lt;span style="color: var(--highlight-keyword)"&gt;-&amp;gt;&lt;/span&gt;&lt;span style="color: var(--highlight-default)"&gt;registerMockObjectsFromTestArguments&lt;/span&gt;&lt;span style="color: var(--highlight-keyword)"&gt;(&lt;/span&gt;&lt;span style="color: var(--highlight-default)"&gt;$testArguments&lt;/span&gt;&lt;span style="color: var(--highlight-keyword)"&gt;);&lt;/span&gt;&lt;/code&gt;&lt;/li&gt;
&lt;li&gt;&lt;code&gt;&lt;span style="color: var(--highlight-keyword)"&gt;&lt;/span&gt;&lt;/code&gt;&lt;/li&gt;
&lt;li&gt;&lt;code&gt;&lt;span style="color: var(--highlight-keyword)"&gt;&amp;nbsp;&amp;nbsp;&amp;nbsp;&amp;nbsp;&amp;nbsp;&amp;nbsp;&amp;nbsp;&amp;nbsp;try&amp;nbsp;{&lt;/span&gt;&lt;/code&gt;&lt;/li&gt;
&lt;li class="selected"&gt;&lt;code&gt;&lt;span style="color: var(--highlight-keyword)"&gt;&amp;nbsp;&amp;nbsp;&amp;nbsp;&amp;nbsp;&amp;nbsp;&amp;nbsp;&amp;nbsp;&amp;nbsp;&amp;nbsp;&amp;nbsp;&amp;nbsp;&amp;nbsp;&lt;/span&gt;&lt;span style="color: var(--highlight-default)"&gt;$testResult&amp;nbsp;&lt;/span&gt;&lt;span style="color: var(--highlight-keyword)"&gt;=&amp;nbsp;&lt;/span&gt;&lt;span style="color: var(--highlight-default)"&gt;$this&lt;/span&gt;&lt;span style="color: var(--highlight-keyword)"&gt;-&amp;gt;{&lt;/span&gt;&lt;span style="color: var(--highlight-default)"&gt;$this&lt;/span&gt;&lt;span style="color: var(--highlight-keyword)"&gt;-&amp;gt;&lt;/span&gt;&lt;span style="color: var(--highlight-default)"&gt;name&lt;/span&gt;&lt;span style="color: var(--highlight-keyword)"&gt;}(...&lt;/span&gt;&lt;span style="color: var(--highlight-default)"&gt;array_values&lt;/span&gt;&lt;span style="color: var(--highlight-keyword)"&gt;(&lt;/span&gt;&lt;span style="color: var(--highlight-default)"&gt;$testArguments&lt;/span&gt;&lt;span style="color: var(--highlight-keyword)"&gt;));&lt;/span&gt;&lt;/code&gt;&lt;/li&gt;
&lt;li&gt;&lt;code&gt;&lt;span style="color: var(--highlight-keyword)"&gt;&amp;nbsp;&amp;nbsp;&amp;nbsp;&amp;nbsp;&amp;nbsp;&amp;nbsp;&amp;nbsp;&amp;nbsp;}&amp;nbsp;catch&amp;nbsp;(&lt;/span&gt;&lt;span style="color: var(--highlight-default)"&gt;Throwable&amp;nbsp;$exception&lt;/span&gt;&lt;span style="color: var(--highlight-keyword)"&gt;)&amp;nbsp;{&lt;/span&gt;&lt;/code&gt;&lt;/li&gt;
&lt;li&gt;&lt;code&gt;&lt;span style="color: var(--highlight-keyword)"&gt;&amp;nbsp;&amp;nbsp;&amp;nbsp;&amp;nbsp;&amp;nbsp;&amp;nbsp;&amp;nbsp;&amp;nbsp;&amp;nbsp;&amp;nbsp;&amp;nbsp;&amp;nbsp;if&amp;nbsp;(!&lt;/span&gt;&lt;span style="color: var(--highlight-default)"&gt;$this&lt;/span&gt;&lt;span style="color: var(--highlight-keyword)"&gt;-&amp;gt;&lt;/span&gt;&lt;span style="color: var(--highlight-default)"&gt;checkExceptionExpectations&lt;/span&gt;&lt;span style="color: var(--highlight-keyword)"&gt;(&lt;/span&gt;&lt;span style="color: var(--highlight-default)"&gt;$exception&lt;/span&gt;&lt;span style="color: var(--highlight-keyword)"&gt;))&amp;nbsp;{&lt;/span&gt;&lt;/code&gt;&lt;/li&gt;
&lt;li&gt;&lt;code&gt;&lt;span style="color: var(--highlight-keyword)"&gt;&amp;nbsp;&amp;nbsp;&amp;nbsp;&amp;nbsp;&amp;nbsp;&amp;nbsp;&amp;nbsp;&amp;nbsp;&amp;nbsp;&amp;nbsp;&amp;nbsp;&amp;nbsp;&amp;nbsp;&amp;nbsp;&amp;nbsp;&amp;nbsp;throw&amp;nbsp;&lt;/span&gt;&lt;span style="color: var(--highlight-default)"&gt;$exception&lt;/span&gt;&lt;span style="color: var(--highlight-keyword)"&gt;;&lt;/span&gt;&lt;/code&gt;&lt;/li&gt;
&lt;li&gt;&lt;code&gt;&lt;span style="color: var(--highlight-keyword)"&gt;&amp;nbsp;&amp;nbsp;&amp;nbsp;&amp;nbsp;&amp;nbsp;&amp;nbsp;&amp;nbsp;&amp;nbsp;&amp;nbsp;&amp;nbsp;&amp;nbsp;&amp;nbsp;}&lt;/span&gt;&lt;/code&gt;&lt;/li&gt;
&lt;li&gt;&lt;code&gt;&lt;span style="color: var(--highlight-keyword)"&gt;&lt;/span&gt;&lt;/code&gt;&lt;/li&gt;&lt;/ol&gt;    &lt;/div&gt;            &lt;/div&gt;
                        &lt;div class="trace-line "&gt;
                &lt;div class="trace-line-header break-long-words sf-toggle" data-toggle-selector="#trace-html-1-13" data-toggle-initial=""&gt;
            &lt;span class="icon icon-close"&gt;&lt;svg width="1792" height="1792" viewBox="0 0 1792 1792" xmlns="http://www.w3.org/2000/svg"&gt;&lt;path d="M1408 960V832q0-26-19-45t-45-19H448q-26 0-45 19t-19 45v128q0 26 19 45t45 19h896q26 0 45-19t19-45zm256-544v960q0 119-84.5 203.5T1376 1664H416q-119 0-203.5-84.5T128 1376V416q0-119 84.5-203.5T416 128h960q119 0 203.5 84.5T1664 416z"/&gt;&lt;/svg&gt;&lt;/span&gt;
        &lt;span class="icon icon-open"&gt;&lt;svg width="1792" height="1792" viewBox="0 0 1792 1792" xmlns="http://www.w3.org/2000/svg"&gt;&lt;path d="M1408 960V832q0-26-19-45t-45-19h-320V448q0-26-19-45t-45-19H832q-26 0-45 19t-19 45v320H448q-26 0-45 19t-19 45v128q0 26 19 45t45 19h320v320q0 26 19 45t45 19h128q26 0 45-19t19-45v-320h320q26 0 45-19t19-45zm256-544v960q0 119-84.5 203.5T1376 1664H416q-119 0-203.5-84.5T128 1376V416q0-119 84.5-203.5T416 128h960q119 0 203.5 84.5T1664 416z"/&gt;&lt;/svg&gt;&lt;/span&gt;
    
            &lt;span class="trace-class"&gt;&lt;abbr title="PHPUnit\Framework\TestCase"&gt;TestCase&lt;/abbr&gt;&lt;/span&gt;&lt;span class="trace-type"&gt;-&gt;&lt;/span&gt;&lt;span class="trace-method"&gt;runTest&lt;/span&gt;&lt;span class="trace-arguments"&gt;()&lt;/span&gt;    
                    &lt;span class="block trace-file-path"&gt;
            in
            &lt;a href="file://C:\Users\sliti\Desktop\dev\esprit-PIDEV-3A16-2526-FARMIA\vendor\phpunit\phpunit\src\Framework\TestCase.php#L1223"&gt;
                C:\Users\sliti\Desktop\dev\esprit-PIDEV-3A16-2526-FARMIA\vendor\phpunit\phpunit\src\Framework\&lt;strong&gt;TestCase.php&lt;/strong&gt;
            &lt;/a&gt;
                        (line 1223)
            &lt;span class="icon icon-copy hidden" data-clipboard-text="C:\Users\sliti\Desktop\dev\esprit-PIDEV-3A16-2526-FARMIA\vendor\phpunit\phpunit\src\Framework\TestCase.php:1223"&gt;
                &lt;svg xmlns="http://www.w3.org/2000/svg" height="24" viewBox="0 0 24 24" width="24"&gt;&lt;path d="M0 0h24v24H0z" fill="none"/&gt;&lt;path d="M16 1H4c-1.1 0-2 .9-2 2v14h2V3h12V1zm3 4H8c-1.1 0-2 .9-2 2v14c0 1.1.9 2 2 2h11c1.1 0 2-.9 2-2V7c0-1.1-.9-2-2-2zm0 16H8V7h11v14z"/&gt;&lt;/svg&gt;            &lt;/span&gt;
        &lt;/span&gt;
    &lt;/div&gt;
    &lt;div id="trace-html-1-13" class="trace-code sf-toggle-content"&gt;
        &lt;ol start="1218"&gt;&lt;li&gt;&lt;code&gt;&lt;span style="color: var(--highlight-keyword)"&gt;&lt;/span&gt;&lt;/code&gt;&lt;/li&gt;
&lt;li&gt;&lt;code&gt;&lt;span style="color: var(--highlight-keyword)"&gt;&amp;nbsp;&amp;nbsp;&amp;nbsp;&amp;nbsp;&amp;nbsp;&amp;nbsp;&amp;nbsp;&amp;nbsp;&amp;nbsp;&amp;nbsp;&amp;nbsp;&amp;nbsp;foreach&amp;nbsp;(&lt;/span&gt;&lt;span style="color: var(--highlight-default)"&gt;$hookMethods&lt;/span&gt;&lt;span style="color: var(--highlight-keyword)"&gt;[&lt;/span&gt;&lt;span style="color: var(--highlight-string)"&gt;'preCondition'&lt;/span&gt;&lt;span style="color: var(--highlight-keyword)"&gt;]&amp;nbsp;as&amp;nbsp;&lt;/span&gt;&lt;span style="color: var(--highlight-default)"&gt;$method&lt;/span&gt;&lt;span style="color: var(--highlight-keyword)"&gt;)&amp;nbsp;{&lt;/span&gt;&lt;/code&gt;&lt;/li&gt;
&lt;li&gt;&lt;code&gt;&lt;span style="color: var(--highlight-keyword)"&gt;&amp;nbsp;&amp;nbsp;&amp;nbsp;&amp;nbsp;&amp;nbsp;&amp;nbsp;&amp;nbsp;&amp;nbsp;&amp;nbsp;&amp;nbsp;&amp;nbsp;&amp;nbsp;&amp;nbsp;&amp;nbsp;&amp;nbsp;&amp;nbsp;&lt;/span&gt;&lt;span style="color: var(--highlight-default)"&gt;$this&lt;/span&gt;&lt;span style="color: var(--highlight-keyword)"&gt;-&amp;gt;{&lt;/span&gt;&lt;span style="color: var(--highlight-default)"&gt;$method&lt;/span&gt;&lt;span style="color: var(--highlight-keyword)"&gt;}();&lt;/span&gt;&lt;/code&gt;&lt;/li&gt;
&lt;li&gt;&lt;code&gt;&lt;span style="color: var(--highlight-keyword)"&gt;&amp;nbsp;&amp;nbsp;&amp;nbsp;&amp;nbsp;&amp;nbsp;&amp;nbsp;&amp;nbsp;&amp;nbsp;&amp;nbsp;&amp;nbsp;&amp;nbsp;&amp;nbsp;}&lt;/span&gt;&lt;/code&gt;&lt;/li&gt;
&lt;li&gt;&lt;code&gt;&lt;span style="color: var(--highlight-keyword)"&gt;&lt;/span&gt;&lt;/code&gt;&lt;/li&gt;
&lt;li class="selected"&gt;&lt;code&gt;&lt;span style="color: var(--highlight-keyword)"&gt;&amp;nbsp;&amp;nbsp;&amp;nbsp;&amp;nbsp;&amp;nbsp;&amp;nbsp;&amp;nbsp;&amp;nbsp;&amp;nbsp;&amp;nbsp;&amp;nbsp;&amp;nbsp;&lt;/span&gt;&lt;span style="color: var(--highlight-default)"&gt;$this&lt;/span&gt;&lt;span style="color: var(--highlight-keyword)"&gt;-&amp;gt;&lt;/span&gt;&lt;span style="color: var(--highlight-default)"&gt;testResult&amp;nbsp;&lt;/span&gt;&lt;span style="color: var(--highlight-keyword)"&gt;=&amp;nbsp;&lt;/span&gt;&lt;span style="color: var(--highlight-default)"&gt;$this&lt;/span&gt;&lt;span style="color: var(--highlight-keyword)"&gt;-&amp;gt;&lt;/span&gt;&lt;span style="color: var(--highlight-default)"&gt;runTest&lt;/span&gt;&lt;span style="color: var(--highlight-keyword)"&gt;();&lt;/span&gt;&lt;/code&gt;&lt;/li&gt;
&lt;li&gt;&lt;code&gt;&lt;span style="color: var(--highlight-keyword)"&gt;&amp;nbsp;&amp;nbsp;&amp;nbsp;&amp;nbsp;&amp;nbsp;&amp;nbsp;&amp;nbsp;&amp;nbsp;&amp;nbsp;&amp;nbsp;&amp;nbsp;&amp;nbsp;&lt;/span&gt;&lt;span style="color: var(--highlight-default)"&gt;$this&lt;/span&gt;&lt;span style="color: var(--highlight-keyword)"&gt;-&amp;gt;&lt;/span&gt;&lt;span style="color: var(--highlight-default)"&gt;verifyMockObjects&lt;/span&gt;&lt;span style="color: var(--highlight-keyword)"&gt;();&lt;/span&gt;&lt;/code&gt;&lt;/li&gt;
&lt;li&gt;&lt;code&gt;&lt;span style="color: var(--highlight-keyword)"&gt;&lt;/span&gt;&lt;/code&gt;&lt;/li&gt;
&lt;li&gt;&lt;code&gt;&lt;span style="color: var(--highlight-keyword)"&gt;&amp;nbsp;&amp;nbsp;&amp;nbsp;&amp;nbsp;&amp;nbsp;&amp;nbsp;&amp;nbsp;&amp;nbsp;&amp;nbsp;&amp;nbsp;&amp;nbsp;&amp;nbsp;foreach&amp;nbsp;(&lt;/span&gt;&lt;span style="color: var(--highlight-default)"&gt;$hookMethods&lt;/span&gt;&lt;span style="color: var(--highlight-keyword)"&gt;[&lt;/span&gt;&lt;span style="color: var(--highlight-string)"&gt;'postCondition'&lt;/span&gt;&lt;span style="color: var(--highlight-keyword)"&gt;]&amp;nbsp;as&amp;nbsp;&lt;/span&gt;&lt;span style="color: var(--highlight-default)"&gt;$method&lt;/span&gt;&lt;span style="color: var(--highlight-keyword)"&gt;)&amp;nbsp;{&lt;/span&gt;&lt;/code&gt;&lt;/li&gt;
&lt;li&gt;&lt;code&gt;&lt;span style="color: var(--highlight-keyword)"&gt;&amp;nbsp;&amp;nbsp;&amp;nbsp;&amp;nbsp;&amp;nbsp;&amp;nbsp;&amp;nbsp;&amp;nbsp;&amp;nbsp;&amp;nbsp;&amp;nbsp;&amp;nbsp;&amp;nbsp;&amp;nbsp;&amp;nbsp;&amp;nbsp;&lt;/span&gt;&lt;span style="color: var(--highlight-default)"&gt;$this&lt;/span&gt;&lt;span style="color: var(--highlight-keyword)"&gt;-&amp;gt;{&lt;/span&gt;&lt;span style="color: var(--highlight-default)"&gt;$method&lt;/span&gt;&lt;span style="color: var(--highlight-keyword)"&gt;}();&lt;/span&gt;&lt;/code&gt;&lt;/li&gt;
&lt;li&gt;&lt;code&gt;&lt;span style="color: var(--highlight-keyword)"&gt;&amp;nbsp;&amp;nbsp;&amp;nbsp;&amp;nbsp;&amp;nbsp;&amp;nbsp;&amp;nbsp;&amp;nbsp;&amp;nbsp;&amp;nbsp;&amp;nbsp;&amp;nbsp;}&lt;/span&gt;&lt;/code&gt;&lt;/li&gt;&lt;/ol&gt;    &lt;/div&gt;            &lt;/div&gt;
                        &lt;div class="trace-line "&gt;
                &lt;div class="trace-line-header break-long-words sf-toggle" data-toggle-selector="#trace-html-1-14" data-toggle-initial=""&gt;
            &lt;span class="icon icon-close"&gt;&lt;svg width="1792" height="1792" viewBox="0 0 1792 1792" xmlns="http://www.w3.org/2000/svg"&gt;&lt;path d="M1408 960V832q0-26-19-45t-45-19H448q-26 0-45 19t-19 45v128q0 26 19 45t45 19h896q26 0 45-19t19-45zm256-544v960q0 119-84.5 203.5T1376 1664H416q-119 0-203.5-84.5T128 1376V416q0-119 84.5-203.5T416 128h960q119 0 203.5 84.5T1664 416z"/&gt;&lt;/svg&gt;&lt;/span&gt;
        &lt;span class="icon icon-open"&gt;&lt;svg width="1792" height="1792" viewBox="0 0 1792 1792" xmlns="http://www.w3.org/2000/svg"&gt;&lt;path d="M1408 960V832q0-26-19-45t-45-19h-320V448q0-26-19-45t-45-19H832q-26 0-45 19t-19 45v320H448q-26 0-45 19t-19 45v128q0 26 19 45t45 19h320v320q0 26 19 45t45 19h128q26 0 45-19t19-45v-320h320q26 0 45-19t19-45zm256-544v960q0 119-84.5 203.5T1376 1664H416q-119 0-203.5-84.5T128 1376V416q0-119 84.5-203.5T416 128h960q119 0 203.5 84.5T1664 416z"/&gt;&lt;/svg&gt;&lt;/span&gt;
    
            &lt;span class="trace-class"&gt;&lt;abbr title="PHPUnit\Framework\TestCase"&gt;TestCase&lt;/abbr&gt;&lt;/span&gt;&lt;span class="trace-type"&gt;-&gt;&lt;/span&gt;&lt;span class="trace-method"&gt;runBare&lt;/span&gt;&lt;span class="trace-arguments"&gt;()&lt;/span&gt;    
                    &lt;span class="block trace-file-path"&gt;
            in
            &lt;a href="file://C:\Users\sliti\Desktop\dev\esprit-PIDEV-3A16-2526-FARMIA\vendor\phpunit\phpunit\src\Framework\TestResult.php#L729"&gt;
                C:\Users\sliti\Desktop\dev\esprit-PIDEV-3A16-2526-FARMIA\vendor\phpunit\phpunit\src\Framework\&lt;strong&gt;TestResult.php&lt;/strong&gt;
            &lt;/a&gt;
                        (line 729)
            &lt;span class="icon icon-copy hidden" data-clipboard-text="C:\Users\sliti\Desktop\dev\esprit-PIDEV-3A16-2526-FARMIA\vendor\phpunit\phpunit\src\Framework\TestResult.php:729"&gt;
                &lt;svg xmlns="http://www.w3.org/2000/svg" height="24" viewBox="0 0 24 24" width="24"&gt;&lt;path d="M0 0h24v24H0z" fill="none"/&gt;&lt;path d="M16 1H4c-1.1 0-2 .9-2 2v14h2V3h12V1zm3 4H8c-1.1 0-2 .9-2 2v14c0 1.1.9 2 2 2h11c1.1 0 2-.9 2-2V7c0-1.1-.9-2-2-2zm0 16H8V7h11v14z"/&gt;&lt;/svg&gt;            &lt;/span&gt;
        &lt;/span&gt;
    &lt;/div&gt;
    &lt;div id="trace-html-1-14" class="trace-code sf-toggle-content"&gt;
        &lt;ol start="724"&gt;&lt;li&gt;&lt;code&gt;&lt;span style="color: var(--highlight-keyword)"&gt;&amp;nbsp;&amp;nbsp;&amp;nbsp;&amp;nbsp;&amp;nbsp;&amp;nbsp;&amp;nbsp;&amp;nbsp;&amp;nbsp;&amp;nbsp;&amp;nbsp;&amp;nbsp;&amp;nbsp;&amp;nbsp;&amp;nbsp;&amp;nbsp;&amp;nbsp;&amp;nbsp;&amp;nbsp;&amp;nbsp;&amp;nbsp;&amp;nbsp;&amp;nbsp;&amp;nbsp;&lt;/span&gt;&lt;span style="color: var(--highlight-default)"&gt;$_timeout&amp;nbsp;&lt;/span&gt;&lt;span style="color: var(--highlight-keyword)"&gt;=&amp;nbsp;&lt;/span&gt;&lt;span style="color: var(--highlight-default)"&gt;$this&lt;/span&gt;&lt;span style="color: var(--highlight-keyword)"&gt;-&amp;gt;&lt;/span&gt;&lt;span style="color: var(--highlight-default)"&gt;defaultTimeLimit&lt;/span&gt;&lt;span style="color: var(--highlight-keyword)"&gt;;&lt;/span&gt;&lt;/code&gt;&lt;/li&gt;
&lt;li&gt;&lt;code&gt;&lt;span style="color: var(--highlight-keyword)"&gt;&amp;nbsp;&amp;nbsp;&amp;nbsp;&amp;nbsp;&amp;nbsp;&amp;nbsp;&amp;nbsp;&amp;nbsp;&amp;nbsp;&amp;nbsp;&amp;nbsp;&amp;nbsp;&amp;nbsp;&amp;nbsp;&amp;nbsp;&amp;nbsp;}&lt;/span&gt;&lt;/code&gt;&lt;/li&gt;
&lt;li&gt;&lt;code&gt;&lt;span style="color: var(--highlight-keyword)"&gt;&lt;/span&gt;&lt;/code&gt;&lt;/li&gt;
&lt;li&gt;&lt;code&gt;&lt;span style="color: var(--highlight-keyword)"&gt;&amp;nbsp;&amp;nbsp;&amp;nbsp;&amp;nbsp;&amp;nbsp;&amp;nbsp;&amp;nbsp;&amp;nbsp;&amp;nbsp;&amp;nbsp;&amp;nbsp;&amp;nbsp;&amp;nbsp;&amp;nbsp;&amp;nbsp;&amp;nbsp;&lt;/span&gt;&lt;span style="color: var(--highlight-default)"&gt;$invoker&lt;/span&gt;&lt;span style="color: var(--highlight-keyword)"&gt;-&amp;gt;&lt;/span&gt;&lt;span style="color: var(--highlight-default)"&gt;invoke&lt;/span&gt;&lt;span style="color: var(--highlight-keyword)"&gt;([&lt;/span&gt;&lt;span style="color: var(--highlight-default)"&gt;$test&lt;/span&gt;&lt;span style="color: var(--highlight-keyword)"&gt;,&amp;nbsp;&lt;/span&gt;&lt;span style="color: var(--highlight-string)"&gt;'runBare'&lt;/span&gt;&lt;span style="color: var(--highlight-keyword)"&gt;],&amp;nbsp;[],&amp;nbsp;&lt;/span&gt;&lt;span style="color: var(--highlight-default)"&gt;$_timeout&lt;/span&gt;&lt;span style="color: var(--highlight-keyword)"&gt;);&lt;/span&gt;&lt;/code&gt;&lt;/li&gt;
&lt;li&gt;&lt;code&gt;&lt;span style="color: var(--highlight-keyword)"&gt;&amp;nbsp;&amp;nbsp;&amp;nbsp;&amp;nbsp;&amp;nbsp;&amp;nbsp;&amp;nbsp;&amp;nbsp;&amp;nbsp;&amp;nbsp;&amp;nbsp;&amp;nbsp;}&amp;nbsp;else&amp;nbsp;{&lt;/span&gt;&lt;/code&gt;&lt;/li&gt;
&lt;li class="selected"&gt;&lt;code&gt;&lt;span style="color: var(--highlight-keyword)"&gt;&amp;nbsp;&amp;nbsp;&amp;nbsp;&amp;nbsp;&amp;nbsp;&amp;nbsp;&amp;nbsp;&amp;nbsp;&amp;nbsp;&amp;nbsp;&amp;nbsp;&amp;nbsp;&amp;nbsp;&amp;nbsp;&amp;nbsp;&amp;nbsp;&lt;/span&gt;&lt;span style="color: var(--highlight-default)"&gt;$test&lt;/span&gt;&lt;span style="color: var(--highlight-keyword)"&gt;-&amp;gt;&lt;/span&gt;&lt;span style="color: var(--highlight-default)"&gt;runBare&lt;/span&gt;&lt;span style="color: var(--highlight-keyword)"&gt;();&lt;/span&gt;&lt;/code&gt;&lt;/li&gt;
&lt;li&gt;&lt;code&gt;&lt;span style="color: var(--highlight-keyword)"&gt;&amp;nbsp;&amp;nbsp;&amp;nbsp;&amp;nbsp;&amp;nbsp;&amp;nbsp;&amp;nbsp;&amp;nbsp;&amp;nbsp;&amp;nbsp;&amp;nbsp;&amp;nbsp;}&lt;/span&gt;&lt;/code&gt;&lt;/li&gt;
&lt;li&gt;&lt;code&gt;&lt;span style="color: var(--highlight-keyword)"&gt;&amp;nbsp;&amp;nbsp;&amp;nbsp;&amp;nbsp;&amp;nbsp;&amp;nbsp;&amp;nbsp;&amp;nbsp;}&amp;nbsp;catch&amp;nbsp;(&lt;/span&gt;&lt;span style="color: var(--highlight-default)"&gt;TimeoutException&amp;nbsp;$e&lt;/span&gt;&lt;span style="color: var(--highlight-keyword)"&gt;)&amp;nbsp;{&lt;/span&gt;&lt;/code&gt;&lt;/li&gt;
&lt;li&gt;&lt;code&gt;&lt;span style="color: var(--highlight-keyword)"&gt;&amp;nbsp;&amp;nbsp;&amp;nbsp;&amp;nbsp;&amp;nbsp;&amp;nbsp;&amp;nbsp;&amp;nbsp;&amp;nbsp;&amp;nbsp;&amp;nbsp;&amp;nbsp;&lt;/span&gt;&lt;span style="color: var(--highlight-default)"&gt;$this&lt;/span&gt;&lt;span style="color: var(--highlight-keyword)"&gt;-&amp;gt;&lt;/span&gt;&lt;span style="color: var(--highlight-default)"&gt;addFailure&lt;/span&gt;&lt;span style="color: var(--highlight-keyword)"&gt;(&lt;/span&gt;&lt;/code&gt;&lt;/li&gt;
&lt;li&gt;&lt;code&gt;&lt;span style="color: var(--highlight-keyword)"&gt;&amp;nbsp;&amp;nbsp;&amp;nbsp;&amp;nbsp;&amp;nbsp;&amp;nbsp;&amp;nbsp;&amp;nbsp;&amp;nbsp;&amp;nbsp;&amp;nbsp;&amp;nbsp;&amp;nbsp;&amp;nbsp;&amp;nbsp;&amp;nbsp;&lt;/span&gt;&lt;span style="color: var(--highlight-default)"&gt;$test&lt;/span&gt;&lt;span style="color: var(--highlight-keyword)"&gt;,&lt;/span&gt;&lt;/code&gt;&lt;/li&gt;
&lt;li&gt;&lt;code&gt;&lt;span style="color: var(--highlight-keyword)"&gt;&amp;nbsp;&amp;nbsp;&amp;nbsp;&amp;nbsp;&amp;nbsp;&amp;nbsp;&amp;nbsp;&amp;nbsp;&amp;nbsp;&amp;nbsp;&amp;nbsp;&amp;nbsp;&amp;nbsp;&amp;nbsp;&amp;nbsp;&amp;nbsp;new&amp;nbsp;&lt;/span&gt;&lt;span style="color: var(--highlight-default)"&gt;RiskyTestError&lt;/span&gt;&lt;span style="color: var(--highlight-keyword)"&gt;(&lt;/span&gt;&lt;/code&gt;&lt;/li&gt;&lt;/ol&gt;    &lt;/div&gt;            &lt;/div&gt;
                        &lt;div class="trace-line "&gt;
                &lt;div class="trace-line-header break-long-words sf-toggle" data-toggle-selector="#trace-html-1-15" data-toggle-initial=""&gt;
            &lt;span class="icon icon-close"&gt;&lt;svg width="1792" height="1792" viewBox="0 0 1792 1792" xmlns="http://www.w3.org/2000/svg"&gt;&lt;path d="M1408 960V832q0-26-19-45t-45-19H448q-26 0-45 19t-19 45v128q0 26 19 45t45 19h896q26 0 45-19t19-45zm256-544v960q0 119-84.5 203.5T1376 1664H416q-119 0-203.5-84.5T128 1376V416q0-119 84.5-203.5T416 128h960q119 0 203.5 84.5T1664 416z"/&gt;&lt;/svg&gt;&lt;/span&gt;
        &lt;span class="icon icon-open"&gt;&lt;svg width="1792" height="1792" viewBox="0 0 1792 1792" xmlns="http://www.w3.org/2000/svg"&gt;&lt;path d="M1408 960V832q0-26-19-45t-45-19h-320V448q0-26-19-45t-45-19H832q-26 0-45 19t-19 45v320H448q-26 0-45 19t-19 45v128q0 26 19 45t45 19h320v320q0 26 19 45t45 19h128q26 0 45-19t19-45v-320h320q26 0 45-19t19-45zm256-544v960q0 119-84.5 203.5T1376 1664H416q-119 0-203.5-84.5T128 1376V416q0-119 84.5-203.5T416 128h960q119 0 203.5 84.5T1664 416z"/&gt;&lt;/svg&gt;&lt;/span&gt;
    
            &lt;span class="trace-class"&gt;&lt;abbr title="PHPUnit\Framework\TestResult"&gt;TestResult&lt;/abbr&gt;&lt;/span&gt;&lt;span class="trace-type"&gt;-&gt;&lt;/span&gt;&lt;span class="trace-method"&gt;run&lt;/span&gt;&lt;span class="trace-arguments"&gt;(&lt;em&gt;object&lt;/em&gt;(&lt;abbr title="App\Tests\Functional\Controller\ExpertConseilControllerTest"&gt;ExpertConseilControllerTest&lt;/abbr&gt;))&lt;/span&gt;    
                    &lt;span class="block trace-file-path"&gt;
            in
            &lt;a href="file://C:\Users\sliti\Desktop\dev\esprit-PIDEV-3A16-2526-FARMIA\vendor\phpunit\phpunit\src\Framework\TestCase.php#L973"&gt;
                C:\Users\sliti\Desktop\dev\esprit-PIDEV-3A16-2526-FARMIA\vendor\phpunit\phpunit\src\Framework\&lt;strong&gt;TestCase.php&lt;/strong&gt;
            &lt;/a&gt;
                        (line 973)
            &lt;span class="icon icon-copy hidden" data-clipboard-text="C:\Users\sliti\Desktop\dev\esprit-PIDEV-3A16-2526-FARMIA\vendor\phpunit\phpunit\src\Framework\TestCase.php:973"&gt;
                &lt;svg xmlns="http://www.w3.org/2000/svg" height="24" viewBox="0 0 24 24" width="24"&gt;&lt;path d="M0 0h24v24H0z" fill="none"/&gt;&lt;path d="M16 1H4c-1.1 0-2 .9-2 2v14h2V3h12V1zm3 4H8c-1.1 0-2 .9-2 2v14c0 1.1.9 2 2 2h11c1.1 0 2-.9 2-2V7c0-1.1-.9-2-2-2zm0 16H8V7h11v14z"/&gt;&lt;/svg&gt;            &lt;/span&gt;
        &lt;/span&gt;
    &lt;/div&gt;
    &lt;div id="trace-html-1-15" class="trace-code sf-toggle-content"&gt;
        &lt;ol start="968"&gt;&lt;li&gt;&lt;code&gt;&lt;span style="color: var(--highlight-keyword)"&gt;&amp;nbsp;&amp;nbsp;&amp;nbsp;&amp;nbsp;&amp;nbsp;&amp;nbsp;&amp;nbsp;&amp;nbsp;&amp;nbsp;&amp;nbsp;&amp;nbsp;&amp;nbsp;&lt;/span&gt;&lt;span style="color: var(--highlight-default)"&gt;$template&lt;/span&gt;&lt;span style="color: var(--highlight-keyword)"&gt;-&amp;gt;&lt;/span&gt;&lt;span style="color: var(--highlight-default)"&gt;setVar&lt;/span&gt;&lt;span style="color: var(--highlight-keyword)"&gt;(&lt;/span&gt;&lt;span style="color: var(--highlight-default)"&gt;$var&lt;/span&gt;&lt;span style="color: var(--highlight-keyword)"&gt;);&lt;/span&gt;&lt;/code&gt;&lt;/li&gt;
&lt;li&gt;&lt;code&gt;&lt;span style="color: var(--highlight-keyword)"&gt;&lt;/span&gt;&lt;/code&gt;&lt;/li&gt;
&lt;li&gt;&lt;code&gt;&lt;span style="color: var(--highlight-keyword)"&gt;&amp;nbsp;&amp;nbsp;&amp;nbsp;&amp;nbsp;&amp;nbsp;&amp;nbsp;&amp;nbsp;&amp;nbsp;&amp;nbsp;&amp;nbsp;&amp;nbsp;&amp;nbsp;&lt;/span&gt;&lt;span style="color: var(--highlight-default)"&gt;$php&amp;nbsp;&lt;/span&gt;&lt;span style="color: var(--highlight-keyword)"&gt;=&amp;nbsp;&lt;/span&gt;&lt;span style="color: var(--highlight-default)"&gt;AbstractPhpProcess&lt;/span&gt;&lt;span style="color: var(--highlight-keyword)"&gt;::&lt;/span&gt;&lt;span style="color: var(--highlight-default)"&gt;factory&lt;/span&gt;&lt;span style="color: var(--highlight-keyword)"&gt;();&lt;/span&gt;&lt;/code&gt;&lt;/li&gt;
&lt;li&gt;&lt;code&gt;&lt;span style="color: var(--highlight-keyword)"&gt;&amp;nbsp;&amp;nbsp;&amp;nbsp;&amp;nbsp;&amp;nbsp;&amp;nbsp;&amp;nbsp;&amp;nbsp;&amp;nbsp;&amp;nbsp;&amp;nbsp;&amp;nbsp;&lt;/span&gt;&lt;span style="color: var(--highlight-default)"&gt;$php&lt;/span&gt;&lt;span style="color: var(--highlight-keyword)"&gt;-&amp;gt;&lt;/span&gt;&lt;span style="color: var(--highlight-default)"&gt;runTestJob&lt;/span&gt;&lt;span style="color: var(--highlight-keyword)"&gt;(&lt;/span&gt;&lt;span style="color: var(--highlight-default)"&gt;$template&lt;/span&gt;&lt;span style="color: var(--highlight-keyword)"&gt;-&amp;gt;&lt;/span&gt;&lt;span style="color: var(--highlight-default)"&gt;render&lt;/span&gt;&lt;span style="color: var(--highlight-keyword)"&gt;(),&amp;nbsp;&lt;/span&gt;&lt;span style="color: var(--highlight-default)"&gt;$this&lt;/span&gt;&lt;span style="color: var(--highlight-keyword)"&gt;,&amp;nbsp;&lt;/span&gt;&lt;span style="color: var(--highlight-default)"&gt;$result&lt;/span&gt;&lt;span style="color: var(--highlight-keyword)"&gt;,&amp;nbsp;&lt;/span&gt;&lt;span style="color: var(--highlight-default)"&gt;$processResultFile&lt;/span&gt;&lt;span style="color: var(--highlight-keyword)"&gt;);&lt;/span&gt;&lt;/code&gt;&lt;/li&gt;
&lt;li&gt;&lt;code&gt;&lt;span style="color: var(--highlight-keyword)"&gt;&amp;nbsp;&amp;nbsp;&amp;nbsp;&amp;nbsp;&amp;nbsp;&amp;nbsp;&amp;nbsp;&amp;nbsp;}&amp;nbsp;else&amp;nbsp;{&lt;/span&gt;&lt;/code&gt;&lt;/li&gt;
&lt;li class="selected"&gt;&lt;code&gt;&lt;span style="color: var(--highlight-keyword)"&gt;&amp;nbsp;&amp;nbsp;&amp;nbsp;&amp;nbsp;&amp;nbsp;&amp;nbsp;&amp;nbsp;&amp;nbsp;&amp;nbsp;&amp;nbsp;&amp;nbsp;&amp;nbsp;&lt;/span&gt;&lt;span style="color: var(--highlight-default)"&gt;$result&lt;/span&gt;&lt;span style="color: var(--highlight-keyword)"&gt;-&amp;gt;&lt;/span&gt;&lt;span style="color: var(--highlight-default)"&gt;run&lt;/span&gt;&lt;span style="color: var(--highlight-keyword)"&gt;(&lt;/span&gt;&lt;span style="color: var(--highlight-default)"&gt;$this&lt;/span&gt;&lt;span style="color: var(--highlight-keyword)"&gt;);&lt;/span&gt;&lt;/code&gt;&lt;/li&gt;
&lt;li&gt;&lt;code&gt;&lt;span style="color: var(--highlight-keyword)"&gt;&amp;nbsp;&amp;nbsp;&amp;nbsp;&amp;nbsp;&amp;nbsp;&amp;nbsp;&amp;nbsp;&amp;nbsp;}&lt;/span&gt;&lt;/code&gt;&lt;/li&gt;
&lt;li&gt;&lt;code&gt;&lt;span style="color: var(--highlight-keyword)"&gt;&lt;/span&gt;&lt;/code&gt;&lt;/li&gt;
&lt;li&gt;&lt;code&gt;&lt;span style="color: var(--highlight-keyword)"&gt;&amp;nbsp;&amp;nbsp;&amp;nbsp;&amp;nbsp;&amp;nbsp;&amp;nbsp;&amp;nbsp;&amp;nbsp;&lt;/span&gt;&lt;span style="color: var(--highlight-default)"&gt;$this&lt;/span&gt;&lt;span style="color: var(--highlight-keyword)"&gt;-&amp;gt;&lt;/span&gt;&lt;span style="color: var(--highlight-default)"&gt;result&amp;nbsp;&lt;/span&gt;&lt;span style="color: var(--highlight-keyword)"&gt;=&amp;nbsp;&lt;/span&gt;&lt;span style="color: var(--highlight-default)"&gt;null&lt;/span&gt;&lt;span style="color: var(--highlight-keyword)"&gt;;&lt;/span&gt;&lt;/code&gt;&lt;/li&gt;
&lt;li&gt;&lt;code&gt;&lt;span style="color: var(--highlight-keyword)"&gt;&lt;/span&gt;&lt;/code&gt;&lt;/li&gt;
&lt;li&gt;&lt;code&gt;&lt;span style="color: var(--highlight-keyword)"&gt;&amp;nbsp;&amp;nbsp;&amp;nbsp;&amp;nbsp;&amp;nbsp;&amp;nbsp;&amp;nbsp;&amp;nbsp;return&amp;nbsp;&lt;/span&gt;&lt;span style="color: var(--highlight-default)"&gt;$result&lt;/span&gt;&lt;span style="color: var(--highlight-keyword)"&gt;;&lt;/span&gt;&lt;/code&gt;&lt;/li&gt;&lt;/ol&gt;    &lt;/div&gt;            &lt;/div&gt;
                        &lt;div class="trace-line "&gt;
                &lt;div class="trace-line-header break-long-words sf-toggle" data-toggle-selector="#trace-html-1-16" data-toggle-initial=""&gt;
            &lt;span class="icon icon-close"&gt;&lt;svg width="1792" height="1792" viewBox="0 0 1792 1792" xmlns="http://www.w3.org/2000/svg"&gt;&lt;path d="M1408 960V832q0-26-19-45t-45-19H448q-26 0-45 19t-19 45v128q0 26 19 45t45 19h896q26 0 45-19t19-45zm256-544v960q0 119-84.5 203.5T1376 1664H416q-119 0-203.5-84.5T128 1376V416q0-119 84.5-203.5T416 128h960q119 0 203.5 84.5T1664 416z"/&gt;&lt;/svg&gt;&lt;/span&gt;
        &lt;span class="icon icon-open"&gt;&lt;svg width="1792" height="1792" viewBox="0 0 1792 1792" xmlns="http://www.w3.org/2000/svg"&gt;&lt;path d="M1408 960V832q0-26-19-45t-45-19h-320V448q0-26-19-45t-45-19H832q-26 0-45 19t-19 45v320H448q-26 0-45 19t-19 45v128q0 26 19 45t45 19h320v320q0 26 19 45t45 19h128q26 0 45-19t19-45v-320h320q26 0 45-19t19-45zm256-544v960q0 119-84.5 203.5T1376 1664H416q-119 0-203.5-84.5T128 1376V416q0-119 84.5-203.5T416 128h960q119 0 203.5 84.5T1664 416z"/&gt;&lt;/svg&gt;&lt;/span&gt;
    
            &lt;span class="trace-class"&gt;&lt;abbr title="PHPUnit\Framework\TestCase"&gt;TestCase&lt;/abbr&gt;&lt;/span&gt;&lt;span class="trace-type"&gt;-&gt;&lt;/span&gt;&lt;span class="trace-method"&gt;run&lt;/span&gt;&lt;span class="trace-arguments"&gt;(&lt;em&gt;object&lt;/em&gt;(&lt;abbr title="PHPUnit\Framework\TestResult"&gt;TestResult&lt;/abbr&gt;))&lt;/span&gt;    
                    &lt;span class="block trace-file-path"&gt;
            in
            &lt;a href="file://C:\Users\sliti\Desktop\dev\esprit-PIDEV-3A16-2526-FARMIA\vendor\phpunit\phpunit\src\Framework\TestSuite.php#L685"&gt;
                C:\Users\sliti\Desktop\dev\esprit-PIDEV-3A16-2526-FARMIA\vendor\phpunit\phpunit\src\Framework\&lt;strong&gt;TestSuite.php&lt;/strong&gt;
            &lt;/a&gt;
                        (line 685)
            &lt;span class="icon icon-copy hidden" data-clipboard-text="C:\Users\sliti\Desktop\dev\esprit-PIDEV-3A16-2526-FARMIA\vendor\phpunit\phpunit\src\Framework\TestSuite.php:685"&gt;
                &lt;svg xmlns="http://www.w3.org/2000/svg" height="24" viewBox="0 0 24 24" width="24"&gt;&lt;path d="M0 0h24v24H0z" fill="none"/&gt;&lt;path d="M16 1H4c-1.1 0-2 .9-2 2v14h2V3h12V1zm3 4H8c-1.1 0-2 .9-2 2v14c0 1.1.9 2 2 2h11c1.1 0 2-.9 2-2V7c0-1.1-.9-2-2-2zm0 16H8V7h11v14z"/&gt;&lt;/svg&gt;            &lt;/span&gt;
        &lt;/span&gt;
    &lt;/div&gt;
    &lt;div id="trace-html-1-16" class="trace-code sf-toggle-content"&gt;
        &lt;ol start="680"&gt;&lt;li&gt;&lt;code&gt;&lt;span style="color: var(--highlight-keyword)"&gt;&amp;nbsp;&amp;nbsp;&amp;nbsp;&amp;nbsp;&amp;nbsp;&amp;nbsp;&amp;nbsp;&amp;nbsp;&amp;nbsp;&amp;nbsp;&amp;nbsp;&amp;nbsp;&amp;nbsp;&amp;nbsp;&amp;nbsp;&amp;nbsp;&lt;/span&gt;&lt;span style="color: var(--highlight-default)"&gt;$test&lt;/span&gt;&lt;span style="color: var(--highlight-keyword)"&gt;-&amp;gt;&lt;/span&gt;&lt;span style="color: var(--highlight-default)"&gt;setBackupGlobals&lt;/span&gt;&lt;span style="color: var(--highlight-keyword)"&gt;(&lt;/span&gt;&lt;span style="color: var(--highlight-default)"&gt;$this&lt;/span&gt;&lt;span style="color: var(--highlight-keyword)"&gt;-&amp;gt;&lt;/span&gt;&lt;span style="color: var(--highlight-default)"&gt;backupGlobals&lt;/span&gt;&lt;span style="color: var(--highlight-keyword)"&gt;);&lt;/span&gt;&lt;/code&gt;&lt;/li&gt;
&lt;li&gt;&lt;code&gt;&lt;span style="color: var(--highlight-keyword)"&gt;&amp;nbsp;&amp;nbsp;&amp;nbsp;&amp;nbsp;&amp;nbsp;&amp;nbsp;&amp;nbsp;&amp;nbsp;&amp;nbsp;&amp;nbsp;&amp;nbsp;&amp;nbsp;&amp;nbsp;&amp;nbsp;&amp;nbsp;&amp;nbsp;&lt;/span&gt;&lt;span style="color: var(--highlight-default)"&gt;$test&lt;/span&gt;&lt;span style="color: var(--highlight-keyword)"&gt;-&amp;gt;&lt;/span&gt;&lt;span style="color: var(--highlight-default)"&gt;setBackupStaticAttributes&lt;/span&gt;&lt;span style="color: var(--highlight-keyword)"&gt;(&lt;/span&gt;&lt;span style="color: var(--highlight-default)"&gt;$this&lt;/span&gt;&lt;span style="color: var(--highlight-keyword)"&gt;-&amp;gt;&lt;/span&gt;&lt;span style="color: var(--highlight-default)"&gt;backupStaticAttributes&lt;/span&gt;&lt;span style="color: var(--highlight-keyword)"&gt;);&lt;/span&gt;&lt;/code&gt;&lt;/li&gt;
&lt;li&gt;&lt;code&gt;&lt;span style="color: var(--highlight-keyword)"&gt;&amp;nbsp;&amp;nbsp;&amp;nbsp;&amp;nbsp;&amp;nbsp;&amp;nbsp;&amp;nbsp;&amp;nbsp;&amp;nbsp;&amp;nbsp;&amp;nbsp;&amp;nbsp;&amp;nbsp;&amp;nbsp;&amp;nbsp;&amp;nbsp;&lt;/span&gt;&lt;span style="color: var(--highlight-default)"&gt;$test&lt;/span&gt;&lt;span style="color: var(--highlight-keyword)"&gt;-&amp;gt;&lt;/span&gt;&lt;span style="color: var(--highlight-default)"&gt;setRunTestInSeparateProcess&lt;/span&gt;&lt;span style="color: var(--highlight-keyword)"&gt;(&lt;/span&gt;&lt;span style="color: var(--highlight-default)"&gt;$this&lt;/span&gt;&lt;span style="color: var(--highlight-keyword)"&gt;-&amp;gt;&lt;/span&gt;&lt;span style="color: var(--highlight-default)"&gt;runTestInSeparateProcess&lt;/span&gt;&lt;span style="color: var(--highlight-keyword)"&gt;);&lt;/span&gt;&lt;/code&gt;&lt;/li&gt;
&lt;li&gt;&lt;code&gt;&lt;span style="color: var(--highlight-keyword)"&gt;&amp;nbsp;&amp;nbsp;&amp;nbsp;&amp;nbsp;&amp;nbsp;&amp;nbsp;&amp;nbsp;&amp;nbsp;&amp;nbsp;&amp;nbsp;&amp;nbsp;&amp;nbsp;}&lt;/span&gt;&lt;/code&gt;&lt;/li&gt;
&lt;li&gt;&lt;code&gt;&lt;span style="color: var(--highlight-keyword)"&gt;&lt;/span&gt;&lt;/code&gt;&lt;/li&gt;
&lt;li class="selected"&gt;&lt;code&gt;&lt;span style="color: var(--highlight-keyword)"&gt;&amp;nbsp;&amp;nbsp;&amp;nbsp;&amp;nbsp;&amp;nbsp;&amp;nbsp;&amp;nbsp;&amp;nbsp;&amp;nbsp;&amp;nbsp;&amp;nbsp;&amp;nbsp;&lt;/span&gt;&lt;span style="color: var(--highlight-default)"&gt;$test&lt;/span&gt;&lt;span style="color: var(--highlight-keyword)"&gt;-&amp;gt;&lt;/span&gt;&lt;span style="color: var(--highlight-default)"&gt;run&lt;/span&gt;&lt;span style="color: var(--highlight-keyword)"&gt;(&lt;/span&gt;&lt;span style="color: var(--highlight-default)"&gt;$result&lt;/span&gt;&lt;span style="color: var(--highlight-keyword)"&gt;);&lt;/span&gt;&lt;/code&gt;&lt;/li&gt;
&lt;li&gt;&lt;code&gt;&lt;span style="color: var(--highlight-keyword)"&gt;&amp;nbsp;&amp;nbsp;&amp;nbsp;&amp;nbsp;&amp;nbsp;&amp;nbsp;&amp;nbsp;&amp;nbsp;}&lt;/span&gt;&lt;/code&gt;&lt;/li&gt;
&lt;li&gt;&lt;code&gt;&lt;span style="color: var(--highlight-keyword)"&gt;&lt;/span&gt;&lt;/code&gt;&lt;/li&gt;
&lt;li&gt;&lt;code&gt;&lt;span style="color: var(--highlight-keyword)"&gt;&amp;nbsp;&amp;nbsp;&amp;nbsp;&amp;nbsp;&amp;nbsp;&amp;nbsp;&amp;nbsp;&amp;nbsp;if&amp;nbsp;(&lt;/span&gt;&lt;span style="color: var(--highlight-default)"&gt;$this&lt;/span&gt;&lt;span style="color: var(--highlight-keyword)"&gt;-&amp;gt;&lt;/span&gt;&lt;span style="color: var(--highlight-default)"&gt;testCase&amp;nbsp;&lt;/span&gt;&lt;span style="color: var(--highlight-keyword)"&gt;&amp;amp;&amp;amp;&amp;nbsp;&lt;/span&gt;&lt;span style="color: var(--highlight-default)"&gt;class_exists&lt;/span&gt;&lt;span style="color: var(--highlight-keyword)"&gt;(&lt;/span&gt;&lt;span style="color: var(--highlight-default)"&gt;$this&lt;/span&gt;&lt;span style="color: var(--highlight-keyword)"&gt;-&amp;gt;&lt;/span&gt;&lt;span style="color: var(--highlight-default)"&gt;name&lt;/span&gt;&lt;span style="color: var(--highlight-keyword)"&gt;,&amp;nbsp;&lt;/span&gt;&lt;span style="color: var(--highlight-default)"&gt;false&lt;/span&gt;&lt;span style="color: var(--highlight-keyword)"&gt;))&amp;nbsp;{&lt;/span&gt;&lt;/code&gt;&lt;/li&gt;
&lt;li&gt;&lt;code&gt;&lt;span style="color: var(--highlight-keyword)"&gt;&amp;nbsp;&amp;nbsp;&amp;nbsp;&amp;nbsp;&amp;nbsp;&amp;nbsp;&amp;nbsp;&amp;nbsp;&amp;nbsp;&amp;nbsp;&amp;nbsp;&amp;nbsp;foreach&amp;nbsp;(&lt;/span&gt;&lt;span style="color: var(--highlight-default)"&gt;$hookMethods&lt;/span&gt;&lt;span style="color: var(--highlight-keyword)"&gt;[&lt;/span&gt;&lt;span style="color: var(--highlight-string)"&gt;'afterClass'&lt;/span&gt;&lt;span style="color: var(--highlight-keyword)"&gt;]&amp;nbsp;as&amp;nbsp;&lt;/span&gt;&lt;span style="color: var(--highlight-default)"&gt;$afterClassMethod&lt;/span&gt;&lt;span style="color: var(--highlight-keyword)"&gt;)&amp;nbsp;{&lt;/span&gt;&lt;/code&gt;&lt;/li&gt;
&lt;li&gt;&lt;code&gt;&lt;span style="color: var(--highlight-keyword)"&gt;&amp;nbsp;&amp;nbsp;&amp;nbsp;&amp;nbsp;&amp;nbsp;&amp;nbsp;&amp;nbsp;&amp;nbsp;&amp;nbsp;&amp;nbsp;&amp;nbsp;&amp;nbsp;&amp;nbsp;&amp;nbsp;&amp;nbsp;&amp;nbsp;if&amp;nbsp;(&lt;/span&gt;&lt;span style="color: var(--highlight-default)"&gt;method_exists&lt;/span&gt;&lt;span style="color: var(--highlight-keyword)"&gt;(&lt;/span&gt;&lt;span style="color: var(--highlight-default)"&gt;$this&lt;/span&gt;&lt;span style="color: var(--highlight-keyword)"&gt;-&amp;gt;&lt;/span&gt;&lt;span style="color: var(--highlight-default)"&gt;name&lt;/span&gt;&lt;span style="color: var(--highlight-keyword)"&gt;,&amp;nbsp;&lt;/span&gt;&lt;span style="color: var(--highlight-default)"&gt;$afterClassMethod&lt;/span&gt;&lt;span style="color: var(--highlight-keyword)"&gt;))&amp;nbsp;{&lt;/span&gt;&lt;/code&gt;&lt;/li&gt;&lt;/ol&gt;    &lt;/div&gt;            &lt;/div&gt;
                        &lt;div class="trace-line "&gt;
                &lt;div class="trace-line-header break-long-words sf-toggle" data-toggle-selector="#trace-html-1-17" data-toggle-initial=""&gt;
            &lt;span class="icon icon-close"&gt;&lt;svg width="1792" height="1792" viewBox="0 0 1792 1792" xmlns="http://www.w3.org/2000/svg"&gt;&lt;path d="M1408 960V832q0-26-19-45t-45-19H448q-26 0-45 19t-19 45v128q0 26 19 45t45 19h896q26 0 45-19t19-45zm256-544v960q0 119-84.5 203.5T1376 1664H416q-119 0-203.5-84.5T128 1376V416q0-119 84.5-203.5T416 128h960q119 0 203.5 84.5T1664 416z"/&gt;&lt;/svg&gt;&lt;/span&gt;
        &lt;span class="icon icon-open"&gt;&lt;svg width="1792" height="1792" viewBox="0 0 1792 1792" xmlns="http://www.w3.org/2000/svg"&gt;&lt;path d="M1408 960V832q0-26-19-45t-45-19h-320V448q0-26-19-45t-45-19H832q-26 0-45 19t-19 45v320H448q-26 0-45 19t-19 45v128q0 26 19 45t45 19h320v320q0 26 19 45t45 19h128q26 0 45-19t19-45v-320h320q26 0 45-19t19-45zm256-544v960q0 119-84.5 203.5T1376 1664H416q-119 0-203.5-84.5T128 1376V416q0-119 84.5-203.5T416 128h960q119 0 203.5 84.5T1664 416z"/&gt;&lt;/svg&gt;&lt;/span&gt;
    
            &lt;span class="trace-class"&gt;&lt;abbr title="PHPUnit\Framework\TestSuite"&gt;TestSuite&lt;/abbr&gt;&lt;/span&gt;&lt;span class="trace-type"&gt;-&gt;&lt;/span&gt;&lt;span class="trace-method"&gt;run&lt;/span&gt;&lt;span class="trace-arguments"&gt;(&lt;em&gt;object&lt;/em&gt;(&lt;abbr title="PHPUnit\Framework\TestResult"&gt;TestResult&lt;/abbr&gt;))&lt;/span&gt;    
                    &lt;span class="block trace-file-path"&gt;
            in
            &lt;a href="file://C:\Users\sliti\Desktop\dev\esprit-PIDEV-3A16-2526-FARMIA\vendor\phpunit\phpunit\src\Framework\TestSuite.php#L685"&gt;
                C:\Users\sliti\Desktop\dev\esprit-PIDEV-3A16-2526-FARMIA\vendor\phpunit\phpunit\src\Framework\&lt;strong&gt;TestSuite.php&lt;/strong&gt;
            &lt;/a&gt;
                        (line 685)
            &lt;span class="icon icon-copy hidden" data-clipboard-text="C:\Users\sliti\Desktop\dev\esprit-PIDEV-3A16-2526-FARMIA\vendor\phpunit\phpunit\src\Framework\TestSuite.php:685"&gt;
                &lt;svg xmlns="http://www.w3.org/2000/svg" height="24" viewBox="0 0 24 24" width="24"&gt;&lt;path d="M0 0h24v24H0z" fill="none"/&gt;&lt;path d="M16 1H4c-1.1 0-2 .9-2 2v14h2V3h12V1zm3 4H8c-1.1 0-2 .9-2 2v14c0 1.1.9 2 2 2h11c1.1 0 2-.9 2-2V7c0-1.1-.9-2-2-2zm0 16H8V7h11v14z"/&gt;&lt;/svg&gt;            &lt;/span&gt;
        &lt;/span&gt;
    &lt;/div&gt;
    &lt;div id="trace-html-1-17" class="trace-code sf-toggle-content"&gt;
        &lt;ol start="680"&gt;&lt;li&gt;&lt;code&gt;&lt;span style="color: var(--highlight-keyword)"&gt;&amp;nbsp;&amp;nbsp;&amp;nbsp;&amp;nbsp;&amp;nbsp;&amp;nbsp;&amp;nbsp;&amp;nbsp;&amp;nbsp;&amp;nbsp;&amp;nbsp;&amp;nbsp;&amp;nbsp;&amp;nbsp;&amp;nbsp;&amp;nbsp;&lt;/span&gt;&lt;span style="color: var(--highlight-default)"&gt;$test&lt;/span&gt;&lt;span style="color: var(--highlight-keyword)"&gt;-&amp;gt;&lt;/span&gt;&lt;span style="color: var(--highlight-default)"&gt;setBackupGlobals&lt;/span&gt;&lt;span style="color: var(--highlight-keyword)"&gt;(&lt;/span&gt;&lt;span style="color: var(--highlight-default)"&gt;$this&lt;/span&gt;&lt;span style="color: var(--highlight-keyword)"&gt;-&amp;gt;&lt;/span&gt;&lt;span style="color: var(--highlight-default)"&gt;backupGlobals&lt;/span&gt;&lt;span style="color: var(--highlight-keyword)"&gt;);&lt;/span&gt;&lt;/code&gt;&lt;/li&gt;
&lt;li&gt;&lt;code&gt;&lt;span style="color: var(--highlight-keyword)"&gt;&amp;nbsp;&amp;nbsp;&amp;nbsp;&amp;nbsp;&amp;nbsp;&amp;nbsp;&amp;nbsp;&amp;nbsp;&amp;nbsp;&amp;nbsp;&amp;nbsp;&amp;nbsp;&amp;nbsp;&amp;nbsp;&amp;nbsp;&amp;nbsp;&lt;/span&gt;&lt;span style="color: var(--highlight-default)"&gt;$test&lt;/span&gt;&lt;span style="color: var(--highlight-keyword)"&gt;-&amp;gt;&lt;/span&gt;&lt;span style="color: var(--highlight-default)"&gt;setBackupStaticAttributes&lt;/span&gt;&lt;span style="color: var(--highlight-keyword)"&gt;(&lt;/span&gt;&lt;span style="color: var(--highlight-default)"&gt;$this&lt;/span&gt;&lt;span style="color: var(--highlight-keyword)"&gt;-&amp;gt;&lt;/span&gt;&lt;span style="color: var(--highlight-default)"&gt;backupStaticAttributes&lt;/span&gt;&lt;span style="color: var(--highlight-keyword)"&gt;);&lt;/span&gt;&lt;/code&gt;&lt;/li&gt;
&lt;li&gt;&lt;code&gt;&lt;span style="color: var(--highlight-keyword)"&gt;&amp;nbsp;&amp;nbsp;&amp;nbsp;&amp;nbsp;&amp;nbsp;&amp;nbsp;&amp;nbsp;&amp;nbsp;&amp;nbsp;&amp;nbsp;&amp;nbsp;&amp;nbsp;&amp;nbsp;&amp;nbsp;&amp;nbsp;&amp;nbsp;&lt;/span&gt;&lt;span style="color: var(--highlight-default)"&gt;$test&lt;/span&gt;&lt;span style="color: var(--highlight-keyword)"&gt;-&amp;gt;&lt;/span&gt;&lt;span style="color: var(--highlight-default)"&gt;setRunTestInSeparateProcess&lt;/span&gt;&lt;span style="color: var(--highlight-keyword)"&gt;(&lt;/span&gt;&lt;span style="color: var(--highlight-default)"&gt;$this&lt;/span&gt;&lt;span style="color: var(--highlight-keyword)"&gt;-&amp;gt;&lt;/span&gt;&lt;span style="color: var(--highlight-default)"&gt;runTestInSeparateProcess&lt;/span&gt;&lt;span style="color: var(--highlight-keyword)"&gt;);&lt;/span&gt;&lt;/code&gt;&lt;/li&gt;
&lt;li&gt;&lt;code&gt;&lt;span style="color: var(--highlight-keyword)"&gt;&amp;nbsp;&amp;nbsp;&amp;nbsp;&amp;nbsp;&amp;nbsp;&amp;nbsp;&amp;nbsp;&amp;nbsp;&amp;nbsp;&amp;nbsp;&amp;nbsp;&amp;nbsp;}&lt;/span&gt;&lt;/code&gt;&lt;/li&gt;
&lt;li&gt;&lt;code&gt;&lt;span style="color: var(--highlight-keyword)"&gt;&lt;/span&gt;&lt;/code&gt;&lt;/li&gt;
&lt;li class="selected"&gt;&lt;code&gt;&lt;span style="color: var(--highlight-keyword)"&gt;&amp;nbsp;&amp;nbsp;&amp;nbsp;&amp;nbsp;&amp;nbsp;&amp;nbsp;&amp;nbsp;&amp;nbsp;&amp;nbsp;&amp;nbsp;&amp;nbsp;&amp;nbsp;&lt;/span&gt;&lt;span style="color: var(--highlight-default)"&gt;$test&lt;/span&gt;&lt;span style="color: var(--highlight-keyword)"&gt;-&amp;gt;&lt;/span&gt;&lt;span style="color: var(--highlight-default)"&gt;run&lt;/span&gt;&lt;span style="color: var(--highlight-keyword)"&gt;(&lt;/span&gt;&lt;span style="color: var(--highlight-default)"&gt;$result&lt;/span&gt;&lt;span style="color: var(--highlight-keyword)"&gt;);&lt;/span&gt;&lt;/code&gt;&lt;/li&gt;
&lt;li&gt;&lt;code&gt;&lt;span style="color: var(--highlight-keyword)"&gt;&amp;nbsp;&amp;nbsp;&amp;nbsp;&amp;nbsp;&amp;nbsp;&amp;nbsp;&amp;nbsp;&amp;nbsp;}&lt;/span&gt;&lt;/code&gt;&lt;/li&gt;
&lt;li&gt;&lt;code&gt;&lt;span style="color: var(--highlight-keyword)"&gt;&lt;/span&gt;&lt;/code&gt;&lt;/li&gt;
&lt;li&gt;&lt;code&gt;&lt;span style="color: var(--highlight-keyword)"&gt;&amp;nbsp;&amp;nbsp;&amp;nbsp;&amp;nbsp;&amp;nbsp;&amp;nbsp;&amp;nbsp;&amp;nbsp;if&amp;nbsp;(&lt;/span&gt;&lt;span style="color: var(--highlight-default)"&gt;$this&lt;/span&gt;&lt;span style="color: var(--highlight-keyword)"&gt;-&amp;gt;&lt;/span&gt;&lt;span style="color: var(--highlight-default)"&gt;testCase&amp;nbsp;&lt;/span&gt;&lt;span style="color: var(--highlight-keyword)"&gt;&amp;amp;&amp;amp;&amp;nbsp;&lt;/span&gt;&lt;span style="color: var(--highlight-default)"&gt;class_exists&lt;/span&gt;&lt;span style="color: var(--highlight-keyword)"&gt;(&lt;/span&gt;&lt;span style="color: var(--highlight-default)"&gt;$this&lt;/span&gt;&lt;span style="color: var(--highlight-keyword)"&gt;-&amp;gt;&lt;/span&gt;&lt;span style="color: var(--highlight-default)"&gt;name&lt;/span&gt;&lt;span style="color: var(--highlight-keyword)"&gt;,&amp;nbsp;&lt;/span&gt;&lt;span style="color: var(--highlight-default)"&gt;false&lt;/span&gt;&lt;span style="color: var(--highlight-keyword)"&gt;))&amp;nbsp;{&lt;/span&gt;&lt;/code&gt;&lt;/li&gt;
&lt;li&gt;&lt;code&gt;&lt;span style="color: var(--highlight-keyword)"&gt;&amp;nbsp;&amp;nbsp;&amp;nbsp;&amp;nbsp;&amp;nbsp;&amp;nbsp;&amp;nbsp;&amp;nbsp;&amp;nbsp;&amp;nbsp;&amp;nbsp;&amp;nbsp;foreach&amp;nbsp;(&lt;/span&gt;&lt;span style="color: var(--highlight-default)"&gt;$hookMethods&lt;/span&gt;&lt;span style="color: var(--highlight-keyword)"&gt;[&lt;/span&gt;&lt;span style="color: var(--highlight-string)"&gt;'afterClass'&lt;/span&gt;&lt;span style="color: var(--highlight-keyword)"&gt;]&amp;nbsp;as&amp;nbsp;&lt;/span&gt;&lt;span style="color: var(--highlight-default)"&gt;$afterClassMethod&lt;/span&gt;&lt;span style="color: var(--highlight-keyword)"&gt;)&amp;nbsp;{&lt;/span&gt;&lt;/code&gt;&lt;/li&gt;
&lt;li&gt;&lt;code&gt;&lt;span style="color: var(--highlight-keyword)"&gt;&amp;nbsp;&amp;nbsp;&amp;nbsp;&amp;nbsp;&amp;nbsp;&amp;nbsp;&amp;nbsp;&amp;nbsp;&amp;nbsp;&amp;nbsp;&amp;nbsp;&amp;nbsp;&amp;nbsp;&amp;nbsp;&amp;nbsp;&amp;nbsp;if&amp;nbsp;(&lt;/span&gt;&lt;span style="color: var(--highlight-default)"&gt;method_exists&lt;/span&gt;&lt;span style="color: var(--highlight-keyword)"&gt;(&lt;/span&gt;&lt;span style="color: var(--highlight-default)"&gt;$this&lt;/span&gt;&lt;span style="color: var(--highlight-keyword)"&gt;-&amp;gt;&lt;/span&gt;&lt;span style="color: var(--highlight-default)"&gt;name&lt;/span&gt;&lt;span style="color: var(--highlight-keyword)"&gt;,&amp;nbsp;&lt;/span&gt;&lt;span style="color: var(--highlight-default)"&gt;$afterClassMethod&lt;/span&gt;&lt;span style="color: var(--highlight-keyword)"&gt;))&amp;nbsp;{&lt;/span&gt;&lt;/code&gt;&lt;/li&gt;&lt;/ol&gt;    &lt;/div&gt;            &lt;/div&gt;
                        &lt;div class="trace-line "&gt;
                &lt;div class="trace-line-header break-long-words sf-toggle" data-toggle-selector="#trace-html-1-18" data-toggle-initial=""&gt;
            &lt;span class="icon icon-close"&gt;&lt;svg width="1792" height="1792" viewBox="0 0 1792 1792" xmlns="http://www.w3.org/2000/svg"&gt;&lt;path d="M1408 960V832q0-26-19-45t-45-19H448q-26 0-45 19t-19 45v128q0 26 19 45t45 19h896q26 0 45-19t19-45zm256-544v960q0 119-84.5 203.5T1376 1664H416q-119 0-203.5-84.5T128 1376V416q0-119 84.5-203.5T416 128h960q119 0 203.5 84.5T1664 416z"/&gt;&lt;/svg&gt;&lt;/span&gt;
        &lt;span class="icon icon-open"&gt;&lt;svg width="1792" height="1792" viewBox="0 0 1792 1792" xmlns="http://www.w3.org/2000/svg"&gt;&lt;path d="M1408 960V832q0-26-19-45t-45-19h-320V448q0-26-19-45t-45-19H832q-26 0-45 19t-19 45v320H448q-26 0-45 19t-19 45v128q0 26 19 45t45 19h320v320q0 26 19 45t45 19h128q26 0 45-19t19-45v-320h320q26 0 45-19t19-45zm256-544v960q0 119-84.5 203.5T1376 1664H416q-119 0-203.5-84.5T128 1376V416q0-119 84.5-203.5T416 128h960q119 0 203.5 84.5T1664 416z"/&gt;&lt;/svg&gt;&lt;/span&gt;
    
            &lt;span class="trace-class"&gt;&lt;abbr title="PHPUnit\Framework\TestSuite"&gt;TestSuite&lt;/abbr&gt;&lt;/span&gt;&lt;span class="trace-type"&gt;-&gt;&lt;/span&gt;&lt;span class="trace-method"&gt;run&lt;/span&gt;&lt;span class="trace-arguments"&gt;(&lt;em&gt;object&lt;/em&gt;(&lt;abbr title="PHPUnit\Framework\TestResult"&gt;TestResult&lt;/abbr&gt;))&lt;/span&gt;    
                    &lt;span class="block trace-file-path"&gt;
            in
            &lt;a href="file://C:\Users\sliti\Desktop\dev\esprit-PIDEV-3A16-2526-FARMIA\vendor\phpunit\phpunit\src\Framework\TestSuite.php#L685"&gt;
                C:\Users\sliti\Desktop\dev\esprit-PIDEV-3A16-2526-FARMIA\vendor\phpunit\phpunit\src\Framework\&lt;strong&gt;TestSuite.php&lt;/strong&gt;
            &lt;/a&gt;
                        (line 685)
            &lt;span class="icon icon-copy hidden" data-clipboard-text="C:\Users\sliti\Desktop\dev\esprit-PIDEV-3A16-2526-FARMIA\vendor\phpunit\phpunit\src\Framework\TestSuite.php:685"&gt;
                &lt;svg xmlns="http://www.w3.org/2000/svg" height="24" viewBox="0 0 24 24" width="24"&gt;&lt;path d="M0 0h24v24H0z" fill="none"/&gt;&lt;path d="M16 1H4c-1.1 0-2 .9-2 2v14h2V3h12V1zm3 4H8c-1.1 0-2 .9-2 2v14c0 1.1.9 2 2 2h11c1.1 0 2-.9 2-2V7c0-1.1-.9-2-2-2zm0 16H8V7h11v14z"/&gt;&lt;/svg&gt;            &lt;/span&gt;
        &lt;/span&gt;
    &lt;/div&gt;
    &lt;div id="trace-html-1-18" class="trace-code sf-toggle-content"&gt;
        &lt;ol start="680"&gt;&lt;li&gt;&lt;code&gt;&lt;span style="color: var(--highlight-keyword)"&gt;&amp;nbsp;&amp;nbsp;&amp;nbsp;&amp;nbsp;&amp;nbsp;&amp;nbsp;&amp;nbsp;&amp;nbsp;&amp;nbsp;&amp;nbsp;&amp;nbsp;&amp;nbsp;&amp;nbsp;&amp;nbsp;&amp;nbsp;&amp;nbsp;&lt;/span&gt;&lt;span style="color: var(--highlight-default)"&gt;$test&lt;/span&gt;&lt;span style="color: var(--highlight-keyword)"&gt;-&amp;gt;&lt;/span&gt;&lt;span style="color: var(--highlight-default)"&gt;setBackupGlobals&lt;/span&gt;&lt;span style="color: var(--highlight-keyword)"&gt;(&lt;/span&gt;&lt;span style="color: var(--highlight-default)"&gt;$this&lt;/span&gt;&lt;span style="color: var(--highlight-keyword)"&gt;-&amp;gt;&lt;/span&gt;&lt;span style="color: var(--highlight-default)"&gt;backupGlobals&lt;/span&gt;&lt;span style="color: var(--highlight-keyword)"&gt;);&lt;/span&gt;&lt;/code&gt;&lt;/li&gt;
&lt;li&gt;&lt;code&gt;&lt;span style="color: var(--highlight-keyword)"&gt;&amp;nbsp;&amp;nbsp;&amp;nbsp;&amp;nbsp;&amp;nbsp;&amp;nbsp;&amp;nbsp;&amp;nbsp;&amp;nbsp;&amp;nbsp;&amp;nbsp;&amp;nbsp;&amp;nbsp;&amp;nbsp;&amp;nbsp;&amp;nbsp;&lt;/span&gt;&lt;span style="color: var(--highlight-default)"&gt;$test&lt;/span&gt;&lt;span style="color: var(--highlight-keyword)"&gt;-&amp;gt;&lt;/span&gt;&lt;span style="color: var(--highlight-default)"&gt;setBackupStaticAttributes&lt;/span&gt;&lt;span style="color: var(--highlight-keyword)"&gt;(&lt;/span&gt;&lt;span style="color: var(--highlight-default)"&gt;$this&lt;/span&gt;&lt;span style="color: var(--highlight-keyword)"&gt;-&amp;gt;&lt;/span&gt;&lt;span style="color: var(--highlight-default)"&gt;backupStaticAttributes&lt;/span&gt;&lt;span style="color: var(--highlight-keyword)"&gt;);&lt;/span&gt;&lt;/code&gt;&lt;/li&gt;
&lt;li&gt;&lt;code&gt;&lt;span style="color: var(--highlight-keyword)"&gt;&amp;nbsp;&amp;nbsp;&amp;nbsp;&amp;nbsp;&amp;nbsp;&amp;nbsp;&amp;nbsp;&amp;nbsp;&amp;nbsp;&amp;nbsp;&amp;nbsp;&amp;nbsp;&amp;nbsp;&amp;nbsp;&amp;nbsp;&amp;nbsp;&lt;/span&gt;&lt;span style="color: var(--highlight-default)"&gt;$test&lt;/span&gt;&lt;span style="color: var(--highlight-keyword)"&gt;-&amp;gt;&lt;/span&gt;&lt;span style="color: var(--highlight-default)"&gt;setRunTestInSeparateProcess&lt;/span&gt;&lt;span style="color: var(--highlight-keyword)"&gt;(&lt;/span&gt;&lt;span style="color: var(--highlight-default)"&gt;$this&lt;/span&gt;&lt;span style="color: var(--highlight-keyword)"&gt;-&amp;gt;&lt;/span&gt;&lt;span style="color: var(--highlight-default)"&gt;runTestInSeparateProcess&lt;/span&gt;&lt;span style="color: var(--highlight-keyword)"&gt;);&lt;/span&gt;&lt;/code&gt;&lt;/li&gt;
&lt;li&gt;&lt;code&gt;&lt;span style="color: var(--highlight-keyword)"&gt;&amp;nbsp;&amp;nbsp;&amp;nbsp;&amp;nbsp;&amp;nbsp;&amp;nbsp;&amp;nbsp;&amp;nbsp;&amp;nbsp;&amp;nbsp;&amp;nbsp;&amp;nbsp;}&lt;/span&gt;&lt;/code&gt;&lt;/li&gt;
&lt;li&gt;&lt;code&gt;&lt;span style="color: var(--highlight-keyword)"&gt;&lt;/span&gt;&lt;/code&gt;&lt;/li&gt;
&lt;li class="selected"&gt;&lt;code&gt;&lt;span style="color: var(--highlight-keyword)"&gt;&amp;nbsp;&amp;nbsp;&amp;nbsp;&amp;nbsp;&amp;nbsp;&amp;nbsp;&amp;nbsp;&amp;nbsp;&amp;nbsp;&amp;nbsp;&amp;nbsp;&amp;nbsp;&lt;/span&gt;&lt;span style="color: var(--highlight-default)"&gt;$test&lt;/span&gt;&lt;span style="color: var(--highlight-keyword)"&gt;-&amp;gt;&lt;/span&gt;&lt;span style="color: var(--highlight-default)"&gt;run&lt;/span&gt;&lt;span style="color: var(--highlight-keyword)"&gt;(&lt;/span&gt;&lt;span style="color: var(--highlight-default)"&gt;$result&lt;/span&gt;&lt;span style="color: var(--highlight-keyword)"&gt;);&lt;/span&gt;&lt;/code&gt;&lt;/li&gt;
&lt;li&gt;&lt;code&gt;&lt;span style="color: var(--highlight-keyword)"&gt;&amp;nbsp;&amp;nbsp;&amp;nbsp;&amp;nbsp;&amp;nbsp;&amp;nbsp;&amp;nbsp;&amp;nbsp;}&lt;/span&gt;&lt;/code&gt;&lt;/li&gt;
&lt;li&gt;&lt;code&gt;&lt;span style="color: var(--highlight-keyword)"&gt;&lt;/span&gt;&lt;/code&gt;&lt;/li&gt;
&lt;li&gt;&lt;code&gt;&lt;span style="color: var(--highlight-keyword)"&gt;&amp;nbsp;&amp;nbsp;&amp;nbsp;&amp;nbsp;&amp;nbsp;&amp;nbsp;&amp;nbsp;&amp;nbsp;if&amp;nbsp;(&lt;/span&gt;&lt;span style="color: var(--highlight-default)"&gt;$this&lt;/span&gt;&lt;span style="color: var(--highlight-keyword)"&gt;-&amp;gt;&lt;/span&gt;&lt;span style="color: var(--highlight-default)"&gt;testCase&amp;nbsp;&lt;/span&gt;&lt;span style="color: var(--highlight-keyword)"&gt;&amp;amp;&amp;amp;&amp;nbsp;&lt;/span&gt;&lt;span style="color: var(--highlight-default)"&gt;class_exists&lt;/span&gt;&lt;span style="color: var(--highlight-keyword)"&gt;(&lt;/span&gt;&lt;span style="color: var(--highlight-default)"&gt;$this&lt;/span&gt;&lt;span style="color: var(--highlight-keyword)"&gt;-&amp;gt;&lt;/span&gt;&lt;span style="color: var(--highlight-default)"&gt;name&lt;/span&gt;&lt;span style="color: var(--highlight-keyword)"&gt;,&amp;nbsp;&lt;/span&gt;&lt;span style="color: var(--highlight-default)"&gt;false&lt;/span&gt;&lt;span style="color: var(--highlight-keyword)"&gt;))&amp;nbsp;{&lt;/span&gt;&lt;/code&gt;&lt;/li&gt;
&lt;li&gt;&lt;code&gt;&lt;span style="color: var(--highlight-keyword)"&gt;&amp;nbsp;&amp;nbsp;&amp;nbsp;&amp;nbsp;&amp;nbsp;&amp;nbsp;&amp;nbsp;&amp;nbsp;&amp;nbsp;&amp;nbsp;&amp;nbsp;&amp;nbsp;foreach&amp;nbsp;(&lt;/span&gt;&lt;span style="color: var(--highlight-default)"&gt;$hookMethods&lt;/span&gt;&lt;span style="color: var(--highlight-keyword)"&gt;[&lt;/span&gt;&lt;span style="color: var(--highlight-string)"&gt;'afterClass'&lt;/span&gt;&lt;span style="color: var(--highlight-keyword)"&gt;]&amp;nbsp;as&amp;nbsp;&lt;/span&gt;&lt;span style="color: var(--highlight-default)"&gt;$afterClassMethod&lt;/span&gt;&lt;span style="color: var(--highlight-keyword)"&gt;)&amp;nbsp;{&lt;/span&gt;&lt;/code&gt;&lt;/li&gt;
&lt;li&gt;&lt;code&gt;&lt;span style="color: var(--highlight-keyword)"&gt;&amp;nbsp;&amp;nbsp;&amp;nbsp;&amp;nbsp;&amp;nbsp;&amp;nbsp;&amp;nbsp;&amp;nbsp;&amp;nbsp;&amp;nbsp;&amp;nbsp;&amp;nbsp;&amp;nbsp;&amp;nbsp;&amp;nbsp;&amp;nbsp;if&amp;nbsp;(&lt;/span&gt;&lt;span style="color: var(--highlight-default)"&gt;method_exists&lt;/span&gt;&lt;span style="color: var(--highlight-keyword)"&gt;(&lt;/span&gt;&lt;span style="color: var(--highlight-default)"&gt;$this&lt;/span&gt;&lt;span style="color: var(--highlight-keyword)"&gt;-&amp;gt;&lt;/span&gt;&lt;span style="color: var(--highlight-default)"&gt;name&lt;/span&gt;&lt;span style="color: var(--highlight-keyword)"&gt;,&amp;nbsp;&lt;/span&gt;&lt;span style="color: var(--highlight-default)"&gt;$afterClassMethod&lt;/span&gt;&lt;span style="color: var(--highlight-keyword)"&gt;))&amp;nbsp;{&lt;/span&gt;&lt;/code&gt;&lt;/li&gt;&lt;/ol&gt;    &lt;/div&gt;            &lt;/div&gt;
                        &lt;div class="trace-line "&gt;
                &lt;div class="trace-line-header break-long-words sf-toggle" data-toggle-selector="#trace-html-1-19" data-toggle-initial=""&gt;
            &lt;span class="icon icon-close"&gt;&lt;svg width="1792" height="1792" viewBox="0 0 1792 1792" xmlns="http://www.w3.org/2000/svg"&gt;&lt;path d="M1408 960V832q0-26-19-45t-45-19H448q-26 0-45 19t-19 45v128q0 26 19 45t45 19h896q26 0 45-19t19-45zm256-544v960q0 119-84.5 203.5T1376 1664H416q-119 0-203.5-84.5T128 1376V416q0-119 84.5-203.5T416 128h960q119 0 203.5 84.5T1664 416z"/&gt;&lt;/svg&gt;&lt;/span&gt;
        &lt;span class="icon icon-open"&gt;&lt;svg width="1792" height="1792" viewBox="0 0 1792 1792" xmlns="http://www.w3.org/2000/svg"&gt;&lt;path d="M1408 960V832q0-26-19-45t-45-19h-320V448q0-26-19-45t-45-19H832q-26 0-45 19t-19 45v320H448q-26 0-45 19t-19 45v128q0 26 19 45t45 19h320v320q0 26 19 45t45 19h128q26 0 45-19t19-45v-320h320q26 0 45-19t19-45zm256-544v960q0 119-84.5 203.5T1376 1664H416q-119 0-203.5-84.5T128 1376V416q0-119 84.5-203.5T416 128h960q119 0 203.5 84.5T1664 416z"/&gt;&lt;/svg&gt;&lt;/span&gt;
    
            &lt;span class="trace-class"&gt;&lt;abbr title="PHPUnit\Framework\TestSuite"&gt;TestSuite&lt;/abbr&gt;&lt;/span&gt;&lt;span class="trace-type"&gt;-&gt;&lt;/span&gt;&lt;span class="trace-method"&gt;run&lt;/span&gt;&lt;span class="trace-arguments"&gt;(&lt;em&gt;object&lt;/em&gt;(&lt;abbr title="PHPUnit\Framework\TestResult"&gt;TestResult&lt;/abbr&gt;))&lt;/span&gt;    
                    &lt;span class="block trace-file-path"&gt;
            in
            &lt;a href="file://C:\Users\sliti\Desktop\dev\esprit-PIDEV-3A16-2526-FARMIA\vendor\phpunit\phpunit\src\TextUI\TestRunner.php#L651"&gt;
                C:\Users\sliti\Desktop\dev\esprit-PIDEV-3A16-2526-FARMIA\vendor\phpunit\phpunit\src\TextUI\&lt;strong&gt;TestRunner.php&lt;/strong&gt;
            &lt;/a&gt;
                        (line 651)
            &lt;span class="icon icon-copy hidden" data-clipboard-text="C:\Users\sliti\Desktop\dev\esprit-PIDEV-3A16-2526-FARMIA\vendor\phpunit\phpunit\src\TextUI\TestRunner.php:651"&gt;
                &lt;svg xmlns="http://www.w3.org/2000/svg" height="24" viewBox="0 0 24 24" width="24"&gt;&lt;path d="M0 0h24v24H0z" fill="none"/&gt;&lt;path d="M16 1H4c-1.1 0-2 .9-2 2v14h2V3h12V1zm3 4H8c-1.1 0-2 .9-2 2v14c0 1.1.9 2 2 2h11c1.1 0 2-.9 2-2V7c0-1.1-.9-2-2-2zm0 16H8V7h11v14z"/&gt;&lt;/svg&gt;            &lt;/span&gt;
        &lt;/span&gt;
    &lt;/div&gt;
    &lt;div id="trace-html-1-19" class="trace-code sf-toggle-content"&gt;
        &lt;ol start="646"&gt;&lt;li&gt;&lt;code&gt;&lt;span style="color: var(--highlight-keyword)"&gt;&amp;nbsp;&amp;nbsp;&amp;nbsp;&amp;nbsp;&amp;nbsp;&amp;nbsp;&amp;nbsp;&amp;nbsp;&amp;nbsp;&amp;nbsp;&amp;nbsp;&amp;nbsp;if&amp;nbsp;(&lt;/span&gt;&lt;span style="color: var(--highlight-default)"&gt;$extension&amp;nbsp;&lt;/span&gt;&lt;span style="color: var(--highlight-keyword)"&gt;instanceof&amp;nbsp;&lt;/span&gt;&lt;span style="color: var(--highlight-default)"&gt;BeforeFirstTestHook&lt;/span&gt;&lt;span style="color: var(--highlight-keyword)"&gt;)&amp;nbsp;{&lt;/span&gt;&lt;/code&gt;&lt;/li&gt;
&lt;li&gt;&lt;code&gt;&lt;span style="color: var(--highlight-keyword)"&gt;&amp;nbsp;&amp;nbsp;&amp;nbsp;&amp;nbsp;&amp;nbsp;&amp;nbsp;&amp;nbsp;&amp;nbsp;&amp;nbsp;&amp;nbsp;&amp;nbsp;&amp;nbsp;&amp;nbsp;&amp;nbsp;&amp;nbsp;&amp;nbsp;&lt;/span&gt;&lt;span style="color: var(--highlight-default)"&gt;$extension&lt;/span&gt;&lt;span style="color: var(--highlight-keyword)"&gt;-&amp;gt;&lt;/span&gt;&lt;span style="color: var(--highlight-default)"&gt;executeBeforeFirstTest&lt;/span&gt;&lt;span style="color: var(--highlight-keyword)"&gt;();&lt;/span&gt;&lt;/code&gt;&lt;/li&gt;
&lt;li&gt;&lt;code&gt;&lt;span style="color: var(--highlight-keyword)"&gt;&amp;nbsp;&amp;nbsp;&amp;nbsp;&amp;nbsp;&amp;nbsp;&amp;nbsp;&amp;nbsp;&amp;nbsp;&amp;nbsp;&amp;nbsp;&amp;nbsp;&amp;nbsp;}&lt;/span&gt;&lt;/code&gt;&lt;/li&gt;
&lt;li&gt;&lt;code&gt;&lt;span style="color: var(--highlight-keyword)"&gt;&amp;nbsp;&amp;nbsp;&amp;nbsp;&amp;nbsp;&amp;nbsp;&amp;nbsp;&amp;nbsp;&amp;nbsp;}&lt;/span&gt;&lt;/code&gt;&lt;/li&gt;
&lt;li&gt;&lt;code&gt;&lt;span style="color: var(--highlight-keyword)"&gt;&lt;/span&gt;&lt;/code&gt;&lt;/li&gt;
&lt;li class="selected"&gt;&lt;code&gt;&lt;span style="color: var(--highlight-keyword)"&gt;&amp;nbsp;&amp;nbsp;&amp;nbsp;&amp;nbsp;&amp;nbsp;&amp;nbsp;&amp;nbsp;&amp;nbsp;&lt;/span&gt;&lt;span style="color: var(--highlight-default)"&gt;$suite&lt;/span&gt;&lt;span style="color: var(--highlight-keyword)"&gt;-&amp;gt;&lt;/span&gt;&lt;span style="color: var(--highlight-default)"&gt;run&lt;/span&gt;&lt;span style="color: var(--highlight-keyword)"&gt;(&lt;/span&gt;&lt;span style="color: var(--highlight-default)"&gt;$result&lt;/span&gt;&lt;span style="color: var(--highlight-keyword)"&gt;);&lt;/span&gt;&lt;/code&gt;&lt;/li&gt;
&lt;li&gt;&lt;code&gt;&lt;span style="color: var(--highlight-keyword)"&gt;&lt;/span&gt;&lt;/code&gt;&lt;/li&gt;
&lt;li&gt;&lt;code&gt;&lt;span style="color: var(--highlight-keyword)"&gt;&amp;nbsp;&amp;nbsp;&amp;nbsp;&amp;nbsp;&amp;nbsp;&amp;nbsp;&amp;nbsp;&amp;nbsp;foreach&amp;nbsp;(&lt;/span&gt;&lt;span style="color: var(--highlight-default)"&gt;$this&lt;/span&gt;&lt;span style="color: var(--highlight-keyword)"&gt;-&amp;gt;&lt;/span&gt;&lt;span style="color: var(--highlight-default)"&gt;extensions&amp;nbsp;&lt;/span&gt;&lt;span style="color: var(--highlight-keyword)"&gt;as&amp;nbsp;&lt;/span&gt;&lt;span style="color: var(--highlight-default)"&gt;$extension&lt;/span&gt;&lt;span style="color: var(--highlight-keyword)"&gt;)&amp;nbsp;{&lt;/span&gt;&lt;/code&gt;&lt;/li&gt;
&lt;li&gt;&lt;code&gt;&lt;span style="color: var(--highlight-keyword)"&gt;&amp;nbsp;&amp;nbsp;&amp;nbsp;&amp;nbsp;&amp;nbsp;&amp;nbsp;&amp;nbsp;&amp;nbsp;&amp;nbsp;&amp;nbsp;&amp;nbsp;&amp;nbsp;if&amp;nbsp;(&lt;/span&gt;&lt;span style="color: var(--highlight-default)"&gt;$extension&amp;nbsp;&lt;/span&gt;&lt;span style="color: var(--highlight-keyword)"&gt;instanceof&amp;nbsp;&lt;/span&gt;&lt;span style="color: var(--highlight-default)"&gt;AfterLastTestHook&lt;/span&gt;&lt;span style="color: var(--highlight-keyword)"&gt;)&amp;nbsp;{&lt;/span&gt;&lt;/code&gt;&lt;/li&gt;
&lt;li&gt;&lt;code&gt;&lt;span style="color: var(--highlight-keyword)"&gt;&amp;nbsp;&amp;nbsp;&amp;nbsp;&amp;nbsp;&amp;nbsp;&amp;nbsp;&amp;nbsp;&amp;nbsp;&amp;nbsp;&amp;nbsp;&amp;nbsp;&amp;nbsp;&amp;nbsp;&amp;nbsp;&amp;nbsp;&amp;nbsp;&lt;/span&gt;&lt;span style="color: var(--highlight-default)"&gt;$extension&lt;/span&gt;&lt;span style="color: var(--highlight-keyword)"&gt;-&amp;gt;&lt;/span&gt;&lt;span style="color: var(--highlight-default)"&gt;executeAfterLastTest&lt;/span&gt;&lt;span style="color: var(--highlight-keyword)"&gt;();&lt;/span&gt;&lt;/code&gt;&lt;/li&gt;
&lt;li&gt;&lt;code&gt;&lt;span style="color: var(--highlight-keyword)"&gt;&amp;nbsp;&amp;nbsp;&amp;nbsp;&amp;nbsp;&amp;nbsp;&amp;nbsp;&amp;nbsp;&amp;nbsp;&amp;nbsp;&amp;nbsp;&amp;nbsp;&amp;nbsp;}&lt;/span&gt;&lt;/code&gt;&lt;/li&gt;&lt;/ol&gt;    &lt;/div&gt;            &lt;/div&gt;
                        &lt;div class="trace-line "&gt;
                &lt;div class="trace-line-header break-long-words sf-toggle" data-toggle-selector="#trace-html-1-20" data-toggle-initial=""&gt;
            &lt;span class="icon icon-close"&gt;&lt;svg width="1792" height="1792" viewBox="0 0 1792 1792" xmlns="http://www.w3.org/2000/svg"&gt;&lt;path d="M1408 960V832q0-26-19-45t-45-19H448q-26 0-45 19t-19 45v128q0 26 19 45t45 19h896q26 0 45-19t19-45zm256-544v960q0 119-84.5 203.5T1376 1664H416q-119 0-203.5-84.5T128 1376V416q0-119 84.5-203.5T416 128h960q119 0 203.5 84.5T1664 416z"/&gt;&lt;/svg&gt;&lt;/span&gt;
        &lt;span class="icon icon-open"&gt;&lt;svg width="1792" height="1792" viewBox="0 0 1792 1792" xmlns="http://www.w3.org/2000/svg"&gt;&lt;path d="M1408 960V832q0-26-19-45t-45-19h-320V448q0-26-19-45t-45-19H832q-26 0-45 19t-19 45v320H448q-26 0-45 19t-19 45v128q0 26 19 45t45 19h320v320q0 26 19 45t45 19h128q26 0 45-19t19-45v-320h320q26 0 45-19t19-45zm256-544v960q0 119-84.5 203.5T1376 1664H416q-119 0-203.5-84.5T128 1376V416q0-119 84.5-203.5T416 128h960q119 0 203.5 84.5T1664 416z"/&gt;&lt;/svg&gt;&lt;/span&gt;
    
            &lt;span class="trace-class"&gt;&lt;abbr title="PHPUnit\TextUI\TestRunner"&gt;TestRunner&lt;/abbr&gt;&lt;/span&gt;&lt;span class="trace-type"&gt;-&gt;&lt;/span&gt;&lt;span class="trace-method"&gt;run&lt;/span&gt;&lt;span class="trace-arguments"&gt;(&lt;em&gt;object&lt;/em&gt;(&lt;abbr title="PHPUnit\Framework\TestSuite"&gt;TestSuite&lt;/abbr&gt;), &lt;em&gt;array&lt;/em&gt;('extensions' =&gt; &lt;em&gt;array&lt;/em&gt;(), 'listGroups' =&gt; &lt;em&gt;false&lt;/em&gt;, 'listSuites' =&gt; &lt;em&gt;false&lt;/em&gt;, 'listTests' =&gt; &lt;em&gt;false&lt;/em&gt;, 'listTestsXml' =&gt; &lt;em&gt;false&lt;/em&gt;, 'loader' =&gt; &lt;em&gt;null&lt;/em&gt;, 'useDefaultConfiguration' =&gt; &lt;em&gt;true&lt;/em&gt;, 'loadedExtensions' =&gt; &lt;em&gt;array&lt;/em&gt;(), 'unavailableExtensions' =&gt; &lt;em&gt;array&lt;/em&gt;(), 'notLoadedExtensions' =&gt; &lt;em&gt;array&lt;/em&gt;(), 'junitLogfile' =&gt; 'test-results.xml', 'testSuffixes' =&gt; &lt;em&gt;array&lt;/em&gt;('Test.php', '.phpt'), 'configuration' =&gt; 'C:\\Users\\sliti\\Desktop\\dev\\esprit-PIDEV-3A16-2526-FARMIA\\phpunit.xml.dist', 'configurationObject' =&gt; &lt;em&gt;object&lt;/em&gt;(&lt;abbr title="PHPUnit\TextUI\XmlConfiguration\Configuration"&gt;Configuration&lt;/abbr&gt;), 'stderr' =&gt; &lt;em&gt;false&lt;/em&gt;, 'columns' =&gt; 80, 'warnings' =&gt; &lt;em&gt;array&lt;/em&gt;(), 'debug' =&gt; &lt;em&gt;false&lt;/em&gt;, 'filter' =&gt; &lt;em&gt;false&lt;/em&gt;, 'listeners' =&gt; &lt;em&gt;array&lt;/em&gt;(), 'backupGlobals' =&gt; &lt;em&gt;false&lt;/em&gt;, 'backupStaticAttributes' =&gt; &lt;em&gt;false&lt;/em&gt;, 'beStrictAboutChangesToGlobalState' =&gt; &lt;em&gt;false&lt;/em&gt;, 'cacheResult' =&gt; &lt;em&gt;true&lt;/em&gt;, 'colors' =&gt; 'auto', 'convertDeprecationsToExceptions' =&gt; &lt;em&gt;false&lt;/em&gt;, 'convertErrorsToExceptions' =&gt; &lt;em&gt;true&lt;/em&gt;, 'convertNoticesToExceptions' =&gt; &lt;em&gt;true&lt;/em&gt;, 'convertWarningsToExceptions' =&gt; &lt;em&gt;true&lt;/em&gt;, 'processIsolation' =&gt; &lt;em&gt;false&lt;/em&gt;, 'stopOnDefect' =&gt; &lt;em&gt;false&lt;/em&gt;, 'stopOnError' =&gt; &lt;em&gt;false&lt;/em&gt;, 'stopOnFailure' =&gt; &lt;em&gt;false&lt;/em&gt;, 'stopOnWarning' =&gt; &lt;em&gt;false&lt;/em&gt;, 'stopOnIncomplete' =&gt; &lt;em&gt;false&lt;/em&gt;, 'stopOnRisky' =&gt; &lt;em&gt;false&lt;/em&gt;, 'stopOnSkipped' =&gt; &lt;em&gt;false&lt;/em&gt;, 'failOnEmptyTestSuite' =&gt; &lt;em&gt;false&lt;/em&gt;, 'failOnIncomplete' =&gt; &lt;em&gt;false&lt;/em&gt;, 'failOnRisky' =&gt; &lt;em&gt;false&lt;/em&gt;, 'failOnSkipped' =&gt; &lt;em&gt;false&lt;/em&gt;, 'failOnWarning' =&gt; &lt;em&gt;false&lt;/em&gt;, 'enforceTimeLimit' =&gt; &lt;em&gt;false&lt;/em&gt;, 'defaultTimeLimit' =&gt; 1, 'timeoutForSmallTests' =&gt; 1, 'timeoutForMediumTests' =&gt; 10, 'timeoutForLargeTests' =&gt; 60, 'reportUselessTests' =&gt; &lt;em&gt;true&lt;/em&gt;, 'strictCoverage' =&gt; &lt;em&gt;false&lt;/em&gt;, 'ignoreDeprecatedCodeUnitsFromCodeCoverage' =&gt; &lt;em&gt;false&lt;/em&gt;, 'disallowTestOutput' =&gt; &lt;em&gt;false&lt;/em&gt;, 'disallowTodoAnnotatedTests' =&gt; &lt;em&gt;false&lt;/em&gt;, 'beStrictAboutResourceUsageDuringSmallTests' =&gt; &lt;em&gt;false&lt;/em&gt;, 'verbose' =&gt; &lt;em&gt;false&lt;/em&gt;, 'reverseDefectList' =&gt; &lt;em&gt;false&lt;/em&gt;, 'forceCoversAnnotation' =&gt; &lt;em&gt;false&lt;/em&gt;, 'disableCodeCoverageIgnore' =&gt; &lt;em&gt;false&lt;/em&gt;, 'registerMockObjectsFromTestArgumentsRecursively' =&gt; &lt;em&gt;false&lt;/em&gt;, 'noInteraction' =&gt; &lt;em&gt;false&lt;/em&gt;, 'executionOrder' =&gt; 0, 'resolveDependencies' =&gt; &lt;em&gt;true&lt;/em&gt;, 'bootstrap' =&gt; 'C:\\Users\\sliti\\Desktop\\dev\\esprit-PIDEV-3A16-2526-FARMIA\\tests/bootstrap.php', 'executionOrderDefects' =&gt; 0, 'crap4jThreshold' =&gt; 30, 'excludeGroups' =&gt; &lt;em&gt;array&lt;/em&gt;(), 'groups' =&gt; &lt;em&gt;array&lt;/em&gt;(), 'randomOrderSeed' =&gt; 1777118040, 'repeat' =&gt; &lt;em&gt;false&lt;/em&gt;, 'reportHighLowerBound' =&gt; 90, 'reportLowUpperBound' =&gt; 50, 'reverseList' =&gt; &lt;em&gt;false&lt;/em&gt;, 'testdoxExcludeGroups' =&gt; &lt;em&gt;array&lt;/em&gt;(), 'testdoxGroups' =&gt; &lt;em&gt;array&lt;/em&gt;(), 'cacheResultFile' =&gt; 'C:\\Users\\sliti\\Desktop\\dev\\esprit-PIDEV-3A16-2526-FARMIA'), &lt;em&gt;array&lt;/em&gt;(), &lt;em&gt;true&lt;/em&gt;)&lt;/span&gt;    
                    &lt;span class="block trace-file-path"&gt;
            in
            &lt;a href="file://C:\Users\sliti\Desktop\dev\esprit-PIDEV-3A16-2526-FARMIA\vendor\phpunit\phpunit\src\TextUI\Command.php#L146"&gt;
                C:\Users\sliti\Desktop\dev\esprit-PIDEV-3A16-2526-FARMIA\vendor\phpunit\phpunit\src\TextUI\&lt;strong&gt;Command.php&lt;/strong&gt;
            &lt;/a&gt;
                        (line 146)
            &lt;span class="icon icon-copy hidden" data-clipboard-text="C:\Users\sliti\Desktop\dev\esprit-PIDEV-3A16-2526-FARMIA\vendor\phpunit\phpunit\src\TextUI\Command.php:146"&gt;
                &lt;svg xmlns="http://www.w3.org/2000/svg" height="24" viewBox="0 0 24 24" width="24"&gt;&lt;path d="M0 0h24v24H0z" fill="none"/&gt;&lt;path d="M16 1H4c-1.1 0-2 .9-2 2v14h2V3h12V1zm3 4H8c-1.1 0-2 .9-2 2v14c0 1.1.9 2 2 2h11c1.1 0 2-.9 2-2V7c0-1.1-.9-2-2-2zm0 16H8V7h11v14z"/&gt;&lt;/svg&gt;            &lt;/span&gt;
        &lt;/span&gt;
    &lt;/div&gt;
    &lt;div id="trace-html-1-20" class="trace-code sf-toggle-content"&gt;
        &lt;ol start="141"&gt;&lt;li&gt;&lt;code&gt;&lt;span style="color: var(--highlight-keyword)"&gt;&amp;nbsp;&amp;nbsp;&amp;nbsp;&amp;nbsp;&amp;nbsp;&amp;nbsp;&amp;nbsp;&amp;nbsp;}&lt;/span&gt;&lt;/code&gt;&lt;/li&gt;
&lt;li&gt;&lt;code&gt;&lt;span style="color: var(--highlight-keyword)"&gt;&lt;/span&gt;&lt;/code&gt;&lt;/li&gt;
&lt;li&gt;&lt;code&gt;&lt;span style="color: var(--highlight-keyword)"&gt;&amp;nbsp;&amp;nbsp;&amp;nbsp;&amp;nbsp;&amp;nbsp;&amp;nbsp;&amp;nbsp;&amp;nbsp;unset(&lt;/span&gt;&lt;span style="color: var(--highlight-default)"&gt;$this&lt;/span&gt;&lt;span style="color: var(--highlight-keyword)"&gt;-&amp;gt;&lt;/span&gt;&lt;span style="color: var(--highlight-default)"&gt;arguments&lt;/span&gt;&lt;span style="color: var(--highlight-keyword)"&gt;[&lt;/span&gt;&lt;span style="color: var(--highlight-string)"&gt;'test'&lt;/span&gt;&lt;span style="color: var(--highlight-keyword)"&gt;],&amp;nbsp;&lt;/span&gt;&lt;span style="color: var(--highlight-default)"&gt;$this&lt;/span&gt;&lt;span style="color: var(--highlight-keyword)"&gt;-&amp;gt;&lt;/span&gt;&lt;span style="color: var(--highlight-default)"&gt;arguments&lt;/span&gt;&lt;span style="color: var(--highlight-keyword)"&gt;[&lt;/span&gt;&lt;span style="color: var(--highlight-string)"&gt;'testFile'&lt;/span&gt;&lt;span style="color: var(--highlight-keyword)"&gt;]);&lt;/span&gt;&lt;/code&gt;&lt;/li&gt;
&lt;li&gt;&lt;code&gt;&lt;span style="color: var(--highlight-keyword)"&gt;&lt;/span&gt;&lt;/code&gt;&lt;/li&gt;
&lt;li&gt;&lt;code&gt;&lt;span style="color: var(--highlight-keyword)"&gt;&amp;nbsp;&amp;nbsp;&amp;nbsp;&amp;nbsp;&amp;nbsp;&amp;nbsp;&amp;nbsp;&amp;nbsp;try&amp;nbsp;{&lt;/span&gt;&lt;/code&gt;&lt;/li&gt;
&lt;li class="selected"&gt;&lt;code&gt;&lt;span style="color: var(--highlight-keyword)"&gt;&amp;nbsp;&amp;nbsp;&amp;nbsp;&amp;nbsp;&amp;nbsp;&amp;nbsp;&amp;nbsp;&amp;nbsp;&amp;nbsp;&amp;nbsp;&amp;nbsp;&amp;nbsp;&lt;/span&gt;&lt;span style="color: var(--highlight-default)"&gt;$result&amp;nbsp;&lt;/span&gt;&lt;span style="color: var(--highlight-keyword)"&gt;=&amp;nbsp;&lt;/span&gt;&lt;span style="color: var(--highlight-default)"&gt;$runner&lt;/span&gt;&lt;span style="color: var(--highlight-keyword)"&gt;-&amp;gt;&lt;/span&gt;&lt;span style="color: var(--highlight-default)"&gt;run&lt;/span&gt;&lt;span style="color: var(--highlight-keyword)"&gt;(&lt;/span&gt;&lt;span style="color: var(--highlight-default)"&gt;$suite&lt;/span&gt;&lt;span style="color: var(--highlight-keyword)"&gt;,&amp;nbsp;&lt;/span&gt;&lt;span style="color: var(--highlight-default)"&gt;$this&lt;/span&gt;&lt;span style="color: var(--highlight-keyword)"&gt;-&amp;gt;&lt;/span&gt;&lt;span style="color: var(--highlight-default)"&gt;arguments&lt;/span&gt;&lt;span style="color: var(--highlight-keyword)"&gt;,&amp;nbsp;&lt;/span&gt;&lt;span style="color: var(--highlight-default)"&gt;$this&lt;/span&gt;&lt;span style="color: var(--highlight-keyword)"&gt;-&amp;gt;&lt;/span&gt;&lt;span style="color: var(--highlight-default)"&gt;warnings&lt;/span&gt;&lt;span style="color: var(--highlight-keyword)"&gt;,&amp;nbsp;&lt;/span&gt;&lt;span style="color: var(--highlight-default)"&gt;$exit&lt;/span&gt;&lt;span style="color: var(--highlight-keyword)"&gt;);&lt;/span&gt;&lt;/code&gt;&lt;/li&gt;
&lt;li&gt;&lt;code&gt;&lt;span style="color: var(--highlight-keyword)"&gt;&amp;nbsp;&amp;nbsp;&amp;nbsp;&amp;nbsp;&amp;nbsp;&amp;nbsp;&amp;nbsp;&amp;nbsp;}&amp;nbsp;catch&amp;nbsp;(&lt;/span&gt;&lt;span style="color: var(--highlight-default)"&gt;Throwable&amp;nbsp;$t&lt;/span&gt;&lt;span style="color: var(--highlight-keyword)"&gt;)&amp;nbsp;{&lt;/span&gt;&lt;/code&gt;&lt;/li&gt;
&lt;li&gt;&lt;code&gt;&lt;span style="color: var(--highlight-keyword)"&gt;&amp;nbsp;&amp;nbsp;&amp;nbsp;&amp;nbsp;&amp;nbsp;&amp;nbsp;&amp;nbsp;&amp;nbsp;&amp;nbsp;&amp;nbsp;&amp;nbsp;&amp;nbsp;print&amp;nbsp;&lt;/span&gt;&lt;span style="color: var(--highlight-default)"&gt;$t&lt;/span&gt;&lt;span style="color: var(--highlight-keyword)"&gt;-&amp;gt;&lt;/span&gt;&lt;span style="color: var(--highlight-default)"&gt;getMessage&lt;/span&gt;&lt;span style="color: var(--highlight-keyword)"&gt;()&amp;nbsp;.&amp;nbsp;&lt;/span&gt;&lt;span style="color: var(--highlight-default)"&gt;PHP_EOL&lt;/span&gt;&lt;span style="color: var(--highlight-keyword)"&gt;;&lt;/span&gt;&lt;/code&gt;&lt;/li&gt;
&lt;li&gt;&lt;code&gt;&lt;span style="color: var(--highlight-keyword)"&gt;&amp;nbsp;&amp;nbsp;&amp;nbsp;&amp;nbsp;&amp;nbsp;&amp;nbsp;&amp;nbsp;&amp;nbsp;}&lt;/span&gt;&lt;/code&gt;&lt;/li&gt;
&lt;li&gt;&lt;code&gt;&lt;span style="color: var(--highlight-keyword)"&gt;&lt;/span&gt;&lt;/code&gt;&lt;/li&gt;
&lt;li&gt;&lt;code&gt;&lt;span style="color: var(--highlight-keyword)"&gt;&amp;nbsp;&amp;nbsp;&amp;nbsp;&amp;nbsp;&amp;nbsp;&amp;nbsp;&amp;nbsp;&amp;nbsp;&lt;/span&gt;&lt;span style="color: var(--highlight-default)"&gt;$return&amp;nbsp;&lt;/span&gt;&lt;span style="color: var(--highlight-keyword)"&gt;=&amp;nbsp;&lt;/span&gt;&lt;span style="color: var(--highlight-default)"&gt;TestRunner&lt;/span&gt;&lt;span style="color: var(--highlight-keyword)"&gt;::&lt;/span&gt;&lt;span style="color: var(--highlight-default)"&gt;FAILURE_EXIT&lt;/span&gt;&lt;span style="color: var(--highlight-keyword)"&gt;;&lt;/span&gt;&lt;/code&gt;&lt;/li&gt;&lt;/ol&gt;    &lt;/div&gt;            &lt;/div&gt;
                        &lt;div class="trace-line "&gt;
                &lt;div class="trace-line-header break-long-words sf-toggle" data-toggle-selector="#trace-html-1-21" data-toggle-initial=""&gt;
            &lt;span class="icon icon-close"&gt;&lt;svg width="1792" height="1792" viewBox="0 0 1792 1792" xmlns="http://www.w3.org/2000/svg"&gt;&lt;path d="M1408 960V832q0-26-19-45t-45-19H448q-26 0-45 19t-19 45v128q0 26 19 45t45 19h896q26 0 45-19t19-45zm256-544v960q0 119-84.5 203.5T1376 1664H416q-119 0-203.5-84.5T128 1376V416q0-119 84.5-203.5T416 128h960q119 0 203.5 84.5T1664 416z"/&gt;&lt;/svg&gt;&lt;/span&gt;
        &lt;span class="icon icon-open"&gt;&lt;svg width="1792" height="1792" viewBox="0 0 1792 1792" xmlns="http://www.w3.org/2000/svg"&gt;&lt;path d="M1408 960V832q0-26-19-45t-45-19h-320V448q0-26-19-45t-45-19H832q-26 0-45 19t-19 45v320H448q-26 0-45 19t-19 45v128q0 26 19 45t45 19h320v320q0 26 19 45t45 19h128q26 0 45-19t19-45v-320h320q26 0 45-19t19-45zm256-544v960q0 119-84.5 203.5T1376 1664H416q-119 0-203.5-84.5T128 1376V416q0-119 84.5-203.5T416 128h960q119 0 203.5 84.5T1664 416z"/&gt;&lt;/svg&gt;&lt;/span&gt;
    
            &lt;span class="trace-class"&gt;&lt;abbr title="PHPUnit\TextUI\Command"&gt;Command&lt;/abbr&gt;&lt;/span&gt;&lt;span class="trace-type"&gt;-&gt;&lt;/span&gt;&lt;span class="trace-method"&gt;run&lt;/span&gt;&lt;span class="trace-arguments"&gt;(&lt;em&gt;array&lt;/em&gt;('bin/phpunit', '--log-junit', 'test-results.xml'), &lt;em&gt;true&lt;/em&gt;)&lt;/span&gt;    
                    &lt;span class="block trace-file-path"&gt;
            in
            &lt;a href="file://C:\Users\sliti\Desktop\dev\esprit-PIDEV-3A16-2526-FARMIA\vendor\phpunit\phpunit\src\TextUI\Command.php#L99"&gt;
                C:\Users\sliti\Desktop\dev\esprit-PIDEV-3A16-2526-FARMIA\vendor\phpunit\phpunit\src\TextUI\&lt;strong&gt;Command.php&lt;/strong&gt;
            &lt;/a&gt;
                        (line 99)
            &lt;span class="icon icon-copy hidden" data-clipboard-text="C:\Users\sliti\Desktop\dev\esprit-PIDEV-3A16-2526-FARMIA\vendor\phpunit\phpunit\src\TextUI\Command.php:99"&gt;
                &lt;svg xmlns="http://www.w3.org/2000/svg" height="24" viewBox="0 0 24 24" width="24"&gt;&lt;path d="M0 0h24v24H0z" fill="none"/&gt;&lt;path d="M16 1H4c-1.1 0-2 .9-2 2v14h2V3h12V1zm3 4H8c-1.1 0-2 .9-2 2v14c0 1.1.9 2 2 2h11c1.1 0 2-.9 2-2V7c0-1.1-.9-2-2-2zm0 16H8V7h11v14z"/&gt;&lt;/svg&gt;            &lt;/span&gt;
        &lt;/span&gt;
    &lt;/div&gt;
    &lt;div id="trace-html-1-21" class="trace-code sf-toggle-content"&gt;
        &lt;ol start="94"&gt;&lt;li&gt;&lt;code&gt;&lt;span style="color: var(--highlight-comment)"&gt;&amp;nbsp;&amp;nbsp;&amp;nbsp;&amp;nbsp;&amp;nbsp;*&amp;nbsp;@throws&amp;nbsp;Exception&lt;/span&gt;&lt;/code&gt;&lt;/li&gt;
&lt;li&gt;&lt;code&gt;&lt;span style="color: var(--highlight-comment)"&gt;&amp;nbsp;&amp;nbsp;&amp;nbsp;&amp;nbsp;&amp;nbsp;*/&lt;/span&gt;&lt;/code&gt;&lt;/li&gt;
&lt;li&gt;&lt;code&gt;&lt;span style="color: var(--highlight-comment)"&gt;&amp;nbsp;&amp;nbsp;&amp;nbsp;&amp;nbsp;&lt;/span&gt;&lt;span style="color: var(--highlight-keyword)"&gt;public&amp;nbsp;static&amp;nbsp;function&amp;nbsp;&lt;/span&gt;&lt;span style="color: var(--highlight-default)"&gt;main&lt;/span&gt;&lt;span style="color: var(--highlight-keyword)"&gt;(&lt;/span&gt;&lt;span style="color: var(--highlight-default)"&gt;bool&amp;nbsp;$exit&amp;nbsp;&lt;/span&gt;&lt;span style="color: var(--highlight-keyword)"&gt;=&amp;nbsp;&lt;/span&gt;&lt;span style="color: var(--highlight-default)"&gt;true&lt;/span&gt;&lt;span style="color: var(--highlight-keyword)"&gt;):&amp;nbsp;&lt;/span&gt;&lt;span style="color: var(--highlight-default)"&gt;int&lt;/span&gt;&lt;/code&gt;&lt;/li&gt;
&lt;li&gt;&lt;code&gt;&lt;span style="color: var(--highlight-default)"&gt;&amp;nbsp;&amp;nbsp;&amp;nbsp;&amp;nbsp;&lt;/span&gt;&lt;span style="color: var(--highlight-keyword)"&gt;{&lt;/span&gt;&lt;/code&gt;&lt;/li&gt;
&lt;li&gt;&lt;code&gt;&lt;span style="color: var(--highlight-keyword)"&gt;&amp;nbsp;&amp;nbsp;&amp;nbsp;&amp;nbsp;&amp;nbsp;&amp;nbsp;&amp;nbsp;&amp;nbsp;try&amp;nbsp;{&lt;/span&gt;&lt;/code&gt;&lt;/li&gt;
&lt;li class="selected"&gt;&lt;code&gt;&lt;span style="color: var(--highlight-keyword)"&gt;&amp;nbsp;&amp;nbsp;&amp;nbsp;&amp;nbsp;&amp;nbsp;&amp;nbsp;&amp;nbsp;&amp;nbsp;&amp;nbsp;&amp;nbsp;&amp;nbsp;&amp;nbsp;return&amp;nbsp;(new&amp;nbsp;static)-&amp;gt;&lt;/span&gt;&lt;span style="color: var(--highlight-default)"&gt;run&lt;/span&gt;&lt;span style="color: var(--highlight-keyword)"&gt;(&lt;/span&gt;&lt;span style="color: var(--highlight-default)"&gt;$_SERVER&lt;/span&gt;&lt;span style="color: var(--highlight-keyword)"&gt;[&lt;/span&gt;&lt;span style="color: var(--highlight-string)"&gt;'argv'&lt;/span&gt;&lt;span style="color: var(--highlight-keyword)"&gt;],&amp;nbsp;&lt;/span&gt;&lt;span style="color: var(--highlight-default)"&gt;$exit&lt;/span&gt;&lt;span style="color: var(--highlight-keyword)"&gt;);&lt;/span&gt;&lt;/code&gt;&lt;/li&gt;
&lt;li&gt;&lt;code&gt;&lt;span style="color: var(--highlight-keyword)"&gt;&amp;nbsp;&amp;nbsp;&amp;nbsp;&amp;nbsp;&amp;nbsp;&amp;nbsp;&amp;nbsp;&amp;nbsp;}&amp;nbsp;catch&amp;nbsp;(&lt;/span&gt;&lt;span style="color: var(--highlight-default)"&gt;Throwable&amp;nbsp;$t&lt;/span&gt;&lt;span style="color: var(--highlight-keyword)"&gt;)&amp;nbsp;{&lt;/span&gt;&lt;/code&gt;&lt;/li&gt;
&lt;li&gt;&lt;code&gt;&lt;span style="color: var(--highlight-keyword)"&gt;&amp;nbsp;&amp;nbsp;&amp;nbsp;&amp;nbsp;&amp;nbsp;&amp;nbsp;&amp;nbsp;&amp;nbsp;&amp;nbsp;&amp;nbsp;&amp;nbsp;&amp;nbsp;throw&amp;nbsp;new&amp;nbsp;&lt;/span&gt;&lt;span style="color: var(--highlight-default)"&gt;RuntimeException&lt;/span&gt;&lt;span style="color: var(--highlight-keyword)"&gt;(&lt;/span&gt;&lt;/code&gt;&lt;/li&gt;
&lt;li&gt;&lt;code&gt;&lt;span style="color: var(--highlight-keyword)"&gt;&amp;nbsp;&amp;nbsp;&amp;nbsp;&amp;nbsp;&amp;nbsp;&amp;nbsp;&amp;nbsp;&amp;nbsp;&amp;nbsp;&amp;nbsp;&amp;nbsp;&amp;nbsp;&amp;nbsp;&amp;nbsp;&amp;nbsp;&amp;nbsp;&lt;/span&gt;&lt;span style="color: var(--highlight-default)"&gt;$t&lt;/span&gt;&lt;span style="color: var(--highlight-keyword)"&gt;-&amp;gt;&lt;/span&gt;&lt;span style="color: var(--highlight-default)"&gt;getMessage&lt;/span&gt;&lt;span style="color: var(--highlight-keyword)"&gt;(),&lt;/span&gt;&lt;/code&gt;&lt;/li&gt;
&lt;li&gt;&lt;code&gt;&lt;span style="color: var(--highlight-keyword)"&gt;&amp;nbsp;&amp;nbsp;&amp;nbsp;&amp;nbsp;&amp;nbsp;&amp;nbsp;&amp;nbsp;&amp;nbsp;&amp;nbsp;&amp;nbsp;&amp;nbsp;&amp;nbsp;&amp;nbsp;&amp;nbsp;&amp;nbsp;&amp;nbsp;(int)&amp;nbsp;&lt;/span&gt;&lt;span style="color: var(--highlight-default)"&gt;$t&lt;/span&gt;&lt;span style="color: var(--highlight-keyword)"&gt;-&amp;gt;&lt;/span&gt;&lt;span style="color: var(--highlight-default)"&gt;getCode&lt;/span&gt;&lt;span style="color: var(--highlight-keyword)"&gt;(),&lt;/span&gt;&lt;/code&gt;&lt;/li&gt;
&lt;li&gt;&lt;code&gt;&lt;span style="color: var(--highlight-keyword)"&gt;&amp;nbsp;&amp;nbsp;&amp;nbsp;&amp;nbsp;&amp;nbsp;&amp;nbsp;&amp;nbsp;&amp;nbsp;&amp;nbsp;&amp;nbsp;&amp;nbsp;&amp;nbsp;&amp;nbsp;&amp;nbsp;&amp;nbsp;&amp;nbsp;&lt;/span&gt;&lt;span style="color: var(--highlight-default)"&gt;$t&lt;/span&gt;&lt;span style="color: var(--highlight-keyword)"&gt;,&lt;/span&gt;&lt;/code&gt;&lt;/li&gt;&lt;/ol&gt;    &lt;/div&gt;            &lt;/div&gt;
                        &lt;div class="trace-line "&gt;
                &lt;div class="trace-line-header break-long-words sf-toggle" data-toggle-selector="#trace-html-1-22" data-toggle-initial=""&gt;
            &lt;span class="icon icon-close"&gt;&lt;svg width="1792" height="1792" viewBox="0 0 1792 1792" xmlns="http://www.w3.org/2000/svg"&gt;&lt;path d="M1408 960V832q0-26-19-45t-45-19H448q-26 0-45 19t-19 45v128q0 26 19 45t45 19h896q26 0 45-19t19-45zm256-544v960q0 119-84.5 203.5T1376 1664H416q-119 0-203.5-84.5T128 1376V416q0-119 84.5-203.5T416 128h960q119 0 203.5 84.5T1664 416z"/&gt;&lt;/svg&gt;&lt;/span&gt;
        &lt;span class="icon icon-open"&gt;&lt;svg width="1792" height="1792" viewBox="0 0 1792 1792" xmlns="http://www.w3.org/2000/svg"&gt;&lt;path d="M1408 960V832q0-26-19-45t-45-19h-320V448q0-26-19-45t-45-19H832q-26 0-45 19t-19 45v320H448q-26 0-45 19t-19 45v128q0 26 19 45t45 19h320v320q0 26 19 45t45 19h128q26 0 45-19t19-45v-320h320q26 0 45-19t19-45zm256-544v960q0 119-84.5 203.5T1376 1664H416q-119 0-203.5-84.5T128 1376V416q0-119 84.5-203.5T416 128h960q119 0 203.5 84.5T1664 416z"/&gt;&lt;/svg&gt;&lt;/span&gt;
    
            &lt;span class="trace-class"&gt;&lt;abbr title="PHPUnit\TextUI\Command"&gt;Command&lt;/abbr&gt;&lt;/span&gt;&lt;span class="trace-type"&gt;::&lt;/span&gt;&lt;span class="trace-method"&gt;main&lt;/span&gt;&lt;span class="trace-arguments"&gt;()&lt;/span&gt;    
                    &lt;span class="block trace-file-path"&gt;
            in
            &lt;a href="file://C:\Users\sliti\Desktop\dev\esprit-PIDEV-3A16-2526-FARMIA\vendor\phpunit\phpunit\phpunit#L107"&gt;
                C:\Users\sliti\Desktop\dev\esprit-PIDEV-3A16-2526-FARMIA\vendor\phpunit\phpunit\&lt;strong&gt;phpunit&lt;/strong&gt;
            &lt;/a&gt;
                        (line 107)
            &lt;span class="icon icon-copy hidden" data-clipboard-text="C:\Users\sliti\Desktop\dev\esprit-PIDEV-3A16-2526-FARMIA\vendor\phpunit\phpunit\phpunit:107"&gt;
                &lt;svg xmlns="http://www.w3.org/2000/svg" height="24" viewBox="0 0 24 24" width="24"&gt;&lt;path d="M0 0h24v24H0z" fill="none"/&gt;&lt;path d="M16 1H4c-1.1 0-2 .9-2 2v14h2V3h12V1zm3 4H8c-1.1 0-2 .9-2 2v14c0 1.1.9 2 2 2h11c1.1 0 2-.9 2-2V7c0-1.1-.9-2-2-2zm0 16H8V7h11v14z"/&gt;&lt;/svg&gt;            &lt;/span&gt;
        &lt;/span&gt;
    &lt;/div&gt;
    &lt;div id="trace-html-1-22" class="trace-code sf-toggle-content"&gt;
        &lt;ol start="102"&gt;&lt;li&gt;&lt;code&gt;&lt;span style="color: var(--highlight-keyword)"&gt;unset(&lt;/span&gt;&lt;span style="color: var(--highlight-default)"&gt;$options&lt;/span&gt;&lt;span style="color: var(--highlight-keyword)"&gt;);&lt;/span&gt;&lt;/code&gt;&lt;/li&gt;
&lt;li&gt;&lt;code&gt;&lt;span style="color: var(--highlight-keyword)"&gt;&lt;/span&gt;&lt;/code&gt;&lt;/li&gt;
&lt;li&gt;&lt;code&gt;&lt;span style="color: var(--highlight-keyword)"&gt;require&amp;nbsp;&lt;/span&gt;&lt;span style="color: var(--highlight-default)"&gt;PHPUNIT_COMPOSER_INSTALL&lt;/span&gt;&lt;span style="color: var(--highlight-keyword)"&gt;;&lt;/span&gt;&lt;/code&gt;&lt;/li&gt;
&lt;li&gt;&lt;code&gt;&lt;span style="color: var(--highlight-keyword)"&gt;&lt;/span&gt;&lt;/code&gt;&lt;/li&gt;
&lt;li&gt;&lt;code&gt;&lt;span style="color: var(--highlight-keyword)"&gt;&lt;/span&gt;&lt;span style="color: var(--highlight-default)"&gt;PHPUnit\TextUI\Command&lt;/span&gt;&lt;span style="color: var(--highlight-keyword)"&gt;::&lt;/span&gt;&lt;span style="color: var(--highlight-default)"&gt;main&lt;/span&gt;&lt;span style="color: var(--highlight-keyword)"&gt;();&lt;/span&gt;&lt;/code&gt;&lt;/li&gt;
&lt;li class="selected"&gt;&lt;code&gt;&lt;span style="color: var(--highlight-keyword)"&gt;&lt;/span&gt;&lt;/code&gt;&lt;/li&gt;&lt;/ol&gt;    &lt;/div&gt;            &lt;/div&gt;
                        &lt;div class="trace-line "&gt;
                &lt;div class="trace-line-header break-long-words sf-toggle" data-toggle-selector="#trace-html-1-23" data-toggle-initial=""&gt;
            &lt;span class="icon icon-close"&gt;&lt;svg width="1792" height="1792" viewBox="0 0 1792 1792" xmlns="http://www.w3.org/2000/svg"&gt;&lt;path d="M1408 960V832q0-26-19-45t-45-19H448q-26 0-45 19t-19 45v128q0 26 19 45t45 19h896q26 0 45-19t19-45zm256-544v960q0 119-84.5 203.5T1376 1664H416q-119 0-203.5-84.5T128 1376V416q0-119 84.5-203.5T416 128h960q119 0 203.5 84.5T1664 416z"/&gt;&lt;/svg&gt;&lt;/span&gt;
        &lt;span class="icon icon-open"&gt;&lt;svg width="1792" height="1792" viewBox="0 0 1792 1792" xmlns="http://www.w3.org/2000/svg"&gt;&lt;path d="M1408 960V832q0-26-19-45t-45-19h-320V448q0-26-19-45t-45-19H832q-26 0-45 19t-19 45v320H448q-26 0-45 19t-19 45v128q0 26 19 45t45 19h320v320q0 26 19 45t45 19h128q26 0 45-19t19-45v-320h320q26 0 45-19t19-45zm256-544v960q0 119-84.5 203.5T1376 1664H416q-119 0-203.5-84.5T128 1376V416q0-119 84.5-203.5T416 128h960q119 0 203.5 84.5T1664 416z"/&gt;&lt;/svg&gt;&lt;/span&gt;
    
            &lt;span class="trace-class"&gt;&lt;abbr title=""&gt;&lt;/abbr&gt;&lt;/span&gt;&lt;span class="trace-method"&gt;require&lt;/span&gt;&lt;span class="trace-arguments"&gt;('C:\\Users\\sliti\\Desktop\\dev\\esprit-PIDEV-3A16-2526-FARMIA\\vendor\\phpunit\\phpunit\\phpunit')&lt;/span&gt;    
                    &lt;span class="block trace-file-path"&gt;
            in
            &lt;a href="file://C:\Users\sliti\Desktop\dev\esprit-PIDEV-3A16-2526-FARMIA\bin\phpunit#L10"&gt;
                C:\Users\sliti\Desktop\dev\esprit-PIDEV-3A16-2526-FARMIA\bin\&lt;strong&gt;phpunit&lt;/strong&gt;
            &lt;/a&gt;
                        (line 10)
            &lt;span class="icon icon-copy hidden" data-clipboard-text="C:\Users\sliti\Desktop\dev\esprit-PIDEV-3A16-2526-FARMIA\bin\phpunit:10"&gt;
                &lt;svg xmlns="http://www.w3.org/2000/svg" height="24" viewBox="0 0 24 24" width="24"&gt;&lt;path d="M0 0h24v24H0z" fill="none"/&gt;&lt;path d="M16 1H4c-1.1 0-2 .9-2 2v14h2V3h12V1zm3 4H8c-1.1 0-2 .9-2 2v14c0 1.1.9 2 2 2h11c1.1 0 2-.9 2-2V7c0-1.1-.9-2-2-2zm0 16H8V7h11v14z"/&gt;&lt;/svg&gt;            &lt;/span&gt;
        &lt;/span&gt;
    &lt;/div&gt;
    &lt;div id="trace-html-1-23" class="trace-code sf-toggle-content"&gt;
        &lt;ol start="5"&gt;&lt;li&gt;&lt;code&gt;&lt;span style="color: var(--highlight-keyword)"&gt;}&#13;&lt;/span&gt;&lt;/code&gt;&lt;/li&gt;
&lt;li&gt;&lt;code&gt;&lt;span style="color: var(--highlight-keyword)"&gt;&#13;&lt;/span&gt;&lt;/code&gt;&lt;/li&gt;
&lt;li&gt;&lt;code&gt;&lt;span style="color: var(--highlight-keyword)"&gt;if&amp;nbsp;(&lt;/span&gt;&lt;span style="color: var(--highlight-default)"&gt;is_file&lt;/span&gt;&lt;span style="color: var(--highlight-keyword)"&gt;(&lt;/span&gt;&lt;span style="color: var(--highlight-default)"&gt;dirname&lt;/span&gt;&lt;span style="color: var(--highlight-keyword)"&gt;(&lt;/span&gt;&lt;span style="color: var(--highlight-default)"&gt;__DIR__&lt;/span&gt;&lt;span style="color: var(--highlight-keyword)"&gt;).&lt;/span&gt;&lt;span style="color: var(--highlight-string)"&gt;'/vendor/phpunit/phpunit/phpunit'&lt;/span&gt;&lt;span style="color: var(--highlight-keyword)"&gt;))&amp;nbsp;{&#13;&lt;/span&gt;&lt;/code&gt;&lt;/li&gt;
&lt;li&gt;&lt;code&gt;&lt;span style="color: var(--highlight-keyword)"&gt;&amp;nbsp;&amp;nbsp;&amp;nbsp;&amp;nbsp;if&amp;nbsp;(&lt;/span&gt;&lt;span style="color: var(--highlight-default)"&gt;PHP_VERSION_ID&amp;nbsp;&lt;/span&gt;&lt;span style="color: var(--highlight-keyword)"&gt;&amp;gt;=&amp;nbsp;&lt;/span&gt;&lt;span style="color: var(--highlight-default)"&gt;80000&lt;/span&gt;&lt;span style="color: var(--highlight-keyword)"&gt;)&amp;nbsp;{&#13;&lt;/span&gt;&lt;/code&gt;&lt;/li&gt;
&lt;li&gt;&lt;code&gt;&lt;span style="color: var(--highlight-keyword)"&gt;&amp;nbsp;&amp;nbsp;&amp;nbsp;&amp;nbsp;&amp;nbsp;&amp;nbsp;&amp;nbsp;&amp;nbsp;require&amp;nbsp;&lt;/span&gt;&lt;span style="color: var(--highlight-default)"&gt;dirname&lt;/span&gt;&lt;span style="color: var(--highlight-keyword)"&gt;(&lt;/span&gt;&lt;span style="color: var(--highlight-default)"&gt;__DIR__&lt;/span&gt;&lt;span style="color: var(--highlight-keyword)"&gt;).&lt;/span&gt;&lt;span style="color: var(--highlight-string)"&gt;'/vendor/phpunit/phpunit/phpunit'&lt;/span&gt;&lt;span style="color: var(--highlight-keyword)"&gt;;&#13;&lt;/span&gt;&lt;/code&gt;&lt;/li&gt;
&lt;li class="selected"&gt;&lt;code&gt;&lt;span style="color: var(--highlight-keyword)"&gt;&amp;nbsp;&amp;nbsp;&amp;nbsp;&amp;nbsp;}&amp;nbsp;else&amp;nbsp;{&#13;&lt;/span&gt;&lt;/code&gt;&lt;/li&gt;
&lt;li&gt;&lt;code&gt;&lt;span style="color: var(--highlight-keyword)"&gt;&amp;nbsp;&amp;nbsp;&amp;nbsp;&amp;nbsp;&amp;nbsp;&amp;nbsp;&amp;nbsp;&amp;nbsp;&lt;/span&gt;&lt;span style="color: var(--highlight-default)"&gt;define&lt;/span&gt;&lt;span style="color: var(--highlight-keyword)"&gt;(&lt;/span&gt;&lt;span style="color: var(--highlight-string)"&gt;'PHPUNIT_COMPOSER_INSTALL'&lt;/span&gt;&lt;span style="color: var(--highlight-keyword)"&gt;,&amp;nbsp;&lt;/span&gt;&lt;span style="color: var(--highlight-default)"&gt;dirname&lt;/span&gt;&lt;span style="color: var(--highlight-keyword)"&gt;(&lt;/span&gt;&lt;span style="color: var(--highlight-default)"&gt;__DIR__&lt;/span&gt;&lt;span style="color: var(--highlight-keyword)"&gt;).&lt;/span&gt;&lt;span style="color: var(--highlight-string)"&gt;'/vendor/autoload.php'&lt;/span&gt;&lt;span style="color: var(--highlight-keyword)"&gt;);&#13;&lt;/span&gt;&lt;/code&gt;&lt;/li&gt;
&lt;li&gt;&lt;code&gt;&lt;span style="color: var(--highlight-keyword)"&gt;&amp;nbsp;&amp;nbsp;&amp;nbsp;&amp;nbsp;&amp;nbsp;&amp;nbsp;&amp;nbsp;&amp;nbsp;require&amp;nbsp;&lt;/span&gt;&lt;span style="color: var(--highlight-default)"&gt;PHPUNIT_COMPOSER_INSTALL&lt;/span&gt;&lt;span style="color: var(--highlight-keyword)"&gt;;&#13;&lt;/span&gt;&lt;/code&gt;&lt;/li&gt;
&lt;li&gt;&lt;code&gt;&lt;span style="color: var(--highlight-keyword)"&gt;&amp;nbsp;&amp;nbsp;&amp;nbsp;&amp;nbsp;&amp;nbsp;&amp;nbsp;&amp;nbsp;&amp;nbsp;&lt;/span&gt;&lt;span style="color: var(--highlight-default)"&gt;PHPUnit\TextUI\Command&lt;/span&gt;&lt;span style="color: var(--highlight-keyword)"&gt;::&lt;/span&gt;&lt;span style="color: var(--highlight-default)"&gt;main&lt;/span&gt;&lt;span style="color: var(--highlight-keyword)"&gt;();&#13;&lt;/span&gt;&lt;/code&gt;&lt;/li&gt;
&lt;li&gt;&lt;code&gt;&lt;span style="color: var(--highlight-keyword)"&gt;&amp;nbsp;&amp;nbsp;&amp;nbsp;&amp;nbsp;}&#13;&lt;/span&gt;&lt;/code&gt;&lt;/li&gt;
&lt;li&gt;&lt;code&gt;&lt;span style="color: var(--highlight-keyword)"&gt;}&amp;nbsp;else&amp;nbsp;{&#13;&lt;/span&gt;&lt;/code&gt;&lt;/li&gt;&lt;/ol&gt;    &lt;/div&gt;            &lt;/div&gt;
                    &lt;/div&gt;
    &lt;/div&gt;
&lt;/div&gt;&lt;div class="trace trace-as-html" id="trace-box-2"&gt;
    &lt;div class="trace-details"&gt;
        &lt;div class="trace-head"&gt;
            &lt;div class="sf-toggle" data-toggle-selector="#trace-html-2" data-toggle-initial=""&gt;
                &lt;span class="icon icon-close"&gt;&lt;svg width="1792" height="1792" viewBox="0 0 1792 1792" xmlns="http://www.w3.org/2000/svg"&gt;&lt;path d="M1344 800v64q0 14-9 23t-23 9H480q-14 0-23-9t-9-23v-64q0-14 9-23t23-9h832q14 0 23 9t9 23zm128 448V416q0-66-47-113t-113-47H480q-66 0-113 47t-47 113v832q0 66 47 113t113 47h832q66 0 113-47t47-113zm128-832v832q0 119-84.5 203.5T1312 1536H480q-119 0-203.5-84.5T192 1248V416q0-119 84.5-203.5T480 128h832q119 0 203.5 84.5T1600 416z"/&gt;&lt;/svg&gt;&lt;/span&gt;
                &lt;span class="icon icon-open"&gt;&lt;svg width="1792" height="1792" viewBox="0 0 1792 1792" xmlns="http://www.w3.org/2000/svg"&gt;&lt;path d="M1344 800v64q0 14-9 23t-23 9H960v352q0 14-9 23t-23 9h-64q-14 0-23-9t-9-23V896H480q-14 0-23-9t-9-23v-64q0-14 9-23t23-9h352V416q0-14 9-23t23-9h64q14 0 23 9t9 23v352h352q14 0 23 9t9 23zm128 448V416q0-66-47-113t-113-47H480q-66 0-113 47t-47 113v832q0 66 47 113t113 47h832q66 0 113-47t47-113zm128-832v832q0 119-84.5 203.5T1312 1536H480q-119 0-203.5-84.5T192 1248V416q0-119 84.5-203.5T480 128h832q119 0 203.5 84.5T1600 416z"/&gt;&lt;/svg&gt;&lt;/span&gt;
                                                    &lt;h3 class="trace-class"&gt;
                                                    &lt;span class="trace-namespace"&gt;Symfony\Component\Routing\Exception\&lt;/span&gt;
                                                ResourceNotFoundException                    &lt;/h3&gt;
                                                    &lt;p class="break-long-words trace-message"&gt;No routes found for &amp;quot;/expert/conseil/&amp;quot;.&lt;/p&gt;
                            &lt;/div&gt;
                    &lt;/div&gt;

        &lt;div id="trace-html-2" class="sf-toggle-content"&gt;
                    &lt;div class="trace-line "&gt;
                &lt;div class="trace-line-header break-long-words sf-toggle" data-toggle-selector="#trace-html-2-0" data-toggle-initial="display"&gt;
            &lt;span class="icon icon-close"&gt;&lt;svg width="1792" height="1792" viewBox="0 0 1792 1792" xmlns="http://www.w3.org/2000/svg"&gt;&lt;path d="M1408 960V832q0-26-19-45t-45-19H448q-26 0-45 19t-19 45v128q0 26 19 45t45 19h896q26 0 45-19t19-45zm256-544v960q0 119-84.5 203.5T1376 1664H416q-119 0-203.5-84.5T128 1376V416q0-119 84.5-203.5T416 128h960q119 0 203.5 84.5T1664 416z"/&gt;&lt;/svg&gt;&lt;/span&gt;
        &lt;span class="icon icon-open"&gt;&lt;svg width="1792" height="1792" viewBox="0 0 1792 1792" xmlns="http://www.w3.org/2000/svg"&gt;&lt;path d="M1408 960V832q0-26-19-45t-45-19h-320V448q0-26-19-45t-45-19H832q-26 0-45 19t-19 45v320H448q-26 0-45 19t-19 45v128q0 26 19 45t45 19h320v320q0 26 19 45t45 19h128q26 0 45-19t19-45v-320h320q26 0 45-19t19-45zm256-544v960q0 119-84.5 203.5T1376 1664H416q-119 0-203.5-84.5T128 1376V416q0-119 84.5-203.5T416 128h960q119 0 203.5 84.5T1664 416z"/&gt;&lt;/svg&gt;&lt;/span&gt;
    
    
                    &lt;span class="block trace-file-path"&gt;
            in
            &lt;a href="file://C:\Users\sliti\Desktop\dev\esprit-PIDEV-3A16-2526-FARMIA\vendor\symfony\routing\Matcher\Dumper\CompiledUrlMatcherTrait.php#L70"&gt;
                C:\Users\sliti\Desktop\dev\esprit-PIDEV-3A16-2526-FARMIA\vendor\symfony\routing\Matcher\Dumper\&lt;strong&gt;CompiledUrlMatcherTrait.php&lt;/strong&gt;
            &lt;/a&gt;
                        (line 70)
            &lt;span class="icon icon-copy hidden" data-clipboard-text="C:\Users\sliti\Desktop\dev\esprit-PIDEV-3A16-2526-FARMIA\vendor\symfony\routing\Matcher\Dumper\CompiledUrlMatcherTrait.php:70"&gt;
                &lt;svg xmlns="http://www.w3.org/2000/svg" height="24" viewBox="0 0 24 24" width="24"&gt;&lt;path d="M0 0h24v24H0z" fill="none"/&gt;&lt;path d="M16 1H4c-1.1 0-2 .9-2 2v14h2V3h12V1zm3 4H8c-1.1 0-2 .9-2 2v14c0 1.1.9 2 2 2h11c1.1 0 2-.9 2-2V7c0-1.1-.9-2-2-2zm0 16H8V7h11v14z"/&gt;&lt;/svg&gt;            &lt;/span&gt;
        &lt;/span&gt;
    &lt;/div&gt;
    &lt;div id="trace-html-2-0" class="trace-code sf-toggle-content"&gt;
        &lt;ol start="65"&gt;&lt;li&gt;&lt;code&gt;&lt;span style="color: var(--highlight-keyword)"&gt;&amp;nbsp;&amp;nbsp;&amp;nbsp;&amp;nbsp;&amp;nbsp;&amp;nbsp;&amp;nbsp;&amp;nbsp;&amp;nbsp;&amp;nbsp;&amp;nbsp;&amp;nbsp;if&amp;nbsp;(&lt;/span&gt;&lt;span style="color: var(--highlight-default)"&gt;$allowSchemes&lt;/span&gt;&lt;span style="color: var(--highlight-keyword)"&gt;)&amp;nbsp;{&lt;/span&gt;&lt;/code&gt;&lt;/li&gt;
&lt;li&gt;&lt;code&gt;&lt;span style="color: var(--highlight-keyword)"&gt;&amp;nbsp;&amp;nbsp;&amp;nbsp;&amp;nbsp;&amp;nbsp;&amp;nbsp;&amp;nbsp;&amp;nbsp;&amp;nbsp;&amp;nbsp;&amp;nbsp;&amp;nbsp;&amp;nbsp;&amp;nbsp;&amp;nbsp;&amp;nbsp;goto&amp;nbsp;&lt;/span&gt;&lt;span style="color: var(--highlight-default)"&gt;redirect_scheme&lt;/span&gt;&lt;span style="color: var(--highlight-keyword)"&gt;;&lt;/span&gt;&lt;/code&gt;&lt;/li&gt;
&lt;li&gt;&lt;code&gt;&lt;span style="color: var(--highlight-keyword)"&gt;&amp;nbsp;&amp;nbsp;&amp;nbsp;&amp;nbsp;&amp;nbsp;&amp;nbsp;&amp;nbsp;&amp;nbsp;&amp;nbsp;&amp;nbsp;&amp;nbsp;&amp;nbsp;}&lt;/span&gt;&lt;/code&gt;&lt;/li&gt;
&lt;li&gt;&lt;code&gt;&lt;span style="color: var(--highlight-keyword)"&gt;&amp;nbsp;&amp;nbsp;&amp;nbsp;&amp;nbsp;&amp;nbsp;&amp;nbsp;&amp;nbsp;&amp;nbsp;}&lt;/span&gt;&lt;/code&gt;&lt;/li&gt;
&lt;li&gt;&lt;code&gt;&lt;span style="color: var(--highlight-keyword)"&gt;&lt;/span&gt;&lt;/code&gt;&lt;/li&gt;
&lt;li class="selected"&gt;&lt;code&gt;&lt;span style="color: var(--highlight-keyword)"&gt;&amp;nbsp;&amp;nbsp;&amp;nbsp;&amp;nbsp;&amp;nbsp;&amp;nbsp;&amp;nbsp;&amp;nbsp;throw&amp;nbsp;new&amp;nbsp;&lt;/span&gt;&lt;span style="color: var(--highlight-default)"&gt;ResourceNotFoundException&lt;/span&gt;&lt;span style="color: var(--highlight-keyword)"&gt;(&lt;/span&gt;&lt;span style="color: var(--highlight-default)"&gt;\sprintf&lt;/span&gt;&lt;span style="color: var(--highlight-keyword)"&gt;(&lt;/span&gt;&lt;span style="color: var(--highlight-string)"&gt;'No&amp;nbsp;routes&amp;nbsp;found&amp;nbsp;for&amp;nbsp;"%s".'&lt;/span&gt;&lt;span style="color: var(--highlight-keyword)"&gt;,&amp;nbsp;&lt;/span&gt;&lt;span style="color: var(--highlight-default)"&gt;$pathinfo&lt;/span&gt;&lt;span style="color: var(--highlight-keyword)"&gt;));&lt;/span&gt;&lt;/code&gt;&lt;/li&gt;
&lt;li&gt;&lt;code&gt;&lt;span style="color: var(--highlight-keyword)"&gt;&amp;nbsp;&amp;nbsp;&amp;nbsp;&amp;nbsp;}&lt;/span&gt;&lt;/code&gt;&lt;/li&gt;
&lt;li&gt;&lt;code&gt;&lt;span style="color: var(--highlight-keyword)"&gt;&lt;/span&gt;&lt;/code&gt;&lt;/li&gt;
&lt;li&gt;&lt;code&gt;&lt;span style="color: var(--highlight-keyword)"&gt;&amp;nbsp;&amp;nbsp;&amp;nbsp;&amp;nbsp;private&amp;nbsp;function&amp;nbsp;&lt;/span&gt;&lt;span style="color: var(--highlight-default)"&gt;doMatch&lt;/span&gt;&lt;span style="color: var(--highlight-keyword)"&gt;(&lt;/span&gt;&lt;span style="color: var(--highlight-default)"&gt;string&amp;nbsp;$pathinfo&lt;/span&gt;&lt;span style="color: var(--highlight-keyword)"&gt;,&amp;nbsp;array&amp;nbsp;&amp;amp;&lt;/span&gt;&lt;span style="color: var(--highlight-default)"&gt;$allow&amp;nbsp;&lt;/span&gt;&lt;span style="color: var(--highlight-keyword)"&gt;=&amp;nbsp;[],&amp;nbsp;array&amp;nbsp;&amp;amp;&lt;/span&gt;&lt;span style="color: var(--highlight-default)"&gt;$allowSchemes&amp;nbsp;&lt;/span&gt;&lt;span style="color: var(--highlight-keyword)"&gt;=&amp;nbsp;[]):&amp;nbsp;array&lt;/span&gt;&lt;/code&gt;&lt;/li&gt;
&lt;li&gt;&lt;code&gt;&lt;span style="color: var(--highlight-keyword)"&gt;&amp;nbsp;&amp;nbsp;&amp;nbsp;&amp;nbsp;{&lt;/span&gt;&lt;/code&gt;&lt;/li&gt;
&lt;li&gt;&lt;code&gt;&lt;span style="color: var(--highlight-keyword)"&gt;&amp;nbsp;&amp;nbsp;&amp;nbsp;&amp;nbsp;&amp;nbsp;&amp;nbsp;&amp;nbsp;&amp;nbsp;&lt;/span&gt;&lt;span style="color: var(--highlight-default)"&gt;$allow&amp;nbsp;&lt;/span&gt;&lt;span style="color: var(--highlight-keyword)"&gt;=&amp;nbsp;&lt;/span&gt;&lt;span style="color: var(--highlight-default)"&gt;$allowSchemes&amp;nbsp;&lt;/span&gt;&lt;span style="color: var(--highlight-keyword)"&gt;=&amp;nbsp;[];&lt;/span&gt;&lt;/code&gt;&lt;/li&gt;&lt;/ol&gt;    &lt;/div&gt;            &lt;/div&gt;
                        &lt;div class="trace-line "&gt;
                &lt;div class="trace-line-header break-long-words sf-toggle" data-toggle-selector="#trace-html-2-1" data-toggle-initial=""&gt;
            &lt;span class="icon icon-close"&gt;&lt;svg width="1792" height="1792" viewBox="0 0 1792 1792" xmlns="http://www.w3.org/2000/svg"&gt;&lt;path d="M1408 960V832q0-26-19-45t-45-19H448q-26 0-45 19t-19 45v128q0 26 19 45t45 19h896q26 0 45-19t19-45zm256-544v960q0 119-84.5 203.5T1376 1664H416q-119 0-203.5-84.5T128 1376V416q0-119 84.5-203.5T416 128h960q119 0 203.5 84.5T1664 416z"/&gt;&lt;/svg&gt;&lt;/span&gt;
        &lt;span class="icon icon-open"&gt;&lt;svg width="1792" height="1792" viewBox="0 0 1792 1792" xmlns="http://www.w3.org/2000/svg"&gt;&lt;path d="M1408 960V832q0-26-19-45t-45-19h-320V448q0-26-19-45t-45-19H832q-26 0-45 19t-19 45v320H448q-26 0-45 19t-19 45v128q0 26 19 45t45 19h320v320q0 26 19 45t45 19h128q26 0 45-19t19-45v-320h320q26 0 45-19t19-45zm256-544v960q0 119-84.5 203.5T1376 1664H416q-119 0-203.5-84.5T128 1376V416q0-119 84.5-203.5T416 128h960q119 0 203.5 84.5T1664 416z"/&gt;&lt;/svg&gt;&lt;/span&gt;
    
            &lt;span class="trace-class"&gt;&lt;abbr title="Symfony\Component\Routing\Matcher\CompiledUrlMatcher"&gt;CompiledUrlMatcher&lt;/abbr&gt;&lt;/span&gt;&lt;span class="trace-type"&gt;-&gt;&lt;/span&gt;&lt;span class="trace-method"&gt;match&lt;/span&gt;&lt;span class="trace-arguments"&gt;('/expert/conseil/')&lt;/span&gt;    
                    &lt;span class="block trace-file-path"&gt;
            in
            &lt;a href="file://C:\Users\sliti\Desktop\dev\esprit-PIDEV-3A16-2526-FARMIA\vendor\symfony\routing\Matcher\UrlMatcher.php#L98"&gt;
                C:\Users\sliti\Desktop\dev\esprit-PIDEV-3A16-2526-FARMIA\vendor\symfony\routing\Matcher\&lt;strong&gt;UrlMatcher.php&lt;/strong&gt;
            &lt;/a&gt;
                        (line 98)
            &lt;span class="icon icon-copy hidden" data-clipboard-text="C:\Users\sliti\Desktop\dev\esprit-PIDEV-3A16-2526-FARMIA\vendor\symfony\routing\Matcher\UrlMatcher.php:98"&gt;
                &lt;svg xmlns="http://www.w3.org/2000/svg" height="24" viewBox="0 0 24 24" width="24"&gt;&lt;path d="M0 0h24v24H0z" fill="none"/&gt;&lt;path d="M16 1H4c-1.1 0-2 .9-2 2v14h2V3h12V1zm3 4H8c-1.1 0-2 .9-2 2v14c0 1.1.9 2 2 2h11c1.1 0 2-.9 2-2V7c0-1.1-.9-2-2-2zm0 16H8V7h11v14z"/&gt;&lt;/svg&gt;            &lt;/span&gt;
        &lt;/span&gt;
    &lt;/div&gt;
    &lt;div id="trace-html-2-1" class="trace-code sf-toggle-content"&gt;
        &lt;ol start="93"&gt;&lt;li&gt;&lt;code&gt;&lt;span style="color: var(--highlight-keyword)"&gt;&lt;/span&gt;&lt;/code&gt;&lt;/li&gt;
&lt;li&gt;&lt;code&gt;&lt;span style="color: var(--highlight-keyword)"&gt;&amp;nbsp;&amp;nbsp;&amp;nbsp;&amp;nbsp;public&amp;nbsp;function&amp;nbsp;&lt;/span&gt;&lt;span style="color: var(--highlight-default)"&gt;matchRequest&lt;/span&gt;&lt;span style="color: var(--highlight-keyword)"&gt;(&lt;/span&gt;&lt;span style="color: var(--highlight-default)"&gt;Request&amp;nbsp;$request&lt;/span&gt;&lt;span style="color: var(--highlight-keyword)"&gt;):&amp;nbsp;array&lt;/span&gt;&lt;/code&gt;&lt;/li&gt;
&lt;li&gt;&lt;code&gt;&lt;span style="color: var(--highlight-keyword)"&gt;&amp;nbsp;&amp;nbsp;&amp;nbsp;&amp;nbsp;{&lt;/span&gt;&lt;/code&gt;&lt;/li&gt;
&lt;li&gt;&lt;code&gt;&lt;span style="color: var(--highlight-keyword)"&gt;&amp;nbsp;&amp;nbsp;&amp;nbsp;&amp;nbsp;&amp;nbsp;&amp;nbsp;&amp;nbsp;&amp;nbsp;&lt;/span&gt;&lt;span style="color: var(--highlight-default)"&gt;$this&lt;/span&gt;&lt;span style="color: var(--highlight-keyword)"&gt;-&amp;gt;&lt;/span&gt;&lt;span style="color: var(--highlight-default)"&gt;request&amp;nbsp;&lt;/span&gt;&lt;span style="color: var(--highlight-keyword)"&gt;=&amp;nbsp;&lt;/span&gt;&lt;span style="color: var(--highlight-default)"&gt;$request&lt;/span&gt;&lt;span style="color: var(--highlight-keyword)"&gt;;&lt;/span&gt;&lt;/code&gt;&lt;/li&gt;
&lt;li&gt;&lt;code&gt;&lt;span style="color: var(--highlight-keyword)"&gt;&lt;/span&gt;&lt;/code&gt;&lt;/li&gt;
&lt;li class="selected"&gt;&lt;code&gt;&lt;span style="color: var(--highlight-keyword)"&gt;&amp;nbsp;&amp;nbsp;&amp;nbsp;&amp;nbsp;&amp;nbsp;&amp;nbsp;&amp;nbsp;&amp;nbsp;&lt;/span&gt;&lt;span style="color: var(--highlight-default)"&gt;$ret&amp;nbsp;&lt;/span&gt;&lt;span style="color: var(--highlight-keyword)"&gt;=&amp;nbsp;&lt;/span&gt;&lt;span style="color: var(--highlight-default)"&gt;$this&lt;/span&gt;&lt;span style="color: var(--highlight-keyword)"&gt;-&amp;gt;&lt;/span&gt;&lt;span style="color: var(--highlight-default)"&gt;match&lt;/span&gt;&lt;span style="color: var(--highlight-keyword)"&gt;(&lt;/span&gt;&lt;span style="color: var(--highlight-default)"&gt;$request&lt;/span&gt;&lt;span style="color: var(--highlight-keyword)"&gt;-&amp;gt;&lt;/span&gt;&lt;span style="color: var(--highlight-default)"&gt;getPathInfo&lt;/span&gt;&lt;span style="color: var(--highlight-keyword)"&gt;());&lt;/span&gt;&lt;/code&gt;&lt;/li&gt;
&lt;li&gt;&lt;code&gt;&lt;span style="color: var(--highlight-keyword)"&gt;&lt;/span&gt;&lt;/code&gt;&lt;/li&gt;
&lt;li&gt;&lt;code&gt;&lt;span style="color: var(--highlight-keyword)"&gt;&amp;nbsp;&amp;nbsp;&amp;nbsp;&amp;nbsp;&amp;nbsp;&amp;nbsp;&amp;nbsp;&amp;nbsp;&lt;/span&gt;&lt;span style="color: var(--highlight-default)"&gt;$this&lt;/span&gt;&lt;span style="color: var(--highlight-keyword)"&gt;-&amp;gt;&lt;/span&gt;&lt;span style="color: var(--highlight-default)"&gt;request&amp;nbsp;&lt;/span&gt;&lt;span style="color: var(--highlight-keyword)"&gt;=&amp;nbsp;&lt;/span&gt;&lt;span style="color: var(--highlight-default)"&gt;null&lt;/span&gt;&lt;span style="color: var(--highlight-keyword)"&gt;;&lt;/span&gt;&lt;/code&gt;&lt;/li&gt;
&lt;li&gt;&lt;code&gt;&lt;span style="color: var(--highlight-keyword)"&gt;&lt;/span&gt;&lt;/code&gt;&lt;/li&gt;
&lt;li&gt;&lt;code&gt;&lt;span style="color: var(--highlight-keyword)"&gt;&amp;nbsp;&amp;nbsp;&amp;nbsp;&amp;nbsp;&amp;nbsp;&amp;nbsp;&amp;nbsp;&amp;nbsp;return&amp;nbsp;&lt;/span&gt;&lt;span style="color: var(--highlight-default)"&gt;$ret&lt;/span&gt;&lt;span style="color: var(--highlight-keyword)"&gt;;&lt;/span&gt;&lt;/code&gt;&lt;/li&gt;
&lt;li&gt;&lt;code&gt;&lt;span style="color: var(--highlight-keyword)"&gt;&amp;nbsp;&amp;nbsp;&amp;nbsp;&amp;nbsp;}&lt;/span&gt;&lt;/code&gt;&lt;/li&gt;&lt;/ol&gt;    &lt;/div&gt;            &lt;/div&gt;
                        &lt;div class="trace-line "&gt;
                &lt;div class="trace-line-header break-long-words sf-toggle" data-toggle-selector="#trace-html-2-2" data-toggle-initial=""&gt;
            &lt;span class="icon icon-close"&gt;&lt;svg width="1792" height="1792" viewBox="0 0 1792 1792" xmlns="http://www.w3.org/2000/svg"&gt;&lt;path d="M1408 960V832q0-26-19-45t-45-19H448q-26 0-45 19t-19 45v128q0 26 19 45t45 19h896q26 0 45-19t19-45zm256-544v960q0 119-84.5 203.5T1376 1664H416q-119 0-203.5-84.5T128 1376V416q0-119 84.5-203.5T416 128h960q119 0 203.5 84.5T1664 416z"/&gt;&lt;/svg&gt;&lt;/span&gt;
        &lt;span class="icon icon-open"&gt;&lt;svg width="1792" height="1792" viewBox="0 0 1792 1792" xmlns="http://www.w3.org/2000/svg"&gt;&lt;path d="M1408 960V832q0-26-19-45t-45-19h-320V448q0-26-19-45t-45-19H832q-26 0-45 19t-19 45v320H448q-26 0-45 19t-19 45v128q0 26 19 45t45 19h320v320q0 26 19 45t45 19h128q26 0 45-19t19-45v-320h320q26 0 45-19t19-45zm256-544v960q0 119-84.5 203.5T1376 1664H416q-119 0-203.5-84.5T128 1376V416q0-119 84.5-203.5T416 128h960q119 0 203.5 84.5T1664 416z"/&gt;&lt;/svg&gt;&lt;/span&gt;
    
            &lt;span class="trace-class"&gt;&lt;abbr title="Symfony\Component\Routing\Matcher\UrlMatcher"&gt;UrlMatcher&lt;/abbr&gt;&lt;/span&gt;&lt;span class="trace-type"&gt;-&gt;&lt;/span&gt;&lt;span class="trace-method"&gt;matchRequest&lt;/span&gt;&lt;span class="trace-arguments"&gt;(&lt;em&gt;object&lt;/em&gt;(&lt;abbr title="Symfony\Component\HttpFoundation\Request"&gt;Request&lt;/abbr&gt;))&lt;/span&gt;    
                    &lt;span class="block trace-file-path"&gt;
            in
            &lt;a href="file://C:\Users\sliti\Desktop\dev\esprit-PIDEV-3A16-2526-FARMIA\vendor\symfony\routing\Router.php#L237"&gt;
                C:\Users\sliti\Desktop\dev\esprit-PIDEV-3A16-2526-FARMIA\vendor\symfony\routing\&lt;strong&gt;Router.php&lt;/strong&gt;
            &lt;/a&gt;
                        (line 237)
            &lt;span class="icon icon-copy hidden" data-clipboard-text="C:\Users\sliti\Desktop\dev\esprit-PIDEV-3A16-2526-FARMIA\vendor\symfony\routing\Router.php:237"&gt;
                &lt;svg xmlns="http://www.w3.org/2000/svg" height="24" viewBox="0 0 24 24" width="24"&gt;&lt;path d="M0 0h24v24H0z" fill="none"/&gt;&lt;path d="M16 1H4c-1.1 0-2 .9-2 2v14h2V3h12V1zm3 4H8c-1.1 0-2 .9-2 2v14c0 1.1.9 2 2 2h11c1.1 0 2-.9 2-2V7c0-1.1-.9-2-2-2zm0 16H8V7h11v14z"/&gt;&lt;/svg&gt;            &lt;/span&gt;
        &lt;/span&gt;
    &lt;/div&gt;
    &lt;div id="trace-html-2-2" class="trace-code sf-toggle-content"&gt;
        &lt;ol start="232"&gt;&lt;li&gt;&lt;code&gt;&lt;span style="color: var(--highlight-keyword)"&gt;&amp;nbsp;&amp;nbsp;&amp;nbsp;&amp;nbsp;&amp;nbsp;&amp;nbsp;&amp;nbsp;&amp;nbsp;if&amp;nbsp;(!&lt;/span&gt;&lt;span style="color: var(--highlight-default)"&gt;$matcher&amp;nbsp;&lt;/span&gt;&lt;span style="color: var(--highlight-keyword)"&gt;instanceof&amp;nbsp;&lt;/span&gt;&lt;span style="color: var(--highlight-default)"&gt;RequestMatcherInterface&lt;/span&gt;&lt;span style="color: var(--highlight-keyword)"&gt;)&amp;nbsp;{&lt;/span&gt;&lt;/code&gt;&lt;/li&gt;
&lt;li&gt;&lt;code&gt;&lt;span style="color: var(--highlight-keyword)"&gt;&amp;nbsp;&amp;nbsp;&amp;nbsp;&amp;nbsp;&amp;nbsp;&amp;nbsp;&amp;nbsp;&amp;nbsp;&amp;nbsp;&amp;nbsp;&amp;nbsp;&amp;nbsp;&lt;/span&gt;&lt;span style="color: var(--highlight-comment)"&gt;//&amp;nbsp;fallback&amp;nbsp;to&amp;nbsp;the&amp;nbsp;default&amp;nbsp;UrlMatcherInterface&lt;/span&gt;&lt;/code&gt;&lt;/li&gt;
&lt;li&gt;&lt;code&gt;&lt;span style="color: var(--highlight-comment)"&gt;&amp;nbsp;&amp;nbsp;&amp;nbsp;&amp;nbsp;&amp;nbsp;&amp;nbsp;&amp;nbsp;&amp;nbsp;&amp;nbsp;&amp;nbsp;&amp;nbsp;&amp;nbsp;&lt;/span&gt;&lt;span style="color: var(--highlight-keyword)"&gt;return&amp;nbsp;&lt;/span&gt;&lt;span style="color: var(--highlight-default)"&gt;$matcher&lt;/span&gt;&lt;span style="color: var(--highlight-keyword)"&gt;-&amp;gt;&lt;/span&gt;&lt;span style="color: var(--highlight-default)"&gt;match&lt;/span&gt;&lt;span style="color: var(--highlight-keyword)"&gt;(&lt;/span&gt;&lt;span style="color: var(--highlight-default)"&gt;$request&lt;/span&gt;&lt;span style="color: var(--highlight-keyword)"&gt;-&amp;gt;&lt;/span&gt;&lt;span style="color: var(--highlight-default)"&gt;getPathInfo&lt;/span&gt;&lt;span style="color: var(--highlight-keyword)"&gt;());&lt;/span&gt;&lt;/code&gt;&lt;/li&gt;
&lt;li&gt;&lt;code&gt;&lt;span style="color: var(--highlight-keyword)"&gt;&amp;nbsp;&amp;nbsp;&amp;nbsp;&amp;nbsp;&amp;nbsp;&amp;nbsp;&amp;nbsp;&amp;nbsp;}&lt;/span&gt;&lt;/code&gt;&lt;/li&gt;
&lt;li&gt;&lt;code&gt;&lt;span style="color: var(--highlight-keyword)"&gt;&lt;/span&gt;&lt;/code&gt;&lt;/li&gt;
&lt;li class="selected"&gt;&lt;code&gt;&lt;span style="color: var(--highlight-keyword)"&gt;&amp;nbsp;&amp;nbsp;&amp;nbsp;&amp;nbsp;&amp;nbsp;&amp;nbsp;&amp;nbsp;&amp;nbsp;return&amp;nbsp;&lt;/span&gt;&lt;span style="color: var(--highlight-default)"&gt;$matcher&lt;/span&gt;&lt;span style="color: var(--highlight-keyword)"&gt;-&amp;gt;&lt;/span&gt;&lt;span style="color: var(--highlight-default)"&gt;matchRequest&lt;/span&gt;&lt;span style="color: var(--highlight-keyword)"&gt;(&lt;/span&gt;&lt;span style="color: var(--highlight-default)"&gt;$request&lt;/span&gt;&lt;span style="color: var(--highlight-keyword)"&gt;);&lt;/span&gt;&lt;/code&gt;&lt;/li&gt;
&lt;li&gt;&lt;code&gt;&lt;span style="color: var(--highlight-keyword)"&gt;&amp;nbsp;&amp;nbsp;&amp;nbsp;&amp;nbsp;}&lt;/span&gt;&lt;/code&gt;&lt;/li&gt;
&lt;li&gt;&lt;code&gt;&lt;span style="color: var(--highlight-keyword)"&gt;&lt;/span&gt;&lt;/code&gt;&lt;/li&gt;
&lt;li&gt;&lt;code&gt;&lt;span style="color: var(--highlight-keyword)"&gt;&amp;nbsp;&amp;nbsp;&amp;nbsp;&amp;nbsp;&lt;/span&gt;&lt;span style="color: var(--highlight-comment)"&gt;/**&lt;/span&gt;&lt;/code&gt;&lt;/li&gt;
&lt;li&gt;&lt;code&gt;&lt;span style="color: var(--highlight-comment)"&gt;&amp;nbsp;&amp;nbsp;&amp;nbsp;&amp;nbsp;&amp;nbsp;*&amp;nbsp;Gets&amp;nbsp;the&amp;nbsp;UrlMatcher&amp;nbsp;or&amp;nbsp;RequestMatcher&amp;nbsp;instance&amp;nbsp;associated&amp;nbsp;with&amp;nbsp;this&amp;nbsp;Router.&lt;/span&gt;&lt;/code&gt;&lt;/li&gt;
&lt;li&gt;&lt;code&gt;&lt;span style="color: var(--highlight-comment)"&gt;&amp;nbsp;&amp;nbsp;&amp;nbsp;&amp;nbsp;&amp;nbsp;*/&lt;/span&gt;&lt;/code&gt;&lt;/li&gt;&lt;/ol&gt;    &lt;/div&gt;            &lt;/div&gt;
                        &lt;div class="trace-line "&gt;
                &lt;div class="trace-line-header break-long-words sf-toggle" data-toggle-selector="#trace-html-2-3" data-toggle-initial=""&gt;
            &lt;span class="icon icon-close"&gt;&lt;svg width="1792" height="1792" viewBox="0 0 1792 1792" xmlns="http://www.w3.org/2000/svg"&gt;&lt;path d="M1408 960V832q0-26-19-45t-45-19H448q-26 0-45 19t-19 45v128q0 26 19 45t45 19h896q26 0 45-19t19-45zm256-544v960q0 119-84.5 203.5T1376 1664H416q-119 0-203.5-84.5T128 1376V416q0-119 84.5-203.5T416 128h960q119 0 203.5 84.5T1664 416z"/&gt;&lt;/svg&gt;&lt;/span&gt;
        &lt;span class="icon icon-open"&gt;&lt;svg width="1792" height="1792" viewBox="0 0 1792 1792" xmlns="http://www.w3.org/2000/svg"&gt;&lt;path d="M1408 960V832q0-26-19-45t-45-19h-320V448q0-26-19-45t-45-19H832q-26 0-45 19t-19 45v320H448q-26 0-45 19t-19 45v128q0 26 19 45t45 19h320v320q0 26 19 45t45 19h128q26 0 45-19t19-45v-320h320q26 0 45-19t19-45zm256-544v960q0 119-84.5 203.5T1376 1664H416q-119 0-203.5-84.5T128 1376V416q0-119 84.5-203.5T416 128h960q119 0 203.5 84.5T1664 416z"/&gt;&lt;/svg&gt;&lt;/span&gt;
    
            &lt;span class="trace-class"&gt;&lt;abbr title="Symfony\Component\Routing\Router"&gt;Router&lt;/abbr&gt;&lt;/span&gt;&lt;span class="trace-type"&gt;-&gt;&lt;/span&gt;&lt;span class="trace-method"&gt;matchRequest&lt;/span&gt;&lt;span class="trace-arguments"&gt;(&lt;em&gt;object&lt;/em&gt;(&lt;abbr title="Symfony\Component\HttpFoundation\Request"&gt;Request&lt;/abbr&gt;))&lt;/span&gt;    
                    &lt;span class="block trace-file-path"&gt;
            in
            &lt;a href="file://C:\Users\sliti\Desktop\dev\esprit-PIDEV-3A16-2526-FARMIA\vendor\symfony\http-kernel\EventListener\RouterListener.php#L105"&gt;
                C:\Users\sliti\Desktop\dev\esprit-PIDEV-3A16-2526-FARMIA\vendor\symfony\http-kernel\EventListener\&lt;strong&gt;RouterListener.php&lt;/strong&gt;
            &lt;/a&gt;
                        (line 105)
            &lt;span class="icon icon-copy hidden" data-clipboard-text="C:\Users\sliti\Desktop\dev\esprit-PIDEV-3A16-2526-FARMIA\vendor\symfony\http-kernel\EventListener\RouterListener.php:105"&gt;
                &lt;svg xmlns="http://www.w3.org/2000/svg" height="24" viewBox="0 0 24 24" width="24"&gt;&lt;path d="M0 0h24v24H0z" fill="none"/&gt;&lt;path d="M16 1H4c-1.1 0-2 .9-2 2v14h2V3h12V1zm3 4H8c-1.1 0-2 .9-2 2v14c0 1.1.9 2 2 2h11c1.1 0 2-.9 2-2V7c0-1.1-.9-2-2-2zm0 16H8V7h11v14z"/&gt;&lt;/svg&gt;            &lt;/span&gt;
        &lt;/span&gt;
    &lt;/div&gt;
    &lt;div id="trace-html-2-3" class="trace-code sf-toggle-content"&gt;
        &lt;ol start="100"&gt;&lt;li&gt;&lt;code&gt;&lt;span style="color: var(--highlight-keyword)"&gt;&lt;/span&gt;&lt;/code&gt;&lt;/li&gt;
&lt;li&gt;&lt;code&gt;&lt;span style="color: var(--highlight-keyword)"&gt;&amp;nbsp;&amp;nbsp;&amp;nbsp;&amp;nbsp;&amp;nbsp;&amp;nbsp;&amp;nbsp;&amp;nbsp;&lt;/span&gt;&lt;span style="color: var(--highlight-comment)"&gt;//&amp;nbsp;add&amp;nbsp;attributes&amp;nbsp;based&amp;nbsp;on&amp;nbsp;the&amp;nbsp;request&amp;nbsp;(routing)&lt;/span&gt;&lt;/code&gt;&lt;/li&gt;
&lt;li&gt;&lt;code&gt;&lt;span style="color: var(--highlight-comment)"&gt;&amp;nbsp;&amp;nbsp;&amp;nbsp;&amp;nbsp;&amp;nbsp;&amp;nbsp;&amp;nbsp;&amp;nbsp;&lt;/span&gt;&lt;span style="color: var(--highlight-keyword)"&gt;try&amp;nbsp;{&lt;/span&gt;&lt;/code&gt;&lt;/li&gt;
&lt;li&gt;&lt;code&gt;&lt;span style="color: var(--highlight-keyword)"&gt;&amp;nbsp;&amp;nbsp;&amp;nbsp;&amp;nbsp;&amp;nbsp;&amp;nbsp;&amp;nbsp;&amp;nbsp;&amp;nbsp;&amp;nbsp;&amp;nbsp;&amp;nbsp;&lt;/span&gt;&lt;span style="color: var(--highlight-comment)"&gt;//&amp;nbsp;matching&amp;nbsp;a&amp;nbsp;request&amp;nbsp;is&amp;nbsp;more&amp;nbsp;powerful&amp;nbsp;than&amp;nbsp;matching&amp;nbsp;a&amp;nbsp;URL&amp;nbsp;path&amp;nbsp;+&amp;nbsp;context,&amp;nbsp;so&amp;nbsp;try&amp;nbsp;that&amp;nbsp;first&lt;/span&gt;&lt;/code&gt;&lt;/li&gt;
&lt;li&gt;&lt;code&gt;&lt;span style="color: var(--highlight-comment)"&gt;&amp;nbsp;&amp;nbsp;&amp;nbsp;&amp;nbsp;&amp;nbsp;&amp;nbsp;&amp;nbsp;&amp;nbsp;&amp;nbsp;&amp;nbsp;&amp;nbsp;&amp;nbsp;&lt;/span&gt;&lt;span style="color: var(--highlight-keyword)"&gt;if&amp;nbsp;(&lt;/span&gt;&lt;span style="color: var(--highlight-default)"&gt;$this&lt;/span&gt;&lt;span style="color: var(--highlight-keyword)"&gt;-&amp;gt;&lt;/span&gt;&lt;span style="color: var(--highlight-default)"&gt;matcher&amp;nbsp;&lt;/span&gt;&lt;span style="color: var(--highlight-keyword)"&gt;instanceof&amp;nbsp;&lt;/span&gt;&lt;span style="color: var(--highlight-default)"&gt;RequestMatcherInterface&lt;/span&gt;&lt;span style="color: var(--highlight-keyword)"&gt;)&amp;nbsp;{&lt;/span&gt;&lt;/code&gt;&lt;/li&gt;
&lt;li class="selected"&gt;&lt;code&gt;&lt;span style="color: var(--highlight-keyword)"&gt;&amp;nbsp;&amp;nbsp;&amp;nbsp;&amp;nbsp;&amp;nbsp;&amp;nbsp;&amp;nbsp;&amp;nbsp;&amp;nbsp;&amp;nbsp;&amp;nbsp;&amp;nbsp;&amp;nbsp;&amp;nbsp;&amp;nbsp;&amp;nbsp;&lt;/span&gt;&lt;span style="color: var(--highlight-default)"&gt;$parameters&amp;nbsp;&lt;/span&gt;&lt;span style="color: var(--highlight-keyword)"&gt;=&amp;nbsp;&lt;/span&gt;&lt;span style="color: var(--highlight-default)"&gt;$this&lt;/span&gt;&lt;span style="color: var(--highlight-keyword)"&gt;-&amp;gt;&lt;/span&gt;&lt;span style="color: var(--highlight-default)"&gt;matcher&lt;/span&gt;&lt;span style="color: var(--highlight-keyword)"&gt;-&amp;gt;&lt;/span&gt;&lt;span style="color: var(--highlight-default)"&gt;matchRequest&lt;/span&gt;&lt;span style="color: var(--highlight-keyword)"&gt;(&lt;/span&gt;&lt;span style="color: var(--highlight-default)"&gt;$request&lt;/span&gt;&lt;span style="color: var(--highlight-keyword)"&gt;);&lt;/span&gt;&lt;/code&gt;&lt;/li&gt;
&lt;li&gt;&lt;code&gt;&lt;span style="color: var(--highlight-keyword)"&gt;&amp;nbsp;&amp;nbsp;&amp;nbsp;&amp;nbsp;&amp;nbsp;&amp;nbsp;&amp;nbsp;&amp;nbsp;&amp;nbsp;&amp;nbsp;&amp;nbsp;&amp;nbsp;}&amp;nbsp;else&amp;nbsp;{&lt;/span&gt;&lt;/code&gt;&lt;/li&gt;
&lt;li&gt;&lt;code&gt;&lt;span style="color: var(--highlight-keyword)"&gt;&amp;nbsp;&amp;nbsp;&amp;nbsp;&amp;nbsp;&amp;nbsp;&amp;nbsp;&amp;nbsp;&amp;nbsp;&amp;nbsp;&amp;nbsp;&amp;nbsp;&amp;nbsp;&amp;nbsp;&amp;nbsp;&amp;nbsp;&amp;nbsp;&lt;/span&gt;&lt;span style="color: var(--highlight-default)"&gt;$parameters&amp;nbsp;&lt;/span&gt;&lt;span style="color: var(--highlight-keyword)"&gt;=&amp;nbsp;&lt;/span&gt;&lt;span style="color: var(--highlight-default)"&gt;$this&lt;/span&gt;&lt;span style="color: var(--highlight-keyword)"&gt;-&amp;gt;&lt;/span&gt;&lt;span style="color: var(--highlight-default)"&gt;matcher&lt;/span&gt;&lt;span style="color: var(--highlight-keyword)"&gt;-&amp;gt;&lt;/span&gt;&lt;span style="color: var(--highlight-default)"&gt;match&lt;/span&gt;&lt;span style="color: var(--highlight-keyword)"&gt;(&lt;/span&gt;&lt;span style="color: var(--highlight-default)"&gt;$request&lt;/span&gt;&lt;span style="color: var(--highlight-keyword)"&gt;-&amp;gt;&lt;/span&gt;&lt;span style="color: var(--highlight-default)"&gt;getPathInfo&lt;/span&gt;&lt;span style="color: var(--highlight-keyword)"&gt;());&lt;/span&gt;&lt;/code&gt;&lt;/li&gt;
&lt;li&gt;&lt;code&gt;&lt;span style="color: var(--highlight-keyword)"&gt;&amp;nbsp;&amp;nbsp;&amp;nbsp;&amp;nbsp;&amp;nbsp;&amp;nbsp;&amp;nbsp;&amp;nbsp;&amp;nbsp;&amp;nbsp;&amp;nbsp;&amp;nbsp;}&lt;/span&gt;&lt;/code&gt;&lt;/li&gt;
&lt;li&gt;&lt;code&gt;&lt;span style="color: var(--highlight-keyword)"&gt;&lt;/span&gt;&lt;/code&gt;&lt;/li&gt;
&lt;li&gt;&lt;code&gt;&lt;span style="color: var(--highlight-keyword)"&gt;&amp;nbsp;&amp;nbsp;&amp;nbsp;&amp;nbsp;&amp;nbsp;&amp;nbsp;&amp;nbsp;&amp;nbsp;&amp;nbsp;&amp;nbsp;&amp;nbsp;&amp;nbsp;&lt;/span&gt;&lt;span style="color: var(--highlight-default)"&gt;$this&lt;/span&gt;&lt;span style="color: var(--highlight-keyword)"&gt;-&amp;gt;&lt;/span&gt;&lt;span style="color: var(--highlight-default)"&gt;logger&lt;/span&gt;&lt;span style="color: var(--highlight-keyword)"&gt;?-&amp;gt;&lt;/span&gt;&lt;span style="color: var(--highlight-default)"&gt;info&lt;/span&gt;&lt;span style="color: var(--highlight-keyword)"&gt;(&lt;/span&gt;&lt;span style="color: var(--highlight-string)"&gt;'Matched&amp;nbsp;route&amp;nbsp;"{route}".'&lt;/span&gt;&lt;span style="color: var(--highlight-keyword)"&gt;,&amp;nbsp;[&lt;/span&gt;&lt;/code&gt;&lt;/li&gt;&lt;/ol&gt;    &lt;/div&gt;            &lt;/div&gt;
                        &lt;div class="trace-line "&gt;
                &lt;div class="trace-line-header break-long-words sf-toggle" data-toggle-selector="#trace-html-2-4" data-toggle-initial=""&gt;
            &lt;span class="icon icon-close"&gt;&lt;svg width="1792" height="1792" viewBox="0 0 1792 1792" xmlns="http://www.w3.org/2000/svg"&gt;&lt;path d="M1408 960V832q0-26-19-45t-45-19H448q-26 0-45 19t-19 45v128q0 26 19 45t45 19h896q26 0 45-19t19-45zm256-544v960q0 119-84.5 203.5T1376 1664H416q-119 0-203.5-84.5T128 1376V416q0-119 84.5-203.5T416 128h960q119 0 203.5 84.5T1664 416z"/&gt;&lt;/svg&gt;&lt;/span&gt;
        &lt;span class="icon icon-open"&gt;&lt;svg width="1792" height="1792" viewBox="0 0 1792 1792" xmlns="http://www.w3.org/2000/svg"&gt;&lt;path d="M1408 960V832q0-26-19-45t-45-19h-320V448q0-26-19-45t-45-19H832q-26 0-45 19t-19 45v320H448q-26 0-45 19t-19 45v128q0 26 19 45t45 19h320v320q0 26 19 45t45 19h128q26 0 45-19t19-45v-320h320q26 0 45-19t19-45zm256-544v960q0 119-84.5 203.5T1376 1664H416q-119 0-203.5-84.5T128 1376V416q0-119 84.5-203.5T416 128h960q119 0 203.5 84.5T1664 416z"/&gt;&lt;/svg&gt;&lt;/span&gt;
    
            &lt;span class="trace-class"&gt;&lt;abbr title="Symfony\Component\HttpKernel\EventListener\RouterListener"&gt;RouterListener&lt;/abbr&gt;&lt;/span&gt;&lt;span class="trace-type"&gt;-&gt;&lt;/span&gt;&lt;span class="trace-method"&gt;onKernelRequest&lt;/span&gt;&lt;span class="trace-arguments"&gt;(&lt;em&gt;object&lt;/em&gt;(&lt;abbr title="Symfony\Component\HttpKernel\Event\RequestEvent"&gt;RequestEvent&lt;/abbr&gt;), 'kernel.request', &lt;em&gt;object&lt;/em&gt;(&lt;abbr title="Symfony\Component\HttpKernel\Debug\TraceableEventDispatcher"&gt;TraceableEventDispatcher&lt;/abbr&gt;))&lt;/span&gt;    
                    &lt;span class="block trace-file-path"&gt;
            in
            &lt;a href="file://C:\Users\sliti\Desktop\dev\esprit-PIDEV-3A16-2526-FARMIA\vendor\symfony\event-dispatcher\Debug\WrappedListener.php#L116"&gt;
                C:\Users\sliti\Desktop\dev\esprit-PIDEV-3A16-2526-FARMIA\vendor\symfony\event-dispatcher\Debug\&lt;strong&gt;WrappedListener.php&lt;/strong&gt;
            &lt;/a&gt;
                        (line 116)
            &lt;span class="icon icon-copy hidden" data-clipboard-text="C:\Users\sliti\Desktop\dev\esprit-PIDEV-3A16-2526-FARMIA\vendor\symfony\event-dispatcher\Debug\WrappedListener.php:116"&gt;
                &lt;svg xmlns="http://www.w3.org/2000/svg" height="24" viewBox="0 0 24 24" width="24"&gt;&lt;path d="M0 0h24v24H0z" fill="none"/&gt;&lt;path d="M16 1H4c-1.1 0-2 .9-2 2v14h2V3h12V1zm3 4H8c-1.1 0-2 .9-2 2v14c0 1.1.9 2 2 2h11c1.1 0 2-.9 2-2V7c0-1.1-.9-2-2-2zm0 16H8V7h11v14z"/&gt;&lt;/svg&gt;            &lt;/span&gt;
        &lt;/span&gt;
    &lt;/div&gt;
    &lt;div id="trace-html-2-4" class="trace-code sf-toggle-content"&gt;
        &lt;ol start="111"&gt;&lt;li&gt;&lt;code&gt;&lt;span style="color: var(--highlight-keyword)"&gt;&amp;nbsp;&amp;nbsp;&amp;nbsp;&amp;nbsp;&amp;nbsp;&amp;nbsp;&amp;nbsp;&amp;nbsp;&lt;/span&gt;&lt;span style="color: var(--highlight-default)"&gt;$this&lt;/span&gt;&lt;span style="color: var(--highlight-keyword)"&gt;-&amp;gt;&lt;/span&gt;&lt;span style="color: var(--highlight-default)"&gt;priority&amp;nbsp;&lt;/span&gt;&lt;span style="color: var(--highlight-keyword)"&gt;??=&amp;nbsp;&lt;/span&gt;&lt;span style="color: var(--highlight-default)"&gt;$dispatcher&lt;/span&gt;&lt;span style="color: var(--highlight-keyword)"&gt;-&amp;gt;&lt;/span&gt;&lt;span style="color: var(--highlight-default)"&gt;getListenerPriority&lt;/span&gt;&lt;span style="color: var(--highlight-keyword)"&gt;(&lt;/span&gt;&lt;span style="color: var(--highlight-default)"&gt;$eventName&lt;/span&gt;&lt;span style="color: var(--highlight-keyword)"&gt;,&amp;nbsp;&lt;/span&gt;&lt;span style="color: var(--highlight-default)"&gt;$this&lt;/span&gt;&lt;span style="color: var(--highlight-keyword)"&gt;-&amp;gt;&lt;/span&gt;&lt;span style="color: var(--highlight-default)"&gt;listener&lt;/span&gt;&lt;span style="color: var(--highlight-keyword)"&gt;);&lt;/span&gt;&lt;/code&gt;&lt;/li&gt;
&lt;li&gt;&lt;code&gt;&lt;span style="color: var(--highlight-keyword)"&gt;&lt;/span&gt;&lt;/code&gt;&lt;/li&gt;
&lt;li&gt;&lt;code&gt;&lt;span style="color: var(--highlight-keyword)"&gt;&amp;nbsp;&amp;nbsp;&amp;nbsp;&amp;nbsp;&amp;nbsp;&amp;nbsp;&amp;nbsp;&amp;nbsp;&lt;/span&gt;&lt;span style="color: var(--highlight-default)"&gt;$e&amp;nbsp;&lt;/span&gt;&lt;span style="color: var(--highlight-keyword)"&gt;=&amp;nbsp;&lt;/span&gt;&lt;span style="color: var(--highlight-default)"&gt;$this&lt;/span&gt;&lt;span style="color: var(--highlight-keyword)"&gt;-&amp;gt;&lt;/span&gt;&lt;span style="color: var(--highlight-default)"&gt;stopwatch&lt;/span&gt;&lt;span style="color: var(--highlight-keyword)"&gt;-&amp;gt;&lt;/span&gt;&lt;span style="color: var(--highlight-default)"&gt;start&lt;/span&gt;&lt;span style="color: var(--highlight-keyword)"&gt;(&lt;/span&gt;&lt;span style="color: var(--highlight-default)"&gt;$this&lt;/span&gt;&lt;span style="color: var(--highlight-keyword)"&gt;-&amp;gt;&lt;/span&gt;&lt;span style="color: var(--highlight-default)"&gt;name&lt;/span&gt;&lt;span style="color: var(--highlight-keyword)"&gt;,&amp;nbsp;&lt;/span&gt;&lt;span style="color: var(--highlight-string)"&gt;'event_listener'&lt;/span&gt;&lt;span style="color: var(--highlight-keyword)"&gt;);&lt;/span&gt;&lt;/code&gt;&lt;/li&gt;
&lt;li&gt;&lt;code&gt;&lt;span style="color: var(--highlight-keyword)"&gt;&lt;/span&gt;&lt;/code&gt;&lt;/li&gt;
&lt;li&gt;&lt;code&gt;&lt;span style="color: var(--highlight-keyword)"&gt;&amp;nbsp;&amp;nbsp;&amp;nbsp;&amp;nbsp;&amp;nbsp;&amp;nbsp;&amp;nbsp;&amp;nbsp;try&amp;nbsp;{&lt;/span&gt;&lt;/code&gt;&lt;/li&gt;
&lt;li class="selected"&gt;&lt;code&gt;&lt;span style="color: var(--highlight-keyword)"&gt;&amp;nbsp;&amp;nbsp;&amp;nbsp;&amp;nbsp;&amp;nbsp;&amp;nbsp;&amp;nbsp;&amp;nbsp;&amp;nbsp;&amp;nbsp;&amp;nbsp;&amp;nbsp;(&lt;/span&gt;&lt;span style="color: var(--highlight-default)"&gt;$this&lt;/span&gt;&lt;span style="color: var(--highlight-keyword)"&gt;-&amp;gt;&lt;/span&gt;&lt;span style="color: var(--highlight-default)"&gt;optimizedListener&amp;nbsp;&lt;/span&gt;&lt;span style="color: var(--highlight-keyword)"&gt;??&amp;nbsp;&lt;/span&gt;&lt;span style="color: var(--highlight-default)"&gt;$this&lt;/span&gt;&lt;span style="color: var(--highlight-keyword)"&gt;-&amp;gt;&lt;/span&gt;&lt;span style="color: var(--highlight-default)"&gt;listener&lt;/span&gt;&lt;span style="color: var(--highlight-keyword)"&gt;)(&lt;/span&gt;&lt;span style="color: var(--highlight-default)"&gt;$event&lt;/span&gt;&lt;span style="color: var(--highlight-keyword)"&gt;,&amp;nbsp;&lt;/span&gt;&lt;span style="color: var(--highlight-default)"&gt;$eventName&lt;/span&gt;&lt;span style="color: var(--highlight-keyword)"&gt;,&amp;nbsp;&lt;/span&gt;&lt;span style="color: var(--highlight-default)"&gt;$dispatcher&lt;/span&gt;&lt;span style="color: var(--highlight-keyword)"&gt;);&lt;/span&gt;&lt;/code&gt;&lt;/li&gt;
&lt;li&gt;&lt;code&gt;&lt;span style="color: var(--highlight-keyword)"&gt;&amp;nbsp;&amp;nbsp;&amp;nbsp;&amp;nbsp;&amp;nbsp;&amp;nbsp;&amp;nbsp;&amp;nbsp;}&amp;nbsp;finally&amp;nbsp;{&lt;/span&gt;&lt;/code&gt;&lt;/li&gt;
&lt;li&gt;&lt;code&gt;&lt;span style="color: var(--highlight-keyword)"&gt;&amp;nbsp;&amp;nbsp;&amp;nbsp;&amp;nbsp;&amp;nbsp;&amp;nbsp;&amp;nbsp;&amp;nbsp;&amp;nbsp;&amp;nbsp;&amp;nbsp;&amp;nbsp;if&amp;nbsp;(&lt;/span&gt;&lt;span style="color: var(--highlight-default)"&gt;$e&lt;/span&gt;&lt;span style="color: var(--highlight-keyword)"&gt;-&amp;gt;&lt;/span&gt;&lt;span style="color: var(--highlight-default)"&gt;isStarted&lt;/span&gt;&lt;span style="color: var(--highlight-keyword)"&gt;())&amp;nbsp;{&lt;/span&gt;&lt;/code&gt;&lt;/li&gt;
&lt;li&gt;&lt;code&gt;&lt;span style="color: var(--highlight-keyword)"&gt;&amp;nbsp;&amp;nbsp;&amp;nbsp;&amp;nbsp;&amp;nbsp;&amp;nbsp;&amp;nbsp;&amp;nbsp;&amp;nbsp;&amp;nbsp;&amp;nbsp;&amp;nbsp;&amp;nbsp;&amp;nbsp;&amp;nbsp;&amp;nbsp;&lt;/span&gt;&lt;span style="color: var(--highlight-default)"&gt;$e&lt;/span&gt;&lt;span style="color: var(--highlight-keyword)"&gt;-&amp;gt;&lt;/span&gt;&lt;span style="color: var(--highlight-default)"&gt;stop&lt;/span&gt;&lt;span style="color: var(--highlight-keyword)"&gt;();&lt;/span&gt;&lt;/code&gt;&lt;/li&gt;
&lt;li&gt;&lt;code&gt;&lt;span style="color: var(--highlight-keyword)"&gt;&amp;nbsp;&amp;nbsp;&amp;nbsp;&amp;nbsp;&amp;nbsp;&amp;nbsp;&amp;nbsp;&amp;nbsp;&amp;nbsp;&amp;nbsp;&amp;nbsp;&amp;nbsp;}&lt;/span&gt;&lt;/code&gt;&lt;/li&gt;
&lt;li&gt;&lt;code&gt;&lt;span style="color: var(--highlight-keyword)"&gt;&amp;nbsp;&amp;nbsp;&amp;nbsp;&amp;nbsp;&amp;nbsp;&amp;nbsp;&amp;nbsp;&amp;nbsp;}&lt;/span&gt;&lt;/code&gt;&lt;/li&gt;&lt;/ol&gt;    &lt;/div&gt;            &lt;/div&gt;
                        &lt;div class="trace-line "&gt;
                &lt;div class="trace-line-header break-long-words sf-toggle" data-toggle-selector="#trace-html-2-5" data-toggle-initial=""&gt;
            &lt;span class="icon icon-close"&gt;&lt;svg width="1792" height="1792" viewBox="0 0 1792 1792" xmlns="http://www.w3.org/2000/svg"&gt;&lt;path d="M1408 960V832q0-26-19-45t-45-19H448q-26 0-45 19t-19 45v128q0 26 19 45t45 19h896q26 0 45-19t19-45zm256-544v960q0 119-84.5 203.5T1376 1664H416q-119 0-203.5-84.5T128 1376V416q0-119 84.5-203.5T416 128h960q119 0 203.5 84.5T1664 416z"/&gt;&lt;/svg&gt;&lt;/span&gt;
        &lt;span class="icon icon-open"&gt;&lt;svg width="1792" height="1792" viewBox="0 0 1792 1792" xmlns="http://www.w3.org/2000/svg"&gt;&lt;path d="M1408 960V832q0-26-19-45t-45-19h-320V448q0-26-19-45t-45-19H832q-26 0-45 19t-19 45v320H448q-26 0-45 19t-19 45v128q0 26 19 45t45 19h320v320q0 26 19 45t45 19h128q26 0 45-19t19-45v-320h320q26 0 45-19t19-45zm256-544v960q0 119-84.5 203.5T1376 1664H416q-119 0-203.5-84.5T128 1376V416q0-119 84.5-203.5T416 128h960q119 0 203.5 84.5T1664 416z"/&gt;&lt;/svg&gt;&lt;/span&gt;
    
            &lt;span class="trace-class"&gt;&lt;abbr title="Symfony\Component\EventDispatcher\Debug\WrappedListener"&gt;WrappedListener&lt;/abbr&gt;&lt;/span&gt;&lt;span class="trace-type"&gt;-&gt;&lt;/span&gt;&lt;span class="trace-method"&gt;__invoke&lt;/span&gt;&lt;span class="trace-arguments"&gt;(&lt;em&gt;object&lt;/em&gt;(&lt;abbr title="Symfony\Component\HttpKernel\Event\RequestEvent"&gt;RequestEvent&lt;/abbr&gt;), 'kernel.request', &lt;em&gt;object&lt;/em&gt;(&lt;abbr title="Symfony\Component\HttpKernel\Debug\TraceableEventDispatcher"&gt;TraceableEventDispatcher&lt;/abbr&gt;))&lt;/span&gt;    
                    &lt;span class="block trace-file-path"&gt;
            in
            &lt;a href="file://C:\Users\sliti\Desktop\dev\esprit-PIDEV-3A16-2526-FARMIA\vendor\symfony\event-dispatcher\EventDispatcher.php#L220"&gt;
                C:\Users\sliti\Desktop\dev\esprit-PIDEV-3A16-2526-FARMIA\vendor\symfony\event-dispatcher\&lt;strong&gt;EventDispatcher.php&lt;/strong&gt;
            &lt;/a&gt;
                        (line 220)
            &lt;span class="icon icon-copy hidden" data-clipboard-text="C:\Users\sliti\Desktop\dev\esprit-PIDEV-3A16-2526-FARMIA\vendor\symfony\event-dispatcher\EventDispatcher.php:220"&gt;
                &lt;svg xmlns="http://www.w3.org/2000/svg" height="24" viewBox="0 0 24 24" width="24"&gt;&lt;path d="M0 0h24v24H0z" fill="none"/&gt;&lt;path d="M16 1H4c-1.1 0-2 .9-2 2v14h2V3h12V1zm3 4H8c-1.1 0-2 .9-2 2v14c0 1.1.9 2 2 2h11c1.1 0 2-.9 2-2V7c0-1.1-.9-2-2-2zm0 16H8V7h11v14z"/&gt;&lt;/svg&gt;            &lt;/span&gt;
        &lt;/span&gt;
    &lt;/div&gt;
    &lt;div id="trace-html-2-5" class="trace-code sf-toggle-content"&gt;
        &lt;ol start="215"&gt;&lt;li&gt;&lt;code&gt;&lt;span style="color: var(--highlight-keyword)"&gt;&lt;/span&gt;&lt;/code&gt;&lt;/li&gt;
&lt;li&gt;&lt;code&gt;&lt;span style="color: var(--highlight-keyword)"&gt;&amp;nbsp;&amp;nbsp;&amp;nbsp;&amp;nbsp;&amp;nbsp;&amp;nbsp;&amp;nbsp;&amp;nbsp;foreach&amp;nbsp;(&lt;/span&gt;&lt;span style="color: var(--highlight-default)"&gt;$listeners&amp;nbsp;&lt;/span&gt;&lt;span style="color: var(--highlight-keyword)"&gt;as&amp;nbsp;&lt;/span&gt;&lt;span style="color: var(--highlight-default)"&gt;$listener&lt;/span&gt;&lt;span style="color: var(--highlight-keyword)"&gt;)&amp;nbsp;{&lt;/span&gt;&lt;/code&gt;&lt;/li&gt;
&lt;li&gt;&lt;code&gt;&lt;span style="color: var(--highlight-keyword)"&gt;&amp;nbsp;&amp;nbsp;&amp;nbsp;&amp;nbsp;&amp;nbsp;&amp;nbsp;&amp;nbsp;&amp;nbsp;&amp;nbsp;&amp;nbsp;&amp;nbsp;&amp;nbsp;if&amp;nbsp;(&lt;/span&gt;&lt;span style="color: var(--highlight-default)"&gt;$stoppable&amp;nbsp;&lt;/span&gt;&lt;span style="color: var(--highlight-keyword)"&gt;&amp;amp;&amp;amp;&amp;nbsp;&lt;/span&gt;&lt;span style="color: var(--highlight-default)"&gt;$event&lt;/span&gt;&lt;span style="color: var(--highlight-keyword)"&gt;-&amp;gt;&lt;/span&gt;&lt;span style="color: var(--highlight-default)"&gt;isPropagationStopped&lt;/span&gt;&lt;span style="color: var(--highlight-keyword)"&gt;())&amp;nbsp;{&lt;/span&gt;&lt;/code&gt;&lt;/li&gt;
&lt;li&gt;&lt;code&gt;&lt;span style="color: var(--highlight-keyword)"&gt;&amp;nbsp;&amp;nbsp;&amp;nbsp;&amp;nbsp;&amp;nbsp;&amp;nbsp;&amp;nbsp;&amp;nbsp;&amp;nbsp;&amp;nbsp;&amp;nbsp;&amp;nbsp;&amp;nbsp;&amp;nbsp;&amp;nbsp;&amp;nbsp;break;&lt;/span&gt;&lt;/code&gt;&lt;/li&gt;
&lt;li&gt;&lt;code&gt;&lt;span style="color: var(--highlight-keyword)"&gt;&amp;nbsp;&amp;nbsp;&amp;nbsp;&amp;nbsp;&amp;nbsp;&amp;nbsp;&amp;nbsp;&amp;nbsp;&amp;nbsp;&amp;nbsp;&amp;nbsp;&amp;nbsp;}&lt;/span&gt;&lt;/code&gt;&lt;/li&gt;
&lt;li class="selected"&gt;&lt;code&gt;&lt;span style="color: var(--highlight-keyword)"&gt;&amp;nbsp;&amp;nbsp;&amp;nbsp;&amp;nbsp;&amp;nbsp;&amp;nbsp;&amp;nbsp;&amp;nbsp;&amp;nbsp;&amp;nbsp;&amp;nbsp;&amp;nbsp;&lt;/span&gt;&lt;span style="color: var(--highlight-default)"&gt;$listener&lt;/span&gt;&lt;span style="color: var(--highlight-keyword)"&gt;(&lt;/span&gt;&lt;span style="color: var(--highlight-default)"&gt;$event&lt;/span&gt;&lt;span style="color: var(--highlight-keyword)"&gt;,&amp;nbsp;&lt;/span&gt;&lt;span style="color: var(--highlight-default)"&gt;$eventName&lt;/span&gt;&lt;span style="color: var(--highlight-keyword)"&gt;,&amp;nbsp;&lt;/span&gt;&lt;span style="color: var(--highlight-default)"&gt;$this&lt;/span&gt;&lt;span style="color: var(--highlight-keyword)"&gt;);&lt;/span&gt;&lt;/code&gt;&lt;/li&gt;
&lt;li&gt;&lt;code&gt;&lt;span style="color: var(--highlight-keyword)"&gt;&amp;nbsp;&amp;nbsp;&amp;nbsp;&amp;nbsp;&amp;nbsp;&amp;nbsp;&amp;nbsp;&amp;nbsp;}&lt;/span&gt;&lt;/code&gt;&lt;/li&gt;
&lt;li&gt;&lt;code&gt;&lt;span style="color: var(--highlight-keyword)"&gt;&amp;nbsp;&amp;nbsp;&amp;nbsp;&amp;nbsp;}&lt;/span&gt;&lt;/code&gt;&lt;/li&gt;
&lt;li&gt;&lt;code&gt;&lt;span style="color: var(--highlight-keyword)"&gt;&lt;/span&gt;&lt;/code&gt;&lt;/li&gt;
&lt;li&gt;&lt;code&gt;&lt;span style="color: var(--highlight-keyword)"&gt;&amp;nbsp;&amp;nbsp;&amp;nbsp;&amp;nbsp;&lt;/span&gt;&lt;span style="color: var(--highlight-comment)"&gt;/**&lt;/span&gt;&lt;/code&gt;&lt;/li&gt;
&lt;li&gt;&lt;code&gt;&lt;span style="color: var(--highlight-comment)"&gt;&amp;nbsp;&amp;nbsp;&amp;nbsp;&amp;nbsp;&amp;nbsp;*&amp;nbsp;Sorts&amp;nbsp;the&amp;nbsp;internal&amp;nbsp;list&amp;nbsp;of&amp;nbsp;listeners&amp;nbsp;for&amp;nbsp;the&amp;nbsp;given&amp;nbsp;event&amp;nbsp;by&amp;nbsp;priority.&lt;/span&gt;&lt;/code&gt;&lt;/li&gt;&lt;/ol&gt;    &lt;/div&gt;            &lt;/div&gt;
                        &lt;div class="trace-line "&gt;
                &lt;div class="trace-line-header break-long-words sf-toggle" data-toggle-selector="#trace-html-2-6" data-toggle-initial=""&gt;
            &lt;span class="icon icon-close"&gt;&lt;svg width="1792" height="1792" viewBox="0 0 1792 1792" xmlns="http://www.w3.org/2000/svg"&gt;&lt;path d="M1408 960V832q0-26-19-45t-45-19H448q-26 0-45 19t-19 45v128q0 26 19 45t45 19h896q26 0 45-19t19-45zm256-544v960q0 119-84.5 203.5T1376 1664H416q-119 0-203.5-84.5T128 1376V416q0-119 84.5-203.5T416 128h960q119 0 203.5 84.5T1664 416z"/&gt;&lt;/svg&gt;&lt;/span&gt;
        &lt;span class="icon icon-open"&gt;&lt;svg width="1792" height="1792" viewBox="0 0 1792 1792" xmlns="http://www.w3.org/2000/svg"&gt;&lt;path d="M1408 960V832q0-26-19-45t-45-19h-320V448q0-26-19-45t-45-19H832q-26 0-45 19t-19 45v320H448q-26 0-45 19t-19 45v128q0 26 19 45t45 19h320v320q0 26 19 45t45 19h128q26 0 45-19t19-45v-320h320q26 0 45-19t19-45zm256-544v960q0 119-84.5 203.5T1376 1664H416q-119 0-203.5-84.5T128 1376V416q0-119 84.5-203.5T416 128h960q119 0 203.5 84.5T1664 416z"/&gt;&lt;/svg&gt;&lt;/span&gt;
    
            &lt;span class="trace-class"&gt;&lt;abbr title="Symfony\Component\EventDispatcher\EventDispatcher"&gt;EventDispatcher&lt;/abbr&gt;&lt;/span&gt;&lt;span class="trace-type"&gt;-&gt;&lt;/span&gt;&lt;span class="trace-method"&gt;callListeners&lt;/span&gt;&lt;span class="trace-arguments"&gt;(&lt;em&gt;array&lt;/em&gt;(&lt;em&gt;object&lt;/em&gt;(&lt;abbr title="Symfony\Component\EventDispatcher\Debug\WrappedListener"&gt;WrappedListener&lt;/abbr&gt;), &lt;em&gt;object&lt;/em&gt;(&lt;abbr title="Symfony\Component\EventDispatcher\Debug\WrappedListener"&gt;WrappedListener&lt;/abbr&gt;), &lt;em&gt;object&lt;/em&gt;(&lt;abbr title="Symfony\Component\EventDispatcher\Debug\WrappedListener"&gt;WrappedListener&lt;/abbr&gt;), &lt;em&gt;object&lt;/em&gt;(&lt;abbr title="Symfony\Component\EventDispatcher\Debug\WrappedListener"&gt;WrappedListener&lt;/abbr&gt;), &lt;em&gt;object&lt;/em&gt;(&lt;abbr title="Symfony\Component\EventDispatcher\Debug\WrappedListener"&gt;WrappedListener&lt;/abbr&gt;), &lt;em&gt;object&lt;/em&gt;(&lt;abbr title="Symfony\Component\EventDispatcher\Debug\WrappedListener"&gt;WrappedListener&lt;/abbr&gt;), &lt;em&gt;object&lt;/em&gt;(&lt;abbr title="Symfony\Component\EventDispatcher\Debug\WrappedListener"&gt;WrappedListener&lt;/abbr&gt;), &lt;em&gt;object&lt;/em&gt;(&lt;abbr title="Symfony\Component\EventDispatcher\Debug\WrappedListener"&gt;WrappedListener&lt;/abbr&gt;), &lt;em&gt;object&lt;/em&gt;(&lt;abbr title="Symfony\Component\EventDispatcher\Debug\WrappedListener"&gt;WrappedListener&lt;/abbr&gt;), &lt;em&gt;object&lt;/em&gt;(&lt;abbr title="Symfony\Component\EventDispatcher\Debug\WrappedListener"&gt;WrappedListener&lt;/abbr&gt;), &lt;em&gt;object&lt;/em&gt;(&lt;abbr title="Symfony\Component\EventDispatcher\Debug\WrappedListener"&gt;WrappedListener&lt;/abbr&gt;)), 'kernel.request', &lt;em&gt;object&lt;/em&gt;(&lt;abbr title="Symfony\Component\HttpKernel\Event\RequestEvent"&gt;RequestEvent&lt;/abbr&gt;))&lt;/span&gt;    
                    &lt;span class="block trace-file-path"&gt;
            in
            &lt;a href="file://C:\Users\sliti\Desktop\dev\esprit-PIDEV-3A16-2526-FARMIA\vendor\symfony\event-dispatcher\EventDispatcher.php#L56"&gt;
                C:\Users\sliti\Desktop\dev\esprit-PIDEV-3A16-2526-FARMIA\vendor\symfony\event-dispatcher\&lt;strong&gt;EventDispatcher.php&lt;/strong&gt;
            &lt;/a&gt;
                        (line 56)
            &lt;span class="icon icon-copy hidden" data-clipboard-text="C:\Users\sliti\Desktop\dev\esprit-PIDEV-3A16-2526-FARMIA\vendor\symfony\event-dispatcher\EventDispatcher.php:56"&gt;
                &lt;svg xmlns="http://www.w3.org/2000/svg" height="24" viewBox="0 0 24 24" width="24"&gt;&lt;path d="M0 0h24v24H0z" fill="none"/&gt;&lt;path d="M16 1H4c-1.1 0-2 .9-2 2v14h2V3h12V1zm3 4H8c-1.1 0-2 .9-2 2v14c0 1.1.9 2 2 2h11c1.1 0 2-.9 2-2V7c0-1.1-.9-2-2-2zm0 16H8V7h11v14z"/&gt;&lt;/svg&gt;            &lt;/span&gt;
        &lt;/span&gt;
    &lt;/div&gt;
    &lt;div id="trace-html-2-6" class="trace-code sf-toggle-content"&gt;
        &lt;ol start="51"&gt;&lt;li&gt;&lt;code&gt;&lt;span style="color: var(--highlight-keyword)"&gt;&amp;nbsp;&amp;nbsp;&amp;nbsp;&amp;nbsp;&amp;nbsp;&amp;nbsp;&amp;nbsp;&amp;nbsp;}&amp;nbsp;else&amp;nbsp;{&lt;/span&gt;&lt;/code&gt;&lt;/li&gt;
&lt;li&gt;&lt;code&gt;&lt;span style="color: var(--highlight-keyword)"&gt;&amp;nbsp;&amp;nbsp;&amp;nbsp;&amp;nbsp;&amp;nbsp;&amp;nbsp;&amp;nbsp;&amp;nbsp;&amp;nbsp;&amp;nbsp;&amp;nbsp;&amp;nbsp;&lt;/span&gt;&lt;span style="color: var(--highlight-default)"&gt;$listeners&amp;nbsp;&lt;/span&gt;&lt;span style="color: var(--highlight-keyword)"&gt;=&amp;nbsp;&lt;/span&gt;&lt;span style="color: var(--highlight-default)"&gt;$this&lt;/span&gt;&lt;span style="color: var(--highlight-keyword)"&gt;-&amp;gt;&lt;/span&gt;&lt;span style="color: var(--highlight-default)"&gt;getListeners&lt;/span&gt;&lt;span style="color: var(--highlight-keyword)"&gt;(&lt;/span&gt;&lt;span style="color: var(--highlight-default)"&gt;$eventName&lt;/span&gt;&lt;span style="color: var(--highlight-keyword)"&gt;);&lt;/span&gt;&lt;/code&gt;&lt;/li&gt;
&lt;li&gt;&lt;code&gt;&lt;span style="color: var(--highlight-keyword)"&gt;&amp;nbsp;&amp;nbsp;&amp;nbsp;&amp;nbsp;&amp;nbsp;&amp;nbsp;&amp;nbsp;&amp;nbsp;}&lt;/span&gt;&lt;/code&gt;&lt;/li&gt;
&lt;li&gt;&lt;code&gt;&lt;span style="color: var(--highlight-keyword)"&gt;&lt;/span&gt;&lt;/code&gt;&lt;/li&gt;
&lt;li&gt;&lt;code&gt;&lt;span style="color: var(--highlight-keyword)"&gt;&amp;nbsp;&amp;nbsp;&amp;nbsp;&amp;nbsp;&amp;nbsp;&amp;nbsp;&amp;nbsp;&amp;nbsp;if&amp;nbsp;(&lt;/span&gt;&lt;span style="color: var(--highlight-default)"&gt;$listeners&lt;/span&gt;&lt;span style="color: var(--highlight-keyword)"&gt;)&amp;nbsp;{&lt;/span&gt;&lt;/code&gt;&lt;/li&gt;
&lt;li class="selected"&gt;&lt;code&gt;&lt;span style="color: var(--highlight-keyword)"&gt;&amp;nbsp;&amp;nbsp;&amp;nbsp;&amp;nbsp;&amp;nbsp;&amp;nbsp;&amp;nbsp;&amp;nbsp;&amp;nbsp;&amp;nbsp;&amp;nbsp;&amp;nbsp;&lt;/span&gt;&lt;span style="color: var(--highlight-default)"&gt;$this&lt;/span&gt;&lt;span style="color: var(--highlight-keyword)"&gt;-&amp;gt;&lt;/span&gt;&lt;span style="color: var(--highlight-default)"&gt;callListeners&lt;/span&gt;&lt;span style="color: var(--highlight-keyword)"&gt;(&lt;/span&gt;&lt;span style="color: var(--highlight-default)"&gt;$listeners&lt;/span&gt;&lt;span style="color: var(--highlight-keyword)"&gt;,&amp;nbsp;&lt;/span&gt;&lt;span style="color: var(--highlight-default)"&gt;$eventName&lt;/span&gt;&lt;span style="color: var(--highlight-keyword)"&gt;,&amp;nbsp;&lt;/span&gt;&lt;span style="color: var(--highlight-default)"&gt;$event&lt;/span&gt;&lt;span style="color: var(--highlight-keyword)"&gt;);&lt;/span&gt;&lt;/code&gt;&lt;/li&gt;
&lt;li&gt;&lt;code&gt;&lt;span style="color: var(--highlight-keyword)"&gt;&amp;nbsp;&amp;nbsp;&amp;nbsp;&amp;nbsp;&amp;nbsp;&amp;nbsp;&amp;nbsp;&amp;nbsp;}&lt;/span&gt;&lt;/code&gt;&lt;/li&gt;
&lt;li&gt;&lt;code&gt;&lt;span style="color: var(--highlight-keyword)"&gt;&lt;/span&gt;&lt;/code&gt;&lt;/li&gt;
&lt;li&gt;&lt;code&gt;&lt;span style="color: var(--highlight-keyword)"&gt;&amp;nbsp;&amp;nbsp;&amp;nbsp;&amp;nbsp;&amp;nbsp;&amp;nbsp;&amp;nbsp;&amp;nbsp;return&amp;nbsp;&lt;/span&gt;&lt;span style="color: var(--highlight-default)"&gt;$event&lt;/span&gt;&lt;span style="color: var(--highlight-keyword)"&gt;;&lt;/span&gt;&lt;/code&gt;&lt;/li&gt;
&lt;li&gt;&lt;code&gt;&lt;span style="color: var(--highlight-keyword)"&gt;&amp;nbsp;&amp;nbsp;&amp;nbsp;&amp;nbsp;}&lt;/span&gt;&lt;/code&gt;&lt;/li&gt;
&lt;li&gt;&lt;code&gt;&lt;span style="color: var(--highlight-keyword)"&gt;&lt;/span&gt;&lt;/code&gt;&lt;/li&gt;&lt;/ol&gt;    &lt;/div&gt;            &lt;/div&gt;
                        &lt;div class="trace-line "&gt;
                &lt;div class="trace-line-header break-long-words sf-toggle" data-toggle-selector="#trace-html-2-7" data-toggle-initial=""&gt;
            &lt;span class="icon icon-close"&gt;&lt;svg width="1792" height="1792" viewBox="0 0 1792 1792" xmlns="http://www.w3.org/2000/svg"&gt;&lt;path d="M1408 960V832q0-26-19-45t-45-19H448q-26 0-45 19t-19 45v128q0 26 19 45t45 19h896q26 0 45-19t19-45zm256-544v960q0 119-84.5 203.5T1376 1664H416q-119 0-203.5-84.5T128 1376V416q0-119 84.5-203.5T416 128h960q119 0 203.5 84.5T1664 416z"/&gt;&lt;/svg&gt;&lt;/span&gt;
        &lt;span class="icon icon-open"&gt;&lt;svg width="1792" height="1792" viewBox="0 0 1792 1792" xmlns="http://www.w3.org/2000/svg"&gt;&lt;path d="M1408 960V832q0-26-19-45t-45-19h-320V448q0-26-19-45t-45-19H832q-26 0-45 19t-19 45v320H448q-26 0-45 19t-19 45v128q0 26 19 45t45 19h320v320q0 26 19 45t45 19h128q26 0 45-19t19-45v-320h320q26 0 45-19t19-45zm256-544v960q0 119-84.5 203.5T1376 1664H416q-119 0-203.5-84.5T128 1376V416q0-119 84.5-203.5T416 128h960q119 0 203.5 84.5T1664 416z"/&gt;&lt;/svg&gt;&lt;/span&gt;
    
            &lt;span class="trace-class"&gt;&lt;abbr title="Symfony\Component\EventDispatcher\EventDispatcher"&gt;EventDispatcher&lt;/abbr&gt;&lt;/span&gt;&lt;span class="trace-type"&gt;-&gt;&lt;/span&gt;&lt;span class="trace-method"&gt;dispatch&lt;/span&gt;&lt;span class="trace-arguments"&gt;(&lt;em&gt;object&lt;/em&gt;(&lt;abbr title="Symfony\Component\HttpKernel\Event\RequestEvent"&gt;RequestEvent&lt;/abbr&gt;), 'kernel.request')&lt;/span&gt;    
                    &lt;span class="block trace-file-path"&gt;
            in
            &lt;a href="file://C:\Users\sliti\Desktop\dev\esprit-PIDEV-3A16-2526-FARMIA\vendor\symfony\event-dispatcher\Debug\TraceableEventDispatcher.php#L139"&gt;
                C:\Users\sliti\Desktop\dev\esprit-PIDEV-3A16-2526-FARMIA\vendor\symfony\event-dispatcher\Debug\&lt;strong&gt;TraceableEventDispatcher.php&lt;/strong&gt;
            &lt;/a&gt;
                        (line 139)
            &lt;span class="icon icon-copy hidden" data-clipboard-text="C:\Users\sliti\Desktop\dev\esprit-PIDEV-3A16-2526-FARMIA\vendor\symfony\event-dispatcher\Debug\TraceableEventDispatcher.php:139"&gt;
                &lt;svg xmlns="http://www.w3.org/2000/svg" height="24" viewBox="0 0 24 24" width="24"&gt;&lt;path d="M0 0h24v24H0z" fill="none"/&gt;&lt;path d="M16 1H4c-1.1 0-2 .9-2 2v14h2V3h12V1zm3 4H8c-1.1 0-2 .9-2 2v14c0 1.1.9 2 2 2h11c1.1 0 2-.9 2-2V7c0-1.1-.9-2-2-2zm0 16H8V7h11v14z"/&gt;&lt;/svg&gt;            &lt;/span&gt;
        &lt;/span&gt;
    &lt;/div&gt;
    &lt;div id="trace-html-2-7" class="trace-code sf-toggle-content"&gt;
        &lt;ol start="134"&gt;&lt;li&gt;&lt;code&gt;&lt;span style="color: var(--highlight-keyword)"&gt;&amp;nbsp;&amp;nbsp;&amp;nbsp;&amp;nbsp;&amp;nbsp;&amp;nbsp;&amp;nbsp;&amp;nbsp;try&amp;nbsp;{&lt;/span&gt;&lt;/code&gt;&lt;/li&gt;
&lt;li&gt;&lt;code&gt;&lt;span style="color: var(--highlight-keyword)"&gt;&amp;nbsp;&amp;nbsp;&amp;nbsp;&amp;nbsp;&amp;nbsp;&amp;nbsp;&amp;nbsp;&amp;nbsp;&amp;nbsp;&amp;nbsp;&amp;nbsp;&amp;nbsp;&lt;/span&gt;&lt;span style="color: var(--highlight-default)"&gt;$this&lt;/span&gt;&lt;span style="color: var(--highlight-keyword)"&gt;-&amp;gt;&lt;/span&gt;&lt;span style="color: var(--highlight-default)"&gt;beforeDispatch&lt;/span&gt;&lt;span style="color: var(--highlight-keyword)"&gt;(&lt;/span&gt;&lt;span style="color: var(--highlight-default)"&gt;$eventName&lt;/span&gt;&lt;span style="color: var(--highlight-keyword)"&gt;,&amp;nbsp;&lt;/span&gt;&lt;span style="color: var(--highlight-default)"&gt;$event&lt;/span&gt;&lt;span style="color: var(--highlight-keyword)"&gt;);&lt;/span&gt;&lt;/code&gt;&lt;/li&gt;
&lt;li&gt;&lt;code&gt;&lt;span style="color: var(--highlight-keyword)"&gt;&amp;nbsp;&amp;nbsp;&amp;nbsp;&amp;nbsp;&amp;nbsp;&amp;nbsp;&amp;nbsp;&amp;nbsp;&amp;nbsp;&amp;nbsp;&amp;nbsp;&amp;nbsp;try&amp;nbsp;{&lt;/span&gt;&lt;/code&gt;&lt;/li&gt;
&lt;li&gt;&lt;code&gt;&lt;span style="color: var(--highlight-keyword)"&gt;&amp;nbsp;&amp;nbsp;&amp;nbsp;&amp;nbsp;&amp;nbsp;&amp;nbsp;&amp;nbsp;&amp;nbsp;&amp;nbsp;&amp;nbsp;&amp;nbsp;&amp;nbsp;&amp;nbsp;&amp;nbsp;&amp;nbsp;&amp;nbsp;&lt;/span&gt;&lt;span style="color: var(--highlight-default)"&gt;$e&amp;nbsp;&lt;/span&gt;&lt;span style="color: var(--highlight-keyword)"&gt;=&amp;nbsp;&lt;/span&gt;&lt;span style="color: var(--highlight-default)"&gt;$this&lt;/span&gt;&lt;span style="color: var(--highlight-keyword)"&gt;-&amp;gt;&lt;/span&gt;&lt;span style="color: var(--highlight-default)"&gt;stopwatch&lt;/span&gt;&lt;span style="color: var(--highlight-keyword)"&gt;-&amp;gt;&lt;/span&gt;&lt;span style="color: var(--highlight-default)"&gt;start&lt;/span&gt;&lt;span style="color: var(--highlight-keyword)"&gt;(&lt;/span&gt;&lt;span style="color: var(--highlight-default)"&gt;$eventName&lt;/span&gt;&lt;span style="color: var(--highlight-keyword)"&gt;,&amp;nbsp;&lt;/span&gt;&lt;span style="color: var(--highlight-string)"&gt;'section'&lt;/span&gt;&lt;span style="color: var(--highlight-keyword)"&gt;);&lt;/span&gt;&lt;/code&gt;&lt;/li&gt;
&lt;li&gt;&lt;code&gt;&lt;span style="color: var(--highlight-keyword)"&gt;&amp;nbsp;&amp;nbsp;&amp;nbsp;&amp;nbsp;&amp;nbsp;&amp;nbsp;&amp;nbsp;&amp;nbsp;&amp;nbsp;&amp;nbsp;&amp;nbsp;&amp;nbsp;&amp;nbsp;&amp;nbsp;&amp;nbsp;&amp;nbsp;try&amp;nbsp;{&lt;/span&gt;&lt;/code&gt;&lt;/li&gt;
&lt;li class="selected"&gt;&lt;code&gt;&lt;span style="color: var(--highlight-keyword)"&gt;&amp;nbsp;&amp;nbsp;&amp;nbsp;&amp;nbsp;&amp;nbsp;&amp;nbsp;&amp;nbsp;&amp;nbsp;&amp;nbsp;&amp;nbsp;&amp;nbsp;&amp;nbsp;&amp;nbsp;&amp;nbsp;&amp;nbsp;&amp;nbsp;&amp;nbsp;&amp;nbsp;&amp;nbsp;&amp;nbsp;&lt;/span&gt;&lt;span style="color: var(--highlight-default)"&gt;$this&lt;/span&gt;&lt;span style="color: var(--highlight-keyword)"&gt;-&amp;gt;&lt;/span&gt;&lt;span style="color: var(--highlight-default)"&gt;dispatcher&lt;/span&gt;&lt;span style="color: var(--highlight-keyword)"&gt;-&amp;gt;&lt;/span&gt;&lt;span style="color: var(--highlight-default)"&gt;dispatch&lt;/span&gt;&lt;span style="color: var(--highlight-keyword)"&gt;(&lt;/span&gt;&lt;span style="color: var(--highlight-default)"&gt;$event&lt;/span&gt;&lt;span style="color: var(--highlight-keyword)"&gt;,&amp;nbsp;&lt;/span&gt;&lt;span style="color: var(--highlight-default)"&gt;$eventName&lt;/span&gt;&lt;span style="color: var(--highlight-keyword)"&gt;);&lt;/span&gt;&lt;/code&gt;&lt;/li&gt;
&lt;li&gt;&lt;code&gt;&lt;span style="color: var(--highlight-keyword)"&gt;&amp;nbsp;&amp;nbsp;&amp;nbsp;&amp;nbsp;&amp;nbsp;&amp;nbsp;&amp;nbsp;&amp;nbsp;&amp;nbsp;&amp;nbsp;&amp;nbsp;&amp;nbsp;&amp;nbsp;&amp;nbsp;&amp;nbsp;&amp;nbsp;}&amp;nbsp;finally&amp;nbsp;{&lt;/span&gt;&lt;/code&gt;&lt;/li&gt;
&lt;li&gt;&lt;code&gt;&lt;span style="color: var(--highlight-keyword)"&gt;&amp;nbsp;&amp;nbsp;&amp;nbsp;&amp;nbsp;&amp;nbsp;&amp;nbsp;&amp;nbsp;&amp;nbsp;&amp;nbsp;&amp;nbsp;&amp;nbsp;&amp;nbsp;&amp;nbsp;&amp;nbsp;&amp;nbsp;&amp;nbsp;&amp;nbsp;&amp;nbsp;&amp;nbsp;&amp;nbsp;if&amp;nbsp;(&lt;/span&gt;&lt;span style="color: var(--highlight-default)"&gt;$e&lt;/span&gt;&lt;span style="color: var(--highlight-keyword)"&gt;-&amp;gt;&lt;/span&gt;&lt;span style="color: var(--highlight-default)"&gt;isStarted&lt;/span&gt;&lt;span style="color: var(--highlight-keyword)"&gt;())&amp;nbsp;{&lt;/span&gt;&lt;/code&gt;&lt;/li&gt;
&lt;li&gt;&lt;code&gt;&lt;span style="color: var(--highlight-keyword)"&gt;&amp;nbsp;&amp;nbsp;&amp;nbsp;&amp;nbsp;&amp;nbsp;&amp;nbsp;&amp;nbsp;&amp;nbsp;&amp;nbsp;&amp;nbsp;&amp;nbsp;&amp;nbsp;&amp;nbsp;&amp;nbsp;&amp;nbsp;&amp;nbsp;&amp;nbsp;&amp;nbsp;&amp;nbsp;&amp;nbsp;&amp;nbsp;&amp;nbsp;&amp;nbsp;&amp;nbsp;&lt;/span&gt;&lt;span style="color: var(--highlight-default)"&gt;$e&lt;/span&gt;&lt;span style="color: var(--highlight-keyword)"&gt;-&amp;gt;&lt;/span&gt;&lt;span style="color: var(--highlight-default)"&gt;stop&lt;/span&gt;&lt;span style="color: var(--highlight-keyword)"&gt;();&lt;/span&gt;&lt;/code&gt;&lt;/li&gt;
&lt;li&gt;&lt;code&gt;&lt;span style="color: var(--highlight-keyword)"&gt;&amp;nbsp;&amp;nbsp;&amp;nbsp;&amp;nbsp;&amp;nbsp;&amp;nbsp;&amp;nbsp;&amp;nbsp;&amp;nbsp;&amp;nbsp;&amp;nbsp;&amp;nbsp;&amp;nbsp;&amp;nbsp;&amp;nbsp;&amp;nbsp;&amp;nbsp;&amp;nbsp;&amp;nbsp;&amp;nbsp;}&lt;/span&gt;&lt;/code&gt;&lt;/li&gt;
&lt;li&gt;&lt;code&gt;&lt;span style="color: var(--highlight-keyword)"&gt;&amp;nbsp;&amp;nbsp;&amp;nbsp;&amp;nbsp;&amp;nbsp;&amp;nbsp;&amp;nbsp;&amp;nbsp;&amp;nbsp;&amp;nbsp;&amp;nbsp;&amp;nbsp;&amp;nbsp;&amp;nbsp;&amp;nbsp;&amp;nbsp;}&lt;/span&gt;&lt;/code&gt;&lt;/li&gt;&lt;/ol&gt;    &lt;/div&gt;            &lt;/div&gt;
                        &lt;div class="trace-line "&gt;
                &lt;div class="trace-line-header break-long-words sf-toggle" data-toggle-selector="#trace-html-2-8" data-toggle-initial=""&gt;
            &lt;span class="icon icon-close"&gt;&lt;svg width="1792" height="1792" viewBox="0 0 1792 1792" xmlns="http://www.w3.org/2000/svg"&gt;&lt;path d="M1408 960V832q0-26-19-45t-45-19H448q-26 0-45 19t-19 45v128q0 26 19 45t45 19h896q26 0 45-19t19-45zm256-544v960q0 119-84.5 203.5T1376 1664H416q-119 0-203.5-84.5T128 1376V416q0-119 84.5-203.5T416 128h960q119 0 203.5 84.5T1664 416z"/&gt;&lt;/svg&gt;&lt;/span&gt;
        &lt;span class="icon icon-open"&gt;&lt;svg width="1792" height="1792" viewBox="0 0 1792 1792" xmlns="http://www.w3.org/2000/svg"&gt;&lt;path d="M1408 960V832q0-26-19-45t-45-19h-320V448q0-26-19-45t-45-19H832q-26 0-45 19t-19 45v320H448q-26 0-45 19t-19 45v128q0 26 19 45t45 19h320v320q0 26 19 45t45 19h128q26 0 45-19t19-45v-320h320q26 0 45-19t19-45zm256-544v960q0 119-84.5 203.5T1376 1664H416q-119 0-203.5-84.5T128 1376V416q0-119 84.5-203.5T416 128h960q119 0 203.5 84.5T1664 416z"/&gt;&lt;/svg&gt;&lt;/span&gt;
    
            &lt;span class="trace-class"&gt;&lt;abbr title="Symfony\Component\EventDispatcher\Debug\TraceableEventDispatcher"&gt;TraceableEventDispatcher&lt;/abbr&gt;&lt;/span&gt;&lt;span class="trace-type"&gt;-&gt;&lt;/span&gt;&lt;span class="trace-method"&gt;dispatch&lt;/span&gt;&lt;span class="trace-arguments"&gt;(&lt;em&gt;object&lt;/em&gt;(&lt;abbr title="Symfony\Component\HttpKernel\Event\RequestEvent"&gt;RequestEvent&lt;/abbr&gt;), 'kernel.request')&lt;/span&gt;    
                    &lt;span class="block trace-file-path"&gt;
            in
            &lt;a href="file://C:\Users\sliti\Desktop\dev\esprit-PIDEV-3A16-2526-FARMIA\vendor\symfony\http-kernel\HttpKernel.php#L157"&gt;
                C:\Users\sliti\Desktop\dev\esprit-PIDEV-3A16-2526-FARMIA\vendor\symfony\http-kernel\&lt;strong&gt;HttpKernel.php&lt;/strong&gt;
            &lt;/a&gt;
                        (line 157)
            &lt;span class="icon icon-copy hidden" data-clipboard-text="C:\Users\sliti\Desktop\dev\esprit-PIDEV-3A16-2526-FARMIA\vendor\symfony\http-kernel\HttpKernel.php:157"&gt;
                &lt;svg xmlns="http://www.w3.org/2000/svg" height="24" viewBox="0 0 24 24" width="24"&gt;&lt;path d="M0 0h24v24H0z" fill="none"/&gt;&lt;path d="M16 1H4c-1.1 0-2 .9-2 2v14h2V3h12V1zm3 4H8c-1.1 0-2 .9-2 2v14c0 1.1.9 2 2 2h11c1.1 0 2-.9 2-2V7c0-1.1-.9-2-2-2zm0 16H8V7h11v14z"/&gt;&lt;/svg&gt;            &lt;/span&gt;
        &lt;/span&gt;
    &lt;/div&gt;
    &lt;div id="trace-html-2-8" class="trace-code sf-toggle-content"&gt;
        &lt;ol start="152"&gt;&lt;li&gt;&lt;code&gt;&lt;span style="color: var(--highlight-comment)"&gt;&amp;nbsp;&amp;nbsp;&amp;nbsp;&amp;nbsp;&amp;nbsp;*/&lt;/span&gt;&lt;/code&gt;&lt;/li&gt;
&lt;li&gt;&lt;code&gt;&lt;span style="color: var(--highlight-comment)"&gt;&amp;nbsp;&amp;nbsp;&amp;nbsp;&amp;nbsp;&lt;/span&gt;&lt;span style="color: var(--highlight-keyword)"&gt;private&amp;nbsp;function&amp;nbsp;&lt;/span&gt;&lt;span style="color: var(--highlight-default)"&gt;handleRaw&lt;/span&gt;&lt;span style="color: var(--highlight-keyword)"&gt;(&lt;/span&gt;&lt;span style="color: var(--highlight-default)"&gt;Request&amp;nbsp;$request&lt;/span&gt;&lt;span style="color: var(--highlight-keyword)"&gt;,&amp;nbsp;&lt;/span&gt;&lt;span style="color: var(--highlight-default)"&gt;int&amp;nbsp;$type&amp;nbsp;&lt;/span&gt;&lt;span style="color: var(--highlight-keyword)"&gt;=&amp;nbsp;&lt;/span&gt;&lt;span style="color: var(--highlight-default)"&gt;self&lt;/span&gt;&lt;span style="color: var(--highlight-keyword)"&gt;::&lt;/span&gt;&lt;span style="color: var(--highlight-default)"&gt;MAIN_REQUEST&lt;/span&gt;&lt;span style="color: var(--highlight-keyword)"&gt;):&amp;nbsp;&lt;/span&gt;&lt;span style="color: var(--highlight-default)"&gt;Response&lt;/span&gt;&lt;/code&gt;&lt;/li&gt;
&lt;li&gt;&lt;code&gt;&lt;span style="color: var(--highlight-default)"&gt;&amp;nbsp;&amp;nbsp;&amp;nbsp;&amp;nbsp;&lt;/span&gt;&lt;span style="color: var(--highlight-keyword)"&gt;{&lt;/span&gt;&lt;/code&gt;&lt;/li&gt;
&lt;li&gt;&lt;code&gt;&lt;span style="color: var(--highlight-keyword)"&gt;&amp;nbsp;&amp;nbsp;&amp;nbsp;&amp;nbsp;&amp;nbsp;&amp;nbsp;&amp;nbsp;&amp;nbsp;&lt;/span&gt;&lt;span style="color: var(--highlight-comment)"&gt;//&amp;nbsp;request&lt;/span&gt;&lt;/code&gt;&lt;/li&gt;
&lt;li&gt;&lt;code&gt;&lt;span style="color: var(--highlight-comment)"&gt;&amp;nbsp;&amp;nbsp;&amp;nbsp;&amp;nbsp;&amp;nbsp;&amp;nbsp;&amp;nbsp;&amp;nbsp;&lt;/span&gt;&lt;span style="color: var(--highlight-default)"&gt;$event&amp;nbsp;&lt;/span&gt;&lt;span style="color: var(--highlight-keyword)"&gt;=&amp;nbsp;new&amp;nbsp;&lt;/span&gt;&lt;span style="color: var(--highlight-default)"&gt;RequestEvent&lt;/span&gt;&lt;span style="color: var(--highlight-keyword)"&gt;(&lt;/span&gt;&lt;span style="color: var(--highlight-default)"&gt;$this&lt;/span&gt;&lt;span style="color: var(--highlight-keyword)"&gt;,&amp;nbsp;&lt;/span&gt;&lt;span style="color: var(--highlight-default)"&gt;$request&lt;/span&gt;&lt;span style="color: var(--highlight-keyword)"&gt;,&amp;nbsp;&lt;/span&gt;&lt;span style="color: var(--highlight-default)"&gt;$type&lt;/span&gt;&lt;span style="color: var(--highlight-keyword)"&gt;);&lt;/span&gt;&lt;/code&gt;&lt;/li&gt;
&lt;li class="selected"&gt;&lt;code&gt;&lt;span style="color: var(--highlight-keyword)"&gt;&amp;nbsp;&amp;nbsp;&amp;nbsp;&amp;nbsp;&amp;nbsp;&amp;nbsp;&amp;nbsp;&amp;nbsp;&lt;/span&gt;&lt;span style="color: var(--highlight-default)"&gt;$this&lt;/span&gt;&lt;span style="color: var(--highlight-keyword)"&gt;-&amp;gt;&lt;/span&gt;&lt;span style="color: var(--highlight-default)"&gt;dispatcher&lt;/span&gt;&lt;span style="color: var(--highlight-keyword)"&gt;-&amp;gt;&lt;/span&gt;&lt;span style="color: var(--highlight-default)"&gt;dispatch&lt;/span&gt;&lt;span style="color: var(--highlight-keyword)"&gt;(&lt;/span&gt;&lt;span style="color: var(--highlight-default)"&gt;$event&lt;/span&gt;&lt;span style="color: var(--highlight-keyword)"&gt;,&amp;nbsp;&lt;/span&gt;&lt;span style="color: var(--highlight-default)"&gt;KernelEvents&lt;/span&gt;&lt;span style="color: var(--highlight-keyword)"&gt;::&lt;/span&gt;&lt;span style="color: var(--highlight-default)"&gt;REQUEST&lt;/span&gt;&lt;span style="color: var(--highlight-keyword)"&gt;);&lt;/span&gt;&lt;/code&gt;&lt;/li&gt;
&lt;li&gt;&lt;code&gt;&lt;span style="color: var(--highlight-keyword)"&gt;&lt;/span&gt;&lt;/code&gt;&lt;/li&gt;
&lt;li&gt;&lt;code&gt;&lt;span style="color: var(--highlight-keyword)"&gt;&amp;nbsp;&amp;nbsp;&amp;nbsp;&amp;nbsp;&amp;nbsp;&amp;nbsp;&amp;nbsp;&amp;nbsp;if&amp;nbsp;(&lt;/span&gt;&lt;span style="color: var(--highlight-default)"&gt;$event&lt;/span&gt;&lt;span style="color: var(--highlight-keyword)"&gt;-&amp;gt;&lt;/span&gt;&lt;span style="color: var(--highlight-default)"&gt;hasResponse&lt;/span&gt;&lt;span style="color: var(--highlight-keyword)"&gt;())&amp;nbsp;{&lt;/span&gt;&lt;/code&gt;&lt;/li&gt;
&lt;li&gt;&lt;code&gt;&lt;span style="color: var(--highlight-keyword)"&gt;&amp;nbsp;&amp;nbsp;&amp;nbsp;&amp;nbsp;&amp;nbsp;&amp;nbsp;&amp;nbsp;&amp;nbsp;&amp;nbsp;&amp;nbsp;&amp;nbsp;&amp;nbsp;return&amp;nbsp;&lt;/span&gt;&lt;span style="color: var(--highlight-default)"&gt;$this&lt;/span&gt;&lt;span style="color: var(--highlight-keyword)"&gt;-&amp;gt;&lt;/span&gt;&lt;span style="color: var(--highlight-default)"&gt;filterResponse&lt;/span&gt;&lt;span style="color: var(--highlight-keyword)"&gt;(&lt;/span&gt;&lt;span style="color: var(--highlight-default)"&gt;$event&lt;/span&gt;&lt;span style="color: var(--highlight-keyword)"&gt;-&amp;gt;&lt;/span&gt;&lt;span style="color: var(--highlight-default)"&gt;getResponse&lt;/span&gt;&lt;span style="color: var(--highlight-keyword)"&gt;(),&amp;nbsp;&lt;/span&gt;&lt;span style="color: var(--highlight-default)"&gt;$request&lt;/span&gt;&lt;span style="color: var(--highlight-keyword)"&gt;,&amp;nbsp;&lt;/span&gt;&lt;span style="color: var(--highlight-default)"&gt;$type&lt;/span&gt;&lt;span style="color: var(--highlight-keyword)"&gt;);&lt;/span&gt;&lt;/code&gt;&lt;/li&gt;
&lt;li&gt;&lt;code&gt;&lt;span style="color: var(--highlight-keyword)"&gt;&amp;nbsp;&amp;nbsp;&amp;nbsp;&amp;nbsp;&amp;nbsp;&amp;nbsp;&amp;nbsp;&amp;nbsp;}&lt;/span&gt;&lt;/code&gt;&lt;/li&gt;
&lt;li&gt;&lt;code&gt;&lt;span style="color: var(--highlight-keyword)"&gt;&lt;/span&gt;&lt;/code&gt;&lt;/li&gt;&lt;/ol&gt;    &lt;/div&gt;            &lt;/div&gt;
                        &lt;div class="trace-line "&gt;
                &lt;div class="trace-line-header break-long-words sf-toggle" data-toggle-selector="#trace-html-2-9" data-toggle-initial=""&gt;
            &lt;span class="icon icon-close"&gt;&lt;svg width="1792" height="1792" viewBox="0 0 1792 1792" xmlns="http://www.w3.org/2000/svg"&gt;&lt;path d="M1408 960V832q0-26-19-45t-45-19H448q-26 0-45 19t-19 45v128q0 26 19 45t45 19h896q26 0 45-19t19-45zm256-544v960q0 119-84.5 203.5T1376 1664H416q-119 0-203.5-84.5T128 1376V416q0-119 84.5-203.5T416 128h960q119 0 203.5 84.5T1664 416z"/&gt;&lt;/svg&gt;&lt;/span&gt;
        &lt;span class="icon icon-open"&gt;&lt;svg width="1792" height="1792" viewBox="0 0 1792 1792" xmlns="http://www.w3.org/2000/svg"&gt;&lt;path d="M1408 960V832q0-26-19-45t-45-19h-320V448q0-26-19-45t-45-19H832q-26 0-45 19t-19 45v320H448q-26 0-45 19t-19 45v128q0 26 19 45t45 19h320v320q0 26 19 45t45 19h128q26 0 45-19t19-45v-320h320q26 0 45-19t19-45zm256-544v960q0 119-84.5 203.5T1376 1664H416q-119 0-203.5-84.5T128 1376V416q0-119 84.5-203.5T416 128h960q119 0 203.5 84.5T1664 416z"/&gt;&lt;/svg&gt;&lt;/span&gt;
    
            &lt;span class="trace-class"&gt;&lt;abbr title="Symfony\Component\HttpKernel\HttpKernel"&gt;HttpKernel&lt;/abbr&gt;&lt;/span&gt;&lt;span class="trace-type"&gt;-&gt;&lt;/span&gt;&lt;span class="trace-method"&gt;handleRaw&lt;/span&gt;&lt;span class="trace-arguments"&gt;(&lt;em&gt;object&lt;/em&gt;(&lt;abbr title="Symfony\Component\HttpFoundation\Request"&gt;Request&lt;/abbr&gt;), 1)&lt;/span&gt;    
                    &lt;span class="block trace-file-path"&gt;
            in
            &lt;a href="file://C:\Users\sliti\Desktop\dev\esprit-PIDEV-3A16-2526-FARMIA\vendor\symfony\http-kernel\HttpKernel.php#L76"&gt;
                C:\Users\sliti\Desktop\dev\esprit-PIDEV-3A16-2526-FARMIA\vendor\symfony\http-kernel\&lt;strong&gt;HttpKernel.php&lt;/strong&gt;
            &lt;/a&gt;
                        (line 76)
            &lt;span class="icon icon-copy hidden" data-clipboard-text="C:\Users\sliti\Desktop\dev\esprit-PIDEV-3A16-2526-FARMIA\vendor\symfony\http-kernel\HttpKernel.php:76"&gt;
                &lt;svg xmlns="http://www.w3.org/2000/svg" height="24" viewBox="0 0 24 24" width="24"&gt;&lt;path d="M0 0h24v24H0z" fill="none"/&gt;&lt;path d="M16 1H4c-1.1 0-2 .9-2 2v14h2V3h12V1zm3 4H8c-1.1 0-2 .9-2 2v14c0 1.1.9 2 2 2h11c1.1 0 2-.9 2-2V7c0-1.1-.9-2-2-2zm0 16H8V7h11v14z"/&gt;&lt;/svg&gt;            &lt;/span&gt;
        &lt;/span&gt;
    &lt;/div&gt;
    &lt;div id="trace-html-2-9" class="trace-code sf-toggle-content"&gt;
        &lt;ol start="71"&gt;&lt;li&gt;&lt;code&gt;&lt;span style="color: var(--highlight-keyword)"&gt;&amp;nbsp;&amp;nbsp;&amp;nbsp;&amp;nbsp;&amp;nbsp;&amp;nbsp;&amp;nbsp;&amp;nbsp;&lt;/span&gt;&lt;span style="color: var(--highlight-default)"&gt;$request&lt;/span&gt;&lt;span style="color: var(--highlight-keyword)"&gt;-&amp;gt;&lt;/span&gt;&lt;span style="color: var(--highlight-default)"&gt;headers&lt;/span&gt;&lt;span style="color: var(--highlight-keyword)"&gt;-&amp;gt;&lt;/span&gt;&lt;span style="color: var(--highlight-default)"&gt;set&lt;/span&gt;&lt;span style="color: var(--highlight-keyword)"&gt;(&lt;/span&gt;&lt;span style="color: var(--highlight-string)"&gt;'X-Php-Ob-Level'&lt;/span&gt;&lt;span style="color: var(--highlight-keyword)"&gt;,&amp;nbsp;(string)&amp;nbsp;&lt;/span&gt;&lt;span style="color: var(--highlight-default)"&gt;ob_get_level&lt;/span&gt;&lt;span style="color: var(--highlight-keyword)"&gt;());&lt;/span&gt;&lt;/code&gt;&lt;/li&gt;
&lt;li&gt;&lt;code&gt;&lt;span style="color: var(--highlight-keyword)"&gt;&lt;/span&gt;&lt;/code&gt;&lt;/li&gt;
&lt;li&gt;&lt;code&gt;&lt;span style="color: var(--highlight-keyword)"&gt;&amp;nbsp;&amp;nbsp;&amp;nbsp;&amp;nbsp;&amp;nbsp;&amp;nbsp;&amp;nbsp;&amp;nbsp;&lt;/span&gt;&lt;span style="color: var(--highlight-default)"&gt;$this&lt;/span&gt;&lt;span style="color: var(--highlight-keyword)"&gt;-&amp;gt;&lt;/span&gt;&lt;span style="color: var(--highlight-default)"&gt;requestStack&lt;/span&gt;&lt;span style="color: var(--highlight-keyword)"&gt;-&amp;gt;&lt;/span&gt;&lt;span style="color: var(--highlight-default)"&gt;push&lt;/span&gt;&lt;span style="color: var(--highlight-keyword)"&gt;(&lt;/span&gt;&lt;span style="color: var(--highlight-default)"&gt;$request&lt;/span&gt;&lt;span style="color: var(--highlight-keyword)"&gt;);&lt;/span&gt;&lt;/code&gt;&lt;/li&gt;
&lt;li&gt;&lt;code&gt;&lt;span style="color: var(--highlight-keyword)"&gt;&amp;nbsp;&amp;nbsp;&amp;nbsp;&amp;nbsp;&amp;nbsp;&amp;nbsp;&amp;nbsp;&amp;nbsp;&lt;/span&gt;&lt;span style="color: var(--highlight-default)"&gt;$response&amp;nbsp;&lt;/span&gt;&lt;span style="color: var(--highlight-keyword)"&gt;=&amp;nbsp;&lt;/span&gt;&lt;span style="color: var(--highlight-default)"&gt;null&lt;/span&gt;&lt;span style="color: var(--highlight-keyword)"&gt;;&lt;/span&gt;&lt;/code&gt;&lt;/li&gt;
&lt;li&gt;&lt;code&gt;&lt;span style="color: var(--highlight-keyword)"&gt;&amp;nbsp;&amp;nbsp;&amp;nbsp;&amp;nbsp;&amp;nbsp;&amp;nbsp;&amp;nbsp;&amp;nbsp;try&amp;nbsp;{&lt;/span&gt;&lt;/code&gt;&lt;/li&gt;
&lt;li class="selected"&gt;&lt;code&gt;&lt;span style="color: var(--highlight-keyword)"&gt;&amp;nbsp;&amp;nbsp;&amp;nbsp;&amp;nbsp;&amp;nbsp;&amp;nbsp;&amp;nbsp;&amp;nbsp;&amp;nbsp;&amp;nbsp;&amp;nbsp;&amp;nbsp;return&amp;nbsp;&lt;/span&gt;&lt;span style="color: var(--highlight-default)"&gt;$response&amp;nbsp;&lt;/span&gt;&lt;span style="color: var(--highlight-keyword)"&gt;=&amp;nbsp;&lt;/span&gt;&lt;span style="color: var(--highlight-default)"&gt;$this&lt;/span&gt;&lt;span style="color: var(--highlight-keyword)"&gt;-&amp;gt;&lt;/span&gt;&lt;span style="color: var(--highlight-default)"&gt;handleRaw&lt;/span&gt;&lt;span style="color: var(--highlight-keyword)"&gt;(&lt;/span&gt;&lt;span style="color: var(--highlight-default)"&gt;$request&lt;/span&gt;&lt;span style="color: var(--highlight-keyword)"&gt;,&amp;nbsp;&lt;/span&gt;&lt;span style="color: var(--highlight-default)"&gt;$type&lt;/span&gt;&lt;span style="color: var(--highlight-keyword)"&gt;);&lt;/span&gt;&lt;/code&gt;&lt;/li&gt;
&lt;li&gt;&lt;code&gt;&lt;span style="color: var(--highlight-keyword)"&gt;&amp;nbsp;&amp;nbsp;&amp;nbsp;&amp;nbsp;&amp;nbsp;&amp;nbsp;&amp;nbsp;&amp;nbsp;}&amp;nbsp;catch&amp;nbsp;(&lt;/span&gt;&lt;span style="color: var(--highlight-default)"&gt;\Throwable&amp;nbsp;$e&lt;/span&gt;&lt;span style="color: var(--highlight-keyword)"&gt;)&amp;nbsp;{&lt;/span&gt;&lt;/code&gt;&lt;/li&gt;
&lt;li&gt;&lt;code&gt;&lt;span style="color: var(--highlight-keyword)"&gt;&amp;nbsp;&amp;nbsp;&amp;nbsp;&amp;nbsp;&amp;nbsp;&amp;nbsp;&amp;nbsp;&amp;nbsp;&amp;nbsp;&amp;nbsp;&amp;nbsp;&amp;nbsp;if&amp;nbsp;(&lt;/span&gt;&lt;span style="color: var(--highlight-default)"&gt;$e&amp;nbsp;&lt;/span&gt;&lt;span style="color: var(--highlight-keyword)"&gt;instanceof&amp;nbsp;&lt;/span&gt;&lt;span style="color: var(--highlight-default)"&gt;\Error&amp;nbsp;&lt;/span&gt;&lt;span style="color: var(--highlight-keyword)"&gt;&amp;amp;&amp;amp;&amp;nbsp;!&lt;/span&gt;&lt;span style="color: var(--highlight-default)"&gt;$this&lt;/span&gt;&lt;span style="color: var(--highlight-keyword)"&gt;-&amp;gt;&lt;/span&gt;&lt;span style="color: var(--highlight-default)"&gt;handleAllThrowables&lt;/span&gt;&lt;span style="color: var(--highlight-keyword)"&gt;)&amp;nbsp;{&lt;/span&gt;&lt;/code&gt;&lt;/li&gt;
&lt;li&gt;&lt;code&gt;&lt;span style="color: var(--highlight-keyword)"&gt;&amp;nbsp;&amp;nbsp;&amp;nbsp;&amp;nbsp;&amp;nbsp;&amp;nbsp;&amp;nbsp;&amp;nbsp;&amp;nbsp;&amp;nbsp;&amp;nbsp;&amp;nbsp;&amp;nbsp;&amp;nbsp;&amp;nbsp;&amp;nbsp;throw&amp;nbsp;&lt;/span&gt;&lt;span style="color: var(--highlight-default)"&gt;$e&lt;/span&gt;&lt;span style="color: var(--highlight-keyword)"&gt;;&lt;/span&gt;&lt;/code&gt;&lt;/li&gt;
&lt;li&gt;&lt;code&gt;&lt;span style="color: var(--highlight-keyword)"&gt;&amp;nbsp;&amp;nbsp;&amp;nbsp;&amp;nbsp;&amp;nbsp;&amp;nbsp;&amp;nbsp;&amp;nbsp;&amp;nbsp;&amp;nbsp;&amp;nbsp;&amp;nbsp;}&lt;/span&gt;&lt;/code&gt;&lt;/li&gt;
&lt;li&gt;&lt;code&gt;&lt;span style="color: var(--highlight-keyword)"&gt;&lt;/span&gt;&lt;/code&gt;&lt;/li&gt;&lt;/ol&gt;    &lt;/div&gt;            &lt;/div&gt;
                        &lt;div class="trace-line "&gt;
                &lt;div class="trace-line-header break-long-words sf-toggle" data-toggle-selector="#trace-html-2-10" data-toggle-initial=""&gt;
            &lt;span class="icon icon-close"&gt;&lt;svg width="1792" height="1792" viewBox="0 0 1792 1792" xmlns="http://www.w3.org/2000/svg"&gt;&lt;path d="M1408 960V832q0-26-19-45t-45-19H448q-26 0-45 19t-19 45v128q0 26 19 45t45 19h896q26 0 45-19t19-45zm256-544v960q0 119-84.5 203.5T1376 1664H416q-119 0-203.5-84.5T128 1376V416q0-119 84.5-203.5T416 128h960q119 0 203.5 84.5T1664 416z"/&gt;&lt;/svg&gt;&lt;/span&gt;
        &lt;span class="icon icon-open"&gt;&lt;svg width="1792" height="1792" viewBox="0 0 1792 1792" xmlns="http://www.w3.org/2000/svg"&gt;&lt;path d="M1408 960V832q0-26-19-45t-45-19h-320V448q0-26-19-45t-45-19H832q-26 0-45 19t-19 45v320H448q-26 0-45 19t-19 45v128q0 26 19 45t45 19h320v320q0 26 19 45t45 19h128q26 0 45-19t19-45v-320h320q26 0 45-19t19-45zm256-544v960q0 119-84.5 203.5T1376 1664H416q-119 0-203.5-84.5T128 1376V416q0-119 84.5-203.5T416 128h960q119 0 203.5 84.5T1664 416z"/&gt;&lt;/svg&gt;&lt;/span&gt;
    
            &lt;span class="trace-class"&gt;&lt;abbr title="Symfony\Component\HttpKernel\HttpKernel"&gt;HttpKernel&lt;/abbr&gt;&lt;/span&gt;&lt;span class="trace-type"&gt;-&gt;&lt;/span&gt;&lt;span class="trace-method"&gt;handle&lt;/span&gt;&lt;span class="trace-arguments"&gt;(&lt;em&gt;object&lt;/em&gt;(&lt;abbr title="Symfony\Component\HttpFoundation\Request"&gt;Request&lt;/abbr&gt;), 1, &lt;em&gt;true&lt;/em&gt;)&lt;/span&gt;    
                    &lt;span class="block trace-file-path"&gt;
            in
            &lt;a href="file://C:\Users\sliti\Desktop\dev\esprit-PIDEV-3A16-2526-FARMIA\vendor\symfony\http-kernel\Kernel.php#L208"&gt;
                C:\Users\sliti\Desktop\dev\esprit-PIDEV-3A16-2526-FARMIA\vendor\symfony\http-kernel\&lt;strong&gt;Kernel.php&lt;/strong&gt;
            &lt;/a&gt;
                        (line 208)
            &lt;span class="icon icon-copy hidden" data-clipboard-text="C:\Users\sliti\Desktop\dev\esprit-PIDEV-3A16-2526-FARMIA\vendor\symfony\http-kernel\Kernel.php:208"&gt;
                &lt;svg xmlns="http://www.w3.org/2000/svg" height="24" viewBox="0 0 24 24" width="24"&gt;&lt;path d="M0 0h24v24H0z" fill="none"/&gt;&lt;path d="M16 1H4c-1.1 0-2 .9-2 2v14h2V3h12V1zm3 4H8c-1.1 0-2 .9-2 2v14c0 1.1.9 2 2 2h11c1.1 0 2-.9 2-2V7c0-1.1-.9-2-2-2zm0 16H8V7h11v14z"/&gt;&lt;/svg&gt;            &lt;/span&gt;
        &lt;/span&gt;
    &lt;/div&gt;
    &lt;div id="trace-html-2-10" class="trace-code sf-toggle-content"&gt;
        &lt;ol start="203"&gt;&lt;li&gt;&lt;code&gt;&lt;span style="color: var(--highlight-keyword)"&gt;&amp;nbsp;&amp;nbsp;&amp;nbsp;&amp;nbsp;&amp;nbsp;&amp;nbsp;&amp;nbsp;&amp;nbsp;if&amp;nbsp;(!&lt;/span&gt;&lt;span style="color: var(--highlight-default)"&gt;$this&lt;/span&gt;&lt;span style="color: var(--highlight-keyword)"&gt;-&amp;gt;&lt;/span&gt;&lt;span style="color: var(--highlight-default)"&gt;handlingHttpCache&lt;/span&gt;&lt;span style="color: var(--highlight-keyword)"&gt;)&amp;nbsp;{&lt;/span&gt;&lt;/code&gt;&lt;/li&gt;
&lt;li&gt;&lt;code&gt;&lt;span style="color: var(--highlight-keyword)"&gt;&amp;nbsp;&amp;nbsp;&amp;nbsp;&amp;nbsp;&amp;nbsp;&amp;nbsp;&amp;nbsp;&amp;nbsp;&amp;nbsp;&amp;nbsp;&amp;nbsp;&amp;nbsp;&lt;/span&gt;&lt;span style="color: var(--highlight-default)"&gt;$this&lt;/span&gt;&lt;span style="color: var(--highlight-keyword)"&gt;-&amp;gt;&lt;/span&gt;&lt;span style="color: var(--highlight-default)"&gt;resetServices&amp;nbsp;&lt;/span&gt;&lt;span style="color: var(--highlight-keyword)"&gt;=&amp;nbsp;&lt;/span&gt;&lt;span style="color: var(--highlight-default)"&gt;true&lt;/span&gt;&lt;span style="color: var(--highlight-keyword)"&gt;;&lt;/span&gt;&lt;/code&gt;&lt;/li&gt;
&lt;li&gt;&lt;code&gt;&lt;span style="color: var(--highlight-keyword)"&gt;&amp;nbsp;&amp;nbsp;&amp;nbsp;&amp;nbsp;&amp;nbsp;&amp;nbsp;&amp;nbsp;&amp;nbsp;}&lt;/span&gt;&lt;/code&gt;&lt;/li&gt;
&lt;li&gt;&lt;code&gt;&lt;span style="color: var(--highlight-keyword)"&gt;&lt;/span&gt;&lt;/code&gt;&lt;/li&gt;
&lt;li&gt;&lt;code&gt;&lt;span style="color: var(--highlight-keyword)"&gt;&amp;nbsp;&amp;nbsp;&amp;nbsp;&amp;nbsp;&amp;nbsp;&amp;nbsp;&amp;nbsp;&amp;nbsp;try&amp;nbsp;{&lt;/span&gt;&lt;/code&gt;&lt;/li&gt;
&lt;li class="selected"&gt;&lt;code&gt;&lt;span style="color: var(--highlight-keyword)"&gt;&amp;nbsp;&amp;nbsp;&amp;nbsp;&amp;nbsp;&amp;nbsp;&amp;nbsp;&amp;nbsp;&amp;nbsp;&amp;nbsp;&amp;nbsp;&amp;nbsp;&amp;nbsp;return&amp;nbsp;&lt;/span&gt;&lt;span style="color: var(--highlight-default)"&gt;$this&lt;/span&gt;&lt;span style="color: var(--highlight-keyword)"&gt;-&amp;gt;&lt;/span&gt;&lt;span style="color: var(--highlight-default)"&gt;getHttpKernel&lt;/span&gt;&lt;span style="color: var(--highlight-keyword)"&gt;()-&amp;gt;&lt;/span&gt;&lt;span style="color: var(--highlight-default)"&gt;handle&lt;/span&gt;&lt;span style="color: var(--highlight-keyword)"&gt;(&lt;/span&gt;&lt;span style="color: var(--highlight-default)"&gt;$request&lt;/span&gt;&lt;span style="color: var(--highlight-keyword)"&gt;,&amp;nbsp;&lt;/span&gt;&lt;span style="color: var(--highlight-default)"&gt;$type&lt;/span&gt;&lt;span style="color: var(--highlight-keyword)"&gt;,&amp;nbsp;&lt;/span&gt;&lt;span style="color: var(--highlight-default)"&gt;$catch&lt;/span&gt;&lt;span style="color: var(--highlight-keyword)"&gt;);&lt;/span&gt;&lt;/code&gt;&lt;/li&gt;
&lt;li&gt;&lt;code&gt;&lt;span style="color: var(--highlight-keyword)"&gt;&amp;nbsp;&amp;nbsp;&amp;nbsp;&amp;nbsp;&amp;nbsp;&amp;nbsp;&amp;nbsp;&amp;nbsp;}&amp;nbsp;finally&amp;nbsp;{&lt;/span&gt;&lt;/code&gt;&lt;/li&gt;
&lt;li&gt;&lt;code&gt;&lt;span style="color: var(--highlight-keyword)"&gt;&amp;nbsp;&amp;nbsp;&amp;nbsp;&amp;nbsp;&amp;nbsp;&amp;nbsp;&amp;nbsp;&amp;nbsp;&amp;nbsp;&amp;nbsp;&amp;nbsp;&amp;nbsp;--&lt;/span&gt;&lt;span style="color: var(--highlight-default)"&gt;$this&lt;/span&gt;&lt;span style="color: var(--highlight-keyword)"&gt;-&amp;gt;&lt;/span&gt;&lt;span style="color: var(--highlight-default)"&gt;requestStackSize&lt;/span&gt;&lt;span style="color: var(--highlight-keyword)"&gt;;&lt;/span&gt;&lt;/code&gt;&lt;/li&gt;
&lt;li&gt;&lt;code&gt;&lt;span style="color: var(--highlight-keyword)"&gt;&amp;nbsp;&amp;nbsp;&amp;nbsp;&amp;nbsp;&amp;nbsp;&amp;nbsp;&amp;nbsp;&amp;nbsp;}&lt;/span&gt;&lt;/code&gt;&lt;/li&gt;
&lt;li&gt;&lt;code&gt;&lt;span style="color: var(--highlight-keyword)"&gt;&amp;nbsp;&amp;nbsp;&amp;nbsp;&amp;nbsp;}&lt;/span&gt;&lt;/code&gt;&lt;/li&gt;
&lt;li&gt;&lt;code&gt;&lt;span style="color: var(--highlight-keyword)"&gt;&lt;/span&gt;&lt;/code&gt;&lt;/li&gt;&lt;/ol&gt;    &lt;/div&gt;            &lt;/div&gt;
                        &lt;div class="trace-line "&gt;
                &lt;div class="trace-line-header break-long-words sf-toggle" data-toggle-selector="#trace-html-2-11" data-toggle-initial=""&gt;
            &lt;span class="icon icon-close"&gt;&lt;svg width="1792" height="1792" viewBox="0 0 1792 1792" xmlns="http://www.w3.org/2000/svg"&gt;&lt;path d="M1408 960V832q0-26-19-45t-45-19H448q-26 0-45 19t-19 45v128q0 26 19 45t45 19h896q26 0 45-19t19-45zm256-544v960q0 119-84.5 203.5T1376 1664H416q-119 0-203.5-84.5T128 1376V416q0-119 84.5-203.5T416 128h960q119 0 203.5 84.5T1664 416z"/&gt;&lt;/svg&gt;&lt;/span&gt;
        &lt;span class="icon icon-open"&gt;&lt;svg width="1792" height="1792" viewBox="0 0 1792 1792" xmlns="http://www.w3.org/2000/svg"&gt;&lt;path d="M1408 960V832q0-26-19-45t-45-19h-320V448q0-26-19-45t-45-19H832q-26 0-45 19t-19 45v320H448q-26 0-45 19t-19 45v128q0 26 19 45t45 19h320v320q0 26 19 45t45 19h128q26 0 45-19t19-45v-320h320q26 0 45-19t19-45zm256-544v960q0 119-84.5 203.5T1376 1664H416q-119 0-203.5-84.5T128 1376V416q0-119 84.5-203.5T416 128h960q119 0 203.5 84.5T1664 416z"/&gt;&lt;/svg&gt;&lt;/span&gt;
    
            &lt;span class="trace-class"&gt;&lt;abbr title="Symfony\Component\HttpKernel\Kernel"&gt;Kernel&lt;/abbr&gt;&lt;/span&gt;&lt;span class="trace-type"&gt;-&gt;&lt;/span&gt;&lt;span class="trace-method"&gt;handle&lt;/span&gt;&lt;span class="trace-arguments"&gt;(&lt;em&gt;object&lt;/em&gt;(&lt;abbr title="Symfony\Component\HttpFoundation\Request"&gt;Request&lt;/abbr&gt;), 1, &lt;em&gt;true&lt;/em&gt;)&lt;/span&gt;    
                    &lt;span class="block trace-file-path"&gt;
            in
            &lt;a href="file://C:\Users\sliti\Desktop\dev\esprit-PIDEV-3A16-2526-FARMIA\vendor\symfony\http-kernel\HttpKernelBrowser.php#L65"&gt;
                C:\Users\sliti\Desktop\dev\esprit-PIDEV-3A16-2526-FARMIA\vendor\symfony\http-kernel\&lt;strong&gt;HttpKernelBrowser.php&lt;/strong&gt;
            &lt;/a&gt;
                        (line 65)
            &lt;span class="icon icon-copy hidden" data-clipboard-text="C:\Users\sliti\Desktop\dev\esprit-PIDEV-3A16-2526-FARMIA\vendor\symfony\http-kernel\HttpKernelBrowser.php:65"&gt;
                &lt;svg xmlns="http://www.w3.org/2000/svg" height="24" viewBox="0 0 24 24" width="24"&gt;&lt;path d="M0 0h24v24H0z" fill="none"/&gt;&lt;path d="M16 1H4c-1.1 0-2 .9-2 2v14h2V3h12V1zm3 4H8c-1.1 0-2 .9-2 2v14c0 1.1.9 2 2 2h11c1.1 0 2-.9 2-2V7c0-1.1-.9-2-2-2zm0 16H8V7h11v14z"/&gt;&lt;/svg&gt;            &lt;/span&gt;
        &lt;/span&gt;
    &lt;/div&gt;
    &lt;div id="trace-html-2-11" class="trace-code sf-toggle-content"&gt;
        &lt;ol start="60"&gt;&lt;li&gt;&lt;code&gt;&lt;span style="color: var(--highlight-comment)"&gt;&amp;nbsp;&amp;nbsp;&amp;nbsp;&amp;nbsp;&amp;nbsp;*&lt;/span&gt;&lt;/code&gt;&lt;/li&gt;
&lt;li&gt;&lt;code&gt;&lt;span style="color: var(--highlight-comment)"&gt;&amp;nbsp;&amp;nbsp;&amp;nbsp;&amp;nbsp;&amp;nbsp;*&amp;nbsp;@return&amp;nbsp;Response&lt;/span&gt;&lt;/code&gt;&lt;/li&gt;
&lt;li&gt;&lt;code&gt;&lt;span style="color: var(--highlight-comment)"&gt;&amp;nbsp;&amp;nbsp;&amp;nbsp;&amp;nbsp;&amp;nbsp;*/&lt;/span&gt;&lt;/code&gt;&lt;/li&gt;
&lt;li&gt;&lt;code&gt;&lt;span style="color: var(--highlight-comment)"&gt;&amp;nbsp;&amp;nbsp;&amp;nbsp;&amp;nbsp;&lt;/span&gt;&lt;span style="color: var(--highlight-keyword)"&gt;protected&amp;nbsp;function&amp;nbsp;&lt;/span&gt;&lt;span style="color: var(--highlight-default)"&gt;doRequest&lt;/span&gt;&lt;span style="color: var(--highlight-keyword)"&gt;(&lt;/span&gt;&lt;span style="color: var(--highlight-default)"&gt;object&amp;nbsp;$request&lt;/span&gt;&lt;span style="color: var(--highlight-keyword)"&gt;)&lt;/span&gt;&lt;/code&gt;&lt;/li&gt;
&lt;li&gt;&lt;code&gt;&lt;span style="color: var(--highlight-keyword)"&gt;&amp;nbsp;&amp;nbsp;&amp;nbsp;&amp;nbsp;{&lt;/span&gt;&lt;/code&gt;&lt;/li&gt;
&lt;li class="selected"&gt;&lt;code&gt;&lt;span style="color: var(--highlight-keyword)"&gt;&amp;nbsp;&amp;nbsp;&amp;nbsp;&amp;nbsp;&amp;nbsp;&amp;nbsp;&amp;nbsp;&amp;nbsp;&lt;/span&gt;&lt;span style="color: var(--highlight-default)"&gt;$response&amp;nbsp;&lt;/span&gt;&lt;span style="color: var(--highlight-keyword)"&gt;=&amp;nbsp;&lt;/span&gt;&lt;span style="color: var(--highlight-default)"&gt;$this&lt;/span&gt;&lt;span style="color: var(--highlight-keyword)"&gt;-&amp;gt;&lt;/span&gt;&lt;span style="color: var(--highlight-default)"&gt;kernel&lt;/span&gt;&lt;span style="color: var(--highlight-keyword)"&gt;-&amp;gt;&lt;/span&gt;&lt;span style="color: var(--highlight-default)"&gt;handle&lt;/span&gt;&lt;span style="color: var(--highlight-keyword)"&gt;(&lt;/span&gt;&lt;span style="color: var(--highlight-default)"&gt;$request&lt;/span&gt;&lt;span style="color: var(--highlight-keyword)"&gt;,&amp;nbsp;&lt;/span&gt;&lt;span style="color: var(--highlight-default)"&gt;HttpKernelInterface&lt;/span&gt;&lt;span style="color: var(--highlight-keyword)"&gt;::&lt;/span&gt;&lt;span style="color: var(--highlight-default)"&gt;MAIN_REQUEST&lt;/span&gt;&lt;span style="color: var(--highlight-keyword)"&gt;,&amp;nbsp;&lt;/span&gt;&lt;span style="color: var(--highlight-default)"&gt;$this&lt;/span&gt;&lt;span style="color: var(--highlight-keyword)"&gt;-&amp;gt;&lt;/span&gt;&lt;span style="color: var(--highlight-default)"&gt;catchExceptions&lt;/span&gt;&lt;span style="color: var(--highlight-keyword)"&gt;);&lt;/span&gt;&lt;/code&gt;&lt;/li&gt;
&lt;li&gt;&lt;code&gt;&lt;span style="color: var(--highlight-keyword)"&gt;&lt;/span&gt;&lt;/code&gt;&lt;/li&gt;
&lt;li&gt;&lt;code&gt;&lt;span style="color: var(--highlight-keyword)"&gt;&amp;nbsp;&amp;nbsp;&amp;nbsp;&amp;nbsp;&amp;nbsp;&amp;nbsp;&amp;nbsp;&amp;nbsp;if&amp;nbsp;(&lt;/span&gt;&lt;span style="color: var(--highlight-default)"&gt;$this&lt;/span&gt;&lt;span style="color: var(--highlight-keyword)"&gt;-&amp;gt;&lt;/span&gt;&lt;span style="color: var(--highlight-default)"&gt;kernel&amp;nbsp;&lt;/span&gt;&lt;span style="color: var(--highlight-keyword)"&gt;instanceof&amp;nbsp;&lt;/span&gt;&lt;span style="color: var(--highlight-default)"&gt;TerminableInterface&lt;/span&gt;&lt;span style="color: var(--highlight-keyword)"&gt;)&amp;nbsp;{&lt;/span&gt;&lt;/code&gt;&lt;/li&gt;
&lt;li&gt;&lt;code&gt;&lt;span style="color: var(--highlight-keyword)"&gt;&amp;nbsp;&amp;nbsp;&amp;nbsp;&amp;nbsp;&amp;nbsp;&amp;nbsp;&amp;nbsp;&amp;nbsp;&amp;nbsp;&amp;nbsp;&amp;nbsp;&amp;nbsp;&lt;/span&gt;&lt;span style="color: var(--highlight-default)"&gt;$this&lt;/span&gt;&lt;span style="color: var(--highlight-keyword)"&gt;-&amp;gt;&lt;/span&gt;&lt;span style="color: var(--highlight-default)"&gt;kernel&lt;/span&gt;&lt;span style="color: var(--highlight-keyword)"&gt;-&amp;gt;&lt;/span&gt;&lt;span style="color: var(--highlight-default)"&gt;terminate&lt;/span&gt;&lt;span style="color: var(--highlight-keyword)"&gt;(&lt;/span&gt;&lt;span style="color: var(--highlight-default)"&gt;$request&lt;/span&gt;&lt;span style="color: var(--highlight-keyword)"&gt;,&amp;nbsp;&lt;/span&gt;&lt;span style="color: var(--highlight-default)"&gt;$response&lt;/span&gt;&lt;span style="color: var(--highlight-keyword)"&gt;);&lt;/span&gt;&lt;/code&gt;&lt;/li&gt;
&lt;li&gt;&lt;code&gt;&lt;span style="color: var(--highlight-keyword)"&gt;&amp;nbsp;&amp;nbsp;&amp;nbsp;&amp;nbsp;&amp;nbsp;&amp;nbsp;&amp;nbsp;&amp;nbsp;}&lt;/span&gt;&lt;/code&gt;&lt;/li&gt;
&lt;li&gt;&lt;code&gt;&lt;span style="color: var(--highlight-keyword)"&gt;&lt;/span&gt;&lt;/code&gt;&lt;/li&gt;&lt;/ol&gt;    &lt;/div&gt;            &lt;/div&gt;
                        &lt;div class="trace-line "&gt;
                &lt;div class="trace-line-header break-long-words sf-toggle" data-toggle-selector="#trace-html-2-12" data-toggle-initial=""&gt;
            &lt;span class="icon icon-close"&gt;&lt;svg width="1792" height="1792" viewBox="0 0 1792 1792" xmlns="http://www.w3.org/2000/svg"&gt;&lt;path d="M1408 960V832q0-26-19-45t-45-19H448q-26 0-45 19t-19 45v128q0 26 19 45t45 19h896q26 0 45-19t19-45zm256-544v960q0 119-84.5 203.5T1376 1664H416q-119 0-203.5-84.5T128 1376V416q0-119 84.5-203.5T416 128h960q119 0 203.5 84.5T1664 416z"/&gt;&lt;/svg&gt;&lt;/span&gt;
        &lt;span class="icon icon-open"&gt;&lt;svg width="1792" height="1792" viewBox="0 0 1792 1792" xmlns="http://www.w3.org/2000/svg"&gt;&lt;path d="M1408 960V832q0-26-19-45t-45-19h-320V448q0-26-19-45t-45-19H832q-26 0-45 19t-19 45v320H448q-26 0-45 19t-19 45v128q0 26 19 45t45 19h320v320q0 26 19 45t45 19h128q26 0 45-19t19-45v-320h320q26 0 45-19t19-45zm256-544v960q0 119-84.5 203.5T1376 1664H416q-119 0-203.5-84.5T128 1376V416q0-119 84.5-203.5T416 128h960q119 0 203.5 84.5T1664 416z"/&gt;&lt;/svg&gt;&lt;/span&gt;
    
            &lt;span class="trace-class"&gt;&lt;abbr title="Symfony\Component\HttpKernel\HttpKernelBrowser"&gt;HttpKernelBrowser&lt;/abbr&gt;&lt;/span&gt;&lt;span class="trace-type"&gt;-&gt;&lt;/span&gt;&lt;span class="trace-method"&gt;doRequest&lt;/span&gt;&lt;span class="trace-arguments"&gt;(&lt;em&gt;object&lt;/em&gt;(&lt;abbr title="Symfony\Component\HttpFoundation\Request"&gt;Request&lt;/abbr&gt;))&lt;/span&gt;    
                    &lt;span class="block trace-file-path"&gt;
            in
            &lt;a href="file://C:\Users\sliti\Desktop\dev\esprit-PIDEV-3A16-2526-FARMIA\vendor\symfony\framework-bundle\KernelBrowser.php#L175"&gt;
                C:\Users\sliti\Desktop\dev\esprit-PIDEV-3A16-2526-FARMIA\vendor\symfony\framework-bundle\&lt;strong&gt;KernelBrowser.php&lt;/strong&gt;
            &lt;/a&gt;
                        (line 175)
            &lt;span class="icon icon-copy hidden" data-clipboard-text="C:\Users\sliti\Desktop\dev\esprit-PIDEV-3A16-2526-FARMIA\vendor\symfony\framework-bundle\KernelBrowser.php:175"&gt;
                &lt;svg xmlns="http://www.w3.org/2000/svg" height="24" viewBox="0 0 24 24" width="24"&gt;&lt;path d="M0 0h24v24H0z" fill="none"/&gt;&lt;path d="M16 1H4c-1.1 0-2 .9-2 2v14h2V3h12V1zm3 4H8c-1.1 0-2 .9-2 2v14c0 1.1.9 2 2 2h11c1.1 0 2-.9 2-2V7c0-1.1-.9-2-2-2zm0 16H8V7h11v14z"/&gt;&lt;/svg&gt;            &lt;/span&gt;
        &lt;/span&gt;
    &lt;/div&gt;
    &lt;div id="trace-html-2-12" class="trace-code sf-toggle-content"&gt;
        &lt;ol start="170"&gt;&lt;li&gt;&lt;code&gt;&lt;span style="color: var(--highlight-keyword)"&gt;&lt;/span&gt;&lt;/code&gt;&lt;/li&gt;
&lt;li&gt;&lt;code&gt;&lt;span style="color: var(--highlight-keyword)"&gt;&amp;nbsp;&amp;nbsp;&amp;nbsp;&amp;nbsp;&amp;nbsp;&amp;nbsp;&amp;nbsp;&amp;nbsp;&amp;nbsp;&amp;nbsp;&amp;nbsp;&amp;nbsp;&lt;/span&gt;&lt;span style="color: var(--highlight-default)"&gt;$this&lt;/span&gt;&lt;span style="color: var(--highlight-keyword)"&gt;-&amp;gt;&lt;/span&gt;&lt;span style="color: var(--highlight-default)"&gt;kernel&lt;/span&gt;&lt;span style="color: var(--highlight-keyword)"&gt;-&amp;gt;&lt;/span&gt;&lt;span style="color: var(--highlight-default)"&gt;boot&lt;/span&gt;&lt;span style="color: var(--highlight-keyword)"&gt;();&lt;/span&gt;&lt;/code&gt;&lt;/li&gt;
&lt;li&gt;&lt;code&gt;&lt;span style="color: var(--highlight-keyword)"&gt;&amp;nbsp;&amp;nbsp;&amp;nbsp;&amp;nbsp;&amp;nbsp;&amp;nbsp;&amp;nbsp;&amp;nbsp;&amp;nbsp;&amp;nbsp;&amp;nbsp;&amp;nbsp;&lt;/span&gt;&lt;span style="color: var(--highlight-default)"&gt;$this&lt;/span&gt;&lt;span style="color: var(--highlight-keyword)"&gt;-&amp;gt;&lt;/span&gt;&lt;span style="color: var(--highlight-default)"&gt;getContainer&lt;/span&gt;&lt;span style="color: var(--highlight-keyword)"&gt;()-&amp;gt;&lt;/span&gt;&lt;span style="color: var(--highlight-default)"&gt;get&lt;/span&gt;&lt;span style="color: var(--highlight-keyword)"&gt;(&lt;/span&gt;&lt;span style="color: var(--highlight-string)"&gt;'profiler'&lt;/span&gt;&lt;span style="color: var(--highlight-keyword)"&gt;)-&amp;gt;&lt;/span&gt;&lt;span style="color: var(--highlight-default)"&gt;enable&lt;/span&gt;&lt;span style="color: var(--highlight-keyword)"&gt;();&lt;/span&gt;&lt;/code&gt;&lt;/li&gt;
&lt;li&gt;&lt;code&gt;&lt;span style="color: var(--highlight-keyword)"&gt;&amp;nbsp;&amp;nbsp;&amp;nbsp;&amp;nbsp;&amp;nbsp;&amp;nbsp;&amp;nbsp;&amp;nbsp;}&lt;/span&gt;&lt;/code&gt;&lt;/li&gt;
&lt;li&gt;&lt;code&gt;&lt;span style="color: var(--highlight-keyword)"&gt;&lt;/span&gt;&lt;/code&gt;&lt;/li&gt;
&lt;li class="selected"&gt;&lt;code&gt;&lt;span style="color: var(--highlight-keyword)"&gt;&amp;nbsp;&amp;nbsp;&amp;nbsp;&amp;nbsp;&amp;nbsp;&amp;nbsp;&amp;nbsp;&amp;nbsp;return&amp;nbsp;&lt;/span&gt;&lt;span style="color: var(--highlight-default)"&gt;parent&lt;/span&gt;&lt;span style="color: var(--highlight-keyword)"&gt;::&lt;/span&gt;&lt;span style="color: var(--highlight-default)"&gt;doRequest&lt;/span&gt;&lt;span style="color: var(--highlight-keyword)"&gt;(&lt;/span&gt;&lt;span style="color: var(--highlight-default)"&gt;$request&lt;/span&gt;&lt;span style="color: var(--highlight-keyword)"&gt;);&lt;/span&gt;&lt;/code&gt;&lt;/li&gt;
&lt;li&gt;&lt;code&gt;&lt;span style="color: var(--highlight-keyword)"&gt;&amp;nbsp;&amp;nbsp;&amp;nbsp;&amp;nbsp;}&lt;/span&gt;&lt;/code&gt;&lt;/li&gt;
&lt;li&gt;&lt;code&gt;&lt;span style="color: var(--highlight-keyword)"&gt;&lt;/span&gt;&lt;/code&gt;&lt;/li&gt;
&lt;li&gt;&lt;code&gt;&lt;span style="color: var(--highlight-keyword)"&gt;&amp;nbsp;&amp;nbsp;&amp;nbsp;&amp;nbsp;&lt;/span&gt;&lt;span style="color: var(--highlight-comment)"&gt;/**&lt;/span&gt;&lt;/code&gt;&lt;/li&gt;
&lt;li&gt;&lt;code&gt;&lt;span style="color: var(--highlight-comment)"&gt;&amp;nbsp;&amp;nbsp;&amp;nbsp;&amp;nbsp;&amp;nbsp;*&amp;nbsp;@param&amp;nbsp;Request&amp;nbsp;$request&lt;/span&gt;&lt;/code&gt;&lt;/li&gt;
&lt;li&gt;&lt;code&gt;&lt;span style="color: var(--highlight-comment)"&gt;&amp;nbsp;&amp;nbsp;&amp;nbsp;&amp;nbsp;&amp;nbsp;*/&lt;/span&gt;&lt;/code&gt;&lt;/li&gt;&lt;/ol&gt;    &lt;/div&gt;            &lt;/div&gt;
                        &lt;div class="trace-line "&gt;
                &lt;div class="trace-line-header break-long-words sf-toggle" data-toggle-selector="#trace-html-2-13" data-toggle-initial=""&gt;
            &lt;span class="icon icon-close"&gt;&lt;svg width="1792" height="1792" viewBox="0 0 1792 1792" xmlns="http://www.w3.org/2000/svg"&gt;&lt;path d="M1408 960V832q0-26-19-45t-45-19H448q-26 0-45 19t-19 45v128q0 26 19 45t45 19h896q26 0 45-19t19-45zm256-544v960q0 119-84.5 203.5T1376 1664H416q-119 0-203.5-84.5T128 1376V416q0-119 84.5-203.5T416 128h960q119 0 203.5 84.5T1664 416z"/&gt;&lt;/svg&gt;&lt;/span&gt;
        &lt;span class="icon icon-open"&gt;&lt;svg width="1792" height="1792" viewBox="0 0 1792 1792" xmlns="http://www.w3.org/2000/svg"&gt;&lt;path d="M1408 960V832q0-26-19-45t-45-19h-320V448q0-26-19-45t-45-19H832q-26 0-45 19t-19 45v320H448q-26 0-45 19t-19 45v128q0 26 19 45t45 19h320v320q0 26 19 45t45 19h128q26 0 45-19t19-45v-320h320q26 0 45-19t19-45zm256-544v960q0 119-84.5 203.5T1376 1664H416q-119 0-203.5-84.5T128 1376V416q0-119 84.5-203.5T416 128h960q119 0 203.5 84.5T1664 416z"/&gt;&lt;/svg&gt;&lt;/span&gt;
    
            &lt;span class="trace-class"&gt;&lt;abbr title="Symfony\Bundle\FrameworkBundle\KernelBrowser"&gt;KernelBrowser&lt;/abbr&gt;&lt;/span&gt;&lt;span class="trace-type"&gt;-&gt;&lt;/span&gt;&lt;span class="trace-method"&gt;doRequest&lt;/span&gt;&lt;span class="trace-arguments"&gt;(&lt;em&gt;object&lt;/em&gt;(&lt;abbr title="Symfony\Component\HttpFoundation\Request"&gt;Request&lt;/abbr&gt;))&lt;/span&gt;    
                    &lt;span class="block trace-file-path"&gt;
            in
            &lt;a href="file://C:\Users\sliti\Desktop\dev\esprit-PIDEV-3A16-2526-FARMIA\vendor\symfony\browser-kit\AbstractBrowser.php#L385"&gt;
                C:\Users\sliti\Desktop\dev\esprit-PIDEV-3A16-2526-FARMIA\vendor\symfony\browser-kit\&lt;strong&gt;AbstractBrowser.php&lt;/strong&gt;
            &lt;/a&gt;
                        (line 385)
            &lt;span class="icon icon-copy hidden" data-clipboard-text="C:\Users\sliti\Desktop\dev\esprit-PIDEV-3A16-2526-FARMIA\vendor\symfony\browser-kit\AbstractBrowser.php:385"&gt;
                &lt;svg xmlns="http://www.w3.org/2000/svg" height="24" viewBox="0 0 24 24" width="24"&gt;&lt;path d="M0 0h24v24H0z" fill="none"/&gt;&lt;path d="M16 1H4c-1.1 0-2 .9-2 2v14h2V3h12V1zm3 4H8c-1.1 0-2 .9-2 2v14c0 1.1.9 2 2 2h11c1.1 0 2-.9 2-2V7c0-1.1-.9-2-2-2zm0 16H8V7h11v14z"/&gt;&lt;/svg&gt;            &lt;/span&gt;
        &lt;/span&gt;
    &lt;/div&gt;
    &lt;div id="trace-html-2-13" class="trace-code sf-toggle-content"&gt;
        &lt;ol start="380"&gt;&lt;li&gt;&lt;code&gt;&lt;span style="color: var(--highlight-keyword)"&gt;&amp;nbsp;&amp;nbsp;&amp;nbsp;&amp;nbsp;&amp;nbsp;&amp;nbsp;&amp;nbsp;&amp;nbsp;}&lt;/span&gt;&lt;/code&gt;&lt;/li&gt;
&lt;li&gt;&lt;code&gt;&lt;span style="color: var(--highlight-keyword)"&gt;&lt;/span&gt;&lt;/code&gt;&lt;/li&gt;
&lt;li&gt;&lt;code&gt;&lt;span style="color: var(--highlight-keyword)"&gt;&amp;nbsp;&amp;nbsp;&amp;nbsp;&amp;nbsp;&amp;nbsp;&amp;nbsp;&amp;nbsp;&amp;nbsp;if&amp;nbsp;(&lt;/span&gt;&lt;span style="color: var(--highlight-default)"&gt;$this&lt;/span&gt;&lt;span style="color: var(--highlight-keyword)"&gt;-&amp;gt;&lt;/span&gt;&lt;span style="color: var(--highlight-default)"&gt;insulated&lt;/span&gt;&lt;span style="color: var(--highlight-keyword)"&gt;)&amp;nbsp;{&lt;/span&gt;&lt;/code&gt;&lt;/li&gt;
&lt;li&gt;&lt;code&gt;&lt;span style="color: var(--highlight-keyword)"&gt;&amp;nbsp;&amp;nbsp;&amp;nbsp;&amp;nbsp;&amp;nbsp;&amp;nbsp;&amp;nbsp;&amp;nbsp;&amp;nbsp;&amp;nbsp;&amp;nbsp;&amp;nbsp;&lt;/span&gt;&lt;span style="color: var(--highlight-default)"&gt;$this&lt;/span&gt;&lt;span style="color: var(--highlight-keyword)"&gt;-&amp;gt;&lt;/span&gt;&lt;span style="color: var(--highlight-default)"&gt;response&amp;nbsp;&lt;/span&gt;&lt;span style="color: var(--highlight-keyword)"&gt;=&amp;nbsp;&lt;/span&gt;&lt;span style="color: var(--highlight-default)"&gt;$this&lt;/span&gt;&lt;span style="color: var(--highlight-keyword)"&gt;-&amp;gt;&lt;/span&gt;&lt;span style="color: var(--highlight-default)"&gt;doRequestInProcess&lt;/span&gt;&lt;span style="color: var(--highlight-keyword)"&gt;(&lt;/span&gt;&lt;span style="color: var(--highlight-default)"&gt;$this&lt;/span&gt;&lt;span style="color: var(--highlight-keyword)"&gt;-&amp;gt;&lt;/span&gt;&lt;span style="color: var(--highlight-default)"&gt;request&lt;/span&gt;&lt;span style="color: var(--highlight-keyword)"&gt;);&lt;/span&gt;&lt;/code&gt;&lt;/li&gt;
&lt;li&gt;&lt;code&gt;&lt;span style="color: var(--highlight-keyword)"&gt;&amp;nbsp;&amp;nbsp;&amp;nbsp;&amp;nbsp;&amp;nbsp;&amp;nbsp;&amp;nbsp;&amp;nbsp;}&amp;nbsp;else&amp;nbsp;{&lt;/span&gt;&lt;/code&gt;&lt;/li&gt;
&lt;li class="selected"&gt;&lt;code&gt;&lt;span style="color: var(--highlight-keyword)"&gt;&amp;nbsp;&amp;nbsp;&amp;nbsp;&amp;nbsp;&amp;nbsp;&amp;nbsp;&amp;nbsp;&amp;nbsp;&amp;nbsp;&amp;nbsp;&amp;nbsp;&amp;nbsp;&lt;/span&gt;&lt;span style="color: var(--highlight-default)"&gt;$this&lt;/span&gt;&lt;span style="color: var(--highlight-keyword)"&gt;-&amp;gt;&lt;/span&gt;&lt;span style="color: var(--highlight-default)"&gt;response&amp;nbsp;&lt;/span&gt;&lt;span style="color: var(--highlight-keyword)"&gt;=&amp;nbsp;&lt;/span&gt;&lt;span style="color: var(--highlight-default)"&gt;$this&lt;/span&gt;&lt;span style="color: var(--highlight-keyword)"&gt;-&amp;gt;&lt;/span&gt;&lt;span style="color: var(--highlight-default)"&gt;doRequest&lt;/span&gt;&lt;span style="color: var(--highlight-keyword)"&gt;(&lt;/span&gt;&lt;span style="color: var(--highlight-default)"&gt;$this&lt;/span&gt;&lt;span style="color: var(--highlight-keyword)"&gt;-&amp;gt;&lt;/span&gt;&lt;span style="color: var(--highlight-default)"&gt;request&lt;/span&gt;&lt;span style="color: var(--highlight-keyword)"&gt;);&lt;/span&gt;&lt;/code&gt;&lt;/li&gt;
&lt;li&gt;&lt;code&gt;&lt;span style="color: var(--highlight-keyword)"&gt;&amp;nbsp;&amp;nbsp;&amp;nbsp;&amp;nbsp;&amp;nbsp;&amp;nbsp;&amp;nbsp;&amp;nbsp;}&lt;/span&gt;&lt;/code&gt;&lt;/li&gt;
&lt;li&gt;&lt;code&gt;&lt;span style="color: var(--highlight-keyword)"&gt;&lt;/span&gt;&lt;/code&gt;&lt;/li&gt;
&lt;li&gt;&lt;code&gt;&lt;span style="color: var(--highlight-keyword)"&gt;&amp;nbsp;&amp;nbsp;&amp;nbsp;&amp;nbsp;&amp;nbsp;&amp;nbsp;&amp;nbsp;&amp;nbsp;&lt;/span&gt;&lt;span style="color: var(--highlight-default)"&gt;$this&lt;/span&gt;&lt;span style="color: var(--highlight-keyword)"&gt;-&amp;gt;&lt;/span&gt;&lt;span style="color: var(--highlight-default)"&gt;internalResponse&amp;nbsp;&lt;/span&gt;&lt;span style="color: var(--highlight-keyword)"&gt;=&amp;nbsp;&lt;/span&gt;&lt;span style="color: var(--highlight-default)"&gt;$this&lt;/span&gt;&lt;span style="color: var(--highlight-keyword)"&gt;-&amp;gt;&lt;/span&gt;&lt;span style="color: var(--highlight-default)"&gt;filterResponse&lt;/span&gt;&lt;span style="color: var(--highlight-keyword)"&gt;(&lt;/span&gt;&lt;span style="color: var(--highlight-default)"&gt;$this&lt;/span&gt;&lt;span style="color: var(--highlight-keyword)"&gt;-&amp;gt;&lt;/span&gt;&lt;span style="color: var(--highlight-default)"&gt;response&lt;/span&gt;&lt;span style="color: var(--highlight-keyword)"&gt;);&lt;/span&gt;&lt;/code&gt;&lt;/li&gt;
&lt;li&gt;&lt;code&gt;&lt;span style="color: var(--highlight-keyword)"&gt;&lt;/span&gt;&lt;/code&gt;&lt;/li&gt;
&lt;li&gt;&lt;code&gt;&lt;span style="color: var(--highlight-keyword)"&gt;&amp;nbsp;&amp;nbsp;&amp;nbsp;&amp;nbsp;&amp;nbsp;&amp;nbsp;&amp;nbsp;&amp;nbsp;&lt;/span&gt;&lt;span style="color: var(--highlight-default)"&gt;$this&lt;/span&gt;&lt;span style="color: var(--highlight-keyword)"&gt;-&amp;gt;&lt;/span&gt;&lt;span style="color: var(--highlight-default)"&gt;cookieJar&lt;/span&gt;&lt;span style="color: var(--highlight-keyword)"&gt;-&amp;gt;&lt;/span&gt;&lt;span style="color: var(--highlight-default)"&gt;updateFromResponse&lt;/span&gt;&lt;span style="color: var(--highlight-keyword)"&gt;(&lt;/span&gt;&lt;span style="color: var(--highlight-default)"&gt;$this&lt;/span&gt;&lt;span style="color: var(--highlight-keyword)"&gt;-&amp;gt;&lt;/span&gt;&lt;span style="color: var(--highlight-default)"&gt;internalResponse&lt;/span&gt;&lt;span style="color: var(--highlight-keyword)"&gt;,&amp;nbsp;&lt;/span&gt;&lt;span style="color: var(--highlight-default)"&gt;$uri&lt;/span&gt;&lt;span style="color: var(--highlight-keyword)"&gt;);&lt;/span&gt;&lt;/code&gt;&lt;/li&gt;&lt;/ol&gt;    &lt;/div&gt;            &lt;/div&gt;
                        &lt;div class="trace-line "&gt;
                &lt;div class="trace-line-header break-long-words sf-toggle" data-toggle-selector="#trace-html-2-14" data-toggle-initial=""&gt;
            &lt;span class="icon icon-close"&gt;&lt;svg width="1792" height="1792" viewBox="0 0 1792 1792" xmlns="http://www.w3.org/2000/svg"&gt;&lt;path d="M1408 960V832q0-26-19-45t-45-19H448q-26 0-45 19t-19 45v128q0 26 19 45t45 19h896q26 0 45-19t19-45zm256-544v960q0 119-84.5 203.5T1376 1664H416q-119 0-203.5-84.5T128 1376V416q0-119 84.5-203.5T416 128h960q119 0 203.5 84.5T1664 416z"/&gt;&lt;/svg&gt;&lt;/span&gt;
        &lt;span class="icon icon-open"&gt;&lt;svg width="1792" height="1792" viewBox="0 0 1792 1792" xmlns="http://www.w3.org/2000/svg"&gt;&lt;path d="M1408 960V832q0-26-19-45t-45-19h-320V448q0-26-19-45t-45-19H832q-26 0-45 19t-19 45v320H448q-26 0-45 19t-19 45v128q0 26 19 45t45 19h320v320q0 26 19 45t45 19h128q26 0 45-19t19-45v-320h320q26 0 45-19t19-45zm256-544v960q0 119-84.5 203.5T1376 1664H416q-119 0-203.5-84.5T128 1376V416q0-119 84.5-203.5T416 128h960q119 0 203.5 84.5T1664 416z"/&gt;&lt;/svg&gt;&lt;/span&gt;
    
            &lt;span class="trace-class"&gt;&lt;abbr title="Symfony\Component\BrowserKit\AbstractBrowser"&gt;AbstractBrowser&lt;/abbr&gt;&lt;/span&gt;&lt;span class="trace-type"&gt;-&gt;&lt;/span&gt;&lt;span class="trace-method"&gt;request&lt;/span&gt;&lt;span class="trace-arguments"&gt;('GET', 'http://localhost/expert/conseil')&lt;/span&gt;    
                    &lt;span class="block trace-file-path"&gt;
            in
            &lt;a href="file://C:\Users\sliti\Desktop\dev\esprit-PIDEV-3A16-2526-FARMIA\tests\Functional\Controller\ExpertConseilControllerTest.php#L98"&gt;
                C:\Users\sliti\Desktop\dev\esprit-PIDEV-3A16-2526-FARMIA\tests\Functional\Controller\&lt;strong&gt;ExpertConseilControllerTest.php&lt;/strong&gt;
            &lt;/a&gt;
                        (line 98)
            &lt;span class="icon icon-copy hidden" data-clipboard-text="C:\Users\sliti\Desktop\dev\esprit-PIDEV-3A16-2526-FARMIA\tests\Functional\Controller\ExpertConseilControllerTest.php:98"&gt;
                &lt;svg xmlns="http://www.w3.org/2000/svg" height="24" viewBox="0 0 24 24" width="24"&gt;&lt;path d="M0 0h24v24H0z" fill="none"/&gt;&lt;path d="M16 1H4c-1.1 0-2 .9-2 2v14h2V3h12V1zm3 4H8c-1.1 0-2 .9-2 2v14c0 1.1.9 2 2 2h11c1.1 0 2-.9 2-2V7c0-1.1-.9-2-2-2zm0 16H8V7h11v14z"/&gt;&lt;/svg&gt;            &lt;/span&gt;
        &lt;/span&gt;
    &lt;/div&gt;
    &lt;div id="trace-html-2-14" class="trace-code sf-toggle-content"&gt;
        &lt;ol start="93"&gt;&lt;li&gt;&lt;code&gt;&lt;span style="color: var(--highlight-comment)"&gt;&amp;nbsp;&amp;nbsp;&amp;nbsp;&amp;nbsp;&lt;/span&gt;&lt;span style="color: var(--highlight-keyword)"&gt;public&amp;nbsp;function&amp;nbsp;&lt;/span&gt;&lt;span style="color: var(--highlight-default)"&gt;testNonExpertCannotAccessExpertConseilRoutes&lt;/span&gt;&lt;span style="color: var(--highlight-keyword)"&gt;():&amp;nbsp;&lt;/span&gt;&lt;span style="color: var(--highlight-default)"&gt;void&lt;/span&gt;&lt;/code&gt;&lt;/li&gt;
&lt;li&gt;&lt;code&gt;&lt;span style="color: var(--highlight-default)"&gt;&amp;nbsp;&amp;nbsp;&amp;nbsp;&amp;nbsp;&lt;/span&gt;&lt;span style="color: var(--highlight-keyword)"&gt;{&lt;/span&gt;&lt;/code&gt;&lt;/li&gt;
&lt;li&gt;&lt;code&gt;&lt;span style="color: var(--highlight-keyword)"&gt;&amp;nbsp;&amp;nbsp;&amp;nbsp;&amp;nbsp;&amp;nbsp;&amp;nbsp;&amp;nbsp;&amp;nbsp;&lt;/span&gt;&lt;span style="color: var(--highlight-default)"&gt;$this&lt;/span&gt;&lt;span style="color: var(--highlight-keyword)"&gt;-&amp;gt;&lt;/span&gt;&lt;span style="color: var(--highlight-default)"&gt;logout&lt;/span&gt;&lt;span style="color: var(--highlight-keyword)"&gt;();&lt;/span&gt;&lt;/code&gt;&lt;/li&gt;
&lt;li&gt;&lt;code&gt;&lt;span style="color: var(--highlight-keyword)"&gt;&amp;nbsp;&amp;nbsp;&amp;nbsp;&amp;nbsp;&amp;nbsp;&amp;nbsp;&amp;nbsp;&amp;nbsp;&lt;/span&gt;&lt;span style="color: var(--highlight-default)"&gt;$this&lt;/span&gt;&lt;span style="color: var(--highlight-keyword)"&gt;-&amp;gt;&lt;/span&gt;&lt;span style="color: var(--highlight-default)"&gt;loginAsUser&lt;/span&gt;&lt;span style="color: var(--highlight-keyword)"&gt;();&lt;/span&gt;&lt;/code&gt;&lt;/li&gt;
&lt;li&gt;&lt;code&gt;&lt;span style="color: var(--highlight-keyword)"&gt;&lt;/span&gt;&lt;/code&gt;&lt;/li&gt;
&lt;li class="selected"&gt;&lt;code&gt;&lt;span style="color: var(--highlight-keyword)"&gt;&amp;nbsp;&amp;nbsp;&amp;nbsp;&amp;nbsp;&amp;nbsp;&amp;nbsp;&amp;nbsp;&amp;nbsp;&lt;/span&gt;&lt;span style="color: var(--highlight-default)"&gt;self&lt;/span&gt;&lt;span style="color: var(--highlight-keyword)"&gt;::&lt;/span&gt;&lt;span style="color: var(--highlight-default)"&gt;$client&lt;/span&gt;&lt;span style="color: var(--highlight-keyword)"&gt;-&amp;gt;&lt;/span&gt;&lt;span style="color: var(--highlight-default)"&gt;request&lt;/span&gt;&lt;span style="color: var(--highlight-keyword)"&gt;(&lt;/span&gt;&lt;span style="color: var(--highlight-string)"&gt;'GET'&lt;/span&gt;&lt;span style="color: var(--highlight-keyword)"&gt;,&amp;nbsp;&lt;/span&gt;&lt;span style="color: var(--highlight-string)"&gt;'/expert/conseil'&lt;/span&gt;&lt;span style="color: var(--highlight-keyword)"&gt;);&lt;/span&gt;&lt;/code&gt;&lt;/li&gt;
&lt;li&gt;&lt;code&gt;&lt;span style="color: var(--highlight-keyword)"&gt;&lt;/span&gt;&lt;/code&gt;&lt;/li&gt;
&lt;li&gt;&lt;code&gt;&lt;span style="color: var(--highlight-keyword)"&gt;&amp;nbsp;&amp;nbsp;&amp;nbsp;&amp;nbsp;&amp;nbsp;&amp;nbsp;&amp;nbsp;&amp;nbsp;&lt;/span&gt;&lt;span style="color: var(--highlight-default)"&gt;$this&lt;/span&gt;&lt;span style="color: var(--highlight-keyword)"&gt;-&amp;gt;&lt;/span&gt;&lt;span style="color: var(--highlight-default)"&gt;assertResponseStatusCodeSame&lt;/span&gt;&lt;span style="color: var(--highlight-keyword)"&gt;(&lt;/span&gt;&lt;span style="color: var(--highlight-default)"&gt;403&lt;/span&gt;&lt;span style="color: var(--highlight-keyword)"&gt;);&lt;/span&gt;&lt;/code&gt;&lt;/li&gt;
&lt;li&gt;&lt;code&gt;&lt;span style="color: var(--highlight-keyword)"&gt;&amp;nbsp;&amp;nbsp;&amp;nbsp;&amp;nbsp;}&lt;/span&gt;&lt;/code&gt;&lt;/li&gt;
&lt;li&gt;&lt;code&gt;&lt;span style="color: var(--highlight-keyword)"&gt;&#13;&lt;/span&gt;&lt;/code&gt;&lt;/li&gt;
&lt;li&gt;&lt;code&gt;&lt;span style="color: var(--highlight-keyword)"&gt;&amp;nbsp;&amp;nbsp;&amp;nbsp;&amp;nbsp;&lt;/span&gt;&lt;span style="color: var(--highlight-comment)"&gt;/**&#13;&lt;/span&gt;&lt;/code&gt;&lt;/li&gt;&lt;/ol&gt;    &lt;/div&gt;            &lt;/div&gt;
                        &lt;div class="trace-line "&gt;
                &lt;div class="trace-line-header break-long-words sf-toggle" data-toggle-selector="#trace-html-2-15" data-toggle-initial=""&gt;
            &lt;span class="icon icon-close"&gt;&lt;svg width="1792" height="1792" viewBox="0 0 1792 1792" xmlns="http://www.w3.org/2000/svg"&gt;&lt;path d="M1408 960V832q0-26-19-45t-45-19H448q-26 0-45 19t-19 45v128q0 26 19 45t45 19h896q26 0 45-19t19-45zm256-544v960q0 119-84.5 203.5T1376 1664H416q-119 0-203.5-84.5T128 1376V416q0-119 84.5-203.5T416 128h960q119 0 203.5 84.5T1664 416z"/&gt;&lt;/svg&gt;&lt;/span&gt;
        &lt;span class="icon icon-open"&gt;&lt;svg width="1792" height="1792" viewBox="0 0 1792 1792" xmlns="http://www.w3.org/2000/svg"&gt;&lt;path d="M1408 960V832q0-26-19-45t-45-19h-320V448q0-26-19-45t-45-19H832q-26 0-45 19t-19 45v320H448q-26 0-45 19t-19 45v128q0 26 19 45t45 19h320v320q0 26 19 45t45 19h128q26 0 45-19t19-45v-320h320q26 0 45-19t19-45zm256-544v960q0 119-84.5 203.5T1376 1664H416q-119 0-203.5-84.5T128 1376V416q0-119 84.5-203.5T416 128h960q119 0 203.5 84.5T1664 416z"/&gt;&lt;/svg&gt;&lt;/span&gt;
    
            &lt;span class="trace-class"&gt;&lt;abbr title="App\Tests\Functional\Controller\ExpertConseilControllerTest"&gt;ExpertConseilControllerTest&lt;/abbr&gt;&lt;/span&gt;&lt;span class="trace-type"&gt;-&gt;&lt;/span&gt;&lt;span class="trace-method"&gt;testNonExpertCannotAccessExpertConseilRoutes&lt;/span&gt;&lt;span class="trace-arguments"&gt;()&lt;/span&gt;    
                    &lt;span class="block trace-file-path"&gt;
            in
            &lt;a href="file://C:\Users\sliti\Desktop\dev\esprit-PIDEV-3A16-2526-FARMIA\vendor\phpunit\phpunit\src\Framework\TestCase.php#L1617"&gt;
                C:\Users\sliti\Desktop\dev\esprit-PIDEV-3A16-2526-FARMIA\vendor\phpunit\phpunit\src\Framework\&lt;strong&gt;TestCase.php&lt;/strong&gt;
            &lt;/a&gt;
                        (line 1617)
            &lt;span class="icon icon-copy hidden" data-clipboard-text="C:\Users\sliti\Desktop\dev\esprit-PIDEV-3A16-2526-FARMIA\vendor\phpunit\phpunit\src\Framework\TestCase.php:1617"&gt;
                &lt;svg xmlns="http://www.w3.org/2000/svg" height="24" viewBox="0 0 24 24" width="24"&gt;&lt;path d="M0 0h24v24H0z" fill="none"/&gt;&lt;path d="M16 1H4c-1.1 0-2 .9-2 2v14h2V3h12V1zm3 4H8c-1.1 0-2 .9-2 2v14c0 1.1.9 2 2 2h11c1.1 0 2-.9 2-2V7c0-1.1-.9-2-2-2zm0 16H8V7h11v14z"/&gt;&lt;/svg&gt;            &lt;/span&gt;
        &lt;/span&gt;
    &lt;/div&gt;
    &lt;div id="trace-html-2-15" class="trace-code sf-toggle-content"&gt;
        &lt;ol start="1612"&gt;&lt;li&gt;&lt;code&gt;&lt;span style="color: var(--highlight-keyword)"&gt;&amp;nbsp;&amp;nbsp;&amp;nbsp;&amp;nbsp;&amp;nbsp;&amp;nbsp;&amp;nbsp;&amp;nbsp;&lt;/span&gt;&lt;span style="color: var(--highlight-default)"&gt;$testArguments&amp;nbsp;&lt;/span&gt;&lt;span style="color: var(--highlight-keyword)"&gt;=&amp;nbsp;&lt;/span&gt;&lt;span style="color: var(--highlight-default)"&gt;array_merge&lt;/span&gt;&lt;span style="color: var(--highlight-keyword)"&gt;(&lt;/span&gt;&lt;span style="color: var(--highlight-default)"&gt;$this&lt;/span&gt;&lt;span style="color: var(--highlight-keyword)"&gt;-&amp;gt;&lt;/span&gt;&lt;span style="color: var(--highlight-default)"&gt;data&lt;/span&gt;&lt;span style="color: var(--highlight-keyword)"&gt;,&amp;nbsp;&lt;/span&gt;&lt;span style="color: var(--highlight-default)"&gt;$this&lt;/span&gt;&lt;span style="color: var(--highlight-keyword)"&gt;-&amp;gt;&lt;/span&gt;&lt;span style="color: var(--highlight-default)"&gt;dependencyInput&lt;/span&gt;&lt;span style="color: var(--highlight-keyword)"&gt;);&lt;/span&gt;&lt;/code&gt;&lt;/li&gt;
&lt;li&gt;&lt;code&gt;&lt;span style="color: var(--highlight-keyword)"&gt;&lt;/span&gt;&lt;/code&gt;&lt;/li&gt;
&lt;li&gt;&lt;code&gt;&lt;span style="color: var(--highlight-keyword)"&gt;&amp;nbsp;&amp;nbsp;&amp;nbsp;&amp;nbsp;&amp;nbsp;&amp;nbsp;&amp;nbsp;&amp;nbsp;&lt;/span&gt;&lt;span style="color: var(--highlight-default)"&gt;$this&lt;/span&gt;&lt;span style="color: var(--highlight-keyword)"&gt;-&amp;gt;&lt;/span&gt;&lt;span style="color: var(--highlight-default)"&gt;registerMockObjectsFromTestArguments&lt;/span&gt;&lt;span style="color: var(--highlight-keyword)"&gt;(&lt;/span&gt;&lt;span style="color: var(--highlight-default)"&gt;$testArguments&lt;/span&gt;&lt;span style="color: var(--highlight-keyword)"&gt;);&lt;/span&gt;&lt;/code&gt;&lt;/li&gt;
&lt;li&gt;&lt;code&gt;&lt;span style="color: var(--highlight-keyword)"&gt;&lt;/span&gt;&lt;/code&gt;&lt;/li&gt;
&lt;li&gt;&lt;code&gt;&lt;span style="color: var(--highlight-keyword)"&gt;&amp;nbsp;&amp;nbsp;&amp;nbsp;&amp;nbsp;&amp;nbsp;&amp;nbsp;&amp;nbsp;&amp;nbsp;try&amp;nbsp;{&lt;/span&gt;&lt;/code&gt;&lt;/li&gt;
&lt;li class="selected"&gt;&lt;code&gt;&lt;span style="color: var(--highlight-keyword)"&gt;&amp;nbsp;&amp;nbsp;&amp;nbsp;&amp;nbsp;&amp;nbsp;&amp;nbsp;&amp;nbsp;&amp;nbsp;&amp;nbsp;&amp;nbsp;&amp;nbsp;&amp;nbsp;&lt;/span&gt;&lt;span style="color: var(--highlight-default)"&gt;$testResult&amp;nbsp;&lt;/span&gt;&lt;span style="color: var(--highlight-keyword)"&gt;=&amp;nbsp;&lt;/span&gt;&lt;span style="color: var(--highlight-default)"&gt;$this&lt;/span&gt;&lt;span style="color: var(--highlight-keyword)"&gt;-&amp;gt;{&lt;/span&gt;&lt;span style="color: var(--highlight-default)"&gt;$this&lt;/span&gt;&lt;span style="color: var(--highlight-keyword)"&gt;-&amp;gt;&lt;/span&gt;&lt;span style="color: var(--highlight-default)"&gt;name&lt;/span&gt;&lt;span style="color: var(--highlight-keyword)"&gt;}(...&lt;/span&gt;&lt;span style="color: var(--highlight-default)"&gt;array_values&lt;/span&gt;&lt;span style="color: var(--highlight-keyword)"&gt;(&lt;/span&gt;&lt;span style="color: var(--highlight-default)"&gt;$testArguments&lt;/span&gt;&lt;span style="color: var(--highlight-keyword)"&gt;));&lt;/span&gt;&lt;/code&gt;&lt;/li&gt;
&lt;li&gt;&lt;code&gt;&lt;span style="color: var(--highlight-keyword)"&gt;&amp;nbsp;&amp;nbsp;&amp;nbsp;&amp;nbsp;&amp;nbsp;&amp;nbsp;&amp;nbsp;&amp;nbsp;}&amp;nbsp;catch&amp;nbsp;(&lt;/span&gt;&lt;span style="color: var(--highlight-default)"&gt;Throwable&amp;nbsp;$exception&lt;/span&gt;&lt;span style="color: var(--highlight-keyword)"&gt;)&amp;nbsp;{&lt;/span&gt;&lt;/code&gt;&lt;/li&gt;
&lt;li&gt;&lt;code&gt;&lt;span style="color: var(--highlight-keyword)"&gt;&amp;nbsp;&amp;nbsp;&amp;nbsp;&amp;nbsp;&amp;nbsp;&amp;nbsp;&amp;nbsp;&amp;nbsp;&amp;nbsp;&amp;nbsp;&amp;nbsp;&amp;nbsp;if&amp;nbsp;(!&lt;/span&gt;&lt;span style="color: var(--highlight-default)"&gt;$this&lt;/span&gt;&lt;span style="color: var(--highlight-keyword)"&gt;-&amp;gt;&lt;/span&gt;&lt;span style="color: var(--highlight-default)"&gt;checkExceptionExpectations&lt;/span&gt;&lt;span style="color: var(--highlight-keyword)"&gt;(&lt;/span&gt;&lt;span style="color: var(--highlight-default)"&gt;$exception&lt;/span&gt;&lt;span style="color: var(--highlight-keyword)"&gt;))&amp;nbsp;{&lt;/span&gt;&lt;/code&gt;&lt;/li&gt;
&lt;li&gt;&lt;code&gt;&lt;span style="color: var(--highlight-keyword)"&gt;&amp;nbsp;&amp;nbsp;&amp;nbsp;&amp;nbsp;&amp;nbsp;&amp;nbsp;&amp;nbsp;&amp;nbsp;&amp;nbsp;&amp;nbsp;&amp;nbsp;&amp;nbsp;&amp;nbsp;&amp;nbsp;&amp;nbsp;&amp;nbsp;throw&amp;nbsp;&lt;/span&gt;&lt;span style="color: var(--highlight-default)"&gt;$exception&lt;/span&gt;&lt;span style="color: var(--highlight-keyword)"&gt;;&lt;/span&gt;&lt;/code&gt;&lt;/li&gt;
&lt;li&gt;&lt;code&gt;&lt;span style="color: var(--highlight-keyword)"&gt;&amp;nbsp;&amp;nbsp;&amp;nbsp;&amp;nbsp;&amp;nbsp;&amp;nbsp;&amp;nbsp;&amp;nbsp;&amp;nbsp;&amp;nbsp;&amp;nbsp;&amp;nbsp;}&lt;/span&gt;&lt;/code&gt;&lt;/li&gt;
&lt;li&gt;&lt;code&gt;&lt;span style="color: var(--highlight-keyword)"&gt;&lt;/span&gt;&lt;/code&gt;&lt;/li&gt;&lt;/ol&gt;    &lt;/div&gt;            &lt;/div&gt;
                        &lt;div class="trace-line "&gt;
                &lt;div class="trace-line-header break-long-words sf-toggle" data-toggle-selector="#trace-html-2-16" data-toggle-initial=""&gt;
            &lt;span class="icon icon-close"&gt;&lt;svg width="1792" height="1792" viewBox="0 0 1792 1792" xmlns="http://www.w3.org/2000/svg"&gt;&lt;path d="M1408 960V832q0-26-19-45t-45-19H448q-26 0-45 19t-19 45v128q0 26 19 45t45 19h896q26 0 45-19t19-45zm256-544v960q0 119-84.5 203.5T1376 1664H416q-119 0-203.5-84.5T128 1376V416q0-119 84.5-203.5T416 128h960q119 0 203.5 84.5T1664 416z"/&gt;&lt;/svg&gt;&lt;/span&gt;
        &lt;span class="icon icon-open"&gt;&lt;svg width="1792" height="1792" viewBox="0 0 1792 1792" xmlns="http://www.w3.org/2000/svg"&gt;&lt;path d="M1408 960V832q0-26-19-45t-45-19h-320V448q0-26-19-45t-45-19H832q-26 0-45 19t-19 45v320H448q-26 0-45 19t-19 45v128q0 26 19 45t45 19h320v320q0 26 19 45t45 19h128q26 0 45-19t19-45v-320h320q26 0 45-19t19-45zm256-544v960q0 119-84.5 203.5T1376 1664H416q-119 0-203.5-84.5T128 1376V416q0-119 84.5-203.5T416 128h960q119 0 203.5 84.5T1664 416z"/&gt;&lt;/svg&gt;&lt;/span&gt;
    
            &lt;span class="trace-class"&gt;&lt;abbr title="PHPUnit\Framework\TestCase"&gt;TestCase&lt;/abbr&gt;&lt;/span&gt;&lt;span class="trace-type"&gt;-&gt;&lt;/span&gt;&lt;span class="trace-method"&gt;runTest&lt;/span&gt;&lt;span class="trace-arguments"&gt;()&lt;/span&gt;    
                    &lt;span class="block trace-file-path"&gt;
            in
            &lt;a href="file://C:\Users\sliti\Desktop\dev\esprit-PIDEV-3A16-2526-FARMIA\vendor\phpunit\phpunit\src\Framework\TestCase.php#L1223"&gt;
                C:\Users\sliti\Desktop\dev\esprit-PIDEV-3A16-2526-FARMIA\vendor\phpunit\phpunit\src\Framework\&lt;strong&gt;TestCase.php&lt;/strong&gt;
            &lt;/a&gt;
                        (line 1223)
            &lt;span class="icon icon-copy hidden" data-clipboard-text="C:\Users\sliti\Desktop\dev\esprit-PIDEV-3A16-2526-FARMIA\vendor\phpunit\phpunit\src\Framework\TestCase.php:1223"&gt;
                &lt;svg xmlns="http://www.w3.org/2000/svg" height="24" viewBox="0 0 24 24" width="24"&gt;&lt;path d="M0 0h24v24H0z" fill="none"/&gt;&lt;path d="M16 1H4c-1.1 0-2 .9-2 2v14h2V3h12V1zm3 4H8c-1.1 0-2 .9-2 2v14c0 1.1.9 2 2 2h11c1.1 0 2-.9 2-2V7c0-1.1-.9-2-2-2zm0 16H8V7h11v14z"/&gt;&lt;/svg&gt;            &lt;/span&gt;
        &lt;/span&gt;
    &lt;/div&gt;
    &lt;div id="trace-html-2-16" class="trace-code sf-toggle-content"&gt;
        &lt;ol start="1218"&gt;&lt;li&gt;&lt;code&gt;&lt;span style="color: var(--highlight-keyword)"&gt;&lt;/span&gt;&lt;/code&gt;&lt;/li&gt;
&lt;li&gt;&lt;code&gt;&lt;span style="color: var(--highlight-keyword)"&gt;&amp;nbsp;&amp;nbsp;&amp;nbsp;&amp;nbsp;&amp;nbsp;&amp;nbsp;&amp;nbsp;&amp;nbsp;&amp;nbsp;&amp;nbsp;&amp;nbsp;&amp;nbsp;foreach&amp;nbsp;(&lt;/span&gt;&lt;span style="color: var(--highlight-default)"&gt;$hookMethods&lt;/span&gt;&lt;span style="color: var(--highlight-keyword)"&gt;[&lt;/span&gt;&lt;span style="color: var(--highlight-string)"&gt;'preCondition'&lt;/span&gt;&lt;span style="color: var(--highlight-keyword)"&gt;]&amp;nbsp;as&amp;nbsp;&lt;/span&gt;&lt;span style="color: var(--highlight-default)"&gt;$method&lt;/span&gt;&lt;span style="color: var(--highlight-keyword)"&gt;)&amp;nbsp;{&lt;/span&gt;&lt;/code&gt;&lt;/li&gt;
&lt;li&gt;&lt;code&gt;&lt;span style="color: var(--highlight-keyword)"&gt;&amp;nbsp;&amp;nbsp;&amp;nbsp;&amp;nbsp;&amp;nbsp;&amp;nbsp;&amp;nbsp;&amp;nbsp;&amp;nbsp;&amp;nbsp;&amp;nbsp;&amp;nbsp;&amp;nbsp;&amp;nbsp;&amp;nbsp;&amp;nbsp;&lt;/span&gt;&lt;span style="color: var(--highlight-default)"&gt;$this&lt;/span&gt;&lt;span style="color: var(--highlight-keyword)"&gt;-&amp;gt;{&lt;/span&gt;&lt;span style="color: var(--highlight-default)"&gt;$method&lt;/span&gt;&lt;span style="color: var(--highlight-keyword)"&gt;}();&lt;/span&gt;&lt;/code&gt;&lt;/li&gt;
&lt;li&gt;&lt;code&gt;&lt;span style="color: var(--highlight-keyword)"&gt;&amp;nbsp;&amp;nbsp;&amp;nbsp;&amp;nbsp;&amp;nbsp;&amp;nbsp;&amp;nbsp;&amp;nbsp;&amp;nbsp;&amp;nbsp;&amp;nbsp;&amp;nbsp;}&lt;/span&gt;&lt;/code&gt;&lt;/li&gt;
&lt;li&gt;&lt;code&gt;&lt;span style="color: var(--highlight-keyword)"&gt;&lt;/span&gt;&lt;/code&gt;&lt;/li&gt;
&lt;li class="selected"&gt;&lt;code&gt;&lt;span style="color: var(--highlight-keyword)"&gt;&amp;nbsp;&amp;nbsp;&amp;nbsp;&amp;nbsp;&amp;nbsp;&amp;nbsp;&amp;nbsp;&amp;nbsp;&amp;nbsp;&amp;nbsp;&amp;nbsp;&amp;nbsp;&lt;/span&gt;&lt;span style="color: var(--highlight-default)"&gt;$this&lt;/span&gt;&lt;span style="color: var(--highlight-keyword)"&gt;-&amp;gt;&lt;/span&gt;&lt;span style="color: var(--highlight-default)"&gt;testResult&amp;nbsp;&lt;/span&gt;&lt;span style="color: var(--highlight-keyword)"&gt;=&amp;nbsp;&lt;/span&gt;&lt;span style="color: var(--highlight-default)"&gt;$this&lt;/span&gt;&lt;span style="color: var(--highlight-keyword)"&gt;-&amp;gt;&lt;/span&gt;&lt;span style="color: var(--highlight-default)"&gt;runTest&lt;/span&gt;&lt;span style="color: var(--highlight-keyword)"&gt;();&lt;/span&gt;&lt;/code&gt;&lt;/li&gt;
&lt;li&gt;&lt;code&gt;&lt;span style="color: var(--highlight-keyword)"&gt;&amp;nbsp;&amp;nbsp;&amp;nbsp;&amp;nbsp;&amp;nbsp;&amp;nbsp;&amp;nbsp;&amp;nbsp;&amp;nbsp;&amp;nbsp;&amp;nbsp;&amp;nbsp;&lt;/span&gt;&lt;span style="color: var(--highlight-default)"&gt;$this&lt;/span&gt;&lt;span style="color: var(--highlight-keyword)"&gt;-&amp;gt;&lt;/span&gt;&lt;span style="color: var(--highlight-default)"&gt;verifyMockObjects&lt;/span&gt;&lt;span style="color: var(--highlight-keyword)"&gt;();&lt;/span&gt;&lt;/code&gt;&lt;/li&gt;
&lt;li&gt;&lt;code&gt;&lt;span style="color: var(--highlight-keyword)"&gt;&lt;/span&gt;&lt;/code&gt;&lt;/li&gt;
&lt;li&gt;&lt;code&gt;&lt;span style="color: var(--highlight-keyword)"&gt;&amp;nbsp;&amp;nbsp;&amp;nbsp;&amp;nbsp;&amp;nbsp;&amp;nbsp;&amp;nbsp;&amp;nbsp;&amp;nbsp;&amp;nbsp;&amp;nbsp;&amp;nbsp;foreach&amp;nbsp;(&lt;/span&gt;&lt;span style="color: var(--highlight-default)"&gt;$hookMethods&lt;/span&gt;&lt;span style="color: var(--highlight-keyword)"&gt;[&lt;/span&gt;&lt;span style="color: var(--highlight-string)"&gt;'postCondition'&lt;/span&gt;&lt;span style="color: var(--highlight-keyword)"&gt;]&amp;nbsp;as&amp;nbsp;&lt;/span&gt;&lt;span style="color: var(--highlight-default)"&gt;$method&lt;/span&gt;&lt;span style="color: var(--highlight-keyword)"&gt;)&amp;nbsp;{&lt;/span&gt;&lt;/code&gt;&lt;/li&gt;
&lt;li&gt;&lt;code&gt;&lt;span style="color: var(--highlight-keyword)"&gt;&amp;nbsp;&amp;nbsp;&amp;nbsp;&amp;nbsp;&amp;nbsp;&amp;nbsp;&amp;nbsp;&amp;nbsp;&amp;nbsp;&amp;nbsp;&amp;nbsp;&amp;nbsp;&amp;nbsp;&amp;nbsp;&amp;nbsp;&amp;nbsp;&lt;/span&gt;&lt;span style="color: var(--highlight-default)"&gt;$this&lt;/span&gt;&lt;span style="color: var(--highlight-keyword)"&gt;-&amp;gt;{&lt;/span&gt;&lt;span style="color: var(--highlight-default)"&gt;$method&lt;/span&gt;&lt;span style="color: var(--highlight-keyword)"&gt;}();&lt;/span&gt;&lt;/code&gt;&lt;/li&gt;
&lt;li&gt;&lt;code&gt;&lt;span style="color: var(--highlight-keyword)"&gt;&amp;nbsp;&amp;nbsp;&amp;nbsp;&amp;nbsp;&amp;nbsp;&amp;nbsp;&amp;nbsp;&amp;nbsp;&amp;nbsp;&amp;nbsp;&amp;nbsp;&amp;nbsp;}&lt;/span&gt;&lt;/code&gt;&lt;/li&gt;&lt;/ol&gt;    &lt;/div&gt;            &lt;/div&gt;
                        &lt;div class="trace-line "&gt;
                &lt;div class="trace-line-header break-long-words sf-toggle" data-toggle-selector="#trace-html-2-17" data-toggle-initial=""&gt;
            &lt;span class="icon icon-close"&gt;&lt;svg width="1792" height="1792" viewBox="0 0 1792 1792" xmlns="http://www.w3.org/2000/svg"&gt;&lt;path d="M1408 960V832q0-26-19-45t-45-19H448q-26 0-45 19t-19 45v128q0 26 19 45t45 19h896q26 0 45-19t19-45zm256-544v960q0 119-84.5 203.5T1376 1664H416q-119 0-203.5-84.5T128 1376V416q0-119 84.5-203.5T416 128h960q119 0 203.5 84.5T1664 416z"/&gt;&lt;/svg&gt;&lt;/span&gt;
        &lt;span class="icon icon-open"&gt;&lt;svg width="1792" height="1792" viewBox="0 0 1792 1792" xmlns="http://www.w3.org/2000/svg"&gt;&lt;path d="M1408 960V832q0-26-19-45t-45-19h-320V448q0-26-19-45t-45-19H832q-26 0-45 19t-19 45v320H448q-26 0-45 19t-19 45v128q0 26 19 45t45 19h320v320q0 26 19 45t45 19h128q26 0 45-19t19-45v-320h320q26 0 45-19t19-45zm256-544v960q0 119-84.5 203.5T1376 1664H416q-119 0-203.5-84.5T128 1376V416q0-119 84.5-203.5T416 128h960q119 0 203.5 84.5T1664 416z"/&gt;&lt;/svg&gt;&lt;/span&gt;
    
            &lt;span class="trace-class"&gt;&lt;abbr title="PHPUnit\Framework\TestCase"&gt;TestCase&lt;/abbr&gt;&lt;/span&gt;&lt;span class="trace-type"&gt;-&gt;&lt;/span&gt;&lt;span class="trace-method"&gt;runBare&lt;/span&gt;&lt;span class="trace-arguments"&gt;()&lt;/span&gt;    
                    &lt;span class="block trace-file-path"&gt;
            in
            &lt;a href="file://C:\Users\sliti\Desktop\dev\esprit-PIDEV-3A16-2526-FARMIA\vendor\phpunit\phpunit\src\Framework\TestResult.php#L729"&gt;
                C:\Users\sliti\Desktop\dev\esprit-PIDEV-3A16-2526-FARMIA\vendor\phpunit\phpunit\src\Framework\&lt;strong&gt;TestResult.php&lt;/strong&gt;
            &lt;/a&gt;
                        (line 729)
            &lt;span class="icon icon-copy hidden" data-clipboard-text="C:\Users\sliti\Desktop\dev\esprit-PIDEV-3A16-2526-FARMIA\vendor\phpunit\phpunit\src\Framework\TestResult.php:729"&gt;
                &lt;svg xmlns="http://www.w3.org/2000/svg" height="24" viewBox="0 0 24 24" width="24"&gt;&lt;path d="M0 0h24v24H0z" fill="none"/&gt;&lt;path d="M16 1H4c-1.1 0-2 .9-2 2v14h2V3h12V1zm3 4H8c-1.1 0-2 .9-2 2v14c0 1.1.9 2 2 2h11c1.1 0 2-.9 2-2V7c0-1.1-.9-2-2-2zm0 16H8V7h11v14z"/&gt;&lt;/svg&gt;            &lt;/span&gt;
        &lt;/span&gt;
    &lt;/div&gt;
    &lt;div id="trace-html-2-17" class="trace-code sf-toggle-content"&gt;
        &lt;ol start="724"&gt;&lt;li&gt;&lt;code&gt;&lt;span style="color: var(--highlight-keyword)"&gt;&amp;nbsp;&amp;nbsp;&amp;nbsp;&amp;nbsp;&amp;nbsp;&amp;nbsp;&amp;nbsp;&amp;nbsp;&amp;nbsp;&amp;nbsp;&amp;nbsp;&amp;nbsp;&amp;nbsp;&amp;nbsp;&amp;nbsp;&amp;nbsp;&amp;nbsp;&amp;nbsp;&amp;nbsp;&amp;nbsp;&amp;nbsp;&amp;nbsp;&amp;nbsp;&amp;nbsp;&lt;/span&gt;&lt;span style="color: var(--highlight-default)"&gt;$_timeout&amp;nbsp;&lt;/span&gt;&lt;span style="color: var(--highlight-keyword)"&gt;=&amp;nbsp;&lt;/span&gt;&lt;span style="color: var(--highlight-default)"&gt;$this&lt;/span&gt;&lt;span style="color: var(--highlight-keyword)"&gt;-&amp;gt;&lt;/span&gt;&lt;span style="color: var(--highlight-default)"&gt;defaultTimeLimit&lt;/span&gt;&lt;span style="color: var(--highlight-keyword)"&gt;;&lt;/span&gt;&lt;/code&gt;&lt;/li&gt;
&lt;li&gt;&lt;code&gt;&lt;span style="color: var(--highlight-keyword)"&gt;&amp;nbsp;&amp;nbsp;&amp;nbsp;&amp;nbsp;&amp;nbsp;&amp;nbsp;&amp;nbsp;&amp;nbsp;&amp;nbsp;&amp;nbsp;&amp;nbsp;&amp;nbsp;&amp;nbsp;&amp;nbsp;&amp;nbsp;&amp;nbsp;}&lt;/span&gt;&lt;/code&gt;&lt;/li&gt;
&lt;li&gt;&lt;code&gt;&lt;span style="color: var(--highlight-keyword)"&gt;&lt;/span&gt;&lt;/code&gt;&lt;/li&gt;
&lt;li&gt;&lt;code&gt;&lt;span style="color: var(--highlight-keyword)"&gt;&amp;nbsp;&amp;nbsp;&amp;nbsp;&amp;nbsp;&amp;nbsp;&amp;nbsp;&amp;nbsp;&amp;nbsp;&amp;nbsp;&amp;nbsp;&amp;nbsp;&amp;nbsp;&amp;nbsp;&amp;nbsp;&amp;nbsp;&amp;nbsp;&lt;/span&gt;&lt;span style="color: var(--highlight-default)"&gt;$invoker&lt;/span&gt;&lt;span style="color: var(--highlight-keyword)"&gt;-&amp;gt;&lt;/span&gt;&lt;span style="color: var(--highlight-default)"&gt;invoke&lt;/span&gt;&lt;span style="color: var(--highlight-keyword)"&gt;([&lt;/span&gt;&lt;span style="color: var(--highlight-default)"&gt;$test&lt;/span&gt;&lt;span style="color: var(--highlight-keyword)"&gt;,&amp;nbsp;&lt;/span&gt;&lt;span style="color: var(--highlight-string)"&gt;'runBare'&lt;/span&gt;&lt;span style="color: var(--highlight-keyword)"&gt;],&amp;nbsp;[],&amp;nbsp;&lt;/span&gt;&lt;span style="color: var(--highlight-default)"&gt;$_timeout&lt;/span&gt;&lt;span style="color: var(--highlight-keyword)"&gt;);&lt;/span&gt;&lt;/code&gt;&lt;/li&gt;
&lt;li&gt;&lt;code&gt;&lt;span style="color: var(--highlight-keyword)"&gt;&amp;nbsp;&amp;nbsp;&amp;nbsp;&amp;nbsp;&amp;nbsp;&amp;nbsp;&amp;nbsp;&amp;nbsp;&amp;nbsp;&amp;nbsp;&amp;nbsp;&amp;nbsp;}&amp;nbsp;else&amp;nbsp;{&lt;/span&gt;&lt;/code&gt;&lt;/li&gt;
&lt;li class="selected"&gt;&lt;code&gt;&lt;span style="color: var(--highlight-keyword)"&gt;&amp;nbsp;&amp;nbsp;&amp;nbsp;&amp;nbsp;&amp;nbsp;&amp;nbsp;&amp;nbsp;&amp;nbsp;&amp;nbsp;&amp;nbsp;&amp;nbsp;&amp;nbsp;&amp;nbsp;&amp;nbsp;&amp;nbsp;&amp;nbsp;&lt;/span&gt;&lt;span style="color: var(--highlight-default)"&gt;$test&lt;/span&gt;&lt;span style="color: var(--highlight-keyword)"&gt;-&amp;gt;&lt;/span&gt;&lt;span style="color: var(--highlight-default)"&gt;runBare&lt;/span&gt;&lt;span style="color: var(--highlight-keyword)"&gt;();&lt;/span&gt;&lt;/code&gt;&lt;/li&gt;
&lt;li&gt;&lt;code&gt;&lt;span style="color: var(--highlight-keyword)"&gt;&amp;nbsp;&amp;nbsp;&amp;nbsp;&amp;nbsp;&amp;nbsp;&amp;nbsp;&amp;nbsp;&amp;nbsp;&amp;nbsp;&amp;nbsp;&amp;nbsp;&amp;nbsp;}&lt;/span&gt;&lt;/code&gt;&lt;/li&gt;
&lt;li&gt;&lt;code&gt;&lt;span style="color: var(--highlight-keyword)"&gt;&amp;nbsp;&amp;nbsp;&amp;nbsp;&amp;nbsp;&amp;nbsp;&amp;nbsp;&amp;nbsp;&amp;nbsp;}&amp;nbsp;catch&amp;nbsp;(&lt;/span&gt;&lt;span style="color: var(--highlight-default)"&gt;TimeoutException&amp;nbsp;$e&lt;/span&gt;&lt;span style="color: var(--highlight-keyword)"&gt;)&amp;nbsp;{&lt;/span&gt;&lt;/code&gt;&lt;/li&gt;
&lt;li&gt;&lt;code&gt;&lt;span style="color: var(--highlight-keyword)"&gt;&amp;nbsp;&amp;nbsp;&amp;nbsp;&amp;nbsp;&amp;nbsp;&amp;nbsp;&amp;nbsp;&amp;nbsp;&amp;nbsp;&amp;nbsp;&amp;nbsp;&amp;nbsp;&lt;/span&gt;&lt;span style="color: var(--highlight-default)"&gt;$this&lt;/span&gt;&lt;span style="color: var(--highlight-keyword)"&gt;-&amp;gt;&lt;/span&gt;&lt;span style="color: var(--highlight-default)"&gt;addFailure&lt;/span&gt;&lt;span style="color: var(--highlight-keyword)"&gt;(&lt;/span&gt;&lt;/code&gt;&lt;/li&gt;
&lt;li&gt;&lt;code&gt;&lt;span style="color: var(--highlight-keyword)"&gt;&amp;nbsp;&amp;nbsp;&amp;nbsp;&amp;nbsp;&amp;nbsp;&amp;nbsp;&amp;nbsp;&amp;nbsp;&amp;nbsp;&amp;nbsp;&amp;nbsp;&amp;nbsp;&amp;nbsp;&amp;nbsp;&amp;nbsp;&amp;nbsp;&lt;/span&gt;&lt;span style="color: var(--highlight-default)"&gt;$test&lt;/span&gt;&lt;span style="color: var(--highlight-keyword)"&gt;,&lt;/span&gt;&lt;/code&gt;&lt;/li&gt;
&lt;li&gt;&lt;code&gt;&lt;span style="color: var(--highlight-keyword)"&gt;&amp;nbsp;&amp;nbsp;&amp;nbsp;&amp;nbsp;&amp;nbsp;&amp;nbsp;&amp;nbsp;&amp;nbsp;&amp;nbsp;&amp;nbsp;&amp;nbsp;&amp;nbsp;&amp;nbsp;&amp;nbsp;&amp;nbsp;&amp;nbsp;new&amp;nbsp;&lt;/span&gt;&lt;span style="color: var(--highlight-default)"&gt;RiskyTestError&lt;/span&gt;&lt;span style="color: var(--highlight-keyword)"&gt;(&lt;/span&gt;&lt;/code&gt;&lt;/li&gt;&lt;/ol&gt;    &lt;/div&gt;            &lt;/div&gt;
                        &lt;div class="trace-line "&gt;
                &lt;div class="trace-line-header break-long-words sf-toggle" data-toggle-selector="#trace-html-2-18" data-toggle-initial=""&gt;
            &lt;span class="icon icon-close"&gt;&lt;svg width="1792" height="1792" viewBox="0 0 1792 1792" xmlns="http://www.w3.org/2000/svg"&gt;&lt;path d="M1408 960V832q0-26-19-45t-45-19H448q-26 0-45 19t-19 45v128q0 26 19 45t45 19h896q26 0 45-19t19-45zm256-544v960q0 119-84.5 203.5T1376 1664H416q-119 0-203.5-84.5T128 1376V416q0-119 84.5-203.5T416 128h960q119 0 203.5 84.5T1664 416z"/&gt;&lt;/svg&gt;&lt;/span&gt;
        &lt;span class="icon icon-open"&gt;&lt;svg width="1792" height="1792" viewBox="0 0 1792 1792" xmlns="http://www.w3.org/2000/svg"&gt;&lt;path d="M1408 960V832q0-26-19-45t-45-19h-320V448q0-26-19-45t-45-19H832q-26 0-45 19t-19 45v320H448q-26 0-45 19t-19 45v128q0 26 19 45t45 19h320v320q0 26 19 45t45 19h128q26 0 45-19t19-45v-320h320q26 0 45-19t19-45zm256-544v960q0 119-84.5 203.5T1376 1664H416q-119 0-203.5-84.5T128 1376V416q0-119 84.5-203.5T416 128h960q119 0 203.5 84.5T1664 416z"/&gt;&lt;/svg&gt;&lt;/span&gt;
    
            &lt;span class="trace-class"&gt;&lt;abbr title="PHPUnit\Framework\TestResult"&gt;TestResult&lt;/abbr&gt;&lt;/span&gt;&lt;span class="trace-type"&gt;-&gt;&lt;/span&gt;&lt;span class="trace-method"&gt;run&lt;/span&gt;&lt;span class="trace-arguments"&gt;(&lt;em&gt;object&lt;/em&gt;(&lt;abbr title="App\Tests\Functional\Controller\ExpertConseilControllerTest"&gt;ExpertConseilControllerTest&lt;/abbr&gt;))&lt;/span&gt;    
                    &lt;span class="block trace-file-path"&gt;
            in
            &lt;a href="file://C:\Users\sliti\Desktop\dev\esprit-PIDEV-3A16-2526-FARMIA\vendor\phpunit\phpunit\src\Framework\TestCase.php#L973"&gt;
                C:\Users\sliti\Desktop\dev\esprit-PIDEV-3A16-2526-FARMIA\vendor\phpunit\phpunit\src\Framework\&lt;strong&gt;TestCase.php&lt;/strong&gt;
            &lt;/a&gt;
                        (line 973)
            &lt;span class="icon icon-copy hidden" data-clipboard-text="C:\Users\sliti\Desktop\dev\esprit-PIDEV-3A16-2526-FARMIA\vendor\phpunit\phpunit\src\Framework\TestCase.php:973"&gt;
                &lt;svg xmlns="http://www.w3.org/2000/svg" height="24" viewBox="0 0 24 24" width="24"&gt;&lt;path d="M0 0h24v24H0z" fill="none"/&gt;&lt;path d="M16 1H4c-1.1 0-2 .9-2 2v14h2V3h12V1zm3 4H8c-1.1 0-2 .9-2 2v14c0 1.1.9 2 2 2h11c1.1 0 2-.9 2-2V7c0-1.1-.9-2-2-2zm0 16H8V7h11v14z"/&gt;&lt;/svg&gt;            &lt;/span&gt;
        &lt;/span&gt;
    &lt;/div&gt;
    &lt;div id="trace-html-2-18" class="trace-code sf-toggle-content"&gt;
        &lt;ol start="968"&gt;&lt;li&gt;&lt;code&gt;&lt;span style="color: var(--highlight-keyword)"&gt;&amp;nbsp;&amp;nbsp;&amp;nbsp;&amp;nbsp;&amp;nbsp;&amp;nbsp;&amp;nbsp;&amp;nbsp;&amp;nbsp;&amp;nbsp;&amp;nbsp;&amp;nbsp;&lt;/span&gt;&lt;span style="color: var(--highlight-default)"&gt;$template&lt;/span&gt;&lt;span style="color: var(--highlight-keyword)"&gt;-&amp;gt;&lt;/span&gt;&lt;span style="color: var(--highlight-default)"&gt;setVar&lt;/span&gt;&lt;span style="color: var(--highlight-keyword)"&gt;(&lt;/span&gt;&lt;span style="color: var(--highlight-default)"&gt;$var&lt;/span&gt;&lt;span style="color: var(--highlight-keyword)"&gt;);&lt;/span&gt;&lt;/code&gt;&lt;/li&gt;
&lt;li&gt;&lt;code&gt;&lt;span style="color: var(--highlight-keyword)"&gt;&lt;/span&gt;&lt;/code&gt;&lt;/li&gt;
&lt;li&gt;&lt;code&gt;&lt;span style="color: var(--highlight-keyword)"&gt;&amp;nbsp;&amp;nbsp;&amp;nbsp;&amp;nbsp;&amp;nbsp;&amp;nbsp;&amp;nbsp;&amp;nbsp;&amp;nbsp;&amp;nbsp;&amp;nbsp;&amp;nbsp;&lt;/span&gt;&lt;span style="color: var(--highlight-default)"&gt;$php&amp;nbsp;&lt;/span&gt;&lt;span style="color: var(--highlight-keyword)"&gt;=&amp;nbsp;&lt;/span&gt;&lt;span style="color: var(--highlight-default)"&gt;AbstractPhpProcess&lt;/span&gt;&lt;span style="color: var(--highlight-keyword)"&gt;::&lt;/span&gt;&lt;span style="color: var(--highlight-default)"&gt;factory&lt;/span&gt;&lt;span style="color: var(--highlight-keyword)"&gt;();&lt;/span&gt;&lt;/code&gt;&lt;/li&gt;
&lt;li&gt;&lt;code&gt;&lt;span style="color: var(--highlight-keyword)"&gt;&amp;nbsp;&amp;nbsp;&amp;nbsp;&amp;nbsp;&amp;nbsp;&amp;nbsp;&amp;nbsp;&amp;nbsp;&amp;nbsp;&amp;nbsp;&amp;nbsp;&amp;nbsp;&lt;/span&gt;&lt;span style="color: var(--highlight-default)"&gt;$php&lt;/span&gt;&lt;span style="color: var(--highlight-keyword)"&gt;-&amp;gt;&lt;/span&gt;&lt;span style="color: var(--highlight-default)"&gt;runTestJob&lt;/span&gt;&lt;span style="color: var(--highlight-keyword)"&gt;(&lt;/span&gt;&lt;span style="color: var(--highlight-default)"&gt;$template&lt;/span&gt;&lt;span style="color: var(--highlight-keyword)"&gt;-&amp;gt;&lt;/span&gt;&lt;span style="color: var(--highlight-default)"&gt;render&lt;/span&gt;&lt;span style="color: var(--highlight-keyword)"&gt;(),&amp;nbsp;&lt;/span&gt;&lt;span style="color: var(--highlight-default)"&gt;$this&lt;/span&gt;&lt;span style="color: var(--highlight-keyword)"&gt;,&amp;nbsp;&lt;/span&gt;&lt;span style="color: var(--highlight-default)"&gt;$result&lt;/span&gt;&lt;span style="color: var(--highlight-keyword)"&gt;,&amp;nbsp;&lt;/span&gt;&lt;span style="color: var(--highlight-default)"&gt;$processResultFile&lt;/span&gt;&lt;span style="color: var(--highlight-keyword)"&gt;);&lt;/span&gt;&lt;/code&gt;&lt;/li&gt;
&lt;li&gt;&lt;code&gt;&lt;span style="color: var(--highlight-keyword)"&gt;&amp;nbsp;&amp;nbsp;&amp;nbsp;&amp;nbsp;&amp;nbsp;&amp;nbsp;&amp;nbsp;&amp;nbsp;}&amp;nbsp;else&amp;nbsp;{&lt;/span&gt;&lt;/code&gt;&lt;/li&gt;
&lt;li class="selected"&gt;&lt;code&gt;&lt;span style="color: var(--highlight-keyword)"&gt;&amp;nbsp;&amp;nbsp;&amp;nbsp;&amp;nbsp;&amp;nbsp;&amp;nbsp;&amp;nbsp;&amp;nbsp;&amp;nbsp;&amp;nbsp;&amp;nbsp;&amp;nbsp;&lt;/span&gt;&lt;span style="color: var(--highlight-default)"&gt;$result&lt;/span&gt;&lt;span style="color: var(--highlight-keyword)"&gt;-&amp;gt;&lt;/span&gt;&lt;span style="color: var(--highlight-default)"&gt;run&lt;/span&gt;&lt;span style="color: var(--highlight-keyword)"&gt;(&lt;/span&gt;&lt;span style="color: var(--highlight-default)"&gt;$this&lt;/span&gt;&lt;span style="color: var(--highlight-keyword)"&gt;);&lt;/span&gt;&lt;/code&gt;&lt;/li&gt;
&lt;li&gt;&lt;code&gt;&lt;span style="color: var(--highlight-keyword)"&gt;&amp;nbsp;&amp;nbsp;&amp;nbsp;&amp;nbsp;&amp;nbsp;&amp;nbsp;&amp;nbsp;&amp;nbsp;}&lt;/span&gt;&lt;/code&gt;&lt;/li&gt;
&lt;li&gt;&lt;code&gt;&lt;span style="color: var(--highlight-keyword)"&gt;&lt;/span&gt;&lt;/code&gt;&lt;/li&gt;
&lt;li&gt;&lt;code&gt;&lt;span style="color: var(--highlight-keyword)"&gt;&amp;nbsp;&amp;nbsp;&amp;nbsp;&amp;nbsp;&amp;nbsp;&amp;nbsp;&amp;nbsp;&amp;nbsp;&lt;/span&gt;&lt;span style="color: var(--highlight-default)"&gt;$this&lt;/span&gt;&lt;span style="color: var(--highlight-keyword)"&gt;-&amp;gt;&lt;/span&gt;&lt;span style="color: var(--highlight-default)"&gt;result&amp;nbsp;&lt;/span&gt;&lt;span style="color: var(--highlight-keyword)"&gt;=&amp;nbsp;&lt;/span&gt;&lt;span style="color: var(--highlight-default)"&gt;null&lt;/span&gt;&lt;span style="color: var(--highlight-keyword)"&gt;;&lt;/span&gt;&lt;/code&gt;&lt;/li&gt;
&lt;li&gt;&lt;code&gt;&lt;span style="color: var(--highlight-keyword)"&gt;&lt;/span&gt;&lt;/code&gt;&lt;/li&gt;
&lt;li&gt;&lt;code&gt;&lt;span style="color: var(--highlight-keyword)"&gt;&amp;nbsp;&amp;nbsp;&amp;nbsp;&amp;nbsp;&amp;nbsp;&amp;nbsp;&amp;nbsp;&amp;nbsp;return&amp;nbsp;&lt;/span&gt;&lt;span style="color: var(--highlight-default)"&gt;$result&lt;/span&gt;&lt;span style="color: var(--highlight-keyword)"&gt;;&lt;/span&gt;&lt;/code&gt;&lt;/li&gt;&lt;/ol&gt;    &lt;/div&gt;            &lt;/div&gt;
                        &lt;div class="trace-line "&gt;
                &lt;div class="trace-line-header break-long-words sf-toggle" data-toggle-selector="#trace-html-2-19" data-toggle-initial=""&gt;
            &lt;span class="icon icon-close"&gt;&lt;svg width="1792" height="1792" viewBox="0 0 1792 1792" xmlns="http://www.w3.org/2000/svg"&gt;&lt;path d="M1408 960V832q0-26-19-45t-45-19H448q-26 0-45 19t-19 45v128q0 26 19 45t45 19h896q26 0 45-19t19-45zm256-544v960q0 119-84.5 203.5T1376 1664H416q-119 0-203.5-84.5T128 1376V416q0-119 84.5-203.5T416 128h960q119 0 203.5 84.5T1664 416z"/&gt;&lt;/svg&gt;&lt;/span&gt;
        &lt;span class="icon icon-open"&gt;&lt;svg width="1792" height="1792" viewBox="0 0 1792 1792" xmlns="http://www.w3.org/2000/svg"&gt;&lt;path d="M1408 960V832q0-26-19-45t-45-19h-320V448q0-26-19-45t-45-19H832q-26 0-45 19t-19 45v320H448q-26 0-45 19t-19 45v128q0 26 19 45t45 19h320v320q0 26 19 45t45 19h128q26 0 45-19t19-45v-320h320q26 0 45-19t19-45zm256-544v960q0 119-84.5 203.5T1376 1664H416q-119 0-203.5-84.5T128 1376V416q0-119 84.5-203.5T416 128h960q119 0 203.5 84.5T1664 416z"/&gt;&lt;/svg&gt;&lt;/span&gt;
    
            &lt;span class="trace-class"&gt;&lt;abbr title="PHPUnit\Framework\TestCase"&gt;TestCase&lt;/abbr&gt;&lt;/span&gt;&lt;span class="trace-type"&gt;-&gt;&lt;/span&gt;&lt;span class="trace-method"&gt;run&lt;/span&gt;&lt;span class="trace-arguments"&gt;(&lt;em&gt;object&lt;/em&gt;(&lt;abbr title="PHPUnit\Framework\TestResult"&gt;TestResult&lt;/abbr&gt;))&lt;/span&gt;    
                    &lt;span class="block trace-file-path"&gt;
            in
            &lt;a href="file://C:\Users\sliti\Desktop\dev\esprit-PIDEV-3A16-2526-FARMIA\vendor\phpunit\phpunit\src\Framework\TestSuite.php#L685"&gt;
                C:\Users\sliti\Desktop\dev\esprit-PIDEV-3A16-2526-FARMIA\vendor\phpunit\phpunit\src\Framework\&lt;strong&gt;TestSuite.php&lt;/strong&gt;
            &lt;/a&gt;
                        (line 685)
            &lt;span class="icon icon-copy hidden" data-clipboard-text="C:\Users\sliti\Desktop\dev\esprit-PIDEV-3A16-2526-FARMIA\vendor\phpunit\phpunit\src\Framework\TestSuite.php:685"&gt;
                &lt;svg xmlns="http://www.w3.org/2000/svg" height="24" viewBox="0 0 24 24" width="24"&gt;&lt;path d="M0 0h24v24H0z" fill="none"/&gt;&lt;path d="M16 1H4c-1.1 0-2 .9-2 2v14h2V3h12V1zm3 4H8c-1.1 0-2 .9-2 2v14c0 1.1.9 2 2 2h11c1.1 0 2-.9 2-2V7c0-1.1-.9-2-2-2zm0 16H8V7h11v14z"/&gt;&lt;/svg&gt;            &lt;/span&gt;
        &lt;/span&gt;
    &lt;/div&gt;
    &lt;div id="trace-html-2-19" class="trace-code sf-toggle-content"&gt;
        &lt;ol start="680"&gt;&lt;li&gt;&lt;code&gt;&lt;span style="color: var(--highlight-keyword)"&gt;&amp;nbsp;&amp;nbsp;&amp;nbsp;&amp;nbsp;&amp;nbsp;&amp;nbsp;&amp;nbsp;&amp;nbsp;&amp;nbsp;&amp;nbsp;&amp;nbsp;&amp;nbsp;&amp;nbsp;&amp;nbsp;&amp;nbsp;&amp;nbsp;&lt;/span&gt;&lt;span style="color: var(--highlight-default)"&gt;$test&lt;/span&gt;&lt;span style="color: var(--highlight-keyword)"&gt;-&amp;gt;&lt;/span&gt;&lt;span style="color: var(--highlight-default)"&gt;setBackupGlobals&lt;/span&gt;&lt;span style="color: var(--highlight-keyword)"&gt;(&lt;/span&gt;&lt;span style="color: var(--highlight-default)"&gt;$this&lt;/span&gt;&lt;span style="color: var(--highlight-keyword)"&gt;-&amp;gt;&lt;/span&gt;&lt;span style="color: var(--highlight-default)"&gt;backupGlobals&lt;/span&gt;&lt;span style="color: var(--highlight-keyword)"&gt;);&lt;/span&gt;&lt;/code&gt;&lt;/li&gt;
&lt;li&gt;&lt;code&gt;&lt;span style="color: var(--highlight-keyword)"&gt;&amp;nbsp;&amp;nbsp;&amp;nbsp;&amp;nbsp;&amp;nbsp;&amp;nbsp;&amp;nbsp;&amp;nbsp;&amp;nbsp;&amp;nbsp;&amp;nbsp;&amp;nbsp;&amp;nbsp;&amp;nbsp;&amp;nbsp;&amp;nbsp;&lt;/span&gt;&lt;span style="color: var(--highlight-default)"&gt;$test&lt;/span&gt;&lt;span style="color: var(--highlight-keyword)"&gt;-&amp;gt;&lt;/span&gt;&lt;span style="color: var(--highlight-default)"&gt;setBackupStaticAttributes&lt;/span&gt;&lt;span style="color: var(--highlight-keyword)"&gt;(&lt;/span&gt;&lt;span style="color: var(--highlight-default)"&gt;$this&lt;/span&gt;&lt;span style="color: var(--highlight-keyword)"&gt;-&amp;gt;&lt;/span&gt;&lt;span style="color: var(--highlight-default)"&gt;backupStaticAttributes&lt;/span&gt;&lt;span style="color: var(--highlight-keyword)"&gt;);&lt;/span&gt;&lt;/code&gt;&lt;/li&gt;
&lt;li&gt;&lt;code&gt;&lt;span style="color: var(--highlight-keyword)"&gt;&amp;nbsp;&amp;nbsp;&amp;nbsp;&amp;nbsp;&amp;nbsp;&amp;nbsp;&amp;nbsp;&amp;nbsp;&amp;nbsp;&amp;nbsp;&amp;nbsp;&amp;nbsp;&amp;nbsp;&amp;nbsp;&amp;nbsp;&amp;nbsp;&lt;/span&gt;&lt;span style="color: var(--highlight-default)"&gt;$test&lt;/span&gt;&lt;span style="color: var(--highlight-keyword)"&gt;-&amp;gt;&lt;/span&gt;&lt;span style="color: var(--highlight-default)"&gt;setRunTestInSeparateProcess&lt;/span&gt;&lt;span style="color: var(--highlight-keyword)"&gt;(&lt;/span&gt;&lt;span style="color: var(--highlight-default)"&gt;$this&lt;/span&gt;&lt;span style="color: var(--highlight-keyword)"&gt;-&amp;gt;&lt;/span&gt;&lt;span style="color: var(--highlight-default)"&gt;runTestInSeparateProcess&lt;/span&gt;&lt;span style="color: var(--highlight-keyword)"&gt;);&lt;/span&gt;&lt;/code&gt;&lt;/li&gt;
&lt;li&gt;&lt;code&gt;&lt;span style="color: var(--highlight-keyword)"&gt;&amp;nbsp;&amp;nbsp;&amp;nbsp;&amp;nbsp;&amp;nbsp;&amp;nbsp;&amp;nbsp;&amp;nbsp;&amp;nbsp;&amp;nbsp;&amp;nbsp;&amp;nbsp;}&lt;/span&gt;&lt;/code&gt;&lt;/li&gt;
&lt;li&gt;&lt;code&gt;&lt;span style="color: var(--highlight-keyword)"&gt;&lt;/span&gt;&lt;/code&gt;&lt;/li&gt;
&lt;li class="selected"&gt;&lt;code&gt;&lt;span style="color: var(--highlight-keyword)"&gt;&amp;nbsp;&amp;nbsp;&amp;nbsp;&amp;nbsp;&amp;nbsp;&amp;nbsp;&amp;nbsp;&amp;nbsp;&amp;nbsp;&amp;nbsp;&amp;nbsp;&amp;nbsp;&lt;/span&gt;&lt;span style="color: var(--highlight-default)"&gt;$test&lt;/span&gt;&lt;span style="color: var(--highlight-keyword)"&gt;-&amp;gt;&lt;/span&gt;&lt;span style="color: var(--highlight-default)"&gt;run&lt;/span&gt;&lt;span style="color: var(--highlight-keyword)"&gt;(&lt;/span&gt;&lt;span style="color: var(--highlight-default)"&gt;$result&lt;/span&gt;&lt;span style="color: var(--highlight-keyword)"&gt;);&lt;/span&gt;&lt;/code&gt;&lt;/li&gt;
&lt;li&gt;&lt;code&gt;&lt;span style="color: var(--highlight-keyword)"&gt;&amp;nbsp;&amp;nbsp;&amp;nbsp;&amp;nbsp;&amp;nbsp;&amp;nbsp;&amp;nbsp;&amp;nbsp;}&lt;/span&gt;&lt;/code&gt;&lt;/li&gt;
&lt;li&gt;&lt;code&gt;&lt;span style="color: var(--highlight-keyword)"&gt;&lt;/span&gt;&lt;/code&gt;&lt;/li&gt;
&lt;li&gt;&lt;code&gt;&lt;span style="color: var(--highlight-keyword)"&gt;&amp;nbsp;&amp;nbsp;&amp;nbsp;&amp;nbsp;&amp;nbsp;&amp;nbsp;&amp;nbsp;&amp;nbsp;if&amp;nbsp;(&lt;/span&gt;&lt;span style="color: var(--highlight-default)"&gt;$this&lt;/span&gt;&lt;span style="color: var(--highlight-keyword)"&gt;-&amp;gt;&lt;/span&gt;&lt;span style="color: var(--highlight-default)"&gt;testCase&amp;nbsp;&lt;/span&gt;&lt;span style="color: var(--highlight-keyword)"&gt;&amp;amp;&amp;amp;&amp;nbsp;&lt;/span&gt;&lt;span style="color: var(--highlight-default)"&gt;class_exists&lt;/span&gt;&lt;span style="color: var(--highlight-keyword)"&gt;(&lt;/span&gt;&lt;span style="color: var(--highlight-default)"&gt;$this&lt;/span&gt;&lt;span style="color: var(--highlight-keyword)"&gt;-&amp;gt;&lt;/span&gt;&lt;span style="color: var(--highlight-default)"&gt;name&lt;/span&gt;&lt;span style="color: var(--highlight-keyword)"&gt;,&amp;nbsp;&lt;/span&gt;&lt;span style="color: var(--highlight-default)"&gt;false&lt;/span&gt;&lt;span style="color: var(--highlight-keyword)"&gt;))&amp;nbsp;{&lt;/span&gt;&lt;/code&gt;&lt;/li&gt;
&lt;li&gt;&lt;code&gt;&lt;span style="color: var(--highlight-keyword)"&gt;&amp;nbsp;&amp;nbsp;&amp;nbsp;&amp;nbsp;&amp;nbsp;&amp;nbsp;&amp;nbsp;&amp;nbsp;&amp;nbsp;&amp;nbsp;&amp;nbsp;&amp;nbsp;foreach&amp;nbsp;(&lt;/span&gt;&lt;span style="color: var(--highlight-default)"&gt;$hookMethods&lt;/span&gt;&lt;span style="color: var(--highlight-keyword)"&gt;[&lt;/span&gt;&lt;span style="color: var(--highlight-string)"&gt;'afterClass'&lt;/span&gt;&lt;span style="color: var(--highlight-keyword)"&gt;]&amp;nbsp;as&amp;nbsp;&lt;/span&gt;&lt;span style="color: var(--highlight-default)"&gt;$afterClassMethod&lt;/span&gt;&lt;span style="color: var(--highlight-keyword)"&gt;)&amp;nbsp;{&lt;/span&gt;&lt;/code&gt;&lt;/li&gt;
&lt;li&gt;&lt;code&gt;&lt;span style="color: var(--highlight-keyword)"&gt;&amp;nbsp;&amp;nbsp;&amp;nbsp;&amp;nbsp;&amp;nbsp;&amp;nbsp;&amp;nbsp;&amp;nbsp;&amp;nbsp;&amp;nbsp;&amp;nbsp;&amp;nbsp;&amp;nbsp;&amp;nbsp;&amp;nbsp;&amp;nbsp;if&amp;nbsp;(&lt;/span&gt;&lt;span style="color: var(--highlight-default)"&gt;method_exists&lt;/span&gt;&lt;span style="color: var(--highlight-keyword)"&gt;(&lt;/span&gt;&lt;span style="color: var(--highlight-default)"&gt;$this&lt;/span&gt;&lt;span style="color: var(--highlight-keyword)"&gt;-&amp;gt;&lt;/span&gt;&lt;span style="color: var(--highlight-default)"&gt;name&lt;/span&gt;&lt;span style="color: var(--highlight-keyword)"&gt;,&amp;nbsp;&lt;/span&gt;&lt;span style="color: var(--highlight-default)"&gt;$afterClassMethod&lt;/span&gt;&lt;span style="color: var(--highlight-keyword)"&gt;))&amp;nbsp;{&lt;/span&gt;&lt;/code&gt;&lt;/li&gt;&lt;/ol&gt;    &lt;/div&gt;            &lt;/div&gt;
                        &lt;div class="trace-line "&gt;
                &lt;div class="trace-line-header break-long-words sf-toggle" data-toggle-selector="#trace-html-2-20" data-toggle-initial=""&gt;
            &lt;span class="icon icon-close"&gt;&lt;svg width="1792" height="1792" viewBox="0 0 1792 1792" xmlns="http://www.w3.org/2000/svg"&gt;&lt;path d="M1408 960V832q0-26-19-45t-45-19H448q-26 0-45 19t-19 45v128q0 26 19 45t45 19h896q26 0 45-19t19-45zm256-544v960q0 119-84.5 203.5T1376 1664H416q-119 0-203.5-84.5T128 1376V416q0-119 84.5-203.5T416 128h960q119 0 203.5 84.5T1664 416z"/&gt;&lt;/svg&gt;&lt;/span&gt;
        &lt;span class="icon icon-open"&gt;&lt;svg width="1792" height="1792" viewBox="0 0 1792 1792" xmlns="http://www.w3.org/2000/svg"&gt;&lt;path d="M1408 960V832q0-26-19-45t-45-19h-320V448q0-26-19-45t-45-19H832q-26 0-45 19t-19 45v320H448q-26 0-45 19t-19 45v128q0 26 19 45t45 19h320v320q0 26 19 45t45 19h128q26 0 45-19t19-45v-320h320q26 0 45-19t19-45zm256-544v960q0 119-84.5 203.5T1376 1664H416q-119 0-203.5-84.5T128 1376V416q0-119 84.5-203.5T416 128h960q119 0 203.5 84.5T1664 416z"/&gt;&lt;/svg&gt;&lt;/span&gt;
    
            &lt;span class="trace-class"&gt;&lt;abbr title="PHPUnit\Framework\TestSuite"&gt;TestSuite&lt;/abbr&gt;&lt;/span&gt;&lt;span class="trace-type"&gt;-&gt;&lt;/span&gt;&lt;span class="trace-method"&gt;run&lt;/span&gt;&lt;span class="trace-arguments"&gt;(&lt;em&gt;object&lt;/em&gt;(&lt;abbr title="PHPUnit\Framework\TestResult"&gt;TestResult&lt;/abbr&gt;))&lt;/span&gt;    
                    &lt;span class="block trace-file-path"&gt;
            in
            &lt;a href="file://C:\Users\sliti\Desktop\dev\esprit-PIDEV-3A16-2526-FARMIA\vendor\phpunit\phpunit\src\Framework\TestSuite.php#L685"&gt;
                C:\Users\sliti\Desktop\dev\esprit-PIDEV-3A16-2526-FARMIA\vendor\phpunit\phpunit\src\Framework\&lt;strong&gt;TestSuite.php&lt;/strong&gt;
            &lt;/a&gt;
                        (line 685)
            &lt;span class="icon icon-copy hidden" data-clipboard-text="C:\Users\sliti\Desktop\dev\esprit-PIDEV-3A16-2526-FARMIA\vendor\phpunit\phpunit\src\Framework\TestSuite.php:685"&gt;
                &lt;svg xmlns="http://www.w3.org/2000/svg" height="24" viewBox="0 0 24 24" width="24"&gt;&lt;path d="M0 0h24v24H0z" fill="none"/&gt;&lt;path d="M16 1H4c-1.1 0-2 .9-2 2v14h2V3h12V1zm3 4H8c-1.1 0-2 .9-2 2v14c0 1.1.9 2 2 2h11c1.1 0 2-.9 2-2V7c0-1.1-.9-2-2-2zm0 16H8V7h11v14z"/&gt;&lt;/svg&gt;            &lt;/span&gt;
        &lt;/span&gt;
    &lt;/div&gt;
    &lt;div id="trace-html-2-20" class="trace-code sf-toggle-content"&gt;
        &lt;ol start="680"&gt;&lt;li&gt;&lt;code&gt;&lt;span style="color: var(--highlight-keyword)"&gt;&amp;nbsp;&amp;nbsp;&amp;nbsp;&amp;nbsp;&amp;nbsp;&amp;nbsp;&amp;nbsp;&amp;nbsp;&amp;nbsp;&amp;nbsp;&amp;nbsp;&amp;nbsp;&amp;nbsp;&amp;nbsp;&amp;nbsp;&amp;nbsp;&lt;/span&gt;&lt;span style="color: var(--highlight-default)"&gt;$test&lt;/span&gt;&lt;span style="color: var(--highlight-keyword)"&gt;-&amp;gt;&lt;/span&gt;&lt;span style="color: var(--highlight-default)"&gt;setBackupGlobals&lt;/span&gt;&lt;span style="color: var(--highlight-keyword)"&gt;(&lt;/span&gt;&lt;span style="color: var(--highlight-default)"&gt;$this&lt;/span&gt;&lt;span style="color: var(--highlight-keyword)"&gt;-&amp;gt;&lt;/span&gt;&lt;span style="color: var(--highlight-default)"&gt;backupGlobals&lt;/span&gt;&lt;span style="color: var(--highlight-keyword)"&gt;);&lt;/span&gt;&lt;/code&gt;&lt;/li&gt;
&lt;li&gt;&lt;code&gt;&lt;span style="color: var(--highlight-keyword)"&gt;&amp;nbsp;&amp;nbsp;&amp;nbsp;&amp;nbsp;&amp;nbsp;&amp;nbsp;&amp;nbsp;&amp;nbsp;&amp;nbsp;&amp;nbsp;&amp;nbsp;&amp;nbsp;&amp;nbsp;&amp;nbsp;&amp;nbsp;&amp;nbsp;&lt;/span&gt;&lt;span style="color: var(--highlight-default)"&gt;$test&lt;/span&gt;&lt;span style="color: var(--highlight-keyword)"&gt;-&amp;gt;&lt;/span&gt;&lt;span style="color: var(--highlight-default)"&gt;setBackupStaticAttributes&lt;/span&gt;&lt;span style="color: var(--highlight-keyword)"&gt;(&lt;/span&gt;&lt;span style="color: var(--highlight-default)"&gt;$this&lt;/span&gt;&lt;span style="color: var(--highlight-keyword)"&gt;-&amp;gt;&lt;/span&gt;&lt;span style="color: var(--highlight-default)"&gt;backupStaticAttributes&lt;/span&gt;&lt;span style="color: var(--highlight-keyword)"&gt;);&lt;/span&gt;&lt;/code&gt;&lt;/li&gt;
&lt;li&gt;&lt;code&gt;&lt;span style="color: var(--highlight-keyword)"&gt;&amp;nbsp;&amp;nbsp;&amp;nbsp;&amp;nbsp;&amp;nbsp;&amp;nbsp;&amp;nbsp;&amp;nbsp;&amp;nbsp;&amp;nbsp;&amp;nbsp;&amp;nbsp;&amp;nbsp;&amp;nbsp;&amp;nbsp;&amp;nbsp;&lt;/span&gt;&lt;span style="color: var(--highlight-default)"&gt;$test&lt;/span&gt;&lt;span style="color: var(--highlight-keyword)"&gt;-&amp;gt;&lt;/span&gt;&lt;span style="color: var(--highlight-default)"&gt;setRunTestInSeparateProcess&lt;/span&gt;&lt;span style="color: var(--highlight-keyword)"&gt;(&lt;/span&gt;&lt;span style="color: var(--highlight-default)"&gt;$this&lt;/span&gt;&lt;span style="color: var(--highlight-keyword)"&gt;-&amp;gt;&lt;/span&gt;&lt;span style="color: var(--highlight-default)"&gt;runTestInSeparateProcess&lt;/span&gt;&lt;span style="color: var(--highlight-keyword)"&gt;);&lt;/span&gt;&lt;/code&gt;&lt;/li&gt;
&lt;li&gt;&lt;code&gt;&lt;span style="color: var(--highlight-keyword)"&gt;&amp;nbsp;&amp;nbsp;&amp;nbsp;&amp;nbsp;&amp;nbsp;&amp;nbsp;&amp;nbsp;&amp;nbsp;&amp;nbsp;&amp;nbsp;&amp;nbsp;&amp;nbsp;}&lt;/span&gt;&lt;/code&gt;&lt;/li&gt;
&lt;li&gt;&lt;code&gt;&lt;span style="color: var(--highlight-keyword)"&gt;&lt;/span&gt;&lt;/code&gt;&lt;/li&gt;
&lt;li class="selected"&gt;&lt;code&gt;&lt;span style="color: var(--highlight-keyword)"&gt;&amp;nbsp;&amp;nbsp;&amp;nbsp;&amp;nbsp;&amp;nbsp;&amp;nbsp;&amp;nbsp;&amp;nbsp;&amp;nbsp;&amp;nbsp;&amp;nbsp;&amp;nbsp;&lt;/span&gt;&lt;span style="color: var(--highlight-default)"&gt;$test&lt;/span&gt;&lt;span style="color: var(--highlight-keyword)"&gt;-&amp;gt;&lt;/span&gt;&lt;span style="color: var(--highlight-default)"&gt;run&lt;/span&gt;&lt;span style="color: var(--highlight-keyword)"&gt;(&lt;/span&gt;&lt;span style="color: var(--highlight-default)"&gt;$result&lt;/span&gt;&lt;span style="color: var(--highlight-keyword)"&gt;);&lt;/span&gt;&lt;/code&gt;&lt;/li&gt;
&lt;li&gt;&lt;code&gt;&lt;span style="color: var(--highlight-keyword)"&gt;&amp;nbsp;&amp;nbsp;&amp;nbsp;&amp;nbsp;&amp;nbsp;&amp;nbsp;&amp;nbsp;&amp;nbsp;}&lt;/span&gt;&lt;/code&gt;&lt;/li&gt;
&lt;li&gt;&lt;code&gt;&lt;span style="color: var(--highlight-keyword)"&gt;&lt;/span&gt;&lt;/code&gt;&lt;/li&gt;
&lt;li&gt;&lt;code&gt;&lt;span style="color: var(--highlight-keyword)"&gt;&amp;nbsp;&amp;nbsp;&amp;nbsp;&amp;nbsp;&amp;nbsp;&amp;nbsp;&amp;nbsp;&amp;nbsp;if&amp;nbsp;(&lt;/span&gt;&lt;span style="color: var(--highlight-default)"&gt;$this&lt;/span&gt;&lt;span style="color: var(--highlight-keyword)"&gt;-&amp;gt;&lt;/span&gt;&lt;span style="color: var(--highlight-default)"&gt;testCase&amp;nbsp;&lt;/span&gt;&lt;span style="color: var(--highlight-keyword)"&gt;&amp;amp;&amp;amp;&amp;nbsp;&lt;/span&gt;&lt;span style="color: var(--highlight-default)"&gt;class_exists&lt;/span&gt;&lt;span style="color: var(--highlight-keyword)"&gt;(&lt;/span&gt;&lt;span style="color: var(--highlight-default)"&gt;$this&lt;/span&gt;&lt;span style="color: var(--highlight-keyword)"&gt;-&amp;gt;&lt;/span&gt;&lt;span style="color: var(--highlight-default)"&gt;name&lt;/span&gt;&lt;span style="color: var(--highlight-keyword)"&gt;,&amp;nbsp;&lt;/span&gt;&lt;span style="color: var(--highlight-default)"&gt;false&lt;/span&gt;&lt;span style="color: var(--highlight-keyword)"&gt;))&amp;nbsp;{&lt;/span&gt;&lt;/code&gt;&lt;/li&gt;
&lt;li&gt;&lt;code&gt;&lt;span style="color: var(--highlight-keyword)"&gt;&amp;nbsp;&amp;nbsp;&amp;nbsp;&amp;nbsp;&amp;nbsp;&amp;nbsp;&amp;nbsp;&amp;nbsp;&amp;nbsp;&amp;nbsp;&amp;nbsp;&amp;nbsp;foreach&amp;nbsp;(&lt;/span&gt;&lt;span style="color: var(--highlight-default)"&gt;$hookMethods&lt;/span&gt;&lt;span style="color: var(--highlight-keyword)"&gt;[&lt;/span&gt;&lt;span style="color: var(--highlight-string)"&gt;'afterClass'&lt;/span&gt;&lt;span style="color: var(--highlight-keyword)"&gt;]&amp;nbsp;as&amp;nbsp;&lt;/span&gt;&lt;span style="color: var(--highlight-default)"&gt;$afterClassMethod&lt;/span&gt;&lt;span style="color: var(--highlight-keyword)"&gt;)&amp;nbsp;{&lt;/span&gt;&lt;/code&gt;&lt;/li&gt;
&lt;li&gt;&lt;code&gt;&lt;span style="color: var(--highlight-keyword)"&gt;&amp;nbsp;&amp;nbsp;&amp;nbsp;&amp;nbsp;&amp;nbsp;&amp;nbsp;&amp;nbsp;&amp;nbsp;&amp;nbsp;&amp;nbsp;&amp;nbsp;&amp;nbsp;&amp;nbsp;&amp;nbsp;&amp;nbsp;&amp;nbsp;if&amp;nbsp;(&lt;/span&gt;&lt;span style="color: var(--highlight-default)"&gt;method_exists&lt;/span&gt;&lt;span style="color: var(--highlight-keyword)"&gt;(&lt;/span&gt;&lt;span style="color: var(--highlight-default)"&gt;$this&lt;/span&gt;&lt;span style="color: var(--highlight-keyword)"&gt;-&amp;gt;&lt;/span&gt;&lt;span style="color: var(--highlight-default)"&gt;name&lt;/span&gt;&lt;span style="color: var(--highlight-keyword)"&gt;,&amp;nbsp;&lt;/span&gt;&lt;span style="color: var(--highlight-default)"&gt;$afterClassMethod&lt;/span&gt;&lt;span style="color: var(--highlight-keyword)"&gt;))&amp;nbsp;{&lt;/span&gt;&lt;/code&gt;&lt;/li&gt;&lt;/ol&gt;    &lt;/div&gt;            &lt;/div&gt;
                        &lt;div class="trace-line "&gt;
                &lt;div class="trace-line-header break-long-words sf-toggle" data-toggle-selector="#trace-html-2-21" data-toggle-initial=""&gt;
            &lt;span class="icon icon-close"&gt;&lt;svg width="1792" height="1792" viewBox="0 0 1792 1792" xmlns="http://www.w3.org/2000/svg"&gt;&lt;path d="M1408 960V832q0-26-19-45t-45-19H448q-26 0-45 19t-19 45v128q0 26 19 45t45 19h896q26 0 45-19t19-45zm256-544v960q0 119-84.5 203.5T1376 1664H416q-119 0-203.5-84.5T128 1376V416q0-119 84.5-203.5T416 128h960q119 0 203.5 84.5T1664 416z"/&gt;&lt;/svg&gt;&lt;/span&gt;
        &lt;span class="icon icon-open"&gt;&lt;svg width="1792" height="1792" viewBox="0 0 1792 1792" xmlns="http://www.w3.org/2000/svg"&gt;&lt;path d="M1408 960V832q0-26-19-45t-45-19h-320V448q0-26-19-45t-45-19H832q-26 0-45 19t-19 45v320H448q-26 0-45 19t-19 45v128q0 26 19 45t45 19h320v320q0 26 19 45t45 19h128q26 0 45-19t19-45v-320h320q26 0 45-19t19-45zm256-544v960q0 119-84.5 203.5T1376 1664H416q-119 0-203.5-84.5T128 1376V416q0-119 84.5-203.5T416 128h960q119 0 203.5 84.5T1664 416z"/&gt;&lt;/svg&gt;&lt;/span&gt;
    
            &lt;span class="trace-class"&gt;&lt;abbr title="PHPUnit\Framework\TestSuite"&gt;TestSuite&lt;/abbr&gt;&lt;/span&gt;&lt;span class="trace-type"&gt;-&gt;&lt;/span&gt;&lt;span class="trace-method"&gt;run&lt;/span&gt;&lt;span class="trace-arguments"&gt;(&lt;em&gt;object&lt;/em&gt;(&lt;abbr title="PHPUnit\Framework\TestResult"&gt;TestResult&lt;/abbr&gt;))&lt;/span&gt;    
                    &lt;span class="block trace-file-path"&gt;
            in
            &lt;a href="file://C:\Users\sliti\Desktop\dev\esprit-PIDEV-3A16-2526-FARMIA\vendor\phpunit\phpunit\src\Framework\TestSuite.php#L685"&gt;
                C:\Users\sliti\Desktop\dev\esprit-PIDEV-3A16-2526-FARMIA\vendor\phpunit\phpunit\src\Framework\&lt;strong&gt;TestSuite.php&lt;/strong&gt;
            &lt;/a&gt;
                        (line 685)
            &lt;span class="icon icon-copy hidden" data-clipboard-text="C:\Users\sliti\Desktop\dev\esprit-PIDEV-3A16-2526-FARMIA\vendor\phpunit\phpunit\src\Framework\TestSuite.php:685"&gt;
                &lt;svg xmlns="http://www.w3.org/2000/svg" height="24" viewBox="0 0 24 24" width="24"&gt;&lt;path d="M0 0h24v24H0z" fill="none"/&gt;&lt;path d="M16 1H4c-1.1 0-2 .9-2 2v14h2V3h12V1zm3 4H8c-1.1 0-2 .9-2 2v14c0 1.1.9 2 2 2h11c1.1 0 2-.9 2-2V7c0-1.1-.9-2-2-2zm0 16H8V7h11v14z"/&gt;&lt;/svg&gt;            &lt;/span&gt;
        &lt;/span&gt;
    &lt;/div&gt;
    &lt;div id="trace-html-2-21" class="trace-code sf-toggle-content"&gt;
        &lt;ol start="680"&gt;&lt;li&gt;&lt;code&gt;&lt;span style="color: var(--highlight-keyword)"&gt;&amp;nbsp;&amp;nbsp;&amp;nbsp;&amp;nbsp;&amp;nbsp;&amp;nbsp;&amp;nbsp;&amp;nbsp;&amp;nbsp;&amp;nbsp;&amp;nbsp;&amp;nbsp;&amp;nbsp;&amp;nbsp;&amp;nbsp;&amp;nbsp;&lt;/span&gt;&lt;span style="color: var(--highlight-default)"&gt;$test&lt;/span&gt;&lt;span style="color: var(--highlight-keyword)"&gt;-&amp;gt;&lt;/span&gt;&lt;span style="color: var(--highlight-default)"&gt;setBackupGlobals&lt;/span&gt;&lt;span style="color: var(--highlight-keyword)"&gt;(&lt;/span&gt;&lt;span style="color: var(--highlight-default)"&gt;$this&lt;/span&gt;&lt;span style="color: var(--highlight-keyword)"&gt;-&amp;gt;&lt;/span&gt;&lt;span style="color: var(--highlight-default)"&gt;backupGlobals&lt;/span&gt;&lt;span style="color: var(--highlight-keyword)"&gt;);&lt;/span&gt;&lt;/code&gt;&lt;/li&gt;
&lt;li&gt;&lt;code&gt;&lt;span style="color: var(--highlight-keyword)"&gt;&amp;nbsp;&amp;nbsp;&amp;nbsp;&amp;nbsp;&amp;nbsp;&amp;nbsp;&amp;nbsp;&amp;nbsp;&amp;nbsp;&amp;nbsp;&amp;nbsp;&amp;nbsp;&amp;nbsp;&amp;nbsp;&amp;nbsp;&amp;nbsp;&lt;/span&gt;&lt;span style="color: var(--highlight-default)"&gt;$test&lt;/span&gt;&lt;span style="color: var(--highlight-keyword)"&gt;-&amp;gt;&lt;/span&gt;&lt;span style="color: var(--highlight-default)"&gt;setBackupStaticAttributes&lt;/span&gt;&lt;span style="color: var(--highlight-keyword)"&gt;(&lt;/span&gt;&lt;span style="color: var(--highlight-default)"&gt;$this&lt;/span&gt;&lt;span style="color: var(--highlight-keyword)"&gt;-&amp;gt;&lt;/span&gt;&lt;span style="color: var(--highlight-default)"&gt;backupStaticAttributes&lt;/span&gt;&lt;span style="color: var(--highlight-keyword)"&gt;);&lt;/span&gt;&lt;/code&gt;&lt;/li&gt;
&lt;li&gt;&lt;code&gt;&lt;span style="color: var(--highlight-keyword)"&gt;&amp;nbsp;&amp;nbsp;&amp;nbsp;&amp;nbsp;&amp;nbsp;&amp;nbsp;&amp;nbsp;&amp;nbsp;&amp;nbsp;&amp;nbsp;&amp;nbsp;&amp;nbsp;&amp;nbsp;&amp;nbsp;&amp;nbsp;&amp;nbsp;&lt;/span&gt;&lt;span style="color: var(--highlight-default)"&gt;$test&lt;/span&gt;&lt;span style="color: var(--highlight-keyword)"&gt;-&amp;gt;&lt;/span&gt;&lt;span style="color: var(--highlight-default)"&gt;setRunTestInSeparateProcess&lt;/span&gt;&lt;span style="color: var(--highlight-keyword)"&gt;(&lt;/span&gt;&lt;span style="color: var(--highlight-default)"&gt;$this&lt;/span&gt;&lt;span style="color: var(--highlight-keyword)"&gt;-&amp;gt;&lt;/span&gt;&lt;span style="color: var(--highlight-default)"&gt;runTestInSeparateProcess&lt;/span&gt;&lt;span style="color: var(--highlight-keyword)"&gt;);&lt;/span&gt;&lt;/code&gt;&lt;/li&gt;
&lt;li&gt;&lt;code&gt;&lt;span style="color: var(--highlight-keyword)"&gt;&amp;nbsp;&amp;nbsp;&amp;nbsp;&amp;nbsp;&amp;nbsp;&amp;nbsp;&amp;nbsp;&amp;nbsp;&amp;nbsp;&amp;nbsp;&amp;nbsp;&amp;nbsp;}&lt;/span&gt;&lt;/code&gt;&lt;/li&gt;
&lt;li&gt;&lt;code&gt;&lt;span style="color: var(--highlight-keyword)"&gt;&lt;/span&gt;&lt;/code&gt;&lt;/li&gt;
&lt;li class="selected"&gt;&lt;code&gt;&lt;span style="color: var(--highlight-keyword)"&gt;&amp;nbsp;&amp;nbsp;&amp;nbsp;&amp;nbsp;&amp;nbsp;&amp;nbsp;&amp;nbsp;&amp;nbsp;&amp;nbsp;&amp;nbsp;&amp;nbsp;&amp;nbsp;&lt;/span&gt;&lt;span style="color: var(--highlight-default)"&gt;$test&lt;/span&gt;&lt;span style="color: var(--highlight-keyword)"&gt;-&amp;gt;&lt;/span&gt;&lt;span style="color: var(--highlight-default)"&gt;run&lt;/span&gt;&lt;span style="color: var(--highlight-keyword)"&gt;(&lt;/span&gt;&lt;span style="color: var(--highlight-default)"&gt;$result&lt;/span&gt;&lt;span style="color: var(--highlight-keyword)"&gt;);&lt;/span&gt;&lt;/code&gt;&lt;/li&gt;
&lt;li&gt;&lt;code&gt;&lt;span style="color: var(--highlight-keyword)"&gt;&amp;nbsp;&amp;nbsp;&amp;nbsp;&amp;nbsp;&amp;nbsp;&amp;nbsp;&amp;nbsp;&amp;nbsp;}&lt;/span&gt;&lt;/code&gt;&lt;/li&gt;
&lt;li&gt;&lt;code&gt;&lt;span style="color: var(--highlight-keyword)"&gt;&lt;/span&gt;&lt;/code&gt;&lt;/li&gt;
&lt;li&gt;&lt;code&gt;&lt;span style="color: var(--highlight-keyword)"&gt;&amp;nbsp;&amp;nbsp;&amp;nbsp;&amp;nbsp;&amp;nbsp;&amp;nbsp;&amp;nbsp;&amp;nbsp;if&amp;nbsp;(&lt;/span&gt;&lt;span style="color: var(--highlight-default)"&gt;$this&lt;/span&gt;&lt;span style="color: var(--highlight-keyword)"&gt;-&amp;gt;&lt;/span&gt;&lt;span style="color: var(--highlight-default)"&gt;testCase&amp;nbsp;&lt;/span&gt;&lt;span style="color: var(--highlight-keyword)"&gt;&amp;amp;&amp;amp;&amp;nbsp;&lt;/span&gt;&lt;span style="color: var(--highlight-default)"&gt;class_exists&lt;/span&gt;&lt;span style="color: var(--highlight-keyword)"&gt;(&lt;/span&gt;&lt;span style="color: var(--highlight-default)"&gt;$this&lt;/span&gt;&lt;span style="color: var(--highlight-keyword)"&gt;-&amp;gt;&lt;/span&gt;&lt;span style="color: var(--highlight-default)"&gt;name&lt;/span&gt;&lt;span style="color: var(--highlight-keyword)"&gt;,&amp;nbsp;&lt;/span&gt;&lt;span style="color: var(--highlight-default)"&gt;false&lt;/span&gt;&lt;span style="color: var(--highlight-keyword)"&gt;))&amp;nbsp;{&lt;/span&gt;&lt;/code&gt;&lt;/li&gt;
&lt;li&gt;&lt;code&gt;&lt;span style="color: var(--highlight-keyword)"&gt;&amp;nbsp;&amp;nbsp;&amp;nbsp;&amp;nbsp;&amp;nbsp;&amp;nbsp;&amp;nbsp;&amp;nbsp;&amp;nbsp;&amp;nbsp;&amp;nbsp;&amp;nbsp;foreach&amp;nbsp;(&lt;/span&gt;&lt;span style="color: var(--highlight-default)"&gt;$hookMethods&lt;/span&gt;&lt;span style="color: var(--highlight-keyword)"&gt;[&lt;/span&gt;&lt;span style="color: var(--highlight-string)"&gt;'afterClass'&lt;/span&gt;&lt;span style="color: var(--highlight-keyword)"&gt;]&amp;nbsp;as&amp;nbsp;&lt;/span&gt;&lt;span style="color: var(--highlight-default)"&gt;$afterClassMethod&lt;/span&gt;&lt;span style="color: var(--highlight-keyword)"&gt;)&amp;nbsp;{&lt;/span&gt;&lt;/code&gt;&lt;/li&gt;
&lt;li&gt;&lt;code&gt;&lt;span style="color: var(--highlight-keyword)"&gt;&amp;nbsp;&amp;nbsp;&amp;nbsp;&amp;nbsp;&amp;nbsp;&amp;nbsp;&amp;nbsp;&amp;nbsp;&amp;nbsp;&amp;nbsp;&amp;nbsp;&amp;nbsp;&amp;nbsp;&amp;nbsp;&amp;nbsp;&amp;nbsp;if&amp;nbsp;(&lt;/span&gt;&lt;span style="color: var(--highlight-default)"&gt;method_exists&lt;/span&gt;&lt;span style="color: var(--highlight-keyword)"&gt;(&lt;/span&gt;&lt;span style="color: var(--highlight-default)"&gt;$this&lt;/span&gt;&lt;span style="color: var(--highlight-keyword)"&gt;-&amp;gt;&lt;/span&gt;&lt;span style="color: var(--highlight-default)"&gt;name&lt;/span&gt;&lt;span style="color: var(--highlight-keyword)"&gt;,&amp;nbsp;&lt;/span&gt;&lt;span style="color: var(--highlight-default)"&gt;$afterClassMethod&lt;/span&gt;&lt;span style="color: var(--highlight-keyword)"&gt;))&amp;nbsp;{&lt;/span&gt;&lt;/code&gt;&lt;/li&gt;&lt;/ol&gt;    &lt;/div&gt;            &lt;/div&gt;
                        &lt;div class="trace-line "&gt;
                &lt;div class="trace-line-header break-long-words sf-toggle" data-toggle-selector="#trace-html-2-22" data-toggle-initial=""&gt;
            &lt;span class="icon icon-close"&gt;&lt;svg width="1792" height="1792" viewBox="0 0 1792 1792" xmlns="http://www.w3.org/2000/svg"&gt;&lt;path d="M1408 960V832q0-26-19-45t-45-19H448q-26 0-45 19t-19 45v128q0 26 19 45t45 19h896q26 0 45-19t19-45zm256-544v960q0 119-84.5 203.5T1376 1664H416q-119 0-203.5-84.5T128 1376V416q0-119 84.5-203.5T416 128h960q119 0 203.5 84.5T1664 416z"/&gt;&lt;/svg&gt;&lt;/span&gt;
        &lt;span class="icon icon-open"&gt;&lt;svg width="1792" height="1792" viewBox="0 0 1792 1792" xmlns="http://www.w3.org/2000/svg"&gt;&lt;path d="M1408 960V832q0-26-19-45t-45-19h-320V448q0-26-19-45t-45-19H832q-26 0-45 19t-19 45v320H448q-26 0-45 19t-19 45v128q0 26 19 45t45 19h320v320q0 26 19 45t45 19h128q26 0 45-19t19-45v-320h320q26 0 45-19t19-45zm256-544v960q0 119-84.5 203.5T1376 1664H416q-119 0-203.5-84.5T128 1376V416q0-119 84.5-203.5T416 128h960q119 0 203.5 84.5T1664 416z"/&gt;&lt;/svg&gt;&lt;/span&gt;
    
            &lt;span class="trace-class"&gt;&lt;abbr title="PHPUnit\Framework\TestSuite"&gt;TestSuite&lt;/abbr&gt;&lt;/span&gt;&lt;span class="trace-type"&gt;-&gt;&lt;/span&gt;&lt;span class="trace-method"&gt;run&lt;/span&gt;&lt;span class="trace-arguments"&gt;(&lt;em&gt;object&lt;/em&gt;(&lt;abbr title="PHPUnit\Framework\TestResult"&gt;TestResult&lt;/abbr&gt;))&lt;/span&gt;    
                    &lt;span class="block trace-file-path"&gt;
            in
            &lt;a href="file://C:\Users\sliti\Desktop\dev\esprit-PIDEV-3A16-2526-FARMIA\vendor\phpunit\phpunit\src\TextUI\TestRunner.php#L651"&gt;
                C:\Users\sliti\Desktop\dev\esprit-PIDEV-3A16-2526-FARMIA\vendor\phpunit\phpunit\src\TextUI\&lt;strong&gt;TestRunner.php&lt;/strong&gt;
            &lt;/a&gt;
                        (line 651)
            &lt;span class="icon icon-copy hidden" data-clipboard-text="C:\Users\sliti\Desktop\dev\esprit-PIDEV-3A16-2526-FARMIA\vendor\phpunit\phpunit\src\TextUI\TestRunner.php:651"&gt;
                &lt;svg xmlns="http://www.w3.org/2000/svg" height="24" viewBox="0 0 24 24" width="24"&gt;&lt;path d="M0 0h24v24H0z" fill="none"/&gt;&lt;path d="M16 1H4c-1.1 0-2 .9-2 2v14h2V3h12V1zm3 4H8c-1.1 0-2 .9-2 2v14c0 1.1.9 2 2 2h11c1.1 0 2-.9 2-2V7c0-1.1-.9-2-2-2zm0 16H8V7h11v14z"/&gt;&lt;/svg&gt;            &lt;/span&gt;
        &lt;/span&gt;
    &lt;/div&gt;
    &lt;div id="trace-html-2-22" class="trace-code sf-toggle-content"&gt;
        &lt;ol start="646"&gt;&lt;li&gt;&lt;code&gt;&lt;span style="color: var(--highlight-keyword)"&gt;&amp;nbsp;&amp;nbsp;&amp;nbsp;&amp;nbsp;&amp;nbsp;&amp;nbsp;&amp;nbsp;&amp;nbsp;&amp;nbsp;&amp;nbsp;&amp;nbsp;&amp;nbsp;if&amp;nbsp;(&lt;/span&gt;&lt;span style="color: var(--highlight-default)"&gt;$extension&amp;nbsp;&lt;/span&gt;&lt;span style="color: var(--highlight-keyword)"&gt;instanceof&amp;nbsp;&lt;/span&gt;&lt;span style="color: var(--highlight-default)"&gt;BeforeFirstTestHook&lt;/span&gt;&lt;span style="color: var(--highlight-keyword)"&gt;)&amp;nbsp;{&lt;/span&gt;&lt;/code&gt;&lt;/li&gt;
&lt;li&gt;&lt;code&gt;&lt;span style="color: var(--highlight-keyword)"&gt;&amp;nbsp;&amp;nbsp;&amp;nbsp;&amp;nbsp;&amp;nbsp;&amp;nbsp;&amp;nbsp;&amp;nbsp;&amp;nbsp;&amp;nbsp;&amp;nbsp;&amp;nbsp;&amp;nbsp;&amp;nbsp;&amp;nbsp;&amp;nbsp;&lt;/span&gt;&lt;span style="color: var(--highlight-default)"&gt;$extension&lt;/span&gt;&lt;span style="color: var(--highlight-keyword)"&gt;-&amp;gt;&lt;/span&gt;&lt;span style="color: var(--highlight-default)"&gt;executeBeforeFirstTest&lt;/span&gt;&lt;span style="color: var(--highlight-keyword)"&gt;();&lt;/span&gt;&lt;/code&gt;&lt;/li&gt;
&lt;li&gt;&lt;code&gt;&lt;span style="color: var(--highlight-keyword)"&gt;&amp;nbsp;&amp;nbsp;&amp;nbsp;&amp;nbsp;&amp;nbsp;&amp;nbsp;&amp;nbsp;&amp;nbsp;&amp;nbsp;&amp;nbsp;&amp;nbsp;&amp;nbsp;}&lt;/span&gt;&lt;/code&gt;&lt;/li&gt;
&lt;li&gt;&lt;code&gt;&lt;span style="color: var(--highlight-keyword)"&gt;&amp;nbsp;&amp;nbsp;&amp;nbsp;&amp;nbsp;&amp;nbsp;&amp;nbsp;&amp;nbsp;&amp;nbsp;}&lt;/span&gt;&lt;/code&gt;&lt;/li&gt;
&lt;li&gt;&lt;code&gt;&lt;span style="color: var(--highlight-keyword)"&gt;&lt;/span&gt;&lt;/code&gt;&lt;/li&gt;
&lt;li class="selected"&gt;&lt;code&gt;&lt;span style="color: var(--highlight-keyword)"&gt;&amp;nbsp;&amp;nbsp;&amp;nbsp;&amp;nbsp;&amp;nbsp;&amp;nbsp;&amp;nbsp;&amp;nbsp;&lt;/span&gt;&lt;span style="color: var(--highlight-default)"&gt;$suite&lt;/span&gt;&lt;span style="color: var(--highlight-keyword)"&gt;-&amp;gt;&lt;/span&gt;&lt;span style="color: var(--highlight-default)"&gt;run&lt;/span&gt;&lt;span style="color: var(--highlight-keyword)"&gt;(&lt;/span&gt;&lt;span style="color: var(--highlight-default)"&gt;$result&lt;/span&gt;&lt;span style="color: var(--highlight-keyword)"&gt;);&lt;/span&gt;&lt;/code&gt;&lt;/li&gt;
&lt;li&gt;&lt;code&gt;&lt;span style="color: var(--highlight-keyword)"&gt;&lt;/span&gt;&lt;/code&gt;&lt;/li&gt;
&lt;li&gt;&lt;code&gt;&lt;span style="color: var(--highlight-keyword)"&gt;&amp;nbsp;&amp;nbsp;&amp;nbsp;&amp;nbsp;&amp;nbsp;&amp;nbsp;&amp;nbsp;&amp;nbsp;foreach&amp;nbsp;(&lt;/span&gt;&lt;span style="color: var(--highlight-default)"&gt;$this&lt;/span&gt;&lt;span style="color: var(--highlight-keyword)"&gt;-&amp;gt;&lt;/span&gt;&lt;span style="color: var(--highlight-default)"&gt;extensions&amp;nbsp;&lt;/span&gt;&lt;span style="color: var(--highlight-keyword)"&gt;as&amp;nbsp;&lt;/span&gt;&lt;span style="color: var(--highlight-default)"&gt;$extension&lt;/span&gt;&lt;span style="color: var(--highlight-keyword)"&gt;)&amp;nbsp;{&lt;/span&gt;&lt;/code&gt;&lt;/li&gt;
&lt;li&gt;&lt;code&gt;&lt;span style="color: var(--highlight-keyword)"&gt;&amp;nbsp;&amp;nbsp;&amp;nbsp;&amp;nbsp;&amp;nbsp;&amp;nbsp;&amp;nbsp;&amp;nbsp;&amp;nbsp;&amp;nbsp;&amp;nbsp;&amp;nbsp;if&amp;nbsp;(&lt;/span&gt;&lt;span style="color: var(--highlight-default)"&gt;$extension&amp;nbsp;&lt;/span&gt;&lt;span style="color: var(--highlight-keyword)"&gt;instanceof&amp;nbsp;&lt;/span&gt;&lt;span style="color: var(--highlight-default)"&gt;AfterLastTestHook&lt;/span&gt;&lt;span style="color: var(--highlight-keyword)"&gt;)&amp;nbsp;{&lt;/span&gt;&lt;/code&gt;&lt;/li&gt;
&lt;li&gt;&lt;code&gt;&lt;span style="color: var(--highlight-keyword)"&gt;&amp;nbsp;&amp;nbsp;&amp;nbsp;&amp;nbsp;&amp;nbsp;&amp;nbsp;&amp;nbsp;&amp;nbsp;&amp;nbsp;&amp;nbsp;&amp;nbsp;&amp;nbsp;&amp;nbsp;&amp;nbsp;&amp;nbsp;&amp;nbsp;&lt;/span&gt;&lt;span style="color: var(--highlight-default)"&gt;$extension&lt;/span&gt;&lt;span style="color: var(--highlight-keyword)"&gt;-&amp;gt;&lt;/span&gt;&lt;span style="color: var(--highlight-default)"&gt;executeAfterLastTest&lt;/span&gt;&lt;span style="color: var(--highlight-keyword)"&gt;();&lt;/span&gt;&lt;/code&gt;&lt;/li&gt;
&lt;li&gt;&lt;code&gt;&lt;span style="color: var(--highlight-keyword)"&gt;&amp;nbsp;&amp;nbsp;&amp;nbsp;&amp;nbsp;&amp;nbsp;&amp;nbsp;&amp;nbsp;&amp;nbsp;&amp;nbsp;&amp;nbsp;&amp;nbsp;&amp;nbsp;}&lt;/span&gt;&lt;/code&gt;&lt;/li&gt;&lt;/ol&gt;    &lt;/div&gt;            &lt;/div&gt;
                        &lt;div class="trace-line "&gt;
                &lt;div class="trace-line-header break-long-words sf-toggle" data-toggle-selector="#trace-html-2-23" data-toggle-initial=""&gt;
            &lt;span class="icon icon-close"&gt;&lt;svg width="1792" height="1792" viewBox="0 0 1792 1792" xmlns="http://www.w3.org/2000/svg"&gt;&lt;path d="M1408 960V832q0-26-19-45t-45-19H448q-26 0-45 19t-19 45v128q0 26 19 45t45 19h896q26 0 45-19t19-45zm256-544v960q0 119-84.5 203.5T1376 1664H416q-119 0-203.5-84.5T128 1376V416q0-119 84.5-203.5T416 128h960q119 0 203.5 84.5T1664 416z"/&gt;&lt;/svg&gt;&lt;/span&gt;
        &lt;span class="icon icon-open"&gt;&lt;svg width="1792" height="1792" viewBox="0 0 1792 1792" xmlns="http://www.w3.org/2000/svg"&gt;&lt;path d="M1408 960V832q0-26-19-45t-45-19h-320V448q0-26-19-45t-45-19H832q-26 0-45 19t-19 45v320H448q-26 0-45 19t-19 45v128q0 26 19 45t45 19h320v320q0 26 19 45t45 19h128q26 0 45-19t19-45v-320h320q26 0 45-19t19-45zm256-544v960q0 119-84.5 203.5T1376 1664H416q-119 0-203.5-84.5T128 1376V416q0-119 84.5-203.5T416 128h960q119 0 203.5 84.5T1664 416z"/&gt;&lt;/svg&gt;&lt;/span&gt;
    
            &lt;span class="trace-class"&gt;&lt;abbr title="PHPUnit\TextUI\TestRunner"&gt;TestRunner&lt;/abbr&gt;&lt;/span&gt;&lt;span class="trace-type"&gt;-&gt;&lt;/span&gt;&lt;span class="trace-method"&gt;run&lt;/span&gt;&lt;span class="trace-arguments"&gt;(&lt;em&gt;object&lt;/em&gt;(&lt;abbr title="PHPUnit\Framework\TestSuite"&gt;TestSuite&lt;/abbr&gt;), &lt;em&gt;array&lt;/em&gt;('extensions' =&gt; &lt;em&gt;array&lt;/em&gt;(), 'listGroups' =&gt; &lt;em&gt;false&lt;/em&gt;, 'listSuites' =&gt; &lt;em&gt;false&lt;/em&gt;, 'listTests' =&gt; &lt;em&gt;false&lt;/em&gt;, 'listTestsXml' =&gt; &lt;em&gt;false&lt;/em&gt;, 'loader' =&gt; &lt;em&gt;null&lt;/em&gt;, 'useDefaultConfiguration' =&gt; &lt;em&gt;true&lt;/em&gt;, 'loadedExtensions' =&gt; &lt;em&gt;array&lt;/em&gt;(), 'unavailableExtensions' =&gt; &lt;em&gt;array&lt;/em&gt;(), 'notLoadedExtensions' =&gt; &lt;em&gt;array&lt;/em&gt;(), 'junitLogfile' =&gt; 'test-results.xml', 'testSuffixes' =&gt; &lt;em&gt;array&lt;/em&gt;('Test.php', '.phpt'), 'configuration' =&gt; 'C:\\Users\\sliti\\Desktop\\dev\\esprit-PIDEV-3A16-2526-FARMIA\\phpunit.xml.dist', 'configurationObject' =&gt; &lt;em&gt;object&lt;/em&gt;(&lt;abbr title="PHPUnit\TextUI\XmlConfiguration\Configuration"&gt;Configuration&lt;/abbr&gt;), 'stderr' =&gt; &lt;em&gt;false&lt;/em&gt;, 'columns' =&gt; 80, 'warnings' =&gt; &lt;em&gt;array&lt;/em&gt;(), 'debug' =&gt; &lt;em&gt;false&lt;/em&gt;, 'filter' =&gt; &lt;em&gt;false&lt;/em&gt;, 'listeners' =&gt; &lt;em&gt;array&lt;/em&gt;(), 'backupGlobals' =&gt; &lt;em&gt;false&lt;/em&gt;, 'backupStaticAttributes' =&gt; &lt;em&gt;false&lt;/em&gt;, 'beStrictAboutChangesToGlobalState' =&gt; &lt;em&gt;false&lt;/em&gt;, 'cacheResult' =&gt; &lt;em&gt;true&lt;/em&gt;, 'colors' =&gt; 'auto', 'convertDeprecationsToExceptions' =&gt; &lt;em&gt;false&lt;/em&gt;, 'convertErrorsToExceptions' =&gt; &lt;em&gt;true&lt;/em&gt;, 'convertNoticesToExceptions' =&gt; &lt;em&gt;true&lt;/em&gt;, 'convertWarningsToExceptions' =&gt; &lt;em&gt;true&lt;/em&gt;, 'processIsolation' =&gt; &lt;em&gt;false&lt;/em&gt;, 'stopOnDefect' =&gt; &lt;em&gt;false&lt;/em&gt;, 'stopOnError' =&gt; &lt;em&gt;false&lt;/em&gt;, 'stopOnFailure' =&gt; &lt;em&gt;false&lt;/em&gt;, 'stopOnWarning' =&gt; &lt;em&gt;false&lt;/em&gt;, 'stopOnIncomplete' =&gt; &lt;em&gt;false&lt;/em&gt;, 'stopOnRisky' =&gt; &lt;em&gt;false&lt;/em&gt;, 'stopOnSkipped' =&gt; &lt;em&gt;false&lt;/em&gt;, 'failOnEmptyTestSuite' =&gt; &lt;em&gt;false&lt;/em&gt;, 'failOnIncomplete' =&gt; &lt;em&gt;false&lt;/em&gt;, 'failOnRisky' =&gt; &lt;em&gt;false&lt;/em&gt;, 'failOnSkipped' =&gt; &lt;em&gt;false&lt;/em&gt;, 'failOnWarning' =&gt; &lt;em&gt;false&lt;/em&gt;, 'enforceTimeLimit' =&gt; &lt;em&gt;false&lt;/em&gt;, 'defaultTimeLimit' =&gt; 1, 'timeoutForSmallTests' =&gt; 1, 'timeoutForMediumTests' =&gt; 10, 'timeoutForLargeTests' =&gt; 60, 'reportUselessTests' =&gt; &lt;em&gt;true&lt;/em&gt;, 'strictCoverage' =&gt; &lt;em&gt;false&lt;/em&gt;, 'ignoreDeprecatedCodeUnitsFromCodeCoverage' =&gt; &lt;em&gt;false&lt;/em&gt;, 'disallowTestOutput' =&gt; &lt;em&gt;false&lt;/em&gt;, 'disallowTodoAnnotatedTests' =&gt; &lt;em&gt;false&lt;/em&gt;, 'beStrictAboutResourceUsageDuringSmallTests' =&gt; &lt;em&gt;false&lt;/em&gt;, 'verbose' =&gt; &lt;em&gt;false&lt;/em&gt;, 'reverseDefectList' =&gt; &lt;em&gt;false&lt;/em&gt;, 'forceCoversAnnotation' =&gt; &lt;em&gt;false&lt;/em&gt;, 'disableCodeCoverageIgnore' =&gt; &lt;em&gt;false&lt;/em&gt;, 'registerMockObjectsFromTestArgumentsRecursively' =&gt; &lt;em&gt;false&lt;/em&gt;, 'noInteraction' =&gt; &lt;em&gt;false&lt;/em&gt;, 'executionOrder' =&gt; 0, 'resolveDependencies' =&gt; &lt;em&gt;true&lt;/em&gt;, 'bootstrap' =&gt; 'C:\\Users\\sliti\\Desktop\\dev\\esprit-PIDEV-3A16-2526-FARMIA\\tests/bootstrap.php', 'executionOrderDefects' =&gt; 0, 'crap4jThreshold' =&gt; 30, 'excludeGroups' =&gt; &lt;em&gt;array&lt;/em&gt;(), 'groups' =&gt; &lt;em&gt;array&lt;/em&gt;(), 'randomOrderSeed' =&gt; 1777118040, 'repeat' =&gt; &lt;em&gt;false&lt;/em&gt;, 'reportHighLowerBound' =&gt; 90, 'reportLowUpperBound' =&gt; 50, 'reverseList' =&gt; &lt;em&gt;false&lt;/em&gt;, 'testdoxExcludeGroups' =&gt; &lt;em&gt;array&lt;/em&gt;(), 'testdoxGroups' =&gt; &lt;em&gt;array&lt;/em&gt;(), 'cacheResultFile' =&gt; 'C:\\Users\\sliti\\Desktop\\dev\\esprit-PIDEV-3A16-2526-FARMIA'), &lt;em&gt;array&lt;/em&gt;(), &lt;em&gt;true&lt;/em&gt;)&lt;/span&gt;    
                    &lt;span class="block trace-file-path"&gt;
            in
            &lt;a href="file://C:\Users\sliti\Desktop\dev\esprit-PIDEV-3A16-2526-FARMIA\vendor\phpunit\phpunit\src\TextUI\Command.php#L146"&gt;
                C:\Users\sliti\Desktop\dev\esprit-PIDEV-3A16-2526-FARMIA\vendor\phpunit\phpunit\src\TextUI\&lt;strong&gt;Command.php&lt;/strong&gt;
            &lt;/a&gt;
                        (line 146)
            &lt;span class="icon icon-copy hidden" data-clipboard-text="C:\Users\sliti\Desktop\dev\esprit-PIDEV-3A16-2526-FARMIA\vendor\phpunit\phpunit\src\TextUI\Command.php:146"&gt;
                &lt;svg xmlns="http://www.w3.org/2000/svg" height="24" viewBox="0 0 24 24" width="24"&gt;&lt;path d="M0 0h24v24H0z" fill="none"/&gt;&lt;path d="M16 1H4c-1.1 0-2 .9-2 2v14h2V3h12V1zm3 4H8c-1.1 0-2 .9-2 2v14c0 1.1.9 2 2 2h11c1.1 0 2-.9 2-2V7c0-1.1-.9-2-2-2zm0 16H8V7h11v14z"/&gt;&lt;/svg&gt;            &lt;/span&gt;
        &lt;/span&gt;
    &lt;/div&gt;
    &lt;div id="trace-html-2-23" class="trace-code sf-toggle-content"&gt;
        &lt;ol start="141"&gt;&lt;li&gt;&lt;code&gt;&lt;span style="color: var(--highlight-keyword)"&gt;&amp;nbsp;&amp;nbsp;&amp;nbsp;&amp;nbsp;&amp;nbsp;&amp;nbsp;&amp;nbsp;&amp;nbsp;}&lt;/span&gt;&lt;/code&gt;&lt;/li&gt;
&lt;li&gt;&lt;code&gt;&lt;span style="color: var(--highlight-keyword)"&gt;&lt;/span&gt;&lt;/code&gt;&lt;/li&gt;
&lt;li&gt;&lt;code&gt;&lt;span style="color: var(--highlight-keyword)"&gt;&amp;nbsp;&amp;nbsp;&amp;nbsp;&amp;nbsp;&amp;nbsp;&amp;nbsp;&amp;nbsp;&amp;nbsp;unset(&lt;/span&gt;&lt;span style="color: var(--highlight-default)"&gt;$this&lt;/span&gt;&lt;span style="color: var(--highlight-keyword)"&gt;-&amp;gt;&lt;/span&gt;&lt;span style="color: var(--highlight-default)"&gt;arguments&lt;/span&gt;&lt;span style="color: var(--highlight-keyword)"&gt;[&lt;/span&gt;&lt;span style="color: var(--highlight-string)"&gt;'test'&lt;/span&gt;&lt;span style="color: var(--highlight-keyword)"&gt;],&amp;nbsp;&lt;/span&gt;&lt;span style="color: var(--highlight-default)"&gt;$this&lt;/span&gt;&lt;span style="color: var(--highlight-keyword)"&gt;-&amp;gt;&lt;/span&gt;&lt;span style="color: var(--highlight-default)"&gt;arguments&lt;/span&gt;&lt;span style="color: var(--highlight-keyword)"&gt;[&lt;/span&gt;&lt;span style="color: var(--highlight-string)"&gt;'testFile'&lt;/span&gt;&lt;span style="color: var(--highlight-keyword)"&gt;]);&lt;/span&gt;&lt;/code&gt;&lt;/li&gt;
&lt;li&gt;&lt;code&gt;&lt;span style="color: var(--highlight-keyword)"&gt;&lt;/span&gt;&lt;/code&gt;&lt;/li&gt;
&lt;li&gt;&lt;code&gt;&lt;span style="color: var(--highlight-keyword)"&gt;&amp;nbsp;&amp;nbsp;&amp;nbsp;&amp;nbsp;&amp;nbsp;&amp;nbsp;&amp;nbsp;&amp;nbsp;try&amp;nbsp;{&lt;/span&gt;&lt;/code&gt;&lt;/li&gt;
&lt;li class="selected"&gt;&lt;code&gt;&lt;span style="color: var(--highlight-keyword)"&gt;&amp;nbsp;&amp;nbsp;&amp;nbsp;&amp;nbsp;&amp;nbsp;&amp;nbsp;&amp;nbsp;&amp;nbsp;&amp;nbsp;&amp;nbsp;&amp;nbsp;&amp;nbsp;&lt;/span&gt;&lt;span style="color: var(--highlight-default)"&gt;$result&amp;nbsp;&lt;/span&gt;&lt;span style="color: var(--highlight-keyword)"&gt;=&amp;nbsp;&lt;/span&gt;&lt;span style="color: var(--highlight-default)"&gt;$runner&lt;/span&gt;&lt;span style="color: var(--highlight-keyword)"&gt;-&amp;gt;&lt;/span&gt;&lt;span style="color: var(--highlight-default)"&gt;run&lt;/span&gt;&lt;span style="color: var(--highlight-keyword)"&gt;(&lt;/span&gt;&lt;span style="color: var(--highlight-default)"&gt;$suite&lt;/span&gt;&lt;span style="color: var(--highlight-keyword)"&gt;,&amp;nbsp;&lt;/span&gt;&lt;span style="color: var(--highlight-default)"&gt;$this&lt;/span&gt;&lt;span style="color: var(--highlight-keyword)"&gt;-&amp;gt;&lt;/span&gt;&lt;span style="color: var(--highlight-default)"&gt;arguments&lt;/span&gt;&lt;span style="color: var(--highlight-keyword)"&gt;,&amp;nbsp;&lt;/span&gt;&lt;span style="color: var(--highlight-default)"&gt;$this&lt;/span&gt;&lt;span style="color: var(--highlight-keyword)"&gt;-&amp;gt;&lt;/span&gt;&lt;span style="color: var(--highlight-default)"&gt;warnings&lt;/span&gt;&lt;span style="color: var(--highlight-keyword)"&gt;,&amp;nbsp;&lt;/span&gt;&lt;span style="color: var(--highlight-default)"&gt;$exit&lt;/span&gt;&lt;span style="color: var(--highlight-keyword)"&gt;);&lt;/span&gt;&lt;/code&gt;&lt;/li&gt;
&lt;li&gt;&lt;code&gt;&lt;span style="color: var(--highlight-keyword)"&gt;&amp;nbsp;&amp;nbsp;&amp;nbsp;&amp;nbsp;&amp;nbsp;&amp;nbsp;&amp;nbsp;&amp;nbsp;}&amp;nbsp;catch&amp;nbsp;(&lt;/span&gt;&lt;span style="color: var(--highlight-default)"&gt;Throwable&amp;nbsp;$t&lt;/span&gt;&lt;span style="color: var(--highlight-keyword)"&gt;)&amp;nbsp;{&lt;/span&gt;&lt;/code&gt;&lt;/li&gt;
&lt;li&gt;&lt;code&gt;&lt;span style="color: var(--highlight-keyword)"&gt;&amp;nbsp;&amp;nbsp;&amp;nbsp;&amp;nbsp;&amp;nbsp;&amp;nbsp;&amp;nbsp;&amp;nbsp;&amp;nbsp;&amp;nbsp;&amp;nbsp;&amp;nbsp;print&amp;nbsp;&lt;/span&gt;&lt;span style="color: var(--highlight-default)"&gt;$t&lt;/span&gt;&lt;span style="color: var(--highlight-keyword)"&gt;-&amp;gt;&lt;/span&gt;&lt;span style="color: var(--highlight-default)"&gt;getMessage&lt;/span&gt;&lt;span style="color: var(--highlight-keyword)"&gt;()&amp;nbsp;.&amp;nbsp;&lt;/span&gt;&lt;span style="color: var(--highlight-default)"&gt;PHP_EOL&lt;/span&gt;&lt;span style="color: var(--highlight-keyword)"&gt;;&lt;/span&gt;&lt;/code&gt;&lt;/li&gt;
&lt;li&gt;&lt;code&gt;&lt;span style="color: var(--highlight-keyword)"&gt;&amp;nbsp;&amp;nbsp;&amp;nbsp;&amp;nbsp;&amp;nbsp;&amp;nbsp;&amp;nbsp;&amp;nbsp;}&lt;/span&gt;&lt;/code&gt;&lt;/li&gt;
&lt;li&gt;&lt;code&gt;&lt;span style="color: var(--highlight-keyword)"&gt;&lt;/span&gt;&lt;/code&gt;&lt;/li&gt;
&lt;li&gt;&lt;code&gt;&lt;span style="color: var(--highlight-keyword)"&gt;&amp;nbsp;&amp;nbsp;&amp;nbsp;&amp;nbsp;&amp;nbsp;&amp;nbsp;&amp;nbsp;&amp;nbsp;&lt;/span&gt;&lt;span style="color: var(--highlight-default)"&gt;$return&amp;nbsp;&lt;/span&gt;&lt;span style="color: var(--highlight-keyword)"&gt;=&amp;nbsp;&lt;/span&gt;&lt;span style="color: var(--highlight-default)"&gt;TestRunner&lt;/span&gt;&lt;span style="color: var(--highlight-keyword)"&gt;::&lt;/span&gt;&lt;span style="color: var(--highlight-default)"&gt;FAILURE_EXIT&lt;/span&gt;&lt;span style="color: var(--highlight-keyword)"&gt;;&lt;/span&gt;&lt;/code&gt;&lt;/li&gt;&lt;/ol&gt;    &lt;/div&gt;            &lt;/div&gt;
                        &lt;div class="trace-line "&gt;
                &lt;div class="trace-line-header break-long-words sf-toggle" data-toggle-selector="#trace-html-2-24" data-toggle-initial=""&gt;
            &lt;span class="icon icon-close"&gt;&lt;svg width="1792" height="1792" viewBox="0 0 1792 1792" xmlns="http://www.w3.org/2000/svg"&gt;&lt;path d="M1408 960V832q0-26-19-45t-45-19H448q-26 0-45 19t-19 45v128q0 26 19 45t45 19h896q26 0 45-19t19-45zm256-544v960q0 119-84.5 203.5T1376 1664H416q-119 0-203.5-84.5T128 1376V416q0-119 84.5-203.5T416 128h960q119 0 203.5 84.5T1664 416z"/&gt;&lt;/svg&gt;&lt;/span&gt;
        &lt;span class="icon icon-open"&gt;&lt;svg width="1792" height="1792" viewBox="0 0 1792 1792" xmlns="http://www.w3.org/2000/svg"&gt;&lt;path d="M1408 960V832q0-26-19-45t-45-19h-320V448q0-26-19-45t-45-19H832q-26 0-45 19t-19 45v320H448q-26 0-45 19t-19 45v128q0 26 19 45t45 19h320v320q0 26 19 45t45 19h128q26 0 45-19t19-45v-320h320q26 0 45-19t19-45zm256-544v960q0 119-84.5 203.5T1376 1664H416q-119 0-203.5-84.5T128 1376V416q0-119 84.5-203.5T416 128h960q119 0 203.5 84.5T1664 416z"/&gt;&lt;/svg&gt;&lt;/span&gt;
    
            &lt;span class="trace-class"&gt;&lt;abbr title="PHPUnit\TextUI\Command"&gt;Command&lt;/abbr&gt;&lt;/span&gt;&lt;span class="trace-type"&gt;-&gt;&lt;/span&gt;&lt;span class="trace-method"&gt;run&lt;/span&gt;&lt;span class="trace-arguments"&gt;(&lt;em&gt;array&lt;/em&gt;('bin/phpunit', '--log-junit', 'test-results.xml'), &lt;em&gt;true&lt;/em&gt;)&lt;/span&gt;    
                    &lt;span class="block trace-file-path"&gt;
            in
            &lt;a href="file://C:\Users\sliti\Desktop\dev\esprit-PIDEV-3A16-2526-FARMIA\vendor\phpunit\phpunit\src\TextUI\Command.php#L99"&gt;
                C:\Users\sliti\Desktop\dev\esprit-PIDEV-3A16-2526-FARMIA\vendor\phpunit\phpunit\src\TextUI\&lt;strong&gt;Command.php&lt;/strong&gt;
            &lt;/a&gt;
                        (line 99)
            &lt;span class="icon icon-copy hidden" data-clipboard-text="C:\Users\sliti\Desktop\dev\esprit-PIDEV-3A16-2526-FARMIA\vendor\phpunit\phpunit\src\TextUI\Command.php:99"&gt;
                &lt;svg xmlns="http://www.w3.org/2000/svg" height="24" viewBox="0 0 24 24" width="24"&gt;&lt;path d="M0 0h24v24H0z" fill="none"/&gt;&lt;path d="M16 1H4c-1.1 0-2 .9-2 2v14h2V3h12V1zm3 4H8c-1.1 0-2 .9-2 2v14c0 1.1.9 2 2 2h11c1.1 0 2-.9 2-2V7c0-1.1-.9-2-2-2zm0 16H8V7h11v14z"/&gt;&lt;/svg&gt;            &lt;/span&gt;
        &lt;/span&gt;
    &lt;/div&gt;
    &lt;div id="trace-html-2-24" class="trace-code sf-toggle-content"&gt;
        &lt;ol start="94"&gt;&lt;li&gt;&lt;code&gt;&lt;span style="color: var(--highlight-comment)"&gt;&amp;nbsp;&amp;nbsp;&amp;nbsp;&amp;nbsp;&amp;nbsp;*&amp;nbsp;@throws&amp;nbsp;Exception&lt;/span&gt;&lt;/code&gt;&lt;/li&gt;
&lt;li&gt;&lt;code&gt;&lt;span style="color: var(--highlight-comment)"&gt;&amp;nbsp;&amp;nbsp;&amp;nbsp;&amp;nbsp;&amp;nbsp;*/&lt;/span&gt;&lt;/code&gt;&lt;/li&gt;
&lt;li&gt;&lt;code&gt;&lt;span style="color: var(--highlight-comment)"&gt;&amp;nbsp;&amp;nbsp;&amp;nbsp;&amp;nbsp;&lt;/span&gt;&lt;span style="color: var(--highlight-keyword)"&gt;public&amp;nbsp;static&amp;nbsp;function&amp;nbsp;&lt;/span&gt;&lt;span style="color: var(--highlight-default)"&gt;main&lt;/span&gt;&lt;span style="color: var(--highlight-keyword)"&gt;(&lt;/span&gt;&lt;span style="color: var(--highlight-default)"&gt;bool&amp;nbsp;$exit&amp;nbsp;&lt;/span&gt;&lt;span style="color: var(--highlight-keyword)"&gt;=&amp;nbsp;&lt;/span&gt;&lt;span style="color: var(--highlight-default)"&gt;true&lt;/span&gt;&lt;span style="color: var(--highlight-keyword)"&gt;):&amp;nbsp;&lt;/span&gt;&lt;span style="color: var(--highlight-default)"&gt;int&lt;/span&gt;&lt;/code&gt;&lt;/li&gt;
&lt;li&gt;&lt;code&gt;&lt;span style="color: var(--highlight-default)"&gt;&amp;nbsp;&amp;nbsp;&amp;nbsp;&amp;nbsp;&lt;/span&gt;&lt;span style="color: var(--highlight-keyword)"&gt;{&lt;/span&gt;&lt;/code&gt;&lt;/li&gt;
&lt;li&gt;&lt;code&gt;&lt;span style="color: var(--highlight-keyword)"&gt;&amp;nbsp;&amp;nbsp;&amp;nbsp;&amp;nbsp;&amp;nbsp;&amp;nbsp;&amp;nbsp;&amp;nbsp;try&amp;nbsp;{&lt;/span&gt;&lt;/code&gt;&lt;/li&gt;
&lt;li class="selected"&gt;&lt;code&gt;&lt;span style="color: var(--highlight-keyword)"&gt;&amp;nbsp;&amp;nbsp;&amp;nbsp;&amp;nbsp;&amp;nbsp;&amp;nbsp;&amp;nbsp;&amp;nbsp;&amp;nbsp;&amp;nbsp;&amp;nbsp;&amp;nbsp;return&amp;nbsp;(new&amp;nbsp;static)-&amp;gt;&lt;/span&gt;&lt;span style="color: var(--highlight-default)"&gt;run&lt;/span&gt;&lt;span style="color: var(--highlight-keyword)"&gt;(&lt;/span&gt;&lt;span style="color: var(--highlight-default)"&gt;$_SERVER&lt;/span&gt;&lt;span style="color: var(--highlight-keyword)"&gt;[&lt;/span&gt;&lt;span style="color: var(--highlight-string)"&gt;'argv'&lt;/span&gt;&lt;span style="color: var(--highlight-keyword)"&gt;],&amp;nbsp;&lt;/span&gt;&lt;span style="color: var(--highlight-default)"&gt;$exit&lt;/span&gt;&lt;span style="color: var(--highlight-keyword)"&gt;);&lt;/span&gt;&lt;/code&gt;&lt;/li&gt;
&lt;li&gt;&lt;code&gt;&lt;span style="color: var(--highlight-keyword)"&gt;&amp;nbsp;&amp;nbsp;&amp;nbsp;&amp;nbsp;&amp;nbsp;&amp;nbsp;&amp;nbsp;&amp;nbsp;}&amp;nbsp;catch&amp;nbsp;(&lt;/span&gt;&lt;span style="color: var(--highlight-default)"&gt;Throwable&amp;nbsp;$t&lt;/span&gt;&lt;span style="color: var(--highlight-keyword)"&gt;)&amp;nbsp;{&lt;/span&gt;&lt;/code&gt;&lt;/li&gt;
&lt;li&gt;&lt;code&gt;&lt;span style="color: var(--highlight-keyword)"&gt;&amp;nbsp;&amp;nbsp;&amp;nbsp;&amp;nbsp;&amp;nbsp;&amp;nbsp;&amp;nbsp;&amp;nbsp;&amp;nbsp;&amp;nbsp;&amp;nbsp;&amp;nbsp;throw&amp;nbsp;new&amp;nbsp;&lt;/span&gt;&lt;span style="color: var(--highlight-default)"&gt;RuntimeException&lt;/span&gt;&lt;span style="color: var(--highlight-keyword)"&gt;(&lt;/span&gt;&lt;/code&gt;&lt;/li&gt;
&lt;li&gt;&lt;code&gt;&lt;span style="color: var(--highlight-keyword)"&gt;&amp;nbsp;&amp;nbsp;&amp;nbsp;&amp;nbsp;&amp;nbsp;&amp;nbsp;&amp;nbsp;&amp;nbsp;&amp;nbsp;&amp;nbsp;&amp;nbsp;&amp;nbsp;&amp;nbsp;&amp;nbsp;&amp;nbsp;&amp;nbsp;&lt;/span&gt;&lt;span style="color: var(--highlight-default)"&gt;$t&lt;/span&gt;&lt;span style="color: var(--highlight-keyword)"&gt;-&amp;gt;&lt;/span&gt;&lt;span style="color: var(--highlight-default)"&gt;getMessage&lt;/span&gt;&lt;span style="color: var(--highlight-keyword)"&gt;(),&lt;/span&gt;&lt;/code&gt;&lt;/li&gt;
&lt;li&gt;&lt;code&gt;&lt;span style="color: var(--highlight-keyword)"&gt;&amp;nbsp;&amp;nbsp;&amp;nbsp;&amp;nbsp;&amp;nbsp;&amp;nbsp;&amp;nbsp;&amp;nbsp;&amp;nbsp;&amp;nbsp;&amp;nbsp;&amp;nbsp;&amp;nbsp;&amp;nbsp;&amp;nbsp;&amp;nbsp;(int)&amp;nbsp;&lt;/span&gt;&lt;span style="color: var(--highlight-default)"&gt;$t&lt;/span&gt;&lt;span style="color: var(--highlight-keyword)"&gt;-&amp;gt;&lt;/span&gt;&lt;span style="color: var(--highlight-default)"&gt;getCode&lt;/span&gt;&lt;span style="color: var(--highlight-keyword)"&gt;(),&lt;/span&gt;&lt;/code&gt;&lt;/li&gt;
&lt;li&gt;&lt;code&gt;&lt;span style="color: var(--highlight-keyword)"&gt;&amp;nbsp;&amp;nbsp;&amp;nbsp;&amp;nbsp;&amp;nbsp;&amp;nbsp;&amp;nbsp;&amp;nbsp;&amp;nbsp;&amp;nbsp;&amp;nbsp;&amp;nbsp;&amp;nbsp;&amp;nbsp;&amp;nbsp;&amp;nbsp;&lt;/span&gt;&lt;span style="color: var(--highlight-default)"&gt;$t&lt;/span&gt;&lt;span style="color: var(--highlight-keyword)"&gt;,&lt;/span&gt;&lt;/code&gt;&lt;/li&gt;&lt;/ol&gt;    &lt;/div&gt;            &lt;/div&gt;
                        &lt;div class="trace-line "&gt;
                &lt;div class="trace-line-header break-long-words sf-toggle" data-toggle-selector="#trace-html-2-25" data-toggle-initial=""&gt;
            &lt;span class="icon icon-close"&gt;&lt;svg width="1792" height="1792" viewBox="0 0 1792 1792" xmlns="http://www.w3.org/2000/svg"&gt;&lt;path d="M1408 960V832q0-26-19-45t-45-19H448q-26 0-45 19t-19 45v128q0 26 19 45t45 19h896q26 0 45-19t19-45zm256-544v960q0 119-84.5 203.5T1376 1664H416q-119 0-203.5-84.5T128 1376V416q0-119 84.5-203.5T416 128h960q119 0 203.5 84.5T1664 416z"/&gt;&lt;/svg&gt;&lt;/span&gt;
        &lt;span class="icon icon-open"&gt;&lt;svg width="1792" height="1792" viewBox="0 0 1792 1792" xmlns="http://www.w3.org/2000/svg"&gt;&lt;path d="M1408 960V832q0-26-19-45t-45-19h-320V448q0-26-19-45t-45-19H832q-26 0-45 19t-19 45v320H448q-26 0-45 19t-19 45v128q0 26 19 45t45 19h320v320q0 26 19 45t45 19h128q26 0 45-19t19-45v-320h320q26 0 45-19t19-45zm256-544v960q0 119-84.5 203.5T1376 1664H416q-119 0-203.5-84.5T128 1376V416q0-119 84.5-203.5T416 128h960q119 0 203.5 84.5T1664 416z"/&gt;&lt;/svg&gt;&lt;/span&gt;
    
            &lt;span class="trace-class"&gt;&lt;abbr title="PHPUnit\TextUI\Command"&gt;Command&lt;/abbr&gt;&lt;/span&gt;&lt;span class="trace-type"&gt;::&lt;/span&gt;&lt;span class="trace-method"&gt;main&lt;/span&gt;&lt;span class="trace-arguments"&gt;()&lt;/span&gt;    
                    &lt;span class="block trace-file-path"&gt;
            in
            &lt;a href="file://C:\Users\sliti\Desktop\dev\esprit-PIDEV-3A16-2526-FARMIA\vendor\phpunit\phpunit\phpunit#L107"&gt;
                C:\Users\sliti\Desktop\dev\esprit-PIDEV-3A16-2526-FARMIA\vendor\phpunit\phpunit\&lt;strong&gt;phpunit&lt;/strong&gt;
            &lt;/a&gt;
                        (line 107)
            &lt;span class="icon icon-copy hidden" data-clipboard-text="C:\Users\sliti\Desktop\dev\esprit-PIDEV-3A16-2526-FARMIA\vendor\phpunit\phpunit\phpunit:107"&gt;
                &lt;svg xmlns="http://www.w3.org/2000/svg" height="24" viewBox="0 0 24 24" width="24"&gt;&lt;path d="M0 0h24v24H0z" fill="none"/&gt;&lt;path d="M16 1H4c-1.1 0-2 .9-2 2v14h2V3h12V1zm3 4H8c-1.1 0-2 .9-2 2v14c0 1.1.9 2 2 2h11c1.1 0 2-.9 2-2V7c0-1.1-.9-2-2-2zm0 16H8V7h11v14z"/&gt;&lt;/svg&gt;            &lt;/span&gt;
        &lt;/span&gt;
    &lt;/div&gt;
    &lt;div id="trace-html-2-25" class="trace-code sf-toggle-content"&gt;
        &lt;ol start="102"&gt;&lt;li&gt;&lt;code&gt;&lt;span style="color: var(--highlight-keyword)"&gt;unset(&lt;/span&gt;&lt;span style="color: var(--highlight-default)"&gt;$options&lt;/span&gt;&lt;span style="color: var(--highlight-keyword)"&gt;);&lt;/span&gt;&lt;/code&gt;&lt;/li&gt;
&lt;li&gt;&lt;code&gt;&lt;span style="color: var(--highlight-keyword)"&gt;&lt;/span&gt;&lt;/code&gt;&lt;/li&gt;
&lt;li&gt;&lt;code&gt;&lt;span style="color: var(--highlight-keyword)"&gt;require&amp;nbsp;&lt;/span&gt;&lt;span style="color: var(--highlight-default)"&gt;PHPUNIT_COMPOSER_INSTALL&lt;/span&gt;&lt;span style="color: var(--highlight-keyword)"&gt;;&lt;/span&gt;&lt;/code&gt;&lt;/li&gt;
&lt;li&gt;&lt;code&gt;&lt;span style="color: var(--highlight-keyword)"&gt;&lt;/span&gt;&lt;/code&gt;&lt;/li&gt;
&lt;li&gt;&lt;code&gt;&lt;span style="color: var(--highlight-keyword)"&gt;&lt;/span&gt;&lt;span style="color: var(--highlight-default)"&gt;PHPUnit\TextUI\Command&lt;/span&gt;&lt;span style="color: var(--highlight-keyword)"&gt;::&lt;/span&gt;&lt;span style="color: var(--highlight-default)"&gt;main&lt;/span&gt;&lt;span style="color: var(--highlight-keyword)"&gt;();&lt;/span&gt;&lt;/code&gt;&lt;/li&gt;
&lt;li class="selected"&gt;&lt;code&gt;&lt;span style="color: var(--highlight-keyword)"&gt;&lt;/span&gt;&lt;/code&gt;&lt;/li&gt;&lt;/ol&gt;    &lt;/div&gt;            &lt;/div&gt;
                        &lt;div class="trace-line "&gt;
                &lt;div class="trace-line-header break-long-words sf-toggle" data-toggle-selector="#trace-html-2-26" data-toggle-initial=""&gt;
            &lt;span class="icon icon-close"&gt;&lt;svg width="1792" height="1792" viewBox="0 0 1792 1792" xmlns="http://www.w3.org/2000/svg"&gt;&lt;path d="M1408 960V832q0-26-19-45t-45-19H448q-26 0-45 19t-19 45v128q0 26 19 45t45 19h896q26 0 45-19t19-45zm256-544v960q0 119-84.5 203.5T1376 1664H416q-119 0-203.5-84.5T128 1376V416q0-119 84.5-203.5T416 128h960q119 0 203.5 84.5T1664 416z"/&gt;&lt;/svg&gt;&lt;/span&gt;
        &lt;span class="icon icon-open"&gt;&lt;svg width="1792" height="1792" viewBox="0 0 1792 1792" xmlns="http://www.w3.org/2000/svg"&gt;&lt;path d="M1408 960V832q0-26-19-45t-45-19h-320V448q0-26-19-45t-45-19H832q-26 0-45 19t-19 45v320H448q-26 0-45 19t-19 45v128q0 26 19 45t45 19h320v320q0 26 19 45t45 19h128q26 0 45-19t19-45v-320h320q26 0 45-19t19-45zm256-544v960q0 119-84.5 203.5T1376 1664H416q-119 0-203.5-84.5T128 1376V416q0-119 84.5-203.5T416 128h960q119 0 203.5 84.5T1664 416z"/&gt;&lt;/svg&gt;&lt;/span&gt;
    
            &lt;span class="trace-class"&gt;&lt;abbr title=""&gt;&lt;/abbr&gt;&lt;/span&gt;&lt;span class="trace-method"&gt;require&lt;/span&gt;&lt;span class="trace-arguments"&gt;('C:\\Users\\sliti\\Desktop\\dev\\esprit-PIDEV-3A16-2526-FARMIA\\vendor\\phpunit\\phpunit\\phpunit')&lt;/span&gt;    
                    &lt;span class="block trace-file-path"&gt;
            in
            &lt;a href="file://C:\Users\sliti\Desktop\dev\esprit-PIDEV-3A16-2526-FARMIA\bin\phpunit#L10"&gt;
                C:\Users\sliti\Desktop\dev\esprit-PIDEV-3A16-2526-FARMIA\bin\&lt;strong&gt;phpunit&lt;/strong&gt;
            &lt;/a&gt;
                        (line 10)
            &lt;span class="icon icon-copy hidden" data-clipboard-text="C:\Users\sliti\Desktop\dev\esprit-PIDEV-3A16-2526-FARMIA\bin\phpunit:10"&gt;
                &lt;svg xmlns="http://www.w3.org/2000/svg" height="24" viewBox="0 0 24 24" width="24"&gt;&lt;path d="M0 0h24v24H0z" fill="none"/&gt;&lt;path d="M16 1H4c-1.1 0-2 .9-2 2v14h2V3h12V1zm3 4H8c-1.1 0-2 .9-2 2v14c0 1.1.9 2 2 2h11c1.1 0 2-.9 2-2V7c0-1.1-.9-2-2-2zm0 16H8V7h11v14z"/&gt;&lt;/svg&gt;            &lt;/span&gt;
        &lt;/span&gt;
    &lt;/div&gt;
    &lt;div id="trace-html-2-26" class="trace-code sf-toggle-content"&gt;
        &lt;ol start="5"&gt;&lt;li&gt;&lt;code&gt;&lt;span style="color: var(--highlight-keyword)"&gt;}&#13;&lt;/span&gt;&lt;/code&gt;&lt;/li&gt;
&lt;li&gt;&lt;code&gt;&lt;span style="color: var(--highlight-keyword)"&gt;&#13;&lt;/span&gt;&lt;/code&gt;&lt;/li&gt;
&lt;li&gt;&lt;code&gt;&lt;span style="color: var(--highlight-keyword)"&gt;if&amp;nbsp;(&lt;/span&gt;&lt;span style="color: var(--highlight-default)"&gt;is_file&lt;/span&gt;&lt;span style="color: var(--highlight-keyword)"&gt;(&lt;/span&gt;&lt;span style="color: var(--highlight-default)"&gt;dirname&lt;/span&gt;&lt;span style="color: var(--highlight-keyword)"&gt;(&lt;/span&gt;&lt;span style="color: var(--highlight-default)"&gt;__DIR__&lt;/span&gt;&lt;span style="color: var(--highlight-keyword)"&gt;).&lt;/span&gt;&lt;span style="color: var(--highlight-string)"&gt;'/vendor/phpunit/phpunit/phpunit'&lt;/span&gt;&lt;span style="color: var(--highlight-keyword)"&gt;))&amp;nbsp;{&#13;&lt;/span&gt;&lt;/code&gt;&lt;/li&gt;
&lt;li&gt;&lt;code&gt;&lt;span style="color: var(--highlight-keyword)"&gt;&amp;nbsp;&amp;nbsp;&amp;nbsp;&amp;nbsp;if&amp;nbsp;(&lt;/span&gt;&lt;span style="color: var(--highlight-default)"&gt;PHP_VERSION_ID&amp;nbsp;&lt;/span&gt;&lt;span style="color: var(--highlight-keyword)"&gt;&amp;gt;=&amp;nbsp;&lt;/span&gt;&lt;span style="color: var(--highlight-default)"&gt;80000&lt;/span&gt;&lt;span style="color: var(--highlight-keyword)"&gt;)&amp;nbsp;{&#13;&lt;/span&gt;&lt;/code&gt;&lt;/li&gt;
&lt;li&gt;&lt;code&gt;&lt;span style="color: var(--highlight-keyword)"&gt;&amp;nbsp;&amp;nbsp;&amp;nbsp;&amp;nbsp;&amp;nbsp;&amp;nbsp;&amp;nbsp;&amp;nbsp;require&amp;nbsp;&lt;/span&gt;&lt;span style="color: var(--highlight-default)"&gt;dirname&lt;/span&gt;&lt;span style="color: var(--highlight-keyword)"&gt;(&lt;/span&gt;&lt;span style="color: var(--highlight-default)"&gt;__DIR__&lt;/span&gt;&lt;span style="color: var(--highlight-keyword)"&gt;).&lt;/span&gt;&lt;span style="color: var(--highlight-string)"&gt;'/vendor/phpunit/phpunit/phpunit'&lt;/span&gt;&lt;span style="color: var(--highlight-keyword)"&gt;;&#13;&lt;/span&gt;&lt;/code&gt;&lt;/li&gt;
&lt;li class="selected"&gt;&lt;code&gt;&lt;span style="color: var(--highlight-keyword)"&gt;&amp;nbsp;&amp;nbsp;&amp;nbsp;&amp;nbsp;}&amp;nbsp;else&amp;nbsp;{&#13;&lt;/span&gt;&lt;/code&gt;&lt;/li&gt;
&lt;li&gt;&lt;code&gt;&lt;span style="color: var(--highlight-keyword)"&gt;&amp;nbsp;&amp;nbsp;&amp;nbsp;&amp;nbsp;&amp;nbsp;&amp;nbsp;&amp;nbsp;&amp;nbsp;&lt;/span&gt;&lt;span style="color: var(--highlight-default)"&gt;define&lt;/span&gt;&lt;span style="color: var(--highlight-keyword)"&gt;(&lt;/span&gt;&lt;span style="color: var(--highlight-string)"&gt;'PHPUNIT_COMPOSER_INSTALL'&lt;/span&gt;&lt;span style="color: var(--highlight-keyword)"&gt;,&amp;nbsp;&lt;/span&gt;&lt;span style="color: var(--highlight-default)"&gt;dirname&lt;/span&gt;&lt;span style="color: var(--highlight-keyword)"&gt;(&lt;/span&gt;&lt;span style="color: var(--highlight-default)"&gt;__DIR__&lt;/span&gt;&lt;span style="color: var(--highlight-keyword)"&gt;).&lt;/span&gt;&lt;span style="color: var(--highlight-string)"&gt;'/vendor/autoload.php'&lt;/span&gt;&lt;span style="color: var(--highlight-keyword)"&gt;);&#13;&lt;/span&gt;&lt;/code&gt;&lt;/li&gt;
&lt;li&gt;&lt;code&gt;&lt;span style="color: var(--highlight-keyword)"&gt;&amp;nbsp;&amp;nbsp;&amp;nbsp;&amp;nbsp;&amp;nbsp;&amp;nbsp;&amp;nbsp;&amp;nbsp;require&amp;nbsp;&lt;/span&gt;&lt;span style="color: var(--highlight-default)"&gt;PHPUNIT_COMPOSER_INSTALL&lt;/span&gt;&lt;span style="color: var(--highlight-keyword)"&gt;;&#13;&lt;/span&gt;&lt;/code&gt;&lt;/li&gt;
&lt;li&gt;&lt;code&gt;&lt;span style="color: var(--highlight-keyword)"&gt;&amp;nbsp;&amp;nbsp;&amp;nbsp;&amp;nbsp;&amp;nbsp;&amp;nbsp;&amp;nbsp;&amp;nbsp;&lt;/span&gt;&lt;span style="color: var(--highlight-default)"&gt;PHPUnit\TextUI\Command&lt;/span&gt;&lt;span style="color: var(--highlight-keyword)"&gt;::&lt;/span&gt;&lt;span style="color: var(--highlight-default)"&gt;main&lt;/span&gt;&lt;span style="color: var(--highlight-keyword)"&gt;();&#13;&lt;/span&gt;&lt;/code&gt;&lt;/li&gt;
&lt;li&gt;&lt;code&gt;&lt;span style="color: var(--highlight-keyword)"&gt;&amp;nbsp;&amp;nbsp;&amp;nbsp;&amp;nbsp;}&#13;&lt;/span&gt;&lt;/code&gt;&lt;/li&gt;
&lt;li&gt;&lt;code&gt;&lt;span style="color: var(--highlight-keyword)"&gt;}&amp;nbsp;else&amp;nbsp;{&#13;&lt;/span&gt;&lt;/code&gt;&lt;/li&gt;&lt;/ol&gt;    &lt;/div&gt;            &lt;/div&gt;
                    &lt;/div&gt;
    &lt;/div&gt;
&lt;/div&gt;            &lt;/div&gt;
        &lt;/div&gt;

        
        &lt;div class="tab"&gt;
            &lt;h3 class="tab-title"&gt;
                                    Stack Traces &lt;span class="badge"&gt;2&lt;/span&gt;
                            &lt;/h3&gt;

            &lt;div class="tab-content"&gt;
                &lt;table class="trace trace-as-text"&gt;
    &lt;thead class="trace-head"&gt;
        &lt;tr&gt;
            &lt;th class="sf-toggle" data-toggle-selector="#trace-text-1" data-toggle-initial="display"&gt;
                &lt;div class="trace-class"&gt;
                                            &lt;span class="text-muted"&gt;[2/2]&lt;/span&gt;
                                        NotFoundHttpException                    &lt;span class="icon icon-close"&gt;&lt;svg width="1792" height="1792" viewBox="0 0 1792 1792" xmlns="http://www.w3.org/2000/svg"&gt;&lt;path d="M1344 800v64q0 14-9 23t-23 9H480q-14 0-23-9t-9-23v-64q0-14 9-23t23-9h832q14 0 23 9t9 23zm128 448V416q0-66-47-113t-113-47H480q-66 0-113 47t-47 113v832q0 66 47 113t113 47h832q66 0 113-47t47-113zm128-832v832q0 119-84.5 203.5T1312 1536H480q-119 0-203.5-84.5T192 1248V416q0-119 84.5-203.5T480 128h832q119 0 203.5 84.5T1600 416z"/&gt;&lt;/svg&gt;&lt;/span&gt;
                    &lt;span class="icon icon-open"&gt;&lt;svg width="1792" height="1792" viewBox="0 0 1792 1792" xmlns="http://www.w3.org/2000/svg"&gt;&lt;path d="M1344 800v64q0 14-9 23t-23 9H960v352q0 14-9 23t-23 9h-64q-14 0-23-9t-9-23V896H480q-14 0-23-9t-9-23v-64q0-14 9-23t23-9h352V416q0-14 9-23t23-9h64q14 0 23 9t9 23v352h352q14 0 23 9t9 23zm128 448V416q0-66-47-113t-113-47H480q-66 0-113 47t-47 113v832q0 66 47 113t113 47h832q66 0 113-47t47-113zm128-832v832q0 119-84.5 203.5T1312 1536H480q-119 0-203.5-84.5T192 1248V416q0-119 84.5-203.5T480 128h832q119 0 203.5 84.5T1600 416z"/&gt;&lt;/svg&gt;&lt;/span&gt;
                &lt;/div&gt;
            &lt;/th&gt;
        &lt;/tr&gt;
    &lt;/thead&gt;

    &lt;tbody id="trace-text-1"&gt;
        &lt;tr&gt;
            &lt;td&gt;
                                &lt;pre class="stacktrace"&gt;
Symfony\Component\HttpKernel\Exception\NotFoundHttpException:
No route found for &amp;quot;GET http://localhost/expert/conseil&amp;quot; (from &amp;quot;http://localhost/logout&amp;quot;)

  at C:\Users\sliti\Desktop\dev\esprit-PIDEV-3A16-2526-FARMIA\vendor\symfony\http-kernel\EventListener\RouterListener.php:127
  at Symfony\Component\HttpKernel\EventListener\RouterListener-&amp;gt;onKernelRequest(object(RequestEvent), 'kernel.request', object(TraceableEventDispatcher))
     (C:\Users\sliti\Desktop\dev\esprit-PIDEV-3A16-2526-FARMIA\vendor\symfony\event-dispatcher\Debug\WrappedListener.php:116)
  at Symfony\Component\EventDispatcher\Debug\WrappedListener-&amp;gt;__invoke(object(RequestEvent), 'kernel.request', object(TraceableEventDispatcher))
     (C:\Users\sliti\Desktop\dev\esprit-PIDEV-3A16-2526-FARMIA\vendor\symfony\event-dispatcher\EventDispatcher.php:220)
  at Symfony\Component\EventDispatcher\EventDispatcher-&amp;gt;callListeners(array(object(WrappedListener), object(WrappedListener), object(WrappedListener), object(WrappedListener), object(WrappedListener), object(WrappedListener), object(WrappedListener), object(WrappedListener), object(WrappedListener), object(WrappedListener), object(WrappedListener)), 'kernel.request', object(RequestEvent))
     (C:\Users\sliti\Desktop\dev\esprit-PIDEV-3A16-2526-FARMIA\vendor\symfony\event-dispatcher\EventDispatcher.php:56)
  at Symfony\Component\EventDispatcher\EventDispatcher-&amp;gt;dispatch(object(RequestEvent), 'kernel.request')
     (C:\Users\sliti\Desktop\dev\esprit-PIDEV-3A16-2526-FARMIA\vendor\symfony\event-dispatcher\Debug\TraceableEventDispatcher.php:139)
  at Symfony\Component\EventDispatcher\Debug\TraceableEventDispatcher-&amp;gt;dispatch(object(RequestEvent), 'kernel.request')
     (C:\Users\sliti\Desktop\dev\esprit-PIDEV-3A16-2526-FARMIA\vendor\symfony\http-kernel\HttpKernel.php:157)
  at Symfony\Component\HttpKernel\HttpKernel-&amp;gt;handleRaw(object(Request), 1)
     (C:\Users\sliti\Desktop\dev\esprit-PIDEV-3A16-2526-FARMIA\vendor\symfony\http-kernel\HttpKernel.php:76)
  at Symfony\Component\HttpKernel\HttpKernel-&amp;gt;handle(object(Request), 1, true)
     (C:\Users\sliti\Desktop\dev\esprit-PIDEV-3A16-2526-FARMIA\vendor\symfony\http-kernel\Kernel.php:208)
  at Symfony\Component\HttpKernel\Kernel-&amp;gt;handle(object(Request), 1, true)
     (C:\Users\sliti\Desktop\dev\esprit-PIDEV-3A16-2526-FARMIA\vendor\symfony\http-kernel\HttpKernelBrowser.php:65)
  at Symfony\Component\HttpKernel\HttpKernelBrowser-&amp;gt;doRequest(object(Request))
     (C:\Users\sliti\Desktop\dev\esprit-PIDEV-3A16-2526-FARMIA\vendor\symfony\framework-bundle\KernelBrowser.php:175)
  at Symfony\Bundle\FrameworkBundle\KernelBrowser-&amp;gt;doRequest(object(Request))
     (C:\Users\sliti\Desktop\dev\esprit-PIDEV-3A16-2526-FARMIA\vendor\symfony\browser-kit\AbstractBrowser.php:385)
  at Symfony\Component\BrowserKit\AbstractBrowser-&amp;gt;request('GET', 'http://localhost/expert/conseil')
     (C:\Users\sliti\Desktop\dev\esprit-PIDEV-3A16-2526-FARMIA\tests\Functional\Controller\ExpertConseilControllerTest.php:98)
  at App\Tests\Functional\Controller\ExpertConseilControllerTest-&amp;gt;testNonExpertCannotAccessExpertConseilRoutes()
     (C:\Users\sliti\Desktop\dev\esprit-PIDEV-3A16-2526-FARMIA\vendor\phpunit\phpunit\src\Framework\TestCase.php:1617)
  at PHPUnit\Framework\TestCase-&amp;gt;runTest()
     (C:\Users\sliti\Desktop\dev\esprit-PIDEV-3A16-2526-FARMIA\vendor\phpunit\phpunit\src\Framework\TestCase.php:1223)
  at PHPUnit\Framework\TestCase-&amp;gt;runBare()
     (C:\Users\sliti\Desktop\dev\esprit-PIDEV-3A16-2526-FARMIA\vendor\phpunit\phpunit\src\Framework\TestResult.php:729)
  at PHPUnit\Framework\TestResult-&amp;gt;run(object(ExpertConseilControllerTest))
     (C:\Users\sliti\Desktop\dev\esprit-PIDEV-3A16-2526-FARMIA\vendor\phpunit\phpunit\src\Framework\TestCase.php:973)
  at PHPUnit\Framework\TestCase-&amp;gt;run(object(TestResult))
     (C:\Users\sliti\Desktop\dev\esprit-PIDEV-3A16-2526-FARMIA\vendor\phpunit\phpunit\src\Framework\TestSuite.php:685)
  at PHPUnit\Framework\TestSuite-&amp;gt;run(object(TestResult))
     (C:\Users\sliti\Desktop\dev\esprit-PIDEV-3A16-2526-FARMIA\vendor\phpunit\phpunit\src\Framework\TestSuite.php:685)
  at PHPUnit\Framework\TestSuite-&amp;gt;run(object(TestResult))
     (C:\Users\sliti\Desktop\dev\esprit-PIDEV-3A16-2526-FARMIA\vendor\phpunit\phpunit\src\Framework\TestSuite.php:685)
  at PHPUnit\Framework\TestSuite-&amp;gt;run(object(TestResult))
     (C:\Users\sliti\Desktop\dev\esprit-PIDEV-3A16-2526-FARMIA\vendor\phpunit\phpunit\src\TextUI\TestRunner.php:651)
  at PHPUnit\TextUI\TestRunner-&amp;gt;run(object(TestSuite), array('extensions' =&gt; array(), 'listGroups' =&gt; false, 'listSuites' =&gt; false, 'listTests' =&gt; false, 'listTestsXml' =&gt; false, 'loader' =&gt; null, 'useDefaultConfiguration' =&gt; true, 'loadedExtensions' =&gt; array(), 'unavailableExtensions' =&gt; array(), 'notLoadedExtensions' =&gt; array(), 'junitLogfile' =&gt; 'test-results.xml', 'testSuffixes' =&gt; array('Test.php', '.phpt'), 'configuration' =&gt; 'C:\\Users\\sliti\\Desktop\\dev\\esprit-PIDEV-3A16-2526-FARMIA\\phpunit.xml.dist', 'configurationObject' =&gt; object(Configuration), 'stderr' =&gt; false, 'columns' =&gt; 80, 'warnings' =&gt; array(), 'debug' =&gt; false, 'filter' =&gt; false, 'listeners' =&gt; array(), 'backupGlobals' =&gt; false, 'backupStaticAttributes' =&gt; false, 'beStrictAboutChangesToGlobalState' =&gt; false, 'cacheResult' =&gt; true, 'colors' =&gt; 'auto', 'convertDeprecationsToExceptions' =&gt; false, 'convertErrorsToExceptions' =&gt; true, 'convertNoticesToExceptions' =&gt; true, 'convertWarningsToExceptions' =&gt; true, 'processIsolation' =&gt; false, 'stopOnDefect' =&gt; false, 'stopOnError' =&gt; false, 'stopOnFailure' =&gt; false, 'stopOnWarning' =&gt; false, 'stopOnIncomplete' =&gt; false, 'stopOnRisky' =&gt; false, 'stopOnSkipped' =&gt; false, 'failOnEmptyTestSuite' =&gt; false, 'failOnIncomplete' =&gt; false, 'failOnRisky' =&gt; false, 'failOnSkipped' =&gt; false, 'failOnWarning' =&gt; false, 'enforceTimeLimit' =&gt; false, 'defaultTimeLimit' =&gt; 1, 'timeoutForSmallTests' =&gt; 1, 'timeoutForMediumTests' =&gt; 10, 'timeoutForLargeTests' =&gt; 60, 'reportUselessTests' =&gt; true, 'strictCoverage' =&gt; false, 'ignoreDeprecatedCodeUnitsFromCodeCoverage' =&gt; false, 'disallowTestOutput' =&gt; false, 'disallowTodoAnnotatedTests' =&gt; false, 'beStrictAboutResourceUsageDuringSmallTests' =&gt; false, 'verbose' =&gt; false, 'reverseDefectList' =&gt; false, 'forceCoversAnnotation' =&gt; false, 'disableCodeCoverageIgnore' =&gt; false, 'registerMockObjectsFromTestArgumentsRecursively' =&gt; false, 'noInteraction' =&gt; false, 'executionOrder' =&gt; 0, 'resolveDependencies' =&gt; true, 'bootstrap' =&gt; 'C:\\Users\\sliti\\Desktop\\dev\\esprit-PIDEV-3A16-2526-FARMIA\\tests/bootstrap.php', 'executionOrderDefects' =&gt; 0, 'crap4jThreshold' =&gt; 30, 'excludeGroups' =&gt; array(), 'groups' =&gt; array(), 'randomOrderSeed' =&gt; 1777118040, 'repeat' =&gt; false, 'reportHighLowerBound' =&gt; 90, 'reportLowUpperBound' =&gt; 50, 'reverseList' =&gt; false, 'testdoxExcludeGroups' =&gt; array(), 'testdoxGroups' =&gt; array(), 'cacheResultFile' =&gt; 'C:\\Users\\sliti\\Desktop\\dev\\esprit-PIDEV-3A16-2526-FARMIA'), array(), true)
     (C:\Users\sliti\Desktop\dev\esprit-PIDEV-3A16-2526-FARMIA\vendor\phpunit\phpunit\src\TextUI\Command.php:146)
  at PHPUnit\TextUI\Command-&amp;gt;run(array('bin/phpunit', '--log-junit', 'test-results.xml'), true)
     (C:\Users\sliti\Desktop\dev\esprit-PIDEV-3A16-2526-FARMIA\vendor\phpunit\phpunit\src\TextUI\Command.php:99)
  at PHPUnit\TextUI\Command::main()
     (C:\Users\sliti\Desktop\dev\esprit-PIDEV-3A16-2526-FARMIA\vendor\phpunit\phpunit\phpunit:107)
  at require('C:\\Users\\sliti\\Desktop\\dev\\esprit-PIDEV-3A16-2526-FARMIA\\vendor\\phpunit\\phpunit\\phpunit')
     (C:\Users\sliti\Desktop\dev\esprit-PIDEV-3A16-2526-FARMIA\bin\phpunit:10)                &lt;/pre&gt;
                            &lt;/td&gt;
        &lt;/tr&gt;
    &lt;/tbody&gt;
&lt;/table&gt;&lt;table class="trace trace-as-text"&gt;
    &lt;thead class="trace-head"&gt;
        &lt;tr&gt;
            &lt;th class="sf-toggle" data-toggle-selector="#trace-text-2" data-toggle-initial=""&gt;
                &lt;div class="trace-class"&gt;
                                            &lt;span class="text-muted"&gt;[1/2]&lt;/span&gt;
                                        ResourceNotFoundException                    &lt;span class="icon icon-close"&gt;&lt;svg width="1792" height="1792" viewBox="0 0 1792 1792" xmlns="http://www.w3.org/2000/svg"&gt;&lt;path d="M1344 800v64q0 14-9 23t-23 9H480q-14 0-23-9t-9-23v-64q0-14 9-23t23-9h832q14 0 23 9t9 23zm128 448V416q0-66-47-113t-113-47H480q-66 0-113 47t-47 113v832q0 66 47 113t113 47h832q66 0 113-47t47-113zm128-832v832q0 119-84.5 203.5T1312 1536H480q-119 0-203.5-84.5T192 1248V416q0-119 84.5-203.5T480 128h832q119 0 203.5 84.5T1600 416z"/&gt;&lt;/svg&gt;&lt;/span&gt;
                    &lt;span class="icon icon-open"&gt;&lt;svg width="1792" height="1792" viewBox="0 0 1792 1792" xmlns="http://www.w3.org/2000/svg"&gt;&lt;path d="M1344 800v64q0 14-9 23t-23 9H960v352q0 14-9 23t-23 9h-64q-14 0-23-9t-9-23V896H480q-14 0-23-9t-9-23v-64q0-14 9-23t23-9h352V416q0-14 9-23t23-9h64q14 0 23 9t9 23v352h352q14 0 23 9t9 23zm128 448V416q0-66-47-113t-113-47H480q-66 0-113 47t-47 113v832q0 66 47 113t113 47h832q66 0 113-47t47-113zm128-832v832q0 119-84.5 203.5T1312 1536H480q-119 0-203.5-84.5T192 1248V416q0-119 84.5-203.5T480 128h832q119 0 203.5 84.5T1600 416z"/&gt;&lt;/svg&gt;&lt;/span&gt;
                &lt;/div&gt;
            &lt;/th&gt;
        &lt;/tr&gt;
    &lt;/thead&gt;

    &lt;tbody id="trace-text-2"&gt;
        &lt;tr&gt;
            &lt;td&gt;
                                &lt;pre class="stacktrace"&gt;
Symfony\Component\Routing\Exception\ResourceNotFoundException:
No routes found for &amp;quot;/expert/conseil/&amp;quot;.

  at C:\Users\sliti\Desktop\dev\esprit-PIDEV-3A16-2526-FARMIA\vendor\symfony\routing\Matcher\Dumper\CompiledUrlMatcherTrait.php:70
  at Symfony\Component\Routing\Matcher\CompiledUrlMatcher-&amp;gt;match('/expert/conseil/')
     (C:\Users\sliti\Desktop\dev\esprit-PIDEV-3A16-2526-FARMIA\vendor\symfony\routing\Matcher\UrlMatcher.php:98)
  at Symfony\Component\Routing\Matcher\UrlMatcher-&amp;gt;matchRequest(object(Request))
     (C:\Users\sliti\Desktop\dev\esprit-PIDEV-3A16-2526-FARMIA\vendor\symfony\routing\Router.php:237)
  at Symfony\Component\Routing\Router-&amp;gt;matchRequest(object(Request))
     (C:\Users\sliti\Desktop\dev\esprit-PIDEV-3A16-2526-FARMIA\vendor\symfony\http-kernel\EventListener\RouterListener.php:105)
  at Symfony\Component\HttpKernel\EventListener\RouterListener-&amp;gt;onKernelRequest(object(RequestEvent), 'kernel.request', object(TraceableEventDispatcher))
     (C:\Users\sliti\Desktop\dev\esprit-PIDEV-3A16-2526-FARMIA\vendor\symfony\event-dispatcher\Debug\WrappedListener.php:116)
  at Symfony\Component\EventDispatcher\Debug\WrappedListener-&amp;gt;__invoke(object(RequestEvent), 'kernel.request', object(TraceableEventDispatcher))
     (C:\Users\sliti\Desktop\dev\esprit-PIDEV-3A16-2526-FARMIA\vendor\symfony\event-dispatcher\EventDispatcher.php:220)
  at Symfony\Component\EventDispatcher\EventDispatcher-&amp;gt;callListeners(array(object(WrappedListener), object(WrappedListener), object(WrappedListener), object(WrappedListener), object(WrappedListener), object(WrappedListener), object(WrappedListener), object(WrappedListener), object(WrappedListener), object(WrappedListener), object(WrappedListener)), 'kernel.request', object(RequestEvent))
     (C:\Users\sliti\Desktop\dev\esprit-PIDEV-3A16-2526-FARMIA\vendor\symfony\event-dispatcher\EventDispatcher.php:56)
  at Symfony\Component\EventDispatcher\EventDispatcher-&amp;gt;dispatch(object(RequestEvent), 'kernel.request')
     (C:\Users\sliti\Desktop\dev\esprit-PIDEV-3A16-2526-FARMIA\vendor\symfony\event-dispatcher\Debug\TraceableEventDispatcher.php:139)
  at Symfony\Component\EventDispatcher\Debug\TraceableEventDispatcher-&amp;gt;dispatch(object(RequestEvent), 'kernel.request')
     (C:\Users\sliti\Desktop\dev\esprit-PIDEV-3A16-2526-FARMIA\vendor\symfony\http-kernel\HttpKernel.php:157)
  at Symfony\Component\HttpKernel\HttpKernel-&amp;gt;handleRaw(object(Request), 1)
     (C:\Users\sliti\Desktop\dev\esprit-PIDEV-3A16-2526-FARMIA\vendor\symfony\http-kernel\HttpKernel.php:76)
  at Symfony\Component\HttpKernel\HttpKernel-&amp;gt;handle(object(Request), 1, true)
     (C:\Users\sliti\Desktop\dev\esprit-PIDEV-3A16-2526-FARMIA\vendor\symfony\http-kernel\Kernel.php:208)
  at Symfony\Component\HttpKernel\Kernel-&amp;gt;handle(object(Request), 1, true)
     (C:\Users\sliti\Desktop\dev\esprit-PIDEV-3A16-2526-FARMIA\vendor\symfony\http-kernel\HttpKernelBrowser.php:65)
  at Symfony\Component\HttpKernel\HttpKernelBrowser-&amp;gt;doRequest(object(Request))
     (C:\Users\sliti\Desktop\dev\esprit-PIDEV-3A16-2526-FARMIA\vendor\symfony\framework-bundle\KernelBrowser.php:175)
  at Symfony\Bundle\FrameworkBundle\KernelBrowser-&amp;gt;doRequest(object(Request))
     (C:\Users\sliti\Desktop\dev\esprit-PIDEV-3A16-2526-FARMIA\vendor\symfony\browser-kit\AbstractBrowser.php:385)
  at Symfony\Component\BrowserKit\AbstractBrowser-&amp;gt;request('GET', 'http://localhost/expert/conseil')
     (C:\Users\sliti\Desktop\dev\esprit-PIDEV-3A16-2526-FARMIA\tests\Functional\Controller\ExpertConseilControllerTest.php:98)
  at App\Tests\Functional\Controller\ExpertConseilControllerTest-&amp;gt;testNonExpertCannotAccessExpertConseilRoutes()
     (C:\Users\sliti\Desktop\dev\esprit-PIDEV-3A16-2526-FARMIA\vendor\phpunit\phpunit\src\Framework\TestCase.php:1617)
  at PHPUnit\Framework\TestCase-&amp;gt;runTest()
     (C:\Users\sliti\Desktop\dev\esprit-PIDEV-3A16-2526-FARMIA\vendor\phpunit\phpunit\src\Framework\TestCase.php:1223)
  at PHPUnit\Framework\TestCase-&amp;gt;runBare()
     (C:\Users\sliti\Desktop\dev\esprit-PIDEV-3A16-2526-FARMIA\vendor\phpunit\phpunit\src\Framework\TestResult.php:729)
  at PHPUnit\Framework\TestResult-&amp;gt;run(object(ExpertConseilControllerTest))
     (C:\Users\sliti\Desktop\dev\esprit-PIDEV-3A16-2526-FARMIA\vendor\phpunit\phpunit\src\Framework\TestCase.php:973)
  at PHPUnit\Framework\TestCase-&amp;gt;run(object(TestResult))
     (C:\Users\sliti\Desktop\dev\esprit-PIDEV-3A16-2526-FARMIA\vendor\phpunit\phpunit\src\Framework\TestSuite.php:685)
  at PHPUnit\Framework\TestSuite-&amp;gt;run(object(TestResult))
     (C:\Users\sliti\Desktop\dev\esprit-PIDEV-3A16-2526-FARMIA\vendor\phpunit\phpunit\src\Framework\TestSuite.php:685)
  at PHPUnit\Framework\TestSuite-&amp;gt;run(object(TestResult))
     (C:\Users\sliti\Desktop\dev\esprit-PIDEV-3A16-2526-FARMIA\vendor\phpunit\phpunit\src\Framework\TestSuite.php:685)
  at PHPUnit\Framework\TestSuite-&amp;gt;run(object(TestResult))
     (C:\Users\sliti\Desktop\dev\esprit-PIDEV-3A16-2526-FARMIA\vendor\phpunit\phpunit\src\TextUI\TestRunner.php:651)
  at PHPUnit\TextUI\TestRunner-&amp;gt;run(object(TestSuite), array('extensions' =&gt; array(), 'listGroups' =&gt; false, 'listSuites' =&gt; false, 'listTests' =&gt; false, 'listTestsXml' =&gt; false, 'loader' =&gt; null, 'useDefaultConfiguration' =&gt; true, 'loadedExtensions' =&gt; array(), 'unavailableExtensions' =&gt; array(), 'notLoadedExtensions' =&gt; array(), 'junitLogfile' =&gt; 'test-results.xml', 'testSuffixes' =&gt; array('Test.php', '.phpt'), 'configuration' =&gt; 'C:\\Users\\sliti\\Desktop\\dev\\esprit-PIDEV-3A16-2526-FARMIA\\phpunit.xml.dist', 'configurationObject' =&gt; object(Configuration), 'stderr' =&gt; false, 'columns' =&gt; 80, 'warnings' =&gt; array(), 'debug' =&gt; false, 'filter' =&gt; false, 'listeners' =&gt; array(), 'backupGlobals' =&gt; false, 'backupStaticAttributes' =&gt; false, 'beStrictAboutChangesToGlobalState' =&gt; false, 'cacheResult' =&gt; true, 'colors' =&gt; 'auto', 'convertDeprecationsToExceptions' =&gt; false, 'convertErrorsToExceptions' =&gt; true, 'convertNoticesToExceptions' =&gt; true, 'convertWarningsToExceptions' =&gt; true, 'processIsolation' =&gt; false, 'stopOnDefect' =&gt; false, 'stopOnError' =&gt; false, 'stopOnFailure' =&gt; false, 'stopOnWarning' =&gt; false, 'stopOnIncomplete' =&gt; false, 'stopOnRisky' =&gt; false, 'stopOnSkipped' =&gt; false, 'failOnEmptyTestSuite' =&gt; false, 'failOnIncomplete' =&gt; false, 'failOnRisky' =&gt; false, 'failOnSkipped' =&gt; false, 'failOnWarning' =&gt; false, 'enforceTimeLimit' =&gt; false, 'defaultTimeLimit' =&gt; 1, 'timeoutForSmallTests' =&gt; 1, 'timeoutForMediumTests' =&gt; 10, 'timeoutForLargeTests' =&gt; 60, 'reportUselessTests' =&gt; true, 'strictCoverage' =&gt; false, 'ignoreDeprecatedCodeUnitsFromCodeCoverage' =&gt; false, 'disallowTestOutput' =&gt; false, 'disallowTodoAnnotatedTests' =&gt; false, 'beStrictAboutResourceUsageDuringSmallTests' =&gt; false, 'verbose' =&gt; false, 'reverseDefectList' =&gt; false, 'forceCoversAnnotation' =&gt; false, 'disableCodeCoverageIgnore' =&gt; false, 'registerMockObjectsFromTestArgumentsRecursively' =&gt; false, 'noInteraction' =&gt; false, 'executionOrder' =&gt; 0, 'resolveDependencies' =&gt; true, 'bootstrap' =&gt; 'C:\\Users\\sliti\\Desktop\\dev\\esprit-PIDEV-3A16-2526-FARMIA\\tests/bootstrap.php', 'executionOrderDefects' =&gt; 0, 'crap4jThreshold' =&gt; 30, 'excludeGroups' =&gt; array(), 'groups' =&gt; array(), 'randomOrderSeed' =&gt; 1777118040, 'repeat' =&gt; false, 'reportHighLowerBound' =&gt; 90, 'reportLowUpperBound' =&gt; 50, 'reverseList' =&gt; false, 'testdoxExcludeGroups' =&gt; array(), 'testdoxGroups' =&gt; array(), 'cacheResultFile' =&gt; 'C:\\Users\\sliti\\Desktop\\dev\\esprit-PIDEV-3A16-2526-FARMIA'), array(), true)
     (C:\Users\sliti\Desktop\dev\esprit-PIDEV-3A16-2526-FARMIA\vendor\phpunit\phpunit\src\TextUI\Command.php:146)
  at PHPUnit\TextUI\Command-&amp;gt;run(array('bin/phpunit', '--log-junit', 'test-results.xml'), true)
     (C:\Users\sliti\Desktop\dev\esprit-PIDEV-3A16-2526-FARMIA\vendor\phpunit\phpunit\src\TextUI\Command.php:99)
  at PHPUnit\TextUI\Command::main()
     (C:\Users\sliti\Desktop\dev\esprit-PIDEV-3A16-2526-FARMIA\vendor\phpunit\phpunit\phpunit:107)
  at require('C:\\Users\\sliti\\Desktop\\dev\\esprit-PIDEV-3A16-2526-FARMIA\\vendor\\phpunit\\phpunit\\phpunit')
     (C:\Users\sliti\Desktop\dev\esprit-PIDEV-3A16-2526-FARMIA\bin\phpunit:10)                &lt;/pre&gt;
                            &lt;/td&gt;
        &lt;/tr&gt;
    &lt;/tbody&gt;
&lt;/table&gt;            &lt;/div&gt;
        &lt;/div&gt;

            &lt;/div&gt;
&lt;/div&gt;
        &lt;script&gt;
            /* This file is based on WebProfilerBundle/Resources/views/Profiler/base_js.html.twig.
   If you make any change in this file, verify the same change is needed in the other file. */
/*&lt;![CDATA[*/
(function() {
    "use strict";

    if ('classList' in document.documentElement) {
        var hasClass = function (el, cssClass) { return el.classList.contains(cssClass); };
        var removeClass = function(el, cssClass) { el.classList.remove(cssClass); };
        var addClass = function(el, cssClass) { el.classList.add(cssClass); };
        var toggleClass = function(el, cssClass) { el.classList.toggle(cssClass); };
    } else {
        var hasClass = function (el, cssClass) { return el.className.match(new RegExp('\\b' + cssClass + '\\b')); };
        var removeClass = function(el, cssClass) { el.className = el.className.replace(new RegExp('\\b' + cssClass + '\\b'), ' '); };
        var addClass = function(el, cssClass) { if (!hasClass(el, cssClass)) { el.className += " " + cssClass; } };
        var toggleClass = function(el, cssClass) { hasClass(el, cssClass) ? removeClass(el, cssClass) : addClass(el, cssClass); };
    }

    var addEventListener;

    var el = document.createElement('div');
    if (!('addEventListener' in el)) {
        addEventListener = function (element, eventName, callback) {
            element.attachEvent('on' + eventName, callback);
        };
    } else {
        addEventListener = function (element, eventName, callback) {
            element.addEventListener(eventName, callback, false);
        };
    }

    if (navigator.clipboard) {
        document.querySelectorAll('[data-clipboard-text]').forEach(function(element) {
            removeClass(element, 'hidden');
            element.addEventListener('click', function() {
                navigator.clipboard.writeText(element.getAttribute('data-clipboard-text'));
            })
        });
    }

    (function createTabs() {
        /* the accessibility options of this component have been defined according to: */
        /* www.w3.org/WAI/ARIA/apg/example-index/tabs/tabs-manual.html */
        var tabGroups = document.querySelectorAll('.sf-tabs:not([data-processed=true])');

        /* create the tab navigation for each group of tabs */
        for (var i = 0; i &lt; tabGroups.length; i++) {
            var tabs = tabGroups[i].querySelectorAll(':scope &gt; .tab');
            var tabNavigation = document.createElement('div');
            tabNavigation.className = 'tab-navigation';
            tabNavigation.setAttribute('role', 'tablist');

            var selectedTabId = 'tab-' + i + '-0'; /* select the first tab by default */
            for (var j = 0; j &lt; tabs.length; j++) {
                var tabId = 'tab-' + i + '-' + j;
                var tabTitle = tabs[j].querySelector('.tab-title').innerHTML;

                var tabNavigationItem = document.createElement('button');
                addClass(tabNavigationItem, 'tab-control');
                tabNavigationItem.setAttribute('data-tab-id', tabId);
                tabNavigationItem.setAttribute('role', 'tab');
                tabNavigationItem.setAttribute('aria-controls', tabId);
                if (hasClass(tabs[j], 'active')) { selectedTabId = tabId; }
                if (hasClass(tabs[j], 'disabled')) {
                    addClass(tabNavigationItem, 'disabled');
                }
                tabNavigationItem.innerHTML = tabTitle;
                tabNavigation.appendChild(tabNavigationItem);

                var tabContent = tabs[j].querySelector('.tab-content');
                tabContent.parentElement.setAttribute('id', tabId);
            }

            tabGroups[i].insertBefore(tabNavigation, tabGroups[i].firstChild);
            addClass(document.querySelector('[data-tab-id="' + selectedTabId + '"]'), 'active');
        }

        /* display the active tab and add the 'click' event listeners */
        for (i = 0; i &lt; tabGroups.length; i++) {
            tabNavigation = tabGroups[i].querySelectorAll(':scope &gt; .tab-navigation .tab-control');

            for (j = 0; j &lt; tabNavigation.length; j++) {
                tabId = tabNavigation[j].getAttribute('data-tab-id');
                var tabPanel = document.getElementById(tabId);
                tabPanel.setAttribute('role', 'tabpanel');
                tabPanel.setAttribute('aria-labelledby', tabId);
                tabPanel.querySelector('.tab-title').className = 'hidden';

                if (hasClass(tabNavigation[j], 'active')) {
                    tabPanel.className = 'block';
                    tabNavigation[j].setAttribute('aria-selected', 'true');
                    tabNavigation[j].removeAttribute('tabindex');
                } else {
                    tabPanel.className = 'hidden';
                    tabNavigation[j].removeAttribute('aria-selected');
                    tabNavigation[j].setAttribute('tabindex', '-1');
                }

                tabNavigation[j].addEventListener('click', function(e) {
                    var activeTab = e.target || e.srcElement;

                    /* needed because when the tab contains HTML contents, user can click */
                    /* on any of those elements instead of their parent '&lt;button&gt;' element */
                    while (activeTab.tagName.toLowerCase() !== 'button') {
                        activeTab = activeTab.parentNode;
                    }

                    /* get the full list of tabs through the parent of the active tab element */
                    var tabNavigation = activeTab.parentNode.children;
                    for (var k = 0; k &lt; tabNavigation.length; k++) {
                        var tabId = tabNavigation[k].getAttribute('data-tab-id');
                        document.getElementById(tabId).className = 'hidden';
                        removeClass(tabNavigation[k], 'active');
                        tabNavigation[k].removeAttribute('aria-selected');
                        tabNavigation[k].setAttribute('tabindex', '-1');
                    }

                    addClass(activeTab, 'active');
                    activeTab.setAttribute('aria-selected', 'true');
                    activeTab.removeAttribute('tabindex');
                    var activeTabId = activeTab.getAttribute('data-tab-id');
                    document.getElementById(activeTabId).className = 'block';
                });
            }

            tabGroups[i].setAttribute('data-processed', 'true');
        }
    })();

    (function createToggles() {
        var toggles = document.querySelectorAll('.sf-toggle:not([data-processed=true])');

        for (var i = 0; i &lt; toggles.length; i++) {
            var elementSelector = toggles[i].getAttribute('data-toggle-selector');
            var element = document.querySelector(elementSelector);

            addClass(element, 'sf-toggle-content');

            if (toggles[i].hasAttribute('data-toggle-initial') &amp;&amp; toggles[i].getAttribute('data-toggle-initial') == 'display') {
                addClass(toggles[i], 'sf-toggle-on');
                addClass(element, 'sf-toggle-visible');
            } else {
                addClass(toggles[i], 'sf-toggle-off');
                addClass(element, 'sf-toggle-hidden');
            }

            addEventListener(toggles[i], 'click', function(e) {
                var toggle = e.currentTarget;

                if (e.target.closest('a, span[data-clipboard-text], .sf-toggle') !== toggle) {
                    return;
                }

                e.preventDefault();

                if ('' !== window.getSelection().toString()) {
                    /* Don't do anything on text selection */
                    return;
                }

                var element = document.querySelector(toggle.getAttribute('data-toggle-selector'));

                toggleClass(toggle, 'sf-toggle-on');
                toggleClass(toggle, 'sf-toggle-off');
                toggleClass(element, 'sf-toggle-hidden');
                toggleClass(element, 'sf-toggle-visible');

                /* the toggle doesn't change its contents when clicking on it */
                if (!toggle.hasAttribute('data-toggle-alt-content')) {
                    return;
                }

                if (!toggle.hasAttribute('data-toggle-original-content')) {
                    toggle.setAttribute('data-toggle-original-content', toggle.innerHTML);
                }

                var currentContent = toggle.innerHTML;
                var originalContent = toggle.getAttribute('data-toggle-original-content');
                var altContent = toggle.getAttribute('data-toggle-alt-content');
                toggle.innerHTML = currentContent !== altContent ? altContent : originalContent;
            });

            toggles[i].setAttribute('data-processed', 'true');
        }
    })();

    (function createFilters() {
        document.querySelectorAll('[data-filters] [data-filter]').forEach(function (filter) {
            var filters = filter.closest('[data-filters]'),
                type = 'choice',
                name = filter.dataset.filter,
                ucName = name.charAt(0).toUpperCase()+name.slice(1),
                list = document.createElement('ul'),
                values = filters.dataset['filter'+ucName] || filters.querySelectorAll('[data-filter-'+name+']'),
                labels = {},
                defaults = null,
                indexed = {},
                processed = {};
            if (typeof values === 'string') {
                type = 'level';
                labels = values.split(',');
                values = values.toLowerCase().split(',');
                defaults = values.length - 1;
            }
            addClass(list, 'filter-list');
            addClass(list, 'filter-list-'+type);
            values.forEach(function (value, i) {
                if (value instanceof HTMLElement) {
                    value = value.dataset['filter'+ucName];
                }
                if (value in processed) {
                    return;
                }
                var option = document.createElement('li'),
                    label = i in labels ? labels[i] : value,
                    active = false,
                    matches;
                if ('' === label) {
                    option.innerHTML = '&lt;em&gt;(none)&lt;/em&gt;';
                } else {
                    option.innerText = label;
                }
                option.dataset.filter = value;
                option.setAttribute('title', 1 === (matches = filters.querySelectorAll('[data-filter-'+name+'="'+value+'"]').length) ? 'Matches 1 row' : 'Matches '+matches+' rows');
                indexed[value] = i;
                list.appendChild(option);
                addEventListener(option, 'click', function () {
                    if ('choice' === type) {
                        filters.querySelectorAll('[data-filter-'+name+']').forEach(function (row) {
                            if (option.dataset.filter === row.dataset['filter'+ucName]) {
                                toggleClass(row, 'filter-hidden-'+name);
                            }
                        });
                        toggleClass(option, 'active');
                    } else if ('level' === type) {
                        if (i === this.parentNode.querySelectorAll('.active').length - 1) {
                            return;
                        }
                        this.parentNode.querySelectorAll('li').forEach(function (currentOption, j) {
                            if (j &lt;= i) {
                                addClass(currentOption, 'active');
                                if (i === j) {
                                    addClass(currentOption, 'last-active');
                                } else {
                                    removeClass(currentOption, 'last-active');
                                }
                            } else {
                                removeClass(currentOption, 'active');
                                removeClass(currentOption, 'last-active');
                            }
                        });
                        filters.querySelectorAll('[data-filter-'+name+']').forEach(function (row) {
                            if (i &lt; indexed[row.dataset['filter'+ucName]]) {
                                addClass(row, 'filter-hidden-'+name);
                            } else {
                                removeClass(row, 'filter-hidden-'+name);
                            }
                        });
                    }
                });
                if ('choice' === type) {
                    active = null === defaults || 0 &lt;= defaults.indexOf(value);
                } else if ('level' === type) {
                    active = i &lt;= defaults;
                    if (active &amp;&amp; i === defaults) {
                        addClass(option, 'last-active');
                    }
                }
                if (active) {
                    addClass(option, 'active');
                } else {
                    filters.querySelectorAll('[data-filter-'+name+'="'+value+'"]').forEach(function (row) {
                        toggleClass(row, 'filter-hidden-'+name);
                    });
                }
                processed[value] = true;
            });

            if (1 &lt; list.childNodes.length) {
                filter.appendChild(list);
                filter.dataset.filtered = '';
            }
        });
    })();
})();
/*]]&gt;*/        &lt;/script&gt;
    &lt;/body&gt;
&lt;/html&gt;
&lt;!-- No route found for &amp;quot;GET http://localhost/expert/conseil&amp;quot; (from &amp;quot;http://localhost/logout&amp;quot;) (404 Not Found) --&gt;

C:\Users\sliti\Desktop\dev\esprit-PIDEV-3A16-2526-FARMIA\vendor\symfony\framework-bundle\Test\BrowserKitAssertionsTrait.php:150
C:\Users\sliti\Desktop\dev\esprit-PIDEV-3A16-2526-FARMIA\vendor\symfony\framework-bundle\Test\BrowserKitAssertionsTrait.php:40
C:\Users\sliti\Desktop\dev\esprit-PIDEV-3A16-2526-FARMIA\tests\Functional\Controller\ExpertConseilControllerTest.php:100
C:\Users\sliti\Desktop\dev\esprit-PIDEV-3A16-2526-FARMIA\vendor\phpunit\phpunit\phpunit:107</failure>
        </testcase>
      </testsuite>
      <testsuite name="App\Tests\Functional\Controller\FermeControllerTest" file="C:\Users\sliti\Desktop\dev\esprit-PIDEV-3A16-2526-FARMIA\tests\Functional\Controller\FermeControllerTest.php" tests="9" assertions="21" errors="1" warnings="0" failures="2" skipped="0" time="2.051276">
        <testcase name="testIndexPageLoads" class="App\Tests\Functional\Controller\FermeControllerTest" classname="App.Tests.Functional.Controller.FermeControllerTest" file="C:\Users\sliti\Desktop\dev\esprit-PIDEV-3A16-2526-FARMIA\tests\Functional\Controller\FermeControllerTest.php" line="24" assertions="3" time="0.198363"/>
        <testcase name="testCanCreateFermeWithValidData" class="App\Tests\Functional\Controller\FermeControllerTest" classname="App.Tests.Functional.Controller.FermeControllerTest" file="C:\Users\sliti\Desktop\dev\esprit-PIDEV-3A16-2526-FARMIA\tests\Functional\Controller\FermeControllerTest.php" line="40" assertions="2" time="0.197290">
          <error type="Doctrine\ORM\Persisters\Exception\UnrecognizedField">App\Tests\Functional\Controller\FermeControllerTest::testCanCreateFermeWithValidData
Doctrine\ORM\Persisters\Exception\UnrecognizedField: Unrecognized field: App\Entity\Ferme::$nomFerme

C:\Users\sliti\Desktop\dev\esprit-PIDEV-3A16-2526-FARMIA\vendor\doctrine\orm\src\Persisters\Exception\UnrecognizedField.php:22
C:\Users\sliti\Desktop\dev\esprit-PIDEV-3A16-2526-FARMIA\vendor\doctrine\orm\src\Persisters\Entity\BasicEntityPersister.php:1771
C:\Users\sliti\Desktop\dev\esprit-PIDEV-3A16-2526-FARMIA\vendor\doctrine\orm\src\Persisters\Entity\BasicEntityPersister.php:1635
C:\Users\sliti\Desktop\dev\esprit-PIDEV-3A16-2526-FARMIA\vendor\doctrine\orm\src\Persisters\Entity\BasicEntityPersister.php:1788
C:\Users\sliti\Desktop\dev\esprit-PIDEV-3A16-2526-FARMIA\vendor\doctrine\orm\src\Persisters\Entity\BasicEntityPersister.php:1136
C:\Users\sliti\Desktop\dev\esprit-PIDEV-3A16-2526-FARMIA\vendor\doctrine\orm\src\Persisters\Entity\BasicEntityPersister.php:736
C:\Users\sliti\Desktop\dev\esprit-PIDEV-3A16-2526-FARMIA\vendor\doctrine\orm\src\EntityRepository.php:125
C:\Users\sliti\Desktop\dev\esprit-PIDEV-3A16-2526-FARMIA\vendor\doctrine\doctrine-bundle\src\Repository\ServiceEntityRepositoryProxy.php:81
C:\Users\sliti\Desktop\dev\esprit-PIDEV-3A16-2526-FARMIA\tests\Functional\Controller\FermeControllerTest.php:55
C:\Users\sliti\Desktop\dev\esprit-PIDEV-3A16-2526-FARMIA\vendor\phpunit\phpunit\phpunit:107</error>
        </testcase>
        <testcase name="testCreateFermeWithInvalidDataShowsErrors" class="App\Tests\Functional\Controller\FermeControllerTest" classname="App.Tests.Functional.Controller.FermeControllerTest" file="C:\Users\sliti\Desktop\dev\esprit-PIDEV-3A16-2526-FARMIA\tests\Functional\Controller\FermeControllerTest.php" line="66" assertions="2" time="0.202925">
          <failure type="PHPUnit\Framework\ExpectationFailedException">App\Tests\Functional\Controller\FermeControllerTest::testCreateFermeWithInvalidDataShowsErrors
Failed asserting that the Crawler matches selector ".alert-danger, .error, .invalid-feedback".

C:\Users\sliti\Desktop\dev\esprit-PIDEV-3A16-2526-FARMIA\vendor\symfony\framework-bundle\Test\DomCrawlerAssertionsTrait.php:29
C:\Users\sliti\Desktop\dev\esprit-PIDEV-3A16-2526-FARMIA\tests\Functional\Controller\FermeControllerTest.php:77
C:\Users\sliti\Desktop\dev\esprit-PIDEV-3A16-2526-FARMIA\vendor\phpunit\phpunit\phpunit:107</failure>
        </testcase>
        <testcase name="testEditPageLoadsWithFermeData" class="App\Tests\Functional\Controller\FermeControllerTest" classname="App.Tests.Functional.Controller.FermeControllerTest" file="C:\Users\sliti\Desktop\dev\esprit-PIDEV-3A16-2526-FARMIA\tests\Functional\Controller\FermeControllerTest.php" line="85" assertions="2" time="0.184789"/>
        <testcase name="testCanUpdateFerme" class="App\Tests\Functional\Controller\FermeControllerTest" classname="App.Tests.Functional.Controller.FermeControllerTest" file="C:\Users\sliti\Desktop\dev\esprit-PIDEV-3A16-2526-FARMIA\tests\Functional\Controller\FermeControllerTest.php" line="104" assertions="4" time="0.189049"/>
        <testcase name="testCanDeleteFermeWithCsrfToken" class="App\Tests\Functional\Controller\FermeControllerTest" classname="App.Tests.Functional.Controller.FermeControllerTest" file="C:\Users\sliti\Desktop\dev\esprit-PIDEV-3A16-2526-FARMIA\tests\Functional\Controller\FermeControllerTest.php" line="133" assertions="3" time="0.180712"/>
        <testcase name="testPdfGenerationReturnsPdfContent" class="App\Tests\Functional\Controller\FermeControllerTest" classname="App.Tests.Functional.Controller.FermeControllerTest" file="C:\Users\sliti\Desktop\dev\esprit-PIDEV-3A16-2526-FARMIA\tests\Functional\Controller\FermeControllerTest.php" line="159" assertions="2" time="0.278529"/>
        <testcase name="testSearchFiltersResults" class="App\Tests\Functional\Controller\FermeControllerTest" classname="App.Tests.Functional.Controller.FermeControllerTest" file="C:\Users\sliti\Desktop\dev\esprit-PIDEV-3A16-2526-FARMIA\tests\Functional\Controller\FermeControllerTest.php" line="178" assertions="2" time="0.252635"/>
        <testcase name="testUnauthenticatedUserIsRedirected" class="App\Tests\Functional\Controller\FermeControllerTest" classname="App.Tests.Functional.Controller.FermeControllerTest" file="C:\Users\sliti\Desktop\dev\esprit-PIDEV-3A16-2526-FARMIA\tests\Functional\Controller\FermeControllerTest.php" line="197" assertions="1" time="0.366983">
          <failure type="PHPUnit\Framework\ExpectationFailedException">App\Tests\Functional\Controller\FermeControllerTest::testUnauthenticatedUserIsRedirected
Failed asserting that the Response is redirected.
HTTP/1.1 500 Internal Server Error&#13;
Cache-Control:          max-age=0, must-revalidate, private&#13;
Content-Type:           text/html; charset=UTF-8&#13;
Date:                   Sat, 25 Apr 2026 11:54:14 GMT&#13;
Expires:                Sat, 25 Apr 2026 11:54:14 GMT&#13;
Vary:                   Accept&#13;
X-Debug-Exception:      Impossible%20to%20access%20an%20attribute%20%28%22nom%22%29%20on%20a%20null%20variable%20in%20%22components%2F_profile_modal.html.twig%22%20at%20line%2053.&#13;
X-Debug-Exception-File: C%3A%5CUsers%5Csliti%5CDesktop%5Cdev%5Cesprit-PIDEV-3A16-2526-FARMIA%5Ctemplates%5Ccomponents%5C_profile_modal.html.twig:53&#13;
X-Robots-Tag:           noindex&#13;
&#13;
&lt;!-- Impossible to access an attribute (&amp;quot;nom&amp;quot;) on a null variable in &amp;quot;components/_profile_modal.html.twig&amp;quot; at line 53. (500 Internal Server Error) --&gt;
&lt;!DOCTYPE html&gt;
&lt;html lang="en"&gt;
    &lt;head&gt;
        &lt;meta charset="UTF-8" /&gt;
        &lt;meta name="robots" content="noindex,nofollow" /&gt;
        &lt;meta name="viewport" content="width=device-width,initial-scale=1" /&gt;
        &lt;title&gt;Impossible to access an attribute (&amp;quot;nom&amp;quot;) on a null variable in &amp;quot;components/_profile_modal.html.twig&amp;quot; at line 53. (500 Internal Server Error)&lt;/title&gt;
        &lt;link rel="icon" type="image/png" href="data:image/png;base64,iVBORw0KGgoAAAANSUhEUgAAABwAAAAgCAYAAAABtRhCAAADVUlEQVRIx82XX0jTURTHLYPyqZdefQx66CEo80+aYpoIkqzUikz6Z5klQoWUWYRIJYEUGpQ+lIr9U5dOTLdCtkmWZis3rbnC5fw/neYW002307mX/cZvP3/7o1PwwOdh95x7vnf39zvnd29AgBer2xO6DclAXiMqZAqxIiNIN/IYSUS2BPhjmGATchUxI+ADWiRhpWK7HKuHFVBFdmU5YvnI4grFGCaReF/EBH4KsZlGgj2JBTuCYBWRIYF8YoEOJ6wBt/gEs7mBbyOjQXruPLSdOgPCiEiPSUUHDoL8Ug5IUo9B/d5wrt+G7OAKNrODPuVdB6vRCIzN6SdBlpW9RIgk/1FeAXabzRlrUPVCS/JhbmwudztnGeeH9AyXBIwtmM3wLinZJZHifjHw2V+NBoRh+9ixQrbgbnaSIcl7cGea6hoXQbNe7za241oeO5Z0p42M4BV2EqP2D50wo+6HzvwC6C4sApNOR8cmOrtcnhtj2kYRyC9eBvXzKrBZrXSs72kFd1t3MoKVbMekQkEnSNKOO8fac3LpmK6l1TlGtsxmsdKFsecPYgwxst0cwROMYDXboSotg0WLBRqjY51jLYcENElXwW2XJKPydvoI2GN9T8rBtrAArYIUruBJXkFheCQYlCpQP6uk5dAQFQNaUROMSGVQFxLmkoQsxDJrhLbTZ+nvVsERME9MgPJRKV/58AsyomTSzE813WLFvWK++qI0xSfQl8k8Pg46sYRuv5t6dS+4RqxDwaa4BGjYH+NTQvKScIp9+YL/hoZh3jDtLRHtt2C3g6bmhX+CpsFBWg7ilDSPgj0lD2ncr5ev/BP8VvyAJhqVyZeUhPOrEhEFxgEtjft846Z/guQTNT89Q5P9flMLoth4F7808wKtWWKzAwNQHxrh/1vaid2F+XpYTSbQf1XA2McOmOpROnvpvMEA4tSjq1cW0sws2gCYxswY6TKkvzYnJq1NHZLnRU4BX+4U0uburvusu8Kv8iHY7qefkM4IFngJHEOUXmLEPgiGsI8YnlZILit3vSSLRTQe/MPIZva5pshNIEmyFQlCvruJKXPkCEfmePzkphXHdzZNQdoRI9KPlBAxlj/I8U97ERPS5bjGbWDFbEdqHVe5caTBeZZx2H/IMvzeN15yoQAAAABJRU5ErkJggg==" /&gt;
        &lt;style&gt;/* This file is based on WebProfilerBundle/Resources/views/Profiler/profiler.css.twig.
   If you make any change in this file, verify the same change is needed in the other file. */
:root {
    --font-sans-serif: Helvetica, Arial, sans-serif;
    --page-background: #f9f9f9;
    --color-text: #222;
    /* when updating any of these colors, do the same in toolbar.css.twig */
    --color-success: #4f805d;
    --color-warning: #a46a1f;
    --color-error: #b0413e;
    --color-muted: #999;
    --tab-background: #f0f0f0;
    --tab-border-color: #e5e5e5;
    --tab-active-border-color: #d4d4d4;
    --tab-color: #444;
    --tab-active-background: #fff;
    --tab-active-color: var(--color-text);
    --tab-disabled-background: #f5f5f5;
    --tab-disabled-color: #999;
    --selected-badge-background: #e5e5e5;
    --selected-badge-color: #525252;
    --selected-badge-shadow: inset 0 0 0 1px #d4d4d4;
    --selected-badge-warning-background: #fde496;
    --selected-badge-warning-color: #785b02;
    --selected-badge-warning-shadow: inset 0 0 0 1px #e6af05;
    --selected-badge-danger-background: #FCE9ED;
    --selected-badge-danger-color: #83122A;
    --selected-badge-danger-shadow: inset 0 0 0 1px #F5B8C5;
    --metric-value-background: #fff;
    --metric-value-color: inherit;
    --metric-unit-color: #999;
    --metric-label-background: #e0e0e0;
    --metric-label-color: inherit;
    --table-border: #e0e0e0;
    --table-background: #fff;
    --table-header: #e0e0e0;
    --trace-selected-background: #F7E5A1;
    --tree-active-background: #F7E5A1;
    --exception-title-color: var(--base-2);
    --shadow: 0px 0px 1px rgba(128, 128, 128, .2);
    --border: 1px solid #e0e0e0;
    --background-error: var(--color-error);
    --highlight-comment: #969896;
    --highlight-default: #222222;
    --highlight-keyword: #a71d5d;
    --highlight-string: #183691;
    --base-0: #fff;
    --base-1: #f5f5f5;
    --base-2: #e0e0e0;
    --base-3: #ccc;
    --base-4: #666;
    --base-5: #444;
    --base-6: #222;
}

.theme-dark {
    --page-background: #36393e;
    --color-text: #e0e0e0;
    --color-muted: #777;
    --color-error: #f76864;
    --tab-background: #404040;
    --tab-border-color: #737373;
    --tab-active-border-color: #171717;
    --tab-color: var(--color-text);
    --tab-active-background: #d4d4d4;
    --tab-active-color: #262626;
    --tab-disabled-background: var(--page-background);
    --tab-disabled-color: #a3a3a3;
    --selected-badge-background: #555;
    --selected-badge-color: #ddd;
    --selected-badge-shadow: none;
    --selected-badge-warning-background: #fcd55f;
    --selected-badge-warning-color: #785b02;
    --selected-badge-warning-shadow: inset 0 0 0 1px #af8503;
    --selected-badge-danger-background: #B41939;
    --selected-badge-danger-color: #FCE9ED;
    --selected-badge-danger-shadow: none;
    --metric-value-background: #555;
    --metric-value-color: inherit;
    --metric-unit-color: #999;
    --metric-label-background: #777;
    --metric-label-color: #e0e0e0;
    --trace-selected-background: #5d5227cc;
    --table-border: #444;
    --table-background: #333;
    --table-header: #555;
    --info-background: rgba(79, 148, 195, 0.5);
    --tree-active-background: var(--metric-label-background);
    --exception-title-color: var(--base-2);
    --shadow: 0px 0px 1px rgba(32, 32, 32, .2);
    --border: 1px solid #666;
    --background-error: #b0413e;
    --highlight-comment: #dedede;
    --highlight-default: var(--base-6);
    --highlight-keyword: #de8986;
    --highlight-string: #70a6fd;
    --base-0: #2e3136;
    --base-1: #444;
    --base-2: #666;
    --base-3: #666;
    --base-4: #666;
    --base-5: #e0e0e0;
    --base-6: #f5f5f5;
    --card-label-background: var(--tab-active-background);
    --card-label-color: var(--tab-active-color);
}

html{font-family:sans-serif;-webkit-text-size-adjust:100%;-ms-text-size-adjust:100%}body{margin:0}article,aside,details,figcaption,figure,footer,header,hgroup,main,menu,nav,section{display:block}audio,canvas,progress,video{display:inline-block;vertical-align:baseline}audio:not([controls]){display:none;height:0}[hidden],template{display:none}a{background-color:transparent}a:active,a:hover{outline:0}abbr[title]{border-bottom:1px dotted}b,strong{font-weight:700}dfn{font-style:italic}h1{margin:.67em 0;font-size:2em}mark{color:#000;background:#ff0}small{font-size:80%}sub,sup{position:relative;font-size:75%;line-height:0;vertical-align:baseline}sup{top:-.5em}sub{bottom:-.25em}img{border:0}svg:not(:root){overflow:hidden}figure{margin:1em 40px}hr{height:0;-webkit-box-sizing:content-box;-moz-box-sizing:content-box;box-sizing:content-box}pre{overflow:auto}code,kbd,pre,samp{font-family:monospace,monospace;font-size:1em}button,input,optgroup,select,textarea{margin:0;font:inherit;color:inherit}button{overflow:visible}button,select{text-transform:none}button,html input[type="button"],input[type="reset"],input[type="submit"]{-webkit-appearance:button;cursor:pointer}button[disabled],html input[disabled]{cursor:default}button::-moz-focus-inner,input::-moz-focus-inner{padding:0;border:0}input{line-height:normal}input[type="checkbox"],input[type="radio"]{-webkit-box-sizing:border-box;-moz-box-sizing:border-box;box-sizing:border-box;padding:0}input[type="number"]::-webkit-inner-spin-button,input[type="number"]::-webkit-outer-spin-button{height:auto}input[type="search"]{-webkit-box-sizing:content-box;-moz-box-sizing:content-box;box-sizing:content-box;-webkit-appearance:textfield}input[type="search"]::-webkit-search-cancel-button,input[type="search"]::-webkit-search-decoration{-webkit-appearance:none}fieldset{padding:.35em .625em .75em;margin:0 2px;border:1px solid silver}legend{padding:0;border:0}textarea{overflow:auto}optgroup{font-weight:700}table{border-spacing:0;border-collapse:collapse}td,th{padding:0}summary{cursor: pointer}

html {
    /* always display the vertical scrollbar to avoid jumps when toggling contents */
    overflow-y: scroll;
}
body { background-color: var(--page-background); color: var(--base-6); font: 14px/1.4 Helvetica, Arial, sans-serif; padding-bottom: 45px; }

a { cursor: pointer; text-decoration: none; }
a:hover { text-decoration: underline; }
abbr[title] { border-bottom: none; cursor: help; text-decoration: none; }

code, pre { font: 13px/1.5 Consolas, Monaco, Menlo, "Ubuntu Mono", "Liberation Mono", monospace; }

table, tr, th, td { background: var(--base-0); border-collapse: collapse; vertical-align: top; }
table { background: var(--base-0); border: var(--border); box-shadow: 0px 0px 1px rgba(128, 128, 128, .2); margin: 1em 0; width: 100%; }
table th, table td { border: solid var(--base-2); border-width: 1px 0; padding: 8px 10px; }
table th { background-color: var(--base-2); font-weight: bold; text-align: left; }

.m-t-5 { margin-top: 5px; }
.hidden-xs-down { display: none; }
.block { display: block; }
.full-width { width: 100%; }
.hidden { display: none; }
.prewrap { white-space: pre-wrap; }
.nowrap { white-space: nowrap; }
.newline { display: block; }
.break-long-words { word-wrap: break-word; overflow-wrap: break-word; -webkit-hyphens: auto; -moz-hyphens: auto; hyphens: auto; min-width: 0; }
.text-small { font-size: 12px !important; }
.text-muted { color: #999; }
.text-bold { font-weight: bold; }
.empty { border: 4px dashed var(--base-2); color: #999; margin: 1em 0; padding: .5em 2em; }

.status-success { background: rgba(94, 151, 110, 0.3); }
.status-warning { background: rgba(240, 181, 24, 0.3); }
.status-error { background: rgba(176, 65, 62, 0.2); }
.status-success td, .status-warning td, .status-error td { background: transparent; }
tr.status-error td, tr.status-warning td { border-bottom: 1px solid var(--base-2); border-top: 1px solid var(--base-2); }
.status-warning .colored { color: #A46A1F; }
.status-error .colored  { color: var(--color-error); }

.sf-toggle { cursor: pointer; position: relative; }
.sf-toggle-content { -moz-transition: display .25s ease; -webkit-transition: display .25s ease; transition: display .25s ease; }
.sf-toggle-content.sf-toggle-hidden { display: none; }
.sf-toggle-content.sf-toggle-visible { display: block; }
thead.sf-toggle-content.sf-toggle-visible, tbody.sf-toggle-content.sf-toggle-visible { display: table-row-group; }
.sf-toggle-off .icon-close, .sf-toggle-on .icon-open { display: none; }
.sf-toggle-off .icon-open, .sf-toggle-on .icon-close { display: block; }

.tab-navigation {
    background-color: var(--tab-background);
    border-radius: 6px;
    box-shadow: inset 0 0 0 1px var(--tab-border-color), 0 0 0 5px var(--page-background);
    display: inline-flex;
    flex-wrap: wrap;
    margin: 0 0 15px;
    padding: 0;
    user-select: none;
    -webkit-user-select: none;
}
.sf-tabs-sm .tab-navigation {
    box-shadow: inset 0 0 0 1px var(--tab-border-color), 0 0 0 4px var(--page-background);
    margin: 0 0 10px;
}
.tab-navigation .tab-control {
    background: transparent;
    border: 0;
    box-shadow: none;
    transition: box-shadow .05s ease-in, background-color .05s ease-in;
    cursor: pointer;
    font-size: 14px;
    font-weight: 500;
    line-height: 1.4;
    margin: 0;
    padding: 4px 14px;
    position: relative;
    text-align: center;
    z-index: 1;
}
.sf-tabs-sm .tab-navigation .tab-control {
    font-size: 13px;
    padding: 2.5px 10px;
}
.tab-navigation .tab-control:before {
    background: var(--tab-border-color);
    bottom: 15%;
    content: "";
    left: 0;
    position: absolute;
    top: 15%;
    width: 1px;
}
.tab-navigation .tab-control:first-child:before,
.tab-navigation .tab-control.active + .tab-control:before,
.tab-navigation .tab-control.active:before {
    width: 0;
}
.tab-navigation .tab-control .badge {
    background: var(--selected-badge-background);
    box-shadow: var(--selected-badge-shadow);
    color: var(--selected-badge-color);
    display: inline-block;
    font-size: 12px;
    font-weight: bold;
    line-height: 1;
    margin-left: 8px;
    min-width: 10px;
    padding: 2px 6px;
    text-align: center;
    white-space: nowrap;
}
.tab-navigation .tab-control.disabled {
    color: var(--tab-disabled-color);
}
.tab-navigation .tab-control.active {
    background-color: var(--tab-active-background);
    border-radius: 6px;
    box-shadow: inset 0 0 0 1.5px var(--tab-active-border-color);
    color: var(--tab-active-color);
    position: relative;
    z-index: 1;
}
.theme-dark .tab-navigation li.active {
    box-shadow: inset 0 0 0 1px var(--tab-border-color);
}
.tab-content &gt; *:first-child {
    margin-top: 0;
}
.tab-navigation .tab-control .badge.status-warning {
    background: var(--selected-badge-warning-background);
    box-shadow: var(--selected-badge-warning-shadow);
    color: var(--selected-badge-warning-color);
}
.tab-navigation .tab-control .badge.status-error {
    background: var(--selected-badge-danger-background);
    box-shadow: var(--selected-badge-danger-shadow);
    color: var(--selected-badge-danger-color);
}

.sf-tabs .tab:not(:first-child) { display: none; }

[data-filters] { position: relative; }
[data-filtered] { cursor: pointer; }
[data-filtered]:after { content: '\00a0\25BE'; }
[data-filtered]:hover .filter-list li { display: inline-flex; }
[class*="filter-hidden-"] { display: none; }
.filter-list { position: absolute; border: var(--border); box-shadow: var(--shadow); margin: 0; padding: 0; display: flex; flex-direction: column; }
.filter-list :after { content: ''; }
.filter-list li {
    background: var(--tab-disabled-background);
    border-bottom: var(--border);
    color: var(--tab-disabled-color);
    display: none;
    list-style: none;
    margin: 0;
    padding: 5px 10px;
    text-align: left;
    font-weight: normal;
}
.filter-list li.active {
    background: var(--tab-background);
    color: var(--tab-color);
}
.filter-list li.last-active {
    background: var(--tab-active-background);
    color: var(--tab-active-color);
}

.filter-list-level li { cursor: s-resize; }
.filter-list-level li.active { cursor: n-resize; }
.filter-list-level li.last-active { cursor: default; }
.filter-list-level li.last-active:before { content: '\2714\00a0'; }
.filter-list-choice li:before { content: '\2714\00a0'; color: transparent; }
.filter-list-choice li.active:before { color: unset; }

.container { max-width: 1024px; margin: 0 auto; padding: 0 15px; }
.container::after { content: ""; display: table; clear: both; }

header { background-color: #222; color: rgba(255, 255, 255, 0.75); font-size: 13px; height: 33px; line-height: 33px; padding: 0; }
header .container { display: flex; justify-content: space-between; }
.logo { flex: 1; font-size: 13px; font-weight: normal; margin: 0; padding: 0; }
.logo svg { height: 18px; width: 18px; opacity: .8; vertical-align: -5px; }

.help-link { margin-left: 15px; }
.help-link a { color: inherit; }
.help-link .icon svg { height: 15px; width: 15px; opacity: .7; vertical-align: -2px; }
.help-link a:hover { color: #EEE; text-decoration: none; }
.help-link a:hover svg { opacity: .9; }

.exception-summary { background: var(--background-error); border-bottom: 2px solid rgba(0, 0, 0, 0.1); border-top: 1px solid rgba(0, 0, 0, .3); flex: 0 0 auto; margin-bottom: 15px; }
.exception-metadata { background: rgba(0, 0, 0, 0.1); padding: 7px 0; }
.exception-metadata .container { display: flex; flex-direction: row; justify-content: space-between; }
.exception-metadata h2, .exception-metadata h2 &gt; a { color: rgba(255, 255, 255, 0.8); font-size: 13px; font-weight: 400; margin: 0; }
.exception-http small { font-size: 13px; opacity: .7; }
.exception-hierarchy { flex: 1; }
.exception-hierarchy .icon { margin: 0 3px; opacity: .7; }
.exception-hierarchy .icon svg { height: 13px; width: 13px; vertical-align: -2px; }

.exception-without-message .exception-message-wrapper { display: none; }
.exception-message-wrapper .container { display: flex; align-items: flex-start; min-height: 70px; padding: 10px 15px 8px; }
.exception-message { flex-grow: 1; }
.exception-message, .exception-message a { color: #FFF; font-size: 21px; font-weight: 400; margin: 0; }
.exception-message.long { font-size: 18px; }
.exception-message a { border-bottom: 1px solid rgba(255, 255, 255, 0.5); font-size: inherit; text-decoration: none; }
.exception-message a:hover { border-bottom-color: #ffffff; }

.exception-properties-wrapper { margin: .8em 0; }
.exception-properties { background: var(--base-0); border: var(--border); box-shadow: 0px 0px 1px rgba(128, 128, 128, .2); }
.exception-properties pre { margin: 0; padding: 0.2em 0; }

.exception-illustration { flex-basis: 111px; flex-shrink: 0; height: 66px; margin-left: 15px; opacity: .7; }

.trace + .trace { margin-top: 30px; }
.trace-head { background-color: var(--base-2); padding: 10px; position: relative; }
.trace-head .trace-class { color: var(--base-6); font-size: 18px; font-weight: bold; line-height: 1.3; margin: 0; position: relative; }
.trace-head .trace-namespace { color: #999; display: block; font-size: 13px; }
.trace-head .icon { position: absolute; right: 0; top: 0; }
.trace-head .icon svg { fill: var(--base-5); height: 24px; width: 24px; }

.trace-details { background: var(--base-0); border: var(--border); box-shadow: 0px 0px 1px rgba(128, 128, 128, .2); margin: 0 0 1em; table-layout: fixed; }

.trace-message { font-size: 14px; font-weight: normal; margin: .5em 0 0; }

.trace-line { position: relative; padding-top: 8px; padding-bottom: 8px; }
.trace-line + .trace-line { border-top: var(--border); }
.trace-line:hover { background: var(--base-1); }
.trace-line a { color: var(--base-6); }
.trace-line .icon { opacity: .4; position: absolute; left: 10px; }
.trace-line .icon svg { fill: var(--base-5); height: 16px; width: 16px; }
.trace-line .icon.icon-copy { left: auto; top: auto; padding-left: 5px; display: none }
.trace-line:hover .icon.icon-copy:not(.hidden) { display: inline-block }
.trace-line-header { padding-left: 36px; padding-right: 10px; }

.trace-file-path, .trace-file-path a { color: var(--base-6); font-size: 13px; }
.trace-class { color: var(--color-error); }
.trace-type { padding: 0 2px; }
.trace-method { color: var(--color-error); font-weight: bold; }
.trace-arguments { color: #777; font-weight: normal; padding-left: 2px; }

.trace-code { background: var(--base-0); font-size: 12px; margin: 10px 10px 2px 10px; padding: 10px; overflow-x: auto; white-space: nowrap; }
.trace-code ol { margin: 0; float: left; }
.trace-code li { color: #969896; margin: 0; padding-left: 10px; float: left; width: 100%; }
.trace-code li + li { margin-top: 5px; }
.trace-code li.selected { background: var(--trace-selected-background); margin-top: 2px; }
.trace-code li code { color: var(--base-6); white-space: pre; }

.trace-as-text .stacktrace { line-height: 1.8; margin: 0 0 15px; white-space: pre-wrap; }

@media (min-width: 575px) {
    .hidden-xs-down { display: initial; }
    .help-link { margin-left: 30px; }
}&lt;/style&gt;
        &lt;style&gt;.sf-reset .traces {
    padding-bottom: 14px;
}
.sf-reset .traces li {
    font-size: 12px;
    color: #868686;
    padding: 5px 4px;
    list-style-type: decimal;
    margin-left: 20px;
}
.sf-reset #logs .traces li.error {
    font-style: normal;
    color: #AA3333;
    background: #f9ecec;
}
.sf-reset #logs .traces li.warning {
    font-style: normal;
    background: #ffcc00;
}
/* fix for Opera not liking empty &lt;li&gt; */
.sf-reset .traces li:after {
    content: "\00A0";
}
.sf-reset .trace {
    border: 1px solid #D3D3D3;
    padding: 10px;
    overflow: auto;
    margin: 10px 0 20px;
}
.sf-reset .block-exception {
    -moz-border-radius: 16px;
    -webkit-border-radius: 16px;
    border-radius: 16px;
    margin-bottom: 20px;
    background-color: #f6f6f6;
    border: 1px solid #dfdfdf;
    padding: 30px 28px;
    word-wrap: break-word;
    overflow: hidden;
}
.sf-reset .block-exception div {
    color: #313131;
    font-size: 10px;
}
.sf-reset .block-exception-detected .illustration-exception,
.sf-reset .block-exception-detected .text-exception {
    float: left;
}
.sf-reset .block-exception-detected .illustration-exception {
    width: 152px;
}
.sf-reset .block-exception-detected .text-exception {
    width: 670px;
    padding: 30px 44px 24px 46px;
    position: relative;
}
.sf-reset .text-exception .open-quote,
.sf-reset .text-exception .close-quote {
    font-family: Arial, Helvetica, sans-serif;
    position: absolute;
    color: #C9C9C9;
    font-size: 8em;
}
.sf-reset .open-quote {
    top: 0;
    left: 0;
}
.sf-reset .close-quote {
    bottom: -0.5em;
    right: 50px;
}
.sf-reset .block-exception p {
    font-family: Arial, Helvetica, sans-serif;
}
.sf-reset .block-exception p a,
.sf-reset .block-exception p a:hover {
    color: #565656;
}
.sf-reset .logs h2 {
    float: left;
    width: 654px;
}
.sf-reset .error-count, .sf-reset .support {
    float: right;
    width: 170px;
    text-align: right;
}
.sf-reset .error-count span {
    display: inline-block;
    background-color: #aacd4e;
    -moz-border-radius: 6px;
    -webkit-border-radius: 6px;
    border-radius: 6px;
    padding: 4px;
    color: white;
    margin-right: 2px;
    font-size: 11px;
    font-weight: bold;
}

.sf-reset .support a {
    display: inline-block;
    -moz-border-radius: 6px;
    -webkit-border-radius: 6px;
    border-radius: 6px;
    padding: 4px;
    color: #000000;
    margin-right: 2px;
    font-size: 11px;
    font-weight: bold;
}

.sf-reset .toggle {
    vertical-align: middle;
}
.sf-reset .linked ul,
.sf-reset .linked li {
    display: inline;
}
.sf-reset #output-content {
    color: #000;
    font-size: 12px;
}
.sf-reset #traces-text pre {
    white-space: pre;
    font-size: 12px;
    font-family: monospace;
}&lt;/style&gt;
    &lt;/head&gt;
    &lt;body&gt;
        &lt;script&gt;
            document.body.classList.add(
                localStorage.getItem('symfony/profiler/theme') || (matchMedia('(prefers-color-scheme: dark)').matches ? 'theme-dark' : 'theme-light')
            );
        &lt;/script&gt;

                    &lt;header&gt;
                &lt;div class="container"&gt;
                    &lt;h1 class="logo"&gt;&lt;svg xmlns="http://www.w3.org/2000/svg" width="24" height="24" viewBox="0 0 24 24"&gt;&lt;path fill="#FFF" d="M12 .9C5.8.9.9 5.8.9 12a11 11 0 1 0 22.2 0A11 11 0 0 0 12 .9zm6.5 6c-.6 0-.9-.3-.9-.8 0-.2 0-.4.2-.6l.2-.4c0-.3-.5-.4-.6-.4-1.8.1-2.3 2.5-2.7 4.4l-.2 1c1 .2 1.8 0 2.2-.3.6-.4-.2-.7-.1-1.2.1-.3.5-.5.7-.6.5 0 .7.5.7.9 0 .7-1 1.8-3 1.8l-.6-.1-.6 2.4c-.4 1.6-.8 3.8-2.4 5.7-1.4 1.7-2.9 1.9-3.5 1.9-1.2 0-1.9-.6-2-1.5 0-.8.7-1.3 1.2-1.3.6 0 1.1.5 1.1 1s-.2.6-.4.6c-.1.1-.3.2-.3.4 0 .1.1.3.4.3.5 0 .8-.3 1.1-.5 1.2-.9 1.6-2.7 2.2-5.7l.1-.7.7-3.2c-.8-.6-1.3-1.4-2.4-1.7-.6-.1-1.1.1-1.5.5-.4.5-.2 1.1.2 1.5l.7.6c.7.8 1.2 1.6 1 2.5-.3 1.5-2 2.6-4 1.9-1.8-.6-2-1.8-1.8-2.5.2-.6.6-.7 1.1-.6.5.2.6.7.6 1.2l-.1.3c-.2.1-.3.3-.3.4-.1.4.4.6.7.7.7.3 1.6-.2 1.8-.8a1 1 0 0 0-.4-1.1l-.7-.8c-.4-.4-1.1-1.4-.7-2.6.1-.5.4-.9.7-1.3a4 4 0 0 1 2.8-.6c1.2.4 1.8 1.1 2.6 1.8.5-1.2 1-2.4 1.8-3.5.9-.9 1.9-1.6 3.1-1.7 1.3.2 2.2.7 2.2 1.6 0 .4-.2 1.1-.9 1.1z"/&gt;&lt;/svg&gt; Symfony Exception&lt;/h1&gt;

                    &lt;div class="help-link"&gt;
                        &lt;a href="https://symfony.com/doc/6.4.35/index.html"&gt;
                            &lt;span class="icon"&gt;&lt;svg width="1792" height="1792" viewBox="0 0 1792 1792" xmlns="http://www.w3.org/2000/svg"&gt;&lt;path fill="#FFF" d="M1703 478q40 57 18 129l-275 906q-19 64-76.5 107.5T1247 1664H324q-77 0-148.5-53.5T76 1479q-24-67-2-127 0-4 3-27t4-37q1-8-3-21.5t-3-19.5q2-11 8-21t16.5-23.5T116 1179q23-38 45-91.5t30-91.5q3-10 .5-30t-.5-28q3-11 17-28t17-23q21-36 42-92t25-90q1-9-2.5-32t.5-28q4-13 22-30.5t22-22.5q19-26 42.5-84.5T404 411q1-8-3-25.5t-2-26.5q2-8 9-18t18-23 17-21q8-12 16.5-30.5t15-35 16-36 19.5-32 26.5-23.5 36-11.5T620 134l-1 3q38-9 51-9h761q74 0 114 56t18 130l-274 906q-36 119-71.5 153.5T1089 1408H220q-27 0-38 15-11 16-1 43 24 70 144 70h923q29 0 56-15.5t35-41.5l300-987q7-22 5-57 38 15 59 43zm-1064 2q-4 13 2 22.5t20 9.5h608q13 0 25.5-9.5T1311 480l21-64q4-13-2-22.5t-20-9.5H702q-13 0-25.5 9.5T660 416zm-83 256q-4 13 2 22.5t20 9.5h608q13 0 25.5-9.5T1228 736l21-64q4-13-2-22.5t-20-9.5H619q-13 0-25.5 9.5T577 672z"/&gt;&lt;/svg&gt;&lt;/span&gt;
                            &lt;span class="hidden-xs-down"&gt;Symfony&lt;/span&gt; Docs
                        &lt;/a&gt;
                    &lt;/div&gt;
                &lt;/div&gt;
            &lt;/header&gt;
        
        &lt;div class="exception-summary "&gt;
    &lt;div class="exception-metadata"&gt;
        &lt;div class="container"&gt;
            &lt;h2 class="exception-hierarchy"&gt;
                                &lt;a href="#trace-box-1"&gt;&lt;abbr title="Twig\Error\RuntimeError"&gt;RuntimeError&lt;/abbr&gt;&lt;/a&gt;
            &lt;/h2&gt;
            &lt;h2 class="exception-http"&gt;
                HTTP 500 &lt;small&gt;Internal Server Error&lt;/small&gt;
            &lt;/h2&gt;
        &lt;/div&gt;
    &lt;/div&gt;
    &lt;div class="exception-message-wrapper"&gt;
        &lt;div class="container"&gt;
            &lt;h1 class="break-long-words exception-message"&gt;Impossible to access an attribute (&amp;quot;nom&amp;quot;) on a null variable in components/_profile_modal.html.twig at line 53.&lt;/h1&gt;

            &lt;div class="exception-illustration hidden-xs-down"&gt;
                &lt;svg viewBox="0 0 136 81" xmlns="http://www.w3.org/2000/svg" fill-rule="evenodd" clip-rule="evenodd" stroke-linejoin="round" stroke-miterlimit="1.4"&gt;&lt;path d="M92.4 20.4a23.2 23.2 0 0 1 9 1.9 23.7 23.7 0 0 1 5.2 3 24.3 24.3 0 0 1 3.4 3.4 24.8 24.8 0 0 1 5 9.4c.5 1.7.8 3.4 1 5.2v14.5h.4l.5.2a7.4 7.4 0 0 0 2.5.2l.2-.2.6-.8.8-1.3-.2-.1a5.5 5.5 0 0 1-.8-.3 5.6 5.6 0 0 1-2.3-1.8 5.7 5.7 0 0 1-.9-1.6 6.5 6.5 0 0 1-.2-2.8 7.3 7.3 0 0 1 .5-2l.3-.3.8-.9.3-.3c.2-.2.5-.3.8-.3H120.7c.2 0 .3-.1.4 0h.4l.2.1.3.2.2-.4.3-.4.1-.1 1.2-1 .3-.2.4-.1.4-.1h.3l1.5.1.4.1.8.5.1.2 1 1.1v.2H129.4l.4-.2 1.4-.5h1.1c.3 0 .7.2 1 .4.2 0 .3.2.5.3l.2.2.5.3.4.6.1.3.4 1.4.1.4v.6a7.8 7.8 0 0 1-.1.6 9.9 9.9 0 0 1-.8 2.4 7.8 7.8 0 0 1-3 3.3 6.4 6.4 0 0 1-1 .5 6.1 6.1 0 0 1-.6.2l-.7.1h-.1a23.4 23.4 0 0 1-.2 1.7 14.3 14.3 0 0 1-.6 2.1l-.8 2a9.2 9.2 0 0 1-.4.6l-.7 1a9.1 9.1 0 0 1-2.3 2.2c-.9.5-2 .6-3 .7l-1.4.1h-.5l-.4.1a15.8 15.8 0 0 1-2.8-.1v4.2a9.7 9.7 0 0 1-.7 3.5 9.6 9.6 0 0 1-1.7 2.8 9.3 9.3 0 0 1-3 2.3 9 9 0 0 1-5.4.7 9 9 0 0 1-3-1 9.4 9.4 0 0 1-2.7-2.5 10 10 0 0 1-1 1.2 9.3 9.3 0 0 1-2 1.3 9 9 0 0 1-2.4 1 9 9 0 0 1-6.5-1.1A9.4 9.4 0 0 1 85 77V77a10.9 10.9 0 0 1-.6.6 9.3 9.3 0 0 1-2.7 2 9 9 0 0 1-6 .8 9 9 0 0 1-2.4-1 9.3 9.3 0 0 1-2.3-1.7 9.6 9.6 0 0 1-1.8-2.8 9.7 9.7 0 0 1-.8-3.7v-4a18.5 18.5 0 0 1-2.9.2l-1.2-.1c-1.9-.3-3.7-1-5.1-2.2a8.2 8.2 0 0 1-1.1-1 10.2 10.2 0 0 1-.9-1.2 15.3 15.3 0 0 1-.7-1.3 20.8 20.8 0 0 1-1.9-6.2v-.2a6.5 6.5 0 0 1-1-.3 6.1 6.1 0 0 1-.6-.3 6.6 6.6 0 0 1-.9-.6 8.2 8.2 0 0 1-2.7-3.7 10 10 0 0 1-.3-1 10.3 10.3 0 0 1-.3-1.9V47v-.4l.1-.4.6-1.4.1-.2a2 2 0 0 1 .8-.8l.3-.2.3-.2a3.2 3.2 0 0 1 1.8-.5h.4l.3.2 1.4.6.2.2.4.3.3.4.7-.7.2-.2.4-.2.6-.2h2.1l.4.2.4.2.3.2.8 1 .2-.1h.1v-.1H63l1.1.1h.3l.8.5.3.4.7 1 .2.3.1.5a11 11 0 0 1 .2 1.5c0 .8 0 1.6-.3 2.3a6 6 0 0 1-.5 1.2 5.5 5.5 0 0 1-3.3 2.5 12.3 12.3 0 0 0 1.4 3h.1l.2.1 1 .2h1.5l.5-.2H67.8l.5-.2h.1V44v-.4a26.7 26.7 0 0 1 .3-2.3 24.7 24.7 0 0 1 5.7-12.5 24.2 24.2 0 0 1 3.5-3.3 23.7 23.7 0 0 1 4.9-3 23.2 23.2 0 0 1 5.6-1.7 23.7 23.7 0 0 1 4-.3zm-.3 2a21.2 21.2 0 0 0-8 1.7 21.6 21.6 0 0 0-4.8 2.7 22.2 22.2 0 0 0-3.2 3 22.7 22.7 0 0 0-5 9.2 23.4 23.4 0 0 0-.7 4.9v15.7l-.5.1a34.3 34.3 0 0 1-1.5.3h-.2l-.4.1h-.4l-.9.2a10 10 0 0 1-1.9 0c-.5 0-1-.2-1.5-.4a1.8 1.8 0 0 1-.3-.2 2 2 0 0 1-.3-.3 5.2 5.2 0 0 1-.1-.2 9 9 0 0 1-.6-.9 13.8 13.8 0 0 1-1-2 14.3 14.3 0 0 1-.6-2 14 14 0 0 1-.1-.8v-.2h.3a12.8 12.8 0 0 0 1.4-.2 4.4 4.4 0 0 0 .3 0 3.6 3.6 0 0 0 1.1-.7 3.4 3.4 0 0 0 1.2-1.7l.2-1.2a5.1 5.1 0 0 0 0-.8 7.2 7.2 0 0 0-.1-.8l-.7-1-1.2-.2-1 .7-.1 1.3a5 5 0 0 1 .1.4v.6a1 1 0 0 1 0 .3c-.1.3-.4.4-.7.5l-1.2.4v-.7A9.9 9.9 0 0 1 60 49l.3-.6v-.2l.1-.1v-1.6l-1-1.2h-1.5l-1 1.1v.4a5.3 5.3 0 0 0-.2.6 5.5 5.5 0 0 0 0 .5c0 .7 0 1.4.3 2 0 .4.2.8.4 1.2L57 51a9.5 9.5 0 0 1-1.1-.5h-.2a2 2 0 0 1-.4-.3c-.4-.4-.5-1-.6-1.6a5.6 5.6 0 0 1 0-.5v-.5-.5l-.6-1.5-1.4-.6-.9.3s-.2 0-.3.2a2 2 0 0 1-.1 0l-.6 1.4v.7a8.5 8.5 0 0 0 .5 2c.4 1.1 1 2.1 2 2.8a4.7 4.7 0 0 0 2.1.9h1a22.8 22.8 0 0 0 .1 1 18.1 18.1 0 0 0 .8 3.8 18.2 18.2 0 0 0 1.6 3.7l1 1.3c1 1 2.3 1.6 3.7 2a11.7 11.7 0 0 0 4.8 0h.4l.5-.2.5-.1.6-.2v6.6a8 8 0 0 0 .1 1.3 7.5 7.5 0 0 0 2.4 4.3 7.2 7.2 0 0 0 2.3 1.3 7 7 0 0 0 7-1.1 7.5 7.5 0 0 0 2-2.6A7.7 7.7 0 0 0 85 72V71a8.2 8.2 0 0 0 .2 1.3c0 .7.3 1.4.6 2a7.5 7.5 0 0 0 1.7 2.3 7.3 7.3 0 0 0 2.2 1.4 7.1 7.1 0 0 0 4.6.2 7.2 7.2 0 0 0 2.4-1.2 7.5 7.5 0 0 0 2.1-2.7 7.8 7.8 0 0 0 .7-2.4V71a9.3 9.3 0 0 0 .1.6 7.6 7.6 0 0 0 .6 2.5 7.5 7.5 0 0 0 2.4 3 7.1 7.1 0 0 0 7 .8 7.3 7.3 0 0 0 2.3-1.5 7.5 7.5 0 0 0 1.6-2.3 7.6 7.6 0 0 0 .5-2l.1-1.1v-6.7l.4.1a12.2 12.2 0 0 0 2 .5 11.1 11.1 0 0 0 2.5 0h.8l1.2-.1a9.5 9.5 0 0 0 1.4-.2l.9-.3a3.5 3.5 0 0 0 .6-.4l1.2-1.4a12.2 12.2 0 0 0 .8-1.2c0-.3.2-.5.3-.7a15.9 15.9 0 0 0 .7-2l.3-1.6v-1.3l.2-.9V54.6a15.5 15.5 0 0 0 1.8 0 4.5 4.5 0 0 0 1.4-.5 5.7 5.7 0 0 0 2.5-3.2 7.6 7.6 0 0 0 .4-1.5v-.3l-.4-1.4a5.2 5.2 0 0 1-.2-.1l-.4-.4a3.8 3.8 0 0 0-.2 0 1.4 1.4 0 0 0-.5-.2l-1.4.4-.7 1.3v.7a5.7 5.7 0 0 1-.1.8l-.7 1.4a1.9 1.9 0 0 1-.5.3h-.3a9.6 9.6 0 0 1-.8.3 8.8 8.8 0 0 1-.6 0l.2-.4.2-.5.2-.3v-.4l.1-.2V50l.1-1 .1-.6v-.6a4.8 4.8 0 0 0 0-.8v-.2l-1-1.1-1.5-.2-1.1 1-.2 1.4v.1l.2.4.2.3v.4l.1 1.1v.3l.1.5v.8a9.6 9.6 0 0 1-.8-.3l-.2-.1h-.3l-.8-.1h-.2a1.6 1.6 0 0 1-.2-.2.9.9 0 0 1-.2-.2 1 1 0 0 1-.1-.5l.2-.9v-1.2l-.9-.8h-1.2l-.8.9v.3a4.8 4.8 0 0 0-.3 2l.3.9a3.5 3.5 0 0 0 1.2 1.6l1 .5.8.2 1.4.1h.4l.2.1a12.1 12.1 0 0 1-1 2.6 13.2 13.2 0 0 1-.8 1.5 9.5 9.5 0 0 1-1 1.2l-.2.3a1.7 1.7 0 0 1-.4.3 2.4 2.4 0 0 1-.7.2h-2.5a7.8 7.8 0 0 1-.6-.2l-.7-.2h-.2a14.8 14.8 0 0 1-.6-.2 23.4 23.4 0 0 1-.4-.1l-.4-.1-.3-.1V43.9a34.6 34.6 0 0 0 0-.6 23.6 23.6 0 0 0-.4-3 22.7 22.7 0 0 0-1.5-4.7 22.6 22.6 0 0 0-4.6-6.7 21.9 21.9 0 0 0-6.9-4.7 21.2 21.2 0 0 0-8.1-1.8H92zm9.1 33.7l.3.1a1 1 0 0 1 .6.8v.4a8.4 8.4 0 0 1 0 .5 8.8 8.8 0 0 1-1.6 4.2l-1 1.3A10 10 0 0 1 95 66c-1.3.3-2.7.4-4 .3a10.4 10.4 0 0 1-2.7-.8 10 10 0 0 1-3.6-2.5 9.3 9.3 0 0 1-.8-1 9 9 0 0 1-.7-1.2 8.6 8.6 0 0 1-.8-3.4V57a1 1 0 0 1 .3-.6 1 1 0 0 1 1.3-.2 1 1 0 0 1 .4.8v.4a6.5 6.5 0 0 0 .5 2.2 7 7 0 0 0 2.1 2.8l1 .6c2.6 1.6 6 1.6 8.5 0a8 8 0 0 0 1.1-.6 7.6 7.6 0 0 0 1.2-1.2 7 7 0 0 0 1-1.7 6.5 6.5 0 0 0 .4-2.5 1 1 0 0 1 .7-1h.4zM30.7 43.7c-15.5 1-28.5-6-30.1-16.4C-1.2 15.7 11.6 4 29 1.3 46.6-1.7 62.3 5.5 64 17.1c1.6 10.4-8.7 21-23.7 25a31.2 31.2 0 0 0 0 .9v.3a19 19 0 0 0 .1 1l.1.4.1.9a4.7 4.7 0 0 0 .5 1l.7 1a9.2 9.2 0 0 0 1.2 1l1.5.8.6.8-.7.6-1.1.3a11.2 11.2 0 0 1-2.6.4 8.6 8.6 0 0 1-3-.5 8.5 8.5 0 0 1-1-.4 11.2 11.2 0 0 1-1.8-1.2 13.3 13.3 0 0 1-1-1 18 18 0 0 1-.7-.6l-.4-.4a23.4 23.4 0 0 1-1.3-1.8l-.1-.1-.3-.5V45l-.3-.6v-.7zM83.1 36c3.6 0 6.5 3.2 6.5 7.1 0 4-3 7.2-6.5 7.2S76.7 47 76.7 43 79.6 36 83 36zm18 0c3.6 0 6.5 3.2 6.5 7.1 0 4-2.9 7.2-6.4 7.2S94.7 47 94.7 43s3-7.1 6.5-7.1zm-18 6.1c2 0 3.5 1.6 3.5 3.6S85 49.2 83 49.2s-3.4-1.6-3.4-3.6S81.2 42 83 42zm17.9 0c1.9 0 3.4 1.6 3.4 3.6s-1.5 3.6-3.4 3.6c-2 0-3.5-1.6-3.5-3.6S99.1 42 101 42zM17 28c-.3 1.6-1.8 5-5.2 5.8-2.5.6-4.1-.8-4.5-2.6-.4-1.9.7-3.5 2.1-4.5A3.5 3.5 0 0 1 8 24.6c-.4-2 .8-3.7 3.2-4.2 1.9-.5 3.1.2 3.4 1.5.3 1.1-.5 2.2-1.8 2.5-.9.3-1.6 0-1.7-.6a1.4 1.4 0 0 1 0-.7s.3.2 1 0c.7-.1 1-.7.9-1.2-.2-.6-1-.8-1.8-.6-1 .2-2 1-1.7 2.6.3 1 .9 1.6 1.5 1.8l.7-.2c1-.2 1.5 0 1.6.5 0 .4-.2 1-1.2 1.2a3.3 3.3 0 0 1-1.5 0c-.9.7-1.6 1.9-1.3 3.2.3 1.3 1.3 2.2 3 1.8 2.5-.7 3.8-3.7 4.2-5-.3-.5-.6-1-.7-1.6-.1-.5.1-1 .9-1.2.4 0 .7.2.8.8a2.8 2.8 0 0 1 0 1l.7 1c.6-2 1.4-4 1.7-4 .6-.2 1.5.6 1.5.6-.8.7-1.7 2.4-2.3 4.2.8.6 1.6 1 2.1 1 .5-.1.8-.6 1-1.2-.3-2.2 1-4.3 2.3-4.6.7-.2 1.3.2 1.4.8.1.5 0 1.3-.9 1.7-.2-1-.6-1.3-1-1.3-.4.1-.7 1.4-.4 2.8.2 1 .7 1.5 1.3 1.4.8-.2 1.3-1.2 1.7-2.1-.3-2.1.9-4.2 2.2-4.5.7-.2 1.2.1 1.4 1 .4 1.4-1 2.8-2.2 3.4.3.7.7 1 1.3.9 1-.3 1.6-1.5 2-2.5l-.5-3v-.3s1.6-.3 1.8.6v.1c.2-.6.7-1.2 1.3-1.4.8-.1 1.5.6 1.7 1.6.5 2.2-.5 4.4-1.8 4.7H33a31.9 31.9 0 0 0 1 5.2c-.4.1-1.8.4-2-.4l-.5-5.6c-.5 1-1.3 2.2-2.5 2.4-1 .3-1.6-.3-2-1.1-.5 1-1.3 2.1-2.4 2.4-.8.2-1.5-.1-2-1-.3.8-.9 1.5-1.5 1.7-.7.1-1.5-.3-2.4-1-.3.8-.4 1.6-.4 2.2 0 0-.7 0-.8-.4-.1-.5 0-1.5.3-2.7a10.3 10.3 0 0 1-.7-.8zm38.2-17.8l.2.9c.5 1.9.4 4.4.8 6.4 0 .6-.4 3-1.4 3.3-.2 0-.3 0-.4-.4-.1-.7 0-1.6-.3-2.6-.2-1.1-.8-1.6-1.5-1.5-.8.2-1.3 1-1.6 2l-.1-.5c-.2-1-1.8-.6-1.8-.6a6.2 6.2 0 0 1 .4 1.3l.2 1c-.2.5-.6 1-1.2 1l-.2.1a7 7 0 0 0-.1-.8c-.3-1.1-1-2-1.6-1.8a.7.7 0 0 0-.4.3c-1.3.3-2.4 2-2.1 3.9-.2.9-.6 1.7-1 1.9-.5 0-.8-.5-1.1-1.8l-.1-1.2a4 4 0 0 0 0-1.7c0-.4-.4-.7-.8-.6-.7.2-.9 1.7-.5 3.8-.2 1-.6 2-1.3 2-.4.2-.8-.2-1-1l-.2-3c1.2-.5 2-1 1.8-1.7-.1-.5-.8-.7-.8-.7s0 .7-1 1.2l-.2-1.4c-.1-.6-.4-1-1.7-.6l.4 1 .2 1.5h-1v.8c0 .3.4.3 1 .2 0 1.3 0 2.7.2 3.6.3 1.4 1.2 2 2 1.7 1-.2 1.6-1.3 2-2.3.3 1.2 1 2 1.9 1.7.7-.2 1.2-1.1 1.6-2.2.4.8 1.1 1.1 2 1 1.2-.4 1.7-1.6 1.8-2.8h.2c.6-.2 1-.6 1.3-1 0 .8 0 1.5.2 2.1.1.5.3.7.6.6.5-.1 1-.9 1-.9a4 4 0 0 1-.3-1c-.3-1.3.3-3.6 1-3.7.2 0 .3.2.5.7v.8l.2 1.5v.7c.2.7.7 1.3 1.5 1 1.3-.2 2-2.6 2.1-3.9.3.2.6.2 1 .1-.6-2.2 0-6.1-.3-7.9-.1-.4-1-.5-1.7-.5h-.4zm-21.5 12c.4 0 .7.3 1 1.1.2 1.3-.3 2.6-.9 2.8-.2 0-.7 0-1-1.2v-.4c0-1.3.4-2 1-2.2zm-5.2 1c.3 0 .6.2.6.5.2.6-.3 1.3-1.2 2-.3-1.4.1-2.3.6-2.5zm18-.4c-.5.2-1-.4-1.2-1.2-.2-1 0-2.1.7-2.5v.5c.2.7.6 1.5 1.3 1.9 0 .7-.2 1.2-.7 1.3zm10-1.6c0 .5.4.7 1 .6.8-.2 1-1 .8-1.6 0-.5-.4-1-1-.8-.5.1-1 .9-.8 1.8zm-14.3-5.5c0-.4-.5-.7-1-.5-.8.2-1 1-.9 1.5.2.6.5 1 1 .8.5 0 1.1-1 1-1.8z" fill="#fff" fill-opacity=".6"/&gt;&lt;/svg&gt;            &lt;/div&gt;
        &lt;/div&gt;
    &lt;/div&gt;
&lt;/div&gt;

&lt;div class="container"&gt;
    &lt;div class="sf-tabs"&gt;
        &lt;div class="tab"&gt;
                        &lt;h3 class="tab-title"&gt;
                                    Exception
                            &lt;/h3&gt;

            &lt;div class="tab-content"&gt;
                &lt;div class="trace trace-as-html" id="trace-box-1"&gt;
    &lt;div class="trace-details"&gt;
        &lt;div class="trace-head"&gt;
            &lt;div class="sf-toggle" data-toggle-selector="#trace-html-1" data-toggle-initial="display"&gt;
                &lt;span class="icon icon-close"&gt;&lt;svg width="1792" height="1792" viewBox="0 0 1792 1792" xmlns="http://www.w3.org/2000/svg"&gt;&lt;path d="M1344 800v64q0 14-9 23t-23 9H480q-14 0-23-9t-9-23v-64q0-14 9-23t23-9h832q14 0 23 9t9 23zm128 448V416q0-66-47-113t-113-47H480q-66 0-113 47t-47 113v832q0 66 47 113t113 47h832q66 0 113-47t47-113zm128-832v832q0 119-84.5 203.5T1312 1536H480q-119 0-203.5-84.5T192 1248V416q0-119 84.5-203.5T480 128h832q119 0 203.5 84.5T1600 416z"/&gt;&lt;/svg&gt;&lt;/span&gt;
                &lt;span class="icon icon-open"&gt;&lt;svg width="1792" height="1792" viewBox="0 0 1792 1792" xmlns="http://www.w3.org/2000/svg"&gt;&lt;path d="M1344 800v64q0 14-9 23t-23 9H960v352q0 14-9 23t-23 9h-64q-14 0-23-9t-9-23V896H480q-14 0-23-9t-9-23v-64q0-14 9-23t23-9h352V416q0-14 9-23t23-9h64q14 0 23 9t9 23v352h352q14 0 23 9t9 23zm128 448V416q0-66-47-113t-113-47H480q-66 0-113 47t-47 113v832q0 66 47 113t113 47h832q66 0 113-47t47-113zm128-832v832q0 119-84.5 203.5T1312 1536H480q-119 0-203.5-84.5T192 1248V416q0-119 84.5-203.5T480 128h832q119 0 203.5 84.5T1600 416z"/&gt;&lt;/svg&gt;&lt;/span&gt;
                                                    &lt;h3 class="trace-class"&gt;
                                                    &lt;span class="trace-namespace"&gt;Twig\Error\&lt;/span&gt;
                                                RuntimeError                    &lt;/h3&gt;
                                            &lt;/div&gt;
                            &lt;details class="exception-properties-wrapper"&gt;
                    &lt;summary&gt;Show exception properties&lt;/summary&gt;
                    &lt;div class="exception-properties"&gt;
                        &lt;script&gt; Sfdump = window.Sfdump || (function (doc) { doc.documentElement.classList.add('sf-js-enabled'); var rxEsc = /([.*+?^${}()|\[\]\/\\])/g, idRx = /\bsf-dump-\d+-ref[012]\w+\b/, keyHint = 0 &lt;= navigator.platform.toUpperCase().indexOf('MAC') ? 'Cmd' : 'Ctrl', addEventListener = function (e, n, cb) { e.addEventListener(n, cb, false); }; if (!doc.addEventListener) { addEventListener = function (element, eventName, callback) { element.attachEvent('on' + eventName, function (e) { e.preventDefault = function () {e.returnValue = false;}; e.target = e.srcElement; callback(e); }); }; } function toggle(a, recursive) { var s = a.nextSibling || {}, oldClass = s.className, arrow, newClass; if (/\bsf-dump-compact\b/.test(oldClass)) { arrow = '&amp;#9660;'; newClass = 'sf-dump-expanded'; } else if (/\bsf-dump-expanded\b/.test(oldClass)) { arrow = '&amp;#9654;'; newClass = 'sf-dump-compact'; } else { return false; } if (doc.createEvent &amp;&amp; s.dispatchEvent) { var event = doc.createEvent('Event'); event.initEvent('sf-dump-expanded' === newClass ? 'sfbeforedumpexpand' : 'sfbeforedumpcollapse', true, false); s.dispatchEvent(event); } a.lastChild.innerHTML = arrow; s.className = s.className.replace(/\bsf-dump-(compact|expanded)\b/, newClass); if (recursive) { try { a = s.querySelectorAll('.'+oldClass); for (s = 0; s &lt; a.length; ++s) { if (-1 == a[s].className.indexOf(newClass)) { a[s].className = newClass; a[s].previousSibling.lastChild.innerHTML = arrow; } } } catch (e) { } } return true; }; function collapse(a, recursive) { var s = a.nextSibling || {}, oldClass = s.className; if (/\bsf-dump-expanded\b/.test(oldClass)) { toggle(a, recursive); return true; } return false; }; function expand(a, recursive) { var s = a.nextSibling || {}, oldClass = s.className; if (/\bsf-dump-compact\b/.test(oldClass)) { toggle(a, recursive); return true; } return false; }; function collapseAll(root) { var a = root.querySelector('a.sf-dump-toggle'); if (a) { collapse(a, true); expand(a); return true; } return false; } function reveal(node) { var previous, parents = []; while ((node = node.parentNode || {}) &amp;&amp; (previous = node.previousSibling) &amp;&amp; 'A' === previous.tagName) { parents.push(previous); } if (0 !== parents.length) { parents.forEach(function (parent) { expand(parent); }); return true; } return false; } function highlight(root, activeNode, nodes) { resetHighlightedNodes(root); Array.from(nodes||[]).forEach(function (node) { if (!/\bsf-dump-highlight\b/.test(node.className)) { node.className = node.className + ' sf-dump-highlight'; } }); if (!/\bsf-dump-highlight-active\b/.test(activeNode.className)) { activeNode.className = activeNode.className + ' sf-dump-highlight-active'; } } function resetHighlightedNodes(root) { Array.from(root.querySelectorAll('.sf-dump-str, .sf-dump-key, .sf-dump-public, .sf-dump-protected, .sf-dump-private')).forEach(function (strNode) { strNode.className = strNode.className.replace(/\bsf-dump-highlight\b/, ''); strNode.className = strNode.className.replace(/\bsf-dump-highlight-active\b/, ''); }); } return function (root, x) { root = doc.getElementById(root); var indentRx = new RegExp('^('+(root.getAttribute('data-indent-pad') || ' ').replace(rxEsc, '\\$1')+')+', 'm'), options = {"maxDepth":1,"maxStringLength":160,"fileLinkFormat":false}, elt = root.getElementsByTagName('A'), len = elt.length, i = 0, s, h, t = []; while (i &lt; len) t.push(elt[i++]); for (i in x) { options[i] = x[i]; } function a(e, f) { addEventListener(root, e, function (e, n) { if ('A' == e.target.tagName) { f(e.target, e); } else if ('A' == e.target.parentNode.tagName) { f(e.target.parentNode, e); } else { n = /\bsf-dump-ellipsis\b/.test(e.target.className) ? e.target.parentNode : e.target; if ((n = n.nextElementSibling) &amp;&amp; 'A' == n.tagName) { if (!/\bsf-dump-toggle\b/.test(n.className)) { n = n.nextElementSibling || n; } f(n, e, true); } } }); }; function isCtrlKey(e) { return e.ctrlKey || e.metaKey; } function xpathString(str) { var parts = str.match(/[^'"]+|['"]/g).map(function (part) { if ("'" == part) { return '"\'"'; } if ('"' == part) { return "'\"'"; } return "'" + part + "'"; }); return "concat(" + parts.join(",") + ", '')"; } function xpathHasClass(className) { return "contains(concat(' ', normalize-space(@class), ' '), ' " + className +" ')"; } a('mouseover', function (a, e, c) { if (c) { e.target.style.cursor = "pointer"; } }); a('click', function (a, e, c) { if (/\bsf-dump-toggle\b/.test(a.className)) { e.preventDefault(); if (!toggle(a, isCtrlKey(e))) { var r = doc.getElementById(a.getAttribute('href').slice(1)), s = r.previousSibling, f = r.parentNode, t = a.parentNode; t.replaceChild(r, a); f.replaceChild(a, s); t.insertBefore(s, r); f = f.firstChild.nodeValue.match(indentRx); t = t.firstChild.nodeValue.match(indentRx); if (f &amp;&amp; t &amp;&amp; f[0] !== t[0]) { r.innerHTML = r.innerHTML.replace(new RegExp('^'+f[0].replace(rxEsc, '\\$1'), 'mg'), t[0]); } if (/\bsf-dump-compact\b/.test(r.className)) { toggle(s, isCtrlKey(e)); } } if (c) { } else if (doc.getSelection) { try { doc.getSelection().removeAllRanges(); } catch (e) { doc.getSelection().empty(); } } else { doc.selection.empty(); } } else if (/\bsf-dump-str-toggle\b/.test(a.className)) { e.preventDefault(); e = a.parentNode.parentNode; e.className = e.className.replace(/\bsf-dump-str-(expand|collapse)\b/, a.parentNode.className); } }); elt = root.getElementsByTagName('SAMP'); len = elt.length; i = 0; while (i &lt; len) t.push(elt[i++]); len = t.length; for (i = 0; i &lt; len; ++i) { elt = t[i]; if ('SAMP' == elt.tagName) { a = elt.previousSibling || {}; if ('A' != a.tagName) { a = doc.createElement('A'); a.className = 'sf-dump-ref'; elt.parentNode.insertBefore(a, elt); } else { a.innerHTML += ' '; } a.title = (a.title ? a.title+'\n[' : '[')+keyHint+'+click] Expand all children'; a.innerHTML += elt.className == 'sf-dump-compact' ? '&lt;span&gt;&amp;#9654;&lt;/span&gt;' : '&lt;span&gt;&amp;#9660;&lt;/span&gt;'; a.className += ' sf-dump-toggle'; x = 1; if ('sf-dump' != elt.parentNode.className) { x += elt.parentNode.getAttribute('data-depth')/1; } } else if (/\bsf-dump-ref\b/.test(elt.className) &amp;&amp; (a = elt.getAttribute('href'))) { a = a.slice(1); elt.className += ' sf-dump-hover'; elt.className += ' '+a; if (/[\[{]$/.test(elt.previousSibling.nodeValue)) { a = a != elt.nextSibling.id &amp;&amp; doc.getElementById(a); try { s = a.nextSibling; elt.appendChild(a); s.parentNode.insertBefore(a, s); if (/^[@#]/.test(elt.innerHTML)) { elt.innerHTML += ' &lt;span&gt;&amp;#9654;&lt;/span&gt;'; } else { elt.innerHTML = '&lt;span&gt;&amp;#9654;&lt;/span&gt;'; elt.className = 'sf-dump-ref'; } elt.className += ' sf-dump-toggle'; } catch (e) { if ('&amp;' == elt.innerHTML.charAt(0)) { elt.innerHTML = '&amp;#8230;'; elt.className = 'sf-dump-ref'; } } } } } if (doc.evaluate &amp;&amp; Array.from &amp;&amp; root.children.length &gt; 1) { root.setAttribute('tabindex', 0); SearchState = function () { this.nodes = []; this.idx = 0; }; SearchState.prototype = { next: function () { if (this.isEmpty()) { return this.current(); } this.idx = this.idx &lt; (this.nodes.length - 1) ? this.idx + 1 : 0; return this.current(); }, previous: function () { if (this.isEmpty()) { return this.current(); } this.idx = this.idx &gt; 0 ? this.idx - 1 : (this.nodes.length - 1); return this.current(); }, isEmpty: function () { return 0 === this.count(); }, current: function () { if (this.isEmpty()) { return null; } return this.nodes[this.idx]; }, reset: function () { this.nodes = []; this.idx = 0; }, count: function () { return this.nodes.length; }, }; function showCurrent(state) { var currentNode = state.current(), currentRect, searchRect; if (currentNode) { reveal(currentNode); highlight(root, currentNode, state.nodes); if ('scrollIntoView' in currentNode) { currentNode.scrollIntoView(true); currentRect = currentNode.getBoundingClientRect(); searchRect = search.getBoundingClientRect(); if (currentRect.top &lt; (searchRect.top + searchRect.height)) { window.scrollBy(0, -(searchRect.top + searchRect.height + 5)); } } } counter.textContent = (state.isEmpty() ? 0 : state.idx + 1) + ' of ' + state.count(); } var search = doc.createElement('div'); search.className = 'sf-dump-search-wrapper sf-dump-search-hidden'; search.innerHTML = ' &lt;input type="text" class="sf-dump-search-input"&gt; &lt;span class="sf-dump-search-count"&gt;0 of 0&lt;\/span&gt; &lt;button type="button" class="sf-dump-search-input-previous" tabindex="-1"&gt; &lt;svg viewBox="0 0 1792 1792" xmlns="http://www.w3.org/2000/svg"&gt;&lt;path d="M1683 1331l-166 165q-19 19-45 19t-45-19L896 965l-531 531q-19 19-45 19t-45-19l-166-165q-19-19-19-45.5t19-45.5l742-741q19-19 45-19t45 19l742 741q19 19 19 45.5t-19 45.5z"\/&gt;&lt;\/svg&gt; &lt;\/button&gt; &lt;button type="button" class="sf-dump-search-input-next" tabindex="-1"&gt; &lt;svg viewBox="0 0 1792 1792" xmlns="http://www.w3.org/2000/svg"&gt;&lt;path d="M1683 808l-742 741q-19 19-45 19t-45-19L109 808q-19-19-19-45.5t19-45.5l166-165q19-19 45-19t45 19l531 531 531-531q19-19 45-19t45 19l166 165q19 19 19 45.5t-19 45.5z"\/&gt;&lt;\/svg&gt; &lt;\/button&gt; '; root.insertBefore(search, root.firstChild); var state = new SearchState(); var searchInput = search.querySelector('.sf-dump-search-input'); var counter = search.querySelector('.sf-dump-search-count'); var searchInputTimer = 0; var previousSearchQuery = ''; addEventListener(searchInput, 'keyup', function (e) { var searchQuery = e.target.value; /* Don't perform anything if the pressed key didn't change the query */ if (searchQuery === previousSearchQuery) { return; } previousSearchQuery = searchQuery; clearTimeout(searchInputTimer); searchInputTimer = setTimeout(function () { state.reset(); collapseAll(root); resetHighlightedNodes(root); if ('' === searchQuery) { counter.textContent = '0 of 0'; return; } var classMatches = [ "sf-dump-str", "sf-dump-key", "sf-dump-public", "sf-dump-protected", "sf-dump-private", ].map(xpathHasClass).join(' or '); var xpathResult = doc.evaluate('.//span[' + classMatches + '][contains(translate(child::text(), ' + xpathString(searchQuery.toUpperCase()) + ', ' + xpathString(searchQuery.toLowerCase()) + '), ' + xpathString(searchQuery.toLowerCase()) + ')]', root, null, XPathResult.ORDERED_NODE_ITERATOR_TYPE, null); while (node = xpathResult.iterateNext()) state.nodes.push(node); showCurrent(state); }, 400); }); Array.from(search.querySelectorAll('.sf-dump-search-input-next, .sf-dump-search-input-previous')).forEach(function (btn) { addEventListener(btn, 'click', function (e) { e.preventDefault(); -1 !== e.target.className.indexOf('next') ? state.next() : state.previous(); searchInput.focus(); collapseAll(root); showCurrent(state); }) }); addEventListener(root, 'keydown', function (e) { var isSearchActive = !/\bsf-dump-search-hidden\b/.test(search.className); if ((114 === e.keyCode &amp;&amp; !isSearchActive) || (isCtrlKey(e) &amp;&amp; 70 === e.keyCode)) { /* F3 or CMD/CTRL + F */ if (70 === e.keyCode &amp;&amp; document.activeElement === searchInput) { /* * If CMD/CTRL + F is hit while having focus on search input, * the user probably meant to trigger browser search instead. * Let the browser execute its behavior: */ return; } e.preventDefault(); search.className = search.className.replace(/\bsf-dump-search-hidden\b/, ''); searchInput.focus(); } else if (isSearchActive) { if (27 === e.keyCode) { /* ESC key */ search.className += ' sf-dump-search-hidden'; e.preventDefault(); resetHighlightedNodes(root); searchInput.value = ''; } else if ( (isCtrlKey(e) &amp;&amp; 71 === e.keyCode) /* CMD/CTRL + G */ || 13 === e.keyCode /* Enter */ || 114 === e.keyCode /* F3 */ ) { e.preventDefault(); e.shiftKey ? state.previous() : state.next(); collapseAll(root); showCurrent(state); } } }); } if (0 &gt;= options.maxStringLength) { return; } try { elt = root.querySelectorAll('.sf-dump-str'); len = elt.length; i = 0; t = []; while (i &lt; len) t.push(elt[i++]); len = t.length; for (i = 0; i &lt; len; ++i) { elt = t[i]; s = elt.innerText || elt.textContent; x = s.length - options.maxStringLength; if (0 &lt; x) { h = elt.innerHTML; elt[elt.innerText ? 'innerText' : 'textContent'] = s.substring(0, options.maxStringLength); elt.className += ' sf-dump-str-collapse'; elt.innerHTML = '&lt;span class=sf-dump-str-collapse&gt;'+h+'&lt;a class="sf-dump-ref sf-dump-str-toggle" title="Collapse"&gt; &amp;#9664;&lt;/a&gt;&lt;/span&gt;'+ '&lt;span class=sf-dump-str-expand&gt;'+elt.innerHTML+'&lt;a class="sf-dump-ref sf-dump-str-toggle" title="'+x+' remaining characters"&gt; &amp;#9654;&lt;/a&gt;&lt;/span&gt;'; } } } catch (e) { } }; })(document); &lt;/script&gt;&lt;style&gt; .sf-js-enabled pre.sf-dump .sf-dump-compact, .sf-js-enabled .sf-dump-str-collapse .sf-dump-str-collapse, .sf-js-enabled .sf-dump-str-expand .sf-dump-str-expand { display: none; } .sf-dump-hover:hover { background-color: #B729D9; color: #FFF !important; border-radius: 2px; } pre.sf-dump { display: block; white-space: pre; padding: 5px; overflow: initial !important; } pre.sf-dump:after { content: ""; visibility: hidden; display: block; height: 0; clear: both; } pre.sf-dump .sf-dump-ellipsization { display: inline-flex; } pre.sf-dump a { text-decoration: none; cursor: pointer; border: 0; outline: none; color: inherit; } pre.sf-dump img { max-width: 50em; max-height: 50em; margin: .5em 0 0 0; padding: 0; background: url(data:image/png;base64,iVBORw0KGgoAAAANSUhEUgAAABAAAAAQCAAAAAA6mKC9AAAAHUlEQVQY02O8zAABilCaiQEN0EeA8QuUcX9g3QEAAjcC5piyhyEAAAAASUVORK5CYII=) #D3D3D3; } pre.sf-dump .sf-dump-ellipsis { text-overflow: ellipsis; white-space: nowrap; overflow: hidden; } pre.sf-dump .sf-dump-ellipsis-tail { flex-shrink: 0; } pre.sf-dump code { display:inline; padding:0; background:none; } .sf-dump-public.sf-dump-highlight, .sf-dump-protected.sf-dump-highlight, .sf-dump-private.sf-dump-highlight, .sf-dump-str.sf-dump-highlight, .sf-dump-key.sf-dump-highlight { background: rgba(111, 172, 204, 0.3); border: 1px solid #7DA0B1; border-radius: 3px; } .sf-dump-public.sf-dump-highlight-active, .sf-dump-protected.sf-dump-highlight-active, .sf-dump-private.sf-dump-highlight-active, .sf-dump-str.sf-dump-highlight-active, .sf-dump-key.sf-dump-highlight-active { background: rgba(253, 175, 0, 0.4); border: 1px solid #ffa500; border-radius: 3px; } pre.sf-dump .sf-dump-search-hidden { display: none !important; } pre.sf-dump .sf-dump-search-wrapper { font-size: 0; white-space: nowrap; margin-bottom: 5px; display: flex; position: -webkit-sticky; position: sticky; top: 5px; } pre.sf-dump .sf-dump-search-wrapper &gt; * { vertical-align: top; box-sizing: border-box; height: 21px; font-weight: normal; border-radius: 0; background: #FFF; color: #757575; border: 1px solid #BBB; } pre.sf-dump .sf-dump-search-wrapper &gt; input.sf-dump-search-input { padding: 3px; height: 21px; font-size: 12px; border-right: none; border-top-left-radius: 3px; border-bottom-left-radius: 3px; color: #000; min-width: 15px; width: 100%; } pre.sf-dump .sf-dump-search-wrapper &gt; .sf-dump-search-input-next, pre.sf-dump .sf-dump-search-wrapper &gt; .sf-dump-search-input-previous { background: #F2F2F2; outline: none; border-left: none; font-size: 0; line-height: 0; } pre.sf-dump .sf-dump-search-wrapper &gt; .sf-dump-search-input-next { border-top-right-radius: 3px; border-bottom-right-radius: 3px; } pre.sf-dump .sf-dump-search-wrapper &gt; .sf-dump-search-input-next &gt; svg, pre.sf-dump .sf-dump-search-wrapper &gt; .sf-dump-search-input-previous &gt; svg { pointer-events: none; width: 12px; height: 12px; } pre.sf-dump .sf-dump-search-wrapper &gt; .sf-dump-search-count { display: inline-block; padding: 0 5px; margin: 0; border-left: none; line-height: 21px; font-size: 12px; }pre.sf-dump, pre.sf-dump .sf-dump-default{background:none; color:#CC7832; line-height:1.2em; font:12px Menlo, Monaco, Consolas, monospace; word-wrap: break-word; white-space: pre-wrap; position:relative; z-index:99999; word-break: break-all}pre.sf-dump .sf-dump-num{font-weight:bold; color:#1299DA}pre.sf-dump .sf-dump-const{font-weight:bold}pre.sf-dump .sf-dump-str{font-weight:bold; color:#629755;}pre.sf-dump .sf-dump-note{color:#6897BB}pre.sf-dump .sf-dump-ref{color:#6E6E6E}pre.sf-dump .sf-dump-public{color:#262626}pre.sf-dump .sf-dump-protected{color:#262626}pre.sf-dump .sf-dump-private{color:#262626}pre.sf-dump .sf-dump-meta{color:#B729D9}pre.sf-dump .sf-dump-key{color:#789339}pre.sf-dump .sf-dump-index{color:#1299DA}pre.sf-dump .sf-dump-ellipsis{color:#CC7832}pre.sf-dump .sf-dump-ns{user-select:none;}pre.sf-dump .sf-dump-ellipsis-note{color:#6897BB}&lt;/style&gt;&lt;pre class=sf-dump id=sf-dump-2034338700 data-indent-pad="  "&gt;&lt;span class=sf-dump-note&gt;Twig\Error\RuntimeError&lt;/span&gt; {&lt;a class=sf-dump-ref&gt;#6967&lt;/a&gt;&lt;samp data-depth=1 class=sf-dump-expanded&gt;
  -&lt;span class=sf-dump-private title="Private property defined in class:&amp;#10;`Twig\Error\Error`"&gt;lineno&lt;/span&gt;: &lt;span class=sf-dump-num&gt;53&lt;/span&gt;
  -&lt;span class=sf-dump-private title="Private property defined in class:&amp;#10;`Twig\Error\Error`"&gt;rawMessage&lt;/span&gt;: "&lt;span class=sf-dump-str title="61 characters"&gt;Impossible to access an attribute (&amp;quot;nom&amp;quot;) on a null variable.&lt;/span&gt;"
  -&lt;span class=sf-dump-private title="Private property defined in class:&amp;#10;`Twig\Error\Error`"&gt;source&lt;/span&gt;: &lt;span class="sf-dump-note sf-dump-ellipsization" title="Twig\Source
"&gt;&lt;span class="sf-dump-ellipsis sf-dump-ellipsis-note"&gt;Twig&lt;/span&gt;&lt;span class="sf-dump-ellipsis sf-dump-ellipsis-note"&gt;\&lt;/span&gt;&lt;span class="sf-dump-ellipsis-tail"&gt;Source&lt;/span&gt;&lt;/span&gt; {&lt;a class=sf-dump-ref&gt;#8426&lt;/a&gt;&lt;samp data-depth=2 class=sf-dump-compact&gt;
    -&lt;span class=sf-dump-private title="Private property defined in class:&amp;#10;`Twig\Source`"&gt;code&lt;/span&gt;: """
      &lt;span class=sf-dump-str title="15563 characters"&gt;&amp;lt;!-- Profile Modal Component --&amp;gt;&lt;span class="sf-dump-default sf-dump-ns"&gt;\r\n&lt;/span&gt;&lt;/span&gt;
      &lt;span class=sf-dump-str title="15563 characters"&gt;&amp;lt;div class=&amp;quot;profile-modal-overlay&amp;quot; id=&amp;quot;profileModal&amp;quot; style=&amp;quot;display: none;&amp;quot;&amp;gt;&lt;span class="sf-dump-default sf-dump-ns"&gt;\r\n&lt;/span&gt;&lt;/span&gt;
      &lt;span class=sf-dump-str title="15563 characters"&gt;    &amp;lt;div class=&amp;quot;profile-modal&amp;quot;&amp;gt;&lt;span class="sf-dump-default sf-dump-ns"&gt;\r\n&lt;/span&gt;&lt;/span&gt;
      &lt;span class=sf-dump-str title="15563 characters"&gt;        &amp;lt;div class=&amp;quot;profile-modal-header&amp;quot;&amp;gt;&lt;span class="sf-dump-default sf-dump-ns"&gt;\r\n&lt;/span&gt;&lt;/span&gt;
      &lt;span class=sf-dump-str title="15563 characters"&gt;            &amp;lt;h3 style=&amp;quot;margin: 0; color: white;&amp;quot;&amp;gt;Informations de l&amp;#039;utilisateur&amp;lt;/h3&amp;gt;&lt;span class="sf-dump-default sf-dump-ns"&gt;\r\n&lt;/span&gt;&lt;/span&gt;
      &lt;span class=sf-dump-str title="15563 characters"&gt;            &amp;lt;button type=&amp;quot;button&amp;quot; class=&amp;quot;close-modal-btn&amp;quot; onclick=&amp;quot;closeProfileModal()&amp;quot;&amp;gt;&amp;amp;times;&amp;lt;/button&amp;gt;&lt;span class="sf-dump-default sf-dump-ns"&gt;\r\n&lt;/span&gt;&lt;/span&gt;
      &lt;span class=sf-dump-str title="15563 characters"&gt;        &amp;lt;/div&amp;gt;&lt;span class="sf-dump-default sf-dump-ns"&gt;\r\n&lt;/span&gt;&lt;/span&gt;
      &lt;span class=sf-dump-str title="15563 characters"&gt;        &lt;span class="sf-dump-default sf-dump-ns"&gt;\r\n&lt;/span&gt;&lt;/span&gt;
      &lt;span class=sf-dump-str title="15563 characters"&gt;        &amp;lt;form id=&amp;quot;profileUpdateForm&amp;quot; enctype=&amp;quot;multipart/form-data&amp;quot; novalidate=&amp;quot;novalidate&amp;quot;&amp;gt;&lt;span class="sf-dump-default sf-dump-ns"&gt;\r\n&lt;/span&gt;&lt;/span&gt;
      &lt;span class=sf-dump-str title="15563 characters"&gt;            &amp;lt;div class=&amp;quot;profile-modal-body&amp;quot;&amp;gt;&lt;span class="sf-dump-default sf-dump-ns"&gt;\r\n&lt;/span&gt;&lt;/span&gt;
      &lt;span class=sf-dump-str title="15563 characters"&gt;                &amp;lt;!-- Colonne Gauche : Avatar --&amp;gt;&lt;span class="sf-dump-default sf-dump-ns"&gt;\r\n&lt;/span&gt;&lt;/span&gt;
      &lt;span class=sf-dump-str title="15563 characters"&gt;                &amp;lt;div class=&amp;quot;profile-avatar-section&amp;quot;&amp;gt;&lt;span class="sf-dump-default sf-dump-ns"&gt;\r\n&lt;/span&gt;&lt;/span&gt;
      &lt;span class=sf-dump-str title="15563 characters"&gt;                    &amp;lt;div class=&amp;quot;profile-avatar-preview&amp;quot; id=&amp;quot;avatarPreviewContainer&amp;quot;&amp;gt;&lt;span class="sf-dump-default sf-dump-ns"&gt;\r\n&lt;/span&gt;&lt;/span&gt;
      &lt;span class=sf-dump-str title="15563 characters"&gt;                        &amp;lt;div id=&amp;quot;currentAvatarWrapper&amp;quot; style=&amp;quot;width: 100%; height: 100%;&amp;quot;&amp;gt;&lt;span class="sf-dump-default sf-dump-ns"&gt;\r\n&lt;/span&gt;&lt;/span&gt;
      &lt;span class=sf-dump-str title="15563 characters"&gt;                            {% include &amp;#039;components/_avatar.html.twig&amp;#039; with {&amp;#039;user&amp;#039;: app.user, &amp;#039;size&amp;#039;: &amp;#039;100%&amp;#039;, &amp;#039;fontSize&amp;#039;: &amp;#039;2rem&amp;#039;} %}&lt;span class="sf-dump-default sf-dump-ns"&gt;\r\n&lt;/span&gt;&lt;/span&gt;
      &lt;span class=sf-dump-str title="15563 characters"&gt;                        &amp;lt;/div&amp;gt;&lt;span class="sf-dump-default sf-dump-ns"&gt;\r\n&lt;/span&gt;&lt;/span&gt;
      &lt;span class=sf-dump-str title="15563 characters"&gt;                        &amp;lt;img src=&amp;quot;#&amp;quot; id=&amp;quot;avatarPreview&amp;quot; alt=&amp;quot;Avatar&amp;quot; style=&amp;quot;display: none; width: 100%; height: 100%; object-fit: cover; border-radius: 50%;&amp;quot;&amp;gt;&lt;span class="sf-dump-default sf-dump-ns"&gt;\r\n&lt;/span&gt;&lt;/span&gt;
      &lt;span class=sf-dump-str title="15563 characters"&gt;                    &amp;lt;/div&amp;gt;&lt;span class="sf-dump-default sf-dump-ns"&gt;\r\n&lt;/span&gt;&lt;/span&gt;
      &lt;span class=sf-dump-str title="15563 characters"&gt;                    &amp;lt;label class=&amp;quot;btn-outline-green btn-file-upload&amp;quot; style=&amp;quot;cursor: pointer; padding: 6px 14px; border-radius: 6px; border: 1px solid var(--primary-green); color: var(--primary-green); white-space: nowrap; font-size: 0.85rem; margin-top: 8px;&amp;quot;&amp;gt;&lt;span class="sf-dump-default sf-dump-ns"&gt;\r\n&lt;/span&gt;&lt;/span&gt;
      &lt;span class=sf-dump-str title="15563 characters"&gt;                        Choisir Photo &amp;lt;input type=&amp;quot;file&amp;quot; name=&amp;quot;photo&amp;quot; accept=&amp;quot;image/*&amp;quot; style=&amp;quot;display: none;&amp;quot; onchange=&amp;quot;previewImage(event)&amp;quot;&amp;gt;&lt;span class="sf-dump-default sf-dump-ns"&gt;\r\n&lt;/span&gt;&lt;/span&gt;
      &lt;span class=sf-dump-str title="15563 characters"&gt;                    &amp;lt;/label&amp;gt;&lt;span class="sf-dump-default sf-dump-ns"&gt;\r\n&lt;/span&gt;&lt;/span&gt;
      &lt;span class=sf-dump-str title="15563 characters"&gt;                    {% if app.user.hasFaceAuth is defined %}&lt;span class="sf-dump-default sf-dump-ns"&gt;\r\n&lt;/span&gt;&lt;/span&gt;
      &lt;span class=sf-dump-str title="15563 characters"&gt;                    &amp;lt;div style=&amp;quot;margin-top: 12px; width: 100%; background: rgba(0,0,0,0.03); padding: 12px; border-radius: 10px; border: 1px dashed #ddd; text-align: center;&amp;quot;&amp;gt;&lt;span class="sf-dump-default sf-dump-ns"&gt;\r\n&lt;/span&gt;&lt;/span&gt;
      &lt;span class=sf-dump-str title="15563 characters"&gt;                        &amp;lt;h4 style=&amp;quot;margin: 0 0 8px 0; font-size: 0.8rem; color: #64748b; text-transform: uppercase; letter-spacing: 0.5px;&amp;quot;&amp;gt;Biom&amp;#233;trie&amp;lt;/h4&amp;gt;&lt;span class="sf-dump-default sf-dump-ns"&gt;\r\n&lt;/span&gt;&lt;/span&gt;
      &lt;span class=sf-dump-str title="15563 characters"&gt;                        {% if app.user.hasFaceAuth() %}&lt;span class="sf-dump-default sf-dump-ns"&gt;\r\n&lt;/span&gt;&lt;/span&gt;
      &lt;span class=sf-dump-str title="15563 characters"&gt;                            &amp;lt;div style=&amp;quot;color: var(--accent-green); font-weight: 600; font-size: 0.85rem; margin-bottom: 6px;&amp;quot;&amp;gt;&amp;lt;i class=&amp;quot;fas fa-check-circle&amp;quot;&amp;gt;&amp;lt;/i&amp;gt; Visage enregistr&amp;#233;&amp;lt;/div&amp;gt;&lt;span class="sf-dump-default sf-dump-ns"&gt;\r\n&lt;/span&gt;&lt;/span&gt;
      &lt;span class=sf-dump-str title="15563 characters"&gt;                            &amp;lt;button type=&amp;quot;button&amp;quot; class=&amp;quot;btn btn-outline-green&amp;quot; style=&amp;quot;width: 100%; border: 1px solid var(--accent-green); color: var(--accent-green); padding: 6px; border-radius: 6px; cursor: pointer; font-size: 0.8rem; display: flex; align-items: center; justify-content: center; gap: 6px;&amp;quot; onclick=&amp;quot;openFaceRegistrationModal(); closeProfileModal();&amp;quot;&amp;gt;&lt;span class="sf-dump-default sf-dump-ns"&gt;\r\n&lt;/span&gt;&lt;/span&gt;
      &lt;span class=sf-dump-str title="15563 characters"&gt;                                &amp;lt;i class=&amp;quot;fas fa-sync-alt&amp;quot;&amp;gt;&amp;lt;/i&amp;gt; Mettre &amp;#224; jour&lt;span class="sf-dump-default sf-dump-ns"&gt;\r\n&lt;/span&gt;&lt;/span&gt;
      &lt;span class=sf-dump-str title="15563 characters"&gt;                            &amp;lt;/button&amp;gt;&lt;span class="sf-dump-default sf-dump-ns"&gt;\r\n&lt;/span&gt;&lt;/span&gt;
      &lt;span class=sf-dump-str title="15563 characters"&gt;                            &amp;lt;button type=&amp;quot;button&amp;quot; class=&amp;quot;btn&amp;quot; style=&amp;quot;width: 100%; margin-top: 4px; border: 1px solid #ef4444; color: #ef4444; background: transparent; padding: 6px; border-radius: 6px; cursor: pointer; font-size: 0.8rem; display: flex; align-items: center; justify-content: center; gap: 6px;&amp;quot; onclick=&amp;quot;if(confirm(&amp;#039;Supprimer l\&amp;#039;empreinte faciale ?&amp;#039;)) deleteFaceData();&amp;quot;&amp;gt;&lt;span class="sf-dump-default sf-dump-ns"&gt;\r\n&lt;/span&gt;&lt;/span&gt;
      &lt;span class=sf-dump-str title="15563 characters"&gt;                                &amp;lt;i class=&amp;quot;fas fa-trash-alt&amp;quot;&amp;gt;&amp;lt;/i&amp;gt; Supprimer&lt;span class="sf-dump-default sf-dump-ns"&gt;\r\n&lt;/span&gt;&lt;/span&gt;
      &lt;span class=sf-dump-str title="15563 characters"&gt;                            &amp;lt;/button&amp;gt;&lt;span class="sf-dump-default sf-dump-ns"&gt;\r\n&lt;/span&gt;&lt;/span&gt;
      &lt;span class=sf-dump-str title="15563 characters"&gt;                        {% else %}&lt;span class="sf-dump-default sf-dump-ns"&gt;\r\n&lt;/span&gt;&lt;/span&gt;
      &lt;span class=sf-dump-str title="15563 characters"&gt;                            &amp;lt;button type=&amp;quot;button&amp;quot; class=&amp;quot;btn btn-outline-green&amp;quot; style=&amp;quot;width: 100%; border: 1px solid var(--accent-green); color: var(--accent-green); padding: 6px; border-radius: 6px; cursor: pointer; font-size: 0.8rem; display: flex; align-items: center; justify-content: center; gap: 6px;&amp;quot; onclick=&amp;quot;openFaceRegistrationModal(); closeProfileModal();&amp;quot;&amp;gt;&lt;span class="sf-dump-default sf-dump-ns"&gt;\r\n&lt;/span&gt;&lt;/span&gt;
      &lt;span class=sf-dump-str title="15563 characters"&gt;                                &amp;lt;i class=&amp;quot;fas fa-camera&amp;quot;&amp;gt;&amp;lt;/i&amp;gt; Activer Login Facial&lt;span class="sf-dump-default sf-dump-ns"&gt;\r\n&lt;/span&gt;&lt;/span&gt;
      &lt;span class=sf-dump-str title="15563 characters"&gt;                            &amp;lt;/button&amp;gt;&lt;span class="sf-dump-default sf-dump-ns"&gt;\r\n&lt;/span&gt;&lt;/span&gt;
      &lt;span class=sf-dump-str title="15563 characters"&gt;                        {% endif %}&lt;span class="sf-dump-default sf-dump-ns"&gt;\r\n&lt;/span&gt;&lt;/span&gt;
      &lt;span class=sf-dump-str title="15563 characters"&gt;                    &amp;lt;/div&amp;gt;&lt;span class="sf-dump-default sf-dump-ns"&gt;\r\n&lt;/span&gt;&lt;/span&gt;
      &lt;span class=sf-dump-str title="15563 characters"&gt;                    {% endif %}&lt;span class="sf-dump-default sf-dump-ns"&gt;\r\n&lt;/span&gt;&lt;/span&gt;
      &lt;span class=sf-dump-str title="15563 characters"&gt;                &amp;lt;/div&amp;gt;&lt;span class="sf-dump-default sf-dump-ns"&gt;\r\n&lt;/span&gt;&lt;/span&gt;
      &lt;span class=sf-dump-str title="15563 characters"&gt;                &lt;span class="sf-dump-default sf-dump-ns"&gt;\r\n&lt;/span&gt;&lt;/span&gt;
      &lt;span class=sf-dump-str title="15563 characters"&gt;                &amp;lt;!-- Right column: Form fields --&amp;gt;&lt;span class="sf-dump-default sf-dump-ns"&gt;\r\n&lt;/span&gt;&lt;/span&gt;
      &lt;span class=sf-dump-str title="15563 characters"&gt;                &amp;lt;div class=&amp;quot;profile-form-section&amp;quot;&amp;gt;&lt;span class="sf-dump-default sf-dump-ns"&gt;\r\n&lt;/span&gt;&lt;/span&gt;
      &lt;span class=sf-dump-str title="15563 characters"&gt;                    &lt;span class="sf-dump-default sf-dump-ns"&gt;\r\n&lt;/span&gt;&lt;/span&gt;
      &lt;span class=sf-dump-str title="15563 characters"&gt;                    {# Global error banner (only used for unknown errors) #}&lt;span class="sf-dump-default sf-dump-ns"&gt;\r\n&lt;/span&gt;&lt;/span&gt;
      &lt;span class=sf-dump-str title="15563 characters"&gt;                    &amp;lt;div id=&amp;quot;profileErrors&amp;quot; style=&amp;quot;display: none; margin-bottom: 12px; background: rgba(239,68,68,0.08); border-left: 3px solid #ef4444; border-radius: 6px; padding: 10px 14px; color: #b91c1c; font-size: 0.88rem;&amp;quot;&amp;gt;&lt;span class="sf-dump-default sf-dump-ns"&gt;\r\n&lt;/span&gt;&lt;/span&gt;
      &lt;span class=sf-dump-str title="15563 characters"&gt;                        &amp;lt;i class=&amp;quot;fas fa-exclamation-circle&amp;quot;&amp;gt;&amp;lt;/i&amp;gt;&lt;span class="sf-dump-default sf-dump-ns"&gt;\r\n&lt;/span&gt;&lt;/span&gt;
      &lt;span class=sf-dump-str title="15563 characters"&gt;                        &amp;lt;span id=&amp;quot;profileErrorsList&amp;quot;&amp;gt;&amp;lt;/span&amp;gt;&lt;span class="sf-dump-default sf-dump-ns"&gt;\r\n&lt;/span&gt;&lt;/span&gt;
      &lt;span class=sf-dump-str title="15563 characters"&gt;                    &amp;lt;/div&amp;gt;&lt;span class="sf-dump-default sf-dump-ns"&gt;\r\n&lt;/span&gt;&lt;/span&gt;
      &lt;span class=sf-dump-str title="15563 characters"&gt;&lt;span class="sf-dump-default sf-dump-ns"&gt;\r\n&lt;/span&gt;&lt;/span&gt;
      &lt;span class=sf-dump-str title="15563 characters"&gt;                    &amp;lt;div class=&amp;quot;form-row&amp;quot;&amp;gt;&lt;span class="sf-dump-default sf-dump-ns"&gt;\r\n&lt;/span&gt;&lt;/span&gt;
      &lt;span class=sf-dump-str title="15563 characters"&gt;                        &amp;lt;label&amp;gt;Nom:&amp;lt;/label&amp;gt;&lt;span class="sf-dump-default sf-dump-ns"&gt;\r\n&lt;/span&gt;&lt;/span&gt;
      &lt;span class=sf-dump-str title="15563 characters"&gt;                        &amp;lt;input type=&amp;quot;text&amp;quot; name=&amp;quot;nom&amp;quot; id=&amp;quot;pf-nom&amp;quot; class=&amp;quot;profile-input&amp;quot; value=&amp;quot;{{ app.user.nom }}&amp;quot;&amp;gt;&lt;span class="sf-dump-default sf-dump-ns"&gt;\r\n&lt;/span&gt;&lt;/span&gt;
      &lt;span class=sf-dump-str title="15563 characters"&gt;                        &amp;lt;div class=&amp;quot;pf-field-error&amp;quot; id=&amp;quot;err-nom&amp;quot;&amp;gt;&amp;lt;/div&amp;gt;&lt;span class="sf-dump-default sf-dump-ns"&gt;\r\n&lt;/span&gt;&lt;/span&gt;
      &lt;span class=sf-dump-str title="15563 characters"&gt;                    &amp;lt;/div&amp;gt;&lt;span class="sf-dump-default sf-dump-ns"&gt;\r\n&lt;/span&gt;&lt;/span&gt;
      &lt;span class=sf-dump-str title="15563 characters"&gt;                    &lt;span class="sf-dump-default sf-dump-ns"&gt;\r\n&lt;/span&gt;&lt;/span&gt;
      &lt;span class=sf-dump-str title="15563 characters"&gt;                    &amp;lt;div class=&amp;quot;form-row&amp;quot;&amp;gt;&lt;span class="sf-dump-default sf-dump-ns"&gt;\r\n&lt;/span&gt;&lt;/span&gt;
      &lt;span class=sf-dump-str title="15563 characters"&gt;                        &amp;lt;label&amp;gt;Pr&amp;#233;nom:&amp;lt;/label&amp;gt;&lt;span class="sf-dump-default sf-dump-ns"&gt;\r\n&lt;/span&gt;&lt;/span&gt;
      &lt;span class=sf-dump-str title="15563 characters"&gt;                        &amp;lt;input type=&amp;quot;text&amp;quot; name=&amp;quot;prenom&amp;quot; id=&amp;quot;pf-prenom&amp;quot; class=&amp;quot;profile-input&amp;quot; value=&amp;quot;{{ app.user.prenom }}&amp;quot;&amp;gt;&lt;span class="sf-dump-default sf-dump-ns"&gt;\r\n&lt;/span&gt;&lt;/span&gt;
      &lt;span class=sf-dump-str title="15563 characters"&gt;                        &amp;lt;div class=&amp;quot;pf-field-error&amp;quot; id=&amp;quot;err-prenom&amp;quot;&amp;gt;&amp;lt;/div&amp;gt;&lt;span class="sf-dump-default sf-dump-ns"&gt;\r\n&lt;/span&gt;&lt;/span&gt;
      &lt;span class=sf-dump-str title="15563 characters"&gt;                    &amp;lt;/div&amp;gt;&lt;span class="sf-dump-default sf-dump-ns"&gt;\r\n&lt;/span&gt;&lt;/span&gt;
      &lt;span class=sf-dump-str title="15563 characters"&gt;                    &lt;span class="sf-dump-default sf-dump-ns"&gt;\r\n&lt;/span&gt;&lt;/span&gt;
      &lt;span class=sf-dump-str title="15563 characters"&gt;                    &amp;lt;div class=&amp;quot;form-row&amp;quot;&amp;gt;&lt;span class="sf-dump-default sf-dump-ns"&gt;\r\n&lt;/span&gt;&lt;/span&gt;
      &lt;span class=sf-dump-str title="15563 characters"&gt;                        &amp;lt;label&amp;gt;Email:&amp;lt;/label&amp;gt;&lt;span class="sf-dump-default sf-dump-ns"&gt;\r\n&lt;/span&gt;&lt;/span&gt;
      &lt;span class=sf-dump-str title="15563 characters"&gt;                        &amp;lt;input type=&amp;quot;email&amp;quot; name=&amp;quot;email&amp;quot; id=&amp;quot;pf-email&amp;quot; class=&amp;quot;profile-input&amp;quot; value=&amp;quot;{{ app.user.email }}&amp;quot;&amp;gt;&lt;span class="sf-dump-default sf-dump-ns"&gt;\r\n&lt;/span&gt;&lt;/span&gt;
      &lt;span class=sf-dump-str title="15563 characters"&gt;                        &amp;lt;div class=&amp;quot;pf-field-error&amp;quot; id=&amp;quot;err-email&amp;quot;&amp;gt;&amp;lt;/div&amp;gt;&lt;span class="sf-dump-default sf-dump-ns"&gt;\r\n&lt;/span&gt;&lt;/span&gt;
      &lt;span class=sf-dump-str title="15563 characters"&gt;                    &amp;lt;/div&amp;gt;&lt;span class="sf-dump-default sf-dump-ns"&gt;\r\n&lt;/span&gt;&lt;/span&gt;
      &lt;span class=sf-dump-str title="15563 characters"&gt;                    &lt;span class="sf-dump-default sf-dump-ns"&gt;\r\n&lt;/span&gt;&lt;/span&gt;
      &lt;span class=sf-dump-str title="15563 characters"&gt;                    &amp;lt;div class=&amp;quot;form-row&amp;quot;&amp;gt;&lt;span class="sf-dump-default sf-dump-ns"&gt;\r\n&lt;/span&gt;&lt;/span&gt;
      &lt;span class=sf-dump-str title="15563 characters"&gt;                        &amp;lt;label&amp;gt;CIN:&amp;lt;/label&amp;gt;&lt;span class="sf-dump-default sf-dump-ns"&gt;\r\n&lt;/span&gt;&lt;/span&gt;
      &lt;span class=sf-dump-str title="15563 characters"&gt;                        &amp;lt;input type=&amp;quot;text&amp;quot; name=&amp;quot;cin&amp;quot; id=&amp;quot;pf-cin&amp;quot; class=&amp;quot;profile-input&amp;quot; value=&amp;quot;{{ app.user.cin }}&amp;quot;&amp;gt;&lt;span class="sf-dump-default sf-dump-ns"&gt;\r\n&lt;/span&gt;&lt;/span&gt;
      &lt;span class=sf-dump-str title="15563 characters"&gt;                        &amp;lt;div class=&amp;quot;pf-field-error&amp;quot; id=&amp;quot;err-cin&amp;quot;&amp;gt;&amp;lt;/div&amp;gt;&lt;span class="sf-dump-default sf-dump-ns"&gt;\r\n&lt;/span&gt;&lt;/span&gt;
      &lt;span class=sf-dump-str title="15563 characters"&gt;                    &amp;lt;/div&amp;gt;&lt;span class="sf-dump-default sf-dump-ns"&gt;\r\n&lt;/span&gt;&lt;/span&gt;
      &lt;span class=sf-dump-str title="15563 characters"&gt;                    &lt;span class="sf-dump-default sf-dump-ns"&gt;\r\n&lt;/span&gt;&lt;/span&gt;
      &lt;span class=sf-dump-str title="15563 characters"&gt;                    &amp;lt;div class=&amp;quot;form-row&amp;quot;&amp;gt;&lt;span class="sf-dump-default sf-dump-ns"&gt;\r\n&lt;/span&gt;&lt;/span&gt;
      &lt;span class=sf-dump-str title="15563 characters"&gt;                        &amp;lt;label&amp;gt;T&amp;#233;l&amp;#233;phone:&amp;lt;/label&amp;gt;&lt;span class="sf-dump-default sf-dump-ns"&gt;\r\n&lt;/span&gt;&lt;/span&gt;
      &lt;span class=sf-dump-str title="15563 characters"&gt;                        &amp;lt;input type=&amp;quot;text&amp;quot; name=&amp;quot;telephone&amp;quot; id=&amp;quot;pf-telephone&amp;quot; class=&amp;quot;profile-input&amp;quot; value=&amp;quot;{{ app.user.telephone }}&amp;quot;&amp;gt;&lt;span class="sf-dump-default sf-dump-ns"&gt;\r\n&lt;/span&gt;&lt;/span&gt;
      &lt;span class=sf-dump-str title="15563 characters"&gt;                        &amp;lt;div class=&amp;quot;pf-field-error&amp;quot; id=&amp;quot;err-telephone&amp;quot;&amp;gt;&amp;lt;/div&amp;gt;&lt;span class="sf-dump-default sf-dump-ns"&gt;\r\n&lt;/span&gt;&lt;/span&gt;
      &lt;span class=sf-dump-str title="15563 characters"&gt;                    &amp;lt;/div&amp;gt;&lt;span class="sf-dump-default sf-dump-ns"&gt;\r\n&lt;/span&gt;&lt;/span&gt;
      &lt;span class=sf-dump-str title="15563 characters"&gt;                    &lt;span class="sf-dump-default sf-dump-ns"&gt;\r\n&lt;/span&gt;&lt;/span&gt;
      &lt;span class=sf-dump-str title="15563 characters"&gt;                    &amp;lt;div class=&amp;quot;form-row&amp;quot;&amp;gt;&lt;span class="sf-dump-default sf-dump-ns"&gt;\r\n&lt;/span&gt;&lt;/span&gt;
      &lt;span class=sf-dump-str title="15563 characters"&gt;                        &amp;lt;label&amp;gt;Adresse:&amp;lt;/label&amp;gt;&lt;span class="sf-dump-default sf-dump-ns"&gt;\r\n&lt;/span&gt;&lt;/span&gt;
      &lt;span class=sf-dump-str title="15563 characters"&gt;                        &amp;lt;input type=&amp;quot;text&amp;quot; name=&amp;quot;adresse&amp;quot; id=&amp;quot;pf-adresse&amp;quot; class=&amp;quot;profile-input&amp;quot; value=&amp;quot;{{ app.user.adresse }}&amp;quot;&amp;gt;&lt;span class="sf-dump-default sf-dump-ns"&gt;\r\n&lt;/span&gt;&lt;/span&gt;
      &lt;span class=sf-dump-str title="15563 characters"&gt;                        &amp;lt;div class=&amp;quot;pf-field-error&amp;quot; id=&amp;quot;err-adresse&amp;quot;&amp;gt;&amp;lt;/div&amp;gt;&lt;span class="sf-dump-default sf-dump-ns"&gt;\r\n&lt;/span&gt;&lt;/span&gt;
      &lt;span class=sf-dump-str title="15563 characters"&gt;                    &amp;lt;/div&amp;gt;&lt;span class="sf-dump-default sf-dump-ns"&gt;\r\n&lt;/span&gt;&lt;/span&gt;
      &lt;span class=sf-dump-str title="15563 characters"&gt;                    &lt;span class="sf-dump-default sf-dump-ns"&gt;\r\n&lt;/span&gt;&lt;/span&gt;
      &lt;span class=sf-dump-str title="15563 characters"&gt;                    &amp;lt;div class=&amp;quot;form-row&amp;quot;&amp;gt;&lt;span class="sf-dump-default sf-dump-ns"&gt;\r\n&lt;/span&gt;&lt;/span&gt;
      &lt;span class=sf-dump-str title="15563 characters"&gt;                        &amp;lt;label&amp;gt;Mot de passe:&amp;lt;/label&amp;gt;&lt;span class="sf-dump-default sf-dump-ns"&gt;\r\n&lt;/span&gt;&lt;/span&gt;
      &lt;span class=sf-dump-str title="15563 characters"&gt;                        &amp;lt;input type=&amp;quot;password&amp;quot; name=&amp;quot;password&amp;quot; id=&amp;quot;pf-password&amp;quot; class=&amp;quot;profile-input&amp;quot; placeholder=&amp;quot;Nouveau mot de passe (min. 6 caract.)&amp;quot;&amp;gt;&lt;span class="sf-dump-default sf-dump-ns"&gt;\r\n&lt;/span&gt;&lt;/span&gt;
      &lt;span class=sf-dump-str title="15563 characters"&gt;                        &amp;lt;div class=&amp;quot;pf-field-error&amp;quot; id=&amp;quot;err-password&amp;quot;&amp;gt;&amp;lt;/div&amp;gt;&lt;span class="sf-dump-default sf-dump-ns"&gt;\r\n&lt;/span&gt;&lt;/span&gt;
      &lt;span class=sf-dump-str title="15563 characters"&gt;                    &amp;lt;/div&amp;gt;&lt;span class="sf-dump-default sf-dump-ns"&gt;\r\n&lt;/span&gt;&lt;/span&gt;
      &lt;span class=sf-dump-str title="15563 characters"&gt;                    &lt;span class="sf-dump-default sf-dump-ns"&gt;\r\n&lt;/span&gt;&lt;/span&gt;
      &lt;span class=sf-dump-str title="15563 characters"&gt;                    &amp;lt;div class=&amp;quot;form-row&amp;quot;&amp;gt;&lt;span class="sf-dump-default sf-dump-ns"&gt;\r\n&lt;/span&gt;&lt;/span&gt;
      &lt;span class=sf-dump-str title="15563 characters"&gt;                        &amp;lt;label&amp;gt;R&amp;#244;le:&amp;lt;/label&amp;gt;&lt;span class="sf-dump-default sf-dump-ns"&gt;\r\n&lt;/span&gt;&lt;/span&gt;
      &lt;span class=sf-dump-str title="15563 characters"&gt;                        {% if is_granted(&amp;#039;ROLE_ADMIN&amp;#039;) %}&lt;span class="sf-dump-default sf-dump-ns"&gt;\r\n&lt;/span&gt;&lt;/span&gt;
      &lt;span class=sf-dump-str title="15563 characters"&gt;                            &amp;lt;select name=&amp;quot;role&amp;quot; class=&amp;quot;profile-input&amp;quot;&amp;gt;&lt;span class="sf-dump-default sf-dump-ns"&gt;\r\n&lt;/span&gt;&lt;/span&gt;
      &lt;span class=sf-dump-str title="15563 characters"&gt;                                &amp;lt;option value=&amp;quot;ADMIN&amp;quot; {% if &amp;#039;ROLE_ADMIN&amp;#039; in app.user.roles %}selected{% endif %}&amp;gt;ADMIN&amp;lt;/option&amp;gt;&lt;span class="sf-dump-default sf-dump-ns"&gt;\r\n&lt;/span&gt;&lt;/span&gt;
      &lt;span class=sf-dump-str title="15563 characters"&gt;                                &amp;lt;option value=&amp;quot;EXPERT&amp;quot; {% if &amp;#039;ROLE_EXPERT&amp;#039; in app.user.roles %}selected{% endif %}&amp;gt;EXPERT&amp;lt;/option&amp;gt;&lt;span class="sf-dump-default sf-dump-ns"&gt;\r\n&lt;/span&gt;&lt;/span&gt;
      &lt;span class=sf-dump-str title="15563 characters"&gt;                                &amp;lt;option value=&amp;quot;AGRICOLE&amp;quot; {% if &amp;#039;ROLE_AGRICOLE&amp;#039; in app.user.roles %}selected{% endif %}&amp;gt;AGRICOLE&amp;lt;/option&amp;gt;&lt;span class="sf-dump-default sf-dump-ns"&gt;\r\n&lt;/span&gt;&lt;/span&gt;
      &lt;span class=sf-dump-str title="15563 characters"&gt;                                &amp;lt;option value=&amp;quot;FOURNISSEUR&amp;quot; {% if &amp;#039;ROLE_FOURNISSEUR&amp;#039; in app.user.roles %}selected{% endif %}&amp;gt;FOURNISSEUR&amp;lt;/option&amp;gt;&lt;span class="sf-dump-default sf-dump-ns"&gt;\r\n&lt;/span&gt;&lt;/span&gt;
      &lt;span class=sf-dump-str title="15563 characters"&gt;                            &amp;lt;/select&amp;gt;&lt;span class="sf-dump-default sf-dump-ns"&gt;\r\n&lt;/span&gt;&lt;/span&gt;
      &lt;span class=sf-dump-str title="15563 characters"&gt;                        {% else %}&lt;span class="sf-dump-default sf-dump-ns"&gt;\r\n&lt;/span&gt;&lt;/span&gt;
      &lt;span class=sf-dump-str title="15563 characters"&gt;                            &amp;lt;input type=&amp;quot;text&amp;quot; class=&amp;quot;profile-input&amp;quot; value=&amp;quot;{{ app.user.role|default(&amp;#039;User&amp;#039;) }}&amp;quot; disabled style=&amp;quot;opacity: 0.7; cursor: not-allowed;&amp;quot;&amp;gt;&lt;span class="sf-dump-default sf-dump-ns"&gt;\r\n&lt;/span&gt;&lt;/span&gt;
      &lt;span class=sf-dump-str title="15563 characters"&gt;                        {% endif %}&lt;span class="sf-dump-default sf-dump-ns"&gt;\r\n&lt;/span&gt;&lt;/span&gt;
      &lt;span class=sf-dump-str title="15563 characters"&gt;                    &amp;lt;/div&amp;gt;&lt;span class="sf-dump-default sf-dump-ns"&gt;\r\n&lt;/span&gt;&lt;/span&gt;
      &lt;span class=sf-dump-str title="15563 characters"&gt;                    &lt;span class="sf-dump-default sf-dump-ns"&gt;\r\n&lt;/span&gt;&lt;/span&gt;
      &lt;span class=sf-dump-str title="15563 characters"&gt;                    &amp;lt;div class=&amp;quot;pf-field-error&amp;quot; id=&amp;quot;err-photo&amp;quot; style=&amp;quot;margin-top: 6px;&amp;quot;&amp;gt;&amp;lt;/div&amp;gt;&lt;span class="sf-dump-default sf-dump-ns"&gt;\r\n&lt;/span&gt;&lt;/span&gt;
      &lt;span class=sf-dump-str title="15563 characters"&gt;                &amp;lt;/div&amp;gt;&lt;span class="sf-dump-default sf-dump-ns"&gt;\r\n&lt;/span&gt;&lt;/span&gt;
      &lt;span class=sf-dump-str title="15563 characters"&gt;            &amp;lt;/div&amp;gt;&lt;span class="sf-dump-default sf-dump-ns"&gt;\r\n&lt;/span&gt;&lt;/span&gt;
      &lt;span class=sf-dump-str title="15563 characters"&gt;            &lt;span class="sf-dump-default sf-dump-ns"&gt;\r\n&lt;/span&gt;&lt;/span&gt;
      &lt;span class=sf-dump-str title="15563 characters"&gt;            &amp;lt;div class=&amp;quot;profile-modal-footer&amp;quot;&amp;gt;&lt;span class="sf-dump-default sf-dump-ns"&gt;\r\n&lt;/span&gt;&lt;/span&gt;
      &lt;span class=sf-dump-str title="15563 characters"&gt;                &amp;lt;button type=&amp;quot;submit&amp;quot; class=&amp;quot;btn btn-solid-blue&amp;quot; id=&amp;quot;profileSubmitBtn&amp;quot;&amp;gt;Enregistrer&amp;lt;/button&amp;gt;&lt;span class="sf-dump-default sf-dump-ns"&gt;\r\n&lt;/span&gt;&lt;/span&gt;
      &lt;span class=sf-dump-str title="15563 characters"&gt;                &amp;lt;button type=&amp;quot;button&amp;quot; class=&amp;quot;btn btn-outline-gray&amp;quot; onclick=&amp;quot;closeProfileModal()&amp;quot;&amp;gt;Annuler&amp;lt;/button&amp;gt;&lt;span class="sf-dump-default sf-dump-ns"&gt;\r\n&lt;/span&gt;&lt;/span&gt;
      &lt;span class=sf-dump-str title="15563 characters"&gt;            &amp;lt;/div&amp;gt;&lt;span class="sf-dump-default sf-dump-ns"&gt;\r\n&lt;/span&gt;&lt;/span&gt;
      &lt;span class=sf-dump-str title="15563 characters"&gt;        &amp;lt;/form&amp;gt;&lt;span class="sf-dump-default sf-dump-ns"&gt;\r\n&lt;/span&gt;&lt;/span&gt;
      &lt;span class=sf-dump-str title="15563 characters"&gt;    &amp;lt;/div&amp;gt;&lt;span class="sf-dump-default sf-dump-ns"&gt;\r\n&lt;/span&gt;&lt;/span&gt;
      &lt;span class=sf-dump-str title="15563 characters"&gt;&amp;lt;/div&amp;gt;&lt;span class="sf-dump-default sf-dump-ns"&gt;\r\n&lt;/span&gt;&lt;/span&gt;
      &lt;span class=sf-dump-str title="15563 characters"&gt;&lt;span class="sf-dump-default sf-dump-ns"&gt;\r\n&lt;/span&gt;&lt;/span&gt;
      &lt;span class=sf-dump-str title="15563 characters"&gt;&amp;lt;style&amp;gt;&lt;span class="sf-dump-default sf-dump-ns"&gt;\r\n&lt;/span&gt;&lt;/span&gt;
      &lt;span class=sf-dump-str title="15563 characters"&gt;/* &amp;#9472;&amp;#9472; Profile Modal Responsive &amp;#9472;&amp;#9472;&amp;#9472;&amp;#9472;&amp;#9472;&amp;#9472;&amp;#9472;&amp;#9472;&amp;#9472;&amp;#9472;&amp;#9472;&amp;#9472;&amp;#9472;&amp;#9472;&amp;#9472;&amp;#9472;&amp;#9472;&amp;#9472;&amp;#9472;&amp;#9472;&amp;#9472;&amp;#9472;&amp;#9472;&amp;#9472;&amp;#9472;&amp;#9472;&amp;#9472;&amp;#9472;&amp;#9472;&amp;#9472;&amp;#9472;&amp;#9472;&amp;#9472;&amp;#9472;&amp;#9472;&amp;#9472;&amp;#9472;&amp;#9472;&amp;#9472; */&lt;span class="sf-dump-default sf-dump-ns"&gt;\r\n&lt;/span&gt;&lt;/span&gt;
      &lt;span class=sf-dump-str title="15563 characters"&gt;#profileModal .profile-modal {&lt;span class="sf-dump-default sf-dump-ns"&gt;\r\n&lt;/span&gt;&lt;/span&gt;
      &lt;span class=sf-dump-str title="15563 characters"&gt;    max-height: 92vh;&lt;span class="sf-dump-default sf-dump-ns"&gt;\r\n&lt;/span&gt;&lt;/span&gt;
      &lt;span class=sf-dump-str title="15563 characters"&gt;    display: flex;&lt;span class="sf-dump-default sf-dump-ns"&gt;\r\n&lt;/span&gt;&lt;/span&gt;
      &lt;span class=sf-dump-str title="15563 characters"&gt;    flex-direction: column;&lt;span class="sf-dump-default sf-dump-ns"&gt;\r\n&lt;/span&gt;&lt;/span&gt;
      &lt;span class=sf-dump-str title="15563 characters"&gt;    overflow: hidden;&lt;span class="sf-dump-default sf-dump-ns"&gt;\r\n&lt;/span&gt;&lt;/span&gt;
      &lt;span class=sf-dump-str title="15563 characters"&gt;}&lt;span class="sf-dump-default sf-dump-ns"&gt;\r\n&lt;/span&gt;&lt;/span&gt;
      &lt;span class=sf-dump-str title="15563 characters"&gt;#profileModal .profile-modal-body {&lt;span class="sf-dump-default sf-dump-ns"&gt;\r\n&lt;/span&gt;&lt;/span&gt;
      &lt;span class=sf-dump-str title="15563 characters"&gt;    overflow-y: auto;&lt;span class="sf-dump-default sf-dump-ns"&gt;\r\n&lt;/span&gt;&lt;/span&gt;
      &lt;span class=sf-dump-str title="15563 characters"&gt;    flex: 1;&lt;span class="sf-dump-default sf-dump-ns"&gt;\r\n&lt;/span&gt;&lt;/span&gt;
      &lt;span class=sf-dump-str title="15563 characters"&gt;    scrollbar-width: thin;&lt;span class="sf-dump-default sf-dump-ns"&gt;\r\n&lt;/span&gt;&lt;/span&gt;
      &lt;span class=sf-dump-str title="15563 characters"&gt;}&lt;span class="sf-dump-default sf-dump-ns"&gt;\r\n&lt;/span&gt;&lt;/span&gt;
      &lt;span class=sf-dump-str title="15563 characters"&gt;#profileModal .profile-avatar-section {&lt;span class="sf-dump-default sf-dump-ns"&gt;\r\n&lt;/span&gt;&lt;/span&gt;
      &lt;span class=sf-dump-str title="15563 characters"&gt;    flex-shrink: 0;&lt;span class="sf-dump-default sf-dump-ns"&gt;\r\n&lt;/span&gt;&lt;/span&gt;
      &lt;span class=sf-dump-str title="15563 characters"&gt;    min-width: 130px;&lt;span class="sf-dump-default sf-dump-ns"&gt;\r\n&lt;/span&gt;&lt;/span&gt;
      &lt;span class=sf-dump-str title="15563 characters"&gt;    max-width: 140px;&lt;span class="sf-dump-default sf-dump-ns"&gt;\r\n&lt;/span&gt;&lt;/span&gt;
      &lt;span class=sf-dump-str title="15563 characters"&gt;}&lt;span class="sf-dump-default sf-dump-ns"&gt;\r\n&lt;/span&gt;&lt;/span&gt;
      &lt;span class=sf-dump-str title="15563 characters"&gt;#profileModal .profile-avatar-preview {&lt;span class="sf-dump-default sf-dump-ns"&gt;\r\n&lt;/span&gt;&lt;/span&gt;
      &lt;span class=sf-dump-str title="15563 characters"&gt;    width: 100px !important;&lt;span class="sf-dump-default sf-dump-ns"&gt;\r\n&lt;/span&gt;&lt;/span&gt;
      &lt;span class=sf-dump-str title="15563 characters"&gt;    height: 100px !important;&lt;span class="sf-dump-default sf-dump-ns"&gt;\r\n&lt;/span&gt;&lt;/span&gt;
      &lt;span class=sf-dump-str title="15563 characters"&gt;    border-radius: 50% !important;&lt;span class="sf-dump-default sf-dump-ns"&gt;\r\n&lt;/span&gt;&lt;/span&gt;
      &lt;span class=sf-dump-str title="15563 characters"&gt;    overflow: hidden !important;&lt;span class="sf-dump-default sf-dump-ns"&gt;\r\n&lt;/span&gt;&lt;/span&gt;
      &lt;span class=sf-dump-str title="15563 characters"&gt;    display: flex !important;&lt;span class="sf-dump-default sf-dump-ns"&gt;\r\n&lt;/span&gt;&lt;/span&gt;
      &lt;span class=sf-dump-str title="15563 characters"&gt;    align-items: center;&lt;span class="sf-dump-default sf-dump-ns"&gt;\r\n&lt;/span&gt;&lt;/span&gt;
      &lt;span class=sf-dump-str title="15563 characters"&gt;    justify-content: center;&lt;span class="sf-dump-default sf-dump-ns"&gt;\r\n&lt;/span&gt;&lt;/span&gt;
      &lt;span class=sf-dump-str title="15563 characters"&gt;    background: #f1f5f9;&lt;span class="sf-dump-default sf-dump-ns"&gt;\r\n&lt;/span&gt;&lt;/span&gt;
      &lt;span class=sf-dump-str title="15563 characters"&gt;    flex-shrink: 0;&lt;span class="sf-dump-default sf-dump-ns"&gt;\r\n&lt;/span&gt;&lt;/span&gt;
      &lt;span class=sf-dump-str title="15563 characters"&gt;    border: 2px solid #e2e8f0;&lt;span class="sf-dump-default sf-dump-ns"&gt;\r\n&lt;/span&gt;&lt;/span&gt;
      &lt;span class=sf-dump-str title="15563 characters"&gt;}&lt;span class="sf-dump-default sf-dump-ns"&gt;\r\n&lt;/span&gt;&lt;/span&gt;
      &lt;span class=sf-dump-str title="15563 characters"&gt;#profileModal #avatarPreview {&lt;span class="sf-dump-default sf-dump-ns"&gt;\r\n&lt;/span&gt;&lt;/span&gt;
      &lt;span class=sf-dump-str title="15563 characters"&gt;    width: 100% !important;&lt;span class="sf-dump-default sf-dump-ns"&gt;\r\n&lt;/span&gt;&lt;/span&gt;
      &lt;span class=sf-dump-str title="15563 characters"&gt;    height: 100% !important;&lt;span class="sf-dump-default sf-dump-ns"&gt;\r\n&lt;/span&gt;&lt;/span&gt;
      &lt;span class=sf-dump-str title="15563 characters"&gt;    object-fit: cover !important;&lt;span class="sf-dump-default sf-dump-ns"&gt;\r\n&lt;/span&gt;&lt;/span&gt;
      &lt;span class=sf-dump-str title="15563 characters"&gt;    border-radius: 50%;&lt;span class="sf-dump-default sf-dump-ns"&gt;\r\n&lt;/span&gt;&lt;/span&gt;
      &lt;span class=sf-dump-str title="15563 characters"&gt;    display: block;&lt;span class="sf-dump-default sf-dump-ns"&gt;\r\n&lt;/span&gt;&lt;/span&gt;
      &lt;span class=sf-dump-str title="15563 characters"&gt;}&lt;span class="sf-dump-default sf-dump-ns"&gt;\r\n&lt;/span&gt;&lt;/span&gt;
      &lt;span class=sf-dump-str title="15563 characters"&gt;#profileModal .profile-form-section {&lt;span class="sf-dump-default sf-dump-ns"&gt;\r\n&lt;/span&gt;&lt;/span&gt;
      &lt;span class=sf-dump-str title="15563 characters"&gt;    flex: 1;&lt;span class="sf-dump-default sf-dump-ns"&gt;\r\n&lt;/span&gt;&lt;/span&gt;
      &lt;span class=sf-dump-str title="15563 characters"&gt;    min-width: 0;&lt;span class="sf-dump-default sf-dump-ns"&gt;\r\n&lt;/span&gt;&lt;/span&gt;
      &lt;span class=sf-dump-str title="15563 characters"&gt;    overflow: hidden;&lt;span class="sf-dump-default sf-dump-ns"&gt;\r\n&lt;/span&gt;&lt;/span&gt;
      &lt;span class=sf-dump-str title="15563 characters"&gt;}&lt;span class="sf-dump-default sf-dump-ns"&gt;\r\n&lt;/span&gt;&lt;/span&gt;
      &lt;span class=sf-dump-str title="15563 characters"&gt;/* Per-field error messages */&lt;span class="sf-dump-default sf-dump-ns"&gt;\r\n&lt;/span&gt;&lt;/span&gt;
      &lt;span class=sf-dump-str title="15563 characters"&gt;.pf-field-error {&lt;span class="sf-dump-default sf-dump-ns"&gt;\r\n&lt;/span&gt;&lt;/span&gt;
      &lt;span class=sf-dump-str title="15563 characters"&gt;    color: #ef4444;&lt;span class="sf-dump-default sf-dump-ns"&gt;\r\n&lt;/span&gt;&lt;/span&gt;
      &lt;span class=sf-dump-str title="15563 characters"&gt;    font-size: 0.78rem;&lt;span class="sf-dump-default sf-dump-ns"&gt;\r\n&lt;/span&gt;&lt;/span&gt;
      &lt;span class=sf-dump-str title="15563 characters"&gt;    font-weight: 500;&lt;span class="sf-dump-default sf-dump-ns"&gt;\r\n&lt;/span&gt;&lt;/span&gt;
      &lt;span class=sf-dump-str title="15563 characters"&gt;    min-height: 16px;&lt;span class="sf-dump-default sf-dump-ns"&gt;\r\n&lt;/span&gt;&lt;/span&gt;
      &lt;span class=sf-dump-str title="15563 characters"&gt;    line-height: 1.3;&lt;span class="sf-dump-default sf-dump-ns"&gt;\r\n&lt;/span&gt;&lt;/span&gt;
      &lt;span class=sf-dump-str title="15563 characters"&gt;    margin-top: 2px;&lt;span class="sf-dump-default sf-dump-ns"&gt;\r\n&lt;/span&gt;&lt;/span&gt;
      &lt;span class=sf-dump-str title="15563 characters"&gt;    padding-left: 2px;&lt;span class="sf-dump-default sf-dump-ns"&gt;\r\n&lt;/span&gt;&lt;/span&gt;
      &lt;span class=sf-dump-str title="15563 characters"&gt;    word-break: break-word;&lt;span class="sf-dump-default sf-dump-ns"&gt;\r\n&lt;/span&gt;&lt;/span&gt;
      &lt;span class=sf-dump-str title="15563 characters"&gt;}&lt;span class="sf-dump-default sf-dump-ns"&gt;\r\n&lt;/span&gt;&lt;/span&gt;
      &lt;span class=sf-dump-str title="15563 characters"&gt;.pf-field-error:empty {&lt;span class="sf-dump-default sf-dump-ns"&gt;\r\n&lt;/span&gt;&lt;/span&gt;
      &lt;span class=sf-dump-str title="15563 characters"&gt;    min-height: 0;&lt;span class="sf-dump-default sf-dump-ns"&gt;\r\n&lt;/span&gt;&lt;/span&gt;
      &lt;span class=sf-dump-str title="15563 characters"&gt;    margin: 0;&lt;span class="sf-dump-default sf-dump-ns"&gt;\r\n&lt;/span&gt;&lt;/span&gt;
      &lt;span class=sf-dump-str title="15563 characters"&gt;}&lt;span class="sf-dump-default sf-dump-ns"&gt;\r\n&lt;/span&gt;&lt;/span&gt;
      &lt;span class=sf-dump-str title="15563 characters"&gt;/* Input error state */&lt;span class="sf-dump-default sf-dump-ns"&gt;\r\n&lt;/span&gt;&lt;/span&gt;
      &lt;span class=sf-dump-str title="15563 characters"&gt;.pf-input-error {&lt;span class="sf-dump-default sf-dump-ns"&gt;\r\n&lt;/span&gt;&lt;/span&gt;
      &lt;span class=sf-dump-str title="15563 characters"&gt;    border-color: #ef4444 !important;&lt;span class="sf-dump-default sf-dump-ns"&gt;\r\n&lt;/span&gt;&lt;/span&gt;
      &lt;span class=sf-dump-str title="15563 characters"&gt;    box-shadow: 0 0 0 2px rgba(239,68,68,0.15) !important;&lt;span class="sf-dump-default sf-dump-ns"&gt;\r\n&lt;/span&gt;&lt;/span&gt;
      &lt;span class=sf-dump-str title="15563 characters"&gt;}&lt;span class="sf-dump-default sf-dump-ns"&gt;\r\n&lt;/span&gt;&lt;/span&gt;
      &lt;span class=sf-dump-str title="15563 characters"&gt;/* Responsive: stack on small screens */&lt;span class="sf-dump-default sf-dump-ns"&gt;\r\n&lt;/span&gt;&lt;/span&gt;
      &lt;span class=sf-dump-str title="15563 characters"&gt;@media (max-width: 580px) {&lt;span class="sf-dump-default sf-dump-ns"&gt;\r\n&lt;/span&gt;&lt;/span&gt;
      &lt;span class=sf-dump-str title="15563 characters"&gt;    #profileModal .profile-modal-body {&lt;span class="sf-dump-default sf-dump-ns"&gt;\r\n&lt;/span&gt;&lt;/span&gt;
      &lt;span class=sf-dump-str title="15563 characters"&gt;        flex-direction: column;&lt;span class="sf-dump-default sf-dump-ns"&gt;\r\n&lt;/span&gt;&lt;/span&gt;
      &lt;span class=sf-dump-str title="15563 characters"&gt;        align-items: center;&lt;span class="sf-dump-default sf-dump-ns"&gt;\r\n&lt;/span&gt;&lt;/span&gt;
      &lt;span class=sf-dump-str title="15563 characters"&gt;    }&lt;span class="sf-dump-default sf-dump-ns"&gt;\r\n&lt;/span&gt;&lt;/span&gt;
      &lt;span class=sf-dump-str title="15563 characters"&gt;    #profileModal .profile-avatar-section {&lt;span class="sf-dump-default sf-dump-ns"&gt;\r\n&lt;/span&gt;&lt;/span&gt;
      &lt;span class=sf-dump-str title="15563 characters"&gt;        max-width: 100%;&lt;span class="sf-dump-default sf-dump-ns"&gt;\r\n&lt;/span&gt;&lt;/span&gt;
      &lt;span class=sf-dump-str title="15563 characters"&gt;        flex-direction: row;&lt;span class="sf-dump-default sf-dump-ns"&gt;\r\n&lt;/span&gt;&lt;/span&gt;
      &lt;span class=sf-dump-str title="15563 characters"&gt;        justify-content: center;&lt;span class="sf-dump-default sf-dump-ns"&gt;\r\n&lt;/span&gt;&lt;/span&gt;
      &lt;span class=sf-dump-str title="15563 characters"&gt;        gap: 16px;&lt;span class="sf-dump-default sf-dump-ns"&gt;\r\n&lt;/span&gt;&lt;/span&gt;
      &lt;span class=sf-dump-str title="15563 characters"&gt;    }&lt;span class="sf-dump-default sf-dump-ns"&gt;\r\n&lt;/span&gt;&lt;/span&gt;
      &lt;span class=sf-dump-str title="15563 characters"&gt;}&lt;span class="sf-dump-default sf-dump-ns"&gt;\r\n&lt;/span&gt;&lt;/span&gt;
      &lt;span class=sf-dump-str title="15563 characters"&gt;&amp;lt;/style&amp;gt;&lt;span class="sf-dump-default sf-dump-ns"&gt;\r\n&lt;/span&gt;&lt;/span&gt;
      &lt;span class=sf-dump-str title="15563 characters"&gt;&lt;span class="sf-dump-default sf-dump-ns"&gt;\r\n&lt;/span&gt;&lt;/span&gt;
      &lt;span class=sf-dump-str title="15563 characters"&gt;&amp;lt;script&amp;gt;&lt;span class="sf-dump-default sf-dump-ns"&gt;\r\n&lt;/span&gt;&lt;/span&gt;
      &lt;span class=sf-dump-str title="15563 characters"&gt;    function openProfileModal() {&lt;span class="sf-dump-default sf-dump-ns"&gt;\r\n&lt;/span&gt;&lt;/span&gt;
      &lt;span class=sf-dump-str title="15563 characters"&gt;        document.getElementById(&amp;#039;profileModal&amp;#039;).style.display = &amp;#039;flex&amp;#039;;&lt;span class="sf-dump-default sf-dump-ns"&gt;\r\n&lt;/span&gt;&lt;/span&gt;
      &lt;span class=sf-dump-str title="15563 characters"&gt;    }&lt;span class="sf-dump-default sf-dump-ns"&gt;\r\n&lt;/span&gt;&lt;/span&gt;
      &lt;span class=sf-dump-str title="15563 characters"&gt;&lt;span class="sf-dump-default sf-dump-ns"&gt;\r\n&lt;/span&gt;&lt;/span&gt;
      &lt;span class=sf-dump-str title="15563 characters"&gt;    function closeProfileModal() {&lt;span class="sf-dump-default sf-dump-ns"&gt;\r\n&lt;/span&gt;&lt;/span&gt;
      &lt;span class=sf-dump-str title="15563 characters"&gt;        document.getElementById(&amp;#039;profileModal&amp;#039;).style.display = &amp;#039;none&amp;#039;;&lt;span class="sf-dump-default sf-dump-ns"&gt;\r\n&lt;/span&gt;&lt;/span&gt;
      &lt;span class=sf-dump-str title="15563 characters"&gt;    }&lt;span class="sf-dump-default sf-dump-ns"&gt;\r\n&lt;/span&gt;&lt;/span&gt;
      &lt;span class=sf-dump-str title="15563 characters"&gt;&lt;span class="sf-dump-default sf-dump-ns"&gt;\r\n&lt;/span&gt;&lt;/span&gt;
      &lt;span class=sf-dump-str title="15563 characters"&gt;    window.addEventListener(&amp;#039;click&amp;#039;, function(event) {&lt;span class="sf-dump-default sf-dump-ns"&gt;\r\n&lt;/span&gt;&lt;/span&gt;
      &lt;span class=sf-dump-str title="15563 characters"&gt;        var modal = document.getElementById(&amp;#039;profileModal&amp;#039;);&lt;span class="sf-dump-default sf-dump-ns"&gt;\r\n&lt;/span&gt;&lt;/span&gt;
      &lt;span class=sf-dump-str title="15563 characters"&gt;        if (event.target === modal) closeProfileModal();&lt;span class="sf-dump-default sf-dump-ns"&gt;\r\n&lt;/span&gt;&lt;/span&gt;
      &lt;span class=sf-dump-str title="15563 characters"&gt;    });&lt;span class="sf-dump-default sf-dump-ns"&gt;\r\n&lt;/span&gt;&lt;/span&gt;
      &lt;span class=sf-dump-str title="15563 characters"&gt;&lt;span class="sf-dump-default sf-dump-ns"&gt;\r\n&lt;/span&gt;&lt;/span&gt;
      &lt;span class=sf-dump-str title="15563 characters"&gt;    function previewImage(event) {&lt;span class="sf-dump-default sf-dump-ns"&gt;\r\n&lt;/span&gt;&lt;/span&gt;
      &lt;span class=sf-dump-str title="15563 characters"&gt;        var file = event.target.files[0];&lt;span class="sf-dump-default sf-dump-ns"&gt;\r\n&lt;/span&gt;&lt;/span&gt;
      &lt;span class=sf-dump-str title="15563 characters"&gt;        if (!file) return;&lt;span class="sf-dump-default sf-dump-ns"&gt;\r\n&lt;/span&gt;&lt;/span&gt;
      &lt;span class=sf-dump-str title="15563 characters"&gt;        var reader = new FileReader();&lt;span class="sf-dump-default sf-dump-ns"&gt;\r\n&lt;/span&gt;&lt;/span&gt;
      &lt;span class=sf-dump-str title="15563 characters"&gt;        reader.onload = function(e) {&lt;span class="sf-dump-default sf-dump-ns"&gt;\r\n&lt;/span&gt;&lt;/span&gt;
      &lt;span class=sf-dump-str title="15563 characters"&gt;            var output  = document.getElementById(&amp;#039;avatarPreview&amp;#039;);&lt;span class="sf-dump-default sf-dump-ns"&gt;\r\n&lt;/span&gt;&lt;/span&gt;
      &lt;span class=sf-dump-str title="15563 characters"&gt;            var wrapper = document.getElementById(&amp;#039;currentAvatarWrapper&amp;#039;);&lt;span class="sf-dump-default sf-dump-ns"&gt;\r\n&lt;/span&gt;&lt;/span&gt;
      &lt;span class=sf-dump-str title="15563 characters"&gt;            if (output)  { output.src = e.target.result; output.style.display = &amp;#039;block&amp;#039;; }&lt;span class="sf-dump-default sf-dump-ns"&gt;\r\n&lt;/span&gt;&lt;/span&gt;
      &lt;span class=sf-dump-str title="15563 characters"&gt;            if (wrapper) { wrapper.style.display = &amp;#039;none&amp;#039;; }&lt;span class="sf-dump-default sf-dump-ns"&gt;\r\n&lt;/span&gt;&lt;/span&gt;
      &lt;span class=sf-dump-str title="15563 characters"&gt;        };&lt;span class="sf-dump-default sf-dump-ns"&gt;\r\n&lt;/span&gt;&lt;/span&gt;
      &lt;span class=sf-dump-str title="15563 characters"&gt;        reader.readAsDataURL(file);&lt;span class="sf-dump-default sf-dump-ns"&gt;\r\n&lt;/span&gt;&lt;/span&gt;
      &lt;span class=sf-dump-str title="15563 characters"&gt;    }&lt;span class="sf-dump-default sf-dump-ns"&gt;\r\n&lt;/span&gt;&lt;/span&gt;
      &lt;span class=sf-dump-str title="15563 characters"&gt;&lt;span class="sf-dump-default sf-dump-ns"&gt;\r\n&lt;/span&gt;&lt;/span&gt;
      &lt;span class=sf-dump-str title="15563 characters"&gt;    function deleteFaceData() {&lt;span class="sf-dump-default sf-dump-ns"&gt;\r\n&lt;/span&gt;&lt;/span&gt;
      &lt;span class=sf-dump-str title="15563 characters"&gt;        fetch(&amp;quot;{{ path(&amp;#039;app_face_delete&amp;#039;) }}&amp;quot;, {&lt;span class="sf-dump-default sf-dump-ns"&gt;\r\n&lt;/span&gt;&lt;/span&gt;
      &lt;span class=sf-dump-str title="15563 characters"&gt;            method: &amp;#039;POST&amp;#039;,&lt;span class="sf-dump-default sf-dump-ns"&gt;\r\n&lt;/span&gt;&lt;/span&gt;
      &lt;span class=sf-dump-str title="15563 characters"&gt;            headers: { &amp;#039;X-Requested-With&amp;#039;: &amp;#039;XMLHttpRequest&amp;#039; }&lt;span class="sf-dump-default sf-dump-ns"&gt;\r\n&lt;/span&gt;&lt;/span&gt;
      &lt;span class=sf-dump-str title="15563 characters"&gt;        })&lt;span class="sf-dump-default sf-dump-ns"&gt;\r\n&lt;/span&gt;&lt;/span&gt;
      &lt;span class=sf-dump-str title="15563 characters"&gt;        .then(r =&amp;gt; r.json())&lt;span class="sf-dump-default sf-dump-ns"&gt;\r\n&lt;/span&gt;&lt;/span&gt;
      &lt;span class=sf-dump-str title="15563 characters"&gt;        .then(data =&amp;gt; {&lt;span class="sf-dump-default sf-dump-ns"&gt;\r\n&lt;/span&gt;&lt;/span&gt;
      &lt;span class=sf-dump-str title="15563 characters"&gt;            if (data.success) window.location.reload();&lt;span class="sf-dump-default sf-dump-ns"&gt;\r\n&lt;/span&gt;&lt;/span&gt;
      &lt;span class=sf-dump-str title="15563 characters"&gt;            else alert(data.error || &amp;quot;Erreur lors de la suppression.&amp;quot;);&lt;span class="sf-dump-default sf-dump-ns"&gt;\r\n&lt;/span&gt;&lt;/span&gt;
      &lt;span class=sf-dump-str title="15563 characters"&gt;        })&lt;span class="sf-dump-default sf-dump-ns"&gt;\r\n&lt;/span&gt;&lt;/span&gt;
      &lt;span class=sf-dump-str title="15563 characters"&gt;        .catch(err =&amp;gt; alert(&amp;quot;Erreur r&amp;#233;seau : &amp;quot; + err.message));&lt;span class="sf-dump-default sf-dump-ns"&gt;\r\n&lt;/span&gt;&lt;/span&gt;
      &lt;span class=sf-dump-str title="15563 characters"&gt;    }&lt;span class="sf-dump-default sf-dump-ns"&gt;\r\n&lt;/span&gt;&lt;/span&gt;
      &lt;span class=sf-dump-str title="15563 characters"&gt;&lt;span class="sf-dump-default sf-dump-ns"&gt;\r\n&lt;/span&gt;&lt;/span&gt;
      &lt;span class=sf-dump-str title="15563 characters"&gt;    // &amp;#9472;&amp;#9472; Form submit &amp;#9472;&amp;#9472;&amp;#9472;&amp;#9472;&amp;#9472;&amp;#9472;&amp;#9472;&amp;#9472;&amp;#9472;&amp;#9472;&amp;#9472;&amp;#9472;&amp;#9472;&amp;#9472;&amp;#9472;&amp;#9472;&amp;#9472;&amp;#9472;&amp;#9472;&amp;#9472;&amp;#9472;&amp;#9472;&amp;#9472;&amp;#9472;&amp;#9472;&amp;#9472;&amp;#9472;&amp;#9472;&amp;#9472;&amp;#9472;&amp;#9472;&amp;#9472;&amp;#9472;&amp;#9472;&amp;#9472;&amp;#9472;&amp;#9472;&amp;#9472;&amp;#9472;&amp;#9472;&amp;#9472;&amp;#9472;&amp;#9472;&amp;#9472;&amp;#9472;&amp;#9472;&amp;#9472;&amp;#9472;&amp;#9472;&amp;#9472;&amp;#9472;&amp;#9472;&amp;#9472;&amp;#9472;&amp;#9472;&amp;#9472;&amp;#9472;&lt;span class="sf-dump-default sf-dump-ns"&gt;\r\n&lt;/span&gt;&lt;/span&gt;
      &lt;span class=sf-dump-str title="15563 characters"&gt;    document.addEventListener(&amp;#039;DOMContentLoaded&amp;#039;, function() {&lt;span class="sf-dump-default sf-dump-ns"&gt;\r\n&lt;/span&gt;&lt;/span&gt;
      &lt;span class=sf-dump-str title="15563 characters"&gt;        const form = document.getElementById(&amp;#039;profileUpdateForm&amp;#039;);&lt;span class="sf-dump-default sf-dump-ns"&gt;\r\n&lt;/span&gt;&lt;/span&gt;
      &lt;span class=sf-dump-str title="15563 characters"&gt;        if (!form) return;&lt;span class="sf-dump-default sf-dump-ns"&gt;\r\n&lt;/span&gt;&lt;/span&gt;
      &lt;span class=sf-dump-str title="15563 characters"&gt;&lt;span class="sf-dump-default sf-dump-ns"&gt;\r\n&lt;/span&gt;&lt;/span&gt;
      &lt;span class=sf-dump-str title="15563 characters"&gt;        form.addEventListener(&amp;#039;submit&amp;#039;, function(e) {&lt;span class="sf-dump-default sf-dump-ns"&gt;\r\n&lt;/span&gt;&lt;/span&gt;
      &lt;span class=sf-dump-str title="15563 characters"&gt;            e.preventDefault();&lt;span class="sf-dump-default sf-dump-ns"&gt;\r\n&lt;/span&gt;&lt;/span&gt;
      &lt;span class=sf-dump-str title="15563 characters"&gt;&lt;span class="sf-dump-default sf-dump-ns"&gt;\r\n&lt;/span&gt;&lt;/span&gt;
      &lt;span class=sf-dump-str title="15563 characters"&gt;            // Clear all errors&lt;span class="sf-dump-default sf-dump-ns"&gt;\r\n&lt;/span&gt;&lt;/span&gt;
      &lt;span class=sf-dump-str title="15563 characters"&gt;            document.querySelectorAll(&amp;#039;.pf-field-error&amp;#039;).forEach(el =&amp;gt; el.textContent = &amp;#039;&amp;#039;);&lt;span class="sf-dump-default sf-dump-ns"&gt;\r\n&lt;/span&gt;&lt;/span&gt;
      &lt;span class=sf-dump-str title="15563 characters"&gt;            document.querySelectorAll(&amp;#039;.pf-input-error&amp;#039;).forEach(el =&amp;gt; el.classList.remove(&amp;#039;pf-input-error&amp;#039;));&lt;span class="sf-dump-default sf-dump-ns"&gt;\r\n&lt;/span&gt;&lt;/span&gt;
      &lt;span class=sf-dump-str title="15563 characters"&gt;            const globalErrors = document.getElementById(&amp;#039;profileErrors&amp;#039;);&lt;span class="sf-dump-default sf-dump-ns"&gt;\r\n&lt;/span&gt;&lt;/span&gt;
      &lt;span class=sf-dump-str title="15563 characters"&gt;            globalErrors.style.display = &amp;#039;none&amp;#039;;&lt;span class="sf-dump-default sf-dump-ns"&gt;\r\n&lt;/span&gt;&lt;/span&gt;
      &lt;span class=sf-dump-str title="15563 characters"&gt;            document.getElementById(&amp;#039;profileErrorsList&amp;#039;).textContent = &amp;#039;&amp;#039;;&lt;span class="sf-dump-default sf-dump-ns"&gt;\r\n&lt;/span&gt;&lt;/span&gt;
      &lt;span class=sf-dump-str title="15563 characters"&gt;&lt;span class="sf-dump-default sf-dump-ns"&gt;\r\n&lt;/span&gt;&lt;/span&gt;
      &lt;span class=sf-dump-str title="15563 characters"&gt;            const submitBtn = document.getElementById(&amp;#039;profileSubmitBtn&amp;#039;);&lt;span class="sf-dump-default sf-dump-ns"&gt;\r\n&lt;/span&gt;&lt;/span&gt;
      &lt;span class=sf-dump-str title="15563 characters"&gt;            const original  = submitBtn.innerHTML;&lt;span class="sf-dump-default sf-dump-ns"&gt;\r\n&lt;/span&gt;&lt;/span&gt;
      &lt;span class=sf-dump-str title="15563 characters"&gt;            submitBtn.innerHTML = &amp;#039;&amp;lt;i class=&amp;quot;fas fa-spinner fa-spin&amp;quot;&amp;gt;&amp;lt;/i&amp;gt; Traitement...&amp;#039;;&lt;span class="sf-dump-default sf-dump-ns"&gt;\r\n&lt;/span&gt;&lt;/span&gt;
      &lt;span class=sf-dump-str title="15563 characters"&gt;            submitBtn.disabled  = true;&lt;span class="sf-dump-default sf-dump-ns"&gt;\r\n&lt;/span&gt;&lt;/span&gt;
      &lt;span class=sf-dump-str title="15563 characters"&gt;&lt;span class="sf-dump-default sf-dump-ns"&gt;\r\n&lt;/span&gt;&lt;/span&gt;
      &lt;span class=sf-dump-str title="15563 characters"&gt;            fetch(&amp;quot;{{ path(&amp;#039;app_profile_update&amp;#039;) }}&amp;quot;, {&lt;span class="sf-dump-default sf-dump-ns"&gt;\r\n&lt;/span&gt;&lt;/span&gt;
      &lt;span class=sf-dump-str title="15563 characters"&gt;                method: &amp;#039;POST&amp;#039;,&lt;span class="sf-dump-default sf-dump-ns"&gt;\r\n&lt;/span&gt;&lt;/span&gt;
      &lt;span class=sf-dump-str title="15563 characters"&gt;                headers: { &amp;#039;X-Requested-With&amp;#039;: &amp;#039;XMLHttpRequest&amp;#039; },&lt;span class="sf-dump-default sf-dump-ns"&gt;\r\n&lt;/span&gt;&lt;/span&gt;
      &lt;span class=sf-dump-str title="15563 characters"&gt;                credentials: &amp;#039;same-origin&amp;#039;,&lt;span class="sf-dump-default sf-dump-ns"&gt;\r\n&lt;/span&gt;&lt;/span&gt;
      &lt;span class=sf-dump-str title="15563 characters"&gt;                body: new FormData(form)&lt;span class="sf-dump-default sf-dump-ns"&gt;\r\n&lt;/span&gt;&lt;/span&gt;
      &lt;span class=sf-dump-str title="15563 characters"&gt;            })&lt;span class="sf-dump-default sf-dump-ns"&gt;\r\n&lt;/span&gt;&lt;/span&gt;
      &lt;span class=sf-dump-str title="15563 characters"&gt;            .then(response =&amp;gt; {&lt;span class="sf-dump-default sf-dump-ns"&gt;\r\n&lt;/span&gt;&lt;/span&gt;
      &lt;span class=sf-dump-str title="15563 characters"&gt;                if (response.status === 401) {&lt;span class="sf-dump-default sf-dump-ns"&gt;\r\n&lt;/span&gt;&lt;/span&gt;
      &lt;span class=sf-dump-str title="15563 characters"&gt;                    window.location.href = &amp;quot;{{ path(&amp;#039;app_login&amp;#039;) }}&amp;quot;;&lt;span class="sf-dump-default sf-dump-ns"&gt;\r\n&lt;/span&gt;&lt;/span&gt;
      &lt;span class=sf-dump-str title="15563 characters"&gt;                    return Promise.reject(&amp;#039;logout&amp;#039;);&lt;span class="sf-dump-default sf-dump-ns"&gt;\r\n&lt;/span&gt;&lt;/span&gt;
      &lt;span class=sf-dump-str title="15563 characters"&gt;                }&lt;span class="sf-dump-default sf-dump-ns"&gt;\r\n&lt;/span&gt;&lt;/span&gt;
      &lt;span class=sf-dump-str title="15563 characters"&gt;                return response.json().then(data =&amp;gt; ({ status: response.status, body: data }));&lt;span class="sf-dump-default sf-dump-ns"&gt;\r\n&lt;/span&gt;&lt;/span&gt;
      &lt;span class=sf-dump-str title="15563 characters"&gt;            })&lt;span class="sf-dump-default sf-dump-ns"&gt;\r\n&lt;/span&gt;&lt;/span&gt;
      &lt;span class=sf-dump-str title="15563 characters"&gt;            .then(res =&amp;gt; {&lt;span class="sf-dump-default sf-dump-ns"&gt;\r\n&lt;/span&gt;&lt;/span&gt;
      &lt;span class=sf-dump-str title="15563 characters"&gt;                submitBtn.innerHTML = original;&lt;span class="sf-dump-default sf-dump-ns"&gt;\r\n&lt;/span&gt;&lt;/span&gt;
      &lt;span class=sf-dump-str title="15563 characters"&gt;                submitBtn.disabled  = false;&lt;span class="sf-dump-default sf-dump-ns"&gt;\r\n&lt;/span&gt;&lt;/span&gt;
      &lt;span class=sf-dump-str title="15563 characters"&gt;&lt;span class="sf-dump-default sf-dump-ns"&gt;\r\n&lt;/span&gt;&lt;/span&gt;
      &lt;span class=sf-dump-str title="15563 characters"&gt;                if (res.status === 200 &amp;amp;&amp;amp; res.body?.success) {&lt;span class="sf-dump-default sf-dump-ns"&gt;\r\n&lt;/span&gt;&lt;/span&gt;
      &lt;span class=sf-dump-str title="15563 characters"&gt;                    window.location.reload();&lt;span class="sf-dump-default sf-dump-ns"&gt;\r\n&lt;/span&gt;&lt;/span&gt;
      &lt;span class=sf-dump-str title="15563 characters"&gt;                    return;&lt;span class="sf-dump-default sf-dump-ns"&gt;\r\n&lt;/span&gt;&lt;/span&gt;
      &lt;span class=sf-dump-str title="15563 characters"&gt;                }&lt;span class="sf-dump-default sf-dump-ns"&gt;\r\n&lt;/span&gt;&lt;/span&gt;
      &lt;span class=sf-dump-str title="15563 characters"&gt;&lt;span class="sf-dump-default sf-dump-ns"&gt;\r\n&lt;/span&gt;&lt;/span&gt;
      &lt;span class=sf-dump-str title="15563 characters"&gt;                const errs = res.body?.errors || {};&lt;span class="sf-dump-default sf-dump-ns"&gt;\r\n&lt;/span&gt;&lt;/span&gt;
      &lt;span class=sf-dump-str title="15563 characters"&gt;                let hasFieldError = false;&lt;span class="sf-dump-default sf-dump-ns"&gt;\r\n&lt;/span&gt;&lt;/span&gt;
      &lt;span class=sf-dump-str title="15563 characters"&gt;&lt;span class="sf-dump-default sf-dump-ns"&gt;\r\n&lt;/span&gt;&lt;/span&gt;
      &lt;span class=sf-dump-str title="15563 characters"&gt;                // errors is now a key-&amp;gt;message dict&lt;span class="sf-dump-default sf-dump-ns"&gt;\r\n&lt;/span&gt;&lt;/span&gt;
      &lt;span class=sf-dump-str title="15563 characters"&gt;                if (typeof errs === &amp;#039;object&amp;#039; &amp;amp;&amp;amp; !Array.isArray(errs)) {&lt;span class="sf-dump-default sf-dump-ns"&gt;\r\n&lt;/span&gt;&lt;/span&gt;
      &lt;span class=sf-dump-str title="15563 characters"&gt;                    Object.entries(errs).forEach(([field, msg]) =&amp;gt; {&lt;span class="sf-dump-default sf-dump-ns"&gt;\r\n&lt;/span&gt;&lt;/span&gt;
      &lt;span class=sf-dump-str title="15563 characters"&gt;                        const errDiv = document.getElementById(&amp;#039;err-&amp;#039; + field);&lt;span class="sf-dump-default sf-dump-ns"&gt;\r\n&lt;/span&gt;&lt;/span&gt;
      &lt;span class=sf-dump-str title="15563 characters"&gt;                        const input  = document.getElementById(&amp;#039;pf-&amp;#039; + field)&lt;span class="sf-dump-default sf-dump-ns"&gt;\r\n&lt;/span&gt;&lt;/span&gt;
      &lt;span class=sf-dump-str title="15563 characters"&gt;                                    || form.querySelector(&amp;#039;[name=&amp;quot;&amp;#039; + field + &amp;#039;&amp;quot;]&amp;#039;);&lt;span class="sf-dump-default sf-dump-ns"&gt;\r\n&lt;/span&gt;&lt;/span&gt;
      &lt;span class=sf-dump-str title="15563 characters"&gt;                        if (errDiv) { errDiv.textContent = msg; hasFieldError = true; }&lt;span class="sf-dump-default sf-dump-ns"&gt;\r\n&lt;/span&gt;&lt;/span&gt;
      &lt;span class=sf-dump-str title="15563 characters"&gt;                        if (input)  { input.classList.add(&amp;#039;pf-input-error&amp;#039;); }&lt;span class="sf-dump-default sf-dump-ns"&gt;\r\n&lt;/span&gt;&lt;/span&gt;
      &lt;span class=sf-dump-str title="15563 characters"&gt;                    });&lt;span class="sf-dump-default sf-dump-ns"&gt;\r\n&lt;/span&gt;&lt;/span&gt;
      &lt;span class=sf-dump-str title="15563 characters"&gt;                }&lt;span class="sf-dump-default sf-dump-ns"&gt;\r\n&lt;/span&gt;&lt;/span&gt;
      &lt;span class=sf-dump-str title="15563 characters"&gt;&lt;span class="sf-dump-default sf-dump-ns"&gt;\r\n&lt;/span&gt;&lt;/span&gt;
      &lt;span class=sf-dump-str title="15563 characters"&gt;                if (!hasFieldError) {&lt;span class="sf-dump-default sf-dump-ns"&gt;\r\n&lt;/span&gt;&lt;/span&gt;
      &lt;span class=sf-dump-str title="15563 characters"&gt;                    // Fallback: show as list&lt;span class="sf-dump-default sf-dump-ns"&gt;\r\n&lt;/span&gt;&lt;/span&gt;
      &lt;span class=sf-dump-str title="15563 characters"&gt;                    const msgs = Array.isArray(errs) ? errs : Object.values(errs);&lt;span class="sf-dump-default sf-dump-ns"&gt;\r\n&lt;/span&gt;&lt;/span&gt;
      &lt;span class=sf-dump-str title="15563 characters"&gt;                    document.getElementById(&amp;#039;profileErrorsList&amp;#039;).textContent = msgs.join(&amp;#039; | &amp;#039;) || &amp;#039;Erreur inconnue.&amp;#039;;&lt;span class="sf-dump-default sf-dump-ns"&gt;\r\n&lt;/span&gt;&lt;/span&gt;
      &lt;span class=sf-dump-str title="15563 characters"&gt;                    globalErrors.style.display = &amp;#039;block&amp;#039;;&lt;span class="sf-dump-default sf-dump-ns"&gt;\r\n&lt;/span&gt;&lt;/span&gt;
      &lt;span class=sf-dump-str title="15563 characters"&gt;                }&lt;span class="sf-dump-default sf-dump-ns"&gt;\r\n&lt;/span&gt;&lt;/span&gt;
      &lt;span class=sf-dump-str title="15563 characters"&gt;&lt;span class="sf-dump-default sf-dump-ns"&gt;\r\n&lt;/span&gt;&lt;/span&gt;
      &lt;span class=sf-dump-str title="15563 characters"&gt;                // Scroll to top of body to reveal errors&lt;span class="sf-dump-default sf-dump-ns"&gt;\r\n&lt;/span&gt;&lt;/span&gt;
      &lt;span class=sf-dump-str title="15563 characters"&gt;                document.querySelector(&amp;#039;#profileModal .profile-modal-body&amp;#039;).scrollTop = 0;&lt;span class="sf-dump-default sf-dump-ns"&gt;\r\n&lt;/span&gt;&lt;/span&gt;
      &lt;span class=sf-dump-str title="15563 characters"&gt;            })&lt;span class="sf-dump-default sf-dump-ns"&gt;\r\n&lt;/span&gt;&lt;/span&gt;
      &lt;span class=sf-dump-str title="15563 characters"&gt;            .catch(err =&amp;gt; {&lt;span class="sf-dump-default sf-dump-ns"&gt;\r\n&lt;/span&gt;&lt;/span&gt;
      &lt;span class=sf-dump-str title="15563 characters"&gt;                if (err === &amp;#039;logout&amp;#039;) return;&lt;span class="sf-dump-default sf-dump-ns"&gt;\r\n&lt;/span&gt;&lt;/span&gt;
      &lt;span class=sf-dump-str title="15563 characters"&gt;                submitBtn.innerHTML = original;&lt;span class="sf-dump-default sf-dump-ns"&gt;\r\n&lt;/span&gt;&lt;/span&gt;
      &lt;span class=sf-dump-str title="15563 characters"&gt;                submitBtn.disabled  = false;&lt;span class="sf-dump-default sf-dump-ns"&gt;\r\n&lt;/span&gt;&lt;/span&gt;
      &lt;span class=sf-dump-str title="15563 characters"&gt;                document.getElementById(&amp;#039;profileErrorsList&amp;#039;).textContent = &amp;#039;Erreur r&amp;#233;seau de communication avec le serveur.&amp;#039;;&lt;span class="sf-dump-default sf-dump-ns"&gt;\r\n&lt;/span&gt;&lt;/span&gt;
      &lt;span class=sf-dump-str title="15563 characters"&gt;                document.getElementById(&amp;#039;profileErrors&amp;#039;).style.display = &amp;#039;block&amp;#039;;&lt;span class="sf-dump-default sf-dump-ns"&gt;\r\n&lt;/span&gt;&lt;/span&gt;
      &lt;span class=sf-dump-str title="15563 characters"&gt;            });&lt;span class="sf-dump-default sf-dump-ns"&gt;\r\n&lt;/span&gt;&lt;/span&gt;
      &lt;span class=sf-dump-str title="15563 characters"&gt;        });&lt;span class="sf-dump-default sf-dump-ns"&gt;\r\n&lt;/span&gt;&lt;/span&gt;
      &lt;span class=sf-dump-str title="15563 characters"&gt;    });&lt;span class="sf-dump-default sf-dump-ns"&gt;\r\n&lt;/span&gt;&lt;/span&gt;
      &lt;span class=sf-dump-str title="15563 characters"&gt;&amp;lt;/script&amp;gt;&lt;span class="sf-dump-default sf-dump-ns"&gt;\r\n&lt;/span&gt;&lt;/span&gt;
      &lt;span class=sf-dump-str title="15563 characters"&gt;&lt;span class="sf-dump-default sf-dump-ns"&gt;\r\n&lt;/span&gt;&lt;/span&gt;
      &lt;span class=sf-dump-str title="15563 characters"&gt;&amp;lt;!-- Face registration modal --&amp;gt;&lt;span class="sf-dump-default sf-dump-ns"&gt;\r\n&lt;/span&gt;&lt;/span&gt;
      &lt;span class=sf-dump-str title="15563 characters"&gt;{% include &amp;#039;components/_face_registration_modal.html.twig&amp;#039; %}&lt;span class="sf-dump-default sf-dump-ns"&gt;\r\n&lt;/span&gt;&lt;/span&gt;
      """
    -&lt;span class=sf-dump-private title="Private property defined in class:&amp;#10;`Twig\Source`"&gt;name&lt;/span&gt;: "&lt;span class=sf-dump-str title="35 characters"&gt;components/_profile_modal.html.twig&lt;/span&gt;"
    -&lt;span class=sf-dump-private title="Private property defined in class:&amp;#10;`Twig\Source`"&gt;path&lt;/span&gt;: "&lt;span class=sf-dump-str title="102 characters"&gt;C:\Users\sliti\Desktop\dev\esprit-PIDEV-3A16-2526-FARMIA\templates\components\_profile_modal.html.twig&lt;/span&gt;"
  &lt;/samp&gt;}
  -&lt;span class=sf-dump-private title="Private property defined in class:&amp;#10;`Twig\Error\Error`"&gt;phpFile&lt;/span&gt;: "&lt;span class=sf-dump-str title="105 characters"&gt;C:\Users\sliti\Desktop\dev\esprit-PIDEV-3A16-2526-FARMIA\vendor\twig\twig\src\Extension\CoreExtension.php&lt;/span&gt;"
  -&lt;span class=sf-dump-private title="Private property defined in class:&amp;#10;`Twig\Error\Error`"&gt;phpLine&lt;/span&gt;: &lt;span class=sf-dump-num&gt;1749&lt;/span&gt;
&lt;/samp&gt;}
&lt;/pre&gt;&lt;script&gt;Sfdump("sf-dump-2034338700")&lt;/script&gt;
                    &lt;/div&gt;
                &lt;/details&gt;
                    &lt;/div&gt;

        &lt;div id="trace-html-1" class="sf-toggle-content"&gt;
                    &lt;div class="trace-line "&gt;
                &lt;div class="trace-line-header break-long-words sf-toggle" data-toggle-selector="#trace-html-1-0" data-toggle-initial="display"&gt;
            &lt;span class="icon icon-close"&gt;&lt;svg width="1792" height="1792" viewBox="0 0 1792 1792" xmlns="http://www.w3.org/2000/svg"&gt;&lt;path d="M1408 960V832q0-26-19-45t-45-19H448q-26 0-45 19t-19 45v128q0 26 19 45t45 19h896q26 0 45-19t19-45zm256-544v960q0 119-84.5 203.5T1376 1664H416q-119 0-203.5-84.5T128 1376V416q0-119 84.5-203.5T416 128h960q119 0 203.5 84.5T1664 416z"/&gt;&lt;/svg&gt;&lt;/span&gt;
        &lt;span class="icon icon-open"&gt;&lt;svg width="1792" height="1792" viewBox="0 0 1792 1792" xmlns="http://www.w3.org/2000/svg"&gt;&lt;path d="M1408 960V832q0-26-19-45t-45-19h-320V448q0-26-19-45t-45-19H832q-26 0-45 19t-19 45v320H448q-26 0-45 19t-19 45v128q0 26 19 45t45 19h320v320q0 26 19 45t45 19h128q26 0 45-19t19-45v-320h320q26 0 45-19t19-45zm256-544v960q0 119-84.5 203.5T1376 1664H416q-119 0-203.5-84.5T128 1376V416q0-119 84.5-203.5T416 128h960q119 0 203.5 84.5T1664 416z"/&gt;&lt;/svg&gt;&lt;/span&gt;
    
    
                    &lt;span class="block trace-file-path"&gt;
            in
            &lt;a href="file://C:\Users\sliti\Desktop\dev\esprit-PIDEV-3A16-2526-FARMIA\templates\components\_profile_modal.html.twig#L53"&gt;
                C:\Users\sliti\Desktop\dev\esprit-PIDEV-3A16-2526-FARMIA\templates\components\&lt;strong&gt;_profile_modal.html.twig&lt;/strong&gt;
            &lt;/a&gt;
                        (line 53)
            &lt;span class="icon icon-copy hidden" data-clipboard-text="C:\Users\sliti\Desktop\dev\esprit-PIDEV-3A16-2526-FARMIA\templates\components\_profile_modal.html.twig:53"&gt;
                &lt;svg xmlns="http://www.w3.org/2000/svg" height="24" viewBox="0 0 24 24" width="24"&gt;&lt;path d="M0 0h24v24H0z" fill="none"/&gt;&lt;path d="M16 1H4c-1.1 0-2 .9-2 2v14h2V3h12V1zm3 4H8c-1.1 0-2 .9-2 2v14c0 1.1.9 2 2 2h11c1.1 0 2-.9 2-2V7c0-1.1-.9-2-2-2zm0 16H8V7h11v14z"/&gt;&lt;/svg&gt;            &lt;/span&gt;
        &lt;/span&gt;
    &lt;/div&gt;
    &lt;div id="trace-html-1-0" class="trace-code sf-toggle-content"&gt;
        &lt;ol start="48"&gt;&lt;li&gt;&lt;code&gt;&amp;nbsp;&amp;nbsp;&amp;nbsp;&amp;nbsp;&amp;nbsp;&amp;nbsp;&amp;nbsp;&amp;nbsp;&amp;nbsp;&amp;nbsp;&amp;nbsp;&amp;nbsp;&amp;nbsp;&amp;nbsp;&amp;nbsp;&amp;nbsp;&amp;nbsp;&amp;nbsp;&amp;nbsp;&amp;nbsp;&amp;nbsp;&amp;nbsp;&amp;nbsp;&amp;nbsp;&amp;lt;span&amp;nbsp;id="profileErrorsList"&amp;gt;&amp;lt;/span&amp;gt;&lt;/code&gt;&lt;/li&gt;
&lt;li&gt;&lt;code&gt;&amp;nbsp;&amp;nbsp;&amp;nbsp;&amp;nbsp;&amp;nbsp;&amp;nbsp;&amp;nbsp;&amp;nbsp;&amp;nbsp;&amp;nbsp;&amp;nbsp;&amp;nbsp;&amp;nbsp;&amp;nbsp;&amp;nbsp;&amp;nbsp;&amp;nbsp;&amp;nbsp;&amp;nbsp;&amp;nbsp;&amp;lt;/div&amp;gt;&lt;/code&gt;&lt;/li&gt;
&lt;li&gt;&lt;code&gt;&lt;/code&gt;&lt;/li&gt;
&lt;li&gt;&lt;code&gt;&amp;nbsp;&amp;nbsp;&amp;nbsp;&amp;nbsp;&amp;nbsp;&amp;nbsp;&amp;nbsp;&amp;nbsp;&amp;nbsp;&amp;nbsp;&amp;nbsp;&amp;nbsp;&amp;nbsp;&amp;nbsp;&amp;nbsp;&amp;nbsp;&amp;nbsp;&amp;nbsp;&amp;nbsp;&amp;nbsp;&amp;lt;div&amp;nbsp;class="form-row"&amp;gt;&lt;/code&gt;&lt;/li&gt;
&lt;li&gt;&lt;code&gt;&amp;nbsp;&amp;nbsp;&amp;nbsp;&amp;nbsp;&amp;nbsp;&amp;nbsp;&amp;nbsp;&amp;nbsp;&amp;nbsp;&amp;nbsp;&amp;nbsp;&amp;nbsp;&amp;nbsp;&amp;nbsp;&amp;nbsp;&amp;nbsp;&amp;nbsp;&amp;nbsp;&amp;nbsp;&amp;nbsp;&amp;nbsp;&amp;nbsp;&amp;nbsp;&amp;nbsp;&amp;lt;label&amp;gt;Nom:&amp;lt;/label&amp;gt;&lt;/code&gt;&lt;/li&gt;
&lt;li class="selected"&gt;&lt;code&gt;&amp;nbsp;&amp;nbsp;&amp;nbsp;&amp;nbsp;&amp;nbsp;&amp;nbsp;&amp;nbsp;&amp;nbsp;&amp;nbsp;&amp;nbsp;&amp;nbsp;&amp;nbsp;&amp;nbsp;&amp;nbsp;&amp;nbsp;&amp;nbsp;&amp;nbsp;&amp;nbsp;&amp;nbsp;&amp;nbsp;&amp;nbsp;&amp;nbsp;&amp;nbsp;&amp;nbsp;&amp;lt;input&amp;nbsp;type="text"&amp;nbsp;name="nom"&amp;nbsp;id="pf-nom"&amp;nbsp;class="profile-input"&amp;nbsp;value="{{&amp;nbsp;app.user.nom&amp;nbsp;}}"&amp;gt;&lt;/code&gt;&lt;/li&gt;
&lt;li&gt;&lt;code&gt;&amp;nbsp;&amp;nbsp;&amp;nbsp;&amp;nbsp;&amp;nbsp;&amp;nbsp;&amp;nbsp;&amp;nbsp;&amp;nbsp;&amp;nbsp;&amp;nbsp;&amp;nbsp;&amp;nbsp;&amp;nbsp;&amp;nbsp;&amp;nbsp;&amp;nbsp;&amp;nbsp;&amp;nbsp;&amp;nbsp;&amp;nbsp;&amp;nbsp;&amp;nbsp;&amp;nbsp;&amp;lt;div&amp;nbsp;class="pf-field-error"&amp;nbsp;id="err-nom"&amp;gt;&amp;lt;/div&amp;gt;&lt;/code&gt;&lt;/li&gt;
&lt;li&gt;&lt;code&gt;&amp;nbsp;&amp;nbsp;&amp;nbsp;&amp;nbsp;&amp;nbsp;&amp;nbsp;&amp;nbsp;&amp;nbsp;&amp;nbsp;&amp;nbsp;&amp;nbsp;&amp;nbsp;&amp;nbsp;&amp;nbsp;&amp;nbsp;&amp;nbsp;&amp;nbsp;&amp;nbsp;&amp;nbsp;&amp;nbsp;&amp;lt;/div&amp;gt;&lt;/code&gt;&lt;/li&gt;
&lt;li&gt;&lt;code&gt;&amp;nbsp;&amp;nbsp;&amp;nbsp;&amp;nbsp;&amp;nbsp;&amp;nbsp;&amp;nbsp;&amp;nbsp;&amp;nbsp;&amp;nbsp;&amp;nbsp;&amp;nbsp;&amp;nbsp;&amp;nbsp;&amp;nbsp;&amp;nbsp;&amp;nbsp;&amp;nbsp;&amp;nbsp;&amp;nbsp;&lt;/code&gt;&lt;/li&gt;
&lt;li&gt;&lt;code&gt;&amp;nbsp;&amp;nbsp;&amp;nbsp;&amp;nbsp;&amp;nbsp;&amp;nbsp;&amp;nbsp;&amp;nbsp;&amp;nbsp;&amp;nbsp;&amp;nbsp;&amp;nbsp;&amp;nbsp;&amp;nbsp;&amp;nbsp;&amp;nbsp;&amp;nbsp;&amp;nbsp;&amp;nbsp;&amp;nbsp;&amp;lt;div&amp;nbsp;class="form-row"&amp;gt;&lt;/code&gt;&lt;/li&gt;
&lt;li&gt;&lt;code&gt;&amp;nbsp;&amp;nbsp;&amp;nbsp;&amp;nbsp;&amp;nbsp;&amp;nbsp;&amp;nbsp;&amp;nbsp;&amp;nbsp;&amp;nbsp;&amp;nbsp;&amp;nbsp;&amp;nbsp;&amp;nbsp;&amp;nbsp;&amp;nbsp;&amp;nbsp;&amp;nbsp;&amp;nbsp;&amp;nbsp;&amp;nbsp;&amp;nbsp;&amp;nbsp;&amp;nbsp;&amp;lt;label&amp;gt;Prénom:&amp;lt;/label&amp;gt;&lt;/code&gt;&lt;/li&gt;&lt;/ol&gt;    &lt;/div&gt;            &lt;/div&gt;
                        &lt;div class="trace-line "&gt;
                &lt;div class="trace-line-header break-long-words sf-toggle" data-toggle-selector="#trace-html-1-1" data-toggle-initial=""&gt;
            &lt;span class="icon icon-close"&gt;&lt;svg width="1792" height="1792" viewBox="0 0 1792 1792" xmlns="http://www.w3.org/2000/svg"&gt;&lt;path d="M1408 960V832q0-26-19-45t-45-19H448q-26 0-45 19t-19 45v128q0 26 19 45t45 19h896q26 0 45-19t19-45zm256-544v960q0 119-84.5 203.5T1376 1664H416q-119 0-203.5-84.5T128 1376V416q0-119 84.5-203.5T416 128h960q119 0 203.5 84.5T1664 416z"/&gt;&lt;/svg&gt;&lt;/span&gt;
        &lt;span class="icon icon-open"&gt;&lt;svg width="1792" height="1792" viewBox="0 0 1792 1792" xmlns="http://www.w3.org/2000/svg"&gt;&lt;path d="M1408 960V832q0-26-19-45t-45-19h-320V448q0-26-19-45t-45-19H832q-26 0-45 19t-19 45v320H448q-26 0-45 19t-19 45v128q0 26 19 45t45 19h320v320q0 26 19 45t45 19h128q26 0 45-19t19-45v-320h320q26 0 45-19t19-45zm256-544v960q0 119-84.5 203.5T1376 1664H416q-119 0-203.5-84.5T128 1376V416q0-119 84.5-203.5T416 128h960q119 0 203.5 84.5T1664 416z"/&gt;&lt;/svg&gt;&lt;/span&gt;
    
            &lt;span class="trace-class"&gt;&lt;abbr title="Twig\Extension\CoreExtension"&gt;CoreExtension&lt;/abbr&gt;&lt;/span&gt;&lt;span class="trace-type"&gt;::&lt;/span&gt;&lt;span class="trace-method"&gt;getAttribute&lt;/span&gt;&lt;span class="trace-arguments"&gt;(&lt;em&gt;object&lt;/em&gt;(&lt;abbr title="Twig\Environment"&gt;Environment&lt;/abbr&gt;), &lt;em&gt;object&lt;/em&gt;(&lt;abbr title="Twig\Source"&gt;Source&lt;/abbr&gt;), &lt;em&gt;null&lt;/em&gt;, 'nom', &lt;em&gt;array&lt;/em&gt;(), 'any', &lt;em&gt;false&lt;/em&gt;, &lt;em&gt;false&lt;/em&gt;, &lt;em&gt;false&lt;/em&gt;, 53)&lt;/span&gt;    
                    &lt;span class="block trace-file-path"&gt;
            in
            &lt;a href="file://C:\Users\sliti\Desktop\dev\esprit-PIDEV-3A16-2526-FARMIA\var\cache\test\twig\5d\5d07f95a04aea814789e466f36922b83.php#L118"&gt;
                C:\Users\sliti\Desktop\dev\esprit-PIDEV-3A16-2526-FARMIA\var\cache\test\twig\5d\&lt;strong&gt;5d07f95a04aea814789e466f36922b83.php&lt;/strong&gt;
            &lt;/a&gt;
                        (line 118)
            &lt;span class="icon icon-copy hidden" data-clipboard-text="C:\Users\sliti\Desktop\dev\esprit-PIDEV-3A16-2526-FARMIA\var\cache\test\twig\5d\5d07f95a04aea814789e466f36922b83.php:118"&gt;
                &lt;svg xmlns="http://www.w3.org/2000/svg" height="24" viewBox="0 0 24 24" width="24"&gt;&lt;path d="M0 0h24v24H0z" fill="none"/&gt;&lt;path d="M16 1H4c-1.1 0-2 .9-2 2v14h2V3h12V1zm3 4H8c-1.1 0-2 .9-2 2v14c0 1.1.9 2 2 2h11c1.1 0 2-.9 2-2V7c0-1.1-.9-2-2-2zm0 16H8V7h11v14z"/&gt;&lt;/svg&gt;            &lt;/span&gt;
        &lt;/span&gt;
    &lt;/div&gt;
    &lt;div id="trace-html-1-1" class="trace-code sf-toggle-content"&gt;
        &lt;ol start="113"&gt;&lt;li&gt;&lt;code&gt;&lt;span style="color: var(--highlight-string)"&gt;&lt;/span&gt;&lt;/code&gt;&lt;/li&gt;
&lt;li&gt;&lt;code&gt;&lt;span style="color: var(--highlight-string)"&gt;&amp;nbsp;&amp;nbsp;&amp;nbsp;&amp;nbsp;&amp;nbsp;&amp;nbsp;&amp;nbsp;&amp;nbsp;&amp;nbsp;&amp;nbsp;&amp;nbsp;&amp;nbsp;&amp;nbsp;&amp;nbsp;&amp;nbsp;&amp;nbsp;&amp;nbsp;&amp;nbsp;&amp;nbsp;&amp;nbsp;&amp;lt;div&amp;nbsp;class=\"form-row\"&amp;gt;&lt;/span&gt;&lt;/code&gt;&lt;/li&gt;
&lt;li&gt;&lt;code&gt;&lt;span style="color: var(--highlight-string)"&gt;&amp;nbsp;&amp;nbsp;&amp;nbsp;&amp;nbsp;&amp;nbsp;&amp;nbsp;&amp;nbsp;&amp;nbsp;&amp;nbsp;&amp;nbsp;&amp;nbsp;&amp;nbsp;&amp;nbsp;&amp;nbsp;&amp;nbsp;&amp;nbsp;&amp;nbsp;&amp;nbsp;&amp;nbsp;&amp;nbsp;&amp;nbsp;&amp;nbsp;&amp;nbsp;&amp;nbsp;&amp;lt;label&amp;gt;Nom:&amp;lt;/label&amp;gt;&lt;/span&gt;&lt;/code&gt;&lt;/li&gt;
&lt;li&gt;&lt;code&gt;&lt;span style="color: var(--highlight-string)"&gt;&amp;nbsp;&amp;nbsp;&amp;nbsp;&amp;nbsp;&amp;nbsp;&amp;nbsp;&amp;nbsp;&amp;nbsp;&amp;nbsp;&amp;nbsp;&amp;nbsp;&amp;nbsp;&amp;nbsp;&amp;nbsp;&amp;nbsp;&amp;nbsp;&amp;nbsp;&amp;nbsp;&amp;nbsp;&amp;nbsp;&amp;nbsp;&amp;nbsp;&amp;nbsp;&amp;nbsp;&amp;lt;input&amp;nbsp;type=\"text\"&amp;nbsp;name=\"nom\"&amp;nbsp;id=\"pf-nom\"&amp;nbsp;class=\"profile-input\"&amp;nbsp;value=\""&lt;/span&gt;&lt;span style="color: var(--highlight-keyword)"&gt;;&lt;/span&gt;&lt;/code&gt;&lt;/li&gt;
&lt;li&gt;&lt;code&gt;&lt;span style="color: var(--highlight-keyword)"&gt;&amp;nbsp;&amp;nbsp;&amp;nbsp;&amp;nbsp;&amp;nbsp;&amp;nbsp;&amp;nbsp;&amp;nbsp;&lt;/span&gt;&lt;span style="color: var(--highlight-comment)"&gt;//&amp;nbsp;line&amp;nbsp;53&lt;/span&gt;&lt;/code&gt;&lt;/li&gt;
&lt;li class="selected"&gt;&lt;code&gt;&lt;span style="color: var(--highlight-comment)"&gt;&amp;nbsp;&amp;nbsp;&amp;nbsp;&amp;nbsp;&amp;nbsp;&amp;nbsp;&amp;nbsp;&amp;nbsp;&lt;/span&gt;&lt;span style="color: var(--highlight-keyword)"&gt;yield&amp;nbsp;&lt;/span&gt;&lt;span style="color: var(--highlight-default)"&gt;$this&lt;/span&gt;&lt;span style="color: var(--highlight-keyword)"&gt;-&amp;gt;&lt;/span&gt;&lt;span style="color: var(--highlight-default)"&gt;env&lt;/span&gt;&lt;span style="color: var(--highlight-keyword)"&gt;-&amp;gt;&lt;/span&gt;&lt;span style="color: var(--highlight-default)"&gt;getRuntime&lt;/span&gt;&lt;span style="color: var(--highlight-keyword)"&gt;(&lt;/span&gt;&lt;span style="color: var(--highlight-string)"&gt;'Twig\Runtime\EscaperRuntime'&lt;/span&gt;&lt;span style="color: var(--highlight-keyword)"&gt;)-&amp;gt;&lt;/span&gt;&lt;span style="color: var(--highlight-default)"&gt;escape&lt;/span&gt;&lt;span style="color: var(--highlight-keyword)"&gt;(&lt;/span&gt;&lt;span style="color: var(--highlight-default)"&gt;CoreExtension&lt;/span&gt;&lt;span style="color: var(--highlight-keyword)"&gt;::&lt;/span&gt;&lt;span style="color: var(--highlight-default)"&gt;getAttribute&lt;/span&gt;&lt;span style="color: var(--highlight-keyword)"&gt;(&lt;/span&gt;&lt;span style="color: var(--highlight-default)"&gt;$this&lt;/span&gt;&lt;span style="color: var(--highlight-keyword)"&gt;-&amp;gt;&lt;/span&gt;&lt;span style="color: var(--highlight-default)"&gt;env&lt;/span&gt;&lt;span style="color: var(--highlight-keyword)"&gt;,&amp;nbsp;&lt;/span&gt;&lt;span style="color: var(--highlight-default)"&gt;$this&lt;/span&gt;&lt;span style="color: var(--highlight-keyword)"&gt;-&amp;gt;&lt;/span&gt;&lt;span style="color: var(--highlight-default)"&gt;source&lt;/span&gt;&lt;span style="color: var(--highlight-keyword)"&gt;,&amp;nbsp;&lt;/span&gt;&lt;span style="color: var(--highlight-default)"&gt;CoreExtension&lt;/span&gt;&lt;span style="color: var(--highlight-keyword)"&gt;::&lt;/span&gt;&lt;span style="color: var(--highlight-default)"&gt;getAttribute&lt;/span&gt;&lt;span style="color: var(--highlight-keyword)"&gt;(&lt;/span&gt;&lt;span style="color: var(--highlight-default)"&gt;$this&lt;/span&gt;&lt;span style="color: var(--highlight-keyword)"&gt;-&amp;gt;&lt;/span&gt;&lt;span style="color: var(--highlight-default)"&gt;env&lt;/span&gt;&lt;span style="color: var(--highlight-keyword)"&gt;,&amp;nbsp;&lt;/span&gt;&lt;span style="color: var(--highlight-default)"&gt;$this&lt;/span&gt;&lt;span style="color: var(--highlight-keyword)"&gt;-&amp;gt;&lt;/span&gt;&lt;span style="color: var(--highlight-default)"&gt;source&lt;/span&gt;&lt;span style="color: var(--highlight-keyword)"&gt;,&amp;nbsp;(isset(&lt;/span&gt;&lt;span style="color: var(--highlight-default)"&gt;$context&lt;/span&gt;&lt;span style="color: var(--highlight-keyword)"&gt;[&lt;/span&gt;&lt;span style="color: var(--highlight-string)"&gt;"app"&lt;/span&gt;&lt;span style="color: var(--highlight-keyword)"&gt;])&amp;nbsp;||&amp;nbsp;&lt;/span&gt;&lt;span style="color: var(--highlight-default)"&gt;array_key_exists&lt;/span&gt;&lt;span style="color: var(--highlight-keyword)"&gt;(&lt;/span&gt;&lt;span style="color: var(--highlight-string)"&gt;"app"&lt;/span&gt;&lt;span style="color: var(--highlight-keyword)"&gt;,&amp;nbsp;&lt;/span&gt;&lt;span style="color: var(--highlight-default)"&gt;$context&lt;/span&gt;&lt;span style="color: var(--highlight-keyword)"&gt;)&amp;nbsp;?&amp;nbsp;&lt;/span&gt;&lt;span style="color: var(--highlight-default)"&gt;$context&lt;/span&gt;&lt;span style="color: var(--highlight-keyword)"&gt;[&lt;/span&gt;&lt;span style="color: var(--highlight-string)"&gt;"app"&lt;/span&gt;&lt;span style="color: var(--highlight-keyword)"&gt;]&amp;nbsp;:&amp;nbsp;(function&amp;nbsp;()&amp;nbsp;{&amp;nbsp;throw&amp;nbsp;new&amp;nbsp;&lt;/span&gt;&lt;span style="color: var(--highlight-default)"&gt;RuntimeError&lt;/span&gt;&lt;span style="color: var(--highlight-keyword)"&gt;(&lt;/span&gt;&lt;span style="color: var(--highlight-string)"&gt;'Variable&amp;nbsp;"app"&amp;nbsp;does&amp;nbsp;not&amp;nbsp;exist.'&lt;/span&gt;&lt;span style="color: var(--highlight-keyword)"&gt;,&amp;nbsp;&lt;/span&gt;&lt;span style="color: var(--highlight-default)"&gt;53&lt;/span&gt;&lt;span style="color: var(--highlight-keyword)"&gt;,&amp;nbsp;&lt;/span&gt;&lt;span style="color: var(--highlight-default)"&gt;$this&lt;/span&gt;&lt;span style="color: var(--highlight-keyword)"&gt;-&amp;gt;&lt;/span&gt;&lt;span style="color: var(--highlight-default)"&gt;source&lt;/span&gt;&lt;span style="color: var(--highlight-keyword)"&gt;);&amp;nbsp;})()),&amp;nbsp;&lt;/span&gt;&lt;span style="color: var(--highlight-string)"&gt;"user"&lt;/span&gt;&lt;span style="color: var(--highlight-keyword)"&gt;,&amp;nbsp;[],&amp;nbsp;&lt;/span&gt;&lt;span style="color: var(--highlight-string)"&gt;"any"&lt;/span&gt;&lt;span style="color: var(--highlight-keyword)"&gt;,&amp;nbsp;&lt;/span&gt;&lt;span style="color: var(--highlight-default)"&gt;false&lt;/span&gt;&lt;span style="color: var(--highlight-keyword)"&gt;,&amp;nbsp;&lt;/span&gt;&lt;span style="color: var(--highlight-default)"&gt;false&lt;/span&gt;&lt;span style="color: var(--highlight-keyword)"&gt;,&amp;nbsp;&lt;/span&gt;&lt;span style="color: var(--highlight-default)"&gt;false&lt;/span&gt;&lt;span style="color: var(--highlight-keyword)"&gt;,&amp;nbsp;&lt;/span&gt;&lt;span style="color: var(--highlight-default)"&gt;53&lt;/span&gt;&lt;span style="color: var(--highlight-keyword)"&gt;),&amp;nbsp;&lt;/span&gt;&lt;span style="color: var(--highlight-string)"&gt;"nom"&lt;/span&gt;&lt;span style="color: var(--highlight-keyword)"&gt;,&amp;nbsp;[],&amp;nbsp;&lt;/span&gt;&lt;span style="color: var(--highlight-string)"&gt;"any"&lt;/span&gt;&lt;span style="color: var(--highlight-keyword)"&gt;,&amp;nbsp;&lt;/span&gt;&lt;span style="color: var(--highlight-default)"&gt;false&lt;/span&gt;&lt;span style="color: var(--highlight-keyword)"&gt;,&amp;nbsp;&lt;/span&gt;&lt;span style="color: var(--highlight-default)"&gt;false&lt;/span&gt;&lt;span style="color: var(--highlight-keyword)"&gt;,&amp;nbsp;&lt;/span&gt;&lt;span style="color: var(--highlight-default)"&gt;false&lt;/span&gt;&lt;span style="color: var(--highlight-keyword)"&gt;,&amp;nbsp;&lt;/span&gt;&lt;span style="color: var(--highlight-default)"&gt;53&lt;/span&gt;&lt;span style="color: var(--highlight-keyword)"&gt;),&amp;nbsp;&lt;/span&gt;&lt;span style="color: var(--highlight-string)"&gt;"html"&lt;/span&gt;&lt;span style="color: var(--highlight-keyword)"&gt;,&amp;nbsp;&lt;/span&gt;&lt;span style="color: var(--highlight-default)"&gt;null&lt;/span&gt;&lt;span style="color: var(--highlight-keyword)"&gt;,&amp;nbsp;&lt;/span&gt;&lt;span style="color: var(--highlight-default)"&gt;true&lt;/span&gt;&lt;span style="color: var(--highlight-keyword)"&gt;);&lt;/span&gt;&lt;/code&gt;&lt;/li&gt;
&lt;li&gt;&lt;code&gt;&lt;span style="color: var(--highlight-keyword)"&gt;&amp;nbsp;&amp;nbsp;&amp;nbsp;&amp;nbsp;&amp;nbsp;&amp;nbsp;&amp;nbsp;&amp;nbsp;yield&amp;nbsp;&lt;/span&gt;&lt;span style="color: var(--highlight-string)"&gt;"\"&amp;gt;&lt;/span&gt;&lt;/code&gt;&lt;/li&gt;
&lt;li&gt;&lt;code&gt;&lt;span style="color: var(--highlight-string)"&gt;&amp;nbsp;&amp;nbsp;&amp;nbsp;&amp;nbsp;&amp;nbsp;&amp;nbsp;&amp;nbsp;&amp;nbsp;&amp;nbsp;&amp;nbsp;&amp;nbsp;&amp;nbsp;&amp;nbsp;&amp;nbsp;&amp;nbsp;&amp;nbsp;&amp;nbsp;&amp;nbsp;&amp;nbsp;&amp;nbsp;&amp;nbsp;&amp;nbsp;&amp;nbsp;&amp;nbsp;&amp;lt;div&amp;nbsp;class=\"pf-field-error\"&amp;nbsp;id=\"err-nom\"&amp;gt;&amp;lt;/div&amp;gt;&lt;/span&gt;&lt;/code&gt;&lt;/li&gt;
&lt;li&gt;&lt;code&gt;&lt;span style="color: var(--highlight-string)"&gt;&amp;nbsp;&amp;nbsp;&amp;nbsp;&amp;nbsp;&amp;nbsp;&amp;nbsp;&amp;nbsp;&amp;nbsp;&amp;nbsp;&amp;nbsp;&amp;nbsp;&amp;nbsp;&amp;nbsp;&amp;nbsp;&amp;nbsp;&amp;nbsp;&amp;nbsp;&amp;nbsp;&amp;nbsp;&amp;nbsp;&amp;lt;/div&amp;gt;&lt;/span&gt;&lt;/code&gt;&lt;/li&gt;
&lt;li&gt;&lt;code&gt;&lt;span style="color: var(--highlight-string)"&gt;&amp;nbsp;&amp;nbsp;&amp;nbsp;&amp;nbsp;&amp;nbsp;&amp;nbsp;&amp;nbsp;&amp;nbsp;&amp;nbsp;&amp;nbsp;&amp;nbsp;&amp;nbsp;&amp;nbsp;&amp;nbsp;&amp;nbsp;&amp;nbsp;&amp;nbsp;&amp;nbsp;&amp;nbsp;&amp;nbsp;&lt;/span&gt;&lt;/code&gt;&lt;/li&gt;
&lt;li&gt;&lt;code&gt;&lt;span style="color: var(--highlight-string)"&gt;&amp;nbsp;&amp;nbsp;&amp;nbsp;&amp;nbsp;&amp;nbsp;&amp;nbsp;&amp;nbsp;&amp;nbsp;&amp;nbsp;&amp;nbsp;&amp;nbsp;&amp;nbsp;&amp;nbsp;&amp;nbsp;&amp;nbsp;&amp;nbsp;&amp;nbsp;&amp;nbsp;&amp;nbsp;&amp;nbsp;&amp;lt;div&amp;nbsp;class=\"form-row\"&amp;gt;&lt;/span&gt;&lt;/code&gt;&lt;/li&gt;&lt;/ol&gt;    &lt;/div&gt;            &lt;/div&gt;
                        &lt;div class="trace-line "&gt;
                &lt;div class="trace-line-header break-long-words sf-toggle" data-toggle-selector="#trace-html-1-2" data-toggle-initial=""&gt;
            &lt;span class="icon icon-close"&gt;&lt;svg width="1792" height="1792" viewBox="0 0 1792 1792" xmlns="http://www.w3.org/2000/svg"&gt;&lt;path d="M1408 960V832q0-26-19-45t-45-19H448q-26 0-45 19t-19 45v128q0 26 19 45t45 19h896q26 0 45-19t19-45zm256-544v960q0 119-84.5 203.5T1376 1664H416q-119 0-203.5-84.5T128 1376V416q0-119 84.5-203.5T416 128h960q119 0 203.5 84.5T1664 416z"/&gt;&lt;/svg&gt;&lt;/span&gt;
        &lt;span class="icon icon-open"&gt;&lt;svg width="1792" height="1792" viewBox="0 0 1792 1792" xmlns="http://www.w3.org/2000/svg"&gt;&lt;path d="M1408 960V832q0-26-19-45t-45-19h-320V448q0-26-19-45t-45-19H832q-26 0-45 19t-19 45v320H448q-26 0-45 19t-19 45v128q0 26 19 45t45 19h320v320q0 26 19 45t45 19h128q26 0 45-19t19-45v-320h320q26 0 45-19t19-45zm256-544v960q0 119-84.5 203.5T1376 1664H416q-119 0-203.5-84.5T128 1376V416q0-119 84.5-203.5T416 128h960q119 0 203.5 84.5T1664 416z"/&gt;&lt;/svg&gt;&lt;/span&gt;
    
            &lt;span class="trace-class"&gt;&lt;abbr title="__TwigTemplate_14b0366358f04021c4c491b76bd18364"&gt;__TwigTemplate_14b0366358f04021c4c491b76bd18364&lt;/abbr&gt;&lt;/span&gt;&lt;span class="trace-type"&gt;-&gt;&lt;/span&gt;&lt;span class="trace-method"&gt;doDisplay&lt;/span&gt;&lt;span class="trace-arguments"&gt;(&lt;em&gt;array&lt;/em&gt;('fermes' =&gt; &lt;em&gt;array&lt;/em&gt;(), 'searchTerm' =&gt; '', 'currentSort' =&gt; 'idFerme', 'currentDirection' =&gt; 'ASC', 'errors' =&gt; &lt;em&gt;array&lt;/em&gt;(), 'ferme_edit' =&gt; &lt;em&gt;null&lt;/em&gt;, 'app' =&gt; &lt;em&gt;object&lt;/em&gt;(&lt;abbr title="Symfony\Bridge\Twig\AppVariable"&gt;AppVariable&lt;/abbr&gt;), 'current_route' =&gt; 'app_ferme_index'), &lt;em&gt;array&lt;/em&gt;())&lt;/span&gt;    
                    &lt;span class="block trace-file-path"&gt;
            in
            &lt;a href="file://C:\Users\sliti\Desktop\dev\esprit-PIDEV-3A16-2526-FARMIA\vendor\twig\twig\src\Template.php#L402"&gt;
                C:\Users\sliti\Desktop\dev\esprit-PIDEV-3A16-2526-FARMIA\vendor\twig\twig\src\&lt;strong&gt;Template.php&lt;/strong&gt;
            &lt;/a&gt;
                        (line 402)
            &lt;span class="icon icon-copy hidden" data-clipboard-text="C:\Users\sliti\Desktop\dev\esprit-PIDEV-3A16-2526-FARMIA\vendor\twig\twig\src\Template.php:402"&gt;
                &lt;svg xmlns="http://www.w3.org/2000/svg" height="24" viewBox="0 0 24 24" width="24"&gt;&lt;path d="M0 0h24v24H0z" fill="none"/&gt;&lt;path d="M16 1H4c-1.1 0-2 .9-2 2v14h2V3h12V1zm3 4H8c-1.1 0-2 .9-2 2v14c0 1.1.9 2 2 2h11c1.1 0 2-.9 2-2V7c0-1.1-.9-2-2-2zm0 16H8V7h11v14z"/&gt;&lt;/svg&gt;            &lt;/span&gt;
        &lt;/span&gt;
    &lt;/div&gt;
    &lt;div id="trace-html-1-2" class="trace-code sf-toggle-content"&gt;
        &lt;ol start="397"&gt;&lt;li&gt;&lt;code&gt;&lt;span style="color: var(--highlight-default)"&gt;&amp;nbsp;&amp;nbsp;&amp;nbsp;&amp;nbsp;&lt;/span&gt;&lt;span style="color: var(--highlight-keyword)"&gt;{&lt;/span&gt;&lt;/code&gt;&lt;/li&gt;
&lt;li&gt;&lt;code&gt;&lt;span style="color: var(--highlight-keyword)"&gt;&amp;nbsp;&amp;nbsp;&amp;nbsp;&amp;nbsp;&amp;nbsp;&amp;nbsp;&amp;nbsp;&amp;nbsp;&lt;/span&gt;&lt;span style="color: var(--highlight-default)"&gt;$context&amp;nbsp;&lt;/span&gt;&lt;span style="color: var(--highlight-keyword)"&gt;+=&amp;nbsp;&lt;/span&gt;&lt;span style="color: var(--highlight-default)"&gt;$this&lt;/span&gt;&lt;span style="color: var(--highlight-keyword)"&gt;-&amp;gt;&lt;/span&gt;&lt;span style="color: var(--highlight-default)"&gt;env&lt;/span&gt;&lt;span style="color: var(--highlight-keyword)"&gt;-&amp;gt;&lt;/span&gt;&lt;span style="color: var(--highlight-default)"&gt;getGlobals&lt;/span&gt;&lt;span style="color: var(--highlight-keyword)"&gt;();&lt;/span&gt;&lt;/code&gt;&lt;/li&gt;
&lt;li&gt;&lt;code&gt;&lt;span style="color: var(--highlight-keyword)"&gt;&amp;nbsp;&amp;nbsp;&amp;nbsp;&amp;nbsp;&amp;nbsp;&amp;nbsp;&amp;nbsp;&amp;nbsp;&lt;/span&gt;&lt;span style="color: var(--highlight-default)"&gt;$blocks&amp;nbsp;&lt;/span&gt;&lt;span style="color: var(--highlight-keyword)"&gt;=&amp;nbsp;&lt;/span&gt;&lt;span style="color: var(--highlight-default)"&gt;array_merge&lt;/span&gt;&lt;span style="color: var(--highlight-keyword)"&gt;(&lt;/span&gt;&lt;span style="color: var(--highlight-default)"&gt;$this&lt;/span&gt;&lt;span style="color: var(--highlight-keyword)"&gt;-&amp;gt;&lt;/span&gt;&lt;span style="color: var(--highlight-default)"&gt;blocks&lt;/span&gt;&lt;span style="color: var(--highlight-keyword)"&gt;,&amp;nbsp;&lt;/span&gt;&lt;span style="color: var(--highlight-default)"&gt;$blocks&lt;/span&gt;&lt;span style="color: var(--highlight-keyword)"&gt;);&lt;/span&gt;&lt;/code&gt;&lt;/li&gt;
&lt;li&gt;&lt;code&gt;&lt;span style="color: var(--highlight-keyword)"&gt;&lt;/span&gt;&lt;/code&gt;&lt;/li&gt;
&lt;li&gt;&lt;code&gt;&lt;span style="color: var(--highlight-keyword)"&gt;&amp;nbsp;&amp;nbsp;&amp;nbsp;&amp;nbsp;&amp;nbsp;&amp;nbsp;&amp;nbsp;&amp;nbsp;try&amp;nbsp;{&lt;/span&gt;&lt;/code&gt;&lt;/li&gt;
&lt;li class="selected"&gt;&lt;code&gt;&lt;span style="color: var(--highlight-keyword)"&gt;&amp;nbsp;&amp;nbsp;&amp;nbsp;&amp;nbsp;&amp;nbsp;&amp;nbsp;&amp;nbsp;&amp;nbsp;&amp;nbsp;&amp;nbsp;&amp;nbsp;&amp;nbsp;yield&amp;nbsp;from&amp;nbsp;&lt;/span&gt;&lt;span style="color: var(--highlight-default)"&gt;$this&lt;/span&gt;&lt;span style="color: var(--highlight-keyword)"&gt;-&amp;gt;&lt;/span&gt;&lt;span style="color: var(--highlight-default)"&gt;doDisplay&lt;/span&gt;&lt;span style="color: var(--highlight-keyword)"&gt;(&lt;/span&gt;&lt;span style="color: var(--highlight-default)"&gt;$context&lt;/span&gt;&lt;span style="color: var(--highlight-keyword)"&gt;,&amp;nbsp;&lt;/span&gt;&lt;span style="color: var(--highlight-default)"&gt;$blocks&lt;/span&gt;&lt;span style="color: var(--highlight-keyword)"&gt;);&lt;/span&gt;&lt;/code&gt;&lt;/li&gt;
&lt;li&gt;&lt;code&gt;&lt;span style="color: var(--highlight-keyword)"&gt;&amp;nbsp;&amp;nbsp;&amp;nbsp;&amp;nbsp;&amp;nbsp;&amp;nbsp;&amp;nbsp;&amp;nbsp;}&amp;nbsp;catch&amp;nbsp;(&lt;/span&gt;&lt;span style="color: var(--highlight-default)"&gt;Error&amp;nbsp;$e&lt;/span&gt;&lt;span style="color: var(--highlight-keyword)"&gt;)&amp;nbsp;{&lt;/span&gt;&lt;/code&gt;&lt;/li&gt;
&lt;li&gt;&lt;code&gt;&lt;span style="color: var(--highlight-keyword)"&gt;&amp;nbsp;&amp;nbsp;&amp;nbsp;&amp;nbsp;&amp;nbsp;&amp;nbsp;&amp;nbsp;&amp;nbsp;&amp;nbsp;&amp;nbsp;&amp;nbsp;&amp;nbsp;if&amp;nbsp;(!&lt;/span&gt;&lt;span style="color: var(--highlight-default)"&gt;$e&lt;/span&gt;&lt;span style="color: var(--highlight-keyword)"&gt;-&amp;gt;&lt;/span&gt;&lt;span style="color: var(--highlight-default)"&gt;getSourceContext&lt;/span&gt;&lt;span style="color: var(--highlight-keyword)"&gt;())&amp;nbsp;{&lt;/span&gt;&lt;/code&gt;&lt;/li&gt;
&lt;li&gt;&lt;code&gt;&lt;span style="color: var(--highlight-keyword)"&gt;&amp;nbsp;&amp;nbsp;&amp;nbsp;&amp;nbsp;&amp;nbsp;&amp;nbsp;&amp;nbsp;&amp;nbsp;&amp;nbsp;&amp;nbsp;&amp;nbsp;&amp;nbsp;&amp;nbsp;&amp;nbsp;&amp;nbsp;&amp;nbsp;&lt;/span&gt;&lt;span style="color: var(--highlight-default)"&gt;$e&lt;/span&gt;&lt;span style="color: var(--highlight-keyword)"&gt;-&amp;gt;&lt;/span&gt;&lt;span style="color: var(--highlight-default)"&gt;setSourceContext&lt;/span&gt;&lt;span style="color: var(--highlight-keyword)"&gt;(&lt;/span&gt;&lt;span style="color: var(--highlight-default)"&gt;$this&lt;/span&gt;&lt;span style="color: var(--highlight-keyword)"&gt;-&amp;gt;&lt;/span&gt;&lt;span style="color: var(--highlight-default)"&gt;getSourceContext&lt;/span&gt;&lt;span style="color: var(--highlight-keyword)"&gt;());&lt;/span&gt;&lt;/code&gt;&lt;/li&gt;
&lt;li&gt;&lt;code&gt;&lt;span style="color: var(--highlight-keyword)"&gt;&amp;nbsp;&amp;nbsp;&amp;nbsp;&amp;nbsp;&amp;nbsp;&amp;nbsp;&amp;nbsp;&amp;nbsp;&amp;nbsp;&amp;nbsp;&amp;nbsp;&amp;nbsp;}&lt;/span&gt;&lt;/code&gt;&lt;/li&gt;
&lt;li&gt;&lt;code&gt;&lt;span style="color: var(--highlight-keyword)"&gt;&lt;/span&gt;&lt;/code&gt;&lt;/li&gt;&lt;/ol&gt;    &lt;/div&gt;            &lt;/div&gt;
                        &lt;div class="trace-line "&gt;
                &lt;div class="trace-line-header break-long-words sf-toggle" data-toggle-selector="#trace-html-1-3" data-toggle-initial=""&gt;
            &lt;span class="icon icon-close"&gt;&lt;svg width="1792" height="1792" viewBox="0 0 1792 1792" xmlns="http://www.w3.org/2000/svg"&gt;&lt;path d="M1408 960V832q0-26-19-45t-45-19H448q-26 0-45 19t-19 45v128q0 26 19 45t45 19h896q26 0 45-19t19-45zm256-544v960q0 119-84.5 203.5T1376 1664H416q-119 0-203.5-84.5T128 1376V416q0-119 84.5-203.5T416 128h960q119 0 203.5 84.5T1664 416z"/&gt;&lt;/svg&gt;&lt;/span&gt;
        &lt;span class="icon icon-open"&gt;&lt;svg width="1792" height="1792" viewBox="0 0 1792 1792" xmlns="http://www.w3.org/2000/svg"&gt;&lt;path d="M1408 960V832q0-26-19-45t-45-19h-320V448q0-26-19-45t-45-19H832q-26 0-45 19t-19 45v320H448q-26 0-45 19t-19 45v128q0 26 19 45t45 19h320v320q0 26 19 45t45 19h128q26 0 45-19t19-45v-320h320q26 0 45-19t19-45zm256-544v960q0 119-84.5 203.5T1376 1664H416q-119 0-203.5-84.5T128 1376V416q0-119 84.5-203.5T416 128h960q119 0 203.5 84.5T1664 416z"/&gt;&lt;/svg&gt;&lt;/span&gt;
    
            &lt;span class="trace-class"&gt;&lt;abbr title="Twig\Template"&gt;Template&lt;/abbr&gt;&lt;/span&gt;&lt;span class="trace-type"&gt;-&gt;&lt;/span&gt;&lt;span class="trace-method"&gt;yield&lt;/span&gt;&lt;span class="trace-arguments"&gt;(&lt;em&gt;array&lt;/em&gt;('fermes' =&gt; &lt;em&gt;array&lt;/em&gt;(), 'searchTerm' =&gt; '', 'currentSort' =&gt; 'idFerme', 'currentDirection' =&gt; 'ASC', 'errors' =&gt; &lt;em&gt;array&lt;/em&gt;(), 'ferme_edit' =&gt; &lt;em&gt;null&lt;/em&gt;, 'app' =&gt; &lt;em&gt;object&lt;/em&gt;(&lt;abbr title="Symfony\Bridge\Twig\AppVariable"&gt;AppVariable&lt;/abbr&gt;), 'current_route' =&gt; 'app_ferme_index'))&lt;/span&gt;    
                    &lt;span class="block trace-file-path"&gt;
            in
            &lt;a href="file://C:\Users\sliti\Desktop\dev\esprit-PIDEV-3A16-2526-FARMIA\var\cache\test\twig\17\170dfbc37d71379a1ea82aee9553d314.php#L234"&gt;
                C:\Users\sliti\Desktop\dev\esprit-PIDEV-3A16-2526-FARMIA\var\cache\test\twig\17\&lt;strong&gt;170dfbc37d71379a1ea82aee9553d314.php&lt;/strong&gt;
            &lt;/a&gt;
                        (line 234)
            &lt;span class="icon icon-copy hidden" data-clipboard-text="C:\Users\sliti\Desktop\dev\esprit-PIDEV-3A16-2526-FARMIA\var\cache\test\twig\17\170dfbc37d71379a1ea82aee9553d314.php:234"&gt;
                &lt;svg xmlns="http://www.w3.org/2000/svg" height="24" viewBox="0 0 24 24" width="24"&gt;&lt;path d="M0 0h24v24H0z" fill="none"/&gt;&lt;path d="M16 1H4c-1.1 0-2 .9-2 2v14h2V3h12V1zm3 4H8c-1.1 0-2 .9-2 2v14c0 1.1.9 2 2 2h11c1.1 0 2-.9 2-2V7c0-1.1-.9-2-2-2zm0 16H8V7h11v14z"/&gt;&lt;/svg&gt;            &lt;/span&gt;
        &lt;/span&gt;
    &lt;/div&gt;
    &lt;div id="trace-html-1-3" class="trace-code sf-toggle-content"&gt;
        &lt;ol start="229"&gt;&lt;li&gt;&lt;code&gt;&lt;span style="color: var(--highlight-string)"&gt;&amp;nbsp;&amp;nbsp;&amp;nbsp;&amp;nbsp;&amp;nbsp;&amp;nbsp;&amp;nbsp;&amp;nbsp;&amp;lt;div&amp;nbsp;id=\"google_translate_element\"&amp;gt;&amp;lt;/div&amp;gt;&lt;/span&gt;&lt;/code&gt;&lt;/li&gt;
&lt;li&gt;&lt;code&gt;&lt;span style="color: var(--highlight-string)"&gt;&amp;nbsp;&amp;nbsp;&amp;nbsp;&amp;nbsp;&amp;lt;/div&amp;gt;&lt;/span&gt;&lt;/code&gt;&lt;/li&gt;
&lt;li&gt;&lt;code&gt;&lt;span style="color: var(--highlight-string)"&gt;&lt;/span&gt;&lt;/code&gt;&lt;/li&gt;
&lt;li&gt;&lt;code&gt;&lt;span style="color: var(--highlight-string)"&gt;&amp;nbsp;&amp;nbsp;&amp;nbsp;&amp;nbsp;"&lt;/span&gt;&lt;span style="color: var(--highlight-keyword)"&gt;;&lt;/span&gt;&lt;/code&gt;&lt;/li&gt;
&lt;li&gt;&lt;code&gt;&lt;span style="color: var(--highlight-keyword)"&gt;&amp;nbsp;&amp;nbsp;&amp;nbsp;&amp;nbsp;&amp;nbsp;&amp;nbsp;&amp;nbsp;&amp;nbsp;&lt;/span&gt;&lt;span style="color: var(--highlight-comment)"&gt;//&amp;nbsp;line&amp;nbsp;135&lt;/span&gt;&lt;/code&gt;&lt;/li&gt;
&lt;li class="selected"&gt;&lt;code&gt;&lt;span style="color: var(--highlight-comment)"&gt;&amp;nbsp;&amp;nbsp;&amp;nbsp;&amp;nbsp;&amp;nbsp;&amp;nbsp;&amp;nbsp;&amp;nbsp;&lt;/span&gt;&lt;span style="color: var(--highlight-keyword)"&gt;yield&amp;nbsp;from&amp;nbsp;&lt;/span&gt;&lt;span style="color: var(--highlight-default)"&gt;$this&lt;/span&gt;&lt;span style="color: var(--highlight-keyword)"&gt;-&amp;gt;&lt;/span&gt;&lt;span style="color: var(--highlight-default)"&gt;load&lt;/span&gt;&lt;span style="color: var(--highlight-keyword)"&gt;(&lt;/span&gt;&lt;span style="color: var(--highlight-string)"&gt;"components/_profile_modal.html.twig"&lt;/span&gt;&lt;span style="color: var(--highlight-keyword)"&gt;,&amp;nbsp;&lt;/span&gt;&lt;span style="color: var(--highlight-default)"&gt;135&lt;/span&gt;&lt;span style="color: var(--highlight-keyword)"&gt;)-&amp;gt;&lt;/span&gt;&lt;span style="color: var(--highlight-default)"&gt;unwrap&lt;/span&gt;&lt;span style="color: var(--highlight-keyword)"&gt;()-&amp;gt;&lt;/span&gt;&lt;span style="color: var(--highlight-default)"&gt;yield&lt;/span&gt;&lt;span style="color: var(--highlight-keyword)"&gt;(&lt;/span&gt;&lt;span style="color: var(--highlight-default)"&gt;$context&lt;/span&gt;&lt;span style="color: var(--highlight-keyword)"&gt;);&lt;/span&gt;&lt;/code&gt;&lt;/li&gt;
&lt;li&gt;&lt;code&gt;&lt;span style="color: var(--highlight-keyword)"&gt;&amp;nbsp;&amp;nbsp;&amp;nbsp;&amp;nbsp;&amp;nbsp;&amp;nbsp;&amp;nbsp;&amp;nbsp;&lt;/span&gt;&lt;span style="color: var(--highlight-comment)"&gt;//&amp;nbsp;line&amp;nbsp;136&lt;/span&gt;&lt;/code&gt;&lt;/li&gt;
&lt;li&gt;&lt;code&gt;&lt;span style="color: var(--highlight-comment)"&gt;&amp;nbsp;&amp;nbsp;&amp;nbsp;&amp;nbsp;&amp;nbsp;&amp;nbsp;&amp;nbsp;&amp;nbsp;&lt;/span&gt;&lt;span style="color: var(--highlight-keyword)"&gt;yield&amp;nbsp;&lt;/span&gt;&lt;span style="color: var(--highlight-string)"&gt;"&amp;nbsp;&amp;nbsp;&amp;nbsp;&amp;nbsp;&lt;/span&gt;&lt;/code&gt;&lt;/li&gt;
&lt;li&gt;&lt;code&gt;&lt;span style="color: var(--highlight-string)"&gt;&amp;nbsp;&amp;nbsp;&amp;nbsp;&amp;nbsp;"&lt;/span&gt;&lt;span style="color: var(--highlight-keyword)"&gt;;&lt;/span&gt;&lt;/code&gt;&lt;/li&gt;
&lt;li&gt;&lt;code&gt;&lt;span style="color: var(--highlight-keyword)"&gt;&amp;nbsp;&amp;nbsp;&amp;nbsp;&amp;nbsp;&amp;nbsp;&amp;nbsp;&amp;nbsp;&amp;nbsp;&lt;/span&gt;&lt;span style="color: var(--highlight-comment)"&gt;//&amp;nbsp;line&amp;nbsp;137&lt;/span&gt;&lt;/code&gt;&lt;/li&gt;
&lt;li&gt;&lt;code&gt;&lt;span style="color: var(--highlight-comment)"&gt;&amp;nbsp;&amp;nbsp;&amp;nbsp;&amp;nbsp;&amp;nbsp;&amp;nbsp;&amp;nbsp;&amp;nbsp;&lt;/span&gt;&lt;span style="color: var(--highlight-keyword)"&gt;yield&amp;nbsp;from&amp;nbsp;&lt;/span&gt;&lt;span style="color: var(--highlight-default)"&gt;$this&lt;/span&gt;&lt;span style="color: var(--highlight-keyword)"&gt;-&amp;gt;&lt;/span&gt;&lt;span style="color: var(--highlight-default)"&gt;unwrap&lt;/span&gt;&lt;span style="color: var(--highlight-keyword)"&gt;()-&amp;gt;&lt;/span&gt;&lt;span style="color: var(--highlight-default)"&gt;yieldBlock&lt;/span&gt;&lt;span style="color: var(--highlight-keyword)"&gt;(&lt;/span&gt;&lt;span style="color: var(--highlight-string)"&gt;'javascripts'&lt;/span&gt;&lt;span style="color: var(--highlight-keyword)"&gt;,&amp;nbsp;&lt;/span&gt;&lt;span style="color: var(--highlight-default)"&gt;$context&lt;/span&gt;&lt;span style="color: var(--highlight-keyword)"&gt;,&amp;nbsp;&lt;/span&gt;&lt;span style="color: var(--highlight-default)"&gt;$blocks&lt;/span&gt;&lt;span style="color: var(--highlight-keyword)"&gt;);&lt;/span&gt;&lt;/code&gt;&lt;/li&gt;&lt;/ol&gt;    &lt;/div&gt;            &lt;/div&gt;
                        &lt;div class="trace-line "&gt;
                &lt;div class="trace-line-header break-long-words sf-toggle" data-toggle-selector="#trace-html-1-4" data-toggle-initial=""&gt;
            &lt;span class="icon icon-close"&gt;&lt;svg width="1792" height="1792" viewBox="0 0 1792 1792" xmlns="http://www.w3.org/2000/svg"&gt;&lt;path d="M1408 960V832q0-26-19-45t-45-19H448q-26 0-45 19t-19 45v128q0 26 19 45t45 19h896q26 0 45-19t19-45zm256-544v960q0 119-84.5 203.5T1376 1664H416q-119 0-203.5-84.5T128 1376V416q0-119 84.5-203.5T416 128h960q119 0 203.5 84.5T1664 416z"/&gt;&lt;/svg&gt;&lt;/span&gt;
        &lt;span class="icon icon-open"&gt;&lt;svg width="1792" height="1792" viewBox="0 0 1792 1792" xmlns="http://www.w3.org/2000/svg"&gt;&lt;path d="M1408 960V832q0-26-19-45t-45-19h-320V448q0-26-19-45t-45-19H832q-26 0-45 19t-19 45v320H448q-26 0-45 19t-19 45v128q0 26 19 45t45 19h320v320q0 26 19 45t45 19h128q26 0 45-19t19-45v-320h320q26 0 45-19t19-45zm256-544v960q0 119-84.5 203.5T1376 1664H416q-119 0-203.5-84.5T128 1376V416q0-119 84.5-203.5T416 128h960q119 0 203.5 84.5T1664 416z"/&gt;&lt;/svg&gt;&lt;/span&gt;
    
            &lt;span class="trace-class"&gt;&lt;abbr title="__TwigTemplate_ad2711c1e71abc2ab4f5914660d9d39a"&gt;__TwigTemplate_ad2711c1e71abc2ab4f5914660d9d39a&lt;/abbr&gt;&lt;/span&gt;&lt;span class="trace-type"&gt;-&gt;&lt;/span&gt;&lt;span class="trace-method"&gt;doDisplay&lt;/span&gt;&lt;span class="trace-arguments"&gt;(&lt;em&gt;array&lt;/em&gt;('fermes' =&gt; &lt;em&gt;array&lt;/em&gt;(), 'searchTerm' =&gt; '', 'currentSort' =&gt; 'idFerme', 'currentDirection' =&gt; 'ASC', 'errors' =&gt; &lt;em&gt;array&lt;/em&gt;(), 'ferme_edit' =&gt; &lt;em&gt;null&lt;/em&gt;, 'app' =&gt; &lt;em&gt;object&lt;/em&gt;(&lt;abbr title="Symfony\Bridge\Twig\AppVariable"&gt;AppVariable&lt;/abbr&gt;), 'current_route' =&gt; 'app_ferme_index'), &lt;em&gt;array&lt;/em&gt;('title' =&gt; &lt;em&gt;array&lt;/em&gt;(&lt;em&gt;object&lt;/em&gt;(&lt;abbr title="__TwigTemplate_95e3670c3b9e843df34ef1bc4233ab1b"&gt;__TwigTemplate_95e3670c3b9e843df34ef1bc4233ab1b&lt;/abbr&gt;), 'block_title'), 'stylesheets' =&gt; &lt;em&gt;array&lt;/em&gt;(&lt;em&gt;object&lt;/em&gt;(&lt;abbr title="__TwigTemplate_ad2711c1e71abc2ab4f5914660d9d39a"&gt;__TwigTemplate_ad2711c1e71abc2ab4f5914660d9d39a&lt;/abbr&gt;), 'block_stylesheets'), 'body' =&gt; &lt;em&gt;array&lt;/em&gt;(&lt;em&gt;object&lt;/em&gt;(&lt;abbr title="__TwigTemplate_95e3670c3b9e843df34ef1bc4233ab1b"&gt;__TwigTemplate_95e3670c3b9e843df34ef1bc4233ab1b&lt;/abbr&gt;), 'block_body'), 'javascripts' =&gt; &lt;em&gt;array&lt;/em&gt;(&lt;em&gt;object&lt;/em&gt;(&lt;abbr title="__TwigTemplate_ad2711c1e71abc2ab4f5914660d9d39a"&gt;__TwigTemplate_ad2711c1e71abc2ab4f5914660d9d39a&lt;/abbr&gt;), 'block_javascripts')))&lt;/span&gt;    
                    &lt;span class="block trace-file-path"&gt;
            in
            &lt;a href="file://C:\Users\sliti\Desktop\dev\esprit-PIDEV-3A16-2526-FARMIA\vendor\twig\twig\src\Template.php#L402"&gt;
                C:\Users\sliti\Desktop\dev\esprit-PIDEV-3A16-2526-FARMIA\vendor\twig\twig\src\&lt;strong&gt;Template.php&lt;/strong&gt;
            &lt;/a&gt;
                        (line 402)
            &lt;span class="icon icon-copy hidden" data-clipboard-text="C:\Users\sliti\Desktop\dev\esprit-PIDEV-3A16-2526-FARMIA\vendor\twig\twig\src\Template.php:402"&gt;
                &lt;svg xmlns="http://www.w3.org/2000/svg" height="24" viewBox="0 0 24 24" width="24"&gt;&lt;path d="M0 0h24v24H0z" fill="none"/&gt;&lt;path d="M16 1H4c-1.1 0-2 .9-2 2v14h2V3h12V1zm3 4H8c-1.1 0-2 .9-2 2v14c0 1.1.9 2 2 2h11c1.1 0 2-.9 2-2V7c0-1.1-.9-2-2-2zm0 16H8V7h11v14z"/&gt;&lt;/svg&gt;            &lt;/span&gt;
        &lt;/span&gt;
    &lt;/div&gt;
    &lt;div id="trace-html-1-4" class="trace-code sf-toggle-content"&gt;
        &lt;ol start="397"&gt;&lt;li&gt;&lt;code&gt;&lt;span style="color: var(--highlight-default)"&gt;&amp;nbsp;&amp;nbsp;&amp;nbsp;&amp;nbsp;&lt;/span&gt;&lt;span style="color: var(--highlight-keyword)"&gt;{&lt;/span&gt;&lt;/code&gt;&lt;/li&gt;
&lt;li&gt;&lt;code&gt;&lt;span style="color: var(--highlight-keyword)"&gt;&amp;nbsp;&amp;nbsp;&amp;nbsp;&amp;nbsp;&amp;nbsp;&amp;nbsp;&amp;nbsp;&amp;nbsp;&lt;/span&gt;&lt;span style="color: var(--highlight-default)"&gt;$context&amp;nbsp;&lt;/span&gt;&lt;span style="color: var(--highlight-keyword)"&gt;+=&amp;nbsp;&lt;/span&gt;&lt;span style="color: var(--highlight-default)"&gt;$this&lt;/span&gt;&lt;span style="color: var(--highlight-keyword)"&gt;-&amp;gt;&lt;/span&gt;&lt;span style="color: var(--highlight-default)"&gt;env&lt;/span&gt;&lt;span style="color: var(--highlight-keyword)"&gt;-&amp;gt;&lt;/span&gt;&lt;span style="color: var(--highlight-default)"&gt;getGlobals&lt;/span&gt;&lt;span style="color: var(--highlight-keyword)"&gt;();&lt;/span&gt;&lt;/code&gt;&lt;/li&gt;
&lt;li&gt;&lt;code&gt;&lt;span style="color: var(--highlight-keyword)"&gt;&amp;nbsp;&amp;nbsp;&amp;nbsp;&amp;nbsp;&amp;nbsp;&amp;nbsp;&amp;nbsp;&amp;nbsp;&lt;/span&gt;&lt;span style="color: var(--highlight-default)"&gt;$blocks&amp;nbsp;&lt;/span&gt;&lt;span style="color: var(--highlight-keyword)"&gt;=&amp;nbsp;&lt;/span&gt;&lt;span style="color: var(--highlight-default)"&gt;array_merge&lt;/span&gt;&lt;span style="color: var(--highlight-keyword)"&gt;(&lt;/span&gt;&lt;span style="color: var(--highlight-default)"&gt;$this&lt;/span&gt;&lt;span style="color: var(--highlight-keyword)"&gt;-&amp;gt;&lt;/span&gt;&lt;span style="color: var(--highlight-default)"&gt;blocks&lt;/span&gt;&lt;span style="color: var(--highlight-keyword)"&gt;,&amp;nbsp;&lt;/span&gt;&lt;span style="color: var(--highlight-default)"&gt;$blocks&lt;/span&gt;&lt;span style="color: var(--highlight-keyword)"&gt;);&lt;/span&gt;&lt;/code&gt;&lt;/li&gt;
&lt;li&gt;&lt;code&gt;&lt;span style="color: var(--highlight-keyword)"&gt;&lt;/span&gt;&lt;/code&gt;&lt;/li&gt;
&lt;li&gt;&lt;code&gt;&lt;span style="color: var(--highlight-keyword)"&gt;&amp;nbsp;&amp;nbsp;&amp;nbsp;&amp;nbsp;&amp;nbsp;&amp;nbsp;&amp;nbsp;&amp;nbsp;try&amp;nbsp;{&lt;/span&gt;&lt;/code&gt;&lt;/li&gt;
&lt;li class="selected"&gt;&lt;code&gt;&lt;span style="color: var(--highlight-keyword)"&gt;&amp;nbsp;&amp;nbsp;&amp;nbsp;&amp;nbsp;&amp;nbsp;&amp;nbsp;&amp;nbsp;&amp;nbsp;&amp;nbsp;&amp;nbsp;&amp;nbsp;&amp;nbsp;yield&amp;nbsp;from&amp;nbsp;&lt;/span&gt;&lt;span style="color: var(--highlight-default)"&gt;$this&lt;/span&gt;&lt;span style="color: var(--highlight-keyword)"&gt;-&amp;gt;&lt;/span&gt;&lt;span style="color: var(--highlight-default)"&gt;doDisplay&lt;/span&gt;&lt;span style="color: var(--highlight-keyword)"&gt;(&lt;/span&gt;&lt;span style="color: var(--highlight-default)"&gt;$context&lt;/span&gt;&lt;span style="color: var(--highlight-keyword)"&gt;,&amp;nbsp;&lt;/span&gt;&lt;span style="color: var(--highlight-default)"&gt;$blocks&lt;/span&gt;&lt;span style="color: var(--highlight-keyword)"&gt;);&lt;/span&gt;&lt;/code&gt;&lt;/li&gt;
&lt;li&gt;&lt;code&gt;&lt;span style="color: var(--highlight-keyword)"&gt;&amp;nbsp;&amp;nbsp;&amp;nbsp;&amp;nbsp;&amp;nbsp;&amp;nbsp;&amp;nbsp;&amp;nbsp;}&amp;nbsp;catch&amp;nbsp;(&lt;/span&gt;&lt;span style="color: var(--highlight-default)"&gt;Error&amp;nbsp;$e&lt;/span&gt;&lt;span style="color: var(--highlight-keyword)"&gt;)&amp;nbsp;{&lt;/span&gt;&lt;/code&gt;&lt;/li&gt;
&lt;li&gt;&lt;code&gt;&lt;span style="color: var(--highlight-keyword)"&gt;&amp;nbsp;&amp;nbsp;&amp;nbsp;&amp;nbsp;&amp;nbsp;&amp;nbsp;&amp;nbsp;&amp;nbsp;&amp;nbsp;&amp;nbsp;&amp;nbsp;&amp;nbsp;if&amp;nbsp;(!&lt;/span&gt;&lt;span style="color: var(--highlight-default)"&gt;$e&lt;/span&gt;&lt;span style="color: var(--highlight-keyword)"&gt;-&amp;gt;&lt;/span&gt;&lt;span style="color: var(--highlight-default)"&gt;getSourceContext&lt;/span&gt;&lt;span style="color: var(--highlight-keyword)"&gt;())&amp;nbsp;{&lt;/span&gt;&lt;/code&gt;&lt;/li&gt;
&lt;li&gt;&lt;code&gt;&lt;span style="color: var(--highlight-keyword)"&gt;&amp;nbsp;&amp;nbsp;&amp;nbsp;&amp;nbsp;&amp;nbsp;&amp;nbsp;&amp;nbsp;&amp;nbsp;&amp;nbsp;&amp;nbsp;&amp;nbsp;&amp;nbsp;&amp;nbsp;&amp;nbsp;&amp;nbsp;&amp;nbsp;&lt;/span&gt;&lt;span style="color: var(--highlight-default)"&gt;$e&lt;/span&gt;&lt;span style="color: var(--highlight-keyword)"&gt;-&amp;gt;&lt;/span&gt;&lt;span style="color: var(--highlight-default)"&gt;setSourceContext&lt;/span&gt;&lt;span style="color: var(--highlight-keyword)"&gt;(&lt;/span&gt;&lt;span style="color: var(--highlight-default)"&gt;$this&lt;/span&gt;&lt;span style="color: var(--highlight-keyword)"&gt;-&amp;gt;&lt;/span&gt;&lt;span style="color: var(--highlight-default)"&gt;getSourceContext&lt;/span&gt;&lt;span style="color: var(--highlight-keyword)"&gt;());&lt;/span&gt;&lt;/code&gt;&lt;/li&gt;
&lt;li&gt;&lt;code&gt;&lt;span style="color: var(--highlight-keyword)"&gt;&amp;nbsp;&amp;nbsp;&amp;nbsp;&amp;nbsp;&amp;nbsp;&amp;nbsp;&amp;nbsp;&amp;nbsp;&amp;nbsp;&amp;nbsp;&amp;nbsp;&amp;nbsp;}&lt;/span&gt;&lt;/code&gt;&lt;/li&gt;
&lt;li&gt;&lt;code&gt;&lt;span style="color: var(--highlight-keyword)"&gt;&lt;/span&gt;&lt;/code&gt;&lt;/li&gt;&lt;/ol&gt;    &lt;/div&gt;            &lt;/div&gt;
                        &lt;div class="trace-line "&gt;
                &lt;div class="trace-line-header break-long-words sf-toggle" data-toggle-selector="#trace-html-1-5" data-toggle-initial=""&gt;
            &lt;span class="icon icon-close"&gt;&lt;svg width="1792" height="1792" viewBox="0 0 1792 1792" xmlns="http://www.w3.org/2000/svg"&gt;&lt;path d="M1408 960V832q0-26-19-45t-45-19H448q-26 0-45 19t-19 45v128q0 26 19 45t45 19h896q26 0 45-19t19-45zm256-544v960q0 119-84.5 203.5T1376 1664H416q-119 0-203.5-84.5T128 1376V416q0-119 84.5-203.5T416 128h960q119 0 203.5 84.5T1664 416z"/&gt;&lt;/svg&gt;&lt;/span&gt;
        &lt;span class="icon icon-open"&gt;&lt;svg width="1792" height="1792" viewBox="0 0 1792 1792" xmlns="http://www.w3.org/2000/svg"&gt;&lt;path d="M1408 960V832q0-26-19-45t-45-19h-320V448q0-26-19-45t-45-19H832q-26 0-45 19t-19 45v320H448q-26 0-45 19t-19 45v128q0 26 19 45t45 19h320v320q0 26 19 45t45 19h128q26 0 45-19t19-45v-320h320q26 0 45-19t19-45zm256-544v960q0 119-84.5 203.5T1376 1664H416q-119 0-203.5-84.5T128 1376V416q0-119 84.5-203.5T416 128h960q119 0 203.5 84.5T1664 416z"/&gt;&lt;/svg&gt;&lt;/span&gt;
    
            &lt;span class="trace-class"&gt;&lt;abbr title="Twig\Template"&gt;Template&lt;/abbr&gt;&lt;/span&gt;&lt;span class="trace-type"&gt;-&gt;&lt;/span&gt;&lt;span class="trace-method"&gt;yield&lt;/span&gt;&lt;span class="trace-arguments"&gt;(&lt;em&gt;array&lt;/em&gt;('fermes' =&gt; &lt;em&gt;array&lt;/em&gt;(), 'searchTerm' =&gt; '', 'currentSort' =&gt; 'idFerme', 'currentDirection' =&gt; 'ASC', 'errors' =&gt; &lt;em&gt;array&lt;/em&gt;(), 'ferme_edit' =&gt; &lt;em&gt;null&lt;/em&gt;, 'app' =&gt; &lt;em&gt;object&lt;/em&gt;(&lt;abbr title="Symfony\Bridge\Twig\AppVariable"&gt;AppVariable&lt;/abbr&gt;)), &lt;em&gt;array&lt;/em&gt;('title' =&gt; &lt;em&gt;array&lt;/em&gt;(&lt;em&gt;object&lt;/em&gt;(&lt;abbr title="__TwigTemplate_95e3670c3b9e843df34ef1bc4233ab1b"&gt;__TwigTemplate_95e3670c3b9e843df34ef1bc4233ab1b&lt;/abbr&gt;), 'block_title'), 'stylesheets' =&gt; &lt;em&gt;array&lt;/em&gt;(&lt;em&gt;object&lt;/em&gt;(&lt;abbr title="__TwigTemplate_ad2711c1e71abc2ab4f5914660d9d39a"&gt;__TwigTemplate_ad2711c1e71abc2ab4f5914660d9d39a&lt;/abbr&gt;), 'block_stylesheets'), 'body' =&gt; &lt;em&gt;array&lt;/em&gt;(&lt;em&gt;object&lt;/em&gt;(&lt;abbr title="__TwigTemplate_95e3670c3b9e843df34ef1bc4233ab1b"&gt;__TwigTemplate_95e3670c3b9e843df34ef1bc4233ab1b&lt;/abbr&gt;), 'block_body'), 'javascripts' =&gt; &lt;em&gt;array&lt;/em&gt;(&lt;em&gt;object&lt;/em&gt;(&lt;abbr title="__TwigTemplate_ad2711c1e71abc2ab4f5914660d9d39a"&gt;__TwigTemplate_ad2711c1e71abc2ab4f5914660d9d39a&lt;/abbr&gt;), 'block_javascripts')))&lt;/span&gt;    
                    &lt;span class="block trace-file-path"&gt;
            in
            &lt;a href="file://C:\Users\sliti\Desktop\dev\esprit-PIDEV-3A16-2526-FARMIA\var\cache\test\twig\b8\b8543afc26401e4267d23016e66d8b86.php#L54"&gt;
                C:\Users\sliti\Desktop\dev\esprit-PIDEV-3A16-2526-FARMIA\var\cache\test\twig\b8\&lt;strong&gt;b8543afc26401e4267d23016e66d8b86.php&lt;/strong&gt;
            &lt;/a&gt;
                        (line 54)
            &lt;span class="icon icon-copy hidden" data-clipboard-text="C:\Users\sliti\Desktop\dev\esprit-PIDEV-3A16-2526-FARMIA\var\cache\test\twig\b8\b8543afc26401e4267d23016e66d8b86.php:54"&gt;
                &lt;svg xmlns="http://www.w3.org/2000/svg" height="24" viewBox="0 0 24 24" width="24"&gt;&lt;path d="M0 0h24v24H0z" fill="none"/&gt;&lt;path d="M16 1H4c-1.1 0-2 .9-2 2v14h2V3h12V1zm3 4H8c-1.1 0-2 .9-2 2v14c0 1.1.9 2 2 2h11c1.1 0 2-.9 2-2V7c0-1.1-.9-2-2-2zm0 16H8V7h11v14z"/&gt;&lt;/svg&gt;            &lt;/span&gt;
        &lt;/span&gt;
    &lt;/div&gt;
    &lt;div id="trace-html-1-5" class="trace-code sf-toggle-content"&gt;
        &lt;ol start="49"&gt;&lt;li&gt;&lt;code&gt;&lt;span style="color: var(--highlight-keyword)"&gt;&lt;/span&gt;&lt;/code&gt;&lt;/li&gt;
&lt;li&gt;&lt;code&gt;&lt;span style="color: var(--highlight-keyword)"&gt;&amp;nbsp;&amp;nbsp;&amp;nbsp;&amp;nbsp;&amp;nbsp;&amp;nbsp;&amp;nbsp;&amp;nbsp;&lt;/span&gt;&lt;span style="color: var(--highlight-default)"&gt;$__internal_6f47bbe9983af81f1e7450e9a3e3768f&amp;nbsp;&lt;/span&gt;&lt;span style="color: var(--highlight-keyword)"&gt;=&amp;nbsp;&lt;/span&gt;&lt;span style="color: var(--highlight-default)"&gt;$this&lt;/span&gt;&lt;span style="color: var(--highlight-keyword)"&gt;-&amp;gt;&lt;/span&gt;&lt;span style="color: var(--highlight-default)"&gt;extensions&lt;/span&gt;&lt;span style="color: var(--highlight-keyword)"&gt;[&lt;/span&gt;&lt;span style="color: var(--highlight-string)"&gt;"Symfony\\Bridge\\Twig\\Extension\\ProfilerExtension"&lt;/span&gt;&lt;span style="color: var(--highlight-keyword)"&gt;];&lt;/span&gt;&lt;/code&gt;&lt;/li&gt;
&lt;li&gt;&lt;code&gt;&lt;span style="color: var(--highlight-keyword)"&gt;&amp;nbsp;&amp;nbsp;&amp;nbsp;&amp;nbsp;&amp;nbsp;&amp;nbsp;&amp;nbsp;&amp;nbsp;&lt;/span&gt;&lt;span style="color: var(--highlight-default)"&gt;$__internal_6f47bbe9983af81f1e7450e9a3e3768f&lt;/span&gt;&lt;span style="color: var(--highlight-keyword)"&gt;-&amp;gt;&lt;/span&gt;&lt;span style="color: var(--highlight-default)"&gt;enter&lt;/span&gt;&lt;span style="color: var(--highlight-keyword)"&gt;(&lt;/span&gt;&lt;span style="color: var(--highlight-default)"&gt;$__internal_6f47bbe9983af81f1e7450e9a3e3768f_prof&amp;nbsp;&lt;/span&gt;&lt;span style="color: var(--highlight-keyword)"&gt;=&amp;nbsp;new&amp;nbsp;&lt;/span&gt;&lt;span style="color: var(--highlight-default)"&gt;\Twig\Profiler\Profile&lt;/span&gt;&lt;span style="color: var(--highlight-keyword)"&gt;(&lt;/span&gt;&lt;span style="color: var(--highlight-default)"&gt;$this&lt;/span&gt;&lt;span style="color: var(--highlight-keyword)"&gt;-&amp;gt;&lt;/span&gt;&lt;span style="color: var(--highlight-default)"&gt;getTemplateName&lt;/span&gt;&lt;span style="color: var(--highlight-keyword)"&gt;(),&amp;nbsp;&lt;/span&gt;&lt;span style="color: var(--highlight-string)"&gt;"template"&lt;/span&gt;&lt;span style="color: var(--highlight-keyword)"&gt;,&amp;nbsp;&lt;/span&gt;&lt;span style="color: var(--highlight-string)"&gt;"ferme/index.html.twig"&lt;/span&gt;&lt;span style="color: var(--highlight-keyword)"&gt;));&lt;/span&gt;&lt;/code&gt;&lt;/li&gt;
&lt;li&gt;&lt;code&gt;&lt;span style="color: var(--highlight-keyword)"&gt;&lt;/span&gt;&lt;/code&gt;&lt;/li&gt;
&lt;li&gt;&lt;code&gt;&lt;span style="color: var(--highlight-keyword)"&gt;&amp;nbsp;&amp;nbsp;&amp;nbsp;&amp;nbsp;&amp;nbsp;&amp;nbsp;&amp;nbsp;&amp;nbsp;&lt;/span&gt;&lt;span style="color: var(--highlight-default)"&gt;$this&lt;/span&gt;&lt;span style="color: var(--highlight-keyword)"&gt;-&amp;gt;&lt;/span&gt;&lt;span style="color: var(--highlight-default)"&gt;parent&amp;nbsp;&lt;/span&gt;&lt;span style="color: var(--highlight-keyword)"&gt;=&amp;nbsp;&lt;/span&gt;&lt;span style="color: var(--highlight-default)"&gt;$this&lt;/span&gt;&lt;span style="color: var(--highlight-keyword)"&gt;-&amp;gt;&lt;/span&gt;&lt;span style="color: var(--highlight-default)"&gt;load&lt;/span&gt;&lt;span style="color: var(--highlight-keyword)"&gt;(&lt;/span&gt;&lt;span style="color: var(--highlight-string)"&gt;"layouts/agricole.html.twig"&lt;/span&gt;&lt;span style="color: var(--highlight-keyword)"&gt;,&amp;nbsp;&lt;/span&gt;&lt;span style="color: var(--highlight-default)"&gt;1&lt;/span&gt;&lt;span style="color: var(--highlight-keyword)"&gt;);&lt;/span&gt;&lt;/code&gt;&lt;/li&gt;
&lt;li class="selected"&gt;&lt;code&gt;&lt;span style="color: var(--highlight-keyword)"&gt;&amp;nbsp;&amp;nbsp;&amp;nbsp;&amp;nbsp;&amp;nbsp;&amp;nbsp;&amp;nbsp;&amp;nbsp;yield&amp;nbsp;from&amp;nbsp;&lt;/span&gt;&lt;span style="color: var(--highlight-default)"&gt;$this&lt;/span&gt;&lt;span style="color: var(--highlight-keyword)"&gt;-&amp;gt;&lt;/span&gt;&lt;span style="color: var(--highlight-default)"&gt;parent&lt;/span&gt;&lt;span style="color: var(--highlight-keyword)"&gt;-&amp;gt;&lt;/span&gt;&lt;span style="color: var(--highlight-default)"&gt;unwrap&lt;/span&gt;&lt;span style="color: var(--highlight-keyword)"&gt;()-&amp;gt;&lt;/span&gt;&lt;span style="color: var(--highlight-default)"&gt;yield&lt;/span&gt;&lt;span style="color: var(--highlight-keyword)"&gt;(&lt;/span&gt;&lt;span style="color: var(--highlight-default)"&gt;$context&lt;/span&gt;&lt;span style="color: var(--highlight-keyword)"&gt;,&amp;nbsp;&lt;/span&gt;&lt;span style="color: var(--highlight-default)"&gt;array_merge&lt;/span&gt;&lt;span style="color: var(--highlight-keyword)"&gt;(&lt;/span&gt;&lt;span style="color: var(--highlight-default)"&gt;$this&lt;/span&gt;&lt;span style="color: var(--highlight-keyword)"&gt;-&amp;gt;&lt;/span&gt;&lt;span style="color: var(--highlight-default)"&gt;blocks&lt;/span&gt;&lt;span style="color: var(--highlight-keyword)"&gt;,&amp;nbsp;&lt;/span&gt;&lt;span style="color: var(--highlight-default)"&gt;$blocks&lt;/span&gt;&lt;span style="color: var(--highlight-keyword)"&gt;));&lt;/span&gt;&lt;/code&gt;&lt;/li&gt;
&lt;li&gt;&lt;code&gt;&lt;span style="color: var(--highlight-keyword)"&gt;&amp;nbsp;&amp;nbsp;&amp;nbsp;&amp;nbsp;&amp;nbsp;&amp;nbsp;&amp;nbsp;&amp;nbsp;&lt;/span&gt;&lt;/code&gt;&lt;/li&gt;
&lt;li&gt;&lt;code&gt;&lt;span style="color: var(--highlight-keyword)"&gt;&amp;nbsp;&amp;nbsp;&amp;nbsp;&amp;nbsp;&amp;nbsp;&amp;nbsp;&amp;nbsp;&amp;nbsp;&lt;/span&gt;&lt;span style="color: var(--highlight-default)"&gt;$__internal_5a27a8ba21ca79b61932376b2fa922d2&lt;/span&gt;&lt;span style="color: var(--highlight-keyword)"&gt;-&amp;gt;&lt;/span&gt;&lt;span style="color: var(--highlight-default)"&gt;leave&lt;/span&gt;&lt;span style="color: var(--highlight-keyword)"&gt;(&lt;/span&gt;&lt;span style="color: var(--highlight-default)"&gt;$__internal_5a27a8ba21ca79b61932376b2fa922d2_prof&lt;/span&gt;&lt;span style="color: var(--highlight-keyword)"&gt;);&lt;/span&gt;&lt;/code&gt;&lt;/li&gt;
&lt;li&gt;&lt;code&gt;&lt;span style="color: var(--highlight-keyword)"&gt;&lt;/span&gt;&lt;/code&gt;&lt;/li&gt;
&lt;li&gt;&lt;code&gt;&lt;span style="color: var(--highlight-keyword)"&gt;&amp;nbsp;&amp;nbsp;&amp;nbsp;&amp;nbsp;&amp;nbsp;&amp;nbsp;&amp;nbsp;&amp;nbsp;&lt;/span&gt;&lt;/code&gt;&lt;/li&gt;
&lt;li&gt;&lt;code&gt;&lt;span style="color: var(--highlight-keyword)"&gt;&amp;nbsp;&amp;nbsp;&amp;nbsp;&amp;nbsp;&amp;nbsp;&amp;nbsp;&amp;nbsp;&amp;nbsp;&lt;/span&gt;&lt;span style="color: var(--highlight-default)"&gt;$__internal_6f47bbe9983af81f1e7450e9a3e3768f&lt;/span&gt;&lt;span style="color: var(--highlight-keyword)"&gt;-&amp;gt;&lt;/span&gt;&lt;span style="color: var(--highlight-default)"&gt;leave&lt;/span&gt;&lt;span style="color: var(--highlight-keyword)"&gt;(&lt;/span&gt;&lt;span style="color: var(--highlight-default)"&gt;$__internal_6f47bbe9983af81f1e7450e9a3e3768f_prof&lt;/span&gt;&lt;span style="color: var(--highlight-keyword)"&gt;);&lt;/span&gt;&lt;/code&gt;&lt;/li&gt;&lt;/ol&gt;    &lt;/div&gt;            &lt;/div&gt;
                        &lt;div class="trace-line "&gt;
                &lt;div class="trace-line-header break-long-words sf-toggle" data-toggle-selector="#trace-html-1-6" data-toggle-initial=""&gt;
            &lt;span class="icon icon-close"&gt;&lt;svg width="1792" height="1792" viewBox="0 0 1792 1792" xmlns="http://www.w3.org/2000/svg"&gt;&lt;path d="M1408 960V832q0-26-19-45t-45-19H448q-26 0-45 19t-19 45v128q0 26 19 45t45 19h896q26 0 45-19t19-45zm256-544v960q0 119-84.5 203.5T1376 1664H416q-119 0-203.5-84.5T128 1376V416q0-119 84.5-203.5T416 128h960q119 0 203.5 84.5T1664 416z"/&gt;&lt;/svg&gt;&lt;/span&gt;
        &lt;span class="icon icon-open"&gt;&lt;svg width="1792" height="1792" viewBox="0 0 1792 1792" xmlns="http://www.w3.org/2000/svg"&gt;&lt;path d="M1408 960V832q0-26-19-45t-45-19h-320V448q0-26-19-45t-45-19H832q-26 0-45 19t-19 45v320H448q-26 0-45 19t-19 45v128q0 26 19 45t45 19h320v320q0 26 19 45t45 19h128q26 0 45-19t19-45v-320h320q26 0 45-19t19-45zm256-544v960q0 119-84.5 203.5T1376 1664H416q-119 0-203.5-84.5T128 1376V416q0-119 84.5-203.5T416 128h960q119 0 203.5 84.5T1664 416z"/&gt;&lt;/svg&gt;&lt;/span&gt;
    
            &lt;span class="trace-class"&gt;&lt;abbr title="__TwigTemplate_95e3670c3b9e843df34ef1bc4233ab1b"&gt;__TwigTemplate_95e3670c3b9e843df34ef1bc4233ab1b&lt;/abbr&gt;&lt;/span&gt;&lt;span class="trace-type"&gt;-&gt;&lt;/span&gt;&lt;span class="trace-method"&gt;doDisplay&lt;/span&gt;&lt;span class="trace-arguments"&gt;(&lt;em&gt;array&lt;/em&gt;('fermes' =&gt; &lt;em&gt;array&lt;/em&gt;(), 'searchTerm' =&gt; '', 'currentSort' =&gt; 'idFerme', 'currentDirection' =&gt; 'ASC', 'errors' =&gt; &lt;em&gt;array&lt;/em&gt;(), 'ferme_edit' =&gt; &lt;em&gt;null&lt;/em&gt;, 'app' =&gt; &lt;em&gt;object&lt;/em&gt;(&lt;abbr title="Symfony\Bridge\Twig\AppVariable"&gt;AppVariable&lt;/abbr&gt;)), &lt;em&gt;array&lt;/em&gt;('title' =&gt; &lt;em&gt;array&lt;/em&gt;(&lt;em&gt;object&lt;/em&gt;(&lt;abbr title="__TwigTemplate_95e3670c3b9e843df34ef1bc4233ab1b"&gt;__TwigTemplate_95e3670c3b9e843df34ef1bc4233ab1b&lt;/abbr&gt;), 'block_title'), 'body' =&gt; &lt;em&gt;array&lt;/em&gt;(&lt;em&gt;object&lt;/em&gt;(&lt;abbr title="__TwigTemplate_95e3670c3b9e843df34ef1bc4233ab1b"&gt;__TwigTemplate_95e3670c3b9e843df34ef1bc4233ab1b&lt;/abbr&gt;), 'block_body')))&lt;/span&gt;    
                    &lt;span class="block trace-file-path"&gt;
            in
            &lt;a href="file://C:\Users\sliti\Desktop\dev\esprit-PIDEV-3A16-2526-FARMIA\vendor\twig\twig\src\Template.php#L402"&gt;
                C:\Users\sliti\Desktop\dev\esprit-PIDEV-3A16-2526-FARMIA\vendor\twig\twig\src\&lt;strong&gt;Template.php&lt;/strong&gt;
            &lt;/a&gt;
                        (line 402)
            &lt;span class="icon icon-copy hidden" data-clipboard-text="C:\Users\sliti\Desktop\dev\esprit-PIDEV-3A16-2526-FARMIA\vendor\twig\twig\src\Template.php:402"&gt;
                &lt;svg xmlns="http://www.w3.org/2000/svg" height="24" viewBox="0 0 24 24" width="24"&gt;&lt;path d="M0 0h24v24H0z" fill="none"/&gt;&lt;path d="M16 1H4c-1.1 0-2 .9-2 2v14h2V3h12V1zm3 4H8c-1.1 0-2 .9-2 2v14c0 1.1.9 2 2 2h11c1.1 0 2-.9 2-2V7c0-1.1-.9-2-2-2zm0 16H8V7h11v14z"/&gt;&lt;/svg&gt;            &lt;/span&gt;
        &lt;/span&gt;
    &lt;/div&gt;
    &lt;div id="trace-html-1-6" class="trace-code sf-toggle-content"&gt;
        &lt;ol start="397"&gt;&lt;li&gt;&lt;code&gt;&lt;span style="color: var(--highlight-default)"&gt;&amp;nbsp;&amp;nbsp;&amp;nbsp;&amp;nbsp;&lt;/span&gt;&lt;span style="color: var(--highlight-keyword)"&gt;{&lt;/span&gt;&lt;/code&gt;&lt;/li&gt;
&lt;li&gt;&lt;code&gt;&lt;span style="color: var(--highlight-keyword)"&gt;&amp;nbsp;&amp;nbsp;&amp;nbsp;&amp;nbsp;&amp;nbsp;&amp;nbsp;&amp;nbsp;&amp;nbsp;&lt;/span&gt;&lt;span style="color: var(--highlight-default)"&gt;$context&amp;nbsp;&lt;/span&gt;&lt;span style="color: var(--highlight-keyword)"&gt;+=&amp;nbsp;&lt;/span&gt;&lt;span style="color: var(--highlight-default)"&gt;$this&lt;/span&gt;&lt;span style="color: var(--highlight-keyword)"&gt;-&amp;gt;&lt;/span&gt;&lt;span style="color: var(--highlight-default)"&gt;env&lt;/span&gt;&lt;span style="color: var(--highlight-keyword)"&gt;-&amp;gt;&lt;/span&gt;&lt;span style="color: var(--highlight-default)"&gt;getGlobals&lt;/span&gt;&lt;span style="color: var(--highlight-keyword)"&gt;();&lt;/span&gt;&lt;/code&gt;&lt;/li&gt;
&lt;li&gt;&lt;code&gt;&lt;span style="color: var(--highlight-keyword)"&gt;&amp;nbsp;&amp;nbsp;&amp;nbsp;&amp;nbsp;&amp;nbsp;&amp;nbsp;&amp;nbsp;&amp;nbsp;&lt;/span&gt;&lt;span style="color: var(--highlight-default)"&gt;$blocks&amp;nbsp;&lt;/span&gt;&lt;span style="color: var(--highlight-keyword)"&gt;=&amp;nbsp;&lt;/span&gt;&lt;span style="color: var(--highlight-default)"&gt;array_merge&lt;/span&gt;&lt;span style="color: var(--highlight-keyword)"&gt;(&lt;/span&gt;&lt;span style="color: var(--highlight-default)"&gt;$this&lt;/span&gt;&lt;span style="color: var(--highlight-keyword)"&gt;-&amp;gt;&lt;/span&gt;&lt;span style="color: var(--highlight-default)"&gt;blocks&lt;/span&gt;&lt;span style="color: var(--highlight-keyword)"&gt;,&amp;nbsp;&lt;/span&gt;&lt;span style="color: var(--highlight-default)"&gt;$blocks&lt;/span&gt;&lt;span style="color: var(--highlight-keyword)"&gt;);&lt;/span&gt;&lt;/code&gt;&lt;/li&gt;
&lt;li&gt;&lt;code&gt;&lt;span style="color: var(--highlight-keyword)"&gt;&lt;/span&gt;&lt;/code&gt;&lt;/li&gt;
&lt;li&gt;&lt;code&gt;&lt;span style="color: var(--highlight-keyword)"&gt;&amp;nbsp;&amp;nbsp;&amp;nbsp;&amp;nbsp;&amp;nbsp;&amp;nbsp;&amp;nbsp;&amp;nbsp;try&amp;nbsp;{&lt;/span&gt;&lt;/code&gt;&lt;/li&gt;
&lt;li class="selected"&gt;&lt;code&gt;&lt;span style="color: var(--highlight-keyword)"&gt;&amp;nbsp;&amp;nbsp;&amp;nbsp;&amp;nbsp;&amp;nbsp;&amp;nbsp;&amp;nbsp;&amp;nbsp;&amp;nbsp;&amp;nbsp;&amp;nbsp;&amp;nbsp;yield&amp;nbsp;from&amp;nbsp;&lt;/span&gt;&lt;span style="color: var(--highlight-default)"&gt;$this&lt;/span&gt;&lt;span style="color: var(--highlight-keyword)"&gt;-&amp;gt;&lt;/span&gt;&lt;span style="color: var(--highlight-default)"&gt;doDisplay&lt;/span&gt;&lt;span style="color: var(--highlight-keyword)"&gt;(&lt;/span&gt;&lt;span style="color: var(--highlight-default)"&gt;$context&lt;/span&gt;&lt;span style="color: var(--highlight-keyword)"&gt;,&amp;nbsp;&lt;/span&gt;&lt;span style="color: var(--highlight-default)"&gt;$blocks&lt;/span&gt;&lt;span style="color: var(--highlight-keyword)"&gt;);&lt;/span&gt;&lt;/code&gt;&lt;/li&gt;
&lt;li&gt;&lt;code&gt;&lt;span style="color: var(--highlight-keyword)"&gt;&amp;nbsp;&amp;nbsp;&amp;nbsp;&amp;nbsp;&amp;nbsp;&amp;nbsp;&amp;nbsp;&amp;nbsp;}&amp;nbsp;catch&amp;nbsp;(&lt;/span&gt;&lt;span style="color: var(--highlight-default)"&gt;Error&amp;nbsp;$e&lt;/span&gt;&lt;span style="color: var(--highlight-keyword)"&gt;)&amp;nbsp;{&lt;/span&gt;&lt;/code&gt;&lt;/li&gt;
&lt;li&gt;&lt;code&gt;&lt;span style="color: var(--highlight-keyword)"&gt;&amp;nbsp;&amp;nbsp;&amp;nbsp;&amp;nbsp;&amp;nbsp;&amp;nbsp;&amp;nbsp;&amp;nbsp;&amp;nbsp;&amp;nbsp;&amp;nbsp;&amp;nbsp;if&amp;nbsp;(!&lt;/span&gt;&lt;span style="color: var(--highlight-default)"&gt;$e&lt;/span&gt;&lt;span style="color: var(--highlight-keyword)"&gt;-&amp;gt;&lt;/span&gt;&lt;span style="color: var(--highlight-default)"&gt;getSourceContext&lt;/span&gt;&lt;span style="color: var(--highlight-keyword)"&gt;())&amp;nbsp;{&lt;/span&gt;&lt;/code&gt;&lt;/li&gt;
&lt;li&gt;&lt;code&gt;&lt;span style="color: var(--highlight-keyword)"&gt;&amp;nbsp;&amp;nbsp;&amp;nbsp;&amp;nbsp;&amp;nbsp;&amp;nbsp;&amp;nbsp;&amp;nbsp;&amp;nbsp;&amp;nbsp;&amp;nbsp;&amp;nbsp;&amp;nbsp;&amp;nbsp;&amp;nbsp;&amp;nbsp;&lt;/span&gt;&lt;span style="color: var(--highlight-default)"&gt;$e&lt;/span&gt;&lt;span style="color: var(--highlight-keyword)"&gt;-&amp;gt;&lt;/span&gt;&lt;span style="color: var(--highlight-default)"&gt;setSourceContext&lt;/span&gt;&lt;span style="color: var(--highlight-keyword)"&gt;(&lt;/span&gt;&lt;span style="color: var(--highlight-default)"&gt;$this&lt;/span&gt;&lt;span style="color: var(--highlight-keyword)"&gt;-&amp;gt;&lt;/span&gt;&lt;span style="color: var(--highlight-default)"&gt;getSourceContext&lt;/span&gt;&lt;span style="color: var(--highlight-keyword)"&gt;());&lt;/span&gt;&lt;/code&gt;&lt;/li&gt;
&lt;li&gt;&lt;code&gt;&lt;span style="color: var(--highlight-keyword)"&gt;&amp;nbsp;&amp;nbsp;&amp;nbsp;&amp;nbsp;&amp;nbsp;&amp;nbsp;&amp;nbsp;&amp;nbsp;&amp;nbsp;&amp;nbsp;&amp;nbsp;&amp;nbsp;}&lt;/span&gt;&lt;/code&gt;&lt;/li&gt;
&lt;li&gt;&lt;code&gt;&lt;span style="color: var(--highlight-keyword)"&gt;&lt;/span&gt;&lt;/code&gt;&lt;/li&gt;&lt;/ol&gt;    &lt;/div&gt;            &lt;/div&gt;
                        &lt;div class="trace-line "&gt;
                &lt;div class="trace-line-header break-long-words sf-toggle" data-toggle-selector="#trace-html-1-7" data-toggle-initial=""&gt;
            &lt;span class="icon icon-close"&gt;&lt;svg width="1792" height="1792" viewBox="0 0 1792 1792" xmlns="http://www.w3.org/2000/svg"&gt;&lt;path d="M1408 960V832q0-26-19-45t-45-19H448q-26 0-45 19t-19 45v128q0 26 19 45t45 19h896q26 0 45-19t19-45zm256-544v960q0 119-84.5 203.5T1376 1664H416q-119 0-203.5-84.5T128 1376V416q0-119 84.5-203.5T416 128h960q119 0 203.5 84.5T1664 416z"/&gt;&lt;/svg&gt;&lt;/span&gt;
        &lt;span class="icon icon-open"&gt;&lt;svg width="1792" height="1792" viewBox="0 0 1792 1792" xmlns="http://www.w3.org/2000/svg"&gt;&lt;path d="M1408 960V832q0-26-19-45t-45-19h-320V448q0-26-19-45t-45-19H832q-26 0-45 19t-19 45v320H448q-26 0-45 19t-19 45v128q0 26 19 45t45 19h320v320q0 26 19 45t45 19h128q26 0 45-19t19-45v-320h320q26 0 45-19t19-45zm256-544v960q0 119-84.5 203.5T1376 1664H416q-119 0-203.5-84.5T128 1376V416q0-119 84.5-203.5T416 128h960q119 0 203.5 84.5T1664 416z"/&gt;&lt;/svg&gt;&lt;/span&gt;
    
            &lt;span class="trace-class"&gt;&lt;abbr title="Twig\Template"&gt;Template&lt;/abbr&gt;&lt;/span&gt;&lt;span class="trace-type"&gt;-&gt;&lt;/span&gt;&lt;span class="trace-method"&gt;yield&lt;/span&gt;&lt;span class="trace-arguments"&gt;(&lt;em&gt;array&lt;/em&gt;('fermes' =&gt; &lt;em&gt;array&lt;/em&gt;(), 'searchTerm' =&gt; '', 'currentSort' =&gt; 'idFerme', 'currentDirection' =&gt; 'ASC', 'errors' =&gt; &lt;em&gt;array&lt;/em&gt;(), 'ferme_edit' =&gt; &lt;em&gt;null&lt;/em&gt;, 'app' =&gt; &lt;em&gt;object&lt;/em&gt;(&lt;abbr title="Symfony\Bridge\Twig\AppVariable"&gt;AppVariable&lt;/abbr&gt;)), &lt;em&gt;array&lt;/em&gt;('title' =&gt; &lt;em&gt;array&lt;/em&gt;(&lt;em&gt;object&lt;/em&gt;(&lt;abbr title="__TwigTemplate_95e3670c3b9e843df34ef1bc4233ab1b"&gt;__TwigTemplate_95e3670c3b9e843df34ef1bc4233ab1b&lt;/abbr&gt;), 'block_title'), 'body' =&gt; &lt;em&gt;array&lt;/em&gt;(&lt;em&gt;object&lt;/em&gt;(&lt;abbr title="__TwigTemplate_95e3670c3b9e843df34ef1bc4233ab1b"&gt;__TwigTemplate_95e3670c3b9e843df34ef1bc4233ab1b&lt;/abbr&gt;), 'block_body')))&lt;/span&gt;    
                    &lt;span class="block trace-file-path"&gt;
            in
            &lt;a href="file://C:\Users\sliti\Desktop\dev\esprit-PIDEV-3A16-2526-FARMIA\vendor\twig\twig\src\Template.php#L358"&gt;
                C:\Users\sliti\Desktop\dev\esprit-PIDEV-3A16-2526-FARMIA\vendor\twig\twig\src\&lt;strong&gt;Template.php&lt;/strong&gt;
            &lt;/a&gt;
                        (line 358)
            &lt;span class="icon icon-copy hidden" data-clipboard-text="C:\Users\sliti\Desktop\dev\esprit-PIDEV-3A16-2526-FARMIA\vendor\twig\twig\src\Template.php:358"&gt;
                &lt;svg xmlns="http://www.w3.org/2000/svg" height="24" viewBox="0 0 24 24" width="24"&gt;&lt;path d="M0 0h24v24H0z" fill="none"/&gt;&lt;path d="M16 1H4c-1.1 0-2 .9-2 2v14h2V3h12V1zm3 4H8c-1.1 0-2 .9-2 2v14c0 1.1.9 2 2 2h11c1.1 0 2-.9 2-2V7c0-1.1-.9-2-2-2zm0 16H8V7h11v14z"/&gt;&lt;/svg&gt;            &lt;/span&gt;
        &lt;/span&gt;
    &lt;/div&gt;
    &lt;div id="trace-html-1-7" class="trace-code sf-toggle-content"&gt;
        &lt;ol start="353"&gt;&lt;li&gt;&lt;code&gt;&lt;span style="color: var(--highlight-keyword)"&gt;&amp;nbsp;&amp;nbsp;&amp;nbsp;&amp;nbsp;&amp;nbsp;&amp;nbsp;&amp;nbsp;&amp;nbsp;return&amp;nbsp;&lt;/span&gt;&lt;span style="color: var(--highlight-default)"&gt;$this&lt;/span&gt;&lt;span style="color: var(--highlight-keyword)"&gt;-&amp;gt;&lt;/span&gt;&lt;span style="color: var(--highlight-default)"&gt;blocks&lt;/span&gt;&lt;span style="color: var(--highlight-keyword)"&gt;;&lt;/span&gt;&lt;/code&gt;&lt;/li&gt;
&lt;li&gt;&lt;code&gt;&lt;span style="color: var(--highlight-keyword)"&gt;&amp;nbsp;&amp;nbsp;&amp;nbsp;&amp;nbsp;}&lt;/span&gt;&lt;/code&gt;&lt;/li&gt;
&lt;li&gt;&lt;code&gt;&lt;span style="color: var(--highlight-keyword)"&gt;&lt;/span&gt;&lt;/code&gt;&lt;/li&gt;
&lt;li&gt;&lt;code&gt;&lt;span style="color: var(--highlight-keyword)"&gt;&amp;nbsp;&amp;nbsp;&amp;nbsp;&amp;nbsp;public&amp;nbsp;function&amp;nbsp;&lt;/span&gt;&lt;span style="color: var(--highlight-default)"&gt;display&lt;/span&gt;&lt;span style="color: var(--highlight-keyword)"&gt;(array&amp;nbsp;&lt;/span&gt;&lt;span style="color: var(--highlight-default)"&gt;$context&lt;/span&gt;&lt;span style="color: var(--highlight-keyword)"&gt;,&amp;nbsp;array&amp;nbsp;&lt;/span&gt;&lt;span style="color: var(--highlight-default)"&gt;$blocks&amp;nbsp;&lt;/span&gt;&lt;span style="color: var(--highlight-keyword)"&gt;=&amp;nbsp;[]):&amp;nbsp;&lt;/span&gt;&lt;span style="color: var(--highlight-default)"&gt;void&lt;/span&gt;&lt;/code&gt;&lt;/li&gt;
&lt;li&gt;&lt;code&gt;&lt;span style="color: var(--highlight-default)"&gt;&amp;nbsp;&amp;nbsp;&amp;nbsp;&amp;nbsp;&lt;/span&gt;&lt;span style="color: var(--highlight-keyword)"&gt;{&lt;/span&gt;&lt;/code&gt;&lt;/li&gt;
&lt;li class="selected"&gt;&lt;code&gt;&lt;span style="color: var(--highlight-keyword)"&gt;&amp;nbsp;&amp;nbsp;&amp;nbsp;&amp;nbsp;&amp;nbsp;&amp;nbsp;&amp;nbsp;&amp;nbsp;foreach&amp;nbsp;(&lt;/span&gt;&lt;span style="color: var(--highlight-default)"&gt;$this&lt;/span&gt;&lt;span style="color: var(--highlight-keyword)"&gt;-&amp;gt;&lt;/span&gt;&lt;span style="color: var(--highlight-default)"&gt;yield&lt;/span&gt;&lt;span style="color: var(--highlight-keyword)"&gt;(&lt;/span&gt;&lt;span style="color: var(--highlight-default)"&gt;$context&lt;/span&gt;&lt;span style="color: var(--highlight-keyword)"&gt;,&amp;nbsp;&lt;/span&gt;&lt;span style="color: var(--highlight-default)"&gt;$blocks&lt;/span&gt;&lt;span style="color: var(--highlight-keyword)"&gt;)&amp;nbsp;as&amp;nbsp;&lt;/span&gt;&lt;span style="color: var(--highlight-default)"&gt;$data&lt;/span&gt;&lt;span style="color: var(--highlight-keyword)"&gt;)&amp;nbsp;{&lt;/span&gt;&lt;/code&gt;&lt;/li&gt;
&lt;li&gt;&lt;code&gt;&lt;span style="color: var(--highlight-keyword)"&gt;&amp;nbsp;&amp;nbsp;&amp;nbsp;&amp;nbsp;&amp;nbsp;&amp;nbsp;&amp;nbsp;&amp;nbsp;&amp;nbsp;&amp;nbsp;&amp;nbsp;&amp;nbsp;echo&amp;nbsp;&lt;/span&gt;&lt;span style="color: var(--highlight-default)"&gt;$data&lt;/span&gt;&lt;span style="color: var(--highlight-keyword)"&gt;;&lt;/span&gt;&lt;/code&gt;&lt;/li&gt;
&lt;li&gt;&lt;code&gt;&lt;span style="color: var(--highlight-keyword)"&gt;&amp;nbsp;&amp;nbsp;&amp;nbsp;&amp;nbsp;&amp;nbsp;&amp;nbsp;&amp;nbsp;&amp;nbsp;}&lt;/span&gt;&lt;/code&gt;&lt;/li&gt;
&lt;li&gt;&lt;code&gt;&lt;span style="color: var(--highlight-keyword)"&gt;&amp;nbsp;&amp;nbsp;&amp;nbsp;&amp;nbsp;}&lt;/span&gt;&lt;/code&gt;&lt;/li&gt;
&lt;li&gt;&lt;code&gt;&lt;span style="color: var(--highlight-keyword)"&gt;&lt;/span&gt;&lt;/code&gt;&lt;/li&gt;
&lt;li&gt;&lt;code&gt;&lt;span style="color: var(--highlight-keyword)"&gt;&amp;nbsp;&amp;nbsp;&amp;nbsp;&amp;nbsp;public&amp;nbsp;function&amp;nbsp;&lt;/span&gt;&lt;span style="color: var(--highlight-default)"&gt;render&lt;/span&gt;&lt;span style="color: var(--highlight-keyword)"&gt;(array&amp;nbsp;&lt;/span&gt;&lt;span style="color: var(--highlight-default)"&gt;$context&lt;/span&gt;&lt;span style="color: var(--highlight-keyword)"&gt;):&amp;nbsp;&lt;/span&gt;&lt;span style="color: var(--highlight-default)"&gt;string&lt;/span&gt;&lt;/code&gt;&lt;/li&gt;&lt;/ol&gt;    &lt;/div&gt;            &lt;/div&gt;
                        &lt;div class="trace-line "&gt;
                &lt;div class="trace-line-header break-long-words sf-toggle" data-toggle-selector="#trace-html-1-8" data-toggle-initial=""&gt;
            &lt;span class="icon icon-close"&gt;&lt;svg width="1792" height="1792" viewBox="0 0 1792 1792" xmlns="http://www.w3.org/2000/svg"&gt;&lt;path d="M1408 960V832q0-26-19-45t-45-19H448q-26 0-45 19t-19 45v128q0 26 19 45t45 19h896q26 0 45-19t19-45zm256-544v960q0 119-84.5 203.5T1376 1664H416q-119 0-203.5-84.5T128 1376V416q0-119 84.5-203.5T416 128h960q119 0 203.5 84.5T1664 416z"/&gt;&lt;/svg&gt;&lt;/span&gt;
        &lt;span class="icon icon-open"&gt;&lt;svg width="1792" height="1792" viewBox="0 0 1792 1792" xmlns="http://www.w3.org/2000/svg"&gt;&lt;path d="M1408 960V832q0-26-19-45t-45-19h-320V448q0-26-19-45t-45-19H832q-26 0-45 19t-19 45v320H448q-26 0-45 19t-19 45v128q0 26 19 45t45 19h320v320q0 26 19 45t45 19h128q26 0 45-19t19-45v-320h320q26 0 45-19t19-45zm256-544v960q0 119-84.5 203.5T1376 1664H416q-119 0-203.5-84.5T128 1376V416q0-119 84.5-203.5T416 128h960q119 0 203.5 84.5T1664 416z"/&gt;&lt;/svg&gt;&lt;/span&gt;
    
            &lt;span class="trace-class"&gt;&lt;abbr title="Twig\Template"&gt;Template&lt;/abbr&gt;&lt;/span&gt;&lt;span class="trace-type"&gt;-&gt;&lt;/span&gt;&lt;span class="trace-method"&gt;display&lt;/span&gt;&lt;span class="trace-arguments"&gt;(&lt;em&gt;array&lt;/em&gt;('fermes' =&gt; &lt;em&gt;array&lt;/em&gt;(), 'searchTerm' =&gt; '', 'currentSort' =&gt; 'idFerme', 'currentDirection' =&gt; 'ASC', 'errors' =&gt; &lt;em&gt;array&lt;/em&gt;(), 'ferme_edit' =&gt; &lt;em&gt;null&lt;/em&gt;))&lt;/span&gt;    
                    &lt;span class="block trace-file-path"&gt;
            in
            &lt;a href="file://C:\Users\sliti\Desktop\dev\esprit-PIDEV-3A16-2526-FARMIA\vendor\twig\twig\src\Template.php#L373"&gt;
                C:\Users\sliti\Desktop\dev\esprit-PIDEV-3A16-2526-FARMIA\vendor\twig\twig\src\&lt;strong&gt;Template.php&lt;/strong&gt;
            &lt;/a&gt;
                        (line 373)
            &lt;span class="icon icon-copy hidden" data-clipboard-text="C:\Users\sliti\Desktop\dev\esprit-PIDEV-3A16-2526-FARMIA\vendor\twig\twig\src\Template.php:373"&gt;
                &lt;svg xmlns="http://www.w3.org/2000/svg" height="24" viewBox="0 0 24 24" width="24"&gt;&lt;path d="M0 0h24v24H0z" fill="none"/&gt;&lt;path d="M16 1H4c-1.1 0-2 .9-2 2v14h2V3h12V1zm3 4H8c-1.1 0-2 .9-2 2v14c0 1.1.9 2 2 2h11c1.1 0 2-.9 2-2V7c0-1.1-.9-2-2-2zm0 16H8V7h11v14z"/&gt;&lt;/svg&gt;            &lt;/span&gt;
        &lt;/span&gt;
    &lt;/div&gt;
    &lt;div id="trace-html-1-8" class="trace-code sf-toggle-content"&gt;
        &lt;ol start="368"&gt;&lt;li&gt;&lt;code&gt;&lt;span style="color: var(--highlight-keyword)"&gt;&amp;nbsp;&amp;nbsp;&amp;nbsp;&amp;nbsp;&amp;nbsp;&amp;nbsp;&amp;nbsp;&amp;nbsp;&amp;nbsp;&amp;nbsp;&amp;nbsp;&amp;nbsp;&amp;nbsp;&amp;nbsp;&amp;nbsp;&amp;nbsp;&lt;/span&gt;&lt;span style="color: var(--highlight-default)"&gt;ob_start&lt;/span&gt;&lt;span style="color: var(--highlight-keyword)"&gt;();&lt;/span&gt;&lt;/code&gt;&lt;/li&gt;
&lt;li&gt;&lt;code&gt;&lt;span style="color: var(--highlight-keyword)"&gt;&amp;nbsp;&amp;nbsp;&amp;nbsp;&amp;nbsp;&amp;nbsp;&amp;nbsp;&amp;nbsp;&amp;nbsp;&amp;nbsp;&amp;nbsp;&amp;nbsp;&amp;nbsp;}&amp;nbsp;else&amp;nbsp;{&lt;/span&gt;&lt;/code&gt;&lt;/li&gt;
&lt;li&gt;&lt;code&gt;&lt;span style="color: var(--highlight-keyword)"&gt;&amp;nbsp;&amp;nbsp;&amp;nbsp;&amp;nbsp;&amp;nbsp;&amp;nbsp;&amp;nbsp;&amp;nbsp;&amp;nbsp;&amp;nbsp;&amp;nbsp;&amp;nbsp;&amp;nbsp;&amp;nbsp;&amp;nbsp;&amp;nbsp;&lt;/span&gt;&lt;span style="color: var(--highlight-default)"&gt;ob_start&lt;/span&gt;&lt;span style="color: var(--highlight-keyword)"&gt;(static&amp;nbsp;function&amp;nbsp;()&amp;nbsp;{&amp;nbsp;return&amp;nbsp;&lt;/span&gt;&lt;span style="color: var(--highlight-string)"&gt;''&lt;/span&gt;&lt;span style="color: var(--highlight-keyword)"&gt;;&amp;nbsp;});&lt;/span&gt;&lt;/code&gt;&lt;/li&gt;
&lt;li&gt;&lt;code&gt;&lt;span style="color: var(--highlight-keyword)"&gt;&amp;nbsp;&amp;nbsp;&amp;nbsp;&amp;nbsp;&amp;nbsp;&amp;nbsp;&amp;nbsp;&amp;nbsp;&amp;nbsp;&amp;nbsp;&amp;nbsp;&amp;nbsp;}&lt;/span&gt;&lt;/code&gt;&lt;/li&gt;
&lt;li&gt;&lt;code&gt;&lt;span style="color: var(--highlight-keyword)"&gt;&amp;nbsp;&amp;nbsp;&amp;nbsp;&amp;nbsp;&amp;nbsp;&amp;nbsp;&amp;nbsp;&amp;nbsp;&amp;nbsp;&amp;nbsp;&amp;nbsp;&amp;nbsp;try&amp;nbsp;{&lt;/span&gt;&lt;/code&gt;&lt;/li&gt;
&lt;li class="selected"&gt;&lt;code&gt;&lt;span style="color: var(--highlight-keyword)"&gt;&amp;nbsp;&amp;nbsp;&amp;nbsp;&amp;nbsp;&amp;nbsp;&amp;nbsp;&amp;nbsp;&amp;nbsp;&amp;nbsp;&amp;nbsp;&amp;nbsp;&amp;nbsp;&amp;nbsp;&amp;nbsp;&amp;nbsp;&amp;nbsp;&lt;/span&gt;&lt;span style="color: var(--highlight-default)"&gt;$this&lt;/span&gt;&lt;span style="color: var(--highlight-keyword)"&gt;-&amp;gt;&lt;/span&gt;&lt;span style="color: var(--highlight-default)"&gt;display&lt;/span&gt;&lt;span style="color: var(--highlight-keyword)"&gt;(&lt;/span&gt;&lt;span style="color: var(--highlight-default)"&gt;$context&lt;/span&gt;&lt;span style="color: var(--highlight-keyword)"&gt;);&lt;/span&gt;&lt;/code&gt;&lt;/li&gt;
&lt;li&gt;&lt;code&gt;&lt;span style="color: var(--highlight-keyword)"&gt;&amp;nbsp;&amp;nbsp;&amp;nbsp;&amp;nbsp;&amp;nbsp;&amp;nbsp;&amp;nbsp;&amp;nbsp;&amp;nbsp;&amp;nbsp;&amp;nbsp;&amp;nbsp;}&amp;nbsp;catch&amp;nbsp;(&lt;/span&gt;&lt;span style="color: var(--highlight-default)"&gt;\Throwable&amp;nbsp;$e&lt;/span&gt;&lt;span style="color: var(--highlight-keyword)"&gt;)&amp;nbsp;{&lt;/span&gt;&lt;/code&gt;&lt;/li&gt;
&lt;li&gt;&lt;code&gt;&lt;span style="color: var(--highlight-keyword)"&gt;&amp;nbsp;&amp;nbsp;&amp;nbsp;&amp;nbsp;&amp;nbsp;&amp;nbsp;&amp;nbsp;&amp;nbsp;&amp;nbsp;&amp;nbsp;&amp;nbsp;&amp;nbsp;&amp;nbsp;&amp;nbsp;&amp;nbsp;&amp;nbsp;while&amp;nbsp;(&lt;/span&gt;&lt;span style="color: var(--highlight-default)"&gt;ob_get_level&lt;/span&gt;&lt;span style="color: var(--highlight-keyword)"&gt;()&amp;nbsp;&amp;gt;&amp;nbsp;&lt;/span&gt;&lt;span style="color: var(--highlight-default)"&gt;$level&lt;/span&gt;&lt;span style="color: var(--highlight-keyword)"&gt;)&amp;nbsp;{&lt;/span&gt;&lt;/code&gt;&lt;/li&gt;
&lt;li&gt;&lt;code&gt;&lt;span style="color: var(--highlight-keyword)"&gt;&amp;nbsp;&amp;nbsp;&amp;nbsp;&amp;nbsp;&amp;nbsp;&amp;nbsp;&amp;nbsp;&amp;nbsp;&amp;nbsp;&amp;nbsp;&amp;nbsp;&amp;nbsp;&amp;nbsp;&amp;nbsp;&amp;nbsp;&amp;nbsp;&amp;nbsp;&amp;nbsp;&amp;nbsp;&amp;nbsp;&lt;/span&gt;&lt;span style="color: var(--highlight-default)"&gt;ob_end_clean&lt;/span&gt;&lt;span style="color: var(--highlight-keyword)"&gt;();&lt;/span&gt;&lt;/code&gt;&lt;/li&gt;
&lt;li&gt;&lt;code&gt;&lt;span style="color: var(--highlight-keyword)"&gt;&amp;nbsp;&amp;nbsp;&amp;nbsp;&amp;nbsp;&amp;nbsp;&amp;nbsp;&amp;nbsp;&amp;nbsp;&amp;nbsp;&amp;nbsp;&amp;nbsp;&amp;nbsp;&amp;nbsp;&amp;nbsp;&amp;nbsp;&amp;nbsp;}&lt;/span&gt;&lt;/code&gt;&lt;/li&gt;
&lt;li&gt;&lt;code&gt;&lt;span style="color: var(--highlight-keyword)"&gt;&lt;/span&gt;&lt;/code&gt;&lt;/li&gt;&lt;/ol&gt;    &lt;/div&gt;            &lt;/div&gt;
                        &lt;div class="trace-line "&gt;
                &lt;div class="trace-line-header break-long-words sf-toggle" data-toggle-selector="#trace-html-1-9" data-toggle-initial=""&gt;
            &lt;span class="icon icon-close"&gt;&lt;svg width="1792" height="1792" viewBox="0 0 1792 1792" xmlns="http://www.w3.org/2000/svg"&gt;&lt;path d="M1408 960V832q0-26-19-45t-45-19H448q-26 0-45 19t-19 45v128q0 26 19 45t45 19h896q26 0 45-19t19-45zm256-544v960q0 119-84.5 203.5T1376 1664H416q-119 0-203.5-84.5T128 1376V416q0-119 84.5-203.5T416 128h960q119 0 203.5 84.5T1664 416z"/&gt;&lt;/svg&gt;&lt;/span&gt;
        &lt;span class="icon icon-open"&gt;&lt;svg width="1792" height="1792" viewBox="0 0 1792 1792" xmlns="http://www.w3.org/2000/svg"&gt;&lt;path d="M1408 960V832q0-26-19-45t-45-19h-320V448q0-26-19-45t-45-19H832q-26 0-45 19t-19 45v320H448q-26 0-45 19t-19 45v128q0 26 19 45t45 19h320v320q0 26 19 45t45 19h128q26 0 45-19t19-45v-320h320q26 0 45-19t19-45zm256-544v960q0 119-84.5 203.5T1376 1664H416q-119 0-203.5-84.5T128 1376V416q0-119 84.5-203.5T416 128h960q119 0 203.5 84.5T1664 416z"/&gt;&lt;/svg&gt;&lt;/span&gt;
    
            &lt;span class="trace-class"&gt;&lt;abbr title="Twig\Template"&gt;Template&lt;/abbr&gt;&lt;/span&gt;&lt;span class="trace-type"&gt;-&gt;&lt;/span&gt;&lt;span class="trace-method"&gt;render&lt;/span&gt;&lt;span class="trace-arguments"&gt;(&lt;em&gt;array&lt;/em&gt;('fermes' =&gt; &lt;em&gt;array&lt;/em&gt;(), 'searchTerm' =&gt; '', 'currentSort' =&gt; 'idFerme', 'currentDirection' =&gt; 'ASC', 'errors' =&gt; &lt;em&gt;array&lt;/em&gt;(), 'ferme_edit' =&gt; &lt;em&gt;null&lt;/em&gt;))&lt;/span&gt;    
                    &lt;span class="block trace-file-path"&gt;
            in
            &lt;a href="file://C:\Users\sliti\Desktop\dev\esprit-PIDEV-3A16-2526-FARMIA\vendor\twig\twig\src\TemplateWrapper.php#L51"&gt;
                C:\Users\sliti\Desktop\dev\esprit-PIDEV-3A16-2526-FARMIA\vendor\twig\twig\src\&lt;strong&gt;TemplateWrapper.php&lt;/strong&gt;
            &lt;/a&gt;
                        (line 51)
            &lt;span class="icon icon-copy hidden" data-clipboard-text="C:\Users\sliti\Desktop\dev\esprit-PIDEV-3A16-2526-FARMIA\vendor\twig\twig\src\TemplateWrapper.php:51"&gt;
                &lt;svg xmlns="http://www.w3.org/2000/svg" height="24" viewBox="0 0 24 24" width="24"&gt;&lt;path d="M0 0h24v24H0z" fill="none"/&gt;&lt;path d="M16 1H4c-1.1 0-2 .9-2 2v14h2V3h12V1zm3 4H8c-1.1 0-2 .9-2 2v14c0 1.1.9 2 2 2h11c1.1 0 2-.9 2-2V7c0-1.1-.9-2-2-2zm0 16H8V7h11v14z"/&gt;&lt;/svg&gt;            &lt;/span&gt;
        &lt;/span&gt;
    &lt;/div&gt;
    &lt;div id="trace-html-1-9" class="trace-code sf-toggle-content"&gt;
        &lt;ol start="46"&gt;&lt;li&gt;&lt;code&gt;&lt;span style="color: var(--highlight-keyword)"&gt;&amp;nbsp;&amp;nbsp;&amp;nbsp;&amp;nbsp;&amp;nbsp;&amp;nbsp;&amp;nbsp;&amp;nbsp;yield&amp;nbsp;from&amp;nbsp;&lt;/span&gt;&lt;span style="color: var(--highlight-default)"&gt;$this&lt;/span&gt;&lt;span style="color: var(--highlight-keyword)"&gt;-&amp;gt;&lt;/span&gt;&lt;span style="color: var(--highlight-default)"&gt;template&lt;/span&gt;&lt;span style="color: var(--highlight-keyword)"&gt;-&amp;gt;&lt;/span&gt;&lt;span style="color: var(--highlight-default)"&gt;yieldBlock&lt;/span&gt;&lt;span style="color: var(--highlight-keyword)"&gt;(&lt;/span&gt;&lt;span style="color: var(--highlight-default)"&gt;$name&lt;/span&gt;&lt;span style="color: var(--highlight-keyword)"&gt;,&amp;nbsp;&lt;/span&gt;&lt;span style="color: var(--highlight-default)"&gt;$context&lt;/span&gt;&lt;span style="color: var(--highlight-keyword)"&gt;);&lt;/span&gt;&lt;/code&gt;&lt;/li&gt;
&lt;li&gt;&lt;code&gt;&lt;span style="color: var(--highlight-keyword)"&gt;&amp;nbsp;&amp;nbsp;&amp;nbsp;&amp;nbsp;}&lt;/span&gt;&lt;/code&gt;&lt;/li&gt;
&lt;li&gt;&lt;code&gt;&lt;span style="color: var(--highlight-keyword)"&gt;&lt;/span&gt;&lt;/code&gt;&lt;/li&gt;
&lt;li&gt;&lt;code&gt;&lt;span style="color: var(--highlight-keyword)"&gt;&amp;nbsp;&amp;nbsp;&amp;nbsp;&amp;nbsp;public&amp;nbsp;function&amp;nbsp;&lt;/span&gt;&lt;span style="color: var(--highlight-default)"&gt;render&lt;/span&gt;&lt;span style="color: var(--highlight-keyword)"&gt;(array&amp;nbsp;&lt;/span&gt;&lt;span style="color: var(--highlight-default)"&gt;$context&amp;nbsp;&lt;/span&gt;&lt;span style="color: var(--highlight-keyword)"&gt;=&amp;nbsp;[]):&amp;nbsp;&lt;/span&gt;&lt;span style="color: var(--highlight-default)"&gt;string&lt;/span&gt;&lt;/code&gt;&lt;/li&gt;
&lt;li&gt;&lt;code&gt;&lt;span style="color: var(--highlight-default)"&gt;&amp;nbsp;&amp;nbsp;&amp;nbsp;&amp;nbsp;&lt;/span&gt;&lt;span style="color: var(--highlight-keyword)"&gt;{&lt;/span&gt;&lt;/code&gt;&lt;/li&gt;
&lt;li class="selected"&gt;&lt;code&gt;&lt;span style="color: var(--highlight-keyword)"&gt;&amp;nbsp;&amp;nbsp;&amp;nbsp;&amp;nbsp;&amp;nbsp;&amp;nbsp;&amp;nbsp;&amp;nbsp;return&amp;nbsp;&lt;/span&gt;&lt;span style="color: var(--highlight-default)"&gt;$this&lt;/span&gt;&lt;span style="color: var(--highlight-keyword)"&gt;-&amp;gt;&lt;/span&gt;&lt;span style="color: var(--highlight-default)"&gt;template&lt;/span&gt;&lt;span style="color: var(--highlight-keyword)"&gt;-&amp;gt;&lt;/span&gt;&lt;span style="color: var(--highlight-default)"&gt;render&lt;/span&gt;&lt;span style="color: var(--highlight-keyword)"&gt;(&lt;/span&gt;&lt;span style="color: var(--highlight-default)"&gt;$context&lt;/span&gt;&lt;span style="color: var(--highlight-keyword)"&gt;);&lt;/span&gt;&lt;/code&gt;&lt;/li&gt;
&lt;li&gt;&lt;code&gt;&lt;span style="color: var(--highlight-keyword)"&gt;&amp;nbsp;&amp;nbsp;&amp;nbsp;&amp;nbsp;}&lt;/span&gt;&lt;/code&gt;&lt;/li&gt;
&lt;li&gt;&lt;code&gt;&lt;span style="color: var(--highlight-keyword)"&gt;&lt;/span&gt;&lt;/code&gt;&lt;/li&gt;
&lt;li&gt;&lt;code&gt;&lt;span style="color: var(--highlight-keyword)"&gt;&amp;nbsp;&amp;nbsp;&amp;nbsp;&amp;nbsp;&lt;/span&gt;&lt;span style="color: var(--highlight-comment)"&gt;/**&lt;/span&gt;&lt;/code&gt;&lt;/li&gt;
&lt;li&gt;&lt;code&gt;&lt;span style="color: var(--highlight-comment)"&gt;&amp;nbsp;&amp;nbsp;&amp;nbsp;&amp;nbsp;&amp;nbsp;*&amp;nbsp;@return&amp;nbsp;void&lt;/span&gt;&lt;/code&gt;&lt;/li&gt;
&lt;li&gt;&lt;code&gt;&lt;span style="color: var(--highlight-comment)"&gt;&amp;nbsp;&amp;nbsp;&amp;nbsp;&amp;nbsp;&amp;nbsp;*/&lt;/span&gt;&lt;/code&gt;&lt;/li&gt;&lt;/ol&gt;    &lt;/div&gt;            &lt;/div&gt;
                        &lt;div class="trace-line "&gt;
                &lt;div class="trace-line-header break-long-words sf-toggle" data-toggle-selector="#trace-html-1-10" data-toggle-initial=""&gt;
            &lt;span class="icon icon-close"&gt;&lt;svg width="1792" height="1792" viewBox="0 0 1792 1792" xmlns="http://www.w3.org/2000/svg"&gt;&lt;path d="M1408 960V832q0-26-19-45t-45-19H448q-26 0-45 19t-19 45v128q0 26 19 45t45 19h896q26 0 45-19t19-45zm256-544v960q0 119-84.5 203.5T1376 1664H416q-119 0-203.5-84.5T128 1376V416q0-119 84.5-203.5T416 128h960q119 0 203.5 84.5T1664 416z"/&gt;&lt;/svg&gt;&lt;/span&gt;
        &lt;span class="icon icon-open"&gt;&lt;svg width="1792" height="1792" viewBox="0 0 1792 1792" xmlns="http://www.w3.org/2000/svg"&gt;&lt;path d="M1408 960V832q0-26-19-45t-45-19h-320V448q0-26-19-45t-45-19H832q-26 0-45 19t-19 45v320H448q-26 0-45 19t-19 45v128q0 26 19 45t45 19h320v320q0 26 19 45t45 19h128q26 0 45-19t19-45v-320h320q26 0 45-19t19-45zm256-544v960q0 119-84.5 203.5T1376 1664H416q-119 0-203.5-84.5T128 1376V416q0-119 84.5-203.5T416 128h960q119 0 203.5 84.5T1664 416z"/&gt;&lt;/svg&gt;&lt;/span&gt;
    
            &lt;span class="trace-class"&gt;&lt;abbr title="Twig\TemplateWrapper"&gt;TemplateWrapper&lt;/abbr&gt;&lt;/span&gt;&lt;span class="trace-type"&gt;-&gt;&lt;/span&gt;&lt;span class="trace-method"&gt;render&lt;/span&gt;&lt;span class="trace-arguments"&gt;(&lt;em&gt;array&lt;/em&gt;('fermes' =&gt; &lt;em&gt;array&lt;/em&gt;(), 'searchTerm' =&gt; '', 'currentSort' =&gt; 'idFerme', 'currentDirection' =&gt; 'ASC', 'errors' =&gt; &lt;em&gt;array&lt;/em&gt;(), 'ferme_edit' =&gt; &lt;em&gt;null&lt;/em&gt;))&lt;/span&gt;    
                    &lt;span class="block trace-file-path"&gt;
            in
            &lt;a href="file://C:\Users\sliti\Desktop\dev\esprit-PIDEV-3A16-2526-FARMIA\vendor\twig\twig\src\Environment.php#L333"&gt;
                C:\Users\sliti\Desktop\dev\esprit-PIDEV-3A16-2526-FARMIA\vendor\twig\twig\src\&lt;strong&gt;Environment.php&lt;/strong&gt;
            &lt;/a&gt;
                        (line 333)
            &lt;span class="icon icon-copy hidden" data-clipboard-text="C:\Users\sliti\Desktop\dev\esprit-PIDEV-3A16-2526-FARMIA\vendor\twig\twig\src\Environment.php:333"&gt;
                &lt;svg xmlns="http://www.w3.org/2000/svg" height="24" viewBox="0 0 24 24" width="24"&gt;&lt;path d="M0 0h24v24H0z" fill="none"/&gt;&lt;path d="M16 1H4c-1.1 0-2 .9-2 2v14h2V3h12V1zm3 4H8c-1.1 0-2 .9-2 2v14c0 1.1.9 2 2 2h11c1.1 0 2-.9 2-2V7c0-1.1-.9-2-2-2zm0 16H8V7h11v14z"/&gt;&lt;/svg&gt;            &lt;/span&gt;
        &lt;/span&gt;
    &lt;/div&gt;
    &lt;div id="trace-html-1-10" class="trace-code sf-toggle-content"&gt;
        &lt;ol start="328"&gt;&lt;li&gt;&lt;code&gt;&lt;span style="color: var(--highlight-comment)"&gt;&amp;nbsp;&amp;nbsp;&amp;nbsp;&amp;nbsp;&amp;nbsp;*&amp;nbsp;@throws&amp;nbsp;SyntaxError&amp;nbsp;&amp;nbsp;When&amp;nbsp;an&amp;nbsp;error&amp;nbsp;occurred&amp;nbsp;during&amp;nbsp;compilation&lt;/span&gt;&lt;/code&gt;&lt;/li&gt;
&lt;li&gt;&lt;code&gt;&lt;span style="color: var(--highlight-comment)"&gt;&amp;nbsp;&amp;nbsp;&amp;nbsp;&amp;nbsp;&amp;nbsp;*&amp;nbsp;@throws&amp;nbsp;RuntimeError&amp;nbsp;When&amp;nbsp;an&amp;nbsp;error&amp;nbsp;occurred&amp;nbsp;during&amp;nbsp;rendering&lt;/span&gt;&lt;/code&gt;&lt;/li&gt;
&lt;li&gt;&lt;code&gt;&lt;span style="color: var(--highlight-comment)"&gt;&amp;nbsp;&amp;nbsp;&amp;nbsp;&amp;nbsp;&amp;nbsp;*/&lt;/span&gt;&lt;/code&gt;&lt;/li&gt;
&lt;li&gt;&lt;code&gt;&lt;span style="color: var(--highlight-comment)"&gt;&amp;nbsp;&amp;nbsp;&amp;nbsp;&amp;nbsp;&lt;/span&gt;&lt;span style="color: var(--highlight-keyword)"&gt;public&amp;nbsp;function&amp;nbsp;&lt;/span&gt;&lt;span style="color: var(--highlight-default)"&gt;render&lt;/span&gt;&lt;span style="color: var(--highlight-keyword)"&gt;(&lt;/span&gt;&lt;span style="color: var(--highlight-default)"&gt;$name&lt;/span&gt;&lt;span style="color: var(--highlight-keyword)"&gt;,&amp;nbsp;array&amp;nbsp;&lt;/span&gt;&lt;span style="color: var(--highlight-default)"&gt;$context&amp;nbsp;&lt;/span&gt;&lt;span style="color: var(--highlight-keyword)"&gt;=&amp;nbsp;[]):&amp;nbsp;&lt;/span&gt;&lt;span style="color: var(--highlight-default)"&gt;string&lt;/span&gt;&lt;/code&gt;&lt;/li&gt;
&lt;li&gt;&lt;code&gt;&lt;span style="color: var(--highlight-default)"&gt;&amp;nbsp;&amp;nbsp;&amp;nbsp;&amp;nbsp;&lt;/span&gt;&lt;span style="color: var(--highlight-keyword)"&gt;{&lt;/span&gt;&lt;/code&gt;&lt;/li&gt;
&lt;li class="selected"&gt;&lt;code&gt;&lt;span style="color: var(--highlight-keyword)"&gt;&amp;nbsp;&amp;nbsp;&amp;nbsp;&amp;nbsp;&amp;nbsp;&amp;nbsp;&amp;nbsp;&amp;nbsp;return&amp;nbsp;&lt;/span&gt;&lt;span style="color: var(--highlight-default)"&gt;$this&lt;/span&gt;&lt;span style="color: var(--highlight-keyword)"&gt;-&amp;gt;&lt;/span&gt;&lt;span style="color: var(--highlight-default)"&gt;load&lt;/span&gt;&lt;span style="color: var(--highlight-keyword)"&gt;(&lt;/span&gt;&lt;span style="color: var(--highlight-default)"&gt;$name&lt;/span&gt;&lt;span style="color: var(--highlight-keyword)"&gt;)-&amp;gt;&lt;/span&gt;&lt;span style="color: var(--highlight-default)"&gt;render&lt;/span&gt;&lt;span style="color: var(--highlight-keyword)"&gt;(&lt;/span&gt;&lt;span style="color: var(--highlight-default)"&gt;$context&lt;/span&gt;&lt;span style="color: var(--highlight-keyword)"&gt;);&lt;/span&gt;&lt;/code&gt;&lt;/li&gt;
&lt;li&gt;&lt;code&gt;&lt;span style="color: var(--highlight-keyword)"&gt;&amp;nbsp;&amp;nbsp;&amp;nbsp;&amp;nbsp;}&lt;/span&gt;&lt;/code&gt;&lt;/li&gt;
&lt;li&gt;&lt;code&gt;&lt;span style="color: var(--highlight-keyword)"&gt;&lt;/span&gt;&lt;/code&gt;&lt;/li&gt;
&lt;li&gt;&lt;code&gt;&lt;span style="color: var(--highlight-keyword)"&gt;&amp;nbsp;&amp;nbsp;&amp;nbsp;&amp;nbsp;&lt;/span&gt;&lt;span style="color: var(--highlight-comment)"&gt;/**&lt;/span&gt;&lt;/code&gt;&lt;/li&gt;
&lt;li&gt;&lt;code&gt;&lt;span style="color: var(--highlight-comment)"&gt;&amp;nbsp;&amp;nbsp;&amp;nbsp;&amp;nbsp;&amp;nbsp;*&amp;nbsp;Displays&amp;nbsp;a&amp;nbsp;template.&lt;/span&gt;&lt;/code&gt;&lt;/li&gt;
&lt;li&gt;&lt;code&gt;&lt;span style="color: var(--highlight-comment)"&gt;&amp;nbsp;&amp;nbsp;&amp;nbsp;&amp;nbsp;&amp;nbsp;*&lt;/span&gt;&lt;/code&gt;&lt;/li&gt;&lt;/ol&gt;    &lt;/div&gt;            &lt;/div&gt;
                        &lt;div class="trace-line "&gt;
                &lt;div class="trace-line-header break-long-words sf-toggle" data-toggle-selector="#trace-html-1-11" data-toggle-initial=""&gt;
            &lt;span class="icon icon-close"&gt;&lt;svg width="1792" height="1792" viewBox="0 0 1792 1792" xmlns="http://www.w3.org/2000/svg"&gt;&lt;path d="M1408 960V832q0-26-19-45t-45-19H448q-26 0-45 19t-19 45v128q0 26 19 45t45 19h896q26 0 45-19t19-45zm256-544v960q0 119-84.5 203.5T1376 1664H416q-119 0-203.5-84.5T128 1376V416q0-119 84.5-203.5T416 128h960q119 0 203.5 84.5T1664 416z"/&gt;&lt;/svg&gt;&lt;/span&gt;
        &lt;span class="icon icon-open"&gt;&lt;svg width="1792" height="1792" viewBox="0 0 1792 1792" xmlns="http://www.w3.org/2000/svg"&gt;&lt;path d="M1408 960V832q0-26-19-45t-45-19h-320V448q0-26-19-45t-45-19H832q-26 0-45 19t-19 45v320H448q-26 0-45 19t-19 45v128q0 26 19 45t45 19h320v320q0 26 19 45t45 19h128q26 0 45-19t19-45v-320h320q26 0 45-19t19-45zm256-544v960q0 119-84.5 203.5T1376 1664H416q-119 0-203.5-84.5T128 1376V416q0-119 84.5-203.5T416 128h960q119 0 203.5 84.5T1664 416z"/&gt;&lt;/svg&gt;&lt;/span&gt;
    
            &lt;span class="trace-class"&gt;&lt;abbr title="Twig\Environment"&gt;Environment&lt;/abbr&gt;&lt;/span&gt;&lt;span class="trace-type"&gt;-&gt;&lt;/span&gt;&lt;span class="trace-method"&gt;render&lt;/span&gt;&lt;span class="trace-arguments"&gt;('ferme/index.html.twig', &lt;em&gt;array&lt;/em&gt;('fermes' =&gt; &lt;em&gt;array&lt;/em&gt;(), 'searchTerm' =&gt; '', 'currentSort' =&gt; 'idFerme', 'currentDirection' =&gt; 'ASC', 'errors' =&gt; &lt;em&gt;array&lt;/em&gt;(), 'ferme_edit' =&gt; &lt;em&gt;null&lt;/em&gt;))&lt;/span&gt;    
                    &lt;span class="block trace-file-path"&gt;
            in
            &lt;a href="file://C:\Users\sliti\Desktop\dev\esprit-PIDEV-3A16-2526-FARMIA\vendor\symfony\framework-bundle\Controller\AbstractController.php#L452"&gt;
                C:\Users\sliti\Desktop\dev\esprit-PIDEV-3A16-2526-FARMIA\vendor\symfony\framework-bundle\Controller\&lt;strong&gt;AbstractController.php&lt;/strong&gt;
            &lt;/a&gt;
                        (line 452)
            &lt;span class="icon icon-copy hidden" data-clipboard-text="C:\Users\sliti\Desktop\dev\esprit-PIDEV-3A16-2526-FARMIA\vendor\symfony\framework-bundle\Controller\AbstractController.php:452"&gt;
                &lt;svg xmlns="http://www.w3.org/2000/svg" height="24" viewBox="0 0 24 24" width="24"&gt;&lt;path d="M0 0h24v24H0z" fill="none"/&gt;&lt;path d="M16 1H4c-1.1 0-2 .9-2 2v14h2V3h12V1zm3 4H8c-1.1 0-2 .9-2 2v14c0 1.1.9 2 2 2h11c1.1 0 2-.9 2-2V7c0-1.1-.9-2-2-2zm0 16H8V7h11v14z"/&gt;&lt;/svg&gt;            &lt;/span&gt;
        &lt;/span&gt;
    &lt;/div&gt;
    &lt;div id="trace-html-1-11" class="trace-code sf-toggle-content"&gt;
        &lt;ol start="447"&gt;&lt;li&gt;&lt;code&gt;&lt;span style="color: var(--highlight-keyword)"&gt;&lt;/span&gt;&lt;/code&gt;&lt;/li&gt;
&lt;li&gt;&lt;code&gt;&lt;span style="color: var(--highlight-keyword)"&gt;&amp;nbsp;&amp;nbsp;&amp;nbsp;&amp;nbsp;&amp;nbsp;&amp;nbsp;&amp;nbsp;&amp;nbsp;if&amp;nbsp;(&lt;/span&gt;&lt;span style="color: var(--highlight-default)"&gt;null&amp;nbsp;&lt;/span&gt;&lt;span style="color: var(--highlight-keyword)"&gt;!==&amp;nbsp;&lt;/span&gt;&lt;span style="color: var(--highlight-default)"&gt;$block&lt;/span&gt;&lt;span style="color: var(--highlight-keyword)"&gt;)&amp;nbsp;{&lt;/span&gt;&lt;/code&gt;&lt;/li&gt;
&lt;li&gt;&lt;code&gt;&lt;span style="color: var(--highlight-keyword)"&gt;&amp;nbsp;&amp;nbsp;&amp;nbsp;&amp;nbsp;&amp;nbsp;&amp;nbsp;&amp;nbsp;&amp;nbsp;&amp;nbsp;&amp;nbsp;&amp;nbsp;&amp;nbsp;return&amp;nbsp;&lt;/span&gt;&lt;span style="color: var(--highlight-default)"&gt;$this&lt;/span&gt;&lt;span style="color: var(--highlight-keyword)"&gt;-&amp;gt;&lt;/span&gt;&lt;span style="color: var(--highlight-default)"&gt;container&lt;/span&gt;&lt;span style="color: var(--highlight-keyword)"&gt;-&amp;gt;&lt;/span&gt;&lt;span style="color: var(--highlight-default)"&gt;get&lt;/span&gt;&lt;span style="color: var(--highlight-keyword)"&gt;(&lt;/span&gt;&lt;span style="color: var(--highlight-string)"&gt;'twig'&lt;/span&gt;&lt;span style="color: var(--highlight-keyword)"&gt;)-&amp;gt;&lt;/span&gt;&lt;span style="color: var(--highlight-default)"&gt;load&lt;/span&gt;&lt;span style="color: var(--highlight-keyword)"&gt;(&lt;/span&gt;&lt;span style="color: var(--highlight-default)"&gt;$view&lt;/span&gt;&lt;span style="color: var(--highlight-keyword)"&gt;)-&amp;gt;&lt;/span&gt;&lt;span style="color: var(--highlight-default)"&gt;renderBlock&lt;/span&gt;&lt;span style="color: var(--highlight-keyword)"&gt;(&lt;/span&gt;&lt;span style="color: var(--highlight-default)"&gt;$block&lt;/span&gt;&lt;span style="color: var(--highlight-keyword)"&gt;,&amp;nbsp;&lt;/span&gt;&lt;span style="color: var(--highlight-default)"&gt;$parameters&lt;/span&gt;&lt;span style="color: var(--highlight-keyword)"&gt;);&lt;/span&gt;&lt;/code&gt;&lt;/li&gt;
&lt;li&gt;&lt;code&gt;&lt;span style="color: var(--highlight-keyword)"&gt;&amp;nbsp;&amp;nbsp;&amp;nbsp;&amp;nbsp;&amp;nbsp;&amp;nbsp;&amp;nbsp;&amp;nbsp;}&lt;/span&gt;&lt;/code&gt;&lt;/li&gt;
&lt;li&gt;&lt;code&gt;&lt;span style="color: var(--highlight-keyword)"&gt;&lt;/span&gt;&lt;/code&gt;&lt;/li&gt;
&lt;li class="selected"&gt;&lt;code&gt;&lt;span style="color: var(--highlight-keyword)"&gt;&amp;nbsp;&amp;nbsp;&amp;nbsp;&amp;nbsp;&amp;nbsp;&amp;nbsp;&amp;nbsp;&amp;nbsp;return&amp;nbsp;&lt;/span&gt;&lt;span style="color: var(--highlight-default)"&gt;$this&lt;/span&gt;&lt;span style="color: var(--highlight-keyword)"&gt;-&amp;gt;&lt;/span&gt;&lt;span style="color: var(--highlight-default)"&gt;container&lt;/span&gt;&lt;span style="color: var(--highlight-keyword)"&gt;-&amp;gt;&lt;/span&gt;&lt;span style="color: var(--highlight-default)"&gt;get&lt;/span&gt;&lt;span style="color: var(--highlight-keyword)"&gt;(&lt;/span&gt;&lt;span style="color: var(--highlight-string)"&gt;'twig'&lt;/span&gt;&lt;span style="color: var(--highlight-keyword)"&gt;)-&amp;gt;&lt;/span&gt;&lt;span style="color: var(--highlight-default)"&gt;render&lt;/span&gt;&lt;span style="color: var(--highlight-keyword)"&gt;(&lt;/span&gt;&lt;span style="color: var(--highlight-default)"&gt;$view&lt;/span&gt;&lt;span style="color: var(--highlight-keyword)"&gt;,&amp;nbsp;&lt;/span&gt;&lt;span style="color: var(--highlight-default)"&gt;$parameters&lt;/span&gt;&lt;span style="color: var(--highlight-keyword)"&gt;);&lt;/span&gt;&lt;/code&gt;&lt;/li&gt;
&lt;li&gt;&lt;code&gt;&lt;span style="color: var(--highlight-keyword)"&gt;&amp;nbsp;&amp;nbsp;&amp;nbsp;&amp;nbsp;}&lt;/span&gt;&lt;/code&gt;&lt;/li&gt;
&lt;li&gt;&lt;code&gt;&lt;span style="color: var(--highlight-keyword)"&gt;&lt;/span&gt;&lt;/code&gt;&lt;/li&gt;
&lt;li&gt;&lt;code&gt;&lt;span style="color: var(--highlight-keyword)"&gt;&amp;nbsp;&amp;nbsp;&amp;nbsp;&amp;nbsp;private&amp;nbsp;function&amp;nbsp;&lt;/span&gt;&lt;span style="color: var(--highlight-default)"&gt;doRender&lt;/span&gt;&lt;span style="color: var(--highlight-keyword)"&gt;(&lt;/span&gt;&lt;span style="color: var(--highlight-default)"&gt;string&amp;nbsp;$view&lt;/span&gt;&lt;span style="color: var(--highlight-keyword)"&gt;,&amp;nbsp;?&lt;/span&gt;&lt;span style="color: var(--highlight-default)"&gt;string&amp;nbsp;$block&lt;/span&gt;&lt;span style="color: var(--highlight-keyword)"&gt;,&amp;nbsp;array&amp;nbsp;&lt;/span&gt;&lt;span style="color: var(--highlight-default)"&gt;$parameters&lt;/span&gt;&lt;span style="color: var(--highlight-keyword)"&gt;,&amp;nbsp;?&lt;/span&gt;&lt;span style="color: var(--highlight-default)"&gt;Response&amp;nbsp;$response&lt;/span&gt;&lt;span style="color: var(--highlight-keyword)"&gt;,&amp;nbsp;&lt;/span&gt;&lt;span style="color: var(--highlight-default)"&gt;string&amp;nbsp;$method&lt;/span&gt;&lt;span style="color: var(--highlight-keyword)"&gt;):&amp;nbsp;&lt;/span&gt;&lt;span style="color: var(--highlight-default)"&gt;Response&lt;/span&gt;&lt;/code&gt;&lt;/li&gt;
&lt;li&gt;&lt;code&gt;&lt;span style="color: var(--highlight-default)"&gt;&amp;nbsp;&amp;nbsp;&amp;nbsp;&amp;nbsp;&lt;/span&gt;&lt;span style="color: var(--highlight-keyword)"&gt;{&lt;/span&gt;&lt;/code&gt;&lt;/li&gt;
&lt;li&gt;&lt;code&gt;&lt;span style="color: var(--highlight-keyword)"&gt;&amp;nbsp;&amp;nbsp;&amp;nbsp;&amp;nbsp;&amp;nbsp;&amp;nbsp;&amp;nbsp;&amp;nbsp;&lt;/span&gt;&lt;span style="color: var(--highlight-default)"&gt;$content&amp;nbsp;&lt;/span&gt;&lt;span style="color: var(--highlight-keyword)"&gt;=&amp;nbsp;&lt;/span&gt;&lt;span style="color: var(--highlight-default)"&gt;$this&lt;/span&gt;&lt;span style="color: var(--highlight-keyword)"&gt;-&amp;gt;&lt;/span&gt;&lt;span style="color: var(--highlight-default)"&gt;doRenderView&lt;/span&gt;&lt;span style="color: var(--highlight-keyword)"&gt;(&lt;/span&gt;&lt;span style="color: var(--highlight-default)"&gt;$view&lt;/span&gt;&lt;span style="color: var(--highlight-keyword)"&gt;,&amp;nbsp;&lt;/span&gt;&lt;span style="color: var(--highlight-default)"&gt;$block&lt;/span&gt;&lt;span style="color: var(--highlight-keyword)"&gt;,&amp;nbsp;&lt;/span&gt;&lt;span style="color: var(--highlight-default)"&gt;$parameters&lt;/span&gt;&lt;span style="color: var(--highlight-keyword)"&gt;,&amp;nbsp;&lt;/span&gt;&lt;span style="color: var(--highlight-default)"&gt;$method&lt;/span&gt;&lt;span style="color: var(--highlight-keyword)"&gt;);&lt;/span&gt;&lt;/code&gt;&lt;/li&gt;&lt;/ol&gt;    &lt;/div&gt;            &lt;/div&gt;
                        &lt;div class="trace-line "&gt;
                &lt;div class="trace-line-header break-long-words sf-toggle" data-toggle-selector="#trace-html-1-12" data-toggle-initial=""&gt;
            &lt;span class="icon icon-close"&gt;&lt;svg width="1792" height="1792" viewBox="0 0 1792 1792" xmlns="http://www.w3.org/2000/svg"&gt;&lt;path d="M1408 960V832q0-26-19-45t-45-19H448q-26 0-45 19t-19 45v128q0 26 19 45t45 19h896q26 0 45-19t19-45zm256-544v960q0 119-84.5 203.5T1376 1664H416q-119 0-203.5-84.5T128 1376V416q0-119 84.5-203.5T416 128h960q119 0 203.5 84.5T1664 416z"/&gt;&lt;/svg&gt;&lt;/span&gt;
        &lt;span class="icon icon-open"&gt;&lt;svg width="1792" height="1792" viewBox="0 0 1792 1792" xmlns="http://www.w3.org/2000/svg"&gt;&lt;path d="M1408 960V832q0-26-19-45t-45-19h-320V448q0-26-19-45t-45-19H832q-26 0-45 19t-19 45v320H448q-26 0-45 19t-19 45v128q0 26 19 45t45 19h320v320q0 26 19 45t45 19h128q26 0 45-19t19-45v-320h320q26 0 45-19t19-45zm256-544v960q0 119-84.5 203.5T1376 1664H416q-119 0-203.5-84.5T128 1376V416q0-119 84.5-203.5T416 128h960q119 0 203.5 84.5T1664 416z"/&gt;&lt;/svg&gt;&lt;/span&gt;
    
            &lt;span class="trace-class"&gt;&lt;abbr title="Symfony\Bundle\FrameworkBundle\Controller\AbstractController"&gt;AbstractController&lt;/abbr&gt;&lt;/span&gt;&lt;span class="trace-type"&gt;-&gt;&lt;/span&gt;&lt;span class="trace-method"&gt;doRenderView&lt;/span&gt;&lt;span class="trace-arguments"&gt;('ferme/index.html.twig', &lt;em&gt;null&lt;/em&gt;, &lt;em&gt;array&lt;/em&gt;('fermes' =&gt; &lt;em&gt;array&lt;/em&gt;(), 'searchTerm' =&gt; '', 'currentSort' =&gt; 'idFerme', 'currentDirection' =&gt; 'ASC', 'errors' =&gt; &lt;em&gt;array&lt;/em&gt;(), 'ferme_edit' =&gt; &lt;em&gt;null&lt;/em&gt;), 'render')&lt;/span&gt;    
                    &lt;span class="block trace-file-path"&gt;
            in
            &lt;a href="file://C:\Users\sliti\Desktop\dev\esprit-PIDEV-3A16-2526-FARMIA\vendor\symfony\framework-bundle\Controller\AbstractController.php#L457"&gt;
                C:\Users\sliti\Desktop\dev\esprit-PIDEV-3A16-2526-FARMIA\vendor\symfony\framework-bundle\Controller\&lt;strong&gt;AbstractController.php&lt;/strong&gt;
            &lt;/a&gt;
                        (line 457)
            &lt;span class="icon icon-copy hidden" data-clipboard-text="C:\Users\sliti\Desktop\dev\esprit-PIDEV-3A16-2526-FARMIA\vendor\symfony\framework-bundle\Controller\AbstractController.php:457"&gt;
                &lt;svg xmlns="http://www.w3.org/2000/svg" height="24" viewBox="0 0 24 24" width="24"&gt;&lt;path d="M0 0h24v24H0z" fill="none"/&gt;&lt;path d="M16 1H4c-1.1 0-2 .9-2 2v14h2V3h12V1zm3 4H8c-1.1 0-2 .9-2 2v14c0 1.1.9 2 2 2h11c1.1 0 2-.9 2-2V7c0-1.1-.9-2-2-2zm0 16H8V7h11v14z"/&gt;&lt;/svg&gt;            &lt;/span&gt;
        &lt;/span&gt;
    &lt;/div&gt;
    &lt;div id="trace-html-1-12" class="trace-code sf-toggle-content"&gt;
        &lt;ol start="452"&gt;&lt;li&gt;&lt;code&gt;&lt;span style="color: var(--highlight-keyword)"&gt;&amp;nbsp;&amp;nbsp;&amp;nbsp;&amp;nbsp;&amp;nbsp;&amp;nbsp;&amp;nbsp;&amp;nbsp;return&amp;nbsp;&lt;/span&gt;&lt;span style="color: var(--highlight-default)"&gt;$this&lt;/span&gt;&lt;span style="color: var(--highlight-keyword)"&gt;-&amp;gt;&lt;/span&gt;&lt;span style="color: var(--highlight-default)"&gt;container&lt;/span&gt;&lt;span style="color: var(--highlight-keyword)"&gt;-&amp;gt;&lt;/span&gt;&lt;span style="color: var(--highlight-default)"&gt;get&lt;/span&gt;&lt;span style="color: var(--highlight-keyword)"&gt;(&lt;/span&gt;&lt;span style="color: var(--highlight-string)"&gt;'twig'&lt;/span&gt;&lt;span style="color: var(--highlight-keyword)"&gt;)-&amp;gt;&lt;/span&gt;&lt;span style="color: var(--highlight-default)"&gt;render&lt;/span&gt;&lt;span style="color: var(--highlight-keyword)"&gt;(&lt;/span&gt;&lt;span style="color: var(--highlight-default)"&gt;$view&lt;/span&gt;&lt;span style="color: var(--highlight-keyword)"&gt;,&amp;nbsp;&lt;/span&gt;&lt;span style="color: var(--highlight-default)"&gt;$parameters&lt;/span&gt;&lt;span style="color: var(--highlight-keyword)"&gt;);&lt;/span&gt;&lt;/code&gt;&lt;/li&gt;
&lt;li&gt;&lt;code&gt;&lt;span style="color: var(--highlight-keyword)"&gt;&amp;nbsp;&amp;nbsp;&amp;nbsp;&amp;nbsp;}&lt;/span&gt;&lt;/code&gt;&lt;/li&gt;
&lt;li&gt;&lt;code&gt;&lt;span style="color: var(--highlight-keyword)"&gt;&lt;/span&gt;&lt;/code&gt;&lt;/li&gt;
&lt;li&gt;&lt;code&gt;&lt;span style="color: var(--highlight-keyword)"&gt;&amp;nbsp;&amp;nbsp;&amp;nbsp;&amp;nbsp;private&amp;nbsp;function&amp;nbsp;&lt;/span&gt;&lt;span style="color: var(--highlight-default)"&gt;doRender&lt;/span&gt;&lt;span style="color: var(--highlight-keyword)"&gt;(&lt;/span&gt;&lt;span style="color: var(--highlight-default)"&gt;string&amp;nbsp;$view&lt;/span&gt;&lt;span style="color: var(--highlight-keyword)"&gt;,&amp;nbsp;?&lt;/span&gt;&lt;span style="color: var(--highlight-default)"&gt;string&amp;nbsp;$block&lt;/span&gt;&lt;span style="color: var(--highlight-keyword)"&gt;,&amp;nbsp;array&amp;nbsp;&lt;/span&gt;&lt;span style="color: var(--highlight-default)"&gt;$parameters&lt;/span&gt;&lt;span style="color: var(--highlight-keyword)"&gt;,&amp;nbsp;?&lt;/span&gt;&lt;span style="color: var(--highlight-default)"&gt;Response&amp;nbsp;$response&lt;/span&gt;&lt;span style="color: var(--highlight-keyword)"&gt;,&amp;nbsp;&lt;/span&gt;&lt;span style="color: var(--highlight-default)"&gt;string&amp;nbsp;$method&lt;/span&gt;&lt;span style="color: var(--highlight-keyword)"&gt;):&amp;nbsp;&lt;/span&gt;&lt;span style="color: var(--highlight-default)"&gt;Response&lt;/span&gt;&lt;/code&gt;&lt;/li&gt;
&lt;li&gt;&lt;code&gt;&lt;span style="color: var(--highlight-default)"&gt;&amp;nbsp;&amp;nbsp;&amp;nbsp;&amp;nbsp;&lt;/span&gt;&lt;span style="color: var(--highlight-keyword)"&gt;{&lt;/span&gt;&lt;/code&gt;&lt;/li&gt;
&lt;li class="selected"&gt;&lt;code&gt;&lt;span style="color: var(--highlight-keyword)"&gt;&amp;nbsp;&amp;nbsp;&amp;nbsp;&amp;nbsp;&amp;nbsp;&amp;nbsp;&amp;nbsp;&amp;nbsp;&lt;/span&gt;&lt;span style="color: var(--highlight-default)"&gt;$content&amp;nbsp;&lt;/span&gt;&lt;span style="color: var(--highlight-keyword)"&gt;=&amp;nbsp;&lt;/span&gt;&lt;span style="color: var(--highlight-default)"&gt;$this&lt;/span&gt;&lt;span style="color: var(--highlight-keyword)"&gt;-&amp;gt;&lt;/span&gt;&lt;span style="color: var(--highlight-default)"&gt;doRenderView&lt;/span&gt;&lt;span style="color: var(--highlight-keyword)"&gt;(&lt;/span&gt;&lt;span style="color: var(--highlight-default)"&gt;$view&lt;/span&gt;&lt;span style="color: var(--highlight-keyword)"&gt;,&amp;nbsp;&lt;/span&gt;&lt;span style="color: var(--highlight-default)"&gt;$block&lt;/span&gt;&lt;span style="color: var(--highlight-keyword)"&gt;,&amp;nbsp;&lt;/span&gt;&lt;span style="color: var(--highlight-default)"&gt;$parameters&lt;/span&gt;&lt;span style="color: var(--highlight-keyword)"&gt;,&amp;nbsp;&lt;/span&gt;&lt;span style="color: var(--highlight-default)"&gt;$method&lt;/span&gt;&lt;span style="color: var(--highlight-keyword)"&gt;);&lt;/span&gt;&lt;/code&gt;&lt;/li&gt;
&lt;li&gt;&lt;code&gt;&lt;span style="color: var(--highlight-keyword)"&gt;&amp;nbsp;&amp;nbsp;&amp;nbsp;&amp;nbsp;&amp;nbsp;&amp;nbsp;&amp;nbsp;&amp;nbsp;&lt;/span&gt;&lt;span style="color: var(--highlight-default)"&gt;$response&amp;nbsp;&lt;/span&gt;&lt;span style="color: var(--highlight-keyword)"&gt;??=&amp;nbsp;new&amp;nbsp;&lt;/span&gt;&lt;span style="color: var(--highlight-default)"&gt;Response&lt;/span&gt;&lt;span style="color: var(--highlight-keyword)"&gt;();&lt;/span&gt;&lt;/code&gt;&lt;/li&gt;
&lt;li&gt;&lt;code&gt;&lt;span style="color: var(--highlight-keyword)"&gt;&lt;/span&gt;&lt;/code&gt;&lt;/li&gt;
&lt;li&gt;&lt;code&gt;&lt;span style="color: var(--highlight-keyword)"&gt;&amp;nbsp;&amp;nbsp;&amp;nbsp;&amp;nbsp;&amp;nbsp;&amp;nbsp;&amp;nbsp;&amp;nbsp;if&amp;nbsp;(&lt;/span&gt;&lt;span style="color: var(--highlight-default)"&gt;200&amp;nbsp;&lt;/span&gt;&lt;span style="color: var(--highlight-keyword)"&gt;===&amp;nbsp;&lt;/span&gt;&lt;span style="color: var(--highlight-default)"&gt;$response&lt;/span&gt;&lt;span style="color: var(--highlight-keyword)"&gt;-&amp;gt;&lt;/span&gt;&lt;span style="color: var(--highlight-default)"&gt;getStatusCode&lt;/span&gt;&lt;span style="color: var(--highlight-keyword)"&gt;())&amp;nbsp;{&lt;/span&gt;&lt;/code&gt;&lt;/li&gt;
&lt;li&gt;&lt;code&gt;&lt;span style="color: var(--highlight-keyword)"&gt;&amp;nbsp;&amp;nbsp;&amp;nbsp;&amp;nbsp;&amp;nbsp;&amp;nbsp;&amp;nbsp;&amp;nbsp;&amp;nbsp;&amp;nbsp;&amp;nbsp;&amp;nbsp;foreach&amp;nbsp;(&lt;/span&gt;&lt;span style="color: var(--highlight-default)"&gt;$parameters&amp;nbsp;&lt;/span&gt;&lt;span style="color: var(--highlight-keyword)"&gt;as&amp;nbsp;&lt;/span&gt;&lt;span style="color: var(--highlight-default)"&gt;$v&lt;/span&gt;&lt;span style="color: var(--highlight-keyword)"&gt;)&amp;nbsp;{&lt;/span&gt;&lt;/code&gt;&lt;/li&gt;
&lt;li&gt;&lt;code&gt;&lt;span style="color: var(--highlight-keyword)"&gt;&amp;nbsp;&amp;nbsp;&amp;nbsp;&amp;nbsp;&amp;nbsp;&amp;nbsp;&amp;nbsp;&amp;nbsp;&amp;nbsp;&amp;nbsp;&amp;nbsp;&amp;nbsp;&amp;nbsp;&amp;nbsp;&amp;nbsp;&amp;nbsp;if&amp;nbsp;(&lt;/span&gt;&lt;span style="color: var(--highlight-default)"&gt;$v&amp;nbsp;&lt;/span&gt;&lt;span style="color: var(--highlight-keyword)"&gt;instanceof&amp;nbsp;&lt;/span&gt;&lt;span style="color: var(--highlight-default)"&gt;FormInterface&amp;nbsp;&lt;/span&gt;&lt;span style="color: var(--highlight-keyword)"&gt;&amp;amp;&amp;amp;&amp;nbsp;&lt;/span&gt;&lt;span style="color: var(--highlight-default)"&gt;$v&lt;/span&gt;&lt;span style="color: var(--highlight-keyword)"&gt;-&amp;gt;&lt;/span&gt;&lt;span style="color: var(--highlight-default)"&gt;isSubmitted&lt;/span&gt;&lt;span style="color: var(--highlight-keyword)"&gt;()&amp;nbsp;&amp;amp;&amp;amp;&amp;nbsp;!&lt;/span&gt;&lt;span style="color: var(--highlight-default)"&gt;$v&lt;/span&gt;&lt;span style="color: var(--highlight-keyword)"&gt;-&amp;gt;&lt;/span&gt;&lt;span style="color: var(--highlight-default)"&gt;isValid&lt;/span&gt;&lt;span style="color: var(--highlight-keyword)"&gt;())&amp;nbsp;{&lt;/span&gt;&lt;/code&gt;&lt;/li&gt;&lt;/ol&gt;    &lt;/div&gt;            &lt;/div&gt;
                        &lt;div class="trace-line "&gt;
                &lt;div class="trace-line-header break-long-words sf-toggle" data-toggle-selector="#trace-html-1-13" data-toggle-initial=""&gt;
            &lt;span class="icon icon-close"&gt;&lt;svg width="1792" height="1792" viewBox="0 0 1792 1792" xmlns="http://www.w3.org/2000/svg"&gt;&lt;path d="M1408 960V832q0-26-19-45t-45-19H448q-26 0-45 19t-19 45v128q0 26 19 45t45 19h896q26 0 45-19t19-45zm256-544v960q0 119-84.5 203.5T1376 1664H416q-119 0-203.5-84.5T128 1376V416q0-119 84.5-203.5T416 128h960q119 0 203.5 84.5T1664 416z"/&gt;&lt;/svg&gt;&lt;/span&gt;
        &lt;span class="icon icon-open"&gt;&lt;svg width="1792" height="1792" viewBox="0 0 1792 1792" xmlns="http://www.w3.org/2000/svg"&gt;&lt;path d="M1408 960V832q0-26-19-45t-45-19h-320V448q0-26-19-45t-45-19H832q-26 0-45 19t-19 45v320H448q-26 0-45 19t-19 45v128q0 26 19 45t45 19h320v320q0 26 19 45t45 19h128q26 0 45-19t19-45v-320h320q26 0 45-19t19-45zm256-544v960q0 119-84.5 203.5T1376 1664H416q-119 0-203.5-84.5T128 1376V416q0-119 84.5-203.5T416 128h960q119 0 203.5 84.5T1664 416z"/&gt;&lt;/svg&gt;&lt;/span&gt;
    
            &lt;span class="trace-class"&gt;&lt;abbr title="Symfony\Bundle\FrameworkBundle\Controller\AbstractController"&gt;AbstractController&lt;/abbr&gt;&lt;/span&gt;&lt;span class="trace-type"&gt;-&gt;&lt;/span&gt;&lt;span class="trace-method"&gt;doRender&lt;/span&gt;&lt;span class="trace-arguments"&gt;('ferme/index.html.twig', &lt;em&gt;null&lt;/em&gt;, &lt;em&gt;array&lt;/em&gt;('fermes' =&gt; &lt;em&gt;array&lt;/em&gt;(), 'searchTerm' =&gt; '', 'currentSort' =&gt; 'idFerme', 'currentDirection' =&gt; 'ASC', 'errors' =&gt; &lt;em&gt;array&lt;/em&gt;(), 'ferme_edit' =&gt; &lt;em&gt;null&lt;/em&gt;), &lt;em&gt;null&lt;/em&gt;, 'render')&lt;/span&gt;    
                    &lt;span class="block trace-file-path"&gt;
            in
            &lt;a href="file://C:\Users\sliti\Desktop\dev\esprit-PIDEV-3A16-2526-FARMIA\vendor\symfony\framework-bundle\Controller\AbstractController.php#L257"&gt;
                C:\Users\sliti\Desktop\dev\esprit-PIDEV-3A16-2526-FARMIA\vendor\symfony\framework-bundle\Controller\&lt;strong&gt;AbstractController.php&lt;/strong&gt;
            &lt;/a&gt;
                        (line 257)
            &lt;span class="icon icon-copy hidden" data-clipboard-text="C:\Users\sliti\Desktop\dev\esprit-PIDEV-3A16-2526-FARMIA\vendor\symfony\framework-bundle\Controller\AbstractController.php:257"&gt;
                &lt;svg xmlns="http://www.w3.org/2000/svg" height="24" viewBox="0 0 24 24" width="24"&gt;&lt;path d="M0 0h24v24H0z" fill="none"/&gt;&lt;path d="M16 1H4c-1.1 0-2 .9-2 2v14h2V3h12V1zm3 4H8c-1.1 0-2 .9-2 2v14c0 1.1.9 2 2 2h11c1.1 0 2-.9 2-2V7c0-1.1-.9-2-2-2zm0 16H8V7h11v14z"/&gt;&lt;/svg&gt;            &lt;/span&gt;
        &lt;/span&gt;
    &lt;/div&gt;
    &lt;div id="trace-html-1-13" class="trace-code sf-toggle-content"&gt;
        &lt;ol start="252"&gt;&lt;li&gt;&lt;code&gt;&lt;span style="color: var(--highlight-comment)"&gt;&amp;nbsp;&amp;nbsp;&amp;nbsp;&amp;nbsp;&amp;nbsp;*&amp;nbsp;If&amp;nbsp;an&amp;nbsp;invalid&amp;nbsp;form&amp;nbsp;is&amp;nbsp;found&amp;nbsp;in&amp;nbsp;the&amp;nbsp;list&amp;nbsp;of&amp;nbsp;parameters,&amp;nbsp;a&amp;nbsp;422&amp;nbsp;status&amp;nbsp;code&amp;nbsp;is&amp;nbsp;returned.&lt;/span&gt;&lt;/code&gt;&lt;/li&gt;
&lt;li&gt;&lt;code&gt;&lt;span style="color: var(--highlight-comment)"&gt;&amp;nbsp;&amp;nbsp;&amp;nbsp;&amp;nbsp;&amp;nbsp;*&amp;nbsp;Forms&amp;nbsp;found&amp;nbsp;in&amp;nbsp;parameters&amp;nbsp;are&amp;nbsp;auto-cast&amp;nbsp;to&amp;nbsp;form&amp;nbsp;views.&lt;/span&gt;&lt;/code&gt;&lt;/li&gt;
&lt;li&gt;&lt;code&gt;&lt;span style="color: var(--highlight-comment)"&gt;&amp;nbsp;&amp;nbsp;&amp;nbsp;&amp;nbsp;&amp;nbsp;*/&lt;/span&gt;&lt;/code&gt;&lt;/li&gt;
&lt;li&gt;&lt;code&gt;&lt;span style="color: var(--highlight-comment)"&gt;&amp;nbsp;&amp;nbsp;&amp;nbsp;&amp;nbsp;&lt;/span&gt;&lt;span style="color: var(--highlight-keyword)"&gt;protected&amp;nbsp;function&amp;nbsp;&lt;/span&gt;&lt;span style="color: var(--highlight-default)"&gt;render&lt;/span&gt;&lt;span style="color: var(--highlight-keyword)"&gt;(&lt;/span&gt;&lt;span style="color: var(--highlight-default)"&gt;string&amp;nbsp;$view&lt;/span&gt;&lt;span style="color: var(--highlight-keyword)"&gt;,&amp;nbsp;array&amp;nbsp;&lt;/span&gt;&lt;span style="color: var(--highlight-default)"&gt;$parameters&amp;nbsp;&lt;/span&gt;&lt;span style="color: var(--highlight-keyword)"&gt;=&amp;nbsp;[],&amp;nbsp;?&lt;/span&gt;&lt;span style="color: var(--highlight-default)"&gt;Response&amp;nbsp;$response&amp;nbsp;&lt;/span&gt;&lt;span style="color: var(--highlight-keyword)"&gt;=&amp;nbsp;&lt;/span&gt;&lt;span style="color: var(--highlight-default)"&gt;null&lt;/span&gt;&lt;span style="color: var(--highlight-keyword)"&gt;):&amp;nbsp;&lt;/span&gt;&lt;span style="color: var(--highlight-default)"&gt;Response&lt;/span&gt;&lt;/code&gt;&lt;/li&gt;
&lt;li&gt;&lt;code&gt;&lt;span style="color: var(--highlight-default)"&gt;&amp;nbsp;&amp;nbsp;&amp;nbsp;&amp;nbsp;&lt;/span&gt;&lt;span style="color: var(--highlight-keyword)"&gt;{&lt;/span&gt;&lt;/code&gt;&lt;/li&gt;
&lt;li class="selected"&gt;&lt;code&gt;&lt;span style="color: var(--highlight-keyword)"&gt;&amp;nbsp;&amp;nbsp;&amp;nbsp;&amp;nbsp;&amp;nbsp;&amp;nbsp;&amp;nbsp;&amp;nbsp;return&amp;nbsp;&lt;/span&gt;&lt;span style="color: var(--highlight-default)"&gt;$this&lt;/span&gt;&lt;span style="color: var(--highlight-keyword)"&gt;-&amp;gt;&lt;/span&gt;&lt;span style="color: var(--highlight-default)"&gt;doRender&lt;/span&gt;&lt;span style="color: var(--highlight-keyword)"&gt;(&lt;/span&gt;&lt;span style="color: var(--highlight-default)"&gt;$view&lt;/span&gt;&lt;span style="color: var(--highlight-keyword)"&gt;,&amp;nbsp;&lt;/span&gt;&lt;span style="color: var(--highlight-default)"&gt;null&lt;/span&gt;&lt;span style="color: var(--highlight-keyword)"&gt;,&amp;nbsp;&lt;/span&gt;&lt;span style="color: var(--highlight-default)"&gt;$parameters&lt;/span&gt;&lt;span style="color: var(--highlight-keyword)"&gt;,&amp;nbsp;&lt;/span&gt;&lt;span style="color: var(--highlight-default)"&gt;$response&lt;/span&gt;&lt;span style="color: var(--highlight-keyword)"&gt;,&amp;nbsp;&lt;/span&gt;&lt;span style="color: var(--highlight-default)"&gt;__FUNCTION__&lt;/span&gt;&lt;span style="color: var(--highlight-keyword)"&gt;);&lt;/span&gt;&lt;/code&gt;&lt;/li&gt;
&lt;li&gt;&lt;code&gt;&lt;span style="color: var(--highlight-keyword)"&gt;&amp;nbsp;&amp;nbsp;&amp;nbsp;&amp;nbsp;}&lt;/span&gt;&lt;/code&gt;&lt;/li&gt;
&lt;li&gt;&lt;code&gt;&lt;span style="color: var(--highlight-keyword)"&gt;&lt;/span&gt;&lt;/code&gt;&lt;/li&gt;
&lt;li&gt;&lt;code&gt;&lt;span style="color: var(--highlight-keyword)"&gt;&amp;nbsp;&amp;nbsp;&amp;nbsp;&amp;nbsp;&lt;/span&gt;&lt;span style="color: var(--highlight-comment)"&gt;/**&lt;/span&gt;&lt;/code&gt;&lt;/li&gt;
&lt;li&gt;&lt;code&gt;&lt;span style="color: var(--highlight-comment)"&gt;&amp;nbsp;&amp;nbsp;&amp;nbsp;&amp;nbsp;&amp;nbsp;*&amp;nbsp;Renders&amp;nbsp;a&amp;nbsp;block&amp;nbsp;in&amp;nbsp;a&amp;nbsp;view.&lt;/span&gt;&lt;/code&gt;&lt;/li&gt;
&lt;li&gt;&lt;code&gt;&lt;span style="color: var(--highlight-comment)"&gt;&amp;nbsp;&amp;nbsp;&amp;nbsp;&amp;nbsp;&amp;nbsp;*&lt;/span&gt;&lt;/code&gt;&lt;/li&gt;&lt;/ol&gt;    &lt;/div&gt;            &lt;/div&gt;
                        &lt;div class="trace-line "&gt;
                &lt;div class="trace-line-header break-long-words sf-toggle" data-toggle-selector="#trace-html-1-14" data-toggle-initial=""&gt;
            &lt;span class="icon icon-close"&gt;&lt;svg width="1792" height="1792" viewBox="0 0 1792 1792" xmlns="http://www.w3.org/2000/svg"&gt;&lt;path d="M1408 960V832q0-26-19-45t-45-19H448q-26 0-45 19t-19 45v128q0 26 19 45t45 19h896q26 0 45-19t19-45zm256-544v960q0 119-84.5 203.5T1376 1664H416q-119 0-203.5-84.5T128 1376V416q0-119 84.5-203.5T416 128h960q119 0 203.5 84.5T1664 416z"/&gt;&lt;/svg&gt;&lt;/span&gt;
        &lt;span class="icon icon-open"&gt;&lt;svg width="1792" height="1792" viewBox="0 0 1792 1792" xmlns="http://www.w3.org/2000/svg"&gt;&lt;path d="M1408 960V832q0-26-19-45t-45-19h-320V448q0-26-19-45t-45-19H832q-26 0-45 19t-19 45v320H448q-26 0-45 19t-19 45v128q0 26 19 45t45 19h320v320q0 26 19 45t45 19h128q26 0 45-19t19-45v-320h320q26 0 45-19t19-45zm256-544v960q0 119-84.5 203.5T1376 1664H416q-119 0-203.5-84.5T128 1376V416q0-119 84.5-203.5T416 128h960q119 0 203.5 84.5T1664 416z"/&gt;&lt;/svg&gt;&lt;/span&gt;
    
            &lt;span class="trace-class"&gt;&lt;abbr title="Symfony\Bundle\FrameworkBundle\Controller\AbstractController"&gt;AbstractController&lt;/abbr&gt;&lt;/span&gt;&lt;span class="trace-type"&gt;-&gt;&lt;/span&gt;&lt;span class="trace-method"&gt;render&lt;/span&gt;&lt;span class="trace-arguments"&gt;('ferme/index.html.twig', &lt;em&gt;array&lt;/em&gt;('fermes' =&gt; &lt;em&gt;array&lt;/em&gt;(), 'searchTerm' =&gt; '', 'currentSort' =&gt; 'idFerme', 'currentDirection' =&gt; 'ASC', 'errors' =&gt; &lt;em&gt;array&lt;/em&gt;(), 'ferme_edit' =&gt; &lt;em&gt;null&lt;/em&gt;))&lt;/span&gt;    
                    &lt;span class="block trace-file-path"&gt;
            in
            &lt;a href="file://C:\Users\sliti\Desktop\dev\esprit-PIDEV-3A16-2526-FARMIA\src\Controller\FermeController.php#L56"&gt;
                C:\Users\sliti\Desktop\dev\esprit-PIDEV-3A16-2526-FARMIA\src\Controller\&lt;strong&gt;FermeController.php&lt;/strong&gt;
            &lt;/a&gt;
                        (line 56)
            &lt;span class="icon icon-copy hidden" data-clipboard-text="C:\Users\sliti\Desktop\dev\esprit-PIDEV-3A16-2526-FARMIA\src\Controller\FermeController.php:56"&gt;
                &lt;svg xmlns="http://www.w3.org/2000/svg" height="24" viewBox="0 0 24 24" width="24"&gt;&lt;path d="M0 0h24v24H0z" fill="none"/&gt;&lt;path d="M16 1H4c-1.1 0-2 .9-2 2v14h2V3h12V1zm3 4H8c-1.1 0-2 .9-2 2v14c0 1.1.9 2 2 2h11c1.1 0 2-.9 2-2V7c0-1.1-.9-2-2-2zm0 16H8V7h11v14z"/&gt;&lt;/svg&gt;            &lt;/span&gt;
        &lt;/span&gt;
    &lt;/div&gt;
    &lt;div id="trace-html-1-14" class="trace-code sf-toggle-content"&gt;
        &lt;ol start="51"&gt;&lt;li&gt;&lt;code&gt;&lt;span style="color: var(--highlight-comment)"&gt;&amp;nbsp;&amp;nbsp;&amp;nbsp;&amp;nbsp;&amp;nbsp;&amp;nbsp;&amp;nbsp;&amp;nbsp;//&amp;nbsp;Utilisation&amp;nbsp;de&amp;nbsp;findBySearchAndSort&amp;nbsp;si&amp;nbsp;elle&amp;nbsp;existe&amp;nbsp;dans&amp;nbsp;ton&amp;nbsp;repo,&amp;nbsp;sinon&amp;nbsp;findAll()&#13;&lt;/span&gt;&lt;/code&gt;&lt;/li&gt;
&lt;li&gt;&lt;code&gt;&lt;span style="color: var(--highlight-comment)"&gt;&amp;nbsp;&amp;nbsp;&amp;nbsp;&amp;nbsp;&amp;nbsp;&amp;nbsp;&amp;nbsp;&amp;nbsp;&lt;/span&gt;&lt;span style="color: var(--highlight-default)"&gt;$fermes&amp;nbsp;&lt;/span&gt;&lt;span style="color: var(--highlight-keyword)"&gt;=&amp;nbsp;&lt;/span&gt;&lt;span style="color: var(--highlight-default)"&gt;method_exists&lt;/span&gt;&lt;span style="color: var(--highlight-keyword)"&gt;(&lt;/span&gt;&lt;span style="color: var(--highlight-default)"&gt;$fermeRepository&lt;/span&gt;&lt;span style="color: var(--highlight-keyword)"&gt;,&amp;nbsp;&lt;/span&gt;&lt;span style="color: var(--highlight-string)"&gt;'findBySearchAndSort'&lt;/span&gt;&lt;span style="color: var(--highlight-keyword)"&gt;)&amp;nbsp;&#13;&lt;/span&gt;&lt;/code&gt;&lt;/li&gt;
&lt;li&gt;&lt;code&gt;&lt;span style="color: var(--highlight-keyword)"&gt;&amp;nbsp;&amp;nbsp;&amp;nbsp;&amp;nbsp;&amp;nbsp;&amp;nbsp;&amp;nbsp;&amp;nbsp;&amp;nbsp;&amp;nbsp;&amp;nbsp;&amp;nbsp;?&amp;nbsp;&lt;/span&gt;&lt;span style="color: var(--highlight-default)"&gt;$fermeRepository&lt;/span&gt;&lt;span style="color: var(--highlight-keyword)"&gt;-&amp;gt;&lt;/span&gt;&lt;span style="color: var(--highlight-default)"&gt;findBySearchAndSort&lt;/span&gt;&lt;span style="color: var(--highlight-keyword)"&gt;(&lt;/span&gt;&lt;span style="color: var(--highlight-default)"&gt;$search&lt;/span&gt;&lt;span style="color: var(--highlight-keyword)"&gt;,&amp;nbsp;&lt;/span&gt;&lt;span style="color: var(--highlight-default)"&gt;$sort&lt;/span&gt;&lt;span style="color: var(--highlight-keyword)"&gt;,&amp;nbsp;&lt;/span&gt;&lt;span style="color: var(--highlight-default)"&gt;$direction&lt;/span&gt;&lt;span style="color: var(--highlight-keyword)"&gt;)&#13;&lt;/span&gt;&lt;/code&gt;&lt;/li&gt;
&lt;li&gt;&lt;code&gt;&lt;span style="color: var(--highlight-keyword)"&gt;&amp;nbsp;&amp;nbsp;&amp;nbsp;&amp;nbsp;&amp;nbsp;&amp;nbsp;&amp;nbsp;&amp;nbsp;&amp;nbsp;&amp;nbsp;&amp;nbsp;&amp;nbsp;:&amp;nbsp;&lt;/span&gt;&lt;span style="color: var(--highlight-default)"&gt;$fermeRepository&lt;/span&gt;&lt;span style="color: var(--highlight-keyword)"&gt;-&amp;gt;&lt;/span&gt;&lt;span style="color: var(--highlight-default)"&gt;findAll&lt;/span&gt;&lt;span style="color: var(--highlight-keyword)"&gt;();&#13;&lt;/span&gt;&lt;/code&gt;&lt;/li&gt;
&lt;li&gt;&lt;code&gt;&lt;span style="color: var(--highlight-keyword)"&gt;&#13;&lt;/span&gt;&lt;/code&gt;&lt;/li&gt;
&lt;li class="selected"&gt;&lt;code&gt;&lt;span style="color: var(--highlight-keyword)"&gt;&amp;nbsp;&amp;nbsp;&amp;nbsp;&amp;nbsp;&amp;nbsp;&amp;nbsp;&amp;nbsp;&amp;nbsp;return&amp;nbsp;&lt;/span&gt;&lt;span style="color: var(--highlight-default)"&gt;$this&lt;/span&gt;&lt;span style="color: var(--highlight-keyword)"&gt;-&amp;gt;&lt;/span&gt;&lt;span style="color: var(--highlight-default)"&gt;render&lt;/span&gt;&lt;span style="color: var(--highlight-keyword)"&gt;(&lt;/span&gt;&lt;span style="color: var(--highlight-string)"&gt;'ferme/index.html.twig'&lt;/span&gt;&lt;span style="color: var(--highlight-keyword)"&gt;,&amp;nbsp;[&#13;&lt;/span&gt;&lt;/code&gt;&lt;/li&gt;
&lt;li&gt;&lt;code&gt;&lt;span style="color: var(--highlight-keyword)"&gt;&amp;nbsp;&amp;nbsp;&amp;nbsp;&amp;nbsp;&amp;nbsp;&amp;nbsp;&amp;nbsp;&amp;nbsp;&amp;nbsp;&amp;nbsp;&amp;nbsp;&amp;nbsp;&lt;/span&gt;&lt;span style="color: var(--highlight-string)"&gt;'fermes'&amp;nbsp;&lt;/span&gt;&lt;span style="color: var(--highlight-keyword)"&gt;=&amp;gt;&amp;nbsp;&lt;/span&gt;&lt;span style="color: var(--highlight-default)"&gt;$fermes&lt;/span&gt;&lt;span style="color: var(--highlight-keyword)"&gt;,&#13;&lt;/span&gt;&lt;/code&gt;&lt;/li&gt;
&lt;li&gt;&lt;code&gt;&lt;span style="color: var(--highlight-keyword)"&gt;&amp;nbsp;&amp;nbsp;&amp;nbsp;&amp;nbsp;&amp;nbsp;&amp;nbsp;&amp;nbsp;&amp;nbsp;&amp;nbsp;&amp;nbsp;&amp;nbsp;&amp;nbsp;&lt;/span&gt;&lt;span style="color: var(--highlight-string)"&gt;'searchTerm'&amp;nbsp;&lt;/span&gt;&lt;span style="color: var(--highlight-keyword)"&gt;=&amp;gt;&amp;nbsp;&lt;/span&gt;&lt;span style="color: var(--highlight-default)"&gt;$search&lt;/span&gt;&lt;span style="color: var(--highlight-keyword)"&gt;,&#13;&lt;/span&gt;&lt;/code&gt;&lt;/li&gt;
&lt;li&gt;&lt;code&gt;&lt;span style="color: var(--highlight-keyword)"&gt;&amp;nbsp;&amp;nbsp;&amp;nbsp;&amp;nbsp;&amp;nbsp;&amp;nbsp;&amp;nbsp;&amp;nbsp;&amp;nbsp;&amp;nbsp;&amp;nbsp;&amp;nbsp;&lt;/span&gt;&lt;span style="color: var(--highlight-string)"&gt;'currentSort'&amp;nbsp;&lt;/span&gt;&lt;span style="color: var(--highlight-keyword)"&gt;=&amp;gt;&amp;nbsp;&lt;/span&gt;&lt;span style="color: var(--highlight-default)"&gt;$sort&lt;/span&gt;&lt;span style="color: var(--highlight-keyword)"&gt;,&#13;&lt;/span&gt;&lt;/code&gt;&lt;/li&gt;
&lt;li&gt;&lt;code&gt;&lt;span style="color: var(--highlight-keyword)"&gt;&amp;nbsp;&amp;nbsp;&amp;nbsp;&amp;nbsp;&amp;nbsp;&amp;nbsp;&amp;nbsp;&amp;nbsp;&amp;nbsp;&amp;nbsp;&amp;nbsp;&amp;nbsp;&lt;/span&gt;&lt;span style="color: var(--highlight-string)"&gt;'currentDirection'&amp;nbsp;&lt;/span&gt;&lt;span style="color: var(--highlight-keyword)"&gt;=&amp;gt;&amp;nbsp;&lt;/span&gt;&lt;span style="color: var(--highlight-default)"&gt;$direction&lt;/span&gt;&lt;span style="color: var(--highlight-keyword)"&gt;,&#13;&lt;/span&gt;&lt;/code&gt;&lt;/li&gt;
&lt;li&gt;&lt;code&gt;&lt;span style="color: var(--highlight-keyword)"&gt;&amp;nbsp;&amp;nbsp;&amp;nbsp;&amp;nbsp;&amp;nbsp;&amp;nbsp;&amp;nbsp;&amp;nbsp;&amp;nbsp;&amp;nbsp;&amp;nbsp;&amp;nbsp;&lt;/span&gt;&lt;span style="color: var(--highlight-string)"&gt;'errors'&amp;nbsp;&lt;/span&gt;&lt;span style="color: var(--highlight-keyword)"&gt;=&amp;gt;&amp;nbsp;[],&#13;&lt;/span&gt;&lt;/code&gt;&lt;/li&gt;&lt;/ol&gt;    &lt;/div&gt;            &lt;/div&gt;
                        &lt;div class="trace-line "&gt;
                &lt;div class="trace-line-header break-long-words sf-toggle" data-toggle-selector="#trace-html-1-15" data-toggle-initial=""&gt;
            &lt;span class="icon icon-close"&gt;&lt;svg width="1792" height="1792" viewBox="0 0 1792 1792" xmlns="http://www.w3.org/2000/svg"&gt;&lt;path d="M1408 960V832q0-26-19-45t-45-19H448q-26 0-45 19t-19 45v128q0 26 19 45t45 19h896q26 0 45-19t19-45zm256-544v960q0 119-84.5 203.5T1376 1664H416q-119 0-203.5-84.5T128 1376V416q0-119 84.5-203.5T416 128h960q119 0 203.5 84.5T1664 416z"/&gt;&lt;/svg&gt;&lt;/span&gt;
        &lt;span class="icon icon-open"&gt;&lt;svg width="1792" height="1792" viewBox="0 0 1792 1792" xmlns="http://www.w3.org/2000/svg"&gt;&lt;path d="M1408 960V832q0-26-19-45t-45-19h-320V448q0-26-19-45t-45-19H832q-26 0-45 19t-19 45v320H448q-26 0-45 19t-19 45v128q0 26 19 45t45 19h320v320q0 26 19 45t45 19h128q26 0 45-19t19-45v-320h320q26 0 45-19t19-45zm256-544v960q0 119-84.5 203.5T1376 1664H416q-119 0-203.5-84.5T128 1376V416q0-119 84.5-203.5T416 128h960q119 0 203.5 84.5T1664 416z"/&gt;&lt;/svg&gt;&lt;/span&gt;
    
            &lt;span class="trace-class"&gt;&lt;abbr title="App\Controller\FermeController"&gt;FermeController&lt;/abbr&gt;&lt;/span&gt;&lt;span class="trace-type"&gt;-&gt;&lt;/span&gt;&lt;span class="trace-method"&gt;index&lt;/span&gt;&lt;span class="trace-arguments"&gt;(&lt;em&gt;object&lt;/em&gt;(&lt;abbr title="App\Repository\FermeRepository"&gt;FermeRepository&lt;/abbr&gt;), &lt;em&gt;object&lt;/em&gt;(&lt;abbr title="Symfony\Component\HttpFoundation\Request"&gt;Request&lt;/abbr&gt;), &lt;em&gt;object&lt;/em&gt;(&lt;abbr title="ContainerHTaU8KY\EntityManagerGhost85163ea"&gt;EntityManagerGhost85163ea&lt;/abbr&gt;), &lt;em&gt;object&lt;/em&gt;(&lt;abbr title="Symfony\Component\Validator\Validator\TraceableValidator"&gt;TraceableValidator&lt;/abbr&gt;))&lt;/span&gt;    
                    &lt;span class="block trace-file-path"&gt;
            in
            &lt;a href="file://C:\Users\sliti\Desktop\dev\esprit-PIDEV-3A16-2526-FARMIA\vendor\symfony\http-kernel\HttpKernel.php#L181"&gt;
                C:\Users\sliti\Desktop\dev\esprit-PIDEV-3A16-2526-FARMIA\vendor\symfony\http-kernel\&lt;strong&gt;HttpKernel.php&lt;/strong&gt;
            &lt;/a&gt;
                        (line 181)
            &lt;span class="icon icon-copy hidden" data-clipboard-text="C:\Users\sliti\Desktop\dev\esprit-PIDEV-3A16-2526-FARMIA\vendor\symfony\http-kernel\HttpKernel.php:181"&gt;
                &lt;svg xmlns="http://www.w3.org/2000/svg" height="24" viewBox="0 0 24 24" width="24"&gt;&lt;path d="M0 0h24v24H0z" fill="none"/&gt;&lt;path d="M16 1H4c-1.1 0-2 .9-2 2v14h2V3h12V1zm3 4H8c-1.1 0-2 .9-2 2v14c0 1.1.9 2 2 2h11c1.1 0 2-.9 2-2V7c0-1.1-.9-2-2-2zm0 16H8V7h11v14z"/&gt;&lt;/svg&gt;            &lt;/span&gt;
        &lt;/span&gt;
    &lt;/div&gt;
    &lt;div id="trace-html-1-15" class="trace-code sf-toggle-content"&gt;
        &lt;ol start="176"&gt;&lt;li&gt;&lt;code&gt;&lt;span style="color: var(--highlight-keyword)"&gt;&amp;nbsp;&amp;nbsp;&amp;nbsp;&amp;nbsp;&amp;nbsp;&amp;nbsp;&amp;nbsp;&amp;nbsp;&lt;/span&gt;&lt;span style="color: var(--highlight-default)"&gt;$this&lt;/span&gt;&lt;span style="color: var(--highlight-keyword)"&gt;-&amp;gt;&lt;/span&gt;&lt;span style="color: var(--highlight-default)"&gt;dispatcher&lt;/span&gt;&lt;span style="color: var(--highlight-keyword)"&gt;-&amp;gt;&lt;/span&gt;&lt;span style="color: var(--highlight-default)"&gt;dispatch&lt;/span&gt;&lt;span style="color: var(--highlight-keyword)"&gt;(&lt;/span&gt;&lt;span style="color: var(--highlight-default)"&gt;$event&lt;/span&gt;&lt;span style="color: var(--highlight-keyword)"&gt;,&amp;nbsp;&lt;/span&gt;&lt;span style="color: var(--highlight-default)"&gt;KernelEvents&lt;/span&gt;&lt;span style="color: var(--highlight-keyword)"&gt;::&lt;/span&gt;&lt;span style="color: var(--highlight-default)"&gt;CONTROLLER_ARGUMENTS&lt;/span&gt;&lt;span style="color: var(--highlight-keyword)"&gt;);&lt;/span&gt;&lt;/code&gt;&lt;/li&gt;
&lt;li&gt;&lt;code&gt;&lt;span style="color: var(--highlight-keyword)"&gt;&amp;nbsp;&amp;nbsp;&amp;nbsp;&amp;nbsp;&amp;nbsp;&amp;nbsp;&amp;nbsp;&amp;nbsp;&lt;/span&gt;&lt;span style="color: var(--highlight-default)"&gt;$controller&amp;nbsp;&lt;/span&gt;&lt;span style="color: var(--highlight-keyword)"&gt;=&amp;nbsp;&lt;/span&gt;&lt;span style="color: var(--highlight-default)"&gt;$event&lt;/span&gt;&lt;span style="color: var(--highlight-keyword)"&gt;-&amp;gt;&lt;/span&gt;&lt;span style="color: var(--highlight-default)"&gt;getController&lt;/span&gt;&lt;span style="color: var(--highlight-keyword)"&gt;();&lt;/span&gt;&lt;/code&gt;&lt;/li&gt;
&lt;li&gt;&lt;code&gt;&lt;span style="color: var(--highlight-keyword)"&gt;&amp;nbsp;&amp;nbsp;&amp;nbsp;&amp;nbsp;&amp;nbsp;&amp;nbsp;&amp;nbsp;&amp;nbsp;&lt;/span&gt;&lt;span style="color: var(--highlight-default)"&gt;$arguments&amp;nbsp;&lt;/span&gt;&lt;span style="color: var(--highlight-keyword)"&gt;=&amp;nbsp;&lt;/span&gt;&lt;span style="color: var(--highlight-default)"&gt;$event&lt;/span&gt;&lt;span style="color: var(--highlight-keyword)"&gt;-&amp;gt;&lt;/span&gt;&lt;span style="color: var(--highlight-default)"&gt;getArguments&lt;/span&gt;&lt;span style="color: var(--highlight-keyword)"&gt;();&lt;/span&gt;&lt;/code&gt;&lt;/li&gt;
&lt;li&gt;&lt;code&gt;&lt;span style="color: var(--highlight-keyword)"&gt;&lt;/span&gt;&lt;/code&gt;&lt;/li&gt;
&lt;li&gt;&lt;code&gt;&lt;span style="color: var(--highlight-keyword)"&gt;&amp;nbsp;&amp;nbsp;&amp;nbsp;&amp;nbsp;&amp;nbsp;&amp;nbsp;&amp;nbsp;&amp;nbsp;&lt;/span&gt;&lt;span style="color: var(--highlight-comment)"&gt;//&amp;nbsp;call&amp;nbsp;controller&lt;/span&gt;&lt;/code&gt;&lt;/li&gt;
&lt;li class="selected"&gt;&lt;code&gt;&lt;span style="color: var(--highlight-comment)"&gt;&amp;nbsp;&amp;nbsp;&amp;nbsp;&amp;nbsp;&amp;nbsp;&amp;nbsp;&amp;nbsp;&amp;nbsp;&lt;/span&gt;&lt;span style="color: var(--highlight-default)"&gt;$response&amp;nbsp;&lt;/span&gt;&lt;span style="color: var(--highlight-keyword)"&gt;=&amp;nbsp;&lt;/span&gt;&lt;span style="color: var(--highlight-default)"&gt;$controller&lt;/span&gt;&lt;span style="color: var(--highlight-keyword)"&gt;(...&lt;/span&gt;&lt;span style="color: var(--highlight-default)"&gt;$arguments&lt;/span&gt;&lt;span style="color: var(--highlight-keyword)"&gt;);&lt;/span&gt;&lt;/code&gt;&lt;/li&gt;
&lt;li&gt;&lt;code&gt;&lt;span style="color: var(--highlight-keyword)"&gt;&lt;/span&gt;&lt;/code&gt;&lt;/li&gt;
&lt;li&gt;&lt;code&gt;&lt;span style="color: var(--highlight-keyword)"&gt;&amp;nbsp;&amp;nbsp;&amp;nbsp;&amp;nbsp;&amp;nbsp;&amp;nbsp;&amp;nbsp;&amp;nbsp;&lt;/span&gt;&lt;span style="color: var(--highlight-comment)"&gt;//&amp;nbsp;view&lt;/span&gt;&lt;/code&gt;&lt;/li&gt;
&lt;li&gt;&lt;code&gt;&lt;span style="color: var(--highlight-comment)"&gt;&amp;nbsp;&amp;nbsp;&amp;nbsp;&amp;nbsp;&amp;nbsp;&amp;nbsp;&amp;nbsp;&amp;nbsp;&lt;/span&gt;&lt;span style="color: var(--highlight-keyword)"&gt;if&amp;nbsp;(!&lt;/span&gt;&lt;span style="color: var(--highlight-default)"&gt;$response&amp;nbsp;&lt;/span&gt;&lt;span style="color: var(--highlight-keyword)"&gt;instanceof&amp;nbsp;&lt;/span&gt;&lt;span style="color: var(--highlight-default)"&gt;Response&lt;/span&gt;&lt;span style="color: var(--highlight-keyword)"&gt;)&amp;nbsp;{&lt;/span&gt;&lt;/code&gt;&lt;/li&gt;
&lt;li&gt;&lt;code&gt;&lt;span style="color: var(--highlight-keyword)"&gt;&amp;nbsp;&amp;nbsp;&amp;nbsp;&amp;nbsp;&amp;nbsp;&amp;nbsp;&amp;nbsp;&amp;nbsp;&amp;nbsp;&amp;nbsp;&amp;nbsp;&amp;nbsp;&lt;/span&gt;&lt;span style="color: var(--highlight-default)"&gt;$event&amp;nbsp;&lt;/span&gt;&lt;span style="color: var(--highlight-keyword)"&gt;=&amp;nbsp;new&amp;nbsp;&lt;/span&gt;&lt;span style="color: var(--highlight-default)"&gt;ViewEvent&lt;/span&gt;&lt;span style="color: var(--highlight-keyword)"&gt;(&lt;/span&gt;&lt;span style="color: var(--highlight-default)"&gt;$this&lt;/span&gt;&lt;span style="color: var(--highlight-keyword)"&gt;,&amp;nbsp;&lt;/span&gt;&lt;span style="color: var(--highlight-default)"&gt;$request&lt;/span&gt;&lt;span style="color: var(--highlight-keyword)"&gt;,&amp;nbsp;&lt;/span&gt;&lt;span style="color: var(--highlight-default)"&gt;$type&lt;/span&gt;&lt;span style="color: var(--highlight-keyword)"&gt;,&amp;nbsp;&lt;/span&gt;&lt;span style="color: var(--highlight-default)"&gt;$response&lt;/span&gt;&lt;span style="color: var(--highlight-keyword)"&gt;,&amp;nbsp;&lt;/span&gt;&lt;span style="color: var(--highlight-default)"&gt;$event&lt;/span&gt;&lt;span style="color: var(--highlight-keyword)"&gt;);&lt;/span&gt;&lt;/code&gt;&lt;/li&gt;
&lt;li&gt;&lt;code&gt;&lt;span style="color: var(--highlight-keyword)"&gt;&amp;nbsp;&amp;nbsp;&amp;nbsp;&amp;nbsp;&amp;nbsp;&amp;nbsp;&amp;nbsp;&amp;nbsp;&amp;nbsp;&amp;nbsp;&amp;nbsp;&amp;nbsp;&lt;/span&gt;&lt;span style="color: var(--highlight-default)"&gt;$this&lt;/span&gt;&lt;span style="color: var(--highlight-keyword)"&gt;-&amp;gt;&lt;/span&gt;&lt;span style="color: var(--highlight-default)"&gt;dispatcher&lt;/span&gt;&lt;span style="color: var(--highlight-keyword)"&gt;-&amp;gt;&lt;/span&gt;&lt;span style="color: var(--highlight-default)"&gt;dispatch&lt;/span&gt;&lt;span style="color: var(--highlight-keyword)"&gt;(&lt;/span&gt;&lt;span style="color: var(--highlight-default)"&gt;$event&lt;/span&gt;&lt;span style="color: var(--highlight-keyword)"&gt;,&amp;nbsp;&lt;/span&gt;&lt;span style="color: var(--highlight-default)"&gt;KernelEvents&lt;/span&gt;&lt;span style="color: var(--highlight-keyword)"&gt;::&lt;/span&gt;&lt;span style="color: var(--highlight-default)"&gt;VIEW&lt;/span&gt;&lt;span style="color: var(--highlight-keyword)"&gt;);&lt;/span&gt;&lt;/code&gt;&lt;/li&gt;&lt;/ol&gt;    &lt;/div&gt;            &lt;/div&gt;
                        &lt;div class="trace-line "&gt;
                &lt;div class="trace-line-header break-long-words sf-toggle" data-toggle-selector="#trace-html-1-16" data-toggle-initial=""&gt;
            &lt;span class="icon icon-close"&gt;&lt;svg width="1792" height="1792" viewBox="0 0 1792 1792" xmlns="http://www.w3.org/2000/svg"&gt;&lt;path d="M1408 960V832q0-26-19-45t-45-19H448q-26 0-45 19t-19 45v128q0 26 19 45t45 19h896q26 0 45-19t19-45zm256-544v960q0 119-84.5 203.5T1376 1664H416q-119 0-203.5-84.5T128 1376V416q0-119 84.5-203.5T416 128h960q119 0 203.5 84.5T1664 416z"/&gt;&lt;/svg&gt;&lt;/span&gt;
        &lt;span class="icon icon-open"&gt;&lt;svg width="1792" height="1792" viewBox="0 0 1792 1792" xmlns="http://www.w3.org/2000/svg"&gt;&lt;path d="M1408 960V832q0-26-19-45t-45-19h-320V448q0-26-19-45t-45-19H832q-26 0-45 19t-19 45v320H448q-26 0-45 19t-19 45v128q0 26 19 45t45 19h320v320q0 26 19 45t45 19h128q26 0 45-19t19-45v-320h320q26 0 45-19t19-45zm256-544v960q0 119-84.5 203.5T1376 1664H416q-119 0-203.5-84.5T128 1376V416q0-119 84.5-203.5T416 128h960q119 0 203.5 84.5T1664 416z"/&gt;&lt;/svg&gt;&lt;/span&gt;
    
            &lt;span class="trace-class"&gt;&lt;abbr title="Symfony\Component\HttpKernel\HttpKernel"&gt;HttpKernel&lt;/abbr&gt;&lt;/span&gt;&lt;span class="trace-type"&gt;-&gt;&lt;/span&gt;&lt;span class="trace-method"&gt;handleRaw&lt;/span&gt;&lt;span class="trace-arguments"&gt;(&lt;em&gt;object&lt;/em&gt;(&lt;abbr title="Symfony\Component\HttpFoundation\Request"&gt;Request&lt;/abbr&gt;), 1)&lt;/span&gt;    
                    &lt;span class="block trace-file-path"&gt;
            in
            &lt;a href="file://C:\Users\sliti\Desktop\dev\esprit-PIDEV-3A16-2526-FARMIA\vendor\symfony\http-kernel\HttpKernel.php#L76"&gt;
                C:\Users\sliti\Desktop\dev\esprit-PIDEV-3A16-2526-FARMIA\vendor\symfony\http-kernel\&lt;strong&gt;HttpKernel.php&lt;/strong&gt;
            &lt;/a&gt;
                        (line 76)
            &lt;span class="icon icon-copy hidden" data-clipboard-text="C:\Users\sliti\Desktop\dev\esprit-PIDEV-3A16-2526-FARMIA\vendor\symfony\http-kernel\HttpKernel.php:76"&gt;
                &lt;svg xmlns="http://www.w3.org/2000/svg" height="24" viewBox="0 0 24 24" width="24"&gt;&lt;path d="M0 0h24v24H0z" fill="none"/&gt;&lt;path d="M16 1H4c-1.1 0-2 .9-2 2v14h2V3h12V1zm3 4H8c-1.1 0-2 .9-2 2v14c0 1.1.9 2 2 2h11c1.1 0 2-.9 2-2V7c0-1.1-.9-2-2-2zm0 16H8V7h11v14z"/&gt;&lt;/svg&gt;            &lt;/span&gt;
        &lt;/span&gt;
    &lt;/div&gt;
    &lt;div id="trace-html-1-16" class="trace-code sf-toggle-content"&gt;
        &lt;ol start="71"&gt;&lt;li&gt;&lt;code&gt;&lt;span style="color: var(--highlight-keyword)"&gt;&amp;nbsp;&amp;nbsp;&amp;nbsp;&amp;nbsp;&amp;nbsp;&amp;nbsp;&amp;nbsp;&amp;nbsp;&lt;/span&gt;&lt;span style="color: var(--highlight-default)"&gt;$request&lt;/span&gt;&lt;span style="color: var(--highlight-keyword)"&gt;-&amp;gt;&lt;/span&gt;&lt;span style="color: var(--highlight-default)"&gt;headers&lt;/span&gt;&lt;span style="color: var(--highlight-keyword)"&gt;-&amp;gt;&lt;/span&gt;&lt;span style="color: var(--highlight-default)"&gt;set&lt;/span&gt;&lt;span style="color: var(--highlight-keyword)"&gt;(&lt;/span&gt;&lt;span style="color: var(--highlight-string)"&gt;'X-Php-Ob-Level'&lt;/span&gt;&lt;span style="color: var(--highlight-keyword)"&gt;,&amp;nbsp;(string)&amp;nbsp;&lt;/span&gt;&lt;span style="color: var(--highlight-default)"&gt;ob_get_level&lt;/span&gt;&lt;span style="color: var(--highlight-keyword)"&gt;());&lt;/span&gt;&lt;/code&gt;&lt;/li&gt;
&lt;li&gt;&lt;code&gt;&lt;span style="color: var(--highlight-keyword)"&gt;&lt;/span&gt;&lt;/code&gt;&lt;/li&gt;
&lt;li&gt;&lt;code&gt;&lt;span style="color: var(--highlight-keyword)"&gt;&amp;nbsp;&amp;nbsp;&amp;nbsp;&amp;nbsp;&amp;nbsp;&amp;nbsp;&amp;nbsp;&amp;nbsp;&lt;/span&gt;&lt;span style="color: var(--highlight-default)"&gt;$this&lt;/span&gt;&lt;span style="color: var(--highlight-keyword)"&gt;-&amp;gt;&lt;/span&gt;&lt;span style="color: var(--highlight-default)"&gt;requestStack&lt;/span&gt;&lt;span style="color: var(--highlight-keyword)"&gt;-&amp;gt;&lt;/span&gt;&lt;span style="color: var(--highlight-default)"&gt;push&lt;/span&gt;&lt;span style="color: var(--highlight-keyword)"&gt;(&lt;/span&gt;&lt;span style="color: var(--highlight-default)"&gt;$request&lt;/span&gt;&lt;span style="color: var(--highlight-keyword)"&gt;);&lt;/span&gt;&lt;/code&gt;&lt;/li&gt;
&lt;li&gt;&lt;code&gt;&lt;span style="color: var(--highlight-keyword)"&gt;&amp;nbsp;&amp;nbsp;&amp;nbsp;&amp;nbsp;&amp;nbsp;&amp;nbsp;&amp;nbsp;&amp;nbsp;&lt;/span&gt;&lt;span style="color: var(--highlight-default)"&gt;$response&amp;nbsp;&lt;/span&gt;&lt;span style="color: var(--highlight-keyword)"&gt;=&amp;nbsp;&lt;/span&gt;&lt;span style="color: var(--highlight-default)"&gt;null&lt;/span&gt;&lt;span style="color: var(--highlight-keyword)"&gt;;&lt;/span&gt;&lt;/code&gt;&lt;/li&gt;
&lt;li&gt;&lt;code&gt;&lt;span style="color: var(--highlight-keyword)"&gt;&amp;nbsp;&amp;nbsp;&amp;nbsp;&amp;nbsp;&amp;nbsp;&amp;nbsp;&amp;nbsp;&amp;nbsp;try&amp;nbsp;{&lt;/span&gt;&lt;/code&gt;&lt;/li&gt;
&lt;li class="selected"&gt;&lt;code&gt;&lt;span style="color: var(--highlight-keyword)"&gt;&amp;nbsp;&amp;nbsp;&amp;nbsp;&amp;nbsp;&amp;nbsp;&amp;nbsp;&amp;nbsp;&amp;nbsp;&amp;nbsp;&amp;nbsp;&amp;nbsp;&amp;nbsp;return&amp;nbsp;&lt;/span&gt;&lt;span style="color: var(--highlight-default)"&gt;$response&amp;nbsp;&lt;/span&gt;&lt;span style="color: var(--highlight-keyword)"&gt;=&amp;nbsp;&lt;/span&gt;&lt;span style="color: var(--highlight-default)"&gt;$this&lt;/span&gt;&lt;span style="color: var(--highlight-keyword)"&gt;-&amp;gt;&lt;/span&gt;&lt;span style="color: var(--highlight-default)"&gt;handleRaw&lt;/span&gt;&lt;span style="color: var(--highlight-keyword)"&gt;(&lt;/span&gt;&lt;span style="color: var(--highlight-default)"&gt;$request&lt;/span&gt;&lt;span style="color: var(--highlight-keyword)"&gt;,&amp;nbsp;&lt;/span&gt;&lt;span style="color: var(--highlight-default)"&gt;$type&lt;/span&gt;&lt;span style="color: var(--highlight-keyword)"&gt;);&lt;/span&gt;&lt;/code&gt;&lt;/li&gt;
&lt;li&gt;&lt;code&gt;&lt;span style="color: var(--highlight-keyword)"&gt;&amp;nbsp;&amp;nbsp;&amp;nbsp;&amp;nbsp;&amp;nbsp;&amp;nbsp;&amp;nbsp;&amp;nbsp;}&amp;nbsp;catch&amp;nbsp;(&lt;/span&gt;&lt;span style="color: var(--highlight-default)"&gt;\Throwable&amp;nbsp;$e&lt;/span&gt;&lt;span style="color: var(--highlight-keyword)"&gt;)&amp;nbsp;{&lt;/span&gt;&lt;/code&gt;&lt;/li&gt;
&lt;li&gt;&lt;code&gt;&lt;span style="color: var(--highlight-keyword)"&gt;&amp;nbsp;&amp;nbsp;&amp;nbsp;&amp;nbsp;&amp;nbsp;&amp;nbsp;&amp;nbsp;&amp;nbsp;&amp;nbsp;&amp;nbsp;&amp;nbsp;&amp;nbsp;if&amp;nbsp;(&lt;/span&gt;&lt;span style="color: var(--highlight-default)"&gt;$e&amp;nbsp;&lt;/span&gt;&lt;span style="color: var(--highlight-keyword)"&gt;instanceof&amp;nbsp;&lt;/span&gt;&lt;span style="color: var(--highlight-default)"&gt;\Error&amp;nbsp;&lt;/span&gt;&lt;span style="color: var(--highlight-keyword)"&gt;&amp;amp;&amp;amp;&amp;nbsp;!&lt;/span&gt;&lt;span style="color: var(--highlight-default)"&gt;$this&lt;/span&gt;&lt;span style="color: var(--highlight-keyword)"&gt;-&amp;gt;&lt;/span&gt;&lt;span style="color: var(--highlight-default)"&gt;handleAllThrowables&lt;/span&gt;&lt;span style="color: var(--highlight-keyword)"&gt;)&amp;nbsp;{&lt;/span&gt;&lt;/code&gt;&lt;/li&gt;
&lt;li&gt;&lt;code&gt;&lt;span style="color: var(--highlight-keyword)"&gt;&amp;nbsp;&amp;nbsp;&amp;nbsp;&amp;nbsp;&amp;nbsp;&amp;nbsp;&amp;nbsp;&amp;nbsp;&amp;nbsp;&amp;nbsp;&amp;nbsp;&amp;nbsp;&amp;nbsp;&amp;nbsp;&amp;nbsp;&amp;nbsp;throw&amp;nbsp;&lt;/span&gt;&lt;span style="color: var(--highlight-default)"&gt;$e&lt;/span&gt;&lt;span style="color: var(--highlight-keyword)"&gt;;&lt;/span&gt;&lt;/code&gt;&lt;/li&gt;
&lt;li&gt;&lt;code&gt;&lt;span style="color: var(--highlight-keyword)"&gt;&amp;nbsp;&amp;nbsp;&amp;nbsp;&amp;nbsp;&amp;nbsp;&amp;nbsp;&amp;nbsp;&amp;nbsp;&amp;nbsp;&amp;nbsp;&amp;nbsp;&amp;nbsp;}&lt;/span&gt;&lt;/code&gt;&lt;/li&gt;
&lt;li&gt;&lt;code&gt;&lt;span style="color: var(--highlight-keyword)"&gt;&lt;/span&gt;&lt;/code&gt;&lt;/li&gt;&lt;/ol&gt;    &lt;/div&gt;            &lt;/div&gt;
                        &lt;div class="trace-line "&gt;
                &lt;div class="trace-line-header break-long-words sf-toggle" data-toggle-selector="#trace-html-1-17" data-toggle-initial=""&gt;
            &lt;span class="icon icon-close"&gt;&lt;svg width="1792" height="1792" viewBox="0 0 1792 1792" xmlns="http://www.w3.org/2000/svg"&gt;&lt;path d="M1408 960V832q0-26-19-45t-45-19H448q-26 0-45 19t-19 45v128q0 26 19 45t45 19h896q26 0 45-19t19-45zm256-544v960q0 119-84.5 203.5T1376 1664H416q-119 0-203.5-84.5T128 1376V416q0-119 84.5-203.5T416 128h960q119 0 203.5 84.5T1664 416z"/&gt;&lt;/svg&gt;&lt;/span&gt;
        &lt;span class="icon icon-open"&gt;&lt;svg width="1792" height="1792" viewBox="0 0 1792 1792" xmlns="http://www.w3.org/2000/svg"&gt;&lt;path d="M1408 960V832q0-26-19-45t-45-19h-320V448q0-26-19-45t-45-19H832q-26 0-45 19t-19 45v320H448q-26 0-45 19t-19 45v128q0 26 19 45t45 19h320v320q0 26 19 45t45 19h128q26 0 45-19t19-45v-320h320q26 0 45-19t19-45zm256-544v960q0 119-84.5 203.5T1376 1664H416q-119 0-203.5-84.5T128 1376V416q0-119 84.5-203.5T416 128h960q119 0 203.5 84.5T1664 416z"/&gt;&lt;/svg&gt;&lt;/span&gt;
    
            &lt;span class="trace-class"&gt;&lt;abbr title="Symfony\Component\HttpKernel\HttpKernel"&gt;HttpKernel&lt;/abbr&gt;&lt;/span&gt;&lt;span class="trace-type"&gt;-&gt;&lt;/span&gt;&lt;span class="trace-method"&gt;handle&lt;/span&gt;&lt;span class="trace-arguments"&gt;(&lt;em&gt;object&lt;/em&gt;(&lt;abbr title="Symfony\Component\HttpFoundation\Request"&gt;Request&lt;/abbr&gt;), 1, &lt;em&gt;true&lt;/em&gt;)&lt;/span&gt;    
                    &lt;span class="block trace-file-path"&gt;
            in
            &lt;a href="file://C:\Users\sliti\Desktop\dev\esprit-PIDEV-3A16-2526-FARMIA\vendor\symfony\http-kernel\Kernel.php#L208"&gt;
                C:\Users\sliti\Desktop\dev\esprit-PIDEV-3A16-2526-FARMIA\vendor\symfony\http-kernel\&lt;strong&gt;Kernel.php&lt;/strong&gt;
            &lt;/a&gt;
                        (line 208)
            &lt;span class="icon icon-copy hidden" data-clipboard-text="C:\Users\sliti\Desktop\dev\esprit-PIDEV-3A16-2526-FARMIA\vendor\symfony\http-kernel\Kernel.php:208"&gt;
                &lt;svg xmlns="http://www.w3.org/2000/svg" height="24" viewBox="0 0 24 24" width="24"&gt;&lt;path d="M0 0h24v24H0z" fill="none"/&gt;&lt;path d="M16 1H4c-1.1 0-2 .9-2 2v14h2V3h12V1zm3 4H8c-1.1 0-2 .9-2 2v14c0 1.1.9 2 2 2h11c1.1 0 2-.9 2-2V7c0-1.1-.9-2-2-2zm0 16H8V7h11v14z"/&gt;&lt;/svg&gt;            &lt;/span&gt;
        &lt;/span&gt;
    &lt;/div&gt;
    &lt;div id="trace-html-1-17" class="trace-code sf-toggle-content"&gt;
        &lt;ol start="203"&gt;&lt;li&gt;&lt;code&gt;&lt;span style="color: var(--highlight-keyword)"&gt;&amp;nbsp;&amp;nbsp;&amp;nbsp;&amp;nbsp;&amp;nbsp;&amp;nbsp;&amp;nbsp;&amp;nbsp;if&amp;nbsp;(!&lt;/span&gt;&lt;span style="color: var(--highlight-default)"&gt;$this&lt;/span&gt;&lt;span style="color: var(--highlight-keyword)"&gt;-&amp;gt;&lt;/span&gt;&lt;span style="color: var(--highlight-default)"&gt;handlingHttpCache&lt;/span&gt;&lt;span style="color: var(--highlight-keyword)"&gt;)&amp;nbsp;{&lt;/span&gt;&lt;/code&gt;&lt;/li&gt;
&lt;li&gt;&lt;code&gt;&lt;span style="color: var(--highlight-keyword)"&gt;&amp;nbsp;&amp;nbsp;&amp;nbsp;&amp;nbsp;&amp;nbsp;&amp;nbsp;&amp;nbsp;&amp;nbsp;&amp;nbsp;&amp;nbsp;&amp;nbsp;&amp;nbsp;&lt;/span&gt;&lt;span style="color: var(--highlight-default)"&gt;$this&lt;/span&gt;&lt;span style="color: var(--highlight-keyword)"&gt;-&amp;gt;&lt;/span&gt;&lt;span style="color: var(--highlight-default)"&gt;resetServices&amp;nbsp;&lt;/span&gt;&lt;span style="color: var(--highlight-keyword)"&gt;=&amp;nbsp;&lt;/span&gt;&lt;span style="color: var(--highlight-default)"&gt;true&lt;/span&gt;&lt;span style="color: var(--highlight-keyword)"&gt;;&lt;/span&gt;&lt;/code&gt;&lt;/li&gt;
&lt;li&gt;&lt;code&gt;&lt;span style="color: var(--highlight-keyword)"&gt;&amp;nbsp;&amp;nbsp;&amp;nbsp;&amp;nbsp;&amp;nbsp;&amp;nbsp;&amp;nbsp;&amp;nbsp;}&lt;/span&gt;&lt;/code&gt;&lt;/li&gt;
&lt;li&gt;&lt;code&gt;&lt;span style="color: var(--highlight-keyword)"&gt;&lt;/span&gt;&lt;/code&gt;&lt;/li&gt;
&lt;li&gt;&lt;code&gt;&lt;span style="color: var(--highlight-keyword)"&gt;&amp;nbsp;&amp;nbsp;&amp;nbsp;&amp;nbsp;&amp;nbsp;&amp;nbsp;&amp;nbsp;&amp;nbsp;try&amp;nbsp;{&lt;/span&gt;&lt;/code&gt;&lt;/li&gt;
&lt;li class="selected"&gt;&lt;code&gt;&lt;span style="color: var(--highlight-keyword)"&gt;&amp;nbsp;&amp;nbsp;&amp;nbsp;&amp;nbsp;&amp;nbsp;&amp;nbsp;&amp;nbsp;&amp;nbsp;&amp;nbsp;&amp;nbsp;&amp;nbsp;&amp;nbsp;return&amp;nbsp;&lt;/span&gt;&lt;span style="color: var(--highlight-default)"&gt;$this&lt;/span&gt;&lt;span style="color: var(--highlight-keyword)"&gt;-&amp;gt;&lt;/span&gt;&lt;span style="color: var(--highlight-default)"&gt;getHttpKernel&lt;/span&gt;&lt;span style="color: var(--highlight-keyword)"&gt;()-&amp;gt;&lt;/span&gt;&lt;span style="color: var(--highlight-default)"&gt;handle&lt;/span&gt;&lt;span style="color: var(--highlight-keyword)"&gt;(&lt;/span&gt;&lt;span style="color: var(--highlight-default)"&gt;$request&lt;/span&gt;&lt;span style="color: var(--highlight-keyword)"&gt;,&amp;nbsp;&lt;/span&gt;&lt;span style="color: var(--highlight-default)"&gt;$type&lt;/span&gt;&lt;span style="color: var(--highlight-keyword)"&gt;,&amp;nbsp;&lt;/span&gt;&lt;span style="color: var(--highlight-default)"&gt;$catch&lt;/span&gt;&lt;span style="color: var(--highlight-keyword)"&gt;);&lt;/span&gt;&lt;/code&gt;&lt;/li&gt;
&lt;li&gt;&lt;code&gt;&lt;span style="color: var(--highlight-keyword)"&gt;&amp;nbsp;&amp;nbsp;&amp;nbsp;&amp;nbsp;&amp;nbsp;&amp;nbsp;&amp;nbsp;&amp;nbsp;}&amp;nbsp;finally&amp;nbsp;{&lt;/span&gt;&lt;/code&gt;&lt;/li&gt;
&lt;li&gt;&lt;code&gt;&lt;span style="color: var(--highlight-keyword)"&gt;&amp;nbsp;&amp;nbsp;&amp;nbsp;&amp;nbsp;&amp;nbsp;&amp;nbsp;&amp;nbsp;&amp;nbsp;&amp;nbsp;&amp;nbsp;&amp;nbsp;&amp;nbsp;--&lt;/span&gt;&lt;span style="color: var(--highlight-default)"&gt;$this&lt;/span&gt;&lt;span style="color: var(--highlight-keyword)"&gt;-&amp;gt;&lt;/span&gt;&lt;span style="color: var(--highlight-default)"&gt;requestStackSize&lt;/span&gt;&lt;span style="color: var(--highlight-keyword)"&gt;;&lt;/span&gt;&lt;/code&gt;&lt;/li&gt;
&lt;li&gt;&lt;code&gt;&lt;span style="color: var(--highlight-keyword)"&gt;&amp;nbsp;&amp;nbsp;&amp;nbsp;&amp;nbsp;&amp;nbsp;&amp;nbsp;&amp;nbsp;&amp;nbsp;}&lt;/span&gt;&lt;/code&gt;&lt;/li&gt;
&lt;li&gt;&lt;code&gt;&lt;span style="color: var(--highlight-keyword)"&gt;&amp;nbsp;&amp;nbsp;&amp;nbsp;&amp;nbsp;}&lt;/span&gt;&lt;/code&gt;&lt;/li&gt;
&lt;li&gt;&lt;code&gt;&lt;span style="color: var(--highlight-keyword)"&gt;&lt;/span&gt;&lt;/code&gt;&lt;/li&gt;&lt;/ol&gt;    &lt;/div&gt;            &lt;/div&gt;
                        &lt;div class="trace-line "&gt;
                &lt;div class="trace-line-header break-long-words sf-toggle" data-toggle-selector="#trace-html-1-18" data-toggle-initial=""&gt;
            &lt;span class="icon icon-close"&gt;&lt;svg width="1792" height="1792" viewBox="0 0 1792 1792" xmlns="http://www.w3.org/2000/svg"&gt;&lt;path d="M1408 960V832q0-26-19-45t-45-19H448q-26 0-45 19t-19 45v128q0 26 19 45t45 19h896q26 0 45-19t19-45zm256-544v960q0 119-84.5 203.5T1376 1664H416q-119 0-203.5-84.5T128 1376V416q0-119 84.5-203.5T416 128h960q119 0 203.5 84.5T1664 416z"/&gt;&lt;/svg&gt;&lt;/span&gt;
        &lt;span class="icon icon-open"&gt;&lt;svg width="1792" height="1792" viewBox="0 0 1792 1792" xmlns="http://www.w3.org/2000/svg"&gt;&lt;path d="M1408 960V832q0-26-19-45t-45-19h-320V448q0-26-19-45t-45-19H832q-26 0-45 19t-19 45v320H448q-26 0-45 19t-19 45v128q0 26 19 45t45 19h320v320q0 26 19 45t45 19h128q26 0 45-19t19-45v-320h320q26 0 45-19t19-45zm256-544v960q0 119-84.5 203.5T1376 1664H416q-119 0-203.5-84.5T128 1376V416q0-119 84.5-203.5T416 128h960q119 0 203.5 84.5T1664 416z"/&gt;&lt;/svg&gt;&lt;/span&gt;
    
            &lt;span class="trace-class"&gt;&lt;abbr title="Symfony\Component\HttpKernel\Kernel"&gt;Kernel&lt;/abbr&gt;&lt;/span&gt;&lt;span class="trace-type"&gt;-&gt;&lt;/span&gt;&lt;span class="trace-method"&gt;handle&lt;/span&gt;&lt;span class="trace-arguments"&gt;(&lt;em&gt;object&lt;/em&gt;(&lt;abbr title="Symfony\Component\HttpFoundation\Request"&gt;Request&lt;/abbr&gt;), 1, &lt;em&gt;true&lt;/em&gt;)&lt;/span&gt;    
                    &lt;span class="block trace-file-path"&gt;
            in
            &lt;a href="file://C:\Users\sliti\Desktop\dev\esprit-PIDEV-3A16-2526-FARMIA\vendor\symfony\http-kernel\HttpKernelBrowser.php#L65"&gt;
                C:\Users\sliti\Desktop\dev\esprit-PIDEV-3A16-2526-FARMIA\vendor\symfony\http-kernel\&lt;strong&gt;HttpKernelBrowser.php&lt;/strong&gt;
            &lt;/a&gt;
                        (line 65)
            &lt;span class="icon icon-copy hidden" data-clipboard-text="C:\Users\sliti\Desktop\dev\esprit-PIDEV-3A16-2526-FARMIA\vendor\symfony\http-kernel\HttpKernelBrowser.php:65"&gt;
                &lt;svg xmlns="http://www.w3.org/2000/svg" height="24" viewBox="0 0 24 24" width="24"&gt;&lt;path d="M0 0h24v24H0z" fill="none"/&gt;&lt;path d="M16 1H4c-1.1 0-2 .9-2 2v14h2V3h12V1zm3 4H8c-1.1 0-2 .9-2 2v14c0 1.1.9 2 2 2h11c1.1 0 2-.9 2-2V7c0-1.1-.9-2-2-2zm0 16H8V7h11v14z"/&gt;&lt;/svg&gt;            &lt;/span&gt;
        &lt;/span&gt;
    &lt;/div&gt;
    &lt;div id="trace-html-1-18" class="trace-code sf-toggle-content"&gt;
        &lt;ol start="60"&gt;&lt;li&gt;&lt;code&gt;&lt;span style="color: var(--highlight-comment)"&gt;&amp;nbsp;&amp;nbsp;&amp;nbsp;&amp;nbsp;&amp;nbsp;*&lt;/span&gt;&lt;/code&gt;&lt;/li&gt;
&lt;li&gt;&lt;code&gt;&lt;span style="color: var(--highlight-comment)"&gt;&amp;nbsp;&amp;nbsp;&amp;nbsp;&amp;nbsp;&amp;nbsp;*&amp;nbsp;@return&amp;nbsp;Response&lt;/span&gt;&lt;/code&gt;&lt;/li&gt;
&lt;li&gt;&lt;code&gt;&lt;span style="color: var(--highlight-comment)"&gt;&amp;nbsp;&amp;nbsp;&amp;nbsp;&amp;nbsp;&amp;nbsp;*/&lt;/span&gt;&lt;/code&gt;&lt;/li&gt;
&lt;li&gt;&lt;code&gt;&lt;span style="color: var(--highlight-comment)"&gt;&amp;nbsp;&amp;nbsp;&amp;nbsp;&amp;nbsp;&lt;/span&gt;&lt;span style="color: var(--highlight-keyword)"&gt;protected&amp;nbsp;function&amp;nbsp;&lt;/span&gt;&lt;span style="color: var(--highlight-default)"&gt;doRequest&lt;/span&gt;&lt;span style="color: var(--highlight-keyword)"&gt;(&lt;/span&gt;&lt;span style="color: var(--highlight-default)"&gt;object&amp;nbsp;$request&lt;/span&gt;&lt;span style="color: var(--highlight-keyword)"&gt;)&lt;/span&gt;&lt;/code&gt;&lt;/li&gt;
&lt;li&gt;&lt;code&gt;&lt;span style="color: var(--highlight-keyword)"&gt;&amp;nbsp;&amp;nbsp;&amp;nbsp;&amp;nbsp;{&lt;/span&gt;&lt;/code&gt;&lt;/li&gt;
&lt;li class="selected"&gt;&lt;code&gt;&lt;span style="color: var(--highlight-keyword)"&gt;&amp;nbsp;&amp;nbsp;&amp;nbsp;&amp;nbsp;&amp;nbsp;&amp;nbsp;&amp;nbsp;&amp;nbsp;&lt;/span&gt;&lt;span style="color: var(--highlight-default)"&gt;$response&amp;nbsp;&lt;/span&gt;&lt;span style="color: var(--highlight-keyword)"&gt;=&amp;nbsp;&lt;/span&gt;&lt;span style="color: var(--highlight-default)"&gt;$this&lt;/span&gt;&lt;span style="color: var(--highlight-keyword)"&gt;-&amp;gt;&lt;/span&gt;&lt;span style="color: var(--highlight-default)"&gt;kernel&lt;/span&gt;&lt;span style="color: var(--highlight-keyword)"&gt;-&amp;gt;&lt;/span&gt;&lt;span style="color: var(--highlight-default)"&gt;handle&lt;/span&gt;&lt;span style="color: var(--highlight-keyword)"&gt;(&lt;/span&gt;&lt;span style="color: var(--highlight-default)"&gt;$request&lt;/span&gt;&lt;span style="color: var(--highlight-keyword)"&gt;,&amp;nbsp;&lt;/span&gt;&lt;span style="color: var(--highlight-default)"&gt;HttpKernelInterface&lt;/span&gt;&lt;span style="color: var(--highlight-keyword)"&gt;::&lt;/span&gt;&lt;span style="color: var(--highlight-default)"&gt;MAIN_REQUEST&lt;/span&gt;&lt;span style="color: var(--highlight-keyword)"&gt;,&amp;nbsp;&lt;/span&gt;&lt;span style="color: var(--highlight-default)"&gt;$this&lt;/span&gt;&lt;span style="color: var(--highlight-keyword)"&gt;-&amp;gt;&lt;/span&gt;&lt;span style="color: var(--highlight-default)"&gt;catchExceptions&lt;/span&gt;&lt;span style="color: var(--highlight-keyword)"&gt;);&lt;/span&gt;&lt;/code&gt;&lt;/li&gt;
&lt;li&gt;&lt;code&gt;&lt;span style="color: var(--highlight-keyword)"&gt;&lt;/span&gt;&lt;/code&gt;&lt;/li&gt;
&lt;li&gt;&lt;code&gt;&lt;span style="color: var(--highlight-keyword)"&gt;&amp;nbsp;&amp;nbsp;&amp;nbsp;&amp;nbsp;&amp;nbsp;&amp;nbsp;&amp;nbsp;&amp;nbsp;if&amp;nbsp;(&lt;/span&gt;&lt;span style="color: var(--highlight-default)"&gt;$this&lt;/span&gt;&lt;span style="color: var(--highlight-keyword)"&gt;-&amp;gt;&lt;/span&gt;&lt;span style="color: var(--highlight-default)"&gt;kernel&amp;nbsp;&lt;/span&gt;&lt;span style="color: var(--highlight-keyword)"&gt;instanceof&amp;nbsp;&lt;/span&gt;&lt;span style="color: var(--highlight-default)"&gt;TerminableInterface&lt;/span&gt;&lt;span style="color: var(--highlight-keyword)"&gt;)&amp;nbsp;{&lt;/span&gt;&lt;/code&gt;&lt;/li&gt;
&lt;li&gt;&lt;code&gt;&lt;span style="color: var(--highlight-keyword)"&gt;&amp;nbsp;&amp;nbsp;&amp;nbsp;&amp;nbsp;&amp;nbsp;&amp;nbsp;&amp;nbsp;&amp;nbsp;&amp;nbsp;&amp;nbsp;&amp;nbsp;&amp;nbsp;&lt;/span&gt;&lt;span style="color: var(--highlight-default)"&gt;$this&lt;/span&gt;&lt;span style="color: var(--highlight-keyword)"&gt;-&amp;gt;&lt;/span&gt;&lt;span style="color: var(--highlight-default)"&gt;kernel&lt;/span&gt;&lt;span style="color: var(--highlight-keyword)"&gt;-&amp;gt;&lt;/span&gt;&lt;span style="color: var(--highlight-default)"&gt;terminate&lt;/span&gt;&lt;span style="color: var(--highlight-keyword)"&gt;(&lt;/span&gt;&lt;span style="color: var(--highlight-default)"&gt;$request&lt;/span&gt;&lt;span style="color: var(--highlight-keyword)"&gt;,&amp;nbsp;&lt;/span&gt;&lt;span style="color: var(--highlight-default)"&gt;$response&lt;/span&gt;&lt;span style="color: var(--highlight-keyword)"&gt;);&lt;/span&gt;&lt;/code&gt;&lt;/li&gt;
&lt;li&gt;&lt;code&gt;&lt;span style="color: var(--highlight-keyword)"&gt;&amp;nbsp;&amp;nbsp;&amp;nbsp;&amp;nbsp;&amp;nbsp;&amp;nbsp;&amp;nbsp;&amp;nbsp;}&lt;/span&gt;&lt;/code&gt;&lt;/li&gt;
&lt;li&gt;&lt;code&gt;&lt;span style="color: var(--highlight-keyword)"&gt;&lt;/span&gt;&lt;/code&gt;&lt;/li&gt;&lt;/ol&gt;    &lt;/div&gt;            &lt;/div&gt;
                        &lt;div class="trace-line "&gt;
                &lt;div class="trace-line-header break-long-words sf-toggle" data-toggle-selector="#trace-html-1-19" data-toggle-initial=""&gt;
            &lt;span class="icon icon-close"&gt;&lt;svg width="1792" height="1792" viewBox="0 0 1792 1792" xmlns="http://www.w3.org/2000/svg"&gt;&lt;path d="M1408 960V832q0-26-19-45t-45-19H448q-26 0-45 19t-19 45v128q0 26 19 45t45 19h896q26 0 45-19t19-45zm256-544v960q0 119-84.5 203.5T1376 1664H416q-119 0-203.5-84.5T128 1376V416q0-119 84.5-203.5T416 128h960q119 0 203.5 84.5T1664 416z"/&gt;&lt;/svg&gt;&lt;/span&gt;
        &lt;span class="icon icon-open"&gt;&lt;svg width="1792" height="1792" viewBox="0 0 1792 1792" xmlns="http://www.w3.org/2000/svg"&gt;&lt;path d="M1408 960V832q0-26-19-45t-45-19h-320V448q0-26-19-45t-45-19H832q-26 0-45 19t-19 45v320H448q-26 0-45 19t-19 45v128q0 26 19 45t45 19h320v320q0 26 19 45t45 19h128q26 0 45-19t19-45v-320h320q26 0 45-19t19-45zm256-544v960q0 119-84.5 203.5T1376 1664H416q-119 0-203.5-84.5T128 1376V416q0-119 84.5-203.5T416 128h960q119 0 203.5 84.5T1664 416z"/&gt;&lt;/svg&gt;&lt;/span&gt;
    
            &lt;span class="trace-class"&gt;&lt;abbr title="Symfony\Component\HttpKernel\HttpKernelBrowser"&gt;HttpKernelBrowser&lt;/abbr&gt;&lt;/span&gt;&lt;span class="trace-type"&gt;-&gt;&lt;/span&gt;&lt;span class="trace-method"&gt;doRequest&lt;/span&gt;&lt;span class="trace-arguments"&gt;(&lt;em&gt;object&lt;/em&gt;(&lt;abbr title="Symfony\Component\HttpFoundation\Request"&gt;Request&lt;/abbr&gt;))&lt;/span&gt;    
                    &lt;span class="block trace-file-path"&gt;
            in
            &lt;a href="file://C:\Users\sliti\Desktop\dev\esprit-PIDEV-3A16-2526-FARMIA\vendor\symfony\framework-bundle\KernelBrowser.php#L175"&gt;
                C:\Users\sliti\Desktop\dev\esprit-PIDEV-3A16-2526-FARMIA\vendor\symfony\framework-bundle\&lt;strong&gt;KernelBrowser.php&lt;/strong&gt;
            &lt;/a&gt;
                        (line 175)
            &lt;span class="icon icon-copy hidden" data-clipboard-text="C:\Users\sliti\Desktop\dev\esprit-PIDEV-3A16-2526-FARMIA\vendor\symfony\framework-bundle\KernelBrowser.php:175"&gt;
                &lt;svg xmlns="http://www.w3.org/2000/svg" height="24" viewBox="0 0 24 24" width="24"&gt;&lt;path d="M0 0h24v24H0z" fill="none"/&gt;&lt;path d="M16 1H4c-1.1 0-2 .9-2 2v14h2V3h12V1zm3 4H8c-1.1 0-2 .9-2 2v14c0 1.1.9 2 2 2h11c1.1 0 2-.9 2-2V7c0-1.1-.9-2-2-2zm0 16H8V7h11v14z"/&gt;&lt;/svg&gt;            &lt;/span&gt;
        &lt;/span&gt;
    &lt;/div&gt;
    &lt;div id="trace-html-1-19" class="trace-code sf-toggle-content"&gt;
        &lt;ol start="170"&gt;&lt;li&gt;&lt;code&gt;&lt;span style="color: var(--highlight-keyword)"&gt;&lt;/span&gt;&lt;/code&gt;&lt;/li&gt;
&lt;li&gt;&lt;code&gt;&lt;span style="color: var(--highlight-keyword)"&gt;&amp;nbsp;&amp;nbsp;&amp;nbsp;&amp;nbsp;&amp;nbsp;&amp;nbsp;&amp;nbsp;&amp;nbsp;&amp;nbsp;&amp;nbsp;&amp;nbsp;&amp;nbsp;&lt;/span&gt;&lt;span style="color: var(--highlight-default)"&gt;$this&lt;/span&gt;&lt;span style="color: var(--highlight-keyword)"&gt;-&amp;gt;&lt;/span&gt;&lt;span style="color: var(--highlight-default)"&gt;kernel&lt;/span&gt;&lt;span style="color: var(--highlight-keyword)"&gt;-&amp;gt;&lt;/span&gt;&lt;span style="color: var(--highlight-default)"&gt;boot&lt;/span&gt;&lt;span style="color: var(--highlight-keyword)"&gt;();&lt;/span&gt;&lt;/code&gt;&lt;/li&gt;
&lt;li&gt;&lt;code&gt;&lt;span style="color: var(--highlight-keyword)"&gt;&amp;nbsp;&amp;nbsp;&amp;nbsp;&amp;nbsp;&amp;nbsp;&amp;nbsp;&amp;nbsp;&amp;nbsp;&amp;nbsp;&amp;nbsp;&amp;nbsp;&amp;nbsp;&lt;/span&gt;&lt;span style="color: var(--highlight-default)"&gt;$this&lt;/span&gt;&lt;span style="color: var(--highlight-keyword)"&gt;-&amp;gt;&lt;/span&gt;&lt;span style="color: var(--highlight-default)"&gt;getContainer&lt;/span&gt;&lt;span style="color: var(--highlight-keyword)"&gt;()-&amp;gt;&lt;/span&gt;&lt;span style="color: var(--highlight-default)"&gt;get&lt;/span&gt;&lt;span style="color: var(--highlight-keyword)"&gt;(&lt;/span&gt;&lt;span style="color: var(--highlight-string)"&gt;'profiler'&lt;/span&gt;&lt;span style="color: var(--highlight-keyword)"&gt;)-&amp;gt;&lt;/span&gt;&lt;span style="color: var(--highlight-default)"&gt;enable&lt;/span&gt;&lt;span style="color: var(--highlight-keyword)"&gt;();&lt;/span&gt;&lt;/code&gt;&lt;/li&gt;
&lt;li&gt;&lt;code&gt;&lt;span style="color: var(--highlight-keyword)"&gt;&amp;nbsp;&amp;nbsp;&amp;nbsp;&amp;nbsp;&amp;nbsp;&amp;nbsp;&amp;nbsp;&amp;nbsp;}&lt;/span&gt;&lt;/code&gt;&lt;/li&gt;
&lt;li&gt;&lt;code&gt;&lt;span style="color: var(--highlight-keyword)"&gt;&lt;/span&gt;&lt;/code&gt;&lt;/li&gt;
&lt;li class="selected"&gt;&lt;code&gt;&lt;span style="color: var(--highlight-keyword)"&gt;&amp;nbsp;&amp;nbsp;&amp;nbsp;&amp;nbsp;&amp;nbsp;&amp;nbsp;&amp;nbsp;&amp;nbsp;return&amp;nbsp;&lt;/span&gt;&lt;span style="color: var(--highlight-default)"&gt;parent&lt;/span&gt;&lt;span style="color: var(--highlight-keyword)"&gt;::&lt;/span&gt;&lt;span style="color: var(--highlight-default)"&gt;doRequest&lt;/span&gt;&lt;span style="color: var(--highlight-keyword)"&gt;(&lt;/span&gt;&lt;span style="color: var(--highlight-default)"&gt;$request&lt;/span&gt;&lt;span style="color: var(--highlight-keyword)"&gt;);&lt;/span&gt;&lt;/code&gt;&lt;/li&gt;
&lt;li&gt;&lt;code&gt;&lt;span style="color: var(--highlight-keyword)"&gt;&amp;nbsp;&amp;nbsp;&amp;nbsp;&amp;nbsp;}&lt;/span&gt;&lt;/code&gt;&lt;/li&gt;
&lt;li&gt;&lt;code&gt;&lt;span style="color: var(--highlight-keyword)"&gt;&lt;/span&gt;&lt;/code&gt;&lt;/li&gt;
&lt;li&gt;&lt;code&gt;&lt;span style="color: var(--highlight-keyword)"&gt;&amp;nbsp;&amp;nbsp;&amp;nbsp;&amp;nbsp;&lt;/span&gt;&lt;span style="color: var(--highlight-comment)"&gt;/**&lt;/span&gt;&lt;/code&gt;&lt;/li&gt;
&lt;li&gt;&lt;code&gt;&lt;span style="color: var(--highlight-comment)"&gt;&amp;nbsp;&amp;nbsp;&amp;nbsp;&amp;nbsp;&amp;nbsp;*&amp;nbsp;@param&amp;nbsp;Request&amp;nbsp;$request&lt;/span&gt;&lt;/code&gt;&lt;/li&gt;
&lt;li&gt;&lt;code&gt;&lt;span style="color: var(--highlight-comment)"&gt;&amp;nbsp;&amp;nbsp;&amp;nbsp;&amp;nbsp;&amp;nbsp;*/&lt;/span&gt;&lt;/code&gt;&lt;/li&gt;&lt;/ol&gt;    &lt;/div&gt;            &lt;/div&gt;
                        &lt;div class="trace-line "&gt;
                &lt;div class="trace-line-header break-long-words sf-toggle" data-toggle-selector="#trace-html-1-20" data-toggle-initial=""&gt;
            &lt;span class="icon icon-close"&gt;&lt;svg width="1792" height="1792" viewBox="0 0 1792 1792" xmlns="http://www.w3.org/2000/svg"&gt;&lt;path d="M1408 960V832q0-26-19-45t-45-19H448q-26 0-45 19t-19 45v128q0 26 19 45t45 19h896q26 0 45-19t19-45zm256-544v960q0 119-84.5 203.5T1376 1664H416q-119 0-203.5-84.5T128 1376V416q0-119 84.5-203.5T416 128h960q119 0 203.5 84.5T1664 416z"/&gt;&lt;/svg&gt;&lt;/span&gt;
        &lt;span class="icon icon-open"&gt;&lt;svg width="1792" height="1792" viewBox="0 0 1792 1792" xmlns="http://www.w3.org/2000/svg"&gt;&lt;path d="M1408 960V832q0-26-19-45t-45-19h-320V448q0-26-19-45t-45-19H832q-26 0-45 19t-19 45v320H448q-26 0-45 19t-19 45v128q0 26 19 45t45 19h320v320q0 26 19 45t45 19h128q26 0 45-19t19-45v-320h320q26 0 45-19t19-45zm256-544v960q0 119-84.5 203.5T1376 1664H416q-119 0-203.5-84.5T128 1376V416q0-119 84.5-203.5T416 128h960q119 0 203.5 84.5T1664 416z"/&gt;&lt;/svg&gt;&lt;/span&gt;
    
            &lt;span class="trace-class"&gt;&lt;abbr title="Symfony\Bundle\FrameworkBundle\KernelBrowser"&gt;KernelBrowser&lt;/abbr&gt;&lt;/span&gt;&lt;span class="trace-type"&gt;-&gt;&lt;/span&gt;&lt;span class="trace-method"&gt;doRequest&lt;/span&gt;&lt;span class="trace-arguments"&gt;(&lt;em&gt;object&lt;/em&gt;(&lt;abbr title="Symfony\Component\HttpFoundation\Request"&gt;Request&lt;/abbr&gt;))&lt;/span&gt;    
                    &lt;span class="block trace-file-path"&gt;
            in
            &lt;a href="file://C:\Users\sliti\Desktop\dev\esprit-PIDEV-3A16-2526-FARMIA\vendor\symfony\browser-kit\AbstractBrowser.php#L385"&gt;
                C:\Users\sliti\Desktop\dev\esprit-PIDEV-3A16-2526-FARMIA\vendor\symfony\browser-kit\&lt;strong&gt;AbstractBrowser.php&lt;/strong&gt;
            &lt;/a&gt;
                        (line 385)
            &lt;span class="icon icon-copy hidden" data-clipboard-text="C:\Users\sliti\Desktop\dev\esprit-PIDEV-3A16-2526-FARMIA\vendor\symfony\browser-kit\AbstractBrowser.php:385"&gt;
                &lt;svg xmlns="http://www.w3.org/2000/svg" height="24" viewBox="0 0 24 24" width="24"&gt;&lt;path d="M0 0h24v24H0z" fill="none"/&gt;&lt;path d="M16 1H4c-1.1 0-2 .9-2 2v14h2V3h12V1zm3 4H8c-1.1 0-2 .9-2 2v14c0 1.1.9 2 2 2h11c1.1 0 2-.9 2-2V7c0-1.1-.9-2-2-2zm0 16H8V7h11v14z"/&gt;&lt;/svg&gt;            &lt;/span&gt;
        &lt;/span&gt;
    &lt;/div&gt;
    &lt;div id="trace-html-1-20" class="trace-code sf-toggle-content"&gt;
        &lt;ol start="380"&gt;&lt;li&gt;&lt;code&gt;&lt;span style="color: var(--highlight-keyword)"&gt;&amp;nbsp;&amp;nbsp;&amp;nbsp;&amp;nbsp;&amp;nbsp;&amp;nbsp;&amp;nbsp;&amp;nbsp;}&lt;/span&gt;&lt;/code&gt;&lt;/li&gt;
&lt;li&gt;&lt;code&gt;&lt;span style="color: var(--highlight-keyword)"&gt;&lt;/span&gt;&lt;/code&gt;&lt;/li&gt;
&lt;li&gt;&lt;code&gt;&lt;span style="color: var(--highlight-keyword)"&gt;&amp;nbsp;&amp;nbsp;&amp;nbsp;&amp;nbsp;&amp;nbsp;&amp;nbsp;&amp;nbsp;&amp;nbsp;if&amp;nbsp;(&lt;/span&gt;&lt;span style="color: var(--highlight-default)"&gt;$this&lt;/span&gt;&lt;span style="color: var(--highlight-keyword)"&gt;-&amp;gt;&lt;/span&gt;&lt;span style="color: var(--highlight-default)"&gt;insulated&lt;/span&gt;&lt;span style="color: var(--highlight-keyword)"&gt;)&amp;nbsp;{&lt;/span&gt;&lt;/code&gt;&lt;/li&gt;
&lt;li&gt;&lt;code&gt;&lt;span style="color: var(--highlight-keyword)"&gt;&amp;nbsp;&amp;nbsp;&amp;nbsp;&amp;nbsp;&amp;nbsp;&amp;nbsp;&amp;nbsp;&amp;nbsp;&amp;nbsp;&amp;nbsp;&amp;nbsp;&amp;nbsp;&lt;/span&gt;&lt;span style="color: var(--highlight-default)"&gt;$this&lt;/span&gt;&lt;span style="color: var(--highlight-keyword)"&gt;-&amp;gt;&lt;/span&gt;&lt;span style="color: var(--highlight-default)"&gt;response&amp;nbsp;&lt;/span&gt;&lt;span style="color: var(--highlight-keyword)"&gt;=&amp;nbsp;&lt;/span&gt;&lt;span style="color: var(--highlight-default)"&gt;$this&lt;/span&gt;&lt;span style="color: var(--highlight-keyword)"&gt;-&amp;gt;&lt;/span&gt;&lt;span style="color: var(--highlight-default)"&gt;doRequestInProcess&lt;/span&gt;&lt;span style="color: var(--highlight-keyword)"&gt;(&lt;/span&gt;&lt;span style="color: var(--highlight-default)"&gt;$this&lt;/span&gt;&lt;span style="color: var(--highlight-keyword)"&gt;-&amp;gt;&lt;/span&gt;&lt;span style="color: var(--highlight-default)"&gt;request&lt;/span&gt;&lt;span style="color: var(--highlight-keyword)"&gt;);&lt;/span&gt;&lt;/code&gt;&lt;/li&gt;
&lt;li&gt;&lt;code&gt;&lt;span style="color: var(--highlight-keyword)"&gt;&amp;nbsp;&amp;nbsp;&amp;nbsp;&amp;nbsp;&amp;nbsp;&amp;nbsp;&amp;nbsp;&amp;nbsp;}&amp;nbsp;else&amp;nbsp;{&lt;/span&gt;&lt;/code&gt;&lt;/li&gt;
&lt;li class="selected"&gt;&lt;code&gt;&lt;span style="color: var(--highlight-keyword)"&gt;&amp;nbsp;&amp;nbsp;&amp;nbsp;&amp;nbsp;&amp;nbsp;&amp;nbsp;&amp;nbsp;&amp;nbsp;&amp;nbsp;&amp;nbsp;&amp;nbsp;&amp;nbsp;&lt;/span&gt;&lt;span style="color: var(--highlight-default)"&gt;$this&lt;/span&gt;&lt;span style="color: var(--highlight-keyword)"&gt;-&amp;gt;&lt;/span&gt;&lt;span style="color: var(--highlight-default)"&gt;response&amp;nbsp;&lt;/span&gt;&lt;span style="color: var(--highlight-keyword)"&gt;=&amp;nbsp;&lt;/span&gt;&lt;span style="color: var(--highlight-default)"&gt;$this&lt;/span&gt;&lt;span style="color: var(--highlight-keyword)"&gt;-&amp;gt;&lt;/span&gt;&lt;span style="color: var(--highlight-default)"&gt;doRequest&lt;/span&gt;&lt;span style="color: var(--highlight-keyword)"&gt;(&lt;/span&gt;&lt;span style="color: var(--highlight-default)"&gt;$this&lt;/span&gt;&lt;span style="color: var(--highlight-keyword)"&gt;-&amp;gt;&lt;/span&gt;&lt;span style="color: var(--highlight-default)"&gt;request&lt;/span&gt;&lt;span style="color: var(--highlight-keyword)"&gt;);&lt;/span&gt;&lt;/code&gt;&lt;/li&gt;
&lt;li&gt;&lt;code&gt;&lt;span style="color: var(--highlight-keyword)"&gt;&amp;nbsp;&amp;nbsp;&amp;nbsp;&amp;nbsp;&amp;nbsp;&amp;nbsp;&amp;nbsp;&amp;nbsp;}&lt;/span&gt;&lt;/code&gt;&lt;/li&gt;
&lt;li&gt;&lt;code&gt;&lt;span style="color: var(--highlight-keyword)"&gt;&lt;/span&gt;&lt;/code&gt;&lt;/li&gt;
&lt;li&gt;&lt;code&gt;&lt;span style="color: var(--highlight-keyword)"&gt;&amp;nbsp;&amp;nbsp;&amp;nbsp;&amp;nbsp;&amp;nbsp;&amp;nbsp;&amp;nbsp;&amp;nbsp;&lt;/span&gt;&lt;span style="color: var(--highlight-default)"&gt;$this&lt;/span&gt;&lt;span style="color: var(--highlight-keyword)"&gt;-&amp;gt;&lt;/span&gt;&lt;span style="color: var(--highlight-default)"&gt;internalResponse&amp;nbsp;&lt;/span&gt;&lt;span style="color: var(--highlight-keyword)"&gt;=&amp;nbsp;&lt;/span&gt;&lt;span style="color: var(--highlight-default)"&gt;$this&lt;/span&gt;&lt;span style="color: var(--highlight-keyword)"&gt;-&amp;gt;&lt;/span&gt;&lt;span style="color: var(--highlight-default)"&gt;filterResponse&lt;/span&gt;&lt;span style="color: var(--highlight-keyword)"&gt;(&lt;/span&gt;&lt;span style="color: var(--highlight-default)"&gt;$this&lt;/span&gt;&lt;span style="color: var(--highlight-keyword)"&gt;-&amp;gt;&lt;/span&gt;&lt;span style="color: var(--highlight-default)"&gt;response&lt;/span&gt;&lt;span style="color: var(--highlight-keyword)"&gt;);&lt;/span&gt;&lt;/code&gt;&lt;/li&gt;
&lt;li&gt;&lt;code&gt;&lt;span style="color: var(--highlight-keyword)"&gt;&lt;/span&gt;&lt;/code&gt;&lt;/li&gt;
&lt;li&gt;&lt;code&gt;&lt;span style="color: var(--highlight-keyword)"&gt;&amp;nbsp;&amp;nbsp;&amp;nbsp;&amp;nbsp;&amp;nbsp;&amp;nbsp;&amp;nbsp;&amp;nbsp;&lt;/span&gt;&lt;span style="color: var(--highlight-default)"&gt;$this&lt;/span&gt;&lt;span style="color: var(--highlight-keyword)"&gt;-&amp;gt;&lt;/span&gt;&lt;span style="color: var(--highlight-default)"&gt;cookieJar&lt;/span&gt;&lt;span style="color: var(--highlight-keyword)"&gt;-&amp;gt;&lt;/span&gt;&lt;span style="color: var(--highlight-default)"&gt;updateFromResponse&lt;/span&gt;&lt;span style="color: var(--highlight-keyword)"&gt;(&lt;/span&gt;&lt;span style="color: var(--highlight-default)"&gt;$this&lt;/span&gt;&lt;span style="color: var(--highlight-keyword)"&gt;-&amp;gt;&lt;/span&gt;&lt;span style="color: var(--highlight-default)"&gt;internalResponse&lt;/span&gt;&lt;span style="color: var(--highlight-keyword)"&gt;,&amp;nbsp;&lt;/span&gt;&lt;span style="color: var(--highlight-default)"&gt;$uri&lt;/span&gt;&lt;span style="color: var(--highlight-keyword)"&gt;);&lt;/span&gt;&lt;/code&gt;&lt;/li&gt;&lt;/ol&gt;    &lt;/div&gt;            &lt;/div&gt;
                        &lt;div class="trace-line "&gt;
                &lt;div class="trace-line-header break-long-words sf-toggle" data-toggle-selector="#trace-html-1-21" data-toggle-initial=""&gt;
            &lt;span class="icon icon-close"&gt;&lt;svg width="1792" height="1792" viewBox="0 0 1792 1792" xmlns="http://www.w3.org/2000/svg"&gt;&lt;path d="M1408 960V832q0-26-19-45t-45-19H448q-26 0-45 19t-19 45v128q0 26 19 45t45 19h896q26 0 45-19t19-45zm256-544v960q0 119-84.5 203.5T1376 1664H416q-119 0-203.5-84.5T128 1376V416q0-119 84.5-203.5T416 128h960q119 0 203.5 84.5T1664 416z"/&gt;&lt;/svg&gt;&lt;/span&gt;
        &lt;span class="icon icon-open"&gt;&lt;svg width="1792" height="1792" viewBox="0 0 1792 1792" xmlns="http://www.w3.org/2000/svg"&gt;&lt;path d="M1408 960V832q0-26-19-45t-45-19h-320V448q0-26-19-45t-45-19H832q-26 0-45 19t-19 45v320H448q-26 0-45 19t-19 45v128q0 26 19 45t45 19h320v320q0 26 19 45t45 19h128q26 0 45-19t19-45v-320h320q26 0 45-19t19-45zm256-544v960q0 119-84.5 203.5T1376 1664H416q-119 0-203.5-84.5T128 1376V416q0-119 84.5-203.5T416 128h960q119 0 203.5 84.5T1664 416z"/&gt;&lt;/svg&gt;&lt;/span&gt;
    
            &lt;span class="trace-class"&gt;&lt;abbr title="Symfony\Component\BrowserKit\AbstractBrowser"&gt;AbstractBrowser&lt;/abbr&gt;&lt;/span&gt;&lt;span class="trace-type"&gt;-&gt;&lt;/span&gt;&lt;span class="trace-method"&gt;request&lt;/span&gt;&lt;span class="trace-arguments"&gt;('GET', 'http://localhost/ferme/')&lt;/span&gt;    
                    &lt;span class="block trace-file-path"&gt;
            in
            &lt;a href="file://C:\Users\sliti\Desktop\dev\esprit-PIDEV-3A16-2526-FARMIA\tests\Functional\Controller\FermeControllerTest.php#L199"&gt;
                C:\Users\sliti\Desktop\dev\esprit-PIDEV-3A16-2526-FARMIA\tests\Functional\Controller\&lt;strong&gt;FermeControllerTest.php&lt;/strong&gt;
            &lt;/a&gt;
                        (line 199)
            &lt;span class="icon icon-copy hidden" data-clipboard-text="C:\Users\sliti\Desktop\dev\esprit-PIDEV-3A16-2526-FARMIA\tests\Functional\Controller\FermeControllerTest.php:199"&gt;
                &lt;svg xmlns="http://www.w3.org/2000/svg" height="24" viewBox="0 0 24 24" width="24"&gt;&lt;path d="M0 0h24v24H0z" fill="none"/&gt;&lt;path d="M16 1H4c-1.1 0-2 .9-2 2v14h2V3h12V1zm3 4H8c-1.1 0-2 .9-2 2v14c0 1.1.9 2 2 2h11c1.1 0 2-.9 2-2V7c0-1.1-.9-2-2-2zm0 16H8V7h11v14z"/&gt;&lt;/svg&gt;            &lt;/span&gt;
        &lt;/span&gt;
    &lt;/div&gt;
    &lt;div id="trace-html-1-21" class="trace-code sf-toggle-content"&gt;
        &lt;ol start="194"&gt;&lt;li&gt;&lt;code&gt;&lt;span style="color: var(--highlight-comment)"&gt;&amp;nbsp;&amp;nbsp;&amp;nbsp;&amp;nbsp;&amp;nbsp;*&amp;nbsp;Reason:&amp;nbsp;Security&amp;nbsp;-&amp;nbsp;only&amp;nbsp;authenticated&amp;nbsp;users&amp;nbsp;should&amp;nbsp;access&#13;&lt;/span&gt;&lt;/code&gt;&lt;/li&gt;
&lt;li&gt;&lt;code&gt;&lt;span style="color: var(--highlight-comment)"&gt;&amp;nbsp;&amp;nbsp;&amp;nbsp;&amp;nbsp;&amp;nbsp;*&amp;nbsp;Fat&amp;nbsp;tail&amp;nbsp;covered:&amp;nbsp;Unauthorized&amp;nbsp;access&amp;nbsp;to&amp;nbsp;sensitive&amp;nbsp;data&#13;&lt;/span&gt;&lt;/code&gt;&lt;/li&gt;
&lt;li&gt;&lt;code&gt;&lt;span style="color: var(--highlight-comment)"&gt;&amp;nbsp;&amp;nbsp;&amp;nbsp;&amp;nbsp;&amp;nbsp;*/&#13;&lt;/span&gt;&lt;/code&gt;&lt;/li&gt;
&lt;li&gt;&lt;code&gt;&lt;span style="color: var(--highlight-comment)"&gt;&amp;nbsp;&amp;nbsp;&amp;nbsp;&amp;nbsp;&lt;/span&gt;&lt;span style="color: var(--highlight-keyword)"&gt;public&amp;nbsp;function&amp;nbsp;&lt;/span&gt;&lt;span style="color: var(--highlight-default)"&gt;testUnauthenticatedUserIsRedirected&lt;/span&gt;&lt;span style="color: var(--highlight-keyword)"&gt;():&amp;nbsp;&lt;/span&gt;&lt;span style="color: var(--highlight-default)"&gt;void&#13;&lt;/span&gt;&lt;/code&gt;&lt;/li&gt;
&lt;li&gt;&lt;code&gt;&lt;span style="color: var(--highlight-default)"&gt;&amp;nbsp;&amp;nbsp;&amp;nbsp;&amp;nbsp;&lt;/span&gt;&lt;span style="color: var(--highlight-keyword)"&gt;{&#13;&lt;/span&gt;&lt;/code&gt;&lt;/li&gt;
&lt;li class="selected"&gt;&lt;code&gt;&lt;span style="color: var(--highlight-keyword)"&gt;&amp;nbsp;&amp;nbsp;&amp;nbsp;&amp;nbsp;&amp;nbsp;&amp;nbsp;&amp;nbsp;&amp;nbsp;&lt;/span&gt;&lt;span style="color: var(--highlight-default)"&gt;self&lt;/span&gt;&lt;span style="color: var(--highlight-keyword)"&gt;::&lt;/span&gt;&lt;span style="color: var(--highlight-default)"&gt;$client&lt;/span&gt;&lt;span style="color: var(--highlight-keyword)"&gt;-&amp;gt;&lt;/span&gt;&lt;span style="color: var(--highlight-default)"&gt;request&lt;/span&gt;&lt;span style="color: var(--highlight-keyword)"&gt;(&lt;/span&gt;&lt;span style="color: var(--highlight-string)"&gt;'GET'&lt;/span&gt;&lt;span style="color: var(--highlight-keyword)"&gt;,&amp;nbsp;&lt;/span&gt;&lt;span style="color: var(--highlight-string)"&gt;'/ferme/'&lt;/span&gt;&lt;span style="color: var(--highlight-keyword)"&gt;);&#13;&lt;/span&gt;&lt;/code&gt;&lt;/li&gt;
&lt;li&gt;&lt;code&gt;&lt;span style="color: var(--highlight-keyword)"&gt;&#13;&lt;/span&gt;&lt;/code&gt;&lt;/li&gt;
&lt;li&gt;&lt;code&gt;&lt;span style="color: var(--highlight-keyword)"&gt;&amp;nbsp;&amp;nbsp;&amp;nbsp;&amp;nbsp;&amp;nbsp;&amp;nbsp;&amp;nbsp;&amp;nbsp;&lt;/span&gt;&lt;span style="color: var(--highlight-default)"&gt;$this&lt;/span&gt;&lt;span style="color: var(--highlight-keyword)"&gt;-&amp;gt;&lt;/span&gt;&lt;span style="color: var(--highlight-default)"&gt;assertResponseRedirects&lt;/span&gt;&lt;span style="color: var(--highlight-keyword)"&gt;();&#13;&lt;/span&gt;&lt;/code&gt;&lt;/li&gt;
&lt;li&gt;&lt;code&gt;&lt;span style="color: var(--highlight-keyword)"&gt;&amp;nbsp;&amp;nbsp;&amp;nbsp;&amp;nbsp;}&#13;&lt;/span&gt;&lt;/code&gt;&lt;/li&gt;
&lt;li&gt;&lt;code&gt;&lt;span style="color: var(--highlight-keyword)"&gt;&#13;&lt;/span&gt;&lt;/code&gt;&lt;/li&gt;
&lt;li&gt;&lt;code&gt;&lt;span style="color: var(--highlight-keyword)"&gt;&amp;nbsp;&amp;nbsp;&amp;nbsp;&amp;nbsp;&lt;/span&gt;&lt;span style="color: var(--highlight-comment)"&gt;/**&#13;&lt;/span&gt;&lt;/code&gt;&lt;/li&gt;&lt;/ol&gt;    &lt;/div&gt;            &lt;/div&gt;
                        &lt;div class="trace-line "&gt;
                &lt;div class="trace-line-header break-long-words sf-toggle" data-toggle-selector="#trace-html-1-22" data-toggle-initial=""&gt;
            &lt;span class="icon icon-close"&gt;&lt;svg width="1792" height="1792" viewBox="0 0 1792 1792" xmlns="http://www.w3.org/2000/svg"&gt;&lt;path d="M1408 960V832q0-26-19-45t-45-19H448q-26 0-45 19t-19 45v128q0 26 19 45t45 19h896q26 0 45-19t19-45zm256-544v960q0 119-84.5 203.5T1376 1664H416q-119 0-203.5-84.5T128 1376V416q0-119 84.5-203.5T416 128h960q119 0 203.5 84.5T1664 416z"/&gt;&lt;/svg&gt;&lt;/span&gt;
        &lt;span class="icon icon-open"&gt;&lt;svg width="1792" height="1792" viewBox="0 0 1792 1792" xmlns="http://www.w3.org/2000/svg"&gt;&lt;path d="M1408 960V832q0-26-19-45t-45-19h-320V448q0-26-19-45t-45-19H832q-26 0-45 19t-19 45v320H448q-26 0-45 19t-19 45v128q0 26 19 45t45 19h320v320q0 26 19 45t45 19h128q26 0 45-19t19-45v-320h320q26 0 45-19t19-45zm256-544v960q0 119-84.5 203.5T1376 1664H416q-119 0-203.5-84.5T128 1376V416q0-119 84.5-203.5T416 128h960q119 0 203.5 84.5T1664 416z"/&gt;&lt;/svg&gt;&lt;/span&gt;
    
            &lt;span class="trace-class"&gt;&lt;abbr title="App\Tests\Functional\Controller\FermeControllerTest"&gt;FermeControllerTest&lt;/abbr&gt;&lt;/span&gt;&lt;span class="trace-type"&gt;-&gt;&lt;/span&gt;&lt;span class="trace-method"&gt;testUnauthenticatedUserIsRedirected&lt;/span&gt;&lt;span class="trace-arguments"&gt;()&lt;/span&gt;    
                    &lt;span class="block trace-file-path"&gt;
            in
            &lt;a href="file://C:\Users\sliti\Desktop\dev\esprit-PIDEV-3A16-2526-FARMIA\vendor\phpunit\phpunit\src\Framework\TestCase.php#L1617"&gt;
                C:\Users\sliti\Desktop\dev\esprit-PIDEV-3A16-2526-FARMIA\vendor\phpunit\phpunit\src\Framework\&lt;strong&gt;TestCase.php&lt;/strong&gt;
            &lt;/a&gt;
                        (line 1617)
            &lt;span class="icon icon-copy hidden" data-clipboard-text="C:\Users\sliti\Desktop\dev\esprit-PIDEV-3A16-2526-FARMIA\vendor\phpunit\phpunit\src\Framework\TestCase.php:1617"&gt;
                &lt;svg xmlns="http://www.w3.org/2000/svg" height="24" viewBox="0 0 24 24" width="24"&gt;&lt;path d="M0 0h24v24H0z" fill="none"/&gt;&lt;path d="M16 1H4c-1.1 0-2 .9-2 2v14h2V3h12V1zm3 4H8c-1.1 0-2 .9-2 2v14c0 1.1.9 2 2 2h11c1.1 0 2-.9 2-2V7c0-1.1-.9-2-2-2zm0 16H8V7h11v14z"/&gt;&lt;/svg&gt;            &lt;/span&gt;
        &lt;/span&gt;
    &lt;/div&gt;
    &lt;div id="trace-html-1-22" class="trace-code sf-toggle-content"&gt;
        &lt;ol start="1612"&gt;&lt;li&gt;&lt;code&gt;&lt;span style="color: var(--highlight-keyword)"&gt;&amp;nbsp;&amp;nbsp;&amp;nbsp;&amp;nbsp;&amp;nbsp;&amp;nbsp;&amp;nbsp;&amp;nbsp;&lt;/span&gt;&lt;span style="color: var(--highlight-default)"&gt;$testArguments&amp;nbsp;&lt;/span&gt;&lt;span style="color: var(--highlight-keyword)"&gt;=&amp;nbsp;&lt;/span&gt;&lt;span style="color: var(--highlight-default)"&gt;array_merge&lt;/span&gt;&lt;span style="color: var(--highlight-keyword)"&gt;(&lt;/span&gt;&lt;span style="color: var(--highlight-default)"&gt;$this&lt;/span&gt;&lt;span style="color: var(--highlight-keyword)"&gt;-&amp;gt;&lt;/span&gt;&lt;span style="color: var(--highlight-default)"&gt;data&lt;/span&gt;&lt;span style="color: var(--highlight-keyword)"&gt;,&amp;nbsp;&lt;/span&gt;&lt;span style="color: var(--highlight-default)"&gt;$this&lt;/span&gt;&lt;span style="color: var(--highlight-keyword)"&gt;-&amp;gt;&lt;/span&gt;&lt;span style="color: var(--highlight-default)"&gt;dependencyInput&lt;/span&gt;&lt;span style="color: var(--highlight-keyword)"&gt;);&lt;/span&gt;&lt;/code&gt;&lt;/li&gt;
&lt;li&gt;&lt;code&gt;&lt;span style="color: var(--highlight-keyword)"&gt;&lt;/span&gt;&lt;/code&gt;&lt;/li&gt;
&lt;li&gt;&lt;code&gt;&lt;span style="color: var(--highlight-keyword)"&gt;&amp;nbsp;&amp;nbsp;&amp;nbsp;&amp;nbsp;&amp;nbsp;&amp;nbsp;&amp;nbsp;&amp;nbsp;&lt;/span&gt;&lt;span style="color: var(--highlight-default)"&gt;$this&lt;/span&gt;&lt;span style="color: var(--highlight-keyword)"&gt;-&amp;gt;&lt;/span&gt;&lt;span style="color: var(--highlight-default)"&gt;registerMockObjectsFromTestArguments&lt;/span&gt;&lt;span style="color: var(--highlight-keyword)"&gt;(&lt;/span&gt;&lt;span style="color: var(--highlight-default)"&gt;$testArguments&lt;/span&gt;&lt;span style="color: var(--highlight-keyword)"&gt;);&lt;/span&gt;&lt;/code&gt;&lt;/li&gt;
&lt;li&gt;&lt;code&gt;&lt;span style="color: var(--highlight-keyword)"&gt;&lt;/span&gt;&lt;/code&gt;&lt;/li&gt;
&lt;li&gt;&lt;code&gt;&lt;span style="color: var(--highlight-keyword)"&gt;&amp;nbsp;&amp;nbsp;&amp;nbsp;&amp;nbsp;&amp;nbsp;&amp;nbsp;&amp;nbsp;&amp;nbsp;try&amp;nbsp;{&lt;/span&gt;&lt;/code&gt;&lt;/li&gt;
&lt;li class="selected"&gt;&lt;code&gt;&lt;span style="color: var(--highlight-keyword)"&gt;&amp;nbsp;&amp;nbsp;&amp;nbsp;&amp;nbsp;&amp;nbsp;&amp;nbsp;&amp;nbsp;&amp;nbsp;&amp;nbsp;&amp;nbsp;&amp;nbsp;&amp;nbsp;&lt;/span&gt;&lt;span style="color: var(--highlight-default)"&gt;$testResult&amp;nbsp;&lt;/span&gt;&lt;span style="color: var(--highlight-keyword)"&gt;=&amp;nbsp;&lt;/span&gt;&lt;span style="color: var(--highlight-default)"&gt;$this&lt;/span&gt;&lt;span style="color: var(--highlight-keyword)"&gt;-&amp;gt;{&lt;/span&gt;&lt;span style="color: var(--highlight-default)"&gt;$this&lt;/span&gt;&lt;span style="color: var(--highlight-keyword)"&gt;-&amp;gt;&lt;/span&gt;&lt;span style="color: var(--highlight-default)"&gt;name&lt;/span&gt;&lt;span style="color: var(--highlight-keyword)"&gt;}(...&lt;/span&gt;&lt;span style="color: var(--highlight-default)"&gt;array_values&lt;/span&gt;&lt;span style="color: var(--highlight-keyword)"&gt;(&lt;/span&gt;&lt;span style="color: var(--highlight-default)"&gt;$testArguments&lt;/span&gt;&lt;span style="color: var(--highlight-keyword)"&gt;));&lt;/span&gt;&lt;/code&gt;&lt;/li&gt;
&lt;li&gt;&lt;code&gt;&lt;span style="color: var(--highlight-keyword)"&gt;&amp;nbsp;&amp;nbsp;&amp;nbsp;&amp;nbsp;&amp;nbsp;&amp;nbsp;&amp;nbsp;&amp;nbsp;}&amp;nbsp;catch&amp;nbsp;(&lt;/span&gt;&lt;span style="color: var(--highlight-default)"&gt;Throwable&amp;nbsp;$exception&lt;/span&gt;&lt;span style="color: var(--highlight-keyword)"&gt;)&amp;nbsp;{&lt;/span&gt;&lt;/code&gt;&lt;/li&gt;
&lt;li&gt;&lt;code&gt;&lt;span style="color: var(--highlight-keyword)"&gt;&amp;nbsp;&amp;nbsp;&amp;nbsp;&amp;nbsp;&amp;nbsp;&amp;nbsp;&amp;nbsp;&amp;nbsp;&amp;nbsp;&amp;nbsp;&amp;nbsp;&amp;nbsp;if&amp;nbsp;(!&lt;/span&gt;&lt;span style="color: var(--highlight-default)"&gt;$this&lt;/span&gt;&lt;span style="color: var(--highlight-keyword)"&gt;-&amp;gt;&lt;/span&gt;&lt;span style="color: var(--highlight-default)"&gt;checkExceptionExpectations&lt;/span&gt;&lt;span style="color: var(--highlight-keyword)"&gt;(&lt;/span&gt;&lt;span style="color: var(--highlight-default)"&gt;$exception&lt;/span&gt;&lt;span style="color: var(--highlight-keyword)"&gt;))&amp;nbsp;{&lt;/span&gt;&lt;/code&gt;&lt;/li&gt;
&lt;li&gt;&lt;code&gt;&lt;span style="color: var(--highlight-keyword)"&gt;&amp;nbsp;&amp;nbsp;&amp;nbsp;&amp;nbsp;&amp;nbsp;&amp;nbsp;&amp;nbsp;&amp;nbsp;&amp;nbsp;&amp;nbsp;&amp;nbsp;&amp;nbsp;&amp;nbsp;&amp;nbsp;&amp;nbsp;&amp;nbsp;throw&amp;nbsp;&lt;/span&gt;&lt;span style="color: var(--highlight-default)"&gt;$exception&lt;/span&gt;&lt;span style="color: var(--highlight-keyword)"&gt;;&lt;/span&gt;&lt;/code&gt;&lt;/li&gt;
&lt;li&gt;&lt;code&gt;&lt;span style="color: var(--highlight-keyword)"&gt;&amp;nbsp;&amp;nbsp;&amp;nbsp;&amp;nbsp;&amp;nbsp;&amp;nbsp;&amp;nbsp;&amp;nbsp;&amp;nbsp;&amp;nbsp;&amp;nbsp;&amp;nbsp;}&lt;/span&gt;&lt;/code&gt;&lt;/li&gt;
&lt;li&gt;&lt;code&gt;&lt;span style="color: var(--highlight-keyword)"&gt;&lt;/span&gt;&lt;/code&gt;&lt;/li&gt;&lt;/ol&gt;    &lt;/div&gt;            &lt;/div&gt;
                        &lt;div class="trace-line "&gt;
                &lt;div class="trace-line-header break-long-words sf-toggle" data-toggle-selector="#trace-html-1-23" data-toggle-initial=""&gt;
            &lt;span class="icon icon-close"&gt;&lt;svg width="1792" height="1792" viewBox="0 0 1792 1792" xmlns="http://www.w3.org/2000/svg"&gt;&lt;path d="M1408 960V832q0-26-19-45t-45-19H448q-26 0-45 19t-19 45v128q0 26 19 45t45 19h896q26 0 45-19t19-45zm256-544v960q0 119-84.5 203.5T1376 1664H416q-119 0-203.5-84.5T128 1376V416q0-119 84.5-203.5T416 128h960q119 0 203.5 84.5T1664 416z"/&gt;&lt;/svg&gt;&lt;/span&gt;
        &lt;span class="icon icon-open"&gt;&lt;svg width="1792" height="1792" viewBox="0 0 1792 1792" xmlns="http://www.w3.org/2000/svg"&gt;&lt;path d="M1408 960V832q0-26-19-45t-45-19h-320V448q0-26-19-45t-45-19H832q-26 0-45 19t-19 45v320H448q-26 0-45 19t-19 45v128q0 26 19 45t45 19h320v320q0 26 19 45t45 19h128q26 0 45-19t19-45v-320h320q26 0 45-19t19-45zm256-544v960q0 119-84.5 203.5T1376 1664H416q-119 0-203.5-84.5T128 1376V416q0-119 84.5-203.5T416 128h960q119 0 203.5 84.5T1664 416z"/&gt;&lt;/svg&gt;&lt;/span&gt;
    
            &lt;span class="trace-class"&gt;&lt;abbr title="PHPUnit\Framework\TestCase"&gt;TestCase&lt;/abbr&gt;&lt;/span&gt;&lt;span class="trace-type"&gt;-&gt;&lt;/span&gt;&lt;span class="trace-method"&gt;runTest&lt;/span&gt;&lt;span class="trace-arguments"&gt;()&lt;/span&gt;    
                    &lt;span class="block trace-file-path"&gt;
            in
            &lt;a href="file://C:\Users\sliti\Desktop\dev\esprit-PIDEV-3A16-2526-FARMIA\vendor\phpunit\phpunit\src\Framework\TestCase.php#L1223"&gt;
                C:\Users\sliti\Desktop\dev\esprit-PIDEV-3A16-2526-FARMIA\vendor\phpunit\phpunit\src\Framework\&lt;strong&gt;TestCase.php&lt;/strong&gt;
            &lt;/a&gt;
                        (line 1223)
            &lt;span class="icon icon-copy hidden" data-clipboard-text="C:\Users\sliti\Desktop\dev\esprit-PIDEV-3A16-2526-FARMIA\vendor\phpunit\phpunit\src\Framework\TestCase.php:1223"&gt;
                &lt;svg xmlns="http://www.w3.org/2000/svg" height="24" viewBox="0 0 24 24" width="24"&gt;&lt;path d="M0 0h24v24H0z" fill="none"/&gt;&lt;path d="M16 1H4c-1.1 0-2 .9-2 2v14h2V3h12V1zm3 4H8c-1.1 0-2 .9-2 2v14c0 1.1.9 2 2 2h11c1.1 0 2-.9 2-2V7c0-1.1-.9-2-2-2zm0 16H8V7h11v14z"/&gt;&lt;/svg&gt;            &lt;/span&gt;
        &lt;/span&gt;
    &lt;/div&gt;
    &lt;div id="trace-html-1-23" class="trace-code sf-toggle-content"&gt;
        &lt;ol start="1218"&gt;&lt;li&gt;&lt;code&gt;&lt;span style="color: var(--highlight-keyword)"&gt;&lt;/span&gt;&lt;/code&gt;&lt;/li&gt;
&lt;li&gt;&lt;code&gt;&lt;span style="color: var(--highlight-keyword)"&gt;&amp;nbsp;&amp;nbsp;&amp;nbsp;&amp;nbsp;&amp;nbsp;&amp;nbsp;&amp;nbsp;&amp;nbsp;&amp;nbsp;&amp;nbsp;&amp;nbsp;&amp;nbsp;foreach&amp;nbsp;(&lt;/span&gt;&lt;span style="color: var(--highlight-default)"&gt;$hookMethods&lt;/span&gt;&lt;span style="color: var(--highlight-keyword)"&gt;[&lt;/span&gt;&lt;span style="color: var(--highlight-string)"&gt;'preCondition'&lt;/span&gt;&lt;span style="color: var(--highlight-keyword)"&gt;]&amp;nbsp;as&amp;nbsp;&lt;/span&gt;&lt;span style="color: var(--highlight-default)"&gt;$method&lt;/span&gt;&lt;span style="color: var(--highlight-keyword)"&gt;)&amp;nbsp;{&lt;/span&gt;&lt;/code&gt;&lt;/li&gt;
&lt;li&gt;&lt;code&gt;&lt;span style="color: var(--highlight-keyword)"&gt;&amp;nbsp;&amp;nbsp;&amp;nbsp;&amp;nbsp;&amp;nbsp;&amp;nbsp;&amp;nbsp;&amp;nbsp;&amp;nbsp;&amp;nbsp;&amp;nbsp;&amp;nbsp;&amp;nbsp;&amp;nbsp;&amp;nbsp;&amp;nbsp;&lt;/span&gt;&lt;span style="color: var(--highlight-default)"&gt;$this&lt;/span&gt;&lt;span style="color: var(--highlight-keyword)"&gt;-&amp;gt;{&lt;/span&gt;&lt;span style="color: var(--highlight-default)"&gt;$method&lt;/span&gt;&lt;span style="color: var(--highlight-keyword)"&gt;}();&lt;/span&gt;&lt;/code&gt;&lt;/li&gt;
&lt;li&gt;&lt;code&gt;&lt;span style="color: var(--highlight-keyword)"&gt;&amp;nbsp;&amp;nbsp;&amp;nbsp;&amp;nbsp;&amp;nbsp;&amp;nbsp;&amp;nbsp;&amp;nbsp;&amp;nbsp;&amp;nbsp;&amp;nbsp;&amp;nbsp;}&lt;/span&gt;&lt;/code&gt;&lt;/li&gt;
&lt;li&gt;&lt;code&gt;&lt;span style="color: var(--highlight-keyword)"&gt;&lt;/span&gt;&lt;/code&gt;&lt;/li&gt;
&lt;li class="selected"&gt;&lt;code&gt;&lt;span style="color: var(--highlight-keyword)"&gt;&amp;nbsp;&amp;nbsp;&amp;nbsp;&amp;nbsp;&amp;nbsp;&amp;nbsp;&amp;nbsp;&amp;nbsp;&amp;nbsp;&amp;nbsp;&amp;nbsp;&amp;nbsp;&lt;/span&gt;&lt;span style="color: var(--highlight-default)"&gt;$this&lt;/span&gt;&lt;span style="color: var(--highlight-keyword)"&gt;-&amp;gt;&lt;/span&gt;&lt;span style="color: var(--highlight-default)"&gt;testResult&amp;nbsp;&lt;/span&gt;&lt;span style="color: var(--highlight-keyword)"&gt;=&amp;nbsp;&lt;/span&gt;&lt;span style="color: var(--highlight-default)"&gt;$this&lt;/span&gt;&lt;span style="color: var(--highlight-keyword)"&gt;-&amp;gt;&lt;/span&gt;&lt;span style="color: var(--highlight-default)"&gt;runTest&lt;/span&gt;&lt;span style="color: var(--highlight-keyword)"&gt;();&lt;/span&gt;&lt;/code&gt;&lt;/li&gt;
&lt;li&gt;&lt;code&gt;&lt;span style="color: var(--highlight-keyword)"&gt;&amp;nbsp;&amp;nbsp;&amp;nbsp;&amp;nbsp;&amp;nbsp;&amp;nbsp;&amp;nbsp;&amp;nbsp;&amp;nbsp;&amp;nbsp;&amp;nbsp;&amp;nbsp;&lt;/span&gt;&lt;span style="color: var(--highlight-default)"&gt;$this&lt;/span&gt;&lt;span style="color: var(--highlight-keyword)"&gt;-&amp;gt;&lt;/span&gt;&lt;span style="color: var(--highlight-default)"&gt;verifyMockObjects&lt;/span&gt;&lt;span style="color: var(--highlight-keyword)"&gt;();&lt;/span&gt;&lt;/code&gt;&lt;/li&gt;
&lt;li&gt;&lt;code&gt;&lt;span style="color: var(--highlight-keyword)"&gt;&lt;/span&gt;&lt;/code&gt;&lt;/li&gt;
&lt;li&gt;&lt;code&gt;&lt;span style="color: var(--highlight-keyword)"&gt;&amp;nbsp;&amp;nbsp;&amp;nbsp;&amp;nbsp;&amp;nbsp;&amp;nbsp;&amp;nbsp;&amp;nbsp;&amp;nbsp;&amp;nbsp;&amp;nbsp;&amp;nbsp;foreach&amp;nbsp;(&lt;/span&gt;&lt;span style="color: var(--highlight-default)"&gt;$hookMethods&lt;/span&gt;&lt;span style="color: var(--highlight-keyword)"&gt;[&lt;/span&gt;&lt;span style="color: var(--highlight-string)"&gt;'postCondition'&lt;/span&gt;&lt;span style="color: var(--highlight-keyword)"&gt;]&amp;nbsp;as&amp;nbsp;&lt;/span&gt;&lt;span style="color: var(--highlight-default)"&gt;$method&lt;/span&gt;&lt;span style="color: var(--highlight-keyword)"&gt;)&amp;nbsp;{&lt;/span&gt;&lt;/code&gt;&lt;/li&gt;
&lt;li&gt;&lt;code&gt;&lt;span style="color: var(--highlight-keyword)"&gt;&amp;nbsp;&amp;nbsp;&amp;nbsp;&amp;nbsp;&amp;nbsp;&amp;nbsp;&amp;nbsp;&amp;nbsp;&amp;nbsp;&amp;nbsp;&amp;nbsp;&amp;nbsp;&amp;nbsp;&amp;nbsp;&amp;nbsp;&amp;nbsp;&lt;/span&gt;&lt;span style="color: var(--highlight-default)"&gt;$this&lt;/span&gt;&lt;span style="color: var(--highlight-keyword)"&gt;-&amp;gt;{&lt;/span&gt;&lt;span style="color: var(--highlight-default)"&gt;$method&lt;/span&gt;&lt;span style="color: var(--highlight-keyword)"&gt;}();&lt;/span&gt;&lt;/code&gt;&lt;/li&gt;
&lt;li&gt;&lt;code&gt;&lt;span style="color: var(--highlight-keyword)"&gt;&amp;nbsp;&amp;nbsp;&amp;nbsp;&amp;nbsp;&amp;nbsp;&amp;nbsp;&amp;nbsp;&amp;nbsp;&amp;nbsp;&amp;nbsp;&amp;nbsp;&amp;nbsp;}&lt;/span&gt;&lt;/code&gt;&lt;/li&gt;&lt;/ol&gt;    &lt;/div&gt;            &lt;/div&gt;
                        &lt;div class="trace-line "&gt;
                &lt;div class="trace-line-header break-long-words sf-toggle" data-toggle-selector="#trace-html-1-24" data-toggle-initial=""&gt;
            &lt;span class="icon icon-close"&gt;&lt;svg width="1792" height="1792" viewBox="0 0 1792 1792" xmlns="http://www.w3.org/2000/svg"&gt;&lt;path d="M1408 960V832q0-26-19-45t-45-19H448q-26 0-45 19t-19 45v128q0 26 19 45t45 19h896q26 0 45-19t19-45zm256-544v960q0 119-84.5 203.5T1376 1664H416q-119 0-203.5-84.5T128 1376V416q0-119 84.5-203.5T416 128h960q119 0 203.5 84.5T1664 416z"/&gt;&lt;/svg&gt;&lt;/span&gt;
        &lt;span class="icon icon-open"&gt;&lt;svg width="1792" height="1792" viewBox="0 0 1792 1792" xmlns="http://www.w3.org/2000/svg"&gt;&lt;path d="M1408 960V832q0-26-19-45t-45-19h-320V448q0-26-19-45t-45-19H832q-26 0-45 19t-19 45v320H448q-26 0-45 19t-19 45v128q0 26 19 45t45 19h320v320q0 26 19 45t45 19h128q26 0 45-19t19-45v-320h320q26 0 45-19t19-45zm256-544v960q0 119-84.5 203.5T1376 1664H416q-119 0-203.5-84.5T128 1376V416q0-119 84.5-203.5T416 128h960q119 0 203.5 84.5T1664 416z"/&gt;&lt;/svg&gt;&lt;/span&gt;
    
            &lt;span class="trace-class"&gt;&lt;abbr title="PHPUnit\Framework\TestCase"&gt;TestCase&lt;/abbr&gt;&lt;/span&gt;&lt;span class="trace-type"&gt;-&gt;&lt;/span&gt;&lt;span class="trace-method"&gt;runBare&lt;/span&gt;&lt;span class="trace-arguments"&gt;()&lt;/span&gt;    
                    &lt;span class="block trace-file-path"&gt;
            in
            &lt;a href="file://C:\Users\sliti\Desktop\dev\esprit-PIDEV-3A16-2526-FARMIA\vendor\phpunit\phpunit\src\Framework\TestResult.php#L729"&gt;
                C:\Users\sliti\Desktop\dev\esprit-PIDEV-3A16-2526-FARMIA\vendor\phpunit\phpunit\src\Framework\&lt;strong&gt;TestResult.php&lt;/strong&gt;
            &lt;/a&gt;
                        (line 729)
            &lt;span class="icon icon-copy hidden" data-clipboard-text="C:\Users\sliti\Desktop\dev\esprit-PIDEV-3A16-2526-FARMIA\vendor\phpunit\phpunit\src\Framework\TestResult.php:729"&gt;
                &lt;svg xmlns="http://www.w3.org/2000/svg" height="24" viewBox="0 0 24 24" width="24"&gt;&lt;path d="M0 0h24v24H0z" fill="none"/&gt;&lt;path d="M16 1H4c-1.1 0-2 .9-2 2v14h2V3h12V1zm3 4H8c-1.1 0-2 .9-2 2v14c0 1.1.9 2 2 2h11c1.1 0 2-.9 2-2V7c0-1.1-.9-2-2-2zm0 16H8V7h11v14z"/&gt;&lt;/svg&gt;            &lt;/span&gt;
        &lt;/span&gt;
    &lt;/div&gt;
    &lt;div id="trace-html-1-24" class="trace-code sf-toggle-content"&gt;
        &lt;ol start="724"&gt;&lt;li&gt;&lt;code&gt;&lt;span style="color: var(--highlight-keyword)"&gt;&amp;nbsp;&amp;nbsp;&amp;nbsp;&amp;nbsp;&amp;nbsp;&amp;nbsp;&amp;nbsp;&amp;nbsp;&amp;nbsp;&amp;nbsp;&amp;nbsp;&amp;nbsp;&amp;nbsp;&amp;nbsp;&amp;nbsp;&amp;nbsp;&amp;nbsp;&amp;nbsp;&amp;nbsp;&amp;nbsp;&amp;nbsp;&amp;nbsp;&amp;nbsp;&amp;nbsp;&lt;/span&gt;&lt;span style="color: var(--highlight-default)"&gt;$_timeout&amp;nbsp;&lt;/span&gt;&lt;span style="color: var(--highlight-keyword)"&gt;=&amp;nbsp;&lt;/span&gt;&lt;span style="color: var(--highlight-default)"&gt;$this&lt;/span&gt;&lt;span style="color: var(--highlight-keyword)"&gt;-&amp;gt;&lt;/span&gt;&lt;span style="color: var(--highlight-default)"&gt;defaultTimeLimit&lt;/span&gt;&lt;span style="color: var(--highlight-keyword)"&gt;;&lt;/span&gt;&lt;/code&gt;&lt;/li&gt;
&lt;li&gt;&lt;code&gt;&lt;span style="color: var(--highlight-keyword)"&gt;&amp;nbsp;&amp;nbsp;&amp;nbsp;&amp;nbsp;&amp;nbsp;&amp;nbsp;&amp;nbsp;&amp;nbsp;&amp;nbsp;&amp;nbsp;&amp;nbsp;&amp;nbsp;&amp;nbsp;&amp;nbsp;&amp;nbsp;&amp;nbsp;}&lt;/span&gt;&lt;/code&gt;&lt;/li&gt;
&lt;li&gt;&lt;code&gt;&lt;span style="color: var(--highlight-keyword)"&gt;&lt;/span&gt;&lt;/code&gt;&lt;/li&gt;
&lt;li&gt;&lt;code&gt;&lt;span style="color: var(--highlight-keyword)"&gt;&amp;nbsp;&amp;nbsp;&amp;nbsp;&amp;nbsp;&amp;nbsp;&amp;nbsp;&amp;nbsp;&amp;nbsp;&amp;nbsp;&amp;nbsp;&amp;nbsp;&amp;nbsp;&amp;nbsp;&amp;nbsp;&amp;nbsp;&amp;nbsp;&lt;/span&gt;&lt;span style="color: var(--highlight-default)"&gt;$invoker&lt;/span&gt;&lt;span style="color: var(--highlight-keyword)"&gt;-&amp;gt;&lt;/span&gt;&lt;span style="color: var(--highlight-default)"&gt;invoke&lt;/span&gt;&lt;span style="color: var(--highlight-keyword)"&gt;([&lt;/span&gt;&lt;span style="color: var(--highlight-default)"&gt;$test&lt;/span&gt;&lt;span style="color: var(--highlight-keyword)"&gt;,&amp;nbsp;&lt;/span&gt;&lt;span style="color: var(--highlight-string)"&gt;'runBare'&lt;/span&gt;&lt;span style="color: var(--highlight-keyword)"&gt;],&amp;nbsp;[],&amp;nbsp;&lt;/span&gt;&lt;span style="color: var(--highlight-default)"&gt;$_timeout&lt;/span&gt;&lt;span style="color: var(--highlight-keyword)"&gt;);&lt;/span&gt;&lt;/code&gt;&lt;/li&gt;
&lt;li&gt;&lt;code&gt;&lt;span style="color: var(--highlight-keyword)"&gt;&amp;nbsp;&amp;nbsp;&amp;nbsp;&amp;nbsp;&amp;nbsp;&amp;nbsp;&amp;nbsp;&amp;nbsp;&amp;nbsp;&amp;nbsp;&amp;nbsp;&amp;nbsp;}&amp;nbsp;else&amp;nbsp;{&lt;/span&gt;&lt;/code&gt;&lt;/li&gt;
&lt;li class="selected"&gt;&lt;code&gt;&lt;span style="color: var(--highlight-keyword)"&gt;&amp;nbsp;&amp;nbsp;&amp;nbsp;&amp;nbsp;&amp;nbsp;&amp;nbsp;&amp;nbsp;&amp;nbsp;&amp;nbsp;&amp;nbsp;&amp;nbsp;&amp;nbsp;&amp;nbsp;&amp;nbsp;&amp;nbsp;&amp;nbsp;&lt;/span&gt;&lt;span style="color: var(--highlight-default)"&gt;$test&lt;/span&gt;&lt;span style="color: var(--highlight-keyword)"&gt;-&amp;gt;&lt;/span&gt;&lt;span style="color: var(--highlight-default)"&gt;runBare&lt;/span&gt;&lt;span style="color: var(--highlight-keyword)"&gt;();&lt;/span&gt;&lt;/code&gt;&lt;/li&gt;
&lt;li&gt;&lt;code&gt;&lt;span style="color: var(--highlight-keyword)"&gt;&amp;nbsp;&amp;nbsp;&amp;nbsp;&amp;nbsp;&amp;nbsp;&amp;nbsp;&amp;nbsp;&amp;nbsp;&amp;nbsp;&amp;nbsp;&amp;nbsp;&amp;nbsp;}&lt;/span&gt;&lt;/code&gt;&lt;/li&gt;
&lt;li&gt;&lt;code&gt;&lt;span style="color: var(--highlight-keyword)"&gt;&amp;nbsp;&amp;nbsp;&amp;nbsp;&amp;nbsp;&amp;nbsp;&amp;nbsp;&amp;nbsp;&amp;nbsp;}&amp;nbsp;catch&amp;nbsp;(&lt;/span&gt;&lt;span style="color: var(--highlight-default)"&gt;TimeoutException&amp;nbsp;$e&lt;/span&gt;&lt;span style="color: var(--highlight-keyword)"&gt;)&amp;nbsp;{&lt;/span&gt;&lt;/code&gt;&lt;/li&gt;
&lt;li&gt;&lt;code&gt;&lt;span style="color: var(--highlight-keyword)"&gt;&amp;nbsp;&amp;nbsp;&amp;nbsp;&amp;nbsp;&amp;nbsp;&amp;nbsp;&amp;nbsp;&amp;nbsp;&amp;nbsp;&amp;nbsp;&amp;nbsp;&amp;nbsp;&lt;/span&gt;&lt;span style="color: var(--highlight-default)"&gt;$this&lt;/span&gt;&lt;span style="color: var(--highlight-keyword)"&gt;-&amp;gt;&lt;/span&gt;&lt;span style="color: var(--highlight-default)"&gt;addFailure&lt;/span&gt;&lt;span style="color: var(--highlight-keyword)"&gt;(&lt;/span&gt;&lt;/code&gt;&lt;/li&gt;
&lt;li&gt;&lt;code&gt;&lt;span style="color: var(--highlight-keyword)"&gt;&amp;nbsp;&amp;nbsp;&amp;nbsp;&amp;nbsp;&amp;nbsp;&amp;nbsp;&amp;nbsp;&amp;nbsp;&amp;nbsp;&amp;nbsp;&amp;nbsp;&amp;nbsp;&amp;nbsp;&amp;nbsp;&amp;nbsp;&amp;nbsp;&lt;/span&gt;&lt;span style="color: var(--highlight-default)"&gt;$test&lt;/span&gt;&lt;span style="color: var(--highlight-keyword)"&gt;,&lt;/span&gt;&lt;/code&gt;&lt;/li&gt;
&lt;li&gt;&lt;code&gt;&lt;span style="color: var(--highlight-keyword)"&gt;&amp;nbsp;&amp;nbsp;&amp;nbsp;&amp;nbsp;&amp;nbsp;&amp;nbsp;&amp;nbsp;&amp;nbsp;&amp;nbsp;&amp;nbsp;&amp;nbsp;&amp;nbsp;&amp;nbsp;&amp;nbsp;&amp;nbsp;&amp;nbsp;new&amp;nbsp;&lt;/span&gt;&lt;span style="color: var(--highlight-default)"&gt;RiskyTestError&lt;/span&gt;&lt;span style="color: var(--highlight-keyword)"&gt;(&lt;/span&gt;&lt;/code&gt;&lt;/li&gt;&lt;/ol&gt;    &lt;/div&gt;            &lt;/div&gt;
                        &lt;div class="trace-line "&gt;
                &lt;div class="trace-line-header break-long-words sf-toggle" data-toggle-selector="#trace-html-1-25" data-toggle-initial=""&gt;
            &lt;span class="icon icon-close"&gt;&lt;svg width="1792" height="1792" viewBox="0 0 1792 1792" xmlns="http://www.w3.org/2000/svg"&gt;&lt;path d="M1408 960V832q0-26-19-45t-45-19H448q-26 0-45 19t-19 45v128q0 26 19 45t45 19h896q26 0 45-19t19-45zm256-544v960q0 119-84.5 203.5T1376 1664H416q-119 0-203.5-84.5T128 1376V416q0-119 84.5-203.5T416 128h960q119 0 203.5 84.5T1664 416z"/&gt;&lt;/svg&gt;&lt;/span&gt;
        &lt;span class="icon icon-open"&gt;&lt;svg width="1792" height="1792" viewBox="0 0 1792 1792" xmlns="http://www.w3.org/2000/svg"&gt;&lt;path d="M1408 960V832q0-26-19-45t-45-19h-320V448q0-26-19-45t-45-19H832q-26 0-45 19t-19 45v320H448q-26 0-45 19t-19 45v128q0 26 19 45t45 19h320v320q0 26 19 45t45 19h128q26 0 45-19t19-45v-320h320q26 0 45-19t19-45zm256-544v960q0 119-84.5 203.5T1376 1664H416q-119 0-203.5-84.5T128 1376V416q0-119 84.5-203.5T416 128h960q119 0 203.5 84.5T1664 416z"/&gt;&lt;/svg&gt;&lt;/span&gt;
    
            &lt;span class="trace-class"&gt;&lt;abbr title="PHPUnit\Framework\TestResult"&gt;TestResult&lt;/abbr&gt;&lt;/span&gt;&lt;span class="trace-type"&gt;-&gt;&lt;/span&gt;&lt;span class="trace-method"&gt;run&lt;/span&gt;&lt;span class="trace-arguments"&gt;(&lt;em&gt;object&lt;/em&gt;(&lt;abbr title="App\Tests\Functional\Controller\FermeControllerTest"&gt;FermeControllerTest&lt;/abbr&gt;))&lt;/span&gt;    
                    &lt;span class="block trace-file-path"&gt;
            in
            &lt;a href="file://C:\Users\sliti\Desktop\dev\esprit-PIDEV-3A16-2526-FARMIA\vendor\phpunit\phpunit\src\Framework\TestCase.php#L973"&gt;
                C:\Users\sliti\Desktop\dev\esprit-PIDEV-3A16-2526-FARMIA\vendor\phpunit\phpunit\src\Framework\&lt;strong&gt;TestCase.php&lt;/strong&gt;
            &lt;/a&gt;
                        (line 973)
            &lt;span class="icon icon-copy hidden" data-clipboard-text="C:\Users\sliti\Desktop\dev\esprit-PIDEV-3A16-2526-FARMIA\vendor\phpunit\phpunit\src\Framework\TestCase.php:973"&gt;
                &lt;svg xmlns="http://www.w3.org/2000/svg" height="24" viewBox="0 0 24 24" width="24"&gt;&lt;path d="M0 0h24v24H0z" fill="none"/&gt;&lt;path d="M16 1H4c-1.1 0-2 .9-2 2v14h2V3h12V1zm3 4H8c-1.1 0-2 .9-2 2v14c0 1.1.9 2 2 2h11c1.1 0 2-.9 2-2V7c0-1.1-.9-2-2-2zm0 16H8V7h11v14z"/&gt;&lt;/svg&gt;            &lt;/span&gt;
        &lt;/span&gt;
    &lt;/div&gt;
    &lt;div id="trace-html-1-25" class="trace-code sf-toggle-content"&gt;
        &lt;ol start="968"&gt;&lt;li&gt;&lt;code&gt;&lt;span style="color: var(--highlight-keyword)"&gt;&amp;nbsp;&amp;nbsp;&amp;nbsp;&amp;nbsp;&amp;nbsp;&amp;nbsp;&amp;nbsp;&amp;nbsp;&amp;nbsp;&amp;nbsp;&amp;nbsp;&amp;nbsp;&lt;/span&gt;&lt;span style="color: var(--highlight-default)"&gt;$template&lt;/span&gt;&lt;span style="color: var(--highlight-keyword)"&gt;-&amp;gt;&lt;/span&gt;&lt;span style="color: var(--highlight-default)"&gt;setVar&lt;/span&gt;&lt;span style="color: var(--highlight-keyword)"&gt;(&lt;/span&gt;&lt;span style="color: var(--highlight-default)"&gt;$var&lt;/span&gt;&lt;span style="color: var(--highlight-keyword)"&gt;);&lt;/span&gt;&lt;/code&gt;&lt;/li&gt;
&lt;li&gt;&lt;code&gt;&lt;span style="color: var(--highlight-keyword)"&gt;&lt;/span&gt;&lt;/code&gt;&lt;/li&gt;
&lt;li&gt;&lt;code&gt;&lt;span style="color: var(--highlight-keyword)"&gt;&amp;nbsp;&amp;nbsp;&amp;nbsp;&amp;nbsp;&amp;nbsp;&amp;nbsp;&amp;nbsp;&amp;nbsp;&amp;nbsp;&amp;nbsp;&amp;nbsp;&amp;nbsp;&lt;/span&gt;&lt;span style="color: var(--highlight-default)"&gt;$php&amp;nbsp;&lt;/span&gt;&lt;span style="color: var(--highlight-keyword)"&gt;=&amp;nbsp;&lt;/span&gt;&lt;span style="color: var(--highlight-default)"&gt;AbstractPhpProcess&lt;/span&gt;&lt;span style="color: var(--highlight-keyword)"&gt;::&lt;/span&gt;&lt;span style="color: var(--highlight-default)"&gt;factory&lt;/span&gt;&lt;span style="color: var(--highlight-keyword)"&gt;();&lt;/span&gt;&lt;/code&gt;&lt;/li&gt;
&lt;li&gt;&lt;code&gt;&lt;span style="color: var(--highlight-keyword)"&gt;&amp;nbsp;&amp;nbsp;&amp;nbsp;&amp;nbsp;&amp;nbsp;&amp;nbsp;&amp;nbsp;&amp;nbsp;&amp;nbsp;&amp;nbsp;&amp;nbsp;&amp;nbsp;&lt;/span&gt;&lt;span style="color: var(--highlight-default)"&gt;$php&lt;/span&gt;&lt;span style="color: var(--highlight-keyword)"&gt;-&amp;gt;&lt;/span&gt;&lt;span style="color: var(--highlight-default)"&gt;runTestJob&lt;/span&gt;&lt;span style="color: var(--highlight-keyword)"&gt;(&lt;/span&gt;&lt;span style="color: var(--highlight-default)"&gt;$template&lt;/span&gt;&lt;span style="color: var(--highlight-keyword)"&gt;-&amp;gt;&lt;/span&gt;&lt;span style="color: var(--highlight-default)"&gt;render&lt;/span&gt;&lt;span style="color: var(--highlight-keyword)"&gt;(),&amp;nbsp;&lt;/span&gt;&lt;span style="color: var(--highlight-default)"&gt;$this&lt;/span&gt;&lt;span style="color: var(--highlight-keyword)"&gt;,&amp;nbsp;&lt;/span&gt;&lt;span style="color: var(--highlight-default)"&gt;$result&lt;/span&gt;&lt;span style="color: var(--highlight-keyword)"&gt;,&amp;nbsp;&lt;/span&gt;&lt;span style="color: var(--highlight-default)"&gt;$processResultFile&lt;/span&gt;&lt;span style="color: var(--highlight-keyword)"&gt;);&lt;/span&gt;&lt;/code&gt;&lt;/li&gt;
&lt;li&gt;&lt;code&gt;&lt;span style="color: var(--highlight-keyword)"&gt;&amp;nbsp;&amp;nbsp;&amp;nbsp;&amp;nbsp;&amp;nbsp;&amp;nbsp;&amp;nbsp;&amp;nbsp;}&amp;nbsp;else&amp;nbsp;{&lt;/span&gt;&lt;/code&gt;&lt;/li&gt;
&lt;li class="selected"&gt;&lt;code&gt;&lt;span style="color: var(--highlight-keyword)"&gt;&amp;nbsp;&amp;nbsp;&amp;nbsp;&amp;nbsp;&amp;nbsp;&amp;nbsp;&amp;nbsp;&amp;nbsp;&amp;nbsp;&amp;nbsp;&amp;nbsp;&amp;nbsp;&lt;/span&gt;&lt;span style="color: var(--highlight-default)"&gt;$result&lt;/span&gt;&lt;span style="color: var(--highlight-keyword)"&gt;-&amp;gt;&lt;/span&gt;&lt;span style="color: var(--highlight-default)"&gt;run&lt;/span&gt;&lt;span style="color: var(--highlight-keyword)"&gt;(&lt;/span&gt;&lt;span style="color: var(--highlight-default)"&gt;$this&lt;/span&gt;&lt;span style="color: var(--highlight-keyword)"&gt;);&lt;/span&gt;&lt;/code&gt;&lt;/li&gt;
&lt;li&gt;&lt;code&gt;&lt;span style="color: var(--highlight-keyword)"&gt;&amp;nbsp;&amp;nbsp;&amp;nbsp;&amp;nbsp;&amp;nbsp;&amp;nbsp;&amp;nbsp;&amp;nbsp;}&lt;/span&gt;&lt;/code&gt;&lt;/li&gt;
&lt;li&gt;&lt;code&gt;&lt;span style="color: var(--highlight-keyword)"&gt;&lt;/span&gt;&lt;/code&gt;&lt;/li&gt;
&lt;li&gt;&lt;code&gt;&lt;span style="color: var(--highlight-keyword)"&gt;&amp;nbsp;&amp;nbsp;&amp;nbsp;&amp;nbsp;&amp;nbsp;&amp;nbsp;&amp;nbsp;&amp;nbsp;&lt;/span&gt;&lt;span style="color: var(--highlight-default)"&gt;$this&lt;/span&gt;&lt;span style="color: var(--highlight-keyword)"&gt;-&amp;gt;&lt;/span&gt;&lt;span style="color: var(--highlight-default)"&gt;result&amp;nbsp;&lt;/span&gt;&lt;span style="color: var(--highlight-keyword)"&gt;=&amp;nbsp;&lt;/span&gt;&lt;span style="color: var(--highlight-default)"&gt;null&lt;/span&gt;&lt;span style="color: var(--highlight-keyword)"&gt;;&lt;/span&gt;&lt;/code&gt;&lt;/li&gt;
&lt;li&gt;&lt;code&gt;&lt;span style="color: var(--highlight-keyword)"&gt;&lt;/span&gt;&lt;/code&gt;&lt;/li&gt;
&lt;li&gt;&lt;code&gt;&lt;span style="color: var(--highlight-keyword)"&gt;&amp;nbsp;&amp;nbsp;&amp;nbsp;&amp;nbsp;&amp;nbsp;&amp;nbsp;&amp;nbsp;&amp;nbsp;return&amp;nbsp;&lt;/span&gt;&lt;span style="color: var(--highlight-default)"&gt;$result&lt;/span&gt;&lt;span style="color: var(--highlight-keyword)"&gt;;&lt;/span&gt;&lt;/code&gt;&lt;/li&gt;&lt;/ol&gt;    &lt;/div&gt;            &lt;/div&gt;
                        &lt;div class="trace-line "&gt;
                &lt;div class="trace-line-header break-long-words sf-toggle" data-toggle-selector="#trace-html-1-26" data-toggle-initial=""&gt;
            &lt;span class="icon icon-close"&gt;&lt;svg width="1792" height="1792" viewBox="0 0 1792 1792" xmlns="http://www.w3.org/2000/svg"&gt;&lt;path d="M1408 960V832q0-26-19-45t-45-19H448q-26 0-45 19t-19 45v128q0 26 19 45t45 19h896q26 0 45-19t19-45zm256-544v960q0 119-84.5 203.5T1376 1664H416q-119 0-203.5-84.5T128 1376V416q0-119 84.5-203.5T416 128h960q119 0 203.5 84.5T1664 416z"/&gt;&lt;/svg&gt;&lt;/span&gt;
        &lt;span class="icon icon-open"&gt;&lt;svg width="1792" height="1792" viewBox="0 0 1792 1792" xmlns="http://www.w3.org/2000/svg"&gt;&lt;path d="M1408 960V832q0-26-19-45t-45-19h-320V448q0-26-19-45t-45-19H832q-26 0-45 19t-19 45v320H448q-26 0-45 19t-19 45v128q0 26 19 45t45 19h320v320q0 26 19 45t45 19h128q26 0 45-19t19-45v-320h320q26 0 45-19t19-45zm256-544v960q0 119-84.5 203.5T1376 1664H416q-119 0-203.5-84.5T128 1376V416q0-119 84.5-203.5T416 128h960q119 0 203.5 84.5T1664 416z"/&gt;&lt;/svg&gt;&lt;/span&gt;
    
            &lt;span class="trace-class"&gt;&lt;abbr title="PHPUnit\Framework\TestCase"&gt;TestCase&lt;/abbr&gt;&lt;/span&gt;&lt;span class="trace-type"&gt;-&gt;&lt;/span&gt;&lt;span class="trace-method"&gt;run&lt;/span&gt;&lt;span class="trace-arguments"&gt;(&lt;em&gt;object&lt;/em&gt;(&lt;abbr title="PHPUnit\Framework\TestResult"&gt;TestResult&lt;/abbr&gt;))&lt;/span&gt;    
                    &lt;span class="block trace-file-path"&gt;
            in
            &lt;a href="file://C:\Users\sliti\Desktop\dev\esprit-PIDEV-3A16-2526-FARMIA\vendor\phpunit\phpunit\src\Framework\TestSuite.php#L685"&gt;
                C:\Users\sliti\Desktop\dev\esprit-PIDEV-3A16-2526-FARMIA\vendor\phpunit\phpunit\src\Framework\&lt;strong&gt;TestSuite.php&lt;/strong&gt;
            &lt;/a&gt;
                        (line 685)
            &lt;span class="icon icon-copy hidden" data-clipboard-text="C:\Users\sliti\Desktop\dev\esprit-PIDEV-3A16-2526-FARMIA\vendor\phpunit\phpunit\src\Framework\TestSuite.php:685"&gt;
                &lt;svg xmlns="http://www.w3.org/2000/svg" height="24" viewBox="0 0 24 24" width="24"&gt;&lt;path d="M0 0h24v24H0z" fill="none"/&gt;&lt;path d="M16 1H4c-1.1 0-2 .9-2 2v14h2V3h12V1zm3 4H8c-1.1 0-2 .9-2 2v14c0 1.1.9 2 2 2h11c1.1 0 2-.9 2-2V7c0-1.1-.9-2-2-2zm0 16H8V7h11v14z"/&gt;&lt;/svg&gt;            &lt;/span&gt;
        &lt;/span&gt;
    &lt;/div&gt;
    &lt;div id="trace-html-1-26" class="trace-code sf-toggle-content"&gt;
        &lt;ol start="680"&gt;&lt;li&gt;&lt;code&gt;&lt;span style="color: var(--highlight-keyword)"&gt;&amp;nbsp;&amp;nbsp;&amp;nbsp;&amp;nbsp;&amp;nbsp;&amp;nbsp;&amp;nbsp;&amp;nbsp;&amp;nbsp;&amp;nbsp;&amp;nbsp;&amp;nbsp;&amp;nbsp;&amp;nbsp;&amp;nbsp;&amp;nbsp;&lt;/span&gt;&lt;span style="color: var(--highlight-default)"&gt;$test&lt;/span&gt;&lt;span style="color: var(--highlight-keyword)"&gt;-&amp;gt;&lt;/span&gt;&lt;span style="color: var(--highlight-default)"&gt;setBackupGlobals&lt;/span&gt;&lt;span style="color: var(--highlight-keyword)"&gt;(&lt;/span&gt;&lt;span style="color: var(--highlight-default)"&gt;$this&lt;/span&gt;&lt;span style="color: var(--highlight-keyword)"&gt;-&amp;gt;&lt;/span&gt;&lt;span style="color: var(--highlight-default)"&gt;backupGlobals&lt;/span&gt;&lt;span style="color: var(--highlight-keyword)"&gt;);&lt;/span&gt;&lt;/code&gt;&lt;/li&gt;
&lt;li&gt;&lt;code&gt;&lt;span style="color: var(--highlight-keyword)"&gt;&amp;nbsp;&amp;nbsp;&amp;nbsp;&amp;nbsp;&amp;nbsp;&amp;nbsp;&amp;nbsp;&amp;nbsp;&amp;nbsp;&amp;nbsp;&amp;nbsp;&amp;nbsp;&amp;nbsp;&amp;nbsp;&amp;nbsp;&amp;nbsp;&lt;/span&gt;&lt;span style="color: var(--highlight-default)"&gt;$test&lt;/span&gt;&lt;span style="color: var(--highlight-keyword)"&gt;-&amp;gt;&lt;/span&gt;&lt;span style="color: var(--highlight-default)"&gt;setBackupStaticAttributes&lt;/span&gt;&lt;span style="color: var(--highlight-keyword)"&gt;(&lt;/span&gt;&lt;span style="color: var(--highlight-default)"&gt;$this&lt;/span&gt;&lt;span style="color: var(--highlight-keyword)"&gt;-&amp;gt;&lt;/span&gt;&lt;span style="color: var(--highlight-default)"&gt;backupStaticAttributes&lt;/span&gt;&lt;span style="color: var(--highlight-keyword)"&gt;);&lt;/span&gt;&lt;/code&gt;&lt;/li&gt;
&lt;li&gt;&lt;code&gt;&lt;span style="color: var(--highlight-keyword)"&gt;&amp;nbsp;&amp;nbsp;&amp;nbsp;&amp;nbsp;&amp;nbsp;&amp;nbsp;&amp;nbsp;&amp;nbsp;&amp;nbsp;&amp;nbsp;&amp;nbsp;&amp;nbsp;&amp;nbsp;&amp;nbsp;&amp;nbsp;&amp;nbsp;&lt;/span&gt;&lt;span style="color: var(--highlight-default)"&gt;$test&lt;/span&gt;&lt;span style="color: var(--highlight-keyword)"&gt;-&amp;gt;&lt;/span&gt;&lt;span style="color: var(--highlight-default)"&gt;setRunTestInSeparateProcess&lt;/span&gt;&lt;span style="color: var(--highlight-keyword)"&gt;(&lt;/span&gt;&lt;span style="color: var(--highlight-default)"&gt;$this&lt;/span&gt;&lt;span style="color: var(--highlight-keyword)"&gt;-&amp;gt;&lt;/span&gt;&lt;span style="color: var(--highlight-default)"&gt;runTestInSeparateProcess&lt;/span&gt;&lt;span style="color: var(--highlight-keyword)"&gt;);&lt;/span&gt;&lt;/code&gt;&lt;/li&gt;
&lt;li&gt;&lt;code&gt;&lt;span style="color: var(--highlight-keyword)"&gt;&amp;nbsp;&amp;nbsp;&amp;nbsp;&amp;nbsp;&amp;nbsp;&amp;nbsp;&amp;nbsp;&amp;nbsp;&amp;nbsp;&amp;nbsp;&amp;nbsp;&amp;nbsp;}&lt;/span&gt;&lt;/code&gt;&lt;/li&gt;
&lt;li&gt;&lt;code&gt;&lt;span style="color: var(--highlight-keyword)"&gt;&lt;/span&gt;&lt;/code&gt;&lt;/li&gt;
&lt;li class="selected"&gt;&lt;code&gt;&lt;span style="color: var(--highlight-keyword)"&gt;&amp;nbsp;&amp;nbsp;&amp;nbsp;&amp;nbsp;&amp;nbsp;&amp;nbsp;&amp;nbsp;&amp;nbsp;&amp;nbsp;&amp;nbsp;&amp;nbsp;&amp;nbsp;&lt;/span&gt;&lt;span style="color: var(--highlight-default)"&gt;$test&lt;/span&gt;&lt;span style="color: var(--highlight-keyword)"&gt;-&amp;gt;&lt;/span&gt;&lt;span style="color: var(--highlight-default)"&gt;run&lt;/span&gt;&lt;span style="color: var(--highlight-keyword)"&gt;(&lt;/span&gt;&lt;span style="color: var(--highlight-default)"&gt;$result&lt;/span&gt;&lt;span style="color: var(--highlight-keyword)"&gt;);&lt;/span&gt;&lt;/code&gt;&lt;/li&gt;
&lt;li&gt;&lt;code&gt;&lt;span style="color: var(--highlight-keyword)"&gt;&amp;nbsp;&amp;nbsp;&amp;nbsp;&amp;nbsp;&amp;nbsp;&amp;nbsp;&amp;nbsp;&amp;nbsp;}&lt;/span&gt;&lt;/code&gt;&lt;/li&gt;
&lt;li&gt;&lt;code&gt;&lt;span style="color: var(--highlight-keyword)"&gt;&lt;/span&gt;&lt;/code&gt;&lt;/li&gt;
&lt;li&gt;&lt;code&gt;&lt;span style="color: var(--highlight-keyword)"&gt;&amp;nbsp;&amp;nbsp;&amp;nbsp;&amp;nbsp;&amp;nbsp;&amp;nbsp;&amp;nbsp;&amp;nbsp;if&amp;nbsp;(&lt;/span&gt;&lt;span style="color: var(--highlight-default)"&gt;$this&lt;/span&gt;&lt;span style="color: var(--highlight-keyword)"&gt;-&amp;gt;&lt;/span&gt;&lt;span style="color: var(--highlight-default)"&gt;testCase&amp;nbsp;&lt;/span&gt;&lt;span style="color: var(--highlight-keyword)"&gt;&amp;amp;&amp;amp;&amp;nbsp;&lt;/span&gt;&lt;span style="color: var(--highlight-default)"&gt;class_exists&lt;/span&gt;&lt;span style="color: var(--highlight-keyword)"&gt;(&lt;/span&gt;&lt;span style="color: var(--highlight-default)"&gt;$this&lt;/span&gt;&lt;span style="color: var(--highlight-keyword)"&gt;-&amp;gt;&lt;/span&gt;&lt;span style="color: var(--highlight-default)"&gt;name&lt;/span&gt;&lt;span style="color: var(--highlight-keyword)"&gt;,&amp;nbsp;&lt;/span&gt;&lt;span style="color: var(--highlight-default)"&gt;false&lt;/span&gt;&lt;span style="color: var(--highlight-keyword)"&gt;))&amp;nbsp;{&lt;/span&gt;&lt;/code&gt;&lt;/li&gt;
&lt;li&gt;&lt;code&gt;&lt;span style="color: var(--highlight-keyword)"&gt;&amp;nbsp;&amp;nbsp;&amp;nbsp;&amp;nbsp;&amp;nbsp;&amp;nbsp;&amp;nbsp;&amp;nbsp;&amp;nbsp;&amp;nbsp;&amp;nbsp;&amp;nbsp;foreach&amp;nbsp;(&lt;/span&gt;&lt;span style="color: var(--highlight-default)"&gt;$hookMethods&lt;/span&gt;&lt;span style="color: var(--highlight-keyword)"&gt;[&lt;/span&gt;&lt;span style="color: var(--highlight-string)"&gt;'afterClass'&lt;/span&gt;&lt;span style="color: var(--highlight-keyword)"&gt;]&amp;nbsp;as&amp;nbsp;&lt;/span&gt;&lt;span style="color: var(--highlight-default)"&gt;$afterClassMethod&lt;/span&gt;&lt;span style="color: var(--highlight-keyword)"&gt;)&amp;nbsp;{&lt;/span&gt;&lt;/code&gt;&lt;/li&gt;
&lt;li&gt;&lt;code&gt;&lt;span style="color: var(--highlight-keyword)"&gt;&amp;nbsp;&amp;nbsp;&amp;nbsp;&amp;nbsp;&amp;nbsp;&amp;nbsp;&amp;nbsp;&amp;nbsp;&amp;nbsp;&amp;nbsp;&amp;nbsp;&amp;nbsp;&amp;nbsp;&amp;nbsp;&amp;nbsp;&amp;nbsp;if&amp;nbsp;(&lt;/span&gt;&lt;span style="color: var(--highlight-default)"&gt;method_exists&lt;/span&gt;&lt;span style="color: var(--highlight-keyword)"&gt;(&lt;/span&gt;&lt;span style="color: var(--highlight-default)"&gt;$this&lt;/span&gt;&lt;span style="color: var(--highlight-keyword)"&gt;-&amp;gt;&lt;/span&gt;&lt;span style="color: var(--highlight-default)"&gt;name&lt;/span&gt;&lt;span style="color: var(--highlight-keyword)"&gt;,&amp;nbsp;&lt;/span&gt;&lt;span style="color: var(--highlight-default)"&gt;$afterClassMethod&lt;/span&gt;&lt;span style="color: var(--highlight-keyword)"&gt;))&amp;nbsp;{&lt;/span&gt;&lt;/code&gt;&lt;/li&gt;&lt;/ol&gt;    &lt;/div&gt;            &lt;/div&gt;
                        &lt;div class="trace-line "&gt;
                &lt;div class="trace-line-header break-long-words sf-toggle" data-toggle-selector="#trace-html-1-27" data-toggle-initial=""&gt;
            &lt;span class="icon icon-close"&gt;&lt;svg width="1792" height="1792" viewBox="0 0 1792 1792" xmlns="http://www.w3.org/2000/svg"&gt;&lt;path d="M1408 960V832q0-26-19-45t-45-19H448q-26 0-45 19t-19 45v128q0 26 19 45t45 19h896q26 0 45-19t19-45zm256-544v960q0 119-84.5 203.5T1376 1664H416q-119 0-203.5-84.5T128 1376V416q0-119 84.5-203.5T416 128h960q119 0 203.5 84.5T1664 416z"/&gt;&lt;/svg&gt;&lt;/span&gt;
        &lt;span class="icon icon-open"&gt;&lt;svg width="1792" height="1792" viewBox="0 0 1792 1792" xmlns="http://www.w3.org/2000/svg"&gt;&lt;path d="M1408 960V832q0-26-19-45t-45-19h-320V448q0-26-19-45t-45-19H832q-26 0-45 19t-19 45v320H448q-26 0-45 19t-19 45v128q0 26 19 45t45 19h320v320q0 26 19 45t45 19h128q26 0 45-19t19-45v-320h320q26 0 45-19t19-45zm256-544v960q0 119-84.5 203.5T1376 1664H416q-119 0-203.5-84.5T128 1376V416q0-119 84.5-203.5T416 128h960q119 0 203.5 84.5T1664 416z"/&gt;&lt;/svg&gt;&lt;/span&gt;
    
            &lt;span class="trace-class"&gt;&lt;abbr title="PHPUnit\Framework\TestSuite"&gt;TestSuite&lt;/abbr&gt;&lt;/span&gt;&lt;span class="trace-type"&gt;-&gt;&lt;/span&gt;&lt;span class="trace-method"&gt;run&lt;/span&gt;&lt;span class="trace-arguments"&gt;(&lt;em&gt;object&lt;/em&gt;(&lt;abbr title="PHPUnit\Framework\TestResult"&gt;TestResult&lt;/abbr&gt;))&lt;/span&gt;    
                    &lt;span class="block trace-file-path"&gt;
            in
            &lt;a href="file://C:\Users\sliti\Desktop\dev\esprit-PIDEV-3A16-2526-FARMIA\vendor\phpunit\phpunit\src\Framework\TestSuite.php#L685"&gt;
                C:\Users\sliti\Desktop\dev\esprit-PIDEV-3A16-2526-FARMIA\vendor\phpunit\phpunit\src\Framework\&lt;strong&gt;TestSuite.php&lt;/strong&gt;
            &lt;/a&gt;
                        (line 685)
            &lt;span class="icon icon-copy hidden" data-clipboard-text="C:\Users\sliti\Desktop\dev\esprit-PIDEV-3A16-2526-FARMIA\vendor\phpunit\phpunit\src\Framework\TestSuite.php:685"&gt;
                &lt;svg xmlns="http://www.w3.org/2000/svg" height="24" viewBox="0 0 24 24" width="24"&gt;&lt;path d="M0 0h24v24H0z" fill="none"/&gt;&lt;path d="M16 1H4c-1.1 0-2 .9-2 2v14h2V3h12V1zm3 4H8c-1.1 0-2 .9-2 2v14c0 1.1.9 2 2 2h11c1.1 0 2-.9 2-2V7c0-1.1-.9-2-2-2zm0 16H8V7h11v14z"/&gt;&lt;/svg&gt;            &lt;/span&gt;
        &lt;/span&gt;
    &lt;/div&gt;
    &lt;div id="trace-html-1-27" class="trace-code sf-toggle-content"&gt;
        &lt;ol start="680"&gt;&lt;li&gt;&lt;code&gt;&lt;span style="color: var(--highlight-keyword)"&gt;&amp;nbsp;&amp;nbsp;&amp;nbsp;&amp;nbsp;&amp;nbsp;&amp;nbsp;&amp;nbsp;&amp;nbsp;&amp;nbsp;&amp;nbsp;&amp;nbsp;&amp;nbsp;&amp;nbsp;&amp;nbsp;&amp;nbsp;&amp;nbsp;&lt;/span&gt;&lt;span style="color: var(--highlight-default)"&gt;$test&lt;/span&gt;&lt;span style="color: var(--highlight-keyword)"&gt;-&amp;gt;&lt;/span&gt;&lt;span style="color: var(--highlight-default)"&gt;setBackupGlobals&lt;/span&gt;&lt;span style="color: var(--highlight-keyword)"&gt;(&lt;/span&gt;&lt;span style="color: var(--highlight-default)"&gt;$this&lt;/span&gt;&lt;span style="color: var(--highlight-keyword)"&gt;-&amp;gt;&lt;/span&gt;&lt;span style="color: var(--highlight-default)"&gt;backupGlobals&lt;/span&gt;&lt;span style="color: var(--highlight-keyword)"&gt;);&lt;/span&gt;&lt;/code&gt;&lt;/li&gt;
&lt;li&gt;&lt;code&gt;&lt;span style="color: var(--highlight-keyword)"&gt;&amp;nbsp;&amp;nbsp;&amp;nbsp;&amp;nbsp;&amp;nbsp;&amp;nbsp;&amp;nbsp;&amp;nbsp;&amp;nbsp;&amp;nbsp;&amp;nbsp;&amp;nbsp;&amp;nbsp;&amp;nbsp;&amp;nbsp;&amp;nbsp;&lt;/span&gt;&lt;span style="color: var(--highlight-default)"&gt;$test&lt;/span&gt;&lt;span style="color: var(--highlight-keyword)"&gt;-&amp;gt;&lt;/span&gt;&lt;span style="color: var(--highlight-default)"&gt;setBackupStaticAttributes&lt;/span&gt;&lt;span style="color: var(--highlight-keyword)"&gt;(&lt;/span&gt;&lt;span style="color: var(--highlight-default)"&gt;$this&lt;/span&gt;&lt;span style="color: var(--highlight-keyword)"&gt;-&amp;gt;&lt;/span&gt;&lt;span style="color: var(--highlight-default)"&gt;backupStaticAttributes&lt;/span&gt;&lt;span style="color: var(--highlight-keyword)"&gt;);&lt;/span&gt;&lt;/code&gt;&lt;/li&gt;
&lt;li&gt;&lt;code&gt;&lt;span style="color: var(--highlight-keyword)"&gt;&amp;nbsp;&amp;nbsp;&amp;nbsp;&amp;nbsp;&amp;nbsp;&amp;nbsp;&amp;nbsp;&amp;nbsp;&amp;nbsp;&amp;nbsp;&amp;nbsp;&amp;nbsp;&amp;nbsp;&amp;nbsp;&amp;nbsp;&amp;nbsp;&lt;/span&gt;&lt;span style="color: var(--highlight-default)"&gt;$test&lt;/span&gt;&lt;span style="color: var(--highlight-keyword)"&gt;-&amp;gt;&lt;/span&gt;&lt;span style="color: var(--highlight-default)"&gt;setRunTestInSeparateProcess&lt;/span&gt;&lt;span style="color: var(--highlight-keyword)"&gt;(&lt;/span&gt;&lt;span style="color: var(--highlight-default)"&gt;$this&lt;/span&gt;&lt;span style="color: var(--highlight-keyword)"&gt;-&amp;gt;&lt;/span&gt;&lt;span style="color: var(--highlight-default)"&gt;runTestInSeparateProcess&lt;/span&gt;&lt;span style="color: var(--highlight-keyword)"&gt;);&lt;/span&gt;&lt;/code&gt;&lt;/li&gt;
&lt;li&gt;&lt;code&gt;&lt;span style="color: var(--highlight-keyword)"&gt;&amp;nbsp;&amp;nbsp;&amp;nbsp;&amp;nbsp;&amp;nbsp;&amp;nbsp;&amp;nbsp;&amp;nbsp;&amp;nbsp;&amp;nbsp;&amp;nbsp;&amp;nbsp;}&lt;/span&gt;&lt;/code&gt;&lt;/li&gt;
&lt;li&gt;&lt;code&gt;&lt;span style="color: var(--highlight-keyword)"&gt;&lt;/span&gt;&lt;/code&gt;&lt;/li&gt;
&lt;li class="selected"&gt;&lt;code&gt;&lt;span style="color: var(--highlight-keyword)"&gt;&amp;nbsp;&amp;nbsp;&amp;nbsp;&amp;nbsp;&amp;nbsp;&amp;nbsp;&amp;nbsp;&amp;nbsp;&amp;nbsp;&amp;nbsp;&amp;nbsp;&amp;nbsp;&lt;/span&gt;&lt;span style="color: var(--highlight-default)"&gt;$test&lt;/span&gt;&lt;span style="color: var(--highlight-keyword)"&gt;-&amp;gt;&lt;/span&gt;&lt;span style="color: var(--highlight-default)"&gt;run&lt;/span&gt;&lt;span style="color: var(--highlight-keyword)"&gt;(&lt;/span&gt;&lt;span style="color: var(--highlight-default)"&gt;$result&lt;/span&gt;&lt;span style="color: var(--highlight-keyword)"&gt;);&lt;/span&gt;&lt;/code&gt;&lt;/li&gt;
&lt;li&gt;&lt;code&gt;&lt;span style="color: var(--highlight-keyword)"&gt;&amp;nbsp;&amp;nbsp;&amp;nbsp;&amp;nbsp;&amp;nbsp;&amp;nbsp;&amp;nbsp;&amp;nbsp;}&lt;/span&gt;&lt;/code&gt;&lt;/li&gt;
&lt;li&gt;&lt;code&gt;&lt;span style="color: var(--highlight-keyword)"&gt;&lt;/span&gt;&lt;/code&gt;&lt;/li&gt;
&lt;li&gt;&lt;code&gt;&lt;span style="color: var(--highlight-keyword)"&gt;&amp;nbsp;&amp;nbsp;&amp;nbsp;&amp;nbsp;&amp;nbsp;&amp;nbsp;&amp;nbsp;&amp;nbsp;if&amp;nbsp;(&lt;/span&gt;&lt;span style="color: var(--highlight-default)"&gt;$this&lt;/span&gt;&lt;span style="color: var(--highlight-keyword)"&gt;-&amp;gt;&lt;/span&gt;&lt;span style="color: var(--highlight-default)"&gt;testCase&amp;nbsp;&lt;/span&gt;&lt;span style="color: var(--highlight-keyword)"&gt;&amp;amp;&amp;amp;&amp;nbsp;&lt;/span&gt;&lt;span style="color: var(--highlight-default)"&gt;class_exists&lt;/span&gt;&lt;span style="color: var(--highlight-keyword)"&gt;(&lt;/span&gt;&lt;span style="color: var(--highlight-default)"&gt;$this&lt;/span&gt;&lt;span style="color: var(--highlight-keyword)"&gt;-&amp;gt;&lt;/span&gt;&lt;span style="color: var(--highlight-default)"&gt;name&lt;/span&gt;&lt;span style="color: var(--highlight-keyword)"&gt;,&amp;nbsp;&lt;/span&gt;&lt;span style="color: var(--highlight-default)"&gt;false&lt;/span&gt;&lt;span style="color: var(--highlight-keyword)"&gt;))&amp;nbsp;{&lt;/span&gt;&lt;/code&gt;&lt;/li&gt;
&lt;li&gt;&lt;code&gt;&lt;span style="color: var(--highlight-keyword)"&gt;&amp;nbsp;&amp;nbsp;&amp;nbsp;&amp;nbsp;&amp;nbsp;&amp;nbsp;&amp;nbsp;&amp;nbsp;&amp;nbsp;&amp;nbsp;&amp;nbsp;&amp;nbsp;foreach&amp;nbsp;(&lt;/span&gt;&lt;span style="color: var(--highlight-default)"&gt;$hookMethods&lt;/span&gt;&lt;span style="color: var(--highlight-keyword)"&gt;[&lt;/span&gt;&lt;span style="color: var(--highlight-string)"&gt;'afterClass'&lt;/span&gt;&lt;span style="color: var(--highlight-keyword)"&gt;]&amp;nbsp;as&amp;nbsp;&lt;/span&gt;&lt;span style="color: var(--highlight-default)"&gt;$afterClassMethod&lt;/span&gt;&lt;span style="color: var(--highlight-keyword)"&gt;)&amp;nbsp;{&lt;/span&gt;&lt;/code&gt;&lt;/li&gt;
&lt;li&gt;&lt;code&gt;&lt;span style="color: var(--highlight-keyword)"&gt;&amp;nbsp;&amp;nbsp;&amp;nbsp;&amp;nbsp;&amp;nbsp;&amp;nbsp;&amp;nbsp;&amp;nbsp;&amp;nbsp;&amp;nbsp;&amp;nbsp;&amp;nbsp;&amp;nbsp;&amp;nbsp;&amp;nbsp;&amp;nbsp;if&amp;nbsp;(&lt;/span&gt;&lt;span style="color: var(--highlight-default)"&gt;method_exists&lt;/span&gt;&lt;span style="color: var(--highlight-keyword)"&gt;(&lt;/span&gt;&lt;span style="color: var(--highlight-default)"&gt;$this&lt;/span&gt;&lt;span style="color: var(--highlight-keyword)"&gt;-&amp;gt;&lt;/span&gt;&lt;span style="color: var(--highlight-default)"&gt;name&lt;/span&gt;&lt;span style="color: var(--highlight-keyword)"&gt;,&amp;nbsp;&lt;/span&gt;&lt;span style="color: var(--highlight-default)"&gt;$afterClassMethod&lt;/span&gt;&lt;span style="color: var(--highlight-keyword)"&gt;))&amp;nbsp;{&lt;/span&gt;&lt;/code&gt;&lt;/li&gt;&lt;/ol&gt;    &lt;/div&gt;            &lt;/div&gt;
                        &lt;div class="trace-line "&gt;
                &lt;div class="trace-line-header break-long-words sf-toggle" data-toggle-selector="#trace-html-1-28" data-toggle-initial=""&gt;
            &lt;span class="icon icon-close"&gt;&lt;svg width="1792" height="1792" viewBox="0 0 1792 1792" xmlns="http://www.w3.org/2000/svg"&gt;&lt;path d="M1408 960V832q0-26-19-45t-45-19H448q-26 0-45 19t-19 45v128q0 26 19 45t45 19h896q26 0 45-19t19-45zm256-544v960q0 119-84.5 203.5T1376 1664H416q-119 0-203.5-84.5T128 1376V416q0-119 84.5-203.5T416 128h960q119 0 203.5 84.5T1664 416z"/&gt;&lt;/svg&gt;&lt;/span&gt;
        &lt;span class="icon icon-open"&gt;&lt;svg width="1792" height="1792" viewBox="0 0 1792 1792" xmlns="http://www.w3.org/2000/svg"&gt;&lt;path d="M1408 960V832q0-26-19-45t-45-19h-320V448q0-26-19-45t-45-19H832q-26 0-45 19t-19 45v320H448q-26 0-45 19t-19 45v128q0 26 19 45t45 19h320v320q0 26 19 45t45 19h128q26 0 45-19t19-45v-320h320q26 0 45-19t19-45zm256-544v960q0 119-84.5 203.5T1376 1664H416q-119 0-203.5-84.5T128 1376V416q0-119 84.5-203.5T416 128h960q119 0 203.5 84.5T1664 416z"/&gt;&lt;/svg&gt;&lt;/span&gt;
    
            &lt;span class="trace-class"&gt;&lt;abbr title="PHPUnit\Framework\TestSuite"&gt;TestSuite&lt;/abbr&gt;&lt;/span&gt;&lt;span class="trace-type"&gt;-&gt;&lt;/span&gt;&lt;span class="trace-method"&gt;run&lt;/span&gt;&lt;span class="trace-arguments"&gt;(&lt;em&gt;object&lt;/em&gt;(&lt;abbr title="PHPUnit\Framework\TestResult"&gt;TestResult&lt;/abbr&gt;))&lt;/span&gt;    
                    &lt;span class="block trace-file-path"&gt;
            in
            &lt;a href="file://C:\Users\sliti\Desktop\dev\esprit-PIDEV-3A16-2526-FARMIA\vendor\phpunit\phpunit\src\Framework\TestSuite.php#L685"&gt;
                C:\Users\sliti\Desktop\dev\esprit-PIDEV-3A16-2526-FARMIA\vendor\phpunit\phpunit\src\Framework\&lt;strong&gt;TestSuite.php&lt;/strong&gt;
            &lt;/a&gt;
                        (line 685)
            &lt;span class="icon icon-copy hidden" data-clipboard-text="C:\Users\sliti\Desktop\dev\esprit-PIDEV-3A16-2526-FARMIA\vendor\phpunit\phpunit\src\Framework\TestSuite.php:685"&gt;
                &lt;svg xmlns="http://www.w3.org/2000/svg" height="24" viewBox="0 0 24 24" width="24"&gt;&lt;path d="M0 0h24v24H0z" fill="none"/&gt;&lt;path d="M16 1H4c-1.1 0-2 .9-2 2v14h2V3h12V1zm3 4H8c-1.1 0-2 .9-2 2v14c0 1.1.9 2 2 2h11c1.1 0 2-.9 2-2V7c0-1.1-.9-2-2-2zm0 16H8V7h11v14z"/&gt;&lt;/svg&gt;            &lt;/span&gt;
        &lt;/span&gt;
    &lt;/div&gt;
    &lt;div id="trace-html-1-28" class="trace-code sf-toggle-content"&gt;
        &lt;ol start="680"&gt;&lt;li&gt;&lt;code&gt;&lt;span style="color: var(--highlight-keyword)"&gt;&amp;nbsp;&amp;nbsp;&amp;nbsp;&amp;nbsp;&amp;nbsp;&amp;nbsp;&amp;nbsp;&amp;nbsp;&amp;nbsp;&amp;nbsp;&amp;nbsp;&amp;nbsp;&amp;nbsp;&amp;nbsp;&amp;nbsp;&amp;nbsp;&lt;/span&gt;&lt;span style="color: var(--highlight-default)"&gt;$test&lt;/span&gt;&lt;span style="color: var(--highlight-keyword)"&gt;-&amp;gt;&lt;/span&gt;&lt;span style="color: var(--highlight-default)"&gt;setBackupGlobals&lt;/span&gt;&lt;span style="color: var(--highlight-keyword)"&gt;(&lt;/span&gt;&lt;span style="color: var(--highlight-default)"&gt;$this&lt;/span&gt;&lt;span style="color: var(--highlight-keyword)"&gt;-&amp;gt;&lt;/span&gt;&lt;span style="color: var(--highlight-default)"&gt;backupGlobals&lt;/span&gt;&lt;span style="color: var(--highlight-keyword)"&gt;);&lt;/span&gt;&lt;/code&gt;&lt;/li&gt;
&lt;li&gt;&lt;code&gt;&lt;span style="color: var(--highlight-keyword)"&gt;&amp;nbsp;&amp;nbsp;&amp;nbsp;&amp;nbsp;&amp;nbsp;&amp;nbsp;&amp;nbsp;&amp;nbsp;&amp;nbsp;&amp;nbsp;&amp;nbsp;&amp;nbsp;&amp;nbsp;&amp;nbsp;&amp;nbsp;&amp;nbsp;&lt;/span&gt;&lt;span style="color: var(--highlight-default)"&gt;$test&lt;/span&gt;&lt;span style="color: var(--highlight-keyword)"&gt;-&amp;gt;&lt;/span&gt;&lt;span style="color: var(--highlight-default)"&gt;setBackupStaticAttributes&lt;/span&gt;&lt;span style="color: var(--highlight-keyword)"&gt;(&lt;/span&gt;&lt;span style="color: var(--highlight-default)"&gt;$this&lt;/span&gt;&lt;span style="color: var(--highlight-keyword)"&gt;-&amp;gt;&lt;/span&gt;&lt;span style="color: var(--highlight-default)"&gt;backupStaticAttributes&lt;/span&gt;&lt;span style="color: var(--highlight-keyword)"&gt;);&lt;/span&gt;&lt;/code&gt;&lt;/li&gt;
&lt;li&gt;&lt;code&gt;&lt;span style="color: var(--highlight-keyword)"&gt;&amp;nbsp;&amp;nbsp;&amp;nbsp;&amp;nbsp;&amp;nbsp;&amp;nbsp;&amp;nbsp;&amp;nbsp;&amp;nbsp;&amp;nbsp;&amp;nbsp;&amp;nbsp;&amp;nbsp;&amp;nbsp;&amp;nbsp;&amp;nbsp;&lt;/span&gt;&lt;span style="color: var(--highlight-default)"&gt;$test&lt;/span&gt;&lt;span style="color: var(--highlight-keyword)"&gt;-&amp;gt;&lt;/span&gt;&lt;span style="color: var(--highlight-default)"&gt;setRunTestInSeparateProcess&lt;/span&gt;&lt;span style="color: var(--highlight-keyword)"&gt;(&lt;/span&gt;&lt;span style="color: var(--highlight-default)"&gt;$this&lt;/span&gt;&lt;span style="color: var(--highlight-keyword)"&gt;-&amp;gt;&lt;/span&gt;&lt;span style="color: var(--highlight-default)"&gt;runTestInSeparateProcess&lt;/span&gt;&lt;span style="color: var(--highlight-keyword)"&gt;);&lt;/span&gt;&lt;/code&gt;&lt;/li&gt;
&lt;li&gt;&lt;code&gt;&lt;span style="color: var(--highlight-keyword)"&gt;&amp;nbsp;&amp;nbsp;&amp;nbsp;&amp;nbsp;&amp;nbsp;&amp;nbsp;&amp;nbsp;&amp;nbsp;&amp;nbsp;&amp;nbsp;&amp;nbsp;&amp;nbsp;}&lt;/span&gt;&lt;/code&gt;&lt;/li&gt;
&lt;li&gt;&lt;code&gt;&lt;span style="color: var(--highlight-keyword)"&gt;&lt;/span&gt;&lt;/code&gt;&lt;/li&gt;
&lt;li class="selected"&gt;&lt;code&gt;&lt;span style="color: var(--highlight-keyword)"&gt;&amp;nbsp;&amp;nbsp;&amp;nbsp;&amp;nbsp;&amp;nbsp;&amp;nbsp;&amp;nbsp;&amp;nbsp;&amp;nbsp;&amp;nbsp;&amp;nbsp;&amp;nbsp;&lt;/span&gt;&lt;span style="color: var(--highlight-default)"&gt;$test&lt;/span&gt;&lt;span style="color: var(--highlight-keyword)"&gt;-&amp;gt;&lt;/span&gt;&lt;span style="color: var(--highlight-default)"&gt;run&lt;/span&gt;&lt;span style="color: var(--highlight-keyword)"&gt;(&lt;/span&gt;&lt;span style="color: var(--highlight-default)"&gt;$result&lt;/span&gt;&lt;span style="color: var(--highlight-keyword)"&gt;);&lt;/span&gt;&lt;/code&gt;&lt;/li&gt;
&lt;li&gt;&lt;code&gt;&lt;span style="color: var(--highlight-keyword)"&gt;&amp;nbsp;&amp;nbsp;&amp;nbsp;&amp;nbsp;&amp;nbsp;&amp;nbsp;&amp;nbsp;&amp;nbsp;}&lt;/span&gt;&lt;/code&gt;&lt;/li&gt;
&lt;li&gt;&lt;code&gt;&lt;span style="color: var(--highlight-keyword)"&gt;&lt;/span&gt;&lt;/code&gt;&lt;/li&gt;
&lt;li&gt;&lt;code&gt;&lt;span style="color: var(--highlight-keyword)"&gt;&amp;nbsp;&amp;nbsp;&amp;nbsp;&amp;nbsp;&amp;nbsp;&amp;nbsp;&amp;nbsp;&amp;nbsp;if&amp;nbsp;(&lt;/span&gt;&lt;span style="color: var(--highlight-default)"&gt;$this&lt;/span&gt;&lt;span style="color: var(--highlight-keyword)"&gt;-&amp;gt;&lt;/span&gt;&lt;span style="color: var(--highlight-default)"&gt;testCase&amp;nbsp;&lt;/span&gt;&lt;span style="color: var(--highlight-keyword)"&gt;&amp;amp;&amp;amp;&amp;nbsp;&lt;/span&gt;&lt;span style="color: var(--highlight-default)"&gt;class_exists&lt;/span&gt;&lt;span style="color: var(--highlight-keyword)"&gt;(&lt;/span&gt;&lt;span style="color: var(--highlight-default)"&gt;$this&lt;/span&gt;&lt;span style="color: var(--highlight-keyword)"&gt;-&amp;gt;&lt;/span&gt;&lt;span style="color: var(--highlight-default)"&gt;name&lt;/span&gt;&lt;span style="color: var(--highlight-keyword)"&gt;,&amp;nbsp;&lt;/span&gt;&lt;span style="color: var(--highlight-default)"&gt;false&lt;/span&gt;&lt;span style="color: var(--highlight-keyword)"&gt;))&amp;nbsp;{&lt;/span&gt;&lt;/code&gt;&lt;/li&gt;
&lt;li&gt;&lt;code&gt;&lt;span style="color: var(--highlight-keyword)"&gt;&amp;nbsp;&amp;nbsp;&amp;nbsp;&amp;nbsp;&amp;nbsp;&amp;nbsp;&amp;nbsp;&amp;nbsp;&amp;nbsp;&amp;nbsp;&amp;nbsp;&amp;nbsp;foreach&amp;nbsp;(&lt;/span&gt;&lt;span style="color: var(--highlight-default)"&gt;$hookMethods&lt;/span&gt;&lt;span style="color: var(--highlight-keyword)"&gt;[&lt;/span&gt;&lt;span style="color: var(--highlight-string)"&gt;'afterClass'&lt;/span&gt;&lt;span style="color: var(--highlight-keyword)"&gt;]&amp;nbsp;as&amp;nbsp;&lt;/span&gt;&lt;span style="color: var(--highlight-default)"&gt;$afterClassMethod&lt;/span&gt;&lt;span style="color: var(--highlight-keyword)"&gt;)&amp;nbsp;{&lt;/span&gt;&lt;/code&gt;&lt;/li&gt;
&lt;li&gt;&lt;code&gt;&lt;span style="color: var(--highlight-keyword)"&gt;&amp;nbsp;&amp;nbsp;&amp;nbsp;&amp;nbsp;&amp;nbsp;&amp;nbsp;&amp;nbsp;&amp;nbsp;&amp;nbsp;&amp;nbsp;&amp;nbsp;&amp;nbsp;&amp;nbsp;&amp;nbsp;&amp;nbsp;&amp;nbsp;if&amp;nbsp;(&lt;/span&gt;&lt;span style="color: var(--highlight-default)"&gt;method_exists&lt;/span&gt;&lt;span style="color: var(--highlight-keyword)"&gt;(&lt;/span&gt;&lt;span style="color: var(--highlight-default)"&gt;$this&lt;/span&gt;&lt;span style="color: var(--highlight-keyword)"&gt;-&amp;gt;&lt;/span&gt;&lt;span style="color: var(--highlight-default)"&gt;name&lt;/span&gt;&lt;span style="color: var(--highlight-keyword)"&gt;,&amp;nbsp;&lt;/span&gt;&lt;span style="color: var(--highlight-default)"&gt;$afterClassMethod&lt;/span&gt;&lt;span style="color: var(--highlight-keyword)"&gt;))&amp;nbsp;{&lt;/span&gt;&lt;/code&gt;&lt;/li&gt;&lt;/ol&gt;    &lt;/div&gt;            &lt;/div&gt;
                        &lt;div class="trace-line "&gt;
                &lt;div class="trace-line-header break-long-words sf-toggle" data-toggle-selector="#trace-html-1-29" data-toggle-initial=""&gt;
            &lt;span class="icon icon-close"&gt;&lt;svg width="1792" height="1792" viewBox="0 0 1792 1792" xmlns="http://www.w3.org/2000/svg"&gt;&lt;path d="M1408 960V832q0-26-19-45t-45-19H448q-26 0-45 19t-19 45v128q0 26 19 45t45 19h896q26 0 45-19t19-45zm256-544v960q0 119-84.5 203.5T1376 1664H416q-119 0-203.5-84.5T128 1376V416q0-119 84.5-203.5T416 128h960q119 0 203.5 84.5T1664 416z"/&gt;&lt;/svg&gt;&lt;/span&gt;
        &lt;span class="icon icon-open"&gt;&lt;svg width="1792" height="1792" viewBox="0 0 1792 1792" xmlns="http://www.w3.org/2000/svg"&gt;&lt;path d="M1408 960V832q0-26-19-45t-45-19h-320V448q0-26-19-45t-45-19H832q-26 0-45 19t-19 45v320H448q-26 0-45 19t-19 45v128q0 26 19 45t45 19h320v320q0 26 19 45t45 19h128q26 0 45-19t19-45v-320h320q26 0 45-19t19-45zm256-544v960q0 119-84.5 203.5T1376 1664H416q-119 0-203.5-84.5T128 1376V416q0-119 84.5-203.5T416 128h960q119 0 203.5 84.5T1664 416z"/&gt;&lt;/svg&gt;&lt;/span&gt;
    
            &lt;span class="trace-class"&gt;&lt;abbr title="PHPUnit\Framework\TestSuite"&gt;TestSuite&lt;/abbr&gt;&lt;/span&gt;&lt;span class="trace-type"&gt;-&gt;&lt;/span&gt;&lt;span class="trace-method"&gt;run&lt;/span&gt;&lt;span class="trace-arguments"&gt;(&lt;em&gt;object&lt;/em&gt;(&lt;abbr title="PHPUnit\Framework\TestResult"&gt;TestResult&lt;/abbr&gt;))&lt;/span&gt;    
                    &lt;span class="block trace-file-path"&gt;
            in
            &lt;a href="file://C:\Users\sliti\Desktop\dev\esprit-PIDEV-3A16-2526-FARMIA\vendor\phpunit\phpunit\src\TextUI\TestRunner.php#L651"&gt;
                C:\Users\sliti\Desktop\dev\esprit-PIDEV-3A16-2526-FARMIA\vendor\phpunit\phpunit\src\TextUI\&lt;strong&gt;TestRunner.php&lt;/strong&gt;
            &lt;/a&gt;
                        (line 651)
            &lt;span class="icon icon-copy hidden" data-clipboard-text="C:\Users\sliti\Desktop\dev\esprit-PIDEV-3A16-2526-FARMIA\vendor\phpunit\phpunit\src\TextUI\TestRunner.php:651"&gt;
                &lt;svg xmlns="http://www.w3.org/2000/svg" height="24" viewBox="0 0 24 24" width="24"&gt;&lt;path d="M0 0h24v24H0z" fill="none"/&gt;&lt;path d="M16 1H4c-1.1 0-2 .9-2 2v14h2V3h12V1zm3 4H8c-1.1 0-2 .9-2 2v14c0 1.1.9 2 2 2h11c1.1 0 2-.9 2-2V7c0-1.1-.9-2-2-2zm0 16H8V7h11v14z"/&gt;&lt;/svg&gt;            &lt;/span&gt;
        &lt;/span&gt;
    &lt;/div&gt;
    &lt;div id="trace-html-1-29" class="trace-code sf-toggle-content"&gt;
        &lt;ol start="646"&gt;&lt;li&gt;&lt;code&gt;&lt;span style="color: var(--highlight-keyword)"&gt;&amp;nbsp;&amp;nbsp;&amp;nbsp;&amp;nbsp;&amp;nbsp;&amp;nbsp;&amp;nbsp;&amp;nbsp;&amp;nbsp;&amp;nbsp;&amp;nbsp;&amp;nbsp;if&amp;nbsp;(&lt;/span&gt;&lt;span style="color: var(--highlight-default)"&gt;$extension&amp;nbsp;&lt;/span&gt;&lt;span style="color: var(--highlight-keyword)"&gt;instanceof&amp;nbsp;&lt;/span&gt;&lt;span style="color: var(--highlight-default)"&gt;BeforeFirstTestHook&lt;/span&gt;&lt;span style="color: var(--highlight-keyword)"&gt;)&amp;nbsp;{&lt;/span&gt;&lt;/code&gt;&lt;/li&gt;
&lt;li&gt;&lt;code&gt;&lt;span style="color: var(--highlight-keyword)"&gt;&amp;nbsp;&amp;nbsp;&amp;nbsp;&amp;nbsp;&amp;nbsp;&amp;nbsp;&amp;nbsp;&amp;nbsp;&amp;nbsp;&amp;nbsp;&amp;nbsp;&amp;nbsp;&amp;nbsp;&amp;nbsp;&amp;nbsp;&amp;nbsp;&lt;/span&gt;&lt;span style="color: var(--highlight-default)"&gt;$extension&lt;/span&gt;&lt;span style="color: var(--highlight-keyword)"&gt;-&amp;gt;&lt;/span&gt;&lt;span style="color: var(--highlight-default)"&gt;executeBeforeFirstTest&lt;/span&gt;&lt;span style="color: var(--highlight-keyword)"&gt;();&lt;/span&gt;&lt;/code&gt;&lt;/li&gt;
&lt;li&gt;&lt;code&gt;&lt;span style="color: var(--highlight-keyword)"&gt;&amp;nbsp;&amp;nbsp;&amp;nbsp;&amp;nbsp;&amp;nbsp;&amp;nbsp;&amp;nbsp;&amp;nbsp;&amp;nbsp;&amp;nbsp;&amp;nbsp;&amp;nbsp;}&lt;/span&gt;&lt;/code&gt;&lt;/li&gt;
&lt;li&gt;&lt;code&gt;&lt;span style="color: var(--highlight-keyword)"&gt;&amp;nbsp;&amp;nbsp;&amp;nbsp;&amp;nbsp;&amp;nbsp;&amp;nbsp;&amp;nbsp;&amp;nbsp;}&lt;/span&gt;&lt;/code&gt;&lt;/li&gt;
&lt;li&gt;&lt;code&gt;&lt;span style="color: var(--highlight-keyword)"&gt;&lt;/span&gt;&lt;/code&gt;&lt;/li&gt;
&lt;li class="selected"&gt;&lt;code&gt;&lt;span style="color: var(--highlight-keyword)"&gt;&amp;nbsp;&amp;nbsp;&amp;nbsp;&amp;nbsp;&amp;nbsp;&amp;nbsp;&amp;nbsp;&amp;nbsp;&lt;/span&gt;&lt;span style="color: var(--highlight-default)"&gt;$suite&lt;/span&gt;&lt;span style="color: var(--highlight-keyword)"&gt;-&amp;gt;&lt;/span&gt;&lt;span style="color: var(--highlight-default)"&gt;run&lt;/span&gt;&lt;span style="color: var(--highlight-keyword)"&gt;(&lt;/span&gt;&lt;span style="color: var(--highlight-default)"&gt;$result&lt;/span&gt;&lt;span style="color: var(--highlight-keyword)"&gt;);&lt;/span&gt;&lt;/code&gt;&lt;/li&gt;
&lt;li&gt;&lt;code&gt;&lt;span style="color: var(--highlight-keyword)"&gt;&lt;/span&gt;&lt;/code&gt;&lt;/li&gt;
&lt;li&gt;&lt;code&gt;&lt;span style="color: var(--highlight-keyword)"&gt;&amp;nbsp;&amp;nbsp;&amp;nbsp;&amp;nbsp;&amp;nbsp;&amp;nbsp;&amp;nbsp;&amp;nbsp;foreach&amp;nbsp;(&lt;/span&gt;&lt;span style="color: var(--highlight-default)"&gt;$this&lt;/span&gt;&lt;span style="color: var(--highlight-keyword)"&gt;-&amp;gt;&lt;/span&gt;&lt;span style="color: var(--highlight-default)"&gt;extensions&amp;nbsp;&lt;/span&gt;&lt;span style="color: var(--highlight-keyword)"&gt;as&amp;nbsp;&lt;/span&gt;&lt;span style="color: var(--highlight-default)"&gt;$extension&lt;/span&gt;&lt;span style="color: var(--highlight-keyword)"&gt;)&amp;nbsp;{&lt;/span&gt;&lt;/code&gt;&lt;/li&gt;
&lt;li&gt;&lt;code&gt;&lt;span style="color: var(--highlight-keyword)"&gt;&amp;nbsp;&amp;nbsp;&amp;nbsp;&amp;nbsp;&amp;nbsp;&amp;nbsp;&amp;nbsp;&amp;nbsp;&amp;nbsp;&amp;nbsp;&amp;nbsp;&amp;nbsp;if&amp;nbsp;(&lt;/span&gt;&lt;span style="color: var(--highlight-default)"&gt;$extension&amp;nbsp;&lt;/span&gt;&lt;span style="color: var(--highlight-keyword)"&gt;instanceof&amp;nbsp;&lt;/span&gt;&lt;span style="color: var(--highlight-default)"&gt;AfterLastTestHook&lt;/span&gt;&lt;span style="color: var(--highlight-keyword)"&gt;)&amp;nbsp;{&lt;/span&gt;&lt;/code&gt;&lt;/li&gt;
&lt;li&gt;&lt;code&gt;&lt;span style="color: var(--highlight-keyword)"&gt;&amp;nbsp;&amp;nbsp;&amp;nbsp;&amp;nbsp;&amp;nbsp;&amp;nbsp;&amp;nbsp;&amp;nbsp;&amp;nbsp;&amp;nbsp;&amp;nbsp;&amp;nbsp;&amp;nbsp;&amp;nbsp;&amp;nbsp;&amp;nbsp;&lt;/span&gt;&lt;span style="color: var(--highlight-default)"&gt;$extension&lt;/span&gt;&lt;span style="color: var(--highlight-keyword)"&gt;-&amp;gt;&lt;/span&gt;&lt;span style="color: var(--highlight-default)"&gt;executeAfterLastTest&lt;/span&gt;&lt;span style="color: var(--highlight-keyword)"&gt;();&lt;/span&gt;&lt;/code&gt;&lt;/li&gt;
&lt;li&gt;&lt;code&gt;&lt;span style="color: var(--highlight-keyword)"&gt;&amp;nbsp;&amp;nbsp;&amp;nbsp;&amp;nbsp;&amp;nbsp;&amp;nbsp;&amp;nbsp;&amp;nbsp;&amp;nbsp;&amp;nbsp;&amp;nbsp;&amp;nbsp;}&lt;/span&gt;&lt;/code&gt;&lt;/li&gt;&lt;/ol&gt;    &lt;/div&gt;            &lt;/div&gt;
                        &lt;div class="trace-line "&gt;
                &lt;div class="trace-line-header break-long-words sf-toggle" data-toggle-selector="#trace-html-1-30" data-toggle-initial=""&gt;
            &lt;span class="icon icon-close"&gt;&lt;svg width="1792" height="1792" viewBox="0 0 1792 1792" xmlns="http://www.w3.org/2000/svg"&gt;&lt;path d="M1408 960V832q0-26-19-45t-45-19H448q-26 0-45 19t-19 45v128q0 26 19 45t45 19h896q26 0 45-19t19-45zm256-544v960q0 119-84.5 203.5T1376 1664H416q-119 0-203.5-84.5T128 1376V416q0-119 84.5-203.5T416 128h960q119 0 203.5 84.5T1664 416z"/&gt;&lt;/svg&gt;&lt;/span&gt;
        &lt;span class="icon icon-open"&gt;&lt;svg width="1792" height="1792" viewBox="0 0 1792 1792" xmlns="http://www.w3.org/2000/svg"&gt;&lt;path d="M1408 960V832q0-26-19-45t-45-19h-320V448q0-26-19-45t-45-19H832q-26 0-45 19t-19 45v320H448q-26 0-45 19t-19 45v128q0 26 19 45t45 19h320v320q0 26 19 45t45 19h128q26 0 45-19t19-45v-320h320q26 0 45-19t19-45zm256-544v960q0 119-84.5 203.5T1376 1664H416q-119 0-203.5-84.5T128 1376V416q0-119 84.5-203.5T416 128h960q119 0 203.5 84.5T1664 416z"/&gt;&lt;/svg&gt;&lt;/span&gt;
    
            &lt;span class="trace-class"&gt;&lt;abbr title="PHPUnit\TextUI\TestRunner"&gt;TestRunner&lt;/abbr&gt;&lt;/span&gt;&lt;span class="trace-type"&gt;-&gt;&lt;/span&gt;&lt;span class="trace-method"&gt;run&lt;/span&gt;&lt;span class="trace-arguments"&gt;(&lt;em&gt;object&lt;/em&gt;(&lt;abbr title="PHPUnit\Framework\TestSuite"&gt;TestSuite&lt;/abbr&gt;), &lt;em&gt;array&lt;/em&gt;('extensions' =&gt; &lt;em&gt;array&lt;/em&gt;(), 'listGroups' =&gt; &lt;em&gt;false&lt;/em&gt;, 'listSuites' =&gt; &lt;em&gt;false&lt;/em&gt;, 'listTests' =&gt; &lt;em&gt;false&lt;/em&gt;, 'listTestsXml' =&gt; &lt;em&gt;false&lt;/em&gt;, 'loader' =&gt; &lt;em&gt;null&lt;/em&gt;, 'useDefaultConfiguration' =&gt; &lt;em&gt;true&lt;/em&gt;, 'loadedExtensions' =&gt; &lt;em&gt;array&lt;/em&gt;(), 'unavailableExtensions' =&gt; &lt;em&gt;array&lt;/em&gt;(), 'notLoadedExtensions' =&gt; &lt;em&gt;array&lt;/em&gt;(), 'junitLogfile' =&gt; 'test-results.xml', 'testSuffixes' =&gt; &lt;em&gt;array&lt;/em&gt;('Test.php', '.phpt'), 'configuration' =&gt; 'C:\\Users\\sliti\\Desktop\\dev\\esprit-PIDEV-3A16-2526-FARMIA\\phpunit.xml.dist', 'configurationObject' =&gt; &lt;em&gt;object&lt;/em&gt;(&lt;abbr title="PHPUnit\TextUI\XmlConfiguration\Configuration"&gt;Configuration&lt;/abbr&gt;), 'stderr' =&gt; &lt;em&gt;false&lt;/em&gt;, 'columns' =&gt; 80, 'warnings' =&gt; &lt;em&gt;array&lt;/em&gt;(), 'debug' =&gt; &lt;em&gt;false&lt;/em&gt;, 'filter' =&gt; &lt;em&gt;false&lt;/em&gt;, 'listeners' =&gt; &lt;em&gt;array&lt;/em&gt;(), 'backupGlobals' =&gt; &lt;em&gt;false&lt;/em&gt;, 'backupStaticAttributes' =&gt; &lt;em&gt;false&lt;/em&gt;, 'beStrictAboutChangesToGlobalState' =&gt; &lt;em&gt;false&lt;/em&gt;, 'cacheResult' =&gt; &lt;em&gt;true&lt;/em&gt;, 'colors' =&gt; 'auto', 'convertDeprecationsToExceptions' =&gt; &lt;em&gt;false&lt;/em&gt;, 'convertErrorsToExceptions' =&gt; &lt;em&gt;true&lt;/em&gt;, 'convertNoticesToExceptions' =&gt; &lt;em&gt;true&lt;/em&gt;, 'convertWarningsToExceptions' =&gt; &lt;em&gt;true&lt;/em&gt;, 'processIsolation' =&gt; &lt;em&gt;false&lt;/em&gt;, 'stopOnDefect' =&gt; &lt;em&gt;false&lt;/em&gt;, 'stopOnError' =&gt; &lt;em&gt;false&lt;/em&gt;, 'stopOnFailure' =&gt; &lt;em&gt;false&lt;/em&gt;, 'stopOnWarning' =&gt; &lt;em&gt;false&lt;/em&gt;, 'stopOnIncomplete' =&gt; &lt;em&gt;false&lt;/em&gt;, 'stopOnRisky' =&gt; &lt;em&gt;false&lt;/em&gt;, 'stopOnSkipped' =&gt; &lt;em&gt;false&lt;/em&gt;, 'failOnEmptyTestSuite' =&gt; &lt;em&gt;false&lt;/em&gt;, 'failOnIncomplete' =&gt; &lt;em&gt;false&lt;/em&gt;, 'failOnRisky' =&gt; &lt;em&gt;false&lt;/em&gt;, 'failOnSkipped' =&gt; &lt;em&gt;false&lt;/em&gt;, 'failOnWarning' =&gt; &lt;em&gt;false&lt;/em&gt;, 'enforceTimeLimit' =&gt; &lt;em&gt;false&lt;/em&gt;, 'defaultTimeLimit' =&gt; 1, 'timeoutForSmallTests' =&gt; 1, 'timeoutForMediumTests' =&gt; 10, 'timeoutForLargeTests' =&gt; 60, 'reportUselessTests' =&gt; &lt;em&gt;true&lt;/em&gt;, 'strictCoverage' =&gt; &lt;em&gt;false&lt;/em&gt;, 'ignoreDeprecatedCodeUnitsFromCodeCoverage' =&gt; &lt;em&gt;false&lt;/em&gt;, 'disallowTestOutput' =&gt; &lt;em&gt;false&lt;/em&gt;, 'disallowTodoAnnotatedTests' =&gt; &lt;em&gt;false&lt;/em&gt;, 'beStrictAboutResourceUsageDuringSmallTests' =&gt; &lt;em&gt;false&lt;/em&gt;, 'verbose' =&gt; &lt;em&gt;false&lt;/em&gt;, 'reverseDefectList' =&gt; &lt;em&gt;false&lt;/em&gt;, 'forceCoversAnnotation' =&gt; &lt;em&gt;false&lt;/em&gt;, 'disableCodeCoverageIgnore' =&gt; &lt;em&gt;false&lt;/em&gt;, 'registerMockObjectsFromTestArgumentsRecursively' =&gt; &lt;em&gt;false&lt;/em&gt;, 'noInteraction' =&gt; &lt;em&gt;false&lt;/em&gt;, 'executionOrder' =&gt; 0, 'resolveDependencies' =&gt; &lt;em&gt;true&lt;/em&gt;, 'bootstrap' =&gt; 'C:\\Users\\sliti\\Desktop\\dev\\esprit-PIDEV-3A16-2526-FARMIA\\tests/bootstrap.php', 'executionOrderDefects' =&gt; 0, 'crap4jThreshold' =&gt; 30, 'excludeGroups' =&gt; &lt;em&gt;array&lt;/em&gt;(), 'groups' =&gt; &lt;em&gt;array&lt;/em&gt;(), 'randomOrderSeed' =&gt; 1777118040, 'repeat' =&gt; &lt;em&gt;false&lt;/em&gt;, 'reportHighLowerBound' =&gt; 90, 'reportLowUpperBound' =&gt; 50, 'reverseList' =&gt; &lt;em&gt;false&lt;/em&gt;, 'testdoxExcludeGroups' =&gt; &lt;em&gt;array&lt;/em&gt;(), 'testdoxGroups' =&gt; &lt;em&gt;array&lt;/em&gt;(), 'cacheResultFile' =&gt; 'C:\\Users\\sliti\\Desktop\\dev\\esprit-PIDEV-3A16-2526-FARMIA'), &lt;em&gt;array&lt;/em&gt;(), &lt;em&gt;true&lt;/em&gt;)&lt;/span&gt;    
                    &lt;span class="block trace-file-path"&gt;
            in
            &lt;a href="file://C:\Users\sliti\Desktop\dev\esprit-PIDEV-3A16-2526-FARMIA\vendor\phpunit\phpunit\src\TextUI\Command.php#L146"&gt;
                C:\Users\sliti\Desktop\dev\esprit-PIDEV-3A16-2526-FARMIA\vendor\phpunit\phpunit\src\TextUI\&lt;strong&gt;Command.php&lt;/strong&gt;
            &lt;/a&gt;
                        (line 146)
            &lt;span class="icon icon-copy hidden" data-clipboard-text="C:\Users\sliti\Desktop\dev\esprit-PIDEV-3A16-2526-FARMIA\vendor\phpunit\phpunit\src\TextUI\Command.php:146"&gt;
                &lt;svg xmlns="http://www.w3.org/2000/svg" height="24" viewBox="0 0 24 24" width="24"&gt;&lt;path d="M0 0h24v24H0z" fill="none"/&gt;&lt;path d="M16 1H4c-1.1 0-2 .9-2 2v14h2V3h12V1zm3 4H8c-1.1 0-2 .9-2 2v14c0 1.1.9 2 2 2h11c1.1 0 2-.9 2-2V7c0-1.1-.9-2-2-2zm0 16H8V7h11v14z"/&gt;&lt;/svg&gt;            &lt;/span&gt;
        &lt;/span&gt;
    &lt;/div&gt;
    &lt;div id="trace-html-1-30" class="trace-code sf-toggle-content"&gt;
        &lt;ol start="141"&gt;&lt;li&gt;&lt;code&gt;&lt;span style="color: var(--highlight-keyword)"&gt;&amp;nbsp;&amp;nbsp;&amp;nbsp;&amp;nbsp;&amp;nbsp;&amp;nbsp;&amp;nbsp;&amp;nbsp;}&lt;/span&gt;&lt;/code&gt;&lt;/li&gt;
&lt;li&gt;&lt;code&gt;&lt;span style="color: var(--highlight-keyword)"&gt;&lt;/span&gt;&lt;/code&gt;&lt;/li&gt;
&lt;li&gt;&lt;code&gt;&lt;span style="color: var(--highlight-keyword)"&gt;&amp;nbsp;&amp;nbsp;&amp;nbsp;&amp;nbsp;&amp;nbsp;&amp;nbsp;&amp;nbsp;&amp;nbsp;unset(&lt;/span&gt;&lt;span style="color: var(--highlight-default)"&gt;$this&lt;/span&gt;&lt;span style="color: var(--highlight-keyword)"&gt;-&amp;gt;&lt;/span&gt;&lt;span style="color: var(--highlight-default)"&gt;arguments&lt;/span&gt;&lt;span style="color: var(--highlight-keyword)"&gt;[&lt;/span&gt;&lt;span style="color: var(--highlight-string)"&gt;'test'&lt;/span&gt;&lt;span style="color: var(--highlight-keyword)"&gt;],&amp;nbsp;&lt;/span&gt;&lt;span style="color: var(--highlight-default)"&gt;$this&lt;/span&gt;&lt;span style="color: var(--highlight-keyword)"&gt;-&amp;gt;&lt;/span&gt;&lt;span style="color: var(--highlight-default)"&gt;arguments&lt;/span&gt;&lt;span style="color: var(--highlight-keyword)"&gt;[&lt;/span&gt;&lt;span style="color: var(--highlight-string)"&gt;'testFile'&lt;/span&gt;&lt;span style="color: var(--highlight-keyword)"&gt;]);&lt;/span&gt;&lt;/code&gt;&lt;/li&gt;
&lt;li&gt;&lt;code&gt;&lt;span style="color: var(--highlight-keyword)"&gt;&lt;/span&gt;&lt;/code&gt;&lt;/li&gt;
&lt;li&gt;&lt;code&gt;&lt;span style="color: var(--highlight-keyword)"&gt;&amp;nbsp;&amp;nbsp;&amp;nbsp;&amp;nbsp;&amp;nbsp;&amp;nbsp;&amp;nbsp;&amp;nbsp;try&amp;nbsp;{&lt;/span&gt;&lt;/code&gt;&lt;/li&gt;
&lt;li class="selected"&gt;&lt;code&gt;&lt;span style="color: var(--highlight-keyword)"&gt;&amp;nbsp;&amp;nbsp;&amp;nbsp;&amp;nbsp;&amp;nbsp;&amp;nbsp;&amp;nbsp;&amp;nbsp;&amp;nbsp;&amp;nbsp;&amp;nbsp;&amp;nbsp;&lt;/span&gt;&lt;span style="color: var(--highlight-default)"&gt;$result&amp;nbsp;&lt;/span&gt;&lt;span style="color: var(--highlight-keyword)"&gt;=&amp;nbsp;&lt;/span&gt;&lt;span style="color: var(--highlight-default)"&gt;$runner&lt;/span&gt;&lt;span style="color: var(--highlight-keyword)"&gt;-&amp;gt;&lt;/span&gt;&lt;span style="color: var(--highlight-default)"&gt;run&lt;/span&gt;&lt;span style="color: var(--highlight-keyword)"&gt;(&lt;/span&gt;&lt;span style="color: var(--highlight-default)"&gt;$suite&lt;/span&gt;&lt;span style="color: var(--highlight-keyword)"&gt;,&amp;nbsp;&lt;/span&gt;&lt;span style="color: var(--highlight-default)"&gt;$this&lt;/span&gt;&lt;span style="color: var(--highlight-keyword)"&gt;-&amp;gt;&lt;/span&gt;&lt;span style="color: var(--highlight-default)"&gt;arguments&lt;/span&gt;&lt;span style="color: var(--highlight-keyword)"&gt;,&amp;nbsp;&lt;/span&gt;&lt;span style="color: var(--highlight-default)"&gt;$this&lt;/span&gt;&lt;span style="color: var(--highlight-keyword)"&gt;-&amp;gt;&lt;/span&gt;&lt;span style="color: var(--highlight-default)"&gt;warnings&lt;/span&gt;&lt;span style="color: var(--highlight-keyword)"&gt;,&amp;nbsp;&lt;/span&gt;&lt;span style="color: var(--highlight-default)"&gt;$exit&lt;/span&gt;&lt;span style="color: var(--highlight-keyword)"&gt;);&lt;/span&gt;&lt;/code&gt;&lt;/li&gt;
&lt;li&gt;&lt;code&gt;&lt;span style="color: var(--highlight-keyword)"&gt;&amp;nbsp;&amp;nbsp;&amp;nbsp;&amp;nbsp;&amp;nbsp;&amp;nbsp;&amp;nbsp;&amp;nbsp;}&amp;nbsp;catch&amp;nbsp;(&lt;/span&gt;&lt;span style="color: var(--highlight-default)"&gt;Throwable&amp;nbsp;$t&lt;/span&gt;&lt;span style="color: var(--highlight-keyword)"&gt;)&amp;nbsp;{&lt;/span&gt;&lt;/code&gt;&lt;/li&gt;
&lt;li&gt;&lt;code&gt;&lt;span style="color: var(--highlight-keyword)"&gt;&amp;nbsp;&amp;nbsp;&amp;nbsp;&amp;nbsp;&amp;nbsp;&amp;nbsp;&amp;nbsp;&amp;nbsp;&amp;nbsp;&amp;nbsp;&amp;nbsp;&amp;nbsp;print&amp;nbsp;&lt;/span&gt;&lt;span style="color: var(--highlight-default)"&gt;$t&lt;/span&gt;&lt;span style="color: var(--highlight-keyword)"&gt;-&amp;gt;&lt;/span&gt;&lt;span style="color: var(--highlight-default)"&gt;getMessage&lt;/span&gt;&lt;span style="color: var(--highlight-keyword)"&gt;()&amp;nbsp;.&amp;nbsp;&lt;/span&gt;&lt;span style="color: var(--highlight-default)"&gt;PHP_EOL&lt;/span&gt;&lt;span style="color: var(--highlight-keyword)"&gt;;&lt;/span&gt;&lt;/code&gt;&lt;/li&gt;
&lt;li&gt;&lt;code&gt;&lt;span style="color: var(--highlight-keyword)"&gt;&amp;nbsp;&amp;nbsp;&amp;nbsp;&amp;nbsp;&amp;nbsp;&amp;nbsp;&amp;nbsp;&amp;nbsp;}&lt;/span&gt;&lt;/code&gt;&lt;/li&gt;
&lt;li&gt;&lt;code&gt;&lt;span style="color: var(--highlight-keyword)"&gt;&lt;/span&gt;&lt;/code&gt;&lt;/li&gt;
&lt;li&gt;&lt;code&gt;&lt;span style="color: var(--highlight-keyword)"&gt;&amp;nbsp;&amp;nbsp;&amp;nbsp;&amp;nbsp;&amp;nbsp;&amp;nbsp;&amp;nbsp;&amp;nbsp;&lt;/span&gt;&lt;span style="color: var(--highlight-default)"&gt;$return&amp;nbsp;&lt;/span&gt;&lt;span style="color: var(--highlight-keyword)"&gt;=&amp;nbsp;&lt;/span&gt;&lt;span style="color: var(--highlight-default)"&gt;TestRunner&lt;/span&gt;&lt;span style="color: var(--highlight-keyword)"&gt;::&lt;/span&gt;&lt;span style="color: var(--highlight-default)"&gt;FAILURE_EXIT&lt;/span&gt;&lt;span style="color: var(--highlight-keyword)"&gt;;&lt;/span&gt;&lt;/code&gt;&lt;/li&gt;&lt;/ol&gt;    &lt;/div&gt;            &lt;/div&gt;
                        &lt;div class="trace-line "&gt;
                &lt;div class="trace-line-header break-long-words sf-toggle" data-toggle-selector="#trace-html-1-31" data-toggle-initial=""&gt;
            &lt;span class="icon icon-close"&gt;&lt;svg width="1792" height="1792" viewBox="0 0 1792 1792" xmlns="http://www.w3.org/2000/svg"&gt;&lt;path d="M1408 960V832q0-26-19-45t-45-19H448q-26 0-45 19t-19 45v128q0 26 19 45t45 19h896q26 0 45-19t19-45zm256-544v960q0 119-84.5 203.5T1376 1664H416q-119 0-203.5-84.5T128 1376V416q0-119 84.5-203.5T416 128h960q119 0 203.5 84.5T1664 416z"/&gt;&lt;/svg&gt;&lt;/span&gt;
        &lt;span class="icon icon-open"&gt;&lt;svg width="1792" height="1792" viewBox="0 0 1792 1792" xmlns="http://www.w3.org/2000/svg"&gt;&lt;path d="M1408 960V832q0-26-19-45t-45-19h-320V448q0-26-19-45t-45-19H832q-26 0-45 19t-19 45v320H448q-26 0-45 19t-19 45v128q0 26 19 45t45 19h320v320q0 26 19 45t45 19h128q26 0 45-19t19-45v-320h320q26 0 45-19t19-45zm256-544v960q0 119-84.5 203.5T1376 1664H416q-119 0-203.5-84.5T128 1376V416q0-119 84.5-203.5T416 128h960q119 0 203.5 84.5T1664 416z"/&gt;&lt;/svg&gt;&lt;/span&gt;
    
            &lt;span class="trace-class"&gt;&lt;abbr title="PHPUnit\TextUI\Command"&gt;Command&lt;/abbr&gt;&lt;/span&gt;&lt;span class="trace-type"&gt;-&gt;&lt;/span&gt;&lt;span class="trace-method"&gt;run&lt;/span&gt;&lt;span class="trace-arguments"&gt;(&lt;em&gt;array&lt;/em&gt;('bin/phpunit', '--log-junit', 'test-results.xml'), &lt;em&gt;true&lt;/em&gt;)&lt;/span&gt;    
                    &lt;span class="block trace-file-path"&gt;
            in
            &lt;a href="file://C:\Users\sliti\Desktop\dev\esprit-PIDEV-3A16-2526-FARMIA\vendor\phpunit\phpunit\src\TextUI\Command.php#L99"&gt;
                C:\Users\sliti\Desktop\dev\esprit-PIDEV-3A16-2526-FARMIA\vendor\phpunit\phpunit\src\TextUI\&lt;strong&gt;Command.php&lt;/strong&gt;
            &lt;/a&gt;
                        (line 99)
            &lt;span class="icon icon-copy hidden" data-clipboard-text="C:\Users\sliti\Desktop\dev\esprit-PIDEV-3A16-2526-FARMIA\vendor\phpunit\phpunit\src\TextUI\Command.php:99"&gt;
                &lt;svg xmlns="http://www.w3.org/2000/svg" height="24" viewBox="0 0 24 24" width="24"&gt;&lt;path d="M0 0h24v24H0z" fill="none"/&gt;&lt;path d="M16 1H4c-1.1 0-2 .9-2 2v14h2V3h12V1zm3 4H8c-1.1 0-2 .9-2 2v14c0 1.1.9 2 2 2h11c1.1 0 2-.9 2-2V7c0-1.1-.9-2-2-2zm0 16H8V7h11v14z"/&gt;&lt;/svg&gt;            &lt;/span&gt;
        &lt;/span&gt;
    &lt;/div&gt;
    &lt;div id="trace-html-1-31" class="trace-code sf-toggle-content"&gt;
        &lt;ol start="94"&gt;&lt;li&gt;&lt;code&gt;&lt;span style="color: var(--highlight-comment)"&gt;&amp;nbsp;&amp;nbsp;&amp;nbsp;&amp;nbsp;&amp;nbsp;*&amp;nbsp;@throws&amp;nbsp;Exception&lt;/span&gt;&lt;/code&gt;&lt;/li&gt;
&lt;li&gt;&lt;code&gt;&lt;span style="color: var(--highlight-comment)"&gt;&amp;nbsp;&amp;nbsp;&amp;nbsp;&amp;nbsp;&amp;nbsp;*/&lt;/span&gt;&lt;/code&gt;&lt;/li&gt;
&lt;li&gt;&lt;code&gt;&lt;span style="color: var(--highlight-comment)"&gt;&amp;nbsp;&amp;nbsp;&amp;nbsp;&amp;nbsp;&lt;/span&gt;&lt;span style="color: var(--highlight-keyword)"&gt;public&amp;nbsp;static&amp;nbsp;function&amp;nbsp;&lt;/span&gt;&lt;span style="color: var(--highlight-default)"&gt;main&lt;/span&gt;&lt;span style="color: var(--highlight-keyword)"&gt;(&lt;/span&gt;&lt;span style="color: var(--highlight-default)"&gt;bool&amp;nbsp;$exit&amp;nbsp;&lt;/span&gt;&lt;span style="color: var(--highlight-keyword)"&gt;=&amp;nbsp;&lt;/span&gt;&lt;span style="color: var(--highlight-default)"&gt;true&lt;/span&gt;&lt;span style="color: var(--highlight-keyword)"&gt;):&amp;nbsp;&lt;/span&gt;&lt;span style="color: var(--highlight-default)"&gt;int&lt;/span&gt;&lt;/code&gt;&lt;/li&gt;
&lt;li&gt;&lt;code&gt;&lt;span style="color: var(--highlight-default)"&gt;&amp;nbsp;&amp;nbsp;&amp;nbsp;&amp;nbsp;&lt;/span&gt;&lt;span style="color: var(--highlight-keyword)"&gt;{&lt;/span&gt;&lt;/code&gt;&lt;/li&gt;
&lt;li&gt;&lt;code&gt;&lt;span style="color: var(--highlight-keyword)"&gt;&amp;nbsp;&amp;nbsp;&amp;nbsp;&amp;nbsp;&amp;nbsp;&amp;nbsp;&amp;nbsp;&amp;nbsp;try&amp;nbsp;{&lt;/span&gt;&lt;/code&gt;&lt;/li&gt;
&lt;li class="selected"&gt;&lt;code&gt;&lt;span style="color: var(--highlight-keyword)"&gt;&amp;nbsp;&amp;nbsp;&amp;nbsp;&amp;nbsp;&amp;nbsp;&amp;nbsp;&amp;nbsp;&amp;nbsp;&amp;nbsp;&amp;nbsp;&amp;nbsp;&amp;nbsp;return&amp;nbsp;(new&amp;nbsp;static)-&amp;gt;&lt;/span&gt;&lt;span style="color: var(--highlight-default)"&gt;run&lt;/span&gt;&lt;span style="color: var(--highlight-keyword)"&gt;(&lt;/span&gt;&lt;span style="color: var(--highlight-default)"&gt;$_SERVER&lt;/span&gt;&lt;span style="color: var(--highlight-keyword)"&gt;[&lt;/span&gt;&lt;span style="color: var(--highlight-string)"&gt;'argv'&lt;/span&gt;&lt;span style="color: var(--highlight-keyword)"&gt;],&amp;nbsp;&lt;/span&gt;&lt;span style="color: var(--highlight-default)"&gt;$exit&lt;/span&gt;&lt;span style="color: var(--highlight-keyword)"&gt;);&lt;/span&gt;&lt;/code&gt;&lt;/li&gt;
&lt;li&gt;&lt;code&gt;&lt;span style="color: var(--highlight-keyword)"&gt;&amp;nbsp;&amp;nbsp;&amp;nbsp;&amp;nbsp;&amp;nbsp;&amp;nbsp;&amp;nbsp;&amp;nbsp;}&amp;nbsp;catch&amp;nbsp;(&lt;/span&gt;&lt;span style="color: var(--highlight-default)"&gt;Throwable&amp;nbsp;$t&lt;/span&gt;&lt;span style="color: var(--highlight-keyword)"&gt;)&amp;nbsp;{&lt;/span&gt;&lt;/code&gt;&lt;/li&gt;
&lt;li&gt;&lt;code&gt;&lt;span style="color: var(--highlight-keyword)"&gt;&amp;nbsp;&amp;nbsp;&amp;nbsp;&amp;nbsp;&amp;nbsp;&amp;nbsp;&amp;nbsp;&amp;nbsp;&amp;nbsp;&amp;nbsp;&amp;nbsp;&amp;nbsp;throw&amp;nbsp;new&amp;nbsp;&lt;/span&gt;&lt;span style="color: var(--highlight-default)"&gt;RuntimeException&lt;/span&gt;&lt;span style="color: var(--highlight-keyword)"&gt;(&lt;/span&gt;&lt;/code&gt;&lt;/li&gt;
&lt;li&gt;&lt;code&gt;&lt;span style="color: var(--highlight-keyword)"&gt;&amp;nbsp;&amp;nbsp;&amp;nbsp;&amp;nbsp;&amp;nbsp;&amp;nbsp;&amp;nbsp;&amp;nbsp;&amp;nbsp;&amp;nbsp;&amp;nbsp;&amp;nbsp;&amp;nbsp;&amp;nbsp;&amp;nbsp;&amp;nbsp;&lt;/span&gt;&lt;span style="color: var(--highlight-default)"&gt;$t&lt;/span&gt;&lt;span style="color: var(--highlight-keyword)"&gt;-&amp;gt;&lt;/span&gt;&lt;span style="color: var(--highlight-default)"&gt;getMessage&lt;/span&gt;&lt;span style="color: var(--highlight-keyword)"&gt;(),&lt;/span&gt;&lt;/code&gt;&lt;/li&gt;
&lt;li&gt;&lt;code&gt;&lt;span style="color: var(--highlight-keyword)"&gt;&amp;nbsp;&amp;nbsp;&amp;nbsp;&amp;nbsp;&amp;nbsp;&amp;nbsp;&amp;nbsp;&amp;nbsp;&amp;nbsp;&amp;nbsp;&amp;nbsp;&amp;nbsp;&amp;nbsp;&amp;nbsp;&amp;nbsp;&amp;nbsp;(int)&amp;nbsp;&lt;/span&gt;&lt;span style="color: var(--highlight-default)"&gt;$t&lt;/span&gt;&lt;span style="color: var(--highlight-keyword)"&gt;-&amp;gt;&lt;/span&gt;&lt;span style="color: var(--highlight-default)"&gt;getCode&lt;/span&gt;&lt;span style="color: var(--highlight-keyword)"&gt;(),&lt;/span&gt;&lt;/code&gt;&lt;/li&gt;
&lt;li&gt;&lt;code&gt;&lt;span style="color: var(--highlight-keyword)"&gt;&amp;nbsp;&amp;nbsp;&amp;nbsp;&amp;nbsp;&amp;nbsp;&amp;nbsp;&amp;nbsp;&amp;nbsp;&amp;nbsp;&amp;nbsp;&amp;nbsp;&amp;nbsp;&amp;nbsp;&amp;nbsp;&amp;nbsp;&amp;nbsp;&lt;/span&gt;&lt;span style="color: var(--highlight-default)"&gt;$t&lt;/span&gt;&lt;span style="color: var(--highlight-keyword)"&gt;,&lt;/span&gt;&lt;/code&gt;&lt;/li&gt;&lt;/ol&gt;    &lt;/div&gt;            &lt;/div&gt;
                        &lt;div class="trace-line "&gt;
                &lt;div class="trace-line-header break-long-words sf-toggle" data-toggle-selector="#trace-html-1-32" data-toggle-initial=""&gt;
            &lt;span class="icon icon-close"&gt;&lt;svg width="1792" height="1792" viewBox="0 0 1792 1792" xmlns="http://www.w3.org/2000/svg"&gt;&lt;path d="M1408 960V832q0-26-19-45t-45-19H448q-26 0-45 19t-19 45v128q0 26 19 45t45 19h896q26 0 45-19t19-45zm256-544v960q0 119-84.5 203.5T1376 1664H416q-119 0-203.5-84.5T128 1376V416q0-119 84.5-203.5T416 128h960q119 0 203.5 84.5T1664 416z"/&gt;&lt;/svg&gt;&lt;/span&gt;
        &lt;span class="icon icon-open"&gt;&lt;svg width="1792" height="1792" viewBox="0 0 1792 1792" xmlns="http://www.w3.org/2000/svg"&gt;&lt;path d="M1408 960V832q0-26-19-45t-45-19h-320V448q0-26-19-45t-45-19H832q-26 0-45 19t-19 45v320H448q-26 0-45 19t-19 45v128q0 26 19 45t45 19h320v320q0 26 19 45t45 19h128q26 0 45-19t19-45v-320h320q26 0 45-19t19-45zm256-544v960q0 119-84.5 203.5T1376 1664H416q-119 0-203.5-84.5T128 1376V416q0-119 84.5-203.5T416 128h960q119 0 203.5 84.5T1664 416z"/&gt;&lt;/svg&gt;&lt;/span&gt;
    
            &lt;span class="trace-class"&gt;&lt;abbr title="PHPUnit\TextUI\Command"&gt;Command&lt;/abbr&gt;&lt;/span&gt;&lt;span class="trace-type"&gt;::&lt;/span&gt;&lt;span class="trace-method"&gt;main&lt;/span&gt;&lt;span class="trace-arguments"&gt;()&lt;/span&gt;    
                    &lt;span class="block trace-file-path"&gt;
            in
            &lt;a href="file://C:\Users\sliti\Desktop\dev\esprit-PIDEV-3A16-2526-FARMIA\vendor\phpunit\phpunit\phpunit#L107"&gt;
                C:\Users\sliti\Desktop\dev\esprit-PIDEV-3A16-2526-FARMIA\vendor\phpunit\phpunit\&lt;strong&gt;phpunit&lt;/strong&gt;
            &lt;/a&gt;
                        (line 107)
            &lt;span class="icon icon-copy hidden" data-clipboard-text="C:\Users\sliti\Desktop\dev\esprit-PIDEV-3A16-2526-FARMIA\vendor\phpunit\phpunit\phpunit:107"&gt;
                &lt;svg xmlns="http://www.w3.org/2000/svg" height="24" viewBox="0 0 24 24" width="24"&gt;&lt;path d="M0 0h24v24H0z" fill="none"/&gt;&lt;path d="M16 1H4c-1.1 0-2 .9-2 2v14h2V3h12V1zm3 4H8c-1.1 0-2 .9-2 2v14c0 1.1.9 2 2 2h11c1.1 0 2-.9 2-2V7c0-1.1-.9-2-2-2zm0 16H8V7h11v14z"/&gt;&lt;/svg&gt;            &lt;/span&gt;
        &lt;/span&gt;
    &lt;/div&gt;
    &lt;div id="trace-html-1-32" class="trace-code sf-toggle-content"&gt;
        &lt;ol start="102"&gt;&lt;li&gt;&lt;code&gt;&lt;span style="color: var(--highlight-keyword)"&gt;unset(&lt;/span&gt;&lt;span style="color: var(--highlight-default)"&gt;$options&lt;/span&gt;&lt;span style="color: var(--highlight-keyword)"&gt;);&lt;/span&gt;&lt;/code&gt;&lt;/li&gt;
&lt;li&gt;&lt;code&gt;&lt;span style="color: var(--highlight-keyword)"&gt;&lt;/span&gt;&lt;/code&gt;&lt;/li&gt;
&lt;li&gt;&lt;code&gt;&lt;span style="color: var(--highlight-keyword)"&gt;require&amp;nbsp;&lt;/span&gt;&lt;span style="color: var(--highlight-default)"&gt;PHPUNIT_COMPOSER_INSTALL&lt;/span&gt;&lt;span style="color: var(--highlight-keyword)"&gt;;&lt;/span&gt;&lt;/code&gt;&lt;/li&gt;
&lt;li&gt;&lt;code&gt;&lt;span style="color: var(--highlight-keyword)"&gt;&lt;/span&gt;&lt;/code&gt;&lt;/li&gt;
&lt;li&gt;&lt;code&gt;&lt;span style="color: var(--highlight-keyword)"&gt;&lt;/span&gt;&lt;span style="color: var(--highlight-default)"&gt;PHPUnit\TextUI\Command&lt;/span&gt;&lt;span style="color: var(--highlight-keyword)"&gt;::&lt;/span&gt;&lt;span style="color: var(--highlight-default)"&gt;main&lt;/span&gt;&lt;span style="color: var(--highlight-keyword)"&gt;();&lt;/span&gt;&lt;/code&gt;&lt;/li&gt;
&lt;li class="selected"&gt;&lt;code&gt;&lt;span style="color: var(--highlight-keyword)"&gt;&lt;/span&gt;&lt;/code&gt;&lt;/li&gt;&lt;/ol&gt;    &lt;/div&gt;            &lt;/div&gt;
                        &lt;div class="trace-line "&gt;
                &lt;div class="trace-line-header break-long-words sf-toggle" data-toggle-selector="#trace-html-1-33" data-toggle-initial=""&gt;
            &lt;span class="icon icon-close"&gt;&lt;svg width="1792" height="1792" viewBox="0 0 1792 1792" xmlns="http://www.w3.org/2000/svg"&gt;&lt;path d="M1408 960V832q0-26-19-45t-45-19H448q-26 0-45 19t-19 45v128q0 26 19 45t45 19h896q26 0 45-19t19-45zm256-544v960q0 119-84.5 203.5T1376 1664H416q-119 0-203.5-84.5T128 1376V416q0-119 84.5-203.5T416 128h960q119 0 203.5 84.5T1664 416z"/&gt;&lt;/svg&gt;&lt;/span&gt;
        &lt;span class="icon icon-open"&gt;&lt;svg width="1792" height="1792" viewBox="0 0 1792 1792" xmlns="http://www.w3.org/2000/svg"&gt;&lt;path d="M1408 960V832q0-26-19-45t-45-19h-320V448q0-26-19-45t-45-19H832q-26 0-45 19t-19 45v320H448q-26 0-45 19t-19 45v128q0 26 19 45t45 19h320v320q0 26 19 45t45 19h128q26 0 45-19t19-45v-320h320q26 0 45-19t19-45zm256-544v960q0 119-84.5 203.5T1376 1664H416q-119 0-203.5-84.5T128 1376V416q0-119 84.5-203.5T416 128h960q119 0 203.5 84.5T1664 416z"/&gt;&lt;/svg&gt;&lt;/span&gt;
    
            &lt;span class="trace-class"&gt;&lt;abbr title=""&gt;&lt;/abbr&gt;&lt;/span&gt;&lt;span class="trace-method"&gt;require&lt;/span&gt;&lt;span class="trace-arguments"&gt;('C:\\Users\\sliti\\Desktop\\dev\\esprit-PIDEV-3A16-2526-FARMIA\\vendor\\phpunit\\phpunit\\phpunit')&lt;/span&gt;    
                    &lt;span class="block trace-file-path"&gt;
            in
            &lt;a href="file://C:\Users\sliti\Desktop\dev\esprit-PIDEV-3A16-2526-FARMIA\bin\phpunit#L10"&gt;
                C:\Users\sliti\Desktop\dev\esprit-PIDEV-3A16-2526-FARMIA\bin\&lt;strong&gt;phpunit&lt;/strong&gt;
            &lt;/a&gt;
                        (line 10)
            &lt;span class="icon icon-copy hidden" data-clipboard-text="C:\Users\sliti\Desktop\dev\esprit-PIDEV-3A16-2526-FARMIA\bin\phpunit:10"&gt;
                &lt;svg xmlns="http://www.w3.org/2000/svg" height="24" viewBox="0 0 24 24" width="24"&gt;&lt;path d="M0 0h24v24H0z" fill="none"/&gt;&lt;path d="M16 1H4c-1.1 0-2 .9-2 2v14h2V3h12V1zm3 4H8c-1.1 0-2 .9-2 2v14c0 1.1.9 2 2 2h11c1.1 0 2-.9 2-2V7c0-1.1-.9-2-2-2zm0 16H8V7h11v14z"/&gt;&lt;/svg&gt;            &lt;/span&gt;
        &lt;/span&gt;
    &lt;/div&gt;
    &lt;div id="trace-html-1-33" class="trace-code sf-toggle-content"&gt;
        &lt;ol start="5"&gt;&lt;li&gt;&lt;code&gt;&lt;span style="color: var(--highlight-keyword)"&gt;}&#13;&lt;/span&gt;&lt;/code&gt;&lt;/li&gt;
&lt;li&gt;&lt;code&gt;&lt;span style="color: var(--highlight-keyword)"&gt;&#13;&lt;/span&gt;&lt;/code&gt;&lt;/li&gt;
&lt;li&gt;&lt;code&gt;&lt;span style="color: var(--highlight-keyword)"&gt;if&amp;nbsp;(&lt;/span&gt;&lt;span style="color: var(--highlight-default)"&gt;is_file&lt;/span&gt;&lt;span style="color: var(--highlight-keyword)"&gt;(&lt;/span&gt;&lt;span style="color: var(--highlight-default)"&gt;dirname&lt;/span&gt;&lt;span style="color: var(--highlight-keyword)"&gt;(&lt;/span&gt;&lt;span style="color: var(--highlight-default)"&gt;__DIR__&lt;/span&gt;&lt;span style="color: var(--highlight-keyword)"&gt;).&lt;/span&gt;&lt;span style="color: var(--highlight-string)"&gt;'/vendor/phpunit/phpunit/phpunit'&lt;/span&gt;&lt;span style="color: var(--highlight-keyword)"&gt;))&amp;nbsp;{&#13;&lt;/span&gt;&lt;/code&gt;&lt;/li&gt;
&lt;li&gt;&lt;code&gt;&lt;span style="color: var(--highlight-keyword)"&gt;&amp;nbsp;&amp;nbsp;&amp;nbsp;&amp;nbsp;if&amp;nbsp;(&lt;/span&gt;&lt;span style="color: var(--highlight-default)"&gt;PHP_VERSION_ID&amp;nbsp;&lt;/span&gt;&lt;span style="color: var(--highlight-keyword)"&gt;&amp;gt;=&amp;nbsp;&lt;/span&gt;&lt;span style="color: var(--highlight-default)"&gt;80000&lt;/span&gt;&lt;span style="color: var(--highlight-keyword)"&gt;)&amp;nbsp;{&#13;&lt;/span&gt;&lt;/code&gt;&lt;/li&gt;
&lt;li&gt;&lt;code&gt;&lt;span style="color: var(--highlight-keyword)"&gt;&amp;nbsp;&amp;nbsp;&amp;nbsp;&amp;nbsp;&amp;nbsp;&amp;nbsp;&amp;nbsp;&amp;nbsp;require&amp;nbsp;&lt;/span&gt;&lt;span style="color: var(--highlight-default)"&gt;dirname&lt;/span&gt;&lt;span style="color: var(--highlight-keyword)"&gt;(&lt;/span&gt;&lt;span style="color: var(--highlight-default)"&gt;__DIR__&lt;/span&gt;&lt;span style="color: var(--highlight-keyword)"&gt;).&lt;/span&gt;&lt;span style="color: var(--highlight-string)"&gt;'/vendor/phpunit/phpunit/phpunit'&lt;/span&gt;&lt;span style="color: var(--highlight-keyword)"&gt;;&#13;&lt;/span&gt;&lt;/code&gt;&lt;/li&gt;
&lt;li class="selected"&gt;&lt;code&gt;&lt;span style="color: var(--highlight-keyword)"&gt;&amp;nbsp;&amp;nbsp;&amp;nbsp;&amp;nbsp;}&amp;nbsp;else&amp;nbsp;{&#13;&lt;/span&gt;&lt;/code&gt;&lt;/li&gt;
&lt;li&gt;&lt;code&gt;&lt;span style="color: var(--highlight-keyword)"&gt;&amp;nbsp;&amp;nbsp;&amp;nbsp;&amp;nbsp;&amp;nbsp;&amp;nbsp;&amp;nbsp;&amp;nbsp;&lt;/span&gt;&lt;span style="color: var(--highlight-default)"&gt;define&lt;/span&gt;&lt;span style="color: var(--highlight-keyword)"&gt;(&lt;/span&gt;&lt;span style="color: var(--highlight-string)"&gt;'PHPUNIT_COMPOSER_INSTALL'&lt;/span&gt;&lt;span style="color: var(--highlight-keyword)"&gt;,&amp;nbsp;&lt;/span&gt;&lt;span style="color: var(--highlight-default)"&gt;dirname&lt;/span&gt;&lt;span style="color: var(--highlight-keyword)"&gt;(&lt;/span&gt;&lt;span style="color: var(--highlight-default)"&gt;__DIR__&lt;/span&gt;&lt;span style="color: var(--highlight-keyword)"&gt;).&lt;/span&gt;&lt;span style="color: var(--highlight-string)"&gt;'/vendor/autoload.php'&lt;/span&gt;&lt;span style="color: var(--highlight-keyword)"&gt;);&#13;&lt;/span&gt;&lt;/code&gt;&lt;/li&gt;
&lt;li&gt;&lt;code&gt;&lt;span style="color: var(--highlight-keyword)"&gt;&amp;nbsp;&amp;nbsp;&amp;nbsp;&amp;nbsp;&amp;nbsp;&amp;nbsp;&amp;nbsp;&amp;nbsp;require&amp;nbsp;&lt;/span&gt;&lt;span style="color: var(--highlight-default)"&gt;PHPUNIT_COMPOSER_INSTALL&lt;/span&gt;&lt;span style="color: var(--highlight-keyword)"&gt;;&#13;&lt;/span&gt;&lt;/code&gt;&lt;/li&gt;
&lt;li&gt;&lt;code&gt;&lt;span style="color: var(--highlight-keyword)"&gt;&amp;nbsp;&amp;nbsp;&amp;nbsp;&amp;nbsp;&amp;nbsp;&amp;nbsp;&amp;nbsp;&amp;nbsp;&lt;/span&gt;&lt;span style="color: var(--highlight-default)"&gt;PHPUnit\TextUI\Command&lt;/span&gt;&lt;span style="color: var(--highlight-keyword)"&gt;::&lt;/span&gt;&lt;span style="color: var(--highlight-default)"&gt;main&lt;/span&gt;&lt;span style="color: var(--highlight-keyword)"&gt;();&#13;&lt;/span&gt;&lt;/code&gt;&lt;/li&gt;
&lt;li&gt;&lt;code&gt;&lt;span style="color: var(--highlight-keyword)"&gt;&amp;nbsp;&amp;nbsp;&amp;nbsp;&amp;nbsp;}&#13;&lt;/span&gt;&lt;/code&gt;&lt;/li&gt;
&lt;li&gt;&lt;code&gt;&lt;span style="color: var(--highlight-keyword)"&gt;}&amp;nbsp;else&amp;nbsp;{&#13;&lt;/span&gt;&lt;/code&gt;&lt;/li&gt;&lt;/ol&gt;    &lt;/div&gt;            &lt;/div&gt;
                    &lt;/div&gt;
    &lt;/div&gt;
&lt;/div&gt;            &lt;/div&gt;
        &lt;/div&gt;

        
        &lt;div class="tab"&gt;
            &lt;h3 class="tab-title"&gt;
                                    Stack Trace
                            &lt;/h3&gt;

            &lt;div class="tab-content"&gt;
                &lt;table class="trace trace-as-text"&gt;
    &lt;thead class="trace-head"&gt;
        &lt;tr&gt;
            &lt;th class="sf-toggle" data-toggle-selector="#trace-text-1" data-toggle-initial="display"&gt;
                &lt;div class="trace-class"&gt;
                                        RuntimeError                    &lt;span class="icon icon-close"&gt;&lt;svg width="1792" height="1792" viewBox="0 0 1792 1792" xmlns="http://www.w3.org/2000/svg"&gt;&lt;path d="M1344 800v64q0 14-9 23t-23 9H480q-14 0-23-9t-9-23v-64q0-14 9-23t23-9h832q14 0 23 9t9 23zm128 448V416q0-66-47-113t-113-47H480q-66 0-113 47t-47 113v832q0 66 47 113t113 47h832q66 0 113-47t47-113zm128-832v832q0 119-84.5 203.5T1312 1536H480q-119 0-203.5-84.5T192 1248V416q0-119 84.5-203.5T480 128h832q119 0 203.5 84.5T1600 416z"/&gt;&lt;/svg&gt;&lt;/span&gt;
                    &lt;span class="icon icon-open"&gt;&lt;svg width="1792" height="1792" viewBox="0 0 1792 1792" xmlns="http://www.w3.org/2000/svg"&gt;&lt;path d="M1344 800v64q0 14-9 23t-23 9H960v352q0 14-9 23t-23 9h-64q-14 0-23-9t-9-23V896H480q-14 0-23-9t-9-23v-64q0-14 9-23t23-9h352V416q0-14 9-23t23-9h64q14 0 23 9t9 23v352h352q14 0 23 9t9 23zm128 448V416q0-66-47-113t-113-47H480q-66 0-113 47t-47 113v832q0 66 47 113t113 47h832q66 0 113-47t47-113zm128-832v832q0 119-84.5 203.5T1312 1536H480q-119 0-203.5-84.5T192 1248V416q0-119 84.5-203.5T480 128h832q119 0 203.5 84.5T1600 416z"/&gt;&lt;/svg&gt;&lt;/span&gt;
                &lt;/div&gt;
            &lt;/th&gt;
        &lt;/tr&gt;
    &lt;/thead&gt;

    &lt;tbody id="trace-text-1"&gt;
        &lt;tr&gt;
            &lt;td&gt;
                                &lt;pre class="stacktrace"&gt;
Twig\Error\RuntimeError:
Impossible to access an attribute (&amp;quot;nom&amp;quot;) on a null variable in &amp;quot;components/_profile_modal.html.twig&amp;quot; at line 53.

  at C:\Users\sliti\Desktop\dev\esprit-PIDEV-3A16-2526-FARMIA\templates\components\_profile_modal.html.twig:53
  at Twig\Extension\CoreExtension::getAttribute(object(Environment), object(Source), null, 'nom', array(), 'any', false, false, false, 53)
     (C:\Users\sliti\Desktop\dev\esprit-PIDEV-3A16-2526-FARMIA\var\cache\test\twig\5d\5d07f95a04aea814789e466f36922b83.php:118)
  at __TwigTemplate_14b0366358f04021c4c491b76bd18364-&amp;gt;doDisplay(array('fermes' =&gt; array(), 'searchTerm' =&gt; '', 'currentSort' =&gt; 'idFerme', 'currentDirection' =&gt; 'ASC', 'errors' =&gt; array(), 'ferme_edit' =&gt; null, 'app' =&gt; object(AppVariable), 'current_route' =&gt; 'app_ferme_index'), array())
     (C:\Users\sliti\Desktop\dev\esprit-PIDEV-3A16-2526-FARMIA\vendor\twig\twig\src\Template.php:402)
  at Twig\Template-&amp;gt;yield(array('fermes' =&gt; array(), 'searchTerm' =&gt; '', 'currentSort' =&gt; 'idFerme', 'currentDirection' =&gt; 'ASC', 'errors' =&gt; array(), 'ferme_edit' =&gt; null, 'app' =&gt; object(AppVariable), 'current_route' =&gt; 'app_ferme_index'))
     (C:\Users\sliti\Desktop\dev\esprit-PIDEV-3A16-2526-FARMIA\var\cache\test\twig\17\170dfbc37d71379a1ea82aee9553d314.php:234)
  at __TwigTemplate_ad2711c1e71abc2ab4f5914660d9d39a-&amp;gt;doDisplay(array('fermes' =&gt; array(), 'searchTerm' =&gt; '', 'currentSort' =&gt; 'idFerme', 'currentDirection' =&gt; 'ASC', 'errors' =&gt; array(), 'ferme_edit' =&gt; null, 'app' =&gt; object(AppVariable), 'current_route' =&gt; 'app_ferme_index'), array('title' =&gt; array(object(__TwigTemplate_95e3670c3b9e843df34ef1bc4233ab1b), 'block_title'), 'stylesheets' =&gt; array(object(__TwigTemplate_ad2711c1e71abc2ab4f5914660d9d39a), 'block_stylesheets'), 'body' =&gt; array(object(__TwigTemplate_95e3670c3b9e843df34ef1bc4233ab1b), 'block_body'), 'javascripts' =&gt; array(object(__TwigTemplate_ad2711c1e71abc2ab4f5914660d9d39a), 'block_javascripts')))
     (C:\Users\sliti\Desktop\dev\esprit-PIDEV-3A16-2526-FARMIA\vendor\twig\twig\src\Template.php:402)
  at Twig\Template-&amp;gt;yield(array('fermes' =&gt; array(), 'searchTerm' =&gt; '', 'currentSort' =&gt; 'idFerme', 'currentDirection' =&gt; 'ASC', 'errors' =&gt; array(), 'ferme_edit' =&gt; null, 'app' =&gt; object(AppVariable)), array('title' =&gt; array(object(__TwigTemplate_95e3670c3b9e843df34ef1bc4233ab1b), 'block_title'), 'stylesheets' =&gt; array(object(__TwigTemplate_ad2711c1e71abc2ab4f5914660d9d39a), 'block_stylesheets'), 'body' =&gt; array(object(__TwigTemplate_95e3670c3b9e843df34ef1bc4233ab1b), 'block_body'), 'javascripts' =&gt; array(object(__TwigTemplate_ad2711c1e71abc2ab4f5914660d9d39a), 'block_javascripts')))
     (C:\Users\sliti\Desktop\dev\esprit-PIDEV-3A16-2526-FARMIA\var\cache\test\twig\b8\b8543afc26401e4267d23016e66d8b86.php:54)
  at __TwigTemplate_95e3670c3b9e843df34ef1bc4233ab1b-&amp;gt;doDisplay(array('fermes' =&gt; array(), 'searchTerm' =&gt; '', 'currentSort' =&gt; 'idFerme', 'currentDirection' =&gt; 'ASC', 'errors' =&gt; array(), 'ferme_edit' =&gt; null, 'app' =&gt; object(AppVariable)), array('title' =&gt; array(object(__TwigTemplate_95e3670c3b9e843df34ef1bc4233ab1b), 'block_title'), 'body' =&gt; array(object(__TwigTemplate_95e3670c3b9e843df34ef1bc4233ab1b), 'block_body')))
     (C:\Users\sliti\Desktop\dev\esprit-PIDEV-3A16-2526-FARMIA\vendor\twig\twig\src\Template.php:402)
  at Twig\Template-&amp;gt;yield(array('fermes' =&gt; array(), 'searchTerm' =&gt; '', 'currentSort' =&gt; 'idFerme', 'currentDirection' =&gt; 'ASC', 'errors' =&gt; array(), 'ferme_edit' =&gt; null, 'app' =&gt; object(AppVariable)), array('title' =&gt; array(object(__TwigTemplate_95e3670c3b9e843df34ef1bc4233ab1b), 'block_title'), 'body' =&gt; array(object(__TwigTemplate_95e3670c3b9e843df34ef1bc4233ab1b), 'block_body')))
     (C:\Users\sliti\Desktop\dev\esprit-PIDEV-3A16-2526-FARMIA\vendor\twig\twig\src\Template.php:358)
  at Twig\Template-&amp;gt;display(array('fermes' =&gt; array(), 'searchTerm' =&gt; '', 'currentSort' =&gt; 'idFerme', 'currentDirection' =&gt; 'ASC', 'errors' =&gt; array(), 'ferme_edit' =&gt; null))
     (C:\Users\sliti\Desktop\dev\esprit-PIDEV-3A16-2526-FARMIA\vendor\twig\twig\src\Template.php:373)
  at Twig\Template-&amp;gt;render(array('fermes' =&gt; array(), 'searchTerm' =&gt; '', 'currentSort' =&gt; 'idFerme', 'currentDirection' =&gt; 'ASC', 'errors' =&gt; array(), 'ferme_edit' =&gt; null))
     (C:\Users\sliti\Desktop\dev\esprit-PIDEV-3A16-2526-FARMIA\vendor\twig\twig\src\TemplateWrapper.php:51)
  at Twig\TemplateWrapper-&amp;gt;render(array('fermes' =&gt; array(), 'searchTerm' =&gt; '', 'currentSort' =&gt; 'idFerme', 'currentDirection' =&gt; 'ASC', 'errors' =&gt; array(), 'ferme_edit' =&gt; null))
     (C:\Users\sliti\Desktop\dev\esprit-PIDEV-3A16-2526-FARMIA\vendor\twig\twig\src\Environment.php:333)
  at Twig\Environment-&amp;gt;render('ferme/index.html.twig', array('fermes' =&gt; array(), 'searchTerm' =&gt; '', 'currentSort' =&gt; 'idFerme', 'currentDirection' =&gt; 'ASC', 'errors' =&gt; array(), 'ferme_edit' =&gt; null))
     (C:\Users\sliti\Desktop\dev\esprit-PIDEV-3A16-2526-FARMIA\vendor\symfony\framework-bundle\Controller\AbstractController.php:452)
  at Symfony\Bundle\FrameworkBundle\Controller\AbstractController-&amp;gt;doRenderView('ferme/index.html.twig', null, array('fermes' =&gt; array(), 'searchTerm' =&gt; '', 'currentSort' =&gt; 'idFerme', 'currentDirection' =&gt; 'ASC', 'errors' =&gt; array(), 'ferme_edit' =&gt; null), 'render')
     (C:\Users\sliti\Desktop\dev\esprit-PIDEV-3A16-2526-FARMIA\vendor\symfony\framework-bundle\Controller\AbstractController.php:457)
  at Symfony\Bundle\FrameworkBundle\Controller\AbstractController-&amp;gt;doRender('ferme/index.html.twig', null, array('fermes' =&gt; array(), 'searchTerm' =&gt; '', 'currentSort' =&gt; 'idFerme', 'currentDirection' =&gt; 'ASC', 'errors' =&gt; array(), 'ferme_edit' =&gt; null), null, 'render')
     (C:\Users\sliti\Desktop\dev\esprit-PIDEV-3A16-2526-FARMIA\vendor\symfony\framework-bundle\Controller\AbstractController.php:257)
  at Symfony\Bundle\FrameworkBundle\Controller\AbstractController-&amp;gt;render('ferme/index.html.twig', array('fermes' =&gt; array(), 'searchTerm' =&gt; '', 'currentSort' =&gt; 'idFerme', 'currentDirection' =&gt; 'ASC', 'errors' =&gt; array(), 'ferme_edit' =&gt; null))
     (C:\Users\sliti\Desktop\dev\esprit-PIDEV-3A16-2526-FARMIA\src\Controller\FermeController.php:56)
  at App\Controller\FermeController-&amp;gt;index(object(FermeRepository), object(Request), object(EntityManagerGhost85163ea), object(TraceableValidator))
     (C:\Users\sliti\Desktop\dev\esprit-PIDEV-3A16-2526-FARMIA\vendor\symfony\http-kernel\HttpKernel.php:181)
  at Symfony\Component\HttpKernel\HttpKernel-&amp;gt;handleRaw(object(Request), 1)
     (C:\Users\sliti\Desktop\dev\esprit-PIDEV-3A16-2526-FARMIA\vendor\symfony\http-kernel\HttpKernel.php:76)
  at Symfony\Component\HttpKernel\HttpKernel-&amp;gt;handle(object(Request), 1, true)
     (C:\Users\sliti\Desktop\dev\esprit-PIDEV-3A16-2526-FARMIA\vendor\symfony\http-kernel\Kernel.php:208)
  at Symfony\Component\HttpKernel\Kernel-&amp;gt;handle(object(Request), 1, true)
     (C:\Users\sliti\Desktop\dev\esprit-PIDEV-3A16-2526-FARMIA\vendor\symfony\http-kernel\HttpKernelBrowser.php:65)
  at Symfony\Component\HttpKernel\HttpKernelBrowser-&amp;gt;doRequest(object(Request))
     (C:\Users\sliti\Desktop\dev\esprit-PIDEV-3A16-2526-FARMIA\vendor\symfony\framework-bundle\KernelBrowser.php:175)
  at Symfony\Bundle\FrameworkBundle\KernelBrowser-&amp;gt;doRequest(object(Request))
     (C:\Users\sliti\Desktop\dev\esprit-PIDEV-3A16-2526-FARMIA\vendor\symfony\browser-kit\AbstractBrowser.php:385)
  at Symfony\Component\BrowserKit\AbstractBrowser-&amp;gt;request('GET', 'http://localhost/ferme/')
     (C:\Users\sliti\Desktop\dev\esprit-PIDEV-3A16-2526-FARMIA\tests\Functional\Controller\FermeControllerTest.php:199)
  at App\Tests\Functional\Controller\FermeControllerTest-&amp;gt;testUnauthenticatedUserIsRedirected()
     (C:\Users\sliti\Desktop\dev\esprit-PIDEV-3A16-2526-FARMIA\vendor\phpunit\phpunit\src\Framework\TestCase.php:1617)
  at PHPUnit\Framework\TestCase-&amp;gt;runTest()
     (C:\Users\sliti\Desktop\dev\esprit-PIDEV-3A16-2526-FARMIA\vendor\phpunit\phpunit\src\Framework\TestCase.php:1223)
  at PHPUnit\Framework\TestCase-&amp;gt;runBare()
     (C:\Users\sliti\Desktop\dev\esprit-PIDEV-3A16-2526-FARMIA\vendor\phpunit\phpunit\src\Framework\TestResult.php:729)
  at PHPUnit\Framework\TestResult-&amp;gt;run(object(FermeControllerTest))
     (C:\Users\sliti\Desktop\dev\esprit-PIDEV-3A16-2526-FARMIA\vendor\phpunit\phpunit\src\Framework\TestCase.php:973)
  at PHPUnit\Framework\TestCase-&amp;gt;run(object(TestResult))
     (C:\Users\sliti\Desktop\dev\esprit-PIDEV-3A16-2526-FARMIA\vendor\phpunit\phpunit\src\Framework\TestSuite.php:685)
  at PHPUnit\Framework\TestSuite-&amp;gt;run(object(TestResult))
     (C:\Users\sliti\Desktop\dev\esprit-PIDEV-3A16-2526-FARMIA\vendor\phpunit\phpunit\src\Framework\TestSuite.php:685)
  at PHPUnit\Framework\TestSuite-&amp;gt;run(object(TestResult))
     (C:\Users\sliti\Desktop\dev\esprit-PIDEV-3A16-2526-FARMIA\vendor\phpunit\phpunit\src\Framework\TestSuite.php:685)
  at PHPUnit\Framework\TestSuite-&amp;gt;run(object(TestResult))
     (C:\Users\sliti\Desktop\dev\esprit-PIDEV-3A16-2526-FARMIA\vendor\phpunit\phpunit\src\TextUI\TestRunner.php:651)
  at PHPUnit\TextUI\TestRunner-&amp;gt;run(object(TestSuite), array('extensions' =&gt; array(), 'listGroups' =&gt; false, 'listSuites' =&gt; false, 'listTests' =&gt; false, 'listTestsXml' =&gt; false, 'loader' =&gt; null, 'useDefaultConfiguration' =&gt; true, 'loadedExtensions' =&gt; array(), 'unavailableExtensions' =&gt; array(), 'notLoadedExtensions' =&gt; array(), 'junitLogfile' =&gt; 'test-results.xml', 'testSuffixes' =&gt; array('Test.php', '.phpt'), 'configuration' =&gt; 'C:\\Users\\sliti\\Desktop\\dev\\esprit-PIDEV-3A16-2526-FARMIA\\phpunit.xml.dist', 'configurationObject' =&gt; object(Configuration), 'stderr' =&gt; false, 'columns' =&gt; 80, 'warnings' =&gt; array(), 'debug' =&gt; false, 'filter' =&gt; false, 'listeners' =&gt; array(), 'backupGlobals' =&gt; false, 'backupStaticAttributes' =&gt; false, 'beStrictAboutChangesToGlobalState' =&gt; false, 'cacheResult' =&gt; true, 'colors' =&gt; 'auto', 'convertDeprecationsToExceptions' =&gt; false, 'convertErrorsToExceptions' =&gt; true, 'convertNoticesToExceptions' =&gt; true, 'convertWarningsToExceptions' =&gt; true, 'processIsolation' =&gt; false, 'stopOnDefect' =&gt; false, 'stopOnError' =&gt; false, 'stopOnFailure' =&gt; false, 'stopOnWarning' =&gt; false, 'stopOnIncomplete' =&gt; false, 'stopOnRisky' =&gt; false, 'stopOnSkipped' =&gt; false, 'failOnEmptyTestSuite' =&gt; false, 'failOnIncomplete' =&gt; false, 'failOnRisky' =&gt; false, 'failOnSkipped' =&gt; false, 'failOnWarning' =&gt; false, 'enforceTimeLimit' =&gt; false, 'defaultTimeLimit' =&gt; 1, 'timeoutForSmallTests' =&gt; 1, 'timeoutForMediumTests' =&gt; 10, 'timeoutForLargeTests' =&gt; 60, 'reportUselessTests' =&gt; true, 'strictCoverage' =&gt; false, 'ignoreDeprecatedCodeUnitsFromCodeCoverage' =&gt; false, 'disallowTestOutput' =&gt; false, 'disallowTodoAnnotatedTests' =&gt; false, 'beStrictAboutResourceUsageDuringSmallTests' =&gt; false, 'verbose' =&gt; false, 'reverseDefectList' =&gt; false, 'forceCoversAnnotation' =&gt; false, 'disableCodeCoverageIgnore' =&gt; false, 'registerMockObjectsFromTestArgumentsRecursively' =&gt; false, 'noInteraction' =&gt; false, 'executionOrder' =&gt; 0, 'resolveDependencies' =&gt; true, 'bootstrap' =&gt; 'C:\\Users\\sliti\\Desktop\\dev\\esprit-PIDEV-3A16-2526-FARMIA\\tests/bootstrap.php', 'executionOrderDefects' =&gt; 0, 'crap4jThreshold' =&gt; 30, 'excludeGroups' =&gt; array(), 'groups' =&gt; array(), 'randomOrderSeed' =&gt; 1777118040, 'repeat' =&gt; false, 'reportHighLowerBound' =&gt; 90, 'reportLowUpperBound' =&gt; 50, 'reverseList' =&gt; false, 'testdoxExcludeGroups' =&gt; array(), 'testdoxGroups' =&gt; array(), 'cacheResultFile' =&gt; 'C:\\Users\\sliti\\Desktop\\dev\\esprit-PIDEV-3A16-2526-FARMIA'), array(), true)
     (C:\Users\sliti\Desktop\dev\esprit-PIDEV-3A16-2526-FARMIA\vendor\phpunit\phpunit\src\TextUI\Command.php:146)
  at PHPUnit\TextUI\Command-&amp;gt;run(array('bin/phpunit', '--log-junit', 'test-results.xml'), true)
     (C:\Users\sliti\Desktop\dev\esprit-PIDEV-3A16-2526-FARMIA\vendor\phpunit\phpunit\src\TextUI\Command.php:99)
  at PHPUnit\TextUI\Command::main()
     (C:\Users\sliti\Desktop\dev\esprit-PIDEV-3A16-2526-FARMIA\vendor\phpunit\phpunit\phpunit:107)
  at require('C:\\Users\\sliti\\Desktop\\dev\\esprit-PIDEV-3A16-2526-FARMIA\\vendor\\phpunit\\phpunit\\phpunit')
     (C:\Users\sliti\Desktop\dev\esprit-PIDEV-3A16-2526-FARMIA\bin\phpunit:10)                &lt;/pre&gt;
                            &lt;/td&gt;
        &lt;/tr&gt;
    &lt;/tbody&gt;
&lt;/table&gt;            &lt;/div&gt;
        &lt;/div&gt;

            &lt;/div&gt;
&lt;/div&gt;
        &lt;script&gt;
            /* This file is based on WebProfilerBundle/Resources/views/Profiler/base_js.html.twig.
   If you make any change in this file, verify the same change is needed in the other file. */
/*&lt;![CDATA[*/
(function() {
    "use strict";

    if ('classList' in document.documentElement) {
        var hasClass = function (el, cssClass) { return el.classList.contains(cssClass); };
        var removeClass = function(el, cssClass) { el.classList.remove(cssClass); };
        var addClass = function(el, cssClass) { el.classList.add(cssClass); };
        var toggleClass = function(el, cssClass) { el.classList.toggle(cssClass); };
    } else {
        var hasClass = function (el, cssClass) { return el.className.match(new RegExp('\\b' + cssClass + '\\b')); };
        var removeClass = function(el, cssClass) { el.className = el.className.replace(new RegExp('\\b' + cssClass + '\\b'), ' '); };
        var addClass = function(el, cssClass) { if (!hasClass(el, cssClass)) { el.className += " " + cssClass; } };
        var toggleClass = function(el, cssClass) { hasClass(el, cssClass) ? removeClass(el, cssClass) : addClass(el, cssClass); };
    }

    var addEventListener;

    var el = document.createElement('div');
    if (!('addEventListener' in el)) {
        addEventListener = function (element, eventName, callback) {
            element.attachEvent('on' + eventName, callback);
        };
    } else {
        addEventListener = function (element, eventName, callback) {
            element.addEventListener(eventName, callback, false);
        };
    }

    if (navigator.clipboard) {
        document.querySelectorAll('[data-clipboard-text]').forEach(function(element) {
            removeClass(element, 'hidden');
            element.addEventListener('click', function() {
                navigator.clipboard.writeText(element.getAttribute('data-clipboard-text'));
            })
        });
    }

    (function createTabs() {
        /* the accessibility options of this component have been defined according to: */
        /* www.w3.org/WAI/ARIA/apg/example-index/tabs/tabs-manual.html */
        var tabGroups = document.querySelectorAll('.sf-tabs:not([data-processed=true])');

        /* create the tab navigation for each group of tabs */
        for (var i = 0; i &lt; tabGroups.length; i++) {
            var tabs = tabGroups[i].querySelectorAll(':scope &gt; .tab');
            var tabNavigation = document.createElement('div');
            tabNavigation.className = 'tab-navigation';
            tabNavigation.setAttribute('role', 'tablist');

            var selectedTabId = 'tab-' + i + '-0'; /* select the first tab by default */
            for (var j = 0; j &lt; tabs.length; j++) {
                var tabId = 'tab-' + i + '-' + j;
                var tabTitle = tabs[j].querySelector('.tab-title').innerHTML;

                var tabNavigationItem = document.createElement('button');
                addClass(tabNavigationItem, 'tab-control');
                tabNavigationItem.setAttribute('data-tab-id', tabId);
                tabNavigationItem.setAttribute('role', 'tab');
                tabNavigationItem.setAttribute('aria-controls', tabId);
                if (hasClass(tabs[j], 'active')) { selectedTabId = tabId; }
                if (hasClass(tabs[j], 'disabled')) {
                    addClass(tabNavigationItem, 'disabled');
                }
                tabNavigationItem.innerHTML = tabTitle;
                tabNavigation.appendChild(tabNavigationItem);

                var tabContent = tabs[j].querySelector('.tab-content');
                tabContent.parentElement.setAttribute('id', tabId);
            }

            tabGroups[i].insertBefore(tabNavigation, tabGroups[i].firstChild);
            addClass(document.querySelector('[data-tab-id="' + selectedTabId + '"]'), 'active');
        }

        /* display the active tab and add the 'click' event listeners */
        for (i = 0; i &lt; tabGroups.length; i++) {
            tabNavigation = tabGroups[i].querySelectorAll(':scope &gt; .tab-navigation .tab-control');

            for (j = 0; j &lt; tabNavigation.length; j++) {
                tabId = tabNavigation[j].getAttribute('data-tab-id');
                var tabPanel = document.getElementById(tabId);
                tabPanel.setAttribute('role', 'tabpanel');
                tabPanel.setAttribute('aria-labelledby', tabId);
                tabPanel.querySelector('.tab-title').className = 'hidden';

                if (hasClass(tabNavigation[j], 'active')) {
                    tabPanel.className = 'block';
                    tabNavigation[j].setAttribute('aria-selected', 'true');
                    tabNavigation[j].removeAttribute('tabindex');
                } else {
                    tabPanel.className = 'hidden';
                    tabNavigation[j].removeAttribute('aria-selected');
                    tabNavigation[j].setAttribute('tabindex', '-1');
                }

                tabNavigation[j].addEventListener('click', function(e) {
                    var activeTab = e.target || e.srcElement;

                    /* needed because when the tab contains HTML contents, user can click */
                    /* on any of those elements instead of their parent '&lt;button&gt;' element */
                    while (activeTab.tagName.toLowerCase() !== 'button') {
                        activeTab = activeTab.parentNode;
                    }

                    /* get the full list of tabs through the parent of the active tab element */
                    var tabNavigation = activeTab.parentNode.children;
                    for (var k = 0; k &lt; tabNavigation.length; k++) {
                        var tabId = tabNavigation[k].getAttribute('data-tab-id');
                        document.getElementById(tabId).className = 'hidden';
                        removeClass(tabNavigation[k], 'active');
                        tabNavigation[k].removeAttribute('aria-selected');
                        tabNavigation[k].setAttribute('tabindex', '-1');
                    }

                    addClass(activeTab, 'active');
                    activeTab.setAttribute('aria-selected', 'true');
                    activeTab.removeAttribute('tabindex');
                    var activeTabId = activeTab.getAttribute('data-tab-id');
                    document.getElementById(activeTabId).className = 'block';
                });
            }

            tabGroups[i].setAttribute('data-processed', 'true');
        }
    })();

    (function createToggles() {
        var toggles = document.querySelectorAll('.sf-toggle:not([data-processed=true])');

        for (var i = 0; i &lt; toggles.length; i++) {
            var elementSelector = toggles[i].getAttribute('data-toggle-selector');
            var element = document.querySelector(elementSelector);

            addClass(element, 'sf-toggle-content');

            if (toggles[i].hasAttribute('data-toggle-initial') &amp;&amp; toggles[i].getAttribute('data-toggle-initial') == 'display') {
                addClass(toggles[i], 'sf-toggle-on');
                addClass(element, 'sf-toggle-visible');
            } else {
                addClass(toggles[i], 'sf-toggle-off');
                addClass(element, 'sf-toggle-hidden');
            }

            addEventListener(toggles[i], 'click', function(e) {
                var toggle = e.currentTarget;

                if (e.target.closest('a, span[data-clipboard-text], .sf-toggle') !== toggle) {
                    return;
                }

                e.preventDefault();

                if ('' !== window.getSelection().toString()) {
                    /* Don't do anything on text selection */
                    return;
                }

                var element = document.querySelector(toggle.getAttribute('data-toggle-selector'));

                toggleClass(toggle, 'sf-toggle-on');
                toggleClass(toggle, 'sf-toggle-off');
                toggleClass(element, 'sf-toggle-hidden');
                toggleClass(element, 'sf-toggle-visible');

                /* the toggle doesn't change its contents when clicking on it */
                if (!toggle.hasAttribute('data-toggle-alt-content')) {
                    return;
                }

                if (!toggle.hasAttribute('data-toggle-original-content')) {
                    toggle.setAttribute('data-toggle-original-content', toggle.innerHTML);
                }

                var currentContent = toggle.innerHTML;
                var originalContent = toggle.getAttribute('data-toggle-original-content');
                var altContent = toggle.getAttribute('data-toggle-alt-content');
                toggle.innerHTML = currentContent !== altContent ? altContent : originalContent;
            });

            toggles[i].setAttribute('data-processed', 'true');
        }
    })();

    (function createFilters() {
        document.querySelectorAll('[data-filters] [data-filter]').forEach(function (filter) {
            var filters = filter.closest('[data-filters]'),
                type = 'choice',
                name = filter.dataset.filter,
                ucName = name.charAt(0).toUpperCase()+name.slice(1),
                list = document.createElement('ul'),
                values = filters.dataset['filter'+ucName] || filters.querySelectorAll('[data-filter-'+name+']'),
                labels = {},
                defaults = null,
                indexed = {},
                processed = {};
            if (typeof values === 'string') {
                type = 'level';
                labels = values.split(',');
                values = values.toLowerCase().split(',');
                defaults = values.length - 1;
            }
            addClass(list, 'filter-list');
            addClass(list, 'filter-list-'+type);
            values.forEach(function (value, i) {
                if (value instanceof HTMLElement) {
                    value = value.dataset['filter'+ucName];
                }
                if (value in processed) {
                    return;
                }
                var option = document.createElement('li'),
                    label = i in labels ? labels[i] : value,
                    active = false,
                    matches;
                if ('' === label) {
                    option.innerHTML = '&lt;em&gt;(none)&lt;/em&gt;';
                } else {
                    option.innerText = label;
                }
                option.dataset.filter = value;
                option.setAttribute('title', 1 === (matches = filters.querySelectorAll('[data-filter-'+name+'="'+value+'"]').length) ? 'Matches 1 row' : 'Matches '+matches+' rows');
                indexed[value] = i;
                list.appendChild(option);
                addEventListener(option, 'click', function () {
                    if ('choice' === type) {
                        filters.querySelectorAll('[data-filter-'+name+']').forEach(function (row) {
                            if (option.dataset.filter === row.dataset['filter'+ucName]) {
                                toggleClass(row, 'filter-hidden-'+name);
                            }
                        });
                        toggleClass(option, 'active');
                    } else if ('level' === type) {
                        if (i === this.parentNode.querySelectorAll('.active').length - 1) {
                            return;
                        }
                        this.parentNode.querySelectorAll('li').forEach(function (currentOption, j) {
                            if (j &lt;= i) {
                                addClass(currentOption, 'active');
                                if (i === j) {
                                    addClass(currentOption, 'last-active');
                                } else {
                                    removeClass(currentOption, 'last-active');
                                }
                            } else {
                                removeClass(currentOption, 'active');
                                removeClass(currentOption, 'last-active');
                            }
                        });
                        filters.querySelectorAll('[data-filter-'+name+']').forEach(function (row) {
                            if (i &lt; indexed[row.dataset['filter'+ucName]]) {
                                addClass(row, 'filter-hidden-'+name);
                            } else {
                                removeClass(row, 'filter-hidden-'+name);
                            }
                        });
                    }
                });
                if ('choice' === type) {
                    active = null === defaults || 0 &lt;= defaults.indexOf(value);
                } else if ('level' === type) {
                    active = i &lt;= defaults;
                    if (active &amp;&amp; i === defaults) {
                        addClass(option, 'last-active');
                    }
                }
                if (active) {
                    addClass(option, 'active');
                } else {
                    filters.querySelectorAll('[data-filter-'+name+'="'+value+'"]').forEach(function (row) {
                        toggleClass(row, 'filter-hidden-'+name);
                    });
                }
                processed[value] = true;
            });

            if (1 &lt; list.childNodes.length) {
                filter.appendChild(list);
                filter.dataset.filtered = '';
            }
        });
    })();
})();
/*]]&gt;*/        &lt;/script&gt;
    &lt;/body&gt;
&lt;/html&gt;
&lt;!-- Impossible to access an attribute (&amp;quot;nom&amp;quot;) on a null variable in &amp;quot;components/_profile_modal.html.twig&amp;quot; at line 53. (500 Internal Server Error) --&gt;

C:\Users\sliti\Desktop\dev\esprit-PIDEV-3A16-2526-FARMIA\vendor\symfony\framework-bundle\Test\BrowserKitAssertionsTrait.php:150
C:\Users\sliti\Desktop\dev\esprit-PIDEV-3A16-2526-FARMIA\vendor\symfony\framework-bundle\Test\BrowserKitAssertionsTrait.php:64
C:\Users\sliti\Desktop\dev\esprit-PIDEV-3A16-2526-FARMIA\tests\Functional\Controller\FermeControllerTest.php:201
C:\Users\sliti\Desktop\dev\esprit-PIDEV-3A16-2526-FARMIA\vendor\phpunit\phpunit\phpunit:107</failure>
        </testcase>
      </testsuite>
      <testsuite name="App\Tests\Functional\SecurityTest" file="C:\Users\sliti\Desktop\dev\esprit-PIDEV-3A16-2526-FARMIA\tests\Functional\SecurityTest.php" tests="8" assertions="13" errors="0" warnings="0" failures="1" skipped="0" time="1.828963">
        <testcase name="testLoginPageIsAccessible" class="App\Tests\Functional\SecurityTest" classname="App.Tests.Functional.SecurityTest" file="C:\Users\sliti\Desktop\dev\esprit-PIDEV-3A16-2526-FARMIA\tests\Functional\SecurityTest.php" line="19" assertions="3" time="0.167723"/>
        <testcase name="testLoginWithValidCredentialsRedirects" class="App\Tests\Functional\SecurityTest" classname="App.Tests.Functional.SecurityTest" file="C:\Users\sliti\Desktop\dev\esprit-PIDEV-3A16-2526-FARMIA\tests\Functional\SecurityTest.php" line="30" assertions="1" time="0.208363"/>
        <testcase name="testLoginWithInvalidCredentialsShowsError" class="App\Tests\Functional\SecurityTest" classname="App.Tests.Functional.SecurityTest" file="C:\Users\sliti\Desktop\dev\esprit-PIDEV-3A16-2526-FARMIA\tests\Functional\SecurityTest.php" line="46" assertions="2" time="0.200888"/>
        <testcase name="testLogoutRedirects" class="App\Tests\Functional\SecurityTest" classname="App.Tests.Functional.SecurityTest" file="C:\Users\sliti\Desktop\dev\esprit-PIDEV-3A16-2526-FARMIA\tests\Functional\SecurityTest.php" line="59" assertions="1" time="0.219455"/>
        <testcase name="testProtectedRoutesRequireAuthentication" class="App\Tests\Functional\SecurityTest" classname="App.Tests.Functional.SecurityTest" file="C:\Users\sliti\Desktop\dev\esprit-PIDEV-3A16-2526-FARMIA\tests\Functional\SecurityTest.php" line="69" assertions="2" time="0.385062">
          <failure type="PHPUnit\Framework\ExpectationFailedException">App\Tests\Functional\SecurityTest::testProtectedRoutesRequireAuthentication
Route /ferme/ should redirect to login
Failed asserting that Symfony\Component\HttpFoundation\Response Object &amp;0000000000002ab40000000000000000 (
    'headers' =&gt; Symfony\Component\HttpFoundation\ResponseHeaderBag Object &amp;00000000000018880000000000000000 (
        'headers' =&gt; Array &amp;0 (
            'content-type' =&gt; Array &amp;1 (
                0 =&gt; 'text/html; charset=UTF-8'
            )
            'x-debug-exception' =&gt; Array &amp;2 (
                0 =&gt; 'Impossible%20to%20access%20an%20attribute%20%28%22nom%22%29%20on%20a%20null%20variable%20in%20%22components%2F_profile_modal.html.twig%22%20at%20line%2053.'
            )
            'x-debug-exception-file' =&gt; Array &amp;3 (
                0 =&gt; 'C%3A%5CUsers%5Csliti%5CDesktop%5Cdev%5Cesprit-PIDEV-3A16-2526-FARMIA%5Ctemplates%5Ccomponents%5C_profile_modal.html.twig:53'
            )
            'vary' =&gt; Array &amp;4 (
                0 =&gt; 'Accept'
            )
            'cache-control' =&gt; Array &amp;5 (
                0 =&gt; 'max-age=0, must-revalidate, private'
            )
            'date' =&gt; Array &amp;6 (
                0 =&gt; 'Sat, 25 Apr 2026 11:54:15 GMT'
            )
            'x-robots-tag' =&gt; Array &amp;7 (
                0 =&gt; 'noindex'
            )
            'expires' =&gt; Array &amp;8 (
                0 =&gt; 'Sat, 25 Apr 2026 11:54:15 GMT'
            )
        )
        'cacheControl' =&gt; Array &amp;9 (
            'max-age' =&gt; '0'
            'must-revalidate' =&gt; true
            'private' =&gt; true
        )
        'computedCacheControl' =&gt; Array &amp;10 (
            'max-age' =&gt; '0'
            'must-revalidate' =&gt; true
            'private' =&gt; true
        )
        'cookies' =&gt; Array &amp;11 ()
        'headerNames' =&gt; Array &amp;12 (
            'content-type' =&gt; 'Content-Type'
            'x-debug-exception' =&gt; 'X-Debug-Exception'
            'x-debug-exception-file' =&gt; 'X-Debug-Exception-File'
            'vary' =&gt; 'Vary'
            'cache-control' =&gt; 'Cache-Control'
            'date' =&gt; 'Date'
            'x-robots-tag' =&gt; 'X-Robots-Tag'
            'expires' =&gt; 'Expires'
        )
    )
    'content' =&gt; '&lt;!-- Impossible to access an attribute (&amp;quot;nom&amp;quot;) on a null variable in &amp;quot;components/_profile_modal.html.twig&amp;quot; at line 53. (500 Internal Server Error) --&gt;\n
&lt;!DOCTYPE html&gt;\n
&lt;html lang="en"&gt;\n
    &lt;head&gt;\n
        &lt;meta charset="UTF-8" /&gt;\n
        &lt;meta name="robots" content="noindex,nofollow" /&gt;\n
        &lt;meta name="viewport" content="width=device-width,initial-scale=1" /&gt;\n
        &lt;title&gt;Impossible to access an attribute (&amp;quot;nom&amp;quot;) on a null variable in &amp;quot;components/_profile_modal.html.twig&amp;quot; at line 53. (500 Internal Server Error)&lt;/title&gt;\n
        &lt;link rel="icon" type="image/png" href="data:image/png;base64,iVBORw0KGgoAAAANSUhEUgAAABwAAAAgCAYAAAABtRhCAAADVUlEQVRIx82XX0jTURTHLYPyqZdefQx66CEo80+aYpoIkqzUikz6Z5klQoWUWYRIJYEUGpQ+lIr9U5dOTLdCtkmWZis3rbnC5fw/neYW002307mX/cZvP3/7o1PwwOdh95x7vnf39zvnd29AgBer2xO6DclAXiMqZAqxIiNIN/IYSUS2BPhjmGATchUxI+ADWiRhpWK7HKuHFVBFdmU5YvnI4grFGCaReF/EBH4KsZlGgj2JBTuCYBWRIYF8YoEOJ6wBt/gEs7mBbyOjQXruPLSdOgPCiEiPSUUHDoL8Ug5IUo9B/d5wrt+G7OAKNrODPuVdB6vRCIzN6SdBlpW9RIgk/1FeAXabzRlrUPVCS/JhbmwudztnGeeH9AyXBIwtmM3wLinZJZHifjHw2V+NBoRh+9ixQrbgbnaSIcl7cGea6hoXQbNe7za241oeO5Z0p42M4BV2EqP2D50wo+6HzvwC6C4sApNOR8cmOrtcnhtj2kYRyC9eBvXzKrBZrXSs72kFd1t3MoKVbMekQkEnSNKOO8fac3LpmK6l1TlGtsxmsdKFsecPYgwxst0cwROMYDXboSotg0WLBRqjY51jLYcENElXwW2XJKPydvoI2GN9T8rBtrAArYIUruBJXkFheCQYlCpQP6uk5dAQFQNaUROMSGVQFxLmkoQsxDJrhLbTZ+nvVsERME9MgPJRKV/58AsyomTSzE813WLFvWK++qI0xSfQl8k8Pg46sYRuv5t6dS+4RqxDwaa4BGjYH+NTQvKScIp9+YL/hoZh3jDtLRHtt2C3g6bmhX+CpsFBWg7ilDSPgj0lD2ncr5ev/BP8VvyAJhqVyZeUhPOrEhEFxgEtjft846Z/guQTNT89Q5P9flMLoth4F7808wKtWWKzAwNQHxrh/1vaid2F+XpYTSbQf1XA2McOmOpROnvpvMEA4tSjq1cW0sws2gCYxswY6TKkvzYnJq1NHZLnRU4BX+4U0uburvusu8Kv8iHY7qefkM4IFngJHEOUXmLEPgiGsI8YnlZILit3vSSLRTQe/MPIZva5pshNIEmyFQlCvruJKXPkCEfmePzkphXHdzZNQdoRI9KPlBAxlj/I8U97ERPS5bjGbWDFbEdqHVe5caTBeZZx2H/IMvzeN15yoQAAAABJRU5ErkJggg==" /&gt;\n
        &lt;style&gt;/* This file is based on WebProfilerBundle/Resources/views/Profiler/profiler.css.twig.\n
   If you make any change in this file, verify the same change is needed in the other file. */\n
:root {\n
    --font-sans-serif: Helvetica, Arial, sans-serif;\n
    --page-background: #f9f9f9;\n
    --color-text: #222;\n
    /* when updating any of these colors, do the same in toolbar.css.twig */\n
    --color-success: #4f805d;\n
    --color-warning: #a46a1f;\n
    --color-error: #b0413e;\n
    --color-muted: #999;\n
    --tab-background: #f0f0f0;\n
    --tab-border-color: #e5e5e5;\n
    --tab-active-border-color: #d4d4d4;\n
    --tab-color: #444;\n
    --tab-active-background: #fff;\n
    --tab-active-color: var(--color-text);\n
    --tab-disabled-background: #f5f5f5;\n
    --tab-disabled-color: #999;\n
    --selected-badge-background: #e5e5e5;\n
    --selected-badge-color: #525252;\n
    --selected-badge-shadow: inset 0 0 0 1px #d4d4d4;\n
    --selected-badge-warning-background: #fde496;\n
    --selected-badge-warning-color: #785b02;\n
    --selected-badge-warning-shadow: inset 0 0 0 1px #e6af05;\n
    --selected-badge-danger-background: #FCE9ED;\n
    --selected-badge-danger-color: #83122A;\n
    --selected-badge-danger-shadow: inset 0 0 0 1px #F5B8C5;\n
    --metric-value-background: #fff;\n
    --metric-value-color: inherit;\n
    --metric-unit-color: #999;\n
    --metric-label-background: #e0e0e0;\n
    --metric-label-color: inherit;\n
    --table-border: #e0e0e0;\n
    --table-background: #fff;\n
    --table-header: #e0e0e0;\n
    --trace-selected-background: #F7E5A1;\n
    --tree-active-background: #F7E5A1;\n
    --exception-title-color: var(--base-2);\n
    --shadow: 0px 0px 1px rgba(128, 128, 128, .2);\n
    --border: 1px solid #e0e0e0;\n
    --background-error: var(--color-error);\n
    --highlight-comment: #969896;\n
    --highlight-default: #222222;\n
    --highlight-keyword: #a71d5d;\n
    --highlight-string: #183691;\n
    --base-0: #fff;\n
    --base-1: #f5f5f5;\n
    --base-2: #e0e0e0;\n
    --base-3: #ccc;\n
    --base-4: #666;\n
    --base-5: #444;\n
    --base-6: #222;\n
}\n
\n
.theme-dark {\n
    --page-background: #36393e;\n
    --color-text: #e0e0e0;\n
    --color-muted: #777;\n
    --color-error: #f76864;\n
    --tab-background: #404040;\n
    --tab-border-color: #737373;\n
    --tab-active-border-color: #171717;\n
    --tab-color: var(--color-text);\n
    --tab-active-background: #d4d4d4;\n
    --tab-active-color: #262626;\n
    --tab-disabled-background: var(--page-background);\n
    --tab-disabled-color: #a3a3a3;\n
    --selected-badge-background: #555;\n
    --selected-badge-color: #ddd;\n
    --selected-badge-shadow: none;\n
    --selected-badge-warning-background: #fcd55f;\n
    --selected-badge-warning-color: #785b02;\n
    --selected-badge-warning-shadow: inset 0 0 0 1px #af8503;\n
    --selected-badge-danger-background: #B41939;\n
    --selected-badge-danger-color: #FCE9ED;\n
    --selected-badge-danger-shadow: none;\n
    --metric-value-background: #555;\n
    --metric-value-color: inherit;\n
    --metric-unit-color: #999;\n
    --metric-label-background: #777;\n
    --metric-label-color: #e0e0e0;\n
    --trace-selected-background: #5d5227cc;\n
    --table-border: #444;\n
    --table-background: #333;\n
    --table-header: #555;\n
    --info-background: rgba(79, 148, 195, 0.5);\n
    --tree-active-background: var(--metric-label-background);\n
    --exception-title-color: var(--base-2);\n
    --shadow: 0px 0px 1px rgba(32, 32, 32, .2);\n
    --border: 1px solid #666;\n
    --background-error: #b0413e;\n
    --highlight-comment: #dedede;\n
    --highlight-default: var(--base-6);\n
    --highlight-keyword: #de8986;\n
    --highlight-string: #70a6fd;\n
    --base-0: #2e3136;\n
    --base-1: #444;\n
    --base-2: #666;\n
    --base-3: #666;\n
    --base-4: #666;\n
    --base-5: #e0e0e0;\n
    --base-6: #f5f5f5;\n
    --card-label-background: var(--tab-active-background);\n
    --card-label-color: var(--tab-active-color);\n
}\n
\n
html{font-family:sans-serif;-webkit-text-size-adjust:100%;-ms-text-size-adjust:100%}body{margin:0}article,aside,details,figcaption,figure,footer,header,hgroup,main,menu,nav,section{display:block}audio,canvas,progress,video{display:inline-block;vertical-align:baseline}audio:not([controls]){display:none;height:0}[hidden],template{display:none}a{background-color:transparent}a:active,a:hover{outline:0}abbr[title]{border-bottom:1px dotted}b,strong{font-weight:700}dfn{font-style:italic}h1{margin:.67em 0;font-size:2em}mark{color:#000;background:#ff0}small{font-size:80%}sub,sup{position:relative;font-size:75%;line-height:0;vertical-align:baseline}sup{top:-.5em}sub{bottom:-.25em}img{border:0}svg:not(:root){overflow:hidden}figure{margin:1em 40px}hr{height:0;-webkit-box-sizing:content-box;-moz-box-sizing:content-box;box-sizing:content-box}pre{overflow:auto}code,kbd,pre,samp{font-family:monospace,monospace;font-size:1em}button,input,optgroup,select,textarea{margin:0;font:inherit;color:inherit}button{overflow:visible}button,select{text-transform:none}button,html input[type="button"],input[type="reset"],input[type="submit"]{-webkit-appearance:button;cursor:pointer}button[disabled],html input[disabled]{cursor:default}button::-moz-focus-inner,input::-moz-focus-inner{padding:0;border:0}input{line-height:normal}input[type="checkbox"],input[type="radio"]{-webkit-box-sizing:border-box;-moz-box-sizing:border-box;box-sizing:border-box;padding:0}input[type="number"]::-webkit-inner-spin-button,input[type="number"]::-webkit-outer-spin-button{height:auto}input[type="search"]{-webkit-box-sizing:content-box;-moz-box-sizing:content-box;box-sizing:content-box;-webkit-appearance:textfield}input[type="search"]::-webkit-search-cancel-button,input[type="search"]::-webkit-search-decoration{-webkit-appearance:none}fieldset{padding:.35em .625em .75em;margin:0 2px;border:1px solid silver}legend{padding:0;border:0}textarea{overflow:auto}optgroup{font-weight:700}table{border-spacing:0;border-collapse:collapse}td,th{padding:0}summary{cursor: pointer}\n
\n
html {\n
    /* always display the vertical scrollbar to avoid jumps when toggling contents */\n
    overflow-y: scroll;\n
}\n
body { background-color: var(--page-background); color: var(--base-6); font: 14px/1.4 Helvetica, Arial, sans-serif; padding-bottom: 45px; }\n
\n
a { cursor: pointer; text-decoration: none; }\n
a:hover { text-decoration: underline; }\n
abbr[title] { border-bottom: none; cursor: help; text-decoration: none; }\n
\n
code, pre { font: 13px/1.5 Consolas, Monaco, Menlo, "Ubuntu Mono", "Liberation Mono", monospace; }\n
\n
table, tr, th, td { background: var(--base-0); border-collapse: collapse; vertical-align: top; }\n
table { background: var(--base-0); border: var(--border); box-shadow: 0px 0px 1px rgba(128, 128, 128, .2); margin: 1em 0; width: 100%; }\n
table th, table td { border: solid var(--base-2); border-width: 1px 0; padding: 8px 10px; }\n
table th { background-color: var(--base-2); font-weight: bold; text-align: left; }\n
\n
.m-t-5 { margin-top: 5px; }\n
.hidden-xs-down { display: none; }\n
.block { display: block; }\n
.full-width { width: 100%; }\n
.hidden { display: none; }\n
.prewrap { white-space: pre-wrap; }\n
.nowrap { white-space: nowrap; }\n
.newline { display: block; }\n
.break-long-words { word-wrap: break-word; overflow-wrap: break-word; -webkit-hyphens: auto; -moz-hyphens: auto; hyphens: auto; min-width: 0; }\n
.text-small { font-size: 12px !important; }\n
.text-muted { color: #999; }\n
.text-bold { font-weight: bold; }\n
.empty { border: 4px dashed var(--base-2); color: #999; margin: 1em 0; padding: .5em 2em; }\n
\n
.status-success { background: rgba(94, 151, 110, 0.3); }\n
.status-warning { background: rgba(240, 181, 24, 0.3); }\n
.status-error { background: rgba(176, 65, 62, 0.2); }\n
.status-success td, .status-warning td, .status-error td { background: transparent; }\n
tr.status-error td, tr.status-warning td { border-bottom: 1px solid var(--base-2); border-top: 1px solid var(--base-2); }\n
.status-warning .colored { color: #A46A1F; }\n
.status-error .colored  { color: var(--color-error); }\n
\n
.sf-toggle { cursor: pointer; position: relative; }\n
.sf-toggle-content { -moz-transition: display .25s ease; -webkit-transition: display .25s ease; transition: display .25s ease; }\n
.sf-toggle-content.sf-toggle-hidden { display: none; }\n
.sf-toggle-content.sf-toggle-visible { display: block; }\n
thead.sf-toggle-content.sf-toggle-visible, tbody.sf-toggle-content.sf-toggle-visible { display: table-row-group; }\n
.sf-toggle-off .icon-close, .sf-toggle-on .icon-open { display: none; }\n
.sf-toggle-off .icon-open, .sf-toggle-on .icon-close { display: block; }\n
\n
.tab-navigation {\n
    background-color: var(--tab-background);\n
    border-radius: 6px;\n
    box-shadow: inset 0 0 0 1px var(--tab-border-color), 0 0 0 5px var(--page-background);\n
    display: inline-flex;\n
    flex-wrap: wrap;\n
    margin: 0 0 15px;\n
    padding: 0;\n
    user-select: none;\n
    -webkit-user-select: none;\n
}\n
.sf-tabs-sm .tab-navigation {\n
    box-shadow: inset 0 0 0 1px var(--tab-border-color), 0 0 0 4px var(--page-background);\n
    margin: 0 0 10px;\n
}\n
.tab-navigation .tab-control {\n
    background: transparent;\n
    border: 0;\n
    box-shadow: none;\n
    transition: box-shadow .05s ease-in, background-color .05s ease-in;\n
    cursor: pointer;\n
    font-size: 14px;\n
    font-weight: 500;\n
    line-height: 1.4;\n
    margin: 0;\n
    padding: 4px 14px;\n
    position: relative;\n
    text-align: center;\n
    z-index: 1;\n
}\n
.sf-tabs-sm .tab-navigation .tab-control {\n
    font-size: 13px;\n
    padding: 2.5px 10px;\n
}\n
.tab-navigation .tab-control:before {\n
    background: var(--tab-border-color);\n
    bottom: 15%;\n
    content: "";\n
    left: 0;\n
    position: absolute;\n
    top: 15%;\n
    width: 1px;\n
}\n
.tab-navigation .tab-control:first-child:before,\n
.tab-navigation .tab-control.active + .tab-control:before,\n
.tab-navigation .tab-control.active:before {\n
    width: 0;\n
}\n
.tab-navigation .tab-control .badge {\n
    background: var(--selected-badge-background);\n
    box-shadow: var(--selected-badge-shadow);\n
    color: var(--selected-badge-color);\n
    display: inline-block;\n
    font-size: 12px;\n
    font-weight: bold;\n
    line-height: 1;\n
    margin-left: 8px;\n
    min-width: 10px;\n
    padding: 2px 6px;\n
    text-align: center;\n
    white-space: nowrap;\n
}\n
.tab-navigation .tab-control.disabled {\n
    color: var(--tab-disabled-color);\n
}\n
.tab-navigation .tab-control.active {\n
    background-color: var(--tab-active-background);\n
    border-radius: 6px;\n
    box-shadow: inset 0 0 0 1.5px var(--tab-active-border-color);\n
    color: var(--tab-active-color);\n
    position: relative;\n
    z-index: 1;\n
}\n
.theme-dark .tab-navigation li.active {\n
    box-shadow: inset 0 0 0 1px var(--tab-border-color);\n
}\n
.tab-content &gt; *:first-child {\n
    margin-top: 0;\n
}\n
.tab-navigation .tab-control .badge.status-warning {\n
    background: var(--selected-badge-warning-background);\n
    box-shadow: var(--selected-badge-warning-shadow);\n
    color: var(--selected-badge-warning-color);\n
}\n
.tab-navigation .tab-control .badge.status-error {\n
    background: var(--selected-badge-danger-background);\n
    box-shadow: var(--selected-badge-danger-shadow);\n
    color: var(--selected-badge-danger-color);\n
}\n
\n
.sf-tabs .tab:not(:first-child) { display: none; }\n
\n
[data-filters] { position: relative; }\n
[data-filtered] { cursor: pointer; }\n
[data-filtered]:after { content: '\00a0\25BE'; }\n
[data-filtered]:hover .filter-list li { display: inline-flex; }\n
[class*="filter-hidden-"] { display: none; }\n
.filter-list { position: absolute; border: var(--border); box-shadow: var(--shadow); margin: 0; padding: 0; display: flex; flex-direction: column; }\n
.filter-list :after { content: ''; }\n
.filter-list li {\n
    background: var(--tab-disabled-background);\n
    border-bottom: var(--border);\n
    color: var(--tab-disabled-color);\n
    display: none;\n
    list-style: none;\n
    margin: 0;\n
    padding: 5px 10px;\n
    text-align: left;\n
    font-weight: normal;\n
}\n
.filter-list li.active {\n
    background: var(--tab-background);\n
    color: var(--tab-color);\n
}\n
.filter-list li.last-active {\n
    background: var(--tab-active-background);\n
    color: var(--tab-active-color);\n
}\n
\n
.filter-list-level li { cursor: s-resize; }\n
.filter-list-level li.active { cursor: n-resize; }\n
.filter-list-level li.last-active { cursor: default; }\n
.filter-list-level li.last-active:before { content: '\2714\00a0'; }\n
.filter-list-choice li:before { content: '\2714\00a0'; color: transparent; }\n
.filter-list-choice li.active:before { color: unset; }\n
\n
.container { max-width: 1024px; margin: 0 auto; padding: 0 15px; }\n
.container::after { content: ""; display: table; clear: both; }\n
\n
header { background-color: #222; color: rgba(255, 255, 255, 0.75); font-size: 13px; height: 33px; line-height: 33px; padding: 0; }\n
header .container { display: flex; justify-content: space-between; }\n
.logo { flex: 1; font-size: 13px; font-weight: normal; margin: 0; padding: 0; }\n
.logo svg { height: 18px; width: 18px; opacity: .8; vertical-align: -5px; }\n
\n
.help-link { margin-left: 15px; }\n
.help-link a { color: inherit; }\n
.help-link .icon svg { height: 15px; width: 15px; opacity: .7; vertical-align: -2px; }\n
.help-link a:hover { color: #EEE; text-decoration: none; }\n
.help-link a:hover svg { opacity: .9; }\n
\n
.exception-summary { background: var(--background-error); border-bottom: 2px solid rgba(0, 0, 0, 0.1); border-top: 1px solid rgba(0, 0, 0, .3); flex: 0 0 auto; margin-bottom: 15px; }\n
.exception-metadata { background: rgba(0, 0, 0, 0.1); padding: 7px 0; }\n
.exception-metadata .container { display: flex; flex-direction: row; justify-content: space-between; }\n
.exception-metadata h2, .exception-metadata h2 &gt; a { color: rgba(255, 255, 255, 0.8); font-size: 13px; font-weight: 400; margin: 0; }\n
.exception-http small { font-size: 13px; opacity: .7; }\n
.exception-hierarchy { flex: 1; }\n
.exception-hierarchy .icon { margin: 0 3px; opacity: .7; }\n
.exception-hierarchy .icon svg { height: 13px; width: 13px; vertical-align: -2px; }\n
\n
.exception-without-message .exception-message-wrapper { display: none; }\n
.exception-message-wrapper .container { display: flex; align-items: flex-start; min-height: 70px; padding: 10px 15px 8px; }\n
.exception-message { flex-grow: 1; }\n
.exception-message, .exception-message a { color: #FFF; font-size: 21px; font-weight: 400; margin: 0; }\n
.exception-message.long { font-size: 18px; }\n
.exception-message a { border-bottom: 1px solid rgba(255, 255, 255, 0.5); font-size: inherit; text-decoration: none; }\n
.exception-message a:hover { border-bottom-color: #ffffff; }\n
\n
.exception-properties-wrapper { margin: .8em 0; }\n
.exception-properties { background: var(--base-0); border: var(--border); box-shadow: 0px 0px 1px rgba(128, 128, 128, .2); }\n
.exception-properties pre { margin: 0; padding: 0.2em 0; }\n
\n
.exception-illustration { flex-basis: 111px; flex-shrink: 0; height: 66px; margin-left: 15px; opacity: .7; }\n
\n
.trace + .trace { margin-top: 30px; }\n
.trace-head { background-color: var(--base-2); padding: 10px; position: relative; }\n
.trace-head .trace-class { color: var(--base-6); font-size: 18px; font-weight: bold; line-height: 1.3; margin: 0; position: relative; }\n
.trace-head .trace-namespace { color: #999; display: block; font-size: 13px; }\n
.trace-head .icon { position: absolute; right: 0; top: 0; }\n
.trace-head .icon svg { fill: var(--base-5); height: 24px; width: 24px; }\n
\n
.trace-details { background: var(--base-0); border: var(--border); box-shadow: 0px 0px 1px rgba(128, 128, 128, .2); margin: 0 0 1em; table-layout: fixed; }\n
\n
.trace-message { font-size: 14px; font-weight: normal; margin: .5em 0 0; }\n
\n
.trace-line { position: relative; padding-top: 8px; padding-bottom: 8px; }\n
.trace-line + .trace-line { border-top: var(--border); }\n
.trace-line:hover { background: var(--base-1); }\n
.trace-line a { color: var(--base-6); }\n
.trace-line .icon { opacity: .4; position: absolute; left: 10px; }\n
.trace-line .icon svg { fill: var(--base-5); height: 16px; width: 16px; }\n
.trace-line .icon.icon-copy { left: auto; top: auto; padding-left: 5px; display: none }\n
.trace-line:hover .icon.icon-copy:not(.hidden) { display: inline-block }\n
.trace-line-header { padding-left: 36px; padding-right: 10px; }\n
\n
.trace-file-path, .trace-file-path a { color: var(--base-6); font-size: 13px; }\n
.trace-class { color: var(--color-error); }\n
.trace-type { padding: 0 2px; }\n
.trace-method { color: var(--color-error); font-weight: bold; }\n
.trace-arguments { color: #777; font-weight: normal; padding-left: 2px; }\n
\n
.trace-code { background: var(--base-0); font-size: 12px; margin: 10px 10px 2px 10px; padding: 10px; overflow-x: auto; white-space: nowrap; }\n
.trace-code ol { margin: 0; float: left; }\n
.trace-code li { color: #969896; margin: 0; padding-left: 10px; float: left; width: 100%; }\n
.trace-code li + li { margin-top: 5px; }\n
.trace-code li.selected { background: var(--trace-selected-background); margin-top: 2px; }\n
.trace-code li code { color: var(--base-6); white-space: pre; }\n
\n
.trace-as-text .stacktrace { line-height: 1.8; margin: 0 0 15px; white-space: pre-wrap; }\n
\n
@media (min-width: 575px) {\n
    .hidden-xs-down { display: initial; }\n
    .help-link { margin-left: 30px; }\n
}&lt;/style&gt;\n
        &lt;style&gt;.sf-reset .traces {\n
    padding-bottom: 14px;\n
}\n
.sf-reset .traces li {\n
    font-size: 12px;\n
    color: #868686;\n
    padding: 5px 4px;\n
    list-style-type: decimal;\n
    margin-left: 20px;\n
}\n
.sf-reset #logs .traces li.error {\n
    font-style: normal;\n
    color: #AA3333;\n
    background: #f9ecec;\n
}\n
.sf-reset #logs .traces li.warning {\n
    font-style: normal;\n
    background: #ffcc00;\n
}\n
/* fix for Opera not liking empty &lt;li&gt; */\n
.sf-reset .traces li:after {\n
    content: "\00A0";\n
}\n
.sf-reset .trace {\n
    border: 1px solid #D3D3D3;\n
    padding: 10px;\n
    overflow: auto;\n
    margin: 10px 0 20px;\n
}\n
.sf-reset .block-exception {\n
    -moz-border-radius: 16px;\n
    -webkit-border-radius: 16px;\n
    border-radius: 16px;\n
    margin-bottom: 20px;\n
    background-color: #f6f6f6;\n
    border: 1px solid #dfdfdf;\n
    padding: 30px 28px;\n
    word-wrap: break-word;\n
    overflow: hidden;\n
}\n
.sf-reset .block-exception div {\n
    color: #313131;\n
    font-size: 10px;\n
}\n
.sf-reset .block-exception-detected .illustration-exception,\n
.sf-reset .block-exception-detected .text-exception {\n
    float: left;\n
}\n
.sf-reset .block-exception-detected .illustration-exception {\n
    width: 152px;\n
}\n
.sf-reset .block-exception-detected .text-exception {\n
    width: 670px;\n
    padding: 30px 44px 24px 46px;\n
    position: relative;\n
}\n
.sf-reset .text-exception .open-quote,\n
.sf-reset .text-exception .close-quote {\n
    font-family: Arial, Helvetica, sans-serif;\n
    position: absolute;\n
    color: #C9C9C9;\n
    font-size: 8em;\n
}\n
.sf-reset .open-quote {\n
    top: 0;\n
    left: 0;\n
}\n
.sf-reset .close-quote {\n
    bottom: -0.5em;\n
    right: 50px;\n
}\n
.sf-reset .block-exception p {\n
    font-family: Arial, Helvetica, sans-serif;\n
}\n
.sf-reset .block-exception p a,\n
.sf-reset .block-exception p a:hover {\n
    color: #565656;\n
}\n
.sf-reset .logs h2 {\n
    float: left;\n
    width: 654px;\n
}\n
.sf-reset .error-count, .sf-reset .support {\n
    float: right;\n
    width: 170px;\n
    text-align: right;\n
}\n
.sf-reset .error-count span {\n
    display: inline-block;\n
    background-color: #aacd4e;\n
    -moz-border-radius: 6px;\n
    -webkit-border-radius: 6px;\n
    border-radius: 6px;\n
    padding: 4px;\n
    color: white;\n
    margin-right: 2px;\n
    font-size: 11px;\n
    font-weight: bold;\n
}\n
\n
.sf-reset .support a {\n
    display: inline-block;\n
    -moz-border-radius: 6px;\n
    -webkit-border-radius: 6px;\n
    border-radius: 6px;\n
    padding: 4px;\n
    color: #000000;\n
    margin-right: 2px;\n
    font-size: 11px;\n
    font-weight: bold;\n
}\n
\n
.sf-reset .toggle {\n
    vertical-align: middle;\n
}\n
.sf-reset .linked ul,\n
.sf-reset .linked li {\n
    display: inline;\n
}\n
.sf-reset #output-content {\n
    color: #000;\n
    font-size: 12px;\n
}\n
.sf-reset #traces-text pre {\n
    white-space: pre;\n
    font-size: 12px;\n
    font-family: monospace;\n
}&lt;/style&gt;\n
    &lt;/head&gt;\n
    &lt;body&gt;\n
        &lt;script&gt;\n
            document.body.classList.add(\n
                localStorage.getItem('symfony/profiler/theme') || (matchMedia('(prefers-color-scheme: dark)').matches ? 'theme-dark' : 'theme-light')\n
            );\n
        &lt;/script&gt;\n
\n
                    &lt;header&gt;\n
                &lt;div class="container"&gt;\n
                    &lt;h1 class="logo"&gt;&lt;svg xmlns="http://www.w3.org/2000/svg" width="24" height="24" viewBox="0 0 24 24"&gt;&lt;path fill="#FFF" d="M12 .9C5.8.9.9 5.8.9 12a11 11 0 1 0 22.2 0A11 11 0 0 0 12 .9zm6.5 6c-.6 0-.9-.3-.9-.8 0-.2 0-.4.2-.6l.2-.4c0-.3-.5-.4-.6-.4-1.8.1-2.3 2.5-2.7 4.4l-.2 1c1 .2 1.8 0 2.2-.3.6-.4-.2-.7-.1-1.2.1-.3.5-.5.7-.6.5 0 .7.5.7.9 0 .7-1 1.8-3 1.8l-.6-.1-.6 2.4c-.4 1.6-.8 3.8-2.4 5.7-1.4 1.7-2.9 1.9-3.5 1.9-1.2 0-1.9-.6-2-1.5 0-.8.7-1.3 1.2-1.3.6 0 1.1.5 1.1 1s-.2.6-.4.6c-.1.1-.3.2-.3.4 0 .1.1.3.4.3.5 0 .8-.3 1.1-.5 1.2-.9 1.6-2.7 2.2-5.7l.1-.7.7-3.2c-.8-.6-1.3-1.4-2.4-1.7-.6-.1-1.1.1-1.5.5-.4.5-.2 1.1.2 1.5l.7.6c.7.8 1.2 1.6 1 2.5-.3 1.5-2 2.6-4 1.9-1.8-.6-2-1.8-1.8-2.5.2-.6.6-.7 1.1-.6.5.2.6.7.6 1.2l-.1.3c-.2.1-.3.3-.3.4-.1.4.4.6.7.7.7.3 1.6-.2 1.8-.8a1 1 0 0 0-.4-1.1l-.7-.8c-.4-.4-1.1-1.4-.7-2.6.1-.5.4-.9.7-1.3a4 4 0 0 1 2.8-.6c1.2.4 1.8 1.1 2.6 1.8.5-1.2 1-2.4 1.8-3.5.9-.9 1.9-1.6 3.1-1.7 1.3.2 2.2.7 2.2 1.6 0 .4-.2 1.1-.9 1.1z"/&gt;&lt;/svg&gt; Symfony Exception&lt;/h1&gt;\n
\n
                    &lt;div class="help-link"&gt;\n
                        &lt;a href="https://symfony.com/doc/6.4.35/index.html"&gt;\n
                            &lt;span class="icon"&gt;&lt;svg width="1792" height="1792" viewBox="0 0 1792 1792" xmlns="http://www.w3.org/2000/svg"&gt;&lt;path fill="#FFF" d="M1703 478q40 57 18 129l-275 906q-19 64-76.5 107.5T1247 1664H324q-77 0-148.5-53.5T76 1479q-24-67-2-127 0-4 3-27t4-37q1-8-3-21.5t-3-19.5q2-11 8-21t16.5-23.5T116 1179q23-38 45-91.5t30-91.5q3-10 .5-30t-.5-28q3-11 17-28t17-23q21-36 42-92t25-90q1-9-2.5-32t.5-28q4-13 22-30.5t22-22.5q19-26 42.5-84.5T404 411q1-8-3-25.5t-2-26.5q2-8 9-18t18-23 17-21q8-12 16.5-30.5t15-35 16-36 19.5-32 26.5-23.5 36-11.5T620 134l-1 3q38-9 51-9h761q74 0 114 56t18 130l-274 906q-36 119-71.5 153.5T1089 1408H220q-27 0-38 15-11 16-1 43 24 70 144 70h923q29 0 56-15.5t35-41.5l300-987q7-22 5-57 38 15 59 43zm-1064 2q-4 13 2 22.5t20 9.5h608q13 0 25.5-9.5T1311 480l21-64q4-13-2-22.5t-20-9.5H702q-13 0-25.5 9.5T660 416zm-83 256q-4 13 2 22.5t20 9.5h608q13 0 25.5-9.5T1228 736l21-64q4-13-2-22.5t-20-9.5H619q-13 0-25.5 9.5T577 672z"/&gt;&lt;/svg&gt;&lt;/span&gt;\n
                            &lt;span class="hidden-xs-down"&gt;Symfony&lt;/span&gt; Docs\n
                        &lt;/a&gt;\n
                    &lt;/div&gt;\n
                &lt;/div&gt;\n
            &lt;/header&gt;\n
        \n
        &lt;div class="exception-summary "&gt;\n
    &lt;div class="exception-metadata"&gt;\n
        &lt;div class="container"&gt;\n
            &lt;h2 class="exception-hierarchy"&gt;\n
                                &lt;a href="#trace-box-1"&gt;&lt;abbr title="Twig\Error\RuntimeError"&gt;RuntimeError&lt;/abbr&gt;&lt;/a&gt;\n
            &lt;/h2&gt;\n
            &lt;h2 class="exception-http"&gt;\n
                HTTP 500 &lt;small&gt;Internal Server Error&lt;/small&gt;\n
            &lt;/h2&gt;\n
        &lt;/div&gt;\n
    &lt;/div&gt;\n
    &lt;div class="exception-message-wrapper"&gt;\n
        &lt;div class="container"&gt;\n
            &lt;h1 class="break-long-words exception-message"&gt;Impossible to access an attribute (&amp;quot;nom&amp;quot;) on a null variable in components/_profile_modal.html.twig at line 53.&lt;/h1&gt;\n
\n
            &lt;div class="exception-illustration hidden-xs-down"&gt;\n
                &lt;svg viewBox="0 0 136 81" xmlns="http://www.w3.org/2000/svg" fill-rule="evenodd" clip-rule="evenodd" stroke-linejoin="round" stroke-miterlimit="1.4"&gt;&lt;path d="M92.4 20.4a23.2 23.2 0 0 1 9 1.9 23.7 23.7 0 0 1 5.2 3 24.3 24.3 0 0 1 3.4 3.4 24.8 24.8 0 0 1 5 9.4c.5 1.7.8 3.4 1 5.2v14.5h.4l.5.2a7.4 7.4 0 0 0 2.5.2l.2-.2.6-.8.8-1.3-.2-.1a5.5 5.5 0 0 1-.8-.3 5.6 5.6 0 0 1-2.3-1.8 5.7 5.7 0 0 1-.9-1.6 6.5 6.5 0 0 1-.2-2.8 7.3 7.3 0 0 1 .5-2l.3-.3.8-.9.3-.3c.2-.2.5-.3.8-.3H120.7c.2 0 .3-.1.4 0h.4l.2.1.3.2.2-.4.3-.4.1-.1 1.2-1 .3-.2.4-.1.4-.1h.3l1.5.1.4.1.8.5.1.2 1 1.1v.2H129.4l.4-.2 1.4-.5h1.1c.3 0 .7.2 1 .4.2 0 .3.2.5.3l.2.2.5.3.4.6.1.3.4 1.4.1.4v.6a7.8 7.8 0 0 1-.1.6 9.9 9.9 0 0 1-.8 2.4 7.8 7.8 0 0 1-3 3.3 6.4 6.4 0 0 1-1 .5 6.1 6.1 0 0 1-.6.2l-.7.1h-.1a23.4 23.4 0 0 1-.2 1.7 14.3 14.3 0 0 1-.6 2.1l-.8 2a9.2 9.2 0 0 1-.4.6l-.7 1a9.1 9.1 0 0 1-2.3 2.2c-.9.5-2 .6-3 .7l-1.4.1h-.5l-.4.1a15.8 15.8 0 0 1-2.8-.1v4.2a9.7 9.7 0 0 1-.7 3.5 9.6 9.6 0 0 1-1.7 2.8 9.3 9.3 0 0 1-3 2.3 9 9 0 0 1-5.4.7 9 9 0 0 1-3-1 9.4 9.4 0 0 1-2.7-2.5 10 10 0 0 1-1 1.2 9.3 9.3 0 0 1-2 1.3 9 9 0 0 1-2.4 1 9 9 0 0 1-6.5-1.1A9.4 9.4 0 0 1 85 77V77a10.9 10.9 0 0 1-.6.6 9.3 9.3 0 0 1-2.7 2 9 9 0 0 1-6 .8 9 9 0 0 1-2.4-1 9.3 9.3 0 0 1-2.3-1.7 9.6 9.6 0 0 1-1.8-2.8 9.7 9.7 0 0 1-.8-3.7v-4a18.5 18.5 0 0 1-2.9.2l-1.2-.1c-1.9-.3-3.7-1-5.1-2.2a8.2 8.2 0 0 1-1.1-1 10.2 10.2 0 0 1-.9-1.2 15.3 15.3 0 0 1-.7-1.3 20.8 20.8 0 0 1-1.9-6.2v-.2a6.5 6.5 0 0 1-1-.3 6.1 6.1 0 0 1-.6-.3 6.6 6.6 0 0 1-.9-.6 8.2 8.2 0 0 1-2.7-3.7 10 10 0 0 1-.3-1 10.3 10.3 0 0 1-.3-1.9V47v-.4l.1-.4.6-1.4.1-.2a2 2 0 0 1 .8-.8l.3-.2.3-.2a3.2 3.2 0 0 1 1.8-.5h.4l.3.2 1.4.6.2.2.4.3.3.4.7-.7.2-.2.4-.2.6-.2h2.1l.4.2.4.2.3.2.8 1 .2-.1h.1v-.1H63l1.1.1h.3l.8.5.3.4.7 1 .2.3.1.5a11 11 0 0 1 .2 1.5c0 .8 0 1.6-.3 2.3a6 6 0 0 1-.5 1.2 5.5 5.5 0 0 1-3.3 2.5 12.3 12.3 0 0 0 1.4 3h.1l.2.1 1 .2h1.5l.5-.2H67.8l.5-.2h.1V44v-.4a26.7 26.7 0 0 1 .3-2.3 24.7 24.7 0 0 1 5.7-12.5 24.2 24.2 0 0 1 3.5-3.3 23.7 23.7 0 0 1 4.9-3 23.2 23.2 0 0 1 5.6-1.7 23.7 23.7 0 0 1 4-.3zm-.3 2a21.2 21.2 0 0 0-8 1.7 21.6 21.6 0 0 0-4.8 2.7 22.2 22.2 0 0 0-3.2 3 22.7 22.7 0 0 0-5 9.2 23.4 23.4 0 0 0-.7 4.9v15.7l-.5.1a34.3 34.3 0 0 1-1.5.3h-.2l-.4.1h-.4l-.9.2a10 10 0 0 1-1.9 0c-.5 0-1-.2-1.5-.4a1.8 1.8 0 0 1-.3-.2 2 2 0 0 1-.3-.3 5.2 5.2 0 0 1-.1-.2 9 9 0 0 1-.6-.9 13.8 13.8 0 0 1-1-2 14.3 14.3 0 0 1-.6-2 14 14 0 0 1-.1-.8v-.2h.3a12.8 12.8 0 0 0 1.4-.2 4.4 4.4 0 0 0 .3 0 3.6 3.6 0 0 0 1.1-.7 3.4 3.4 0 0 0 1.2-1.7l.2-1.2a5.1 5.1 0 0 0 0-.8 7.2 7.2 0 0 0-.1-.8l-.7-1-1.2-.2-1 .7-.1 1.3a5 5 0 0 1 .1.4v.6a1 1 0 0 1 0 .3c-.1.3-.4.4-.7.5l-1.2.4v-.7A9.9 9.9 0 0 1 60 49l.3-.6v-.2l.1-.1v-1.6l-1-1.2h-1.5l-1 1.1v.4a5.3 5.3 0 0 0-.2.6 5.5 5.5 0 0 0 0 .5c0 .7 0 1.4.3 2 0 .4.2.8.4 1.2L57 51a9.5 9.5 0 0 1-1.1-.5h-.2a2 2 0 0 1-.4-.3c-.4-.4-.5-1-.6-1.6a5.6 5.6 0 0 1 0-.5v-.5-.5l-.6-1.5-1.4-.6-.9.3s-.2 0-.3.2a2 2 0 0 1-.1 0l-.6 1.4v.7a8.5 8.5 0 0 0 .5 2c.4 1.1 1 2.1 2 2.8a4.7 4.7 0 0 0 2.1.9h1a22.8 22.8 0 0 0 .1 1 18.1 18.1 0 0 0 .8 3.8 18.2 18.2 0 0 0 1.6 3.7l1 1.3c1 1 2.3 1.6 3.7 2a11.7 11.7 0 0 0 4.8 0h.4l.5-.2.5-.1.6-.2v6.6a8 8 0 0 0 .1 1.3 7.5 7.5 0 0 0 2.4 4.3 7.2 7.2 0 0 0 2.3 1.3 7 7 0 0 0 7-1.1 7.5 7.5 0 0 0 2-2.6A7.7 7.7 0 0 0 85 72V71a8.2 8.2 0 0 0 .2 1.3c0 .7.3 1.4.6 2a7.5 7.5 0 0 0 1.7 2.3 7.3 7.3 0 0 0 2.2 1.4 7.1 7.1 0 0 0 4.6.2 7.2 7.2 0 0 0 2.4-1.2 7.5 7.5 0 0 0 2.1-2.7 7.8 7.8 0 0 0 .7-2.4V71a9.3 9.3 0 0 0 .1.6 7.6 7.6 0 0 0 .6 2.5 7.5 7.5 0 0 0 2.4 3 7.1 7.1 0 0 0 7 .8 7.3 7.3 0 0 0 2.3-1.5 7.5 7.5 0 0 0 1.6-2.3 7.6 7.6 0 0 0 .5-2l.1-1.1v-6.7l.4.1a12.2 12.2 0 0 0 2 .5 11.1 11.1 0 0 0 2.5 0h.8l1.2-.1a9.5 9.5 0 0 0 1.4-.2l.9-.3a3.5 3.5 0 0 0 .6-.4l1.2-1.4a12.2 12.2 0 0 0 .8-1.2c0-.3.2-.5.3-.7a15.9 15.9 0 0 0 .7-2l.3-1.6v-1.3l.2-.9V54.6a15.5 15.5 0 0 0 1.8 0 4.5 4.5 0 0 0 1.4-.5 5.7 5.7 0 0 0 2.5-3.2 7.6 7.6 0 0 0 .4-1.5v-.3l-.4-1.4a5.2 5.2 0 0 1-.2-.1l-.4-.4a3.8 3.8 0 0 0-.2 0 1.4 1.4 0 0 0-.5-.2l-1.4.4-.7 1.3v.7a5.7 5.7 0 0 1-.1.8l-.7 1.4a1.9 1.9 0 0 1-.5.3h-.3a9.6 9.6 0 0 1-.8.3 8.8 8.8 0 0 1-.6 0l.2-.4.2-.5.2-.3v-.4l.1-.2V50l.1-1 .1-.6v-.6a4.8 4.8 0 0 0 0-.8v-.2l-1-1.1-1.5-.2-1.1 1-.2 1.4v.1l.2.4.2.3v.4l.1 1.1v.3l.1.5v.8a9.6 9.6 0 0 1-.8-.3l-.2-.1h-.3l-.8-.1h-.2a1.6 1.6 0 0 1-.2-.2.9.9 0 0 1-.2-.2 1 1 0 0 1-.1-.5l.2-.9v-1.2l-.9-.8h-1.2l-.8.9v.3a4.8 4.8 0 0 0-.3 2l.3.9a3.5 3.5 0 0 0 1.2 1.6l1 .5.8.2 1.4.1h.4l.2.1a12.1 12.1 0 0 1-1 2.6 13.2 13.2 0 0 1-.8 1.5 9.5 9.5 0 0 1-1 1.2l-.2.3a1.7 1.7 0 0 1-.4.3 2.4 2.4 0 0 1-.7.2h-2.5a7.8 7.8 0 0 1-.6-.2l-.7-.2h-.2a14.8 14.8 0 0 1-.6-.2 23.4 23.4 0 0 1-.4-.1l-.4-.1-.3-.1V43.9a34.6 34.6 0 0 0 0-.6 23.6 23.6 0 0 0-.4-3 22.7 22.7 0 0 0-1.5-4.7 22.6 22.6 0 0 0-4.6-6.7 21.9 21.9 0 0 0-6.9-4.7 21.2 21.2 0 0 0-8.1-1.8H92zm9.1 33.7l.3.1a1 1 0 0 1 .6.8v.4a8.4 8.4 0 0 1 0 .5 8.8 8.8 0 0 1-1.6 4.2l-1 1.3A10 10 0 0 1 95 66c-1.3.3-2.7.4-4 .3a10.4 10.4 0 0 1-2.7-.8 10 10 0 0 1-3.6-2.5 9.3 9.3 0 0 1-.8-1 9 9 0 0 1-.7-1.2 8.6 8.6 0 0 1-.8-3.4V57a1 1 0 0 1 .3-.6 1 1 0 0 1 1.3-.2 1 1 0 0 1 .4.8v.4a6.5 6.5 0 0 0 .5 2.2 7 7 0 0 0 2.1 2.8l1 .6c2.6 1.6 6 1.6 8.5 0a8 8 0 0 0 1.1-.6 7.6 7.6 0 0 0 1.2-1.2 7 7 0 0 0 1-1.7 6.5 6.5 0 0 0 .4-2.5 1 1 0 0 1 .7-1h.4zM30.7 43.7c-15.5 1-28.5-6-30.1-16.4C-1.2 15.7 11.6 4 29 1.3 46.6-1.7 62.3 5.5 64 17.1c1.6 10.4-8.7 21-23.7 25a31.2 31.2 0 0 0 0 .9v.3a19 19 0 0 0 .1 1l.1.4.1.9a4.7 4.7 0 0 0 .5 1l.7 1a9.2 9.2 0 0 0 1.2 1l1.5.8.6.8-.7.6-1.1.3a11.2 11.2 0 0 1-2.6.4 8.6 8.6 0 0 1-3-.5 8.5 8.5 0 0 1-1-.4 11.2 11.2 0 0 1-1.8-1.2 13.3 13.3 0 0 1-1-1 18 18 0 0 1-.7-.6l-.4-.4a23.4 23.4 0 0 1-1.3-1.8l-.1-.1-.3-.5V45l-.3-.6v-.7zM83.1 36c3.6 0 6.5 3.2 6.5 7.1 0 4-3 7.2-6.5 7.2S76.7 47 76.7 43 79.6 36 83 36zm18 0c3.6 0 6.5 3.2 6.5 7.1 0 4-2.9 7.2-6.4 7.2S94.7 47 94.7 43s3-7.1 6.5-7.1zm-18 6.1c2 0 3.5 1.6 3.5 3.6S85 49.2 83 49.2s-3.4-1.6-3.4-3.6S81.2 42 83 42zm17.9 0c1.9 0 3.4 1.6 3.4 3.6s-1.5 3.6-3.4 3.6c-2 0-3.5-1.6-3.5-3.6S99.1 42 101 42zM17 28c-.3 1.6-1.8 5-5.2 5.8-2.5.6-4.1-.8-4.5-2.6-.4-1.9.7-3.5 2.1-4.5A3.5 3.5 0 0 1 8 24.6c-.4-2 .8-3.7 3.2-4.2 1.9-.5 3.1.2 3.4 1.5.3 1.1-.5 2.2-1.8 2.5-.9.3-1.6 0-1.7-.6a1.4 1.4 0 0 1 0-.7s.3.2 1 0c.7-.1 1-.7.9-1.2-.2-.6-1-.8-1.8-.6-1 .2-2 1-1.7 2.6.3 1 .9 1.6 1.5 1.8l.7-.2c1-.2 1.5 0 1.6.5 0 .4-.2 1-1.2 1.2a3.3 3.3 0 0 1-1.5 0c-.9.7-1.6 1.9-1.3 3.2.3 1.3 1.3 2.2 3 1.8 2.5-.7 3.8-3.7 4.2-5-.3-.5-.6-1-.7-1.6-.1-.5.1-1 .9-1.2.4 0 .7.2.8.8a2.8 2.8 0 0 1 0 1l.7 1c.6-2 1.4-4 1.7-4 .6-.2 1.5.6 1.5.6-.8.7-1.7 2.4-2.3 4.2.8.6 1.6 1 2.1 1 .5-.1.8-.6 1-1.2-.3-2.2 1-4.3 2.3-4.6.7-.2 1.3.2 1.4.8.1.5 0 1.3-.9 1.7-.2-1-.6-1.3-1-1.3-.4.1-.7 1.4-.4 2.8.2 1 .7 1.5 1.3 1.4.8-.2 1.3-1.2 1.7-2.1-.3-2.1.9-4.2 2.2-4.5.7-.2 1.2.1 1.4 1 .4 1.4-1 2.8-2.2 3.4.3.7.7 1 1.3.9 1-.3 1.6-1.5 2-2.5l-.5-3v-.3s1.6-.3 1.8.6v.1c.2-.6.7-1.2 1.3-1.4.8-.1 1.5.6 1.7 1.6.5 2.2-.5 4.4-1.8 4.7H33a31.9 31.9 0 0 0 1 5.2c-.4.1-1.8.4-2-.4l-.5-5.6c-.5 1-1.3 2.2-2.5 2.4-1 .3-1.6-.3-2-1.1-.5 1-1.3 2.1-2.4 2.4-.8.2-1.5-.1-2-1-.3.8-.9 1.5-1.5 1.7-.7.1-1.5-.3-2.4-1-.3.8-.4 1.6-.4 2.2 0 0-.7 0-.8-.4-.1-.5 0-1.5.3-2.7a10.3 10.3 0 0 1-.7-.8zm38.2-17.8l.2.9c.5 1.9.4 4.4.8 6.4 0 .6-.4 3-1.4 3.3-.2 0-.3 0-.4-.4-.1-.7 0-1.6-.3-2.6-.2-1.1-.8-1.6-1.5-1.5-.8.2-1.3 1-1.6 2l-.1-.5c-.2-1-1.8-.6-1.8-.6a6.2 6.2 0 0 1 .4 1.3l.2 1c-.2.5-.6 1-1.2 1l-.2.1a7 7 0 0 0-.1-.8c-.3-1.1-1-2-1.6-1.8a.7.7 0 0 0-.4.3c-1.3.3-2.4 2-2.1 3.9-.2.9-.6 1.7-1 1.9-.5 0-.8-.5-1.1-1.8l-.1-1.2a4 4 0 0 0 0-1.7c0-.4-.4-.7-.8-.6-.7.2-.9 1.7-.5 3.8-.2 1-.6 2-1.3 2-.4.2-.8-.2-1-1l-.2-3c1.2-.5 2-1 1.8-1.7-.1-.5-.8-.7-.8-.7s0 .7-1 1.2l-.2-1.4c-.1-.6-.4-1-1.7-.6l.4 1 .2 1.5h-1v.8c0 .3.4.3 1 .2 0 1.3 0 2.7.2 3.6.3 1.4 1.2 2 2 1.7 1-.2 1.6-1.3 2-2.3.3 1.2 1 2 1.9 1.7.7-.2 1.2-1.1 1.6-2.2.4.8 1.1 1.1 2 1 1.2-.4 1.7-1.6 1.8-2.8h.2c.6-.2 1-.6 1.3-1 0 .8 0 1.5.2 2.1.1.5.3.7.6.6.5-.1 1-.9 1-.9a4 4 0 0 1-.3-1c-.3-1.3.3-3.6 1-3.7.2 0 .3.2.5.7v.8l.2 1.5v.7c.2.7.7 1.3 1.5 1 1.3-.2 2-2.6 2.1-3.9.3.2.6.2 1 .1-.6-2.2 0-6.1-.3-7.9-.1-.4-1-.5-1.7-.5h-.4zm-21.5 12c.4 0 .7.3 1 1.1.2 1.3-.3 2.6-.9 2.8-.2 0-.7 0-1-1.2v-.4c0-1.3.4-2 1-2.2zm-5.2 1c.3 0 .6.2.6.5.2.6-.3 1.3-1.2 2-.3-1.4.1-2.3.6-2.5zm18-.4c-.5.2-1-.4-1.2-1.2-.2-1 0-2.1.7-2.5v.5c.2.7.6 1.5 1.3 1.9 0 .7-.2 1.2-.7 1.3zm10-1.6c0 .5.4.7 1 .6.8-.2 1-1 .8-1.6 0-.5-.4-1-1-.8-.5.1-1 .9-.8 1.8zm-14.3-5.5c0-.4-.5-.7-1-.5-.8.2-1 1-.9 1.5.2.6.5 1 1 .8.5 0 1.1-1 1-1.8z" fill="#fff" fill-opacity=".6"/&gt;&lt;/svg&gt;            &lt;/div&gt;\n
        &lt;/div&gt;\n
    &lt;/div&gt;\n
&lt;/div&gt;\n
\n
&lt;div class="container"&gt;\n
    &lt;div class="sf-tabs"&gt;\n
        &lt;div class="tab"&gt;\n
                        &lt;h3 class="tab-title"&gt;\n
                                    Exception\n
                            &lt;/h3&gt;\n
\n
            &lt;div class="tab-content"&gt;\n
                &lt;div class="trace trace-as-html" id="trace-box-1"&gt;\n
    &lt;div class="trace-details"&gt;\n
        &lt;div class="trace-head"&gt;\n
            &lt;div class="sf-toggle" data-toggle-selector="#trace-html-1" data-toggle-initial="display"&gt;\n
                &lt;span class="icon icon-close"&gt;&lt;svg width="1792" height="1792" viewBox="0 0 1792 1792" xmlns="http://www.w3.org/2000/svg"&gt;&lt;path d="M1344 800v64q0 14-9 23t-23 9H480q-14 0-23-9t-9-23v-64q0-14 9-23t23-9h832q14 0 23 9t9 23zm128 448V416q0-66-47-113t-113-47H480q-66 0-113 47t-47 113v832q0 66 47 113t113 47h832q66 0 113-47t47-113zm128-832v832q0 119-84.5 203.5T1312 1536H480q-119 0-203.5-84.5T192 1248V416q0-119 84.5-203.5T480 128h832q119 0 203.5 84.5T1600 416z"/&gt;&lt;/svg&gt;&lt;/span&gt;\n
                &lt;span class="icon icon-open"&gt;&lt;svg width="1792" height="1792" viewBox="0 0 1792 1792" xmlns="http://www.w3.org/2000/svg"&gt;&lt;path d="M1344 800v64q0 14-9 23t-23 9H960v352q0 14-9 23t-23 9h-64q-14 0-23-9t-9-23V896H480q-14 0-23-9t-9-23v-64q0-14 9-23t23-9h352V416q0-14 9-23t23-9h64q14 0 23 9t9 23v352h352q14 0 23 9t9 23zm128 448V416q0-66-47-113t-113-47H480q-66 0-113 47t-47 113v832q0 66 47 113t113 47h832q66 0 113-47t47-113zm128-832v832q0 119-84.5 203.5T1312 1536H480q-119 0-203.5-84.5T192 1248V416q0-119 84.5-203.5T480 128h832q119 0 203.5 84.5T1600 416z"/&gt;&lt;/svg&gt;&lt;/span&gt;\n
                                                    &lt;h3 class="trace-class"&gt;\n
                                                    &lt;span class="trace-namespace"&gt;Twig\Error\&lt;/span&gt;\n
                                                RuntimeError                    &lt;/h3&gt;\n
                                            &lt;/div&gt;\n
                            &lt;details class="exception-properties-wrapper"&gt;\n
                    &lt;summary&gt;Show exception properties&lt;/summary&gt;\n
                    &lt;div class="exception-properties"&gt;\n
                        &lt;script&gt; Sfdump = window.Sfdump || (function (doc) { doc.documentElement.classList.add('sf-js-enabled'); var rxEsc = /([.*+?^${}()|\[\]\/\\])/g, idRx = /\bsf-dump-\d+-ref[012]\w+\b/, keyHint = 0 &lt;= navigator.platform.toUpperCase().indexOf('MAC') ? 'Cmd' : 'Ctrl', addEventListener = function (e, n, cb) { e.addEventListener(n, cb, false); }; if (!doc.addEventListener) { addEventListener = function (element, eventName, callback) { element.attachEvent('on' + eventName, function (e) { e.preventDefault = function () {e.returnValue = false;}; e.target = e.srcElement; callback(e); }); }; } function toggle(a, recursive) { var s = a.nextSibling || {}, oldClass = s.className, arrow, newClass; if (/\bsf-dump-compact\b/.test(oldClass)) { arrow = '&amp;#9660;'; newClass = 'sf-dump-expanded'; } else if (/\bsf-dump-expanded\b/.test(oldClass)) { arrow = '&amp;#9654;'; newClass = 'sf-dump-compact'; } else { return false; } if (doc.createEvent &amp;&amp; s.dispatchEvent) { var event = doc.createEvent('Event'); event.initEvent('sf-dump-expanded' === newClass ? 'sfbeforedumpexpand' : 'sfbeforedumpcollapse', true, false); s.dispatchEvent(event); } a.lastChild.innerHTML = arrow; s.className = s.className.replace(/\bsf-dump-(compact|expanded)\b/, newClass); if (recursive) { try { a = s.querySelectorAll('.'+oldClass); for (s = 0; s &lt; a.length; ++s) { if (-1 == a[s].className.indexOf(newClass)) { a[s].className = newClass; a[s].previousSibling.lastChild.innerHTML = arrow; } } } catch (e) { } } return true; }; function collapse(a, recursive) { var s = a.nextSibling || {}, oldClass = s.className; if (/\bsf-dump-expanded\b/.test(oldClass)) { toggle(a, recursive); return true; } return false; }; function expand(a, recursive) { var s = a.nextSibling || {}, oldClass = s.className; if (/\bsf-dump-compact\b/.test(oldClass)) { toggle(a, recursive); return true; } return false; }; function collapseAll(root) { var a = root.querySelector('a.sf-dump-toggle'); if (a) { collapse(a, true); expand(a); return true; } return false; } function reveal(node) { var previous, parents = []; while ((node = node.parentNode || {}) &amp;&amp; (previous = node.previousSibling) &amp;&amp; 'A' === previous.tagName) { parents.push(previous); } if (0 !== parents.length) { parents.forEach(function (parent) { expand(parent); }); return true; } return false; } function highlight(root, activeNode, nodes) { resetHighlightedNodes(root); Array.from(nodes||[]).forEach(function (node) { if (!/\bsf-dump-highlight\b/.test(node.className)) { node.className = node.className + ' sf-dump-highlight'; } }); if (!/\bsf-dump-highlight-active\b/.test(activeNode.className)) { activeNode.className = activeNode.className + ' sf-dump-highlight-active'; } } function resetHighlightedNodes(root) { Array.from(root.querySelectorAll('.sf-dump-str, .sf-dump-key, .sf-dump-public, .sf-dump-protected, .sf-dump-private')).forEach(function (strNode) { strNode.className = strNode.className.replace(/\bsf-dump-highlight\b/, ''); strNode.className = strNode.className.replace(/\bsf-dump-highlight-active\b/, ''); }); } return function (root, x) { root = doc.getElementById(root); var indentRx = new RegExp('^('+(root.getAttribute('data-indent-pad') || ' ').replace(rxEsc, '\\$1')+')+', 'm'), options = {"maxDepth":1,"maxStringLength":160,"fileLinkFormat":false}, elt = root.getElementsByTagName('A'), len = elt.length, i = 0, s, h, t = []; while (i &lt; len) t.push(elt[i++]); for (i in x) { options[i] = x[i]; } function a(e, f) { addEventListener(root, e, function (e, n) { if ('A' == e.target.tagName) { f(e.target, e); } else if ('A' == e.target.parentNode.tagName) { f(e.target.parentNode, e); } else { n = /\bsf-dump-ellipsis\b/.test(e.target.className) ? e.target.parentNode : e.target; if ((n = n.nextElementSibling) &amp;&amp; 'A' == n.tagName) { if (!/\bsf-dump-toggle\b/.test(n.className)) { n = n.nextElementSibling || n; } f(n, e, true); } } }); }; function isCtrlKey(e) { return e.ctrlKey || e.metaKey; } function xpathString(str) { var parts = str.match(/[^'"]+|['"]/g).map(function (part) { if ("'" == part) { return '"\'"'; } if ('"' == part) { return "'\"'"; } return "'" + part + "'"; }); return "concat(" + parts.join(",") + ", '')"; } function xpathHasClass(className) { return "contains(concat(' ', normalize-space(@class), ' '), ' " + className +" ')"; } a('mouseover', function (a, e, c) { if (c) { e.target.style.cursor = "pointer"; } }); a('click', function (a, e, c) { if (/\bsf-dump-toggle\b/.test(a.className)) { e.preventDefault(); if (!toggle(a, isCtrlKey(e))) { var r = doc.getElementById(a.getAttribute('href').slice(1)), s = r.previousSibling, f = r.parentNode, t = a.parentNode; t.replaceChild(r, a); f.replaceChild(a, s); t.insertBefore(s, r); f = f.firstChild.nodeValue.match(indentRx); t = t.firstChild.nodeValue.match(indentRx); if (f &amp;&amp; t &amp;&amp; f[0] !== t[0]) { r.innerHTML = r.innerHTML.replace(new RegExp('^'+f[0].replace(rxEsc, '\\$1'), 'mg'), t[0]); } if (/\bsf-dump-compact\b/.test(r.className)) { toggle(s, isCtrlKey(e)); } } if (c) { } else if (doc.getSelection) { try { doc.getSelection().removeAllRanges(); } catch (e) { doc.getSelection().empty(); } } else { doc.selection.empty(); } } else if (/\bsf-dump-str-toggle\b/.test(a.className)) { e.preventDefault(); e = a.parentNode.parentNode; e.className = e.className.replace(/\bsf-dump-str-(expand|collapse)\b/, a.parentNode.className); } }); elt = root.getElementsByTagName('SAMP'); len = elt.length; i = 0; while (i &lt; len) t.push(elt[i++]); len = t.length; for (i = 0; i &lt; len; ++i) { elt = t[i]; if ('SAMP' == elt.tagName) { a = elt.previousSibling || {}; if ('A' != a.tagName) { a = doc.createElement('A'); a.className = 'sf-dump-ref'; elt.parentNode.insertBefore(a, elt); } else { a.innerHTML += ' '; } a.title = (a.title ? a.title+'\n[' : '[')+keyHint+'+click] Expand all children'; a.innerHTML += elt.className == 'sf-dump-compact' ? '&lt;span&gt;&amp;#9654;&lt;/span&gt;' : '&lt;span&gt;&amp;#9660;&lt;/span&gt;'; a.className += ' sf-dump-toggle'; x = 1; if ('sf-dump' != elt.parentNode.className) { x += elt.parentNode.getAttribute('data-depth')/1; } } else if (/\bsf-dump-ref\b/.test(elt.className) &amp;&amp; (a = elt.getAttribute('href'))) { a = a.slice(1); elt.className += ' sf-dump-hover'; elt.className += ' '+a; if (/[\[{]$/.test(elt.previousSibling.nodeValue)) { a = a != elt.nextSibling.id &amp;&amp; doc.getElementById(a); try { s = a.nextSibling; elt.appendChild(a); s.parentNode.insertBefore(a, s); if (/^[@#]/.test(elt.innerHTML)) { elt.innerHTML += ' &lt;span&gt;&amp;#9654;&lt;/span&gt;'; } else { elt.innerHTML = '&lt;span&gt;&amp;#9654;&lt;/span&gt;'; elt.className = 'sf-dump-ref'; } elt.className += ' sf-dump-toggle'; } catch (e) { if ('&amp;' == elt.innerHTML.charAt(0)) { elt.innerHTML = '&amp;#8230;'; elt.className = 'sf-dump-ref'; } } } } } if (doc.evaluate &amp;&amp; Array.from &amp;&amp; root.children.length &gt; 1) { root.setAttribute('tabindex', 0); SearchState = function () { this.nodes = []; this.idx = 0; }; SearchState.prototype = { next: function () { if (this.isEmpty()) { return this.current(); } this.idx = this.idx &lt; (this.nodes.length - 1) ? this.idx + 1 : 0; return this.current(); }, previous: function () { if (this.isEmpty()) { return this.current(); } this.idx = this.idx &gt; 0 ? this.idx - 1 : (this.nodes.length - 1); return this.current(); }, isEmpty: function () { return 0 === this.count(); }, current: function () { if (this.isEmpty()) { return null; } return this.nodes[this.idx]; }, reset: function () { this.nodes = []; this.idx = 0; }, count: function () { return this.nodes.length; }, }; function showCurrent(state) { var currentNode = state.current(), currentRect, searchRect; if (currentNode) { reveal(currentNode); highlight(root, currentNode, state.nodes); if ('scrollIntoView' in currentNode) { currentNode.scrollIntoView(true); currentRect = currentNode.getBoundingClientRect(); searchRect = search.getBoundingClientRect(); if (currentRect.top &lt; (searchRect.top + searchRect.height)) { window.scrollBy(0, -(searchRect.top + searchRect.height + 5)); } } } counter.textContent = (state.isEmpty() ? 0 : state.idx + 1) + ' of ' + state.count(); } var search = doc.createElement('div'); search.className = 'sf-dump-search-wrapper sf-dump-search-hidden'; search.innerHTML = ' &lt;input type="text" class="sf-dump-search-input"&gt; &lt;span class="sf-dump-search-count"&gt;0 of 0&lt;\/span&gt; &lt;button type="button" class="sf-dump-search-input-previous" tabindex="-1"&gt; &lt;svg viewBox="0 0 1792 1792" xmlns="http://www.w3.org/2000/svg"&gt;&lt;path d="M1683 1331l-166 165q-19 19-45 19t-45-19L896 965l-531 531q-19 19-45 19t-45-19l-166-165q-19-19-19-45.5t19-45.5l742-741q19-19 45-19t45 19l742 741q19 19 19 45.5t-19 45.5z"\/&gt;&lt;\/svg&gt; &lt;\/button&gt; &lt;button type="button" class="sf-dump-search-input-next" tabindex="-1"&gt; &lt;svg viewBox="0 0 1792 1792" xmlns="http://www.w3.org/2000/svg"&gt;&lt;path d="M1683 808l-742 741q-19 19-45 19t-45-19L109 808q-19-19-19-45.5t19-45.5l166-165q19-19 45-19t45 19l531 531 531-531q19-19 45-19t45 19l166 165q19 19 19 45.5t-19 45.5z"\/&gt;&lt;\/svg&gt; &lt;\/button&gt; '; root.insertBefore(search, root.firstChild); var state = new SearchState(); var searchInput = search.querySelector('.sf-dump-search-input'); var counter = search.querySelector('.sf-dump-search-count'); var searchInputTimer = 0; var previousSearchQuery = ''; addEventListener(searchInput, 'keyup', function (e) { var searchQuery = e.target.value; /* Don't perform anything if the pressed key didn't change the query */ if (searchQuery === previousSearchQuery) { return; } previousSearchQuery = searchQuery; clearTimeout(searchInputTimer); searchInputTimer = setTimeout(function () { state.reset(); collapseAll(root); resetHighlightedNodes(root); if ('' === searchQuery) { counter.textContent = '0 of 0'; return; } var classMatches = [ "sf-dump-str", "sf-dump-key", "sf-dump-public", "sf-dump-protected", "sf-dump-private", ].map(xpathHasClass).join(' or '); var xpathResult = doc.evaluate('.//span[' + classMatches + '][contains(translate(child::text(), ' + xpathString(searchQuery.toUpperCase()) + ', ' + xpathString(searchQuery.toLowerCase()) + '), ' + xpathString(searchQuery.toLowerCase()) + ')]', root, null, XPathResult.ORDERED_NODE_ITERATOR_TYPE, null); while (node = xpathResult.iterateNext()) state.nodes.push(node); showCurrent(state); }, 400); }); Array.from(search.querySelectorAll('.sf-dump-search-input-next, .sf-dump-search-input-previous')).forEach(function (btn) { addEventListener(btn, 'click', function (e) { e.preventDefault(); -1 !== e.target.className.indexOf('next') ? state.next() : state.previous(); searchInput.focus(); collapseAll(root); showCurrent(state); }) }); addEventListener(root, 'keydown', function (e) { var isSearchActive = !/\bsf-dump-search-hidden\b/.test(search.className); if ((114 === e.keyCode &amp;&amp; !isSearchActive) || (isCtrlKey(e) &amp;&amp; 70 === e.keyCode)) { /* F3 or CMD/CTRL + F */ if (70 === e.keyCode &amp;&amp; document.activeElement === searchInput) { /* * If CMD/CTRL + F is hit while having focus on search input, * the user probably meant to trigger browser search instead. * Let the browser execute its behavior: */ return; } e.preventDefault(); search.className = search.className.replace(/\bsf-dump-search-hidden\b/, ''); searchInput.focus(); } else if (isSearchActive) { if (27 === e.keyCode) { /* ESC key */ search.className += ' sf-dump-search-hidden'; e.preventDefault(); resetHighlightedNodes(root); searchInput.value = ''; } else if ( (isCtrlKey(e) &amp;&amp; 71 === e.keyCode) /* CMD/CTRL + G */ || 13 === e.keyCode /* Enter */ || 114 === e.keyCode /* F3 */ ) { e.preventDefault(); e.shiftKey ? state.previous() : state.next(); collapseAll(root); showCurrent(state); } } }); } if (0 &gt;= options.maxStringLength) { return; } try { elt = root.querySelectorAll('.sf-dump-str'); len = elt.length; i = 0; t = []; while (i &lt; len) t.push(elt[i++]); len = t.length; for (i = 0; i &lt; len; ++i) { elt = t[i]; s = elt.innerText || elt.textContent; x = s.length - options.maxStringLength; if (0 &lt; x) { h = elt.innerHTML; elt[elt.innerText ? 'innerText' : 'textContent'] = s.substring(0, options.maxStringLength); elt.className += ' sf-dump-str-collapse'; elt.innerHTML = '&lt;span class=sf-dump-str-collapse&gt;'+h+'&lt;a class="sf-dump-ref sf-dump-str-toggle" title="Collapse"&gt; &amp;#9664;&lt;/a&gt;&lt;/span&gt;'+ '&lt;span class=sf-dump-str-expand&gt;'+elt.innerHTML+'&lt;a class="sf-dump-ref sf-dump-str-toggle" title="'+x+' remaining characters"&gt; &amp;#9654;&lt;/a&gt;&lt;/span&gt;'; } } } catch (e) { } }; })(document); &lt;/script&gt;&lt;style&gt; .sf-js-enabled pre.sf-dump .sf-dump-compact, .sf-js-enabled .sf-dump-str-collapse .sf-dump-str-collapse, .sf-js-enabled .sf-dump-str-expand .sf-dump-str-expand { display: none; } .sf-dump-hover:hover { background-color: #B729D9; color: #FFF !important; border-radius: 2px; } pre.sf-dump { display: block; white-space: pre; padding: 5px; overflow: initial !important; } pre.sf-dump:after { content: ""; visibility: hidden; display: block; height: 0; clear: both; } pre.sf-dump .sf-dump-ellipsization { display: inline-flex; } pre.sf-dump a { text-decoration: none; cursor: pointer; border: 0; outline: none; color: inherit; } pre.sf-dump img { max-width: 50em; max-height: 50em; margin: .5em 0 0 0; padding: 0; background: url(data:image/png;base64,iVBORw0KGgoAAAANSUhEUgAAABAAAAAQCAAAAAA6mKC9AAAAHUlEQVQY02O8zAABilCaiQEN0EeA8QuUcX9g3QEAAjcC5piyhyEAAAAASUVORK5CYII=) #D3D3D3; } pre.sf-dump .sf-dump-ellipsis { text-overflow: ellipsis; white-space: nowrap; overflow: hidden; } pre.sf-dump .sf-dump-ellipsis-tail { flex-shrink: 0; } pre.sf-dump code { display:inline; padding:0; background:none; } .sf-dump-public.sf-dump-highlight, .sf-dump-protected.sf-dump-highlight, .sf-dump-private.sf-dump-highlight, .sf-dump-str.sf-dump-highlight, .sf-dump-key.sf-dump-highlight { background: rgba(111, 172, 204, 0.3); border: 1px solid #7DA0B1; border-radius: 3px; } .sf-dump-public.sf-dump-highlight-active, .sf-dump-protected.sf-dump-highlight-active, .sf-dump-private.sf-dump-highlight-active, .sf-dump-str.sf-dump-highlight-active, .sf-dump-key.sf-dump-highlight-active { background: rgba(253, 175, 0, 0.4); border: 1px solid #ffa500; border-radius: 3px; } pre.sf-dump .sf-dump-search-hidden { display: none !important; } pre.sf-dump .sf-dump-search-wrapper { font-size: 0; white-space: nowrap; margin-bottom: 5px; display: flex; position: -webkit-sticky; position: sticky; top: 5px; } pre.sf-dump .sf-dump-search-wrapper &gt; * { vertical-align: top; box-sizing: border-box; height: 21px; font-weight: normal; border-radius: 0; background: #FFF; color: #757575; border: 1px solid #BBB; } pre.sf-dump .sf-dump-search-wrapper &gt; input.sf-dump-search-input { padding: 3px; height: 21px; font-size: 12px; border-right: none; border-top-left-radius: 3px; border-bottom-left-radius: 3px; color: #000; min-width: 15px; width: 100%; } pre.sf-dump .sf-dump-search-wrapper &gt; .sf-dump-search-input-next, pre.sf-dump .sf-dump-search-wrapper &gt; .sf-dump-search-input-previous { background: #F2F2F2; outline: none; border-left: none; font-size: 0; line-height: 0; } pre.sf-dump .sf-dump-search-wrapper &gt; .sf-dump-search-input-next { border-top-right-radius: 3px; border-bottom-right-radius: 3px; } pre.sf-dump .sf-dump-search-wrapper &gt; .sf-dump-search-input-next &gt; svg, pre.sf-dump .sf-dump-search-wrapper &gt; .sf-dump-search-input-previous &gt; svg { pointer-events: none; width: 12px; height: 12px; } pre.sf-dump .sf-dump-search-wrapper &gt; .sf-dump-search-count { display: inline-block; padding: 0 5px; margin: 0; border-left: none; line-height: 21px; font-size: 12px; }pre.sf-dump, pre.sf-dump .sf-dump-default{background:none; color:#CC7832; line-height:1.2em; font:12px Menlo, Monaco, Consolas, monospace; word-wrap: break-word; white-space: pre-wrap; position:relative; z-index:99999; word-break: break-all}pre.sf-dump .sf-dump-num{font-weight:bold; color:#1299DA}pre.sf-dump .sf-dump-const{font-weight:bold}pre.sf-dump .sf-dump-str{font-weight:bold; color:#629755;}pre.sf-dump .sf-dump-note{color:#6897BB}pre.sf-dump .sf-dump-ref{color:#6E6E6E}pre.sf-dump .sf-dump-public{color:#262626}pre.sf-dump .sf-dump-protected{color:#262626}pre.sf-dump .sf-dump-private{color:#262626}pre.sf-dump .sf-dump-meta{color:#B729D9}pre.sf-dump .sf-dump-key{color:#789339}pre.sf-dump .sf-dump-index{color:#1299DA}pre.sf-dump .sf-dump-ellipsis{color:#CC7832}pre.sf-dump .sf-dump-ns{user-select:none;}pre.sf-dump .sf-dump-ellipsis-note{color:#6897BB}&lt;/style&gt;&lt;pre class=sf-dump id=sf-dump-653293002 data-indent-pad="  "&gt;&lt;span class=sf-dump-note&gt;Twig\Error\RuntimeError&lt;/span&gt; {&lt;a class=sf-dump-ref&gt;#6595&lt;/a&gt;&lt;samp data-depth=1 class=sf-dump-expanded&gt;\n
  -&lt;span class=sf-dump-private title="Private property defined in class:&amp;#10;`Twig\Error\Error`"&gt;lineno&lt;/span&gt;: &lt;span class=sf-dump-num&gt;53&lt;/span&gt;\n
  -&lt;span class=sf-dump-private title="Private property defined in class:&amp;#10;`Twig\Error\Error`"&gt;rawMessage&lt;/span&gt;: "&lt;span class=sf-dump-str title="61 characters"&gt;Impossible to access an attribute (&amp;quot;nom&amp;quot;) on a null variable.&lt;/span&gt;"\n
  -&lt;span class=sf-dump-private title="Private property defined in class:&amp;#10;`Twig\Error\Error`"&gt;source&lt;/span&gt;: &lt;span class="sf-dump-note sf-dump-ellipsization" title="Twig\Source\n
"&gt;&lt;span class="sf-dump-ellipsis sf-dump-ellipsis-note"&gt;Twig&lt;/span&gt;&lt;span class="sf-dump-ellipsis sf-dump-ellipsis-note"&gt;\&lt;/span&gt;&lt;span class="sf-dump-ellipsis-tail"&gt;Source&lt;/span&gt;&lt;/span&gt; {&lt;a class=sf-dump-ref&gt;#9335&lt;/a&gt;&lt;samp data-depth=2 class=sf-dump-compact&gt;\n
    -&lt;span class=sf-dump-private title="Private property defined in class:&amp;#10;`Twig\Source`"&gt;code&lt;/span&gt;: """\n
      &lt;span class=sf-dump-str title="15563 characters"&gt;&amp;lt;!-- Profile Modal Component --&amp;gt;&lt;span class="sf-dump-default sf-dump-ns"&gt;\r\n&lt;/span&gt;&lt;/span&gt;\n
      &lt;span class=sf-dump-str title="15563 characters"&gt;&amp;lt;div class=&amp;quot;profile-modal-overlay&amp;quot; id=&amp;quot;profileModal&amp;quot; style=&amp;quot;display: none;&amp;quot;&amp;gt;&lt;span class="sf-dump-default sf-dump-ns"&gt;\r\n&lt;/span&gt;&lt;/span&gt;\n
      &lt;span class=sf-dump-str title="15563 characters"&gt;    &amp;lt;div class=&amp;quot;profile-modal&amp;quot;&amp;gt;&lt;span class="sf-dump-default sf-dump-ns"&gt;\r\n&lt;/span&gt;&lt;/span&gt;\n
      &lt;span class=sf-dump-str title="15563 characters"&gt;        &amp;lt;div class=&amp;quot;profile-modal-header&amp;quot;&amp;gt;&lt;span class="sf-dump-default sf-dump-ns"&gt;\r\n&lt;/span&gt;&lt;/span&gt;\n
      &lt;span class=sf-dump-str title="15563 characters"&gt;            &amp;lt;h3 style=&amp;quot;margin: 0; color: white;&amp;quot;&amp;gt;Informations de l&amp;#039;utilisateur&amp;lt;/h3&amp;gt;&lt;span class="sf-dump-default sf-dump-ns"&gt;\r\n&lt;/span&gt;&lt;/span&gt;\n
      &lt;span class=sf-dump-str title="15563 characters"&gt;            &amp;lt;button type=&amp;quot;button&amp;quot; class=&amp;quot;close-modal-btn&amp;quot; onclick=&amp;quot;closeProfileModal()&amp;quot;&amp;gt;&amp;amp;times;&amp;lt;/button&amp;gt;&lt;span class="sf-dump-default sf-dump-ns"&gt;\r\n&lt;/span&gt;&lt;/span&gt;\n
      &lt;span class=sf-dump-str title="15563 characters"&gt;        &amp;lt;/div&amp;gt;&lt;span class="sf-dump-default sf-dump-ns"&gt;\r\n&lt;/span&gt;&lt;/span&gt;\n
      &lt;span class=sf-dump-str title="15563 characters"&gt;        &lt;span class="sf-dump-default sf-dump-ns"&gt;\r\n&lt;/span&gt;&lt;/span&gt;\n
      &lt;span class=sf-dump-str title="15563 characters"&gt;        &amp;lt;form id=&amp;quot;profileUpdateForm&amp;quot; enctype=&amp;quot;multipart/form-data&amp;quot; novalidate=&amp;quot;novalidate&amp;quot;&amp;gt;&lt;span class="sf-dump-default sf-dump-ns"&gt;\r\n&lt;/span&gt;&lt;/span&gt;\n
      &lt;span class=sf-dump-str title="15563 characters"&gt;            &amp;lt;div class=&amp;quot;profile-modal-body&amp;quot;&amp;gt;&lt;span class="sf-dump-default sf-dump-ns"&gt;\r\n&lt;/span&gt;&lt;/span&gt;\n
      &lt;span class=sf-dump-str title="15563 characters"&gt;                &amp;lt;!-- Colonne Gauche : Avatar --&amp;gt;&lt;span class="sf-dump-default sf-dump-ns"&gt;\r\n&lt;/span&gt;&lt;/span&gt;\n
      &lt;span class=sf-dump-str title="15563 characters"&gt;                &amp;lt;div class=&amp;quot;profile-avatar-section&amp;quot;&amp;gt;&lt;span class="sf-dump-default sf-dump-ns"&gt;\r\n&lt;/span&gt;&lt;/span&gt;\n
      &lt;span class=sf-dump-str title="15563 characters"&gt;                    &amp;lt;div class=&amp;quot;profile-avatar-preview&amp;quot; id=&amp;quot;avatarPreviewContainer&amp;quot;&amp;gt;&lt;span class="sf-dump-default sf-dump-ns"&gt;\r\n&lt;/span&gt;&lt;/span&gt;\n
      &lt;span class=sf-dump-str title="15563 characters"&gt;                        &amp;lt;div id=&amp;quot;currentAvatarWrapper&amp;quot; style=&amp;quot;width: 100%; height: 100%;&amp;quot;&amp;gt;&lt;span class="sf-dump-default sf-dump-ns"&gt;\r\n&lt;/span&gt;&lt;/span&gt;\n
      &lt;span class=sf-dump-str title="15563 characters"&gt;                            {% include &amp;#039;components/_avatar.html.twig&amp;#039; with {&amp;#039;user&amp;#039;: app.user, &amp;#039;size&amp;#039;: &amp;#039;100%&amp;#039;, &amp;#039;fontSize&amp;#039;: &amp;#039;2rem&amp;#039;} %}&lt;span class="sf-dump-default sf-dump-ns"&gt;\r\n&lt;/span&gt;&lt;/span&gt;\n
      &lt;span class=sf-dump-str title="15563 characters"&gt;                        &amp;lt;/div&amp;gt;&lt;span class="sf-dump-default sf-dump-ns"&gt;\r\n&lt;/span&gt;&lt;/span&gt;\n
      &lt;span class=sf-dump-str title="15563 characters"&gt;                        &amp;lt;img src=&amp;quot;#&amp;quot; id=&amp;quot;avatarPreview&amp;quot; alt=&amp;quot;Avatar&amp;quot; style=&amp;quot;display: none; width: 100%; height: 100%; object-fit: cover; border-radius: 50%;&amp;quot;&amp;gt;&lt;span class="sf-dump-default sf-dump-ns"&gt;\r\n&lt;/span&gt;&lt;/span&gt;\n
      &lt;span class=sf-dump-str title="15563 characters"&gt;                    &amp;lt;/div&amp;gt;&lt;span class="sf-dump-default sf-dump-ns"&gt;\r\n&lt;/span&gt;&lt;/span&gt;\n
      &lt;span class=sf-dump-str title="15563 characters"&gt;                    &amp;lt;label class=&amp;quot;btn-outline-green btn-file-upload&amp;quot; style=&amp;quot;cursor: pointer; padding: 6px 14px; border-radius: 6px; border: 1px solid var(--primary-green); color: var(--primary-green); white-space: nowrap; font-size: 0.85rem; margin-top: 8px;&amp;quot;&amp;gt;&lt;span class="sf-dump-default sf-dump-ns"&gt;\r\n&lt;/span&gt;&lt;/span&gt;\n
      &lt;span class=sf-dump-str title="15563 characters"&gt;                        Choisir Photo &amp;lt;input type=&amp;quot;file&amp;quot; name=&amp;quot;photo&amp;quot; accept=&amp;quot;image/*&amp;quot; style=&amp;quot;display: none;&amp;quot; onchange=&amp;quot;previewImage(event)&amp;quot;&amp;gt;&lt;span class="sf-dump-default sf-dump-ns"&gt;\r\n&lt;/span&gt;&lt;/span&gt;\n
      &lt;span class=sf-dump-str title="15563 characters"&gt;                    &amp;lt;/label&amp;gt;&lt;span class="sf-dump-default sf-dump-ns"&gt;\r\n&lt;/span&gt;&lt;/span&gt;\n
      &lt;span class=sf-dump-str title="15563 characters"&gt;                    {% if app.user.hasFaceAuth is defined %}&lt;span class="sf-dump-default sf-dump-ns"&gt;\r\n&lt;/span&gt;&lt;/span&gt;\n
      &lt;span class=sf-dump-str title="15563 characters"&gt;                    &amp;lt;div style=&amp;quot;margin-top: 12px; width: 100%; background: rgba(0,0,0,0.03); padding: 12px; border-radius: 10px; border: 1px dashed #ddd; text-align: center;&amp;quot;&amp;gt;&lt;span class="sf-dump-default sf-dump-ns"&gt;\r\n&lt;/span&gt;&lt;/span&gt;\n
      &lt;span class=sf-dump-str title="15563 characters"&gt;                        &amp;lt;h4 style=&amp;quot;margin: 0 0 8px 0; font-size: 0.8rem; color: #64748b; text-transform: uppercase; letter-spacing: 0.5px;&amp;quot;&amp;gt;Biom&amp;#233;trie&amp;lt;/h4&amp;gt;&lt;span class="sf-dump-default sf-dump-ns"&gt;\r\n&lt;/span&gt;&lt;/span&gt;\n
      &lt;span class=sf-dump-str title="15563 characters"&gt;                        {% if app.user.hasFaceAuth() %}&lt;span class="sf-dump-default sf-dump-ns"&gt;\r\n&lt;/span&gt;&lt;/span&gt;\n
      &lt;span class=sf-dump-str title="15563 characters"&gt;                            &amp;lt;div style=&amp;quot;color: var(--accent-green); font-weight: 600; font-size: 0.85rem; margin-bottom: 6px;&amp;quot;&amp;gt;&amp;lt;i class=&amp;quot;fas fa-check-circle&amp;quot;&amp;gt;&amp;lt;/i&amp;gt; Visage enregistr&amp;#233;&amp;lt;/div&amp;gt;&lt;span class="sf-dump-default sf-dump-ns"&gt;\r\n&lt;/span&gt;&lt;/span&gt;\n
      &lt;span class=sf-dump-str title="15563 characters"&gt;                            &amp;lt;button type=&amp;quot;button&amp;quot; class=&amp;quot;btn btn-outline-green&amp;quot; style=&amp;quot;width: 100%; border: 1px solid var(--accent-green); color: var(--accent-green); padding: 6px; border-radius: 6px; cursor: pointer; font-size: 0.8rem; display: flex; align-items: center; justify-content: center; gap: 6px;&amp;quot; onclick=&amp;quot;openFaceRegistrationModal(); closeProfileModal();&amp;quot;&amp;gt;&lt;span class="sf-dump-default sf-dump-ns"&gt;\r\n&lt;/span&gt;&lt;/span&gt;\n
      &lt;span class=sf-dump-str title="15563 characters"&gt;                                &amp;lt;i class=&amp;quot;fas fa-sync-alt&amp;quot;&amp;gt;&amp;lt;/i&amp;gt; Mettre &amp;#224; jour&lt;span class="sf-dump-default sf-dump-ns"&gt;\r\n&lt;/span&gt;&lt;/span&gt;\n
      &lt;span class=sf-dump-str title="15563 characters"&gt;                            &amp;lt;/button&amp;gt;&lt;span class="sf-dump-default sf-dump-ns"&gt;\r\n&lt;/span&gt;&lt;/span&gt;\n
      &lt;span class=sf-dump-str title="15563 characters"&gt;                            &amp;lt;button type=&amp;quot;button&amp;quot; class=&amp;quot;btn&amp;quot; style=&amp;quot;width: 100%; margin-top: 4px; border: 1px solid #ef4444; color: #ef4444; background: transparent; padding: 6px; border-radius: 6px; cursor: pointer; font-size: 0.8rem; display: flex; align-items: center; justify-content: center; gap: 6px;&amp;quot; onclick=&amp;quot;if(confirm(&amp;#039;Supprimer l\&amp;#039;empreinte faciale ?&amp;#039;)) deleteFaceData();&amp;quot;&amp;gt;&lt;span class="sf-dump-default sf-dump-ns"&gt;\r\n&lt;/span&gt;&lt;/span&gt;\n
      &lt;span class=sf-dump-str title="15563 characters"&gt;                                &amp;lt;i class=&amp;quot;fas fa-trash-alt&amp;quot;&amp;gt;&amp;lt;/i&amp;gt; Supprimer&lt;span class="sf-dump-default sf-dump-ns"&gt;\r\n&lt;/span&gt;&lt;/span&gt;\n
      &lt;span class=sf-dump-str title="15563 characters"&gt;                            &amp;lt;/button&amp;gt;&lt;span class="sf-dump-default sf-dump-ns"&gt;\r\n&lt;/span&gt;&lt;/span&gt;\n
      &lt;span class=sf-dump-str title="15563 characters"&gt;                        {% else %}&lt;span class="sf-dump-default sf-dump-ns"&gt;\r\n&lt;/span&gt;&lt;/span&gt;\n
      &lt;span class=sf-dump-str title="15563 characters"&gt;                            &amp;lt;button type=&amp;quot;button&amp;quot; class=&amp;quot;btn btn-outline-green&amp;quot; style=&amp;quot;width: 100%; border: 1px solid var(--accent-green); color: var(--accent-green); padding: 6px; border-radius: 6px; cursor: pointer; font-size: 0.8rem; display: flex; align-items: center; justify-content: center; gap: 6px;&amp;quot; onclick=&amp;quot;openFaceRegistrationModal(); closeProfileModal();&amp;quot;&amp;gt;&lt;span class="sf-dump-default sf-dump-ns"&gt;\r\n&lt;/span&gt;&lt;/span&gt;\n
      &lt;span class=sf-dump-str title="15563 characters"&gt;                                &amp;lt;i class=&amp;quot;fas fa-camera&amp;quot;&amp;gt;&amp;lt;/i&amp;gt; Activer Login Facial&lt;span class="sf-dump-default sf-dump-ns"&gt;\r\n&lt;/span&gt;&lt;/span&gt;\n
      &lt;span class=sf-dump-str title="15563 characters"&gt;                            &amp;lt;/button&amp;gt;&lt;span class="sf-dump-default sf-dump-ns"&gt;\r\n&lt;/span&gt;&lt;/span&gt;\n
      &lt;span class=sf-dump-str title="15563 characters"&gt;                        {% endif %}&lt;span class="sf-dump-default sf-dump-ns"&gt;\r\n&lt;/span&gt;&lt;/span&gt;\n
      &lt;span class=sf-dump-str title="15563 characters"&gt;                    &amp;lt;/div&amp;gt;&lt;span class="sf-dump-default sf-dump-ns"&gt;\r\n&lt;/span&gt;&lt;/span&gt;\n
      &lt;span class=sf-dump-str title="15563 characters"&gt;                    {% endif %}&lt;span class="sf-dump-default sf-dump-ns"&gt;\r\n&lt;/span&gt;&lt;/span&gt;\n
      &lt;span class=sf-dump-str title="15563 characters"&gt;                &amp;lt;/div&amp;gt;&lt;span class="sf-dump-default sf-dump-ns"&gt;\r\n&lt;/span&gt;&lt;/span&gt;\n
      &lt;span class=sf-dump-str title="15563 characters"&gt;                &lt;span class="sf-dump-default sf-dump-ns"&gt;\r\n&lt;/span&gt;&lt;/span&gt;\n
      &lt;span class=sf-dump-str title="15563 characters"&gt;                &amp;lt;!-- Right column: Form fields --&amp;gt;&lt;span class="sf-dump-default sf-dump-ns"&gt;\r\n&lt;/span&gt;&lt;/span&gt;\n
      &lt;span class=sf-dump-str title="15563 characters"&gt;                &amp;lt;div class=&amp;quot;profile-form-section&amp;quot;&amp;gt;&lt;span class="sf-dump-default sf-dump-ns"&gt;\r\n&lt;/span&gt;&lt;/span&gt;\n
      &lt;span class=sf-dump-str title="15563 characters"&gt;                    &lt;span class="sf-dump-default sf-dump-ns"&gt;\r\n&lt;/span&gt;&lt;/span&gt;\n
      &lt;span class=sf-dump-str title="15563 characters"&gt;                    {# Global error banner (only used for unknown errors) #}&lt;span class="sf-dump-default sf-dump-ns"&gt;\r\n&lt;/span&gt;&lt;/span&gt;\n
      &lt;span class=sf-dump-str title="15563 characters"&gt;                    &amp;lt;div id=&amp;quot;profileErrors&amp;quot; style=&amp;quot;display: none; margin-bottom: 12px; background: rgba(239,68,68,0.08); border-left: 3px solid #ef4444; border-radius: 6px; padding: 10px 14px; color: #b91c1c; font-size: 0.88rem;&amp;quot;&amp;gt;&lt;span class="sf-dump-default sf-dump-ns"&gt;\r\n&lt;/span&gt;&lt;/span&gt;\n
      &lt;span class=sf-dump-str title="15563 characters"&gt;                        &amp;lt;i class=&amp;quot;fas fa-exclamation-circle&amp;quot;&amp;gt;&amp;lt;/i&amp;gt;&lt;span class="sf-dump-default sf-dump-ns"&gt;\r\n&lt;/span&gt;&lt;/span&gt;\n
      &lt;span class=sf-dump-str title="15563 characters"&gt;                        &amp;lt;span id=&amp;quot;profileErrorsList&amp;quot;&amp;gt;&amp;lt;/span&amp;gt;&lt;span class="sf-dump-default sf-dump-ns"&gt;\r\n&lt;/span&gt;&lt;/span&gt;\n
      &lt;span class=sf-dump-str title="15563 characters"&gt;                    &amp;lt;/div&amp;gt;&lt;span class="sf-dump-default sf-dump-ns"&gt;\r\n&lt;/span&gt;&lt;/span&gt;\n
      &lt;span class=sf-dump-str title="15563 characters"&gt;&lt;span class="sf-dump-default sf-dump-ns"&gt;\r\n&lt;/span&gt;&lt;/span&gt;\n
      &lt;span class=sf-dump-str title="15563 characters"&gt;                    &amp;lt;div class=&amp;quot;form-row&amp;quot;&amp;gt;&lt;span class="sf-dump-default sf-dump-ns"&gt;\r\n&lt;/span&gt;&lt;/span&gt;\n
      &lt;span class=sf-dump-str title="15563 characters"&gt;                        &amp;lt;label&amp;gt;Nom:&amp;lt;/label&amp;gt;&lt;span class="sf-dump-default sf-dump-ns"&gt;\r\n&lt;/span&gt;&lt;/span&gt;\n
      &lt;span class=sf-dump-str title="15563 characters"&gt;                        &amp;lt;input type=&amp;quot;text&amp;quot; name=&amp;quot;nom&amp;quot; id=&amp;quot;pf-nom&amp;quot; class=&amp;quot;profile-input&amp;quot; value=&amp;quot;{{ app.user.nom }}&amp;quot;&amp;gt;&lt;span class="sf-dump-default sf-dump-ns"&gt;\r\n&lt;/span&gt;&lt;/span&gt;\n
      &lt;span class=sf-dump-str title="15563 characters"&gt;                        &amp;lt;div class=&amp;quot;pf-field-error&amp;quot; id=&amp;quot;err-nom&amp;quot;&amp;gt;&amp;lt;/div&amp;gt;&lt;span class="sf-dump-default sf-dump-ns"&gt;\r\n&lt;/span&gt;&lt;/span&gt;\n
      &lt;span class=sf-dump-str title="15563 characters"&gt;                    &amp;lt;/div&amp;gt;&lt;span class="sf-dump-default sf-dump-ns"&gt;\r\n&lt;/span&gt;&lt;/span&gt;\n
      &lt;span class=sf-dump-str title="15563 characters"&gt;                    &lt;span class="sf-dump-default sf-dump-ns"&gt;\r\n&lt;/span&gt;&lt;/span&gt;\n
      &lt;span class=sf-dump-str title="15563 characters"&gt;                    &amp;lt;div class=&amp;quot;form-row&amp;quot;&amp;gt;&lt;span class="sf-dump-default sf-dump-ns"&gt;\r\n&lt;/span&gt;&lt;/span&gt;\n
      &lt;span class=sf-dump-str title="15563 characters"&gt;                        &amp;lt;label&amp;gt;Pr&amp;#233;nom:&amp;lt;/label&amp;gt;&lt;span class="sf-dump-default sf-dump-ns"&gt;\r\n&lt;/span&gt;&lt;/span&gt;\n
      &lt;span class=sf-dump-str title="15563 characters"&gt;                        &amp;lt;input type=&amp;quot;text&amp;quot; name=&amp;quot;prenom&amp;quot; id=&amp;quot;pf-prenom&amp;quot; class=&amp;quot;profile-input&amp;quot; value=&amp;quot;{{ app.user.prenom }}&amp;quot;&amp;gt;&lt;span class="sf-dump-default sf-dump-ns"&gt;\r\n&lt;/span&gt;&lt;/span&gt;\n
      &lt;span class=sf-dump-str title="15563 characters"&gt;                        &amp;lt;div class=&amp;quot;pf-field-error&amp;quot; id=&amp;quot;err-prenom&amp;quot;&amp;gt;&amp;lt;/div&amp;gt;&lt;span class="sf-dump-default sf-dump-ns"&gt;\r\n&lt;/span&gt;&lt;/span&gt;\n
      &lt;span class=sf-dump-str title="15563 characters"&gt;                    &amp;lt;/div&amp;gt;&lt;span class="sf-dump-default sf-dump-ns"&gt;\r\n&lt;/span&gt;&lt;/span&gt;\n
      &lt;span class=sf-dump-str title="15563 characters"&gt;                    &lt;span class="sf-dump-default sf-dump-ns"&gt;\r\n&lt;/span&gt;&lt;/span&gt;\n
      &lt;span class=sf-dump-str title="15563 characters"&gt;                    &amp;lt;div class=&amp;quot;form-row&amp;quot;&amp;gt;&lt;span class="sf-dump-default sf-dump-ns"&gt;\r\n&lt;/span&gt;&lt;/span&gt;\n
      &lt;span class=sf-dump-str title="15563 characters"&gt;                        &amp;lt;label&amp;gt;Email:&amp;lt;/label&amp;gt;&lt;span class="sf-dump-default sf-dump-ns"&gt;\r\n&lt;/span&gt;&lt;/span&gt;\n
      &lt;span class=sf-dump-str title="15563 characters"&gt;                        &amp;lt;input type=&amp;quot;email&amp;quot; name=&amp;quot;email&amp;quot; id=&amp;quot;pf-email&amp;quot; class=&amp;quot;profile-input&amp;quot; value=&amp;quot;{{ app.user.email }}&amp;quot;&amp;gt;&lt;span class="sf-dump-default sf-dump-ns"&gt;\r\n&lt;/span&gt;&lt;/span&gt;\n
      &lt;span class=sf-dump-str title="15563 characters"&gt;                        &amp;lt;div class=&amp;quot;pf-field-error&amp;quot; id=&amp;quot;err-email&amp;quot;&amp;gt;&amp;lt;/div&amp;gt;&lt;span class="sf-dump-default sf-dump-ns"&gt;\r\n&lt;/span&gt;&lt;/span&gt;\n
      &lt;span class=sf-dump-str title="15563 characters"&gt;                    &amp;lt;/div&amp;gt;&lt;span class="sf-dump-default sf-dump-ns"&gt;\r\n&lt;/span&gt;&lt;/span&gt;\n
      &lt;span class=sf-dump-str title="15563 characters"&gt;                    &lt;span class="sf-dump-default sf-dump-ns"&gt;\r\n&lt;/span&gt;&lt;/span&gt;\n
      &lt;span class=sf-dump-str title="15563 characters"&gt;                    &amp;lt;div class=&amp;quot;form-row&amp;quot;&amp;gt;&lt;span class="sf-dump-default sf-dump-ns"&gt;\r\n&lt;/span&gt;&lt;/span&gt;\n
      &lt;span class=sf-dump-str title="15563 characters"&gt;                        &amp;lt;label&amp;gt;CIN:&amp;lt;/label&amp;gt;&lt;span class="sf-dump-default sf-dump-ns"&gt;\r\n&lt;/span&gt;&lt;/span&gt;\n
      &lt;span class=sf-dump-str title="15563 characters"&gt;                        &amp;lt;input type=&amp;quot;text&amp;quot; name=&amp;quot;cin&amp;quot; id=&amp;quot;pf-cin&amp;quot; class=&amp;quot;profile-input&amp;quot; value=&amp;quot;{{ app.user.cin }}&amp;quot;&amp;gt;&lt;span class="sf-dump-default sf-dump-ns"&gt;\r\n&lt;/span&gt;&lt;/span&gt;\n
      &lt;span class=sf-dump-str title="15563 characters"&gt;                        &amp;lt;div class=&amp;quot;pf-field-error&amp;quot; id=&amp;quot;err-cin&amp;quot;&amp;gt;&amp;lt;/div&amp;gt;&lt;span class="sf-dump-default sf-dump-ns"&gt;\r\n&lt;/span&gt;&lt;/span&gt;\n
      &lt;span class=sf-dump-str title="15563 characters"&gt;                    &amp;lt;/div&amp;gt;&lt;span class="sf-dump-default sf-dump-ns"&gt;\r\n&lt;/span&gt;&lt;/span&gt;\n
      &lt;span class=sf-dump-str title="15563 characters"&gt;                    &lt;span class="sf-dump-default sf-dump-ns"&gt;\r\n&lt;/span&gt;&lt;/span&gt;\n
      &lt;span class=sf-dump-str title="15563 characters"&gt;                    &amp;lt;div class=&amp;quot;form-row&amp;quot;&amp;gt;&lt;span class="sf-dump-default sf-dump-ns"&gt;\r\n&lt;/span&gt;&lt;/span&gt;\n
      &lt;span class=sf-dump-str title="15563 characters"&gt;                        &amp;lt;label&amp;gt;T&amp;#233;l&amp;#233;phone:&amp;lt;/label&amp;gt;&lt;span class="sf-dump-default sf-dump-ns"&gt;\r\n&lt;/span&gt;&lt;/span&gt;\n
      &lt;span class=sf-dump-str title="15563 characters"&gt;                        &amp;lt;input type=&amp;quot;text&amp;quot; name=&amp;quot;telephone&amp;quot; id=&amp;quot;pf-telephone&amp;quot; class=&amp;quot;profile-input&amp;quot; value=&amp;quot;{{ app.user.telephone }}&amp;quot;&amp;gt;&lt;span class="sf-dump-default sf-dump-ns"&gt;\r\n&lt;/span&gt;&lt;/span&gt;\n
      &lt;span class=sf-dump-str title="15563 characters"&gt;                        &amp;lt;div class=&amp;quot;pf-field-error&amp;quot; id=&amp;quot;err-telephone&amp;quot;&amp;gt;&amp;lt;/div&amp;gt;&lt;span class="sf-dump-default sf-dump-ns"&gt;\r\n&lt;/span&gt;&lt;/span&gt;\n
      &lt;span class=sf-dump-str title="15563 characters"&gt;                    &amp;lt;/div&amp;gt;&lt;span class="sf-dump-default sf-dump-ns"&gt;\r\n&lt;/span&gt;&lt;/span&gt;\n
      &lt;span class=sf-dump-str title="15563 characters"&gt;                    &lt;span class="sf-dump-default sf-dump-ns"&gt;\r\n&lt;/span&gt;&lt;/span&gt;\n
      &lt;span class=sf-dump-str title="15563 characters"&gt;                    &amp;lt;div class=&amp;quot;form-row&amp;quot;&amp;gt;&lt;span class="sf-dump-default sf-dump-ns"&gt;\r\n&lt;/span&gt;&lt;/span&gt;\n
      &lt;span class=sf-dump-str title="15563 characters"&gt;                        &amp;lt;label&amp;gt;Adresse:&amp;lt;/label&amp;gt;&lt;span class="sf-dump-default sf-dump-ns"&gt;\r\n&lt;/span&gt;&lt;/span&gt;\n
      &lt;span class=sf-dump-str title="15563 characters"&gt;                        &amp;lt;input type=&amp;quot;text&amp;quot; name=&amp;quot;adresse&amp;quot; id=&amp;quot;pf-adresse&amp;quot; class=&amp;quot;profile-input&amp;quot; value=&amp;quot;{{ app.user.adresse }}&amp;quot;&amp;gt;&lt;span class="sf-dump-default sf-dump-ns"&gt;\r\n&lt;/span&gt;&lt;/span&gt;\n
      &lt;span class=sf-dump-str title="15563 characters"&gt;                        &amp;lt;div class=&amp;quot;pf-field-error&amp;quot; id=&amp;quot;err-adresse&amp;quot;&amp;gt;&amp;lt;/div&amp;gt;&lt;span class="sf-dump-default sf-dump-ns"&gt;\r\n&lt;/span&gt;&lt;/span&gt;\n
      &lt;span class=sf-dump-str title="15563 characters"&gt;                    &amp;lt;/div&amp;gt;&lt;span class="sf-dump-default sf-dump-ns"&gt;\r\n&lt;/span&gt;&lt;/span&gt;\n
      &lt;span class=sf-dump-str title="15563 characters"&gt;                    &lt;span class="sf-dump-default sf-dump-ns"&gt;\r\n&lt;/span&gt;&lt;/span&gt;\n
      &lt;span class=sf-dump-str title="15563 characters"&gt;                    &amp;lt;div class=&amp;quot;form-row&amp;quot;&amp;gt;&lt;span class="sf-dump-default sf-dump-ns"&gt;\r\n&lt;/span&gt;&lt;/span&gt;\n
      &lt;span class=sf-dump-str title="15563 characters"&gt;                        &amp;lt;label&amp;gt;Mot de passe:&amp;lt;/label&amp;gt;&lt;span class="sf-dump-default sf-dump-ns"&gt;\r\n&lt;/span&gt;&lt;/span&gt;\n
      &lt;span class=sf-dump-str title="15563 characters"&gt;                        &amp;lt;input type=&amp;quot;password&amp;quot; name=&amp;quot;password&amp;quot; id=&amp;quot;pf-password&amp;quot; class=&amp;quot;profile-input&amp;quot; placeholder=&amp;quot;Nouveau mot de passe (min. 6 caract.)&amp;quot;&amp;gt;&lt;span class="sf-dump-default sf-dump-ns"&gt;\r\n&lt;/span&gt;&lt;/span&gt;\n
      &lt;span class=sf-dump-str title="15563 characters"&gt;                        &amp;lt;div class=&amp;quot;pf-field-error&amp;quot; id=&amp;quot;err-password&amp;quot;&amp;gt;&amp;lt;/div&amp;gt;&lt;span class="sf-dump-default sf-dump-ns"&gt;\r\n&lt;/span&gt;&lt;/span&gt;\n
      &lt;span class=sf-dump-str title="15563 characters"&gt;                    &amp;lt;/div&amp;gt;&lt;span class="sf-dump-default sf-dump-ns"&gt;\r\n&lt;/span&gt;&lt;/span&gt;\n
      &lt;span class=sf-dump-str title="15563 characters"&gt;                    &lt;span class="sf-dump-default sf-dump-ns"&gt;\r\n&lt;/span&gt;&lt;/span&gt;\n
      &lt;span class=sf-dump-str title="15563 characters"&gt;                    &amp;lt;div class=&amp;quot;form-row&amp;quot;&amp;gt;&lt;span class="sf-dump-default sf-dump-ns"&gt;\r\n&lt;/span&gt;&lt;/span&gt;\n
      &lt;span class=sf-dump-str title="15563 characters"&gt;                        &amp;lt;label&amp;gt;R&amp;#244;le:&amp;lt;/label&amp;gt;&lt;span class="sf-dump-default sf-dump-ns"&gt;\r\n&lt;/span&gt;&lt;/span&gt;\n
      &lt;span class=sf-dump-str title="15563 characters"&gt;                        {% if is_granted(&amp;#039;ROLE_ADMIN&amp;#039;) %}&lt;span class="sf-dump-default sf-dump-ns"&gt;\r\n&lt;/span&gt;&lt;/span&gt;\n
      &lt;span class=sf-dump-str title="15563 characters"&gt;                            &amp;lt;select name=&amp;quot;role&amp;quot; class=&amp;quot;profile-input&amp;quot;&amp;gt;&lt;span class="sf-dump-default sf-dump-ns"&gt;\r\n&lt;/span&gt;&lt;/span&gt;\n
      &lt;span class=sf-dump-str title="15563 characters"&gt;                                &amp;lt;option value=&amp;quot;ADMIN&amp;quot; {% if &amp;#039;ROLE_ADMIN&amp;#039; in app.user.roles %}selected{% endif %}&amp;gt;ADMIN&amp;lt;/option&amp;gt;&lt;span class="sf-dump-default sf-dump-ns"&gt;\r\n&lt;/span&gt;&lt;/span&gt;\n
      &lt;span class=sf-dump-str title="15563 characters"&gt;                                &amp;lt;option value=&amp;quot;EXPERT&amp;quot; {% if &amp;#039;ROLE_EXPERT&amp;#039; in app.user.roles %}selected{% endif %}&amp;gt;EXPERT&amp;lt;/option&amp;gt;&lt;span class="sf-dump-default sf-dump-ns"&gt;\r\n&lt;/span&gt;&lt;/span&gt;\n
      &lt;span class=sf-dump-str title="15563 characters"&gt;                                &amp;lt;option value=&amp;quot;AGRICOLE&amp;quot; {% if &amp;#039;ROLE_AGRICOLE&amp;#039; in app.user.roles %}selected{% endif %}&amp;gt;AGRICOLE&amp;lt;/option&amp;gt;&lt;span class="sf-dump-default sf-dump-ns"&gt;\r\n&lt;/span&gt;&lt;/span&gt;\n
      &lt;span class=sf-dump-str title="15563 characters"&gt;                                &amp;lt;option value=&amp;quot;FOURNISSEUR&amp;quot; {% if &amp;#039;ROLE_FOURNISSEUR&amp;#039; in app.user.roles %}selected{% endif %}&amp;gt;FOURNISSEUR&amp;lt;/option&amp;gt;&lt;span class="sf-dump-default sf-dump-ns"&gt;\r\n&lt;/span&gt;&lt;/span&gt;\n
      &lt;span class=sf-dump-str title="15563 characters"&gt;                            &amp;lt;/select&amp;gt;&lt;span class="sf-dump-default sf-dump-ns"&gt;\r\n&lt;/span&gt;&lt;/span&gt;\n
      &lt;span class=sf-dump-str title="15563 characters"&gt;                        {% else %}&lt;span class="sf-dump-default sf-dump-ns"&gt;\r\n&lt;/span&gt;&lt;/span&gt;\n
      &lt;span class=sf-dump-str title="15563 characters"&gt;                            &amp;lt;input type=&amp;quot;text&amp;quot; class=&amp;quot;profile-input&amp;quot; value=&amp;quot;{{ app.user.role|default(&amp;#039;User&amp;#039;) }}&amp;quot; disabled style=&amp;quot;opacity: 0.7; cursor: not-allowed;&amp;quot;&amp;gt;&lt;span class="sf-dump-default sf-dump-ns"&gt;\r\n&lt;/span&gt;&lt;/span&gt;\n
      &lt;span class=sf-dump-str title="15563 characters"&gt;                        {% endif %}&lt;span class="sf-dump-default sf-dump-ns"&gt;\r\n&lt;/span&gt;&lt;/span&gt;\n
      &lt;span class=sf-dump-str title="15563 characters"&gt;                    &amp;lt;/div&amp;gt;&lt;span class="sf-dump-default sf-dump-ns"&gt;\r\n&lt;/span&gt;&lt;/span&gt;\n
      &lt;span class=sf-dump-str title="15563 characters"&gt;                    &lt;span class="sf-dump-default sf-dump-ns"&gt;\r\n&lt;/span&gt;&lt;/span&gt;\n
      &lt;span class=sf-dump-str title="15563 characters"&gt;                    &amp;lt;div class=&amp;quot;pf-field-error&amp;quot; id=&amp;quot;err-photo&amp;quot; style=&amp;quot;margin-top: 6px;&amp;quot;&amp;gt;&amp;lt;/div&amp;gt;&lt;span class="sf-dump-default sf-dump-ns"&gt;\r\n&lt;/span&gt;&lt;/span&gt;\n
      &lt;span class=sf-dump-str title="15563 characters"&gt;                &amp;lt;/div&amp;gt;&lt;span class="sf-dump-default sf-dump-ns"&gt;\r\n&lt;/span&gt;&lt;/span&gt;\n
      &lt;span class=sf-dump-str title="15563 characters"&gt;            &amp;lt;/div&amp;gt;&lt;span class="sf-dump-default sf-dump-ns"&gt;\r\n&lt;/span&gt;&lt;/span&gt;\n
      &lt;span class=sf-dump-str title="15563 characters"&gt;            &lt;span class="sf-dump-default sf-dump-ns"&gt;\r\n&lt;/span&gt;&lt;/span&gt;\n
      &lt;span class=sf-dump-str title="15563 characters"&gt;            &amp;lt;div class=&amp;quot;profile-modal-footer&amp;quot;&amp;gt;&lt;span class="sf-dump-default sf-dump-ns"&gt;\r\n&lt;/span&gt;&lt;/span&gt;\n
      &lt;span class=sf-dump-str title="15563 characters"&gt;                &amp;lt;button type=&amp;quot;submit&amp;quot; class=&amp;quot;btn btn-solid-blue&amp;quot; id=&amp;quot;profileSubmitBtn&amp;quot;&amp;gt;Enregistrer&amp;lt;/button&amp;gt;&lt;span class="sf-dump-default sf-dump-ns"&gt;\r\n&lt;/span&gt;&lt;/span&gt;\n
      &lt;span class=sf-dump-str title="15563 characters"&gt;                &amp;lt;button type=&amp;quot;button&amp;quot; class=&amp;quot;btn btn-outline-gray&amp;quot; onclick=&amp;quot;closeProfileModal()&amp;quot;&amp;gt;Annuler&amp;lt;/button&amp;gt;&lt;span class="sf-dump-default sf-dump-ns"&gt;\r\n&lt;/span&gt;&lt;/span&gt;\n
      &lt;span class=sf-dump-str title="15563 characters"&gt;            &amp;lt;/div&amp;gt;&lt;span class="sf-dump-default sf-dump-ns"&gt;\r\n&lt;/span&gt;&lt;/span&gt;\n
      &lt;span class=sf-dump-str title="15563 characters"&gt;        &amp;lt;/form&amp;gt;&lt;span class="sf-dump-default sf-dump-ns"&gt;\r\n&lt;/span&gt;&lt;/span&gt;\n
      &lt;span class=sf-dump-str title="15563 characters"&gt;    &amp;lt;/div&amp;gt;&lt;span class="sf-dump-default sf-dump-ns"&gt;\r\n&lt;/span&gt;&lt;/span&gt;\n
      &lt;span class=sf-dump-str title="15563 characters"&gt;&amp;lt;/div&amp;gt;&lt;span class="sf-dump-default sf-dump-ns"&gt;\r\n&lt;/span&gt;&lt;/span&gt;\n
      &lt;span class=sf-dump-str title="15563 characters"&gt;&lt;span class="sf-dump-default sf-dump-ns"&gt;\r\n&lt;/span&gt;&lt;/span&gt;\n
      &lt;span class=sf-dump-str title="15563 characters"&gt;&amp;lt;style&amp;gt;&lt;span class="sf-dump-default sf-dump-ns"&gt;\r\n&lt;/span&gt;&lt;/span&gt;\n
      &lt;span class=sf-dump-str title="15563 characters"&gt;/* &amp;#9472;&amp;#9472; Profile Modal Responsive &amp;#9472;&amp;#9472;&amp;#9472;&amp;#9472;&amp;#9472;&amp;#9472;&amp;#9472;&amp;#9472;&amp;#9472;&amp;#9472;&amp;#9472;&amp;#9472;&amp;#9472;&amp;#9472;&amp;#9472;&amp;#9472;&amp;#9472;&amp;#9472;&amp;#9472;&amp;#9472;&amp;#9472;&amp;#9472;&amp;#9472;&amp;#9472;&amp;#9472;&amp;#9472;&amp;#9472;&amp;#9472;&amp;#9472;&amp;#9472;&amp;#9472;&amp;#9472;&amp;#9472;&amp;#9472;&amp;#9472;&amp;#9472;&amp;#9472;&amp;#9472;&amp;#9472; */&lt;span class="sf-dump-default sf-dump-ns"&gt;\r\n&lt;/span&gt;&lt;/span&gt;\n
      &lt;span class=sf-dump-str title="15563 characters"&gt;#profileModal .profile-modal {&lt;span class="sf-dump-default sf-dump-ns"&gt;\r\n&lt;/span&gt;&lt;/span&gt;\n
      &lt;span class=sf-dump-str title="15563 characters"&gt;    max-height: 92vh;&lt;span class="sf-dump-default sf-dump-ns"&gt;\r\n&lt;/span&gt;&lt;/span&gt;\n
      &lt;span class=sf-dump-str title="15563 characters"&gt;    display: flex;&lt;span class="sf-dump-default sf-dump-ns"&gt;\r\n&lt;/span&gt;&lt;/span&gt;\n
      &lt;span class=sf-dump-str title="15563 characters"&gt;    flex-direction: column;&lt;span class="sf-dump-default sf-dump-ns"&gt;\r\n&lt;/span&gt;&lt;/span&gt;\n
      &lt;span class=sf-dump-str title="15563 characters"&gt;    overflow: hidden;&lt;span class="sf-dump-default sf-dump-ns"&gt;\r\n&lt;/span&gt;&lt;/span&gt;\n
      &lt;span class=sf-dump-str title="15563 characters"&gt;}&lt;span class="sf-dump-default sf-dump-ns"&gt;\r\n&lt;/span&gt;&lt;/span&gt;\n
      &lt;span class=sf-dump-str title="15563 characters"&gt;#profileModal .profile-modal-body {&lt;span class="sf-dump-default sf-dump-ns"&gt;\r\n&lt;/span&gt;&lt;/span&gt;\n
      &lt;span class=sf-dump-str title="15563 characters"&gt;    overflow-y: auto;&lt;span class="sf-dump-default sf-dump-ns"&gt;\r\n&lt;/span&gt;&lt;/span&gt;\n
      &lt;span class=sf-dump-str title="15563 characters"&gt;    flex: 1;&lt;span class="sf-dump-default sf-dump-ns"&gt;\r\n&lt;/span&gt;&lt;/span&gt;\n
      &lt;span class=sf-dump-str title="15563 characters"&gt;    scrollbar-width: thin;&lt;span class="sf-dump-default sf-dump-ns"&gt;\r\n&lt;/span&gt;&lt;/span&gt;\n
      &lt;span class=sf-dump-str title="15563 characters"&gt;}&lt;span class="sf-dump-default sf-dump-ns"&gt;\r\n&lt;/span&gt;&lt;/span&gt;\n
      &lt;span class=sf-dump-str title="15563 characters"&gt;#profileModal .profile-avatar-section {&lt;span class="sf-dump-default sf-dump-ns"&gt;\r\n&lt;/span&gt;&lt;/span&gt;\n
      &lt;span class=sf-dump-str title="15563 characters"&gt;    flex-shrink: 0;&lt;span class="sf-dump-default sf-dump-ns"&gt;\r\n&lt;/span&gt;&lt;/span&gt;\n
      &lt;span class=sf-dump-str title="15563 characters"&gt;    min-width: 130px;&lt;span class="sf-dump-default sf-dump-ns"&gt;\r\n&lt;/span&gt;&lt;/span&gt;\n
      &lt;span class=sf-dump-str title="15563 characters"&gt;    max-width: 140px;&lt;span class="sf-dump-default sf-dump-ns"&gt;\r\n&lt;/span&gt;&lt;/span&gt;\n
      &lt;span class=sf-dump-str title="15563 characters"&gt;}&lt;span class="sf-dump-default sf-dump-ns"&gt;\r\n&lt;/span&gt;&lt;/span&gt;\n
      &lt;span class=sf-dump-str title="15563 characters"&gt;#profileModal .profile-avatar-preview {&lt;span class="sf-dump-default sf-dump-ns"&gt;\r\n&lt;/span&gt;&lt;/span&gt;\n
      &lt;span class=sf-dump-str title="15563 characters"&gt;    width: 100px !important;&lt;span class="sf-dump-default sf-dump-ns"&gt;\r\n&lt;/span&gt;&lt;/span&gt;\n
      &lt;span class=sf-dump-str title="15563 characters"&gt;    height: 100px !important;&lt;span class="sf-dump-default sf-dump-ns"&gt;\r\n&lt;/span&gt;&lt;/span&gt;\n
      &lt;span class=sf-dump-str title="15563 characters"&gt;    border-radius: 50% !important;&lt;span class="sf-dump-default sf-dump-ns"&gt;\r\n&lt;/span&gt;&lt;/span&gt;\n
      &lt;span class=sf-dump-str title="15563 characters"&gt;    overflow: hidden !important;&lt;span class="sf-dump-default sf-dump-ns"&gt;\r\n&lt;/span&gt;&lt;/span&gt;\n
      &lt;span class=sf-dump-str title="15563 characters"&gt;    display: flex !important;&lt;span class="sf-dump-default sf-dump-ns"&gt;\r\n&lt;/span&gt;&lt;/span&gt;\n
      &lt;span class=sf-dump-str title="15563 characters"&gt;    align-items: center;&lt;span class="sf-dump-default sf-dump-ns"&gt;\r\n&lt;/span&gt;&lt;/span&gt;\n
      &lt;span class=sf-dump-str title="15563 characters"&gt;    justify-content: center;&lt;span class="sf-dump-default sf-dump-ns"&gt;\r\n&lt;/span&gt;&lt;/span&gt;\n
      &lt;span class=sf-dump-str title="15563 characters"&gt;    background: #f1f5f9;&lt;span class="sf-dump-default sf-dump-ns"&gt;\r\n&lt;/span&gt;&lt;/span&gt;\n
      &lt;span class=sf-dump-str title="15563 characters"&gt;    flex-shrink: 0;&lt;span class="sf-dump-default sf-dump-ns"&gt;\r\n&lt;/span&gt;&lt;/span&gt;\n
      &lt;span class=sf-dump-str title="15563 characters"&gt;    border: 2px solid #e2e8f0;&lt;span class="sf-dump-default sf-dump-ns"&gt;\r\n&lt;/span&gt;&lt;/span&gt;\n
      &lt;span class=sf-dump-str title="15563 characters"&gt;}&lt;span class="sf-dump-default sf-dump-ns"&gt;\r\n&lt;/span&gt;&lt;/span&gt;\n
      &lt;span class=sf-dump-str title="15563 characters"&gt;#profileModal #avatarPreview {&lt;span class="sf-dump-default sf-dump-ns"&gt;\r\n&lt;/span&gt;&lt;/span&gt;\n
      &lt;span class=sf-dump-str title="15563 characters"&gt;    width: 100% !important;&lt;span class="sf-dump-default sf-dump-ns"&gt;\r\n&lt;/span&gt;&lt;/span&gt;\n
      &lt;span class=sf-dump-str title="15563 characters"&gt;    height: 100% !important;&lt;span class="sf-dump-default sf-dump-ns"&gt;\r\n&lt;/span&gt;&lt;/span&gt;\n
      &lt;span class=sf-dump-str title="15563 characters"&gt;    object-fit: cover !important;&lt;span class="sf-dump-default sf-dump-ns"&gt;\r\n&lt;/span&gt;&lt;/span&gt;\n
      &lt;span class=sf-dump-str title="15563 characters"&gt;    border-radius: 50%;&lt;span class="sf-dump-default sf-dump-ns"&gt;\r\n&lt;/span&gt;&lt;/span&gt;\n
      &lt;span class=sf-dump-str title="15563 characters"&gt;    display: block;&lt;span class="sf-dump-default sf-dump-ns"&gt;\r\n&lt;/span&gt;&lt;/span&gt;\n
      &lt;span class=sf-dump-str title="15563 characters"&gt;}&lt;span class="sf-dump-default sf-dump-ns"&gt;\r\n&lt;/span&gt;&lt;/span&gt;\n
      &lt;span class=sf-dump-str title="15563 characters"&gt;#profileModal .profile-form-section {&lt;span class="sf-dump-default sf-dump-ns"&gt;\r\n&lt;/span&gt;&lt;/span&gt;\n
      &lt;span class=sf-dump-str title="15563 characters"&gt;    flex: 1;&lt;span class="sf-dump-default sf-dump-ns"&gt;\r\n&lt;/span&gt;&lt;/span&gt;\n
      &lt;span class=sf-dump-str title="15563 characters"&gt;    min-width: 0;&lt;span class="sf-dump-default sf-dump-ns"&gt;\r\n&lt;/span&gt;&lt;/span&gt;\n
      &lt;span class=sf-dump-str title="15563 characters"&gt;    overflow: hidden;&lt;span class="sf-dump-default sf-dump-ns"&gt;\r\n&lt;/span&gt;&lt;/span&gt;\n
      &lt;span class=sf-dump-str title="15563 characters"&gt;}&lt;span class="sf-dump-default sf-dump-ns"&gt;\r\n&lt;/span&gt;&lt;/span&gt;\n
      &lt;span class=sf-dump-str title="15563 characters"&gt;/* Per-field error messages */&lt;span class="sf-dump-default sf-dump-ns"&gt;\r\n&lt;/span&gt;&lt;/span&gt;\n
      &lt;span class=sf-dump-str title="15563 characters"&gt;.pf-field-error {&lt;span class="sf-dump-default sf-dump-ns"&gt;\r\n&lt;/span&gt;&lt;/span&gt;\n
      &lt;span class=sf-dump-str title="15563 characters"&gt;    color: #ef4444;&lt;span class="sf-dump-default sf-dump-ns"&gt;\r\n&lt;/span&gt;&lt;/span&gt;\n
      &lt;span class=sf-dump-str title="15563 characters"&gt;    font-size: 0.78rem;&lt;span class="sf-dump-default sf-dump-ns"&gt;\r\n&lt;/span&gt;&lt;/span&gt;\n
      &lt;span class=sf-dump-str title="15563 characters"&gt;    font-weight: 500;&lt;span class="sf-dump-default sf-dump-ns"&gt;\r\n&lt;/span&gt;&lt;/span&gt;\n
      &lt;span class=sf-dump-str title="15563 characters"&gt;    min-height: 16px;&lt;span class="sf-dump-default sf-dump-ns"&gt;\r\n&lt;/span&gt;&lt;/span&gt;\n
      &lt;span class=sf-dump-str title="15563 characters"&gt;    line-height: 1.3;&lt;span class="sf-dump-default sf-dump-ns"&gt;\r\n&lt;/span&gt;&lt;/span&gt;\n
      &lt;span class=sf-dump-str title="15563 characters"&gt;    margin-top: 2px;&lt;span class="sf-dump-default sf-dump-ns"&gt;\r\n&lt;/span&gt;&lt;/span&gt;\n
      &lt;span class=sf-dump-str title="15563 characters"&gt;    padding-left: 2px;&lt;span class="sf-dump-default sf-dump-ns"&gt;\r\n&lt;/span&gt;&lt;/span&gt;\n
      &lt;span class=sf-dump-str title="15563 characters"&gt;    word-break: break-word;&lt;span class="sf-dump-default sf-dump-ns"&gt;\r\n&lt;/span&gt;&lt;/span&gt;\n
      &lt;span class=sf-dump-str title="15563 characters"&gt;}&lt;span class="sf-dump-default sf-dump-ns"&gt;\r\n&lt;/span&gt;&lt;/span&gt;\n
      &lt;span class=sf-dump-str title="15563 characters"&gt;.pf-field-error:empty {&lt;span class="sf-dump-default sf-dump-ns"&gt;\r\n&lt;/span&gt;&lt;/span&gt;\n
      &lt;span class=sf-dump-str title="15563 characters"&gt;    min-height: 0;&lt;span class="sf-dump-default sf-dump-ns"&gt;\r\n&lt;/span&gt;&lt;/span&gt;\n
      &lt;span class=sf-dump-str title="15563 characters"&gt;    margin: 0;&lt;span class="sf-dump-default sf-dump-ns"&gt;\r\n&lt;/span&gt;&lt;/span&gt;\n
      &lt;span class=sf-dump-str title="15563 characters"&gt;}&lt;span class="sf-dump-default sf-dump-ns"&gt;\r\n&lt;/span&gt;&lt;/span&gt;\n
      &lt;span class=sf-dump-str title="15563 characters"&gt;/* Input error state */&lt;span class="sf-dump-default sf-dump-ns"&gt;\r\n&lt;/span&gt;&lt;/span&gt;\n
      &lt;span class=sf-dump-str title="15563 characters"&gt;.pf-input-error {&lt;span class="sf-dump-default sf-dump-ns"&gt;\r\n&lt;/span&gt;&lt;/span&gt;\n
      &lt;span class=sf-dump-str title="15563 characters"&gt;    border-color: #ef4444 !important;&lt;span class="sf-dump-default sf-dump-ns"&gt;\r\n&lt;/span&gt;&lt;/span&gt;\n
      &lt;span class=sf-dump-str title="15563 characters"&gt;    box-shadow: 0 0 0 2px rgba(239,68,68,0.15) !important;&lt;span class="sf-dump-default sf-dump-ns"&gt;\r\n&lt;/span&gt;&lt;/span&gt;\n
      &lt;span class=sf-dump-str title="15563 characters"&gt;}&lt;span class="sf-dump-default sf-dump-ns"&gt;\r\n&lt;/span&gt;&lt;/span&gt;\n
      &lt;span class=sf-dump-str title="15563 characters"&gt;/* Responsive: stack on small screens */&lt;span class="sf-dump-default sf-dump-ns"&gt;\r\n&lt;/span&gt;&lt;/span&gt;\n
      &lt;span class=sf-dump-str title="15563 characters"&gt;@media (max-width: 580px) {&lt;span class="sf-dump-default sf-dump-ns"&gt;\r\n&lt;/span&gt;&lt;/span&gt;\n
      &lt;span class=sf-dump-str title="15563 characters"&gt;    #profileModal .profile-modal-body {&lt;span class="sf-dump-default sf-dump-ns"&gt;\r\n&lt;/span&gt;&lt;/span&gt;\n
      &lt;span class=sf-dump-str title="15563 characters"&gt;        flex-direction: column;&lt;span class="sf-dump-default sf-dump-ns"&gt;\r\n&lt;/span&gt;&lt;/span&gt;\n
      &lt;span class=sf-dump-str title="15563 characters"&gt;        align-items: center;&lt;span class="sf-dump-default sf-dump-ns"&gt;\r\n&lt;/span&gt;&lt;/span&gt;\n
      &lt;span class=sf-dump-str title="15563 characters"&gt;    }&lt;span class="sf-dump-default sf-dump-ns"&gt;\r\n&lt;/span&gt;&lt;/span&gt;\n
      &lt;span class=sf-dump-str title="15563 characters"&gt;    #profileModal .profile-avatar-section {&lt;span class="sf-dump-default sf-dump-ns"&gt;\r\n&lt;/span&gt;&lt;/span&gt;\n
      &lt;span class=sf-dump-str title="15563 characters"&gt;        max-width: 100%;&lt;span class="sf-dump-default sf-dump-ns"&gt;\r\n&lt;/span&gt;&lt;/span&gt;\n
      &lt;span class=sf-dump-str title="15563 characters"&gt;        flex-direction: row;&lt;span class="sf-dump-default sf-dump-ns"&gt;\r\n&lt;/span&gt;&lt;/span&gt;\n
      &lt;span class=sf-dump-str title="15563 characters"&gt;        justify-content: center;&lt;span class="sf-dump-default sf-dump-ns"&gt;\r\n&lt;/span&gt;&lt;/span&gt;\n
      &lt;span class=sf-dump-str title="15563 characters"&gt;        gap: 16px;&lt;span class="sf-dump-default sf-dump-ns"&gt;\r\n&lt;/span&gt;&lt;/span&gt;\n
      &lt;span class=sf-dump-str title="15563 characters"&gt;    }&lt;span class="sf-dump-default sf-dump-ns"&gt;\r\n&lt;/span&gt;&lt;/span&gt;\n
      &lt;span class=sf-dump-str title="15563 characters"&gt;}&lt;span class="sf-dump-default sf-dump-ns"&gt;\r\n&lt;/span&gt;&lt;/span&gt;\n
      &lt;span class=sf-dump-str title="15563 characters"&gt;&amp;lt;/style&amp;gt;&lt;span class="sf-dump-default sf-dump-ns"&gt;\r\n&lt;/span&gt;&lt;/span&gt;\n
      &lt;span class=sf-dump-str title="15563 characters"&gt;&lt;span class="sf-dump-default sf-dump-ns"&gt;\r\n&lt;/span&gt;&lt;/span&gt;\n
      &lt;span class=sf-dump-str title="15563 characters"&gt;&amp;lt;script&amp;gt;&lt;span class="sf-dump-default sf-dump-ns"&gt;\r\n&lt;/span&gt;&lt;/span&gt;\n
      &lt;span class=sf-dump-str title="15563 characters"&gt;    function openProfileModal() {&lt;span class="sf-dump-default sf-dump-ns"&gt;\r\n&lt;/span&gt;&lt;/span&gt;\n
      &lt;span class=sf-dump-str title="15563 characters"&gt;        document.getElementById(&amp;#039;profileModal&amp;#039;).style.display = &amp;#039;flex&amp;#039;;&lt;span class="sf-dump-default sf-dump-ns"&gt;\r\n&lt;/span&gt;&lt;/span&gt;\n
      &lt;span class=sf-dump-str title="15563 characters"&gt;    }&lt;span class="sf-dump-default sf-dump-ns"&gt;\r\n&lt;/span&gt;&lt;/span&gt;\n
      &lt;span class=sf-dump-str title="15563 characters"&gt;&lt;span class="sf-dump-default sf-dump-ns"&gt;\r\n&lt;/span&gt;&lt;/span&gt;\n
      &lt;span class=sf-dump-str title="15563 characters"&gt;    function closeProfileModal() {&lt;span class="sf-dump-default sf-dump-ns"&gt;\r\n&lt;/span&gt;&lt;/span&gt;\n
      &lt;span class=sf-dump-str title="15563 characters"&gt;        document.getElementById(&amp;#039;profileModal&amp;#039;).style.display = &amp;#039;none&amp;#039;;&lt;span class="sf-dump-default sf-dump-ns"&gt;\r\n&lt;/span&gt;&lt;/span&gt;\n
      &lt;span class=sf-dump-str title="15563 characters"&gt;    }&lt;span class="sf-dump-default sf-dump-ns"&gt;\r\n&lt;/span&gt;&lt;/span&gt;\n
      &lt;span class=sf-dump-str title="15563 characters"&gt;&lt;span class="sf-dump-default sf-dump-ns"&gt;\r\n&lt;/span&gt;&lt;/span&gt;\n
      &lt;span class=sf-dump-str title="15563 characters"&gt;    window.addEventListener(&amp;#039;click&amp;#039;, function(event) {&lt;span class="sf-dump-default sf-dump-ns"&gt;\r\n&lt;/span&gt;&lt;/span&gt;\n
      &lt;span class=sf-dump-str title="15563 characters"&gt;        var modal = document.getElementById(&amp;#039;profileModal&amp;#039;);&lt;span class="sf-dump-default sf-dump-ns"&gt;\r\n&lt;/span&gt;&lt;/span&gt;\n
      &lt;span class=sf-dump-str title="15563 characters"&gt;        if (event.target === modal) closeProfileModal();&lt;span class="sf-dump-default sf-dump-ns"&gt;\r\n&lt;/span&gt;&lt;/span&gt;\n
      &lt;span class=sf-dump-str title="15563 characters"&gt;    });&lt;span class="sf-dump-default sf-dump-ns"&gt;\r\n&lt;/span&gt;&lt;/span&gt;\n
      &lt;span class=sf-dump-str title="15563 characters"&gt;&lt;span class="sf-dump-default sf-dump-ns"&gt;\r\n&lt;/span&gt;&lt;/span&gt;\n
      &lt;span class=sf-dump-str title="15563 characters"&gt;    function previewImage(event) {&lt;span class="sf-dump-default sf-dump-ns"&gt;\r\n&lt;/span&gt;&lt;/span&gt;\n
      &lt;span class=sf-dump-str title="15563 characters"&gt;        var file = event.target.files[0];&lt;span class="sf-dump-default sf-dump-ns"&gt;\r\n&lt;/span&gt;&lt;/span&gt;\n
      &lt;span class=sf-dump-str title="15563 characters"&gt;        if (!file) return;&lt;span class="sf-dump-default sf-dump-ns"&gt;\r\n&lt;/span&gt;&lt;/span&gt;\n
      &lt;span class=sf-dump-str title="15563 characters"&gt;        var reader = new FileReader();&lt;span class="sf-dump-default sf-dump-ns"&gt;\r\n&lt;/span&gt;&lt;/span&gt;\n
      &lt;span class=sf-dump-str title="15563 characters"&gt;        reader.onload = function(e) {&lt;span class="sf-dump-default sf-dump-ns"&gt;\r\n&lt;/span&gt;&lt;/span&gt;\n
      &lt;span class=sf-dump-str title="15563 characters"&gt;            var output  = document.getElementById(&amp;#039;avatarPreview&amp;#039;);&lt;span class="sf-dump-default sf-dump-ns"&gt;\r\n&lt;/span&gt;&lt;/span&gt;\n
      &lt;span class=sf-dump-str title="15563 characters"&gt;            var wrapper = document.getElementById(&amp;#039;currentAvatarWrapper&amp;#039;);&lt;span class="sf-dump-default sf-dump-ns"&gt;\r\n&lt;/span&gt;&lt;/span&gt;\n
      &lt;span class=sf-dump-str title="15563 characters"&gt;            if (output)  { output.src = e.target.result; output.style.display = &amp;#039;block&amp;#039;; }&lt;span class="sf-dump-default sf-dump-ns"&gt;\r\n&lt;/span&gt;&lt;/span&gt;\n
      &lt;span class=sf-dump-str title="15563 characters"&gt;            if (wrapper) { wrapper.style.display = &amp;#039;none&amp;#039;; }&lt;span class="sf-dump-default sf-dump-ns"&gt;\r\n&lt;/span&gt;&lt;/span&gt;\n
      &lt;span class=sf-dump-str title="15563 characters"&gt;        };&lt;span class="sf-dump-default sf-dump-ns"&gt;\r\n&lt;/span&gt;&lt;/span&gt;\n
      &lt;span class=sf-dump-str title="15563 characters"&gt;        reader.readAsDataURL(file);&lt;span class="sf-dump-default sf-dump-ns"&gt;\r\n&lt;/span&gt;&lt;/span&gt;\n
      &lt;span class=sf-dump-str title="15563 characters"&gt;    }&lt;span class="sf-dump-default sf-dump-ns"&gt;\r\n&lt;/span&gt;&lt;/span&gt;\n
      &lt;span class=sf-dump-str title="15563 characters"&gt;&lt;span class="sf-dump-default sf-dump-ns"&gt;\r\n&lt;/span&gt;&lt;/span&gt;\n
      &lt;span class=sf-dump-str title="15563 characters"&gt;    function deleteFaceData() {&lt;span class="sf-dump-default sf-dump-ns"&gt;\r\n&lt;/span&gt;&lt;/span&gt;\n
      &lt;span class=sf-dump-str title="15563 characters"&gt;        fetch(&amp;quot;{{ path(&amp;#039;app_face_delete&amp;#039;) }}&amp;quot;, {&lt;span class="sf-dump-default sf-dump-ns"&gt;\r\n&lt;/span&gt;&lt;/span&gt;\n
      &lt;span class=sf-dump-str title="15563 characters"&gt;            method: &amp;#039;POST&amp;#039;,&lt;span class="sf-dump-default sf-dump-ns"&gt;\r\n&lt;/span&gt;&lt;/span&gt;\n
      &lt;span class=sf-dump-str title="15563 characters"&gt;            headers: { &amp;#039;X-Requested-With&amp;#039;: &amp;#039;XMLHttpRequest&amp;#039; }&lt;span class="sf-dump-default sf-dump-ns"&gt;\r\n&lt;/span&gt;&lt;/span&gt;\n
      &lt;span class=sf-dump-str title="15563 characters"&gt;        })&lt;span class="sf-dump-default sf-dump-ns"&gt;\r\n&lt;/span&gt;&lt;/span&gt;\n
      &lt;span class=sf-dump-str title="15563 characters"&gt;        .then(r =&amp;gt; r.json())&lt;span class="sf-dump-default sf-dump-ns"&gt;\r\n&lt;/span&gt;&lt;/span&gt;\n
      &lt;span class=sf-dump-str title="15563 characters"&gt;        .then(data =&amp;gt; {&lt;span class="sf-dump-default sf-dump-ns"&gt;\r\n&lt;/span&gt;&lt;/span&gt;\n
      &lt;span class=sf-dump-str title="15563 characters"&gt;            if (data.success) window.location.reload();&lt;span class="sf-dump-default sf-dump-ns"&gt;\r\n&lt;/span&gt;&lt;/span&gt;\n
      &lt;span class=sf-dump-str title="15563 characters"&gt;            else alert(data.error || &amp;quot;Erreur lors de la suppression.&amp;quot;);&lt;span class="sf-dump-default sf-dump-ns"&gt;\r\n&lt;/span&gt;&lt;/span&gt;\n
      &lt;span class=sf-dump-str title="15563 characters"&gt;        })&lt;span class="sf-dump-default sf-dump-ns"&gt;\r\n&lt;/span&gt;&lt;/span&gt;\n
      &lt;span class=sf-dump-str title="15563 characters"&gt;        .catch(err =&amp;gt; alert(&amp;quot;Erreur r&amp;#233;seau : &amp;quot; + err.message));&lt;span class="sf-dump-default sf-dump-ns"&gt;\r\n&lt;/span&gt;&lt;/span&gt;\n
      &lt;span class=sf-dump-str title="15563 characters"&gt;    }&lt;span class="sf-dump-default sf-dump-ns"&gt;\r\n&lt;/span&gt;&lt;/span&gt;\n
      &lt;span class=sf-dump-str title="15563 characters"&gt;&lt;span class="sf-dump-default sf-dump-ns"&gt;\r\n&lt;/span&gt;&lt;/span&gt;\n
      &lt;span class=sf-dump-str title="15563 characters"&gt;    // &amp;#9472;&amp;#9472; Form submit &amp;#9472;&amp;#9472;&amp;#9472;&amp;#9472;&amp;#9472;&amp;#9472;&amp;#9472;&amp;#9472;&amp;#9472;&amp;#9472;&amp;#9472;&amp;#9472;&amp;#9472;&amp;#9472;&amp;#9472;&amp;#9472;&amp;#9472;&amp;#9472;&amp;#9472;&amp;#9472;&amp;#9472;&amp;#9472;&amp;#9472;&amp;#9472;&amp;#9472;&amp;#9472;&amp;#9472;&amp;#9472;&amp;#9472;&amp;#9472;&amp;#9472;&amp;#9472;&amp;#9472;&amp;#9472;&amp;#9472;&amp;#9472;&amp;#9472;&amp;#9472;&amp;#9472;&amp;#9472;&amp;#9472;&amp;#9472;&amp;#9472;&amp;#9472;&amp;#9472;&amp;#9472;&amp;#9472;&amp;#9472;&amp;#9472;&amp;#9472;&amp;#9472;&amp;#9472;&amp;#9472;&amp;#9472;&amp;#9472;&amp;#9472;&amp;#9472;&lt;span class="sf-dump-default sf-dump-ns"&gt;\r\n&lt;/span&gt;&lt;/span&gt;\n
      &lt;span class=sf-dump-str title="15563 characters"&gt;    document.addEventListener(&amp;#039;DOMContentLoaded&amp;#039;, function() {&lt;span class="sf-dump-default sf-dump-ns"&gt;\r\n&lt;/span&gt;&lt;/span&gt;\n
      &lt;span class=sf-dump-str title="15563 characters"&gt;        const form = document.getElementById(&amp;#039;profileUpdateForm&amp;#039;);&lt;span class="sf-dump-default sf-dump-ns"&gt;\r\n&lt;/span&gt;&lt;/span&gt;\n
      &lt;span class=sf-dump-str title="15563 characters"&gt;        if (!form) return;&lt;span class="sf-dump-default sf-dump-ns"&gt;\r\n&lt;/span&gt;&lt;/span&gt;\n
      &lt;span class=sf-dump-str title="15563 characters"&gt;&lt;span class="sf-dump-default sf-dump-ns"&gt;\r\n&lt;/span&gt;&lt;/span&gt;\n
      &lt;span class=sf-dump-str title="15563 characters"&gt;        form.addEventListener(&amp;#039;submit&amp;#039;, function(e) {&lt;span class="sf-dump-default sf-dump-ns"&gt;\r\n&lt;/span&gt;&lt;/span&gt;\n
      &lt;span class=sf-dump-str title="15563 characters"&gt;            e.preventDefault();&lt;span class="sf-dump-default sf-dump-ns"&gt;\r\n&lt;/span&gt;&lt;/span&gt;\n
      &lt;span class=sf-dump-str title="15563 characters"&gt;&lt;span class="sf-dump-default sf-dump-ns"&gt;\r\n&lt;/span&gt;&lt;/span&gt;\n
      &lt;span class=sf-dump-str title="15563 characters"&gt;            // Clear all errors&lt;span class="sf-dump-default sf-dump-ns"&gt;\r\n&lt;/span&gt;&lt;/span&gt;\n
      &lt;span class=sf-dump-str title="15563 characters"&gt;            document.querySelectorAll(&amp;#039;.pf-field-error&amp;#039;).forEach(el =&amp;gt; el.textContent = &amp;#039;&amp;#039;);&lt;span class="sf-dump-default sf-dump-ns"&gt;\r\n&lt;/span&gt;&lt;/span&gt;\n
      &lt;span class=sf-dump-str title="15563 characters"&gt;            document.querySelectorAll(&amp;#039;.pf-input-error&amp;#039;).forEach(el =&amp;gt; el.classList.remove(&amp;#039;pf-input-error&amp;#039;));&lt;span class="sf-dump-default sf-dump-ns"&gt;\r\n&lt;/span&gt;&lt;/span&gt;\n
      &lt;span class=sf-dump-str title="15563 characters"&gt;            const globalErrors = document.getElementById(&amp;#039;profileErrors&amp;#039;);&lt;span class="sf-dump-default sf-dump-ns"&gt;\r\n&lt;/span&gt;&lt;/span&gt;\n
      &lt;span class=sf-dump-str title="15563 characters"&gt;            globalErrors.style.display = &amp;#039;none&amp;#039;;&lt;span class="sf-dump-default sf-dump-ns"&gt;\r\n&lt;/span&gt;&lt;/span&gt;\n
      &lt;span class=sf-dump-str title="15563 characters"&gt;            document.getElementById(&amp;#039;profileErrorsList&amp;#039;).textContent = &amp;#039;&amp;#039;;&lt;span class="sf-dump-default sf-dump-ns"&gt;\r\n&lt;/span&gt;&lt;/span&gt;\n
      &lt;span class=sf-dump-str title="15563 characters"&gt;&lt;span class="sf-dump-default sf-dump-ns"&gt;\r\n&lt;/span&gt;&lt;/span&gt;\n
      &lt;span class=sf-dump-str title="15563 characters"&gt;            const submitBtn = document.getElementById(&amp;#039;profileSubmitBtn&amp;#039;);&lt;span class="sf-dump-default sf-dump-ns"&gt;\r\n&lt;/span&gt;&lt;/span&gt;\n
      &lt;span class=sf-dump-str title="15563 characters"&gt;            const original  = submitBtn.innerHTML;&lt;span class="sf-dump-default sf-dump-ns"&gt;\r\n&lt;/span&gt;&lt;/span&gt;\n
      &lt;span class=sf-dump-str title="15563 characters"&gt;            submitBtn.innerHTML = &amp;#039;&amp;lt;i class=&amp;quot;fas fa-spinner fa-spin&amp;quot;&amp;gt;&amp;lt;/i&amp;gt; Traitement...&amp;#039;;&lt;span class="sf-dump-default sf-dump-ns"&gt;\r\n&lt;/span&gt;&lt;/span&gt;\n
      &lt;span class=sf-dump-str title="15563 characters"&gt;            submitBtn.disabled  = true;&lt;span class="sf-dump-default sf-dump-ns"&gt;\r\n&lt;/span&gt;&lt;/span&gt;\n
      &lt;span class=sf-dump-str title="15563 characters"&gt;&lt;span class="sf-dump-default sf-dump-ns"&gt;\r\n&lt;/span&gt;&lt;/span&gt;\n
      &lt;span class=sf-dump-str title="15563 characters"&gt;            fetch(&amp;quot;{{ path(&amp;#039;app_profile_update&amp;#039;) }}&amp;quot;, {&lt;span class="sf-dump-default sf-dump-ns"&gt;\r\n&lt;/span&gt;&lt;/span&gt;\n
      &lt;span class=sf-dump-str title="15563 characters"&gt;                method: &amp;#039;POST&amp;#039;,&lt;span class="sf-dump-default sf-dump-ns"&gt;\r\n&lt;/span&gt;&lt;/span&gt;\n
      &lt;span class=sf-dump-str title="15563 characters"&gt;                headers: { &amp;#039;X-Requested-With&amp;#039;: &amp;#039;XMLHttpRequest&amp;#039; },&lt;span class="sf-dump-default sf-dump-ns"&gt;\r\n&lt;/span&gt;&lt;/span&gt;\n
      &lt;span class=sf-dump-str title="15563 characters"&gt;                credentials: &amp;#039;same-origin&amp;#039;,&lt;span class="sf-dump-default sf-dump-ns"&gt;\r\n&lt;/span&gt;&lt;/span&gt;\n
      &lt;span class=sf-dump-str title="15563 characters"&gt;                body: new FormData(form)&lt;span class="sf-dump-default sf-dump-ns"&gt;\r\n&lt;/span&gt;&lt;/span&gt;\n
      &lt;span class=sf-dump-str title="15563 characters"&gt;            })&lt;span class="sf-dump-default sf-dump-ns"&gt;\r\n&lt;/span&gt;&lt;/span&gt;\n
      &lt;span class=sf-dump-str title="15563 characters"&gt;            .then(response =&amp;gt; {&lt;span class="sf-dump-default sf-dump-ns"&gt;\r\n&lt;/span&gt;&lt;/span&gt;\n
      &lt;span class=sf-dump-str title="15563 characters"&gt;                if (response.status === 401) {&lt;span class="sf-dump-default sf-dump-ns"&gt;\r\n&lt;/span&gt;&lt;/span&gt;\n
      &lt;span class=sf-dump-str title="15563 characters"&gt;                    window.location.href = &amp;quot;{{ path(&amp;#039;app_login&amp;#039;) }}&amp;quot;;&lt;span class="sf-dump-default sf-dump-ns"&gt;\r\n&lt;/span&gt;&lt;/span&gt;\n
      &lt;span class=sf-dump-str title="15563 characters"&gt;                    return Promise.reject(&amp;#039;logout&amp;#039;);&lt;span class="sf-dump-default sf-dump-ns"&gt;\r\n&lt;/span&gt;&lt;/span&gt;\n
      &lt;span class=sf-dump-str title="15563 characters"&gt;                }&lt;span class="sf-dump-default sf-dump-ns"&gt;\r\n&lt;/span&gt;&lt;/span&gt;\n
      &lt;span class=sf-dump-str title="15563 characters"&gt;                return response.json().then(data =&amp;gt; ({ status: response.status, body: data }));&lt;span class="sf-dump-default sf-dump-ns"&gt;\r\n&lt;/span&gt;&lt;/span&gt;\n
      &lt;span class=sf-dump-str title="15563 characters"&gt;            })&lt;span class="sf-dump-default sf-dump-ns"&gt;\r\n&lt;/span&gt;&lt;/span&gt;\n
      &lt;span class=sf-dump-str title="15563 characters"&gt;            .then(res =&amp;gt; {&lt;span class="sf-dump-default sf-dump-ns"&gt;\r\n&lt;/span&gt;&lt;/span&gt;\n
      &lt;span class=sf-dump-str title="15563 characters"&gt;                submitBtn.innerHTML = original;&lt;span class="sf-dump-default sf-dump-ns"&gt;\r\n&lt;/span&gt;&lt;/span&gt;\n
      &lt;span class=sf-dump-str title="15563 characters"&gt;                submitBtn.disabled  = false;&lt;span class="sf-dump-default sf-dump-ns"&gt;\r\n&lt;/span&gt;&lt;/span&gt;\n
      &lt;span class=sf-dump-str title="15563 characters"&gt;&lt;span class="sf-dump-default sf-dump-ns"&gt;\r\n&lt;/span&gt;&lt;/span&gt;\n
      &lt;span class=sf-dump-str title="15563 characters"&gt;                if (res.status === 200 &amp;amp;&amp;amp; res.body?.success) {&lt;span class="sf-dump-default sf-dump-ns"&gt;\r\n&lt;/span&gt;&lt;/span&gt;\n
      &lt;span class=sf-dump-str title="15563 characters"&gt;                    window.location.reload();&lt;span class="sf-dump-default sf-dump-ns"&gt;\r\n&lt;/span&gt;&lt;/span&gt;\n
      &lt;span class=sf-dump-str title="15563 characters"&gt;                    return;&lt;span class="sf-dump-default sf-dump-ns"&gt;\r\n&lt;/span&gt;&lt;/span&gt;\n
      &lt;span class=sf-dump-str title="15563 characters"&gt;                }&lt;span class="sf-dump-default sf-dump-ns"&gt;\r\n&lt;/span&gt;&lt;/span&gt;\n
      &lt;span class=sf-dump-str title="15563 characters"&gt;&lt;span class="sf-dump-default sf-dump-ns"&gt;\r\n&lt;/span&gt;&lt;/span&gt;\n
      &lt;span class=sf-dump-str title="15563 characters"&gt;                const errs = res.body?.errors || {};&lt;span class="sf-dump-default sf-dump-ns"&gt;\r\n&lt;/span&gt;&lt;/span&gt;\n
      &lt;span class=sf-dump-str title="15563 characters"&gt;                let hasFieldError = false;&lt;span class="sf-dump-default sf-dump-ns"&gt;\r\n&lt;/span&gt;&lt;/span&gt;\n
      &lt;span class=sf-dump-str title="15563 characters"&gt;&lt;span class="sf-dump-default sf-dump-ns"&gt;\r\n&lt;/span&gt;&lt;/span&gt;\n
      &lt;span class=sf-dump-str title="15563 characters"&gt;                // errors is now a key-&amp;gt;message dict&lt;span class="sf-dump-default sf-dump-ns"&gt;\r\n&lt;/span&gt;&lt;/span&gt;\n
      &lt;span class=sf-dump-str title="15563 characters"&gt;                if (typeof errs === &amp;#039;object&amp;#039; &amp;amp;&amp;amp; !Array.isArray(errs)) {&lt;span class="sf-dump-default sf-dump-ns"&gt;\r\n&lt;/span&gt;&lt;/span&gt;\n
      &lt;span class=sf-dump-str title="15563 characters"&gt;                    Object.entries(errs).forEach(([field, msg]) =&amp;gt; {&lt;span class="sf-dump-default sf-dump-ns"&gt;\r\n&lt;/span&gt;&lt;/span&gt;\n
      &lt;span class=sf-dump-str title="15563 characters"&gt;                        const errDiv = document.getElementById(&amp;#039;err-&amp;#039; + field);&lt;span class="sf-dump-default sf-dump-ns"&gt;\r\n&lt;/span&gt;&lt;/span&gt;\n
      &lt;span class=sf-dump-str title="15563 characters"&gt;                        const input  = document.getElementById(&amp;#039;pf-&amp;#039; + field)&lt;span class="sf-dump-default sf-dump-ns"&gt;\r\n&lt;/span&gt;&lt;/span&gt;\n
      &lt;span class=sf-dump-str title="15563 characters"&gt;                                    || form.querySelector(&amp;#039;[name=&amp;quot;&amp;#039; + field + &amp;#039;&amp;quot;]&amp;#039;);&lt;span class="sf-dump-default sf-dump-ns"&gt;\r\n&lt;/span&gt;&lt;/span&gt;\n
      &lt;span class=sf-dump-str title="15563 characters"&gt;                        if (errDiv) { errDiv.textContent = msg; hasFieldError = true; }&lt;span class="sf-dump-default sf-dump-ns"&gt;\r\n&lt;/span&gt;&lt;/span&gt;\n
      &lt;span class=sf-dump-str title="15563 characters"&gt;                        if (input)  { input.classList.add(&amp;#039;pf-input-error&amp;#039;); }&lt;span class="sf-dump-default sf-dump-ns"&gt;\r\n&lt;/span&gt;&lt;/span&gt;\n
      &lt;span class=sf-dump-str title="15563 characters"&gt;                    });&lt;span class="sf-dump-default sf-dump-ns"&gt;\r\n&lt;/span&gt;&lt;/span&gt;\n
      &lt;span class=sf-dump-str title="15563 characters"&gt;                }&lt;span class="sf-dump-default sf-dump-ns"&gt;\r\n&lt;/span&gt;&lt;/span&gt;\n
      &lt;span class=sf-dump-str title="15563 characters"&gt;&lt;span class="sf-dump-default sf-dump-ns"&gt;\r\n&lt;/span&gt;&lt;/span&gt;\n
      &lt;span class=sf-dump-str title="15563 characters"&gt;                if (!hasFieldError) {&lt;span class="sf-dump-default sf-dump-ns"&gt;\r\n&lt;/span&gt;&lt;/span&gt;\n
      &lt;span class=sf-dump-str title="15563 characters"&gt;                    // Fallback: show as list&lt;span class="sf-dump-default sf-dump-ns"&gt;\r\n&lt;/span&gt;&lt;/span&gt;\n
      &lt;span class=sf-dump-str title="15563 characters"&gt;                    const msgs = Array.isArray(errs) ? errs : Object.values(errs);&lt;span class="sf-dump-default sf-dump-ns"&gt;\r\n&lt;/span&gt;&lt;/span&gt;\n
      &lt;span class=sf-dump-str title="15563 characters"&gt;                    document.getElementById(&amp;#039;profileErrorsList&amp;#039;).textContent = msgs.join(&amp;#039; | &amp;#039;) || &amp;#039;Erreur inconnue.&amp;#039;;&lt;span class="sf-dump-default sf-dump-ns"&gt;\r\n&lt;/span&gt;&lt;/span&gt;\n
      &lt;span class=sf-dump-str title="15563 characters"&gt;                    globalErrors.style.display = &amp;#039;block&amp;#039;;&lt;span class="sf-dump-default sf-dump-ns"&gt;\r\n&lt;/span&gt;&lt;/span&gt;\n
      &lt;span class=sf-dump-str title="15563 characters"&gt;                }&lt;span class="sf-dump-default sf-dump-ns"&gt;\r\n&lt;/span&gt;&lt;/span&gt;\n
      &lt;span class=sf-dump-str title="15563 characters"&gt;&lt;span class="sf-dump-default sf-dump-ns"&gt;\r\n&lt;/span&gt;&lt;/span&gt;\n
      &lt;span class=sf-dump-str title="15563 characters"&gt;                // Scroll to top of body to reveal errors&lt;span class="sf-dump-default sf-dump-ns"&gt;\r\n&lt;/span&gt;&lt;/span&gt;\n
      &lt;span class=sf-dump-str title="15563 characters"&gt;                document.querySelector(&amp;#039;#profileModal .profile-modal-body&amp;#039;).scrollTop = 0;&lt;span class="sf-dump-default sf-dump-ns"&gt;\r\n&lt;/span&gt;&lt;/span&gt;\n
      &lt;span class=sf-dump-str title="15563 characters"&gt;            })&lt;span class="sf-dump-default sf-dump-ns"&gt;\r\n&lt;/span&gt;&lt;/span&gt;\n
      &lt;span class=sf-dump-str title="15563 characters"&gt;            .catch(err =&amp;gt; {&lt;span class="sf-dump-default sf-dump-ns"&gt;\r\n&lt;/span&gt;&lt;/span&gt;\n
      &lt;span class=sf-dump-str title="15563 characters"&gt;                if (err === &amp;#039;logout&amp;#039;) return;&lt;span class="sf-dump-default sf-dump-ns"&gt;\r\n&lt;/span&gt;&lt;/span&gt;\n
      &lt;span class=sf-dump-str title="15563 characters"&gt;                submitBtn.innerHTML = original;&lt;span class="sf-dump-default sf-dump-ns"&gt;\r\n&lt;/span&gt;&lt;/span&gt;\n
      &lt;span class=sf-dump-str title="15563 characters"&gt;                submitBtn.disabled  = false;&lt;span class="sf-dump-default sf-dump-ns"&gt;\r\n&lt;/span&gt;&lt;/span&gt;\n
      &lt;span class=sf-dump-str title="15563 characters"&gt;                document.getElementById(&amp;#039;profileErrorsList&amp;#039;).textContent = &amp;#039;Erreur r&amp;#233;seau de communication avec le serveur.&amp;#039;;&lt;span class="sf-dump-default sf-dump-ns"&gt;\r\n&lt;/span&gt;&lt;/span&gt;\n
      &lt;span class=sf-dump-str title="15563 characters"&gt;                document.getElementById(&amp;#039;profileErrors&amp;#039;).style.display = &amp;#039;block&amp;#039;;&lt;span class="sf-dump-default sf-dump-ns"&gt;\r\n&lt;/span&gt;&lt;/span&gt;\n
      &lt;span class=sf-dump-str title="15563 characters"&gt;            });&lt;span class="sf-dump-default sf-dump-ns"&gt;\r\n&lt;/span&gt;&lt;/span&gt;\n
      &lt;span class=sf-dump-str title="15563 characters"&gt;        });&lt;span class="sf-dump-default sf-dump-ns"&gt;\r\n&lt;/span&gt;&lt;/span&gt;\n
      &lt;span class=sf-dump-str title="15563 characters"&gt;    });&lt;span class="sf-dump-default sf-dump-ns"&gt;\r\n&lt;/span&gt;&lt;/span&gt;\n
      &lt;span class=sf-dump-str title="15563 characters"&gt;&amp;lt;/script&amp;gt;&lt;span class="sf-dump-default sf-dump-ns"&gt;\r\n&lt;/span&gt;&lt;/span&gt;\n
      &lt;span class=sf-dump-str title="15563 characters"&gt;&lt;span class="sf-dump-default sf-dump-ns"&gt;\r\n&lt;/span&gt;&lt;/span&gt;\n
      &lt;span class=sf-dump-str title="15563 characters"&gt;&amp;lt;!-- Face registration modal --&amp;gt;&lt;span class="sf-dump-default sf-dump-ns"&gt;\r\n&lt;/span&gt;&lt;/span&gt;\n
      &lt;span class=sf-dump-str title="15563 characters"&gt;{% include &amp;#039;components/_face_registration_modal.html.twig&amp;#039; %}&lt;span class="sf-dump-default sf-dump-ns"&gt;\r\n&lt;/span&gt;&lt;/span&gt;\n
      """\n
    -&lt;span class=sf-dump-private title="Private property defined in class:&amp;#10;`Twig\Source`"&gt;name&lt;/span&gt;: "&lt;span class=sf-dump-str title="35 characters"&gt;components/_profile_modal.html.twig&lt;/span&gt;"\n
    -&lt;span class=sf-dump-private title="Private property defined in class:&amp;#10;`Twig\Source`"&gt;path&lt;/span&gt;: "&lt;span class=sf-dump-str title="102 characters"&gt;C:\Users\sliti\Desktop\dev\esprit-PIDEV-3A16-2526-FARMIA\templates\components\_profile_modal.html.twig&lt;/span&gt;"\n
  &lt;/samp&gt;}\n
  -&lt;span class=sf-dump-private title="Private property defined in class:&amp;#10;`Twig\Error\Error`"&gt;phpFile&lt;/span&gt;: "&lt;span class=sf-dump-str title="105 characters"&gt;C:\Users\sliti\Desktop\dev\esprit-PIDEV-3A16-2526-FARMIA\vendor\twig\twig\src\Extension\CoreExtension.php&lt;/span&gt;"\n
  -&lt;span class=sf-dump-private title="Private property defined in class:&amp;#10;`Twig\Error\Error`"&gt;phpLine&lt;/span&gt;: &lt;span class=sf-dump-num&gt;1749&lt;/span&gt;\n
&lt;/samp&gt;}\n
&lt;/pre&gt;&lt;script&gt;Sfdump("sf-dump-653293002")&lt;/script&gt;\n
                    &lt;/div&gt;\n
                &lt;/details&gt;\n
                    &lt;/div&gt;\n
\n
        &lt;div id="trace-html-1" class="sf-toggle-content"&gt;\n
                    &lt;div class="trace-line "&gt;\n
                &lt;div class="trace-line-header break-long-words sf-toggle" data-toggle-selector="#trace-html-1-0" data-toggle-initial="display"&gt;\n
            &lt;span class="icon icon-close"&gt;&lt;svg width="1792" height="1792" viewBox="0 0 1792 1792" xmlns="http://www.w3.org/2000/svg"&gt;&lt;path d="M1408 960V832q0-26-19-45t-45-19H448q-26 0-45 19t-19 45v128q0 26 19 45t45 19h896q26 0 45-19t19-45zm256-544v960q0 119-84.5 203.5T1376 1664H416q-119 0-203.5-84.5T128 1376V416q0-119 84.5-203.5T416 128h960q119 0 203.5 84.5T1664 416z"/&gt;&lt;/svg&gt;&lt;/span&gt;\n
        &lt;span class="icon icon-open"&gt;&lt;svg width="1792" height="1792" viewBox="0 0 1792 1792" xmlns="http://www.w3.org/2000/svg"&gt;&lt;path d="M1408 960V832q0-26-19-45t-45-19h-320V448q0-26-19-45t-45-19H832q-26 0-45 19t-19 45v320H448q-26 0-45 19t-19 45v128q0 26 19 45t45 19h320v320q0 26 19 45t45 19h128q26 0 45-19t19-45v-320h320q26 0 45-19t19-45zm256-544v960q0 119-84.5 203.5T1376 1664H416q-119 0-203.5-84.5T128 1376V416q0-119 84.5-203.5T416 128h960q119 0 203.5 84.5T1664 416z"/&gt;&lt;/svg&gt;&lt;/span&gt;\n
    \n
    \n
                    &lt;span class="block trace-file-path"&gt;\n
            in\n
            &lt;a href="file://C:\Users\sliti\Desktop\dev\esprit-PIDEV-3A16-2526-FARMIA\templates\components\_profile_modal.html.twig#L53"&gt;\n
                C:\Users\sliti\Desktop\dev\esprit-PIDEV-3A16-2526-FARMIA\templates\components\&lt;strong&gt;_profile_modal.html.twig&lt;/strong&gt;\n
            &lt;/a&gt;\n
                        (line 53)\n
            &lt;span class="icon icon-copy hidden" data-clipboard-text="C:\Users\sliti\Desktop\dev\esprit-PIDEV-3A16-2526-FARMIA\templates\components\_profile_modal.html.twig:53"&gt;\n
                &lt;svg xmlns="http://www.w3.org/2000/svg" height="24" viewBox="0 0 24 24" width="24"&gt;&lt;path d="M0 0h24v24H0z" fill="none"/&gt;&lt;path d="M16 1H4c-1.1 0-2 .9-2 2v14h2V3h12V1zm3 4H8c-1.1 0-2 .9-2 2v14c0 1.1.9 2 2 2h11c1.1 0 2-.9 2-2V7c0-1.1-.9-2-2-2zm0 16H8V7h11v14z"/&gt;&lt;/svg&gt;            &lt;/span&gt;\n
        &lt;/span&gt;\n
    &lt;/div&gt;\n
    &lt;div id="trace-html-1-0" class="trace-code sf-toggle-content"&gt;\n
        &lt;ol start="48"&gt;&lt;li&gt;&lt;code&gt;&amp;nbsp;&amp;nbsp;&amp;nbsp;&amp;nbsp;&amp;nbsp;&amp;nbsp;&amp;nbsp;&amp;nbsp;&amp;nbsp;&amp;nbsp;&amp;nbsp;&amp;nbsp;&amp;nbsp;&amp;nbsp;&amp;nbsp;&amp;nbsp;&amp;nbsp;&amp;nbsp;&amp;nbsp;&amp;nbsp;&amp;nbsp;&amp;nbsp;&amp;nbsp;&amp;nbsp;&amp;lt;span&amp;nbsp;id="profileErrorsList"&amp;gt;&amp;lt;/span&amp;gt;&lt;/code&gt;&lt;/li&gt;\n
&lt;li&gt;&lt;code&gt;&amp;nbsp;&amp;nbsp;&amp;nbsp;&amp;nbsp;&amp;nbsp;&amp;nbsp;&amp;nbsp;&amp;nbsp;&amp;nbsp;&amp;nbsp;&amp;nbsp;&amp;nbsp;&amp;nbsp;&amp;nbsp;&amp;nbsp;&amp;nbsp;&amp;nbsp;&amp;nbsp;&amp;nbsp;&amp;nbsp;&amp;lt;/div&amp;gt;&lt;/code&gt;&lt;/li&gt;\n
&lt;li&gt;&lt;code&gt;&lt;/code&gt;&lt;/li&gt;\n
&lt;li&gt;&lt;code&gt;&amp;nbsp;&amp;nbsp;&amp;nbsp;&amp;nbsp;&amp;nbsp;&amp;nbsp;&amp;nbsp;&amp;nbsp;&amp;nbsp;&amp;nbsp;&amp;nbsp;&amp;nbsp;&amp;nbsp;&amp;nbsp;&amp;nbsp;&amp;nbsp;&amp;nbsp;&amp;nbsp;&amp;nbsp;&amp;nbsp;&amp;lt;div&amp;nbsp;class="form-row"&amp;gt;&lt;/code&gt;&lt;/li&gt;\n
&lt;li&gt;&lt;code&gt;&amp;nbsp;&amp;nbsp;&amp;nbsp;&amp;nbsp;&amp;nbsp;&amp;nbsp;&amp;nbsp;&amp;nbsp;&amp;nbsp;&amp;nbsp;&amp;nbsp;&amp;nbsp;&amp;nbsp;&amp;nbsp;&amp;nbsp;&amp;nbsp;&amp;nbsp;&amp;nbsp;&amp;nbsp;&amp;nbsp;&amp;nbsp;&amp;nbsp;&amp;nbsp;&amp;nbsp;&amp;lt;label&amp;gt;Nom:&amp;lt;/label&amp;gt;&lt;/code&gt;&lt;/li&gt;\n
&lt;li class="selected"&gt;&lt;code&gt;&amp;nbsp;&amp;nbsp;&amp;nbsp;&amp;nbsp;&amp;nbsp;&amp;nbsp;&amp;nbsp;&amp;nbsp;&amp;nbsp;&amp;nbsp;&amp;nbsp;&amp;nbsp;&amp;nbsp;&amp;nbsp;&amp;nbsp;&amp;nbsp;&amp;nbsp;&amp;nbsp;&amp;nbsp;&amp;nbsp;&amp;nbsp;&amp;nbsp;&amp;nbsp;&amp;nbsp;&amp;lt;input&amp;nbsp;type="text"&amp;nbsp;name="nom"&amp;nbsp;id="pf-nom"&amp;nbsp;class="profile-input"&amp;nbsp;value="{{&amp;nbsp;app.user.nom&amp;nbsp;}}"&amp;gt;&lt;/code&gt;&lt;/li&gt;\n
&lt;li&gt;&lt;code&gt;&amp;nbsp;&amp;nbsp;&amp;nbsp;&amp;nbsp;&amp;nbsp;&amp;nbsp;&amp;nbsp;&amp;nbsp;&amp;nbsp;&amp;nbsp;&amp;nbsp;&amp;nbsp;&amp;nbsp;&amp;nbsp;&amp;nbsp;&amp;nbsp;&amp;nbsp;&amp;nbsp;&amp;nbsp;&amp;nbsp;&amp;nbsp;&amp;nbsp;&amp;nbsp;&amp;nbsp;&amp;lt;div&amp;nbsp;class="pf-field-error"&amp;nbsp;id="err-nom"&amp;gt;&amp;lt;/div&amp;gt;&lt;/code&gt;&lt;/li&gt;\n
&lt;li&gt;&lt;code&gt;&amp;nbsp;&amp;nbsp;&amp;nbsp;&amp;nbsp;&amp;nbsp;&amp;nbsp;&amp;nbsp;&amp;nbsp;&amp;nbsp;&amp;nbsp;&amp;nbsp;&amp;nbsp;&amp;nbsp;&amp;nbsp;&amp;nbsp;&amp;nbsp;&amp;nbsp;&amp;nbsp;&amp;nbsp;&amp;nbsp;&amp;lt;/div&amp;gt;&lt;/code&gt;&lt;/li&gt;\n
&lt;li&gt;&lt;code&gt;&amp;nbsp;&amp;nbsp;&amp;nbsp;&amp;nbsp;&amp;nbsp;&amp;nbsp;&amp;nbsp;&amp;nbsp;&amp;nbsp;&amp;nbsp;&amp;nbsp;&amp;nbsp;&amp;nbsp;&amp;nbsp;&amp;nbsp;&amp;nbsp;&amp;nbsp;&amp;nbsp;&amp;nbsp;&amp;nbsp;&lt;/code&gt;&lt;/li&gt;\n
&lt;li&gt;&lt;code&gt;&amp;nbsp;&amp;nbsp;&amp;nbsp;&amp;nbsp;&amp;nbsp;&amp;nbsp;&amp;nbsp;&amp;nbsp;&amp;nbsp;&amp;nbsp;&amp;nbsp;&amp;nbsp;&amp;nbsp;&amp;nbsp;&amp;nbsp;&amp;nbsp;&amp;nbsp;&amp;nbsp;&amp;nbsp;&amp;nbsp;&amp;lt;div&amp;nbsp;class="form-row"&amp;gt;&lt;/code&gt;&lt;/li&gt;\n
&lt;li&gt;&lt;code&gt;&amp;nbsp;&amp;nbsp;&amp;nbsp;&amp;nbsp;&amp;nbsp;&amp;nbsp;&amp;nbsp;&amp;nbsp;&amp;nbsp;&amp;nbsp;&amp;nbsp;&amp;nbsp;&amp;nbsp;&amp;nbsp;&amp;nbsp;&amp;nbsp;&amp;nbsp;&amp;nbsp;&amp;nbsp;&amp;nbsp;&amp;nbsp;&amp;nbsp;&amp;nbsp;&amp;nbsp;&amp;lt;label&amp;gt;Prénom:&amp;lt;/label&amp;gt;&lt;/code&gt;&lt;/li&gt;&lt;/ol&gt;    &lt;/div&gt;            &lt;/div&gt;\n
                        &lt;div class="trace-line "&gt;\n
                &lt;div class="trace-line-header break-long-words sf-toggle" data-toggle-selector="#trace-html-1-1" data-toggle-initial=""&gt;\n
            &lt;span class="icon icon-close"&gt;&lt;svg width="1792" height="1792" viewBox="0 0 1792 1792" xmlns="http://www.w3.org/2000/svg"&gt;&lt;path d="M1408 960V832q0-26-19-45t-45-19H448q-26 0-45 19t-19 45v128q0 26 19 45t45 19h896q26 0 45-19t19-45zm256-544v960q0 119-84.5 203.5T1376 1664H416q-119 0-203.5-84.5T128 1376V416q0-119 84.5-203.5T416 128h960q119 0 203.5 84.5T1664 416z"/&gt;&lt;/svg&gt;&lt;/span&gt;\n
        &lt;span class="icon icon-open"&gt;&lt;svg width="1792" height="1792" viewBox="0 0 1792 1792" xmlns="http://www.w3.org/2000/svg"&gt;&lt;path d="M1408 960V832q0-26-19-45t-45-19h-320V448q0-26-19-45t-45-19H832q-26 0-45 19t-19 45v320H448q-26 0-45 19t-19 45v128q0 26 19 45t45 19h320v320q0 26 19 45t45 19h128q26 0 45-19t19-45v-320h320q26 0 45-19t19-45zm256-544v960q0 119-84.5 203.5T1376 1664H416q-119 0-203.5-84.5T128 1376V416q0-119 84.5-203.5T416 128h960q119 0 203.5 84.5T1664 416z"/&gt;&lt;/svg&gt;&lt;/span&gt;\n
    \n
            &lt;span class="trace-class"&gt;&lt;abbr title="Twig\Extension\CoreExtension"&gt;CoreExtension&lt;/abbr&gt;&lt;/span&gt;&lt;span class="trace-type"&gt;::&lt;/span&gt;&lt;span class="trace-method"&gt;getAttribute&lt;/span&gt;&lt;span class="trace-arguments"&gt;(&lt;em&gt;object&lt;/em&gt;(&lt;abbr title="Twig\Environment"&gt;Environment&lt;/abbr&gt;), &lt;em&gt;object&lt;/em&gt;(&lt;abbr title="Twig\Source"&gt;Source&lt;/abbr&gt;), &lt;em&gt;null&lt;/em&gt;, 'nom', &lt;em&gt;array&lt;/em&gt;(), 'any', &lt;em&gt;false&lt;/em&gt;, &lt;em&gt;false&lt;/em&gt;, &lt;em&gt;false&lt;/em&gt;, 53)&lt;/span&gt;    \n
                    &lt;span class="block trace-file-path"&gt;\n
            in\n
            &lt;a href="file://C:\Users\sliti\Desktop\dev\esprit-PIDEV-3A16-2526-FARMIA\var\cache\test\twig\5d\5d07f95a04aea814789e466f36922b83.php#L118"&gt;\n
                C:\Users\sliti\Desktop\dev\esprit-PIDEV-3A16-2526-FARMIA\var\cache\test\twig\5d\&lt;strong&gt;5d07f95a04aea814789e466f36922b83.php&lt;/strong&gt;\n
            &lt;/a&gt;\n
                        (line 118)\n
            &lt;span class="icon icon-copy hidden" data-clipboard-text="C:\Users\sliti\Desktop\dev\esprit-PIDEV-3A16-2526-FARMIA\var\cache\test\twig\5d\5d07f95a04aea814789e466f36922b83.php:118"&gt;\n
                &lt;svg xmlns="http://www.w3.org/2000/svg" height="24" viewBox="0 0 24 24" width="24"&gt;&lt;path d="M0 0h24v24H0z" fill="none"/&gt;&lt;path d="M16 1H4c-1.1 0-2 .9-2 2v14h2V3h12V1zm3 4H8c-1.1 0-2 .9-2 2v14c0 1.1.9 2 2 2h11c1.1 0 2-.9 2-2V7c0-1.1-.9-2-2-2zm0 16H8V7h11v14z"/&gt;&lt;/svg&gt;            &lt;/span&gt;\n
        &lt;/span&gt;\n
    &lt;/div&gt;\n
    &lt;div id="trace-html-1-1" class="trace-code sf-toggle-content"&gt;\n
        &lt;ol start="113"&gt;&lt;li&gt;&lt;code&gt;&lt;span style="color: var(--highlight-string)"&gt;&lt;/span&gt;&lt;/code&gt;&lt;/li&gt;\n
&lt;li&gt;&lt;code&gt;&lt;span style="color: var(--highlight-string)"&gt;&amp;nbsp;&amp;nbsp;&amp;nbsp;&amp;nbsp;&amp;nbsp;&amp;nbsp;&amp;nbsp;&amp;nbsp;&amp;nbsp;&amp;nbsp;&amp;nbsp;&amp;nbsp;&amp;nbsp;&amp;nbsp;&amp;nbsp;&amp;nbsp;&amp;nbsp;&amp;nbsp;&amp;nbsp;&amp;nbsp;&amp;lt;div&amp;nbsp;class=\"form-row\"&amp;gt;&lt;/span&gt;&lt;/code&gt;&lt;/li&gt;\n
&lt;li&gt;&lt;code&gt;&lt;span style="color: var(--highlight-string)"&gt;&amp;nbsp;&amp;nbsp;&amp;nbsp;&amp;nbsp;&amp;nbsp;&amp;nbsp;&amp;nbsp;&amp;nbsp;&amp;nbsp;&amp;nbsp;&amp;nbsp;&amp;nbsp;&amp;nbsp;&amp;nbsp;&amp;nbsp;&amp;nbsp;&amp;nbsp;&amp;nbsp;&amp;nbsp;&amp;nbsp;&amp;nbsp;&amp;nbsp;&amp;nbsp;&amp;nbsp;&amp;lt;label&amp;gt;Nom:&amp;lt;/label&amp;gt;&lt;/span&gt;&lt;/code&gt;&lt;/li&gt;\n
&lt;li&gt;&lt;code&gt;&lt;span style="color: var(--highlight-string)"&gt;&amp;nbsp;&amp;nbsp;&amp;nbsp;&amp;nbsp;&amp;nbsp;&amp;nbsp;&amp;nbsp;&amp;nbsp;&amp;nbsp;&amp;nbsp;&amp;nbsp;&amp;nbsp;&amp;nbsp;&amp;nbsp;&amp;nbsp;&amp;nbsp;&amp;nbsp;&amp;nbsp;&amp;nbsp;&amp;nbsp;&amp;nbsp;&amp;nbsp;&amp;nbsp;&amp;nbsp;&amp;lt;input&amp;nbsp;type=\"text\"&amp;nbsp;name=\"nom\"&amp;nbsp;id=\"pf-nom\"&amp;nbsp;class=\"profile-input\"&amp;nbsp;value=\""&lt;/span&gt;&lt;span style="color: var(--highlight-keyword)"&gt;;&lt;/span&gt;&lt;/code&gt;&lt;/li&gt;\n
&lt;li&gt;&lt;code&gt;&lt;span style="color: var(--highlight-keyword)"&gt;&amp;nbsp;&amp;nbsp;&amp;nbsp;&amp;nbsp;&amp;nbsp;&amp;nbsp;&amp;nbsp;&amp;nbsp;&lt;/span&gt;&lt;span style="color: var(--highlight-comment)"&gt;//&amp;nbsp;line&amp;nbsp;53&lt;/span&gt;&lt;/code&gt;&lt;/li&gt;\n
&lt;li class="selected"&gt;&lt;code&gt;&lt;span style="color: var(--highlight-comment)"&gt;&amp;nbsp;&amp;nbsp;&amp;nbsp;&amp;nbsp;&amp;nbsp;&amp;nbsp;&amp;nbsp;&amp;nbsp;&lt;/span&gt;&lt;span style="color: var(--highlight-keyword)"&gt;yield&amp;nbsp;&lt;/span&gt;&lt;span style="color: var(--highlight-default)"&gt;$this&lt;/span&gt;&lt;span style="color: var(--highlight-keyword)"&gt;-&amp;gt;&lt;/span&gt;&lt;span style="color: var(--highlight-default)"&gt;env&lt;/span&gt;&lt;span style="color: var(--highlight-keyword)"&gt;-&amp;gt;&lt;/span&gt;&lt;span style="color: var(--highlight-default)"&gt;getRuntime&lt;/span&gt;&lt;span style="color: var(--highlight-keyword)"&gt;(&lt;/span&gt;&lt;span style="color: var(--highlight-string)"&gt;'Twig\Runtime\EscaperRuntime'&lt;/span&gt;&lt;span style="color: var(--highlight-keyword)"&gt;)-&amp;gt;&lt;/span&gt;&lt;span style="color: var(--highlight-default)"&gt;escape&lt;/span&gt;&lt;span style="color: var(--highlight-keyword)"&gt;(&lt;/span&gt;&lt;span style="color: var(--highlight-default)"&gt;CoreExtension&lt;/span&gt;&lt;span style="color: var(--highlight-keyword)"&gt;::&lt;/span&gt;&lt;span style="color: var(--highlight-default)"&gt;getAttribute&lt;/span&gt;&lt;span style="color: var(--highlight-keyword)"&gt;(&lt;/span&gt;&lt;span style="color: var(--highlight-default)"&gt;$this&lt;/span&gt;&lt;span style="color: var(--highlight-keyword)"&gt;-&amp;gt;&lt;/span&gt;&lt;span style="color: var(--highlight-default)"&gt;env&lt;/span&gt;&lt;span style="color: var(--highlight-keyword)"&gt;,&amp;nbsp;&lt;/span&gt;&lt;span style="color: var(--highlight-default)"&gt;$this&lt;/span&gt;&lt;span style="color: var(--highlight-keyword)"&gt;-&amp;gt;&lt;/span&gt;&lt;span style="color: var(--highlight-default)"&gt;source&lt;/span&gt;&lt;span style="color: var(--highlight-keyword)"&gt;,&amp;nbsp;&lt;/span&gt;&lt;span style="color: var(--highlight-default)"&gt;CoreExtension&lt;/span&gt;&lt;span style="color: var(--highlight-keyword)"&gt;::&lt;/span&gt;&lt;span style="color: var(--highlight-default)"&gt;getAttribute&lt;/span&gt;&lt;span style="color: var(--highlight-keyword)"&gt;(&lt;/span&gt;&lt;span style="color: var(--highlight-default)"&gt;$this&lt;/span&gt;&lt;span style="color: var(--highlight-keyword)"&gt;-&amp;gt;&lt;/span&gt;&lt;span style="color: var(--highlight-default)"&gt;env&lt;/span&gt;&lt;span style="color: var(--highlight-keyword)"&gt;,&amp;nbsp;&lt;/span&gt;&lt;span style="color: var(--highlight-default)"&gt;$this&lt;/span&gt;&lt;span style="color: var(--highlight-keyword)"&gt;-&amp;gt;&lt;/span&gt;&lt;span style="color: var(--highlight-default)"&gt;source&lt;/span&gt;&lt;span style="color: var(--highlight-keyword)"&gt;,&amp;nbsp;(isset(&lt;/span&gt;&lt;span style="color: var(--highlight-default)"&gt;$context&lt;/span&gt;&lt;span style="color: var(--highlight-keyword)"&gt;[&lt;/span&gt;&lt;span style="color: var(--highlight-string)"&gt;"app"&lt;/span&gt;&lt;span style="color: var(--highlight-keyword)"&gt;])&amp;nbsp;||&amp;nbsp;&lt;/span&gt;&lt;span style="color: var(--highlight-default)"&gt;array_key_exists&lt;/span&gt;&lt;span style="color: var(--highlight-keyword)"&gt;(&lt;/span&gt;&lt;span style="color: var(--highlight-string)"&gt;"app"&lt;/span&gt;&lt;span style="color: var(--highlight-keyword)"&gt;,&amp;nbsp;&lt;/span&gt;&lt;span style="color: var(--highlight-default)"&gt;$context&lt;/span&gt;&lt;span style="color: var(--highlight-keyword)"&gt;)&amp;nbsp;?&amp;nbsp;&lt;/span&gt;&lt;span style="color: var(--highlight-default)"&gt;$context&lt;/span&gt;&lt;span style="color: var(--highlight-keyword)"&gt;[&lt;/span&gt;&lt;span style="color: var(--highlight-string)"&gt;"app"&lt;/span&gt;&lt;span style="color: var(--highlight-keyword)"&gt;]&amp;nbsp;:&amp;nbsp;(function&amp;nbsp;()&amp;nbsp;{&amp;nbsp;throw&amp;nbsp;new&amp;nbsp;&lt;/span&gt;&lt;span style="color: var(--highlight-default)"&gt;RuntimeError&lt;/span&gt;&lt;span style="color: var(--highlight-keyword)"&gt;(&lt;/span&gt;&lt;span style="color: var(--highlight-string)"&gt;'Variable&amp;nbsp;"app"&amp;nbsp;does&amp;nbsp;not&amp;nbsp;exist.'&lt;/span&gt;&lt;span style="color: var(--highlight-keyword)"&gt;,&amp;nbsp;&lt;/span&gt;&lt;span style="color: var(--highlight-default)"&gt;53&lt;/span&gt;&lt;span style="color: var(--highlight-keyword)"&gt;,&amp;nbsp;&lt;/span&gt;&lt;span style="color: var(--highlight-default)"&gt;$this&lt;/span&gt;&lt;span style="color: var(--highlight-keyword)"&gt;-&amp;gt;&lt;/span&gt;&lt;span style="color: var(--highlight-default)"&gt;source&lt;/span&gt;&lt;span style="color: var(--highlight-keyword)"&gt;);&amp;nbsp;})()),&amp;nbsp;&lt;/span&gt;&lt;span style="color: var(--highlight-string)"&gt;"user"&lt;/span&gt;&lt;span style="color: var(--highlight-keyword)"&gt;,&amp;nbsp;[],&amp;nbsp;&lt;/span&gt;&lt;span style="color: var(--highlight-string)"&gt;"any"&lt;/span&gt;&lt;span style="color: var(--highlight-keyword)"&gt;,&amp;nbsp;&lt;/span&gt;&lt;span style="color: var(--highlight-default)"&gt;false&lt;/span&gt;&lt;span style="color: var(--highlight-keyword)"&gt;,&amp;nbsp;&lt;/span&gt;&lt;span style="color: var(--highlight-default)"&gt;false&lt;/span&gt;&lt;span style="color: var(--highlight-keyword)"&gt;,&amp;nbsp;&lt;/span&gt;&lt;span style="color: var(--highlight-default)"&gt;false&lt;/span&gt;&lt;span style="color: var(--highlight-keyword)"&gt;,&amp;nbsp;&lt;/span&gt;&lt;span style="color: var(--highlight-default)"&gt;53&lt;/span&gt;&lt;span style="color: var(--highlight-keyword)"&gt;),&amp;nbsp;&lt;/span&gt;&lt;span style="color: var(--highlight-string)"&gt;"nom"&lt;/span&gt;&lt;span style="color: var(--highlight-keyword)"&gt;,&amp;nbsp;[],&amp;nbsp;&lt;/span&gt;&lt;span style="color: var(--highlight-string)"&gt;"any"&lt;/span&gt;&lt;span style="color: var(--highlight-keyword)"&gt;,&amp;nbsp;&lt;/span&gt;&lt;span style="color: var(--highlight-default)"&gt;false&lt;/span&gt;&lt;span style="color: var(--highlight-keyword)"&gt;,&amp;nbsp;&lt;/span&gt;&lt;span style="color: var(--highlight-default)"&gt;false&lt;/span&gt;&lt;span style="color: var(--highlight-keyword)"&gt;,&amp;nbsp;&lt;/span&gt;&lt;span style="color: var(--highlight-default)"&gt;false&lt;/span&gt;&lt;span style="color: var(--highlight-keyword)"&gt;,&amp;nbsp;&lt;/span&gt;&lt;span style="color: var(--highlight-default)"&gt;53&lt;/span&gt;&lt;span style="color: var(--highlight-keyword)"&gt;),&amp;nbsp;&lt;/span&gt;&lt;span style="color: var(--highlight-string)"&gt;"html"&lt;/span&gt;&lt;span style="color: var(--highlight-keyword)"&gt;,&amp;nbsp;&lt;/span&gt;&lt;span style="color: var(--highlight-default)"&gt;null&lt;/span&gt;&lt;span style="color: var(--highlight-keyword)"&gt;,&amp;nbsp;&lt;/span&gt;&lt;span style="color: var(--highlight-default)"&gt;true&lt;/span&gt;&lt;span style="color: var(--highlight-keyword)"&gt;);&lt;/span&gt;&lt;/code&gt;&lt;/li&gt;\n
&lt;li&gt;&lt;code&gt;&lt;span style="color: var(--highlight-keyword)"&gt;&amp;nbsp;&amp;nbsp;&amp;nbsp;&amp;nbsp;&amp;nbsp;&amp;nbsp;&amp;nbsp;&amp;nbsp;yield&amp;nbsp;&lt;/span&gt;&lt;span style="color: var(--highlight-string)"&gt;"\"&amp;gt;&lt;/span&gt;&lt;/code&gt;&lt;/li&gt;\n
&lt;li&gt;&lt;code&gt;&lt;span style="color: var(--highlight-string)"&gt;&amp;nbsp;&amp;nbsp;&amp;nbsp;&amp;nbsp;&amp;nbsp;&amp;nbsp;&amp;nbsp;&amp;nbsp;&amp;nbsp;&amp;nbsp;&amp;nbsp;&amp;nbsp;&amp;nbsp;&amp;nbsp;&amp;nbsp;&amp;nbsp;&amp;nbsp;&amp;nbsp;&amp;nbsp;&amp;nbsp;&amp;nbsp;&amp;nbsp;&amp;nbsp;&amp;nbsp;&amp;lt;div&amp;nbsp;class=\"pf-field-error\"&amp;nbsp;id=\"err-nom\"&amp;gt;&amp;lt;/div&amp;gt;&lt;/span&gt;&lt;/code&gt;&lt;/li&gt;\n
&lt;li&gt;&lt;code&gt;&lt;span style="color: var(--highlight-string)"&gt;&amp;nbsp;&amp;nbsp;&amp;nbsp;&amp;nbsp;&amp;nbsp;&amp;nbsp;&amp;nbsp;&amp;nbsp;&amp;nbsp;&amp;nbsp;&amp;nbsp;&amp;nbsp;&amp;nbsp;&amp;nbsp;&amp;nbsp;&amp;nbsp;&amp;nbsp;&amp;nbsp;&amp;nbsp;&amp;nbsp;&amp;lt;/div&amp;gt;&lt;/span&gt;&lt;/code&gt;&lt;/li&gt;\n
&lt;li&gt;&lt;code&gt;&lt;span style="color: var(--highlight-string)"&gt;&amp;nbsp;&amp;nbsp;&amp;nbsp;&amp;nbsp;&amp;nbsp;&amp;nbsp;&amp;nbsp;&amp;nbsp;&amp;nbsp;&amp;nbsp;&amp;nbsp;&amp;nbsp;&amp;nbsp;&amp;nbsp;&amp;nbsp;&amp;nbsp;&amp;nbsp;&amp;nbsp;&amp;nbsp;&amp;nbsp;&lt;/span&gt;&lt;/code&gt;&lt;/li&gt;\n
&lt;li&gt;&lt;code&gt;&lt;span style="color: var(--highlight-string)"&gt;&amp;nbsp;&amp;nbsp;&amp;nbsp;&amp;nbsp;&amp;nbsp;&amp;nbsp;&amp;nbsp;&amp;nbsp;&amp;nbsp;&amp;nbsp;&amp;nbsp;&amp;nbsp;&amp;nbsp;&amp;nbsp;&amp;nbsp;&amp;nbsp;&amp;nbsp;&amp;nbsp;&amp;nbsp;&amp;nbsp;&amp;lt;div&amp;nbsp;class=\"form-row\"&amp;gt;&lt;/span&gt;&lt;/code&gt;&lt;/li&gt;&lt;/ol&gt;    &lt;/div&gt;            &lt;/div&gt;\n
                        &lt;div class="trace-line "&gt;\n
                &lt;div class="trace-line-header break-long-words sf-toggle" data-toggle-selector="#trace-html-1-2" data-toggle-initial=""&gt;\n
            &lt;span class="icon icon-close"&gt;&lt;svg width="1792" height="1792" viewBox="0 0 1792 1792" xmlns="http://www.w3.org/2000/svg"&gt;&lt;path d="M1408 960V832q0-26-19-45t-45-19H448q-26 0-45 19t-19 45v128q0 26 19 45t45 19h896q26 0 45-19t19-45zm256-544v960q0 119-84.5 203.5T1376 1664H416q-119 0-203.5-84.5T128 1376V416q0-119 84.5-203.5T416 128h960q119 0 203.5 84.5T1664 416z"/&gt;&lt;/svg&gt;&lt;/span&gt;\n
        &lt;span class="icon icon-open"&gt;&lt;svg width="1792" height="1792" viewBox="0 0 1792 1792" xmlns="http://www.w3.org/2000/svg"&gt;&lt;path d="M1408 960V832q0-26-19-45t-45-19h-320V448q0-26-19-45t-45-19H832q-26 0-45 19t-19 45v320H448q-26 0-45 19t-19 45v128q0 26 19 45t45 19h320v320q0 26 19 45t45 19h128q26 0 45-19t19-45v-320h320q26 0 45-19t19-45zm256-544v960q0 119-84.5 203.5T1376 1664H416q-119 0-203.5-84.5T128 1376V416q0-119 84.5-203.5T416 128h960q119 0 203.5 84.5T1664 416z"/&gt;&lt;/svg&gt;&lt;/span&gt;\n
    \n
            &lt;span class="trace-class"&gt;&lt;abbr title="__TwigTemplate_14b0366358f04021c4c491b76bd18364"&gt;__TwigTemplate_14b0366358f04021c4c491b76bd18364&lt;/abbr&gt;&lt;/span&gt;&lt;span class="trace-type"&gt;-&gt;&lt;/span&gt;&lt;span class="trace-method"&gt;doDisplay&lt;/span&gt;&lt;span class="trace-arguments"&gt;(&lt;em&gt;array&lt;/em&gt;('fermes' =&gt; &lt;em&gt;array&lt;/em&gt;(), 'searchTerm' =&gt; '', 'currentSort' =&gt; 'idFerme', 'currentDirection' =&gt; 'ASC', 'errors' =&gt; &lt;em&gt;array&lt;/em&gt;(), 'ferme_edit' =&gt; &lt;em&gt;null&lt;/em&gt;, 'app' =&gt; &lt;em&gt;object&lt;/em&gt;(&lt;abbr title="Symfony\Bridge\Twig\AppVariable"&gt;AppVariable&lt;/abbr&gt;), 'current_route' =&gt; 'app_ferme_index'), &lt;em&gt;array&lt;/em&gt;())&lt;/span&gt;    \n
                    &lt;span class="block trace-file-path"&gt;\n
            in\n
            &lt;a href="file://C:\Users\sliti\Desktop\dev\esprit-PIDEV-3A16-2526-FARMIA\vendor\twig\twig\src\Template.php#L402"&gt;\n
                C:\Users\sliti\Desktop\dev\esprit-PIDEV-3A16-2526-FARMIA\vendor\twig\twig\src\&lt;strong&gt;Template.php&lt;/strong&gt;\n
            &lt;/a&gt;\n
                        (line 402)\n
            &lt;span class="icon icon-copy hidden" data-clipboard-text="C:\Users\sliti\Desktop\dev\esprit-PIDEV-3A16-2526-FARMIA\vendor\twig\twig\src\Template.php:402"&gt;\n
                &lt;svg xmlns="http://www.w3.org/2000/svg" height="24" viewBox="0 0 24 24" width="24"&gt;&lt;path d="M0 0h24v24H0z" fill="none"/&gt;&lt;path d="M16 1H4c-1.1 0-2 .9-2 2v14h2V3h12V1zm3 4H8c-1.1 0-2 .9-2 2v14c0 1.1.9 2 2 2h11c1.1 0 2-.9 2-2V7c0-1.1-.9-2-2-2zm0 16H8V7h11v14z"/&gt;&lt;/svg&gt;            &lt;/span&gt;\n
        &lt;/span&gt;\n
    &lt;/div&gt;\n
    &lt;div id="trace-html-1-2" class="trace-code sf-toggle-content"&gt;\n
        &lt;ol start="397"&gt;&lt;li&gt;&lt;code&gt;&lt;span style="color: var(--highlight-default)"&gt;&amp;nbsp;&amp;nbsp;&amp;nbsp;&amp;nbsp;&lt;/span&gt;&lt;span style="color: var(--highlight-keyword)"&gt;{&lt;/span&gt;&lt;/code&gt;&lt;/li&gt;\n
&lt;li&gt;&lt;code&gt;&lt;span style="color: var(--highlight-keyword)"&gt;&amp;nbsp;&amp;nbsp;&amp;nbsp;&amp;nbsp;&amp;nbsp;&amp;nbsp;&amp;nbsp;&amp;nbsp;&lt;/span&gt;&lt;span style="color: var(--highlight-default)"&gt;$context&amp;nbsp;&lt;/span&gt;&lt;span style="color: var(--highlight-keyword)"&gt;+=&amp;nbsp;&lt;/span&gt;&lt;span style="color: var(--highlight-default)"&gt;$this&lt;/span&gt;&lt;span style="color: var(--highlight-keyword)"&gt;-&amp;gt;&lt;/span&gt;&lt;span style="color: var(--highlight-default)"&gt;env&lt;/span&gt;&lt;span style="color: var(--highlight-keyword)"&gt;-&amp;gt;&lt;/span&gt;&lt;span style="color: var(--highlight-default)"&gt;getGlobals&lt;/span&gt;&lt;span style="color: var(--highlight-keyword)"&gt;();&lt;/span&gt;&lt;/code&gt;&lt;/li&gt;\n
&lt;li&gt;&lt;code&gt;&lt;span style="color: var(--highlight-keyword)"&gt;&amp;nbsp;&amp;nbsp;&amp;nbsp;&amp;nbsp;&amp;nbsp;&amp;nbsp;&amp;nbsp;&amp;nbsp;&lt;/span&gt;&lt;span style="color: var(--highlight-default)"&gt;$blocks&amp;nbsp;&lt;/span&gt;&lt;span style="color: var(--highlight-keyword)"&gt;=&amp;nbsp;&lt;/span&gt;&lt;span style="color: var(--highlight-default)"&gt;array_merge&lt;/span&gt;&lt;span style="color: var(--highlight-keyword)"&gt;(&lt;/span&gt;&lt;span style="color: var(--highlight-default)"&gt;$this&lt;/span&gt;&lt;span style="color: var(--highlight-keyword)"&gt;-&amp;gt;&lt;/span&gt;&lt;span style="color: var(--highlight-default)"&gt;blocks&lt;/span&gt;&lt;span style="color: var(--highlight-keyword)"&gt;,&amp;nbsp;&lt;/span&gt;&lt;span style="color: var(--highlight-default)"&gt;$blocks&lt;/span&gt;&lt;span style="color: var(--highlight-keyword)"&gt;);&lt;/span&gt;&lt;/code&gt;&lt;/li&gt;\n
&lt;li&gt;&lt;code&gt;&lt;span style="color: var(--highlight-keyword)"&gt;&lt;/span&gt;&lt;/code&gt;&lt;/li&gt;\n
&lt;li&gt;&lt;code&gt;&lt;span style="color: var(--highlight-keyword)"&gt;&amp;nbsp;&amp;nbsp;&amp;nbsp;&amp;nbsp;&amp;nbsp;&amp;nbsp;&amp;nbsp;&amp;nbsp;try&amp;nbsp;{&lt;/span&gt;&lt;/code&gt;&lt;/li&gt;\n
&lt;li class="selected"&gt;&lt;code&gt;&lt;span style="color: var(--highlight-keyword)"&gt;&amp;nbsp;&amp;nbsp;&amp;nbsp;&amp;nbsp;&amp;nbsp;&amp;nbsp;&amp;nbsp;&amp;nbsp;&amp;nbsp;&amp;nbsp;&amp;nbsp;&amp;nbsp;yield&amp;nbsp;from&amp;nbsp;&lt;/span&gt;&lt;span style="color: var(--highlight-default)"&gt;$this&lt;/span&gt;&lt;span style="color: var(--highlight-keyword)"&gt;-&amp;gt;&lt;/span&gt;&lt;span style="color: var(--highlight-default)"&gt;doDisplay&lt;/span&gt;&lt;span style="color: var(--highlight-keyword)"&gt;(&lt;/span&gt;&lt;span style="color: var(--highlight-default)"&gt;$context&lt;/span&gt;&lt;span style="color: var(--highlight-keyword)"&gt;,&amp;nbsp;&lt;/span&gt;&lt;span style="color: var(--highlight-default)"&gt;$blocks&lt;/span&gt;&lt;span style="color: var(--highlight-keyword)"&gt;);&lt;/span&gt;&lt;/code&gt;&lt;/li&gt;\n
&lt;li&gt;&lt;code&gt;&lt;span style="color: var(--highlight-keyword)"&gt;&amp;nbsp;&amp;nbsp;&amp;nbsp;&amp;nbsp;&amp;nbsp;&amp;nbsp;&amp;nbsp;&amp;nbsp;}&amp;nbsp;catch&amp;nbsp;(&lt;/span&gt;&lt;span style="color: var(--highlight-default)"&gt;Error&amp;nbsp;$e&lt;/span&gt;&lt;span style="color: var(--highlight-keyword)"&gt;)&amp;nbsp;{&lt;/span&gt;&lt;/code&gt;&lt;/li&gt;\n
&lt;li&gt;&lt;code&gt;&lt;span style="color: var(--highlight-keyword)"&gt;&amp;nbsp;&amp;nbsp;&amp;nbsp;&amp;nbsp;&amp;nbsp;&amp;nbsp;&amp;nbsp;&amp;nbsp;&amp;nbsp;&amp;nbsp;&amp;nbsp;&amp;nbsp;if&amp;nbsp;(!&lt;/span&gt;&lt;span style="color: var(--highlight-default)"&gt;$e&lt;/span&gt;&lt;span style="color: var(--highlight-keyword)"&gt;-&amp;gt;&lt;/span&gt;&lt;span style="color: var(--highlight-default)"&gt;getSourceContext&lt;/span&gt;&lt;span style="color: var(--highlight-keyword)"&gt;())&amp;nbsp;{&lt;/span&gt;&lt;/code&gt;&lt;/li&gt;\n
&lt;li&gt;&lt;code&gt;&lt;span style="color: var(--highlight-keyword)"&gt;&amp;nbsp;&amp;nbsp;&amp;nbsp;&amp;nbsp;&amp;nbsp;&amp;nbsp;&amp;nbsp;&amp;nbsp;&amp;nbsp;&amp;nbsp;&amp;nbsp;&amp;nbsp;&amp;nbsp;&amp;nbsp;&amp;nbsp;&amp;nbsp;&lt;/span&gt;&lt;span style="color: var(--highlight-default)"&gt;$e&lt;/span&gt;&lt;span style="color: var(--highlight-keyword)"&gt;-&amp;gt;&lt;/span&gt;&lt;span style="color: var(--highlight-default)"&gt;setSourceContext&lt;/span&gt;&lt;span style="color: var(--highlight-keyword)"&gt;(&lt;/span&gt;&lt;span style="color: var(--highlight-default)"&gt;$this&lt;/span&gt;&lt;span style="color: var(--highlight-keyword)"&gt;-&amp;gt;&lt;/span&gt;&lt;span style="color: var(--highlight-default)"&gt;getSourceContext&lt;/span&gt;&lt;span style="color: var(--highlight-keyword)"&gt;());&lt;/span&gt;&lt;/code&gt;&lt;/li&gt;\n
&lt;li&gt;&lt;code&gt;&lt;span style="color: var(--highlight-keyword)"&gt;&amp;nbsp;&amp;nbsp;&amp;nbsp;&amp;nbsp;&amp;nbsp;&amp;nbsp;&amp;nbsp;&amp;nbsp;&amp;nbsp;&amp;nbsp;&amp;nbsp;&amp;nbsp;}&lt;/span&gt;&lt;/code&gt;&lt;/li&gt;\n
&lt;li&gt;&lt;code&gt;&lt;span style="color: var(--highlight-keyword)"&gt;&lt;/span&gt;&lt;/code&gt;&lt;/li&gt;&lt;/ol&gt;    &lt;/div&gt;            &lt;/div&gt;\n
                        &lt;div class="trace-line "&gt;\n
                &lt;div class="trace-line-header break-long-words sf-toggle" data-toggle-selector="#trace-html-1-3" data-toggle-initial=""&gt;\n
            &lt;span class="icon icon-close"&gt;&lt;svg width="1792" height="1792" viewBox="0 0 1792 1792" xmlns="http://www.w3.org/2000/svg"&gt;&lt;path d="M1408 960V832q0-26-19-45t-45-19H448q-26 0-45 19t-19 45v128q0 26 19 45t45 19h896q26 0 45-19t19-45zm256-544v960q0 119-84.5 203.5T1376 1664H416q-119 0-203.5-84.5T128 1376V416q0-119 84.5-203.5T416 128h960q119 0 203.5 84.5T1664 416z"/&gt;&lt;/svg&gt;&lt;/span&gt;\n
        &lt;span class="icon icon-open"&gt;&lt;svg width="1792" height="1792" viewBox="0 0 1792 1792" xmlns="http://www.w3.org/2000/svg"&gt;&lt;path d="M1408 960V832q0-26-19-45t-45-19h-320V448q0-26-19-45t-45-19H832q-26 0-45 19t-19 45v320H448q-26 0-45 19t-19 45v128q0 26 19 45t45 19h320v320q0 26 19 45t45 19h128q26 0 45-19t19-45v-320h320q26 0 45-19t19-45zm256-544v960q0 119-84.5 203.5T1376 1664H416q-119 0-203.5-84.5T128 1376V416q0-119 84.5-203.5T416 128h960q119 0 203.5 84.5T1664 416z"/&gt;&lt;/svg&gt;&lt;/span&gt;\n
    \n
            &lt;span class="trace-class"&gt;&lt;abbr title="Twig\Template"&gt;Template&lt;/abbr&gt;&lt;/span&gt;&lt;span class="trace-type"&gt;-&gt;&lt;/span&gt;&lt;span class="trace-method"&gt;yield&lt;/span&gt;&lt;span class="trace-arguments"&gt;(&lt;em&gt;array&lt;/em&gt;('fermes' =&gt; &lt;em&gt;array&lt;/em&gt;(), 'searchTerm' =&gt; '', 'currentSort' =&gt; 'idFerme', 'currentDirection' =&gt; 'ASC', 'errors' =&gt; &lt;em&gt;array&lt;/em&gt;(), 'ferme_edit' =&gt; &lt;em&gt;null&lt;/em&gt;, 'app' =&gt; &lt;em&gt;object&lt;/em&gt;(&lt;abbr title="Symfony\Bridge\Twig\AppVariable"&gt;AppVariable&lt;/abbr&gt;), 'current_route' =&gt; 'app_ferme_index'))&lt;/span&gt;    \n
                    &lt;span class="block trace-file-path"&gt;\n
            in\n
            &lt;a href="file://C:\Users\sliti\Desktop\dev\esprit-PIDEV-3A16-2526-FARMIA\var\cache\test\twig\17\170dfbc37d71379a1ea82aee9553d314.php#L234"&gt;\n
                C:\Users\sliti\Desktop\dev\esprit-PIDEV-3A16-2526-FARMIA\var\cache\test\twig\17\&lt;strong&gt;170dfbc37d71379a1ea82aee9553d314.php&lt;/strong&gt;\n
            &lt;/a&gt;\n
                        (line 234)\n
            &lt;span class="icon icon-copy hidden" data-clipboard-text="C:\Users\sliti\Desktop\dev\esprit-PIDEV-3A16-2526-FARMIA\var\cache\test\twig\17\170dfbc37d71379a1ea82aee9553d314.php:234"&gt;\n
                &lt;svg xmlns="http://www.w3.org/2000/svg" height="24" viewBox="0 0 24 24" width="24"&gt;&lt;path d="M0 0h24v24H0z" fill="none"/&gt;&lt;path d="M16 1H4c-1.1 0-2 .9-2 2v14h2V3h12V1zm3 4H8c-1.1 0-2 .9-2 2v14c0 1.1.9 2 2 2h11c1.1 0 2-.9 2-2V7c0-1.1-.9-2-2-2zm0 16H8V7h11v14z"/&gt;&lt;/svg&gt;            &lt;/span&gt;\n
        &lt;/span&gt;\n
    &lt;/div&gt;\n
    &lt;div id="trace-html-1-3" class="trace-code sf-toggle-content"&gt;\n
        &lt;ol start="229"&gt;&lt;li&gt;&lt;code&gt;&lt;span style="color: var(--highlight-string)"&gt;&amp;nbsp;&amp;nbsp;&amp;nbsp;&amp;nbsp;&amp;nbsp;&amp;nbsp;&amp;nbsp;&amp;nbsp;&amp;lt;div&amp;nbsp;id=\"google_translate_element\"&amp;gt;&amp;lt;/div&amp;gt;&lt;/span&gt;&lt;/code&gt;&lt;/li&gt;\n
&lt;li&gt;&lt;code&gt;&lt;span style="color: var(--highlight-string)"&gt;&amp;nbsp;&amp;nbsp;&amp;nbsp;&amp;nbsp;&amp;lt;/div&amp;gt;&lt;/span&gt;&lt;/code&gt;&lt;/li&gt;\n
&lt;li&gt;&lt;code&gt;&lt;span style="color: var(--highlight-string)"&gt;&lt;/span&gt;&lt;/code&gt;&lt;/li&gt;\n
&lt;li&gt;&lt;code&gt;&lt;span style="color: var(--highlight-string)"&gt;&amp;nbsp;&amp;nbsp;&amp;nbsp;&amp;nbsp;"&lt;/span&gt;&lt;span style="color: var(--highlight-keyword)"&gt;;&lt;/span&gt;&lt;/code&gt;&lt;/li&gt;\n
&lt;li&gt;&lt;code&gt;&lt;span style="color: var(--highlight-keyword)"&gt;&amp;nbsp;&amp;nbsp;&amp;nbsp;&amp;nbsp;&amp;nbsp;&amp;nbsp;&amp;nbsp;&amp;nbsp;&lt;/span&gt;&lt;span style="color: var(--highlight-comment)"&gt;//&amp;nbsp;line&amp;nbsp;135&lt;/span&gt;&lt;/code&gt;&lt;/li&gt;\n
&lt;li class="selected"&gt;&lt;code&gt;&lt;span style="color: var(--highlight-comment)"&gt;&amp;nbsp;&amp;nbsp;&amp;nbsp;&amp;nbsp;&amp;nbsp;&amp;nbsp;&amp;nbsp;&amp;nbsp;&lt;/span&gt;&lt;span style="color: var(--highlight-keyword)"&gt;yield&amp;nbsp;from&amp;nbsp;&lt;/span&gt;&lt;span style="color: var(--highlight-default)"&gt;$this&lt;/span&gt;&lt;span style="color: var(--highlight-keyword)"&gt;-&amp;gt;&lt;/span&gt;&lt;span style="color: var(--highlight-default)"&gt;load&lt;/span&gt;&lt;span style="color: var(--highlight-keyword)"&gt;(&lt;/span&gt;&lt;span style="color: var(--highlight-string)"&gt;"components/_profile_modal.html.twig"&lt;/span&gt;&lt;span style="color: var(--highlight-keyword)"&gt;,&amp;nbsp;&lt;/span&gt;&lt;span style="color: var(--highlight-default)"&gt;135&lt;/span&gt;&lt;span style="color: var(--highlight-keyword)"&gt;)-&amp;gt;&lt;/span&gt;&lt;span style="color: var(--highlight-default)"&gt;unwrap&lt;/span&gt;&lt;span style="color: var(--highlight-keyword)"&gt;()-&amp;gt;&lt;/span&gt;&lt;span style="color: var(--highlight-default)"&gt;yield&lt;/span&gt;&lt;span style="color: var(--highlight-keyword)"&gt;(&lt;/span&gt;&lt;span style="color: var(--highlight-default)"&gt;$context&lt;/span&gt;&lt;span style="color: var(--highlight-keyword)"&gt;);&lt;/span&gt;&lt;/code&gt;&lt;/li&gt;\n
&lt;li&gt;&lt;code&gt;&lt;span style="color: var(--highlight-keyword)"&gt;&amp;nbsp;&amp;nbsp;&amp;nbsp;&amp;nbsp;&amp;nbsp;&amp;nbsp;&amp;nbsp;&amp;nbsp;&lt;/span&gt;&lt;span style="color: var(--highlight-comment)"&gt;//&amp;nbsp;line&amp;nbsp;136&lt;/span&gt;&lt;/code&gt;&lt;/li&gt;\n
&lt;li&gt;&lt;code&gt;&lt;span style="color: var(--highlight-comment)"&gt;&amp;nbsp;&amp;nbsp;&amp;nbsp;&amp;nbsp;&amp;nbsp;&amp;nbsp;&amp;nbsp;&amp;nbsp;&lt;/span&gt;&lt;span style="color: var(--highlight-keyword)"&gt;yield&amp;nbsp;&lt;/span&gt;&lt;span style="color: var(--highlight-string)"&gt;"&amp;nbsp;&amp;nbsp;&amp;nbsp;&amp;nbsp;&lt;/span&gt;&lt;/code&gt;&lt;/li&gt;\n
&lt;li&gt;&lt;code&gt;&lt;span style="color: var(--highlight-string)"&gt;&amp;nbsp;&amp;nbsp;&amp;nbsp;&amp;nbsp;"&lt;/span&gt;&lt;span style="color: var(--highlight-keyword)"&gt;;&lt;/span&gt;&lt;/code&gt;&lt;/li&gt;\n
&lt;li&gt;&lt;code&gt;&lt;span style="color: var(--highlight-keyword)"&gt;&amp;nbsp;&amp;nbsp;&amp;nbsp;&amp;nbsp;&amp;nbsp;&amp;nbsp;&amp;nbsp;&amp;nbsp;&lt;/span&gt;&lt;span style="color: var(--highlight-comment)"&gt;//&amp;nbsp;line&amp;nbsp;137&lt;/span&gt;&lt;/code&gt;&lt;/li&gt;\n
&lt;li&gt;&lt;code&gt;&lt;span style="color: var(--highlight-comment)"&gt;&amp;nbsp;&amp;nbsp;&amp;nbsp;&amp;nbsp;&amp;nbsp;&amp;nbsp;&amp;nbsp;&amp;nbsp;&lt;/span&gt;&lt;span style="color: var(--highlight-keyword)"&gt;yield&amp;nbsp;from&amp;nbsp;&lt;/span&gt;&lt;span style="color: var(--highlight-default)"&gt;$this&lt;/span&gt;&lt;span style="color: var(--highlight-keyword)"&gt;-&amp;gt;&lt;/span&gt;&lt;span style="color: var(--highlight-default)"&gt;unwrap&lt;/span&gt;&lt;span style="color: var(--highlight-keyword)"&gt;()-&amp;gt;&lt;/span&gt;&lt;span style="color: var(--highlight-default)"&gt;yieldBlock&lt;/span&gt;&lt;span style="color: var(--highlight-keyword)"&gt;(&lt;/span&gt;&lt;span style="color: var(--highlight-string)"&gt;'javascripts'&lt;/span&gt;&lt;span style="color: var(--highlight-keyword)"&gt;,&amp;nbsp;&lt;/span&gt;&lt;span style="color: var(--highlight-default)"&gt;$context&lt;/span&gt;&lt;span style="color: var(--highlight-keyword)"&gt;,&amp;nbsp;&lt;/span&gt;&lt;span style="color: var(--highlight-default)"&gt;$blocks&lt;/span&gt;&lt;span style="color: var(--highlight-keyword)"&gt;);&lt;/span&gt;&lt;/code&gt;&lt;/li&gt;&lt;/ol&gt;    &lt;/div&gt;            &lt;/div&gt;\n
                        &lt;div class="trace-line "&gt;\n
                &lt;div class="trace-line-header break-long-words sf-toggle" data-toggle-selector="#trace-html-1-4" data-toggle-initial=""&gt;\n
            &lt;span class="icon icon-close"&gt;&lt;svg width="1792" height="1792" viewBox="0 0 1792 1792" xmlns="http://www.w3.org/2000/svg"&gt;&lt;path d="M1408 960V832q0-26-19-45t-45-19H448q-26 0-45 19t-19 45v128q0 26 19 45t45 19h896q26 0 45-19t19-45zm256-544v960q0 119-84.5 203.5T1376 1664H416q-119 0-203.5-84.5T128 1376V416q0-119 84.5-203.5T416 128h960q119 0 203.5 84.5T1664 416z"/&gt;&lt;/svg&gt;&lt;/span&gt;\n
        &lt;span class="icon icon-open"&gt;&lt;svg width="1792" height="1792" viewBox="0 0 1792 1792" xmlns="http://www.w3.org/2000/svg"&gt;&lt;path d="M1408 960V832q0-26-19-45t-45-19h-320V448q0-26-19-45t-45-19H832q-26 0-45 19t-19 45v320H448q-26 0-45 19t-19 45v128q0 26 19 45t45 19h320v320q0 26 19 45t45 19h128q26 0 45-19t19-45v-320h320q26 0 45-19t19-45zm256-544v960q0 119-84.5 203.5T1376 1664H416q-119 0-203.5-84.5T128 1376V416q0-119 84.5-203.5T416 128h960q119 0 203.5 84.5T1664 416z"/&gt;&lt;/svg&gt;&lt;/span&gt;\n
    \n
            &lt;span class="trace-class"&gt;&lt;abbr title="__TwigTemplate_ad2711c1e71abc2ab4f5914660d9d39a"&gt;__TwigTemplate_ad2711c1e71abc2ab4f5914660d9d39a&lt;/abbr&gt;&lt;/span&gt;&lt;span class="trace-type"&gt;-&gt;&lt;/span&gt;&lt;span class="trace-method"&gt;doDisplay&lt;/span&gt;&lt;span class="trace-arguments"&gt;(&lt;em&gt;array&lt;/em&gt;('fermes' =&gt; &lt;em&gt;array&lt;/em&gt;(), 'searchTerm' =&gt; '', 'currentSort' =&gt; 'idFerme', 'currentDirection' =&gt; 'ASC', 'errors' =&gt; &lt;em&gt;array&lt;/em&gt;(), 'ferme_edit' =&gt; &lt;em&gt;null&lt;/em&gt;, 'app' =&gt; &lt;em&gt;object&lt;/em&gt;(&lt;abbr title="Symfony\Bridge\Twig\AppVariable"&gt;AppVariable&lt;/abbr&gt;), 'current_route' =&gt; 'app_ferme_index'), &lt;em&gt;array&lt;/em&gt;('title' =&gt; &lt;em&gt;array&lt;/em&gt;(&lt;em&gt;object&lt;/em&gt;(&lt;abbr title="__TwigTemplate_95e3670c3b9e843df34ef1bc4233ab1b"&gt;__TwigTemplate_95e3670c3b9e843df34ef1bc4233ab1b&lt;/abbr&gt;), 'block_title'), 'stylesheets' =&gt; &lt;em&gt;array&lt;/em&gt;(&lt;em&gt;object&lt;/em&gt;(&lt;abbr title="__TwigTemplate_ad2711c1e71abc2ab4f5914660d9d39a"&gt;__TwigTemplate_ad2711c1e71abc2ab4f5914660d9d39a&lt;/abbr&gt;), 'block_stylesheets'), 'body' =&gt; &lt;em&gt;array&lt;/em&gt;(&lt;em&gt;object&lt;/em&gt;(&lt;abbr title="__TwigTemplate_95e3670c3b9e843df34ef1bc4233ab1b"&gt;__TwigTemplate_95e3670c3b9e843df34ef1bc4233ab1b&lt;/abbr&gt;), 'block_body'), 'javascripts' =&gt; &lt;em&gt;array&lt;/em&gt;(&lt;em&gt;object&lt;/em&gt;(&lt;abbr title="__TwigTemplate_ad2711c1e71abc2ab4f5914660d9d39a"&gt;__TwigTemplate_ad2711c1e71abc2ab4f5914660d9d39a&lt;/abbr&gt;), 'block_javascripts')))&lt;/span&gt;    \n
                    &lt;span class="block trace-file-path"&gt;\n
            in\n
            &lt;a href="file://C:\Users\sliti\Desktop\dev\esprit-PIDEV-3A16-2526-FARMIA\vendor\twig\twig\src\Template.php#L402"&gt;\n
                C:\Users\sliti\Desktop\dev\esprit-PIDEV-3A16-2526-FARMIA\vendor\twig\twig\src\&lt;strong&gt;Template.php&lt;/strong&gt;\n
            &lt;/a&gt;\n
                        (line 402)\n
            &lt;span class="icon icon-copy hidden" data-clipboard-text="C:\Users\sliti\Desktop\dev\esprit-PIDEV-3A16-2526-FARMIA\vendor\twig\twig\src\Template.php:402"&gt;\n
                &lt;svg xmlns="http://www.w3.org/2000/svg" height="24" viewBox="0 0 24 24" width="24"&gt;&lt;path d="M0 0h24v24H0z" fill="none"/&gt;&lt;path d="M16 1H4c-1.1 0-2 .9-2 2v14h2V3h12V1zm3 4H8c-1.1 0-2 .9-2 2v14c0 1.1.9 2 2 2h11c1.1 0 2-.9 2-2V7c0-1.1-.9-2-2-2zm0 16H8V7h11v14z"/&gt;&lt;/svg&gt;            &lt;/span&gt;\n
        &lt;/span&gt;\n
    &lt;/div&gt;\n
    &lt;div id="trace-html-1-4" class="trace-code sf-toggle-content"&gt;\n
        &lt;ol start="397"&gt;&lt;li&gt;&lt;code&gt;&lt;span style="color: var(--highlight-default)"&gt;&amp;nbsp;&amp;nbsp;&amp;nbsp;&amp;nbsp;&lt;/span&gt;&lt;span style="color: var(--highlight-keyword)"&gt;{&lt;/span&gt;&lt;/code&gt;&lt;/li&gt;\n
&lt;li&gt;&lt;code&gt;&lt;span style="color: var(--highlight-keyword)"&gt;&amp;nbsp;&amp;nbsp;&amp;nbsp;&amp;nbsp;&amp;nbsp;&amp;nbsp;&amp;nbsp;&amp;nbsp;&lt;/span&gt;&lt;span style="color: var(--highlight-default)"&gt;$context&amp;nbsp;&lt;/span&gt;&lt;span style="color: var(--highlight-keyword)"&gt;+=&amp;nbsp;&lt;/span&gt;&lt;span style="color: var(--highlight-default)"&gt;$this&lt;/span&gt;&lt;span style="color: var(--highlight-keyword)"&gt;-&amp;gt;&lt;/span&gt;&lt;span style="color: var(--highlight-default)"&gt;env&lt;/span&gt;&lt;span style="color: var(--highlight-keyword)"&gt;-&amp;gt;&lt;/span&gt;&lt;span style="color: var(--highlight-default)"&gt;getGlobals&lt;/span&gt;&lt;span style="color: var(--highlight-keyword)"&gt;();&lt;/span&gt;&lt;/code&gt;&lt;/li&gt;\n
&lt;li&gt;&lt;code&gt;&lt;span style="color: var(--highlight-keyword)"&gt;&amp;nbsp;&amp;nbsp;&amp;nbsp;&amp;nbsp;&amp;nbsp;&amp;nbsp;&amp;nbsp;&amp;nbsp;&lt;/span&gt;&lt;span style="color: var(--highlight-default)"&gt;$blocks&amp;nbsp;&lt;/span&gt;&lt;span style="color: var(--highlight-keyword)"&gt;=&amp;nbsp;&lt;/span&gt;&lt;span style="color: var(--highlight-default)"&gt;array_merge&lt;/span&gt;&lt;span style="color: var(--highlight-keyword)"&gt;(&lt;/span&gt;&lt;span style="color: var(--highlight-default)"&gt;$this&lt;/span&gt;&lt;span style="color: var(--highlight-keyword)"&gt;-&amp;gt;&lt;/span&gt;&lt;span style="color: var(--highlight-default)"&gt;blocks&lt;/span&gt;&lt;span style="color: var(--highlight-keyword)"&gt;,&amp;nbsp;&lt;/span&gt;&lt;span style="color: var(--highlight-default)"&gt;$blocks&lt;/span&gt;&lt;span style="color: var(--highlight-keyword)"&gt;);&lt;/span&gt;&lt;/code&gt;&lt;/li&gt;\n
&lt;li&gt;&lt;code&gt;&lt;span style="color: var(--highlight-keyword)"&gt;&lt;/span&gt;&lt;/code&gt;&lt;/li&gt;\n
&lt;li&gt;&lt;code&gt;&lt;span style="color: var(--highlight-keyword)"&gt;&amp;nbsp;&amp;nbsp;&amp;nbsp;&amp;nbsp;&amp;nbsp;&amp;nbsp;&amp;nbsp;&amp;nbsp;try&amp;nbsp;{&lt;/span&gt;&lt;/code&gt;&lt;/li&gt;\n
&lt;li class="selected"&gt;&lt;code&gt;&lt;span style="color: var(--highlight-keyword)"&gt;&amp;nbsp;&amp;nbsp;&amp;nbsp;&amp;nbsp;&amp;nbsp;&amp;nbsp;&amp;nbsp;&amp;nbsp;&amp;nbsp;&amp;nbsp;&amp;nbsp;&amp;nbsp;yield&amp;nbsp;from&amp;nbsp;&lt;/span&gt;&lt;span style="color: var(--highlight-default)"&gt;$this&lt;/span&gt;&lt;span style="color: var(--highlight-keyword)"&gt;-&amp;gt;&lt;/span&gt;&lt;span style="color: var(--highlight-default)"&gt;doDisplay&lt;/span&gt;&lt;span style="color: var(--highlight-keyword)"&gt;(&lt;/span&gt;&lt;span style="color: var(--highlight-default)"&gt;$context&lt;/span&gt;&lt;span style="color: var(--highlight-keyword)"&gt;,&amp;nbsp;&lt;/span&gt;&lt;span style="color: var(--highlight-default)"&gt;$blocks&lt;/span&gt;&lt;span style="color: var(--highlight-keyword)"&gt;);&lt;/span&gt;&lt;/code&gt;&lt;/li&gt;\n
&lt;li&gt;&lt;code&gt;&lt;span style="color: var(--highlight-keyword)"&gt;&amp;nbsp;&amp;nbsp;&amp;nbsp;&amp;nbsp;&amp;nbsp;&amp;nbsp;&amp;nbsp;&amp;nbsp;}&amp;nbsp;catch&amp;nbsp;(&lt;/span&gt;&lt;span style="color: var(--highlight-default)"&gt;Error&amp;nbsp;$e&lt;/span&gt;&lt;span style="color: var(--highlight-keyword)"&gt;)&amp;nbsp;{&lt;/span&gt;&lt;/code&gt;&lt;/li&gt;\n
&lt;li&gt;&lt;code&gt;&lt;span style="color: var(--highlight-keyword)"&gt;&amp;nbsp;&amp;nbsp;&amp;nbsp;&amp;nbsp;&amp;nbsp;&amp;nbsp;&amp;nbsp;&amp;nbsp;&amp;nbsp;&amp;nbsp;&amp;nbsp;&amp;nbsp;if&amp;nbsp;(!&lt;/span&gt;&lt;span style="color: var(--highlight-default)"&gt;$e&lt;/span&gt;&lt;span style="color: var(--highlight-keyword)"&gt;-&amp;gt;&lt;/span&gt;&lt;span style="color: var(--highlight-default)"&gt;getSourceContext&lt;/span&gt;&lt;span style="color: var(--highlight-keyword)"&gt;())&amp;nbsp;{&lt;/span&gt;&lt;/code&gt;&lt;/li&gt;\n
&lt;li&gt;&lt;code&gt;&lt;span style="color: var(--highlight-keyword)"&gt;&amp;nbsp;&amp;nbsp;&amp;nbsp;&amp;nbsp;&amp;nbsp;&amp;nbsp;&amp;nbsp;&amp;nbsp;&amp;nbsp;&amp;nbsp;&amp;nbsp;&amp;nbsp;&amp;nbsp;&amp;nbsp;&amp;nbsp;&amp;nbsp;&lt;/span&gt;&lt;span style="color: var(--highlight-default)"&gt;$e&lt;/span&gt;&lt;span style="color: var(--highlight-keyword)"&gt;-&amp;gt;&lt;/span&gt;&lt;span style="color: var(--highlight-default)"&gt;setSourceContext&lt;/span&gt;&lt;span style="color: var(--highlight-keyword)"&gt;(&lt;/span&gt;&lt;span style="color: var(--highlight-default)"&gt;$this&lt;/span&gt;&lt;span style="color: var(--highlight-keyword)"&gt;-&amp;gt;&lt;/span&gt;&lt;span style="color: var(--highlight-default)"&gt;getSourceContext&lt;/span&gt;&lt;span style="color: var(--highlight-keyword)"&gt;());&lt;/span&gt;&lt;/code&gt;&lt;/li&gt;\n
&lt;li&gt;&lt;code&gt;&lt;span style="color: var(--highlight-keyword)"&gt;&amp;nbsp;&amp;nbsp;&amp;nbsp;&amp;nbsp;&amp;nbsp;&amp;nbsp;&amp;nbsp;&amp;nbsp;&amp;nbsp;&amp;nbsp;&amp;nbsp;&amp;nbsp;}&lt;/span&gt;&lt;/code&gt;&lt;/li&gt;\n
&lt;li&gt;&lt;code&gt;&lt;span style="color: var(--highlight-keyword)"&gt;&lt;/span&gt;&lt;/code&gt;&lt;/li&gt;&lt;/ol&gt;    &lt;/div&gt;            &lt;/div&gt;\n
                        &lt;div class="trace-line "&gt;\n
                &lt;div class="trace-line-header break-long-words sf-toggle" data-toggle-selector="#trace-html-1-5" data-toggle-initial=""&gt;\n
            &lt;span class="icon icon-close"&gt;&lt;svg width="1792" height="1792" viewBox="0 0 1792 1792" xmlns="http://www.w3.org/2000/svg"&gt;&lt;path d="M1408 960V832q0-26-19-45t-45-19H448q-26 0-45 19t-19 45v128q0 26 19 45t45 19h896q26 0 45-19t19-45zm256-544v960q0 119-84.5 203.5T1376 1664H416q-119 0-203.5-84.5T128 1376V416q0-119 84.5-203.5T416 128h960q119 0 203.5 84.5T1664 416z"/&gt;&lt;/svg&gt;&lt;/span&gt;\n
        &lt;span class="icon icon-open"&gt;&lt;svg width="1792" height="1792" viewBox="0 0 1792 1792" xmlns="http://www.w3.org/2000/svg"&gt;&lt;path d="M1408 960V832q0-26-19-45t-45-19h-320V448q0-26-19-45t-45-19H832q-26 0-45 19t-19 45v320H448q-26 0-45 19t-19 45v128q0 26 19 45t45 19h320v320q0 26 19 45t45 19h128q26 0 45-19t19-45v-320h320q26 0 45-19t19-45zm256-544v960q0 119-84.5 203.5T1376 1664H416q-119 0-203.5-84.5T128 1376V416q0-119 84.5-203.5T416 128h960q119 0 203.5 84.5T1664 416z"/&gt;&lt;/svg&gt;&lt;/span&gt;\n
    \n
            &lt;span class="trace-class"&gt;&lt;abbr title="Twig\Template"&gt;Template&lt;/abbr&gt;&lt;/span&gt;&lt;span class="trace-type"&gt;-&gt;&lt;/span&gt;&lt;span class="trace-method"&gt;yield&lt;/span&gt;&lt;span class="trace-arguments"&gt;(&lt;em&gt;array&lt;/em&gt;('fermes' =&gt; &lt;em&gt;array&lt;/em&gt;(), 'searchTerm' =&gt; '', 'currentSort' =&gt; 'idFerme', 'currentDirection' =&gt; 'ASC', 'errors' =&gt; &lt;em&gt;array&lt;/em&gt;(), 'ferme_edit' =&gt; &lt;em&gt;null&lt;/em&gt;, 'app' =&gt; &lt;em&gt;object&lt;/em&gt;(&lt;abbr title="Symfony\Bridge\Twig\AppVariable"&gt;AppVariable&lt;/abbr&gt;)), &lt;em&gt;array&lt;/em&gt;('title' =&gt; &lt;em&gt;array&lt;/em&gt;(&lt;em&gt;object&lt;/em&gt;(&lt;abbr title="__TwigTemplate_95e3670c3b9e843df34ef1bc4233ab1b"&gt;__TwigTemplate_95e3670c3b9e843df34ef1bc4233ab1b&lt;/abbr&gt;), 'block_title'), 'stylesheets' =&gt; &lt;em&gt;array&lt;/em&gt;(&lt;em&gt;object&lt;/em&gt;(&lt;abbr title="__TwigTemplate_ad2711c1e71abc2ab4f5914660d9d39a"&gt;__TwigTemplate_ad2711c1e71abc2ab4f5914660d9d39a&lt;/abbr&gt;), 'block_stylesheets'), 'body' =&gt; &lt;em&gt;array&lt;/em&gt;(&lt;em&gt;object&lt;/em&gt;(&lt;abbr title="__TwigTemplate_95e3670c3b9e843df34ef1bc4233ab1b"&gt;__TwigTemplate_95e3670c3b9e843df34ef1bc4233ab1b&lt;/abbr&gt;), 'block_body'), 'javascripts' =&gt; &lt;em&gt;array&lt;/em&gt;(&lt;em&gt;object&lt;/em&gt;(&lt;abbr title="__TwigTemplate_ad2711c1e71abc2ab4f5914660d9d39a"&gt;__TwigTemplate_ad2711c1e71abc2ab4f5914660d9d39a&lt;/abbr&gt;), 'block_javascripts')))&lt;/span&gt;    \n
                    &lt;span class="block trace-file-path"&gt;\n
            in\n
            &lt;a href="file://C:\Users\sliti\Desktop\dev\esprit-PIDEV-3A16-2526-FARMIA\var\cache\test\twig\b8\b8543afc26401e4267d23016e66d8b86.php#L54"&gt;\n
                C:\Users\sliti\Desktop\dev\esprit-PIDEV-3A16-2526-FARMIA\var\cache\test\twig\b8\&lt;strong&gt;b8543afc26401e4267d23016e66d8b86.php&lt;/strong&gt;\n
            &lt;/a&gt;\n
                        (line 54)\n
            &lt;span class="icon icon-copy hidden" data-clipboard-text="C:\Users\sliti\Desktop\dev\esprit-PIDEV-3A16-2526-FARMIA\var\cache\test\twig\b8\b8543afc26401e4267d23016e66d8b86.php:54"&gt;\n
                &lt;svg xmlns="http://www.w3.org/2000/svg" height="24" viewBox="0 0 24 24" width="24"&gt;&lt;path d="M0 0h24v24H0z" fill="none"/&gt;&lt;path d="M16 1H4c-1.1 0-2 .9-2 2v14h2V3h12V1zm3 4H8c-1.1 0-2 .9-2 2v14c0 1.1.9 2 2 2h11c1.1 0 2-.9 2-2V7c0-1.1-.9-2-2-2zm0 16H8V7h11v14z"/&gt;&lt;/svg&gt;            &lt;/span&gt;\n
        &lt;/span&gt;\n
    &lt;/div&gt;\n
    &lt;div id="trace-html-1-5" class="trace-code sf-toggle-content"&gt;\n
        &lt;ol start="49"&gt;&lt;li&gt;&lt;code&gt;&lt;span style="color: var(--highlight-keyword)"&gt;&lt;/span&gt;&lt;/code&gt;&lt;/li&gt;\n
&lt;li&gt;&lt;code&gt;&lt;span style="color: var(--highlight-keyword)"&gt;&amp;nbsp;&amp;nbsp;&amp;nbsp;&amp;nbsp;&amp;nbsp;&amp;nbsp;&amp;nbsp;&amp;nbsp;&lt;/span&gt;&lt;span style="color: var(--highlight-default)"&gt;$__internal_6f47bbe9983af81f1e7450e9a3e3768f&amp;nbsp;&lt;/span&gt;&lt;span style="color: var(--highlight-keyword)"&gt;=&amp;nbsp;&lt;/span&gt;&lt;span style="color: var(--highlight-default)"&gt;$this&lt;/span&gt;&lt;span style="color: var(--highlight-keyword)"&gt;-&amp;gt;&lt;/span&gt;&lt;span style="color: var(--highlight-default)"&gt;extensions&lt;/span&gt;&lt;span style="color: var(--highlight-keyword)"&gt;[&lt;/span&gt;&lt;span style="color: var(--highlight-string)"&gt;"Symfony\\Bridge\\Twig\\Extension\\ProfilerExtension"&lt;/span&gt;&lt;span style="color: var(--highlight-keyword)"&gt;];&lt;/span&gt;&lt;/code&gt;&lt;/li&gt;\n
&lt;li&gt;&lt;code&gt;&lt;span style="color: var(--highlight-keyword)"&gt;&amp;nbsp;&amp;nbsp;&amp;nbsp;&amp;nbsp;&amp;nbsp;&amp;nbsp;&amp;nbsp;&amp;nbsp;&lt;/span&gt;&lt;span style="color: var(--highlight-default)"&gt;$__internal_6f47bbe9983af81f1e7450e9a3e3768f&lt;/span&gt;&lt;span style="color: var(--highlight-keyword)"&gt;-&amp;gt;&lt;/span&gt;&lt;span style="color: var(--highlight-default)"&gt;enter&lt;/span&gt;&lt;span style="color: var(--highlight-keyword)"&gt;(&lt;/span&gt;&lt;span style="color: var(--highlight-default)"&gt;$__internal_6f47bbe9983af81f1e7450e9a3e3768f_prof&amp;nbsp;&lt;/span&gt;&lt;span style="color: var(--highlight-keyword)"&gt;=&amp;nbsp;new&amp;nbsp;&lt;/span&gt;&lt;span style="color: var(--highlight-default)"&gt;\Twig\Profiler\Profile&lt;/span&gt;&lt;span style="color: var(--highlight-keyword)"&gt;(&lt;/span&gt;&lt;span style="color: var(--highlight-default)"&gt;$this&lt;/span&gt;&lt;span style="color: var(--highlight-keyword)"&gt;-&amp;gt;&lt;/span&gt;&lt;span style="color: var(--highlight-default)"&gt;getTemplateName&lt;/span&gt;&lt;span style="color: var(--highlight-keyword)"&gt;(),&amp;nbsp;&lt;/span&gt;&lt;span style="color: var(--highlight-string)"&gt;"template"&lt;/span&gt;&lt;span style="color: var(--highlight-keyword)"&gt;,&amp;nbsp;&lt;/span&gt;&lt;span style="color: var(--highlight-string)"&gt;"ferme/index.html.twig"&lt;/span&gt;&lt;span style="color: var(--highlight-keyword)"&gt;));&lt;/span&gt;&lt;/code&gt;&lt;/li&gt;\n
&lt;li&gt;&lt;code&gt;&lt;span style="color: var(--highlight-keyword)"&gt;&lt;/span&gt;&lt;/code&gt;&lt;/li&gt;\n
&lt;li&gt;&lt;code&gt;&lt;span style="color: var(--highlight-keyword)"&gt;&amp;nbsp;&amp;nbsp;&amp;nbsp;&amp;nbsp;&amp;nbsp;&amp;nbsp;&amp;nbsp;&amp;nbsp;&lt;/span&gt;&lt;span style="color: var(--highlight-default)"&gt;$this&lt;/span&gt;&lt;span style="color: var(--highlight-keyword)"&gt;-&amp;gt;&lt;/span&gt;&lt;span style="color: var(--highlight-default)"&gt;parent&amp;nbsp;&lt;/span&gt;&lt;span style="color: var(--highlight-keyword)"&gt;=&amp;nbsp;&lt;/span&gt;&lt;span style="color: var(--highlight-default)"&gt;$this&lt;/span&gt;&lt;span style="color: var(--highlight-keyword)"&gt;-&amp;gt;&lt;/span&gt;&lt;span style="color: var(--highlight-default)"&gt;load&lt;/span&gt;&lt;span style="color: var(--highlight-keyword)"&gt;(&lt;/span&gt;&lt;span style="color: var(--highlight-string)"&gt;"layouts/agricole.html.twig"&lt;/span&gt;&lt;span style="color: var(--highlight-keyword)"&gt;,&amp;nbsp;&lt;/span&gt;&lt;span style="color: var(--highlight-default)"&gt;1&lt;/span&gt;&lt;span style="color: var(--highlight-keyword)"&gt;);&lt;/span&gt;&lt;/code&gt;&lt;/li&gt;\n
&lt;li class="selected"&gt;&lt;code&gt;&lt;span style="color: var(--highlight-keyword)"&gt;&amp;nbsp;&amp;nbsp;&amp;nbsp;&amp;nbsp;&amp;nbsp;&amp;nbsp;&amp;nbsp;&amp;nbsp;yield&amp;nbsp;from&amp;nbsp;&lt;/span&gt;&lt;span style="color: var(--highlight-default)"&gt;$this&lt;/span&gt;&lt;span style="color: var(--highlight-keyword)"&gt;-&amp;gt;&lt;/span&gt;&lt;span style="color: var(--highlight-default)"&gt;parent&lt;/span&gt;&lt;span style="color: var(--highlight-keyword)"&gt;-&amp;gt;&lt;/span&gt;&lt;span style="color: var(--highlight-default)"&gt;unwrap&lt;/span&gt;&lt;span style="color: var(--highlight-keyword)"&gt;()-&amp;gt;&lt;/span&gt;&lt;span style="color: var(--highlight-default)"&gt;yield&lt;/span&gt;&lt;span style="color: var(--highlight-keyword)"&gt;(&lt;/span&gt;&lt;span style="color: var(--highlight-default)"&gt;$context&lt;/span&gt;&lt;span style="color: var(--highlight-keyword)"&gt;,&amp;nbsp;&lt;/span&gt;&lt;span style="color: var(--highlight-default)"&gt;array_merge&lt;/span&gt;&lt;span style="color: var(--highlight-keyword)"&gt;(&lt;/span&gt;&lt;span style="color: var(--highlight-default)"&gt;$this&lt;/span&gt;&lt;span style="color: var(--highlight-keyword)"&gt;-&amp;gt;&lt;/span&gt;&lt;span style="color: var(--highlight-default)"&gt;blocks&lt;/span&gt;&lt;span style="color: var(--highlight-keyword)"&gt;,&amp;nbsp;&lt;/span&gt;&lt;span style="color: var(--highlight-default)"&gt;$blocks&lt;/span&gt;&lt;span style="color: var(--highlight-keyword)"&gt;));&lt;/span&gt;&lt;/code&gt;&lt;/li&gt;\n
&lt;li&gt;&lt;code&gt;&lt;span style="color: var(--highlight-keyword)"&gt;&amp;nbsp;&amp;nbsp;&amp;nbsp;&amp;nbsp;&amp;nbsp;&amp;nbsp;&amp;nbsp;&amp;nbsp;&lt;/span&gt;&lt;/code&gt;&lt;/li&gt;\n
&lt;li&gt;&lt;code&gt;&lt;span style="color: var(--highlight-keyword)"&gt;&amp;nbsp;&amp;nbsp;&amp;nbsp;&amp;nbsp;&amp;nbsp;&amp;nbsp;&amp;nbsp;&amp;nbsp;&lt;/span&gt;&lt;span style="color: var(--highlight-default)"&gt;$__internal_5a27a8ba21ca79b61932376b2fa922d2&lt;/span&gt;&lt;span style="color: var(--highlight-keyword)"&gt;-&amp;gt;&lt;/span&gt;&lt;span style="color: var(--highlight-default)"&gt;leave&lt;/span&gt;&lt;span style="color: var(--highlight-keyword)"&gt;(&lt;/span&gt;&lt;span style="color: var(--highlight-default)"&gt;$__internal_5a27a8ba21ca79b61932376b2fa922d2_prof&lt;/span&gt;&lt;span style="color: var(--highlight-keyword)"&gt;);&lt;/span&gt;&lt;/code&gt;&lt;/li&gt;\n
&lt;li&gt;&lt;code&gt;&lt;span style="color: var(--highlight-keyword)"&gt;&lt;/span&gt;&lt;/code&gt;&lt;/li&gt;\n
&lt;li&gt;&lt;code&gt;&lt;span style="color: var(--highlight-keyword)"&gt;&amp;nbsp;&amp;nbsp;&amp;nbsp;&amp;nbsp;&amp;nbsp;&amp;nbsp;&amp;nbsp;&amp;nbsp;&lt;/span&gt;&lt;/code&gt;&lt;/li&gt;\n
&lt;li&gt;&lt;code&gt;&lt;span style="color: var(--highlight-keyword)"&gt;&amp;nbsp;&amp;nbsp;&amp;nbsp;&amp;nbsp;&amp;nbsp;&amp;nbsp;&amp;nbsp;&amp;nbsp;&lt;/span&gt;&lt;span style="color: var(--highlight-default)"&gt;$__internal_6f47bbe9983af81f1e7450e9a3e3768f&lt;/span&gt;&lt;span style="color: var(--highlight-keyword)"&gt;-&amp;gt;&lt;/span&gt;&lt;span style="color: var(--highlight-default)"&gt;leave&lt;/span&gt;&lt;span style="color: var(--highlight-keyword)"&gt;(&lt;/span&gt;&lt;span style="color: var(--highlight-default)"&gt;$__internal_6f47bbe9983af81f1e7450e9a3e3768f_prof&lt;/span&gt;&lt;span style="color: var(--highlight-keyword)"&gt;);&lt;/span&gt;&lt;/code&gt;&lt;/li&gt;&lt;/ol&gt;    &lt;/div&gt;            &lt;/div&gt;\n
                        &lt;div class="trace-line "&gt;\n
                &lt;div class="trace-line-header break-long-words sf-toggle" data-toggle-selector="#trace-html-1-6" data-toggle-initial=""&gt;\n
            &lt;span class="icon icon-close"&gt;&lt;svg width="1792" height="1792" viewBox="0 0 1792 1792" xmlns="http://www.w3.org/2000/svg"&gt;&lt;path d="M1408 960V832q0-26-19-45t-45-19H448q-26 0-45 19t-19 45v128q0 26 19 45t45 19h896q26 0 45-19t19-45zm256-544v960q0 119-84.5 203.5T1376 1664H416q-119 0-203.5-84.5T128 1376V416q0-119 84.5-203.5T416 128h960q119 0 203.5 84.5T1664 416z"/&gt;&lt;/svg&gt;&lt;/span&gt;\n
        &lt;span class="icon icon-open"&gt;&lt;svg width="1792" height="1792" viewBox="0 0 1792 1792" xmlns="http://www.w3.org/2000/svg"&gt;&lt;path d="M1408 960V832q0-26-19-45t-45-19h-320V448q0-26-19-45t-45-19H832q-26 0-45 19t-19 45v320H448q-26 0-45 19t-19 45v128q0 26 19 45t45 19h320v320q0 26 19 45t45 19h128q26 0 45-19t19-45v-320h320q26 0 45-19t19-45zm256-544v960q0 119-84.5 203.5T1376 1664H416q-119 0-203.5-84.5T128 1376V416q0-119 84.5-203.5T416 128h960q119 0 203.5 84.5T1664 416z"/&gt;&lt;/svg&gt;&lt;/span&gt;\n
    \n
            &lt;span class="trace-class"&gt;&lt;abbr title="__TwigTemplate_95e3670c3b9e843df34ef1bc4233ab1b"&gt;__TwigTemplate_95e3670c3b9e843df34ef1bc4233ab1b&lt;/abbr&gt;&lt;/span&gt;&lt;span class="trace-type"&gt;-&gt;&lt;/span&gt;&lt;span class="trace-method"&gt;doDisplay&lt;/span&gt;&lt;span class="trace-arguments"&gt;(&lt;em&gt;array&lt;/em&gt;('fermes' =&gt; &lt;em&gt;array&lt;/em&gt;(), 'searchTerm' =&gt; '', 'currentSort' =&gt; 'idFerme', 'currentDirection' =&gt; 'ASC', 'errors' =&gt; &lt;em&gt;array&lt;/em&gt;(), 'ferme_edit' =&gt; &lt;em&gt;null&lt;/em&gt;, 'app' =&gt; &lt;em&gt;object&lt;/em&gt;(&lt;abbr title="Symfony\Bridge\Twig\AppVariable"&gt;AppVariable&lt;/abbr&gt;)), &lt;em&gt;array&lt;/em&gt;('title' =&gt; &lt;em&gt;array&lt;/em&gt;(&lt;em&gt;object&lt;/em&gt;(&lt;abbr title="__TwigTemplate_95e3670c3b9e843df34ef1bc4233ab1b"&gt;__TwigTemplate_95e3670c3b9e843df34ef1bc4233ab1b&lt;/abbr&gt;), 'block_title'), 'body' =&gt; &lt;em&gt;array&lt;/em&gt;(&lt;em&gt;object&lt;/em&gt;(&lt;abbr title="__TwigTemplate_95e3670c3b9e843df34ef1bc4233ab1b"&gt;__TwigTemplate_95e3670c3b9e843df34ef1bc4233ab1b&lt;/abbr&gt;), 'block_body')))&lt;/span&gt;    \n
                    &lt;span class="block trace-file-path"&gt;\n
            in\n
            &lt;a href="file://C:\Users\sliti\Desktop\dev\esprit-PIDEV-3A16-2526-FARMIA\vendor\twig\twig\src\Template.php#L402"&gt;\n
                C:\Users\sliti\Desktop\dev\esprit-PIDEV-3A16-2526-FARMIA\vendor\twig\twig\src\&lt;strong&gt;Template.php&lt;/strong&gt;\n
            &lt;/a&gt;\n
                        (line 402)\n
            &lt;span class="icon icon-copy hidden" data-clipboard-text="C:\Users\sliti\Desktop\dev\esprit-PIDEV-3A16-2526-FARMIA\vendor\twig\twig\src\Template.php:402"&gt;\n
                &lt;svg xmlns="http://www.w3.org/2000/svg" height="24" viewBox="0 0 24 24" width="24"&gt;&lt;path d="M0 0h24v24H0z" fill="none"/&gt;&lt;path d="M16 1H4c-1.1 0-2 .9-2 2v14h2V3h12V1zm3 4H8c-1.1 0-2 .9-2 2v14c0 1.1.9 2 2 2h11c1.1 0 2-.9 2-2V7c0-1.1-.9-2-2-2zm0 16H8V7h11v14z"/&gt;&lt;/svg&gt;            &lt;/span&gt;\n
        &lt;/span&gt;\n
    &lt;/div&gt;\n
    &lt;div id="trace-html-1-6" class="trace-code sf-toggle-content"&gt;\n
        &lt;ol start="397"&gt;&lt;li&gt;&lt;code&gt;&lt;span style="color: var(--highlight-default)"&gt;&amp;nbsp;&amp;nbsp;&amp;nbsp;&amp;nbsp;&lt;/span&gt;&lt;span style="color: var(--highlight-keyword)"&gt;{&lt;/span&gt;&lt;/code&gt;&lt;/li&gt;\n
&lt;li&gt;&lt;code&gt;&lt;span style="color: var(--highlight-keyword)"&gt;&amp;nbsp;&amp;nbsp;&amp;nbsp;&amp;nbsp;&amp;nbsp;&amp;nbsp;&amp;nbsp;&amp;nbsp;&lt;/span&gt;&lt;span style="color: var(--highlight-default)"&gt;$context&amp;nbsp;&lt;/span&gt;&lt;span style="color: var(--highlight-keyword)"&gt;+=&amp;nbsp;&lt;/span&gt;&lt;span style="color: var(--highlight-default)"&gt;$this&lt;/span&gt;&lt;span style="color: var(--highlight-keyword)"&gt;-&amp;gt;&lt;/span&gt;&lt;span style="color: var(--highlight-default)"&gt;env&lt;/span&gt;&lt;span style="color: var(--highlight-keyword)"&gt;-&amp;gt;&lt;/span&gt;&lt;span style="color: var(--highlight-default)"&gt;getGlobals&lt;/span&gt;&lt;span style="color: var(--highlight-keyword)"&gt;();&lt;/span&gt;&lt;/code&gt;&lt;/li&gt;\n
&lt;li&gt;&lt;code&gt;&lt;span style="color: var(--highlight-keyword)"&gt;&amp;nbsp;&amp;nbsp;&amp;nbsp;&amp;nbsp;&amp;nbsp;&amp;nbsp;&amp;nbsp;&amp;nbsp;&lt;/span&gt;&lt;span style="color: var(--highlight-default)"&gt;$blocks&amp;nbsp;&lt;/span&gt;&lt;span style="color: var(--highlight-keyword)"&gt;=&amp;nbsp;&lt;/span&gt;&lt;span style="color: var(--highlight-default)"&gt;array_merge&lt;/span&gt;&lt;span style="color: var(--highlight-keyword)"&gt;(&lt;/span&gt;&lt;span style="color: var(--highlight-default)"&gt;$this&lt;/span&gt;&lt;span style="color: var(--highlight-keyword)"&gt;-&amp;gt;&lt;/span&gt;&lt;span style="color: var(--highlight-default)"&gt;blocks&lt;/span&gt;&lt;span style="color: var(--highlight-keyword)"&gt;,&amp;nbsp;&lt;/span&gt;&lt;span style="color: var(--highlight-default)"&gt;$blocks&lt;/span&gt;&lt;span style="color: var(--highlight-keyword)"&gt;);&lt;/span&gt;&lt;/code&gt;&lt;/li&gt;\n
&lt;li&gt;&lt;code&gt;&lt;span style="color: var(--highlight-keyword)"&gt;&lt;/span&gt;&lt;/code&gt;&lt;/li&gt;\n
&lt;li&gt;&lt;code&gt;&lt;span style="color: var(--highlight-keyword)"&gt;&amp;nbsp;&amp;nbsp;&amp;nbsp;&amp;nbsp;&amp;nbsp;&amp;nbsp;&amp;nbsp;&amp;nbsp;try&amp;nbsp;{&lt;/span&gt;&lt;/code&gt;&lt;/li&gt;\n
&lt;li class="selected"&gt;&lt;code&gt;&lt;span style="color: var(--highlight-keyword)"&gt;&amp;nbsp;&amp;nbsp;&amp;nbsp;&amp;nbsp;&amp;nbsp;&amp;nbsp;&amp;nbsp;&amp;nbsp;&amp;nbsp;&amp;nbsp;&amp;nbsp;&amp;nbsp;yield&amp;nbsp;from&amp;nbsp;&lt;/span&gt;&lt;span style="color: var(--highlight-default)"&gt;$this&lt;/span&gt;&lt;span style="color: var(--highlight-keyword)"&gt;-&amp;gt;&lt;/span&gt;&lt;span style="color: var(--highlight-default)"&gt;doDisplay&lt;/span&gt;&lt;span style="color: var(--highlight-keyword)"&gt;(&lt;/span&gt;&lt;span style="color: var(--highlight-default)"&gt;$context&lt;/span&gt;&lt;span style="color: var(--highlight-keyword)"&gt;,&amp;nbsp;&lt;/span&gt;&lt;span style="color: var(--highlight-default)"&gt;$blocks&lt;/span&gt;&lt;span style="color: var(--highlight-keyword)"&gt;);&lt;/span&gt;&lt;/code&gt;&lt;/li&gt;\n
&lt;li&gt;&lt;code&gt;&lt;span style="color: var(--highlight-keyword)"&gt;&amp;nbsp;&amp;nbsp;&amp;nbsp;&amp;nbsp;&amp;nbsp;&amp;nbsp;&amp;nbsp;&amp;nbsp;}&amp;nbsp;catch&amp;nbsp;(&lt;/span&gt;&lt;span style="color: var(--highlight-default)"&gt;Error&amp;nbsp;$e&lt;/span&gt;&lt;span style="color: var(--highlight-keyword)"&gt;)&amp;nbsp;{&lt;/span&gt;&lt;/code&gt;&lt;/li&gt;\n
&lt;li&gt;&lt;code&gt;&lt;span style="color: var(--highlight-keyword)"&gt;&amp;nbsp;&amp;nbsp;&amp;nbsp;&amp;nbsp;&amp;nbsp;&amp;nbsp;&amp;nbsp;&amp;nbsp;&amp;nbsp;&amp;nbsp;&amp;nbsp;&amp;nbsp;if&amp;nbsp;(!&lt;/span&gt;&lt;span style="color: var(--highlight-default)"&gt;$e&lt;/span&gt;&lt;span style="color: var(--highlight-keyword)"&gt;-&amp;gt;&lt;/span&gt;&lt;span style="color: var(--highlight-default)"&gt;getSourceContext&lt;/span&gt;&lt;span style="color: var(--highlight-keyword)"&gt;())&amp;nbsp;{&lt;/span&gt;&lt;/code&gt;&lt;/li&gt;\n
&lt;li&gt;&lt;code&gt;&lt;span style="color: var(--highlight-keyword)"&gt;&amp;nbsp;&amp;nbsp;&amp;nbsp;&amp;nbsp;&amp;nbsp;&amp;nbsp;&amp;nbsp;&amp;nbsp;&amp;nbsp;&amp;nbsp;&amp;nbsp;&amp;nbsp;&amp;nbsp;&amp;nbsp;&amp;nbsp;&amp;nbsp;&lt;/span&gt;&lt;span style="color: var(--highlight-default)"&gt;$e&lt;/span&gt;&lt;span style="color: var(--highlight-keyword)"&gt;-&amp;gt;&lt;/span&gt;&lt;span style="color: var(--highlight-default)"&gt;setSourceContext&lt;/span&gt;&lt;span style="color: var(--highlight-keyword)"&gt;(&lt;/span&gt;&lt;span style="color: var(--highlight-default)"&gt;$this&lt;/span&gt;&lt;span style="color: var(--highlight-keyword)"&gt;-&amp;gt;&lt;/span&gt;&lt;span style="color: var(--highlight-default)"&gt;getSourceContext&lt;/span&gt;&lt;span style="color: var(--highlight-keyword)"&gt;());&lt;/span&gt;&lt;/code&gt;&lt;/li&gt;\n
&lt;li&gt;&lt;code&gt;&lt;span style="color: var(--highlight-keyword)"&gt;&amp;nbsp;&amp;nbsp;&amp;nbsp;&amp;nbsp;&amp;nbsp;&amp;nbsp;&amp;nbsp;&amp;nbsp;&amp;nbsp;&amp;nbsp;&amp;nbsp;&amp;nbsp;}&lt;/span&gt;&lt;/code&gt;&lt;/li&gt;\n
&lt;li&gt;&lt;code&gt;&lt;span style="color: var(--highlight-keyword)"&gt;&lt;/span&gt;&lt;/code&gt;&lt;/li&gt;&lt;/ol&gt;    &lt;/div&gt;            &lt;/div&gt;\n
                        &lt;div class="trace-line "&gt;\n
                &lt;div class="trace-line-header break-long-words sf-toggle" data-toggle-selector="#trace-html-1-7" data-toggle-initial=""&gt;\n
            &lt;span class="icon icon-close"&gt;&lt;svg width="1792" height="1792" viewBox="0 0 1792 1792" xmlns="http://www.w3.org/2000/svg"&gt;&lt;path d="M1408 960V832q0-26-19-45t-45-19H448q-26 0-45 19t-19 45v128q0 26 19 45t45 19h896q26 0 45-19t19-45zm256-544v960q0 119-84.5 203.5T1376 1664H416q-119 0-203.5-84.5T128 1376V416q0-119 84.5-203.5T416 128h960q119 0 203.5 84.5T1664 416z"/&gt;&lt;/svg&gt;&lt;/span&gt;\n
        &lt;span class="icon icon-open"&gt;&lt;svg width="1792" height="1792" viewBox="0 0 1792 1792" xmlns="http://www.w3.org/2000/svg"&gt;&lt;path d="M1408 960V832q0-26-19-45t-45-19h-320V448q0-26-19-45t-45-19H832q-26 0-45 19t-19 45v320H448q-26 0-45 19t-19 45v128q0 26 19 45t45 19h320v320q0 26 19 45t45 19h128q26 0 45-19t19-45v-320h320q26 0 45-19t19-45zm256-544v960q0 119-84.5 203.5T1376 1664H416q-119 0-203.5-84.5T128 1376V416q0-119 84.5-203.5T416 128h960q119 0 203.5 84.5T1664 416z"/&gt;&lt;/svg&gt;&lt;/span&gt;\n
    \n
            &lt;span class="trace-class"&gt;&lt;abbr title="Twig\Template"&gt;Template&lt;/abbr&gt;&lt;/span&gt;&lt;span class="trace-type"&gt;-&gt;&lt;/span&gt;&lt;span class="trace-method"&gt;yield&lt;/span&gt;&lt;span class="trace-arguments"&gt;(&lt;em&gt;array&lt;/em&gt;('fermes' =&gt; &lt;em&gt;array&lt;/em&gt;(), 'searchTerm' =&gt; '', 'currentSort' =&gt; 'idFerme', 'currentDirection' =&gt; 'ASC', 'errors' =&gt; &lt;em&gt;array&lt;/em&gt;(), 'ferme_edit' =&gt; &lt;em&gt;null&lt;/em&gt;, 'app' =&gt; &lt;em&gt;object&lt;/em&gt;(&lt;abbr title="Symfony\Bridge\Twig\AppVariable"&gt;AppVariable&lt;/abbr&gt;)), &lt;em&gt;array&lt;/em&gt;('title' =&gt; &lt;em&gt;array&lt;/em&gt;(&lt;em&gt;object&lt;/em&gt;(&lt;abbr title="__TwigTemplate_95e3670c3b9e843df34ef1bc4233ab1b"&gt;__TwigTemplate_95e3670c3b9e843df34ef1bc4233ab1b&lt;/abbr&gt;), 'block_title'), 'body' =&gt; &lt;em&gt;array&lt;/em&gt;(&lt;em&gt;object&lt;/em&gt;(&lt;abbr title="__TwigTemplate_95e3670c3b9e843df34ef1bc4233ab1b"&gt;__TwigTemplate_95e3670c3b9e843df34ef1bc4233ab1b&lt;/abbr&gt;), 'block_body')))&lt;/span&gt;    \n
                    &lt;span class="block trace-file-path"&gt;\n
            in\n
            &lt;a href="file://C:\Users\sliti\Desktop\dev\esprit-PIDEV-3A16-2526-FARMIA\vendor\twig\twig\src\Template.php#L358"&gt;\n
                C:\Users\sliti\Desktop\dev\esprit-PIDEV-3A16-2526-FARMIA\vendor\twig\twig\src\&lt;strong&gt;Template.php&lt;/strong&gt;\n
            &lt;/a&gt;\n
                        (line 358)\n
            &lt;span class="icon icon-copy hidden" data-clipboard-text="C:\Users\sliti\Desktop\dev\esprit-PIDEV-3A16-2526-FARMIA\vendor\twig\twig\src\Template.php:358"&gt;\n
                &lt;svg xmlns="http://www.w3.org/2000/svg" height="24" viewBox="0 0 24 24" width="24"&gt;&lt;path d="M0 0h24v24H0z" fill="none"/&gt;&lt;path d="M16 1H4c-1.1 0-2 .9-2 2v14h2V3h12V1zm3 4H8c-1.1 0-2 .9-2 2v14c0 1.1.9 2 2 2h11c1.1 0 2-.9 2-2V7c0-1.1-.9-2-2-2zm0 16H8V7h11v14z"/&gt;&lt;/svg&gt;            &lt;/span&gt;\n
        &lt;/span&gt;\n
    &lt;/div&gt;\n
    &lt;div id="trace-html-1-7" class="trace-code sf-toggle-content"&gt;\n
        &lt;ol start="353"&gt;&lt;li&gt;&lt;code&gt;&lt;span style="color: var(--highlight-keyword)"&gt;&amp;nbsp;&amp;nbsp;&amp;nbsp;&amp;nbsp;&amp;nbsp;&amp;nbsp;&amp;nbsp;&amp;nbsp;return&amp;nbsp;&lt;/span&gt;&lt;span style="color: var(--highlight-default)"&gt;$this&lt;/span&gt;&lt;span style="color: var(--highlight-keyword)"&gt;-&amp;gt;&lt;/span&gt;&lt;span style="color: var(--highlight-default)"&gt;blocks&lt;/span&gt;&lt;span style="color: var(--highlight-keyword)"&gt;;&lt;/span&gt;&lt;/code&gt;&lt;/li&gt;\n
&lt;li&gt;&lt;code&gt;&lt;span style="color: var(--highlight-keyword)"&gt;&amp;nbsp;&amp;nbsp;&amp;nbsp;&amp;nbsp;}&lt;/span&gt;&lt;/code&gt;&lt;/li&gt;\n
&lt;li&gt;&lt;code&gt;&lt;span style="color: var(--highlight-keyword)"&gt;&lt;/span&gt;&lt;/code&gt;&lt;/li&gt;\n
&lt;li&gt;&lt;code&gt;&lt;span style="color: var(--highlight-keyword)"&gt;&amp;nbsp;&amp;nbsp;&amp;nbsp;&amp;nbsp;public&amp;nbsp;function&amp;nbsp;&lt;/span&gt;&lt;span style="color: var(--highlight-default)"&gt;display&lt;/span&gt;&lt;span style="color: var(--highlight-keyword)"&gt;(array&amp;nbsp;&lt;/span&gt;&lt;span style="color: var(--highlight-default)"&gt;$context&lt;/span&gt;&lt;span style="color: var(--highlight-keyword)"&gt;,&amp;nbsp;array&amp;nbsp;&lt;/span&gt;&lt;span style="color: var(--highlight-default)"&gt;$blocks&amp;nbsp;&lt;/span&gt;&lt;span style="color: var(--highlight-keyword)"&gt;=&amp;nbsp;[]):&amp;nbsp;&lt;/span&gt;&lt;span style="color: var(--highlight-default)"&gt;void&lt;/span&gt;&lt;/code&gt;&lt;/li&gt;\n
&lt;li&gt;&lt;code&gt;&lt;span style="color: var(--highlight-default)"&gt;&amp;nbsp;&amp;nbsp;&amp;nbsp;&amp;nbsp;&lt;/span&gt;&lt;span style="color: var(--highlight-keyword)"&gt;{&lt;/span&gt;&lt;/code&gt;&lt;/li&gt;\n
&lt;li class="selected"&gt;&lt;code&gt;&lt;span style="color: var(--highlight-keyword)"&gt;&amp;nbsp;&amp;nbsp;&amp;nbsp;&amp;nbsp;&amp;nbsp;&amp;nbsp;&amp;nbsp;&amp;nbsp;foreach&amp;nbsp;(&lt;/span&gt;&lt;span style="color: var(--highlight-default)"&gt;$this&lt;/span&gt;&lt;span style="color: var(--highlight-keyword)"&gt;-&amp;gt;&lt;/span&gt;&lt;span style="color: var(--highlight-default)"&gt;yield&lt;/span&gt;&lt;span style="color: var(--highlight-keyword)"&gt;(&lt;/span&gt;&lt;span style="color: var(--highlight-default)"&gt;$context&lt;/span&gt;&lt;span style="color: var(--highlight-keyword)"&gt;,&amp;nbsp;&lt;/span&gt;&lt;span style="color: var(--highlight-default)"&gt;$blocks&lt;/span&gt;&lt;span style="color: var(--highlight-keyword)"&gt;)&amp;nbsp;as&amp;nbsp;&lt;/span&gt;&lt;span style="color: var(--highlight-default)"&gt;$data&lt;/span&gt;&lt;span style="color: var(--highlight-keyword)"&gt;)&amp;nbsp;{&lt;/span&gt;&lt;/code&gt;&lt;/li&gt;\n
&lt;li&gt;&lt;code&gt;&lt;span style="color: var(--highlight-keyword)"&gt;&amp;nbsp;&amp;nbsp;&amp;nbsp;&amp;nbsp;&amp;nbsp;&amp;nbsp;&amp;nbsp;&amp;nbsp;&amp;nbsp;&amp;nbsp;&amp;nbsp;&amp;nbsp;echo&amp;nbsp;&lt;/span&gt;&lt;span style="color: var(--highlight-default)"&gt;$data&lt;/span&gt;&lt;span style="color: var(--highlight-keyword)"&gt;;&lt;/span&gt;&lt;/code&gt;&lt;/li&gt;\n
&lt;li&gt;&lt;code&gt;&lt;span style="color: var(--highlight-keyword)"&gt;&amp;nbsp;&amp;nbsp;&amp;nbsp;&amp;nbsp;&amp;nbsp;&amp;nbsp;&amp;nbsp;&amp;nbsp;}&lt;/span&gt;&lt;/code&gt;&lt;/li&gt;\n
&lt;li&gt;&lt;code&gt;&lt;span style="color: var(--highlight-keyword)"&gt;&amp;nbsp;&amp;nbsp;&amp;nbsp;&amp;nbsp;}&lt;/span&gt;&lt;/code&gt;&lt;/li&gt;\n
&lt;li&gt;&lt;code&gt;&lt;span style="color: var(--highlight-keyword)"&gt;&lt;/span&gt;&lt;/code&gt;&lt;/li&gt;\n
&lt;li&gt;&lt;code&gt;&lt;span style="color: var(--highlight-keyword)"&gt;&amp;nbsp;&amp;nbsp;&amp;nbsp;&amp;nbsp;public&amp;nbsp;function&amp;nbsp;&lt;/span&gt;&lt;span style="color: var(--highlight-default)"&gt;render&lt;/span&gt;&lt;span style="color: var(--highlight-keyword)"&gt;(array&amp;nbsp;&lt;/span&gt;&lt;span style="color: var(--highlight-default)"&gt;$context&lt;/span&gt;&lt;span style="color: var(--highlight-keyword)"&gt;):&amp;nbsp;&lt;/span&gt;&lt;span style="color: var(--highlight-default)"&gt;string&lt;/span&gt;&lt;/code&gt;&lt;/li&gt;&lt;/ol&gt;    &lt;/div&gt;            &lt;/div&gt;\n
                        &lt;div class="trace-line "&gt;\n
                &lt;div class="trace-line-header break-long-words sf-toggle" data-toggle-selector="#trace-html-1-8" data-toggle-initial=""&gt;\n
            &lt;span class="icon icon-close"&gt;&lt;svg width="1792" height="1792" viewBox="0 0 1792 1792" xmlns="http://www.w3.org/2000/svg"&gt;&lt;path d="M1408 960V832q0-26-19-45t-45-19H448q-26 0-45 19t-19 45v128q0 26 19 45t45 19h896q26 0 45-19t19-45zm256-544v960q0 119-84.5 203.5T1376 1664H416q-119 0-203.5-84.5T128 1376V416q0-119 84.5-203.5T416 128h960q119 0 203.5 84.5T1664 416z"/&gt;&lt;/svg&gt;&lt;/span&gt;\n
        &lt;span class="icon icon-open"&gt;&lt;svg width="1792" height="1792" viewBox="0 0 1792 1792" xmlns="http://www.w3.org/2000/svg"&gt;&lt;path d="M1408 960V832q0-26-19-45t-45-19h-320V448q0-26-19-45t-45-19H832q-26 0-45 19t-19 45v320H448q-26 0-45 19t-19 45v128q0 26 19 45t45 19h320v320q0 26 19 45t45 19h128q26 0 45-19t19-45v-320h320q26 0 45-19t19-45zm256-544v960q0 119-84.5 203.5T1376 1664H416q-119 0-203.5-84.5T128 1376V416q0-119 84.5-203.5T416 128h960q119 0 203.5 84.5T1664 416z"/&gt;&lt;/svg&gt;&lt;/span&gt;\n
    \n
            &lt;span class="trace-class"&gt;&lt;abbr title="Twig\Template"&gt;Template&lt;/abbr&gt;&lt;/span&gt;&lt;span class="trace-type"&gt;-&gt;&lt;/span&gt;&lt;span class="trace-method"&gt;display&lt;/span&gt;&lt;span class="trace-arguments"&gt;(&lt;em&gt;array&lt;/em&gt;('fermes' =&gt; &lt;em&gt;array&lt;/em&gt;(), 'searchTerm' =&gt; '', 'currentSort' =&gt; 'idFerme', 'currentDirection' =&gt; 'ASC', 'errors' =&gt; &lt;em&gt;array&lt;/em&gt;(), 'ferme_edit' =&gt; &lt;em&gt;null&lt;/em&gt;))&lt;/span&gt;    \n
                    &lt;span class="block trace-file-path"&gt;\n
            in\n
            &lt;a href="file://C:\Users\sliti\Desktop\dev\esprit-PIDEV-3A16-2526-FARMIA\vendor\twig\twig\src\Template.php#L373"&gt;\n
                C:\Users\sliti\Desktop\dev\esprit-PIDEV-3A16-2526-FARMIA\vendor\twig\twig\src\&lt;strong&gt;Template.php&lt;/strong&gt;\n
            &lt;/a&gt;\n
                        (line 373)\n
            &lt;span class="icon icon-copy hidden" data-clipboard-text="C:\Users\sliti\Desktop\dev\esprit-PIDEV-3A16-2526-FARMIA\vendor\twig\twig\src\Template.php:373"&gt;\n
                &lt;svg xmlns="http://www.w3.org/2000/svg" height="24" viewBox="0 0 24 24" width="24"&gt;&lt;path d="M0 0h24v24H0z" fill="none"/&gt;&lt;path d="M16 1H4c-1.1 0-2 .9-2 2v14h2V3h12V1zm3 4H8c-1.1 0-2 .9-2 2v14c0 1.1.9 2 2 2h11c1.1 0 2-.9 2-2V7c0-1.1-.9-2-2-2zm0 16H8V7h11v14z"/&gt;&lt;/svg&gt;            &lt;/span&gt;\n
        &lt;/span&gt;\n
    &lt;/div&gt;\n
    &lt;div id="trace-html-1-8" class="trace-code sf-toggle-content"&gt;\n
        &lt;ol start="368"&gt;&lt;li&gt;&lt;code&gt;&lt;span style="color: var(--highlight-keyword)"&gt;&amp;nbsp;&amp;nbsp;&amp;nbsp;&amp;nbsp;&amp;nbsp;&amp;nbsp;&amp;nbsp;&amp;nbsp;&amp;nbsp;&amp;nbsp;&amp;nbsp;&amp;nbsp;&amp;nbsp;&amp;nbsp;&amp;nbsp;&amp;nbsp;&lt;/span&gt;&lt;span style="color: var(--highlight-default)"&gt;ob_start&lt;/span&gt;&lt;span style="color: var(--highlight-keyword)"&gt;();&lt;/span&gt;&lt;/code&gt;&lt;/li&gt;\n
&lt;li&gt;&lt;code&gt;&lt;span style="color: var(--highlight-keyword)"&gt;&amp;nbsp;&amp;nbsp;&amp;nbsp;&amp;nbsp;&amp;nbsp;&amp;nbsp;&amp;nbsp;&amp;nbsp;&amp;nbsp;&amp;nbsp;&amp;nbsp;&amp;nbsp;}&amp;nbsp;else&amp;nbsp;{&lt;/span&gt;&lt;/code&gt;&lt;/li&gt;\n
&lt;li&gt;&lt;code&gt;&lt;span style="color: var(--highlight-keyword)"&gt;&amp;nbsp;&amp;nbsp;&amp;nbsp;&amp;nbsp;&amp;nbsp;&amp;nbsp;&amp;nbsp;&amp;nbsp;&amp;nbsp;&amp;nbsp;&amp;nbsp;&amp;nbsp;&amp;nbsp;&amp;nbsp;&amp;nbsp;&amp;nbsp;&lt;/span&gt;&lt;span style="color: var(--highlight-default)"&gt;ob_start&lt;/span&gt;&lt;span style="color: var(--highlight-keyword)"&gt;(static&amp;nbsp;function&amp;nbsp;()&amp;nbsp;{&amp;nbsp;return&amp;nbsp;&lt;/span&gt;&lt;span style="color: var(--highlight-string)"&gt;''&lt;/span&gt;&lt;span style="color: var(--highlight-keyword)"&gt;;&amp;nbsp;});&lt;/span&gt;&lt;/code&gt;&lt;/li&gt;\n
&lt;li&gt;&lt;code&gt;&lt;span style="color: var(--highlight-keyword)"&gt;&amp;nbsp;&amp;nbsp;&amp;nbsp;&amp;nbsp;&amp;nbsp;&amp;nbsp;&amp;nbsp;&amp;nbsp;&amp;nbsp;&amp;nbsp;&amp;nbsp;&amp;nbsp;}&lt;/span&gt;&lt;/code&gt;&lt;/li&gt;\n
&lt;li&gt;&lt;code&gt;&lt;span style="color: var(--highlight-keyword)"&gt;&amp;nbsp;&amp;nbsp;&amp;nbsp;&amp;nbsp;&amp;nbsp;&amp;nbsp;&amp;nbsp;&amp;nbsp;&amp;nbsp;&amp;nbsp;&amp;nbsp;&amp;nbsp;try&amp;nbsp;{&lt;/span&gt;&lt;/code&gt;&lt;/li&gt;\n
&lt;li class="selected"&gt;&lt;code&gt;&lt;span style="color: var(--highlight-keyword)"&gt;&amp;nbsp;&amp;nbsp;&amp;nbsp;&amp;nbsp;&amp;nbsp;&amp;nbsp;&amp;nbsp;&amp;nbsp;&amp;nbsp;&amp;nbsp;&amp;nbsp;&amp;nbsp;&amp;nbsp;&amp;nbsp;&amp;nbsp;&amp;nbsp;&lt;/span&gt;&lt;span style="color: var(--highlight-default)"&gt;$this&lt;/span&gt;&lt;span style="color: var(--highlight-keyword)"&gt;-&amp;gt;&lt;/span&gt;&lt;span style="color: var(--highlight-default)"&gt;display&lt;/span&gt;&lt;span style="color: var(--highlight-keyword)"&gt;(&lt;/span&gt;&lt;span style="color: var(--highlight-default)"&gt;$context&lt;/span&gt;&lt;span style="color: var(--highlight-keyword)"&gt;);&lt;/span&gt;&lt;/code&gt;&lt;/li&gt;\n
&lt;li&gt;&lt;code&gt;&lt;span style="color: var(--highlight-keyword)"&gt;&amp;nbsp;&amp;nbsp;&amp;nbsp;&amp;nbsp;&amp;nbsp;&amp;nbsp;&amp;nbsp;&amp;nbsp;&amp;nbsp;&amp;nbsp;&amp;nbsp;&amp;nbsp;}&amp;nbsp;catch&amp;nbsp;(&lt;/span&gt;&lt;span style="color: var(--highlight-default)"&gt;\Throwable&amp;nbsp;$e&lt;/span&gt;&lt;span style="color: var(--highlight-keyword)"&gt;)&amp;nbsp;{&lt;/span&gt;&lt;/code&gt;&lt;/li&gt;\n
&lt;li&gt;&lt;code&gt;&lt;span style="color: var(--highlight-keyword)"&gt;&amp;nbsp;&amp;nbsp;&amp;nbsp;&amp;nbsp;&amp;nbsp;&amp;nbsp;&amp;nbsp;&amp;nbsp;&amp;nbsp;&amp;nbsp;&amp;nbsp;&amp;nbsp;&amp;nbsp;&amp;nbsp;&amp;nbsp;&amp;nbsp;while&amp;nbsp;(&lt;/span&gt;&lt;span style="color: var(--highlight-default)"&gt;ob_get_level&lt;/span&gt;&lt;span style="color: var(--highlight-keyword)"&gt;()&amp;nbsp;&amp;gt;&amp;nbsp;&lt;/span&gt;&lt;span style="color: var(--highlight-default)"&gt;$level&lt;/span&gt;&lt;span style="color: var(--highlight-keyword)"&gt;)&amp;nbsp;{&lt;/span&gt;&lt;/code&gt;&lt;/li&gt;\n
&lt;li&gt;&lt;code&gt;&lt;span style="color: var(--highlight-keyword)"&gt;&amp;nbsp;&amp;nbsp;&amp;nbsp;&amp;nbsp;&amp;nbsp;&amp;nbsp;&amp;nbsp;&amp;nbsp;&amp;nbsp;&amp;nbsp;&amp;nbsp;&amp;nbsp;&amp;nbsp;&amp;nbsp;&amp;nbsp;&amp;nbsp;&amp;nbsp;&amp;nbsp;&amp;nbsp;&amp;nbsp;&lt;/span&gt;&lt;span style="color: var(--highlight-default)"&gt;ob_end_clean&lt;/span&gt;&lt;span style="color: var(--highlight-keyword)"&gt;();&lt;/span&gt;&lt;/code&gt;&lt;/li&gt;\n
&lt;li&gt;&lt;code&gt;&lt;span style="color: var(--highlight-keyword)"&gt;&amp;nbsp;&amp;nbsp;&amp;nbsp;&amp;nbsp;&amp;nbsp;&amp;nbsp;&amp;nbsp;&amp;nbsp;&amp;nbsp;&amp;nbsp;&amp;nbsp;&amp;nbsp;&amp;nbsp;&amp;nbsp;&amp;nbsp;&amp;nbsp;}&lt;/span&gt;&lt;/code&gt;&lt;/li&gt;\n
&lt;li&gt;&lt;code&gt;&lt;span style="color: var(--highlight-keyword)"&gt;&lt;/span&gt;&lt;/code&gt;&lt;/li&gt;&lt;/ol&gt;    &lt;/div&gt;            &lt;/div&gt;\n
                        &lt;div class="trace-line "&gt;\n
                &lt;div class="trace-line-header break-long-words sf-toggle" data-toggle-selector="#trace-html-1-9" data-toggle-initial=""&gt;\n
            &lt;span class="icon icon-close"&gt;&lt;svg width="1792" height="1792" viewBox="0 0 1792 1792" xmlns="http://www.w3.org/2000/svg"&gt;&lt;path d="M1408 960V832q0-26-19-45t-45-19H448q-26 0-45 19t-19 45v128q0 26 19 45t45 19h896q26 0 45-19t19-45zm256-544v960q0 119-84.5 203.5T1376 1664H416q-119 0-203.5-84.5T128 1376V416q0-119 84.5-203.5T416 128h960q119 0 203.5 84.5T1664 416z"/&gt;&lt;/svg&gt;&lt;/span&gt;\n
        &lt;span class="icon icon-open"&gt;&lt;svg width="1792" height="1792" viewBox="0 0 1792 1792" xmlns="http://www.w3.org/2000/svg"&gt;&lt;path d="M1408 960V832q0-26-19-45t-45-19h-320V448q0-26-19-45t-45-19H832q-26 0-45 19t-19 45v320H448q-26 0-45 19t-19 45v128q0 26 19 45t45 19h320v320q0 26 19 45t45 19h128q26 0 45-19t19-45v-320h320q26 0 45-19t19-45zm256-544v960q0 119-84.5 203.5T1376 1664H416q-119 0-203.5-84.5T128 1376V416q0-119 84.5-203.5T416 128h960q119 0 203.5 84.5T1664 416z"/&gt;&lt;/svg&gt;&lt;/span&gt;\n
    \n
            &lt;span class="trace-class"&gt;&lt;abbr title="Twig\Template"&gt;Template&lt;/abbr&gt;&lt;/span&gt;&lt;span class="trace-type"&gt;-&gt;&lt;/span&gt;&lt;span class="trace-method"&gt;render&lt;/span&gt;&lt;span class="trace-arguments"&gt;(&lt;em&gt;array&lt;/em&gt;('fermes' =&gt; &lt;em&gt;array&lt;/em&gt;(), 'searchTerm' =&gt; '', 'currentSort' =&gt; 'idFerme', 'currentDirection' =&gt; 'ASC', 'errors' =&gt; &lt;em&gt;array&lt;/em&gt;(), 'ferme_edit' =&gt; &lt;em&gt;null&lt;/em&gt;))&lt;/span&gt;    \n
                    &lt;span class="block trace-file-path"&gt;\n
            in\n
            &lt;a href="file://C:\Users\sliti\Desktop\dev\esprit-PIDEV-3A16-2526-FARMIA\vendor\twig\twig\src\TemplateWrapper.php#L51"&gt;\n
                C:\Users\sliti\Desktop\dev\esprit-PIDEV-3A16-2526-FARMIA\vendor\twig\twig\src\&lt;strong&gt;TemplateWrapper.php&lt;/strong&gt;\n
            &lt;/a&gt;\n
                        (line 51)\n
            &lt;span class="icon icon-copy hidden" data-clipboard-text="C:\Users\sliti\Desktop\dev\esprit-PIDEV-3A16-2526-FARMIA\vendor\twig\twig\src\TemplateWrapper.php:51"&gt;\n
                &lt;svg xmlns="http://www.w3.org/2000/svg" height="24" viewBox="0 0 24 24" width="24"&gt;&lt;path d="M0 0h24v24H0z" fill="none"/&gt;&lt;path d="M16 1H4c-1.1 0-2 .9-2 2v14h2V3h12V1zm3 4H8c-1.1 0-2 .9-2 2v14c0 1.1.9 2 2 2h11c1.1 0 2-.9 2-2V7c0-1.1-.9-2-2-2zm0 16H8V7h11v14z"/&gt;&lt;/svg&gt;            &lt;/span&gt;\n
        &lt;/span&gt;\n
    &lt;/div&gt;\n
    &lt;div id="trace-html-1-9" class="trace-code sf-toggle-content"&gt;\n
        &lt;ol start="46"&gt;&lt;li&gt;&lt;code&gt;&lt;span style="color: var(--highlight-keyword)"&gt;&amp;nbsp;&amp;nbsp;&amp;nbsp;&amp;nbsp;&amp;nbsp;&amp;nbsp;&amp;nbsp;&amp;nbsp;yield&amp;nbsp;from&amp;nbsp;&lt;/span&gt;&lt;span style="color: var(--highlight-default)"&gt;$this&lt;/span&gt;&lt;span style="color: var(--highlight-keyword)"&gt;-&amp;gt;&lt;/span&gt;&lt;span style="color: var(--highlight-default)"&gt;template&lt;/span&gt;&lt;span style="color: var(--highlight-keyword)"&gt;-&amp;gt;&lt;/span&gt;&lt;span style="color: var(--highlight-default)"&gt;yieldBlock&lt;/span&gt;&lt;span style="color: var(--highlight-keyword)"&gt;(&lt;/span&gt;&lt;span style="color: var(--highlight-default)"&gt;$name&lt;/span&gt;&lt;span style="color: var(--highlight-keyword)"&gt;,&amp;nbsp;&lt;/span&gt;&lt;span style="color: var(--highlight-default)"&gt;$context&lt;/span&gt;&lt;span style="color: var(--highlight-keyword)"&gt;);&lt;/span&gt;&lt;/code&gt;&lt;/li&gt;\n
&lt;li&gt;&lt;code&gt;&lt;span style="color: var(--highlight-keyword)"&gt;&amp;nbsp;&amp;nbsp;&amp;nbsp;&amp;nbsp;}&lt;/span&gt;&lt;/code&gt;&lt;/li&gt;\n
&lt;li&gt;&lt;code&gt;&lt;span style="color: var(--highlight-keyword)"&gt;&lt;/span&gt;&lt;/code&gt;&lt;/li&gt;\n
&lt;li&gt;&lt;code&gt;&lt;span style="color: var(--highlight-keyword)"&gt;&amp;nbsp;&amp;nbsp;&amp;nbsp;&amp;nbsp;public&amp;nbsp;function&amp;nbsp;&lt;/span&gt;&lt;span style="color: var(--highlight-default)"&gt;render&lt;/span&gt;&lt;span style="color: var(--highlight-keyword)"&gt;(array&amp;nbsp;&lt;/span&gt;&lt;span style="color: var(--highlight-default)"&gt;$context&amp;nbsp;&lt;/span&gt;&lt;span style="color: var(--highlight-keyword)"&gt;=&amp;nbsp;[]):&amp;nbsp;&lt;/span&gt;&lt;span style="color: var(--highlight-default)"&gt;string&lt;/span&gt;&lt;/code&gt;&lt;/li&gt;\n
&lt;li&gt;&lt;code&gt;&lt;span style="color: var(--highlight-default)"&gt;&amp;nbsp;&amp;nbsp;&amp;nbsp;&amp;nbsp;&lt;/span&gt;&lt;span style="color: var(--highlight-keyword)"&gt;{&lt;/span&gt;&lt;/code&gt;&lt;/li&gt;\n
&lt;li class="selected"&gt;&lt;code&gt;&lt;span style="color: var(--highlight-keyword)"&gt;&amp;nbsp;&amp;nbsp;&amp;nbsp;&amp;nbsp;&amp;nbsp;&amp;nbsp;&amp;nbsp;&amp;nbsp;return&amp;nbsp;&lt;/span&gt;&lt;span style="color: var(--highlight-default)"&gt;$this&lt;/span&gt;&lt;span style="color: var(--highlight-keyword)"&gt;-&amp;gt;&lt;/span&gt;&lt;span style="color: var(--highlight-default)"&gt;template&lt;/span&gt;&lt;span style="color: var(--highlight-keyword)"&gt;-&amp;gt;&lt;/span&gt;&lt;span style="color: var(--highlight-default)"&gt;render&lt;/span&gt;&lt;span style="color: var(--highlight-keyword)"&gt;(&lt;/span&gt;&lt;span style="color: var(--highlight-default)"&gt;$context&lt;/span&gt;&lt;span style="color: var(--highlight-keyword)"&gt;);&lt;/span&gt;&lt;/code&gt;&lt;/li&gt;\n
&lt;li&gt;&lt;code&gt;&lt;span style="color: var(--highlight-keyword)"&gt;&amp;nbsp;&amp;nbsp;&amp;nbsp;&amp;nbsp;}&lt;/span&gt;&lt;/code&gt;&lt;/li&gt;\n
&lt;li&gt;&lt;code&gt;&lt;span style="color: var(--highlight-keyword)"&gt;&lt;/span&gt;&lt;/code&gt;&lt;/li&gt;\n
&lt;li&gt;&lt;code&gt;&lt;span style="color: var(--highlight-keyword)"&gt;&amp;nbsp;&amp;nbsp;&amp;nbsp;&amp;nbsp;&lt;/span&gt;&lt;span style="color: var(--highlight-comment)"&gt;/**&lt;/span&gt;&lt;/code&gt;&lt;/li&gt;\n
&lt;li&gt;&lt;code&gt;&lt;span style="color: var(--highlight-comment)"&gt;&amp;nbsp;&amp;nbsp;&amp;nbsp;&amp;nbsp;&amp;nbsp;*&amp;nbsp;@return&amp;nbsp;void&lt;/span&gt;&lt;/code&gt;&lt;/li&gt;\n
&lt;li&gt;&lt;code&gt;&lt;span style="color: var(--highlight-comment)"&gt;&amp;nbsp;&amp;nbsp;&amp;nbsp;&amp;nbsp;&amp;nbsp;*/&lt;/span&gt;&lt;/code&gt;&lt;/li&gt;&lt;/ol&gt;    &lt;/div&gt;            &lt;/div&gt;\n
                        &lt;div class="trace-line "&gt;\n
                &lt;div class="trace-line-header break-long-words sf-toggle" data-toggle-selector="#trace-html-1-10" data-toggle-initial=""&gt;\n
            &lt;span class="icon icon-close"&gt;&lt;svg width="1792" height="1792" viewBox="0 0 1792 1792" xmlns="http://www.w3.org/2000/svg"&gt;&lt;path d="M1408 960V832q0-26-19-45t-45-19H448q-26 0-45 19t-19 45v128q0 26 19 45t45 19h896q26 0 45-19t19-45zm256-544v960q0 119-84.5 203.5T1376 1664H416q-119 0-203.5-84.5T128 1376V416q0-119 84.5-203.5T416 128h960q119 0 203.5 84.5T1664 416z"/&gt;&lt;/svg&gt;&lt;/span&gt;\n
        &lt;span class="icon icon-open"&gt;&lt;svg width="1792" height="1792" viewBox="0 0 1792 1792" xmlns="http://www.w3.org/2000/svg"&gt;&lt;path d="M1408 960V832q0-26-19-45t-45-19h-320V448q0-26-19-45t-45-19H832q-26 0-45 19t-19 45v320H448q-26 0-45 19t-19 45v128q0 26 19 45t45 19h320v320q0 26 19 45t45 19h128q26 0 45-19t19-45v-320h320q26 0 45-19t19-45zm256-544v960q0 119-84.5 203.5T1376 1664H416q-119 0-203.5-84.5T128 1376V416q0-119 84.5-203.5T416 128h960q119 0 203.5 84.5T1664 416z"/&gt;&lt;/svg&gt;&lt;/span&gt;\n
    \n
            &lt;span class="trace-class"&gt;&lt;abbr title="Twig\TemplateWrapper"&gt;TemplateWrapper&lt;/abbr&gt;&lt;/span&gt;&lt;span class="trace-type"&gt;-&gt;&lt;/span&gt;&lt;span class="trace-method"&gt;render&lt;/span&gt;&lt;span class="trace-arguments"&gt;(&lt;em&gt;array&lt;/em&gt;('fermes' =&gt; &lt;em&gt;array&lt;/em&gt;(), 'searchTerm' =&gt; '', 'currentSort' =&gt; 'idFerme', 'currentDirection' =&gt; 'ASC', 'errors' =&gt; &lt;em&gt;array&lt;/em&gt;(), 'ferme_edit' =&gt; &lt;em&gt;null&lt;/em&gt;))&lt;/span&gt;    \n
                    &lt;span class="block trace-file-path"&gt;\n
            in\n
            &lt;a href="file://C:\Users\sliti\Desktop\dev\esprit-PIDEV-3A16-2526-FARMIA\vendor\twig\twig\src\Environment.php#L333"&gt;\n
                C:\Users\sliti\Desktop\dev\esprit-PIDEV-3A16-2526-FARMIA\vendor\twig\twig\src\&lt;strong&gt;Environment.php&lt;/strong&gt;\n
            &lt;/a&gt;\n
                        (line 333)\n
            &lt;span class="icon icon-copy hidden" data-clipboard-text="C:\Users\sliti\Desktop\dev\esprit-PIDEV-3A16-2526-FARMIA\vendor\twig\twig\src\Environment.php:333"&gt;\n
                &lt;svg xmlns="http://www.w3.org/2000/svg" height="24" viewBox="0 0 24 24" width="24"&gt;&lt;path d="M0 0h24v24H0z" fill="none"/&gt;&lt;path d="M16 1H4c-1.1 0-2 .9-2 2v14h2V3h12V1zm3 4H8c-1.1 0-2 .9-2 2v14c0 1.1.9 2 2 2h11c1.1 0 2-.9 2-2V7c0-1.1-.9-2-2-2zm0 16H8V7h11v14z"/&gt;&lt;/svg&gt;            &lt;/span&gt;\n
        &lt;/span&gt;\n
    &lt;/div&gt;\n
    &lt;div id="trace-html-1-10" class="trace-code sf-toggle-content"&gt;\n
        &lt;ol start="328"&gt;&lt;li&gt;&lt;code&gt;&lt;span style="color: var(--highlight-comment)"&gt;&amp;nbsp;&amp;nbsp;&amp;nbsp;&amp;nbsp;&amp;nbsp;*&amp;nbsp;@throws&amp;nbsp;SyntaxError&amp;nbsp;&amp;nbsp;When&amp;nbsp;an&amp;nbsp;error&amp;nbsp;occurred&amp;nbsp;during&amp;nbsp;compilation&lt;/span&gt;&lt;/code&gt;&lt;/li&gt;\n
&lt;li&gt;&lt;code&gt;&lt;span style="color: var(--highlight-comment)"&gt;&amp;nbsp;&amp;nbsp;&amp;nbsp;&amp;nbsp;&amp;nbsp;*&amp;nbsp;@throws&amp;nbsp;RuntimeError&amp;nbsp;When&amp;nbsp;an&amp;nbsp;error&amp;nbsp;occurred&amp;nbsp;during&amp;nbsp;rendering&lt;/span&gt;&lt;/code&gt;&lt;/li&gt;\n
&lt;li&gt;&lt;code&gt;&lt;span style="color: var(--highlight-comment)"&gt;&amp;nbsp;&amp;nbsp;&amp;nbsp;&amp;nbsp;&amp;nbsp;*/&lt;/span&gt;&lt;/code&gt;&lt;/li&gt;\n
&lt;li&gt;&lt;code&gt;&lt;span style="color: var(--highlight-comment)"&gt;&amp;nbsp;&amp;nbsp;&amp;nbsp;&amp;nbsp;&lt;/span&gt;&lt;span style="color: var(--highlight-keyword)"&gt;public&amp;nbsp;function&amp;nbsp;&lt;/span&gt;&lt;span style="color: var(--highlight-default)"&gt;render&lt;/span&gt;&lt;span style="color: var(--highlight-keyword)"&gt;(&lt;/span&gt;&lt;span style="color: var(--highlight-default)"&gt;$name&lt;/span&gt;&lt;span style="color: var(--highlight-keyword)"&gt;,&amp;nbsp;array&amp;nbsp;&lt;/span&gt;&lt;span style="color: var(--highlight-default)"&gt;$context&amp;nbsp;&lt;/span&gt;&lt;span style="color: var(--highlight-keyword)"&gt;=&amp;nbsp;[]):&amp;nbsp;&lt;/span&gt;&lt;span style="color: var(--highlight-default)"&gt;string&lt;/span&gt;&lt;/code&gt;&lt;/li&gt;\n
&lt;li&gt;&lt;code&gt;&lt;span style="color: var(--highlight-default)"&gt;&amp;nbsp;&amp;nbsp;&amp;nbsp;&amp;nbsp;&lt;/span&gt;&lt;span style="color: var(--highlight-keyword)"&gt;{&lt;/span&gt;&lt;/code&gt;&lt;/li&gt;\n
&lt;li class="selected"&gt;&lt;code&gt;&lt;span style="color: var(--highlight-keyword)"&gt;&amp;nbsp;&amp;nbsp;&amp;nbsp;&amp;nbsp;&amp;nbsp;&amp;nbsp;&amp;nbsp;&amp;nbsp;return&amp;nbsp;&lt;/span&gt;&lt;span style="color: var(--highlight-default)"&gt;$this&lt;/span&gt;&lt;span style="color: var(--highlight-keyword)"&gt;-&amp;gt;&lt;/span&gt;&lt;span style="color: var(--highlight-default)"&gt;load&lt;/span&gt;&lt;span style="color: var(--highlight-keyword)"&gt;(&lt;/span&gt;&lt;span style="color: var(--highlight-default)"&gt;$name&lt;/span&gt;&lt;span style="color: var(--highlight-keyword)"&gt;)-&amp;gt;&lt;/span&gt;&lt;span style="color: var(--highlight-default)"&gt;render&lt;/span&gt;&lt;span style="color: var(--highlight-keyword)"&gt;(&lt;/span&gt;&lt;span style="color: var(--highlight-default)"&gt;$context&lt;/span&gt;&lt;span style="color: var(--highlight-keyword)"&gt;);&lt;/span&gt;&lt;/code&gt;&lt;/li&gt;\n
&lt;li&gt;&lt;code&gt;&lt;span style="color: var(--highlight-keyword)"&gt;&amp;nbsp;&amp;nbsp;&amp;nbsp;&amp;nbsp;}&lt;/span&gt;&lt;/code&gt;&lt;/li&gt;\n
&lt;li&gt;&lt;code&gt;&lt;span style="color: var(--highlight-keyword)"&gt;&lt;/span&gt;&lt;/code&gt;&lt;/li&gt;\n
&lt;li&gt;&lt;code&gt;&lt;span style="color: var(--highlight-keyword)"&gt;&amp;nbsp;&amp;nbsp;&amp;nbsp;&amp;nbsp;&lt;/span&gt;&lt;span style="color: var(--highlight-comment)"&gt;/**&lt;/span&gt;&lt;/code&gt;&lt;/li&gt;\n
&lt;li&gt;&lt;code&gt;&lt;span style="color: var(--highlight-comment)"&gt;&amp;nbsp;&amp;nbsp;&amp;nbsp;&amp;nbsp;&amp;nbsp;*&amp;nbsp;Displays&amp;nbsp;a&amp;nbsp;template.&lt;/span&gt;&lt;/code&gt;&lt;/li&gt;\n
&lt;li&gt;&lt;code&gt;&lt;span style="color: var(--highlight-comment)"&gt;&amp;nbsp;&amp;nbsp;&amp;nbsp;&amp;nbsp;&amp;nbsp;*&lt;/span&gt;&lt;/code&gt;&lt;/li&gt;&lt;/ol&gt;    &lt;/div&gt;            &lt;/div&gt;\n
                        &lt;div class="trace-line "&gt;\n
                &lt;div class="trace-line-header break-long-words sf-toggle" data-toggle-selector="#trace-html-1-11" data-toggle-initial=""&gt;\n
            &lt;span class="icon icon-close"&gt;&lt;svg width="1792" height="1792" viewBox="0 0 1792 1792" xmlns="http://www.w3.org/2000/svg"&gt;&lt;path d="M1408 960V832q0-26-19-45t-45-19H448q-26 0-45 19t-19 45v128q0 26 19 45t45 19h896q26 0 45-19t19-45zm256-544v960q0 119-84.5 203.5T1376 1664H416q-119 0-203.5-84.5T128 1376V416q0-119 84.5-203.5T416 128h960q119 0 203.5 84.5T1664 416z"/&gt;&lt;/svg&gt;&lt;/span&gt;\n
        &lt;span class="icon icon-open"&gt;&lt;svg width="1792" height="1792" viewBox="0 0 1792 1792" xmlns="http://www.w3.org/2000/svg"&gt;&lt;path d="M1408 960V832q0-26-19-45t-45-19h-320V448q0-26-19-45t-45-19H832q-26 0-45 19t-19 45v320H448q-26 0-45 19t-19 45v128q0 26 19 45t45 19h320v320q0 26 19 45t45 19h128q26 0 45-19t19-45v-320h320q26 0 45-19t19-45zm256-544v960q0 119-84.5 203.5T1376 1664H416q-119 0-203.5-84.5T128 1376V416q0-119 84.5-203.5T416 128h960q119 0 203.5 84.5T1664 416z"/&gt;&lt;/svg&gt;&lt;/span&gt;\n
    \n
            &lt;span class="trace-class"&gt;&lt;abbr title="Twig\Environment"&gt;Environment&lt;/abbr&gt;&lt;/span&gt;&lt;span class="trace-type"&gt;-&gt;&lt;/span&gt;&lt;span class="trace-method"&gt;render&lt;/span&gt;&lt;span class="trace-arguments"&gt;('ferme/index.html.twig', &lt;em&gt;array&lt;/em&gt;('fermes' =&gt; &lt;em&gt;array&lt;/em&gt;(), 'searchTerm' =&gt; '', 'currentSort' =&gt; 'idFerme', 'currentDirection' =&gt; 'ASC', 'errors' =&gt; &lt;em&gt;array&lt;/em&gt;(), 'ferme_edit' =&gt; &lt;em&gt;null&lt;/em&gt;))&lt;/span&gt;    \n
                    &lt;span class="block trace-file-path"&gt;\n
            in\n
            &lt;a href="file://C:\Users\sliti\Desktop\dev\esprit-PIDEV-3A16-2526-FARMIA\vendor\symfony\framework-bundle\Controller\AbstractController.php#L452"&gt;\n
                C:\Users\sliti\Desktop\dev\esprit-PIDEV-3A16-2526-FARMIA\vendor\symfony\framework-bundle\Controller\&lt;strong&gt;AbstractController.php&lt;/strong&gt;\n
            &lt;/a&gt;\n
                        (line 452)\n
            &lt;span class="icon icon-copy hidden" data-clipboard-text="C:\Users\sliti\Desktop\dev\esprit-PIDEV-3A16-2526-FARMIA\vendor\symfony\framework-bundle\Controller\AbstractController.php:452"&gt;\n
                &lt;svg xmlns="http://www.w3.org/2000/svg" height="24" viewBox="0 0 24 24" width="24"&gt;&lt;path d="M0 0h24v24H0z" fill="none"/&gt;&lt;path d="M16 1H4c-1.1 0-2 .9-2 2v14h2V3h12V1zm3 4H8c-1.1 0-2 .9-2 2v14c0 1.1.9 2 2 2h11c1.1 0 2-.9 2-2V7c0-1.1-.9-2-2-2zm0 16H8V7h11v14z"/&gt;&lt;/svg&gt;            &lt;/span&gt;\n
        &lt;/span&gt;\n
    &lt;/div&gt;\n
    &lt;div id="trace-html-1-11" class="trace-code sf-toggle-content"&gt;\n
        &lt;ol start="447"&gt;&lt;li&gt;&lt;code&gt;&lt;span style="color: var(--highlight-keyword)"&gt;&lt;/span&gt;&lt;/code&gt;&lt;/li&gt;\n
&lt;li&gt;&lt;code&gt;&lt;span style="color: var(--highlight-keyword)"&gt;&amp;nbsp;&amp;nbsp;&amp;nbsp;&amp;nbsp;&amp;nbsp;&amp;nbsp;&amp;nbsp;&amp;nbsp;if&amp;nbsp;(&lt;/span&gt;&lt;span style="color: var(--highlight-default)"&gt;null&amp;nbsp;&lt;/span&gt;&lt;span style="color: var(--highlight-keyword)"&gt;!==&amp;nbsp;&lt;/span&gt;&lt;span style="color: var(--highlight-default)"&gt;$block&lt;/span&gt;&lt;span style="color: var(--highlight-keyword)"&gt;)&amp;nbsp;{&lt;/span&gt;&lt;/code&gt;&lt;/li&gt;\n
&lt;li&gt;&lt;code&gt;&lt;span style="color: var(--highlight-keyword)"&gt;&amp;nbsp;&amp;nbsp;&amp;nbsp;&amp;nbsp;&amp;nbsp;&amp;nbsp;&amp;nbsp;&amp;nbsp;&amp;nbsp;&amp;nbsp;&amp;nbsp;&amp;nbsp;return&amp;nbsp;&lt;/span&gt;&lt;span style="color: var(--highlight-default)"&gt;$this&lt;/span&gt;&lt;span style="color: var(--highlight-keyword)"&gt;-&amp;gt;&lt;/span&gt;&lt;span style="color: var(--highlight-default)"&gt;container&lt;/span&gt;&lt;span style="color: var(--highlight-keyword)"&gt;-&amp;gt;&lt;/span&gt;&lt;span style="color: var(--highlight-default)"&gt;get&lt;/span&gt;&lt;span style="color: var(--highlight-keyword)"&gt;(&lt;/span&gt;&lt;span style="color: var(--highlight-string)"&gt;'twig'&lt;/span&gt;&lt;span style="color: var(--highlight-keyword)"&gt;)-&amp;gt;&lt;/span&gt;&lt;span style="color: var(--highlight-default)"&gt;load&lt;/span&gt;&lt;span style="color: var(--highlight-keyword)"&gt;(&lt;/span&gt;&lt;span style="color: var(--highlight-default)"&gt;$view&lt;/span&gt;&lt;span style="color: var(--highlight-keyword)"&gt;)-&amp;gt;&lt;/span&gt;&lt;span style="color: var(--highlight-default)"&gt;renderBlock&lt;/span&gt;&lt;span style="color: var(--highlight-keyword)"&gt;(&lt;/span&gt;&lt;span style="color: var(--highlight-default)"&gt;$block&lt;/span&gt;&lt;span style="color: var(--highlight-keyword)"&gt;,&amp;nbsp;&lt;/span&gt;&lt;span style="color: var(--highlight-default)"&gt;$parameters&lt;/span&gt;&lt;span style="color: var(--highlight-keyword)"&gt;);&lt;/span&gt;&lt;/code&gt;&lt;/li&gt;\n
&lt;li&gt;&lt;code&gt;&lt;span style="color: var(--highlight-keyword)"&gt;&amp;nbsp;&amp;nbsp;&amp;nbsp;&amp;nbsp;&amp;nbsp;&amp;nbsp;&amp;nbsp;&amp;nbsp;}&lt;/span&gt;&lt;/code&gt;&lt;/li&gt;\n
&lt;li&gt;&lt;code&gt;&lt;span style="color: var(--highlight-keyword)"&gt;&lt;/span&gt;&lt;/code&gt;&lt;/li&gt;\n
&lt;li class="selected"&gt;&lt;code&gt;&lt;span style="color: var(--highlight-keyword)"&gt;&amp;nbsp;&amp;nbsp;&amp;nbsp;&amp;nbsp;&amp;nbsp;&amp;nbsp;&amp;nbsp;&amp;nbsp;return&amp;nbsp;&lt;/span&gt;&lt;span style="color: var(--highlight-default)"&gt;$this&lt;/span&gt;&lt;span style="color: var(--highlight-keyword)"&gt;-&amp;gt;&lt;/span&gt;&lt;span style="color: var(--highlight-default)"&gt;container&lt;/span&gt;&lt;span style="color: var(--highlight-keyword)"&gt;-&amp;gt;&lt;/span&gt;&lt;span style="color: var(--highlight-default)"&gt;get&lt;/span&gt;&lt;span style="color: var(--highlight-keyword)"&gt;(&lt;/span&gt;&lt;span style="color: var(--highlight-string)"&gt;'twig'&lt;/span&gt;&lt;span style="color: var(--highlight-keyword)"&gt;)-&amp;gt;&lt;/span&gt;&lt;span style="color: var(--highlight-default)"&gt;render&lt;/span&gt;&lt;span style="color: var(--highlight-keyword)"&gt;(&lt;/span&gt;&lt;span style="color: var(--highlight-default)"&gt;$view&lt;/span&gt;&lt;span style="color: var(--highlight-keyword)"&gt;,&amp;nbsp;&lt;/span&gt;&lt;span style="color: var(--highlight-default)"&gt;$parameters&lt;/span&gt;&lt;span style="color: var(--highlight-keyword)"&gt;);&lt;/span&gt;&lt;/code&gt;&lt;/li&gt;\n
&lt;li&gt;&lt;code&gt;&lt;span style="color: var(--highlight-keyword)"&gt;&amp;nbsp;&amp;nbsp;&amp;nbsp;&amp;nbsp;}&lt;/span&gt;&lt;/code&gt;&lt;/li&gt;\n
&lt;li&gt;&lt;code&gt;&lt;span style="color: var(--highlight-keyword)"&gt;&lt;/span&gt;&lt;/code&gt;&lt;/li&gt;\n
&lt;li&gt;&lt;code&gt;&lt;span style="color: var(--highlight-keyword)"&gt;&amp;nbsp;&amp;nbsp;&amp;nbsp;&amp;nbsp;private&amp;nbsp;function&amp;nbsp;&lt;/span&gt;&lt;span style="color: var(--highlight-default)"&gt;doRender&lt;/span&gt;&lt;span style="color: var(--highlight-keyword)"&gt;(&lt;/span&gt;&lt;span style="color: var(--highlight-default)"&gt;string&amp;nbsp;$view&lt;/span&gt;&lt;span style="color: var(--highlight-keyword)"&gt;,&amp;nbsp;?&lt;/span&gt;&lt;span style="color: var(--highlight-default)"&gt;string&amp;nbsp;$block&lt;/span&gt;&lt;span style="color: var(--highlight-keyword)"&gt;,&amp;nbsp;array&amp;nbsp;&lt;/span&gt;&lt;span style="color: var(--highlight-default)"&gt;$parameters&lt;/span&gt;&lt;span style="color: var(--highlight-keyword)"&gt;,&amp;nbsp;?&lt;/span&gt;&lt;span style="color: var(--highlight-default)"&gt;Response&amp;nbsp;$response&lt;/span&gt;&lt;span style="color: var(--highlight-keyword)"&gt;,&amp;nbsp;&lt;/span&gt;&lt;span style="color: var(--highlight-default)"&gt;string&amp;nbsp;$method&lt;/span&gt;&lt;span style="color: var(--highlight-keyword)"&gt;):&amp;nbsp;&lt;/span&gt;&lt;span style="color: var(--highlight-default)"&gt;Response&lt;/span&gt;&lt;/code&gt;&lt;/li&gt;\n
&lt;li&gt;&lt;code&gt;&lt;span style="color: var(--highlight-default)"&gt;&amp;nbsp;&amp;nbsp;&amp;nbsp;&amp;nbsp;&lt;/span&gt;&lt;span style="color: var(--highlight-keyword)"&gt;{&lt;/span&gt;&lt;/code&gt;&lt;/li&gt;\n
&lt;li&gt;&lt;code&gt;&lt;span style="color: var(--highlight-keyword)"&gt;&amp;nbsp;&amp;nbsp;&amp;nbsp;&amp;nbsp;&amp;nbsp;&amp;nbsp;&amp;nbsp;&amp;nbsp;&lt;/span&gt;&lt;span style="color: var(--highlight-default)"&gt;$content&amp;nbsp;&lt;/span&gt;&lt;span style="color: var(--highlight-keyword)"&gt;=&amp;nbsp;&lt;/span&gt;&lt;span style="color: var(--highlight-default)"&gt;$this&lt;/span&gt;&lt;span style="color: var(--highlight-keyword)"&gt;-&amp;gt;&lt;/span&gt;&lt;span style="color: var(--highlight-default)"&gt;doRenderView&lt;/span&gt;&lt;span style="color: var(--highlight-keyword)"&gt;(&lt;/span&gt;&lt;span style="color: var(--highlight-default)"&gt;$view&lt;/span&gt;&lt;span style="color: var(--highlight-keyword)"&gt;,&amp;nbsp;&lt;/span&gt;&lt;span style="color: var(--highlight-default)"&gt;$block&lt;/span&gt;&lt;span style="color: var(--highlight-keyword)"&gt;,&amp;nbsp;&lt;/span&gt;&lt;span style="color: var(--highlight-default)"&gt;$parameters&lt;/span&gt;&lt;span style="color: var(--highlight-keyword)"&gt;,&amp;nbsp;&lt;/span&gt;&lt;span style="color: var(--highlight-default)"&gt;$method&lt;/span&gt;&lt;span style="color: var(--highlight-keyword)"&gt;);&lt;/span&gt;&lt;/code&gt;&lt;/li&gt;&lt;/ol&gt;    &lt;/div&gt;            &lt;/div&gt;\n
                        &lt;div class="trace-line "&gt;\n
                &lt;div class="trace-line-header break-long-words sf-toggle" data-toggle-selector="#trace-html-1-12" data-toggle-initial=""&gt;\n
            &lt;span class="icon icon-close"&gt;&lt;svg width="1792" height="1792" viewBox="0 0 1792 1792" xmlns="http://www.w3.org/2000/svg"&gt;&lt;path d="M1408 960V832q0-26-19-45t-45-19H448q-26 0-45 19t-19 45v128q0 26 19 45t45 19h896q26 0 45-19t19-45zm256-544v960q0 119-84.5 203.5T1376 1664H416q-119 0-203.5-84.5T128 1376V416q0-119 84.5-203.5T416 128h960q119 0 203.5 84.5T1664 416z"/&gt;&lt;/svg&gt;&lt;/span&gt;\n
        &lt;span class="icon icon-open"&gt;&lt;svg width="1792" height="1792" viewBox="0 0 1792 1792" xmlns="http://www.w3.org/2000/svg"&gt;&lt;path d="M1408 960V832q0-26-19-45t-45-19h-320V448q0-26-19-45t-45-19H832q-26 0-45 19t-19 45v320H448q-26 0-45 19t-19 45v128q0 26 19 45t45 19h320v320q0 26 19 45t45 19h128q26 0 45-19t19-45v-320h320q26 0 45-19t19-45zm256-544v960q0 119-84.5 203.5T1376 1664H416q-119 0-203.5-84.5T128 1376V416q0-119 84.5-203.5T416 128h960q119 0 203.5 84.5T1664 416z"/&gt;&lt;/svg&gt;&lt;/span&gt;\n
    \n
            &lt;span class="trace-class"&gt;&lt;abbr title="Symfony\Bundle\FrameworkBundle\Controller\AbstractController"&gt;AbstractController&lt;/abbr&gt;&lt;/span&gt;&lt;span class="trace-type"&gt;-&gt;&lt;/span&gt;&lt;span class="trace-method"&gt;doRenderView&lt;/span&gt;&lt;span class="trace-arguments"&gt;('ferme/index.html.twig', &lt;em&gt;null&lt;/em&gt;, &lt;em&gt;array&lt;/em&gt;('fermes' =&gt; &lt;em&gt;array&lt;/em&gt;(), 'searchTerm' =&gt; '', 'currentSort' =&gt; 'idFerme', 'currentDirection' =&gt; 'ASC', 'errors' =&gt; &lt;em&gt;array&lt;/em&gt;(), 'ferme_edit' =&gt; &lt;em&gt;null&lt;/em&gt;), 'render')&lt;/span&gt;    \n
                    &lt;span class="block trace-file-path"&gt;\n
            in\n
            &lt;a href="file://C:\Users\sliti\Desktop\dev\esprit-PIDEV-3A16-2526-FARMIA\vendor\symfony\framework-bundle\Controller\AbstractController.php#L457"&gt;\n
                C:\Users\sliti\Desktop\dev\esprit-PIDEV-3A16-2526-FARMIA\vendor\symfony\framework-bundle\Controller\&lt;strong&gt;AbstractController.php&lt;/strong&gt;\n
            &lt;/a&gt;\n
                        (line 457)\n
            &lt;span class="icon icon-copy hidden" data-clipboard-text="C:\Users\sliti\Desktop\dev\esprit-PIDEV-3A16-2526-FARMIA\vendor\symfony\framework-bundle\Controller\AbstractController.php:457"&gt;\n
                &lt;svg xmlns="http://www.w3.org/2000/svg" height="24" viewBox="0 0 24 24" width="24"&gt;&lt;path d="M0 0h24v24H0z" fill="none"/&gt;&lt;path d="M16 1H4c-1.1 0-2 .9-2 2v14h2V3h12V1zm3 4H8c-1.1 0-2 .9-2 2v14c0 1.1.9 2 2 2h11c1.1 0 2-.9 2-2V7c0-1.1-.9-2-2-2zm0 16H8V7h11v14z"/&gt;&lt;/svg&gt;            &lt;/span&gt;\n
        &lt;/span&gt;\n
    &lt;/div&gt;\n
    &lt;div id="trace-html-1-12" class="trace-code sf-toggle-content"&gt;\n
        &lt;ol start="452"&gt;&lt;li&gt;&lt;code&gt;&lt;span style="color: var(--highlight-keyword)"&gt;&amp;nbsp;&amp;nbsp;&amp;nbsp;&amp;nbsp;&amp;nbsp;&amp;nbsp;&amp;nbsp;&amp;nbsp;return&amp;nbsp;&lt;/span&gt;&lt;span style="color: var(--highlight-default)"&gt;$this&lt;/span&gt;&lt;span style="color: var(--highlight-keyword)"&gt;-&amp;gt;&lt;/span&gt;&lt;span style="color: var(--highlight-default)"&gt;container&lt;/span&gt;&lt;span style="color: var(--highlight-keyword)"&gt;-&amp;gt;&lt;/span&gt;&lt;span style="color: var(--highlight-default)"&gt;get&lt;/span&gt;&lt;span style="color: var(--highlight-keyword)"&gt;(&lt;/span&gt;&lt;span style="color: var(--highlight-string)"&gt;'twig'&lt;/span&gt;&lt;span style="color: var(--highlight-keyword)"&gt;)-&amp;gt;&lt;/span&gt;&lt;span style="color: var(--highlight-default)"&gt;render&lt;/span&gt;&lt;span style="color: var(--highlight-keyword)"&gt;(&lt;/span&gt;&lt;span style="color: var(--highlight-default)"&gt;$view&lt;/span&gt;&lt;span style="color: var(--highlight-keyword)"&gt;,&amp;nbsp;&lt;/span&gt;&lt;span style="color: var(--highlight-default)"&gt;$parameters&lt;/span&gt;&lt;span style="color: var(--highlight-keyword)"&gt;);&lt;/span&gt;&lt;/code&gt;&lt;/li&gt;\n
&lt;li&gt;&lt;code&gt;&lt;span style="color: var(--highlight-keyword)"&gt;&amp;nbsp;&amp;nbsp;&amp;nbsp;&amp;nbsp;}&lt;/span&gt;&lt;/code&gt;&lt;/li&gt;\n
&lt;li&gt;&lt;code&gt;&lt;span style="color: var(--highlight-keyword)"&gt;&lt;/span&gt;&lt;/code&gt;&lt;/li&gt;\n
&lt;li&gt;&lt;code&gt;&lt;span style="color: var(--highlight-keyword)"&gt;&amp;nbsp;&amp;nbsp;&amp;nbsp;&amp;nbsp;private&amp;nbsp;function&amp;nbsp;&lt;/span&gt;&lt;span style="color: var(--highlight-default)"&gt;doRender&lt;/span&gt;&lt;span style="color: var(--highlight-keyword)"&gt;(&lt;/span&gt;&lt;span style="color: var(--highlight-default)"&gt;string&amp;nbsp;$view&lt;/span&gt;&lt;span style="color: var(--highlight-keyword)"&gt;,&amp;nbsp;?&lt;/span&gt;&lt;span style="color: var(--highlight-default)"&gt;string&amp;nbsp;$block&lt;/span&gt;&lt;span style="color: var(--highlight-keyword)"&gt;,&amp;nbsp;array&amp;nbsp;&lt;/span&gt;&lt;span style="color: var(--highlight-default)"&gt;$parameters&lt;/span&gt;&lt;span style="color: var(--highlight-keyword)"&gt;,&amp;nbsp;?&lt;/span&gt;&lt;span style="color: var(--highlight-default)"&gt;Response&amp;nbsp;$response&lt;/span&gt;&lt;span style="color: var(--highlight-keyword)"&gt;,&amp;nbsp;&lt;/span&gt;&lt;span style="color: var(--highlight-default)"&gt;string&amp;nbsp;$method&lt;/span&gt;&lt;span style="color: var(--highlight-keyword)"&gt;):&amp;nbsp;&lt;/span&gt;&lt;span style="color: var(--highlight-default)"&gt;Response&lt;/span&gt;&lt;/code&gt;&lt;/li&gt;\n
&lt;li&gt;&lt;code&gt;&lt;span style="color: var(--highlight-default)"&gt;&amp;nbsp;&amp;nbsp;&amp;nbsp;&amp;nbsp;&lt;/span&gt;&lt;span style="color: var(--highlight-keyword)"&gt;{&lt;/span&gt;&lt;/code&gt;&lt;/li&gt;\n
&lt;li class="selected"&gt;&lt;code&gt;&lt;span style="color: var(--highlight-keyword)"&gt;&amp;nbsp;&amp;nbsp;&amp;nbsp;&amp;nbsp;&amp;nbsp;&amp;nbsp;&amp;nbsp;&amp;nbsp;&lt;/span&gt;&lt;span style="color: var(--highlight-default)"&gt;$content&amp;nbsp;&lt;/span&gt;&lt;span style="color: var(--highlight-keyword)"&gt;=&amp;nbsp;&lt;/span&gt;&lt;span style="color: var(--highlight-default)"&gt;$this&lt;/span&gt;&lt;span style="color: var(--highlight-keyword)"&gt;-&amp;gt;&lt;/span&gt;&lt;span style="color: var(--highlight-default)"&gt;doRenderView&lt;/span&gt;&lt;span style="color: var(--highlight-keyword)"&gt;(&lt;/span&gt;&lt;span style="color: var(--highlight-default)"&gt;$view&lt;/span&gt;&lt;span style="color: var(--highlight-keyword)"&gt;,&amp;nbsp;&lt;/span&gt;&lt;span style="color: var(--highlight-default)"&gt;$block&lt;/span&gt;&lt;span style="color: var(--highlight-keyword)"&gt;,&amp;nbsp;&lt;/span&gt;&lt;span style="color: var(--highlight-default)"&gt;$parameters&lt;/span&gt;&lt;span style="color: var(--highlight-keyword)"&gt;,&amp;nbsp;&lt;/span&gt;&lt;span style="color: var(--highlight-default)"&gt;$method&lt;/span&gt;&lt;span style="color: var(--highlight-keyword)"&gt;);&lt;/span&gt;&lt;/code&gt;&lt;/li&gt;\n
&lt;li&gt;&lt;code&gt;&lt;span style="color: var(--highlight-keyword)"&gt;&amp;nbsp;&amp;nbsp;&amp;nbsp;&amp;nbsp;&amp;nbsp;&amp;nbsp;&amp;nbsp;&amp;nbsp;&lt;/span&gt;&lt;span style="color: var(--highlight-default)"&gt;$response&amp;nbsp;&lt;/span&gt;&lt;span style="color: var(--highlight-keyword)"&gt;??=&amp;nbsp;new&amp;nbsp;&lt;/span&gt;&lt;span style="color: var(--highlight-default)"&gt;Response&lt;/span&gt;&lt;span style="color: var(--highlight-keyword)"&gt;();&lt;/span&gt;&lt;/code&gt;&lt;/li&gt;\n
&lt;li&gt;&lt;code&gt;&lt;span style="color: var(--highlight-keyword)"&gt;&lt;/span&gt;&lt;/code&gt;&lt;/li&gt;\n
&lt;li&gt;&lt;code&gt;&lt;span style="color: var(--highlight-keyword)"&gt;&amp;nbsp;&amp;nbsp;&amp;nbsp;&amp;nbsp;&amp;nbsp;&amp;nbsp;&amp;nbsp;&amp;nbsp;if&amp;nbsp;(&lt;/span&gt;&lt;span style="color: var(--highlight-default)"&gt;200&amp;nbsp;&lt;/span&gt;&lt;span style="color: var(--highlight-keyword)"&gt;===&amp;nbsp;&lt;/span&gt;&lt;span style="color: var(--highlight-default)"&gt;$response&lt;/span&gt;&lt;span style="color: var(--highlight-keyword)"&gt;-&amp;gt;&lt;/span&gt;&lt;span style="color: var(--highlight-default)"&gt;getStatusCode&lt;/span&gt;&lt;span style="color: var(--highlight-keyword)"&gt;())&amp;nbsp;{&lt;/span&gt;&lt;/code&gt;&lt;/li&gt;\n
&lt;li&gt;&lt;code&gt;&lt;span style="color: var(--highlight-keyword)"&gt;&amp;nbsp;&amp;nbsp;&amp;nbsp;&amp;nbsp;&amp;nbsp;&amp;nbsp;&amp;nbsp;&amp;nbsp;&amp;nbsp;&amp;nbsp;&amp;nbsp;&amp;nbsp;foreach&amp;nbsp;(&lt;/span&gt;&lt;span style="color: var(--highlight-default)"&gt;$parameters&amp;nbsp;&lt;/span&gt;&lt;span style="color: var(--highlight-keyword)"&gt;as&amp;nbsp;&lt;/span&gt;&lt;span style="color: var(--highlight-default)"&gt;$v&lt;/span&gt;&lt;span style="color: var(--highlight-keyword)"&gt;)&amp;nbsp;{&lt;/span&gt;&lt;/code&gt;&lt;/li&gt;\n
&lt;li&gt;&lt;code&gt;&lt;span style="color: var(--highlight-keyword)"&gt;&amp;nbsp;&amp;nbsp;&amp;nbsp;&amp;nbsp;&amp;nbsp;&amp;nbsp;&amp;nbsp;&amp;nbsp;&amp;nbsp;&amp;nbsp;&amp;nbsp;&amp;nbsp;&amp;nbsp;&amp;nbsp;&amp;nbsp;&amp;nbsp;if&amp;nbsp;(&lt;/span&gt;&lt;span style="color: var(--highlight-default)"&gt;$v&amp;nbsp;&lt;/span&gt;&lt;span style="color: var(--highlight-keyword)"&gt;instanceof&amp;nbsp;&lt;/span&gt;&lt;span style="color: var(--highlight-default)"&gt;FormInterface&amp;nbsp;&lt;/span&gt;&lt;span style="color: var(--highlight-keyword)"&gt;&amp;amp;&amp;amp;&amp;nbsp;&lt;/span&gt;&lt;span style="color: var(--highlight-default)"&gt;$v&lt;/span&gt;&lt;span style="color: var(--highlight-keyword)"&gt;-&amp;gt;&lt;/span&gt;&lt;span style="color: var(--highlight-default)"&gt;isSubmitted&lt;/span&gt;&lt;span style="color: var(--highlight-keyword)"&gt;()&amp;nbsp;&amp;amp;&amp;amp;&amp;nbsp;!&lt;/span&gt;&lt;span style="color: var(--highlight-default)"&gt;$v&lt;/span&gt;&lt;span style="color: var(--highlight-keyword)"&gt;-&amp;gt;&lt;/span&gt;&lt;span style="color: var(--highlight-default)"&gt;isValid&lt;/span&gt;&lt;span style="color: var(--highlight-keyword)"&gt;())&amp;nbsp;{&lt;/span&gt;&lt;/code&gt;&lt;/li&gt;&lt;/ol&gt;    &lt;/div&gt;            &lt;/div&gt;\n
                        &lt;div class="trace-line "&gt;\n
                &lt;div class="trace-line-header break-long-words sf-toggle" data-toggle-selector="#trace-html-1-13" data-toggle-initial=""&gt;\n
            &lt;span class="icon icon-close"&gt;&lt;svg width="1792" height="1792" viewBox="0 0 1792 1792" xmlns="http://www.w3.org/2000/svg"&gt;&lt;path d="M1408 960V832q0-26-19-45t-45-19H448q-26 0-45 19t-19 45v128q0 26 19 45t45 19h896q26 0 45-19t19-45zm256-544v960q0 119-84.5 203.5T1376 1664H416q-119 0-203.5-84.5T128 1376V416q0-119 84.5-203.5T416 128h960q119 0 203.5 84.5T1664 416z"/&gt;&lt;/svg&gt;&lt;/span&gt;\n
        &lt;span class="icon icon-open"&gt;&lt;svg width="1792" height="1792" viewBox="0 0 1792 1792" xmlns="http://www.w3.org/2000/svg"&gt;&lt;path d="M1408 960V832q0-26-19-45t-45-19h-320V448q0-26-19-45t-45-19H832q-26 0-45 19t-19 45v320H448q-26 0-45 19t-19 45v128q0 26 19 45t45 19h320v320q0 26 19 45t45 19h128q26 0 45-19t19-45v-320h320q26 0 45-19t19-45zm256-544v960q0 119-84.5 203.5T1376 1664H416q-119 0-203.5-84.5T128 1376V416q0-119 84.5-203.5T416 128h960q119 0 203.5 84.5T1664 416z"/&gt;&lt;/svg&gt;&lt;/span&gt;\n
    \n
            &lt;span class="trace-class"&gt;&lt;abbr title="Symfony\Bundle\FrameworkBundle\Controller\AbstractController"&gt;AbstractController&lt;/abbr&gt;&lt;/span&gt;&lt;span class="trace-type"&gt;-&gt;&lt;/span&gt;&lt;span class="trace-method"&gt;doRender&lt;/span&gt;&lt;span class="trace-arguments"&gt;('ferme/index.html.twig', &lt;em&gt;null&lt;/em&gt;, &lt;em&gt;array&lt;/em&gt;('fermes' =&gt; &lt;em&gt;array&lt;/em&gt;(), 'searchTerm' =&gt; '', 'currentSort' =&gt; 'idFerme', 'currentDirection' =&gt; 'ASC', 'errors' =&gt; &lt;em&gt;array&lt;/em&gt;(), 'ferme_edit' =&gt; &lt;em&gt;null&lt;/em&gt;), &lt;em&gt;null&lt;/em&gt;, 'render')&lt;/span&gt;    \n
                    &lt;span class="block trace-file-path"&gt;\n
            in\n
            &lt;a href="file://C:\Users\sliti\Desktop\dev\esprit-PIDEV-3A16-2526-FARMIA\vendor\symfony\framework-bundle\Controller\AbstractController.php#L257"&gt;\n
                C:\Users\sliti\Desktop\dev\esprit-PIDEV-3A16-2526-FARMIA\vendor\symfony\framework-bundle\Controller\&lt;strong&gt;AbstractController.php&lt;/strong&gt;\n
            &lt;/a&gt;\n
                        (line 257)\n
            &lt;span class="icon icon-copy hidden" data-clipboard-text="C:\Users\sliti\Desktop\dev\esprit-PIDEV-3A16-2526-FARMIA\vendor\symfony\framework-bundle\Controller\AbstractController.php:257"&gt;\n
                &lt;svg xmlns="http://www.w3.org/2000/svg" height="24" viewBox="0 0 24 24" width="24"&gt;&lt;path d="M0 0h24v24H0z" fill="none"/&gt;&lt;path d="M16 1H4c-1.1 0-2 .9-2 2v14h2V3h12V1zm3 4H8c-1.1 0-2 .9-2 2v14c0 1.1.9 2 2 2h11c1.1 0 2-.9 2-2V7c0-1.1-.9-2-2-2zm0 16H8V7h11v14z"/&gt;&lt;/svg&gt;            &lt;/span&gt;\n
        &lt;/span&gt;\n
    &lt;/div&gt;\n
    &lt;div id="trace-html-1-13" class="trace-code sf-toggle-content"&gt;\n
        &lt;ol start="252"&gt;&lt;li&gt;&lt;code&gt;&lt;span style="color: var(--highlight-comment)"&gt;&amp;nbsp;&amp;nbsp;&amp;nbsp;&amp;nbsp;&amp;nbsp;*&amp;nbsp;If&amp;nbsp;an&amp;nbsp;invalid&amp;nbsp;form&amp;nbsp;is&amp;nbsp;found&amp;nbsp;in&amp;nbsp;the&amp;nbsp;list&amp;nbsp;of&amp;nbsp;parameters,&amp;nbsp;a&amp;nbsp;422&amp;nbsp;status&amp;nbsp;code&amp;nbsp;is&amp;nbsp;returned.&lt;/span&gt;&lt;/code&gt;&lt;/li&gt;\n
&lt;li&gt;&lt;code&gt;&lt;span style="color: var(--highlight-comment)"&gt;&amp;nbsp;&amp;nbsp;&amp;nbsp;&amp;nbsp;&amp;nbsp;*&amp;nbsp;Forms&amp;nbsp;found&amp;nbsp;in&amp;nbsp;parameters&amp;nbsp;are&amp;nbsp;auto-cast&amp;nbsp;to&amp;nbsp;form&amp;nbsp;views.&lt;/span&gt;&lt;/code&gt;&lt;/li&gt;\n
&lt;li&gt;&lt;code&gt;&lt;span style="color: var(--highlight-comment)"&gt;&amp;nbsp;&amp;nbsp;&amp;nbsp;&amp;nbsp;&amp;nbsp;*/&lt;/span&gt;&lt;/code&gt;&lt;/li&gt;\n
&lt;li&gt;&lt;code&gt;&lt;span style="color: var(--highlight-comment)"&gt;&amp;nbsp;&amp;nbsp;&amp;nbsp;&amp;nbsp;&lt;/span&gt;&lt;span style="color: var(--highlight-keyword)"&gt;protected&amp;nbsp;function&amp;nbsp;&lt;/span&gt;&lt;span style="color: var(--highlight-default)"&gt;render&lt;/span&gt;&lt;span style="color: var(--highlight-keyword)"&gt;(&lt;/span&gt;&lt;span style="color: var(--highlight-default)"&gt;string&amp;nbsp;$view&lt;/span&gt;&lt;span style="color: var(--highlight-keyword)"&gt;,&amp;nbsp;array&amp;nbsp;&lt;/span&gt;&lt;span style="color: var(--highlight-default)"&gt;$parameters&amp;nbsp;&lt;/span&gt;&lt;span style="color: var(--highlight-keyword)"&gt;=&amp;nbsp;[],&amp;nbsp;?&lt;/span&gt;&lt;span style="color: var(--highlight-default)"&gt;Response&amp;nbsp;$response&amp;nbsp;&lt;/span&gt;&lt;span style="color: var(--highlight-keyword)"&gt;=&amp;nbsp;&lt;/span&gt;&lt;span style="color: var(--highlight-default)"&gt;null&lt;/span&gt;&lt;span style="color: var(--highlight-keyword)"&gt;):&amp;nbsp;&lt;/span&gt;&lt;span style="color: var(--highlight-default)"&gt;Response&lt;/span&gt;&lt;/code&gt;&lt;/li&gt;\n
&lt;li&gt;&lt;code&gt;&lt;span style="color: var(--highlight-default)"&gt;&amp;nbsp;&amp;nbsp;&amp;nbsp;&amp;nbsp;&lt;/span&gt;&lt;span style="color: var(--highlight-keyword)"&gt;{&lt;/span&gt;&lt;/code&gt;&lt;/li&gt;\n
&lt;li class="selected"&gt;&lt;code&gt;&lt;span style="color: var(--highlight-keyword)"&gt;&amp;nbsp;&amp;nbsp;&amp;nbsp;&amp;nbsp;&amp;nbsp;&amp;nbsp;&amp;nbsp;&amp;nbsp;return&amp;nbsp;&lt;/span&gt;&lt;span style="color: var(--highlight-default)"&gt;$this&lt;/span&gt;&lt;span style="color: var(--highlight-keyword)"&gt;-&amp;gt;&lt;/span&gt;&lt;span style="color: var(--highlight-default)"&gt;doRender&lt;/span&gt;&lt;span style="color: var(--highlight-keyword)"&gt;(&lt;/span&gt;&lt;span style="color: var(--highlight-default)"&gt;$view&lt;/span&gt;&lt;span style="color: var(--highlight-keyword)"&gt;,&amp;nbsp;&lt;/span&gt;&lt;span style="color: var(--highlight-default)"&gt;null&lt;/span&gt;&lt;span style="color: var(--highlight-keyword)"&gt;,&amp;nbsp;&lt;/span&gt;&lt;span style="color: var(--highlight-default)"&gt;$parameters&lt;/span&gt;&lt;span style="color: var(--highlight-keyword)"&gt;,&amp;nbsp;&lt;/span&gt;&lt;span style="color: var(--highlight-default)"&gt;$response&lt;/span&gt;&lt;span style="color: var(--highlight-keyword)"&gt;,&amp;nbsp;&lt;/span&gt;&lt;span style="color: var(--highlight-default)"&gt;__FUNCTION__&lt;/span&gt;&lt;span style="color: var(--highlight-keyword)"&gt;);&lt;/span&gt;&lt;/code&gt;&lt;/li&gt;\n
&lt;li&gt;&lt;code&gt;&lt;span style="color: var(--highlight-keyword)"&gt;&amp;nbsp;&amp;nbsp;&amp;nbsp;&amp;nbsp;}&lt;/span&gt;&lt;/code&gt;&lt;/li&gt;\n
&lt;li&gt;&lt;code&gt;&lt;span style="color: var(--highlight-keyword)"&gt;&lt;/span&gt;&lt;/code&gt;&lt;/li&gt;\n
&lt;li&gt;&lt;code&gt;&lt;span style="color: var(--highlight-keyword)"&gt;&amp;nbsp;&amp;nbsp;&amp;nbsp;&amp;nbsp;&lt;/span&gt;&lt;span style="color: var(--highlight-comment)"&gt;/**&lt;/span&gt;&lt;/code&gt;&lt;/li&gt;\n
&lt;li&gt;&lt;code&gt;&lt;span style="color: var(--highlight-comment)"&gt;&amp;nbsp;&amp;nbsp;&amp;nbsp;&amp;nbsp;&amp;nbsp;*&amp;nbsp;Renders&amp;nbsp;a&amp;nbsp;block&amp;nbsp;in&amp;nbsp;a&amp;nbsp;view.&lt;/span&gt;&lt;/code&gt;&lt;/li&gt;\n
&lt;li&gt;&lt;code&gt;&lt;span style="color: var(--highlight-comment)"&gt;&amp;nbsp;&amp;nbsp;&amp;nbsp;&amp;nbsp;&amp;nbsp;*&lt;/span&gt;&lt;/code&gt;&lt;/li&gt;&lt;/ol&gt;    &lt;/div&gt;            &lt;/div&gt;\n
                        &lt;div class="trace-line "&gt;\n
                &lt;div class="trace-line-header break-long-words sf-toggle" data-toggle-selector="#trace-html-1-14" data-toggle-initial=""&gt;\n
            &lt;span class="icon icon-close"&gt;&lt;svg width="1792" height="1792" viewBox="0 0 1792 1792" xmlns="http://www.w3.org/2000/svg"&gt;&lt;path d="M1408 960V832q0-26-19-45t-45-19H448q-26 0-45 19t-19 45v128q0 26 19 45t45 19h896q26 0 45-19t19-45zm256-544v960q0 119-84.5 203.5T1376 1664H416q-119 0-203.5-84.5T128 1376V416q0-119 84.5-203.5T416 128h960q119 0 203.5 84.5T1664 416z"/&gt;&lt;/svg&gt;&lt;/span&gt;\n
        &lt;span class="icon icon-open"&gt;&lt;svg width="1792" height="1792" viewBox="0 0 1792 1792" xmlns="http://www.w3.org/2000/svg"&gt;&lt;path d="M1408 960V832q0-26-19-45t-45-19h-320V448q0-26-19-45t-45-19H832q-26 0-45 19t-19 45v320H448q-26 0-45 19t-19 45v128q0 26 19 45t45 19h320v320q0 26 19 45t45 19h128q26 0 45-19t19-45v-320h320q26 0 45-19t19-45zm256-544v960q0 119-84.5 203.5T1376 1664H416q-119 0-203.5-84.5T128 1376V416q0-119 84.5-203.5T416 128h960q119 0 203.5 84.5T1664 416z"/&gt;&lt;/svg&gt;&lt;/span&gt;\n
    \n
            &lt;span class="trace-class"&gt;&lt;abbr title="Symfony\Bundle\FrameworkBundle\Controller\AbstractController"&gt;AbstractController&lt;/abbr&gt;&lt;/span&gt;&lt;span class="trace-type"&gt;-&gt;&lt;/span&gt;&lt;span class="trace-method"&gt;render&lt;/span&gt;&lt;span class="trace-arguments"&gt;('ferme/index.html.twig', &lt;em&gt;array&lt;/em&gt;('fermes' =&gt; &lt;em&gt;array&lt;/em&gt;(), 'searchTerm' =&gt; '', 'currentSort' =&gt; 'idFerme', 'currentDirection' =&gt; 'ASC', 'errors' =&gt; &lt;em&gt;array&lt;/em&gt;(), 'ferme_edit' =&gt; &lt;em&gt;null&lt;/em&gt;))&lt;/span&gt;    \n
                    &lt;span class="block trace-file-path"&gt;\n
            in\n
            &lt;a href="file://C:\Users\sliti\Desktop\dev\esprit-PIDEV-3A16-2526-FARMIA\src\Controller\FermeController.php#L56"&gt;\n
                C:\Users\sliti\Desktop\dev\esprit-PIDEV-3A16-2526-FARMIA\src\Controller\&lt;strong&gt;FermeController.php&lt;/strong&gt;\n
            &lt;/a&gt;\n
                        (line 56)\n
            &lt;span class="icon icon-copy hidden" data-clipboard-text="C:\Users\sliti\Desktop\dev\esprit-PIDEV-3A16-2526-FARMIA\src\Controller\FermeController.php:56"&gt;\n
                &lt;svg xmlns="http://www.w3.org/2000/svg" height="24" viewBox="0 0 24 24" width="24"&gt;&lt;path d="M0 0h24v24H0z" fill="none"/&gt;&lt;path d="M16 1H4c-1.1 0-2 .9-2 2v14h2V3h12V1zm3 4H8c-1.1 0-2 .9-2 2v14c0 1.1.9 2 2 2h11c1.1 0 2-.9 2-2V7c0-1.1-.9-2-2-2zm0 16H8V7h11v14z"/&gt;&lt;/svg&gt;            &lt;/span&gt;\n
        &lt;/span&gt;\n
    &lt;/div&gt;\n
    &lt;div id="trace-html-1-14" class="trace-code sf-toggle-content"&gt;\n
        &lt;ol start="51"&gt;&lt;li&gt;&lt;code&gt;&lt;span style="color: var(--highlight-comment)"&gt;&amp;nbsp;&amp;nbsp;&amp;nbsp;&amp;nbsp;&amp;nbsp;&amp;nbsp;&amp;nbsp;&amp;nbsp;//&amp;nbsp;Utilisation&amp;nbsp;de&amp;nbsp;findBySearchAndSort&amp;nbsp;si&amp;nbsp;elle&amp;nbsp;existe&amp;nbsp;dans&amp;nbsp;ton&amp;nbsp;repo,&amp;nbsp;sinon&amp;nbsp;findAll()\r
&lt;/span&gt;&lt;/code&gt;&lt;/li&gt;\n
&lt;li&gt;&lt;code&gt;&lt;span style="color: var(--highlight-comment)"&gt;&amp;nbsp;&amp;nbsp;&amp;nbsp;&amp;nbsp;&amp;nbsp;&amp;nbsp;&amp;nbsp;&amp;nbsp;&lt;/span&gt;&lt;span style="color: var(--highlight-default)"&gt;$fermes&amp;nbsp;&lt;/span&gt;&lt;span style="color: var(--highlight-keyword)"&gt;=&amp;nbsp;&lt;/span&gt;&lt;span style="color: var(--highlight-default)"&gt;method_exists&lt;/span&gt;&lt;span style="color: var(--highlight-keyword)"&gt;(&lt;/span&gt;&lt;span style="color: var(--highlight-default)"&gt;$fermeRepository&lt;/span&gt;&lt;span style="color: var(--highlight-keyword)"&gt;,&amp;nbsp;&lt;/span&gt;&lt;span style="color: var(--highlight-string)"&gt;'findBySearchAndSort'&lt;/span&gt;&lt;span style="color: var(--highlight-keyword)"&gt;)&amp;nbsp;\r
&lt;/span&gt;&lt;/code&gt;&lt;/li&gt;\n
&lt;li&gt;&lt;code&gt;&lt;span style="color: var(--highlight-keyword)"&gt;&amp;nbsp;&amp;nbsp;&amp;nbsp;&amp;nbsp;&amp;nbsp;&amp;nbsp;&amp;nbsp;&amp;nbsp;&amp;nbsp;&amp;nbsp;&amp;nbsp;&amp;nbsp;?&amp;nbsp;&lt;/span&gt;&lt;span style="color: var(--highlight-default)"&gt;$fermeRepository&lt;/span&gt;&lt;span style="color: var(--highlight-keyword)"&gt;-&amp;gt;&lt;/span&gt;&lt;span style="color: var(--highlight-default)"&gt;findBySearchAndSort&lt;/span&gt;&lt;span style="color: var(--highlight-keyword)"&gt;(&lt;/span&gt;&lt;span style="color: var(--highlight-default)"&gt;$search&lt;/span&gt;&lt;span style="color: var(--highlight-keyword)"&gt;,&amp;nbsp;&lt;/span&gt;&lt;span style="color: var(--highlight-default)"&gt;$sort&lt;/span&gt;&lt;span style="color: var(--highlight-keyword)"&gt;,&amp;nbsp;&lt;/span&gt;&lt;span style="color: var(--highlight-default)"&gt;$direction&lt;/span&gt;&lt;span style="color: var(--highlight-keyword)"&gt;)\r
&lt;/span&gt;&lt;/code&gt;&lt;/li&gt;\n
&lt;li&gt;&lt;code&gt;&lt;span style="color: var(--highlight-keyword)"&gt;&amp;nbsp;&amp;nbsp;&amp;nbsp;&amp;nbsp;&amp;nbsp;&amp;nbsp;&amp;nbsp;&amp;nbsp;&amp;nbsp;&amp;nbsp;&amp;nbsp;&amp;nbsp;:&amp;nbsp;&lt;/span&gt;&lt;span style="color: var(--highlight-default)"&gt;$fermeRepository&lt;/span&gt;&lt;span style="color: var(--highlight-keyword)"&gt;-&amp;gt;&lt;/span&gt;&lt;span style="color: var(--highlight-default)"&gt;findAll&lt;/span&gt;&lt;span style="color: var(--highlight-keyword)"&gt;();\r
&lt;/span&gt;&lt;/code&gt;&lt;/li&gt;\n
&lt;li&gt;&lt;code&gt;&lt;span style="color: var(--highlight-keyword)"&gt;\r
&lt;/span&gt;&lt;/code&gt;&lt;/li&gt;\n
&lt;li class="selected"&gt;&lt;code&gt;&lt;span style="color: var(--highlight-keyword)"&gt;&amp;nbsp;&amp;nbsp;&amp;nbsp;&amp;nbsp;&amp;nbsp;&amp;nbsp;&amp;nbsp;&amp;nbsp;return&amp;nbsp;&lt;/span&gt;&lt;span style="color: var(--highlight-default)"&gt;$this&lt;/span&gt;&lt;span style="color: var(--highlight-keyword)"&gt;-&amp;gt;&lt;/span&gt;&lt;span style="color: var(--highlight-default)"&gt;render&lt;/span&gt;&lt;span style="color: var(--highlight-keyword)"&gt;(&lt;/span&gt;&lt;span style="color: var(--highlight-string)"&gt;'ferme/index.html.twig'&lt;/span&gt;&lt;span style="color: var(--highlight-keyword)"&gt;,&amp;nbsp;[\r
&lt;/span&gt;&lt;/code&gt;&lt;/li&gt;\n
&lt;li&gt;&lt;code&gt;&lt;span style="color: var(--highlight-keyword)"&gt;&amp;nbsp;&amp;nbsp;&amp;nbsp;&amp;nbsp;&amp;nbsp;&amp;nbsp;&amp;nbsp;&amp;nbsp;&amp;nbsp;&amp;nbsp;&amp;nbsp;&amp;nbsp;&lt;/span&gt;&lt;span style="color: var(--highlight-string)"&gt;'fermes'&amp;nbsp;&lt;/span&gt;&lt;span style="color: var(--highlight-keyword)"&gt;=&amp;gt;&amp;nbsp;&lt;/span&gt;&lt;span style="color: var(--highlight-default)"&gt;$fermes&lt;/span&gt;&lt;span style="color: var(--highlight-keyword)"&gt;,\r
&lt;/span&gt;&lt;/code&gt;&lt;/li&gt;\n
&lt;li&gt;&lt;code&gt;&lt;span style="color: var(--highlight-keyword)"&gt;&amp;nbsp;&amp;nbsp;&amp;nbsp;&amp;nbsp;&amp;nbsp;&amp;nbsp;&amp;nbsp;&amp;nbsp;&amp;nbsp;&amp;nbsp;&amp;nbsp;&amp;nbsp;&lt;/span&gt;&lt;span style="color: var(--highlight-string)"&gt;'searchTerm'&amp;nbsp;&lt;/span&gt;&lt;span style="color: var(--highlight-keyword)"&gt;=&amp;gt;&amp;nbsp;&lt;/span&gt;&lt;span style="color: var(--highlight-default)"&gt;$search&lt;/span&gt;&lt;span style="color: var(--highlight-keyword)"&gt;,\r
&lt;/span&gt;&lt;/code&gt;&lt;/li&gt;\n
&lt;li&gt;&lt;code&gt;&lt;span style="color: var(--highlight-keyword)"&gt;&amp;nbsp;&amp;nbsp;&amp;nbsp;&amp;nbsp;&amp;nbsp;&amp;nbsp;&amp;nbsp;&amp;nbsp;&amp;nbsp;&amp;nbsp;&amp;nbsp;&amp;nbsp;&lt;/span&gt;&lt;span style="color: var(--highlight-string)"&gt;'currentSort'&amp;nbsp;&lt;/span&gt;&lt;span style="color: var(--highlight-keyword)"&gt;=&amp;gt;&amp;nbsp;&lt;/span&gt;&lt;span style="color: var(--highlight-default)"&gt;$sort&lt;/span&gt;&lt;span style="color: var(--highlight-keyword)"&gt;,\r
&lt;/span&gt;&lt;/code&gt;&lt;/li&gt;\n
&lt;li&gt;&lt;code&gt;&lt;span style="color: var(--highlight-keyword)"&gt;&amp;nbsp;&amp;nbsp;&amp;nbsp;&amp;nbsp;&amp;nbsp;&amp;nbsp;&amp;nbsp;&amp;nbsp;&amp;nbsp;&amp;nbsp;&amp;nbsp;&amp;nbsp;&lt;/span&gt;&lt;span style="color: var(--highlight-string)"&gt;'currentDirection'&amp;nbsp;&lt;/span&gt;&lt;span style="color: var(--highlight-keyword)"&gt;=&amp;gt;&amp;nbsp;&lt;/span&gt;&lt;span style="color: var(--highlight-default)"&gt;$direction&lt;/span&gt;&lt;span style="color: var(--highlight-keyword)"&gt;,\r
&lt;/span&gt;&lt;/code&gt;&lt;/li&gt;\n
&lt;li&gt;&lt;code&gt;&lt;span style="color: var(--highlight-keyword)"&gt;&amp;nbsp;&amp;nbsp;&amp;nbsp;&amp;nbsp;&amp;nbsp;&amp;nbsp;&amp;nbsp;&amp;nbsp;&amp;nbsp;&amp;nbsp;&amp;nbsp;&amp;nbsp;&lt;/span&gt;&lt;span style="color: var(--highlight-string)"&gt;'errors'&amp;nbsp;&lt;/span&gt;&lt;span style="color: var(--highlight-keyword)"&gt;=&amp;gt;&amp;nbsp;[],\r
&lt;/span&gt;&lt;/code&gt;&lt;/li&gt;&lt;/ol&gt;    &lt;/div&gt;            &lt;/div&gt;\n
                        &lt;div class="trace-line "&gt;\n
                &lt;div class="trace-line-header break-long-words sf-toggle" data-toggle-selector="#trace-html-1-15" data-toggle-initial=""&gt;\n
            &lt;span class="icon icon-close"&gt;&lt;svg width="1792" height="1792" viewBox="0 0 1792 1792" xmlns="http://www.w3.org/2000/svg"&gt;&lt;path d="M1408 960V832q0-26-19-45t-45-19H448q-26 0-45 19t-19 45v128q0 26 19 45t45 19h896q26 0 45-19t19-45zm256-544v960q0 119-84.5 203.5T1376 1664H416q-119 0-203.5-84.5T128 1376V416q0-119 84.5-203.5T416 128h960q119 0 203.5 84.5T1664 416z"/&gt;&lt;/svg&gt;&lt;/span&gt;\n
        &lt;span class="icon icon-open"&gt;&lt;svg width="1792" height="1792" viewBox="0 0 1792 1792" xmlns="http://www.w3.org/2000/svg"&gt;&lt;path d="M1408 960V832q0-26-19-45t-45-19h-320V448q0-26-19-45t-45-19H832q-26 0-45 19t-19 45v320H448q-26 0-45 19t-19 45v128q0 26 19 45t45 19h320v320q0 26 19 45t45 19h128q26 0 45-19t19-45v-320h320q26 0 45-19t19-45zm256-544v960q0 119-84.5 203.5T1376 1664H416q-119 0-203.5-84.5T128 1376V416q0-119 84.5-203.5T416 128h960q119 0 203.5 84.5T1664 416z"/&gt;&lt;/svg&gt;&lt;/span&gt;\n
    \n
            &lt;span class="trace-class"&gt;&lt;abbr title="App\Controller\FermeController"&gt;FermeController&lt;/abbr&gt;&lt;/span&gt;&lt;span class="trace-type"&gt;-&gt;&lt;/span&gt;&lt;span class="trace-method"&gt;index&lt;/span&gt;&lt;span class="trace-arguments"&gt;(&lt;em&gt;object&lt;/em&gt;(&lt;abbr title="App\Repository\FermeRepository"&gt;FermeRepository&lt;/abbr&gt;), &lt;em&gt;object&lt;/em&gt;(&lt;abbr title="Symfony\Component\HttpFoundation\Request"&gt;Request&lt;/abbr&gt;), &lt;em&gt;object&lt;/em&gt;(&lt;abbr title="ContainerHTaU8KY\EntityManagerGhost85163ea"&gt;EntityManagerGhost85163ea&lt;/abbr&gt;), &lt;em&gt;object&lt;/em&gt;(&lt;abbr title="Symfony\Component\Validator\Validator\TraceableValidator"&gt;TraceableValidator&lt;/abbr&gt;))&lt;/span&gt;    \n
                    &lt;span class="block trace-file-path"&gt;\n
            in\n
            &lt;a href="file://C:\Users\sliti\Desktop\dev\esprit-PIDEV-3A16-2526-FARMIA\vendor\symfony\http-kernel\HttpKernel.php#L181"&gt;\n
                C:\Users\sliti\Desktop\dev\esprit-PIDEV-3A16-2526-FARMIA\vendor\symfony\http-kernel\&lt;strong&gt;HttpKernel.php&lt;/strong&gt;\n
            &lt;/a&gt;\n
                        (line 181)\n
            &lt;span class="icon icon-copy hidden" data-clipboard-text="C:\Users\sliti\Desktop\dev\esprit-PIDEV-3A16-2526-FARMIA\vendor\symfony\http-kernel\HttpKernel.php:181"&gt;\n
                &lt;svg xmlns="http://www.w3.org/2000/svg" height="24" viewBox="0 0 24 24" width="24"&gt;&lt;path d="M0 0h24v24H0z" fill="none"/&gt;&lt;path d="M16 1H4c-1.1 0-2 .9-2 2v14h2V3h12V1zm3 4H8c-1.1 0-2 .9-2 2v14c0 1.1.9 2 2 2h11c1.1 0 2-.9 2-2V7c0-1.1-.9-2-2-2zm0 16H8V7h11v14z"/&gt;&lt;/svg&gt;            &lt;/span&gt;\n
        &lt;/span&gt;\n
    &lt;/div&gt;\n
    &lt;div id="trace-html-1-15" class="trace-code sf-toggle-content"&gt;\n
        &lt;ol start="176"&gt;&lt;li&gt;&lt;code&gt;&lt;span style="color: var(--highlight-keyword)"&gt;&amp;nbsp;&amp;nbsp;&amp;nbsp;&amp;nbsp;&amp;nbsp;&amp;nbsp;&amp;nbsp;&amp;nbsp;&lt;/span&gt;&lt;span style="color: var(--highlight-default)"&gt;$this&lt;/span&gt;&lt;span style="color: var(--highlight-keyword)"&gt;-&amp;gt;&lt;/span&gt;&lt;span style="color: var(--highlight-default)"&gt;dispatcher&lt;/span&gt;&lt;span style="color: var(--highlight-keyword)"&gt;-&amp;gt;&lt;/span&gt;&lt;span style="color: var(--highlight-default)"&gt;dispatch&lt;/span&gt;&lt;span style="color: var(--highlight-keyword)"&gt;(&lt;/span&gt;&lt;span style="color: var(--highlight-default)"&gt;$event&lt;/span&gt;&lt;span style="color: var(--highlight-keyword)"&gt;,&amp;nbsp;&lt;/span&gt;&lt;span style="color: var(--highlight-default)"&gt;KernelEvents&lt;/span&gt;&lt;span style="color: var(--highlight-keyword)"&gt;::&lt;/span&gt;&lt;span style="color: var(--highlight-default)"&gt;CONTROLLER_ARGUMENTS&lt;/span&gt;&lt;span style="color: var(--highlight-keyword)"&gt;);&lt;/span&gt;&lt;/code&gt;&lt;/li&gt;\n
&lt;li&gt;&lt;code&gt;&lt;span style="color: var(--highlight-keyword)"&gt;&amp;nbsp;&amp;nbsp;&amp;nbsp;&amp;nbsp;&amp;nbsp;&amp;nbsp;&amp;nbsp;&amp;nbsp;&lt;/span&gt;&lt;span style="color: var(--highlight-default)"&gt;$controller&amp;nbsp;&lt;/span&gt;&lt;span style="color: var(--highlight-keyword)"&gt;=&amp;nbsp;&lt;/span&gt;&lt;span style="color: var(--highlight-default)"&gt;$event&lt;/span&gt;&lt;span style="color: var(--highlight-keyword)"&gt;-&amp;gt;&lt;/span&gt;&lt;span style="color: var(--highlight-default)"&gt;getController&lt;/span&gt;&lt;span style="color: var(--highlight-keyword)"&gt;();&lt;/span&gt;&lt;/code&gt;&lt;/li&gt;\n
&lt;li&gt;&lt;code&gt;&lt;span style="color: var(--highlight-keyword)"&gt;&amp;nbsp;&amp;nbsp;&amp;nbsp;&amp;nbsp;&amp;nbsp;&amp;nbsp;&amp;nbsp;&amp;nbsp;&lt;/span&gt;&lt;span style="color: var(--highlight-default)"&gt;$arguments&amp;nbsp;&lt;/span&gt;&lt;span style="color: var(--highlight-keyword)"&gt;=&amp;nbsp;&lt;/span&gt;&lt;span style="color: var(--highlight-default)"&gt;$event&lt;/span&gt;&lt;span style="color: var(--highlight-keyword)"&gt;-&amp;gt;&lt;/span&gt;&lt;span style="color: var(--highlight-default)"&gt;getArguments&lt;/span&gt;&lt;span style="color: var(--highlight-keyword)"&gt;();&lt;/span&gt;&lt;/code&gt;&lt;/li&gt;\n
&lt;li&gt;&lt;code&gt;&lt;span style="color: var(--highlight-keyword)"&gt;&lt;/span&gt;&lt;/code&gt;&lt;/li&gt;\n
&lt;li&gt;&lt;code&gt;&lt;span style="color: var(--highlight-keyword)"&gt;&amp;nbsp;&amp;nbsp;&amp;nbsp;&amp;nbsp;&amp;nbsp;&amp;nbsp;&amp;nbsp;&amp;nbsp;&lt;/span&gt;&lt;span style="color: var(--highlight-comment)"&gt;//&amp;nbsp;call&amp;nbsp;controller&lt;/span&gt;&lt;/code&gt;&lt;/li&gt;\n
&lt;li class="selected"&gt;&lt;code&gt;&lt;span style="color: var(--highlight-comment)"&gt;&amp;nbsp;&amp;nbsp;&amp;nbsp;&amp;nbsp;&amp;nbsp;&amp;nbsp;&amp;nbsp;&amp;nbsp;&lt;/span&gt;&lt;span style="color: var(--highlight-default)"&gt;$response&amp;nbsp;&lt;/span&gt;&lt;span style="color: var(--highlight-keyword)"&gt;=&amp;nbsp;&lt;/span&gt;&lt;span style="color: var(--highlight-default)"&gt;$controller&lt;/span&gt;&lt;span style="color: var(--highlight-keyword)"&gt;(...&lt;/span&gt;&lt;span style="color: var(--highlight-default)"&gt;$arguments&lt;/span&gt;&lt;span style="color: var(--highlight-keyword)"&gt;);&lt;/span&gt;&lt;/code&gt;&lt;/li&gt;\n
&lt;li&gt;&lt;code&gt;&lt;span style="color: var(--highlight-keyword)"&gt;&lt;/span&gt;&lt;/code&gt;&lt;/li&gt;\n
&lt;li&gt;&lt;code&gt;&lt;span style="color: var(--highlight-keyword)"&gt;&amp;nbsp;&amp;nbsp;&amp;nbsp;&amp;nbsp;&amp;nbsp;&amp;nbsp;&amp;nbsp;&amp;nbsp;&lt;/span&gt;&lt;span style="color: var(--highlight-comment)"&gt;//&amp;nbsp;view&lt;/span&gt;&lt;/code&gt;&lt;/li&gt;\n
&lt;li&gt;&lt;code&gt;&lt;span style="color: var(--highlight-comment)"&gt;&amp;nbsp;&amp;nbsp;&amp;nbsp;&amp;nbsp;&amp;nbsp;&amp;nbsp;&amp;nbsp;&amp;nbsp;&lt;/span&gt;&lt;span style="color: var(--highlight-keyword)"&gt;if&amp;nbsp;(!&lt;/span&gt;&lt;span style="color: var(--highlight-default)"&gt;$response&amp;nbsp;&lt;/span&gt;&lt;span style="color: var(--highlight-keyword)"&gt;instanceof&amp;nbsp;&lt;/span&gt;&lt;span style="color: var(--highlight-default)"&gt;Response&lt;/span&gt;&lt;span style="color: var(--highlight-keyword)"&gt;)&amp;nbsp;{&lt;/span&gt;&lt;/code&gt;&lt;/li&gt;\n
&lt;li&gt;&lt;code&gt;&lt;span style="color: var(--highlight-keyword)"&gt;&amp;nbsp;&amp;nbsp;&amp;nbsp;&amp;nbsp;&amp;nbsp;&amp;nbsp;&amp;nbsp;&amp;nbsp;&amp;nbsp;&amp;nbsp;&amp;nbsp;&amp;nbsp;&lt;/span&gt;&lt;span style="color: var(--highlight-default)"&gt;$event&amp;nbsp;&lt;/span&gt;&lt;span style="color: var(--highlight-keyword)"&gt;=&amp;nbsp;new&amp;nbsp;&lt;/span&gt;&lt;span style="color: var(--highlight-default)"&gt;ViewEvent&lt;/span&gt;&lt;span style="color: var(--highlight-keyword)"&gt;(&lt;/span&gt;&lt;span style="color: var(--highlight-default)"&gt;$this&lt;/span&gt;&lt;span style="color: var(--highlight-keyword)"&gt;,&amp;nbsp;&lt;/span&gt;&lt;span style="color: var(--highlight-default)"&gt;$request&lt;/span&gt;&lt;span style="color: var(--highlight-keyword)"&gt;,&amp;nbsp;&lt;/span&gt;&lt;span style="color: var(--highlight-default)"&gt;$type&lt;/span&gt;&lt;span style="color: var(--highlight-keyword)"&gt;,&amp;nbsp;&lt;/span&gt;&lt;span style="color: var(--highlight-default)"&gt;$response&lt;/span&gt;&lt;span style="color: var(--highlight-keyword)"&gt;,&amp;nbsp;&lt;/span&gt;&lt;span style="color: var(--highlight-default)"&gt;$event&lt;/span&gt;&lt;span style="color: var(--highlight-keyword)"&gt;);&lt;/span&gt;&lt;/code&gt;&lt;/li&gt;\n
&lt;li&gt;&lt;code&gt;&lt;span style="color: var(--highlight-keyword)"&gt;&amp;nbsp;&amp;nbsp;&amp;nbsp;&amp;nbsp;&amp;nbsp;&amp;nbsp;&amp;nbsp;&amp;nbsp;&amp;nbsp;&amp;nbsp;&amp;nbsp;&amp;nbsp;&lt;/span&gt;&lt;span style="color: var(--highlight-default)"&gt;$this&lt;/span&gt;&lt;span style="color: var(--highlight-keyword)"&gt;-&amp;gt;&lt;/span&gt;&lt;span style="color: var(--highlight-default)"&gt;dispatcher&lt;/span&gt;&lt;span style="color: var(--highlight-keyword)"&gt;-&amp;gt;&lt;/span&gt;&lt;span style="color: var(--highlight-default)"&gt;dispatch&lt;/span&gt;&lt;span style="color: var(--highlight-keyword)"&gt;(&lt;/span&gt;&lt;span style="color: var(--highlight-default)"&gt;$event&lt;/span&gt;&lt;span style="color: var(--highlight-keyword)"&gt;,&amp;nbsp;&lt;/span&gt;&lt;span style="color: var(--highlight-default)"&gt;KernelEvents&lt;/span&gt;&lt;span style="color: var(--highlight-keyword)"&gt;::&lt;/span&gt;&lt;span style="color: var(--highlight-default)"&gt;VIEW&lt;/span&gt;&lt;span style="color: var(--highlight-keyword)"&gt;);&lt;/span&gt;&lt;/code&gt;&lt;/li&gt;&lt;/ol&gt;    &lt;/div&gt;            &lt;/div&gt;\n
                        &lt;div class="trace-line "&gt;\n
                &lt;div class="trace-line-header break-long-words sf-toggle" data-toggle-selector="#trace-html-1-16" data-toggle-initial=""&gt;\n
            &lt;span class="icon icon-close"&gt;&lt;svg width="1792" height="1792" viewBox="0 0 1792 1792" xmlns="http://www.w3.org/2000/svg"&gt;&lt;path d="M1408 960V832q0-26-19-45t-45-19H448q-26 0-45 19t-19 45v128q0 26 19 45t45 19h896q26 0 45-19t19-45zm256-544v960q0 119-84.5 203.5T1376 1664H416q-119 0-203.5-84.5T128 1376V416q0-119 84.5-203.5T416 128h960q119 0 203.5 84.5T1664 416z"/&gt;&lt;/svg&gt;&lt;/span&gt;\n
        &lt;span class="icon icon-open"&gt;&lt;svg width="1792" height="1792" viewBox="0 0 1792 1792" xmlns="http://www.w3.org/2000/svg"&gt;&lt;path d="M1408 960V832q0-26-19-45t-45-19h-320V448q0-26-19-45t-45-19H832q-26 0-45 19t-19 45v320H448q-26 0-45 19t-19 45v128q0 26 19 45t45 19h320v320q0 26 19 45t45 19h128q26 0 45-19t19-45v-320h320q26 0 45-19t19-45zm256-544v960q0 119-84.5 203.5T1376 1664H416q-119 0-203.5-84.5T128 1376V416q0-119 84.5-203.5T416 128h960q119 0 203.5 84.5T1664 416z"/&gt;&lt;/svg&gt;&lt;/span&gt;\n
    \n
            &lt;span class="trace-class"&gt;&lt;abbr title="Symfony\Component\HttpKernel\HttpKernel"&gt;HttpKernel&lt;/abbr&gt;&lt;/span&gt;&lt;span class="trace-type"&gt;-&gt;&lt;/span&gt;&lt;span class="trace-method"&gt;handleRaw&lt;/span&gt;&lt;span class="trace-arguments"&gt;(&lt;em&gt;object&lt;/em&gt;(&lt;abbr title="Symfony\Component\HttpFoundation\Request"&gt;Request&lt;/abbr&gt;), 1)&lt;/span&gt;    \n
                    &lt;span class="block trace-file-path"&gt;\n
            in\n
            &lt;a href="file://C:\Users\sliti\Desktop\dev\esprit-PIDEV-3A16-2526-FARMIA\vendor\symfony\http-kernel\HttpKernel.php#L76"&gt;\n
                C:\Users\sliti\Desktop\dev\esprit-PIDEV-3A16-2526-FARMIA\vendor\symfony\http-kernel\&lt;strong&gt;HttpKernel.php&lt;/strong&gt;\n
            &lt;/a&gt;\n
                        (line 76)\n
            &lt;span class="icon icon-copy hidden" data-clipboard-text="C:\Users\sliti\Desktop\dev\esprit-PIDEV-3A16-2526-FARMIA\vendor\symfony\http-kernel\HttpKernel.php:76"&gt;\n
                &lt;svg xmlns="http://www.w3.org/2000/svg" height="24" viewBox="0 0 24 24" width="24"&gt;&lt;path d="M0 0h24v24H0z" fill="none"/&gt;&lt;path d="M16 1H4c-1.1 0-2 .9-2 2v14h2V3h12V1zm3 4H8c-1.1 0-2 .9-2 2v14c0 1.1.9 2 2 2h11c1.1 0 2-.9 2-2V7c0-1.1-.9-2-2-2zm0 16H8V7h11v14z"/&gt;&lt;/svg&gt;            &lt;/span&gt;\n
        &lt;/span&gt;\n
    &lt;/div&gt;\n
    &lt;div id="trace-html-1-16" class="trace-code sf-toggle-content"&gt;\n
        &lt;ol start="71"&gt;&lt;li&gt;&lt;code&gt;&lt;span style="color: var(--highlight-keyword)"&gt;&amp;nbsp;&amp;nbsp;&amp;nbsp;&amp;nbsp;&amp;nbsp;&amp;nbsp;&amp;nbsp;&amp;nbsp;&lt;/span&gt;&lt;span style="color: var(--highlight-default)"&gt;$request&lt;/span&gt;&lt;span style="color: var(--highlight-keyword)"&gt;-&amp;gt;&lt;/span&gt;&lt;span style="color: var(--highlight-default)"&gt;headers&lt;/span&gt;&lt;span style="color: var(--highlight-keyword)"&gt;-&amp;gt;&lt;/span&gt;&lt;span style="color: var(--highlight-default)"&gt;set&lt;/span&gt;&lt;span style="color: var(--highlight-keyword)"&gt;(&lt;/span&gt;&lt;span style="color: var(--highlight-string)"&gt;'X-Php-Ob-Level'&lt;/span&gt;&lt;span style="color: var(--highlight-keyword)"&gt;,&amp;nbsp;(string)&amp;nbsp;&lt;/span&gt;&lt;span style="color: var(--highlight-default)"&gt;ob_get_level&lt;/span&gt;&lt;span style="color: var(--highlight-keyword)"&gt;());&lt;/span&gt;&lt;/code&gt;&lt;/li&gt;\n
&lt;li&gt;&lt;code&gt;&lt;span style="color: var(--highlight-keyword)"&gt;&lt;/span&gt;&lt;/code&gt;&lt;/li&gt;\n
&lt;li&gt;&lt;code&gt;&lt;span style="color: var(--highlight-keyword)"&gt;&amp;nbsp;&amp;nbsp;&amp;nbsp;&amp;nbsp;&amp;nbsp;&amp;nbsp;&amp;nbsp;&amp;nbsp;&lt;/span&gt;&lt;span style="color: var(--highlight-default)"&gt;$this&lt;/span&gt;&lt;span style="color: var(--highlight-keyword)"&gt;-&amp;gt;&lt;/span&gt;&lt;span style="color: var(--highlight-default)"&gt;requestStack&lt;/span&gt;&lt;span style="color: var(--highlight-keyword)"&gt;-&amp;gt;&lt;/span&gt;&lt;span style="color: var(--highlight-default)"&gt;push&lt;/span&gt;&lt;span style="color: var(--highlight-keyword)"&gt;(&lt;/span&gt;&lt;span style="color: var(--highlight-default)"&gt;$request&lt;/span&gt;&lt;span style="color: var(--highlight-keyword)"&gt;);&lt;/span&gt;&lt;/code&gt;&lt;/li&gt;\n
&lt;li&gt;&lt;code&gt;&lt;span style="color: var(--highlight-keyword)"&gt;&amp;nbsp;&amp;nbsp;&amp;nbsp;&amp;nbsp;&amp;nbsp;&amp;nbsp;&amp;nbsp;&amp;nbsp;&lt;/span&gt;&lt;span style="color: var(--highlight-default)"&gt;$response&amp;nbsp;&lt;/span&gt;&lt;span style="color: var(--highlight-keyword)"&gt;=&amp;nbsp;&lt;/span&gt;&lt;span style="color: var(--highlight-default)"&gt;null&lt;/span&gt;&lt;span style="color: var(--highlight-keyword)"&gt;;&lt;/span&gt;&lt;/code&gt;&lt;/li&gt;\n
&lt;li&gt;&lt;code&gt;&lt;span style="color: var(--highlight-keyword)"&gt;&amp;nbsp;&amp;nbsp;&amp;nbsp;&amp;nbsp;&amp;nbsp;&amp;nbsp;&amp;nbsp;&amp;nbsp;try&amp;nbsp;{&lt;/span&gt;&lt;/code&gt;&lt;/li&gt;\n
&lt;li class="selected"&gt;&lt;code&gt;&lt;span style="color: var(--highlight-keyword)"&gt;&amp;nbsp;&amp;nbsp;&amp;nbsp;&amp;nbsp;&amp;nbsp;&amp;nbsp;&amp;nbsp;&amp;nbsp;&amp;nbsp;&amp;nbsp;&amp;nbsp;&amp;nbsp;return&amp;nbsp;&lt;/span&gt;&lt;span style="color: var(--highlight-default)"&gt;$response&amp;nbsp;&lt;/span&gt;&lt;span style="color: var(--highlight-keyword)"&gt;=&amp;nbsp;&lt;/span&gt;&lt;span style="color: var(--highlight-default)"&gt;$this&lt;/span&gt;&lt;span style="color: var(--highlight-keyword)"&gt;-&amp;gt;&lt;/span&gt;&lt;span style="color: var(--highlight-default)"&gt;handleRaw&lt;/span&gt;&lt;span style="color: var(--highlight-keyword)"&gt;(&lt;/span&gt;&lt;span style="color: var(--highlight-default)"&gt;$request&lt;/span&gt;&lt;span style="color: var(--highlight-keyword)"&gt;,&amp;nbsp;&lt;/span&gt;&lt;span style="color: var(--highlight-default)"&gt;$type&lt;/span&gt;&lt;span style="color: var(--highlight-keyword)"&gt;);&lt;/span&gt;&lt;/code&gt;&lt;/li&gt;\n
&lt;li&gt;&lt;code&gt;&lt;span style="color: var(--highlight-keyword)"&gt;&amp;nbsp;&amp;nbsp;&amp;nbsp;&amp;nbsp;&amp;nbsp;&amp;nbsp;&amp;nbsp;&amp;nbsp;}&amp;nbsp;catch&amp;nbsp;(&lt;/span&gt;&lt;span style="color: var(--highlight-default)"&gt;\Throwable&amp;nbsp;$e&lt;/span&gt;&lt;span style="color: var(--highlight-keyword)"&gt;)&amp;nbsp;{&lt;/span&gt;&lt;/code&gt;&lt;/li&gt;\n
&lt;li&gt;&lt;code&gt;&lt;span style="color: var(--highlight-keyword)"&gt;&amp;nbsp;&amp;nbsp;&amp;nbsp;&amp;nbsp;&amp;nbsp;&amp;nbsp;&amp;nbsp;&amp;nbsp;&amp;nbsp;&amp;nbsp;&amp;nbsp;&amp;nbsp;if&amp;nbsp;(&lt;/span&gt;&lt;span style="color: var(--highlight-default)"&gt;$e&amp;nbsp;&lt;/span&gt;&lt;span style="color: var(--highlight-keyword)"&gt;instanceof&amp;nbsp;&lt;/span&gt;&lt;span style="color: var(--highlight-default)"&gt;\Error&amp;nbsp;&lt;/span&gt;&lt;span style="color: var(--highlight-keyword)"&gt;&amp;amp;&amp;amp;&amp;nbsp;!&lt;/span&gt;&lt;span style="color: var(--highlight-default)"&gt;$this&lt;/span&gt;&lt;span style="color: var(--highlight-keyword)"&gt;-&amp;gt;&lt;/span&gt;&lt;span style="color: var(--highlight-default)"&gt;handleAllThrowables&lt;/span&gt;&lt;span style="color: var(--highlight-keyword)"&gt;)&amp;nbsp;{&lt;/span&gt;&lt;/code&gt;&lt;/li&gt;\n
&lt;li&gt;&lt;code&gt;&lt;span style="color: var(--highlight-keyword)"&gt;&amp;nbsp;&amp;nbsp;&amp;nbsp;&amp;nbsp;&amp;nbsp;&amp;nbsp;&amp;nbsp;&amp;nbsp;&amp;nbsp;&amp;nbsp;&amp;nbsp;&amp;nbsp;&amp;nbsp;&amp;nbsp;&amp;nbsp;&amp;nbsp;throw&amp;nbsp;&lt;/span&gt;&lt;span style="color: var(--highlight-default)"&gt;$e&lt;/span&gt;&lt;span style="color: var(--highlight-keyword)"&gt;;&lt;/span&gt;&lt;/code&gt;&lt;/li&gt;\n
&lt;li&gt;&lt;code&gt;&lt;span style="color: var(--highlight-keyword)"&gt;&amp;nbsp;&amp;nbsp;&amp;nbsp;&amp;nbsp;&amp;nbsp;&amp;nbsp;&amp;nbsp;&amp;nbsp;&amp;nbsp;&amp;nbsp;&amp;nbsp;&amp;nbsp;}&lt;/span&gt;&lt;/code&gt;&lt;/li&gt;\n
&lt;li&gt;&lt;code&gt;&lt;span style="color: var(--highlight-keyword)"&gt;&lt;/span&gt;&lt;/code&gt;&lt;/li&gt;&lt;/ol&gt;    &lt;/div&gt;            &lt;/div&gt;\n
                        &lt;div class="trace-line "&gt;\n
                &lt;div class="trace-line-header break-long-words sf-toggle" data-toggle-selector="#trace-html-1-17" data-toggle-initial=""&gt;\n
            &lt;span class="icon icon-close"&gt;&lt;svg width="1792" height="1792" viewBox="0 0 1792 1792" xmlns="http://www.w3.org/2000/svg"&gt;&lt;path d="M1408 960V832q0-26-19-45t-45-19H448q-26 0-45 19t-19 45v128q0 26 19 45t45 19h896q26 0 45-19t19-45zm256-544v960q0 119-84.5 203.5T1376 1664H416q-119 0-203.5-84.5T128 1376V416q0-119 84.5-203.5T416 128h960q119 0 203.5 84.5T1664 416z"/&gt;&lt;/svg&gt;&lt;/span&gt;\n
        &lt;span class="icon icon-open"&gt;&lt;svg width="1792" height="1792" viewBox="0 0 1792 1792" xmlns="http://www.w3.org/2000/svg"&gt;&lt;path d="M1408 960V832q0-26-19-45t-45-19h-320V448q0-26-19-45t-45-19H832q-26 0-45 19t-19 45v320H448q-26 0-45 19t-19 45v128q0 26 19 45t45 19h320v320q0 26 19 45t45 19h128q26 0 45-19t19-45v-320h320q26 0 45-19t19-45zm256-544v960q0 119-84.5 203.5T1376 1664H416q-119 0-203.5-84.5T128 1376V416q0-119 84.5-203.5T416 128h960q119 0 203.5 84.5T1664 416z"/&gt;&lt;/svg&gt;&lt;/span&gt;\n
    \n
            &lt;span class="trace-class"&gt;&lt;abbr title="Symfony\Component\HttpKernel\HttpKernel"&gt;HttpKernel&lt;/abbr&gt;&lt;/span&gt;&lt;span class="trace-type"&gt;-&gt;&lt;/span&gt;&lt;span class="trace-method"&gt;handle&lt;/span&gt;&lt;span class="trace-arguments"&gt;(&lt;em&gt;object&lt;/em&gt;(&lt;abbr title="Symfony\Component\HttpFoundation\Request"&gt;Request&lt;/abbr&gt;), 1, &lt;em&gt;true&lt;/em&gt;)&lt;/span&gt;    \n
                    &lt;span class="block trace-file-path"&gt;\n
            in\n
            &lt;a href="file://C:\Users\sliti\Desktop\dev\esprit-PIDEV-3A16-2526-FARMIA\vendor\symfony\http-kernel\Kernel.php#L208"&gt;\n
                C:\Users\sliti\Desktop\dev\esprit-PIDEV-3A16-2526-FARMIA\vendor\symfony\http-kernel\&lt;strong&gt;Kernel.php&lt;/strong&gt;\n
            &lt;/a&gt;\n
                        (line 208)\n
            &lt;span class="icon icon-copy hidden" data-clipboard-text="C:\Users\sliti\Desktop\dev\esprit-PIDEV-3A16-2526-FARMIA\vendor\symfony\http-kernel\Kernel.php:208"&gt;\n
                &lt;svg xmlns="http://www.w3.org/2000/svg" height="24" viewBox="0 0 24 24" width="24"&gt;&lt;path d="M0 0h24v24H0z" fill="none"/&gt;&lt;path d="M16 1H4c-1.1 0-2 .9-2 2v14h2V3h12V1zm3 4H8c-1.1 0-2 .9-2 2v14c0 1.1.9 2 2 2h11c1.1 0 2-.9 2-2V7c0-1.1-.9-2-2-2zm0 16H8V7h11v14z"/&gt;&lt;/svg&gt;            &lt;/span&gt;\n
        &lt;/span&gt;\n
    &lt;/div&gt;\n
    &lt;div id="trace-html-1-17" class="trace-code sf-toggle-content"&gt;\n
        &lt;ol start="203"&gt;&lt;li&gt;&lt;code&gt;&lt;span style="color: var(--highlight-keyword)"&gt;&amp;nbsp;&amp;nbsp;&amp;nbsp;&amp;nbsp;&amp;nbsp;&amp;nbsp;&amp;nbsp;&amp;nbsp;if&amp;nbsp;(!&lt;/span&gt;&lt;span style="color: var(--highlight-default)"&gt;$this&lt;/span&gt;&lt;span style="color: var(--highlight-keyword)"&gt;-&amp;gt;&lt;/span&gt;&lt;span style="color: var(--highlight-default)"&gt;handlingHttpCache&lt;/span&gt;&lt;span style="color: var(--highlight-keyword)"&gt;)&amp;nbsp;{&lt;/span&gt;&lt;/code&gt;&lt;/li&gt;\n
&lt;li&gt;&lt;code&gt;&lt;span style="color: var(--highlight-keyword)"&gt;&amp;nbsp;&amp;nbsp;&amp;nbsp;&amp;nbsp;&amp;nbsp;&amp;nbsp;&amp;nbsp;&amp;nbsp;&amp;nbsp;&amp;nbsp;&amp;nbsp;&amp;nbsp;&lt;/span&gt;&lt;span style="color: var(--highlight-default)"&gt;$this&lt;/span&gt;&lt;span style="color: var(--highlight-keyword)"&gt;-&amp;gt;&lt;/span&gt;&lt;span style="color: var(--highlight-default)"&gt;resetServices&amp;nbsp;&lt;/span&gt;&lt;span style="color: var(--highlight-keyword)"&gt;=&amp;nbsp;&lt;/span&gt;&lt;span style="color: var(--highlight-default)"&gt;true&lt;/span&gt;&lt;span style="color: var(--highlight-keyword)"&gt;;&lt;/span&gt;&lt;/code&gt;&lt;/li&gt;\n
&lt;li&gt;&lt;code&gt;&lt;span style="color: var(--highlight-keyword)"&gt;&amp;nbsp;&amp;nbsp;&amp;nbsp;&amp;nbsp;&amp;nbsp;&amp;nbsp;&amp;nbsp;&amp;nbsp;}&lt;/span&gt;&lt;/code&gt;&lt;/li&gt;\n
&lt;li&gt;&lt;code&gt;&lt;span style="color: var(--highlight-keyword)"&gt;&lt;/span&gt;&lt;/code&gt;&lt;/li&gt;\n
&lt;li&gt;&lt;code&gt;&lt;span style="color: var(--highlight-keyword)"&gt;&amp;nbsp;&amp;nbsp;&amp;nbsp;&amp;nbsp;&amp;nbsp;&amp;nbsp;&amp;nbsp;&amp;nbsp;try&amp;nbsp;{&lt;/span&gt;&lt;/code&gt;&lt;/li&gt;\n
&lt;li class="selected"&gt;&lt;code&gt;&lt;span style="color: var(--highlight-keyword)"&gt;&amp;nbsp;&amp;nbsp;&amp;nbsp;&amp;nbsp;&amp;nbsp;&amp;nbsp;&amp;nbsp;&amp;nbsp;&amp;nbsp;&amp;nbsp;&amp;nbsp;&amp;nbsp;return&amp;nbsp;&lt;/span&gt;&lt;span style="color: var(--highlight-default)"&gt;$this&lt;/span&gt;&lt;span style="color: var(--highlight-keyword)"&gt;-&amp;gt;&lt;/span&gt;&lt;span style="color: var(--highlight-default)"&gt;getHttpKernel&lt;/span&gt;&lt;span style="color: var(--highlight-keyword)"&gt;()-&amp;gt;&lt;/span&gt;&lt;span style="color: var(--highlight-default)"&gt;handle&lt;/span&gt;&lt;span style="color: var(--highlight-keyword)"&gt;(&lt;/span&gt;&lt;span style="color: var(--highlight-default)"&gt;$request&lt;/span&gt;&lt;span style="color: var(--highlight-keyword)"&gt;,&amp;nbsp;&lt;/span&gt;&lt;span style="color: var(--highlight-default)"&gt;$type&lt;/span&gt;&lt;span style="color: var(--highlight-keyword)"&gt;,&amp;nbsp;&lt;/span&gt;&lt;span style="color: var(--highlight-default)"&gt;$catch&lt;/span&gt;&lt;span style="color: var(--highlight-keyword)"&gt;);&lt;/span&gt;&lt;/code&gt;&lt;/li&gt;\n
&lt;li&gt;&lt;code&gt;&lt;span style="color: var(--highlight-keyword)"&gt;&amp;nbsp;&amp;nbsp;&amp;nbsp;&amp;nbsp;&amp;nbsp;&amp;nbsp;&amp;nbsp;&amp;nbsp;}&amp;nbsp;finally&amp;nbsp;{&lt;/span&gt;&lt;/code&gt;&lt;/li&gt;\n
&lt;li&gt;&lt;code&gt;&lt;span style="color: var(--highlight-keyword)"&gt;&amp;nbsp;&amp;nbsp;&amp;nbsp;&amp;nbsp;&amp;nbsp;&amp;nbsp;&amp;nbsp;&amp;nbsp;&amp;nbsp;&amp;nbsp;&amp;nbsp;&amp;nbsp;--&lt;/span&gt;&lt;span style="color: var(--highlight-default)"&gt;$this&lt;/span&gt;&lt;span style="color: var(--highlight-keyword)"&gt;-&amp;gt;&lt;/span&gt;&lt;span style="color: var(--highlight-default)"&gt;requestStackSize&lt;/span&gt;&lt;span style="color: var(--highlight-keyword)"&gt;;&lt;/span&gt;&lt;/code&gt;&lt;/li&gt;\n
&lt;li&gt;&lt;code&gt;&lt;span style="color: var(--highlight-keyword)"&gt;&amp;nbsp;&amp;nbsp;&amp;nbsp;&amp;nbsp;&amp;nbsp;&amp;nbsp;&amp;nbsp;&amp;nbsp;}&lt;/span&gt;&lt;/code&gt;&lt;/li&gt;\n
&lt;li&gt;&lt;code&gt;&lt;span style="color: var(--highlight-keyword)"&gt;&amp;nbsp;&amp;nbsp;&amp;nbsp;&amp;nbsp;}&lt;/span&gt;&lt;/code&gt;&lt;/li&gt;\n
&lt;li&gt;&lt;code&gt;&lt;span style="color: var(--highlight-keyword)"&gt;&lt;/span&gt;&lt;/code&gt;&lt;/li&gt;&lt;/ol&gt;    &lt;/div&gt;            &lt;/div&gt;\n
                        &lt;div class="trace-line "&gt;\n
                &lt;div class="trace-line-header break-long-words sf-toggle" data-toggle-selector="#trace-html-1-18" data-toggle-initial=""&gt;\n
            &lt;span class="icon icon-close"&gt;&lt;svg width="1792" height="1792" viewBox="0 0 1792 1792" xmlns="http://www.w3.org/2000/svg"&gt;&lt;path d="M1408 960V832q0-26-19-45t-45-19H448q-26 0-45 19t-19 45v128q0 26 19 45t45 19h896q26 0 45-19t19-45zm256-544v960q0 119-84.5 203.5T1376 1664H416q-119 0-203.5-84.5T128 1376V416q0-119 84.5-203.5T416 128h960q119 0 203.5 84.5T1664 416z"/&gt;&lt;/svg&gt;&lt;/span&gt;\n
        &lt;span class="icon icon-open"&gt;&lt;svg width="1792" height="1792" viewBox="0 0 1792 1792" xmlns="http://www.w3.org/2000/svg"&gt;&lt;path d="M1408 960V832q0-26-19-45t-45-19h-320V448q0-26-19-45t-45-19H832q-26 0-45 19t-19 45v320H448q-26 0-45 19t-19 45v128q0 26 19 45t45 19h320v320q0 26 19 45t45 19h128q26 0 45-19t19-45v-320h320q26 0 45-19t19-45zm256-544v960q0 119-84.5 203.5T1376 1664H416q-119 0-203.5-84.5T128 1376V416q0-119 84.5-203.5T416 128h960q119 0 203.5 84.5T1664 416z"/&gt;&lt;/svg&gt;&lt;/span&gt;\n
    \n
            &lt;span class="trace-class"&gt;&lt;abbr title="Symfony\Component\HttpKernel\Kernel"&gt;Kernel&lt;/abbr&gt;&lt;/span&gt;&lt;span class="trace-type"&gt;-&gt;&lt;/span&gt;&lt;span class="trace-method"&gt;handle&lt;/span&gt;&lt;span class="trace-arguments"&gt;(&lt;em&gt;object&lt;/em&gt;(&lt;abbr title="Symfony\Component\HttpFoundation\Request"&gt;Request&lt;/abbr&gt;), 1, &lt;em&gt;true&lt;/em&gt;)&lt;/span&gt;    \n
                    &lt;span class="block trace-file-path"&gt;\n
            in\n
            &lt;a href="file://C:\Users\sliti\Desktop\dev\esprit-PIDEV-3A16-2526-FARMIA\vendor\symfony\http-kernel\HttpKernelBrowser.php#L65"&gt;\n
                C:\Users\sliti\Desktop\dev\esprit-PIDEV-3A16-2526-FARMIA\vendor\symfony\http-kernel\&lt;strong&gt;HttpKernelBrowser.php&lt;/strong&gt;\n
            &lt;/a&gt;\n
                        (line 65)\n
            &lt;span class="icon icon-copy hidden" data-clipboard-text="C:\Users\sliti\Desktop\dev\esprit-PIDEV-3A16-2526-FARMIA\vendor\symfony\http-kernel\HttpKernelBrowser.php:65"&gt;\n
                &lt;svg xmlns="http://www.w3.org/2000/svg" height="24" viewBox="0 0 24 24" width="24"&gt;&lt;path d="M0 0h24v24H0z" fill="none"/&gt;&lt;path d="M16 1H4c-1.1 0-2 .9-2 2v14h2V3h12V1zm3 4H8c-1.1 0-2 .9-2 2v14c0 1.1.9 2 2 2h11c1.1 0 2-.9 2-2V7c0-1.1-.9-2-2-2zm0 16H8V7h11v14z"/&gt;&lt;/svg&gt;            &lt;/span&gt;\n
        &lt;/span&gt;\n
    &lt;/div&gt;\n
    &lt;div id="trace-html-1-18" class="trace-code sf-toggle-content"&gt;\n
        &lt;ol start="60"&gt;&lt;li&gt;&lt;code&gt;&lt;span style="color: var(--highlight-comment)"&gt;&amp;nbsp;&amp;nbsp;&amp;nbsp;&amp;nbsp;&amp;nbsp;*&lt;/span&gt;&lt;/code&gt;&lt;/li&gt;\n
&lt;li&gt;&lt;code&gt;&lt;span style="color: var(--highlight-comment)"&gt;&amp;nbsp;&amp;nbsp;&amp;nbsp;&amp;nbsp;&amp;nbsp;*&amp;nbsp;@return&amp;nbsp;Response&lt;/span&gt;&lt;/code&gt;&lt;/li&gt;\n
&lt;li&gt;&lt;code&gt;&lt;span style="color: var(--highlight-comment)"&gt;&amp;nbsp;&amp;nbsp;&amp;nbsp;&amp;nbsp;&amp;nbsp;*/&lt;/span&gt;&lt;/code&gt;&lt;/li&gt;\n
&lt;li&gt;&lt;code&gt;&lt;span style="color: var(--highlight-comment)"&gt;&amp;nbsp;&amp;nbsp;&amp;nbsp;&amp;nbsp;&lt;/span&gt;&lt;span style="color: var(--highlight-keyword)"&gt;protected&amp;nbsp;function&amp;nbsp;&lt;/span&gt;&lt;span style="color: var(--highlight-default)"&gt;doRequest&lt;/span&gt;&lt;span style="color: var(--highlight-keyword)"&gt;(&lt;/span&gt;&lt;span style="color: var(--highlight-default)"&gt;object&amp;nbsp;$request&lt;/span&gt;&lt;span style="color: var(--highlight-keyword)"&gt;)&lt;/span&gt;&lt;/code&gt;&lt;/li&gt;\n
&lt;li&gt;&lt;code&gt;&lt;span style="color: var(--highlight-keyword)"&gt;&amp;nbsp;&amp;nbsp;&amp;nbsp;&amp;nbsp;{&lt;/span&gt;&lt;/code&gt;&lt;/li&gt;\n
&lt;li class="selected"&gt;&lt;code&gt;&lt;span style="color: var(--highlight-keyword)"&gt;&amp;nbsp;&amp;nbsp;&amp;nbsp;&amp;nbsp;&amp;nbsp;&amp;nbsp;&amp;nbsp;&amp;nbsp;&lt;/span&gt;&lt;span style="color: var(--highlight-default)"&gt;$response&amp;nbsp;&lt;/span&gt;&lt;span style="color: var(--highlight-keyword)"&gt;=&amp;nbsp;&lt;/span&gt;&lt;span style="color: var(--highlight-default)"&gt;$this&lt;/span&gt;&lt;span style="color: var(--highlight-keyword)"&gt;-&amp;gt;&lt;/span&gt;&lt;span style="color: var(--highlight-default)"&gt;kernel&lt;/span&gt;&lt;span style="color: var(--highlight-keyword)"&gt;-&amp;gt;&lt;/span&gt;&lt;span style="color: var(--highlight-default)"&gt;handle&lt;/span&gt;&lt;span style="color: var(--highlight-keyword)"&gt;(&lt;/span&gt;&lt;span style="color: var(--highlight-default)"&gt;$request&lt;/span&gt;&lt;span style="color: var(--highlight-keyword)"&gt;,&amp;nbsp;&lt;/span&gt;&lt;span style="color: var(--highlight-default)"&gt;HttpKernelInterface&lt;/span&gt;&lt;span style="color: var(--highlight-keyword)"&gt;::&lt;/span&gt;&lt;span style="color: var(--highlight-default)"&gt;MAIN_REQUEST&lt;/span&gt;&lt;span style="color: var(--highlight-keyword)"&gt;,&amp;nbsp;&lt;/span&gt;&lt;span style="color: var(--highlight-default)"&gt;$this&lt;/span&gt;&lt;span style="color: var(--highlight-keyword)"&gt;-&amp;gt;&lt;/span&gt;&lt;span style="color: var(--highlight-default)"&gt;catchExceptions&lt;/span&gt;&lt;span style="color: var(--highlight-keyword)"&gt;);&lt;/span&gt;&lt;/code&gt;&lt;/li&gt;\n
&lt;li&gt;&lt;code&gt;&lt;span style="color: var(--highlight-keyword)"&gt;&lt;/span&gt;&lt;/code&gt;&lt;/li&gt;\n
&lt;li&gt;&lt;code&gt;&lt;span style="color: var(--highlight-keyword)"&gt;&amp;nbsp;&amp;nbsp;&amp;nbsp;&amp;nbsp;&amp;nbsp;&amp;nbsp;&amp;nbsp;&amp;nbsp;if&amp;nbsp;(&lt;/span&gt;&lt;span style="color: var(--highlight-default)"&gt;$this&lt;/span&gt;&lt;span style="color: var(--highlight-keyword)"&gt;-&amp;gt;&lt;/span&gt;&lt;span style="color: var(--highlight-default)"&gt;kernel&amp;nbsp;&lt;/span&gt;&lt;span style="color: var(--highlight-keyword)"&gt;instanceof&amp;nbsp;&lt;/span&gt;&lt;span style="color: var(--highlight-default)"&gt;TerminableInterface&lt;/span&gt;&lt;span style="color: var(--highlight-keyword)"&gt;)&amp;nbsp;{&lt;/span&gt;&lt;/code&gt;&lt;/li&gt;\n
&lt;li&gt;&lt;code&gt;&lt;span style="color: var(--highlight-keyword)"&gt;&amp;nbsp;&amp;nbsp;&amp;nbsp;&amp;nbsp;&amp;nbsp;&amp;nbsp;&amp;nbsp;&amp;nbsp;&amp;nbsp;&amp;nbsp;&amp;nbsp;&amp;nbsp;&lt;/span&gt;&lt;span style="color: var(--highlight-default)"&gt;$this&lt;/span&gt;&lt;span style="color: var(--highlight-keyword)"&gt;-&amp;gt;&lt;/span&gt;&lt;span style="color: var(--highlight-default)"&gt;kernel&lt;/span&gt;&lt;span style="color: var(--highlight-keyword)"&gt;-&amp;gt;&lt;/span&gt;&lt;span style="color: var(--highlight-default)"&gt;terminate&lt;/span&gt;&lt;span style="color: var(--highlight-keyword)"&gt;(&lt;/span&gt;&lt;span style="color: var(--highlight-default)"&gt;$request&lt;/span&gt;&lt;span style="color: var(--highlight-keyword)"&gt;,&amp;nbsp;&lt;/span&gt;&lt;span style="color: var(--highlight-default)"&gt;$response&lt;/span&gt;&lt;span style="color: var(--highlight-keyword)"&gt;);&lt;/span&gt;&lt;/code&gt;&lt;/li&gt;\n
&lt;li&gt;&lt;code&gt;&lt;span style="color: var(--highlight-keyword)"&gt;&amp;nbsp;&amp;nbsp;&amp;nbsp;&amp;nbsp;&amp;nbsp;&amp;nbsp;&amp;nbsp;&amp;nbsp;}&lt;/span&gt;&lt;/code&gt;&lt;/li&gt;\n
&lt;li&gt;&lt;code&gt;&lt;span style="color: var(--highlight-keyword)"&gt;&lt;/span&gt;&lt;/code&gt;&lt;/li&gt;&lt;/ol&gt;    &lt;/div&gt;            &lt;/div&gt;\n
                        &lt;div class="trace-line "&gt;\n
                &lt;div class="trace-line-header break-long-words sf-toggle" data-toggle-selector="#trace-html-1-19" data-toggle-initial=""&gt;\n
            &lt;span class="icon icon-close"&gt;&lt;svg width="1792" height="1792" viewBox="0 0 1792 1792" xmlns="http://www.w3.org/2000/svg"&gt;&lt;path d="M1408 960V832q0-26-19-45t-45-19H448q-26 0-45 19t-19 45v128q0 26 19 45t45 19h896q26 0 45-19t19-45zm256-544v960q0 119-84.5 203.5T1376 1664H416q-119 0-203.5-84.5T128 1376V416q0-119 84.5-203.5T416 128h960q119 0 203.5 84.5T1664 416z"/&gt;&lt;/svg&gt;&lt;/span&gt;\n
        &lt;span class="icon icon-open"&gt;&lt;svg width="1792" height="1792" viewBox="0 0 1792 1792" xmlns="http://www.w3.org/2000/svg"&gt;&lt;path d="M1408 960V832q0-26-19-45t-45-19h-320V448q0-26-19-45t-45-19H832q-26 0-45 19t-19 45v320H448q-26 0-45 19t-19 45v128q0 26 19 45t45 19h320v320q0 26 19 45t45 19h128q26 0 45-19t19-45v-320h320q26 0 45-19t19-45zm256-544v960q0 119-84.5 203.5T1376 1664H416q-119 0-203.5-84.5T128 1376V416q0-119 84.5-203.5T416 128h960q119 0 203.5 84.5T1664 416z"/&gt;&lt;/svg&gt;&lt;/span&gt;\n
    \n
            &lt;span class="trace-class"&gt;&lt;abbr title="Symfony\Component\HttpKernel\HttpKernelBrowser"&gt;HttpKernelBrowser&lt;/abbr&gt;&lt;/span&gt;&lt;span class="trace-type"&gt;-&gt;&lt;/span&gt;&lt;span class="trace-method"&gt;doRequest&lt;/span&gt;&lt;span class="trace-arguments"&gt;(&lt;em&gt;object&lt;/em&gt;(&lt;abbr title="Symfony\Component\HttpFoundation\Request"&gt;Request&lt;/abbr&gt;))&lt;/span&gt;    \n
                    &lt;span class="block trace-file-path"&gt;\n
            in\n
            &lt;a href="file://C:\Users\sliti\Desktop\dev\esprit-PIDEV-3A16-2526-FARMIA\vendor\symfony\framework-bundle\KernelBrowser.php#L175"&gt;\n
                C:\Users\sliti\Desktop\dev\esprit-PIDEV-3A16-2526-FARMIA\vendor\symfony\framework-bundle\&lt;strong&gt;KernelBrowser.php&lt;/strong&gt;\n
            &lt;/a&gt;\n
                        (line 175)\n
            &lt;span class="icon icon-copy hidden" data-clipboard-text="C:\Users\sliti\Desktop\dev\esprit-PIDEV-3A16-2526-FARMIA\vendor\symfony\framework-bundle\KernelBrowser.php:175"&gt;\n
                &lt;svg xmlns="http://www.w3.org/2000/svg" height="24" viewBox="0 0 24 24" width="24"&gt;&lt;path d="M0 0h24v24H0z" fill="none"/&gt;&lt;path d="M16 1H4c-1.1 0-2 .9-2 2v14h2V3h12V1zm3 4H8c-1.1 0-2 .9-2 2v14c0 1.1.9 2 2 2h11c1.1 0 2-.9 2-2V7c0-1.1-.9-2-2-2zm0 16H8V7h11v14z"/&gt;&lt;/svg&gt;            &lt;/span&gt;\n
        &lt;/span&gt;\n
    &lt;/div&gt;\n
    &lt;div id="trace-html-1-19" class="trace-code sf-toggle-content"&gt;\n
        &lt;ol start="170"&gt;&lt;li&gt;&lt;code&gt;&lt;span style="color: var(--highlight-keyword)"&gt;&lt;/span&gt;&lt;/code&gt;&lt;/li&gt;\n
&lt;li&gt;&lt;code&gt;&lt;span style="color: var(--highlight-keyword)"&gt;&amp;nbsp;&amp;nbsp;&amp;nbsp;&amp;nbsp;&amp;nbsp;&amp;nbsp;&amp;nbsp;&amp;nbsp;&amp;nbsp;&amp;nbsp;&amp;nbsp;&amp;nbsp;&lt;/span&gt;&lt;span style="color: var(--highlight-default)"&gt;$this&lt;/span&gt;&lt;span style="color: var(--highlight-keyword)"&gt;-&amp;gt;&lt;/span&gt;&lt;span style="color: var(--highlight-default)"&gt;kernel&lt;/span&gt;&lt;span style="color: var(--highlight-keyword)"&gt;-&amp;gt;&lt;/span&gt;&lt;span style="color: var(--highlight-default)"&gt;boot&lt;/span&gt;&lt;span style="color: var(--highlight-keyword)"&gt;();&lt;/span&gt;&lt;/code&gt;&lt;/li&gt;\n
&lt;li&gt;&lt;code&gt;&lt;span style="color: var(--highlight-keyword)"&gt;&amp;nbsp;&amp;nbsp;&amp;nbsp;&amp;nbsp;&amp;nbsp;&amp;nbsp;&amp;nbsp;&amp;nbsp;&amp;nbsp;&amp;nbsp;&amp;nbsp;&amp;nbsp;&lt;/span&gt;&lt;span style="color: var(--highlight-default)"&gt;$this&lt;/span&gt;&lt;span style="color: var(--highlight-keyword)"&gt;-&amp;gt;&lt;/span&gt;&lt;span style="color: var(--highlight-default)"&gt;getContainer&lt;/span&gt;&lt;span style="color: var(--highlight-keyword)"&gt;()-&amp;gt;&lt;/span&gt;&lt;span style="color: var(--highlight-default)"&gt;get&lt;/span&gt;&lt;span style="color: var(--highlight-keyword)"&gt;(&lt;/span&gt;&lt;span style="color: var(--highlight-string)"&gt;'profiler'&lt;/span&gt;&lt;span style="color: var(--highlight-keyword)"&gt;)-&amp;gt;&lt;/span&gt;&lt;span style="color: var(--highlight-default)"&gt;enable&lt;/span&gt;&lt;span style="color: var(--highlight-keyword)"&gt;();&lt;/span&gt;&lt;/code&gt;&lt;/li&gt;\n
&lt;li&gt;&lt;code&gt;&lt;span style="color: var(--highlight-keyword)"&gt;&amp;nbsp;&amp;nbsp;&amp;nbsp;&amp;nbsp;&amp;nbsp;&amp;nbsp;&amp;nbsp;&amp;nbsp;}&lt;/span&gt;&lt;/code&gt;&lt;/li&gt;\n
&lt;li&gt;&lt;code&gt;&lt;span style="color: var(--highlight-keyword)"&gt;&lt;/span&gt;&lt;/code&gt;&lt;/li&gt;\n
&lt;li class="selected"&gt;&lt;code&gt;&lt;span style="color: var(--highlight-keyword)"&gt;&amp;nbsp;&amp;nbsp;&amp;nbsp;&amp;nbsp;&amp;nbsp;&amp;nbsp;&amp;nbsp;&amp;nbsp;return&amp;nbsp;&lt;/span&gt;&lt;span style="color: var(--highlight-default)"&gt;parent&lt;/span&gt;&lt;span style="color: var(--highlight-keyword)"&gt;::&lt;/span&gt;&lt;span style="color: var(--highlight-default)"&gt;doRequest&lt;/span&gt;&lt;span style="color: var(--highlight-keyword)"&gt;(&lt;/span&gt;&lt;span style="color: var(--highlight-default)"&gt;$request&lt;/span&gt;&lt;span style="color: var(--highlight-keyword)"&gt;);&lt;/span&gt;&lt;/code&gt;&lt;/li&gt;\n
&lt;li&gt;&lt;code&gt;&lt;span style="color: var(--highlight-keyword)"&gt;&amp;nbsp;&amp;nbsp;&amp;nbsp;&amp;nbsp;}&lt;/span&gt;&lt;/code&gt;&lt;/li&gt;\n
&lt;li&gt;&lt;code&gt;&lt;span style="color: var(--highlight-keyword)"&gt;&lt;/span&gt;&lt;/code&gt;&lt;/li&gt;\n
&lt;li&gt;&lt;code&gt;&lt;span style="color: var(--highlight-keyword)"&gt;&amp;nbsp;&amp;nbsp;&amp;nbsp;&amp;nbsp;&lt;/span&gt;&lt;span style="color: var(--highlight-comment)"&gt;/**&lt;/span&gt;&lt;/code&gt;&lt;/li&gt;\n
&lt;li&gt;&lt;code&gt;&lt;span style="color: var(--highlight-comment)"&gt;&amp;nbsp;&amp;nbsp;&amp;nbsp;&amp;nbsp;&amp;nbsp;*&amp;nbsp;@param&amp;nbsp;Request&amp;nbsp;$request&lt;/span&gt;&lt;/code&gt;&lt;/li&gt;\n
&lt;li&gt;&lt;code&gt;&lt;span style="color: var(--highlight-comment)"&gt;&amp;nbsp;&amp;nbsp;&amp;nbsp;&amp;nbsp;&amp;nbsp;*/&lt;/span&gt;&lt;/code&gt;&lt;/li&gt;&lt;/ol&gt;    &lt;/div&gt;            &lt;/div&gt;\n
                        &lt;div class="trace-line "&gt;\n
                &lt;div class="trace-line-header break-long-words sf-toggle" data-toggle-selector="#trace-html-1-20" data-toggle-initial=""&gt;\n
            &lt;span class="icon icon-close"&gt;&lt;svg width="1792" height="1792" viewBox="0 0 1792 1792" xmlns="http://www.w3.org/2000/svg"&gt;&lt;path d="M1408 960V832q0-26-19-45t-45-19H448q-26 0-45 19t-19 45v128q0 26 19 45t45 19h896q26 0 45-19t19-45zm256-544v960q0 119-84.5 203.5T1376 1664H416q-119 0-203.5-84.5T128 1376V416q0-119 84.5-203.5T416 128h960q119 0 203.5 84.5T1664 416z"/&gt;&lt;/svg&gt;&lt;/span&gt;\n
        &lt;span class="icon icon-open"&gt;&lt;svg width="1792" height="1792" viewBox="0 0 1792 1792" xmlns="http://www.w3.org/2000/svg"&gt;&lt;path d="M1408 960V832q0-26-19-45t-45-19h-320V448q0-26-19-45t-45-19H832q-26 0-45 19t-19 45v320H448q-26 0-45 19t-19 45v128q0 26 19 45t45 19h320v320q0 26 19 45t45 19h128q26 0 45-19t19-45v-320h320q26 0 45-19t19-45zm256-544v960q0 119-84.5 203.5T1376 1664H416q-119 0-203.5-84.5T128 1376V416q0-119 84.5-203.5T416 128h960q119 0 203.5 84.5T1664 416z"/&gt;&lt;/svg&gt;&lt;/span&gt;\n
    \n
            &lt;span class="trace-class"&gt;&lt;abbr title="Symfony\Bundle\FrameworkBundle\KernelBrowser"&gt;KernelBrowser&lt;/abbr&gt;&lt;/span&gt;&lt;span class="trace-type"&gt;-&gt;&lt;/span&gt;&lt;span class="trace-method"&gt;doRequest&lt;/span&gt;&lt;span class="trace-arguments"&gt;(&lt;em&gt;object&lt;/em&gt;(&lt;abbr title="Symfony\Component\HttpFoundation\Request"&gt;Request&lt;/abbr&gt;))&lt;/span&gt;    \n
                    &lt;span class="block trace-file-path"&gt;\n
            in\n
            &lt;a href="file://C:\Users\sliti\Desktop\dev\esprit-PIDEV-3A16-2526-FARMIA\vendor\symfony\browser-kit\AbstractBrowser.php#L385"&gt;\n
                C:\Users\sliti\Desktop\dev\esprit-PIDEV-3A16-2526-FARMIA\vendor\symfony\browser-kit\&lt;strong&gt;AbstractBrowser.php&lt;/strong&gt;\n
            &lt;/a&gt;\n
                        (line 385)\n
            &lt;span class="icon icon-copy hidden" data-clipboard-text="C:\Users\sliti\Desktop\dev\esprit-PIDEV-3A16-2526-FARMIA\vendor\symfony\browser-kit\AbstractBrowser.php:385"&gt;\n
                &lt;svg xmlns="http://www.w3.org/2000/svg" height="24" viewBox="0 0 24 24" width="24"&gt;&lt;path d="M0 0h24v24H0z" fill="none"/&gt;&lt;path d="M16 1H4c-1.1 0-2 .9-2 2v14h2V3h12V1zm3 4H8c-1.1 0-2 .9-2 2v14c0 1.1.9 2 2 2h11c1.1 0 2-.9 2-2V7c0-1.1-.9-2-2-2zm0 16H8V7h11v14z"/&gt;&lt;/svg&gt;            &lt;/span&gt;\n
        &lt;/span&gt;\n
    &lt;/div&gt;\n
    &lt;div id="trace-html-1-20" class="trace-code sf-toggle-content"&gt;\n
        &lt;ol start="380"&gt;&lt;li&gt;&lt;code&gt;&lt;span style="color: var(--highlight-keyword)"&gt;&amp;nbsp;&amp;nbsp;&amp;nbsp;&amp;nbsp;&amp;nbsp;&amp;nbsp;&amp;nbsp;&amp;nbsp;}&lt;/span&gt;&lt;/code&gt;&lt;/li&gt;\n
&lt;li&gt;&lt;code&gt;&lt;span style="color: var(--highlight-keyword)"&gt;&lt;/span&gt;&lt;/code&gt;&lt;/li&gt;\n
&lt;li&gt;&lt;code&gt;&lt;span style="color: var(--highlight-keyword)"&gt;&amp;nbsp;&amp;nbsp;&amp;nbsp;&amp;nbsp;&amp;nbsp;&amp;nbsp;&amp;nbsp;&amp;nbsp;if&amp;nbsp;(&lt;/span&gt;&lt;span style="color: var(--highlight-default)"&gt;$this&lt;/span&gt;&lt;span style="color: var(--highlight-keyword)"&gt;-&amp;gt;&lt;/span&gt;&lt;span style="color: var(--highlight-default)"&gt;insulated&lt;/span&gt;&lt;span style="color: var(--highlight-keyword)"&gt;)&amp;nbsp;{&lt;/span&gt;&lt;/code&gt;&lt;/li&gt;\n
&lt;li&gt;&lt;code&gt;&lt;span style="color: var(--highlight-keyword)"&gt;&amp;nbsp;&amp;nbsp;&amp;nbsp;&amp;nbsp;&amp;nbsp;&amp;nbsp;&amp;nbsp;&amp;nbsp;&amp;nbsp;&amp;nbsp;&amp;nbsp;&amp;nbsp;&lt;/span&gt;&lt;span style="color: var(--highlight-default)"&gt;$this&lt;/span&gt;&lt;span style="color: var(--highlight-keyword)"&gt;-&amp;gt;&lt;/span&gt;&lt;span style="color: var(--highlight-default)"&gt;response&amp;nbsp;&lt;/span&gt;&lt;span style="color: var(--highlight-keyword)"&gt;=&amp;nbsp;&lt;/span&gt;&lt;span style="color: var(--highlight-default)"&gt;$this&lt;/span&gt;&lt;span style="color: var(--highlight-keyword)"&gt;-&amp;gt;&lt;/span&gt;&lt;span style="color: var(--highlight-default)"&gt;doRequestInProcess&lt;/span&gt;&lt;span style="color: var(--highlight-keyword)"&gt;(&lt;/span&gt;&lt;span style="color: var(--highlight-default)"&gt;$this&lt;/span&gt;&lt;span style="color: var(--highlight-keyword)"&gt;-&amp;gt;&lt;/span&gt;&lt;span style="color: var(--highlight-default)"&gt;request&lt;/span&gt;&lt;span style="color: var(--highlight-keyword)"&gt;);&lt;/span&gt;&lt;/code&gt;&lt;/li&gt;\n
&lt;li&gt;&lt;code&gt;&lt;span style="color: var(--highlight-keyword)"&gt;&amp;nbsp;&amp;nbsp;&amp;nbsp;&amp;nbsp;&amp;nbsp;&amp;nbsp;&amp;nbsp;&amp;nbsp;}&amp;nbsp;else&amp;nbsp;{&lt;/span&gt;&lt;/code&gt;&lt;/li&gt;\n
&lt;li class="selected"&gt;&lt;code&gt;&lt;span style="color: var(--highlight-keyword)"&gt;&amp;nbsp;&amp;nbsp;&amp;nbsp;&amp;nbsp;&amp;nbsp;&amp;nbsp;&amp;nbsp;&amp;nbsp;&amp;nbsp;&amp;nbsp;&amp;nbsp;&amp;nbsp;&lt;/span&gt;&lt;span style="color: var(--highlight-default)"&gt;$this&lt;/span&gt;&lt;span style="color: var(--highlight-keyword)"&gt;-&amp;gt;&lt;/span&gt;&lt;span style="color: var(--highlight-default)"&gt;response&amp;nbsp;&lt;/span&gt;&lt;span style="color: var(--highlight-keyword)"&gt;=&amp;nbsp;&lt;/span&gt;&lt;span style="color: var(--highlight-default)"&gt;$this&lt;/span&gt;&lt;span style="color: var(--highlight-keyword)"&gt;-&amp;gt;&lt;/span&gt;&lt;span style="color: var(--highlight-default)"&gt;doRequest&lt;/span&gt;&lt;span style="color: var(--highlight-keyword)"&gt;(&lt;/span&gt;&lt;span style="color: var(--highlight-default)"&gt;$this&lt;/span&gt;&lt;span style="color: var(--highlight-keyword)"&gt;-&amp;gt;&lt;/span&gt;&lt;span style="color: var(--highlight-default)"&gt;request&lt;/span&gt;&lt;span style="color: var(--highlight-keyword)"&gt;);&lt;/span&gt;&lt;/code&gt;&lt;/li&gt;\n
&lt;li&gt;&lt;code&gt;&lt;span style="color: var(--highlight-keyword)"&gt;&amp;nbsp;&amp;nbsp;&amp;nbsp;&amp;nbsp;&amp;nbsp;&amp;nbsp;&amp;nbsp;&amp;nbsp;}&lt;/span&gt;&lt;/code&gt;&lt;/li&gt;\n
&lt;li&gt;&lt;code&gt;&lt;span style="color: var(--highlight-keyword)"&gt;&lt;/span&gt;&lt;/code&gt;&lt;/li&gt;\n
&lt;li&gt;&lt;code&gt;&lt;span style="color: var(--highlight-keyword)"&gt;&amp;nbsp;&amp;nbsp;&amp;nbsp;&amp;nbsp;&amp;nbsp;&amp;nbsp;&amp;nbsp;&amp;nbsp;&lt;/span&gt;&lt;span style="color: var(--highlight-default)"&gt;$this&lt;/span&gt;&lt;span style="color: var(--highlight-keyword)"&gt;-&amp;gt;&lt;/span&gt;&lt;span style="color: var(--highlight-default)"&gt;internalResponse&amp;nbsp;&lt;/span&gt;&lt;span style="color: var(--highlight-keyword)"&gt;=&amp;nbsp;&lt;/span&gt;&lt;span style="color: var(--highlight-default)"&gt;$this&lt;/span&gt;&lt;span style="color: var(--highlight-keyword)"&gt;-&amp;gt;&lt;/span&gt;&lt;span style="color: var(--highlight-default)"&gt;filterResponse&lt;/span&gt;&lt;span style="color: var(--highlight-keyword)"&gt;(&lt;/span&gt;&lt;span style="color: var(--highlight-default)"&gt;$this&lt;/span&gt;&lt;span style="color: var(--highlight-keyword)"&gt;-&amp;gt;&lt;/span&gt;&lt;span style="color: var(--highlight-default)"&gt;response&lt;/span&gt;&lt;span style="color: var(--highlight-keyword)"&gt;);&lt;/span&gt;&lt;/code&gt;&lt;/li&gt;\n
&lt;li&gt;&lt;code&gt;&lt;span style="color: var(--highlight-keyword)"&gt;&lt;/span&gt;&lt;/code&gt;&lt;/li&gt;\n
&lt;li&gt;&lt;code&gt;&lt;span style="color: var(--highlight-keyword)"&gt;&amp;nbsp;&amp;nbsp;&amp;nbsp;&amp;nbsp;&amp;nbsp;&amp;nbsp;&amp;nbsp;&amp;nbsp;&lt;/span&gt;&lt;span style="color: var(--highlight-default)"&gt;$this&lt;/span&gt;&lt;span style="color: var(--highlight-keyword)"&gt;-&amp;gt;&lt;/span&gt;&lt;span style="color: var(--highlight-default)"&gt;cookieJar&lt;/span&gt;&lt;span style="color: var(--highlight-keyword)"&gt;-&amp;gt;&lt;/span&gt;&lt;span style="color: var(--highlight-default)"&gt;updateFromResponse&lt;/span&gt;&lt;span style="color: var(--highlight-keyword)"&gt;(&lt;/span&gt;&lt;span style="color: var(--highlight-default)"&gt;$this&lt;/span&gt;&lt;span style="color: var(--highlight-keyword)"&gt;-&amp;gt;&lt;/span&gt;&lt;span style="color: var(--highlight-default)"&gt;internalResponse&lt;/span&gt;&lt;span style="color: var(--highlight-keyword)"&gt;,&amp;nbsp;&lt;/span&gt;&lt;span style="color: var(--highlight-default)"&gt;$uri&lt;/span&gt;&lt;span style="color: var(--highlight-keyword)"&gt;);&lt;/span&gt;&lt;/code&gt;&lt;/li&gt;&lt;/ol&gt;    &lt;/div&gt;            &lt;/div&gt;\n
                        &lt;div class="trace-line "&gt;\n
                &lt;div class="trace-line-header break-long-words sf-toggle" data-toggle-selector="#trace-html-1-21" data-toggle-initial=""&gt;\n
            &lt;span class="icon icon-close"&gt;&lt;svg width="1792" height="1792" viewBox="0 0 1792 1792" xmlns="http://www.w3.org/2000/svg"&gt;&lt;path d="M1408 960V832q0-26-19-45t-45-19H448q-26 0-45 19t-19 45v128q0 26 19 45t45 19h896q26 0 45-19t19-45zm256-544v960q0 119-84.5 203.5T1376 1664H416q-119 0-203.5-84.5T128 1376V416q0-119 84.5-203.5T416 128h960q119 0 203.5 84.5T1664 416z"/&gt;&lt;/svg&gt;&lt;/span&gt;\n
        &lt;span class="icon icon-open"&gt;&lt;svg width="1792" height="1792" viewBox="0 0 1792 1792" xmlns="http://www.w3.org/2000/svg"&gt;&lt;path d="M1408 960V832q0-26-19-45t-45-19h-320V448q0-26-19-45t-45-19H832q-26 0-45 19t-19 45v320H448q-26 0-45 19t-19 45v128q0 26 19 45t45 19h320v320q0 26 19 45t45 19h128q26 0 45-19t19-45v-320h320q26 0 45-19t19-45zm256-544v960q0 119-84.5 203.5T1376 1664H416q-119 0-203.5-84.5T128 1376V416q0-119 84.5-203.5T416 128h960q119 0 203.5 84.5T1664 416z"/&gt;&lt;/svg&gt;&lt;/span&gt;\n
    \n
            &lt;span class="trace-class"&gt;&lt;abbr title="Symfony\Component\BrowserKit\AbstractBrowser"&gt;AbstractBrowser&lt;/abbr&gt;&lt;/span&gt;&lt;span class="trace-type"&gt;-&gt;&lt;/span&gt;&lt;span class="trace-method"&gt;request&lt;/span&gt;&lt;span class="trace-arguments"&gt;('GET', 'http://localhost/ferme/')&lt;/span&gt;    \n
                    &lt;span class="block trace-file-path"&gt;\n
            in\n
            &lt;a href="file://C:\Users\sliti\Desktop\dev\esprit-PIDEV-3A16-2526-FARMIA\tests\Functional\SecurityTest.php#L80"&gt;\n
                C:\Users\sliti\Desktop\dev\esprit-PIDEV-3A16-2526-FARMIA\tests\Functional\&lt;strong&gt;SecurityTest.php&lt;/strong&gt;\n
            &lt;/a&gt;\n
                        (line 80)\n
            &lt;span class="icon icon-copy hidden" data-clipboard-text="C:\Users\sliti\Desktop\dev\esprit-PIDEV-3A16-2526-FARMIA\tests\Functional\SecurityTest.php:80"&gt;\n
                &lt;svg xmlns="http://www.w3.org/2000/svg" height="24" viewBox="0 0 24 24" width="24"&gt;&lt;path d="M0 0h24v24H0z" fill="none"/&gt;&lt;path d="M16 1H4c-1.1 0-2 .9-2 2v14h2V3h12V1zm3 4H8c-1.1 0-2 .9-2 2v14c0 1.1.9 2 2 2h11c1.1 0 2-.9 2-2V7c0-1.1-.9-2-2-2zm0 16H8V7h11v14z"/&gt;&lt;/svg&gt;            &lt;/span&gt;\n
        &lt;/span&gt;\n
    &lt;/div&gt;\n
    &lt;div id="trace-html-1-21" class="trace-code sf-toggle-content"&gt;\n
        &lt;ol start="75"&gt;&lt;li&gt;&lt;code&gt;&lt;span style="color: var(--highlight-keyword)"&gt;&amp;nbsp;&amp;nbsp;&amp;nbsp;&amp;nbsp;&amp;nbsp;&amp;nbsp;&amp;nbsp;&amp;nbsp;&amp;nbsp;&amp;nbsp;&amp;nbsp;&amp;nbsp;&lt;/span&gt;&lt;span style="color: var(--highlight-string)"&gt;'/analyse/'&lt;/span&gt;&lt;span style="color: var(--highlight-keyword)"&gt;,\r
&lt;/span&gt;&lt;/code&gt;&lt;/li&gt;\n
&lt;li&gt;&lt;code&gt;&lt;span style="color: var(--highlight-keyword)"&gt;&amp;nbsp;&amp;nbsp;&amp;nbsp;&amp;nbsp;&amp;nbsp;&amp;nbsp;&amp;nbsp;&amp;nbsp;&amp;nbsp;&amp;nbsp;&amp;nbsp;&amp;nbsp;&lt;/span&gt;&lt;span style="color: var(--highlight-string)"&gt;'/conseil/'&lt;/span&gt;&lt;span style="color: var(--highlight-keyword)"&gt;,\r
&lt;/span&gt;&lt;/code&gt;&lt;/li&gt;\n
&lt;li&gt;&lt;code&gt;&lt;span style="color: var(--highlight-keyword)"&gt;&amp;nbsp;&amp;nbsp;&amp;nbsp;&amp;nbsp;&amp;nbsp;&amp;nbsp;&amp;nbsp;&amp;nbsp;];\r
&lt;/span&gt;&lt;/code&gt;&lt;/li&gt;\n
&lt;li&gt;&lt;code&gt;&lt;span style="color: var(--highlight-keyword)"&gt;\r
&lt;/span&gt;&lt;/code&gt;&lt;/li&gt;\n
&lt;li&gt;&lt;code&gt;&lt;span style="color: var(--highlight-keyword)"&gt;&amp;nbsp;&amp;nbsp;&amp;nbsp;&amp;nbsp;&amp;nbsp;&amp;nbsp;&amp;nbsp;&amp;nbsp;foreach&amp;nbsp;(&lt;/span&gt;&lt;span style="color: var(--highlight-default)"&gt;$protectedRoutes&amp;nbsp;&lt;/span&gt;&lt;span style="color: var(--highlight-keyword)"&gt;as&amp;nbsp;&lt;/span&gt;&lt;span style="color: var(--highlight-default)"&gt;$route&lt;/span&gt;&lt;span style="color: var(--highlight-keyword)"&gt;)&amp;nbsp;{\r
&lt;/span&gt;&lt;/code&gt;&lt;/li&gt;\n
&lt;li class="selected"&gt;&lt;code&gt;&lt;span style="color: var(--highlight-keyword)"&gt;&amp;nbsp;&amp;nbsp;&amp;nbsp;&amp;nbsp;&amp;nbsp;&amp;nbsp;&amp;nbsp;&amp;nbsp;&amp;nbsp;&amp;nbsp;&amp;nbsp;&amp;nbsp;&lt;/span&gt;&lt;span style="color: var(--highlight-default)"&gt;self&lt;/span&gt;&lt;span style="color: var(--highlight-keyword)"&gt;::&lt;/span&gt;&lt;span style="color: var(--highlight-default)"&gt;$client&lt;/span&gt;&lt;span style="color: var(--highlight-keyword)"&gt;-&amp;gt;&lt;/span&gt;&lt;span style="color: var(--highlight-default)"&gt;request&lt;/span&gt;&lt;span style="color: var(--highlight-keyword)"&gt;(&lt;/span&gt;&lt;span style="color: var(--highlight-string)"&gt;'GET'&lt;/span&gt;&lt;span style="color: var(--highlight-keyword)"&gt;,&amp;nbsp;&lt;/span&gt;&lt;span style="color: var(--highlight-default)"&gt;$route&lt;/span&gt;&lt;span style="color: var(--highlight-keyword)"&gt;);\r
&lt;/span&gt;&lt;/code&gt;&lt;/li&gt;\n
&lt;li&gt;&lt;code&gt;&lt;span style="color: var(--highlight-keyword)"&gt;&amp;nbsp;&amp;nbsp;&amp;nbsp;&amp;nbsp;&amp;nbsp;&amp;nbsp;&amp;nbsp;&amp;nbsp;&amp;nbsp;&amp;nbsp;&amp;nbsp;&amp;nbsp;&lt;/span&gt;&lt;span style="color: var(--highlight-default)"&gt;$this&lt;/span&gt;&lt;span style="color: var(--highlight-keyword)"&gt;-&amp;gt;&lt;/span&gt;&lt;span style="color: var(--highlight-default)"&gt;assertResponseRedirects&lt;/span&gt;&lt;span style="color: var(--highlight-keyword)"&gt;(\r
&lt;/span&gt;&lt;/code&gt;&lt;/li&gt;\n
&lt;li&gt;&lt;code&gt;&lt;span style="color: var(--highlight-keyword)"&gt;&amp;nbsp;&amp;nbsp;&amp;nbsp;&amp;nbsp;&amp;nbsp;&amp;nbsp;&amp;nbsp;&amp;nbsp;&amp;nbsp;&amp;nbsp;&amp;nbsp;&amp;nbsp;&amp;nbsp;&amp;nbsp;&amp;nbsp;&amp;nbsp;&lt;/span&gt;&lt;span style="color: var(--highlight-default)"&gt;null&lt;/span&gt;&lt;span style="color: var(--highlight-keyword)"&gt;,\r
&lt;/span&gt;&lt;/code&gt;&lt;/li&gt;\n
&lt;li&gt;&lt;code&gt;&lt;span style="color: var(--highlight-keyword)"&gt;&amp;nbsp;&amp;nbsp;&amp;nbsp;&amp;nbsp;&amp;nbsp;&amp;nbsp;&amp;nbsp;&amp;nbsp;&amp;nbsp;&amp;nbsp;&amp;nbsp;&amp;nbsp;&amp;nbsp;&amp;nbsp;&amp;nbsp;&amp;nbsp;&lt;/span&gt;&lt;span style="color: var(--highlight-default)"&gt;302&lt;/span&gt;&lt;span style="color: var(--highlight-keyword)"&gt;,\r
&lt;/span&gt;&lt;/code&gt;&lt;/li&gt;\n
&lt;li&gt;&lt;code&gt;&lt;span style="color: var(--highlight-keyword)"&gt;&amp;nbsp;&amp;nbsp;&amp;nbsp;&amp;nbsp;&amp;nbsp;&amp;nbsp;&amp;nbsp;&amp;nbsp;&amp;nbsp;&amp;nbsp;&amp;nbsp;&amp;nbsp;&amp;nbsp;&amp;nbsp;&amp;nbsp;&amp;nbsp;&lt;/span&gt;&lt;span style="color: var(--highlight-string)"&gt;"Route&amp;nbsp;&lt;/span&gt;&lt;span style="color: var(--highlight-default)"&gt;$route&lt;/span&gt;&lt;span style="color: var(--highlight-string)"&gt;&amp;nbsp;should&amp;nbsp;redirect&amp;nbsp;to&amp;nbsp;login"\r
&lt;/span&gt;&lt;/code&gt;&lt;/li&gt;\n
&lt;li&gt;&lt;code&gt;&lt;span style="color: var(--highlight-string)"&gt;&amp;nbsp;&amp;nbsp;&amp;nbsp;&amp;nbsp;&amp;nbsp;&amp;nbsp;&amp;nbsp;&amp;nbsp;&amp;nbsp;&amp;nbsp;&amp;nbsp;&amp;nbsp;&lt;/span&gt;&lt;span style="color: var(--highlight-keyword)"&gt;);\r
&lt;/span&gt;&lt;/code&gt;&lt;/li&gt;&lt;/ol&gt;    &lt;/div&gt;            &lt;/div&gt;\n
                        &lt;div class="trace-line "&gt;\n
                &lt;div class="trace-line-header break-long-words sf-toggle" data-toggle-selector="#trace-html-1-22" data-toggle-initial=""&gt;\n
            &lt;span class="icon icon-close"&gt;&lt;svg width="1792" height="1792" viewBox="0 0 1792 1792" xmlns="http://www.w3.org/2000/svg"&gt;&lt;path d="M1408 960V832q0-26-19-45t-45-19H448q-26 0-45 19t-19 45v128q0 26 19 45t45 19h896q26 0 45-19t19-45zm256-544v960q0 119-84.5 203.5T1376 1664H416q-119 0-203.5-84.5T128 1376V416q0-119 84.5-203.5T416 128h960q119 0 203.5 84.5T1664 416z"/&gt;&lt;/svg&gt;&lt;/span&gt;\n
        &lt;span class="icon icon-open"&gt;&lt;svg width="1792" height="1792" viewBox="0 0 1792 1792" xmlns="http://www.w3.org/2000/svg"&gt;&lt;path d="M1408 960V832q0-26-19-45t-45-19h-320V448q0-26-19-45t-45-19H832q-26 0-45 19t-19 45v320H448q-26 0-45 19t-19 45v128q0 26 19 45t45 19h320v320q0 26 19 45t45 19h128q26 0 45-19t19-45v-320h320q26 0 45-19t19-45zm256-544v960q0 119-84.5 203.5T1376 1664H416q-119 0-203.5-84.5T128 1376V416q0-119 84.5-203.5T416 128h960q119 0 203.5 84.5T1664 416z"/&gt;&lt;/svg&gt;&lt;/span&gt;\n
    \n
            &lt;span class="trace-class"&gt;&lt;abbr title="App\Tests\Functional\SecurityTest"&gt;SecurityTest&lt;/abbr&gt;&lt;/span&gt;&lt;span class="trace-type"&gt;-&gt;&lt;/span&gt;&lt;span class="trace-method"&gt;testProtectedRoutesRequireAuthentication&lt;/span&gt;&lt;span class="trace-arguments"&gt;()&lt;/span&gt;    \n
                    &lt;span class="block trace-file-path"&gt;\n
            in\n
            &lt;a href="file://C:\Users\sliti\Desktop\dev\esprit-PIDEV-3A16-2526-FARMIA\vendor\phpunit\phpunit\src\Framework\TestCase.php#L1617"&gt;\n
                C:\Users\sliti\Desktop\dev\esprit-PIDEV-3A16-2526-FARMIA\vendor\phpunit\phpunit\src\Framework\&lt;strong&gt;TestCase.php&lt;/strong&gt;\n
            &lt;/a&gt;\n
                        (line 1617)\n
            &lt;span class="icon icon-copy hidden" data-clipboard-text="C:\Users\sliti\Desktop\dev\esprit-PIDEV-3A16-2526-FARMIA\vendor\phpunit\phpunit\src\Framework\TestCase.php:1617"&gt;\n
                &lt;svg xmlns="http://www.w3.org/2000/svg" height="24" viewBox="0 0 24 24" width="24"&gt;&lt;path d="M0 0h24v24H0z" fill="none"/&gt;&lt;path d="M16 1H4c-1.1 0-2 .9-2 2v14h2V3h12V1zm3 4H8c-1.1 0-2 .9-2 2v14c0 1.1.9 2 2 2h11c1.1 0 2-.9 2-2V7c0-1.1-.9-2-2-2zm0 16H8V7h11v14z"/&gt;&lt;/svg&gt;            &lt;/span&gt;\n
        &lt;/span&gt;\n
    &lt;/div&gt;\n
    &lt;div id="trace-html-1-22" class="trace-code sf-toggle-content"&gt;\n
        &lt;ol start="1612"&gt;&lt;li&gt;&lt;code&gt;&lt;span style="color: var(--highlight-keyword)"&gt;&amp;nbsp;&amp;nbsp;&amp;nbsp;&amp;nbsp;&amp;nbsp;&amp;nbsp;&amp;nbsp;&amp;nbsp;&lt;/span&gt;&lt;span style="color: var(--highlight-default)"&gt;$testArguments&amp;nbsp;&lt;/span&gt;&lt;span style="color: var(--highlight-keyword)"&gt;=&amp;nbsp;&lt;/span&gt;&lt;span style="color: var(--highlight-default)"&gt;array_merge&lt;/span&gt;&lt;span style="color: var(--highlight-keyword)"&gt;(&lt;/span&gt;&lt;span style="color: var(--highlight-default)"&gt;$this&lt;/span&gt;&lt;span style="color: var(--highlight-keyword)"&gt;-&amp;gt;&lt;/span&gt;&lt;span style="color: var(--highlight-default)"&gt;data&lt;/span&gt;&lt;span style="color: var(--highlight-keyword)"&gt;,&amp;nbsp;&lt;/span&gt;&lt;span style="color: var(--highlight-default)"&gt;$this&lt;/span&gt;&lt;span style="color: var(--highlight-keyword)"&gt;-&amp;gt;&lt;/span&gt;&lt;span style="color: var(--highlight-default)"&gt;dependencyInput&lt;/span&gt;&lt;span style="color: var(--highlight-keyword)"&gt;);&lt;/span&gt;&lt;/code&gt;&lt;/li&gt;\n
&lt;li&gt;&lt;code&gt;&lt;span style="color: var(--highlight-keyword)"&gt;&lt;/span&gt;&lt;/code&gt;&lt;/li&gt;\n
&lt;li&gt;&lt;code&gt;&lt;span style="color: var(--highlight-keyword)"&gt;&amp;nbsp;&amp;nbsp;&amp;nbsp;&amp;nbsp;&amp;nbsp;&amp;nbsp;&amp;nbsp;&amp;nbsp;&lt;/span&gt;&lt;span style="color: var(--highlight-default)"&gt;$this&lt;/span&gt;&lt;span style="color: var(--highlight-keyword)"&gt;-&amp;gt;&lt;/span&gt;&lt;span style="color: var(--highlight-default)"&gt;registerMockObjectsFromTestArguments&lt;/span&gt;&lt;span style="color: var(--highlight-keyword)"&gt;(&lt;/span&gt;&lt;span style="color: var(--highlight-default)"&gt;$testArguments&lt;/span&gt;&lt;span style="color: var(--highlight-keyword)"&gt;);&lt;/span&gt;&lt;/code&gt;&lt;/li&gt;\n
&lt;li&gt;&lt;code&gt;&lt;span style="color: var(--highlight-keyword)"&gt;&lt;/span&gt;&lt;/code&gt;&lt;/li&gt;\n
&lt;li&gt;&lt;code&gt;&lt;span style="color: var(--highlight-keyword)"&gt;&amp;nbsp;&amp;nbsp;&amp;nbsp;&amp;nbsp;&amp;nbsp;&amp;nbsp;&amp;nbsp;&amp;nbsp;try&amp;nbsp;{&lt;/span&gt;&lt;/code&gt;&lt;/li&gt;\n
&lt;li class="selected"&gt;&lt;code&gt;&lt;span style="color: var(--highlight-keyword)"&gt;&amp;nbsp;&amp;nbsp;&amp;nbsp;&amp;nbsp;&amp;nbsp;&amp;nbsp;&amp;nbsp;&amp;nbsp;&amp;nbsp;&amp;nbsp;&amp;nbsp;&amp;nbsp;&lt;/span&gt;&lt;span style="color: var(--highlight-default)"&gt;$testResult&amp;nbsp;&lt;/span&gt;&lt;span style="color: var(--highlight-keyword)"&gt;=&amp;nbsp;&lt;/span&gt;&lt;span style="color: var(--highlight-default)"&gt;$this&lt;/span&gt;&lt;span style="color: var(--highlight-keyword)"&gt;-&amp;gt;{&lt;/span&gt;&lt;span style="color: var(--highlight-default)"&gt;$this&lt;/span&gt;&lt;span style="color: var(--highlight-keyword)"&gt;-&amp;gt;&lt;/span&gt;&lt;span style="color: var(--highlight-default)"&gt;name&lt;/span&gt;&lt;span style="color: var(--highlight-keyword)"&gt;}(...&lt;/span&gt;&lt;span style="color: var(--highlight-default)"&gt;array_values&lt;/span&gt;&lt;span style="color: var(--highlight-keyword)"&gt;(&lt;/span&gt;&lt;span style="color: var(--highlight-default)"&gt;$testArguments&lt;/span&gt;&lt;span style="color: var(--highlight-keyword)"&gt;));&lt;/span&gt;&lt;/code&gt;&lt;/li&gt;\n
&lt;li&gt;&lt;code&gt;&lt;span style="color: var(--highlight-keyword)"&gt;&amp;nbsp;&amp;nbsp;&amp;nbsp;&amp;nbsp;&amp;nbsp;&amp;nbsp;&amp;nbsp;&amp;nbsp;}&amp;nbsp;catch&amp;nbsp;(&lt;/span&gt;&lt;span style="color: var(--highlight-default)"&gt;Throwable&amp;nbsp;$exception&lt;/span&gt;&lt;span style="color: var(--highlight-keyword)"&gt;)&amp;nbsp;{&lt;/span&gt;&lt;/code&gt;&lt;/li&gt;\n
&lt;li&gt;&lt;code&gt;&lt;span style="color: var(--highlight-keyword)"&gt;&amp;nbsp;&amp;nbsp;&amp;nbsp;&amp;nbsp;&amp;nbsp;&amp;nbsp;&amp;nbsp;&amp;nbsp;&amp;nbsp;&amp;nbsp;&amp;nbsp;&amp;nbsp;if&amp;nbsp;(!&lt;/span&gt;&lt;span style="color: var(--highlight-default)"&gt;$this&lt;/span&gt;&lt;span style="color: var(--highlight-keyword)"&gt;-&amp;gt;&lt;/span&gt;&lt;span style="color: var(--highlight-default)"&gt;checkExceptionExpectations&lt;/span&gt;&lt;span style="color: var(--highlight-keyword)"&gt;(&lt;/span&gt;&lt;span style="color: var(--highlight-default)"&gt;$exception&lt;/span&gt;&lt;span style="color: var(--highlight-keyword)"&gt;))&amp;nbsp;{&lt;/span&gt;&lt;/code&gt;&lt;/li&gt;\n
&lt;li&gt;&lt;code&gt;&lt;span style="color: var(--highlight-keyword)"&gt;&amp;nbsp;&amp;nbsp;&amp;nbsp;&amp;nbsp;&amp;nbsp;&amp;nbsp;&amp;nbsp;&amp;nbsp;&amp;nbsp;&amp;nbsp;&amp;nbsp;&amp;nbsp;&amp;nbsp;&amp;nbsp;&amp;nbsp;&amp;nbsp;throw&amp;nbsp;&lt;/span&gt;&lt;span style="color: var(--highlight-default)"&gt;$exception&lt;/span&gt;&lt;span style="color: var(--highlight-keyword)"&gt;;&lt;/span&gt;&lt;/code&gt;&lt;/li&gt;\n
&lt;li&gt;&lt;code&gt;&lt;span style="color: var(--highlight-keyword)"&gt;&amp;nbsp;&amp;nbsp;&amp;nbsp;&amp;nbsp;&amp;nbsp;&amp;nbsp;&amp;nbsp;&amp;nbsp;&amp;nbsp;&amp;nbsp;&amp;nbsp;&amp;nbsp;}&lt;/span&gt;&lt;/code&gt;&lt;/li&gt;\n
&lt;li&gt;&lt;code&gt;&lt;span style="color: var(--highlight-keyword)"&gt;&lt;/span&gt;&lt;/code&gt;&lt;/li&gt;&lt;/ol&gt;    &lt;/div&gt;            &lt;/div&gt;\n
                        &lt;div class="trace-line "&gt;\n
                &lt;div class="trace-line-header break-long-words sf-toggle" data-toggle-selector="#trace-html-1-23" data-toggle-initial=""&gt;\n
            &lt;span class="icon icon-close"&gt;&lt;svg width="1792" height="1792" viewBox="0 0 1792 1792" xmlns="http://www.w3.org/2000/svg"&gt;&lt;path d="M1408 960V832q0-26-19-45t-45-19H448q-26 0-45 19t-19 45v128q0 26 19 45t45 19h896q26 0 45-19t19-45zm256-544v960q0 119-84.5 203.5T1376 1664H416q-119 0-203.5-84.5T128 1376V416q0-119 84.5-203.5T416 128h960q119 0 203.5 84.5T1664 416z"/&gt;&lt;/svg&gt;&lt;/span&gt;\n
        &lt;span class="icon icon-open"&gt;&lt;svg width="1792" height="1792" viewBox="0 0 1792 1792" xmlns="http://www.w3.org/2000/svg"&gt;&lt;path d="M1408 960V832q0-26-19-45t-45-19h-320V448q0-26-19-45t-45-19H832q-26 0-45 19t-19 45v320H448q-26 0-45 19t-19 45v128q0 26 19 45t45 19h320v320q0 26 19 45t45 19h128q26 0 45-19t19-45v-320h320q26 0 45-19t19-45zm256-544v960q0 119-84.5 203.5T1376 1664H416q-119 0-203.5-84.5T128 1376V416q0-119 84.5-203.5T416 128h960q119 0 203.5 84.5T1664 416z"/&gt;&lt;/svg&gt;&lt;/span&gt;\n
    \n
            &lt;span class="trace-class"&gt;&lt;abbr title="PHPUnit\Framework\TestCase"&gt;TestCase&lt;/abbr&gt;&lt;/span&gt;&lt;span class="trace-type"&gt;-&gt;&lt;/span&gt;&lt;span class="trace-method"&gt;runTest&lt;/span&gt;&lt;span class="trace-arguments"&gt;()&lt;/span&gt;    \n
                    &lt;span class="block trace-file-path"&gt;\n
            in\n
            &lt;a href="file://C:\Users\sliti\Desktop\dev\esprit-PIDEV-3A16-2526-FARMIA\vendor\phpunit\phpunit\src\Framework\TestCase.php#L1223"&gt;\n
                C:\Users\sliti\Desktop\dev\esprit-PIDEV-3A16-2526-FARMIA\vendor\phpunit\phpunit\src\Framework\&lt;strong&gt;TestCase.php&lt;/strong&gt;\n
            &lt;/a&gt;\n
                        (line 1223)\n
            &lt;span class="icon icon-copy hidden" data-clipboard-text="C:\Users\sliti\Desktop\dev\esprit-PIDEV-3A16-2526-FARMIA\vendor\phpunit\phpunit\src\Framework\TestCase.php:1223"&gt;\n
                &lt;svg xmlns="http://www.w3.org/2000/svg" height="24" viewBox="0 0 24 24" width="24"&gt;&lt;path d="M0 0h24v24H0z" fill="none"/&gt;&lt;path d="M16 1H4c-1.1 0-2 .9-2 2v14h2V3h12V1zm3 4H8c-1.1 0-2 .9-2 2v14c0 1.1.9 2 2 2h11c1.1 0 2-.9 2-2V7c0-1.1-.9-2-2-2zm0 16H8V7h11v14z"/&gt;&lt;/svg&gt;            &lt;/span&gt;\n
        &lt;/span&gt;\n
    &lt;/div&gt;\n
    &lt;div id="trace-html-1-23" class="trace-code sf-toggle-content"&gt;\n
        &lt;ol start="1218"&gt;&lt;li&gt;&lt;code&gt;&lt;span style="color: var(--highlight-keyword)"&gt;&lt;/span&gt;&lt;/code&gt;&lt;/li&gt;\n
&lt;li&gt;&lt;code&gt;&lt;span style="color: var(--highlight-keyword)"&gt;&amp;nbsp;&amp;nbsp;&amp;nbsp;&amp;nbsp;&amp;nbsp;&amp;nbsp;&amp;nbsp;&amp;nbsp;&amp;nbsp;&amp;nbsp;&amp;nbsp;&amp;nbsp;foreach&amp;nbsp;(&lt;/span&gt;&lt;span style="color: var(--highlight-default)"&gt;$hookMethods&lt;/span&gt;&lt;span style="color: var(--highlight-keyword)"&gt;[&lt;/span&gt;&lt;span style="color: var(--highlight-string)"&gt;'preCondition'&lt;/span&gt;&lt;span style="color: var(--highlight-keyword)"&gt;]&amp;nbsp;as&amp;nbsp;&lt;/span&gt;&lt;span style="color: var(--highlight-default)"&gt;$method&lt;/span&gt;&lt;span style="color: var(--highlight-keyword)"&gt;)&amp;nbsp;{&lt;/span&gt;&lt;/code&gt;&lt;/li&gt;\n
&lt;li&gt;&lt;code&gt;&lt;span style="color: var(--highlight-keyword)"&gt;&amp;nbsp;&amp;nbsp;&amp;nbsp;&amp;nbsp;&amp;nbsp;&amp;nbsp;&amp;nbsp;&amp;nbsp;&amp;nbsp;&amp;nbsp;&amp;nbsp;&amp;nbsp;&amp;nbsp;&amp;nbsp;&amp;nbsp;&amp;nbsp;&lt;/span&gt;&lt;span style="color: var(--highlight-default)"&gt;$this&lt;/span&gt;&lt;span style="color: var(--highlight-keyword)"&gt;-&amp;gt;{&lt;/span&gt;&lt;span style="color: var(--highlight-default)"&gt;$method&lt;/span&gt;&lt;span style="color: var(--highlight-keyword)"&gt;}();&lt;/span&gt;&lt;/code&gt;&lt;/li&gt;\n
&lt;li&gt;&lt;code&gt;&lt;span style="color: var(--highlight-keyword)"&gt;&amp;nbsp;&amp;nbsp;&amp;nbsp;&amp;nbsp;&amp;nbsp;&amp;nbsp;&amp;nbsp;&amp;nbsp;&amp;nbsp;&amp;nbsp;&amp;nbsp;&amp;nbsp;}&lt;/span&gt;&lt;/code&gt;&lt;/li&gt;\n
&lt;li&gt;&lt;code&gt;&lt;span style="color: var(--highlight-keyword)"&gt;&lt;/span&gt;&lt;/code&gt;&lt;/li&gt;\n
&lt;li class="selected"&gt;&lt;code&gt;&lt;span style="color: var(--highlight-keyword)"&gt;&amp;nbsp;&amp;nbsp;&amp;nbsp;&amp;nbsp;&amp;nbsp;&amp;nbsp;&amp;nbsp;&amp;nbsp;&amp;nbsp;&amp;nbsp;&amp;nbsp;&amp;nbsp;&lt;/span&gt;&lt;span style="color: var(--highlight-default)"&gt;$this&lt;/span&gt;&lt;span style="color: var(--highlight-keyword)"&gt;-&amp;gt;&lt;/span&gt;&lt;span style="color: var(--highlight-default)"&gt;testResult&amp;nbsp;&lt;/span&gt;&lt;span style="color: var(--highlight-keyword)"&gt;=&amp;nbsp;&lt;/span&gt;&lt;span style="color: var(--highlight-default)"&gt;$this&lt;/span&gt;&lt;span style="color: var(--highlight-keyword)"&gt;-&amp;gt;&lt;/span&gt;&lt;span style="color: var(--highlight-default)"&gt;runTest&lt;/span&gt;&lt;span style="color: var(--highlight-keyword)"&gt;();&lt;/span&gt;&lt;/code&gt;&lt;/li&gt;\n
&lt;li&gt;&lt;code&gt;&lt;span style="color: var(--highlight-keyword)"&gt;&amp;nbsp;&amp;nbsp;&amp;nbsp;&amp;nbsp;&amp;nbsp;&amp;nbsp;&amp;nbsp;&amp;nbsp;&amp;nbsp;&amp;nbsp;&amp;nbsp;&amp;nbsp;&lt;/span&gt;&lt;span style="color: var(--highlight-default)"&gt;$this&lt;/span&gt;&lt;span style="color: var(--highlight-keyword)"&gt;-&amp;gt;&lt;/span&gt;&lt;span style="color: var(--highlight-default)"&gt;verifyMockObjects&lt;/span&gt;&lt;span style="color: var(--highlight-keyword)"&gt;();&lt;/span&gt;&lt;/code&gt;&lt;/li&gt;\n
&lt;li&gt;&lt;code&gt;&lt;span style="color: var(--highlight-keyword)"&gt;&lt;/span&gt;&lt;/code&gt;&lt;/li&gt;\n
&lt;li&gt;&lt;code&gt;&lt;span style="color: var(--highlight-keyword)"&gt;&amp;nbsp;&amp;nbsp;&amp;nbsp;&amp;nbsp;&amp;nbsp;&amp;nbsp;&amp;nbsp;&amp;nbsp;&amp;nbsp;&amp;nbsp;&amp;nbsp;&amp;nbsp;foreach&amp;nbsp;(&lt;/span&gt;&lt;span style="color: var(--highlight-default)"&gt;$hookMethods&lt;/span&gt;&lt;span style="color: var(--highlight-keyword)"&gt;[&lt;/span&gt;&lt;span style="color: var(--highlight-string)"&gt;'postCondition'&lt;/span&gt;&lt;span style="color: var(--highlight-keyword)"&gt;]&amp;nbsp;as&amp;nbsp;&lt;/span&gt;&lt;span style="color: var(--highlight-default)"&gt;$method&lt;/span&gt;&lt;span style="color: var(--highlight-keyword)"&gt;)&amp;nbsp;{&lt;/span&gt;&lt;/code&gt;&lt;/li&gt;\n
&lt;li&gt;&lt;code&gt;&lt;span style="color: var(--highlight-keyword)"&gt;&amp;nbsp;&amp;nbsp;&amp;nbsp;&amp;nbsp;&amp;nbsp;&amp;nbsp;&amp;nbsp;&amp;nbsp;&amp;nbsp;&amp;nbsp;&amp;nbsp;&amp;nbsp;&amp;nbsp;&amp;nbsp;&amp;nbsp;&amp;nbsp;&lt;/span&gt;&lt;span style="color: var(--highlight-default)"&gt;$this&lt;/span&gt;&lt;span style="color: var(--highlight-keyword)"&gt;-&amp;gt;{&lt;/span&gt;&lt;span style="color: var(--highlight-default)"&gt;$method&lt;/span&gt;&lt;span style="color: var(--highlight-keyword)"&gt;}();&lt;/span&gt;&lt;/code&gt;&lt;/li&gt;\n
&lt;li&gt;&lt;code&gt;&lt;span style="color: var(--highlight-keyword)"&gt;&amp;nbsp;&amp;nbsp;&amp;nbsp;&amp;nbsp;&amp;nbsp;&amp;nbsp;&amp;nbsp;&amp;nbsp;&amp;nbsp;&amp;nbsp;&amp;nbsp;&amp;nbsp;}&lt;/span&gt;&lt;/code&gt;&lt;/li&gt;&lt;/ol&gt;    &lt;/div&gt;            &lt;/div&gt;\n
                        &lt;div class="trace-line "&gt;\n
                &lt;div class="trace-line-header break-long-words sf-toggle" data-toggle-selector="#trace-html-1-24" data-toggle-initial=""&gt;\n
            &lt;span class="icon icon-close"&gt;&lt;svg width="1792" height="1792" viewBox="0 0 1792 1792" xmlns="http://www.w3.org/2000/svg"&gt;&lt;path d="M1408 960V832q0-26-19-45t-45-19H448q-26 0-45 19t-19 45v128q0 26 19 45t45 19h896q26 0 45-19t19-45zm256-544v960q0 119-84.5 203.5T1376 1664H416q-119 0-203.5-84.5T128 1376V416q0-119 84.5-203.5T416 128h960q119 0 203.5 84.5T1664 416z"/&gt;&lt;/svg&gt;&lt;/span&gt;\n
        &lt;span class="icon icon-open"&gt;&lt;svg width="1792" height="1792" viewBox="0 0 1792 1792" xmlns="http://www.w3.org/2000/svg"&gt;&lt;path d="M1408 960V832q0-26-19-45t-45-19h-320V448q0-26-19-45t-45-19H832q-26 0-45 19t-19 45v320H448q-26 0-45 19t-19 45v128q0 26 19 45t45 19h320v320q0 26 19 45t45 19h128q26 0 45-19t19-45v-320h320q26 0 45-19t19-45zm256-544v960q0 119-84.5 203.5T1376 1664H416q-119 0-203.5-84.5T128 1376V416q0-119 84.5-203.5T416 128h960q119 0 203.5 84.5T1664 416z"/&gt;&lt;/svg&gt;&lt;/span&gt;\n
    \n
            &lt;span class="trace-class"&gt;&lt;abbr title="PHPUnit\Framework\TestCase"&gt;TestCase&lt;/abbr&gt;&lt;/span&gt;&lt;span class="trace-type"&gt;-&gt;&lt;/span&gt;&lt;span class="trace-method"&gt;runBare&lt;/span&gt;&lt;span class="trace-arguments"&gt;()&lt;/span&gt;    \n
                    &lt;span class="block trace-file-path"&gt;\n
            in\n
            &lt;a href="file://C:\Users\sliti\Desktop\dev\esprit-PIDEV-3A16-2526-FARMIA\vendor\phpunit\phpunit\src\Framework\TestResult.php#L729"&gt;\n
                C:\Users\sliti\Desktop\dev\esprit-PIDEV-3A16-2526-FARMIA\vendor\phpunit\phpunit\src\Framework\&lt;strong&gt;TestResult.php&lt;/strong&gt;\n
            &lt;/a&gt;\n
                        (line 729)\n
            &lt;span class="icon icon-copy hidden" data-clipboard-text="C:\Users\sliti\Desktop\dev\esprit-PIDEV-3A16-2526-FARMIA\vendor\phpunit\phpunit\src\Framework\TestResult.php:729"&gt;\n
                &lt;svg xmlns="http://www.w3.org/2000/svg" height="24" viewBox="0 0 24 24" width="24"&gt;&lt;path d="M0 0h24v24H0z" fill="none"/&gt;&lt;path d="M16 1H4c-1.1 0-2 .9-2 2v14h2V3h12V1zm3 4H8c-1.1 0-2 .9-2 2v14c0 1.1.9 2 2 2h11c1.1 0 2-.9 2-2V7c0-1.1-.9-2-2-2zm0 16H8V7h11v14z"/&gt;&lt;/svg&gt;            &lt;/span&gt;\n
        &lt;/span&gt;\n
    &lt;/div&gt;\n
    &lt;div id="trace-html-1-24" class="trace-code sf-toggle-content"&gt;\n
        &lt;ol start="724"&gt;&lt;li&gt;&lt;code&gt;&lt;span style="color: var(--highlight-keyword)"&gt;&amp;nbsp;&amp;nbsp;&amp;nbsp;&amp;nbsp;&amp;nbsp;&amp;nbsp;&amp;nbsp;&amp;nbsp;&amp;nbsp;&amp;nbsp;&amp;nbsp;&amp;nbsp;&amp;nbsp;&amp;nbsp;&amp;nbsp;&amp;nbsp;&amp;nbsp;&amp;nbsp;&amp;nbsp;&amp;nbsp;&amp;nbsp;&amp;nbsp;&amp;nbsp;&amp;nbsp;&lt;/span&gt;&lt;span style="color: var(--highlight-default)"&gt;$_timeout&amp;nbsp;&lt;/span&gt;&lt;span style="color: var(--highlight-keyword)"&gt;=&amp;nbsp;&lt;/span&gt;&lt;span style="color: var(--highlight-default)"&gt;$this&lt;/span&gt;&lt;span style="color: var(--highlight-keyword)"&gt;-&amp;gt;&lt;/span&gt;&lt;span style="color: var(--highlight-default)"&gt;defaultTimeLimit&lt;/span&gt;&lt;span style="color: var(--highlight-keyword)"&gt;;&lt;/span&gt;&lt;/code&gt;&lt;/li&gt;\n
&lt;li&gt;&lt;code&gt;&lt;span style="color: var(--highlight-keyword)"&gt;&amp;nbsp;&amp;nbsp;&amp;nbsp;&amp;nbsp;&amp;nbsp;&amp;nbsp;&amp;nbsp;&amp;nbsp;&amp;nbsp;&amp;nbsp;&amp;nbsp;&amp;nbsp;&amp;nbsp;&amp;nbsp;&amp;nbsp;&amp;nbsp;}&lt;/span&gt;&lt;/code&gt;&lt;/li&gt;\n
&lt;li&gt;&lt;code&gt;&lt;span style="color: var(--highlight-keyword)"&gt;&lt;/span&gt;&lt;/code&gt;&lt;/li&gt;\n
&lt;li&gt;&lt;code&gt;&lt;span style="color: var(--highlight-keyword)"&gt;&amp;nbsp;&amp;nbsp;&amp;nbsp;&amp;nbsp;&amp;nbsp;&amp;nbsp;&amp;nbsp;&amp;nbsp;&amp;nbsp;&amp;nbsp;&amp;nbsp;&amp;nbsp;&amp;nbsp;&amp;nbsp;&amp;nbsp;&amp;nbsp;&lt;/span&gt;&lt;span style="color: var(--highlight-default)"&gt;$invoker&lt;/span&gt;&lt;span style="color: var(--highlight-keyword)"&gt;-&amp;gt;&lt;/span&gt;&lt;span style="color: var(--highlight-default)"&gt;invoke&lt;/span&gt;&lt;span style="color: var(--highlight-keyword)"&gt;([&lt;/span&gt;&lt;span style="color: var(--highlight-default)"&gt;$test&lt;/span&gt;&lt;span style="color: var(--highlight-keyword)"&gt;,&amp;nbsp;&lt;/span&gt;&lt;span style="color: var(--highlight-string)"&gt;'runBare'&lt;/span&gt;&lt;span style="color: var(--highlight-keyword)"&gt;],&amp;nbsp;[],&amp;nbsp;&lt;/span&gt;&lt;span style="color: var(--highlight-default)"&gt;$_timeout&lt;/span&gt;&lt;span style="color: var(--highlight-keyword)"&gt;);&lt;/span&gt;&lt;/code&gt;&lt;/li&gt;\n
&lt;li&gt;&lt;code&gt;&lt;span style="color: var(--highlight-keyword)"&gt;&amp;nbsp;&amp;nbsp;&amp;nbsp;&amp;nbsp;&amp;nbsp;&amp;nbsp;&amp;nbsp;&amp;nbsp;&amp;nbsp;&amp;nbsp;&amp;nbsp;&amp;nbsp;}&amp;nbsp;else&amp;nbsp;{&lt;/span&gt;&lt;/code&gt;&lt;/li&gt;\n
&lt;li class="selected"&gt;&lt;code&gt;&lt;span style="color: var(--highlight-keyword)"&gt;&amp;nbsp;&amp;nbsp;&amp;nbsp;&amp;nbsp;&amp;nbsp;&amp;nbsp;&amp;nbsp;&amp;nbsp;&amp;nbsp;&amp;nbsp;&amp;nbsp;&amp;nbsp;&amp;nbsp;&amp;nbsp;&amp;nbsp;&amp;nbsp;&lt;/span&gt;&lt;span style="color: var(--highlight-default)"&gt;$test&lt;/span&gt;&lt;span style="color: var(--highlight-keyword)"&gt;-&amp;gt;&lt;/span&gt;&lt;span style="color: var(--highlight-default)"&gt;runBare&lt;/span&gt;&lt;span style="color: var(--highlight-keyword)"&gt;();&lt;/span&gt;&lt;/code&gt;&lt;/li&gt;\n
&lt;li&gt;&lt;code&gt;&lt;span style="color: var(--highlight-keyword)"&gt;&amp;nbsp;&amp;nbsp;&amp;nbsp;&amp;nbsp;&amp;nbsp;&amp;nbsp;&amp;nbsp;&amp;nbsp;&amp;nbsp;&amp;nbsp;&amp;nbsp;&amp;nbsp;}&lt;/span&gt;&lt;/code&gt;&lt;/li&gt;\n
&lt;li&gt;&lt;code&gt;&lt;span style="color: var(--highlight-keyword)"&gt;&amp;nbsp;&amp;nbsp;&amp;nbsp;&amp;nbsp;&amp;nbsp;&amp;nbsp;&amp;nbsp;&amp;nbsp;}&amp;nbsp;catch&amp;nbsp;(&lt;/span&gt;&lt;span style="color: var(--highlight-default)"&gt;TimeoutException&amp;nbsp;$e&lt;/span&gt;&lt;span style="color: var(--highlight-keyword)"&gt;)&amp;nbsp;{&lt;/span&gt;&lt;/code&gt;&lt;/li&gt;\n
&lt;li&gt;&lt;code&gt;&lt;span style="color: var(--highlight-keyword)"&gt;&amp;nbsp;&amp;nbsp;&amp;nbsp;&amp;nbsp;&amp;nbsp;&amp;nbsp;&amp;nbsp;&amp;nbsp;&amp;nbsp;&amp;nbsp;&amp;nbsp;&amp;nbsp;&lt;/span&gt;&lt;span style="color: var(--highlight-default)"&gt;$this&lt;/span&gt;&lt;span style="color: var(--highlight-keyword)"&gt;-&amp;gt;&lt;/span&gt;&lt;span style="color: var(--highlight-default)"&gt;addFailure&lt;/span&gt;&lt;span style="color: var(--highlight-keyword)"&gt;(&lt;/span&gt;&lt;/code&gt;&lt;/li&gt;\n
&lt;li&gt;&lt;code&gt;&lt;span style="color: var(--highlight-keyword)"&gt;&amp;nbsp;&amp;nbsp;&amp;nbsp;&amp;nbsp;&amp;nbsp;&amp;nbsp;&amp;nbsp;&amp;nbsp;&amp;nbsp;&amp;nbsp;&amp;nbsp;&amp;nbsp;&amp;nbsp;&amp;nbsp;&amp;nbsp;&amp;nbsp;&lt;/span&gt;&lt;span style="color: var(--highlight-default)"&gt;$test&lt;/span&gt;&lt;span style="color: var(--highlight-keyword)"&gt;,&lt;/span&gt;&lt;/code&gt;&lt;/li&gt;\n
&lt;li&gt;&lt;code&gt;&lt;span style="color: var(--highlight-keyword)"&gt;&amp;nbsp;&amp;nbsp;&amp;nbsp;&amp;nbsp;&amp;nbsp;&amp;nbsp;&amp;nbsp;&amp;nbsp;&amp;nbsp;&amp;nbsp;&amp;nbsp;&amp;nbsp;&amp;nbsp;&amp;nbsp;&amp;nbsp;&amp;nbsp;new&amp;nbsp;&lt;/span&gt;&lt;span style="color: var(--highlight-default)"&gt;RiskyTestError&lt;/span&gt;&lt;span style="color: var(--highlight-keyword)"&gt;(&lt;/span&gt;&lt;/code&gt;&lt;/li&gt;&lt;/ol&gt;    &lt;/div&gt;            &lt;/div&gt;\n
                        &lt;div class="trace-line "&gt;\n
                &lt;div class="trace-line-header break-long-words sf-toggle" data-toggle-selector="#trace-html-1-25" data-toggle-initial=""&gt;\n
            &lt;span class="icon icon-close"&gt;&lt;svg width="1792" height="1792" viewBox="0 0 1792 1792" xmlns="http://www.w3.org/2000/svg"&gt;&lt;path d="M1408 960V832q0-26-19-45t-45-19H448q-26 0-45 19t-19 45v128q0 26 19 45t45 19h896q26 0 45-19t19-45zm256-544v960q0 119-84.5 203.5T1376 1664H416q-119 0-203.5-84.5T128 1376V416q0-119 84.5-203.5T416 128h960q119 0 203.5 84.5T1664 416z"/&gt;&lt;/svg&gt;&lt;/span&gt;\n
        &lt;span class="icon icon-open"&gt;&lt;svg width="1792" height="1792" viewBox="0 0 1792 1792" xmlns="http://www.w3.org/2000/svg"&gt;&lt;path d="M1408 960V832q0-26-19-45t-45-19h-320V448q0-26-19-45t-45-19H832q-26 0-45 19t-19 45v320H448q-26 0-45 19t-19 45v128q0 26 19 45t45 19h320v320q0 26 19 45t45 19h128q26 0 45-19t19-45v-320h320q26 0 45-19t19-45zm256-544v960q0 119-84.5 203.5T1376 1664H416q-119 0-203.5-84.5T128 1376V416q0-119 84.5-203.5T416 128h960q119 0 203.5 84.5T1664 416z"/&gt;&lt;/svg&gt;&lt;/span&gt;\n
    \n
            &lt;span class="trace-class"&gt;&lt;abbr title="PHPUnit\Framework\TestResult"&gt;TestResult&lt;/abbr&gt;&lt;/span&gt;&lt;span class="trace-type"&gt;-&gt;&lt;/span&gt;&lt;span class="trace-method"&gt;run&lt;/span&gt;&lt;span class="trace-arguments"&gt;(&lt;em&gt;object&lt;/em&gt;(&lt;abbr title="App\Tests\Functional\SecurityTest"&gt;SecurityTest&lt;/abbr&gt;))&lt;/span&gt;    \n
                    &lt;span class="block trace-file-path"&gt;\n
            in\n
            &lt;a href="file://C:\Users\sliti\Desktop\dev\esprit-PIDEV-3A16-2526-FARMIA\vendor\phpunit\phpunit\src\Framework\TestCase.php#L973"&gt;\n
                C:\Users\sliti\Desktop\dev\esprit-PIDEV-3A16-2526-FARMIA\vendor\phpunit\phpunit\src\Framework\&lt;strong&gt;TestCase.php&lt;/strong&gt;\n
            &lt;/a&gt;\n
                        (line 973)\n
            &lt;span class="icon icon-copy hidden" data-clipboard-text="C:\Users\sliti\Desktop\dev\esprit-PIDEV-3A16-2526-FARMIA\vendor\phpunit\phpunit\src\Framework\TestCase.php:973"&gt;\n
                &lt;svg xmlns="http://www.w3.org/2000/svg" height="24" viewBox="0 0 24 24" width="24"&gt;&lt;path d="M0 0h24v24H0z" fill="none"/&gt;&lt;path d="M16 1H4c-1.1 0-2 .9-2 2v14h2V3h12V1zm3 4H8c-1.1 0-2 .9-2 2v14c0 1.1.9 2 2 2h11c1.1 0 2-.9 2-2V7c0-1.1-.9-2-2-2zm0 16H8V7h11v14z"/&gt;&lt;/svg&gt;            &lt;/span&gt;\n
        &lt;/span&gt;\n
    &lt;/div&gt;\n
    &lt;div id="trace-html-1-25" class="trace-code sf-toggle-content"&gt;\n
        &lt;ol start="968"&gt;&lt;li&gt;&lt;code&gt;&lt;span style="color: var(--highlight-keyword)"&gt;&amp;nbsp;&amp;nbsp;&amp;nbsp;&amp;nbsp;&amp;nbsp;&amp;nbsp;&amp;nbsp;&amp;nbsp;&amp;nbsp;&amp;nbsp;&amp;nbsp;&amp;nbsp;&lt;/span&gt;&lt;span style="color: var(--highlight-default)"&gt;$template&lt;/span&gt;&lt;span style="color: var(--highlight-keyword)"&gt;-&amp;gt;&lt;/span&gt;&lt;span style="color: var(--highlight-default)"&gt;setVar&lt;/span&gt;&lt;span style="color: var(--highlight-keyword)"&gt;(&lt;/span&gt;&lt;span style="color: var(--highlight-default)"&gt;$var&lt;/span&gt;&lt;span style="color: var(--highlight-keyword)"&gt;);&lt;/span&gt;&lt;/code&gt;&lt;/li&gt;\n
&lt;li&gt;&lt;code&gt;&lt;span style="color: var(--highlight-keyword)"&gt;&lt;/span&gt;&lt;/code&gt;&lt;/li&gt;\n
&lt;li&gt;&lt;code&gt;&lt;span style="color: var(--highlight-keyword)"&gt;&amp;nbsp;&amp;nbsp;&amp;nbsp;&amp;nbsp;&amp;nbsp;&amp;nbsp;&amp;nbsp;&amp;nbsp;&amp;nbsp;&amp;nbsp;&amp;nbsp;&amp;nbsp;&lt;/span&gt;&lt;span style="color: var(--highlight-default)"&gt;$php&amp;nbsp;&lt;/span&gt;&lt;span style="color: var(--highlight-keyword)"&gt;=&amp;nbsp;&lt;/span&gt;&lt;span style="color: var(--highlight-default)"&gt;AbstractPhpProcess&lt;/span&gt;&lt;span style="color: var(--highlight-keyword)"&gt;::&lt;/span&gt;&lt;span style="color: var(--highlight-default)"&gt;factory&lt;/span&gt;&lt;span style="color: var(--highlight-keyword)"&gt;();&lt;/span&gt;&lt;/code&gt;&lt;/li&gt;\n
&lt;li&gt;&lt;code&gt;&lt;span style="color: var(--highlight-keyword)"&gt;&amp;nbsp;&amp;nbsp;&amp;nbsp;&amp;nbsp;&amp;nbsp;&amp;nbsp;&amp;nbsp;&amp;nbsp;&amp;nbsp;&amp;nbsp;&amp;nbsp;&amp;nbsp;&lt;/span&gt;&lt;span style="color: var(--highlight-default)"&gt;$php&lt;/span&gt;&lt;span style="color: var(--highlight-keyword)"&gt;-&amp;gt;&lt;/span&gt;&lt;span style="color: var(--highlight-default)"&gt;runTestJob&lt;/span&gt;&lt;span style="color: var(--highlight-keyword)"&gt;(&lt;/span&gt;&lt;span style="color: var(--highlight-default)"&gt;$template&lt;/span&gt;&lt;span style="color: var(--highlight-keyword)"&gt;-&amp;gt;&lt;/span&gt;&lt;span style="color: var(--highlight-default)"&gt;render&lt;/span&gt;&lt;span style="color: var(--highlight-keyword)"&gt;(),&amp;nbsp;&lt;/span&gt;&lt;span style="color: var(--highlight-default)"&gt;$this&lt;/span&gt;&lt;span style="color: var(--highlight-keyword)"&gt;,&amp;nbsp;&lt;/span&gt;&lt;span style="color: var(--highlight-default)"&gt;$result&lt;/span&gt;&lt;span style="color: var(--highlight-keyword)"&gt;,&amp;nbsp;&lt;/span&gt;&lt;span style="color: var(--highlight-default)"&gt;$processResultFile&lt;/span&gt;&lt;span style="color: var(--highlight-keyword)"&gt;);&lt;/span&gt;&lt;/code&gt;&lt;/li&gt;\n
&lt;li&gt;&lt;code&gt;&lt;span style="color: var(--highlight-keyword)"&gt;&amp;nbsp;&amp;nbsp;&amp;nbsp;&amp;nbsp;&amp;nbsp;&amp;nbsp;&amp;nbsp;&amp;nbsp;}&amp;nbsp;else&amp;nbsp;{&lt;/span&gt;&lt;/code&gt;&lt;/li&gt;\n
&lt;li class="selected"&gt;&lt;code&gt;&lt;span style="color: var(--highlight-keyword)"&gt;&amp;nbsp;&amp;nbsp;&amp;nbsp;&amp;nbsp;&amp;nbsp;&amp;nbsp;&amp;nbsp;&amp;nbsp;&amp;nbsp;&amp;nbsp;&amp;nbsp;&amp;nbsp;&lt;/span&gt;&lt;span style="color: var(--highlight-default)"&gt;$result&lt;/span&gt;&lt;span style="color: var(--highlight-keyword)"&gt;-&amp;gt;&lt;/span&gt;&lt;span style="color: var(--highlight-default)"&gt;run&lt;/span&gt;&lt;span style="color: var(--highlight-keyword)"&gt;(&lt;/span&gt;&lt;span style="color: var(--highlight-default)"&gt;$this&lt;/span&gt;&lt;span style="color: var(--highlight-keyword)"&gt;);&lt;/span&gt;&lt;/code&gt;&lt;/li&gt;\n
&lt;li&gt;&lt;code&gt;&lt;span style="color: var(--highlight-keyword)"&gt;&amp;nbsp;&amp;nbsp;&amp;nbsp;&amp;nbsp;&amp;nbsp;&amp;nbsp;&amp;nbsp;&amp;nbsp;}&lt;/span&gt;&lt;/code&gt;&lt;/li&gt;\n
&lt;li&gt;&lt;code&gt;&lt;span style="color: var(--highlight-keyword)"&gt;&lt;/span&gt;&lt;/code&gt;&lt;/li&gt;\n
&lt;li&gt;&lt;code&gt;&lt;span style="color: var(--highlight-keyword)"&gt;&amp;nbsp;&amp;nbsp;&amp;nbsp;&amp;nbsp;&amp;nbsp;&amp;nbsp;&amp;nbsp;&amp;nbsp;&lt;/span&gt;&lt;span style="color: var(--highlight-default)"&gt;$this&lt;/span&gt;&lt;span style="color: var(--highlight-keyword)"&gt;-&amp;gt;&lt;/span&gt;&lt;span style="color: var(--highlight-default)"&gt;result&amp;nbsp;&lt;/span&gt;&lt;span style="color: var(--highlight-keyword)"&gt;=&amp;nbsp;&lt;/span&gt;&lt;span style="color: var(--highlight-default)"&gt;null&lt;/span&gt;&lt;span style="color: var(--highlight-keyword)"&gt;;&lt;/span&gt;&lt;/code&gt;&lt;/li&gt;\n
&lt;li&gt;&lt;code&gt;&lt;span style="color: var(--highlight-keyword)"&gt;&lt;/span&gt;&lt;/code&gt;&lt;/li&gt;\n
&lt;li&gt;&lt;code&gt;&lt;span style="color: var(--highlight-keyword)"&gt;&amp;nbsp;&amp;nbsp;&amp;nbsp;&amp;nbsp;&amp;nbsp;&amp;nbsp;&amp;nbsp;&amp;nbsp;return&amp;nbsp;&lt;/span&gt;&lt;span style="color: var(--highlight-default)"&gt;$result&lt;/span&gt;&lt;span style="color: var(--highlight-keyword)"&gt;;&lt;/span&gt;&lt;/code&gt;&lt;/li&gt;&lt;/ol&gt;    &lt;/div&gt;            &lt;/div&gt;\n
                        &lt;div class="trace-line "&gt;\n
                &lt;div class="trace-line-header break-long-words sf-toggle" data-toggle-selector="#trace-html-1-26" data-toggle-initial=""&gt;\n
            &lt;span class="icon icon-close"&gt;&lt;svg width="1792" height="1792" viewBox="0 0 1792 1792" xmlns="http://www.w3.org/2000/svg"&gt;&lt;path d="M1408 960V832q0-26-19-45t-45-19H448q-26 0-45 19t-19 45v128q0 26 19 45t45 19h896q26 0 45-19t19-45zm256-544v960q0 119-84.5 203.5T1376 1664H416q-119 0-203.5-84.5T128 1376V416q0-119 84.5-203.5T416 128h960q119 0 203.5 84.5T1664 416z"/&gt;&lt;/svg&gt;&lt;/span&gt;\n
        &lt;span class="icon icon-open"&gt;&lt;svg width="1792" height="1792" viewBox="0 0 1792 1792" xmlns="http://www.w3.org/2000/svg"&gt;&lt;path d="M1408 960V832q0-26-19-45t-45-19h-320V448q0-26-19-45t-45-19H832q-26 0-45 19t-19 45v320H448q-26 0-45 19t-19 45v128q0 26 19 45t45 19h320v320q0 26 19 45t45 19h128q26 0 45-19t19-45v-320h320q26 0 45-19t19-45zm256-544v960q0 119-84.5 203.5T1376 1664H416q-119 0-203.5-84.5T128 1376V416q0-119 84.5-203.5T416 128h960q119 0 203.5 84.5T1664 416z"/&gt;&lt;/svg&gt;&lt;/span&gt;\n
    \n
            &lt;span class="trace-class"&gt;&lt;abbr title="PHPUnit\Framework\TestCase"&gt;TestCase&lt;/abbr&gt;&lt;/span&gt;&lt;span class="trace-type"&gt;-&gt;&lt;/span&gt;&lt;span class="trace-method"&gt;run&lt;/span&gt;&lt;span class="trace-arguments"&gt;(&lt;em&gt;object&lt;/em&gt;(&lt;abbr title="PHPUnit\Framework\TestResult"&gt;TestResult&lt;/abbr&gt;))&lt;/span&gt;    \n
                    &lt;span class="block trace-file-path"&gt;\n
            in\n
            &lt;a href="file://C:\Users\sliti\Desktop\dev\esprit-PIDEV-3A16-2526-FARMIA\vendor\phpunit\phpunit\src\Framework\TestSuite.php#L685"&gt;\n
                C:\Users\sliti\Desktop\dev\esprit-PIDEV-3A16-2526-FARMIA\vendor\phpunit\phpunit\src\Framework\&lt;strong&gt;TestSuite.php&lt;/strong&gt;\n
            &lt;/a&gt;\n
                        (line 685)\n
            &lt;span class="icon icon-copy hidden" data-clipboard-text="C:\Users\sliti\Desktop\dev\esprit-PIDEV-3A16-2526-FARMIA\vendor\phpunit\phpunit\src\Framework\TestSuite.php:685"&gt;\n
                &lt;svg xmlns="http://www.w3.org/2000/svg" height="24" viewBox="0 0 24 24" width="24"&gt;&lt;path d="M0 0h24v24H0z" fill="none"/&gt;&lt;path d="M16 1H4c-1.1 0-2 .9-2 2v14h2V3h12V1zm3 4H8c-1.1 0-2 .9-2 2v14c0 1.1.9 2 2 2h11c1.1 0 2-.9 2-2V7c0-1.1-.9-2-2-2zm0 16H8V7h11v14z"/&gt;&lt;/svg&gt;            &lt;/span&gt;\n
        &lt;/span&gt;\n
    &lt;/div&gt;\n
    &lt;div id="trace-html-1-26" class="trace-code sf-toggle-content"&gt;\n
        &lt;ol start="680"&gt;&lt;li&gt;&lt;code&gt;&lt;span style="color: var(--highlight-keyword)"&gt;&amp;nbsp;&amp;nbsp;&amp;nbsp;&amp;nbsp;&amp;nbsp;&amp;nbsp;&amp;nbsp;&amp;nbsp;&amp;nbsp;&amp;nbsp;&amp;nbsp;&amp;nbsp;&amp;nbsp;&amp;nbsp;&amp;nbsp;&amp;nbsp;&lt;/span&gt;&lt;span style="color: var(--highlight-default)"&gt;$test&lt;/span&gt;&lt;span style="color: var(--highlight-keyword)"&gt;-&amp;gt;&lt;/span&gt;&lt;span style="color: var(--highlight-default)"&gt;setBackupGlobals&lt;/span&gt;&lt;span style="color: var(--highlight-keyword)"&gt;(&lt;/span&gt;&lt;span style="color: var(--highlight-default)"&gt;$this&lt;/span&gt;&lt;span style="color: var(--highlight-keyword)"&gt;-&amp;gt;&lt;/span&gt;&lt;span style="color: var(--highlight-default)"&gt;backupGlobals&lt;/span&gt;&lt;span style="color: var(--highlight-keyword)"&gt;);&lt;/span&gt;&lt;/code&gt;&lt;/li&gt;\n
&lt;li&gt;&lt;code&gt;&lt;span style="color: var(--highlight-keyword)"&gt;&amp;nbsp;&amp;nbsp;&amp;nbsp;&amp;nbsp;&amp;nbsp;&amp;nbsp;&amp;nbsp;&amp;nbsp;&amp;nbsp;&amp;nbsp;&amp;nbsp;&amp;nbsp;&amp;nbsp;&amp;nbsp;&amp;nbsp;&amp;nbsp;&lt;/span&gt;&lt;span style="color: var(--highlight-default)"&gt;$test&lt;/span&gt;&lt;span style="color: var(--highlight-keyword)"&gt;-&amp;gt;&lt;/span&gt;&lt;span style="color: var(--highlight-default)"&gt;setBackupStaticAttributes&lt;/span&gt;&lt;span style="color: var(--highlight-keyword)"&gt;(&lt;/span&gt;&lt;span style="color: var(--highlight-default)"&gt;$this&lt;/span&gt;&lt;span style="color: var(--highlight-keyword)"&gt;-&amp;gt;&lt;/span&gt;&lt;span style="color: var(--highlight-default)"&gt;backupStaticAttributes&lt;/span&gt;&lt;span style="color: var(--highlight-keyword)"&gt;);&lt;/span&gt;&lt;/code&gt;&lt;/li&gt;\n
&lt;li&gt;&lt;code&gt;&lt;span style="color: var(--highlight-keyword)"&gt;&amp;nbsp;&amp;nbsp;&amp;nbsp;&amp;nbsp;&amp;nbsp;&amp;nbsp;&amp;nbsp;&amp;nbsp;&amp;nbsp;&amp;nbsp;&amp;nbsp;&amp;nbsp;&amp;nbsp;&amp;nbsp;&amp;nbsp;&amp;nbsp;&lt;/span&gt;&lt;span style="color: var(--highlight-default)"&gt;$test&lt;/span&gt;&lt;span style="color: var(--highlight-keyword)"&gt;-&amp;gt;&lt;/span&gt;&lt;span style="color: var(--highlight-default)"&gt;setRunTestInSeparateProcess&lt;/span&gt;&lt;span style="color: var(--highlight-keyword)"&gt;(&lt;/span&gt;&lt;span style="color: var(--highlight-default)"&gt;$this&lt;/span&gt;&lt;span style="color: var(--highlight-keyword)"&gt;-&amp;gt;&lt;/span&gt;&lt;span style="color: var(--highlight-default)"&gt;runTestInSeparateProcess&lt;/span&gt;&lt;span style="color: var(--highlight-keyword)"&gt;);&lt;/span&gt;&lt;/code&gt;&lt;/li&gt;\n
&lt;li&gt;&lt;code&gt;&lt;span style="color: var(--highlight-keyword)"&gt;&amp;nbsp;&amp;nbsp;&amp;nbsp;&amp;nbsp;&amp;nbsp;&amp;nbsp;&amp;nbsp;&amp;nbsp;&amp;nbsp;&amp;nbsp;&amp;nbsp;&amp;nbsp;}&lt;/span&gt;&lt;/code&gt;&lt;/li&gt;\n
&lt;li&gt;&lt;code&gt;&lt;span style="color: var(--highlight-keyword)"&gt;&lt;/span&gt;&lt;/code&gt;&lt;/li&gt;\n
&lt;li class="selected"&gt;&lt;code&gt;&lt;span style="color: var(--highlight-keyword)"&gt;&amp;nbsp;&amp;nbsp;&amp;nbsp;&amp;nbsp;&amp;nbsp;&amp;nbsp;&amp;nbsp;&amp;nbsp;&amp;nbsp;&amp;nbsp;&amp;nbsp;&amp;nbsp;&lt;/span&gt;&lt;span style="color: var(--highlight-default)"&gt;$test&lt;/span&gt;&lt;span style="color: var(--highlight-keyword)"&gt;-&amp;gt;&lt;/span&gt;&lt;span style="color: var(--highlight-default)"&gt;run&lt;/span&gt;&lt;span style="color: var(--highlight-keyword)"&gt;(&lt;/span&gt;&lt;span style="color: var(--highlight-default)"&gt;$result&lt;/span&gt;&lt;span style="color: var(--highlight-keyword)"&gt;);&lt;/span&gt;&lt;/code&gt;&lt;/li&gt;\n
&lt;li&gt;&lt;code&gt;&lt;span style="color: var(--highlight-keyword)"&gt;&amp;nbsp;&amp;nbsp;&amp;nbsp;&amp;nbsp;&amp;nbsp;&amp;nbsp;&amp;nbsp;&amp;nbsp;}&lt;/span&gt;&lt;/code&gt;&lt;/li&gt;\n
&lt;li&gt;&lt;code&gt;&lt;span style="color: var(--highlight-keyword)"&gt;&lt;/span&gt;&lt;/code&gt;&lt;/li&gt;\n
&lt;li&gt;&lt;code&gt;&lt;span style="color: var(--highlight-keyword)"&gt;&amp;nbsp;&amp;nbsp;&amp;nbsp;&amp;nbsp;&amp;nbsp;&amp;nbsp;&amp;nbsp;&amp;nbsp;if&amp;nbsp;(&lt;/span&gt;&lt;span style="color: var(--highlight-default)"&gt;$this&lt;/span&gt;&lt;span style="color: var(--highlight-keyword)"&gt;-&amp;gt;&lt;/span&gt;&lt;span style="color: var(--highlight-default)"&gt;testCase&amp;nbsp;&lt;/span&gt;&lt;span style="color: var(--highlight-keyword)"&gt;&amp;amp;&amp;amp;&amp;nbsp;&lt;/span&gt;&lt;span style="color: var(--highlight-default)"&gt;class_exists&lt;/span&gt;&lt;span style="color: var(--highlight-keyword)"&gt;(&lt;/span&gt;&lt;span style="color: var(--highlight-default)"&gt;$this&lt;/span&gt;&lt;span style="color: var(--highlight-keyword)"&gt;-&amp;gt;&lt;/span&gt;&lt;span style="color: var(--highlight-default)"&gt;name&lt;/span&gt;&lt;span style="color: var(--highlight-keyword)"&gt;,&amp;nbsp;&lt;/span&gt;&lt;span style="color: var(--highlight-default)"&gt;false&lt;/span&gt;&lt;span style="color: var(--highlight-keyword)"&gt;))&amp;nbsp;{&lt;/span&gt;&lt;/code&gt;&lt;/li&gt;\n
&lt;li&gt;&lt;code&gt;&lt;span style="color: var(--highlight-keyword)"&gt;&amp;nbsp;&amp;nbsp;&amp;nbsp;&amp;nbsp;&amp;nbsp;&amp;nbsp;&amp;nbsp;&amp;nbsp;&amp;nbsp;&amp;nbsp;&amp;nbsp;&amp;nbsp;foreach&amp;nbsp;(&lt;/span&gt;&lt;span style="color: var(--highlight-default)"&gt;$hookMethods&lt;/span&gt;&lt;span style="color: var(--highlight-keyword)"&gt;[&lt;/span&gt;&lt;span style="color: var(--highlight-string)"&gt;'afterClass'&lt;/span&gt;&lt;span style="color: var(--highlight-keyword)"&gt;]&amp;nbsp;as&amp;nbsp;&lt;/span&gt;&lt;span style="color: var(--highlight-default)"&gt;$afterClassMethod&lt;/span&gt;&lt;span style="color: var(--highlight-keyword)"&gt;)&amp;nbsp;{&lt;/span&gt;&lt;/code&gt;&lt;/li&gt;\n
&lt;li&gt;&lt;code&gt;&lt;span style="color: var(--highlight-keyword)"&gt;&amp;nbsp;&amp;nbsp;&amp;nbsp;&amp;nbsp;&amp;nbsp;&amp;nbsp;&amp;nbsp;&amp;nbsp;&amp;nbsp;&amp;nbsp;&amp;nbsp;&amp;nbsp;&amp;nbsp;&amp;nbsp;&amp;nbsp;&amp;nbsp;if&amp;nbsp;(&lt;/span&gt;&lt;span style="color: var(--highlight-default)"&gt;method_exists&lt;/span&gt;&lt;span style="color: var(--highlight-keyword)"&gt;(&lt;/span&gt;&lt;span style="color: var(--highlight-default)"&gt;$this&lt;/span&gt;&lt;span style="color: var(--highlight-keyword)"&gt;-&amp;gt;&lt;/span&gt;&lt;span style="color: var(--highlight-default)"&gt;name&lt;/span&gt;&lt;span style="color: var(--highlight-keyword)"&gt;,&amp;nbsp;&lt;/span&gt;&lt;span style="color: var(--highlight-default)"&gt;$afterClassMethod&lt;/span&gt;&lt;span style="color: var(--highlight-keyword)"&gt;))&amp;nbsp;{&lt;/span&gt;&lt;/code&gt;&lt;/li&gt;&lt;/ol&gt;    &lt;/div&gt;            &lt;/div&gt;\n
                        &lt;div class="trace-line "&gt;\n
                &lt;div class="trace-line-header break-long-words sf-toggle" data-toggle-selector="#trace-html-1-27" data-toggle-initial=""&gt;\n
            &lt;span class="icon icon-close"&gt;&lt;svg width="1792" height="1792" viewBox="0 0 1792 1792" xmlns="http://www.w3.org/2000/svg"&gt;&lt;path d="M1408 960V832q0-26-19-45t-45-19H448q-26 0-45 19t-19 45v128q0 26 19 45t45 19h896q26 0 45-19t19-45zm256-544v960q0 119-84.5 203.5T1376 1664H416q-119 0-203.5-84.5T128 1376V416q0-119 84.5-203.5T416 128h960q119 0 203.5 84.5T1664 416z"/&gt;&lt;/svg&gt;&lt;/span&gt;\n
        &lt;span class="icon icon-open"&gt;&lt;svg width="1792" height="1792" viewBox="0 0 1792 1792" xmlns="http://www.w3.org/2000/svg"&gt;&lt;path d="M1408 960V832q0-26-19-45t-45-19h-320V448q0-26-19-45t-45-19H832q-26 0-45 19t-19 45v320H448q-26 0-45 19t-19 45v128q0 26 19 45t45 19h320v320q0 26 19 45t45 19h128q26 0 45-19t19-45v-320h320q26 0 45-19t19-45zm256-544v960q0 119-84.5 203.5T1376 1664H416q-119 0-203.5-84.5T128 1376V416q0-119 84.5-203.5T416 128h960q119 0 203.5 84.5T1664 416z"/&gt;&lt;/svg&gt;&lt;/span&gt;\n
    \n
            &lt;span class="trace-class"&gt;&lt;abbr title="PHPUnit\Framework\TestSuite"&gt;TestSuite&lt;/abbr&gt;&lt;/span&gt;&lt;span class="trace-type"&gt;-&gt;&lt;/span&gt;&lt;span class="trace-method"&gt;run&lt;/span&gt;&lt;span class="trace-arguments"&gt;(&lt;em&gt;object&lt;/em&gt;(&lt;abbr title="PHPUnit\Framework\TestResult"&gt;TestResult&lt;/abbr&gt;))&lt;/span&gt;    \n
                    &lt;span class="block trace-file-path"&gt;\n
            in\n
            &lt;a href="file://C:\Users\sliti\Desktop\dev\esprit-PIDEV-3A16-2526-FARMIA\vendor\phpunit\phpunit\src\Framework\TestSuite.php#L685"&gt;\n
                C:\Users\sliti\Desktop\dev\esprit-PIDEV-3A16-2526-FARMIA\vendor\phpunit\phpunit\src\Framework\&lt;strong&gt;TestSuite.php&lt;/strong&gt;\n
            &lt;/a&gt;\n
                        (line 685)\n
            &lt;span class="icon icon-copy hidden" data-clipboard-text="C:\Users\sliti\Desktop\dev\esprit-PIDEV-3A16-2526-FARMIA\vendor\phpunit\phpunit\src\Framework\TestSuite.php:685"&gt;\n
                &lt;svg xmlns="http://www.w3.org/2000/svg" height="24" viewBox="0 0 24 24" width="24"&gt;&lt;path d="M0 0h24v24H0z" fill="none"/&gt;&lt;path d="M16 1H4c-1.1 0-2 .9-2 2v14h2V3h12V1zm3 4H8c-1.1 0-2 .9-2 2v14c0 1.1.9 2 2 2h11c1.1 0 2-.9 2-2V7c0-1.1-.9-2-2-2zm0 16H8V7h11v14z"/&gt;&lt;/svg&gt;            &lt;/span&gt;\n
        &lt;/span&gt;\n
    &lt;/div&gt;\n
    &lt;div id="trace-html-1-27" class="trace-code sf-toggle-content"&gt;\n
        &lt;ol start="680"&gt;&lt;li&gt;&lt;code&gt;&lt;span style="color: var(--highlight-keyword)"&gt;&amp;nbsp;&amp;nbsp;&amp;nbsp;&amp;nbsp;&amp;nbsp;&amp;nbsp;&amp;nbsp;&amp;nbsp;&amp;nbsp;&amp;nbsp;&amp;nbsp;&amp;nbsp;&amp;nbsp;&amp;nbsp;&amp;nbsp;&amp;nbsp;&lt;/span&gt;&lt;span style="color: var(--highlight-default)"&gt;$test&lt;/span&gt;&lt;span style="color: var(--highlight-keyword)"&gt;-&amp;gt;&lt;/span&gt;&lt;span style="color: var(--highlight-default)"&gt;setBackupGlobals&lt;/span&gt;&lt;span style="color: var(--highlight-keyword)"&gt;(&lt;/span&gt;&lt;span style="color: var(--highlight-default)"&gt;$this&lt;/span&gt;&lt;span style="color: var(--highlight-keyword)"&gt;-&amp;gt;&lt;/span&gt;&lt;span style="color: var(--highlight-default)"&gt;backupGlobals&lt;/span&gt;&lt;span style="color: var(--highlight-keyword)"&gt;);&lt;/span&gt;&lt;/code&gt;&lt;/li&gt;\n
&lt;li&gt;&lt;code&gt;&lt;span style="color: var(--highlight-keyword)"&gt;&amp;nbsp;&amp;nbsp;&amp;nbsp;&amp;nbsp;&amp;nbsp;&amp;nbsp;&amp;nbsp;&amp;nbsp;&amp;nbsp;&amp;nbsp;&amp;nbsp;&amp;nbsp;&amp;nbsp;&amp;nbsp;&amp;nbsp;&amp;nbsp;&lt;/span&gt;&lt;span style="color: var(--highlight-default)"&gt;$test&lt;/span&gt;&lt;span style="color: var(--highlight-keyword)"&gt;-&amp;gt;&lt;/span&gt;&lt;span style="color: var(--highlight-default)"&gt;setBackupStaticAttributes&lt;/span&gt;&lt;span style="color: var(--highlight-keyword)"&gt;(&lt;/span&gt;&lt;span style="color: var(--highlight-default)"&gt;$this&lt;/span&gt;&lt;span style="color: var(--highlight-keyword)"&gt;-&amp;gt;&lt;/span&gt;&lt;span style="color: var(--highlight-default)"&gt;backupStaticAttributes&lt;/span&gt;&lt;span style="color: var(--highlight-keyword)"&gt;);&lt;/span&gt;&lt;/code&gt;&lt;/li&gt;\n
&lt;li&gt;&lt;code&gt;&lt;span style="color: var(--highlight-keyword)"&gt;&amp;nbsp;&amp;nbsp;&amp;nbsp;&amp;nbsp;&amp;nbsp;&amp;nbsp;&amp;nbsp;&amp;nbsp;&amp;nbsp;&amp;nbsp;&amp;nbsp;&amp;nbsp;&amp;nbsp;&amp;nbsp;&amp;nbsp;&amp;nbsp;&lt;/span&gt;&lt;span style="color: var(--highlight-default)"&gt;$test&lt;/span&gt;&lt;span style="color: var(--highlight-keyword)"&gt;-&amp;gt;&lt;/span&gt;&lt;span style="color: var(--highlight-default)"&gt;setRunTestInSeparateProcess&lt;/span&gt;&lt;span style="color: var(--highlight-keyword)"&gt;(&lt;/span&gt;&lt;span style="color: var(--highlight-default)"&gt;$this&lt;/span&gt;&lt;span style="color: var(--highlight-keyword)"&gt;-&amp;gt;&lt;/span&gt;&lt;span style="color: var(--highlight-default)"&gt;runTestInSeparateProcess&lt;/span&gt;&lt;span style="color: var(--highlight-keyword)"&gt;);&lt;/span&gt;&lt;/code&gt;&lt;/li&gt;\n
&lt;li&gt;&lt;code&gt;&lt;span style="color: var(--highlight-keyword)"&gt;&amp;nbsp;&amp;nbsp;&amp;nbsp;&amp;nbsp;&amp;nbsp;&amp;nbsp;&amp;nbsp;&amp;nbsp;&amp;nbsp;&amp;nbsp;&amp;nbsp;&amp;nbsp;}&lt;/span&gt;&lt;/code&gt;&lt;/li&gt;\n
&lt;li&gt;&lt;code&gt;&lt;span style="color: var(--highlight-keyword)"&gt;&lt;/span&gt;&lt;/code&gt;&lt;/li&gt;\n
&lt;li class="selected"&gt;&lt;code&gt;&lt;span style="color: var(--highlight-keyword)"&gt;&amp;nbsp;&amp;nbsp;&amp;nbsp;&amp;nbsp;&amp;nbsp;&amp;nbsp;&amp;nbsp;&amp;nbsp;&amp;nbsp;&amp;nbsp;&amp;nbsp;&amp;nbsp;&lt;/span&gt;&lt;span style="color: var(--highlight-default)"&gt;$test&lt;/span&gt;&lt;span style="color: var(--highlight-keyword)"&gt;-&amp;gt;&lt;/span&gt;&lt;span style="color: var(--highlight-default)"&gt;run&lt;/span&gt;&lt;span style="color: var(--highlight-keyword)"&gt;(&lt;/span&gt;&lt;span style="color: var(--highlight-default)"&gt;$result&lt;/span&gt;&lt;span style="color: var(--highlight-keyword)"&gt;);&lt;/span&gt;&lt;/code&gt;&lt;/li&gt;\n
&lt;li&gt;&lt;code&gt;&lt;span style="color: var(--highlight-keyword)"&gt;&amp;nbsp;&amp;nbsp;&amp;nbsp;&amp;nbsp;&amp;nbsp;&amp;nbsp;&amp;nbsp;&amp;nbsp;}&lt;/span&gt;&lt;/code&gt;&lt;/li&gt;\n
&lt;li&gt;&lt;code&gt;&lt;span style="color: var(--highlight-keyword)"&gt;&lt;/span&gt;&lt;/code&gt;&lt;/li&gt;\n
&lt;li&gt;&lt;code&gt;&lt;span style="color: var(--highlight-keyword)"&gt;&amp;nbsp;&amp;nbsp;&amp;nbsp;&amp;nbsp;&amp;nbsp;&amp;nbsp;&amp;nbsp;&amp;nbsp;if&amp;nbsp;(&lt;/span&gt;&lt;span style="color: var(--highlight-default)"&gt;$this&lt;/span&gt;&lt;span style="color: var(--highlight-keyword)"&gt;-&amp;gt;&lt;/span&gt;&lt;span style="color: var(--highlight-default)"&gt;testCase&amp;nbsp;&lt;/span&gt;&lt;span style="color: var(--highlight-keyword)"&gt;&amp;amp;&amp;amp;&amp;nbsp;&lt;/span&gt;&lt;span style="color: var(--highlight-default)"&gt;class_exists&lt;/span&gt;&lt;span style="color: var(--highlight-keyword)"&gt;(&lt;/span&gt;&lt;span style="color: var(--highlight-default)"&gt;$this&lt;/span&gt;&lt;span style="color: var(--highlight-keyword)"&gt;-&amp;gt;&lt;/span&gt;&lt;span style="color: var(--highlight-default)"&gt;name&lt;/span&gt;&lt;span style="color: var(--highlight-keyword)"&gt;,&amp;nbsp;&lt;/span&gt;&lt;span style="color: var(--highlight-default)"&gt;false&lt;/span&gt;&lt;span style="color: var(--highlight-keyword)"&gt;))&amp;nbsp;{&lt;/span&gt;&lt;/code&gt;&lt;/li&gt;\n
&lt;li&gt;&lt;code&gt;&lt;span style="color: var(--highlight-keyword)"&gt;&amp;nbsp;&amp;nbsp;&amp;nbsp;&amp;nbsp;&amp;nbsp;&amp;nbsp;&amp;nbsp;&amp;nbsp;&amp;nbsp;&amp;nbsp;&amp;nbsp;&amp;nbsp;foreach&amp;nbsp;(&lt;/span&gt;&lt;span style="color: var(--highlight-default)"&gt;$hookMethods&lt;/span&gt;&lt;span style="color: var(--highlight-keyword)"&gt;[&lt;/span&gt;&lt;span style="color: var(--highlight-string)"&gt;'afterClass'&lt;/span&gt;&lt;span style="color: var(--highlight-keyword)"&gt;]&amp;nbsp;as&amp;nbsp;&lt;/span&gt;&lt;span style="color: var(--highlight-default)"&gt;$afterClassMethod&lt;/span&gt;&lt;span style="color: var(--highlight-keyword)"&gt;)&amp;nbsp;{&lt;/span&gt;&lt;/code&gt;&lt;/li&gt;\n
&lt;li&gt;&lt;code&gt;&lt;span style="color: var(--highlight-keyword)"&gt;&amp;nbsp;&amp;nbsp;&amp;nbsp;&amp;nbsp;&amp;nbsp;&amp;nbsp;&amp;nbsp;&amp;nbsp;&amp;nbsp;&amp;nbsp;&amp;nbsp;&amp;nbsp;&amp;nbsp;&amp;nbsp;&amp;nbsp;&amp;nbsp;if&amp;nbsp;(&lt;/span&gt;&lt;span style="color: var(--highlight-default)"&gt;method_exists&lt;/span&gt;&lt;span style="color: var(--highlight-keyword)"&gt;(&lt;/span&gt;&lt;span style="color: var(--highlight-default)"&gt;$this&lt;/span&gt;&lt;span style="color: var(--highlight-keyword)"&gt;-&amp;gt;&lt;/span&gt;&lt;span style="color: var(--highlight-default)"&gt;name&lt;/span&gt;&lt;span style="color: var(--highlight-keyword)"&gt;,&amp;nbsp;&lt;/span&gt;&lt;span style="color: var(--highlight-default)"&gt;$afterClassMethod&lt;/span&gt;&lt;span style="color: var(--highlight-keyword)"&gt;))&amp;nbsp;{&lt;/span&gt;&lt;/code&gt;&lt;/li&gt;&lt;/ol&gt;    &lt;/div&gt;            &lt;/div&gt;\n
                        &lt;div class="trace-line "&gt;\n
                &lt;div class="trace-line-header break-long-words sf-toggle" data-toggle-selector="#trace-html-1-28" data-toggle-initial=""&gt;\n
            &lt;span class="icon icon-close"&gt;&lt;svg width="1792" height="1792" viewBox="0 0 1792 1792" xmlns="http://www.w3.org/2000/svg"&gt;&lt;path d="M1408 960V832q0-26-19-45t-45-19H448q-26 0-45 19t-19 45v128q0 26 19 45t45 19h896q26 0 45-19t19-45zm256-544v960q0 119-84.5 203.5T1376 1664H416q-119 0-203.5-84.5T128 1376V416q0-119 84.5-203.5T416 128h960q119 0 203.5 84.5T1664 416z"/&gt;&lt;/svg&gt;&lt;/span&gt;\n
        &lt;span class="icon icon-open"&gt;&lt;svg width="1792" height="1792" viewBox="0 0 1792 1792" xmlns="http://www.w3.org/2000/svg"&gt;&lt;path d="M1408 960V832q0-26-19-45t-45-19h-320V448q0-26-19-45t-45-19H832q-26 0-45 19t-19 45v320H448q-26 0-45 19t-19 45v128q0 26 19 45t45 19h320v320q0 26 19 45t45 19h128q26 0 45-19t19-45v-320h320q26 0 45-19t19-45zm256-544v960q0 119-84.5 203.5T1376 1664H416q-119 0-203.5-84.5T128 1376V416q0-119 84.5-203.5T416 128h960q119 0 203.5 84.5T1664 416z"/&gt;&lt;/svg&gt;&lt;/span&gt;\n
    \n
            &lt;span class="trace-class"&gt;&lt;abbr title="PHPUnit\Framework\TestSuite"&gt;TestSuite&lt;/abbr&gt;&lt;/span&gt;&lt;span class="trace-type"&gt;-&gt;&lt;/span&gt;&lt;span class="trace-method"&gt;run&lt;/span&gt;&lt;span class="trace-arguments"&gt;(&lt;em&gt;object&lt;/em&gt;(&lt;abbr title="PHPUnit\Framework\TestResult"&gt;TestResult&lt;/abbr&gt;))&lt;/span&gt;    \n
                    &lt;span class="block trace-file-path"&gt;\n
            in\n
            &lt;a href="file://C:\Users\sliti\Desktop\dev\esprit-PIDEV-3A16-2526-FARMIA\vendor\phpunit\phpunit\src\Framework\TestSuite.php#L685"&gt;\n
                C:\Users\sliti\Desktop\dev\esprit-PIDEV-3A16-2526-FARMIA\vendor\phpunit\phpunit\src\Framework\&lt;strong&gt;TestSuite.php&lt;/strong&gt;\n
            &lt;/a&gt;\n
                        (line 685)\n
            &lt;span class="icon icon-copy hidden" data-clipboard-text="C:\Users\sliti\Desktop\dev\esprit-PIDEV-3A16-2526-FARMIA\vendor\phpunit\phpunit\src\Framework\TestSuite.php:685"&gt;\n
                &lt;svg xmlns="http://www.w3.org/2000/svg" height="24" viewBox="0 0 24 24" width="24"&gt;&lt;path d="M0 0h24v24H0z" fill="none"/&gt;&lt;path d="M16 1H4c-1.1 0-2 .9-2 2v14h2V3h12V1zm3 4H8c-1.1 0-2 .9-2 2v14c0 1.1.9 2 2 2h11c1.1 0 2-.9 2-2V7c0-1.1-.9-2-2-2zm0 16H8V7h11v14z"/&gt;&lt;/svg&gt;            &lt;/span&gt;\n
        &lt;/span&gt;\n
    &lt;/div&gt;\n
    &lt;div id="trace-html-1-28" class="trace-code sf-toggle-content"&gt;\n
        &lt;ol start="680"&gt;&lt;li&gt;&lt;code&gt;&lt;span style="color: var(--highlight-keyword)"&gt;&amp;nbsp;&amp;nbsp;&amp;nbsp;&amp;nbsp;&amp;nbsp;&amp;nbsp;&amp;nbsp;&amp;nbsp;&amp;nbsp;&amp;nbsp;&amp;nbsp;&amp;nbsp;&amp;nbsp;&amp;nbsp;&amp;nbsp;&amp;nbsp;&lt;/span&gt;&lt;span style="color: var(--highlight-default)"&gt;$test&lt;/span&gt;&lt;span style="color: var(--highlight-keyword)"&gt;-&amp;gt;&lt;/span&gt;&lt;span style="color: var(--highlight-default)"&gt;setBackupGlobals&lt;/span&gt;&lt;span style="color: var(--highlight-keyword)"&gt;(&lt;/span&gt;&lt;span style="color: var(--highlight-default)"&gt;$this&lt;/span&gt;&lt;span style="color: var(--highlight-keyword)"&gt;-&amp;gt;&lt;/span&gt;&lt;span style="color: var(--highlight-default)"&gt;backupGlobals&lt;/span&gt;&lt;span style="color: var(--highlight-keyword)"&gt;);&lt;/span&gt;&lt;/code&gt;&lt;/li&gt;\n
&lt;li&gt;&lt;code&gt;&lt;span style="color: var(--highlight-keyword)"&gt;&amp;nbsp;&amp;nbsp;&amp;nbsp;&amp;nbsp;&amp;nbsp;&amp;nbsp;&amp;nbsp;&amp;nbsp;&amp;nbsp;&amp;nbsp;&amp;nbsp;&amp;nbsp;&amp;nbsp;&amp;nbsp;&amp;nbsp;&amp;nbsp;&lt;/span&gt;&lt;span style="color: var(--highlight-default)"&gt;$test&lt;/span&gt;&lt;span style="color: var(--highlight-keyword)"&gt;-&amp;gt;&lt;/span&gt;&lt;span style="color: var(--highlight-default)"&gt;setBackupStaticAttributes&lt;/span&gt;&lt;span style="color: var(--highlight-keyword)"&gt;(&lt;/span&gt;&lt;span style="color: var(--highlight-default)"&gt;$this&lt;/span&gt;&lt;span style="color: var(--highlight-keyword)"&gt;-&amp;gt;&lt;/span&gt;&lt;span style="color: var(--highlight-default)"&gt;backupStaticAttributes&lt;/span&gt;&lt;span style="color: var(--highlight-keyword)"&gt;);&lt;/span&gt;&lt;/code&gt;&lt;/li&gt;\n
&lt;li&gt;&lt;code&gt;&lt;span style="color: var(--highlight-keyword)"&gt;&amp;nbsp;&amp;nbsp;&amp;nbsp;&amp;nbsp;&amp;nbsp;&amp;nbsp;&amp;nbsp;&amp;nbsp;&amp;nbsp;&amp;nbsp;&amp;nbsp;&amp;nbsp;&amp;nbsp;&amp;nbsp;&amp;nbsp;&amp;nbsp;&lt;/span&gt;&lt;span style="color: var(--highlight-default)"&gt;$test&lt;/span&gt;&lt;span style="color: var(--highlight-keyword)"&gt;-&amp;gt;&lt;/span&gt;&lt;span style="color: var(--highlight-default)"&gt;setRunTestInSeparateProcess&lt;/span&gt;&lt;span style="color: var(--highlight-keyword)"&gt;(&lt;/span&gt;&lt;span style="color: var(--highlight-default)"&gt;$this&lt;/span&gt;&lt;span style="color: var(--highlight-keyword)"&gt;-&amp;gt;&lt;/span&gt;&lt;span style="color: var(--highlight-default)"&gt;runTestInSeparateProcess&lt;/span&gt;&lt;span style="color: var(--highlight-keyword)"&gt;);&lt;/span&gt;&lt;/code&gt;&lt;/li&gt;\n
&lt;li&gt;&lt;code&gt;&lt;span style="color: var(--highlight-keyword)"&gt;&amp;nbsp;&amp;nbsp;&amp;nbsp;&amp;nbsp;&amp;nbsp;&amp;nbsp;&amp;nbsp;&amp;nbsp;&amp;nbsp;&amp;nbsp;&amp;nbsp;&amp;nbsp;}&lt;/span&gt;&lt;/code&gt;&lt;/li&gt;\n
&lt;li&gt;&lt;code&gt;&lt;span style="color: var(--highlight-keyword)"&gt;&lt;/span&gt;&lt;/code&gt;&lt;/li&gt;\n
&lt;li class="selected"&gt;&lt;code&gt;&lt;span style="color: var(--highlight-keyword)"&gt;&amp;nbsp;&amp;nbsp;&amp;nbsp;&amp;nbsp;&amp;nbsp;&amp;nbsp;&amp;nbsp;&amp;nbsp;&amp;nbsp;&amp;nbsp;&amp;nbsp;&amp;nbsp;&lt;/span&gt;&lt;span style="color: var(--highlight-default)"&gt;$test&lt;/span&gt;&lt;span style="color: var(--highlight-keyword)"&gt;-&amp;gt;&lt;/span&gt;&lt;span style="color: var(--highlight-default)"&gt;run&lt;/span&gt;&lt;span style="color: var(--highlight-keyword)"&gt;(&lt;/span&gt;&lt;span style="color: var(--highlight-default)"&gt;$result&lt;/span&gt;&lt;span style="color: var(--highlight-keyword)"&gt;);&lt;/span&gt;&lt;/code&gt;&lt;/li&gt;\n
&lt;li&gt;&lt;code&gt;&lt;span style="color: var(--highlight-keyword)"&gt;&amp;nbsp;&amp;nbsp;&amp;nbsp;&amp;nbsp;&amp;nbsp;&amp;nbsp;&amp;nbsp;&amp;nbsp;}&lt;/span&gt;&lt;/code&gt;&lt;/li&gt;\n
&lt;li&gt;&lt;code&gt;&lt;span style="color: var(--highlight-keyword)"&gt;&lt;/span&gt;&lt;/code&gt;&lt;/li&gt;\n
&lt;li&gt;&lt;code&gt;&lt;span style="color: var(--highlight-keyword)"&gt;&amp;nbsp;&amp;nbsp;&amp;nbsp;&amp;nbsp;&amp;nbsp;&amp;nbsp;&amp;nbsp;&amp;nbsp;if&amp;nbsp;(&lt;/span&gt;&lt;span style="color: var(--highlight-default)"&gt;$this&lt;/span&gt;&lt;span style="color: var(--highlight-keyword)"&gt;-&amp;gt;&lt;/span&gt;&lt;span style="color: var(--highlight-default)"&gt;testCase&amp;nbsp;&lt;/span&gt;&lt;span style="color: var(--highlight-keyword)"&gt;&amp;amp;&amp;amp;&amp;nbsp;&lt;/span&gt;&lt;span style="color: var(--highlight-default)"&gt;class_exists&lt;/span&gt;&lt;span style="color: var(--highlight-keyword)"&gt;(&lt;/span&gt;&lt;span style="color: var(--highlight-default)"&gt;$this&lt;/span&gt;&lt;span style="color: var(--highlight-keyword)"&gt;-&amp;gt;&lt;/span&gt;&lt;span style="color: var(--highlight-default)"&gt;name&lt;/span&gt;&lt;span style="color: var(--highlight-keyword)"&gt;,&amp;nbsp;&lt;/span&gt;&lt;span style="color: var(--highlight-default)"&gt;false&lt;/span&gt;&lt;span style="color: var(--highlight-keyword)"&gt;))&amp;nbsp;{&lt;/span&gt;&lt;/code&gt;&lt;/li&gt;\n
&lt;li&gt;&lt;code&gt;&lt;span style="color: var(--highlight-keyword)"&gt;&amp;nbsp;&amp;nbsp;&amp;nbsp;&amp;nbsp;&amp;nbsp;&amp;nbsp;&amp;nbsp;&amp;nbsp;&amp;nbsp;&amp;nbsp;&amp;nbsp;&amp;nbsp;foreach&amp;nbsp;(&lt;/span&gt;&lt;span style="color: var(--highlight-default)"&gt;$hookMethods&lt;/span&gt;&lt;span style="color: var(--highlight-keyword)"&gt;[&lt;/span&gt;&lt;span style="color: var(--highlight-string)"&gt;'afterClass'&lt;/span&gt;&lt;span style="color: var(--highlight-keyword)"&gt;]&amp;nbsp;as&amp;nbsp;&lt;/span&gt;&lt;span style="color: var(--highlight-default)"&gt;$afterClassMethod&lt;/span&gt;&lt;span style="color: var(--highlight-keyword)"&gt;)&amp;nbsp;{&lt;/span&gt;&lt;/code&gt;&lt;/li&gt;\n
&lt;li&gt;&lt;code&gt;&lt;span style="color: var(--highlight-keyword)"&gt;&amp;nbsp;&amp;nbsp;&amp;nbsp;&amp;nbsp;&amp;nbsp;&amp;nbsp;&amp;nbsp;&amp;nbsp;&amp;nbsp;&amp;nbsp;&amp;nbsp;&amp;nbsp;&amp;nbsp;&amp;nbsp;&amp;nbsp;&amp;nbsp;if&amp;nbsp;(&lt;/span&gt;&lt;span style="color: var(--highlight-default)"&gt;method_exists&lt;/span&gt;&lt;span style="color: var(--highlight-keyword)"&gt;(&lt;/span&gt;&lt;span style="color: var(--highlight-default)"&gt;$this&lt;/span&gt;&lt;span style="color: var(--highlight-keyword)"&gt;-&amp;gt;&lt;/span&gt;&lt;span style="color: var(--highlight-default)"&gt;name&lt;/span&gt;&lt;span style="color: var(--highlight-keyword)"&gt;,&amp;nbsp;&lt;/span&gt;&lt;span style="color: var(--highlight-default)"&gt;$afterClassMethod&lt;/span&gt;&lt;span style="color: var(--highlight-keyword)"&gt;))&amp;nbsp;{&lt;/span&gt;&lt;/code&gt;&lt;/li&gt;&lt;/ol&gt;    &lt;/div&gt;            &lt;/div&gt;\n
                        &lt;div class="trace-line "&gt;\n
                &lt;div class="trace-line-header break-long-words sf-toggle" data-toggle-selector="#trace-html-1-29" data-toggle-initial=""&gt;\n
            &lt;span class="icon icon-close"&gt;&lt;svg width="1792" height="1792" viewBox="0 0 1792 1792" xmlns="http://www.w3.org/2000/svg"&gt;&lt;path d="M1408 960V832q0-26-19-45t-45-19H448q-26 0-45 19t-19 45v128q0 26 19 45t45 19h896q26 0 45-19t19-45zm256-544v960q0 119-84.5 203.5T1376 1664H416q-119 0-203.5-84.5T128 1376V416q0-119 84.5-203.5T416 128h960q119 0 203.5 84.5T1664 416z"/&gt;&lt;/svg&gt;&lt;/span&gt;\n
        &lt;span class="icon icon-open"&gt;&lt;svg width="1792" height="1792" viewBox="0 0 1792 1792" xmlns="http://www.w3.org/2000/svg"&gt;&lt;path d="M1408 960V832q0-26-19-45t-45-19h-320V448q0-26-19-45t-45-19H832q-26 0-45 19t-19 45v320H448q-26 0-45 19t-19 45v128q0 26 19 45t45 19h320v320q0 26 19 45t45 19h128q26 0 45-19t19-45v-320h320q26 0 45-19t19-45zm256-544v960q0 119-84.5 203.5T1376 1664H416q-119 0-203.5-84.5T128 1376V416q0-119 84.5-203.5T416 128h960q119 0 203.5 84.5T1664 416z"/&gt;&lt;/svg&gt;&lt;/span&gt;\n
    \n
            &lt;span class="trace-class"&gt;&lt;abbr title="PHPUnit\Framework\TestSuite"&gt;TestSuite&lt;/abbr&gt;&lt;/span&gt;&lt;span class="trace-type"&gt;-&gt;&lt;/span&gt;&lt;span class="trace-method"&gt;run&lt;/span&gt;&lt;span class="trace-arguments"&gt;(&lt;em&gt;object&lt;/em&gt;(&lt;abbr title="PHPUnit\Framework\TestResult"&gt;TestResult&lt;/abbr&gt;))&lt;/span&gt;    \n
                    &lt;span class="block trace-file-path"&gt;\n
            in\n
            &lt;a href="file://C:\Users\sliti\Desktop\dev\esprit-PIDEV-3A16-2526-FARMIA\vendor\phpunit\phpunit\src\TextUI\TestRunner.php#L651"&gt;\n
                C:\Users\sliti\Desktop\dev\esprit-PIDEV-3A16-2526-FARMIA\vendor\phpunit\phpunit\src\TextUI\&lt;strong&gt;TestRunner.php&lt;/strong&gt;\n
            &lt;/a&gt;\n
                        (line 651)\n
            &lt;span class="icon icon-copy hidden" data-clipboard-text="C:\Users\sliti\Desktop\dev\esprit-PIDEV-3A16-2526-FARMIA\vendor\phpunit\phpunit\src\TextUI\TestRunner.php:651"&gt;\n
                &lt;svg xmlns="http://www.w3.org/2000/svg" height="24" viewBox="0 0 24 24" width="24"&gt;&lt;path d="M0 0h24v24H0z" fill="none"/&gt;&lt;path d="M16 1H4c-1.1 0-2 .9-2 2v14h2V3h12V1zm3 4H8c-1.1 0-2 .9-2 2v14c0 1.1.9 2 2 2h11c1.1 0 2-.9 2-2V7c0-1.1-.9-2-2-2zm0 16H8V7h11v14z"/&gt;&lt;/svg&gt;            &lt;/span&gt;\n
        &lt;/span&gt;\n
    &lt;/div&gt;\n
    &lt;div id="trace-html-1-29" class="trace-code sf-toggle-content"&gt;\n
        &lt;ol start="646"&gt;&lt;li&gt;&lt;code&gt;&lt;span style="color: var(--highlight-keyword)"&gt;&amp;nbsp;&amp;nbsp;&amp;nbsp;&amp;nbsp;&amp;nbsp;&amp;nbsp;&amp;nbsp;&amp;nbsp;&amp;nbsp;&amp;nbsp;&amp;nbsp;&amp;nbsp;if&amp;nbsp;(&lt;/span&gt;&lt;span style="color: var(--highlight-default)"&gt;$extension&amp;nbsp;&lt;/span&gt;&lt;span style="color: var(--highlight-keyword)"&gt;instanceof&amp;nbsp;&lt;/span&gt;&lt;span style="color: var(--highlight-default)"&gt;BeforeFirstTestHook&lt;/span&gt;&lt;span style="color: var(--highlight-keyword)"&gt;)&amp;nbsp;{&lt;/span&gt;&lt;/code&gt;&lt;/li&gt;\n
&lt;li&gt;&lt;code&gt;&lt;span style="color: var(--highlight-keyword)"&gt;&amp;nbsp;&amp;nbsp;&amp;nbsp;&amp;nbsp;&amp;nbsp;&amp;nbsp;&amp;nbsp;&amp;nbsp;&amp;nbsp;&amp;nbsp;&amp;nbsp;&amp;nbsp;&amp;nbsp;&amp;nbsp;&amp;nbsp;&amp;nbsp;&lt;/span&gt;&lt;span style="color: var(--highlight-default)"&gt;$extension&lt;/span&gt;&lt;span style="color: var(--highlight-keyword)"&gt;-&amp;gt;&lt;/span&gt;&lt;span style="color: var(--highlight-default)"&gt;executeBeforeFirstTest&lt;/span&gt;&lt;span style="color: var(--highlight-keyword)"&gt;();&lt;/span&gt;&lt;/code&gt;&lt;/li&gt;\n
&lt;li&gt;&lt;code&gt;&lt;span style="color: var(--highlight-keyword)"&gt;&amp;nbsp;&amp;nbsp;&amp;nbsp;&amp;nbsp;&amp;nbsp;&amp;nbsp;&amp;nbsp;&amp;nbsp;&amp;nbsp;&amp;nbsp;&amp;nbsp;&amp;nbsp;}&lt;/span&gt;&lt;/code&gt;&lt;/li&gt;\n
&lt;li&gt;&lt;code&gt;&lt;span style="color: var(--highlight-keyword)"&gt;&amp;nbsp;&amp;nbsp;&amp;nbsp;&amp;nbsp;&amp;nbsp;&amp;nbsp;&amp;nbsp;&amp;nbsp;}&lt;/span&gt;&lt;/code&gt;&lt;/li&gt;\n
&lt;li&gt;&lt;code&gt;&lt;span style="color: var(--highlight-keyword)"&gt;&lt;/span&gt;&lt;/code&gt;&lt;/li&gt;\n
&lt;li class="selected"&gt;&lt;code&gt;&lt;span style="color: var(--highlight-keyword)"&gt;&amp;nbsp;&amp;nbsp;&amp;nbsp;&amp;nbsp;&amp;nbsp;&amp;nbsp;&amp;nbsp;&amp;nbsp;&lt;/span&gt;&lt;span style="color: var(--highlight-default)"&gt;$suite&lt;/span&gt;&lt;span style="color: var(--highlight-keyword)"&gt;-&amp;gt;&lt;/span&gt;&lt;span style="color: var(--highlight-default)"&gt;run&lt;/span&gt;&lt;span style="color: var(--highlight-keyword)"&gt;(&lt;/span&gt;&lt;span style="color: var(--highlight-default)"&gt;$result&lt;/span&gt;&lt;span style="color: var(--highlight-keyword)"&gt;);&lt;/span&gt;&lt;/code&gt;&lt;/li&gt;\n
&lt;li&gt;&lt;code&gt;&lt;span style="color: var(--highlight-keyword)"&gt;&lt;/span&gt;&lt;/code&gt;&lt;/li&gt;\n
&lt;li&gt;&lt;code&gt;&lt;span style="color: var(--highlight-keyword)"&gt;&amp;nbsp;&amp;nbsp;&amp;nbsp;&amp;nbsp;&amp;nbsp;&amp;nbsp;&amp;nbsp;&amp;nbsp;foreach&amp;nbsp;(&lt;/span&gt;&lt;span style="color: var(--highlight-default)"&gt;$this&lt;/span&gt;&lt;span style="color: var(--highlight-keyword)"&gt;-&amp;gt;&lt;/span&gt;&lt;span style="color: var(--highlight-default)"&gt;extensions&amp;nbsp;&lt;/span&gt;&lt;span style="color: var(--highlight-keyword)"&gt;as&amp;nbsp;&lt;/span&gt;&lt;span style="color: var(--highlight-default)"&gt;$extension&lt;/span&gt;&lt;span style="color: var(--highlight-keyword)"&gt;)&amp;nbsp;{&lt;/span&gt;&lt;/code&gt;&lt;/li&gt;\n
&lt;li&gt;&lt;code&gt;&lt;span style="color: var(--highlight-keyword)"&gt;&amp;nbsp;&amp;nbsp;&amp;nbsp;&amp;nbsp;&amp;nbsp;&amp;nbsp;&amp;nbsp;&amp;nbsp;&amp;nbsp;&amp;nbsp;&amp;nbsp;&amp;nbsp;if&amp;nbsp;(&lt;/span&gt;&lt;span style="color: var(--highlight-default)"&gt;$extension&amp;nbsp;&lt;/span&gt;&lt;span style="color: var(--highlight-keyword)"&gt;instanceof&amp;nbsp;&lt;/span&gt;&lt;span style="color: var(--highlight-default)"&gt;AfterLastTestHook&lt;/span&gt;&lt;span style="color: var(--highlight-keyword)"&gt;)&amp;nbsp;{&lt;/span&gt;&lt;/code&gt;&lt;/li&gt;\n
&lt;li&gt;&lt;code&gt;&lt;span style="color: var(--highlight-keyword)"&gt;&amp;nbsp;&amp;nbsp;&amp;nbsp;&amp;nbsp;&amp;nbsp;&amp;nbsp;&amp;nbsp;&amp;nbsp;&amp;nbsp;&amp;nbsp;&amp;nbsp;&amp;nbsp;&amp;nbsp;&amp;nbsp;&amp;nbsp;&amp;nbsp;&lt;/span&gt;&lt;span style="color: var(--highlight-default)"&gt;$extension&lt;/span&gt;&lt;span style="color: var(--highlight-keyword)"&gt;-&amp;gt;&lt;/span&gt;&lt;span style="color: var(--highlight-default)"&gt;executeAfterLastTest&lt;/span&gt;&lt;span style="color: var(--highlight-keyword)"&gt;();&lt;/span&gt;&lt;/code&gt;&lt;/li&gt;\n
&lt;li&gt;&lt;code&gt;&lt;span style="color: var(--highlight-keyword)"&gt;&amp;nbsp;&amp;nbsp;&amp;nbsp;&amp;nbsp;&amp;nbsp;&amp;nbsp;&amp;nbsp;&amp;nbsp;&amp;nbsp;&amp;nbsp;&amp;nbsp;&amp;nbsp;}&lt;/span&gt;&lt;/code&gt;&lt;/li&gt;&lt;/ol&gt;    &lt;/div&gt;            &lt;/div&gt;\n
                        &lt;div class="trace-line "&gt;\n
                &lt;div class="trace-line-header break-long-words sf-toggle" data-toggle-selector="#trace-html-1-30" data-toggle-initial=""&gt;\n
            &lt;span class="icon icon-close"&gt;&lt;svg width="1792" height="1792" viewBox="0 0 1792 1792" xmlns="http://www.w3.org/2000/svg"&gt;&lt;path d="M1408 960V832q0-26-19-45t-45-19H448q-26 0-45 19t-19 45v128q0 26 19 45t45 19h896q26 0 45-19t19-45zm256-544v960q0 119-84.5 203.5T1376 1664H416q-119 0-203.5-84.5T128 1376V416q0-119 84.5-203.5T416 128h960q119 0 203.5 84.5T1664 416z"/&gt;&lt;/svg&gt;&lt;/span&gt;\n
        &lt;span class="icon icon-open"&gt;&lt;svg width="1792" height="1792" viewBox="0 0 1792 1792" xmlns="http://www.w3.org/2000/svg"&gt;&lt;path d="M1408 960V832q0-26-19-45t-45-19h-320V448q0-26-19-45t-45-19H832q-26 0-45 19t-19 45v320H448q-26 0-45 19t-19 45v128q0 26 19 45t45 19h320v320q0 26 19 45t45 19h128q26 0 45-19t19-45v-320h320q26 0 45-19t19-45zm256-544v960q0 119-84.5 203.5T1376 1664H416q-119 0-203.5-84.5T128 1376V416q0-119 84.5-203.5T416 128h960q119 0 203.5 84.5T1664 416z"/&gt;&lt;/svg&gt;&lt;/span&gt;\n
    \n
            &lt;span class="trace-class"&gt;&lt;abbr title="PHPUnit\TextUI\TestRunner"&gt;TestRunner&lt;/abbr&gt;&lt;/span&gt;&lt;span class="trace-type"&gt;-&gt;&lt;/span&gt;&lt;span class="trace-method"&gt;run&lt;/span&gt;&lt;span class="trace-arguments"&gt;(&lt;em&gt;object&lt;/em&gt;(&lt;abbr title="PHPUnit\Framework\TestSuite"&gt;TestSuite&lt;/abbr&gt;), &lt;em&gt;array&lt;/em&gt;('extensions' =&gt; &lt;em&gt;array&lt;/em&gt;(), 'listGroups' =&gt; &lt;em&gt;false&lt;/em&gt;, 'listSuites' =&gt; &lt;em&gt;false&lt;/em&gt;, 'listTests' =&gt; &lt;em&gt;false&lt;/em&gt;, 'listTestsXml' =&gt; &lt;em&gt;false&lt;/em&gt;, 'loader' =&gt; &lt;em&gt;null&lt;/em&gt;, 'useDefaultConfiguration' =&gt; &lt;em&gt;true&lt;/em&gt;, 'loadedExtensions' =&gt; &lt;em&gt;array&lt;/em&gt;(), 'unavailableExtensions' =&gt; &lt;em&gt;array&lt;/em&gt;(), 'notLoadedExtensions' =&gt; &lt;em&gt;array&lt;/em&gt;(), 'junitLogfile' =&gt; 'test-results.xml', 'testSuffixes' =&gt; &lt;em&gt;array&lt;/em&gt;('Test.php', '.phpt'), 'configuration' =&gt; 'C:\\Users\\sliti\\Desktop\\dev\\esprit-PIDEV-3A16-2526-FARMIA\\phpunit.xml.dist', 'configurationObject' =&gt; &lt;em&gt;object&lt;/em&gt;(&lt;abbr title="PHPUnit\TextUI\XmlConfiguration\Configuration"&gt;Configuration&lt;/abbr&gt;), 'stderr' =&gt; &lt;em&gt;false&lt;/em&gt;, 'columns' =&gt; 80, 'warnings' =&gt; &lt;em&gt;array&lt;/em&gt;(), 'debug' =&gt; &lt;em&gt;false&lt;/em&gt;, 'filter' =&gt; &lt;em&gt;false&lt;/em&gt;, 'listeners' =&gt; &lt;em&gt;array&lt;/em&gt;(), 'backupGlobals' =&gt; &lt;em&gt;false&lt;/em&gt;, 'backupStaticAttributes' =&gt; &lt;em&gt;false&lt;/em&gt;, 'beStrictAboutChangesToGlobalState' =&gt; &lt;em&gt;false&lt;/em&gt;, 'cacheResult' =&gt; &lt;em&gt;true&lt;/em&gt;, 'colors' =&gt; 'auto', 'convertDeprecationsToExceptions' =&gt; &lt;em&gt;false&lt;/em&gt;, 'convertErrorsToExceptions' =&gt; &lt;em&gt;true&lt;/em&gt;, 'convertNoticesToExceptions' =&gt; &lt;em&gt;true&lt;/em&gt;, 'convertWarningsToExceptions' =&gt; &lt;em&gt;true&lt;/em&gt;, 'processIsolation' =&gt; &lt;em&gt;false&lt;/em&gt;, 'stopOnDefect' =&gt; &lt;em&gt;false&lt;/em&gt;, 'stopOnError' =&gt; &lt;em&gt;false&lt;/em&gt;, 'stopOnFailure' =&gt; &lt;em&gt;false&lt;/em&gt;, 'stopOnWarning' =&gt; &lt;em&gt;false&lt;/em&gt;, 'stopOnIncomplete' =&gt; &lt;em&gt;false&lt;/em&gt;, 'stopOnRisky' =&gt; &lt;em&gt;false&lt;/em&gt;, 'stopOnSkipped' =&gt; &lt;em&gt;false&lt;/em&gt;, 'failOnEmptyTestSuite' =&gt; &lt;em&gt;false&lt;/em&gt;, 'failOnIncomplete' =&gt; &lt;em&gt;false&lt;/em&gt;, 'failOnRisky' =&gt; &lt;em&gt;false&lt;/em&gt;, 'failOnSkipped' =&gt; &lt;em&gt;false&lt;/em&gt;, 'failOnWarning' =&gt; &lt;em&gt;false&lt;/em&gt;, 'enforceTimeLimit' =&gt; &lt;em&gt;false&lt;/em&gt;, 'defaultTimeLimit' =&gt; 1, 'timeoutForSmallTests' =&gt; 1, 'timeoutForMediumTests' =&gt; 10, 'timeoutForLargeTests' =&gt; 60, 'reportUselessTests' =&gt; &lt;em&gt;true&lt;/em&gt;, 'strictCoverage' =&gt; &lt;em&gt;false&lt;/em&gt;, 'ignoreDeprecatedCodeUnitsFromCodeCoverage' =&gt; &lt;em&gt;false&lt;/em&gt;, 'disallowTestOutput' =&gt; &lt;em&gt;false&lt;/em&gt;, 'disallowTodoAnnotatedTests' =&gt; &lt;em&gt;false&lt;/em&gt;, 'beStrictAboutResourceUsageDuringSmallTests' =&gt; &lt;em&gt;false&lt;/em&gt;, 'verbose' =&gt; &lt;em&gt;false&lt;/em&gt;, 'reverseDefectList' =&gt; &lt;em&gt;false&lt;/em&gt;, 'forceCoversAnnotation' =&gt; &lt;em&gt;false&lt;/em&gt;, 'disableCodeCoverageIgnore' =&gt; &lt;em&gt;false&lt;/em&gt;, 'registerMockObjectsFromTestArgumentsRecursively' =&gt; &lt;em&gt;false&lt;/em&gt;, 'noInteraction' =&gt; &lt;em&gt;false&lt;/em&gt;, 'executionOrder' =&gt; 0, 'resolveDependencies' =&gt; &lt;em&gt;true&lt;/em&gt;, 'bootstrap' =&gt; 'C:\\Users\\sliti\\Desktop\\dev\\esprit-PIDEV-3A16-2526-FARMIA\\tests/bootstrap.php', 'executionOrderDefects' =&gt; 0, 'crap4jThreshold' =&gt; 30, 'excludeGroups' =&gt; &lt;em&gt;array&lt;/em&gt;(), 'groups' =&gt; &lt;em&gt;array&lt;/em&gt;(), 'randomOrderSeed' =&gt; 1777118040, 'repeat' =&gt; &lt;em&gt;false&lt;/em&gt;, 'reportHighLowerBound' =&gt; 90, 'reportLowUpperBound' =&gt; 50, 'reverseList' =&gt; &lt;em&gt;false&lt;/em&gt;, 'testdoxExcludeGroups' =&gt; &lt;em&gt;array&lt;/em&gt;(), 'testdoxGroups' =&gt; &lt;em&gt;array&lt;/em&gt;(), 'cacheResultFile' =&gt; 'C:\\Users\\sliti\\Desktop\\dev\\esprit-PIDEV-3A16-2526-FARMIA'), &lt;em&gt;array&lt;/em&gt;(), &lt;em&gt;true&lt;/em&gt;)&lt;/span&gt;    \n
                    &lt;span class="block trace-file-path"&gt;\n
            in\n
            &lt;a href="file://C:\Users\sliti\Desktop\dev\esprit-PIDEV-3A16-2526-FARMIA\vendor\phpunit\phpunit\src\TextUI\Command.php#L146"&gt;\n
                C:\Users\sliti\Desktop\dev\esprit-PIDEV-3A16-2526-FARMIA\vendor\phpunit\phpunit\src\TextUI\&lt;strong&gt;Command.php&lt;/strong&gt;\n
            &lt;/a&gt;\n
                        (line 146)\n
            &lt;span class="icon icon-copy hidden" data-clipboard-text="C:\Users\sliti\Desktop\dev\esprit-PIDEV-3A16-2526-FARMIA\vendor\phpunit\phpunit\src\TextUI\Command.php:146"&gt;\n
                &lt;svg xmlns="http://www.w3.org/2000/svg" height="24" viewBox="0 0 24 24" width="24"&gt;&lt;path d="M0 0h24v24H0z" fill="none"/&gt;&lt;path d="M16 1H4c-1.1 0-2 .9-2 2v14h2V3h12V1zm3 4H8c-1.1 0-2 .9-2 2v14c0 1.1.9 2 2 2h11c1.1 0 2-.9 2-2V7c0-1.1-.9-2-2-2zm0 16H8V7h11v14z"/&gt;&lt;/svg&gt;            &lt;/span&gt;\n
        &lt;/span&gt;\n
    &lt;/div&gt;\n
    &lt;div id="trace-html-1-30" class="trace-code sf-toggle-content"&gt;\n
        &lt;ol start="141"&gt;&lt;li&gt;&lt;code&gt;&lt;span style="color: var(--highlight-keyword)"&gt;&amp;nbsp;&amp;nbsp;&amp;nbsp;&amp;nbsp;&amp;nbsp;&amp;nbsp;&amp;nbsp;&amp;nbsp;}&lt;/span&gt;&lt;/code&gt;&lt;/li&gt;\n
&lt;li&gt;&lt;code&gt;&lt;span style="color: var(--highlight-keyword)"&gt;&lt;/span&gt;&lt;/code&gt;&lt;/li&gt;\n
&lt;li&gt;&lt;code&gt;&lt;span style="color: var(--highlight-keyword)"&gt;&amp;nbsp;&amp;nbsp;&amp;nbsp;&amp;nbsp;&amp;nbsp;&amp;nbsp;&amp;nbsp;&amp;nbsp;unset(&lt;/span&gt;&lt;span style="color: var(--highlight-default)"&gt;$this&lt;/span&gt;&lt;span style="color: var(--highlight-keyword)"&gt;-&amp;gt;&lt;/span&gt;&lt;span style="color: var(--highlight-default)"&gt;arguments&lt;/span&gt;&lt;span style="color: var(--highlight-keyword)"&gt;[&lt;/span&gt;&lt;span style="color: var(--highlight-string)"&gt;'test'&lt;/span&gt;&lt;span style="color: var(--highlight-keyword)"&gt;],&amp;nbsp;&lt;/span&gt;&lt;span style="color: var(--highlight-default)"&gt;$this&lt;/span&gt;&lt;span style="color: var(--highlight-keyword)"&gt;-&amp;gt;&lt;/span&gt;&lt;span style="color: var(--highlight-default)"&gt;arguments&lt;/span&gt;&lt;span style="color: var(--highlight-keyword)"&gt;[&lt;/span&gt;&lt;span style="color: var(--highlight-string)"&gt;'testFile'&lt;/span&gt;&lt;span style="color: var(--highlight-keyword)"&gt;]);&lt;/span&gt;&lt;/code&gt;&lt;/li&gt;\n
&lt;li&gt;&lt;code&gt;&lt;span style="color: var(--highlight-keyword)"&gt;&lt;/span&gt;&lt;/code&gt;&lt;/li&gt;\n
&lt;li&gt;&lt;code&gt;&lt;span style="color: var(--highlight-keyword)"&gt;&amp;nbsp;&amp;nbsp;&amp;nbsp;&amp;nbsp;&amp;nbsp;&amp;nbsp;&amp;nbsp;&amp;nbsp;try&amp;nbsp;{&lt;/span&gt;&lt;/code&gt;&lt;/li&gt;\n
&lt;li class="selected"&gt;&lt;code&gt;&lt;span style="color: var(--highlight-keyword)"&gt;&amp;nbsp;&amp;nbsp;&amp;nbsp;&amp;nbsp;&amp;nbsp;&amp;nbsp;&amp;nbsp;&amp;nbsp;&amp;nbsp;&amp;nbsp;&amp;nbsp;&amp;nbsp;&lt;/span&gt;&lt;span style="color: var(--highlight-default)"&gt;$result&amp;nbsp;&lt;/span&gt;&lt;span style="color: var(--highlight-keyword)"&gt;=&amp;nbsp;&lt;/span&gt;&lt;span style="color: var(--highlight-default)"&gt;$runner&lt;/span&gt;&lt;span style="color: var(--highlight-keyword)"&gt;-&amp;gt;&lt;/span&gt;&lt;span style="color: var(--highlight-default)"&gt;run&lt;/span&gt;&lt;span style="color: var(--highlight-keyword)"&gt;(&lt;/span&gt;&lt;span style="color: var(--highlight-default)"&gt;$suite&lt;/span&gt;&lt;span style="color: var(--highlight-keyword)"&gt;,&amp;nbsp;&lt;/span&gt;&lt;span style="color: var(--highlight-default)"&gt;$this&lt;/span&gt;&lt;span style="color: var(--highlight-keyword)"&gt;-&amp;gt;&lt;/span&gt;&lt;span style="color: var(--highlight-default)"&gt;arguments&lt;/span&gt;&lt;span style="color: var(--highlight-keyword)"&gt;,&amp;nbsp;&lt;/span&gt;&lt;span style="color: var(--highlight-default)"&gt;$this&lt;/span&gt;&lt;span style="color: var(--highlight-keyword)"&gt;-&amp;gt;&lt;/span&gt;&lt;span style="color: var(--highlight-default)"&gt;warnings&lt;/span&gt;&lt;span style="color: var(--highlight-keyword)"&gt;,&amp;nbsp;&lt;/span&gt;&lt;span style="color: var(--highlight-default)"&gt;$exit&lt;/span&gt;&lt;span style="color: var(--highlight-keyword)"&gt;);&lt;/span&gt;&lt;/code&gt;&lt;/li&gt;\n
&lt;li&gt;&lt;code&gt;&lt;span style="color: var(--highlight-keyword)"&gt;&amp;nbsp;&amp;nbsp;&amp;nbsp;&amp;nbsp;&amp;nbsp;&amp;nbsp;&amp;nbsp;&amp;nbsp;}&amp;nbsp;catch&amp;nbsp;(&lt;/span&gt;&lt;span style="color: var(--highlight-default)"&gt;Throwable&amp;nbsp;$t&lt;/span&gt;&lt;span style="color: var(--highlight-keyword)"&gt;)&amp;nbsp;{&lt;/span&gt;&lt;/code&gt;&lt;/li&gt;\n
&lt;li&gt;&lt;code&gt;&lt;span style="color: var(--highlight-keyword)"&gt;&amp;nbsp;&amp;nbsp;&amp;nbsp;&amp;nbsp;&amp;nbsp;&amp;nbsp;&amp;nbsp;&amp;nbsp;&amp;nbsp;&amp;nbsp;&amp;nbsp;&amp;nbsp;print&amp;nbsp;&lt;/span&gt;&lt;span style="color: var(--highlight-default)"&gt;$t&lt;/span&gt;&lt;span style="color: var(--highlight-keyword)"&gt;-&amp;gt;&lt;/span&gt;&lt;span style="color: var(--highlight-default)"&gt;getMessage&lt;/span&gt;&lt;span style="color: var(--highlight-keyword)"&gt;()&amp;nbsp;.&amp;nbsp;&lt;/span&gt;&lt;span style="color: var(--highlight-default)"&gt;PHP_EOL&lt;/span&gt;&lt;span style="color: var(--highlight-keyword)"&gt;;&lt;/span&gt;&lt;/code&gt;&lt;/li&gt;\n
&lt;li&gt;&lt;code&gt;&lt;span style="color: var(--highlight-keyword)"&gt;&amp;nbsp;&amp;nbsp;&amp;nbsp;&amp;nbsp;&amp;nbsp;&amp;nbsp;&amp;nbsp;&amp;nbsp;}&lt;/span&gt;&lt;/code&gt;&lt;/li&gt;\n
&lt;li&gt;&lt;code&gt;&lt;span style="color: var(--highlight-keyword)"&gt;&lt;/span&gt;&lt;/code&gt;&lt;/li&gt;\n
&lt;li&gt;&lt;code&gt;&lt;span style="color: var(--highlight-keyword)"&gt;&amp;nbsp;&amp;nbsp;&amp;nbsp;&amp;nbsp;&amp;nbsp;&amp;nbsp;&amp;nbsp;&amp;nbsp;&lt;/span&gt;&lt;span style="color: var(--highlight-default)"&gt;$return&amp;nbsp;&lt;/span&gt;&lt;span style="color: var(--highlight-keyword)"&gt;=&amp;nbsp;&lt;/span&gt;&lt;span style="color: var(--highlight-default)"&gt;TestRunner&lt;/span&gt;&lt;span style="color: var(--highlight-keyword)"&gt;::&lt;/span&gt;&lt;span style="color: var(--highlight-default)"&gt;FAILURE_EXIT&lt;/span&gt;&lt;span style="color: var(--highlight-keyword)"&gt;;&lt;/span&gt;&lt;/code&gt;&lt;/li&gt;&lt;/ol&gt;    &lt;/div&gt;            &lt;/div&gt;\n
                        &lt;div class="trace-line "&gt;\n
                &lt;div class="trace-line-header break-long-words sf-toggle" data-toggle-selector="#trace-html-1-31" data-toggle-initial=""&gt;\n
            &lt;span class="icon icon-close"&gt;&lt;svg width="1792" height="1792" viewBox="0 0 1792 1792" xmlns="http://www.w3.org/2000/svg"&gt;&lt;path d="M1408 960V832q0-26-19-45t-45-19H448q-26 0-45 19t-19 45v128q0 26 19 45t45 19h896q26 0 45-19t19-45zm256-544v960q0 119-84.5 203.5T1376 1664H416q-119 0-203.5-84.5T128 1376V416q0-119 84.5-203.5T416 128h960q119 0 203.5 84.5T1664 416z"/&gt;&lt;/svg&gt;&lt;/span&gt;\n
        &lt;span class="icon icon-open"&gt;&lt;svg width="1792" height="1792" viewBox="0 0 1792 1792" xmlns="http://www.w3.org/2000/svg"&gt;&lt;path d="M1408 960V832q0-26-19-45t-45-19h-320V448q0-26-19-45t-45-19H832q-26 0-45 19t-19 45v320H448q-26 0-45 19t-19 45v128q0 26 19 45t45 19h320v320q0 26 19 45t45 19h128q26 0 45-19t19-45v-320h320q26 0 45-19t19-45zm256-544v960q0 119-84.5 203.5T1376 1664H416q-119 0-203.5-84.5T128 1376V416q0-119 84.5-203.5T416 128h960q119 0 203.5 84.5T1664 416z"/&gt;&lt;/svg&gt;&lt;/span&gt;\n
    \n
            &lt;span class="trace-class"&gt;&lt;abbr title="PHPUnit\TextUI\Command"&gt;Command&lt;/abbr&gt;&lt;/span&gt;&lt;span class="trace-type"&gt;-&gt;&lt;/span&gt;&lt;span class="trace-method"&gt;run&lt;/span&gt;&lt;span class="trace-arguments"&gt;(&lt;em&gt;array&lt;/em&gt;('bin/phpunit', '--log-junit', 'test-results.xml'), &lt;em&gt;true&lt;/em&gt;)&lt;/span&gt;    \n
                    &lt;span class="block trace-file-path"&gt;\n
            in\n
            &lt;a href="file://C:\Users\sliti\Desktop\dev\esprit-PIDEV-3A16-2526-FARMIA\vendor\phpunit\phpunit\src\TextUI\Command.php#L99"&gt;\n
                C:\Users\sliti\Desktop\dev\esprit-PIDEV-3A16-2526-FARMIA\vendor\phpunit\phpunit\src\TextUI\&lt;strong&gt;Command.php&lt;/strong&gt;\n
            &lt;/a&gt;\n
                        (line 99)\n
            &lt;span class="icon icon-copy hidden" data-clipboard-text="C:\Users\sliti\Desktop\dev\esprit-PIDEV-3A16-2526-FARMIA\vendor\phpunit\phpunit\src\TextUI\Command.php:99"&gt;\n
                &lt;svg xmlns="http://www.w3.org/2000/svg" height="24" viewBox="0 0 24 24" width="24"&gt;&lt;path d="M0 0h24v24H0z" fill="none"/&gt;&lt;path d="M16 1H4c-1.1 0-2 .9-2 2v14h2V3h12V1zm3 4H8c-1.1 0-2 .9-2 2v14c0 1.1.9 2 2 2h11c1.1 0 2-.9 2-2V7c0-1.1-.9-2-2-2zm0 16H8V7h11v14z"/&gt;&lt;/svg&gt;            &lt;/span&gt;\n
        &lt;/span&gt;\n
    &lt;/div&gt;\n
    &lt;div id="trace-html-1-31" class="trace-code sf-toggle-content"&gt;\n
        &lt;ol start="94"&gt;&lt;li&gt;&lt;code&gt;&lt;span style="color: var(--highlight-comment)"&gt;&amp;nbsp;&amp;nbsp;&amp;nbsp;&amp;nbsp;&amp;nbsp;*&amp;nbsp;@throws&amp;nbsp;Exception&lt;/span&gt;&lt;/code&gt;&lt;/li&gt;\n
&lt;li&gt;&lt;code&gt;&lt;span style="color: var(--highlight-comment)"&gt;&amp;nbsp;&amp;nbsp;&amp;nbsp;&amp;nbsp;&amp;nbsp;*/&lt;/span&gt;&lt;/code&gt;&lt;/li&gt;\n
&lt;li&gt;&lt;code&gt;&lt;span style="color: var(--highlight-comment)"&gt;&amp;nbsp;&amp;nbsp;&amp;nbsp;&amp;nbsp;&lt;/span&gt;&lt;span style="color: var(--highlight-keyword)"&gt;public&amp;nbsp;static&amp;nbsp;function&amp;nbsp;&lt;/span&gt;&lt;span style="color: var(--highlight-default)"&gt;main&lt;/span&gt;&lt;span style="color: var(--highlight-keyword)"&gt;(&lt;/span&gt;&lt;span style="color: var(--highlight-default)"&gt;bool&amp;nbsp;$exit&amp;nbsp;&lt;/span&gt;&lt;span style="color: var(--highlight-keyword)"&gt;=&amp;nbsp;&lt;/span&gt;&lt;span style="color: var(--highlight-default)"&gt;true&lt;/span&gt;&lt;span style="color: var(--highlight-keyword)"&gt;):&amp;nbsp;&lt;/span&gt;&lt;span style="color: var(--highlight-default)"&gt;int&lt;/span&gt;&lt;/code&gt;&lt;/li&gt;\n
&lt;li&gt;&lt;code&gt;&lt;span style="color: var(--highlight-default)"&gt;&amp;nbsp;&amp;nbsp;&amp;nbsp;&amp;nbsp;&lt;/span&gt;&lt;span style="color: var(--highlight-keyword)"&gt;{&lt;/span&gt;&lt;/code&gt;&lt;/li&gt;\n
&lt;li&gt;&lt;code&gt;&lt;span style="color: var(--highlight-keyword)"&gt;&amp;nbsp;&amp;nbsp;&amp;nbsp;&amp;nbsp;&amp;nbsp;&amp;nbsp;&amp;nbsp;&amp;nbsp;try&amp;nbsp;{&lt;/span&gt;&lt;/code&gt;&lt;/li&gt;\n
&lt;li class="selected"&gt;&lt;code&gt;&lt;span style="color: var(--highlight-keyword)"&gt;&amp;nbsp;&amp;nbsp;&amp;nbsp;&amp;nbsp;&amp;nbsp;&amp;nbsp;&amp;nbsp;&amp;nbsp;&amp;nbsp;&amp;nbsp;&amp;nbsp;&amp;nbsp;return&amp;nbsp;(new&amp;nbsp;static)-&amp;gt;&lt;/span&gt;&lt;span style="color: var(--highlight-default)"&gt;run&lt;/span&gt;&lt;span style="color: var(--highlight-keyword)"&gt;(&lt;/span&gt;&lt;span style="color: var(--highlight-default)"&gt;$_SERVER&lt;/span&gt;&lt;span style="color: var(--highlight-keyword)"&gt;[&lt;/span&gt;&lt;span style="color: var(--highlight-string)"&gt;'argv'&lt;/span&gt;&lt;span style="color: var(--highlight-keyword)"&gt;],&amp;nbsp;&lt;/span&gt;&lt;span style="color: var(--highlight-default)"&gt;$exit&lt;/span&gt;&lt;span style="color: var(--highlight-keyword)"&gt;);&lt;/span&gt;&lt;/code&gt;&lt;/li&gt;\n
&lt;li&gt;&lt;code&gt;&lt;span style="color: var(--highlight-keyword)"&gt;&amp;nbsp;&amp;nbsp;&amp;nbsp;&amp;nbsp;&amp;nbsp;&amp;nbsp;&amp;nbsp;&amp;nbsp;}&amp;nbsp;catch&amp;nbsp;(&lt;/span&gt;&lt;span style="color: var(--highlight-default)"&gt;Throwable&amp;nbsp;$t&lt;/span&gt;&lt;span style="color: var(--highlight-keyword)"&gt;)&amp;nbsp;{&lt;/span&gt;&lt;/code&gt;&lt;/li&gt;\n
&lt;li&gt;&lt;code&gt;&lt;span style="color: var(--highlight-keyword)"&gt;&amp;nbsp;&amp;nbsp;&amp;nbsp;&amp;nbsp;&amp;nbsp;&amp;nbsp;&amp;nbsp;&amp;nbsp;&amp;nbsp;&amp;nbsp;&amp;nbsp;&amp;nbsp;throw&amp;nbsp;new&amp;nbsp;&lt;/span&gt;&lt;span style="color: var(--highlight-default)"&gt;RuntimeException&lt;/span&gt;&lt;span style="color: var(--highlight-keyword)"&gt;(&lt;/span&gt;&lt;/code&gt;&lt;/li&gt;\n
&lt;li&gt;&lt;code&gt;&lt;span style="color: var(--highlight-keyword)"&gt;&amp;nbsp;&amp;nbsp;&amp;nbsp;&amp;nbsp;&amp;nbsp;&amp;nbsp;&amp;nbsp;&amp;nbsp;&amp;nbsp;&amp;nbsp;&amp;nbsp;&amp;nbsp;&amp;nbsp;&amp;nbsp;&amp;nbsp;&amp;nbsp;&lt;/span&gt;&lt;span style="color: var(--highlight-default)"&gt;$t&lt;/span&gt;&lt;span style="color: var(--highlight-keyword)"&gt;-&amp;gt;&lt;/span&gt;&lt;span style="color: var(--highlight-default)"&gt;getMessage&lt;/span&gt;&lt;span style="color: var(--highlight-keyword)"&gt;(),&lt;/span&gt;&lt;/code&gt;&lt;/li&gt;\n
&lt;li&gt;&lt;code&gt;&lt;span style="color: var(--highlight-keyword)"&gt;&amp;nbsp;&amp;nbsp;&amp;nbsp;&amp;nbsp;&amp;nbsp;&amp;nbsp;&amp;nbsp;&amp;nbsp;&amp;nbsp;&amp;nbsp;&amp;nbsp;&amp;nbsp;&amp;nbsp;&amp;nbsp;&amp;nbsp;&amp;nbsp;(int)&amp;nbsp;&lt;/span&gt;&lt;span style="color: var(--highlight-default)"&gt;$t&lt;/span&gt;&lt;span style="color: var(--highlight-keyword)"&gt;-&amp;gt;&lt;/span&gt;&lt;span style="color: var(--highlight-default)"&gt;getCode&lt;/span&gt;&lt;span style="color: var(--highlight-keyword)"&gt;(),&lt;/span&gt;&lt;/code&gt;&lt;/li&gt;\n
&lt;li&gt;&lt;code&gt;&lt;span style="color: var(--highlight-keyword)"&gt;&amp;nbsp;&amp;nbsp;&amp;nbsp;&amp;nbsp;&amp;nbsp;&amp;nbsp;&amp;nbsp;&amp;nbsp;&amp;nbsp;&amp;nbsp;&amp;nbsp;&amp;nbsp;&amp;nbsp;&amp;nbsp;&amp;nbsp;&amp;nbsp;&lt;/span&gt;&lt;span style="color: var(--highlight-default)"&gt;$t&lt;/span&gt;&lt;span style="color: var(--highlight-keyword)"&gt;,&lt;/span&gt;&lt;/code&gt;&lt;/li&gt;&lt;/ol&gt;    &lt;/div&gt;            &lt;/div&gt;\n
                        &lt;div class="trace-line "&gt;\n
                &lt;div class="trace-line-header break-long-words sf-toggle" data-toggle-selector="#trace-html-1-32" data-toggle-initial=""&gt;\n
            &lt;span class="icon icon-close"&gt;&lt;svg width="1792" height="1792" viewBox="0 0 1792 1792" xmlns="http://www.w3.org/2000/svg"&gt;&lt;path d="M1408 960V832q0-26-19-45t-45-19H448q-26 0-45 19t-19 45v128q0 26 19 45t45 19h896q26 0 45-19t19-45zm256-544v960q0 119-84.5 203.5T1376 1664H416q-119 0-203.5-84.5T128 1376V416q0-119 84.5-203.5T416 128h960q119 0 203.5 84.5T1664 416z"/&gt;&lt;/svg&gt;&lt;/span&gt;\n
        &lt;span class="icon icon-open"&gt;&lt;svg width="1792" height="1792" viewBox="0 0 1792 1792" xmlns="http://www.w3.org/2000/svg"&gt;&lt;path d="M1408 960V832q0-26-19-45t-45-19h-320V448q0-26-19-45t-45-19H832q-26 0-45 19t-19 45v320H448q-26 0-45 19t-19 45v128q0 26 19 45t45 19h320v320q0 26 19 45t45 19h128q26 0 45-19t19-45v-320h320q26 0 45-19t19-45zm256-544v960q0 119-84.5 203.5T1376 1664H416q-119 0-203.5-84.5T128 1376V416q0-119 84.5-203.5T416 128h960q119 0 203.5 84.5T1664 416z"/&gt;&lt;/svg&gt;&lt;/span&gt;\n
    \n
            &lt;span class="trace-class"&gt;&lt;abbr title="PHPUnit\TextUI\Command"&gt;Command&lt;/abbr&gt;&lt;/span&gt;&lt;span class="trace-type"&gt;::&lt;/span&gt;&lt;span class="trace-method"&gt;main&lt;/span&gt;&lt;span class="trace-arguments"&gt;()&lt;/span&gt;    \n
                    &lt;span class="block trace-file-path"&gt;\n
            in\n
            &lt;a href="file://C:\Users\sliti\Desktop\dev\esprit-PIDEV-3A16-2526-FARMIA\vendor\phpunit\phpunit\phpunit#L107"&gt;\n
                C:\Users\sliti\Desktop\dev\esprit-PIDEV-3A16-2526-FARMIA\vendor\phpunit\phpunit\&lt;strong&gt;phpunit&lt;/strong&gt;\n
            &lt;/a&gt;\n
                        (line 107)\n
            &lt;span class="icon icon-copy hidden" data-clipboard-text="C:\Users\sliti\Desktop\dev\esprit-PIDEV-3A16-2526-FARMIA\vendor\phpunit\phpunit\phpunit:107"&gt;\n
                &lt;svg xmlns="http://www.w3.org/2000/svg" height="24" viewBox="0 0 24 24" width="24"&gt;&lt;path d="M0 0h24v24H0z" fill="none"/&gt;&lt;path d="M16 1H4c-1.1 0-2 .9-2 2v14h2V3h12V1zm3 4H8c-1.1 0-2 .9-2 2v14c0 1.1.9 2 2 2h11c1.1 0 2-.9 2-2V7c0-1.1-.9-2-2-2zm0 16H8V7h11v14z"/&gt;&lt;/svg&gt;            &lt;/span&gt;\n
        &lt;/span&gt;\n
    &lt;/div&gt;\n
    &lt;div id="trace-html-1-32" class="trace-code sf-toggle-content"&gt;\n
        &lt;ol start="102"&gt;&lt;li&gt;&lt;code&gt;&lt;span style="color: var(--highlight-keyword)"&gt;unset(&lt;/span&gt;&lt;span style="color: var(--highlight-default)"&gt;$options&lt;/span&gt;&lt;span style="color: var(--highlight-keyword)"&gt;);&lt;/span&gt;&lt;/code&gt;&lt;/li&gt;\n
&lt;li&gt;&lt;code&gt;&lt;span style="color: var(--highlight-keyword)"&gt;&lt;/span&gt;&lt;/code&gt;&lt;/li&gt;\n
&lt;li&gt;&lt;code&gt;&lt;span style="color: var(--highlight-keyword)"&gt;require&amp;nbsp;&lt;/span&gt;&lt;span style="color: var(--highlight-default)"&gt;PHPUNIT_COMPOSER_INSTALL&lt;/span&gt;&lt;span style="color: var(--highlight-keyword)"&gt;;&lt;/span&gt;&lt;/code&gt;&lt;/li&gt;\n
&lt;li&gt;&lt;code&gt;&lt;span style="color: var(--highlight-keyword)"&gt;&lt;/span&gt;&lt;/code&gt;&lt;/li&gt;\n
&lt;li&gt;&lt;code&gt;&lt;span style="color: var(--highlight-keyword)"&gt;&lt;/span&gt;&lt;span style="color: var(--highlight-default)"&gt;PHPUnit\TextUI\Command&lt;/span&gt;&lt;span style="color: var(--highlight-keyword)"&gt;::&lt;/span&gt;&lt;span style="color: var(--highlight-default)"&gt;main&lt;/span&gt;&lt;span style="color: var(--highlight-keyword)"&gt;();&lt;/span&gt;&lt;/code&gt;&lt;/li&gt;\n
&lt;li class="selected"&gt;&lt;code&gt;&lt;span style="color: var(--highlight-keyword)"&gt;&lt;/span&gt;&lt;/code&gt;&lt;/li&gt;&lt;/ol&gt;    &lt;/div&gt;            &lt;/div&gt;\n
                        &lt;div class="trace-line "&gt;\n
                &lt;div class="trace-line-header break-long-words sf-toggle" data-toggle-selector="#trace-html-1-33" data-toggle-initial=""&gt;\n
            &lt;span class="icon icon-close"&gt;&lt;svg width="1792" height="1792" viewBox="0 0 1792 1792" xmlns="http://www.w3.org/2000/svg"&gt;&lt;path d="M1408 960V832q0-26-19-45t-45-19H448q-26 0-45 19t-19 45v128q0 26 19 45t45 19h896q26 0 45-19t19-45zm256-544v960q0 119-84.5 203.5T1376 1664H416q-119 0-203.5-84.5T128 1376V416q0-119 84.5-203.5T416 128h960q119 0 203.5 84.5T1664 416z"/&gt;&lt;/svg&gt;&lt;/span&gt;\n
        &lt;span class="icon icon-open"&gt;&lt;svg width="1792" height="1792" viewBox="0 0 1792 1792" xmlns="http://www.w3.org/2000/svg"&gt;&lt;path d="M1408 960V832q0-26-19-45t-45-19h-320V448q0-26-19-45t-45-19H832q-26 0-45 19t-19 45v320H448q-26 0-45 19t-19 45v128q0 26 19 45t45 19h320v320q0 26 19 45t45 19h128q26 0 45-19t19-45v-320h320q26 0 45-19t19-45zm256-544v960q0 119-84.5 203.5T1376 1664H416q-119 0-203.5-84.5T128 1376V416q0-119 84.5-203.5T416 128h960q119 0 203.5 84.5T1664 416z"/&gt;&lt;/svg&gt;&lt;/span&gt;\n
    \n
            &lt;span class="trace-class"&gt;&lt;abbr title=""&gt;&lt;/abbr&gt;&lt;/span&gt;&lt;span class="trace-method"&gt;require&lt;/span&gt;&lt;span class="trace-arguments"&gt;('C:\\Users\\sliti\\Desktop\\dev\\esprit-PIDEV-3A16-2526-FARMIA\\vendor\\phpunit\\phpunit\\phpunit')&lt;/span&gt;    \n
                    &lt;span class="block trace-file-path"&gt;\n
            in\n
            &lt;a href="file://C:\Users\sliti\Desktop\dev\esprit-PIDEV-3A16-2526-FARMIA\bin\phpunit#L10"&gt;\n
                C:\Users\sliti\Desktop\dev\esprit-PIDEV-3A16-2526-FARMIA\bin\&lt;strong&gt;phpunit&lt;/strong&gt;\n
            &lt;/a&gt;\n
                        (line 10)\n
            &lt;span class="icon icon-copy hidden" data-clipboard-text="C:\Users\sliti\Desktop\dev\esprit-PIDEV-3A16-2526-FARMIA\bin\phpunit:10"&gt;\n
                &lt;svg xmlns="http://www.w3.org/2000/svg" height="24" viewBox="0 0 24 24" width="24"&gt;&lt;path d="M0 0h24v24H0z" fill="none"/&gt;&lt;path d="M16 1H4c-1.1 0-2 .9-2 2v14h2V3h12V1zm3 4H8c-1.1 0-2 .9-2 2v14c0 1.1.9 2 2 2h11c1.1 0 2-.9 2-2V7c0-1.1-.9-2-2-2zm0 16H8V7h11v14z"/&gt;&lt;/svg&gt;            &lt;/span&gt;\n
        &lt;/span&gt;\n
    &lt;/div&gt;\n
    &lt;div id="trace-html-1-33" class="trace-code sf-toggle-content"&gt;\n
        &lt;ol start="5"&gt;&lt;li&gt;&lt;code&gt;&lt;span style="color: var(--highlight-keyword)"&gt;}\r
&lt;/span&gt;&lt;/code&gt;&lt;/li&gt;\n
&lt;li&gt;&lt;code&gt;&lt;span style="color: var(--highlight-keyword)"&gt;\r
&lt;/span&gt;&lt;/code&gt;&lt;/li&gt;\n
&lt;li&gt;&lt;code&gt;&lt;span style="color: var(--highlight-keyword)"&gt;if&amp;nbsp;(&lt;/span&gt;&lt;span style="color: var(--highlight-default)"&gt;is_file&lt;/span&gt;&lt;span style="color: var(--highlight-keyword)"&gt;(&lt;/span&gt;&lt;span style="color: var(--highlight-default)"&gt;dirname&lt;/span&gt;&lt;span style="color: var(--highlight-keyword)"&gt;(&lt;/span&gt;&lt;span style="color: var(--highlight-default)"&gt;__DIR__&lt;/span&gt;&lt;span style="color: var(--highlight-keyword)"&gt;).&lt;/span&gt;&lt;span style="color: var(--highlight-string)"&gt;'/vendor/phpunit/phpunit/phpunit'&lt;/span&gt;&lt;span style="color: var(--highlight-keyword)"&gt;))&amp;nbsp;{\r
&lt;/span&gt;&lt;/code&gt;&lt;/li&gt;\n
&lt;li&gt;&lt;code&gt;&lt;span style="color: var(--highlight-keyword)"&gt;&amp;nbsp;&amp;nbsp;&amp;nbsp;&amp;nbsp;if&amp;nbsp;(&lt;/span&gt;&lt;span style="color: var(--highlight-default)"&gt;PHP_VERSION_ID&amp;nbsp;&lt;/span&gt;&lt;span style="color: var(--highlight-keyword)"&gt;&amp;gt;=&amp;nbsp;&lt;/span&gt;&lt;span style="color: var(--highlight-default)"&gt;80000&lt;/span&gt;&lt;span style="color: var(--highlight-keyword)"&gt;)&amp;nbsp;{\r
&lt;/span&gt;&lt;/code&gt;&lt;/li&gt;\n
&lt;li&gt;&lt;code&gt;&lt;span style="color: var(--highlight-keyword)"&gt;&amp;nbsp;&amp;nbsp;&amp;nbsp;&amp;nbsp;&amp;nbsp;&amp;nbsp;&amp;nbsp;&amp;nbsp;require&amp;nbsp;&lt;/span&gt;&lt;span style="color: var(--highlight-default)"&gt;dirname&lt;/span&gt;&lt;span style="color: var(--highlight-keyword)"&gt;(&lt;/span&gt;&lt;span style="color: var(--highlight-default)"&gt;__DIR__&lt;/span&gt;&lt;span style="color: var(--highlight-keyword)"&gt;).&lt;/span&gt;&lt;span style="color: var(--highlight-string)"&gt;'/vendor/phpunit/phpunit/phpunit'&lt;/span&gt;&lt;span style="color: var(--highlight-keyword)"&gt;;\r
&lt;/span&gt;&lt;/code&gt;&lt;/li&gt;\n
&lt;li class="selected"&gt;&lt;code&gt;&lt;span style="color: var(--highlight-keyword)"&gt;&amp;nbsp;&amp;nbsp;&amp;nbsp;&amp;nbsp;}&amp;nbsp;else&amp;nbsp;{\r
&lt;/span&gt;&lt;/code&gt;&lt;/li&gt;\n
&lt;li&gt;&lt;code&gt;&lt;span style="color: var(--highlight-keyword)"&gt;&amp;nbsp;&amp;nbsp;&amp;nbsp;&amp;nbsp;&amp;nbsp;&amp;nbsp;&amp;nbsp;&amp;nbsp;&lt;/span&gt;&lt;span style="color: var(--highlight-default)"&gt;define&lt;/span&gt;&lt;span style="color: var(--highlight-keyword)"&gt;(&lt;/span&gt;&lt;span style="color: var(--highlight-string)"&gt;'PHPUNIT_COMPOSER_INSTALL'&lt;/span&gt;&lt;span style="color: var(--highlight-keyword)"&gt;,&amp;nbsp;&lt;/span&gt;&lt;span style="color: var(--highlight-default)"&gt;dirname&lt;/span&gt;&lt;span style="color: var(--highlight-keyword)"&gt;(&lt;/span&gt;&lt;span style="color: var(--highlight-default)"&gt;__DIR__&lt;/span&gt;&lt;span style="color: var(--highlight-keyword)"&gt;).&lt;/span&gt;&lt;span style="color: var(--highlight-string)"&gt;'/vendor/autoload.php'&lt;/span&gt;&lt;span style="color: var(--highlight-keyword)"&gt;);\r
&lt;/span&gt;&lt;/code&gt;&lt;/li&gt;\n
&lt;li&gt;&lt;code&gt;&lt;span style="color: var(--highlight-keyword)"&gt;&amp;nbsp;&amp;nbsp;&amp;nbsp;&amp;nbsp;&amp;nbsp;&amp;nbsp;&amp;nbsp;&amp;nbsp;require&amp;nbsp;&lt;/span&gt;&lt;span style="color: var(--highlight-default)"&gt;PHPUNIT_COMPOSER_INSTALL&lt;/span&gt;&lt;span style="color: var(--highlight-keyword)"&gt;;\r
&lt;/span&gt;&lt;/code&gt;&lt;/li&gt;\n
&lt;li&gt;&lt;code&gt;&lt;span style="color: var(--highlight-keyword)"&gt;&amp;nbsp;&amp;nbsp;&amp;nbsp;&amp;nbsp;&amp;nbsp;&amp;nbsp;&amp;nbsp;&amp;nbsp;&lt;/span&gt;&lt;span style="color: var(--highlight-default)"&gt;PHPUnit\TextUI\Command&lt;/span&gt;&lt;span style="color: var(--highlight-keyword)"&gt;::&lt;/span&gt;&lt;span style="color: var(--highlight-default)"&gt;main&lt;/span&gt;&lt;span style="color: var(--highlight-keyword)"&gt;();\r
&lt;/span&gt;&lt;/code&gt;&lt;/li&gt;\n
&lt;li&gt;&lt;code&gt;&lt;span style="color: var(--highlight-keyword)"&gt;&amp;nbsp;&amp;nbsp;&amp;nbsp;&amp;nbsp;}\r
&lt;/span&gt;&lt;/code&gt;&lt;/li&gt;\n
&lt;li&gt;&lt;code&gt;&lt;span style="color: var(--highlight-keyword)"&gt;}&amp;nbsp;else&amp;nbsp;{\r
&lt;/span&gt;&lt;/code&gt;&lt;/li&gt;&lt;/ol&gt;    &lt;/div&gt;            &lt;/div&gt;\n
                    &lt;/div&gt;\n
    &lt;/div&gt;\n
&lt;/div&gt;            &lt;/div&gt;\n
        &lt;/div&gt;\n
\n
        \n
        &lt;div class="tab"&gt;\n
            &lt;h3 class="tab-title"&gt;\n
                                    Stack Trace\n
                            &lt;/h3&gt;\n
\n
            &lt;div class="tab-content"&gt;\n
                &lt;table class="trace trace-as-text"&gt;\n
    &lt;thead class="trace-head"&gt;\n
        &lt;tr&gt;\n
            &lt;th class="sf-toggle" data-toggle-selector="#trace-text-1" data-toggle-initial="display"&gt;\n
                &lt;div class="trace-class"&gt;\n
                                        RuntimeError                    &lt;span class="icon icon-close"&gt;&lt;svg width="1792" height="1792" viewBox="0 0 1792 1792" xmlns="http://www.w3.org/2000/svg"&gt;&lt;path d="M1344 800v64q0 14-9 23t-23 9H480q-14 0-23-9t-9-23v-64q0-14 9-23t23-9h832q14 0 23 9t9 23zm128 448V416q0-66-47-113t-113-47H480q-66 0-113 47t-47 113v832q0 66 47 113t113 47h832q66 0 113-47t47-113zm128-832v832q0 119-84.5 203.5T1312 1536H480q-119 0-203.5-84.5T192 1248V416q0-119 84.5-203.5T480 128h832q119 0 203.5 84.5T1600 416z"/&gt;&lt;/svg&gt;&lt;/span&gt;\n
                    &lt;span class="icon icon-open"&gt;&lt;svg width="1792" height="1792" viewBox="0 0 1792 1792" xmlns="http://www.w3.org/2000/svg"&gt;&lt;path d="M1344 800v64q0 14-9 23t-23 9H960v352q0 14-9 23t-23 9h-64q-14 0-23-9t-9-23V896H480q-14 0-23-9t-9-23v-64q0-14 9-23t23-9h352V416q0-14 9-23t23-9h64q14 0 23 9t9 23v352h352q14 0 23 9t9 23zm128 448V416q0-66-47-113t-113-47H480q-66 0-113 47t-47 113v832q0 66 47 113t113 47h832q66 0 113-47t47-113zm128-832v832q0 119-84.5 203.5T1312 1536H480q-119 0-203.5-84.5T192 1248V416q0-119 84.5-203.5T480 128h832q119 0 203.5 84.5T1600 416z"/&gt;&lt;/svg&gt;&lt;/span&gt;\n
                &lt;/div&gt;\n
            &lt;/th&gt;\n
        &lt;/tr&gt;\n
    &lt;/thead&gt;\n
\n
    &lt;tbody id="trace-text-1"&gt;\n
        &lt;tr&gt;\n
            &lt;td&gt;\n
                                &lt;pre class="stacktrace"&gt;\n
Twig\Error\RuntimeError:\n
Impossible to access an attribute (&amp;quot;nom&amp;quot;) on a null variable in &amp;quot;components/_profile_modal.html.twig&amp;quot; at line 53.\n
\n
  at C:\Users\sliti\Desktop\dev\esprit-PIDEV-3A16-2526-FARMIA\templates\components\_profile_modal.html.twig:53\n
  at Twig\Extension\CoreExtension::getAttribute(object(Environment), object(Source), null, 'nom', array(), 'any', false, false, false, 53)\n
     (C:\Users\sliti\Desktop\dev\esprit-PIDEV-3A16-2526-FARMIA\var\cache\test\twig\5d\5d07f95a04aea814789e466f36922b83.php:118)\n
  at __TwigTemplate_14b0366358f04021c4c491b76bd18364-&amp;gt;doDisplay(array('fermes' =&gt; array(), 'searchTerm' =&gt; '', 'currentSort' =&gt; 'idFerme', 'currentDirection' =&gt; 'ASC', 'errors' =&gt; array(), 'ferme_edit' =&gt; null, 'app' =&gt; object(AppVariable), 'current_route' =&gt; 'app_ferme_index'), array())\n
     (C:\Users\sliti\Desktop\dev\esprit-PIDEV-3A16-2526-FARMIA\vendor\twig\twig\src\Template.php:402)\n
  at Twig\Template-&amp;gt;yield(array('fermes' =&gt; array(), 'searchTerm' =&gt; '', 'currentSort' =&gt; 'idFerme', 'currentDirection' =&gt; 'ASC', 'errors' =&gt; array(), 'ferme_edit' =&gt; null, 'app' =&gt; object(AppVariable), 'current_route' =&gt; 'app_ferme_index'))\n
     (C:\Users\sliti\Desktop\dev\esprit-PIDEV-3A16-2526-FARMIA\var\cache\test\twig\17\170dfbc37d71379a1ea82aee9553d314.php:234)\n
  at __TwigTemplate_ad2711c1e71abc2ab4f5914660d9d39a-&amp;gt;doDisplay(array('fermes' =&gt; array(), 'searchTerm' =&gt; '', 'currentSort' =&gt; 'idFerme', 'currentDirection' =&gt; 'ASC', 'errors' =&gt; array(), 'ferme_edit' =&gt; null, 'app' =&gt; object(AppVariable), 'current_route' =&gt; 'app_ferme_index'), array('title' =&gt; array(object(__TwigTemplate_95e3670c3b9e843df34ef1bc4233ab1b), 'block_title'), 'stylesheets' =&gt; array(object(__TwigTemplate_ad2711c1e71abc2ab4f5914660d9d39a), 'block_stylesheets'), 'body' =&gt; array(object(__TwigTemplate_95e3670c3b9e843df34ef1bc4233ab1b), 'block_body'), 'javascripts' =&gt; array(object(__TwigTemplate_ad2711c1e71abc2ab4f5914660d9d39a), 'block_javascripts')))\n
     (C:\Users\sliti\Desktop\dev\esprit-PIDEV-3A16-2526-FARMIA\vendor\twig\twig\src\Template.php:402)\n
  at Twig\Template-&amp;gt;yield(array('fermes' =&gt; array(), 'searchTerm' =&gt; '', 'currentSort' =&gt; 'idFerme', 'currentDirection' =&gt; 'ASC', 'errors' =&gt; array(), 'ferme_edit' =&gt; null, 'app' =&gt; object(AppVariable)), array('title' =&gt; array(object(__TwigTemplate_95e3670c3b9e843df34ef1bc4233ab1b), 'block_title'), 'stylesheets' =&gt; array(object(__TwigTemplate_ad2711c1e71abc2ab4f5914660d9d39a), 'block_stylesheets'), 'body' =&gt; array(object(__TwigTemplate_95e3670c3b9e843df34ef1bc4233ab1b), 'block_body'), 'javascripts' =&gt; array(object(__TwigTemplate_ad2711c1e71abc2ab4f5914660d9d39a), 'block_javascripts')))\n
     (C:\Users\sliti\Desktop\dev\esprit-PIDEV-3A16-2526-FARMIA\var\cache\test\twig\b8\b8543afc26401e4267d23016e66d8b86.php:54)\n
  at __TwigTemplate_95e3670c3b9e843df34ef1bc4233ab1b-&amp;gt;doDisplay(array('fermes' =&gt; array(), 'searchTerm' =&gt; '', 'currentSort' =&gt; 'idFerme', 'currentDirection' =&gt; 'ASC', 'errors' =&gt; array(), 'ferme_edit' =&gt; null, 'app' =&gt; object(AppVariable)), array('title' =&gt; array(object(__TwigTemplate_95e3670c3b9e843df34ef1bc4233ab1b), 'block_title'), 'body' =&gt; array(object(__TwigTemplate_95e3670c3b9e843df34ef1bc4233ab1b), 'block_body')))\n
     (C:\Users\sliti\Desktop\dev\esprit-PIDEV-3A16-2526-FARMIA\vendor\twig\twig\src\Template.php:402)\n
  at Twig\Template-&amp;gt;yield(array('fermes' =&gt; array(), 'searchTerm' =&gt; '', 'currentSort' =&gt; 'idFerme', 'currentDirection' =&gt; 'ASC', 'errors' =&gt; array(), 'ferme_edit' =&gt; null, 'app' =&gt; object(AppVariable)), array('title' =&gt; array(object(__TwigTemplate_95e3670c3b9e843df34ef1bc4233ab1b), 'block_title'), 'body' =&gt; array(object(__TwigTemplate_95e3670c3b9e843df34ef1bc4233ab1b), 'block_body')))\n
     (C:\Users\sliti\Desktop\dev\esprit-PIDEV-3A16-2526-FARMIA\vendor\twig\twig\src\Template.php:358)\n
  at Twig\Template-&amp;gt;display(array('fermes' =&gt; array(), 'searchTerm' =&gt; '', 'currentSort' =&gt; 'idFerme', 'currentDirection' =&gt; 'ASC', 'errors' =&gt; array(), 'ferme_edit' =&gt; null))\n
     (C:\Users\sliti\Desktop\dev\esprit-PIDEV-3A16-2526-FARMIA\vendor\twig\twig\src\Template.php:373)\n
  at Twig\Template-&amp;gt;render(array('fermes' =&gt; array(), 'searchTerm' =&gt; '', 'currentSort' =&gt; 'idFerme', 'currentDirection' =&gt; 'ASC', 'errors' =&gt; array(), 'ferme_edit' =&gt; null))\n
     (C:\Users\sliti\Desktop\dev\esprit-PIDEV-3A16-2526-FARMIA\vendor\twig\twig\src\TemplateWrapper.php:51)\n
  at Twig\TemplateWrapper-&amp;gt;render(array('fermes' =&gt; array(), 'searchTerm' =&gt; '', 'currentSort' =&gt; 'idFerme', 'currentDirection' =&gt; 'ASC', 'errors' =&gt; array(), 'ferme_edit' =&gt; null))\n
     (C:\Users\sliti\Desktop\dev\esprit-PIDEV-3A16-2526-FARMIA\vendor\twig\twig\src\Environment.php:333)\n
  at Twig\Environment-&amp;gt;render('ferme/index.html.twig', array('fermes' =&gt; array(), 'searchTerm' =&gt; '', 'currentSort' =&gt; 'idFerme', 'currentDirection' =&gt; 'ASC', 'errors' =&gt; array(), 'ferme_edit' =&gt; null))\n
     (C:\Users\sliti\Desktop\dev\esprit-PIDEV-3A16-2526-FARMIA\vendor\symfony\framework-bundle\Controller\AbstractController.php:452)\n
  at Symfony\Bundle\FrameworkBundle\Controller\AbstractController-&amp;gt;doRenderView('ferme/index.html.twig', null, array('fermes' =&gt; array(), 'searchTerm' =&gt; '', 'currentSort' =&gt; 'idFerme', 'currentDirection' =&gt; 'ASC', 'errors' =&gt; array(), 'ferme_edit' =&gt; null), 'render')\n
     (C:\Users\sliti\Desktop\dev\esprit-PIDEV-3A16-2526-FARMIA\vendor\symfony\framework-bundle\Controller\AbstractController.php:457)\n
  at Symfony\Bundle\FrameworkBundle\Controller\AbstractController-&amp;gt;doRender('ferme/index.html.twig', null, array('fermes' =&gt; array(), 'searchTerm' =&gt; '', 'currentSort' =&gt; 'idFerme', 'currentDirection' =&gt; 'ASC', 'errors' =&gt; array(), 'ferme_edit' =&gt; null), null, 'render')\n
     (C:\Users\sliti\Desktop\dev\esprit-PIDEV-3A16-2526-FARMIA\vendor\symfony\framework-bundle\Controller\AbstractController.php:257)\n
  at Symfony\Bundle\FrameworkBundle\Controller\AbstractController-&amp;gt;render('ferme/index.html.twig', array('fermes' =&gt; array(), 'searchTerm' =&gt; '', 'currentSort' =&gt; 'idFerme', 'currentDirection' =&gt; 'ASC', 'errors' =&gt; array(), 'ferme_edit' =&gt; null))\n
     (C:\Users\sliti\Desktop\dev\esprit-PIDEV-3A16-2526-FARMIA\src\Controller\FermeController.php:56)\n
  at App\Controller\FermeController-&amp;gt;index(object(FermeRepository), object(Request), object(EntityManagerGhost85163ea), object(TraceableValidator))\n
     (C:\Users\sliti\Desktop\dev\esprit-PIDEV-3A16-2526-FARMIA\vendor\symfony\http-kernel\HttpKernel.php:181)\n
  at Symfony\Component\HttpKernel\HttpKernel-&amp;gt;handleRaw(object(Request), 1)\n
     (C:\Users\sliti\Desktop\dev\esprit-PIDEV-3A16-2526-FARMIA\vendor\symfony\http-kernel\HttpKernel.php:76)\n
  at Symfony\Component\HttpKernel\HttpKernel-&amp;gt;handle(object(Request), 1, true)\n
     (C:\Users\sliti\Desktop\dev\esprit-PIDEV-3A16-2526-FARMIA\vendor\symfony\http-kernel\Kernel.php:208)\n
  at Symfony\Component\HttpKernel\Kernel-&amp;gt;handle(object(Request), 1, true)\n
     (C:\Users\sliti\Desktop\dev\esprit-PIDEV-3A16-2526-FARMIA\vendor\symfony\http-kernel\HttpKernelBrowser.php:65)\n
  at Symfony\Component\HttpKernel\HttpKernelBrowser-&amp;gt;doRequest(object(Request))\n
     (C:\Users\sliti\Desktop\dev\esprit-PIDEV-3A16-2526-FARMIA\vendor\symfony\framework-bundle\KernelBrowser.php:175)\n
  at Symfony\Bundle\FrameworkBundle\KernelBrowser-&amp;gt;doRequest(object(Request))\n
     (C:\Users\sliti\Desktop\dev\esprit-PIDEV-3A16-2526-FARMIA\vendor\symfony\browser-kit\AbstractBrowser.php:385)\n
  at Symfony\Component\BrowserKit\AbstractBrowser-&amp;gt;request('GET', 'http://localhost/ferme/')\n
     (C:\Users\sliti\Desktop\dev\esprit-PIDEV-3A16-2526-FARMIA\tests\Functional\SecurityTest.php:80)\n
  at App\Tests\Functional\SecurityTest-&amp;gt;testProtectedRoutesRequireAuthentication()\n
     (C:\Users\sliti\Desktop\dev\esprit-PIDEV-3A16-2526-FARMIA\vendor\phpunit\phpunit\src\Framework\TestCase.php:1617)\n
  at PHPUnit\Framework\TestCase-&amp;gt;runTest()\n
     (C:\Users\sliti\Desktop\dev\esprit-PIDEV-3A16-2526-FARMIA\vendor\phpunit\phpunit\src\Framework\TestCase.php:1223)\n
  at PHPUnit\Framework\TestCase-&amp;gt;runBare()\n
     (C:\Users\sliti\Desktop\dev\esprit-PIDEV-3A16-2526-FARMIA\vendor\phpunit\phpunit\src\Framework\TestResult.php:729)\n
  at PHPUnit\Framework\TestResult-&amp;gt;run(object(SecurityTest))\n
     (C:\Users\sliti\Desktop\dev\esprit-PIDEV-3A16-2526-FARMIA\vendor\phpunit\phpunit\src\Framework\TestCase.php:973)\n
  at PHPUnit\Framework\TestCase-&amp;gt;run(object(TestResult))\n
     (C:\Users\sliti\Desktop\dev\esprit-PIDEV-3A16-2526-FARMIA\vendor\phpunit\phpunit\src\Framework\TestSuite.php:685)\n
  at PHPUnit\Framework\TestSuite-&amp;gt;run(object(TestResult))\n
     (C:\Users\sliti\Desktop\dev\esprit-PIDEV-3A16-2526-FARMIA\vendor\phpunit\phpunit\src\Framework\TestSuite.php:685)\n
  at PHPUnit\Framework\TestSuite-&amp;gt;run(object(TestResult))\n
     (C:\Users\sliti\Desktop\dev\esprit-PIDEV-3A16-2526-FARMIA\vendor\phpunit\phpunit\src\Framework\TestSuite.php:685)\n
  at PHPUnit\Framework\TestSuite-&amp;gt;run(object(TestResult))\n
     (C:\Users\sliti\Desktop\dev\esprit-PIDEV-3A16-2526-FARMIA\vendor\phpunit\phpunit\src\TextUI\TestRunner.php:651)\n
  at PHPUnit\TextUI\TestRunner-&amp;gt;run(object(TestSuite), array('extensions' =&gt; array(), 'listGroups' =&gt; false, 'listSuites' =&gt; false, 'listTests' =&gt; false, 'listTestsXml' =&gt; false, 'loader' =&gt; null, 'useDefaultConfiguration' =&gt; true, 'loadedExtensions' =&gt; array(), 'unavailableExtensions' =&gt; array(), 'notLoadedExtensions' =&gt; array(), 'junitLogfile' =&gt; 'test-results.xml', 'testSuffixes' =&gt; array('Test.php', '.phpt'), 'configuration' =&gt; 'C:\\Users\\sliti\\Desktop\\dev\\esprit-PIDEV-3A16-2526-FARMIA\\phpunit.xml.dist', 'configurationObject' =&gt; object(Configuration), 'stderr' =&gt; false, 'columns' =&gt; 80, 'warnings' =&gt; array(), 'debug' =&gt; false, 'filter' =&gt; false, 'listeners' =&gt; array(), 'backupGlobals' =&gt; false, 'backupStaticAttributes' =&gt; false, 'beStrictAboutChangesToGlobalState' =&gt; false, 'cacheResult' =&gt; true, 'colors' =&gt; 'auto', 'convertDeprecationsToExceptions' =&gt; false, 'convertErrorsToExceptions' =&gt; true, 'convertNoticesToExceptions' =&gt; true, 'convertWarningsToExceptions' =&gt; true, 'processIsolation' =&gt; false, 'stopOnDefect' =&gt; false, 'stopOnError' =&gt; false, 'stopOnFailure' =&gt; false, 'stopOnWarning' =&gt; false, 'stopOnIncomplete' =&gt; false, 'stopOnRisky' =&gt; false, 'stopOnSkipped' =&gt; false, 'failOnEmptyTestSuite' =&gt; false, 'failOnIncomplete' =&gt; false, 'failOnRisky' =&gt; false, 'failOnSkipped' =&gt; false, 'failOnWarning' =&gt; false, 'enforceTimeLimit' =&gt; false, 'defaultTimeLimit' =&gt; 1, 'timeoutForSmallTests' =&gt; 1, 'timeoutForMediumTests' =&gt; 10, 'timeoutForLargeTests' =&gt; 60, 'reportUselessTests' =&gt; true, 'strictCoverage' =&gt; false, 'ignoreDeprecatedCodeUnitsFromCodeCoverage' =&gt; false, 'disallowTestOutput' =&gt; false, 'disallowTodoAnnotatedTests' =&gt; false, 'beStrictAboutResourceUsageDuringSmallTests' =&gt; false, 'verbose' =&gt; false, 'reverseDefectList' =&gt; false, 'forceCoversAnnotation' =&gt; false, 'disableCodeCoverageIgnore' =&gt; false, 'registerMockObjectsFromTestArgumentsRecursively' =&gt; false, 'noInteraction' =&gt; false, 'executionOrder' =&gt; 0, 'resolveDependencies' =&gt; true, 'bootstrap' =&gt; 'C:\\Users\\sliti\\Desktop\\dev\\esprit-PIDEV-3A16-2526-FARMIA\\tests/bootstrap.php', 'executionOrderDefects' =&gt; 0, 'crap4jThreshold' =&gt; 30, 'excludeGroups' =&gt; array(), 'groups' =&gt; array(), 'randomOrderSeed' =&gt; 1777118040, 'repeat' =&gt; false, 'reportHighLowerBound' =&gt; 90, 'reportLowUpperBound' =&gt; 50, 'reverseList' =&gt; false, 'testdoxExcludeGroups' =&gt; array(), 'testdoxGroups' =&gt; array(), 'cacheResultFile' =&gt; 'C:\\Users\\sliti\\Desktop\\dev\\esprit-PIDEV-3A16-2526-FARMIA'), array(), true)\n
     (C:\Users\sliti\Desktop\dev\esprit-PIDEV-3A16-2526-FARMIA\vendor\phpunit\phpunit\src\TextUI\Command.php:146)\n
  at PHPUnit\TextUI\Command-&amp;gt;run(array('bin/phpunit', '--log-junit', 'test-results.xml'), true)\n
     (C:\Users\sliti\Desktop\dev\esprit-PIDEV-3A16-2526-FARMIA\vendor\phpunit\phpunit\src\TextUI\Command.php:99)\n
  at PHPUnit\TextUI\Command::main()\n
     (C:\Users\sliti\Desktop\dev\esprit-PIDEV-3A16-2526-FARMIA\vendor\phpunit\phpunit\phpunit:107)\n
  at require('C:\\Users\\sliti\\Desktop\\dev\\esprit-PIDEV-3A16-2526-FARMIA\\vendor\\phpunit\\phpunit\\phpunit')\n
     (C:\Users\sliti\Desktop\dev\esprit-PIDEV-3A16-2526-FARMIA\bin\phpunit:10)                &lt;/pre&gt;\n
                            &lt;/td&gt;\n
        &lt;/tr&gt;\n
    &lt;/tbody&gt;\n
&lt;/table&gt;            &lt;/div&gt;\n
        &lt;/div&gt;\n
\n
            &lt;/div&gt;\n
&lt;/div&gt;\n
        &lt;script&gt;\n
            /* This file is based on WebProfilerBundle/Resources/views/Profiler/base_js.html.twig.\n
   If you make any change in this file, verify the same change is needed in the other file. */\n
/*&lt;![CDATA[*/\n
(function() {\n
    "use strict";\n
\n
    if ('classList' in document.documentElement) {\n
        var hasClass = function (el, cssClass) { return el.classList.contains(cssClass); };\n
        var removeClass = function(el, cssClass) { el.classList.remove(cssClass); };\n
        var addClass = function(el, cssClass) { el.classList.add(cssClass); };\n
        var toggleClass = function(el, cssClass) { el.classList.toggle(cssClass); };\n
    } else {\n
        var hasClass = function (el, cssClass) { return el.className.match(new RegExp('\\b' + cssClass + '\\b')); };\n
        var removeClass = function(el, cssClass) { el.className = el.className.replace(new RegExp('\\b' + cssClass + '\\b'), ' '); };\n
        var addClass = function(el, cssClass) { if (!hasClass(el, cssClass)) { el.className += " " + cssClass; } };\n
        var toggleClass = function(el, cssClass) { hasClass(el, cssClass) ? removeClass(el, cssClass) : addClass(el, cssClass); };\n
    }\n
\n
    var addEventListener;\n
\n
    var el = document.createElement('div');\n
    if (!('addEventListener' in el)) {\n
        addEventListener = function (element, eventName, callback) {\n
            element.attachEvent('on' + eventName, callback);\n
        };\n
    } else {\n
        addEventListener = function (element, eventName, callback) {\n
            element.addEventListener(eventName, callback, false);\n
        };\n
    }\n
\n
    if (navigator.clipboard) {\n
        document.querySelectorAll('[data-clipboard-text]').forEach(function(element) {\n
            removeClass(element, 'hidden');\n
            element.addEventListener('click', function() {\n
                navigator.clipboard.writeText(element.getAttribute('data-clipboard-text'));\n
            })\n
        });\n
    }\n
\n
    (function createTabs() {\n
        /* the accessibility options of this component have been defined according to: */\n
        /* www.w3.org/WAI/ARIA/apg/example-index/tabs/tabs-manual.html */\n
        var tabGroups = document.querySelectorAll('.sf-tabs:not([data-processed=true])');\n
\n
        /* create the tab navigation for each group of tabs */\n
        for (var i = 0; i &lt; tabGroups.length; i++) {\n
            var tabs = tabGroups[i].querySelectorAll(':scope &gt; .tab');\n
            var tabNavigation = document.createElement('div');\n
            tabNavigation.className = 'tab-navigation';\n
            tabNavigation.setAttribute('role', 'tablist');\n
\n
            var selectedTabId = 'tab-' + i + '-0'; /* select the first tab by default */\n
            for (var j = 0; j &lt; tabs.length; j++) {\n
                var tabId = 'tab-' + i + '-' + j;\n
                var tabTitle = tabs[j].querySelector('.tab-title').innerHTML;\n
\n
                var tabNavigationItem = document.createElement('button');\n
                addClass(tabNavigationItem, 'tab-control');\n
                tabNavigationItem.setAttribute('data-tab-id', tabId);\n
                tabNavigationItem.setAttribute('role', 'tab');\n
                tabNavigationItem.setAttribute('aria-controls', tabId);\n
                if (hasClass(tabs[j], 'active')) { selectedTabId = tabId; }\n
                if (hasClass(tabs[j], 'disabled')) {\n
                    addClass(tabNavigationItem, 'disabled');\n
                }\n
                tabNavigationItem.innerHTML = tabTitle;\n
                tabNavigation.appendChild(tabNavigationItem);\n
\n
                var tabContent = tabs[j].querySelector('.tab-content');\n
                tabContent.parentElement.setAttribute('id', tabId);\n
            }\n
\n
            tabGroups[i].insertBefore(tabNavigation, tabGroups[i].firstChild);\n
            addClass(document.querySelector('[data-tab-id="' + selectedTabId + '"]'), 'active');\n
        }\n
\n
        /* display the active tab and add the 'click' event listeners */\n
        for (i = 0; i &lt; tabGroups.length; i++) {\n
            tabNavigation = tabGroups[i].querySelectorAll(':scope &gt; .tab-navigation .tab-control');\n
\n
            for (j = 0; j &lt; tabNavigation.length; j++) {\n
                tabId = tabNavigation[j].getAttribute('data-tab-id');\n
                var tabPanel = document.getElementById(tabId);\n
                tabPanel.setAttribute('role', 'tabpanel');\n
                tabPanel.setAttribute('aria-labelledby', tabId);\n
                tabPanel.querySelector('.tab-title').className = 'hidden';\n
\n
                if (hasClass(tabNavigation[j], 'active')) {\n
                    tabPanel.className = 'block';\n
                    tabNavigation[j].setAttribute('aria-selected', 'true');\n
                    tabNavigation[j].removeAttribute('tabindex');\n
                } else {\n
                    tabPanel.className = 'hidden';\n
                    tabNavigation[j].removeAttribute('aria-selected');\n
                    tabNavigation[j].setAttribute('tabindex', '-1');\n
                }\n
\n
                tabNavigation[j].addEventListener('click', function(e) {\n
                    var activeTab = e.target || e.srcElement;\n
\n
                    /* needed because when the tab contains HTML contents, user can click */\n
                    /* on any of those elements instead of their parent '&lt;button&gt;' element */\n
                    while (activeTab.tagName.toLowerCase() !== 'button') {\n
                        activeTab = activeTab.parentNode;\n
                    }\n
\n
                    /* get the full list of tabs through the parent of the active tab element */\n
                    var tabNavigation = activeTab.parentNode.children;\n
                    for (var k = 0; k &lt; tabNavigation.length; k++) {\n
                        var tabId = tabNavigation[k].getAttribute('data-tab-id');\n
                        document.getElementById(tabId).className = 'hidden';\n
                        removeClass(tabNavigation[k], 'active');\n
                        tabNavigation[k].removeAttribute('aria-selected');\n
                        tabNavigation[k].setAttribute('tabindex', '-1');\n
                    }\n
\n
                    addClass(activeTab, 'active');\n
                    activeTab.setAttribute('aria-selected', 'true');\n
                    activeTab.removeAttribute('tabindex');\n
                    var activeTabId = activeTab.getAttribute('data-tab-id');\n
                    document.getElementById(activeTabId).className = 'block';\n
                });\n
            }\n
\n
            tabGroups[i].setAttribute('data-processed', 'true');\n
        }\n
    })();\n
\n
    (function createToggles() {\n
        var toggles = document.querySelectorAll('.sf-toggle:not([data-processed=true])');\n
\n
        for (var i = 0; i &lt; toggles.length; i++) {\n
            var elementSelector = toggles[i].getAttribute('data-toggle-selector');\n
            var element = document.querySelector(elementSelector);\n
\n
            addClass(element, 'sf-toggle-content');\n
\n
            if (toggles[i].hasAttribute('data-toggle-initial') &amp;&amp; toggles[i].getAttribute('data-toggle-initial') == 'display') {\n
                addClass(toggles[i], 'sf-toggle-on');\n
                addClass(element, 'sf-toggle-visible');\n
            } else {\n
                addClass(toggles[i], 'sf-toggle-off');\n
                addClass(element, 'sf-toggle-hidden');\n
            }\n
\n
            addEventListener(toggles[i], 'click', function(e) {\n
                var toggle = e.currentTarget;\n
\n
                if (e.target.closest('a, span[data-clipboard-text], .sf-toggle') !== toggle) {\n
                    return;\n
                }\n
\n
                e.preventDefault();\n
\n
                if ('' !== window.getSelection().toString()) {\n
                    /* Don't do anything on text selection */\n
                    return;\n
                }\n
\n
                var element = document.querySelector(toggle.getAttribute('data-toggle-selector'));\n
\n
                toggleClass(toggle, 'sf-toggle-on');\n
                toggleClass(toggle, 'sf-toggle-off');\n
                toggleClass(element, 'sf-toggle-hidden');\n
                toggleClass(element, 'sf-toggle-visible');\n
\n
                /* the toggle doesn't change its contents when clicking on it */\n
                if (!toggle.hasAttribute('data-toggle-alt-content')) {\n
                    return;\n
                }\n
\n
                if (!toggle.hasAttribute('data-toggle-original-content')) {\n
                    toggle.setAttribute('data-toggle-original-content', toggle.innerHTML);\n
                }\n
\n
                var currentContent = toggle.innerHTML;\n
                var originalContent = toggle.getAttribute('data-toggle-original-content');\n
                var altContent = toggle.getAttribute('data-toggle-alt-content');\n
                toggle.innerHTML = currentContent !== altContent ? altContent : originalContent;\n
            });\n
\n
            toggles[i].setAttribute('data-processed', 'true');\n
        }\n
    })();\n
\n
    (function createFilters() {\n
        document.querySelectorAll('[data-filters] [data-filter]').forEach(function (filter) {\n
            var filters = filter.closest('[data-filters]'),\n
                type = 'choice',\n
                name = filter.dataset.filter,\n
                ucName = name.charAt(0).toUpperCase()+name.slice(1),\n
                list = document.createElement('ul'),\n
                values = filters.dataset['filter'+ucName] || filters.querySelectorAll('[data-filter-'+name+']'),\n
                labels = {},\n
                defaults = null,\n
                indexed = {},\n
                processed = {};\n
            if (typeof values === 'string') {\n
                type = 'level';\n
                labels = values.split(',');\n
                values = values.toLowerCase().split(',');\n
                defaults = values.length - 1;\n
            }\n
            addClass(list, 'filter-list');\n
            addClass(list, 'filter-list-'+type);\n
            values.forEach(function (value, i) {\n
                if (value instanceof HTMLElement) {\n
                    value = value.dataset['filter'+ucName];\n
                }\n
                if (value in processed) {\n
                    return;\n
                }\n
                var option = document.createElement('li'),\n
                    label = i in labels ? labels[i] : value,\n
                    active = false,\n
                    matches;\n
                if ('' === label) {\n
                    option.innerHTML = '&lt;em&gt;(none)&lt;/em&gt;';\n
                } else {\n
                    option.innerText = label;\n
                }\n
                option.dataset.filter = value;\n
                option.setAttribute('title', 1 === (matches = filters.querySelectorAll('[data-filter-'+name+'="'+value+'"]').length) ? 'Matches 1 row' : 'Matches '+matches+' rows');\n
                indexed[value] = i;\n
                list.appendChild(option);\n
                addEventListener(option, 'click', function () {\n
                    if ('choice' === type) {\n
                        filters.querySelectorAll('[data-filter-'+name+']').forEach(function (row) {\n
                            if (option.dataset.filter === row.dataset['filter'+ucName]) {\n
                                toggleClass(row, 'filter-hidden-'+name);\n
                            }\n
                        });\n
                        toggleClass(option, 'active');\n
                    } else if ('level' === type) {\n
                        if (i === this.parentNode.querySelectorAll('.active').length - 1) {\n
                            return;\n
                        }\n
                        this.parentNode.querySelectorAll('li').forEach(function (currentOption, j) {\n
                            if (j &lt;= i) {\n
                                addClass(currentOption, 'active');\n
                                if (i === j) {\n
                                    addClass(currentOption, 'last-active');\n
                                } else {\n
                                    removeClass(currentOption, 'last-active');\n
                                }\n
                            } else {\n
                                removeClass(currentOption, 'active');\n
                                removeClass(currentOption, 'last-active');\n
                            }\n
                        });\n
                        filters.querySelectorAll('[data-filter-'+name+']').forEach(function (row) {\n
                            if (i &lt; indexed[row.dataset['filter'+ucName]]) {\n
                                addClass(row, 'filter-hidden-'+name);\n
                            } else {\n
                                removeClass(row, 'filter-hidden-'+name);\n
                            }\n
                        });\n
                    }\n
                });\n
                if ('choice' === type) {\n
                    active = null === defaults || 0 &lt;= defaults.indexOf(value);\n
                } else if ('level' === type) {\n
                    active = i &lt;= defaults;\n
                    if (active &amp;&amp; i === defaults) {\n
                        addClass(option, 'last-active');\n
                    }\n
                }\n
                if (active) {\n
                    addClass(option, 'active');\n
                } else {\n
                    filters.querySelectorAll('[data-filter-'+name+'="'+value+'"]').forEach(function (row) {\n
                        toggleClass(row, 'filter-hidden-'+name);\n
                    });\n
                }\n
                processed[value] = true;\n
            });\n
\n
            if (1 &lt; list.childNodes.length) {\n
                filter.appendChild(list);\n
                filter.dataset.filtered = '';\n
            }\n
        });\n
    })();\n
})();\n
/*]]&gt;*/        &lt;/script&gt;\n
    &lt;/body&gt;\n
&lt;/html&gt;\n
&lt;!-- Impossible to access an attribute (&amp;quot;nom&amp;quot;) on a null variable in &amp;quot;components/_profile_modal.html.twig&amp;quot; at line 53. (500 Internal Server Error) --&gt;'
    'version' =&gt; '1.1'
    'statusCode' =&gt; 500
    'statusText' =&gt; 'Internal Server Error'
    'charset' =&gt; 'UTF-8'
) is redirected and status code is 302.

C:\Users\sliti\Desktop\dev\esprit-PIDEV-3A16-2526-FARMIA\vendor\symfony\framework-bundle\Test\BrowserKitAssertionsTrait.php:150
C:\Users\sliti\Desktop\dev\esprit-PIDEV-3A16-2526-FARMIA\vendor\symfony\framework-bundle\Test\BrowserKitAssertionsTrait.php:64
C:\Users\sliti\Desktop\dev\esprit-PIDEV-3A16-2526-FARMIA\tests\Functional\SecurityTest.php:81
C:\Users\sliti\Desktop\dev\esprit-PIDEV-3A16-2526-FARMIA\vendor\phpunit\phpunit\phpunit:107</failure>
        </testcase>
        <testcase name="testAdminRoutesRequireAdminRole" class="App\Tests\Functional\SecurityTest" classname="App.Tests.Functional.SecurityTest" file="C:\Users\sliti\Desktop\dev\esprit-PIDEV-3A16-2526-FARMIA\tests\Functional\SecurityTest.php" line="92" assertions="1" time="0.186844"/>
        <testcase name="testAdminCanAccessAdminRoutes" class="App\Tests\Functional\SecurityTest" classname="App.Tests.Functional.SecurityTest" file="C:\Users\sliti\Desktop\dev\esprit-PIDEV-3A16-2526-FARMIA\tests\Functional\SecurityTest.php" line="104" assertions="1" time="0.248990"/>
        <testcase name="testCsrfTokenPresentOnLoginForm" class="App\Tests\Functional\SecurityTest" classname="App.Tests.Functional.SecurityTest" file="C:\Users\sliti\Desktop\dev\esprit-PIDEV-3A16-2526-FARMIA\tests\Functional\SecurityTest.php" line="116" assertions="2" time="0.211636"/>
      </testsuite>
      <testsuite name="App\Tests\Functional\TemplateRenderingTest" file="C:\Users\sliti\Desktop\dev\esprit-PIDEV-3A16-2526-FARMIA\tests\Functional\TemplateRenderingTest.php" tests="9" assertions="12" errors="0" warnings="0" failures="1" skipped="0" time="2.129905">
        <testcase name="testHomepageLoads" class="App\Tests\Functional\TemplateRenderingTest" classname="App.Tests.Functional.TemplateRenderingTest" file="C:\Users\sliti\Desktop\dev\esprit-PIDEV-3A16-2526-FARMIA\tests\Functional\TemplateRenderingTest.php" line="21" assertions="2" time="0.205228"/>
        <testcase name="testLoginPageLoads" class="App\Tests\Functional\TemplateRenderingTest" classname="App.Tests.Functional.TemplateRenderingTest" file="C:\Users\sliti\Desktop\dev\esprit-PIDEV-3A16-2526-FARMIA\tests\Functional\TemplateRenderingTest.php" line="31" assertions="2" time="0.166940"/>
        <testcase name="testFermeIndexPageRenders" class="App\Tests\Functional\TemplateRenderingTest" classname="App.Tests.Functional.TemplateRenderingTest" file="C:\Users\sliti\Desktop\dev\esprit-PIDEV-3A16-2526-FARMIA\tests\Functional\TemplateRenderingTest.php" line="41" assertions="2" time="0.230361"/>
        <testcase name="testAnimalIndexPageRenders" class="App\Tests\Functional\TemplateRenderingTest" classname="App.Tests.Functional.TemplateRenderingTest" file="C:\Users\sliti\Desktop\dev\esprit-PIDEV-3A16-2526-FARMIA\tests\Functional\TemplateRenderingTest.php" line="52" assertions="1" time="0.220636"/>
        <testcase name="testPlanteIndexPageRenders" class="App\Tests\Functional\TemplateRenderingTest" classname="App.Tests.Functional.TemplateRenderingTest" file="C:\Users\sliti\Desktop\dev\esprit-PIDEV-3A16-2526-FARMIA\tests\Functional\TemplateRenderingTest.php" line="62" assertions="1" time="0.228160"/>
        <testcase name="testAnalyseIndexPageRenders" class="App\Tests\Functional\TemplateRenderingTest" classname="App.Tests.Functional.TemplateRenderingTest" file="C:\Users\sliti\Desktop\dev\esprit-PIDEV-3A16-2526-FARMIA\tests\Functional\TemplateRenderingTest.php" line="72" assertions="1" time="0.223041"/>
        <testcase name="testConseilIndexPageRenders" class="App\Tests\Functional\TemplateRenderingTest" classname="App.Tests.Functional.TemplateRenderingTest" file="C:\Users\sliti\Desktop\dev\esprit-PIDEV-3A16-2526-FARMIA\tests\Functional\TemplateRenderingTest.php" line="82" assertions="1" time="0.223276"/>
        <testcase name="testAdminDashboardRenders" class="App\Tests\Functional\TemplateRenderingTest" classname="App.Tests.Functional.TemplateRenderingTest" file="C:\Users\sliti\Desktop\dev\esprit-PIDEV-3A16-2526-FARMIA\tests\Functional\TemplateRenderingTest.php" line="92" assertions="1" time="0.223483"/>
        <testcase name="testBaseLayoutRenders" class="App\Tests\Functional\TemplateRenderingTest" classname="App.Tests.Functional.TemplateRenderingTest" file="C:\Users\sliti\Desktop\dev\esprit-PIDEV-3A16-2526-FARMIA\tests\Functional\TemplateRenderingTest.php" line="103" assertions="1" time="0.408780">
          <failure type="PHPUnit\Framework\ExpectationFailedException">App\Tests\Functional\TemplateRenderingTest::testBaseLayoutRenders
Failed asserting that the Response is successful.
HTTP/1.1 500 Internal Server Error&#13;
Cache-Control:          no-cache, private&#13;
Content-Type:           text/html; charset=UTF-8&#13;
Date:                   Sat, 25 Apr 2026 11:54:18 GMT&#13;
Vary:                   Accept&#13;
X-Debug-Exception:      Unable%20to%20find%20template%20%22dashboard%2Fdefault.html.twig%22%20%28looked%20into%3A%20C%3A%5CUsers%5Csliti%5CDesktop%5Cdev%5Cesprit-PIDEV-3A16-2526-FARMIA%2Ftemplates%2C%20C%3A%5CUsers%5Csliti%5CDesktop%5Cdev%5Cesprit-PIDEV-3A16-2526-FARMIA%5Cvendor%5Csymfony%5Ctwig-bridge%2FResources%2Fviews%2FForm%29.&#13;
X-Debug-Exception-File: C%3A%5CUsers%5Csliti%5CDesktop%5Cdev%5Cesprit-PIDEV-3A16-2526-FARMIA%5Cvendor%5Ctwig%5Ctwig%5Csrc%5CLoader%5CFilesystemLoader.php:234&#13;
X-Robots-Tag:           noindex&#13;
&#13;
&lt;!-- Unable to find template &amp;quot;dashboard/default.html.twig&amp;quot; (looked into: C:\Users\sliti\Desktop\dev\esprit-PIDEV-3A16-2526-FARMIA/templates, C:\Users\sliti\Desktop\dev\esprit-PIDEV-3A16-2526-FARMIA\vendor\symfony\twig-bridge/Resources/views/Form). (500 Internal Server Error) --&gt;
&lt;!DOCTYPE html&gt;
&lt;html lang="en"&gt;
    &lt;head&gt;
        &lt;meta charset="UTF-8" /&gt;
        &lt;meta name="robots" content="noindex,nofollow" /&gt;
        &lt;meta name="viewport" content="width=device-width,initial-scale=1" /&gt;
        &lt;title&gt;Unable to find template &amp;quot;dashboard/default.html.twig&amp;quot; (looked into: C:\Users\sliti\Desktop\dev\esprit-PIDEV-3A16-2526-FARMIA/templates, C:\Users\sliti\Desktop\dev\esprit-PIDEV-3A16-2526-FARMIA\vendor\symfony\twig-bridge/Resources/views/Form). (500 Internal Server Error)&lt;/title&gt;
        &lt;link rel="icon" type="image/png" href="data:image/png;base64,iVBORw0KGgoAAAANSUhEUgAAABwAAAAgCAYAAAABtRhCAAADVUlEQVRIx82XX0jTURTHLYPyqZdefQx66CEo80+aYpoIkqzUikz6Z5klQoWUWYRIJYEUGpQ+lIr9U5dOTLdCtkmWZis3rbnC5fw/neYW002307mX/cZvP3/7o1PwwOdh95x7vnf39zvnd29AgBer2xO6DclAXiMqZAqxIiNIN/IYSUS2BPhjmGATchUxI+ADWiRhpWK7HKuHFVBFdmU5YvnI4grFGCaReF/EBH4KsZlGgj2JBTuCYBWRIYF8YoEOJ6wBt/gEs7mBbyOjQXruPLSdOgPCiEiPSUUHDoL8Ug5IUo9B/d5wrt+G7OAKNrODPuVdB6vRCIzN6SdBlpW9RIgk/1FeAXabzRlrUPVCS/JhbmwudztnGeeH9AyXBIwtmM3wLinZJZHifjHw2V+NBoRh+9ixQrbgbnaSIcl7cGea6hoXQbNe7za241oeO5Z0p42M4BV2EqP2D50wo+6HzvwC6C4sApNOR8cmOrtcnhtj2kYRyC9eBvXzKrBZrXSs72kFd1t3MoKVbMekQkEnSNKOO8fac3LpmK6l1TlGtsxmsdKFsecPYgwxst0cwROMYDXboSotg0WLBRqjY51jLYcENElXwW2XJKPydvoI2GN9T8rBtrAArYIUruBJXkFheCQYlCpQP6uk5dAQFQNaUROMSGVQFxLmkoQsxDJrhLbTZ+nvVsERME9MgPJRKV/58AsyomTSzE813WLFvWK++qI0xSfQl8k8Pg46sYRuv5t6dS+4RqxDwaa4BGjYH+NTQvKScIp9+YL/hoZh3jDtLRHtt2C3g6bmhX+CpsFBWg7ilDSPgj0lD2ncr5ev/BP8VvyAJhqVyZeUhPOrEhEFxgEtjft846Z/guQTNT89Q5P9flMLoth4F7808wKtWWKzAwNQHxrh/1vaid2F+XpYTSbQf1XA2McOmOpROnvpvMEA4tSjq1cW0sws2gCYxswY6TKkvzYnJq1NHZLnRU4BX+4U0uburvusu8Kv8iHY7qefkM4IFngJHEOUXmLEPgiGsI8YnlZILit3vSSLRTQe/MPIZva5pshNIEmyFQlCvruJKXPkCEfmePzkphXHdzZNQdoRI9KPlBAxlj/I8U97ERPS5bjGbWDFbEdqHVe5caTBeZZx2H/IMvzeN15yoQAAAABJRU5ErkJggg==" /&gt;
        &lt;style&gt;/* This file is based on WebProfilerBundle/Resources/views/Profiler/profiler.css.twig.
   If you make any change in this file, verify the same change is needed in the other file. */
:root {
    --font-sans-serif: Helvetica, Arial, sans-serif;
    --page-background: #f9f9f9;
    --color-text: #222;
    /* when updating any of these colors, do the same in toolbar.css.twig */
    --color-success: #4f805d;
    --color-warning: #a46a1f;
    --color-error: #b0413e;
    --color-muted: #999;
    --tab-background: #f0f0f0;
    --tab-border-color: #e5e5e5;
    --tab-active-border-color: #d4d4d4;
    --tab-color: #444;
    --tab-active-background: #fff;
    --tab-active-color: var(--color-text);
    --tab-disabled-background: #f5f5f5;
    --tab-disabled-color: #999;
    --selected-badge-background: #e5e5e5;
    --selected-badge-color: #525252;
    --selected-badge-shadow: inset 0 0 0 1px #d4d4d4;
    --selected-badge-warning-background: #fde496;
    --selected-badge-warning-color: #785b02;
    --selected-badge-warning-shadow: inset 0 0 0 1px #e6af05;
    --selected-badge-danger-background: #FCE9ED;
    --selected-badge-danger-color: #83122A;
    --selected-badge-danger-shadow: inset 0 0 0 1px #F5B8C5;
    --metric-value-background: #fff;
    --metric-value-color: inherit;
    --metric-unit-color: #999;
    --metric-label-background: #e0e0e0;
    --metric-label-color: inherit;
    --table-border: #e0e0e0;
    --table-background: #fff;
    --table-header: #e0e0e0;
    --trace-selected-background: #F7E5A1;
    --tree-active-background: #F7E5A1;
    --exception-title-color: var(--base-2);
    --shadow: 0px 0px 1px rgba(128, 128, 128, .2);
    --border: 1px solid #e0e0e0;
    --background-error: var(--color-error);
    --highlight-comment: #969896;
    --highlight-default: #222222;
    --highlight-keyword: #a71d5d;
    --highlight-string: #183691;
    --base-0: #fff;
    --base-1: #f5f5f5;
    --base-2: #e0e0e0;
    --base-3: #ccc;
    --base-4: #666;
    --base-5: #444;
    --base-6: #222;
}

.theme-dark {
    --page-background: #36393e;
    --color-text: #e0e0e0;
    --color-muted: #777;
    --color-error: #f76864;
    --tab-background: #404040;
    --tab-border-color: #737373;
    --tab-active-border-color: #171717;
    --tab-color: var(--color-text);
    --tab-active-background: #d4d4d4;
    --tab-active-color: #262626;
    --tab-disabled-background: var(--page-background);
    --tab-disabled-color: #a3a3a3;
    --selected-badge-background: #555;
    --selected-badge-color: #ddd;
    --selected-badge-shadow: none;
    --selected-badge-warning-background: #fcd55f;
    --selected-badge-warning-color: #785b02;
    --selected-badge-warning-shadow: inset 0 0 0 1px #af8503;
    --selected-badge-danger-background: #B41939;
    --selected-badge-danger-color: #FCE9ED;
    --selected-badge-danger-shadow: none;
    --metric-value-background: #555;
    --metric-value-color: inherit;
    --metric-unit-color: #999;
    --metric-label-background: #777;
    --metric-label-color: #e0e0e0;
    --trace-selected-background: #5d5227cc;
    --table-border: #444;
    --table-background: #333;
    --table-header: #555;
    --info-background: rgba(79, 148, 195, 0.5);
    --tree-active-background: var(--metric-label-background);
    --exception-title-color: var(--base-2);
    --shadow: 0px 0px 1px rgba(32, 32, 32, .2);
    --border: 1px solid #666;
    --background-error: #b0413e;
    --highlight-comment: #dedede;
    --highlight-default: var(--base-6);
    --highlight-keyword: #de8986;
    --highlight-string: #70a6fd;
    --base-0: #2e3136;
    --base-1: #444;
    --base-2: #666;
    --base-3: #666;
    --base-4: #666;
    --base-5: #e0e0e0;
    --base-6: #f5f5f5;
    --card-label-background: var(--tab-active-background);
    --card-label-color: var(--tab-active-color);
}

html{font-family:sans-serif;-webkit-text-size-adjust:100%;-ms-text-size-adjust:100%}body{margin:0}article,aside,details,figcaption,figure,footer,header,hgroup,main,menu,nav,section{display:block}audio,canvas,progress,video{display:inline-block;vertical-align:baseline}audio:not([controls]){display:none;height:0}[hidden],template{display:none}a{background-color:transparent}a:active,a:hover{outline:0}abbr[title]{border-bottom:1px dotted}b,strong{font-weight:700}dfn{font-style:italic}h1{margin:.67em 0;font-size:2em}mark{color:#000;background:#ff0}small{font-size:80%}sub,sup{position:relative;font-size:75%;line-height:0;vertical-align:baseline}sup{top:-.5em}sub{bottom:-.25em}img{border:0}svg:not(:root){overflow:hidden}figure{margin:1em 40px}hr{height:0;-webkit-box-sizing:content-box;-moz-box-sizing:content-box;box-sizing:content-box}pre{overflow:auto}code,kbd,pre,samp{font-family:monospace,monospace;font-size:1em}button,input,optgroup,select,textarea{margin:0;font:inherit;color:inherit}button{overflow:visible}button,select{text-transform:none}button,html input[type="button"],input[type="reset"],input[type="submit"]{-webkit-appearance:button;cursor:pointer}button[disabled],html input[disabled]{cursor:default}button::-moz-focus-inner,input::-moz-focus-inner{padding:0;border:0}input{line-height:normal}input[type="checkbox"],input[type="radio"]{-webkit-box-sizing:border-box;-moz-box-sizing:border-box;box-sizing:border-box;padding:0}input[type="number"]::-webkit-inner-spin-button,input[type="number"]::-webkit-outer-spin-button{height:auto}input[type="search"]{-webkit-box-sizing:content-box;-moz-box-sizing:content-box;box-sizing:content-box;-webkit-appearance:textfield}input[type="search"]::-webkit-search-cancel-button,input[type="search"]::-webkit-search-decoration{-webkit-appearance:none}fieldset{padding:.35em .625em .75em;margin:0 2px;border:1px solid silver}legend{padding:0;border:0}textarea{overflow:auto}optgroup{font-weight:700}table{border-spacing:0;border-collapse:collapse}td,th{padding:0}summary{cursor: pointer}

html {
    /* always display the vertical scrollbar to avoid jumps when toggling contents */
    overflow-y: scroll;
}
body { background-color: var(--page-background); color: var(--base-6); font: 14px/1.4 Helvetica, Arial, sans-serif; padding-bottom: 45px; }

a { cursor: pointer; text-decoration: none; }
a:hover { text-decoration: underline; }
abbr[title] { border-bottom: none; cursor: help; text-decoration: none; }

code, pre { font: 13px/1.5 Consolas, Monaco, Menlo, "Ubuntu Mono", "Liberation Mono", monospace; }

table, tr, th, td { background: var(--base-0); border-collapse: collapse; vertical-align: top; }
table { background: var(--base-0); border: var(--border); box-shadow: 0px 0px 1px rgba(128, 128, 128, .2); margin: 1em 0; width: 100%; }
table th, table td { border: solid var(--base-2); border-width: 1px 0; padding: 8px 10px; }
table th { background-color: var(--base-2); font-weight: bold; text-align: left; }

.m-t-5 { margin-top: 5px; }
.hidden-xs-down { display: none; }
.block { display: block; }
.full-width { width: 100%; }
.hidden { display: none; }
.prewrap { white-space: pre-wrap; }
.nowrap { white-space: nowrap; }
.newline { display: block; }
.break-long-words { word-wrap: break-word; overflow-wrap: break-word; -webkit-hyphens: auto; -moz-hyphens: auto; hyphens: auto; min-width: 0; }
.text-small { font-size: 12px !important; }
.text-muted { color: #999; }
.text-bold { font-weight: bold; }
.empty { border: 4px dashed var(--base-2); color: #999; margin: 1em 0; padding: .5em 2em; }

.status-success { background: rgba(94, 151, 110, 0.3); }
.status-warning { background: rgba(240, 181, 24, 0.3); }
.status-error { background: rgba(176, 65, 62, 0.2); }
.status-success td, .status-warning td, .status-error td { background: transparent; }
tr.status-error td, tr.status-warning td { border-bottom: 1px solid var(--base-2); border-top: 1px solid var(--base-2); }
.status-warning .colored { color: #A46A1F; }
.status-error .colored  { color: var(--color-error); }

.sf-toggle { cursor: pointer; position: relative; }
.sf-toggle-content { -moz-transition: display .25s ease; -webkit-transition: display .25s ease; transition: display .25s ease; }
.sf-toggle-content.sf-toggle-hidden { display: none; }
.sf-toggle-content.sf-toggle-visible { display: block; }
thead.sf-toggle-content.sf-toggle-visible, tbody.sf-toggle-content.sf-toggle-visible { display: table-row-group; }
.sf-toggle-off .icon-close, .sf-toggle-on .icon-open { display: none; }
.sf-toggle-off .icon-open, .sf-toggle-on .icon-close { display: block; }

.tab-navigation {
    background-color: var(--tab-background);
    border-radius: 6px;
    box-shadow: inset 0 0 0 1px var(--tab-border-color), 0 0 0 5px var(--page-background);
    display: inline-flex;
    flex-wrap: wrap;
    margin: 0 0 15px;
    padding: 0;
    user-select: none;
    -webkit-user-select: none;
}
.sf-tabs-sm .tab-navigation {
    box-shadow: inset 0 0 0 1px var(--tab-border-color), 0 0 0 4px var(--page-background);
    margin: 0 0 10px;
}
.tab-navigation .tab-control {
    background: transparent;
    border: 0;
    box-shadow: none;
    transition: box-shadow .05s ease-in, background-color .05s ease-in;
    cursor: pointer;
    font-size: 14px;
    font-weight: 500;
    line-height: 1.4;
    margin: 0;
    padding: 4px 14px;
    position: relative;
    text-align: center;
    z-index: 1;
}
.sf-tabs-sm .tab-navigation .tab-control {
    font-size: 13px;
    padding: 2.5px 10px;
}
.tab-navigation .tab-control:before {
    background: var(--tab-border-color);
    bottom: 15%;
    content: "";
    left: 0;
    position: absolute;
    top: 15%;
    width: 1px;
}
.tab-navigation .tab-control:first-child:before,
.tab-navigation .tab-control.active + .tab-control:before,
.tab-navigation .tab-control.active:before {
    width: 0;
}
.tab-navigation .tab-control .badge {
    background: var(--selected-badge-background);
    box-shadow: var(--selected-badge-shadow);
    color: var(--selected-badge-color);
    display: inline-block;
    font-size: 12px;
    font-weight: bold;
    line-height: 1;
    margin-left: 8px;
    min-width: 10px;
    padding: 2px 6px;
    text-align: center;
    white-space: nowrap;
}
.tab-navigation .tab-control.disabled {
    color: var(--tab-disabled-color);
}
.tab-navigation .tab-control.active {
    background-color: var(--tab-active-background);
    border-radius: 6px;
    box-shadow: inset 0 0 0 1.5px var(--tab-active-border-color);
    color: var(--tab-active-color);
    position: relative;
    z-index: 1;
}
.theme-dark .tab-navigation li.active {
    box-shadow: inset 0 0 0 1px var(--tab-border-color);
}
.tab-content &gt; *:first-child {
    margin-top: 0;
}
.tab-navigation .tab-control .badge.status-warning {
    background: var(--selected-badge-warning-background);
    box-shadow: var(--selected-badge-warning-shadow);
    color: var(--selected-badge-warning-color);
}
.tab-navigation .tab-control .badge.status-error {
    background: var(--selected-badge-danger-background);
    box-shadow: var(--selected-badge-danger-shadow);
    color: var(--selected-badge-danger-color);
}

.sf-tabs .tab:not(:first-child) { display: none; }

[data-filters] { position: relative; }
[data-filtered] { cursor: pointer; }
[data-filtered]:after { content: '\00a0\25BE'; }
[data-filtered]:hover .filter-list li { display: inline-flex; }
[class*="filter-hidden-"] { display: none; }
.filter-list { position: absolute; border: var(--border); box-shadow: var(--shadow); margin: 0; padding: 0; display: flex; flex-direction: column; }
.filter-list :after { content: ''; }
.filter-list li {
    background: var(--tab-disabled-background);
    border-bottom: var(--border);
    color: var(--tab-disabled-color);
    display: none;
    list-style: none;
    margin: 0;
    padding: 5px 10px;
    text-align: left;
    font-weight: normal;
}
.filter-list li.active {
    background: var(--tab-background);
    color: var(--tab-color);
}
.filter-list li.last-active {
    background: var(--tab-active-background);
    color: var(--tab-active-color);
}

.filter-list-level li { cursor: s-resize; }
.filter-list-level li.active { cursor: n-resize; }
.filter-list-level li.last-active { cursor: default; }
.filter-list-level li.last-active:before { content: '\2714\00a0'; }
.filter-list-choice li:before { content: '\2714\00a0'; color: transparent; }
.filter-list-choice li.active:before { color: unset; }

.container { max-width: 1024px; margin: 0 auto; padding: 0 15px; }
.container::after { content: ""; display: table; clear: both; }

header { background-color: #222; color: rgba(255, 255, 255, 0.75); font-size: 13px; height: 33px; line-height: 33px; padding: 0; }
header .container { display: flex; justify-content: space-between; }
.logo { flex: 1; font-size: 13px; font-weight: normal; margin: 0; padding: 0; }
.logo svg { height: 18px; width: 18px; opacity: .8; vertical-align: -5px; }

.help-link { margin-left: 15px; }
.help-link a { color: inherit; }
.help-link .icon svg { height: 15px; width: 15px; opacity: .7; vertical-align: -2px; }
.help-link a:hover { color: #EEE; text-decoration: none; }
.help-link a:hover svg { opacity: .9; }

.exception-summary { background: var(--background-error); border-bottom: 2px solid rgba(0, 0, 0, 0.1); border-top: 1px solid rgba(0, 0, 0, .3); flex: 0 0 auto; margin-bottom: 15px; }
.exception-metadata { background: rgba(0, 0, 0, 0.1); padding: 7px 0; }
.exception-metadata .container { display: flex; flex-direction: row; justify-content: space-between; }
.exception-metadata h2, .exception-metadata h2 &gt; a { color: rgba(255, 255, 255, 0.8); font-size: 13px; font-weight: 400; margin: 0; }
.exception-http small { font-size: 13px; opacity: .7; }
.exception-hierarchy { flex: 1; }
.exception-hierarchy .icon { margin: 0 3px; opacity: .7; }
.exception-hierarchy .icon svg { height: 13px; width: 13px; vertical-align: -2px; }

.exception-without-message .exception-message-wrapper { display: none; }
.exception-message-wrapper .container { display: flex; align-items: flex-start; min-height: 70px; padding: 10px 15px 8px; }
.exception-message { flex-grow: 1; }
.exception-message, .exception-message a { color: #FFF; font-size: 21px; font-weight: 400; margin: 0; }
.exception-message.long { font-size: 18px; }
.exception-message a { border-bottom: 1px solid rgba(255, 255, 255, 0.5); font-size: inherit; text-decoration: none; }
.exception-message a:hover { border-bottom-color: #ffffff; }

.exception-properties-wrapper { margin: .8em 0; }
.exception-properties { background: var(--base-0); border: var(--border); box-shadow: 0px 0px 1px rgba(128, 128, 128, .2); }
.exception-properties pre { margin: 0; padding: 0.2em 0; }

.exception-illustration { flex-basis: 111px; flex-shrink: 0; height: 66px; margin-left: 15px; opacity: .7; }

.trace + .trace { margin-top: 30px; }
.trace-head { background-color: var(--base-2); padding: 10px; position: relative; }
.trace-head .trace-class { color: var(--base-6); font-size: 18px; font-weight: bold; line-height: 1.3; margin: 0; position: relative; }
.trace-head .trace-namespace { color: #999; display: block; font-size: 13px; }
.trace-head .icon { position: absolute; right: 0; top: 0; }
.trace-head .icon svg { fill: var(--base-5); height: 24px; width: 24px; }

.trace-details { background: var(--base-0); border: var(--border); box-shadow: 0px 0px 1px rgba(128, 128, 128, .2); margin: 0 0 1em; table-layout: fixed; }

.trace-message { font-size: 14px; font-weight: normal; margin: .5em 0 0; }

.trace-line { position: relative; padding-top: 8px; padding-bottom: 8px; }
.trace-line + .trace-line { border-top: var(--border); }
.trace-line:hover { background: var(--base-1); }
.trace-line a { color: var(--base-6); }
.trace-line .icon { opacity: .4; position: absolute; left: 10px; }
.trace-line .icon svg { fill: var(--base-5); height: 16px; width: 16px; }
.trace-line .icon.icon-copy { left: auto; top: auto; padding-left: 5px; display: none }
.trace-line:hover .icon.icon-copy:not(.hidden) { display: inline-block }
.trace-line-header { padding-left: 36px; padding-right: 10px; }

.trace-file-path, .trace-file-path a { color: var(--base-6); font-size: 13px; }
.trace-class { color: var(--color-error); }
.trace-type { padding: 0 2px; }
.trace-method { color: var(--color-error); font-weight: bold; }
.trace-arguments { color: #777; font-weight: normal; padding-left: 2px; }

.trace-code { background: var(--base-0); font-size: 12px; margin: 10px 10px 2px 10px; padding: 10px; overflow-x: auto; white-space: nowrap; }
.trace-code ol { margin: 0; float: left; }
.trace-code li { color: #969896; margin: 0; padding-left: 10px; float: left; width: 100%; }
.trace-code li + li { margin-top: 5px; }
.trace-code li.selected { background: var(--trace-selected-background); margin-top: 2px; }
.trace-code li code { color: var(--base-6); white-space: pre; }

.trace-as-text .stacktrace { line-height: 1.8; margin: 0 0 15px; white-space: pre-wrap; }

@media (min-width: 575px) {
    .hidden-xs-down { display: initial; }
    .help-link { margin-left: 30px; }
}&lt;/style&gt;
        &lt;style&gt;.sf-reset .traces {
    padding-bottom: 14px;
}
.sf-reset .traces li {
    font-size: 12px;
    color: #868686;
    padding: 5px 4px;
    list-style-type: decimal;
    margin-left: 20px;
}
.sf-reset #logs .traces li.error {
    font-style: normal;
    color: #AA3333;
    background: #f9ecec;
}
.sf-reset #logs .traces li.warning {
    font-style: normal;
    background: #ffcc00;
}
/* fix for Opera not liking empty &lt;li&gt; */
.sf-reset .traces li:after {
    content: "\00A0";
}
.sf-reset .trace {
    border: 1px solid #D3D3D3;
    padding: 10px;
    overflow: auto;
    margin: 10px 0 20px;
}
.sf-reset .block-exception {
    -moz-border-radius: 16px;
    -webkit-border-radius: 16px;
    border-radius: 16px;
    margin-bottom: 20px;
    background-color: #f6f6f6;
    border: 1px solid #dfdfdf;
    padding: 30px 28px;
    word-wrap: break-word;
    overflow: hidden;
}
.sf-reset .block-exception div {
    color: #313131;
    font-size: 10px;
}
.sf-reset .block-exception-detected .illustration-exception,
.sf-reset .block-exception-detected .text-exception {
    float: left;
}
.sf-reset .block-exception-detected .illustration-exception {
    width: 152px;
}
.sf-reset .block-exception-detected .text-exception {
    width: 670px;
    padding: 30px 44px 24px 46px;
    position: relative;
}
.sf-reset .text-exception .open-quote,
.sf-reset .text-exception .close-quote {
    font-family: Arial, Helvetica, sans-serif;
    position: absolute;
    color: #C9C9C9;
    font-size: 8em;
}
.sf-reset .open-quote {
    top: 0;
    left: 0;
}
.sf-reset .close-quote {
    bottom: -0.5em;
    right: 50px;
}
.sf-reset .block-exception p {
    font-family: Arial, Helvetica, sans-serif;
}
.sf-reset .block-exception p a,
.sf-reset .block-exception p a:hover {
    color: #565656;
}
.sf-reset .logs h2 {
    float: left;
    width: 654px;
}
.sf-reset .error-count, .sf-reset .support {
    float: right;
    width: 170px;
    text-align: right;
}
.sf-reset .error-count span {
    display: inline-block;
    background-color: #aacd4e;
    -moz-border-radius: 6px;
    -webkit-border-radius: 6px;
    border-radius: 6px;
    padding: 4px;
    color: white;
    margin-right: 2px;
    font-size: 11px;
    font-weight: bold;
}

.sf-reset .support a {
    display: inline-block;
    -moz-border-radius: 6px;
    -webkit-border-radius: 6px;
    border-radius: 6px;
    padding: 4px;
    color: #000000;
    margin-right: 2px;
    font-size: 11px;
    font-weight: bold;
}

.sf-reset .toggle {
    vertical-align: middle;
}
.sf-reset .linked ul,
.sf-reset .linked li {
    display: inline;
}
.sf-reset #output-content {
    color: #000;
    font-size: 12px;
}
.sf-reset #traces-text pre {
    white-space: pre;
    font-size: 12px;
    font-family: monospace;
}&lt;/style&gt;
    &lt;/head&gt;
    &lt;body&gt;
        &lt;script&gt;
            document.body.classList.add(
                localStorage.getItem('symfony/profiler/theme') || (matchMedia('(prefers-color-scheme: dark)').matches ? 'theme-dark' : 'theme-light')
            );
        &lt;/script&gt;

                    &lt;header&gt;
                &lt;div class="container"&gt;
                    &lt;h1 class="logo"&gt;&lt;svg xmlns="http://www.w3.org/2000/svg" width="24" height="24" viewBox="0 0 24 24"&gt;&lt;path fill="#FFF" d="M12 .9C5.8.9.9 5.8.9 12a11 11 0 1 0 22.2 0A11 11 0 0 0 12 .9zm6.5 6c-.6 0-.9-.3-.9-.8 0-.2 0-.4.2-.6l.2-.4c0-.3-.5-.4-.6-.4-1.8.1-2.3 2.5-2.7 4.4l-.2 1c1 .2 1.8 0 2.2-.3.6-.4-.2-.7-.1-1.2.1-.3.5-.5.7-.6.5 0 .7.5.7.9 0 .7-1 1.8-3 1.8l-.6-.1-.6 2.4c-.4 1.6-.8 3.8-2.4 5.7-1.4 1.7-2.9 1.9-3.5 1.9-1.2 0-1.9-.6-2-1.5 0-.8.7-1.3 1.2-1.3.6 0 1.1.5 1.1 1s-.2.6-.4.6c-.1.1-.3.2-.3.4 0 .1.1.3.4.3.5 0 .8-.3 1.1-.5 1.2-.9 1.6-2.7 2.2-5.7l.1-.7.7-3.2c-.8-.6-1.3-1.4-2.4-1.7-.6-.1-1.1.1-1.5.5-.4.5-.2 1.1.2 1.5l.7.6c.7.8 1.2 1.6 1 2.5-.3 1.5-2 2.6-4 1.9-1.8-.6-2-1.8-1.8-2.5.2-.6.6-.7 1.1-.6.5.2.6.7.6 1.2l-.1.3c-.2.1-.3.3-.3.4-.1.4.4.6.7.7.7.3 1.6-.2 1.8-.8a1 1 0 0 0-.4-1.1l-.7-.8c-.4-.4-1.1-1.4-.7-2.6.1-.5.4-.9.7-1.3a4 4 0 0 1 2.8-.6c1.2.4 1.8 1.1 2.6 1.8.5-1.2 1-2.4 1.8-3.5.9-.9 1.9-1.6 3.1-1.7 1.3.2 2.2.7 2.2 1.6 0 .4-.2 1.1-.9 1.1z"/&gt;&lt;/svg&gt; Symfony Exception&lt;/h1&gt;

                    &lt;div class="help-link"&gt;
                        &lt;a href="https://symfony.com/doc/6.4.35/index.html"&gt;
                            &lt;span class="icon"&gt;&lt;svg width="1792" height="1792" viewBox="0 0 1792 1792" xmlns="http://www.w3.org/2000/svg"&gt;&lt;path fill="#FFF" d="M1703 478q40 57 18 129l-275 906q-19 64-76.5 107.5T1247 1664H324q-77 0-148.5-53.5T76 1479q-24-67-2-127 0-4 3-27t4-37q1-8-3-21.5t-3-19.5q2-11 8-21t16.5-23.5T116 1179q23-38 45-91.5t30-91.5q3-10 .5-30t-.5-28q3-11 17-28t17-23q21-36 42-92t25-90q1-9-2.5-32t.5-28q4-13 22-30.5t22-22.5q19-26 42.5-84.5T404 411q1-8-3-25.5t-2-26.5q2-8 9-18t18-23 17-21q8-12 16.5-30.5t15-35 16-36 19.5-32 26.5-23.5 36-11.5T620 134l-1 3q38-9 51-9h761q74 0 114 56t18 130l-274 906q-36 119-71.5 153.5T1089 1408H220q-27 0-38 15-11 16-1 43 24 70 144 70h923q29 0 56-15.5t35-41.5l300-987q7-22 5-57 38 15 59 43zm-1064 2q-4 13 2 22.5t20 9.5h608q13 0 25.5-9.5T1311 480l21-64q4-13-2-22.5t-20-9.5H702q-13 0-25.5 9.5T660 416zm-83 256q-4 13 2 22.5t20 9.5h608q13 0 25.5-9.5T1228 736l21-64q4-13-2-22.5t-20-9.5H619q-13 0-25.5 9.5T577 672z"/&gt;&lt;/svg&gt;&lt;/span&gt;
                            &lt;span class="hidden-xs-down"&gt;Symfony&lt;/span&gt; Docs
                        &lt;/a&gt;
                    &lt;/div&gt;
                &lt;/div&gt;
            &lt;/header&gt;
        
        &lt;div class="exception-summary "&gt;
    &lt;div class="exception-metadata"&gt;
        &lt;div class="container"&gt;
            &lt;h2 class="exception-hierarchy"&gt;
                                &lt;a href="#trace-box-1"&gt;&lt;abbr title="Twig\Error\LoaderError"&gt;LoaderError&lt;/abbr&gt;&lt;/a&gt;
            &lt;/h2&gt;
            &lt;h2 class="exception-http"&gt;
                HTTP 500 &lt;small&gt;Internal Server Error&lt;/small&gt;
            &lt;/h2&gt;
        &lt;/div&gt;
    &lt;/div&gt;
    &lt;div class="exception-message-wrapper"&gt;
        &lt;div class="container"&gt;
            &lt;h1 class="break-long-words exception-message long"&gt;Unable to find template &amp;quot;dashboard/default.html.twig&amp;quot; (looked into: C:\Users\sliti\Desktop\dev\esprit-PIDEV-3A16-2526-FARMIA/templates, C:\Users\sliti\Desktop\dev\esprit-PIDEV-3A16-2526-FARMIA\vendor\symfony\twig-bridge/Resources/views/Form).&lt;/h1&gt;

            &lt;div class="exception-illustration hidden-xs-down"&gt;
                &lt;svg viewBox="0 0 136 81" xmlns="http://www.w3.org/2000/svg" fill-rule="evenodd" clip-rule="evenodd" stroke-linejoin="round" stroke-miterlimit="1.4"&gt;&lt;path d="M92.4 20.4a23.2 23.2 0 0 1 9 1.9 23.7 23.7 0 0 1 5.2 3 24.3 24.3 0 0 1 3.4 3.4 24.8 24.8 0 0 1 5 9.4c.5 1.7.8 3.4 1 5.2v14.5h.4l.5.2a7.4 7.4 0 0 0 2.5.2l.2-.2.6-.8.8-1.3-.2-.1a5.5 5.5 0 0 1-.8-.3 5.6 5.6 0 0 1-2.3-1.8 5.7 5.7 0 0 1-.9-1.6 6.5 6.5 0 0 1-.2-2.8 7.3 7.3 0 0 1 .5-2l.3-.3.8-.9.3-.3c.2-.2.5-.3.8-.3H120.7c.2 0 .3-.1.4 0h.4l.2.1.3.2.2-.4.3-.4.1-.1 1.2-1 .3-.2.4-.1.4-.1h.3l1.5.1.4.1.8.5.1.2 1 1.1v.2H129.4l.4-.2 1.4-.5h1.1c.3 0 .7.2 1 .4.2 0 .3.2.5.3l.2.2.5.3.4.6.1.3.4 1.4.1.4v.6a7.8 7.8 0 0 1-.1.6 9.9 9.9 0 0 1-.8 2.4 7.8 7.8 0 0 1-3 3.3 6.4 6.4 0 0 1-1 .5 6.1 6.1 0 0 1-.6.2l-.7.1h-.1a23.4 23.4 0 0 1-.2 1.7 14.3 14.3 0 0 1-.6 2.1l-.8 2a9.2 9.2 0 0 1-.4.6l-.7 1a9.1 9.1 0 0 1-2.3 2.2c-.9.5-2 .6-3 .7l-1.4.1h-.5l-.4.1a15.8 15.8 0 0 1-2.8-.1v4.2a9.7 9.7 0 0 1-.7 3.5 9.6 9.6 0 0 1-1.7 2.8 9.3 9.3 0 0 1-3 2.3 9 9 0 0 1-5.4.7 9 9 0 0 1-3-1 9.4 9.4 0 0 1-2.7-2.5 10 10 0 0 1-1 1.2 9.3 9.3 0 0 1-2 1.3 9 9 0 0 1-2.4 1 9 9 0 0 1-6.5-1.1A9.4 9.4 0 0 1 85 77V77a10.9 10.9 0 0 1-.6.6 9.3 9.3 0 0 1-2.7 2 9 9 0 0 1-6 .8 9 9 0 0 1-2.4-1 9.3 9.3 0 0 1-2.3-1.7 9.6 9.6 0 0 1-1.8-2.8 9.7 9.7 0 0 1-.8-3.7v-4a18.5 18.5 0 0 1-2.9.2l-1.2-.1c-1.9-.3-3.7-1-5.1-2.2a8.2 8.2 0 0 1-1.1-1 10.2 10.2 0 0 1-.9-1.2 15.3 15.3 0 0 1-.7-1.3 20.8 20.8 0 0 1-1.9-6.2v-.2a6.5 6.5 0 0 1-1-.3 6.1 6.1 0 0 1-.6-.3 6.6 6.6 0 0 1-.9-.6 8.2 8.2 0 0 1-2.7-3.7 10 10 0 0 1-.3-1 10.3 10.3 0 0 1-.3-1.9V47v-.4l.1-.4.6-1.4.1-.2a2 2 0 0 1 .8-.8l.3-.2.3-.2a3.2 3.2 0 0 1 1.8-.5h.4l.3.2 1.4.6.2.2.4.3.3.4.7-.7.2-.2.4-.2.6-.2h2.1l.4.2.4.2.3.2.8 1 .2-.1h.1v-.1H63l1.1.1h.3l.8.5.3.4.7 1 .2.3.1.5a11 11 0 0 1 .2 1.5c0 .8 0 1.6-.3 2.3a6 6 0 0 1-.5 1.2 5.5 5.5 0 0 1-3.3 2.5 12.3 12.3 0 0 0 1.4 3h.1l.2.1 1 .2h1.5l.5-.2H67.8l.5-.2h.1V44v-.4a26.7 26.7 0 0 1 .3-2.3 24.7 24.7 0 0 1 5.7-12.5 24.2 24.2 0 0 1 3.5-3.3 23.7 23.7 0 0 1 4.9-3 23.2 23.2 0 0 1 5.6-1.7 23.7 23.7 0 0 1 4-.3zm-.3 2a21.2 21.2 0 0 0-8 1.7 21.6 21.6 0 0 0-4.8 2.7 22.2 22.2 0 0 0-3.2 3 22.7 22.7 0 0 0-5 9.2 23.4 23.4 0 0 0-.7 4.9v15.7l-.5.1a34.3 34.3 0 0 1-1.5.3h-.2l-.4.1h-.4l-.9.2a10 10 0 0 1-1.9 0c-.5 0-1-.2-1.5-.4a1.8 1.8 0 0 1-.3-.2 2 2 0 0 1-.3-.3 5.2 5.2 0 0 1-.1-.2 9 9 0 0 1-.6-.9 13.8 13.8 0 0 1-1-2 14.3 14.3 0 0 1-.6-2 14 14 0 0 1-.1-.8v-.2h.3a12.8 12.8 0 0 0 1.4-.2 4.4 4.4 0 0 0 .3 0 3.6 3.6 0 0 0 1.1-.7 3.4 3.4 0 0 0 1.2-1.7l.2-1.2a5.1 5.1 0 0 0 0-.8 7.2 7.2 0 0 0-.1-.8l-.7-1-1.2-.2-1 .7-.1 1.3a5 5 0 0 1 .1.4v.6a1 1 0 0 1 0 .3c-.1.3-.4.4-.7.5l-1.2.4v-.7A9.9 9.9 0 0 1 60 49l.3-.6v-.2l.1-.1v-1.6l-1-1.2h-1.5l-1 1.1v.4a5.3 5.3 0 0 0-.2.6 5.5 5.5 0 0 0 0 .5c0 .7 0 1.4.3 2 0 .4.2.8.4 1.2L57 51a9.5 9.5 0 0 1-1.1-.5h-.2a2 2 0 0 1-.4-.3c-.4-.4-.5-1-.6-1.6a5.6 5.6 0 0 1 0-.5v-.5-.5l-.6-1.5-1.4-.6-.9.3s-.2 0-.3.2a2 2 0 0 1-.1 0l-.6 1.4v.7a8.5 8.5 0 0 0 .5 2c.4 1.1 1 2.1 2 2.8a4.7 4.7 0 0 0 2.1.9h1a22.8 22.8 0 0 0 .1 1 18.1 18.1 0 0 0 .8 3.8 18.2 18.2 0 0 0 1.6 3.7l1 1.3c1 1 2.3 1.6 3.7 2a11.7 11.7 0 0 0 4.8 0h.4l.5-.2.5-.1.6-.2v6.6a8 8 0 0 0 .1 1.3 7.5 7.5 0 0 0 2.4 4.3 7.2 7.2 0 0 0 2.3 1.3 7 7 0 0 0 7-1.1 7.5 7.5 0 0 0 2-2.6A7.7 7.7 0 0 0 85 72V71a8.2 8.2 0 0 0 .2 1.3c0 .7.3 1.4.6 2a7.5 7.5 0 0 0 1.7 2.3 7.3 7.3 0 0 0 2.2 1.4 7.1 7.1 0 0 0 4.6.2 7.2 7.2 0 0 0 2.4-1.2 7.5 7.5 0 0 0 2.1-2.7 7.8 7.8 0 0 0 .7-2.4V71a9.3 9.3 0 0 0 .1.6 7.6 7.6 0 0 0 .6 2.5 7.5 7.5 0 0 0 2.4 3 7.1 7.1 0 0 0 7 .8 7.3 7.3 0 0 0 2.3-1.5 7.5 7.5 0 0 0 1.6-2.3 7.6 7.6 0 0 0 .5-2l.1-1.1v-6.7l.4.1a12.2 12.2 0 0 0 2 .5 11.1 11.1 0 0 0 2.5 0h.8l1.2-.1a9.5 9.5 0 0 0 1.4-.2l.9-.3a3.5 3.5 0 0 0 .6-.4l1.2-1.4a12.2 12.2 0 0 0 .8-1.2c0-.3.2-.5.3-.7a15.9 15.9 0 0 0 .7-2l.3-1.6v-1.3l.2-.9V54.6a15.5 15.5 0 0 0 1.8 0 4.5 4.5 0 0 0 1.4-.5 5.7 5.7 0 0 0 2.5-3.2 7.6 7.6 0 0 0 .4-1.5v-.3l-.4-1.4a5.2 5.2 0 0 1-.2-.1l-.4-.4a3.8 3.8 0 0 0-.2 0 1.4 1.4 0 0 0-.5-.2l-1.4.4-.7 1.3v.7a5.7 5.7 0 0 1-.1.8l-.7 1.4a1.9 1.9 0 0 1-.5.3h-.3a9.6 9.6 0 0 1-.8.3 8.8 8.8 0 0 1-.6 0l.2-.4.2-.5.2-.3v-.4l.1-.2V50l.1-1 .1-.6v-.6a4.8 4.8 0 0 0 0-.8v-.2l-1-1.1-1.5-.2-1.1 1-.2 1.4v.1l.2.4.2.3v.4l.1 1.1v.3l.1.5v.8a9.6 9.6 0 0 1-.8-.3l-.2-.1h-.3l-.8-.1h-.2a1.6 1.6 0 0 1-.2-.2.9.9 0 0 1-.2-.2 1 1 0 0 1-.1-.5l.2-.9v-1.2l-.9-.8h-1.2l-.8.9v.3a4.8 4.8 0 0 0-.3 2l.3.9a3.5 3.5 0 0 0 1.2 1.6l1 .5.8.2 1.4.1h.4l.2.1a12.1 12.1 0 0 1-1 2.6 13.2 13.2 0 0 1-.8 1.5 9.5 9.5 0 0 1-1 1.2l-.2.3a1.7 1.7 0 0 1-.4.3 2.4 2.4 0 0 1-.7.2h-2.5a7.8 7.8 0 0 1-.6-.2l-.7-.2h-.2a14.8 14.8 0 0 1-.6-.2 23.4 23.4 0 0 1-.4-.1l-.4-.1-.3-.1V43.9a34.6 34.6 0 0 0 0-.6 23.6 23.6 0 0 0-.4-3 22.7 22.7 0 0 0-1.5-4.7 22.6 22.6 0 0 0-4.6-6.7 21.9 21.9 0 0 0-6.9-4.7 21.2 21.2 0 0 0-8.1-1.8H92zm9.1 33.7l.3.1a1 1 0 0 1 .6.8v.4a8.4 8.4 0 0 1 0 .5 8.8 8.8 0 0 1-1.6 4.2l-1 1.3A10 10 0 0 1 95 66c-1.3.3-2.7.4-4 .3a10.4 10.4 0 0 1-2.7-.8 10 10 0 0 1-3.6-2.5 9.3 9.3 0 0 1-.8-1 9 9 0 0 1-.7-1.2 8.6 8.6 0 0 1-.8-3.4V57a1 1 0 0 1 .3-.6 1 1 0 0 1 1.3-.2 1 1 0 0 1 .4.8v.4a6.5 6.5 0 0 0 .5 2.2 7 7 0 0 0 2.1 2.8l1 .6c2.6 1.6 6 1.6 8.5 0a8 8 0 0 0 1.1-.6 7.6 7.6 0 0 0 1.2-1.2 7 7 0 0 0 1-1.7 6.5 6.5 0 0 0 .4-2.5 1 1 0 0 1 .7-1h.4zM30.7 43.7c-15.5 1-28.5-6-30.1-16.4C-1.2 15.7 11.6 4 29 1.3 46.6-1.7 62.3 5.5 64 17.1c1.6 10.4-8.7 21-23.7 25a31.2 31.2 0 0 0 0 .9v.3a19 19 0 0 0 .1 1l.1.4.1.9a4.7 4.7 0 0 0 .5 1l.7 1a9.2 9.2 0 0 0 1.2 1l1.5.8.6.8-.7.6-1.1.3a11.2 11.2 0 0 1-2.6.4 8.6 8.6 0 0 1-3-.5 8.5 8.5 0 0 1-1-.4 11.2 11.2 0 0 1-1.8-1.2 13.3 13.3 0 0 1-1-1 18 18 0 0 1-.7-.6l-.4-.4a23.4 23.4 0 0 1-1.3-1.8l-.1-.1-.3-.5V45l-.3-.6v-.7zM83.1 36c3.6 0 6.5 3.2 6.5 7.1 0 4-3 7.2-6.5 7.2S76.7 47 76.7 43 79.6 36 83 36zm18 0c3.6 0 6.5 3.2 6.5 7.1 0 4-2.9 7.2-6.4 7.2S94.7 47 94.7 43s3-7.1 6.5-7.1zm-18 6.1c2 0 3.5 1.6 3.5 3.6S85 49.2 83 49.2s-3.4-1.6-3.4-3.6S81.2 42 83 42zm17.9 0c1.9 0 3.4 1.6 3.4 3.6s-1.5 3.6-3.4 3.6c-2 0-3.5-1.6-3.5-3.6S99.1 42 101 42zM17 28c-.3 1.6-1.8 5-5.2 5.8-2.5.6-4.1-.8-4.5-2.6-.4-1.9.7-3.5 2.1-4.5A3.5 3.5 0 0 1 8 24.6c-.4-2 .8-3.7 3.2-4.2 1.9-.5 3.1.2 3.4 1.5.3 1.1-.5 2.2-1.8 2.5-.9.3-1.6 0-1.7-.6a1.4 1.4 0 0 1 0-.7s.3.2 1 0c.7-.1 1-.7.9-1.2-.2-.6-1-.8-1.8-.6-1 .2-2 1-1.7 2.6.3 1 .9 1.6 1.5 1.8l.7-.2c1-.2 1.5 0 1.6.5 0 .4-.2 1-1.2 1.2a3.3 3.3 0 0 1-1.5 0c-.9.7-1.6 1.9-1.3 3.2.3 1.3 1.3 2.2 3 1.8 2.5-.7 3.8-3.7 4.2-5-.3-.5-.6-1-.7-1.6-.1-.5.1-1 .9-1.2.4 0 .7.2.8.8a2.8 2.8 0 0 1 0 1l.7 1c.6-2 1.4-4 1.7-4 .6-.2 1.5.6 1.5.6-.8.7-1.7 2.4-2.3 4.2.8.6 1.6 1 2.1 1 .5-.1.8-.6 1-1.2-.3-2.2 1-4.3 2.3-4.6.7-.2 1.3.2 1.4.8.1.5 0 1.3-.9 1.7-.2-1-.6-1.3-1-1.3-.4.1-.7 1.4-.4 2.8.2 1 .7 1.5 1.3 1.4.8-.2 1.3-1.2 1.7-2.1-.3-2.1.9-4.2 2.2-4.5.7-.2 1.2.1 1.4 1 .4 1.4-1 2.8-2.2 3.4.3.7.7 1 1.3.9 1-.3 1.6-1.5 2-2.5l-.5-3v-.3s1.6-.3 1.8.6v.1c.2-.6.7-1.2 1.3-1.4.8-.1 1.5.6 1.7 1.6.5 2.2-.5 4.4-1.8 4.7H33a31.9 31.9 0 0 0 1 5.2c-.4.1-1.8.4-2-.4l-.5-5.6c-.5 1-1.3 2.2-2.5 2.4-1 .3-1.6-.3-2-1.1-.5 1-1.3 2.1-2.4 2.4-.8.2-1.5-.1-2-1-.3.8-.9 1.5-1.5 1.7-.7.1-1.5-.3-2.4-1-.3.8-.4 1.6-.4 2.2 0 0-.7 0-.8-.4-.1-.5 0-1.5.3-2.7a10.3 10.3 0 0 1-.7-.8zm38.2-17.8l.2.9c.5 1.9.4 4.4.8 6.4 0 .6-.4 3-1.4 3.3-.2 0-.3 0-.4-.4-.1-.7 0-1.6-.3-2.6-.2-1.1-.8-1.6-1.5-1.5-.8.2-1.3 1-1.6 2l-.1-.5c-.2-1-1.8-.6-1.8-.6a6.2 6.2 0 0 1 .4 1.3l.2 1c-.2.5-.6 1-1.2 1l-.2.1a7 7 0 0 0-.1-.8c-.3-1.1-1-2-1.6-1.8a.7.7 0 0 0-.4.3c-1.3.3-2.4 2-2.1 3.9-.2.9-.6 1.7-1 1.9-.5 0-.8-.5-1.1-1.8l-.1-1.2a4 4 0 0 0 0-1.7c0-.4-.4-.7-.8-.6-.7.2-.9 1.7-.5 3.8-.2 1-.6 2-1.3 2-.4.2-.8-.2-1-1l-.2-3c1.2-.5 2-1 1.8-1.7-.1-.5-.8-.7-.8-.7s0 .7-1 1.2l-.2-1.4c-.1-.6-.4-1-1.7-.6l.4 1 .2 1.5h-1v.8c0 .3.4.3 1 .2 0 1.3 0 2.7.2 3.6.3 1.4 1.2 2 2 1.7 1-.2 1.6-1.3 2-2.3.3 1.2 1 2 1.9 1.7.7-.2 1.2-1.1 1.6-2.2.4.8 1.1 1.1 2 1 1.2-.4 1.7-1.6 1.8-2.8h.2c.6-.2 1-.6 1.3-1 0 .8 0 1.5.2 2.1.1.5.3.7.6.6.5-.1 1-.9 1-.9a4 4 0 0 1-.3-1c-.3-1.3.3-3.6 1-3.7.2 0 .3.2.5.7v.8l.2 1.5v.7c.2.7.7 1.3 1.5 1 1.3-.2 2-2.6 2.1-3.9.3.2.6.2 1 .1-.6-2.2 0-6.1-.3-7.9-.1-.4-1-.5-1.7-.5h-.4zm-21.5 12c.4 0 .7.3 1 1.1.2 1.3-.3 2.6-.9 2.8-.2 0-.7 0-1-1.2v-.4c0-1.3.4-2 1-2.2zm-5.2 1c.3 0 .6.2.6.5.2.6-.3 1.3-1.2 2-.3-1.4.1-2.3.6-2.5zm18-.4c-.5.2-1-.4-1.2-1.2-.2-1 0-2.1.7-2.5v.5c.2.7.6 1.5 1.3 1.9 0 .7-.2 1.2-.7 1.3zm10-1.6c0 .5.4.7 1 .6.8-.2 1-1 .8-1.6 0-.5-.4-1-1-.8-.5.1-1 .9-.8 1.8zm-14.3-5.5c0-.4-.5-.7-1-.5-.8.2-1 1-.9 1.5.2.6.5 1 1 .8.5 0 1.1-1 1-1.8z" fill="#fff" fill-opacity=".6"/&gt;&lt;/svg&gt;            &lt;/div&gt;
        &lt;/div&gt;
    &lt;/div&gt;
&lt;/div&gt;

&lt;div class="container"&gt;
    &lt;div class="sf-tabs"&gt;
        &lt;div class="tab"&gt;
                        &lt;h3 class="tab-title"&gt;
                                    Exception
                            &lt;/h3&gt;

            &lt;div class="tab-content"&gt;
                &lt;div class="trace trace-as-html" id="trace-box-1"&gt;
    &lt;div class="trace-details"&gt;
        &lt;div class="trace-head"&gt;
            &lt;div class="sf-toggle" data-toggle-selector="#trace-html-1" data-toggle-initial="display"&gt;
                &lt;span class="icon icon-close"&gt;&lt;svg width="1792" height="1792" viewBox="0 0 1792 1792" xmlns="http://www.w3.org/2000/svg"&gt;&lt;path d="M1344 800v64q0 14-9 23t-23 9H480q-14 0-23-9t-9-23v-64q0-14 9-23t23-9h832q14 0 23 9t9 23zm128 448V416q0-66-47-113t-113-47H480q-66 0-113 47t-47 113v832q0 66 47 113t113 47h832q66 0 113-47t47-113zm128-832v832q0 119-84.5 203.5T1312 1536H480q-119 0-203.5-84.5T192 1248V416q0-119 84.5-203.5T480 128h832q119 0 203.5 84.5T1600 416z"/&gt;&lt;/svg&gt;&lt;/span&gt;
                &lt;span class="icon icon-open"&gt;&lt;svg width="1792" height="1792" viewBox="0 0 1792 1792" xmlns="http://www.w3.org/2000/svg"&gt;&lt;path d="M1344 800v64q0 14-9 23t-23 9H960v352q0 14-9 23t-23 9h-64q-14 0-23-9t-9-23V896H480q-14 0-23-9t-9-23v-64q0-14 9-23t23-9h352V416q0-14 9-23t23-9h64q14 0 23 9t9 23v352h352q14 0 23 9t9 23zm128 448V416q0-66-47-113t-113-47H480q-66 0-113 47t-47 113v832q0 66 47 113t113 47h832q66 0 113-47t47-113zm128-832v832q0 119-84.5 203.5T1312 1536H480q-119 0-203.5-84.5T192 1248V416q0-119 84.5-203.5T480 128h832q119 0 203.5 84.5T1600 416z"/&gt;&lt;/svg&gt;&lt;/span&gt;
                                                    &lt;h3 class="trace-class"&gt;
                                                    &lt;span class="trace-namespace"&gt;Twig\Error\&lt;/span&gt;
                                                LoaderError                    &lt;/h3&gt;
                                            &lt;/div&gt;
                            &lt;details class="exception-properties-wrapper"&gt;
                    &lt;summary&gt;Show exception properties&lt;/summary&gt;
                    &lt;div class="exception-properties"&gt;
                        &lt;script&gt; Sfdump = window.Sfdump || (function (doc) { doc.documentElement.classList.add('sf-js-enabled'); var rxEsc = /([.*+?^${}()|\[\]\/\\])/g, idRx = /\bsf-dump-\d+-ref[012]\w+\b/, keyHint = 0 &lt;= navigator.platform.toUpperCase().indexOf('MAC') ? 'Cmd' : 'Ctrl', addEventListener = function (e, n, cb) { e.addEventListener(n, cb, false); }; if (!doc.addEventListener) { addEventListener = function (element, eventName, callback) { element.attachEvent('on' + eventName, function (e) { e.preventDefault = function () {e.returnValue = false;}; e.target = e.srcElement; callback(e); }); }; } function toggle(a, recursive) { var s = a.nextSibling || {}, oldClass = s.className, arrow, newClass; if (/\bsf-dump-compact\b/.test(oldClass)) { arrow = '&amp;#9660;'; newClass = 'sf-dump-expanded'; } else if (/\bsf-dump-expanded\b/.test(oldClass)) { arrow = '&amp;#9654;'; newClass = 'sf-dump-compact'; } else { return false; } if (doc.createEvent &amp;&amp; s.dispatchEvent) { var event = doc.createEvent('Event'); event.initEvent('sf-dump-expanded' === newClass ? 'sfbeforedumpexpand' : 'sfbeforedumpcollapse', true, false); s.dispatchEvent(event); } a.lastChild.innerHTML = arrow; s.className = s.className.replace(/\bsf-dump-(compact|expanded)\b/, newClass); if (recursive) { try { a = s.querySelectorAll('.'+oldClass); for (s = 0; s &lt; a.length; ++s) { if (-1 == a[s].className.indexOf(newClass)) { a[s].className = newClass; a[s].previousSibling.lastChild.innerHTML = arrow; } } } catch (e) { } } return true; }; function collapse(a, recursive) { var s = a.nextSibling || {}, oldClass = s.className; if (/\bsf-dump-expanded\b/.test(oldClass)) { toggle(a, recursive); return true; } return false; }; function expand(a, recursive) { var s = a.nextSibling || {}, oldClass = s.className; if (/\bsf-dump-compact\b/.test(oldClass)) { toggle(a, recursive); return true; } return false; }; function collapseAll(root) { var a = root.querySelector('a.sf-dump-toggle'); if (a) { collapse(a, true); expand(a); return true; } return false; } function reveal(node) { var previous, parents = []; while ((node = node.parentNode || {}) &amp;&amp; (previous = node.previousSibling) &amp;&amp; 'A' === previous.tagName) { parents.push(previous); } if (0 !== parents.length) { parents.forEach(function (parent) { expand(parent); }); return true; } return false; } function highlight(root, activeNode, nodes) { resetHighlightedNodes(root); Array.from(nodes||[]).forEach(function (node) { if (!/\bsf-dump-highlight\b/.test(node.className)) { node.className = node.className + ' sf-dump-highlight'; } }); if (!/\bsf-dump-highlight-active\b/.test(activeNode.className)) { activeNode.className = activeNode.className + ' sf-dump-highlight-active'; } } function resetHighlightedNodes(root) { Array.from(root.querySelectorAll('.sf-dump-str, .sf-dump-key, .sf-dump-public, .sf-dump-protected, .sf-dump-private')).forEach(function (strNode) { strNode.className = strNode.className.replace(/\bsf-dump-highlight\b/, ''); strNode.className = strNode.className.replace(/\bsf-dump-highlight-active\b/, ''); }); } return function (root, x) { root = doc.getElementById(root); var indentRx = new RegExp('^('+(root.getAttribute('data-indent-pad') || ' ').replace(rxEsc, '\\$1')+')+', 'm'), options = {"maxDepth":1,"maxStringLength":160,"fileLinkFormat":false}, elt = root.getElementsByTagName('A'), len = elt.length, i = 0, s, h, t = []; while (i &lt; len) t.push(elt[i++]); for (i in x) { options[i] = x[i]; } function a(e, f) { addEventListener(root, e, function (e, n) { if ('A' == e.target.tagName) { f(e.target, e); } else if ('A' == e.target.parentNode.tagName) { f(e.target.parentNode, e); } else { n = /\bsf-dump-ellipsis\b/.test(e.target.className) ? e.target.parentNode : e.target; if ((n = n.nextElementSibling) &amp;&amp; 'A' == n.tagName) { if (!/\bsf-dump-toggle\b/.test(n.className)) { n = n.nextElementSibling || n; } f(n, e, true); } } }); }; function isCtrlKey(e) { return e.ctrlKey || e.metaKey; } function xpathString(str) { var parts = str.match(/[^'"]+|['"]/g).map(function (part) { if ("'" == part) { return '"\'"'; } if ('"' == part) { return "'\"'"; } return "'" + part + "'"; }); return "concat(" + parts.join(",") + ", '')"; } function xpathHasClass(className) { return "contains(concat(' ', normalize-space(@class), ' '), ' " + className +" ')"; } a('mouseover', function (a, e, c) { if (c) { e.target.style.cursor = "pointer"; } }); a('click', function (a, e, c) { if (/\bsf-dump-toggle\b/.test(a.className)) { e.preventDefault(); if (!toggle(a, isCtrlKey(e))) { var r = doc.getElementById(a.getAttribute('href').slice(1)), s = r.previousSibling, f = r.parentNode, t = a.parentNode; t.replaceChild(r, a); f.replaceChild(a, s); t.insertBefore(s, r); f = f.firstChild.nodeValue.match(indentRx); t = t.firstChild.nodeValue.match(indentRx); if (f &amp;&amp; t &amp;&amp; f[0] !== t[0]) { r.innerHTML = r.innerHTML.replace(new RegExp('^'+f[0].replace(rxEsc, '\\$1'), 'mg'), t[0]); } if (/\bsf-dump-compact\b/.test(r.className)) { toggle(s, isCtrlKey(e)); } } if (c) { } else if (doc.getSelection) { try { doc.getSelection().removeAllRanges(); } catch (e) { doc.getSelection().empty(); } } else { doc.selection.empty(); } } else if (/\bsf-dump-str-toggle\b/.test(a.className)) { e.preventDefault(); e = a.parentNode.parentNode; e.className = e.className.replace(/\bsf-dump-str-(expand|collapse)\b/, a.parentNode.className); } }); elt = root.getElementsByTagName('SAMP'); len = elt.length; i = 0; while (i &lt; len) t.push(elt[i++]); len = t.length; for (i = 0; i &lt; len; ++i) { elt = t[i]; if ('SAMP' == elt.tagName) { a = elt.previousSibling || {}; if ('A' != a.tagName) { a = doc.createElement('A'); a.className = 'sf-dump-ref'; elt.parentNode.insertBefore(a, elt); } else { a.innerHTML += ' '; } a.title = (a.title ? a.title+'\n[' : '[')+keyHint+'+click] Expand all children'; a.innerHTML += elt.className == 'sf-dump-compact' ? '&lt;span&gt;&amp;#9654;&lt;/span&gt;' : '&lt;span&gt;&amp;#9660;&lt;/span&gt;'; a.className += ' sf-dump-toggle'; x = 1; if ('sf-dump' != elt.parentNode.className) { x += elt.parentNode.getAttribute('data-depth')/1; } } else if (/\bsf-dump-ref\b/.test(elt.className) &amp;&amp; (a = elt.getAttribute('href'))) { a = a.slice(1); elt.className += ' sf-dump-hover'; elt.className += ' '+a; if (/[\[{]$/.test(elt.previousSibling.nodeValue)) { a = a != elt.nextSibling.id &amp;&amp; doc.getElementById(a); try { s = a.nextSibling; elt.appendChild(a); s.parentNode.insertBefore(a, s); if (/^[@#]/.test(elt.innerHTML)) { elt.innerHTML += ' &lt;span&gt;&amp;#9654;&lt;/span&gt;'; } else { elt.innerHTML = '&lt;span&gt;&amp;#9654;&lt;/span&gt;'; elt.className = 'sf-dump-ref'; } elt.className += ' sf-dump-toggle'; } catch (e) { if ('&amp;' == elt.innerHTML.charAt(0)) { elt.innerHTML = '&amp;#8230;'; elt.className = 'sf-dump-ref'; } } } } } if (doc.evaluate &amp;&amp; Array.from &amp;&amp; root.children.length &gt; 1) { root.setAttribute('tabindex', 0); SearchState = function () { this.nodes = []; this.idx = 0; }; SearchState.prototype = { next: function () { if (this.isEmpty()) { return this.current(); } this.idx = this.idx &lt; (this.nodes.length - 1) ? this.idx + 1 : 0; return this.current(); }, previous: function () { if (this.isEmpty()) { return this.current(); } this.idx = this.idx &gt; 0 ? this.idx - 1 : (this.nodes.length - 1); return this.current(); }, isEmpty: function () { return 0 === this.count(); }, current: function () { if (this.isEmpty()) { return null; } return this.nodes[this.idx]; }, reset: function () { this.nodes = []; this.idx = 0; }, count: function () { return this.nodes.length; }, }; function showCurrent(state) { var currentNode = state.current(), currentRect, searchRect; if (currentNode) { reveal(currentNode); highlight(root, currentNode, state.nodes); if ('scrollIntoView' in currentNode) { currentNode.scrollIntoView(true); currentRect = currentNode.getBoundingClientRect(); searchRect = search.getBoundingClientRect(); if (currentRect.top &lt; (searchRect.top + searchRect.height)) { window.scrollBy(0, -(searchRect.top + searchRect.height + 5)); } } } counter.textContent = (state.isEmpty() ? 0 : state.idx + 1) + ' of ' + state.count(); } var search = doc.createElement('div'); search.className = 'sf-dump-search-wrapper sf-dump-search-hidden'; search.innerHTML = ' &lt;input type="text" class="sf-dump-search-input"&gt; &lt;span class="sf-dump-search-count"&gt;0 of 0&lt;\/span&gt; &lt;button type="button" class="sf-dump-search-input-previous" tabindex="-1"&gt; &lt;svg viewBox="0 0 1792 1792" xmlns="http://www.w3.org/2000/svg"&gt;&lt;path d="M1683 1331l-166 165q-19 19-45 19t-45-19L896 965l-531 531q-19 19-45 19t-45-19l-166-165q-19-19-19-45.5t19-45.5l742-741q19-19 45-19t45 19l742 741q19 19 19 45.5t-19 45.5z"\/&gt;&lt;\/svg&gt; &lt;\/button&gt; &lt;button type="button" class="sf-dump-search-input-next" tabindex="-1"&gt; &lt;svg viewBox="0 0 1792 1792" xmlns="http://www.w3.org/2000/svg"&gt;&lt;path d="M1683 808l-742 741q-19 19-45 19t-45-19L109 808q-19-19-19-45.5t19-45.5l166-165q19-19 45-19t45 19l531 531 531-531q19-19 45-19t45 19l166 165q19 19 19 45.5t-19 45.5z"\/&gt;&lt;\/svg&gt; &lt;\/button&gt; '; root.insertBefore(search, root.firstChild); var state = new SearchState(); var searchInput = search.querySelector('.sf-dump-search-input'); var counter = search.querySelector('.sf-dump-search-count'); var searchInputTimer = 0; var previousSearchQuery = ''; addEventListener(searchInput, 'keyup', function (e) { var searchQuery = e.target.value; /* Don't perform anything if the pressed key didn't change the query */ if (searchQuery === previousSearchQuery) { return; } previousSearchQuery = searchQuery; clearTimeout(searchInputTimer); searchInputTimer = setTimeout(function () { state.reset(); collapseAll(root); resetHighlightedNodes(root); if ('' === searchQuery) { counter.textContent = '0 of 0'; return; } var classMatches = [ "sf-dump-str", "sf-dump-key", "sf-dump-public", "sf-dump-protected", "sf-dump-private", ].map(xpathHasClass).join(' or '); var xpathResult = doc.evaluate('.//span[' + classMatches + '][contains(translate(child::text(), ' + xpathString(searchQuery.toUpperCase()) + ', ' + xpathString(searchQuery.toLowerCase()) + '), ' + xpathString(searchQuery.toLowerCase()) + ')]', root, null, XPathResult.ORDERED_NODE_ITERATOR_TYPE, null); while (node = xpathResult.iterateNext()) state.nodes.push(node); showCurrent(state); }, 400); }); Array.from(search.querySelectorAll('.sf-dump-search-input-next, .sf-dump-search-input-previous')).forEach(function (btn) { addEventListener(btn, 'click', function (e) { e.preventDefault(); -1 !== e.target.className.indexOf('next') ? state.next() : state.previous(); searchInput.focus(); collapseAll(root); showCurrent(state); }) }); addEventListener(root, 'keydown', function (e) { var isSearchActive = !/\bsf-dump-search-hidden\b/.test(search.className); if ((114 === e.keyCode &amp;&amp; !isSearchActive) || (isCtrlKey(e) &amp;&amp; 70 === e.keyCode)) { /* F3 or CMD/CTRL + F */ if (70 === e.keyCode &amp;&amp; document.activeElement === searchInput) { /* * If CMD/CTRL + F is hit while having focus on search input, * the user probably meant to trigger browser search instead. * Let the browser execute its behavior: */ return; } e.preventDefault(); search.className = search.className.replace(/\bsf-dump-search-hidden\b/, ''); searchInput.focus(); } else if (isSearchActive) { if (27 === e.keyCode) { /* ESC key */ search.className += ' sf-dump-search-hidden'; e.preventDefault(); resetHighlightedNodes(root); searchInput.value = ''; } else if ( (isCtrlKey(e) &amp;&amp; 71 === e.keyCode) /* CMD/CTRL + G */ || 13 === e.keyCode /* Enter */ || 114 === e.keyCode /* F3 */ ) { e.preventDefault(); e.shiftKey ? state.previous() : state.next(); collapseAll(root); showCurrent(state); } } }); } if (0 &gt;= options.maxStringLength) { return; } try { elt = root.querySelectorAll('.sf-dump-str'); len = elt.length; i = 0; t = []; while (i &lt; len) t.push(elt[i++]); len = t.length; for (i = 0; i &lt; len; ++i) { elt = t[i]; s = elt.innerText || elt.textContent; x = s.length - options.maxStringLength; if (0 &lt; x) { h = elt.innerHTML; elt[elt.innerText ? 'innerText' : 'textContent'] = s.substring(0, options.maxStringLength); elt.className += ' sf-dump-str-collapse'; elt.innerHTML = '&lt;span class=sf-dump-str-collapse&gt;'+h+'&lt;a class="sf-dump-ref sf-dump-str-toggle" title="Collapse"&gt; &amp;#9664;&lt;/a&gt;&lt;/span&gt;'+ '&lt;span class=sf-dump-str-expand&gt;'+elt.innerHTML+'&lt;a class="sf-dump-ref sf-dump-str-toggle" title="'+x+' remaining characters"&gt; &amp;#9654;&lt;/a&gt;&lt;/span&gt;'; } } } catch (e) { } }; })(document); &lt;/script&gt;&lt;style&gt; .sf-js-enabled pre.sf-dump .sf-dump-compact, .sf-js-enabled .sf-dump-str-collapse .sf-dump-str-collapse, .sf-js-enabled .sf-dump-str-expand .sf-dump-str-expand { display: none; } .sf-dump-hover:hover { background-color: #B729D9; color: #FFF !important; border-radius: 2px; } pre.sf-dump { display: block; white-space: pre; padding: 5px; overflow: initial !important; } pre.sf-dump:after { content: ""; visibility: hidden; display: block; height: 0; clear: both; } pre.sf-dump .sf-dump-ellipsization { display: inline-flex; } pre.sf-dump a { text-decoration: none; cursor: pointer; border: 0; outline: none; color: inherit; } pre.sf-dump img { max-width: 50em; max-height: 50em; margin: .5em 0 0 0; padding: 0; background: url(data:image/png;base64,iVBORw0KGgoAAAANSUhEUgAAABAAAAAQCAAAAAA6mKC9AAAAHUlEQVQY02O8zAABilCaiQEN0EeA8QuUcX9g3QEAAjcC5piyhyEAAAAASUVORK5CYII=) #D3D3D3; } pre.sf-dump .sf-dump-ellipsis { text-overflow: ellipsis; white-space: nowrap; overflow: hidden; } pre.sf-dump .sf-dump-ellipsis-tail { flex-shrink: 0; } pre.sf-dump code { display:inline; padding:0; background:none; } .sf-dump-public.sf-dump-highlight, .sf-dump-protected.sf-dump-highlight, .sf-dump-private.sf-dump-highlight, .sf-dump-str.sf-dump-highlight, .sf-dump-key.sf-dump-highlight { background: rgba(111, 172, 204, 0.3); border: 1px solid #7DA0B1; border-radius: 3px; } .sf-dump-public.sf-dump-highlight-active, .sf-dump-protected.sf-dump-highlight-active, .sf-dump-private.sf-dump-highlight-active, .sf-dump-str.sf-dump-highlight-active, .sf-dump-key.sf-dump-highlight-active { background: rgba(253, 175, 0, 0.4); border: 1px solid #ffa500; border-radius: 3px; } pre.sf-dump .sf-dump-search-hidden { display: none !important; } pre.sf-dump .sf-dump-search-wrapper { font-size: 0; white-space: nowrap; margin-bottom: 5px; display: flex; position: -webkit-sticky; position: sticky; top: 5px; } pre.sf-dump .sf-dump-search-wrapper &gt; * { vertical-align: top; box-sizing: border-box; height: 21px; font-weight: normal; border-radius: 0; background: #FFF; color: #757575; border: 1px solid #BBB; } pre.sf-dump .sf-dump-search-wrapper &gt; input.sf-dump-search-input { padding: 3px; height: 21px; font-size: 12px; border-right: none; border-top-left-radius: 3px; border-bottom-left-radius: 3px; color: #000; min-width: 15px; width: 100%; } pre.sf-dump .sf-dump-search-wrapper &gt; .sf-dump-search-input-next, pre.sf-dump .sf-dump-search-wrapper &gt; .sf-dump-search-input-previous { background: #F2F2F2; outline: none; border-left: none; font-size: 0; line-height: 0; } pre.sf-dump .sf-dump-search-wrapper &gt; .sf-dump-search-input-next { border-top-right-radius: 3px; border-bottom-right-radius: 3px; } pre.sf-dump .sf-dump-search-wrapper &gt; .sf-dump-search-input-next &gt; svg, pre.sf-dump .sf-dump-search-wrapper &gt; .sf-dump-search-input-previous &gt; svg { pointer-events: none; width: 12px; height: 12px; } pre.sf-dump .sf-dump-search-wrapper &gt; .sf-dump-search-count { display: inline-block; padding: 0 5px; margin: 0; border-left: none; line-height: 21px; font-size: 12px; }pre.sf-dump, pre.sf-dump .sf-dump-default{background:none; color:#CC7832; line-height:1.2em; font:12px Menlo, Monaco, Consolas, monospace; word-wrap: break-word; white-space: pre-wrap; position:relative; z-index:99999; word-break: break-all}pre.sf-dump .sf-dump-num{font-weight:bold; color:#1299DA}pre.sf-dump .sf-dump-const{font-weight:bold}pre.sf-dump .sf-dump-str{font-weight:bold; color:#629755;}pre.sf-dump .sf-dump-note{color:#6897BB}pre.sf-dump .sf-dump-ref{color:#6E6E6E}pre.sf-dump .sf-dump-public{color:#262626}pre.sf-dump .sf-dump-protected{color:#262626}pre.sf-dump .sf-dump-private{color:#262626}pre.sf-dump .sf-dump-meta{color:#B729D9}pre.sf-dump .sf-dump-key{color:#789339}pre.sf-dump .sf-dump-index{color:#1299DA}pre.sf-dump .sf-dump-ellipsis{color:#CC7832}pre.sf-dump .sf-dump-ns{user-select:none;}pre.sf-dump .sf-dump-ellipsis-note{color:#6897BB}&lt;/style&gt;&lt;pre class=sf-dump id=sf-dump-1513739389 data-indent-pad="  "&gt;&lt;span class=sf-dump-note&gt;Twig\Error\LoaderError&lt;/span&gt; {&lt;a class=sf-dump-ref&gt;#1081&lt;/a&gt;&lt;samp data-depth=1 class=sf-dump-expanded&gt;
  -&lt;span class=sf-dump-private title="Private property defined in class:&amp;#10;`Twig\Error\Error`"&gt;lineno&lt;/span&gt;: &lt;span class=sf-dump-num&gt;-1&lt;/span&gt;
  -&lt;span class=sf-dump-private title="Private property defined in class:&amp;#10;`Twig\Error\Error`"&gt;rawMessage&lt;/span&gt;: "&lt;span class=sf-dump-str title="242 characters"&gt;Unable to find template &amp;quot;dashboard/default.html.twig&amp;quot; (looked into: C:\Users\sliti\Desktop\dev\esprit-PIDEV-3A16-2526-FARMIA/templates, C:\Users\sliti\Desktop\dev\esprit-PIDEV-3A16-2526-FARMIA\vendor\symfony\twig-bridge/Resources/views/Form).&lt;/span&gt;"
  -&lt;span class=sf-dump-private title="Private property defined in class:&amp;#10;`Twig\Error\Error`"&gt;source&lt;/span&gt;: &lt;span class=sf-dump-const&gt;null&lt;/span&gt;
  -&lt;span class=sf-dump-private title="Private property defined in class:&amp;#10;`Twig\Error\Error`"&gt;phpFile&lt;/span&gt;: "&lt;span class=sf-dump-str title="105 characters"&gt;C:\Users\sliti\Desktop\dev\esprit-PIDEV-3A16-2526-FARMIA\vendor\twig\twig\src\Loader\FilesystemLoader.php&lt;/span&gt;"
  -&lt;span class=sf-dump-private title="Private property defined in class:&amp;#10;`Twig\Error\Error`"&gt;phpLine&lt;/span&gt;: &lt;span class=sf-dump-num&gt;234&lt;/span&gt;
&lt;/samp&gt;}
&lt;/pre&gt;&lt;script&gt;Sfdump("sf-dump-1513739389")&lt;/script&gt;
                    &lt;/div&gt;
                &lt;/details&gt;
                    &lt;/div&gt;

        &lt;div id="trace-html-1" class="sf-toggle-content"&gt;
                    &lt;div class="trace-line "&gt;
                &lt;div class="trace-line-header break-long-words sf-toggle" data-toggle-selector="#trace-html-1-0" data-toggle-initial="display"&gt;
            &lt;span class="icon icon-close"&gt;&lt;svg width="1792" height="1792" viewBox="0 0 1792 1792" xmlns="http://www.w3.org/2000/svg"&gt;&lt;path d="M1408 960V832q0-26-19-45t-45-19H448q-26 0-45 19t-19 45v128q0 26 19 45t45 19h896q26 0 45-19t19-45zm256-544v960q0 119-84.5 203.5T1376 1664H416q-119 0-203.5-84.5T128 1376V416q0-119 84.5-203.5T416 128h960q119 0 203.5 84.5T1664 416z"/&gt;&lt;/svg&gt;&lt;/span&gt;
        &lt;span class="icon icon-open"&gt;&lt;svg width="1792" height="1792" viewBox="0 0 1792 1792" xmlns="http://www.w3.org/2000/svg"&gt;&lt;path d="M1408 960V832q0-26-19-45t-45-19h-320V448q0-26-19-45t-45-19H832q-26 0-45 19t-19 45v320H448q-26 0-45 19t-19 45v128q0 26 19 45t45 19h320v320q0 26 19 45t45 19h128q26 0 45-19t19-45v-320h320q26 0 45-19t19-45zm256-544v960q0 119-84.5 203.5T1376 1664H416q-119 0-203.5-84.5T128 1376V416q0-119 84.5-203.5T416 128h960q119 0 203.5 84.5T1664 416z"/&gt;&lt;/svg&gt;&lt;/span&gt;
    
    
                    &lt;span class="block trace-file-path"&gt;
            in
            &lt;a href="file://C:\Users\sliti\Desktop\dev\esprit-PIDEV-3A16-2526-FARMIA\vendor\twig\twig\src\Loader\FilesystemLoader.php#L234"&gt;
                C:\Users\sliti\Desktop\dev\esprit-PIDEV-3A16-2526-FARMIA\vendor\twig\twig\src\Loader\&lt;strong&gt;FilesystemLoader.php&lt;/strong&gt;
            &lt;/a&gt;
                        (line 234)
            &lt;span class="icon icon-copy hidden" data-clipboard-text="C:\Users\sliti\Desktop\dev\esprit-PIDEV-3A16-2526-FARMIA\vendor\twig\twig\src\Loader\FilesystemLoader.php:234"&gt;
                &lt;svg xmlns="http://www.w3.org/2000/svg" height="24" viewBox="0 0 24 24" width="24"&gt;&lt;path d="M0 0h24v24H0z" fill="none"/&gt;&lt;path d="M16 1H4c-1.1 0-2 .9-2 2v14h2V3h12V1zm3 4H8c-1.1 0-2 .9-2 2v14c0 1.1.9 2 2 2h11c1.1 0 2-.9 2-2V7c0-1.1-.9-2-2-2zm0 16H8V7h11v14z"/&gt;&lt;/svg&gt;            &lt;/span&gt;
        &lt;/span&gt;
    &lt;/div&gt;
    &lt;div id="trace-html-1-0" class="trace-code sf-toggle-content"&gt;
        &lt;ol start="229"&gt;&lt;li&gt;&lt;code&gt;&lt;span style="color: var(--highlight-keyword)"&gt;&lt;/span&gt;&lt;/code&gt;&lt;/li&gt;
&lt;li&gt;&lt;code&gt;&lt;span style="color: var(--highlight-keyword)"&gt;&amp;nbsp;&amp;nbsp;&amp;nbsp;&amp;nbsp;&amp;nbsp;&amp;nbsp;&amp;nbsp;&amp;nbsp;if&amp;nbsp;(!&lt;/span&gt;&lt;span style="color: var(--highlight-default)"&gt;$throw&lt;/span&gt;&lt;span style="color: var(--highlight-keyword)"&gt;)&amp;nbsp;{&lt;/span&gt;&lt;/code&gt;&lt;/li&gt;
&lt;li&gt;&lt;code&gt;&lt;span style="color: var(--highlight-keyword)"&gt;&amp;nbsp;&amp;nbsp;&amp;nbsp;&amp;nbsp;&amp;nbsp;&amp;nbsp;&amp;nbsp;&amp;nbsp;&amp;nbsp;&amp;nbsp;&amp;nbsp;&amp;nbsp;return&amp;nbsp;&lt;/span&gt;&lt;span style="color: var(--highlight-default)"&gt;null&lt;/span&gt;&lt;span style="color: var(--highlight-keyword)"&gt;;&lt;/span&gt;&lt;/code&gt;&lt;/li&gt;
&lt;li&gt;&lt;code&gt;&lt;span style="color: var(--highlight-keyword)"&gt;&amp;nbsp;&amp;nbsp;&amp;nbsp;&amp;nbsp;&amp;nbsp;&amp;nbsp;&amp;nbsp;&amp;nbsp;}&lt;/span&gt;&lt;/code&gt;&lt;/li&gt;
&lt;li&gt;&lt;code&gt;&lt;span style="color: var(--highlight-keyword)"&gt;&lt;/span&gt;&lt;/code&gt;&lt;/li&gt;
&lt;li class="selected"&gt;&lt;code&gt;&lt;span style="color: var(--highlight-keyword)"&gt;&amp;nbsp;&amp;nbsp;&amp;nbsp;&amp;nbsp;&amp;nbsp;&amp;nbsp;&amp;nbsp;&amp;nbsp;throw&amp;nbsp;new&amp;nbsp;&lt;/span&gt;&lt;span style="color: var(--highlight-default)"&gt;LoaderError&lt;/span&gt;&lt;span style="color: var(--highlight-keyword)"&gt;(&lt;/span&gt;&lt;span style="color: var(--highlight-default)"&gt;$this&lt;/span&gt;&lt;span style="color: var(--highlight-keyword)"&gt;-&amp;gt;&lt;/span&gt;&lt;span style="color: var(--highlight-default)"&gt;errorCache&lt;/span&gt;&lt;span style="color: var(--highlight-keyword)"&gt;[&lt;/span&gt;&lt;span style="color: var(--highlight-default)"&gt;$name&lt;/span&gt;&lt;span style="color: var(--highlight-keyword)"&gt;]);&lt;/span&gt;&lt;/code&gt;&lt;/li&gt;
&lt;li&gt;&lt;code&gt;&lt;span style="color: var(--highlight-keyword)"&gt;&amp;nbsp;&amp;nbsp;&amp;nbsp;&amp;nbsp;}&lt;/span&gt;&lt;/code&gt;&lt;/li&gt;
&lt;li&gt;&lt;code&gt;&lt;span style="color: var(--highlight-keyword)"&gt;&lt;/span&gt;&lt;/code&gt;&lt;/li&gt;
&lt;li&gt;&lt;code&gt;&lt;span style="color: var(--highlight-keyword)"&gt;&amp;nbsp;&amp;nbsp;&amp;nbsp;&amp;nbsp;private&amp;nbsp;function&amp;nbsp;&lt;/span&gt;&lt;span style="color: var(--highlight-default)"&gt;normalizeName&lt;/span&gt;&lt;span style="color: var(--highlight-keyword)"&gt;(&lt;/span&gt;&lt;span style="color: var(--highlight-default)"&gt;string&amp;nbsp;$name&lt;/span&gt;&lt;span style="color: var(--highlight-keyword)"&gt;):&amp;nbsp;&lt;/span&gt;&lt;span style="color: var(--highlight-default)"&gt;string&lt;/span&gt;&lt;/code&gt;&lt;/li&gt;
&lt;li&gt;&lt;code&gt;&lt;span style="color: var(--highlight-default)"&gt;&amp;nbsp;&amp;nbsp;&amp;nbsp;&amp;nbsp;&lt;/span&gt;&lt;span style="color: var(--highlight-keyword)"&gt;{&lt;/span&gt;&lt;/code&gt;&lt;/li&gt;
&lt;li&gt;&lt;code&gt;&lt;span style="color: var(--highlight-keyword)"&gt;&amp;nbsp;&amp;nbsp;&amp;nbsp;&amp;nbsp;&amp;nbsp;&amp;nbsp;&amp;nbsp;&amp;nbsp;return&amp;nbsp;&lt;/span&gt;&lt;span style="color: var(--highlight-default)"&gt;preg_replace&lt;/span&gt;&lt;span style="color: var(--highlight-keyword)"&gt;(&lt;/span&gt;&lt;span style="color: var(--highlight-string)"&gt;'#/{2,}#'&lt;/span&gt;&lt;span style="color: var(--highlight-keyword)"&gt;,&amp;nbsp;&lt;/span&gt;&lt;span style="color: var(--highlight-string)"&gt;'/'&lt;/span&gt;&lt;span style="color: var(--highlight-keyword)"&gt;,&amp;nbsp;&lt;/span&gt;&lt;span style="color: var(--highlight-default)"&gt;str_replace&lt;/span&gt;&lt;span style="color: var(--highlight-keyword)"&gt;(&lt;/span&gt;&lt;span style="color: var(--highlight-string)"&gt;'\\'&lt;/span&gt;&lt;span style="color: var(--highlight-keyword)"&gt;,&amp;nbsp;&lt;/span&gt;&lt;span style="color: var(--highlight-string)"&gt;'/'&lt;/span&gt;&lt;span style="color: var(--highlight-keyword)"&gt;,&amp;nbsp;&lt;/span&gt;&lt;span style="color: var(--highlight-default)"&gt;$name&lt;/span&gt;&lt;span style="color: var(--highlight-keyword)"&gt;));&lt;/span&gt;&lt;/code&gt;&lt;/li&gt;&lt;/ol&gt;    &lt;/div&gt;            &lt;/div&gt;
                        &lt;div class="trace-line "&gt;
                &lt;div class="trace-line-header break-long-words sf-toggle" data-toggle-selector="#trace-html-1-1" data-toggle-initial=""&gt;
            &lt;span class="icon icon-close"&gt;&lt;svg width="1792" height="1792" viewBox="0 0 1792 1792" xmlns="http://www.w3.org/2000/svg"&gt;&lt;path d="M1408 960V832q0-26-19-45t-45-19H448q-26 0-45 19t-19 45v128q0 26 19 45t45 19h896q26 0 45-19t19-45zm256-544v960q0 119-84.5 203.5T1376 1664H416q-119 0-203.5-84.5T128 1376V416q0-119 84.5-203.5T416 128h960q119 0 203.5 84.5T1664 416z"/&gt;&lt;/svg&gt;&lt;/span&gt;
        &lt;span class="icon icon-open"&gt;&lt;svg width="1792" height="1792" viewBox="0 0 1792 1792" xmlns="http://www.w3.org/2000/svg"&gt;&lt;path d="M1408 960V832q0-26-19-45t-45-19h-320V448q0-26-19-45t-45-19H832q-26 0-45 19t-19 45v320H448q-26 0-45 19t-19 45v128q0 26 19 45t45 19h320v320q0 26 19 45t45 19h128q26 0 45-19t19-45v-320h320q26 0 45-19t19-45zm256-544v960q0 119-84.5 203.5T1376 1664H416q-119 0-203.5-84.5T128 1376V416q0-119 84.5-203.5T416 128h960q119 0 203.5 84.5T1664 416z"/&gt;&lt;/svg&gt;&lt;/span&gt;
    
            &lt;span class="trace-class"&gt;&lt;abbr title="Twig\Loader\FilesystemLoader"&gt;FilesystemLoader&lt;/abbr&gt;&lt;/span&gt;&lt;span class="trace-type"&gt;-&gt;&lt;/span&gt;&lt;span class="trace-method"&gt;findTemplate&lt;/span&gt;&lt;span class="trace-arguments"&gt;('dashboard/default.html.twig')&lt;/span&gt;    
                    &lt;span class="block trace-file-path"&gt;
            in
            &lt;a href="file://C:\Users\sliti\Desktop\dev\esprit-PIDEV-3A16-2526-FARMIA\vendor\twig\twig\src\Loader\FilesystemLoader.php#L138"&gt;
                C:\Users\sliti\Desktop\dev\esprit-PIDEV-3A16-2526-FARMIA\vendor\twig\twig\src\Loader\&lt;strong&gt;FilesystemLoader.php&lt;/strong&gt;
            &lt;/a&gt;
                        (line 138)
            &lt;span class="icon icon-copy hidden" data-clipboard-text="C:\Users\sliti\Desktop\dev\esprit-PIDEV-3A16-2526-FARMIA\vendor\twig\twig\src\Loader\FilesystemLoader.php:138"&gt;
                &lt;svg xmlns="http://www.w3.org/2000/svg" height="24" viewBox="0 0 24 24" width="24"&gt;&lt;path d="M0 0h24v24H0z" fill="none"/&gt;&lt;path d="M16 1H4c-1.1 0-2 .9-2 2v14h2V3h12V1zm3 4H8c-1.1 0-2 .9-2 2v14c0 1.1.9 2 2 2h11c1.1 0 2-.9 2-2V7c0-1.1-.9-2-2-2zm0 16H8V7h11v14z"/&gt;&lt;/svg&gt;            &lt;/span&gt;
        &lt;/span&gt;
    &lt;/div&gt;
    &lt;div id="trace-html-1-1" class="trace-code sf-toggle-content"&gt;
        &lt;ol start="133"&gt;&lt;li&gt;&lt;code&gt;&lt;span style="color: var(--highlight-keyword)"&gt;&amp;nbsp;&amp;nbsp;&amp;nbsp;&amp;nbsp;&amp;nbsp;&amp;nbsp;&amp;nbsp;&amp;nbsp;return&amp;nbsp;new&amp;nbsp;&lt;/span&gt;&lt;span style="color: var(--highlight-default)"&gt;Source&lt;/span&gt;&lt;span style="color: var(--highlight-keyword)"&gt;(&lt;/span&gt;&lt;span style="color: var(--highlight-default)"&gt;file_get_contents&lt;/span&gt;&lt;span style="color: var(--highlight-keyword)"&gt;(&lt;/span&gt;&lt;span style="color: var(--highlight-default)"&gt;$path&lt;/span&gt;&lt;span style="color: var(--highlight-keyword)"&gt;),&amp;nbsp;&lt;/span&gt;&lt;span style="color: var(--highlight-default)"&gt;$name&lt;/span&gt;&lt;span style="color: var(--highlight-keyword)"&gt;,&amp;nbsp;&lt;/span&gt;&lt;span style="color: var(--highlight-default)"&gt;$path&lt;/span&gt;&lt;span style="color: var(--highlight-keyword)"&gt;);&lt;/span&gt;&lt;/code&gt;&lt;/li&gt;
&lt;li&gt;&lt;code&gt;&lt;span style="color: var(--highlight-keyword)"&gt;&amp;nbsp;&amp;nbsp;&amp;nbsp;&amp;nbsp;}&lt;/span&gt;&lt;/code&gt;&lt;/li&gt;
&lt;li&gt;&lt;code&gt;&lt;span style="color: var(--highlight-keyword)"&gt;&lt;/span&gt;&lt;/code&gt;&lt;/li&gt;
&lt;li&gt;&lt;code&gt;&lt;span style="color: var(--highlight-keyword)"&gt;&amp;nbsp;&amp;nbsp;&amp;nbsp;&amp;nbsp;public&amp;nbsp;function&amp;nbsp;&lt;/span&gt;&lt;span style="color: var(--highlight-default)"&gt;getCacheKey&lt;/span&gt;&lt;span style="color: var(--highlight-keyword)"&gt;(&lt;/span&gt;&lt;span style="color: var(--highlight-default)"&gt;string&amp;nbsp;$name&lt;/span&gt;&lt;span style="color: var(--highlight-keyword)"&gt;):&amp;nbsp;&lt;/span&gt;&lt;span style="color: var(--highlight-default)"&gt;string&lt;/span&gt;&lt;/code&gt;&lt;/li&gt;
&lt;li&gt;&lt;code&gt;&lt;span style="color: var(--highlight-default)"&gt;&amp;nbsp;&amp;nbsp;&amp;nbsp;&amp;nbsp;&lt;/span&gt;&lt;span style="color: var(--highlight-keyword)"&gt;{&lt;/span&gt;&lt;/code&gt;&lt;/li&gt;
&lt;li class="selected"&gt;&lt;code&gt;&lt;span style="color: var(--highlight-keyword)"&gt;&amp;nbsp;&amp;nbsp;&amp;nbsp;&amp;nbsp;&amp;nbsp;&amp;nbsp;&amp;nbsp;&amp;nbsp;if&amp;nbsp;(&lt;/span&gt;&lt;span style="color: var(--highlight-default)"&gt;null&amp;nbsp;&lt;/span&gt;&lt;span style="color: var(--highlight-keyword)"&gt;===&amp;nbsp;&lt;/span&gt;&lt;span style="color: var(--highlight-default)"&gt;$path&amp;nbsp;&lt;/span&gt;&lt;span style="color: var(--highlight-keyword)"&gt;=&amp;nbsp;&lt;/span&gt;&lt;span style="color: var(--highlight-default)"&gt;$this&lt;/span&gt;&lt;span style="color: var(--highlight-keyword)"&gt;-&amp;gt;&lt;/span&gt;&lt;span style="color: var(--highlight-default)"&gt;findTemplate&lt;/span&gt;&lt;span style="color: var(--highlight-keyword)"&gt;(&lt;/span&gt;&lt;span style="color: var(--highlight-default)"&gt;$name&lt;/span&gt;&lt;span style="color: var(--highlight-keyword)"&gt;))&amp;nbsp;{&lt;/span&gt;&lt;/code&gt;&lt;/li&gt;
&lt;li&gt;&lt;code&gt;&lt;span style="color: var(--highlight-keyword)"&gt;&amp;nbsp;&amp;nbsp;&amp;nbsp;&amp;nbsp;&amp;nbsp;&amp;nbsp;&amp;nbsp;&amp;nbsp;&amp;nbsp;&amp;nbsp;&amp;nbsp;&amp;nbsp;return&amp;nbsp;&lt;/span&gt;&lt;span style="color: var(--highlight-string)"&gt;''&lt;/span&gt;&lt;span style="color: var(--highlight-keyword)"&gt;;&lt;/span&gt;&lt;/code&gt;&lt;/li&gt;
&lt;li&gt;&lt;code&gt;&lt;span style="color: var(--highlight-keyword)"&gt;&amp;nbsp;&amp;nbsp;&amp;nbsp;&amp;nbsp;&amp;nbsp;&amp;nbsp;&amp;nbsp;&amp;nbsp;}&lt;/span&gt;&lt;/code&gt;&lt;/li&gt;
&lt;li&gt;&lt;code&gt;&lt;span style="color: var(--highlight-keyword)"&gt;&amp;nbsp;&amp;nbsp;&amp;nbsp;&amp;nbsp;&amp;nbsp;&amp;nbsp;&amp;nbsp;&amp;nbsp;&lt;/span&gt;&lt;span style="color: var(--highlight-default)"&gt;$len&amp;nbsp;&lt;/span&gt;&lt;span style="color: var(--highlight-keyword)"&gt;=&amp;nbsp;&lt;/span&gt;&lt;span style="color: var(--highlight-default)"&gt;\strlen&lt;/span&gt;&lt;span style="color: var(--highlight-keyword)"&gt;(&lt;/span&gt;&lt;span style="color: var(--highlight-default)"&gt;$this&lt;/span&gt;&lt;span style="color: var(--highlight-keyword)"&gt;-&amp;gt;&lt;/span&gt;&lt;span style="color: var(--highlight-default)"&gt;rootPath&lt;/span&gt;&lt;span style="color: var(--highlight-keyword)"&gt;);&lt;/span&gt;&lt;/code&gt;&lt;/li&gt;
&lt;li&gt;&lt;code&gt;&lt;span style="color: var(--highlight-keyword)"&gt;&amp;nbsp;&amp;nbsp;&amp;nbsp;&amp;nbsp;&amp;nbsp;&amp;nbsp;&amp;nbsp;&amp;nbsp;if&amp;nbsp;(&lt;/span&gt;&lt;span style="color: var(--highlight-default)"&gt;0&amp;nbsp;&lt;/span&gt;&lt;span style="color: var(--highlight-keyword)"&gt;===&amp;nbsp;&lt;/span&gt;&lt;span style="color: var(--highlight-default)"&gt;strncmp&lt;/span&gt;&lt;span style="color: var(--highlight-keyword)"&gt;(&lt;/span&gt;&lt;span style="color: var(--highlight-default)"&gt;$this&lt;/span&gt;&lt;span style="color: var(--highlight-keyword)"&gt;-&amp;gt;&lt;/span&gt;&lt;span style="color: var(--highlight-default)"&gt;rootPath&lt;/span&gt;&lt;span style="color: var(--highlight-keyword)"&gt;,&amp;nbsp;&lt;/span&gt;&lt;span style="color: var(--highlight-default)"&gt;$path&lt;/span&gt;&lt;span style="color: var(--highlight-keyword)"&gt;,&amp;nbsp;&lt;/span&gt;&lt;span style="color: var(--highlight-default)"&gt;$len&lt;/span&gt;&lt;span style="color: var(--highlight-keyword)"&gt;))&amp;nbsp;{&lt;/span&gt;&lt;/code&gt;&lt;/li&gt;
&lt;li&gt;&lt;code&gt;&lt;span style="color: var(--highlight-keyword)"&gt;&amp;nbsp;&amp;nbsp;&amp;nbsp;&amp;nbsp;&amp;nbsp;&amp;nbsp;&amp;nbsp;&amp;nbsp;&amp;nbsp;&amp;nbsp;&amp;nbsp;&amp;nbsp;return&amp;nbsp;&lt;/span&gt;&lt;span style="color: var(--highlight-default)"&gt;substr&lt;/span&gt;&lt;span style="color: var(--highlight-keyword)"&gt;(&lt;/span&gt;&lt;span style="color: var(--highlight-default)"&gt;$path&lt;/span&gt;&lt;span style="color: var(--highlight-keyword)"&gt;,&amp;nbsp;&lt;/span&gt;&lt;span style="color: var(--highlight-default)"&gt;$len&lt;/span&gt;&lt;span style="color: var(--highlight-keyword)"&gt;);&lt;/span&gt;&lt;/code&gt;&lt;/li&gt;&lt;/ol&gt;    &lt;/div&gt;            &lt;/div&gt;
                        &lt;div class="trace-line "&gt;
                &lt;div class="trace-line-header break-long-words sf-toggle" data-toggle-selector="#trace-html-1-2" data-toggle-initial=""&gt;
            &lt;span class="icon icon-close"&gt;&lt;svg width="1792" height="1792" viewBox="0 0 1792 1792" xmlns="http://www.w3.org/2000/svg"&gt;&lt;path d="M1408 960V832q0-26-19-45t-45-19H448q-26 0-45 19t-19 45v128q0 26 19 45t45 19h896q26 0 45-19t19-45zm256-544v960q0 119-84.5 203.5T1376 1664H416q-119 0-203.5-84.5T128 1376V416q0-119 84.5-203.5T416 128h960q119 0 203.5 84.5T1664 416z"/&gt;&lt;/svg&gt;&lt;/span&gt;
        &lt;span class="icon icon-open"&gt;&lt;svg width="1792" height="1792" viewBox="0 0 1792 1792" xmlns="http://www.w3.org/2000/svg"&gt;&lt;path d="M1408 960V832q0-26-19-45t-45-19h-320V448q0-26-19-45t-45-19H832q-26 0-45 19t-19 45v320H448q-26 0-45 19t-19 45v128q0 26 19 45t45 19h320v320q0 26 19 45t45 19h128q26 0 45-19t19-45v-320h320q26 0 45-19t19-45zm256-544v960q0 119-84.5 203.5T1376 1664H416q-119 0-203.5-84.5T128 1376V416q0-119 84.5-203.5T416 128h960q119 0 203.5 84.5T1664 416z"/&gt;&lt;/svg&gt;&lt;/span&gt;
    
            &lt;span class="trace-class"&gt;&lt;abbr title="Twig\Loader\FilesystemLoader"&gt;FilesystemLoader&lt;/abbr&gt;&lt;/span&gt;&lt;span class="trace-type"&gt;-&gt;&lt;/span&gt;&lt;span class="trace-method"&gt;getCacheKey&lt;/span&gt;&lt;span class="trace-arguments"&gt;('dashboard/default.html.twig')&lt;/span&gt;    
                    &lt;span class="block trace-file-path"&gt;
            in
            &lt;a href="file://C:\Users\sliti\Desktop\dev\esprit-PIDEV-3A16-2526-FARMIA\vendor\twig\twig\src\Environment.php#L317"&gt;
                C:\Users\sliti\Desktop\dev\esprit-PIDEV-3A16-2526-FARMIA\vendor\twig\twig\src\&lt;strong&gt;Environment.php&lt;/strong&gt;
            &lt;/a&gt;
                        (line 317)
            &lt;span class="icon icon-copy hidden" data-clipboard-text="C:\Users\sliti\Desktop\dev\esprit-PIDEV-3A16-2526-FARMIA\vendor\twig\twig\src\Environment.php:317"&gt;
                &lt;svg xmlns="http://www.w3.org/2000/svg" height="24" viewBox="0 0 24 24" width="24"&gt;&lt;path d="M0 0h24v24H0z" fill="none"/&gt;&lt;path d="M16 1H4c-1.1 0-2 .9-2 2v14h2V3h12V1zm3 4H8c-1.1 0-2 .9-2 2v14c0 1.1.9 2 2 2h11c1.1 0 2-.9 2-2V7c0-1.1-.9-2-2-2zm0 16H8V7h11v14z"/&gt;&lt;/svg&gt;            &lt;/span&gt;
        &lt;/span&gt;
    &lt;/div&gt;
    &lt;div id="trace-html-1-2" class="trace-code sf-toggle-content"&gt;
        &lt;ol start="312"&gt;&lt;li&gt;&lt;code&gt;&lt;span style="color: var(--highlight-comment)"&gt;&amp;nbsp;&amp;nbsp;&amp;nbsp;&amp;nbsp;&amp;nbsp;*&lt;/span&gt;&lt;/code&gt;&lt;/li&gt;
&lt;li&gt;&lt;code&gt;&lt;span style="color: var(--highlight-comment)"&gt;&amp;nbsp;&amp;nbsp;&amp;nbsp;&amp;nbsp;&amp;nbsp;*&amp;nbsp;@internal&lt;/span&gt;&lt;/code&gt;&lt;/li&gt;
&lt;li&gt;&lt;code&gt;&lt;span style="color: var(--highlight-comment)"&gt;&amp;nbsp;&amp;nbsp;&amp;nbsp;&amp;nbsp;&amp;nbsp;*/&lt;/span&gt;&lt;/code&gt;&lt;/li&gt;
&lt;li&gt;&lt;code&gt;&lt;span style="color: var(--highlight-comment)"&gt;&amp;nbsp;&amp;nbsp;&amp;nbsp;&amp;nbsp;&lt;/span&gt;&lt;span style="color: var(--highlight-keyword)"&gt;public&amp;nbsp;function&amp;nbsp;&lt;/span&gt;&lt;span style="color: var(--highlight-default)"&gt;getTemplateClass&lt;/span&gt;&lt;span style="color: var(--highlight-keyword)"&gt;(&lt;/span&gt;&lt;span style="color: var(--highlight-default)"&gt;string&amp;nbsp;$name&lt;/span&gt;&lt;span style="color: var(--highlight-keyword)"&gt;,&amp;nbsp;?&lt;/span&gt;&lt;span style="color: var(--highlight-default)"&gt;int&amp;nbsp;$index&amp;nbsp;&lt;/span&gt;&lt;span style="color: var(--highlight-keyword)"&gt;=&amp;nbsp;&lt;/span&gt;&lt;span style="color: var(--highlight-default)"&gt;null&lt;/span&gt;&lt;span style="color: var(--highlight-keyword)"&gt;):&amp;nbsp;&lt;/span&gt;&lt;span style="color: var(--highlight-default)"&gt;string&lt;/span&gt;&lt;/code&gt;&lt;/li&gt;
&lt;li&gt;&lt;code&gt;&lt;span style="color: var(--highlight-default)"&gt;&amp;nbsp;&amp;nbsp;&amp;nbsp;&amp;nbsp;&lt;/span&gt;&lt;span style="color: var(--highlight-keyword)"&gt;{&lt;/span&gt;&lt;/code&gt;&lt;/li&gt;
&lt;li class="selected"&gt;&lt;code&gt;&lt;span style="color: var(--highlight-keyword)"&gt;&amp;nbsp;&amp;nbsp;&amp;nbsp;&amp;nbsp;&amp;nbsp;&amp;nbsp;&amp;nbsp;&amp;nbsp;&lt;/span&gt;&lt;span style="color: var(--highlight-default)"&gt;$key&amp;nbsp;&lt;/span&gt;&lt;span style="color: var(--highlight-keyword)"&gt;=&amp;nbsp;(&lt;/span&gt;&lt;span style="color: var(--highlight-default)"&gt;$this&lt;/span&gt;&lt;span style="color: var(--highlight-keyword)"&gt;-&amp;gt;&lt;/span&gt;&lt;span style="color: var(--highlight-default)"&gt;hotCache&lt;/span&gt;&lt;span style="color: var(--highlight-keyword)"&gt;[&lt;/span&gt;&lt;span style="color: var(--highlight-default)"&gt;$name&lt;/span&gt;&lt;span style="color: var(--highlight-keyword)"&gt;]&amp;nbsp;??&amp;nbsp;&lt;/span&gt;&lt;span style="color: var(--highlight-default)"&gt;$this&lt;/span&gt;&lt;span style="color: var(--highlight-keyword)"&gt;-&amp;gt;&lt;/span&gt;&lt;span style="color: var(--highlight-default)"&gt;getLoader&lt;/span&gt;&lt;span style="color: var(--highlight-keyword)"&gt;()-&amp;gt;&lt;/span&gt;&lt;span style="color: var(--highlight-default)"&gt;getCacheKey&lt;/span&gt;&lt;span style="color: var(--highlight-keyword)"&gt;(&lt;/span&gt;&lt;span style="color: var(--highlight-default)"&gt;$name&lt;/span&gt;&lt;span style="color: var(--highlight-keyword)"&gt;)).&lt;/span&gt;&lt;span style="color: var(--highlight-default)"&gt;$this&lt;/span&gt;&lt;span style="color: var(--highlight-keyword)"&gt;-&amp;gt;&lt;/span&gt;&lt;span style="color: var(--highlight-default)"&gt;optionsHash&lt;/span&gt;&lt;span style="color: var(--highlight-keyword)"&gt;;&lt;/span&gt;&lt;/code&gt;&lt;/li&gt;
&lt;li&gt;&lt;code&gt;&lt;span style="color: var(--highlight-keyword)"&gt;&lt;/span&gt;&lt;/code&gt;&lt;/li&gt;
&lt;li&gt;&lt;code&gt;&lt;span style="color: var(--highlight-keyword)"&gt;&amp;nbsp;&amp;nbsp;&amp;nbsp;&amp;nbsp;&amp;nbsp;&amp;nbsp;&amp;nbsp;&amp;nbsp;return&amp;nbsp;&lt;/span&gt;&lt;span style="color: var(--highlight-string)"&gt;'__TwigTemplate_'&lt;/span&gt;&lt;span style="color: var(--highlight-keyword)"&gt;.&lt;/span&gt;&lt;span style="color: var(--highlight-default)"&gt;hash&lt;/span&gt;&lt;span style="color: var(--highlight-keyword)"&gt;(&lt;/span&gt;&lt;span style="color: var(--highlight-default)"&gt;\PHP_VERSION_ID&amp;nbsp;&lt;/span&gt;&lt;span style="color: var(--highlight-keyword)"&gt;&amp;lt;&amp;nbsp;&lt;/span&gt;&lt;span style="color: var(--highlight-default)"&gt;80100&amp;nbsp;&lt;/span&gt;&lt;span style="color: var(--highlight-keyword)"&gt;?&amp;nbsp;&lt;/span&gt;&lt;span style="color: var(--highlight-string)"&gt;'sha256'&amp;nbsp;&lt;/span&gt;&lt;span style="color: var(--highlight-keyword)"&gt;:&amp;nbsp;&lt;/span&gt;&lt;span style="color: var(--highlight-string)"&gt;'xxh128'&lt;/span&gt;&lt;span style="color: var(--highlight-keyword)"&gt;,&amp;nbsp;&lt;/span&gt;&lt;span style="color: var(--highlight-default)"&gt;$key&lt;/span&gt;&lt;span style="color: var(--highlight-keyword)"&gt;).(&lt;/span&gt;&lt;span style="color: var(--highlight-default)"&gt;null&amp;nbsp;&lt;/span&gt;&lt;span style="color: var(--highlight-keyword)"&gt;===&amp;nbsp;&lt;/span&gt;&lt;span style="color: var(--highlight-default)"&gt;$index&amp;nbsp;&lt;/span&gt;&lt;span style="color: var(--highlight-keyword)"&gt;?&amp;nbsp;&lt;/span&gt;&lt;span style="color: var(--highlight-string)"&gt;''&amp;nbsp;&lt;/span&gt;&lt;span style="color: var(--highlight-keyword)"&gt;:&amp;nbsp;&lt;/span&gt;&lt;span style="color: var(--highlight-string)"&gt;'___'&lt;/span&gt;&lt;span style="color: var(--highlight-keyword)"&gt;.&lt;/span&gt;&lt;span style="color: var(--highlight-default)"&gt;$index&lt;/span&gt;&lt;span style="color: var(--highlight-keyword)"&gt;);&lt;/span&gt;&lt;/code&gt;&lt;/li&gt;
&lt;li&gt;&lt;code&gt;&lt;span style="color: var(--highlight-keyword)"&gt;&amp;nbsp;&amp;nbsp;&amp;nbsp;&amp;nbsp;}&lt;/span&gt;&lt;/code&gt;&lt;/li&gt;
&lt;li&gt;&lt;code&gt;&lt;span style="color: var(--highlight-keyword)"&gt;&lt;/span&gt;&lt;/code&gt;&lt;/li&gt;
&lt;li&gt;&lt;code&gt;&lt;span style="color: var(--highlight-keyword)"&gt;&amp;nbsp;&amp;nbsp;&amp;nbsp;&amp;nbsp;&lt;/span&gt;&lt;span style="color: var(--highlight-comment)"&gt;/**&lt;/span&gt;&lt;/code&gt;&lt;/li&gt;&lt;/ol&gt;    &lt;/div&gt;            &lt;/div&gt;
                        &lt;div class="trace-line "&gt;
                &lt;div class="trace-line-header break-long-words sf-toggle" data-toggle-selector="#trace-html-1-3" data-toggle-initial=""&gt;
            &lt;span class="icon icon-close"&gt;&lt;svg width="1792" height="1792" viewBox="0 0 1792 1792" xmlns="http://www.w3.org/2000/svg"&gt;&lt;path d="M1408 960V832q0-26-19-45t-45-19H448q-26 0-45 19t-19 45v128q0 26 19 45t45 19h896q26 0 45-19t19-45zm256-544v960q0 119-84.5 203.5T1376 1664H416q-119 0-203.5-84.5T128 1376V416q0-119 84.5-203.5T416 128h960q119 0 203.5 84.5T1664 416z"/&gt;&lt;/svg&gt;&lt;/span&gt;
        &lt;span class="icon icon-open"&gt;&lt;svg width="1792" height="1792" viewBox="0 0 1792 1792" xmlns="http://www.w3.org/2000/svg"&gt;&lt;path d="M1408 960V832q0-26-19-45t-45-19h-320V448q0-26-19-45t-45-19H832q-26 0-45 19t-19 45v320H448q-26 0-45 19t-19 45v128q0 26 19 45t45 19h320v320q0 26 19 45t45 19h128q26 0 45-19t19-45v-320h320q26 0 45-19t19-45zm256-544v960q0 119-84.5 203.5T1376 1664H416q-119 0-203.5-84.5T128 1376V416q0-119 84.5-203.5T416 128h960q119 0 203.5 84.5T1664 416z"/&gt;&lt;/svg&gt;&lt;/span&gt;
    
            &lt;span class="trace-class"&gt;&lt;abbr title="Twig\Environment"&gt;Environment&lt;/abbr&gt;&lt;/span&gt;&lt;span class="trace-type"&gt;-&gt;&lt;/span&gt;&lt;span class="trace-method"&gt;getTemplateClass&lt;/span&gt;&lt;span class="trace-arguments"&gt;('dashboard/default.html.twig')&lt;/span&gt;    
                    &lt;span class="block trace-file-path"&gt;
            in
            &lt;a href="file://C:\Users\sliti\Desktop\dev\esprit-PIDEV-3A16-2526-FARMIA\vendor\twig\twig\src\Environment.php#L370"&gt;
                C:\Users\sliti\Desktop\dev\esprit-PIDEV-3A16-2526-FARMIA\vendor\twig\twig\src\&lt;strong&gt;Environment.php&lt;/strong&gt;
            &lt;/a&gt;
                        (line 370)
            &lt;span class="icon icon-copy hidden" data-clipboard-text="C:\Users\sliti\Desktop\dev\esprit-PIDEV-3A16-2526-FARMIA\vendor\twig\twig\src\Environment.php:370"&gt;
                &lt;svg xmlns="http://www.w3.org/2000/svg" height="24" viewBox="0 0 24 24" width="24"&gt;&lt;path d="M0 0h24v24H0z" fill="none"/&gt;&lt;path d="M16 1H4c-1.1 0-2 .9-2 2v14h2V3h12V1zm3 4H8c-1.1 0-2 .9-2 2v14c0 1.1.9 2 2 2h11c1.1 0 2-.9 2-2V7c0-1.1-.9-2-2-2zm0 16H8V7h11v14z"/&gt;&lt;/svg&gt;            &lt;/span&gt;
        &lt;/span&gt;
    &lt;/div&gt;
    &lt;div id="trace-html-1-3" class="trace-code sf-toggle-content"&gt;
        &lt;ol start="365"&gt;&lt;li&gt;&lt;code&gt;&lt;span style="color: var(--highlight-keyword)"&gt;&amp;nbsp;&amp;nbsp;&amp;nbsp;&amp;nbsp;&amp;nbsp;&amp;nbsp;&amp;nbsp;&amp;nbsp;&amp;nbsp;&amp;nbsp;&amp;nbsp;&amp;nbsp;&lt;/span&gt;&lt;span style="color: var(--highlight-default)"&gt;trigger_deprecation&lt;/span&gt;&lt;span style="color: var(--highlight-keyword)"&gt;(&lt;/span&gt;&lt;span style="color: var(--highlight-string)"&gt;'twig/twig'&lt;/span&gt;&lt;span style="color: var(--highlight-keyword)"&gt;,&amp;nbsp;&lt;/span&gt;&lt;span style="color: var(--highlight-string)"&gt;'3.9'&lt;/span&gt;&lt;span style="color: var(--highlight-keyword)"&gt;,&amp;nbsp;&lt;/span&gt;&lt;span style="color: var(--highlight-string)"&gt;'Passing&amp;nbsp;a&amp;nbsp;"%s"&amp;nbsp;instance&amp;nbsp;to&amp;nbsp;"%s"&amp;nbsp;is&amp;nbsp;deprecated.'&lt;/span&gt;&lt;span style="color: var(--highlight-keyword)"&gt;,&amp;nbsp;&lt;/span&gt;&lt;span style="color: var(--highlight-default)"&gt;self&lt;/span&gt;&lt;span style="color: var(--highlight-keyword)"&gt;::class,&amp;nbsp;&lt;/span&gt;&lt;span style="color: var(--highlight-default)"&gt;__METHOD__&lt;/span&gt;&lt;span style="color: var(--highlight-keyword)"&gt;);&lt;/span&gt;&lt;/code&gt;&lt;/li&gt;
&lt;li&gt;&lt;code&gt;&lt;span style="color: var(--highlight-keyword)"&gt;&lt;/span&gt;&lt;/code&gt;&lt;/li&gt;
&lt;li&gt;&lt;code&gt;&lt;span style="color: var(--highlight-keyword)"&gt;&amp;nbsp;&amp;nbsp;&amp;nbsp;&amp;nbsp;&amp;nbsp;&amp;nbsp;&amp;nbsp;&amp;nbsp;&amp;nbsp;&amp;nbsp;&amp;nbsp;&amp;nbsp;return&amp;nbsp;&lt;/span&gt;&lt;span style="color: var(--highlight-default)"&gt;$name&lt;/span&gt;&lt;span style="color: var(--highlight-keyword)"&gt;;&lt;/span&gt;&lt;/code&gt;&lt;/li&gt;
&lt;li&gt;&lt;code&gt;&lt;span style="color: var(--highlight-keyword)"&gt;&amp;nbsp;&amp;nbsp;&amp;nbsp;&amp;nbsp;&amp;nbsp;&amp;nbsp;&amp;nbsp;&amp;nbsp;}&lt;/span&gt;&lt;/code&gt;&lt;/li&gt;
&lt;li&gt;&lt;code&gt;&lt;span style="color: var(--highlight-keyword)"&gt;&lt;/span&gt;&lt;/code&gt;&lt;/li&gt;
&lt;li class="selected"&gt;&lt;code&gt;&lt;span style="color: var(--highlight-keyword)"&gt;&amp;nbsp;&amp;nbsp;&amp;nbsp;&amp;nbsp;&amp;nbsp;&amp;nbsp;&amp;nbsp;&amp;nbsp;return&amp;nbsp;new&amp;nbsp;&lt;/span&gt;&lt;span style="color: var(--highlight-default)"&gt;TemplateWrapper&lt;/span&gt;&lt;span style="color: var(--highlight-keyword)"&gt;(&lt;/span&gt;&lt;span style="color: var(--highlight-default)"&gt;$this&lt;/span&gt;&lt;span style="color: var(--highlight-keyword)"&gt;,&amp;nbsp;&lt;/span&gt;&lt;span style="color: var(--highlight-default)"&gt;$this&lt;/span&gt;&lt;span style="color: var(--highlight-keyword)"&gt;-&amp;gt;&lt;/span&gt;&lt;span style="color: var(--highlight-default)"&gt;loadTemplate&lt;/span&gt;&lt;span style="color: var(--highlight-keyword)"&gt;(&lt;/span&gt;&lt;span style="color: var(--highlight-default)"&gt;$this&lt;/span&gt;&lt;span style="color: var(--highlight-keyword)"&gt;-&amp;gt;&lt;/span&gt;&lt;span style="color: var(--highlight-default)"&gt;getTemplateClass&lt;/span&gt;&lt;span style="color: var(--highlight-keyword)"&gt;(&lt;/span&gt;&lt;span style="color: var(--highlight-default)"&gt;$name&lt;/span&gt;&lt;span style="color: var(--highlight-keyword)"&gt;),&amp;nbsp;&lt;/span&gt;&lt;span style="color: var(--highlight-default)"&gt;$name&lt;/span&gt;&lt;span style="color: var(--highlight-keyword)"&gt;));&lt;/span&gt;&lt;/code&gt;&lt;/li&gt;
&lt;li&gt;&lt;code&gt;&lt;span style="color: var(--highlight-keyword)"&gt;&amp;nbsp;&amp;nbsp;&amp;nbsp;&amp;nbsp;}&lt;/span&gt;&lt;/code&gt;&lt;/li&gt;
&lt;li&gt;&lt;code&gt;&lt;span style="color: var(--highlight-keyword)"&gt;&lt;/span&gt;&lt;/code&gt;&lt;/li&gt;
&lt;li&gt;&lt;code&gt;&lt;span style="color: var(--highlight-keyword)"&gt;&amp;nbsp;&amp;nbsp;&amp;nbsp;&amp;nbsp;&lt;/span&gt;&lt;span style="color: var(--highlight-comment)"&gt;/**&lt;/span&gt;&lt;/code&gt;&lt;/li&gt;
&lt;li&gt;&lt;code&gt;&lt;span style="color: var(--highlight-comment)"&gt;&amp;nbsp;&amp;nbsp;&amp;nbsp;&amp;nbsp;&amp;nbsp;*&amp;nbsp;Loads&amp;nbsp;a&amp;nbsp;template&amp;nbsp;internal&amp;nbsp;representation.&lt;/span&gt;&lt;/code&gt;&lt;/li&gt;
&lt;li&gt;&lt;code&gt;&lt;span style="color: var(--highlight-comment)"&gt;&amp;nbsp;&amp;nbsp;&amp;nbsp;&amp;nbsp;&amp;nbsp;*&lt;/span&gt;&lt;/code&gt;&lt;/li&gt;&lt;/ol&gt;    &lt;/div&gt;            &lt;/div&gt;
                        &lt;div class="trace-line "&gt;
                &lt;div class="trace-line-header break-long-words sf-toggle" data-toggle-selector="#trace-html-1-4" data-toggle-initial=""&gt;
            &lt;span class="icon icon-close"&gt;&lt;svg width="1792" height="1792" viewBox="0 0 1792 1792" xmlns="http://www.w3.org/2000/svg"&gt;&lt;path d="M1408 960V832q0-26-19-45t-45-19H448q-26 0-45 19t-19 45v128q0 26 19 45t45 19h896q26 0 45-19t19-45zm256-544v960q0 119-84.5 203.5T1376 1664H416q-119 0-203.5-84.5T128 1376V416q0-119 84.5-203.5T416 128h960q119 0 203.5 84.5T1664 416z"/&gt;&lt;/svg&gt;&lt;/span&gt;
        &lt;span class="icon icon-open"&gt;&lt;svg width="1792" height="1792" viewBox="0 0 1792 1792" xmlns="http://www.w3.org/2000/svg"&gt;&lt;path d="M1408 960V832q0-26-19-45t-45-19h-320V448q0-26-19-45t-45-19H832q-26 0-45 19t-19 45v320H448q-26 0-45 19t-19 45v128q0 26 19 45t45 19h320v320q0 26 19 45t45 19h128q26 0 45-19t19-45v-320h320q26 0 45-19t19-45zm256-544v960q0 119-84.5 203.5T1376 1664H416q-119 0-203.5-84.5T128 1376V416q0-119 84.5-203.5T416 128h960q119 0 203.5 84.5T1664 416z"/&gt;&lt;/svg&gt;&lt;/span&gt;
    
            &lt;span class="trace-class"&gt;&lt;abbr title="Twig\Environment"&gt;Environment&lt;/abbr&gt;&lt;/span&gt;&lt;span class="trace-type"&gt;-&gt;&lt;/span&gt;&lt;span class="trace-method"&gt;load&lt;/span&gt;&lt;span class="trace-arguments"&gt;('dashboard/default.html.twig')&lt;/span&gt;    
                    &lt;span class="block trace-file-path"&gt;
            in
            &lt;a href="file://C:\Users\sliti\Desktop\dev\esprit-PIDEV-3A16-2526-FARMIA\vendor\twig\twig\src\Environment.php#L333"&gt;
                C:\Users\sliti\Desktop\dev\esprit-PIDEV-3A16-2526-FARMIA\vendor\twig\twig\src\&lt;strong&gt;Environment.php&lt;/strong&gt;
            &lt;/a&gt;
                        (line 333)
            &lt;span class="icon icon-copy hidden" data-clipboard-text="C:\Users\sliti\Desktop\dev\esprit-PIDEV-3A16-2526-FARMIA\vendor\twig\twig\src\Environment.php:333"&gt;
                &lt;svg xmlns="http://www.w3.org/2000/svg" height="24" viewBox="0 0 24 24" width="24"&gt;&lt;path d="M0 0h24v24H0z" fill="none"/&gt;&lt;path d="M16 1H4c-1.1 0-2 .9-2 2v14h2V3h12V1zm3 4H8c-1.1 0-2 .9-2 2v14c0 1.1.9 2 2 2h11c1.1 0 2-.9 2-2V7c0-1.1-.9-2-2-2zm0 16H8V7h11v14z"/&gt;&lt;/svg&gt;            &lt;/span&gt;
        &lt;/span&gt;
    &lt;/div&gt;
    &lt;div id="trace-html-1-4" class="trace-code sf-toggle-content"&gt;
        &lt;ol start="328"&gt;&lt;li&gt;&lt;code&gt;&lt;span style="color: var(--highlight-comment)"&gt;&amp;nbsp;&amp;nbsp;&amp;nbsp;&amp;nbsp;&amp;nbsp;*&amp;nbsp;@throws&amp;nbsp;SyntaxError&amp;nbsp;&amp;nbsp;When&amp;nbsp;an&amp;nbsp;error&amp;nbsp;occurred&amp;nbsp;during&amp;nbsp;compilation&lt;/span&gt;&lt;/code&gt;&lt;/li&gt;
&lt;li&gt;&lt;code&gt;&lt;span style="color: var(--highlight-comment)"&gt;&amp;nbsp;&amp;nbsp;&amp;nbsp;&amp;nbsp;&amp;nbsp;*&amp;nbsp;@throws&amp;nbsp;RuntimeError&amp;nbsp;When&amp;nbsp;an&amp;nbsp;error&amp;nbsp;occurred&amp;nbsp;during&amp;nbsp;rendering&lt;/span&gt;&lt;/code&gt;&lt;/li&gt;
&lt;li&gt;&lt;code&gt;&lt;span style="color: var(--highlight-comment)"&gt;&amp;nbsp;&amp;nbsp;&amp;nbsp;&amp;nbsp;&amp;nbsp;*/&lt;/span&gt;&lt;/code&gt;&lt;/li&gt;
&lt;li&gt;&lt;code&gt;&lt;span style="color: var(--highlight-comment)"&gt;&amp;nbsp;&amp;nbsp;&amp;nbsp;&amp;nbsp;&lt;/span&gt;&lt;span style="color: var(--highlight-keyword)"&gt;public&amp;nbsp;function&amp;nbsp;&lt;/span&gt;&lt;span style="color: var(--highlight-default)"&gt;render&lt;/span&gt;&lt;span style="color: var(--highlight-keyword)"&gt;(&lt;/span&gt;&lt;span style="color: var(--highlight-default)"&gt;$name&lt;/span&gt;&lt;span style="color: var(--highlight-keyword)"&gt;,&amp;nbsp;array&amp;nbsp;&lt;/span&gt;&lt;span style="color: var(--highlight-default)"&gt;$context&amp;nbsp;&lt;/span&gt;&lt;span style="color: var(--highlight-keyword)"&gt;=&amp;nbsp;[]):&amp;nbsp;&lt;/span&gt;&lt;span style="color: var(--highlight-default)"&gt;string&lt;/span&gt;&lt;/code&gt;&lt;/li&gt;
&lt;li&gt;&lt;code&gt;&lt;span style="color: var(--highlight-default)"&gt;&amp;nbsp;&amp;nbsp;&amp;nbsp;&amp;nbsp;&lt;/span&gt;&lt;span style="color: var(--highlight-keyword)"&gt;{&lt;/span&gt;&lt;/code&gt;&lt;/li&gt;
&lt;li class="selected"&gt;&lt;code&gt;&lt;span style="color: var(--highlight-keyword)"&gt;&amp;nbsp;&amp;nbsp;&amp;nbsp;&amp;nbsp;&amp;nbsp;&amp;nbsp;&amp;nbsp;&amp;nbsp;return&amp;nbsp;&lt;/span&gt;&lt;span style="color: var(--highlight-default)"&gt;$this&lt;/span&gt;&lt;span style="color: var(--highlight-keyword)"&gt;-&amp;gt;&lt;/span&gt;&lt;span style="color: var(--highlight-default)"&gt;load&lt;/span&gt;&lt;span style="color: var(--highlight-keyword)"&gt;(&lt;/span&gt;&lt;span style="color: var(--highlight-default)"&gt;$name&lt;/span&gt;&lt;span style="color: var(--highlight-keyword)"&gt;)-&amp;gt;&lt;/span&gt;&lt;span style="color: var(--highlight-default)"&gt;render&lt;/span&gt;&lt;span style="color: var(--highlight-keyword)"&gt;(&lt;/span&gt;&lt;span style="color: var(--highlight-default)"&gt;$context&lt;/span&gt;&lt;span style="color: var(--highlight-keyword)"&gt;);&lt;/span&gt;&lt;/code&gt;&lt;/li&gt;
&lt;li&gt;&lt;code&gt;&lt;span style="color: var(--highlight-keyword)"&gt;&amp;nbsp;&amp;nbsp;&amp;nbsp;&amp;nbsp;}&lt;/span&gt;&lt;/code&gt;&lt;/li&gt;
&lt;li&gt;&lt;code&gt;&lt;span style="color: var(--highlight-keyword)"&gt;&lt;/span&gt;&lt;/code&gt;&lt;/li&gt;
&lt;li&gt;&lt;code&gt;&lt;span style="color: var(--highlight-keyword)"&gt;&amp;nbsp;&amp;nbsp;&amp;nbsp;&amp;nbsp;&lt;/span&gt;&lt;span style="color: var(--highlight-comment)"&gt;/**&lt;/span&gt;&lt;/code&gt;&lt;/li&gt;
&lt;li&gt;&lt;code&gt;&lt;span style="color: var(--highlight-comment)"&gt;&amp;nbsp;&amp;nbsp;&amp;nbsp;&amp;nbsp;&amp;nbsp;*&amp;nbsp;Displays&amp;nbsp;a&amp;nbsp;template.&lt;/span&gt;&lt;/code&gt;&lt;/li&gt;
&lt;li&gt;&lt;code&gt;&lt;span style="color: var(--highlight-comment)"&gt;&amp;nbsp;&amp;nbsp;&amp;nbsp;&amp;nbsp;&amp;nbsp;*&lt;/span&gt;&lt;/code&gt;&lt;/li&gt;&lt;/ol&gt;    &lt;/div&gt;            &lt;/div&gt;
                        &lt;div class="trace-line "&gt;
                &lt;div class="trace-line-header break-long-words sf-toggle" data-toggle-selector="#trace-html-1-5" data-toggle-initial=""&gt;
            &lt;span class="icon icon-close"&gt;&lt;svg width="1792" height="1792" viewBox="0 0 1792 1792" xmlns="http://www.w3.org/2000/svg"&gt;&lt;path d="M1408 960V832q0-26-19-45t-45-19H448q-26 0-45 19t-19 45v128q0 26 19 45t45 19h896q26 0 45-19t19-45zm256-544v960q0 119-84.5 203.5T1376 1664H416q-119 0-203.5-84.5T128 1376V416q0-119 84.5-203.5T416 128h960q119 0 203.5 84.5T1664 416z"/&gt;&lt;/svg&gt;&lt;/span&gt;
        &lt;span class="icon icon-open"&gt;&lt;svg width="1792" height="1792" viewBox="0 0 1792 1792" xmlns="http://www.w3.org/2000/svg"&gt;&lt;path d="M1408 960V832q0-26-19-45t-45-19h-320V448q0-26-19-45t-45-19H832q-26 0-45 19t-19 45v320H448q-26 0-45 19t-19 45v128q0 26 19 45t45 19h320v320q0 26 19 45t45 19h128q26 0 45-19t19-45v-320h320q26 0 45-19t19-45zm256-544v960q0 119-84.5 203.5T1376 1664H416q-119 0-203.5-84.5T128 1376V416q0-119 84.5-203.5T416 128h960q119 0 203.5 84.5T1664 416z"/&gt;&lt;/svg&gt;&lt;/span&gt;
    
            &lt;span class="trace-class"&gt;&lt;abbr title="Twig\Environment"&gt;Environment&lt;/abbr&gt;&lt;/span&gt;&lt;span class="trace-type"&gt;-&gt;&lt;/span&gt;&lt;span class="trace-method"&gt;render&lt;/span&gt;&lt;span class="trace-arguments"&gt;('dashboard/default.html.twig', &lt;em&gt;array&lt;/em&gt;('user' =&gt; &lt;em&gt;object&lt;/em&gt;(&lt;abbr title="App\Entity\User"&gt;User&lt;/abbr&gt;)))&lt;/span&gt;    
                    &lt;span class="block trace-file-path"&gt;
            in
            &lt;a href="file://C:\Users\sliti\Desktop\dev\esprit-PIDEV-3A16-2526-FARMIA\vendor\symfony\framework-bundle\Controller\AbstractController.php#L452"&gt;
                C:\Users\sliti\Desktop\dev\esprit-PIDEV-3A16-2526-FARMIA\vendor\symfony\framework-bundle\Controller\&lt;strong&gt;AbstractController.php&lt;/strong&gt;
            &lt;/a&gt;
                        (line 452)
            &lt;span class="icon icon-copy hidden" data-clipboard-text="C:\Users\sliti\Desktop\dev\esprit-PIDEV-3A16-2526-FARMIA\vendor\symfony\framework-bundle\Controller\AbstractController.php:452"&gt;
                &lt;svg xmlns="http://www.w3.org/2000/svg" height="24" viewBox="0 0 24 24" width="24"&gt;&lt;path d="M0 0h24v24H0z" fill="none"/&gt;&lt;path d="M16 1H4c-1.1 0-2 .9-2 2v14h2V3h12V1zm3 4H8c-1.1 0-2 .9-2 2v14c0 1.1.9 2 2 2h11c1.1 0 2-.9 2-2V7c0-1.1-.9-2-2-2zm0 16H8V7h11v14z"/&gt;&lt;/svg&gt;            &lt;/span&gt;
        &lt;/span&gt;
    &lt;/div&gt;
    &lt;div id="trace-html-1-5" class="trace-code sf-toggle-content"&gt;
        &lt;ol start="447"&gt;&lt;li&gt;&lt;code&gt;&lt;span style="color: var(--highlight-keyword)"&gt;&lt;/span&gt;&lt;/code&gt;&lt;/li&gt;
&lt;li&gt;&lt;code&gt;&lt;span style="color: var(--highlight-keyword)"&gt;&amp;nbsp;&amp;nbsp;&amp;nbsp;&amp;nbsp;&amp;nbsp;&amp;nbsp;&amp;nbsp;&amp;nbsp;if&amp;nbsp;(&lt;/span&gt;&lt;span style="color: var(--highlight-default)"&gt;null&amp;nbsp;&lt;/span&gt;&lt;span style="color: var(--highlight-keyword)"&gt;!==&amp;nbsp;&lt;/span&gt;&lt;span style="color: var(--highlight-default)"&gt;$block&lt;/span&gt;&lt;span style="color: var(--highlight-keyword)"&gt;)&amp;nbsp;{&lt;/span&gt;&lt;/code&gt;&lt;/li&gt;
&lt;li&gt;&lt;code&gt;&lt;span style="color: var(--highlight-keyword)"&gt;&amp;nbsp;&amp;nbsp;&amp;nbsp;&amp;nbsp;&amp;nbsp;&amp;nbsp;&amp;nbsp;&amp;nbsp;&amp;nbsp;&amp;nbsp;&amp;nbsp;&amp;nbsp;return&amp;nbsp;&lt;/span&gt;&lt;span style="color: var(--highlight-default)"&gt;$this&lt;/span&gt;&lt;span style="color: var(--highlight-keyword)"&gt;-&amp;gt;&lt;/span&gt;&lt;span style="color: var(--highlight-default)"&gt;container&lt;/span&gt;&lt;span style="color: var(--highlight-keyword)"&gt;-&amp;gt;&lt;/span&gt;&lt;span style="color: var(--highlight-default)"&gt;get&lt;/span&gt;&lt;span style="color: var(--highlight-keyword)"&gt;(&lt;/span&gt;&lt;span style="color: var(--highlight-string)"&gt;'twig'&lt;/span&gt;&lt;span style="color: var(--highlight-keyword)"&gt;)-&amp;gt;&lt;/span&gt;&lt;span style="color: var(--highlight-default)"&gt;load&lt;/span&gt;&lt;span style="color: var(--highlight-keyword)"&gt;(&lt;/span&gt;&lt;span style="color: var(--highlight-default)"&gt;$view&lt;/span&gt;&lt;span style="color: var(--highlight-keyword)"&gt;)-&amp;gt;&lt;/span&gt;&lt;span style="color: var(--highlight-default)"&gt;renderBlock&lt;/span&gt;&lt;span style="color: var(--highlight-keyword)"&gt;(&lt;/span&gt;&lt;span style="color: var(--highlight-default)"&gt;$block&lt;/span&gt;&lt;span style="color: var(--highlight-keyword)"&gt;,&amp;nbsp;&lt;/span&gt;&lt;span style="color: var(--highlight-default)"&gt;$parameters&lt;/span&gt;&lt;span style="color: var(--highlight-keyword)"&gt;);&lt;/span&gt;&lt;/code&gt;&lt;/li&gt;
&lt;li&gt;&lt;code&gt;&lt;span style="color: var(--highlight-keyword)"&gt;&amp;nbsp;&amp;nbsp;&amp;nbsp;&amp;nbsp;&amp;nbsp;&amp;nbsp;&amp;nbsp;&amp;nbsp;}&lt;/span&gt;&lt;/code&gt;&lt;/li&gt;
&lt;li&gt;&lt;code&gt;&lt;span style="color: var(--highlight-keyword)"&gt;&lt;/span&gt;&lt;/code&gt;&lt;/li&gt;
&lt;li class="selected"&gt;&lt;code&gt;&lt;span style="color: var(--highlight-keyword)"&gt;&amp;nbsp;&amp;nbsp;&amp;nbsp;&amp;nbsp;&amp;nbsp;&amp;nbsp;&amp;nbsp;&amp;nbsp;return&amp;nbsp;&lt;/span&gt;&lt;span style="color: var(--highlight-default)"&gt;$this&lt;/span&gt;&lt;span style="color: var(--highlight-keyword)"&gt;-&amp;gt;&lt;/span&gt;&lt;span style="color: var(--highlight-default)"&gt;container&lt;/span&gt;&lt;span style="color: var(--highlight-keyword)"&gt;-&amp;gt;&lt;/span&gt;&lt;span style="color: var(--highlight-default)"&gt;get&lt;/span&gt;&lt;span style="color: var(--highlight-keyword)"&gt;(&lt;/span&gt;&lt;span style="color: var(--highlight-string)"&gt;'twig'&lt;/span&gt;&lt;span style="color: var(--highlight-keyword)"&gt;)-&amp;gt;&lt;/span&gt;&lt;span style="color: var(--highlight-default)"&gt;render&lt;/span&gt;&lt;span style="color: var(--highlight-keyword)"&gt;(&lt;/span&gt;&lt;span style="color: var(--highlight-default)"&gt;$view&lt;/span&gt;&lt;span style="color: var(--highlight-keyword)"&gt;,&amp;nbsp;&lt;/span&gt;&lt;span style="color: var(--highlight-default)"&gt;$parameters&lt;/span&gt;&lt;span style="color: var(--highlight-keyword)"&gt;);&lt;/span&gt;&lt;/code&gt;&lt;/li&gt;
&lt;li&gt;&lt;code&gt;&lt;span style="color: var(--highlight-keyword)"&gt;&amp;nbsp;&amp;nbsp;&amp;nbsp;&amp;nbsp;}&lt;/span&gt;&lt;/code&gt;&lt;/li&gt;
&lt;li&gt;&lt;code&gt;&lt;span style="color: var(--highlight-keyword)"&gt;&lt;/span&gt;&lt;/code&gt;&lt;/li&gt;
&lt;li&gt;&lt;code&gt;&lt;span style="color: var(--highlight-keyword)"&gt;&amp;nbsp;&amp;nbsp;&amp;nbsp;&amp;nbsp;private&amp;nbsp;function&amp;nbsp;&lt;/span&gt;&lt;span style="color: var(--highlight-default)"&gt;doRender&lt;/span&gt;&lt;span style="color: var(--highlight-keyword)"&gt;(&lt;/span&gt;&lt;span style="color: var(--highlight-default)"&gt;string&amp;nbsp;$view&lt;/span&gt;&lt;span style="color: var(--highlight-keyword)"&gt;,&amp;nbsp;?&lt;/span&gt;&lt;span style="color: var(--highlight-default)"&gt;string&amp;nbsp;$block&lt;/span&gt;&lt;span style="color: var(--highlight-keyword)"&gt;,&amp;nbsp;array&amp;nbsp;&lt;/span&gt;&lt;span style="color: var(--highlight-default)"&gt;$parameters&lt;/span&gt;&lt;span style="color: var(--highlight-keyword)"&gt;,&amp;nbsp;?&lt;/span&gt;&lt;span style="color: var(--highlight-default)"&gt;Response&amp;nbsp;$response&lt;/span&gt;&lt;span style="color: var(--highlight-keyword)"&gt;,&amp;nbsp;&lt;/span&gt;&lt;span style="color: var(--highlight-default)"&gt;string&amp;nbsp;$method&lt;/span&gt;&lt;span style="color: var(--highlight-keyword)"&gt;):&amp;nbsp;&lt;/span&gt;&lt;span style="color: var(--highlight-default)"&gt;Response&lt;/span&gt;&lt;/code&gt;&lt;/li&gt;
&lt;li&gt;&lt;code&gt;&lt;span style="color: var(--highlight-default)"&gt;&amp;nbsp;&amp;nbsp;&amp;nbsp;&amp;nbsp;&lt;/span&gt;&lt;span style="color: var(--highlight-keyword)"&gt;{&lt;/span&gt;&lt;/code&gt;&lt;/li&gt;
&lt;li&gt;&lt;code&gt;&lt;span style="color: var(--highlight-keyword)"&gt;&amp;nbsp;&amp;nbsp;&amp;nbsp;&amp;nbsp;&amp;nbsp;&amp;nbsp;&amp;nbsp;&amp;nbsp;&lt;/span&gt;&lt;span style="color: var(--highlight-default)"&gt;$content&amp;nbsp;&lt;/span&gt;&lt;span style="color: var(--highlight-keyword)"&gt;=&amp;nbsp;&lt;/span&gt;&lt;span style="color: var(--highlight-default)"&gt;$this&lt;/span&gt;&lt;span style="color: var(--highlight-keyword)"&gt;-&amp;gt;&lt;/span&gt;&lt;span style="color: var(--highlight-default)"&gt;doRenderView&lt;/span&gt;&lt;span style="color: var(--highlight-keyword)"&gt;(&lt;/span&gt;&lt;span style="color: var(--highlight-default)"&gt;$view&lt;/span&gt;&lt;span style="color: var(--highlight-keyword)"&gt;,&amp;nbsp;&lt;/span&gt;&lt;span style="color: var(--highlight-default)"&gt;$block&lt;/span&gt;&lt;span style="color: var(--highlight-keyword)"&gt;,&amp;nbsp;&lt;/span&gt;&lt;span style="color: var(--highlight-default)"&gt;$parameters&lt;/span&gt;&lt;span style="color: var(--highlight-keyword)"&gt;,&amp;nbsp;&lt;/span&gt;&lt;span style="color: var(--highlight-default)"&gt;$method&lt;/span&gt;&lt;span style="color: var(--highlight-keyword)"&gt;);&lt;/span&gt;&lt;/code&gt;&lt;/li&gt;&lt;/ol&gt;    &lt;/div&gt;            &lt;/div&gt;
                        &lt;div class="trace-line "&gt;
                &lt;div class="trace-line-header break-long-words sf-toggle" data-toggle-selector="#trace-html-1-6" data-toggle-initial=""&gt;
            &lt;span class="icon icon-close"&gt;&lt;svg width="1792" height="1792" viewBox="0 0 1792 1792" xmlns="http://www.w3.org/2000/svg"&gt;&lt;path d="M1408 960V832q0-26-19-45t-45-19H448q-26 0-45 19t-19 45v128q0 26 19 45t45 19h896q26 0 45-19t19-45zm256-544v960q0 119-84.5 203.5T1376 1664H416q-119 0-203.5-84.5T128 1376V416q0-119 84.5-203.5T416 128h960q119 0 203.5 84.5T1664 416z"/&gt;&lt;/svg&gt;&lt;/span&gt;
        &lt;span class="icon icon-open"&gt;&lt;svg width="1792" height="1792" viewBox="0 0 1792 1792" xmlns="http://www.w3.org/2000/svg"&gt;&lt;path d="M1408 960V832q0-26-19-45t-45-19h-320V448q0-26-19-45t-45-19H832q-26 0-45 19t-19 45v320H448q-26 0-45 19t-19 45v128q0 26 19 45t45 19h320v320q0 26 19 45t45 19h128q26 0 45-19t19-45v-320h320q26 0 45-19t19-45zm256-544v960q0 119-84.5 203.5T1376 1664H416q-119 0-203.5-84.5T128 1376V416q0-119 84.5-203.5T416 128h960q119 0 203.5 84.5T1664 416z"/&gt;&lt;/svg&gt;&lt;/span&gt;
    
            &lt;span class="trace-class"&gt;&lt;abbr title="Symfony\Bundle\FrameworkBundle\Controller\AbstractController"&gt;AbstractController&lt;/abbr&gt;&lt;/span&gt;&lt;span class="trace-type"&gt;-&gt;&lt;/span&gt;&lt;span class="trace-method"&gt;doRenderView&lt;/span&gt;&lt;span class="trace-arguments"&gt;('dashboard/default.html.twig', &lt;em&gt;null&lt;/em&gt;, &lt;em&gt;array&lt;/em&gt;('user' =&gt; &lt;em&gt;object&lt;/em&gt;(&lt;abbr title="App\Entity\User"&gt;User&lt;/abbr&gt;)), 'render')&lt;/span&gt;    
                    &lt;span class="block trace-file-path"&gt;
            in
            &lt;a href="file://C:\Users\sliti\Desktop\dev\esprit-PIDEV-3A16-2526-FARMIA\vendor\symfony\framework-bundle\Controller\AbstractController.php#L457"&gt;
                C:\Users\sliti\Desktop\dev\esprit-PIDEV-3A16-2526-FARMIA\vendor\symfony\framework-bundle\Controller\&lt;strong&gt;AbstractController.php&lt;/strong&gt;
            &lt;/a&gt;
                        (line 457)
            &lt;span class="icon icon-copy hidden" data-clipboard-text="C:\Users\sliti\Desktop\dev\esprit-PIDEV-3A16-2526-FARMIA\vendor\symfony\framework-bundle\Controller\AbstractController.php:457"&gt;
                &lt;svg xmlns="http://www.w3.org/2000/svg" height="24" viewBox="0 0 24 24" width="24"&gt;&lt;path d="M0 0h24v24H0z" fill="none"/&gt;&lt;path d="M16 1H4c-1.1 0-2 .9-2 2v14h2V3h12V1zm3 4H8c-1.1 0-2 .9-2 2v14c0 1.1.9 2 2 2h11c1.1 0 2-.9 2-2V7c0-1.1-.9-2-2-2zm0 16H8V7h11v14z"/&gt;&lt;/svg&gt;            &lt;/span&gt;
        &lt;/span&gt;
    &lt;/div&gt;
    &lt;div id="trace-html-1-6" class="trace-code sf-toggle-content"&gt;
        &lt;ol start="452"&gt;&lt;li&gt;&lt;code&gt;&lt;span style="color: var(--highlight-keyword)"&gt;&amp;nbsp;&amp;nbsp;&amp;nbsp;&amp;nbsp;&amp;nbsp;&amp;nbsp;&amp;nbsp;&amp;nbsp;return&amp;nbsp;&lt;/span&gt;&lt;span style="color: var(--highlight-default)"&gt;$this&lt;/span&gt;&lt;span style="color: var(--highlight-keyword)"&gt;-&amp;gt;&lt;/span&gt;&lt;span style="color: var(--highlight-default)"&gt;container&lt;/span&gt;&lt;span style="color: var(--highlight-keyword)"&gt;-&amp;gt;&lt;/span&gt;&lt;span style="color: var(--highlight-default)"&gt;get&lt;/span&gt;&lt;span style="color: var(--highlight-keyword)"&gt;(&lt;/span&gt;&lt;span style="color: var(--highlight-string)"&gt;'twig'&lt;/span&gt;&lt;span style="color: var(--highlight-keyword)"&gt;)-&amp;gt;&lt;/span&gt;&lt;span style="color: var(--highlight-default)"&gt;render&lt;/span&gt;&lt;span style="color: var(--highlight-keyword)"&gt;(&lt;/span&gt;&lt;span style="color: var(--highlight-default)"&gt;$view&lt;/span&gt;&lt;span style="color: var(--highlight-keyword)"&gt;,&amp;nbsp;&lt;/span&gt;&lt;span style="color: var(--highlight-default)"&gt;$parameters&lt;/span&gt;&lt;span style="color: var(--highlight-keyword)"&gt;);&lt;/span&gt;&lt;/code&gt;&lt;/li&gt;
&lt;li&gt;&lt;code&gt;&lt;span style="color: var(--highlight-keyword)"&gt;&amp;nbsp;&amp;nbsp;&amp;nbsp;&amp;nbsp;}&lt;/span&gt;&lt;/code&gt;&lt;/li&gt;
&lt;li&gt;&lt;code&gt;&lt;span style="color: var(--highlight-keyword)"&gt;&lt;/span&gt;&lt;/code&gt;&lt;/li&gt;
&lt;li&gt;&lt;code&gt;&lt;span style="color: var(--highlight-keyword)"&gt;&amp;nbsp;&amp;nbsp;&amp;nbsp;&amp;nbsp;private&amp;nbsp;function&amp;nbsp;&lt;/span&gt;&lt;span style="color: var(--highlight-default)"&gt;doRender&lt;/span&gt;&lt;span style="color: var(--highlight-keyword)"&gt;(&lt;/span&gt;&lt;span style="color: var(--highlight-default)"&gt;string&amp;nbsp;$view&lt;/span&gt;&lt;span style="color: var(--highlight-keyword)"&gt;,&amp;nbsp;?&lt;/span&gt;&lt;span style="color: var(--highlight-default)"&gt;string&amp;nbsp;$block&lt;/span&gt;&lt;span style="color: var(--highlight-keyword)"&gt;,&amp;nbsp;array&amp;nbsp;&lt;/span&gt;&lt;span style="color: var(--highlight-default)"&gt;$parameters&lt;/span&gt;&lt;span style="color: var(--highlight-keyword)"&gt;,&amp;nbsp;?&lt;/span&gt;&lt;span style="color: var(--highlight-default)"&gt;Response&amp;nbsp;$response&lt;/span&gt;&lt;span style="color: var(--highlight-keyword)"&gt;,&amp;nbsp;&lt;/span&gt;&lt;span style="color: var(--highlight-default)"&gt;string&amp;nbsp;$method&lt;/span&gt;&lt;span style="color: var(--highlight-keyword)"&gt;):&amp;nbsp;&lt;/span&gt;&lt;span style="color: var(--highlight-default)"&gt;Response&lt;/span&gt;&lt;/code&gt;&lt;/li&gt;
&lt;li&gt;&lt;code&gt;&lt;span style="color: var(--highlight-default)"&gt;&amp;nbsp;&amp;nbsp;&amp;nbsp;&amp;nbsp;&lt;/span&gt;&lt;span style="color: var(--highlight-keyword)"&gt;{&lt;/span&gt;&lt;/code&gt;&lt;/li&gt;
&lt;li class="selected"&gt;&lt;code&gt;&lt;span style="color: var(--highlight-keyword)"&gt;&amp;nbsp;&amp;nbsp;&amp;nbsp;&amp;nbsp;&amp;nbsp;&amp;nbsp;&amp;nbsp;&amp;nbsp;&lt;/span&gt;&lt;span style="color: var(--highlight-default)"&gt;$content&amp;nbsp;&lt;/span&gt;&lt;span style="color: var(--highlight-keyword)"&gt;=&amp;nbsp;&lt;/span&gt;&lt;span style="color: var(--highlight-default)"&gt;$this&lt;/span&gt;&lt;span style="color: var(--highlight-keyword)"&gt;-&amp;gt;&lt;/span&gt;&lt;span style="color: var(--highlight-default)"&gt;doRenderView&lt;/span&gt;&lt;span style="color: var(--highlight-keyword)"&gt;(&lt;/span&gt;&lt;span style="color: var(--highlight-default)"&gt;$view&lt;/span&gt;&lt;span style="color: var(--highlight-keyword)"&gt;,&amp;nbsp;&lt;/span&gt;&lt;span style="color: var(--highlight-default)"&gt;$block&lt;/span&gt;&lt;span style="color: var(--highlight-keyword)"&gt;,&amp;nbsp;&lt;/span&gt;&lt;span style="color: var(--highlight-default)"&gt;$parameters&lt;/span&gt;&lt;span style="color: var(--highlight-keyword)"&gt;,&amp;nbsp;&lt;/span&gt;&lt;span style="color: var(--highlight-default)"&gt;$method&lt;/span&gt;&lt;span style="color: var(--highlight-keyword)"&gt;);&lt;/span&gt;&lt;/code&gt;&lt;/li&gt;
&lt;li&gt;&lt;code&gt;&lt;span style="color: var(--highlight-keyword)"&gt;&amp;nbsp;&amp;nbsp;&amp;nbsp;&amp;nbsp;&amp;nbsp;&amp;nbsp;&amp;nbsp;&amp;nbsp;&lt;/span&gt;&lt;span style="color: var(--highlight-default)"&gt;$response&amp;nbsp;&lt;/span&gt;&lt;span style="color: var(--highlight-keyword)"&gt;??=&amp;nbsp;new&amp;nbsp;&lt;/span&gt;&lt;span style="color: var(--highlight-default)"&gt;Response&lt;/span&gt;&lt;span style="color: var(--highlight-keyword)"&gt;();&lt;/span&gt;&lt;/code&gt;&lt;/li&gt;
&lt;li&gt;&lt;code&gt;&lt;span style="color: var(--highlight-keyword)"&gt;&lt;/span&gt;&lt;/code&gt;&lt;/li&gt;
&lt;li&gt;&lt;code&gt;&lt;span style="color: var(--highlight-keyword)"&gt;&amp;nbsp;&amp;nbsp;&amp;nbsp;&amp;nbsp;&amp;nbsp;&amp;nbsp;&amp;nbsp;&amp;nbsp;if&amp;nbsp;(&lt;/span&gt;&lt;span style="color: var(--highlight-default)"&gt;200&amp;nbsp;&lt;/span&gt;&lt;span style="color: var(--highlight-keyword)"&gt;===&amp;nbsp;&lt;/span&gt;&lt;span style="color: var(--highlight-default)"&gt;$response&lt;/span&gt;&lt;span style="color: var(--highlight-keyword)"&gt;-&amp;gt;&lt;/span&gt;&lt;span style="color: var(--highlight-default)"&gt;getStatusCode&lt;/span&gt;&lt;span style="color: var(--highlight-keyword)"&gt;())&amp;nbsp;{&lt;/span&gt;&lt;/code&gt;&lt;/li&gt;
&lt;li&gt;&lt;code&gt;&lt;span style="color: var(--highlight-keyword)"&gt;&amp;nbsp;&amp;nbsp;&amp;nbsp;&amp;nbsp;&amp;nbsp;&amp;nbsp;&amp;nbsp;&amp;nbsp;&amp;nbsp;&amp;nbsp;&amp;nbsp;&amp;nbsp;foreach&amp;nbsp;(&lt;/span&gt;&lt;span style="color: var(--highlight-default)"&gt;$parameters&amp;nbsp;&lt;/span&gt;&lt;span style="color: var(--highlight-keyword)"&gt;as&amp;nbsp;&lt;/span&gt;&lt;span style="color: var(--highlight-default)"&gt;$v&lt;/span&gt;&lt;span style="color: var(--highlight-keyword)"&gt;)&amp;nbsp;{&lt;/span&gt;&lt;/code&gt;&lt;/li&gt;
&lt;li&gt;&lt;code&gt;&lt;span style="color: var(--highlight-keyword)"&gt;&amp;nbsp;&amp;nbsp;&amp;nbsp;&amp;nbsp;&amp;nbsp;&amp;nbsp;&amp;nbsp;&amp;nbsp;&amp;nbsp;&amp;nbsp;&amp;nbsp;&amp;nbsp;&amp;nbsp;&amp;nbsp;&amp;nbsp;&amp;nbsp;if&amp;nbsp;(&lt;/span&gt;&lt;span style="color: var(--highlight-default)"&gt;$v&amp;nbsp;&lt;/span&gt;&lt;span style="color: var(--highlight-keyword)"&gt;instanceof&amp;nbsp;&lt;/span&gt;&lt;span style="color: var(--highlight-default)"&gt;FormInterface&amp;nbsp;&lt;/span&gt;&lt;span style="color: var(--highlight-keyword)"&gt;&amp;amp;&amp;amp;&amp;nbsp;&lt;/span&gt;&lt;span style="color: var(--highlight-default)"&gt;$v&lt;/span&gt;&lt;span style="color: var(--highlight-keyword)"&gt;-&amp;gt;&lt;/span&gt;&lt;span style="color: var(--highlight-default)"&gt;isSubmitted&lt;/span&gt;&lt;span style="color: var(--highlight-keyword)"&gt;()&amp;nbsp;&amp;amp;&amp;amp;&amp;nbsp;!&lt;/span&gt;&lt;span style="color: var(--highlight-default)"&gt;$v&lt;/span&gt;&lt;span style="color: var(--highlight-keyword)"&gt;-&amp;gt;&lt;/span&gt;&lt;span style="color: var(--highlight-default)"&gt;isValid&lt;/span&gt;&lt;span style="color: var(--highlight-keyword)"&gt;())&amp;nbsp;{&lt;/span&gt;&lt;/code&gt;&lt;/li&gt;&lt;/ol&gt;    &lt;/div&gt;            &lt;/div&gt;
                        &lt;div class="trace-line "&gt;
                &lt;div class="trace-line-header break-long-words sf-toggle" data-toggle-selector="#trace-html-1-7" data-toggle-initial=""&gt;
            &lt;span class="icon icon-close"&gt;&lt;svg width="1792" height="1792" viewBox="0 0 1792 1792" xmlns="http://www.w3.org/2000/svg"&gt;&lt;path d="M1408 960V832q0-26-19-45t-45-19H448q-26 0-45 19t-19 45v128q0 26 19 45t45 19h896q26 0 45-19t19-45zm256-544v960q0 119-84.5 203.5T1376 1664H416q-119 0-203.5-84.5T128 1376V416q0-119 84.5-203.5T416 128h960q119 0 203.5 84.5T1664 416z"/&gt;&lt;/svg&gt;&lt;/span&gt;
        &lt;span class="icon icon-open"&gt;&lt;svg width="1792" height="1792" viewBox="0 0 1792 1792" xmlns="http://www.w3.org/2000/svg"&gt;&lt;path d="M1408 960V832q0-26-19-45t-45-19h-320V448q0-26-19-45t-45-19H832q-26 0-45 19t-19 45v320H448q-26 0-45 19t-19 45v128q0 26 19 45t45 19h320v320q0 26 19 45t45 19h128q26 0 45-19t19-45v-320h320q26 0 45-19t19-45zm256-544v960q0 119-84.5 203.5T1376 1664H416q-119 0-203.5-84.5T128 1376V416q0-119 84.5-203.5T416 128h960q119 0 203.5 84.5T1664 416z"/&gt;&lt;/svg&gt;&lt;/span&gt;
    
            &lt;span class="trace-class"&gt;&lt;abbr title="Symfony\Bundle\FrameworkBundle\Controller\AbstractController"&gt;AbstractController&lt;/abbr&gt;&lt;/span&gt;&lt;span class="trace-type"&gt;-&gt;&lt;/span&gt;&lt;span class="trace-method"&gt;doRender&lt;/span&gt;&lt;span class="trace-arguments"&gt;('dashboard/default.html.twig', &lt;em&gt;null&lt;/em&gt;, &lt;em&gt;array&lt;/em&gt;('user' =&gt; &lt;em&gt;object&lt;/em&gt;(&lt;abbr title="App\Entity\User"&gt;User&lt;/abbr&gt;)), &lt;em&gt;null&lt;/em&gt;, 'render')&lt;/span&gt;    
                    &lt;span class="block trace-file-path"&gt;
            in
            &lt;a href="file://C:\Users\sliti\Desktop\dev\esprit-PIDEV-3A16-2526-FARMIA\vendor\symfony\framework-bundle\Controller\AbstractController.php#L257"&gt;
                C:\Users\sliti\Desktop\dev\esprit-PIDEV-3A16-2526-FARMIA\vendor\symfony\framework-bundle\Controller\&lt;strong&gt;AbstractController.php&lt;/strong&gt;
            &lt;/a&gt;
                        (line 257)
            &lt;span class="icon icon-copy hidden" data-clipboard-text="C:\Users\sliti\Desktop\dev\esprit-PIDEV-3A16-2526-FARMIA\vendor\symfony\framework-bundle\Controller\AbstractController.php:257"&gt;
                &lt;svg xmlns="http://www.w3.org/2000/svg" height="24" viewBox="0 0 24 24" width="24"&gt;&lt;path d="M0 0h24v24H0z" fill="none"/&gt;&lt;path d="M16 1H4c-1.1 0-2 .9-2 2v14h2V3h12V1zm3 4H8c-1.1 0-2 .9-2 2v14c0 1.1.9 2 2 2h11c1.1 0 2-.9 2-2V7c0-1.1-.9-2-2-2zm0 16H8V7h11v14z"/&gt;&lt;/svg&gt;            &lt;/span&gt;
        &lt;/span&gt;
    &lt;/div&gt;
    &lt;div id="trace-html-1-7" class="trace-code sf-toggle-content"&gt;
        &lt;ol start="252"&gt;&lt;li&gt;&lt;code&gt;&lt;span style="color: var(--highlight-comment)"&gt;&amp;nbsp;&amp;nbsp;&amp;nbsp;&amp;nbsp;&amp;nbsp;*&amp;nbsp;If&amp;nbsp;an&amp;nbsp;invalid&amp;nbsp;form&amp;nbsp;is&amp;nbsp;found&amp;nbsp;in&amp;nbsp;the&amp;nbsp;list&amp;nbsp;of&amp;nbsp;parameters,&amp;nbsp;a&amp;nbsp;422&amp;nbsp;status&amp;nbsp;code&amp;nbsp;is&amp;nbsp;returned.&lt;/span&gt;&lt;/code&gt;&lt;/li&gt;
&lt;li&gt;&lt;code&gt;&lt;span style="color: var(--highlight-comment)"&gt;&amp;nbsp;&amp;nbsp;&amp;nbsp;&amp;nbsp;&amp;nbsp;*&amp;nbsp;Forms&amp;nbsp;found&amp;nbsp;in&amp;nbsp;parameters&amp;nbsp;are&amp;nbsp;auto-cast&amp;nbsp;to&amp;nbsp;form&amp;nbsp;views.&lt;/span&gt;&lt;/code&gt;&lt;/li&gt;
&lt;li&gt;&lt;code&gt;&lt;span style="color: var(--highlight-comment)"&gt;&amp;nbsp;&amp;nbsp;&amp;nbsp;&amp;nbsp;&amp;nbsp;*/&lt;/span&gt;&lt;/code&gt;&lt;/li&gt;
&lt;li&gt;&lt;code&gt;&lt;span style="color: var(--highlight-comment)"&gt;&amp;nbsp;&amp;nbsp;&amp;nbsp;&amp;nbsp;&lt;/span&gt;&lt;span style="color: var(--highlight-keyword)"&gt;protected&amp;nbsp;function&amp;nbsp;&lt;/span&gt;&lt;span style="color: var(--highlight-default)"&gt;render&lt;/span&gt;&lt;span style="color: var(--highlight-keyword)"&gt;(&lt;/span&gt;&lt;span style="color: var(--highlight-default)"&gt;string&amp;nbsp;$view&lt;/span&gt;&lt;span style="color: var(--highlight-keyword)"&gt;,&amp;nbsp;array&amp;nbsp;&lt;/span&gt;&lt;span style="color: var(--highlight-default)"&gt;$parameters&amp;nbsp;&lt;/span&gt;&lt;span style="color: var(--highlight-keyword)"&gt;=&amp;nbsp;[],&amp;nbsp;?&lt;/span&gt;&lt;span style="color: var(--highlight-default)"&gt;Response&amp;nbsp;$response&amp;nbsp;&lt;/span&gt;&lt;span style="color: var(--highlight-keyword)"&gt;=&amp;nbsp;&lt;/span&gt;&lt;span style="color: var(--highlight-default)"&gt;null&lt;/span&gt;&lt;span style="color: var(--highlight-keyword)"&gt;):&amp;nbsp;&lt;/span&gt;&lt;span style="color: var(--highlight-default)"&gt;Response&lt;/span&gt;&lt;/code&gt;&lt;/li&gt;
&lt;li&gt;&lt;code&gt;&lt;span style="color: var(--highlight-default)"&gt;&amp;nbsp;&amp;nbsp;&amp;nbsp;&amp;nbsp;&lt;/span&gt;&lt;span style="color: var(--highlight-keyword)"&gt;{&lt;/span&gt;&lt;/code&gt;&lt;/li&gt;
&lt;li class="selected"&gt;&lt;code&gt;&lt;span style="color: var(--highlight-keyword)"&gt;&amp;nbsp;&amp;nbsp;&amp;nbsp;&amp;nbsp;&amp;nbsp;&amp;nbsp;&amp;nbsp;&amp;nbsp;return&amp;nbsp;&lt;/span&gt;&lt;span style="color: var(--highlight-default)"&gt;$this&lt;/span&gt;&lt;span style="color: var(--highlight-keyword)"&gt;-&amp;gt;&lt;/span&gt;&lt;span style="color: var(--highlight-default)"&gt;doRender&lt;/span&gt;&lt;span style="color: var(--highlight-keyword)"&gt;(&lt;/span&gt;&lt;span style="color: var(--highlight-default)"&gt;$view&lt;/span&gt;&lt;span style="color: var(--highlight-keyword)"&gt;,&amp;nbsp;&lt;/span&gt;&lt;span style="color: var(--highlight-default)"&gt;null&lt;/span&gt;&lt;span style="color: var(--highlight-keyword)"&gt;,&amp;nbsp;&lt;/span&gt;&lt;span style="color: var(--highlight-default)"&gt;$parameters&lt;/span&gt;&lt;span style="color: var(--highlight-keyword)"&gt;,&amp;nbsp;&lt;/span&gt;&lt;span style="color: var(--highlight-default)"&gt;$response&lt;/span&gt;&lt;span style="color: var(--highlight-keyword)"&gt;,&amp;nbsp;&lt;/span&gt;&lt;span style="color: var(--highlight-default)"&gt;__FUNCTION__&lt;/span&gt;&lt;span style="color: var(--highlight-keyword)"&gt;);&lt;/span&gt;&lt;/code&gt;&lt;/li&gt;
&lt;li&gt;&lt;code&gt;&lt;span style="color: var(--highlight-keyword)"&gt;&amp;nbsp;&amp;nbsp;&amp;nbsp;&amp;nbsp;}&lt;/span&gt;&lt;/code&gt;&lt;/li&gt;
&lt;li&gt;&lt;code&gt;&lt;span style="color: var(--highlight-keyword)"&gt;&lt;/span&gt;&lt;/code&gt;&lt;/li&gt;
&lt;li&gt;&lt;code&gt;&lt;span style="color: var(--highlight-keyword)"&gt;&amp;nbsp;&amp;nbsp;&amp;nbsp;&amp;nbsp;&lt;/span&gt;&lt;span style="color: var(--highlight-comment)"&gt;/**&lt;/span&gt;&lt;/code&gt;&lt;/li&gt;
&lt;li&gt;&lt;code&gt;&lt;span style="color: var(--highlight-comment)"&gt;&amp;nbsp;&amp;nbsp;&amp;nbsp;&amp;nbsp;&amp;nbsp;*&amp;nbsp;Renders&amp;nbsp;a&amp;nbsp;block&amp;nbsp;in&amp;nbsp;a&amp;nbsp;view.&lt;/span&gt;&lt;/code&gt;&lt;/li&gt;
&lt;li&gt;&lt;code&gt;&lt;span style="color: var(--highlight-comment)"&gt;&amp;nbsp;&amp;nbsp;&amp;nbsp;&amp;nbsp;&amp;nbsp;*&lt;/span&gt;&lt;/code&gt;&lt;/li&gt;&lt;/ol&gt;    &lt;/div&gt;            &lt;/div&gt;
                        &lt;div class="trace-line "&gt;
                &lt;div class="trace-line-header break-long-words sf-toggle" data-toggle-selector="#trace-html-1-8" data-toggle-initial=""&gt;
            &lt;span class="icon icon-close"&gt;&lt;svg width="1792" height="1792" viewBox="0 0 1792 1792" xmlns="http://www.w3.org/2000/svg"&gt;&lt;path d="M1408 960V832q0-26-19-45t-45-19H448q-26 0-45 19t-19 45v128q0 26 19 45t45 19h896q26 0 45-19t19-45zm256-544v960q0 119-84.5 203.5T1376 1664H416q-119 0-203.5-84.5T128 1376V416q0-119 84.5-203.5T416 128h960q119 0 203.5 84.5T1664 416z"/&gt;&lt;/svg&gt;&lt;/span&gt;
        &lt;span class="icon icon-open"&gt;&lt;svg width="1792" height="1792" viewBox="0 0 1792 1792" xmlns="http://www.w3.org/2000/svg"&gt;&lt;path d="M1408 960V832q0-26-19-45t-45-19h-320V448q0-26-19-45t-45-19H832q-26 0-45 19t-19 45v320H448q-26 0-45 19t-19 45v128q0 26 19 45t45 19h320v320q0 26 19 45t45 19h128q26 0 45-19t19-45v-320h320q26 0 45-19t19-45zm256-544v960q0 119-84.5 203.5T1376 1664H416q-119 0-203.5-84.5T128 1376V416q0-119 84.5-203.5T416 128h960q119 0 203.5 84.5T1664 416z"/&gt;&lt;/svg&gt;&lt;/span&gt;
    
            &lt;span class="trace-class"&gt;&lt;abbr title="Symfony\Bundle\FrameworkBundle\Controller\AbstractController"&gt;AbstractController&lt;/abbr&gt;&lt;/span&gt;&lt;span class="trace-type"&gt;-&gt;&lt;/span&gt;&lt;span class="trace-method"&gt;render&lt;/span&gt;&lt;span class="trace-arguments"&gt;('dashboard/default.html.twig', &lt;em&gt;array&lt;/em&gt;('user' =&gt; &lt;em&gt;object&lt;/em&gt;(&lt;abbr title="App\Entity\User"&gt;User&lt;/abbr&gt;)))&lt;/span&gt;    
                    &lt;span class="block trace-file-path"&gt;
            in
            &lt;a href="file://C:\Users\sliti\Desktop\dev\esprit-PIDEV-3A16-2526-FARMIA\src\Controller\Web\DashboardController.php#L33"&gt;
                C:\Users\sliti\Desktop\dev\esprit-PIDEV-3A16-2526-FARMIA\src\Controller\Web\&lt;strong&gt;DashboardController.php&lt;/strong&gt;
            &lt;/a&gt;
                        (line 33)
            &lt;span class="icon icon-copy hidden" data-clipboard-text="C:\Users\sliti\Desktop\dev\esprit-PIDEV-3A16-2526-FARMIA\src\Controller\Web\DashboardController.php:33"&gt;
                &lt;svg xmlns="http://www.w3.org/2000/svg" height="24" viewBox="0 0 24 24" width="24"&gt;&lt;path d="M0 0h24v24H0z" fill="none"/&gt;&lt;path d="M16 1H4c-1.1 0-2 .9-2 2v14h2V3h12V1zm3 4H8c-1.1 0-2 .9-2 2v14c0 1.1.9 2 2 2h11c1.1 0 2-.9 2-2V7c0-1.1-.9-2-2-2zm0 16H8V7h11v14z"/&gt;&lt;/svg&gt;            &lt;/span&gt;
        &lt;/span&gt;
    &lt;/div&gt;
    &lt;div id="trace-html-1-8" class="trace-code sf-toggle-content"&gt;
        &lt;ol start="28"&gt;&lt;li&gt;&lt;code&gt;&lt;span style="color: var(--highlight-keyword)"&gt;&amp;nbsp;&amp;nbsp;&amp;nbsp;&amp;nbsp;&amp;nbsp;&amp;nbsp;&amp;nbsp;&amp;nbsp;if&amp;nbsp;(&lt;/span&gt;&lt;span style="color: var(--highlight-default)"&gt;in_array&lt;/span&gt;&lt;span style="color: var(--highlight-keyword)"&gt;(&lt;/span&gt;&lt;span style="color: var(--highlight-string)"&gt;'ROLE_EXPERT'&lt;/span&gt;&lt;span style="color: var(--highlight-keyword)"&gt;,&amp;nbsp;&lt;/span&gt;&lt;span style="color: var(--highlight-default)"&gt;$roles&lt;/span&gt;&lt;span style="color: var(--highlight-keyword)"&gt;,&amp;nbsp;&lt;/span&gt;&lt;span style="color: var(--highlight-default)"&gt;true&lt;/span&gt;&lt;span style="color: var(--highlight-keyword)"&gt;))&amp;nbsp;return&amp;nbsp;&lt;/span&gt;&lt;span style="color: var(--highlight-default)"&gt;$this&lt;/span&gt;&lt;span style="color: var(--highlight-keyword)"&gt;-&amp;gt;&lt;/span&gt;&lt;span style="color: var(--highlight-default)"&gt;redirectToRoute&lt;/span&gt;&lt;span style="color: var(--highlight-keyword)"&gt;(&lt;/span&gt;&lt;span style="color: var(--highlight-string)"&gt;'dashboard_expert'&lt;/span&gt;&lt;span style="color: var(--highlight-keyword)"&gt;);&#13;&lt;/span&gt;&lt;/code&gt;&lt;/li&gt;
&lt;li&gt;&lt;code&gt;&lt;span style="color: var(--highlight-keyword)"&gt;&amp;nbsp;&amp;nbsp;&amp;nbsp;&amp;nbsp;&amp;nbsp;&amp;nbsp;&amp;nbsp;&amp;nbsp;if&amp;nbsp;(&lt;/span&gt;&lt;span style="color: var(--highlight-default)"&gt;in_array&lt;/span&gt;&lt;span style="color: var(--highlight-keyword)"&gt;(&lt;/span&gt;&lt;span style="color: var(--highlight-string)"&gt;'ROLE_AGRICOLE'&lt;/span&gt;&lt;span style="color: var(--highlight-keyword)"&gt;,&amp;nbsp;&lt;/span&gt;&lt;span style="color: var(--highlight-default)"&gt;$roles&lt;/span&gt;&lt;span style="color: var(--highlight-keyword)"&gt;,&amp;nbsp;&lt;/span&gt;&lt;span style="color: var(--highlight-default)"&gt;true&lt;/span&gt;&lt;span style="color: var(--highlight-keyword)"&gt;))&amp;nbsp;return&amp;nbsp;&lt;/span&gt;&lt;span style="color: var(--highlight-default)"&gt;$this&lt;/span&gt;&lt;span style="color: var(--highlight-keyword)"&gt;-&amp;gt;&lt;/span&gt;&lt;span style="color: var(--highlight-default)"&gt;redirectToRoute&lt;/span&gt;&lt;span style="color: var(--highlight-keyword)"&gt;(&lt;/span&gt;&lt;span style="color: var(--highlight-string)"&gt;'dashboard_agricole'&lt;/span&gt;&lt;span style="color: var(--highlight-keyword)"&gt;);&#13;&lt;/span&gt;&lt;/code&gt;&lt;/li&gt;
&lt;li&gt;&lt;code&gt;&lt;span style="color: var(--highlight-keyword)"&gt;&amp;nbsp;&amp;nbsp;&amp;nbsp;&amp;nbsp;&amp;nbsp;&amp;nbsp;&amp;nbsp;&amp;nbsp;if&amp;nbsp;(&lt;/span&gt;&lt;span style="color: var(--highlight-default)"&gt;in_array&lt;/span&gt;&lt;span style="color: var(--highlight-keyword)"&gt;(&lt;/span&gt;&lt;span style="color: var(--highlight-string)"&gt;'ROLE_FOURNISSEUR'&lt;/span&gt;&lt;span style="color: var(--highlight-keyword)"&gt;,&amp;nbsp;&lt;/span&gt;&lt;span style="color: var(--highlight-default)"&gt;$roles&lt;/span&gt;&lt;span style="color: var(--highlight-keyword)"&gt;,&amp;nbsp;&lt;/span&gt;&lt;span style="color: var(--highlight-default)"&gt;true&lt;/span&gt;&lt;span style="color: var(--highlight-keyword)"&gt;))&amp;nbsp;return&amp;nbsp;&lt;/span&gt;&lt;span style="color: var(--highlight-default)"&gt;$this&lt;/span&gt;&lt;span style="color: var(--highlight-keyword)"&gt;-&amp;gt;&lt;/span&gt;&lt;span style="color: var(--highlight-default)"&gt;redirectToRoute&lt;/span&gt;&lt;span style="color: var(--highlight-keyword)"&gt;(&lt;/span&gt;&lt;span style="color: var(--highlight-string)"&gt;'dashboard_fournisseur'&lt;/span&gt;&lt;span style="color: var(--highlight-keyword)"&gt;);&#13;&lt;/span&gt;&lt;/code&gt;&lt;/li&gt;
&lt;li&gt;&lt;code&gt;&lt;span style="color: var(--highlight-keyword)"&gt;&#13;&lt;/span&gt;&lt;/code&gt;&lt;/li&gt;
&lt;li&gt;&lt;code&gt;&lt;span style="color: var(--highlight-keyword)"&gt;&amp;nbsp;&amp;nbsp;&amp;nbsp;&amp;nbsp;&amp;nbsp;&amp;nbsp;&amp;nbsp;&amp;nbsp;&lt;/span&gt;&lt;span style="color: var(--highlight-comment)"&gt;//&amp;nbsp;Fallback&amp;nbsp;générique&#13;&lt;/span&gt;&lt;/code&gt;&lt;/li&gt;
&lt;li class="selected"&gt;&lt;code&gt;&lt;span style="color: var(--highlight-comment)"&gt;&amp;nbsp;&amp;nbsp;&amp;nbsp;&amp;nbsp;&amp;nbsp;&amp;nbsp;&amp;nbsp;&amp;nbsp;&lt;/span&gt;&lt;span style="color: var(--highlight-keyword)"&gt;return&amp;nbsp;&lt;/span&gt;&lt;span style="color: var(--highlight-default)"&gt;$this&lt;/span&gt;&lt;span style="color: var(--highlight-keyword)"&gt;-&amp;gt;&lt;/span&gt;&lt;span style="color: var(--highlight-default)"&gt;render&lt;/span&gt;&lt;span style="color: var(--highlight-keyword)"&gt;(&lt;/span&gt;&lt;span style="color: var(--highlight-string)"&gt;'dashboard/default.html.twig'&lt;/span&gt;&lt;span style="color: var(--highlight-keyword)"&gt;,&amp;nbsp;[&#13;&lt;/span&gt;&lt;/code&gt;&lt;/li&gt;
&lt;li&gt;&lt;code&gt;&lt;span style="color: var(--highlight-keyword)"&gt;&amp;nbsp;&amp;nbsp;&amp;nbsp;&amp;nbsp;&amp;nbsp;&amp;nbsp;&amp;nbsp;&amp;nbsp;&amp;nbsp;&amp;nbsp;&amp;nbsp;&amp;nbsp;&lt;/span&gt;&lt;span style="color: var(--highlight-string)"&gt;'user'&amp;nbsp;&lt;/span&gt;&lt;span style="color: var(--highlight-keyword)"&gt;=&amp;gt;&amp;nbsp;&lt;/span&gt;&lt;span style="color: var(--highlight-default)"&gt;$user&lt;/span&gt;&lt;span style="color: var(--highlight-keyword)"&gt;,&#13;&lt;/span&gt;&lt;/code&gt;&lt;/li&gt;
&lt;li&gt;&lt;code&gt;&lt;span style="color: var(--highlight-keyword)"&gt;&amp;nbsp;&amp;nbsp;&amp;nbsp;&amp;nbsp;&amp;nbsp;&amp;nbsp;&amp;nbsp;&amp;nbsp;]);&#13;&lt;/span&gt;&lt;/code&gt;&lt;/li&gt;
&lt;li&gt;&lt;code&gt;&lt;span style="color: var(--highlight-keyword)"&gt;&amp;nbsp;&amp;nbsp;&amp;nbsp;&amp;nbsp;}&#13;&lt;/span&gt;&lt;/code&gt;&lt;/li&gt;
&lt;li&gt;&lt;code&gt;&lt;span style="color: var(--highlight-keyword)"&gt;&#13;&lt;/span&gt;&lt;/code&gt;&lt;/li&gt;
&lt;li&gt;&lt;code&gt;&lt;span style="color: var(--highlight-keyword)"&gt;&amp;nbsp;&amp;nbsp;&amp;nbsp;&amp;nbsp;#[&lt;/span&gt;&lt;span style="color: var(--highlight-default)"&gt;Route&lt;/span&gt;&lt;span style="color: var(--highlight-keyword)"&gt;(&lt;/span&gt;&lt;span style="color: var(--highlight-string)"&gt;'/expert/dashboard'&lt;/span&gt;&lt;span style="color: var(--highlight-keyword)"&gt;,&amp;nbsp;&lt;/span&gt;&lt;span style="color: var(--highlight-default)"&gt;name&lt;/span&gt;&lt;span style="color: var(--highlight-keyword)"&gt;:&amp;nbsp;&lt;/span&gt;&lt;span style="color: var(--highlight-string)"&gt;'dashboard_expert'&lt;/span&gt;&lt;span style="color: var(--highlight-keyword)"&gt;)]&#13;&lt;/span&gt;&lt;/code&gt;&lt;/li&gt;&lt;/ol&gt;    &lt;/div&gt;            &lt;/div&gt;
                        &lt;div class="trace-line "&gt;
                &lt;div class="trace-line-header break-long-words sf-toggle" data-toggle-selector="#trace-html-1-9" data-toggle-initial=""&gt;
            &lt;span class="icon icon-close"&gt;&lt;svg width="1792" height="1792" viewBox="0 0 1792 1792" xmlns="http://www.w3.org/2000/svg"&gt;&lt;path d="M1408 960V832q0-26-19-45t-45-19H448q-26 0-45 19t-19 45v128q0 26 19 45t45 19h896q26 0 45-19t19-45zm256-544v960q0 119-84.5 203.5T1376 1664H416q-119 0-203.5-84.5T128 1376V416q0-119 84.5-203.5T416 128h960q119 0 203.5 84.5T1664 416z"/&gt;&lt;/svg&gt;&lt;/span&gt;
        &lt;span class="icon icon-open"&gt;&lt;svg width="1792" height="1792" viewBox="0 0 1792 1792" xmlns="http://www.w3.org/2000/svg"&gt;&lt;path d="M1408 960V832q0-26-19-45t-45-19h-320V448q0-26-19-45t-45-19H832q-26 0-45 19t-19 45v320H448q-26 0-45 19t-19 45v128q0 26 19 45t45 19h320v320q0 26 19 45t45 19h128q26 0 45-19t19-45v-320h320q26 0 45-19t19-45zm256-544v960q0 119-84.5 203.5T1376 1664H416q-119 0-203.5-84.5T128 1376V416q0-119 84.5-203.5T416 128h960q119 0 203.5 84.5T1664 416z"/&gt;&lt;/svg&gt;&lt;/span&gt;
    
            &lt;span class="trace-class"&gt;&lt;abbr title="App\Controller\Web\DashboardController"&gt;DashboardController&lt;/abbr&gt;&lt;/span&gt;&lt;span class="trace-type"&gt;-&gt;&lt;/span&gt;&lt;span class="trace-method"&gt;index&lt;/span&gt;&lt;span class="trace-arguments"&gt;()&lt;/span&gt;    
                    &lt;span class="block trace-file-path"&gt;
            in
            &lt;a href="file://C:\Users\sliti\Desktop\dev\esprit-PIDEV-3A16-2526-FARMIA\vendor\symfony\http-kernel\HttpKernel.php#L181"&gt;
                C:\Users\sliti\Desktop\dev\esprit-PIDEV-3A16-2526-FARMIA\vendor\symfony\http-kernel\&lt;strong&gt;HttpKernel.php&lt;/strong&gt;
            &lt;/a&gt;
                        (line 181)
            &lt;span class="icon icon-copy hidden" data-clipboard-text="C:\Users\sliti\Desktop\dev\esprit-PIDEV-3A16-2526-FARMIA\vendor\symfony\http-kernel\HttpKernel.php:181"&gt;
                &lt;svg xmlns="http://www.w3.org/2000/svg" height="24" viewBox="0 0 24 24" width="24"&gt;&lt;path d="M0 0h24v24H0z" fill="none"/&gt;&lt;path d="M16 1H4c-1.1 0-2 .9-2 2v14h2V3h12V1zm3 4H8c-1.1 0-2 .9-2 2v14c0 1.1.9 2 2 2h11c1.1 0 2-.9 2-2V7c0-1.1-.9-2-2-2zm0 16H8V7h11v14z"/&gt;&lt;/svg&gt;            &lt;/span&gt;
        &lt;/span&gt;
    &lt;/div&gt;
    &lt;div id="trace-html-1-9" class="trace-code sf-toggle-content"&gt;
        &lt;ol start="176"&gt;&lt;li&gt;&lt;code&gt;&lt;span style="color: var(--highlight-keyword)"&gt;&amp;nbsp;&amp;nbsp;&amp;nbsp;&amp;nbsp;&amp;nbsp;&amp;nbsp;&amp;nbsp;&amp;nbsp;&lt;/span&gt;&lt;span style="color: var(--highlight-default)"&gt;$this&lt;/span&gt;&lt;span style="color: var(--highlight-keyword)"&gt;-&amp;gt;&lt;/span&gt;&lt;span style="color: var(--highlight-default)"&gt;dispatcher&lt;/span&gt;&lt;span style="color: var(--highlight-keyword)"&gt;-&amp;gt;&lt;/span&gt;&lt;span style="color: var(--highlight-default)"&gt;dispatch&lt;/span&gt;&lt;span style="color: var(--highlight-keyword)"&gt;(&lt;/span&gt;&lt;span style="color: var(--highlight-default)"&gt;$event&lt;/span&gt;&lt;span style="color: var(--highlight-keyword)"&gt;,&amp;nbsp;&lt;/span&gt;&lt;span style="color: var(--highlight-default)"&gt;KernelEvents&lt;/span&gt;&lt;span style="color: var(--highlight-keyword)"&gt;::&lt;/span&gt;&lt;span style="color: var(--highlight-default)"&gt;CONTROLLER_ARGUMENTS&lt;/span&gt;&lt;span style="color: var(--highlight-keyword)"&gt;);&lt;/span&gt;&lt;/code&gt;&lt;/li&gt;
&lt;li&gt;&lt;code&gt;&lt;span style="color: var(--highlight-keyword)"&gt;&amp;nbsp;&amp;nbsp;&amp;nbsp;&amp;nbsp;&amp;nbsp;&amp;nbsp;&amp;nbsp;&amp;nbsp;&lt;/span&gt;&lt;span style="color: var(--highlight-default)"&gt;$controller&amp;nbsp;&lt;/span&gt;&lt;span style="color: var(--highlight-keyword)"&gt;=&amp;nbsp;&lt;/span&gt;&lt;span style="color: var(--highlight-default)"&gt;$event&lt;/span&gt;&lt;span style="color: var(--highlight-keyword)"&gt;-&amp;gt;&lt;/span&gt;&lt;span style="color: var(--highlight-default)"&gt;getController&lt;/span&gt;&lt;span style="color: var(--highlight-keyword)"&gt;();&lt;/span&gt;&lt;/code&gt;&lt;/li&gt;
&lt;li&gt;&lt;code&gt;&lt;span style="color: var(--highlight-keyword)"&gt;&amp;nbsp;&amp;nbsp;&amp;nbsp;&amp;nbsp;&amp;nbsp;&amp;nbsp;&amp;nbsp;&amp;nbsp;&lt;/span&gt;&lt;span style="color: var(--highlight-default)"&gt;$arguments&amp;nbsp;&lt;/span&gt;&lt;span style="color: var(--highlight-keyword)"&gt;=&amp;nbsp;&lt;/span&gt;&lt;span style="color: var(--highlight-default)"&gt;$event&lt;/span&gt;&lt;span style="color: var(--highlight-keyword)"&gt;-&amp;gt;&lt;/span&gt;&lt;span style="color: var(--highlight-default)"&gt;getArguments&lt;/span&gt;&lt;span style="color: var(--highlight-keyword)"&gt;();&lt;/span&gt;&lt;/code&gt;&lt;/li&gt;
&lt;li&gt;&lt;code&gt;&lt;span style="color: var(--highlight-keyword)"&gt;&lt;/span&gt;&lt;/code&gt;&lt;/li&gt;
&lt;li&gt;&lt;code&gt;&lt;span style="color: var(--highlight-keyword)"&gt;&amp;nbsp;&amp;nbsp;&amp;nbsp;&amp;nbsp;&amp;nbsp;&amp;nbsp;&amp;nbsp;&amp;nbsp;&lt;/span&gt;&lt;span style="color: var(--highlight-comment)"&gt;//&amp;nbsp;call&amp;nbsp;controller&lt;/span&gt;&lt;/code&gt;&lt;/li&gt;
&lt;li class="selected"&gt;&lt;code&gt;&lt;span style="color: var(--highlight-comment)"&gt;&amp;nbsp;&amp;nbsp;&amp;nbsp;&amp;nbsp;&amp;nbsp;&amp;nbsp;&amp;nbsp;&amp;nbsp;&lt;/span&gt;&lt;span style="color: var(--highlight-default)"&gt;$response&amp;nbsp;&lt;/span&gt;&lt;span style="color: var(--highlight-keyword)"&gt;=&amp;nbsp;&lt;/span&gt;&lt;span style="color: var(--highlight-default)"&gt;$controller&lt;/span&gt;&lt;span style="color: var(--highlight-keyword)"&gt;(...&lt;/span&gt;&lt;span style="color: var(--highlight-default)"&gt;$arguments&lt;/span&gt;&lt;span style="color: var(--highlight-keyword)"&gt;);&lt;/span&gt;&lt;/code&gt;&lt;/li&gt;
&lt;li&gt;&lt;code&gt;&lt;span style="color: var(--highlight-keyword)"&gt;&lt;/span&gt;&lt;/code&gt;&lt;/li&gt;
&lt;li&gt;&lt;code&gt;&lt;span style="color: var(--highlight-keyword)"&gt;&amp;nbsp;&amp;nbsp;&amp;nbsp;&amp;nbsp;&amp;nbsp;&amp;nbsp;&amp;nbsp;&amp;nbsp;&lt;/span&gt;&lt;span style="color: var(--highlight-comment)"&gt;//&amp;nbsp;view&lt;/span&gt;&lt;/code&gt;&lt;/li&gt;
&lt;li&gt;&lt;code&gt;&lt;span style="color: var(--highlight-comment)"&gt;&amp;nbsp;&amp;nbsp;&amp;nbsp;&amp;nbsp;&amp;nbsp;&amp;nbsp;&amp;nbsp;&amp;nbsp;&lt;/span&gt;&lt;span style="color: var(--highlight-keyword)"&gt;if&amp;nbsp;(!&lt;/span&gt;&lt;span style="color: var(--highlight-default)"&gt;$response&amp;nbsp;&lt;/span&gt;&lt;span style="color: var(--highlight-keyword)"&gt;instanceof&amp;nbsp;&lt;/span&gt;&lt;span style="color: var(--highlight-default)"&gt;Response&lt;/span&gt;&lt;span style="color: var(--highlight-keyword)"&gt;)&amp;nbsp;{&lt;/span&gt;&lt;/code&gt;&lt;/li&gt;
&lt;li&gt;&lt;code&gt;&lt;span style="color: var(--highlight-keyword)"&gt;&amp;nbsp;&amp;nbsp;&amp;nbsp;&amp;nbsp;&amp;nbsp;&amp;nbsp;&amp;nbsp;&amp;nbsp;&amp;nbsp;&amp;nbsp;&amp;nbsp;&amp;nbsp;&lt;/span&gt;&lt;span style="color: var(--highlight-default)"&gt;$event&amp;nbsp;&lt;/span&gt;&lt;span style="color: var(--highlight-keyword)"&gt;=&amp;nbsp;new&amp;nbsp;&lt;/span&gt;&lt;span style="color: var(--highlight-default)"&gt;ViewEvent&lt;/span&gt;&lt;span style="color: var(--highlight-keyword)"&gt;(&lt;/span&gt;&lt;span style="color: var(--highlight-default)"&gt;$this&lt;/span&gt;&lt;span style="color: var(--highlight-keyword)"&gt;,&amp;nbsp;&lt;/span&gt;&lt;span style="color: var(--highlight-default)"&gt;$request&lt;/span&gt;&lt;span style="color: var(--highlight-keyword)"&gt;,&amp;nbsp;&lt;/span&gt;&lt;span style="color: var(--highlight-default)"&gt;$type&lt;/span&gt;&lt;span style="color: var(--highlight-keyword)"&gt;,&amp;nbsp;&lt;/span&gt;&lt;span style="color: var(--highlight-default)"&gt;$response&lt;/span&gt;&lt;span style="color: var(--highlight-keyword)"&gt;,&amp;nbsp;&lt;/span&gt;&lt;span style="color: var(--highlight-default)"&gt;$event&lt;/span&gt;&lt;span style="color: var(--highlight-keyword)"&gt;);&lt;/span&gt;&lt;/code&gt;&lt;/li&gt;
&lt;li&gt;&lt;code&gt;&lt;span style="color: var(--highlight-keyword)"&gt;&amp;nbsp;&amp;nbsp;&amp;nbsp;&amp;nbsp;&amp;nbsp;&amp;nbsp;&amp;nbsp;&amp;nbsp;&amp;nbsp;&amp;nbsp;&amp;nbsp;&amp;nbsp;&lt;/span&gt;&lt;span style="color: var(--highlight-default)"&gt;$this&lt;/span&gt;&lt;span style="color: var(--highlight-keyword)"&gt;-&amp;gt;&lt;/span&gt;&lt;span style="color: var(--highlight-default)"&gt;dispatcher&lt;/span&gt;&lt;span style="color: var(--highlight-keyword)"&gt;-&amp;gt;&lt;/span&gt;&lt;span style="color: var(--highlight-default)"&gt;dispatch&lt;/span&gt;&lt;span style="color: var(--highlight-keyword)"&gt;(&lt;/span&gt;&lt;span style="color: var(--highlight-default)"&gt;$event&lt;/span&gt;&lt;span style="color: var(--highlight-keyword)"&gt;,&amp;nbsp;&lt;/span&gt;&lt;span style="color: var(--highlight-default)"&gt;KernelEvents&lt;/span&gt;&lt;span style="color: var(--highlight-keyword)"&gt;::&lt;/span&gt;&lt;span style="color: var(--highlight-default)"&gt;VIEW&lt;/span&gt;&lt;span style="color: var(--highlight-keyword)"&gt;);&lt;/span&gt;&lt;/code&gt;&lt;/li&gt;&lt;/ol&gt;    &lt;/div&gt;            &lt;/div&gt;
                        &lt;div class="trace-line "&gt;
                &lt;div class="trace-line-header break-long-words sf-toggle" data-toggle-selector="#trace-html-1-10" data-toggle-initial=""&gt;
            &lt;span class="icon icon-close"&gt;&lt;svg width="1792" height="1792" viewBox="0 0 1792 1792" xmlns="http://www.w3.org/2000/svg"&gt;&lt;path d="M1408 960V832q0-26-19-45t-45-19H448q-26 0-45 19t-19 45v128q0 26 19 45t45 19h896q26 0 45-19t19-45zm256-544v960q0 119-84.5 203.5T1376 1664H416q-119 0-203.5-84.5T128 1376V416q0-119 84.5-203.5T416 128h960q119 0 203.5 84.5T1664 416z"/&gt;&lt;/svg&gt;&lt;/span&gt;
        &lt;span class="icon icon-open"&gt;&lt;svg width="1792" height="1792" viewBox="0 0 1792 1792" xmlns="http://www.w3.org/2000/svg"&gt;&lt;path d="M1408 960V832q0-26-19-45t-45-19h-320V448q0-26-19-45t-45-19H832q-26 0-45 19t-19 45v320H448q-26 0-45 19t-19 45v128q0 26 19 45t45 19h320v320q0 26 19 45t45 19h128q26 0 45-19t19-45v-320h320q26 0 45-19t19-45zm256-544v960q0 119-84.5 203.5T1376 1664H416q-119 0-203.5-84.5T128 1376V416q0-119 84.5-203.5T416 128h960q119 0 203.5 84.5T1664 416z"/&gt;&lt;/svg&gt;&lt;/span&gt;
    
            &lt;span class="trace-class"&gt;&lt;abbr title="Symfony\Component\HttpKernel\HttpKernel"&gt;HttpKernel&lt;/abbr&gt;&lt;/span&gt;&lt;span class="trace-type"&gt;-&gt;&lt;/span&gt;&lt;span class="trace-method"&gt;handleRaw&lt;/span&gt;&lt;span class="trace-arguments"&gt;(&lt;em&gt;object&lt;/em&gt;(&lt;abbr title="Symfony\Component\HttpFoundation\Request"&gt;Request&lt;/abbr&gt;), 1)&lt;/span&gt;    
                    &lt;span class="block trace-file-path"&gt;
            in
            &lt;a href="file://C:\Users\sliti\Desktop\dev\esprit-PIDEV-3A16-2526-FARMIA\vendor\symfony\http-kernel\HttpKernel.php#L76"&gt;
                C:\Users\sliti\Desktop\dev\esprit-PIDEV-3A16-2526-FARMIA\vendor\symfony\http-kernel\&lt;strong&gt;HttpKernel.php&lt;/strong&gt;
            &lt;/a&gt;
                        (line 76)
            &lt;span class="icon icon-copy hidden" data-clipboard-text="C:\Users\sliti\Desktop\dev\esprit-PIDEV-3A16-2526-FARMIA\vendor\symfony\http-kernel\HttpKernel.php:76"&gt;
                &lt;svg xmlns="http://www.w3.org/2000/svg" height="24" viewBox="0 0 24 24" width="24"&gt;&lt;path d="M0 0h24v24H0z" fill="none"/&gt;&lt;path d="M16 1H4c-1.1 0-2 .9-2 2v14h2V3h12V1zm3 4H8c-1.1 0-2 .9-2 2v14c0 1.1.9 2 2 2h11c1.1 0 2-.9 2-2V7c0-1.1-.9-2-2-2zm0 16H8V7h11v14z"/&gt;&lt;/svg&gt;            &lt;/span&gt;
        &lt;/span&gt;
    &lt;/div&gt;
    &lt;div id="trace-html-1-10" class="trace-code sf-toggle-content"&gt;
        &lt;ol start="71"&gt;&lt;li&gt;&lt;code&gt;&lt;span style="color: var(--highlight-keyword)"&gt;&amp;nbsp;&amp;nbsp;&amp;nbsp;&amp;nbsp;&amp;nbsp;&amp;nbsp;&amp;nbsp;&amp;nbsp;&lt;/span&gt;&lt;span style="color: var(--highlight-default)"&gt;$request&lt;/span&gt;&lt;span style="color: var(--highlight-keyword)"&gt;-&amp;gt;&lt;/span&gt;&lt;span style="color: var(--highlight-default)"&gt;headers&lt;/span&gt;&lt;span style="color: var(--highlight-keyword)"&gt;-&amp;gt;&lt;/span&gt;&lt;span style="color: var(--highlight-default)"&gt;set&lt;/span&gt;&lt;span style="color: var(--highlight-keyword)"&gt;(&lt;/span&gt;&lt;span style="color: var(--highlight-string)"&gt;'X-Php-Ob-Level'&lt;/span&gt;&lt;span style="color: var(--highlight-keyword)"&gt;,&amp;nbsp;(string)&amp;nbsp;&lt;/span&gt;&lt;span style="color: var(--highlight-default)"&gt;ob_get_level&lt;/span&gt;&lt;span style="color: var(--highlight-keyword)"&gt;());&lt;/span&gt;&lt;/code&gt;&lt;/li&gt;
&lt;li&gt;&lt;code&gt;&lt;span style="color: var(--highlight-keyword)"&gt;&lt;/span&gt;&lt;/code&gt;&lt;/li&gt;
&lt;li&gt;&lt;code&gt;&lt;span style="color: var(--highlight-keyword)"&gt;&amp;nbsp;&amp;nbsp;&amp;nbsp;&amp;nbsp;&amp;nbsp;&amp;nbsp;&amp;nbsp;&amp;nbsp;&lt;/span&gt;&lt;span style="color: var(--highlight-default)"&gt;$this&lt;/span&gt;&lt;span style="color: var(--highlight-keyword)"&gt;-&amp;gt;&lt;/span&gt;&lt;span style="color: var(--highlight-default)"&gt;requestStack&lt;/span&gt;&lt;span style="color: var(--highlight-keyword)"&gt;-&amp;gt;&lt;/span&gt;&lt;span style="color: var(--highlight-default)"&gt;push&lt;/span&gt;&lt;span style="color: var(--highlight-keyword)"&gt;(&lt;/span&gt;&lt;span style="color: var(--highlight-default)"&gt;$request&lt;/span&gt;&lt;span style="color: var(--highlight-keyword)"&gt;);&lt;/span&gt;&lt;/code&gt;&lt;/li&gt;
&lt;li&gt;&lt;code&gt;&lt;span style="color: var(--highlight-keyword)"&gt;&amp;nbsp;&amp;nbsp;&amp;nbsp;&amp;nbsp;&amp;nbsp;&amp;nbsp;&amp;nbsp;&amp;nbsp;&lt;/span&gt;&lt;span style="color: var(--highlight-default)"&gt;$response&amp;nbsp;&lt;/span&gt;&lt;span style="color: var(--highlight-keyword)"&gt;=&amp;nbsp;&lt;/span&gt;&lt;span style="color: var(--highlight-default)"&gt;null&lt;/span&gt;&lt;span style="color: var(--highlight-keyword)"&gt;;&lt;/span&gt;&lt;/code&gt;&lt;/li&gt;
&lt;li&gt;&lt;code&gt;&lt;span style="color: var(--highlight-keyword)"&gt;&amp;nbsp;&amp;nbsp;&amp;nbsp;&amp;nbsp;&amp;nbsp;&amp;nbsp;&amp;nbsp;&amp;nbsp;try&amp;nbsp;{&lt;/span&gt;&lt;/code&gt;&lt;/li&gt;
&lt;li class="selected"&gt;&lt;code&gt;&lt;span style="color: var(--highlight-keyword)"&gt;&amp;nbsp;&amp;nbsp;&amp;nbsp;&amp;nbsp;&amp;nbsp;&amp;nbsp;&amp;nbsp;&amp;nbsp;&amp;nbsp;&amp;nbsp;&amp;nbsp;&amp;nbsp;return&amp;nbsp;&lt;/span&gt;&lt;span style="color: var(--highlight-default)"&gt;$response&amp;nbsp;&lt;/span&gt;&lt;span style="color: var(--highlight-keyword)"&gt;=&amp;nbsp;&lt;/span&gt;&lt;span style="color: var(--highlight-default)"&gt;$this&lt;/span&gt;&lt;span style="color: var(--highlight-keyword)"&gt;-&amp;gt;&lt;/span&gt;&lt;span style="color: var(--highlight-default)"&gt;handleRaw&lt;/span&gt;&lt;span style="color: var(--highlight-keyword)"&gt;(&lt;/span&gt;&lt;span style="color: var(--highlight-default)"&gt;$request&lt;/span&gt;&lt;span style="color: var(--highlight-keyword)"&gt;,&amp;nbsp;&lt;/span&gt;&lt;span style="color: var(--highlight-default)"&gt;$type&lt;/span&gt;&lt;span style="color: var(--highlight-keyword)"&gt;);&lt;/span&gt;&lt;/code&gt;&lt;/li&gt;
&lt;li&gt;&lt;code&gt;&lt;span style="color: var(--highlight-keyword)"&gt;&amp;nbsp;&amp;nbsp;&amp;nbsp;&amp;nbsp;&amp;nbsp;&amp;nbsp;&amp;nbsp;&amp;nbsp;}&amp;nbsp;catch&amp;nbsp;(&lt;/span&gt;&lt;span style="color: var(--highlight-default)"&gt;\Throwable&amp;nbsp;$e&lt;/span&gt;&lt;span style="color: var(--highlight-keyword)"&gt;)&amp;nbsp;{&lt;/span&gt;&lt;/code&gt;&lt;/li&gt;
&lt;li&gt;&lt;code&gt;&lt;span style="color: var(--highlight-keyword)"&gt;&amp;nbsp;&amp;nbsp;&amp;nbsp;&amp;nbsp;&amp;nbsp;&amp;nbsp;&amp;nbsp;&amp;nbsp;&amp;nbsp;&amp;nbsp;&amp;nbsp;&amp;nbsp;if&amp;nbsp;(&lt;/span&gt;&lt;span style="color: var(--highlight-default)"&gt;$e&amp;nbsp;&lt;/span&gt;&lt;span style="color: var(--highlight-keyword)"&gt;instanceof&amp;nbsp;&lt;/span&gt;&lt;span style="color: var(--highlight-default)"&gt;\Error&amp;nbsp;&lt;/span&gt;&lt;span style="color: var(--highlight-keyword)"&gt;&amp;amp;&amp;amp;&amp;nbsp;!&lt;/span&gt;&lt;span style="color: var(--highlight-default)"&gt;$this&lt;/span&gt;&lt;span style="color: var(--highlight-keyword)"&gt;-&amp;gt;&lt;/span&gt;&lt;span style="color: var(--highlight-default)"&gt;handleAllThrowables&lt;/span&gt;&lt;span style="color: var(--highlight-keyword)"&gt;)&amp;nbsp;{&lt;/span&gt;&lt;/code&gt;&lt;/li&gt;
&lt;li&gt;&lt;code&gt;&lt;span style="color: var(--highlight-keyword)"&gt;&amp;nbsp;&amp;nbsp;&amp;nbsp;&amp;nbsp;&amp;nbsp;&amp;nbsp;&amp;nbsp;&amp;nbsp;&amp;nbsp;&amp;nbsp;&amp;nbsp;&amp;nbsp;&amp;nbsp;&amp;nbsp;&amp;nbsp;&amp;nbsp;throw&amp;nbsp;&lt;/span&gt;&lt;span style="color: var(--highlight-default)"&gt;$e&lt;/span&gt;&lt;span style="color: var(--highlight-keyword)"&gt;;&lt;/span&gt;&lt;/code&gt;&lt;/li&gt;
&lt;li&gt;&lt;code&gt;&lt;span style="color: var(--highlight-keyword)"&gt;&amp;nbsp;&amp;nbsp;&amp;nbsp;&amp;nbsp;&amp;nbsp;&amp;nbsp;&amp;nbsp;&amp;nbsp;&amp;nbsp;&amp;nbsp;&amp;nbsp;&amp;nbsp;}&lt;/span&gt;&lt;/code&gt;&lt;/li&gt;
&lt;li&gt;&lt;code&gt;&lt;span style="color: var(--highlight-keyword)"&gt;&lt;/span&gt;&lt;/code&gt;&lt;/li&gt;&lt;/ol&gt;    &lt;/div&gt;            &lt;/div&gt;
                        &lt;div class="trace-line "&gt;
                &lt;div class="trace-line-header break-long-words sf-toggle" data-toggle-selector="#trace-html-1-11" data-toggle-initial=""&gt;
            &lt;span class="icon icon-close"&gt;&lt;svg width="1792" height="1792" viewBox="0 0 1792 1792" xmlns="http://www.w3.org/2000/svg"&gt;&lt;path d="M1408 960V832q0-26-19-45t-45-19H448q-26 0-45 19t-19 45v128q0 26 19 45t45 19h896q26 0 45-19t19-45zm256-544v960q0 119-84.5 203.5T1376 1664H416q-119 0-203.5-84.5T128 1376V416q0-119 84.5-203.5T416 128h960q119 0 203.5 84.5T1664 416z"/&gt;&lt;/svg&gt;&lt;/span&gt;
        &lt;span class="icon icon-open"&gt;&lt;svg width="1792" height="1792" viewBox="0 0 1792 1792" xmlns="http://www.w3.org/2000/svg"&gt;&lt;path d="M1408 960V832q0-26-19-45t-45-19h-320V448q0-26-19-45t-45-19H832q-26 0-45 19t-19 45v320H448q-26 0-45 19t-19 45v128q0 26 19 45t45 19h320v320q0 26 19 45t45 19h128q26 0 45-19t19-45v-320h320q26 0 45-19t19-45zm256-544v960q0 119-84.5 203.5T1376 1664H416q-119 0-203.5-84.5T128 1376V416q0-119 84.5-203.5T416 128h960q119 0 203.5 84.5T1664 416z"/&gt;&lt;/svg&gt;&lt;/span&gt;
    
            &lt;span class="trace-class"&gt;&lt;abbr title="Symfony\Component\HttpKernel\HttpKernel"&gt;HttpKernel&lt;/abbr&gt;&lt;/span&gt;&lt;span class="trace-type"&gt;-&gt;&lt;/span&gt;&lt;span class="trace-method"&gt;handle&lt;/span&gt;&lt;span class="trace-arguments"&gt;(&lt;em&gt;object&lt;/em&gt;(&lt;abbr title="Symfony\Component\HttpFoundation\Request"&gt;Request&lt;/abbr&gt;), 1, &lt;em&gt;true&lt;/em&gt;)&lt;/span&gt;    
                    &lt;span class="block trace-file-path"&gt;
            in
            &lt;a href="file://C:\Users\sliti\Desktop\dev\esprit-PIDEV-3A16-2526-FARMIA\vendor\symfony\http-kernel\Kernel.php#L208"&gt;
                C:\Users\sliti\Desktop\dev\esprit-PIDEV-3A16-2526-FARMIA\vendor\symfony\http-kernel\&lt;strong&gt;Kernel.php&lt;/strong&gt;
            &lt;/a&gt;
                        (line 208)
            &lt;span class="icon icon-copy hidden" data-clipboard-text="C:\Users\sliti\Desktop\dev\esprit-PIDEV-3A16-2526-FARMIA\vendor\symfony\http-kernel\Kernel.php:208"&gt;
                &lt;svg xmlns="http://www.w3.org/2000/svg" height="24" viewBox="0 0 24 24" width="24"&gt;&lt;path d="M0 0h24v24H0z" fill="none"/&gt;&lt;path d="M16 1H4c-1.1 0-2 .9-2 2v14h2V3h12V1zm3 4H8c-1.1 0-2 .9-2 2v14c0 1.1.9 2 2 2h11c1.1 0 2-.9 2-2V7c0-1.1-.9-2-2-2zm0 16H8V7h11v14z"/&gt;&lt;/svg&gt;            &lt;/span&gt;
        &lt;/span&gt;
    &lt;/div&gt;
    &lt;div id="trace-html-1-11" class="trace-code sf-toggle-content"&gt;
        &lt;ol start="203"&gt;&lt;li&gt;&lt;code&gt;&lt;span style="color: var(--highlight-keyword)"&gt;&amp;nbsp;&amp;nbsp;&amp;nbsp;&amp;nbsp;&amp;nbsp;&amp;nbsp;&amp;nbsp;&amp;nbsp;if&amp;nbsp;(!&lt;/span&gt;&lt;span style="color: var(--highlight-default)"&gt;$this&lt;/span&gt;&lt;span style="color: var(--highlight-keyword)"&gt;-&amp;gt;&lt;/span&gt;&lt;span style="color: var(--highlight-default)"&gt;handlingHttpCache&lt;/span&gt;&lt;span style="color: var(--highlight-keyword)"&gt;)&amp;nbsp;{&lt;/span&gt;&lt;/code&gt;&lt;/li&gt;
&lt;li&gt;&lt;code&gt;&lt;span style="color: var(--highlight-keyword)"&gt;&amp;nbsp;&amp;nbsp;&amp;nbsp;&amp;nbsp;&amp;nbsp;&amp;nbsp;&amp;nbsp;&amp;nbsp;&amp;nbsp;&amp;nbsp;&amp;nbsp;&amp;nbsp;&lt;/span&gt;&lt;span style="color: var(--highlight-default)"&gt;$this&lt;/span&gt;&lt;span style="color: var(--highlight-keyword)"&gt;-&amp;gt;&lt;/span&gt;&lt;span style="color: var(--highlight-default)"&gt;resetServices&amp;nbsp;&lt;/span&gt;&lt;span style="color: var(--highlight-keyword)"&gt;=&amp;nbsp;&lt;/span&gt;&lt;span style="color: var(--highlight-default)"&gt;true&lt;/span&gt;&lt;span style="color: var(--highlight-keyword)"&gt;;&lt;/span&gt;&lt;/code&gt;&lt;/li&gt;
&lt;li&gt;&lt;code&gt;&lt;span style="color: var(--highlight-keyword)"&gt;&amp;nbsp;&amp;nbsp;&amp;nbsp;&amp;nbsp;&amp;nbsp;&amp;nbsp;&amp;nbsp;&amp;nbsp;}&lt;/span&gt;&lt;/code&gt;&lt;/li&gt;
&lt;li&gt;&lt;code&gt;&lt;span style="color: var(--highlight-keyword)"&gt;&lt;/span&gt;&lt;/code&gt;&lt;/li&gt;
&lt;li&gt;&lt;code&gt;&lt;span style="color: var(--highlight-keyword)"&gt;&amp;nbsp;&amp;nbsp;&amp;nbsp;&amp;nbsp;&amp;nbsp;&amp;nbsp;&amp;nbsp;&amp;nbsp;try&amp;nbsp;{&lt;/span&gt;&lt;/code&gt;&lt;/li&gt;
&lt;li class="selected"&gt;&lt;code&gt;&lt;span style="color: var(--highlight-keyword)"&gt;&amp;nbsp;&amp;nbsp;&amp;nbsp;&amp;nbsp;&amp;nbsp;&amp;nbsp;&amp;nbsp;&amp;nbsp;&amp;nbsp;&amp;nbsp;&amp;nbsp;&amp;nbsp;return&amp;nbsp;&lt;/span&gt;&lt;span style="color: var(--highlight-default)"&gt;$this&lt;/span&gt;&lt;span style="color: var(--highlight-keyword)"&gt;-&amp;gt;&lt;/span&gt;&lt;span style="color: var(--highlight-default)"&gt;getHttpKernel&lt;/span&gt;&lt;span style="color: var(--highlight-keyword)"&gt;()-&amp;gt;&lt;/span&gt;&lt;span style="color: var(--highlight-default)"&gt;handle&lt;/span&gt;&lt;span style="color: var(--highlight-keyword)"&gt;(&lt;/span&gt;&lt;span style="color: var(--highlight-default)"&gt;$request&lt;/span&gt;&lt;span style="color: var(--highlight-keyword)"&gt;,&amp;nbsp;&lt;/span&gt;&lt;span style="color: var(--highlight-default)"&gt;$type&lt;/span&gt;&lt;span style="color: var(--highlight-keyword)"&gt;,&amp;nbsp;&lt;/span&gt;&lt;span style="color: var(--highlight-default)"&gt;$catch&lt;/span&gt;&lt;span style="color: var(--highlight-keyword)"&gt;);&lt;/span&gt;&lt;/code&gt;&lt;/li&gt;
&lt;li&gt;&lt;code&gt;&lt;span style="color: var(--highlight-keyword)"&gt;&amp;nbsp;&amp;nbsp;&amp;nbsp;&amp;nbsp;&amp;nbsp;&amp;nbsp;&amp;nbsp;&amp;nbsp;}&amp;nbsp;finally&amp;nbsp;{&lt;/span&gt;&lt;/code&gt;&lt;/li&gt;
&lt;li&gt;&lt;code&gt;&lt;span style="color: var(--highlight-keyword)"&gt;&amp;nbsp;&amp;nbsp;&amp;nbsp;&amp;nbsp;&amp;nbsp;&amp;nbsp;&amp;nbsp;&amp;nbsp;&amp;nbsp;&amp;nbsp;&amp;nbsp;&amp;nbsp;--&lt;/span&gt;&lt;span style="color: var(--highlight-default)"&gt;$this&lt;/span&gt;&lt;span style="color: var(--highlight-keyword)"&gt;-&amp;gt;&lt;/span&gt;&lt;span style="color: var(--highlight-default)"&gt;requestStackSize&lt;/span&gt;&lt;span style="color: var(--highlight-keyword)"&gt;;&lt;/span&gt;&lt;/code&gt;&lt;/li&gt;
&lt;li&gt;&lt;code&gt;&lt;span style="color: var(--highlight-keyword)"&gt;&amp;nbsp;&amp;nbsp;&amp;nbsp;&amp;nbsp;&amp;nbsp;&amp;nbsp;&amp;nbsp;&amp;nbsp;}&lt;/span&gt;&lt;/code&gt;&lt;/li&gt;
&lt;li&gt;&lt;code&gt;&lt;span style="color: var(--highlight-keyword)"&gt;&amp;nbsp;&amp;nbsp;&amp;nbsp;&amp;nbsp;}&lt;/span&gt;&lt;/code&gt;&lt;/li&gt;
&lt;li&gt;&lt;code&gt;&lt;span style="color: var(--highlight-keyword)"&gt;&lt;/span&gt;&lt;/code&gt;&lt;/li&gt;&lt;/ol&gt;    &lt;/div&gt;            &lt;/div&gt;
                        &lt;div class="trace-line "&gt;
                &lt;div class="trace-line-header break-long-words sf-toggle" data-toggle-selector="#trace-html-1-12" data-toggle-initial=""&gt;
            &lt;span class="icon icon-close"&gt;&lt;svg width="1792" height="1792" viewBox="0 0 1792 1792" xmlns="http://www.w3.org/2000/svg"&gt;&lt;path d="M1408 960V832q0-26-19-45t-45-19H448q-26 0-45 19t-19 45v128q0 26 19 45t45 19h896q26 0 45-19t19-45zm256-544v960q0 119-84.5 203.5T1376 1664H416q-119 0-203.5-84.5T128 1376V416q0-119 84.5-203.5T416 128h960q119 0 203.5 84.5T1664 416z"/&gt;&lt;/svg&gt;&lt;/span&gt;
        &lt;span class="icon icon-open"&gt;&lt;svg width="1792" height="1792" viewBox="0 0 1792 1792" xmlns="http://www.w3.org/2000/svg"&gt;&lt;path d="M1408 960V832q0-26-19-45t-45-19h-320V448q0-26-19-45t-45-19H832q-26 0-45 19t-19 45v320H448q-26 0-45 19t-19 45v128q0 26 19 45t45 19h320v320q0 26 19 45t45 19h128q26 0 45-19t19-45v-320h320q26 0 45-19t19-45zm256-544v960q0 119-84.5 203.5T1376 1664H416q-119 0-203.5-84.5T128 1376V416q0-119 84.5-203.5T416 128h960q119 0 203.5 84.5T1664 416z"/&gt;&lt;/svg&gt;&lt;/span&gt;
    
            &lt;span class="trace-class"&gt;&lt;abbr title="Symfony\Component\HttpKernel\Kernel"&gt;Kernel&lt;/abbr&gt;&lt;/span&gt;&lt;span class="trace-type"&gt;-&gt;&lt;/span&gt;&lt;span class="trace-method"&gt;handle&lt;/span&gt;&lt;span class="trace-arguments"&gt;(&lt;em&gt;object&lt;/em&gt;(&lt;abbr title="Symfony\Component\HttpFoundation\Request"&gt;Request&lt;/abbr&gt;), 1, &lt;em&gt;true&lt;/em&gt;)&lt;/span&gt;    
                    &lt;span class="block trace-file-path"&gt;
            in
            &lt;a href="file://C:\Users\sliti\Desktop\dev\esprit-PIDEV-3A16-2526-FARMIA\vendor\symfony\http-kernel\HttpKernelBrowser.php#L65"&gt;
                C:\Users\sliti\Desktop\dev\esprit-PIDEV-3A16-2526-FARMIA\vendor\symfony\http-kernel\&lt;strong&gt;HttpKernelBrowser.php&lt;/strong&gt;
            &lt;/a&gt;
                        (line 65)
            &lt;span class="icon icon-copy hidden" data-clipboard-text="C:\Users\sliti\Desktop\dev\esprit-PIDEV-3A16-2526-FARMIA\vendor\symfony\http-kernel\HttpKernelBrowser.php:65"&gt;
                &lt;svg xmlns="http://www.w3.org/2000/svg" height="24" viewBox="0 0 24 24" width="24"&gt;&lt;path d="M0 0h24v24H0z" fill="none"/&gt;&lt;path d="M16 1H4c-1.1 0-2 .9-2 2v14h2V3h12V1zm3 4H8c-1.1 0-2 .9-2 2v14c0 1.1.9 2 2 2h11c1.1 0 2-.9 2-2V7c0-1.1-.9-2-2-2zm0 16H8V7h11v14z"/&gt;&lt;/svg&gt;            &lt;/span&gt;
        &lt;/span&gt;
    &lt;/div&gt;
    &lt;div id="trace-html-1-12" class="trace-code sf-toggle-content"&gt;
        &lt;ol start="60"&gt;&lt;li&gt;&lt;code&gt;&lt;span style="color: var(--highlight-comment)"&gt;&amp;nbsp;&amp;nbsp;&amp;nbsp;&amp;nbsp;&amp;nbsp;*&lt;/span&gt;&lt;/code&gt;&lt;/li&gt;
&lt;li&gt;&lt;code&gt;&lt;span style="color: var(--highlight-comment)"&gt;&amp;nbsp;&amp;nbsp;&amp;nbsp;&amp;nbsp;&amp;nbsp;*&amp;nbsp;@return&amp;nbsp;Response&lt;/span&gt;&lt;/code&gt;&lt;/li&gt;
&lt;li&gt;&lt;code&gt;&lt;span style="color: var(--highlight-comment)"&gt;&amp;nbsp;&amp;nbsp;&amp;nbsp;&amp;nbsp;&amp;nbsp;*/&lt;/span&gt;&lt;/code&gt;&lt;/li&gt;
&lt;li&gt;&lt;code&gt;&lt;span style="color: var(--highlight-comment)"&gt;&amp;nbsp;&amp;nbsp;&amp;nbsp;&amp;nbsp;&lt;/span&gt;&lt;span style="color: var(--highlight-keyword)"&gt;protected&amp;nbsp;function&amp;nbsp;&lt;/span&gt;&lt;span style="color: var(--highlight-default)"&gt;doRequest&lt;/span&gt;&lt;span style="color: var(--highlight-keyword)"&gt;(&lt;/span&gt;&lt;span style="color: var(--highlight-default)"&gt;object&amp;nbsp;$request&lt;/span&gt;&lt;span style="color: var(--highlight-keyword)"&gt;)&lt;/span&gt;&lt;/code&gt;&lt;/li&gt;
&lt;li&gt;&lt;code&gt;&lt;span style="color: var(--highlight-keyword)"&gt;&amp;nbsp;&amp;nbsp;&amp;nbsp;&amp;nbsp;{&lt;/span&gt;&lt;/code&gt;&lt;/li&gt;
&lt;li class="selected"&gt;&lt;code&gt;&lt;span style="color: var(--highlight-keyword)"&gt;&amp;nbsp;&amp;nbsp;&amp;nbsp;&amp;nbsp;&amp;nbsp;&amp;nbsp;&amp;nbsp;&amp;nbsp;&lt;/span&gt;&lt;span style="color: var(--highlight-default)"&gt;$response&amp;nbsp;&lt;/span&gt;&lt;span style="color: var(--highlight-keyword)"&gt;=&amp;nbsp;&lt;/span&gt;&lt;span style="color: var(--highlight-default)"&gt;$this&lt;/span&gt;&lt;span style="color: var(--highlight-keyword)"&gt;-&amp;gt;&lt;/span&gt;&lt;span style="color: var(--highlight-default)"&gt;kernel&lt;/span&gt;&lt;span style="color: var(--highlight-keyword)"&gt;-&amp;gt;&lt;/span&gt;&lt;span style="color: var(--highlight-default)"&gt;handle&lt;/span&gt;&lt;span style="color: var(--highlight-keyword)"&gt;(&lt;/span&gt;&lt;span style="color: var(--highlight-default)"&gt;$request&lt;/span&gt;&lt;span style="color: var(--highlight-keyword)"&gt;,&amp;nbsp;&lt;/span&gt;&lt;span style="color: var(--highlight-default)"&gt;HttpKernelInterface&lt;/span&gt;&lt;span style="color: var(--highlight-keyword)"&gt;::&lt;/span&gt;&lt;span style="color: var(--highlight-default)"&gt;MAIN_REQUEST&lt;/span&gt;&lt;span style="color: var(--highlight-keyword)"&gt;,&amp;nbsp;&lt;/span&gt;&lt;span style="color: var(--highlight-default)"&gt;$this&lt;/span&gt;&lt;span style="color: var(--highlight-keyword)"&gt;-&amp;gt;&lt;/span&gt;&lt;span style="color: var(--highlight-default)"&gt;catchExceptions&lt;/span&gt;&lt;span style="color: var(--highlight-keyword)"&gt;);&lt;/span&gt;&lt;/code&gt;&lt;/li&gt;
&lt;li&gt;&lt;code&gt;&lt;span style="color: var(--highlight-keyword)"&gt;&lt;/span&gt;&lt;/code&gt;&lt;/li&gt;
&lt;li&gt;&lt;code&gt;&lt;span style="color: var(--highlight-keyword)"&gt;&amp;nbsp;&amp;nbsp;&amp;nbsp;&amp;nbsp;&amp;nbsp;&amp;nbsp;&amp;nbsp;&amp;nbsp;if&amp;nbsp;(&lt;/span&gt;&lt;span style="color: var(--highlight-default)"&gt;$this&lt;/span&gt;&lt;span style="color: var(--highlight-keyword)"&gt;-&amp;gt;&lt;/span&gt;&lt;span style="color: var(--highlight-default)"&gt;kernel&amp;nbsp;&lt;/span&gt;&lt;span style="color: var(--highlight-keyword)"&gt;instanceof&amp;nbsp;&lt;/span&gt;&lt;span style="color: var(--highlight-default)"&gt;TerminableInterface&lt;/span&gt;&lt;span style="color: var(--highlight-keyword)"&gt;)&amp;nbsp;{&lt;/span&gt;&lt;/code&gt;&lt;/li&gt;
&lt;li&gt;&lt;code&gt;&lt;span style="color: var(--highlight-keyword)"&gt;&amp;nbsp;&amp;nbsp;&amp;nbsp;&amp;nbsp;&amp;nbsp;&amp;nbsp;&amp;nbsp;&amp;nbsp;&amp;nbsp;&amp;nbsp;&amp;nbsp;&amp;nbsp;&lt;/span&gt;&lt;span style="color: var(--highlight-default)"&gt;$this&lt;/span&gt;&lt;span style="color: var(--highlight-keyword)"&gt;-&amp;gt;&lt;/span&gt;&lt;span style="color: var(--highlight-default)"&gt;kernel&lt;/span&gt;&lt;span style="color: var(--highlight-keyword)"&gt;-&amp;gt;&lt;/span&gt;&lt;span style="color: var(--highlight-default)"&gt;terminate&lt;/span&gt;&lt;span style="color: var(--highlight-keyword)"&gt;(&lt;/span&gt;&lt;span style="color: var(--highlight-default)"&gt;$request&lt;/span&gt;&lt;span style="color: var(--highlight-keyword)"&gt;,&amp;nbsp;&lt;/span&gt;&lt;span style="color: var(--highlight-default)"&gt;$response&lt;/span&gt;&lt;span style="color: var(--highlight-keyword)"&gt;);&lt;/span&gt;&lt;/code&gt;&lt;/li&gt;
&lt;li&gt;&lt;code&gt;&lt;span style="color: var(--highlight-keyword)"&gt;&amp;nbsp;&amp;nbsp;&amp;nbsp;&amp;nbsp;&amp;nbsp;&amp;nbsp;&amp;nbsp;&amp;nbsp;}&lt;/span&gt;&lt;/code&gt;&lt;/li&gt;
&lt;li&gt;&lt;code&gt;&lt;span style="color: var(--highlight-keyword)"&gt;&lt;/span&gt;&lt;/code&gt;&lt;/li&gt;&lt;/ol&gt;    &lt;/div&gt;            &lt;/div&gt;
                        &lt;div class="trace-line "&gt;
                &lt;div class="trace-line-header break-long-words sf-toggle" data-toggle-selector="#trace-html-1-13" data-toggle-initial=""&gt;
            &lt;span class="icon icon-close"&gt;&lt;svg width="1792" height="1792" viewBox="0 0 1792 1792" xmlns="http://www.w3.org/2000/svg"&gt;&lt;path d="M1408 960V832q0-26-19-45t-45-19H448q-26 0-45 19t-19 45v128q0 26 19 45t45 19h896q26 0 45-19t19-45zm256-544v960q0 119-84.5 203.5T1376 1664H416q-119 0-203.5-84.5T128 1376V416q0-119 84.5-203.5T416 128h960q119 0 203.5 84.5T1664 416z"/&gt;&lt;/svg&gt;&lt;/span&gt;
        &lt;span class="icon icon-open"&gt;&lt;svg width="1792" height="1792" viewBox="0 0 1792 1792" xmlns="http://www.w3.org/2000/svg"&gt;&lt;path d="M1408 960V832q0-26-19-45t-45-19h-320V448q0-26-19-45t-45-19H832q-26 0-45 19t-19 45v320H448q-26 0-45 19t-19 45v128q0 26 19 45t45 19h320v320q0 26 19 45t45 19h128q26 0 45-19t19-45v-320h320q26 0 45-19t19-45zm256-544v960q0 119-84.5 203.5T1376 1664H416q-119 0-203.5-84.5T128 1376V416q0-119 84.5-203.5T416 128h960q119 0 203.5 84.5T1664 416z"/&gt;&lt;/svg&gt;&lt;/span&gt;
    
            &lt;span class="trace-class"&gt;&lt;abbr title="Symfony\Component\HttpKernel\HttpKernelBrowser"&gt;HttpKernelBrowser&lt;/abbr&gt;&lt;/span&gt;&lt;span class="trace-type"&gt;-&gt;&lt;/span&gt;&lt;span class="trace-method"&gt;doRequest&lt;/span&gt;&lt;span class="trace-arguments"&gt;(&lt;em&gt;object&lt;/em&gt;(&lt;abbr title="Symfony\Component\HttpFoundation\Request"&gt;Request&lt;/abbr&gt;))&lt;/span&gt;    
                    &lt;span class="block trace-file-path"&gt;
            in
            &lt;a href="file://C:\Users\sliti\Desktop\dev\esprit-PIDEV-3A16-2526-FARMIA\vendor\symfony\framework-bundle\KernelBrowser.php#L175"&gt;
                C:\Users\sliti\Desktop\dev\esprit-PIDEV-3A16-2526-FARMIA\vendor\symfony\framework-bundle\&lt;strong&gt;KernelBrowser.php&lt;/strong&gt;
            &lt;/a&gt;
                        (line 175)
            &lt;span class="icon icon-copy hidden" data-clipboard-text="C:\Users\sliti\Desktop\dev\esprit-PIDEV-3A16-2526-FARMIA\vendor\symfony\framework-bundle\KernelBrowser.php:175"&gt;
                &lt;svg xmlns="http://www.w3.org/2000/svg" height="24" viewBox="0 0 24 24" width="24"&gt;&lt;path d="M0 0h24v24H0z" fill="none"/&gt;&lt;path d="M16 1H4c-1.1 0-2 .9-2 2v14h2V3h12V1zm3 4H8c-1.1 0-2 .9-2 2v14c0 1.1.9 2 2 2h11c1.1 0 2-.9 2-2V7c0-1.1-.9-2-2-2zm0 16H8V7h11v14z"/&gt;&lt;/svg&gt;            &lt;/span&gt;
        &lt;/span&gt;
    &lt;/div&gt;
    &lt;div id="trace-html-1-13" class="trace-code sf-toggle-content"&gt;
        &lt;ol start="170"&gt;&lt;li&gt;&lt;code&gt;&lt;span style="color: var(--highlight-keyword)"&gt;&lt;/span&gt;&lt;/code&gt;&lt;/li&gt;
&lt;li&gt;&lt;code&gt;&lt;span style="color: var(--highlight-keyword)"&gt;&amp;nbsp;&amp;nbsp;&amp;nbsp;&amp;nbsp;&amp;nbsp;&amp;nbsp;&amp;nbsp;&amp;nbsp;&amp;nbsp;&amp;nbsp;&amp;nbsp;&amp;nbsp;&lt;/span&gt;&lt;span style="color: var(--highlight-default)"&gt;$this&lt;/span&gt;&lt;span style="color: var(--highlight-keyword)"&gt;-&amp;gt;&lt;/span&gt;&lt;span style="color: var(--highlight-default)"&gt;kernel&lt;/span&gt;&lt;span style="color: var(--highlight-keyword)"&gt;-&amp;gt;&lt;/span&gt;&lt;span style="color: var(--highlight-default)"&gt;boot&lt;/span&gt;&lt;span style="color: var(--highlight-keyword)"&gt;();&lt;/span&gt;&lt;/code&gt;&lt;/li&gt;
&lt;li&gt;&lt;code&gt;&lt;span style="color: var(--highlight-keyword)"&gt;&amp;nbsp;&amp;nbsp;&amp;nbsp;&amp;nbsp;&amp;nbsp;&amp;nbsp;&amp;nbsp;&amp;nbsp;&amp;nbsp;&amp;nbsp;&amp;nbsp;&amp;nbsp;&lt;/span&gt;&lt;span style="color: var(--highlight-default)"&gt;$this&lt;/span&gt;&lt;span style="color: var(--highlight-keyword)"&gt;-&amp;gt;&lt;/span&gt;&lt;span style="color: var(--highlight-default)"&gt;getContainer&lt;/span&gt;&lt;span style="color: var(--highlight-keyword)"&gt;()-&amp;gt;&lt;/span&gt;&lt;span style="color: var(--highlight-default)"&gt;get&lt;/span&gt;&lt;span style="color: var(--highlight-keyword)"&gt;(&lt;/span&gt;&lt;span style="color: var(--highlight-string)"&gt;'profiler'&lt;/span&gt;&lt;span style="color: var(--highlight-keyword)"&gt;)-&amp;gt;&lt;/span&gt;&lt;span style="color: var(--highlight-default)"&gt;enable&lt;/span&gt;&lt;span style="color: var(--highlight-keyword)"&gt;();&lt;/span&gt;&lt;/code&gt;&lt;/li&gt;
&lt;li&gt;&lt;code&gt;&lt;span style="color: var(--highlight-keyword)"&gt;&amp;nbsp;&amp;nbsp;&amp;nbsp;&amp;nbsp;&amp;nbsp;&amp;nbsp;&amp;nbsp;&amp;nbsp;}&lt;/span&gt;&lt;/code&gt;&lt;/li&gt;
&lt;li&gt;&lt;code&gt;&lt;span style="color: var(--highlight-keyword)"&gt;&lt;/span&gt;&lt;/code&gt;&lt;/li&gt;
&lt;li class="selected"&gt;&lt;code&gt;&lt;span style="color: var(--highlight-keyword)"&gt;&amp;nbsp;&amp;nbsp;&amp;nbsp;&amp;nbsp;&amp;nbsp;&amp;nbsp;&amp;nbsp;&amp;nbsp;return&amp;nbsp;&lt;/span&gt;&lt;span style="color: var(--highlight-default)"&gt;parent&lt;/span&gt;&lt;span style="color: var(--highlight-keyword)"&gt;::&lt;/span&gt;&lt;span style="color: var(--highlight-default)"&gt;doRequest&lt;/span&gt;&lt;span style="color: var(--highlight-keyword)"&gt;(&lt;/span&gt;&lt;span style="color: var(--highlight-default)"&gt;$request&lt;/span&gt;&lt;span style="color: var(--highlight-keyword)"&gt;);&lt;/span&gt;&lt;/code&gt;&lt;/li&gt;
&lt;li&gt;&lt;code&gt;&lt;span style="color: var(--highlight-keyword)"&gt;&amp;nbsp;&amp;nbsp;&amp;nbsp;&amp;nbsp;}&lt;/span&gt;&lt;/code&gt;&lt;/li&gt;
&lt;li&gt;&lt;code&gt;&lt;span style="color: var(--highlight-keyword)"&gt;&lt;/span&gt;&lt;/code&gt;&lt;/li&gt;
&lt;li&gt;&lt;code&gt;&lt;span style="color: var(--highlight-keyword)"&gt;&amp;nbsp;&amp;nbsp;&amp;nbsp;&amp;nbsp;&lt;/span&gt;&lt;span style="color: var(--highlight-comment)"&gt;/**&lt;/span&gt;&lt;/code&gt;&lt;/li&gt;
&lt;li&gt;&lt;code&gt;&lt;span style="color: var(--highlight-comment)"&gt;&amp;nbsp;&amp;nbsp;&amp;nbsp;&amp;nbsp;&amp;nbsp;*&amp;nbsp;@param&amp;nbsp;Request&amp;nbsp;$request&lt;/span&gt;&lt;/code&gt;&lt;/li&gt;
&lt;li&gt;&lt;code&gt;&lt;span style="color: var(--highlight-comment)"&gt;&amp;nbsp;&amp;nbsp;&amp;nbsp;&amp;nbsp;&amp;nbsp;*/&lt;/span&gt;&lt;/code&gt;&lt;/li&gt;&lt;/ol&gt;    &lt;/div&gt;            &lt;/div&gt;
                        &lt;div class="trace-line "&gt;
                &lt;div class="trace-line-header break-long-words sf-toggle" data-toggle-selector="#trace-html-1-14" data-toggle-initial=""&gt;
            &lt;span class="icon icon-close"&gt;&lt;svg width="1792" height="1792" viewBox="0 0 1792 1792" xmlns="http://www.w3.org/2000/svg"&gt;&lt;path d="M1408 960V832q0-26-19-45t-45-19H448q-26 0-45 19t-19 45v128q0 26 19 45t45 19h896q26 0 45-19t19-45zm256-544v960q0 119-84.5 203.5T1376 1664H416q-119 0-203.5-84.5T128 1376V416q0-119 84.5-203.5T416 128h960q119 0 203.5 84.5T1664 416z"/&gt;&lt;/svg&gt;&lt;/span&gt;
        &lt;span class="icon icon-open"&gt;&lt;svg width="1792" height="1792" viewBox="0 0 1792 1792" xmlns="http://www.w3.org/2000/svg"&gt;&lt;path d="M1408 960V832q0-26-19-45t-45-19h-320V448q0-26-19-45t-45-19H832q-26 0-45 19t-19 45v320H448q-26 0-45 19t-19 45v128q0 26 19 45t45 19h320v320q0 26 19 45t45 19h128q26 0 45-19t19-45v-320h320q26 0 45-19t19-45zm256-544v960q0 119-84.5 203.5T1376 1664H416q-119 0-203.5-84.5T128 1376V416q0-119 84.5-203.5T416 128h960q119 0 203.5 84.5T1664 416z"/&gt;&lt;/svg&gt;&lt;/span&gt;
    
            &lt;span class="trace-class"&gt;&lt;abbr title="Symfony\Bundle\FrameworkBundle\KernelBrowser"&gt;KernelBrowser&lt;/abbr&gt;&lt;/span&gt;&lt;span class="trace-type"&gt;-&gt;&lt;/span&gt;&lt;span class="trace-method"&gt;doRequest&lt;/span&gt;&lt;span class="trace-arguments"&gt;(&lt;em&gt;object&lt;/em&gt;(&lt;abbr title="Symfony\Component\HttpFoundation\Request"&gt;Request&lt;/abbr&gt;))&lt;/span&gt;    
                    &lt;span class="block trace-file-path"&gt;
            in
            &lt;a href="file://C:\Users\sliti\Desktop\dev\esprit-PIDEV-3A16-2526-FARMIA\vendor\symfony\browser-kit\AbstractBrowser.php#L385"&gt;
                C:\Users\sliti\Desktop\dev\esprit-PIDEV-3A16-2526-FARMIA\vendor\symfony\browser-kit\&lt;strong&gt;AbstractBrowser.php&lt;/strong&gt;
            &lt;/a&gt;
                        (line 385)
            &lt;span class="icon icon-copy hidden" data-clipboard-text="C:\Users\sliti\Desktop\dev\esprit-PIDEV-3A16-2526-FARMIA\vendor\symfony\browser-kit\AbstractBrowser.php:385"&gt;
                &lt;svg xmlns="http://www.w3.org/2000/svg" height="24" viewBox="0 0 24 24" width="24"&gt;&lt;path d="M0 0h24v24H0z" fill="none"/&gt;&lt;path d="M16 1H4c-1.1 0-2 .9-2 2v14h2V3h12V1zm3 4H8c-1.1 0-2 .9-2 2v14c0 1.1.9 2 2 2h11c1.1 0 2-.9 2-2V7c0-1.1-.9-2-2-2zm0 16H8V7h11v14z"/&gt;&lt;/svg&gt;            &lt;/span&gt;
        &lt;/span&gt;
    &lt;/div&gt;
    &lt;div id="trace-html-1-14" class="trace-code sf-toggle-content"&gt;
        &lt;ol start="380"&gt;&lt;li&gt;&lt;code&gt;&lt;span style="color: var(--highlight-keyword)"&gt;&amp;nbsp;&amp;nbsp;&amp;nbsp;&amp;nbsp;&amp;nbsp;&amp;nbsp;&amp;nbsp;&amp;nbsp;}&lt;/span&gt;&lt;/code&gt;&lt;/li&gt;
&lt;li&gt;&lt;code&gt;&lt;span style="color: var(--highlight-keyword)"&gt;&lt;/span&gt;&lt;/code&gt;&lt;/li&gt;
&lt;li&gt;&lt;code&gt;&lt;span style="color: var(--highlight-keyword)"&gt;&amp;nbsp;&amp;nbsp;&amp;nbsp;&amp;nbsp;&amp;nbsp;&amp;nbsp;&amp;nbsp;&amp;nbsp;if&amp;nbsp;(&lt;/span&gt;&lt;span style="color: var(--highlight-default)"&gt;$this&lt;/span&gt;&lt;span style="color: var(--highlight-keyword)"&gt;-&amp;gt;&lt;/span&gt;&lt;span style="color: var(--highlight-default)"&gt;insulated&lt;/span&gt;&lt;span style="color: var(--highlight-keyword)"&gt;)&amp;nbsp;{&lt;/span&gt;&lt;/code&gt;&lt;/li&gt;
&lt;li&gt;&lt;code&gt;&lt;span style="color: var(--highlight-keyword)"&gt;&amp;nbsp;&amp;nbsp;&amp;nbsp;&amp;nbsp;&amp;nbsp;&amp;nbsp;&amp;nbsp;&amp;nbsp;&amp;nbsp;&amp;nbsp;&amp;nbsp;&amp;nbsp;&lt;/span&gt;&lt;span style="color: var(--highlight-default)"&gt;$this&lt;/span&gt;&lt;span style="color: var(--highlight-keyword)"&gt;-&amp;gt;&lt;/span&gt;&lt;span style="color: var(--highlight-default)"&gt;response&amp;nbsp;&lt;/span&gt;&lt;span style="color: var(--highlight-keyword)"&gt;=&amp;nbsp;&lt;/span&gt;&lt;span style="color: var(--highlight-default)"&gt;$this&lt;/span&gt;&lt;span style="color: var(--highlight-keyword)"&gt;-&amp;gt;&lt;/span&gt;&lt;span style="color: var(--highlight-default)"&gt;doRequestInProcess&lt;/span&gt;&lt;span style="color: var(--highlight-keyword)"&gt;(&lt;/span&gt;&lt;span style="color: var(--highlight-default)"&gt;$this&lt;/span&gt;&lt;span style="color: var(--highlight-keyword)"&gt;-&amp;gt;&lt;/span&gt;&lt;span style="color: var(--highlight-default)"&gt;request&lt;/span&gt;&lt;span style="color: var(--highlight-keyword)"&gt;);&lt;/span&gt;&lt;/code&gt;&lt;/li&gt;
&lt;li&gt;&lt;code&gt;&lt;span style="color: var(--highlight-keyword)"&gt;&amp;nbsp;&amp;nbsp;&amp;nbsp;&amp;nbsp;&amp;nbsp;&amp;nbsp;&amp;nbsp;&amp;nbsp;}&amp;nbsp;else&amp;nbsp;{&lt;/span&gt;&lt;/code&gt;&lt;/li&gt;
&lt;li class="selected"&gt;&lt;code&gt;&lt;span style="color: var(--highlight-keyword)"&gt;&amp;nbsp;&amp;nbsp;&amp;nbsp;&amp;nbsp;&amp;nbsp;&amp;nbsp;&amp;nbsp;&amp;nbsp;&amp;nbsp;&amp;nbsp;&amp;nbsp;&amp;nbsp;&lt;/span&gt;&lt;span style="color: var(--highlight-default)"&gt;$this&lt;/span&gt;&lt;span style="color: var(--highlight-keyword)"&gt;-&amp;gt;&lt;/span&gt;&lt;span style="color: var(--highlight-default)"&gt;response&amp;nbsp;&lt;/span&gt;&lt;span style="color: var(--highlight-keyword)"&gt;=&amp;nbsp;&lt;/span&gt;&lt;span style="color: var(--highlight-default)"&gt;$this&lt;/span&gt;&lt;span style="color: var(--highlight-keyword)"&gt;-&amp;gt;&lt;/span&gt;&lt;span style="color: var(--highlight-default)"&gt;doRequest&lt;/span&gt;&lt;span style="color: var(--highlight-keyword)"&gt;(&lt;/span&gt;&lt;span style="color: var(--highlight-default)"&gt;$this&lt;/span&gt;&lt;span style="color: var(--highlight-keyword)"&gt;-&amp;gt;&lt;/span&gt;&lt;span style="color: var(--highlight-default)"&gt;request&lt;/span&gt;&lt;span style="color: var(--highlight-keyword)"&gt;);&lt;/span&gt;&lt;/code&gt;&lt;/li&gt;
&lt;li&gt;&lt;code&gt;&lt;span style="color: var(--highlight-keyword)"&gt;&amp;nbsp;&amp;nbsp;&amp;nbsp;&amp;nbsp;&amp;nbsp;&amp;nbsp;&amp;nbsp;&amp;nbsp;}&lt;/span&gt;&lt;/code&gt;&lt;/li&gt;
&lt;li&gt;&lt;code&gt;&lt;span style="color: var(--highlight-keyword)"&gt;&lt;/span&gt;&lt;/code&gt;&lt;/li&gt;
&lt;li&gt;&lt;code&gt;&lt;span style="color: var(--highlight-keyword)"&gt;&amp;nbsp;&amp;nbsp;&amp;nbsp;&amp;nbsp;&amp;nbsp;&amp;nbsp;&amp;nbsp;&amp;nbsp;&lt;/span&gt;&lt;span style="color: var(--highlight-default)"&gt;$this&lt;/span&gt;&lt;span style="color: var(--highlight-keyword)"&gt;-&amp;gt;&lt;/span&gt;&lt;span style="color: var(--highlight-default)"&gt;internalResponse&amp;nbsp;&lt;/span&gt;&lt;span style="color: var(--highlight-keyword)"&gt;=&amp;nbsp;&lt;/span&gt;&lt;span style="color: var(--highlight-default)"&gt;$this&lt;/span&gt;&lt;span style="color: var(--highlight-keyword)"&gt;-&amp;gt;&lt;/span&gt;&lt;span style="color: var(--highlight-default)"&gt;filterResponse&lt;/span&gt;&lt;span style="color: var(--highlight-keyword)"&gt;(&lt;/span&gt;&lt;span style="color: var(--highlight-default)"&gt;$this&lt;/span&gt;&lt;span style="color: var(--highlight-keyword)"&gt;-&amp;gt;&lt;/span&gt;&lt;span style="color: var(--highlight-default)"&gt;response&lt;/span&gt;&lt;span style="color: var(--highlight-keyword)"&gt;);&lt;/span&gt;&lt;/code&gt;&lt;/li&gt;
&lt;li&gt;&lt;code&gt;&lt;span style="color: var(--highlight-keyword)"&gt;&lt;/span&gt;&lt;/code&gt;&lt;/li&gt;
&lt;li&gt;&lt;code&gt;&lt;span style="color: var(--highlight-keyword)"&gt;&amp;nbsp;&amp;nbsp;&amp;nbsp;&amp;nbsp;&amp;nbsp;&amp;nbsp;&amp;nbsp;&amp;nbsp;&lt;/span&gt;&lt;span style="color: var(--highlight-default)"&gt;$this&lt;/span&gt;&lt;span style="color: var(--highlight-keyword)"&gt;-&amp;gt;&lt;/span&gt;&lt;span style="color: var(--highlight-default)"&gt;cookieJar&lt;/span&gt;&lt;span style="color: var(--highlight-keyword)"&gt;-&amp;gt;&lt;/span&gt;&lt;span style="color: var(--highlight-default)"&gt;updateFromResponse&lt;/span&gt;&lt;span style="color: var(--highlight-keyword)"&gt;(&lt;/span&gt;&lt;span style="color: var(--highlight-default)"&gt;$this&lt;/span&gt;&lt;span style="color: var(--highlight-keyword)"&gt;-&amp;gt;&lt;/span&gt;&lt;span style="color: var(--highlight-default)"&gt;internalResponse&lt;/span&gt;&lt;span style="color: var(--highlight-keyword)"&gt;,&amp;nbsp;&lt;/span&gt;&lt;span style="color: var(--highlight-default)"&gt;$uri&lt;/span&gt;&lt;span style="color: var(--highlight-keyword)"&gt;);&lt;/span&gt;&lt;/code&gt;&lt;/li&gt;&lt;/ol&gt;    &lt;/div&gt;            &lt;/div&gt;
                        &lt;div class="trace-line "&gt;
                &lt;div class="trace-line-header break-long-words sf-toggle" data-toggle-selector="#trace-html-1-15" data-toggle-initial=""&gt;
            &lt;span class="icon icon-close"&gt;&lt;svg width="1792" height="1792" viewBox="0 0 1792 1792" xmlns="http://www.w3.org/2000/svg"&gt;&lt;path d="M1408 960V832q0-26-19-45t-45-19H448q-26 0-45 19t-19 45v128q0 26 19 45t45 19h896q26 0 45-19t19-45zm256-544v960q0 119-84.5 203.5T1376 1664H416q-119 0-203.5-84.5T128 1376V416q0-119 84.5-203.5T416 128h960q119 0 203.5 84.5T1664 416z"/&gt;&lt;/svg&gt;&lt;/span&gt;
        &lt;span class="icon icon-open"&gt;&lt;svg width="1792" height="1792" viewBox="0 0 1792 1792" xmlns="http://www.w3.org/2000/svg"&gt;&lt;path d="M1408 960V832q0-26-19-45t-45-19h-320V448q0-26-19-45t-45-19H832q-26 0-45 19t-19 45v320H448q-26 0-45 19t-19 45v128q0 26 19 45t45 19h320v320q0 26 19 45t45 19h128q26 0 45-19t19-45v-320h320q26 0 45-19t19-45zm256-544v960q0 119-84.5 203.5T1376 1664H416q-119 0-203.5-84.5T128 1376V416q0-119 84.5-203.5T416 128h960q119 0 203.5 84.5T1664 416z"/&gt;&lt;/svg&gt;&lt;/span&gt;
    
            &lt;span class="trace-class"&gt;&lt;abbr title="Symfony\Component\BrowserKit\AbstractBrowser"&gt;AbstractBrowser&lt;/abbr&gt;&lt;/span&gt;&lt;span class="trace-type"&gt;-&gt;&lt;/span&gt;&lt;span class="trace-method"&gt;request&lt;/span&gt;&lt;span class="trace-arguments"&gt;('GET', 'http://localhost/dashboard', &lt;em&gt;array&lt;/em&gt;(), &lt;em&gt;array&lt;/em&gt;(), &lt;em&gt;array&lt;/em&gt;('HTTP_USER_AGENT' =&gt; 'Symfony BrowserKit', 'HTTP_HOST' =&gt; 'localhost', 'HTTPS' =&gt; &lt;em&gt;false&lt;/em&gt;, 'HTTP_REFERER' =&gt; 'http://localhost/'), &lt;em&gt;null&lt;/em&gt;)&lt;/span&gt;    
                    &lt;span class="block trace-file-path"&gt;
            in
            &lt;a href="file://C:\Users\sliti\Desktop\dev\esprit-PIDEV-3A16-2526-FARMIA\vendor\symfony\browser-kit\AbstractBrowser.php#L585"&gt;
                C:\Users\sliti\Desktop\dev\esprit-PIDEV-3A16-2526-FARMIA\vendor\symfony\browser-kit\&lt;strong&gt;AbstractBrowser.php&lt;/strong&gt;
            &lt;/a&gt;
                        (line 585)
            &lt;span class="icon icon-copy hidden" data-clipboard-text="C:\Users\sliti\Desktop\dev\esprit-PIDEV-3A16-2526-FARMIA\vendor\symfony\browser-kit\AbstractBrowser.php:585"&gt;
                &lt;svg xmlns="http://www.w3.org/2000/svg" height="24" viewBox="0 0 24 24" width="24"&gt;&lt;path d="M0 0h24v24H0z" fill="none"/&gt;&lt;path d="M16 1H4c-1.1 0-2 .9-2 2v14h2V3h12V1zm3 4H8c-1.1 0-2 .9-2 2v14c0 1.1.9 2 2 2h11c1.1 0 2-.9 2-2V7c0-1.1-.9-2-2-2zm0 16H8V7h11v14z"/&gt;&lt;/svg&gt;            &lt;/span&gt;
        &lt;/span&gt;
    &lt;/div&gt;
    &lt;div id="trace-html-1-15" class="trace-code sf-toggle-content"&gt;
        &lt;ol start="580"&gt;&lt;li&gt;&lt;code&gt;&lt;span style="color: var(--highlight-keyword)"&gt;&amp;nbsp;&amp;nbsp;&amp;nbsp;&amp;nbsp;&amp;nbsp;&amp;nbsp;&amp;nbsp;&amp;nbsp;&lt;/span&gt;&lt;span style="color: var(--highlight-default)"&gt;$server&amp;nbsp;&lt;/span&gt;&lt;span style="color: var(--highlight-keyword)"&gt;=&amp;nbsp;&lt;/span&gt;&lt;span style="color: var(--highlight-default)"&gt;$request&lt;/span&gt;&lt;span style="color: var(--highlight-keyword)"&gt;-&amp;gt;&lt;/span&gt;&lt;span style="color: var(--highlight-default)"&gt;getServer&lt;/span&gt;&lt;span style="color: var(--highlight-keyword)"&gt;();&lt;/span&gt;&lt;/code&gt;&lt;/li&gt;
&lt;li&gt;&lt;code&gt;&lt;span style="color: var(--highlight-keyword)"&gt;&amp;nbsp;&amp;nbsp;&amp;nbsp;&amp;nbsp;&amp;nbsp;&amp;nbsp;&amp;nbsp;&amp;nbsp;&lt;/span&gt;&lt;span style="color: var(--highlight-default)"&gt;$server&amp;nbsp;&lt;/span&gt;&lt;span style="color: var(--highlight-keyword)"&gt;=&amp;nbsp;&lt;/span&gt;&lt;span style="color: var(--highlight-default)"&gt;$this&lt;/span&gt;&lt;span style="color: var(--highlight-keyword)"&gt;-&amp;gt;&lt;/span&gt;&lt;span style="color: var(--highlight-default)"&gt;updateServerFromUri&lt;/span&gt;&lt;span style="color: var(--highlight-keyword)"&gt;(&lt;/span&gt;&lt;span style="color: var(--highlight-default)"&gt;$server&lt;/span&gt;&lt;span style="color: var(--highlight-keyword)"&gt;,&amp;nbsp;&lt;/span&gt;&lt;span style="color: var(--highlight-default)"&gt;$this&lt;/span&gt;&lt;span style="color: var(--highlight-keyword)"&gt;-&amp;gt;&lt;/span&gt;&lt;span style="color: var(--highlight-default)"&gt;redirect&lt;/span&gt;&lt;span style="color: var(--highlight-keyword)"&gt;);&lt;/span&gt;&lt;/code&gt;&lt;/li&gt;
&lt;li&gt;&lt;code&gt;&lt;span style="color: var(--highlight-keyword)"&gt;&lt;/span&gt;&lt;/code&gt;&lt;/li&gt;
&lt;li&gt;&lt;code&gt;&lt;span style="color: var(--highlight-keyword)"&gt;&amp;nbsp;&amp;nbsp;&amp;nbsp;&amp;nbsp;&amp;nbsp;&amp;nbsp;&amp;nbsp;&amp;nbsp;&lt;/span&gt;&lt;span style="color: var(--highlight-default)"&gt;$this&lt;/span&gt;&lt;span style="color: var(--highlight-keyword)"&gt;-&amp;gt;&lt;/span&gt;&lt;span style="color: var(--highlight-default)"&gt;isMainRequest&amp;nbsp;&lt;/span&gt;&lt;span style="color: var(--highlight-keyword)"&gt;=&amp;nbsp;&lt;/span&gt;&lt;span style="color: var(--highlight-default)"&gt;false&lt;/span&gt;&lt;span style="color: var(--highlight-keyword)"&gt;;&lt;/span&gt;&lt;/code&gt;&lt;/li&gt;
&lt;li&gt;&lt;code&gt;&lt;span style="color: var(--highlight-keyword)"&gt;&lt;/span&gt;&lt;/code&gt;&lt;/li&gt;
&lt;li class="selected"&gt;&lt;code&gt;&lt;span style="color: var(--highlight-keyword)"&gt;&amp;nbsp;&amp;nbsp;&amp;nbsp;&amp;nbsp;&amp;nbsp;&amp;nbsp;&amp;nbsp;&amp;nbsp;&lt;/span&gt;&lt;span style="color: var(--highlight-default)"&gt;$response&amp;nbsp;&lt;/span&gt;&lt;span style="color: var(--highlight-keyword)"&gt;=&amp;nbsp;&lt;/span&gt;&lt;span style="color: var(--highlight-default)"&gt;$this&lt;/span&gt;&lt;span style="color: var(--highlight-keyword)"&gt;-&amp;gt;&lt;/span&gt;&lt;span style="color: var(--highlight-default)"&gt;request&lt;/span&gt;&lt;span style="color: var(--highlight-keyword)"&gt;(&lt;/span&gt;&lt;span style="color: var(--highlight-default)"&gt;$method&lt;/span&gt;&lt;span style="color: var(--highlight-keyword)"&gt;,&amp;nbsp;&lt;/span&gt;&lt;span style="color: var(--highlight-default)"&gt;$this&lt;/span&gt;&lt;span style="color: var(--highlight-keyword)"&gt;-&amp;gt;&lt;/span&gt;&lt;span style="color: var(--highlight-default)"&gt;redirect&lt;/span&gt;&lt;span style="color: var(--highlight-keyword)"&gt;,&amp;nbsp;&lt;/span&gt;&lt;span style="color: var(--highlight-default)"&gt;$parameters&lt;/span&gt;&lt;span style="color: var(--highlight-keyword)"&gt;,&amp;nbsp;&lt;/span&gt;&lt;span style="color: var(--highlight-default)"&gt;$files&lt;/span&gt;&lt;span style="color: var(--highlight-keyword)"&gt;,&amp;nbsp;&lt;/span&gt;&lt;span style="color: var(--highlight-default)"&gt;$server&lt;/span&gt;&lt;span style="color: var(--highlight-keyword)"&gt;,&amp;nbsp;&lt;/span&gt;&lt;span style="color: var(--highlight-default)"&gt;$content&lt;/span&gt;&lt;span style="color: var(--highlight-keyword)"&gt;);&lt;/span&gt;&lt;/code&gt;&lt;/li&gt;
&lt;li&gt;&lt;code&gt;&lt;span style="color: var(--highlight-keyword)"&gt;&lt;/span&gt;&lt;/code&gt;&lt;/li&gt;
&lt;li&gt;&lt;code&gt;&lt;span style="color: var(--highlight-keyword)"&gt;&amp;nbsp;&amp;nbsp;&amp;nbsp;&amp;nbsp;&amp;nbsp;&amp;nbsp;&amp;nbsp;&amp;nbsp;&lt;/span&gt;&lt;span style="color: var(--highlight-default)"&gt;$this&lt;/span&gt;&lt;span style="color: var(--highlight-keyword)"&gt;-&amp;gt;&lt;/span&gt;&lt;span style="color: var(--highlight-default)"&gt;isMainRequest&amp;nbsp;&lt;/span&gt;&lt;span style="color: var(--highlight-keyword)"&gt;=&amp;nbsp;&lt;/span&gt;&lt;span style="color: var(--highlight-default)"&gt;true&lt;/span&gt;&lt;span style="color: var(--highlight-keyword)"&gt;;&lt;/span&gt;&lt;/code&gt;&lt;/li&gt;
&lt;li&gt;&lt;code&gt;&lt;span style="color: var(--highlight-keyword)"&gt;&lt;/span&gt;&lt;/code&gt;&lt;/li&gt;
&lt;li&gt;&lt;code&gt;&lt;span style="color: var(--highlight-keyword)"&gt;&amp;nbsp;&amp;nbsp;&amp;nbsp;&amp;nbsp;&amp;nbsp;&amp;nbsp;&amp;nbsp;&amp;nbsp;return&amp;nbsp;&lt;/span&gt;&lt;span style="color: var(--highlight-default)"&gt;$response&lt;/span&gt;&lt;span style="color: var(--highlight-keyword)"&gt;;&lt;/span&gt;&lt;/code&gt;&lt;/li&gt;
&lt;li&gt;&lt;code&gt;&lt;span style="color: var(--highlight-keyword)"&gt;&amp;nbsp;&amp;nbsp;&amp;nbsp;&amp;nbsp;}&lt;/span&gt;&lt;/code&gt;&lt;/li&gt;&lt;/ol&gt;    &lt;/div&gt;            &lt;/div&gt;
                        &lt;div class="trace-line "&gt;
                &lt;div class="trace-line-header break-long-words sf-toggle" data-toggle-selector="#trace-html-1-16" data-toggle-initial=""&gt;
            &lt;span class="icon icon-close"&gt;&lt;svg width="1792" height="1792" viewBox="0 0 1792 1792" xmlns="http://www.w3.org/2000/svg"&gt;&lt;path d="M1408 960V832q0-26-19-45t-45-19H448q-26 0-45 19t-19 45v128q0 26 19 45t45 19h896q26 0 45-19t19-45zm256-544v960q0 119-84.5 203.5T1376 1664H416q-119 0-203.5-84.5T128 1376V416q0-119 84.5-203.5T416 128h960q119 0 203.5 84.5T1664 416z"/&gt;&lt;/svg&gt;&lt;/span&gt;
        &lt;span class="icon icon-open"&gt;&lt;svg width="1792" height="1792" viewBox="0 0 1792 1792" xmlns="http://www.w3.org/2000/svg"&gt;&lt;path d="M1408 960V832q0-26-19-45t-45-19h-320V448q0-26-19-45t-45-19H832q-26 0-45 19t-19 45v320H448q-26 0-45 19t-19 45v128q0 26 19 45t45 19h320v320q0 26 19 45t45 19h128q26 0 45-19t19-45v-320h320q26 0 45-19t19-45zm256-544v960q0 119-84.5 203.5T1376 1664H416q-119 0-203.5-84.5T128 1376V416q0-119 84.5-203.5T416 128h960q119 0 203.5 84.5T1664 416z"/&gt;&lt;/svg&gt;&lt;/span&gt;
    
            &lt;span class="trace-class"&gt;&lt;abbr title="Symfony\Component\BrowserKit\AbstractBrowser"&gt;AbstractBrowser&lt;/abbr&gt;&lt;/span&gt;&lt;span class="trace-type"&gt;-&gt;&lt;/span&gt;&lt;span class="trace-method"&gt;followRedirect&lt;/span&gt;&lt;span class="trace-arguments"&gt;()&lt;/span&gt;    
                    &lt;span class="block trace-file-path"&gt;
            in
            &lt;a href="file://C:\Users\sliti\Desktop\dev\esprit-PIDEV-3A16-2526-FARMIA\tests\Functional\TemplateRenderingTest.php#L110"&gt;
                C:\Users\sliti\Desktop\dev\esprit-PIDEV-3A16-2526-FARMIA\tests\Functional\&lt;strong&gt;TemplateRenderingTest.php&lt;/strong&gt;
            &lt;/a&gt;
                        (line 110)
            &lt;span class="icon icon-copy hidden" data-clipboard-text="C:\Users\sliti\Desktop\dev\esprit-PIDEV-3A16-2526-FARMIA\tests\Functional\TemplateRenderingTest.php:110"&gt;
                &lt;svg xmlns="http://www.w3.org/2000/svg" height="24" viewBox="0 0 24 24" width="24"&gt;&lt;path d="M0 0h24v24H0z" fill="none"/&gt;&lt;path d="M16 1H4c-1.1 0-2 .9-2 2v14h2V3h12V1zm3 4H8c-1.1 0-2 .9-2 2v14c0 1.1.9 2 2 2h11c1.1 0 2-.9 2-2V7c0-1.1-.9-2-2-2zm0 16H8V7h11v14z"/&gt;&lt;/svg&gt;            &lt;/span&gt;
        &lt;/span&gt;
    &lt;/div&gt;
    &lt;div id="trace-html-1-16" class="trace-code sf-toggle-content"&gt;
        &lt;ol start="105"&gt;&lt;li&gt;&lt;code&gt;&lt;span style="color: var(--highlight-keyword)"&gt;&amp;nbsp;&amp;nbsp;&amp;nbsp;&amp;nbsp;&amp;nbsp;&amp;nbsp;&amp;nbsp;&amp;nbsp;&lt;/span&gt;&lt;span style="color: var(--highlight-default)"&gt;$this&lt;/span&gt;&lt;span style="color: var(--highlight-keyword)"&gt;-&amp;gt;&lt;/span&gt;&lt;span style="color: var(--highlight-default)"&gt;loginWithRole&lt;/span&gt;&lt;span style="color: var(--highlight-keyword)"&gt;(&lt;/span&gt;&lt;span style="color: var(--highlight-string)"&gt;'ROLE_USER'&lt;/span&gt;&lt;span style="color: var(--highlight-keyword)"&gt;);&#13;&lt;/span&gt;&lt;/code&gt;&lt;/li&gt;
&lt;li&gt;&lt;code&gt;&lt;span style="color: var(--highlight-keyword)"&gt;&amp;nbsp;&amp;nbsp;&amp;nbsp;&amp;nbsp;&amp;nbsp;&amp;nbsp;&amp;nbsp;&amp;nbsp;&lt;/span&gt;&lt;span style="color: var(--highlight-default)"&gt;$crawler&amp;nbsp;&lt;/span&gt;&lt;span style="color: var(--highlight-keyword)"&gt;=&amp;nbsp;&lt;/span&gt;&lt;span style="color: var(--highlight-default)"&gt;self&lt;/span&gt;&lt;span style="color: var(--highlight-keyword)"&gt;::&lt;/span&gt;&lt;span style="color: var(--highlight-default)"&gt;$client&lt;/span&gt;&lt;span style="color: var(--highlight-keyword)"&gt;-&amp;gt;&lt;/span&gt;&lt;span style="color: var(--highlight-default)"&gt;request&lt;/span&gt;&lt;span style="color: var(--highlight-keyword)"&gt;(&lt;/span&gt;&lt;span style="color: var(--highlight-string)"&gt;'GET'&lt;/span&gt;&lt;span style="color: var(--highlight-keyword)"&gt;,&amp;nbsp;&lt;/span&gt;&lt;span style="color: var(--highlight-string)"&gt;'/'&lt;/span&gt;&lt;span style="color: var(--highlight-keyword)"&gt;);&#13;&lt;/span&gt;&lt;/code&gt;&lt;/li&gt;
&lt;li&gt;&lt;code&gt;&lt;span style="color: var(--highlight-keyword)"&gt;&amp;nbsp;&amp;nbsp;&amp;nbsp;&amp;nbsp;&amp;nbsp;&amp;nbsp;&amp;nbsp;&amp;nbsp;&#13;&lt;/span&gt;&lt;/code&gt;&lt;/li&gt;
&lt;li&gt;&lt;code&gt;&lt;span style="color: var(--highlight-keyword)"&gt;&amp;nbsp;&amp;nbsp;&amp;nbsp;&amp;nbsp;&amp;nbsp;&amp;nbsp;&amp;nbsp;&amp;nbsp;&lt;/span&gt;&lt;span style="color: var(--highlight-comment)"&gt;//&amp;nbsp;May&amp;nbsp;redirect&amp;nbsp;to&amp;nbsp;dashboard&amp;nbsp;for&amp;nbsp;authenticated&amp;nbsp;users&#13;&lt;/span&gt;&lt;/code&gt;&lt;/li&gt;
&lt;li&gt;&lt;code&gt;&lt;span style="color: var(--highlight-comment)"&gt;&amp;nbsp;&amp;nbsp;&amp;nbsp;&amp;nbsp;&amp;nbsp;&amp;nbsp;&amp;nbsp;&amp;nbsp;&lt;/span&gt;&lt;span style="color: var(--highlight-keyword)"&gt;if&amp;nbsp;(&lt;/span&gt;&lt;span style="color: var(--highlight-default)"&gt;self&lt;/span&gt;&lt;span style="color: var(--highlight-keyword)"&gt;::&lt;/span&gt;&lt;span style="color: var(--highlight-default)"&gt;$client&lt;/span&gt;&lt;span style="color: var(--highlight-keyword)"&gt;-&amp;gt;&lt;/span&gt;&lt;span style="color: var(--highlight-default)"&gt;getResponse&lt;/span&gt;&lt;span style="color: var(--highlight-keyword)"&gt;()-&amp;gt;&lt;/span&gt;&lt;span style="color: var(--highlight-default)"&gt;isRedirect&lt;/span&gt;&lt;span style="color: var(--highlight-keyword)"&gt;())&amp;nbsp;{&#13;&lt;/span&gt;&lt;/code&gt;&lt;/li&gt;
&lt;li class="selected"&gt;&lt;code&gt;&lt;span style="color: var(--highlight-keyword)"&gt;&amp;nbsp;&amp;nbsp;&amp;nbsp;&amp;nbsp;&amp;nbsp;&amp;nbsp;&amp;nbsp;&amp;nbsp;&amp;nbsp;&amp;nbsp;&amp;nbsp;&amp;nbsp;&lt;/span&gt;&lt;span style="color: var(--highlight-default)"&gt;self&lt;/span&gt;&lt;span style="color: var(--highlight-keyword)"&gt;::&lt;/span&gt;&lt;span style="color: var(--highlight-default)"&gt;$client&lt;/span&gt;&lt;span style="color: var(--highlight-keyword)"&gt;-&amp;gt;&lt;/span&gt;&lt;span style="color: var(--highlight-default)"&gt;followRedirect&lt;/span&gt;&lt;span style="color: var(--highlight-keyword)"&gt;();&#13;&lt;/span&gt;&lt;/code&gt;&lt;/li&gt;
&lt;li&gt;&lt;code&gt;&lt;span style="color: var(--highlight-keyword)"&gt;&amp;nbsp;&amp;nbsp;&amp;nbsp;&amp;nbsp;&amp;nbsp;&amp;nbsp;&amp;nbsp;&amp;nbsp;}&#13;&lt;/span&gt;&lt;/code&gt;&lt;/li&gt;
&lt;li&gt;&lt;code&gt;&lt;span style="color: var(--highlight-keyword)"&gt;&amp;nbsp;&amp;nbsp;&amp;nbsp;&amp;nbsp;&amp;nbsp;&amp;nbsp;&amp;nbsp;&amp;nbsp;&#13;&lt;/span&gt;&lt;/code&gt;&lt;/li&gt;
&lt;li&gt;&lt;code&gt;&lt;span style="color: var(--highlight-keyword)"&gt;&amp;nbsp;&amp;nbsp;&amp;nbsp;&amp;nbsp;&amp;nbsp;&amp;nbsp;&amp;nbsp;&amp;nbsp;&lt;/span&gt;&lt;span style="color: var(--highlight-default)"&gt;$this&lt;/span&gt;&lt;span style="color: var(--highlight-keyword)"&gt;-&amp;gt;&lt;/span&gt;&lt;span style="color: var(--highlight-default)"&gt;assertResponseIsSuccessful&lt;/span&gt;&lt;span style="color: var(--highlight-keyword)"&gt;();&#13;&lt;/span&gt;&lt;/code&gt;&lt;/li&gt;
&lt;li&gt;&lt;code&gt;&lt;span style="color: var(--highlight-keyword)"&gt;&amp;nbsp;&amp;nbsp;&amp;nbsp;&amp;nbsp;&amp;nbsp;&amp;nbsp;&amp;nbsp;&amp;nbsp;&lt;/span&gt;&lt;span style="color: var(--highlight-comment)"&gt;//&amp;nbsp;Check&amp;nbsp;that&amp;nbsp;basic&amp;nbsp;HTML&amp;nbsp;structure&amp;nbsp;exists&#13;&lt;/span&gt;&lt;/code&gt;&lt;/li&gt;
&lt;li&gt;&lt;code&gt;&lt;span style="color: var(--highlight-comment)"&gt;&amp;nbsp;&amp;nbsp;&amp;nbsp;&amp;nbsp;&amp;nbsp;&amp;nbsp;&amp;nbsp;&amp;nbsp;&lt;/span&gt;&lt;span style="color: var(--highlight-default)"&gt;$this&lt;/span&gt;&lt;span style="color: var(--highlight-keyword)"&gt;-&amp;gt;&lt;/span&gt;&lt;span style="color: var(--highlight-default)"&gt;assertSelectorExists&lt;/span&gt;&lt;span style="color: var(--highlight-keyword)"&gt;(&lt;/span&gt;&lt;span style="color: var(--highlight-string)"&gt;'html'&lt;/span&gt;&lt;span style="color: var(--highlight-keyword)"&gt;);&#13;&lt;/span&gt;&lt;/code&gt;&lt;/li&gt;&lt;/ol&gt;    &lt;/div&gt;            &lt;/div&gt;
                        &lt;div class="trace-line "&gt;
                &lt;div class="trace-line-header break-long-words sf-toggle" data-toggle-selector="#trace-html-1-17" data-toggle-initial=""&gt;
            &lt;span class="icon icon-close"&gt;&lt;svg width="1792" height="1792" viewBox="0 0 1792 1792" xmlns="http://www.w3.org/2000/svg"&gt;&lt;path d="M1408 960V832q0-26-19-45t-45-19H448q-26 0-45 19t-19 45v128q0 26 19 45t45 19h896q26 0 45-19t19-45zm256-544v960q0 119-84.5 203.5T1376 1664H416q-119 0-203.5-84.5T128 1376V416q0-119 84.5-203.5T416 128h960q119 0 203.5 84.5T1664 416z"/&gt;&lt;/svg&gt;&lt;/span&gt;
        &lt;span class="icon icon-open"&gt;&lt;svg width="1792" height="1792" viewBox="0 0 1792 1792" xmlns="http://www.w3.org/2000/svg"&gt;&lt;path d="M1408 960V832q0-26-19-45t-45-19h-320V448q0-26-19-45t-45-19H832q-26 0-45 19t-19 45v320H448q-26 0-45 19t-19 45v128q0 26 19 45t45 19h320v320q0 26 19 45t45 19h128q26 0 45-19t19-45v-320h320q26 0 45-19t19-45zm256-544v960q0 119-84.5 203.5T1376 1664H416q-119 0-203.5-84.5T128 1376V416q0-119 84.5-203.5T416 128h960q119 0 203.5 84.5T1664 416z"/&gt;&lt;/svg&gt;&lt;/span&gt;
    
            &lt;span class="trace-class"&gt;&lt;abbr title="App\Tests\Functional\TemplateRenderingTest"&gt;TemplateRenderingTest&lt;/abbr&gt;&lt;/span&gt;&lt;span class="trace-type"&gt;-&gt;&lt;/span&gt;&lt;span class="trace-method"&gt;testBaseLayoutRenders&lt;/span&gt;&lt;span class="trace-arguments"&gt;()&lt;/span&gt;    
                    &lt;span class="block trace-file-path"&gt;
            in
            &lt;a href="file://C:\Users\sliti\Desktop\dev\esprit-PIDEV-3A16-2526-FARMIA\vendor\phpunit\phpunit\src\Framework\TestCase.php#L1617"&gt;
                C:\Users\sliti\Desktop\dev\esprit-PIDEV-3A16-2526-FARMIA\vendor\phpunit\phpunit\src\Framework\&lt;strong&gt;TestCase.php&lt;/strong&gt;
            &lt;/a&gt;
                        (line 1617)
            &lt;span class="icon icon-copy hidden" data-clipboard-text="C:\Users\sliti\Desktop\dev\esprit-PIDEV-3A16-2526-FARMIA\vendor\phpunit\phpunit\src\Framework\TestCase.php:1617"&gt;
                &lt;svg xmlns="http://www.w3.org/2000/svg" height="24" viewBox="0 0 24 24" width="24"&gt;&lt;path d="M0 0h24v24H0z" fill="none"/&gt;&lt;path d="M16 1H4c-1.1 0-2 .9-2 2v14h2V3h12V1zm3 4H8c-1.1 0-2 .9-2 2v14c0 1.1.9 2 2 2h11c1.1 0 2-.9 2-2V7c0-1.1-.9-2-2-2zm0 16H8V7h11v14z"/&gt;&lt;/svg&gt;            &lt;/span&gt;
        &lt;/span&gt;
    &lt;/div&gt;
    &lt;div id="trace-html-1-17" class="trace-code sf-toggle-content"&gt;
        &lt;ol start="1612"&gt;&lt;li&gt;&lt;code&gt;&lt;span style="color: var(--highlight-keyword)"&gt;&amp;nbsp;&amp;nbsp;&amp;nbsp;&amp;nbsp;&amp;nbsp;&amp;nbsp;&amp;nbsp;&amp;nbsp;&lt;/span&gt;&lt;span style="color: var(--highlight-default)"&gt;$testArguments&amp;nbsp;&lt;/span&gt;&lt;span style="color: var(--highlight-keyword)"&gt;=&amp;nbsp;&lt;/span&gt;&lt;span style="color: var(--highlight-default)"&gt;array_merge&lt;/span&gt;&lt;span style="color: var(--highlight-keyword)"&gt;(&lt;/span&gt;&lt;span style="color: var(--highlight-default)"&gt;$this&lt;/span&gt;&lt;span style="color: var(--highlight-keyword)"&gt;-&amp;gt;&lt;/span&gt;&lt;span style="color: var(--highlight-default)"&gt;data&lt;/span&gt;&lt;span style="color: var(--highlight-keyword)"&gt;,&amp;nbsp;&lt;/span&gt;&lt;span style="color: var(--highlight-default)"&gt;$this&lt;/span&gt;&lt;span style="color: var(--highlight-keyword)"&gt;-&amp;gt;&lt;/span&gt;&lt;span style="color: var(--highlight-default)"&gt;dependencyInput&lt;/span&gt;&lt;span style="color: var(--highlight-keyword)"&gt;);&lt;/span&gt;&lt;/code&gt;&lt;/li&gt;
&lt;li&gt;&lt;code&gt;&lt;span style="color: var(--highlight-keyword)"&gt;&lt;/span&gt;&lt;/code&gt;&lt;/li&gt;
&lt;li&gt;&lt;code&gt;&lt;span style="color: var(--highlight-keyword)"&gt;&amp;nbsp;&amp;nbsp;&amp;nbsp;&amp;nbsp;&amp;nbsp;&amp;nbsp;&amp;nbsp;&amp;nbsp;&lt;/span&gt;&lt;span style="color: var(--highlight-default)"&gt;$this&lt;/span&gt;&lt;span style="color: var(--highlight-keyword)"&gt;-&amp;gt;&lt;/span&gt;&lt;span style="color: var(--highlight-default)"&gt;registerMockObjectsFromTestArguments&lt;/span&gt;&lt;span style="color: var(--highlight-keyword)"&gt;(&lt;/span&gt;&lt;span style="color: var(--highlight-default)"&gt;$testArguments&lt;/span&gt;&lt;span style="color: var(--highlight-keyword)"&gt;);&lt;/span&gt;&lt;/code&gt;&lt;/li&gt;
&lt;li&gt;&lt;code&gt;&lt;span style="color: var(--highlight-keyword)"&gt;&lt;/span&gt;&lt;/code&gt;&lt;/li&gt;
&lt;li&gt;&lt;code&gt;&lt;span style="color: var(--highlight-keyword)"&gt;&amp;nbsp;&amp;nbsp;&amp;nbsp;&amp;nbsp;&amp;nbsp;&amp;nbsp;&amp;nbsp;&amp;nbsp;try&amp;nbsp;{&lt;/span&gt;&lt;/code&gt;&lt;/li&gt;
&lt;li class="selected"&gt;&lt;code&gt;&lt;span style="color: var(--highlight-keyword)"&gt;&amp;nbsp;&amp;nbsp;&amp;nbsp;&amp;nbsp;&amp;nbsp;&amp;nbsp;&amp;nbsp;&amp;nbsp;&amp;nbsp;&amp;nbsp;&amp;nbsp;&amp;nbsp;&lt;/span&gt;&lt;span style="color: var(--highlight-default)"&gt;$testResult&amp;nbsp;&lt;/span&gt;&lt;span style="color: var(--highlight-keyword)"&gt;=&amp;nbsp;&lt;/span&gt;&lt;span style="color: var(--highlight-default)"&gt;$this&lt;/span&gt;&lt;span style="color: var(--highlight-keyword)"&gt;-&amp;gt;{&lt;/span&gt;&lt;span style="color: var(--highlight-default)"&gt;$this&lt;/span&gt;&lt;span style="color: var(--highlight-keyword)"&gt;-&amp;gt;&lt;/span&gt;&lt;span style="color: var(--highlight-default)"&gt;name&lt;/span&gt;&lt;span style="color: var(--highlight-keyword)"&gt;}(...&lt;/span&gt;&lt;span style="color: var(--highlight-default)"&gt;array_values&lt;/span&gt;&lt;span style="color: var(--highlight-keyword)"&gt;(&lt;/span&gt;&lt;span style="color: var(--highlight-default)"&gt;$testArguments&lt;/span&gt;&lt;span style="color: var(--highlight-keyword)"&gt;));&lt;/span&gt;&lt;/code&gt;&lt;/li&gt;
&lt;li&gt;&lt;code&gt;&lt;span style="color: var(--highlight-keyword)"&gt;&amp;nbsp;&amp;nbsp;&amp;nbsp;&amp;nbsp;&amp;nbsp;&amp;nbsp;&amp;nbsp;&amp;nbsp;}&amp;nbsp;catch&amp;nbsp;(&lt;/span&gt;&lt;span style="color: var(--highlight-default)"&gt;Throwable&amp;nbsp;$exception&lt;/span&gt;&lt;span style="color: var(--highlight-keyword)"&gt;)&amp;nbsp;{&lt;/span&gt;&lt;/code&gt;&lt;/li&gt;
&lt;li&gt;&lt;code&gt;&lt;span style="color: var(--highlight-keyword)"&gt;&amp;nbsp;&amp;nbsp;&amp;nbsp;&amp;nbsp;&amp;nbsp;&amp;nbsp;&amp;nbsp;&amp;nbsp;&amp;nbsp;&amp;nbsp;&amp;nbsp;&amp;nbsp;if&amp;nbsp;(!&lt;/span&gt;&lt;span style="color: var(--highlight-default)"&gt;$this&lt;/span&gt;&lt;span style="color: var(--highlight-keyword)"&gt;-&amp;gt;&lt;/span&gt;&lt;span style="color: var(--highlight-default)"&gt;checkExceptionExpectations&lt;/span&gt;&lt;span style="color: var(--highlight-keyword)"&gt;(&lt;/span&gt;&lt;span style="color: var(--highlight-default)"&gt;$exception&lt;/span&gt;&lt;span style="color: var(--highlight-keyword)"&gt;))&amp;nbsp;{&lt;/span&gt;&lt;/code&gt;&lt;/li&gt;
&lt;li&gt;&lt;code&gt;&lt;span style="color: var(--highlight-keyword)"&gt;&amp;nbsp;&amp;nbsp;&amp;nbsp;&amp;nbsp;&amp;nbsp;&amp;nbsp;&amp;nbsp;&amp;nbsp;&amp;nbsp;&amp;nbsp;&amp;nbsp;&amp;nbsp;&amp;nbsp;&amp;nbsp;&amp;nbsp;&amp;nbsp;throw&amp;nbsp;&lt;/span&gt;&lt;span style="color: var(--highlight-default)"&gt;$exception&lt;/span&gt;&lt;span style="color: var(--highlight-keyword)"&gt;;&lt;/span&gt;&lt;/code&gt;&lt;/li&gt;
&lt;li&gt;&lt;code&gt;&lt;span style="color: var(--highlight-keyword)"&gt;&amp;nbsp;&amp;nbsp;&amp;nbsp;&amp;nbsp;&amp;nbsp;&amp;nbsp;&amp;nbsp;&amp;nbsp;&amp;nbsp;&amp;nbsp;&amp;nbsp;&amp;nbsp;}&lt;/span&gt;&lt;/code&gt;&lt;/li&gt;
&lt;li&gt;&lt;code&gt;&lt;span style="color: var(--highlight-keyword)"&gt;&lt;/span&gt;&lt;/code&gt;&lt;/li&gt;&lt;/ol&gt;    &lt;/div&gt;            &lt;/div&gt;
                        &lt;div class="trace-line "&gt;
                &lt;div class="trace-line-header break-long-words sf-toggle" data-toggle-selector="#trace-html-1-18" data-toggle-initial=""&gt;
            &lt;span class="icon icon-close"&gt;&lt;svg width="1792" height="1792" viewBox="0 0 1792 1792" xmlns="http://www.w3.org/2000/svg"&gt;&lt;path d="M1408 960V832q0-26-19-45t-45-19H448q-26 0-45 19t-19 45v128q0 26 19 45t45 19h896q26 0 45-19t19-45zm256-544v960q0 119-84.5 203.5T1376 1664H416q-119 0-203.5-84.5T128 1376V416q0-119 84.5-203.5T416 128h960q119 0 203.5 84.5T1664 416z"/&gt;&lt;/svg&gt;&lt;/span&gt;
        &lt;span class="icon icon-open"&gt;&lt;svg width="1792" height="1792" viewBox="0 0 1792 1792" xmlns="http://www.w3.org/2000/svg"&gt;&lt;path d="M1408 960V832q0-26-19-45t-45-19h-320V448q0-26-19-45t-45-19H832q-26 0-45 19t-19 45v320H448q-26 0-45 19t-19 45v128q0 26 19 45t45 19h320v320q0 26 19 45t45 19h128q26 0 45-19t19-45v-320h320q26 0 45-19t19-45zm256-544v960q0 119-84.5 203.5T1376 1664H416q-119 0-203.5-84.5T128 1376V416q0-119 84.5-203.5T416 128h960q119 0 203.5 84.5T1664 416z"/&gt;&lt;/svg&gt;&lt;/span&gt;
    
            &lt;span class="trace-class"&gt;&lt;abbr title="PHPUnit\Framework\TestCase"&gt;TestCase&lt;/abbr&gt;&lt;/span&gt;&lt;span class="trace-type"&gt;-&gt;&lt;/span&gt;&lt;span class="trace-method"&gt;runTest&lt;/span&gt;&lt;span class="trace-arguments"&gt;()&lt;/span&gt;    
                    &lt;span class="block trace-file-path"&gt;
            in
            &lt;a href="file://C:\Users\sliti\Desktop\dev\esprit-PIDEV-3A16-2526-FARMIA\vendor\phpunit\phpunit\src\Framework\TestCase.php#L1223"&gt;
                C:\Users\sliti\Desktop\dev\esprit-PIDEV-3A16-2526-FARMIA\vendor\phpunit\phpunit\src\Framework\&lt;strong&gt;TestCase.php&lt;/strong&gt;
            &lt;/a&gt;
                        (line 1223)
            &lt;span class="icon icon-copy hidden" data-clipboard-text="C:\Users\sliti\Desktop\dev\esprit-PIDEV-3A16-2526-FARMIA\vendor\phpunit\phpunit\src\Framework\TestCase.php:1223"&gt;
                &lt;svg xmlns="http://www.w3.org/2000/svg" height="24" viewBox="0 0 24 24" width="24"&gt;&lt;path d="M0 0h24v24H0z" fill="none"/&gt;&lt;path d="M16 1H4c-1.1 0-2 .9-2 2v14h2V3h12V1zm3 4H8c-1.1 0-2 .9-2 2v14c0 1.1.9 2 2 2h11c1.1 0 2-.9 2-2V7c0-1.1-.9-2-2-2zm0 16H8V7h11v14z"/&gt;&lt;/svg&gt;            &lt;/span&gt;
        &lt;/span&gt;
    &lt;/div&gt;
    &lt;div id="trace-html-1-18" class="trace-code sf-toggle-content"&gt;
        &lt;ol start="1218"&gt;&lt;li&gt;&lt;code&gt;&lt;span style="color: var(--highlight-keyword)"&gt;&lt;/span&gt;&lt;/code&gt;&lt;/li&gt;
&lt;li&gt;&lt;code&gt;&lt;span style="color: var(--highlight-keyword)"&gt;&amp;nbsp;&amp;nbsp;&amp;nbsp;&amp;nbsp;&amp;nbsp;&amp;nbsp;&amp;nbsp;&amp;nbsp;&amp;nbsp;&amp;nbsp;&amp;nbsp;&amp;nbsp;foreach&amp;nbsp;(&lt;/span&gt;&lt;span style="color: var(--highlight-default)"&gt;$hookMethods&lt;/span&gt;&lt;span style="color: var(--highlight-keyword)"&gt;[&lt;/span&gt;&lt;span style="color: var(--highlight-string)"&gt;'preCondition'&lt;/span&gt;&lt;span style="color: var(--highlight-keyword)"&gt;]&amp;nbsp;as&amp;nbsp;&lt;/span&gt;&lt;span style="color: var(--highlight-default)"&gt;$method&lt;/span&gt;&lt;span style="color: var(--highlight-keyword)"&gt;)&amp;nbsp;{&lt;/span&gt;&lt;/code&gt;&lt;/li&gt;
&lt;li&gt;&lt;code&gt;&lt;span style="color: var(--highlight-keyword)"&gt;&amp;nbsp;&amp;nbsp;&amp;nbsp;&amp;nbsp;&amp;nbsp;&amp;nbsp;&amp;nbsp;&amp;nbsp;&amp;nbsp;&amp;nbsp;&amp;nbsp;&amp;nbsp;&amp;nbsp;&amp;nbsp;&amp;nbsp;&amp;nbsp;&lt;/span&gt;&lt;span style="color: var(--highlight-default)"&gt;$this&lt;/span&gt;&lt;span style="color: var(--highlight-keyword)"&gt;-&amp;gt;{&lt;/span&gt;&lt;span style="color: var(--highlight-default)"&gt;$method&lt;/span&gt;&lt;span style="color: var(--highlight-keyword)"&gt;}();&lt;/span&gt;&lt;/code&gt;&lt;/li&gt;
&lt;li&gt;&lt;code&gt;&lt;span style="color: var(--highlight-keyword)"&gt;&amp;nbsp;&amp;nbsp;&amp;nbsp;&amp;nbsp;&amp;nbsp;&amp;nbsp;&amp;nbsp;&amp;nbsp;&amp;nbsp;&amp;nbsp;&amp;nbsp;&amp;nbsp;}&lt;/span&gt;&lt;/code&gt;&lt;/li&gt;
&lt;li&gt;&lt;code&gt;&lt;span style="color: var(--highlight-keyword)"&gt;&lt;/span&gt;&lt;/code&gt;&lt;/li&gt;
&lt;li class="selected"&gt;&lt;code&gt;&lt;span style="color: var(--highlight-keyword)"&gt;&amp;nbsp;&amp;nbsp;&amp;nbsp;&amp;nbsp;&amp;nbsp;&amp;nbsp;&amp;nbsp;&amp;nbsp;&amp;nbsp;&amp;nbsp;&amp;nbsp;&amp;nbsp;&lt;/span&gt;&lt;span style="color: var(--highlight-default)"&gt;$this&lt;/span&gt;&lt;span style="color: var(--highlight-keyword)"&gt;-&amp;gt;&lt;/span&gt;&lt;span style="color: var(--highlight-default)"&gt;testResult&amp;nbsp;&lt;/span&gt;&lt;span style="color: var(--highlight-keyword)"&gt;=&amp;nbsp;&lt;/span&gt;&lt;span style="color: var(--highlight-default)"&gt;$this&lt;/span&gt;&lt;span style="color: var(--highlight-keyword)"&gt;-&amp;gt;&lt;/span&gt;&lt;span style="color: var(--highlight-default)"&gt;runTest&lt;/span&gt;&lt;span style="color: var(--highlight-keyword)"&gt;();&lt;/span&gt;&lt;/code&gt;&lt;/li&gt;
&lt;li&gt;&lt;code&gt;&lt;span style="color: var(--highlight-keyword)"&gt;&amp;nbsp;&amp;nbsp;&amp;nbsp;&amp;nbsp;&amp;nbsp;&amp;nbsp;&amp;nbsp;&amp;nbsp;&amp;nbsp;&amp;nbsp;&amp;nbsp;&amp;nbsp;&lt;/span&gt;&lt;span style="color: var(--highlight-default)"&gt;$this&lt;/span&gt;&lt;span style="color: var(--highlight-keyword)"&gt;-&amp;gt;&lt;/span&gt;&lt;span style="color: var(--highlight-default)"&gt;verifyMockObjects&lt;/span&gt;&lt;span style="color: var(--highlight-keyword)"&gt;();&lt;/span&gt;&lt;/code&gt;&lt;/li&gt;
&lt;li&gt;&lt;code&gt;&lt;span style="color: var(--highlight-keyword)"&gt;&lt;/span&gt;&lt;/code&gt;&lt;/li&gt;
&lt;li&gt;&lt;code&gt;&lt;span style="color: var(--highlight-keyword)"&gt;&amp;nbsp;&amp;nbsp;&amp;nbsp;&amp;nbsp;&amp;nbsp;&amp;nbsp;&amp;nbsp;&amp;nbsp;&amp;nbsp;&amp;nbsp;&amp;nbsp;&amp;nbsp;foreach&amp;nbsp;(&lt;/span&gt;&lt;span style="color: var(--highlight-default)"&gt;$hookMethods&lt;/span&gt;&lt;span style="color: var(--highlight-keyword)"&gt;[&lt;/span&gt;&lt;span style="color: var(--highlight-string)"&gt;'postCondition'&lt;/span&gt;&lt;span style="color: var(--highlight-keyword)"&gt;]&amp;nbsp;as&amp;nbsp;&lt;/span&gt;&lt;span style="color: var(--highlight-default)"&gt;$method&lt;/span&gt;&lt;span style="color: var(--highlight-keyword)"&gt;)&amp;nbsp;{&lt;/span&gt;&lt;/code&gt;&lt;/li&gt;
&lt;li&gt;&lt;code&gt;&lt;span style="color: var(--highlight-keyword)"&gt;&amp;nbsp;&amp;nbsp;&amp;nbsp;&amp;nbsp;&amp;nbsp;&amp;nbsp;&amp;nbsp;&amp;nbsp;&amp;nbsp;&amp;nbsp;&amp;nbsp;&amp;nbsp;&amp;nbsp;&amp;nbsp;&amp;nbsp;&amp;nbsp;&lt;/span&gt;&lt;span style="color: var(--highlight-default)"&gt;$this&lt;/span&gt;&lt;span style="color: var(--highlight-keyword)"&gt;-&amp;gt;{&lt;/span&gt;&lt;span style="color: var(--highlight-default)"&gt;$method&lt;/span&gt;&lt;span style="color: var(--highlight-keyword)"&gt;}();&lt;/span&gt;&lt;/code&gt;&lt;/li&gt;
&lt;li&gt;&lt;code&gt;&lt;span style="color: var(--highlight-keyword)"&gt;&amp;nbsp;&amp;nbsp;&amp;nbsp;&amp;nbsp;&amp;nbsp;&amp;nbsp;&amp;nbsp;&amp;nbsp;&amp;nbsp;&amp;nbsp;&amp;nbsp;&amp;nbsp;}&lt;/span&gt;&lt;/code&gt;&lt;/li&gt;&lt;/ol&gt;    &lt;/div&gt;            &lt;/div&gt;
                        &lt;div class="trace-line "&gt;
                &lt;div class="trace-line-header break-long-words sf-toggle" data-toggle-selector="#trace-html-1-19" data-toggle-initial=""&gt;
            &lt;span class="icon icon-close"&gt;&lt;svg width="1792" height="1792" viewBox="0 0 1792 1792" xmlns="http://www.w3.org/2000/svg"&gt;&lt;path d="M1408 960V832q0-26-19-45t-45-19H448q-26 0-45 19t-19 45v128q0 26 19 45t45 19h896q26 0 45-19t19-45zm256-544v960q0 119-84.5 203.5T1376 1664H416q-119 0-203.5-84.5T128 1376V416q0-119 84.5-203.5T416 128h960q119 0 203.5 84.5T1664 416z"/&gt;&lt;/svg&gt;&lt;/span&gt;
        &lt;span class="icon icon-open"&gt;&lt;svg width="1792" height="1792" viewBox="0 0 1792 1792" xmlns="http://www.w3.org/2000/svg"&gt;&lt;path d="M1408 960V832q0-26-19-45t-45-19h-320V448q0-26-19-45t-45-19H832q-26 0-45 19t-19 45v320H448q-26 0-45 19t-19 45v128q0 26 19 45t45 19h320v320q0 26 19 45t45 19h128q26 0 45-19t19-45v-320h320q26 0 45-19t19-45zm256-544v960q0 119-84.5 203.5T1376 1664H416q-119 0-203.5-84.5T128 1376V416q0-119 84.5-203.5T416 128h960q119 0 203.5 84.5T1664 416z"/&gt;&lt;/svg&gt;&lt;/span&gt;
    
            &lt;span class="trace-class"&gt;&lt;abbr title="PHPUnit\Framework\TestCase"&gt;TestCase&lt;/abbr&gt;&lt;/span&gt;&lt;span class="trace-type"&gt;-&gt;&lt;/span&gt;&lt;span class="trace-method"&gt;runBare&lt;/span&gt;&lt;span class="trace-arguments"&gt;()&lt;/span&gt;    
                    &lt;span class="block trace-file-path"&gt;
            in
            &lt;a href="file://C:\Users\sliti\Desktop\dev\esprit-PIDEV-3A16-2526-FARMIA\vendor\phpunit\phpunit\src\Framework\TestResult.php#L729"&gt;
                C:\Users\sliti\Desktop\dev\esprit-PIDEV-3A16-2526-FARMIA\vendor\phpunit\phpunit\src\Framework\&lt;strong&gt;TestResult.php&lt;/strong&gt;
            &lt;/a&gt;
                        (line 729)
            &lt;span class="icon icon-copy hidden" data-clipboard-text="C:\Users\sliti\Desktop\dev\esprit-PIDEV-3A16-2526-FARMIA\vendor\phpunit\phpunit\src\Framework\TestResult.php:729"&gt;
                &lt;svg xmlns="http://www.w3.org/2000/svg" height="24" viewBox="0 0 24 24" width="24"&gt;&lt;path d="M0 0h24v24H0z" fill="none"/&gt;&lt;path d="M16 1H4c-1.1 0-2 .9-2 2v14h2V3h12V1zm3 4H8c-1.1 0-2 .9-2 2v14c0 1.1.9 2 2 2h11c1.1 0 2-.9 2-2V7c0-1.1-.9-2-2-2zm0 16H8V7h11v14z"/&gt;&lt;/svg&gt;            &lt;/span&gt;
        &lt;/span&gt;
    &lt;/div&gt;
    &lt;div id="trace-html-1-19" class="trace-code sf-toggle-content"&gt;
        &lt;ol start="724"&gt;&lt;li&gt;&lt;code&gt;&lt;span style="color: var(--highlight-keyword)"&gt;&amp;nbsp;&amp;nbsp;&amp;nbsp;&amp;nbsp;&amp;nbsp;&amp;nbsp;&amp;nbsp;&amp;nbsp;&amp;nbsp;&amp;nbsp;&amp;nbsp;&amp;nbsp;&amp;nbsp;&amp;nbsp;&amp;nbsp;&amp;nbsp;&amp;nbsp;&amp;nbsp;&amp;nbsp;&amp;nbsp;&amp;nbsp;&amp;nbsp;&amp;nbsp;&amp;nbsp;&lt;/span&gt;&lt;span style="color: var(--highlight-default)"&gt;$_timeout&amp;nbsp;&lt;/span&gt;&lt;span style="color: var(--highlight-keyword)"&gt;=&amp;nbsp;&lt;/span&gt;&lt;span style="color: var(--highlight-default)"&gt;$this&lt;/span&gt;&lt;span style="color: var(--highlight-keyword)"&gt;-&amp;gt;&lt;/span&gt;&lt;span style="color: var(--highlight-default)"&gt;defaultTimeLimit&lt;/span&gt;&lt;span style="color: var(--highlight-keyword)"&gt;;&lt;/span&gt;&lt;/code&gt;&lt;/li&gt;
&lt;li&gt;&lt;code&gt;&lt;span style="color: var(--highlight-keyword)"&gt;&amp;nbsp;&amp;nbsp;&amp;nbsp;&amp;nbsp;&amp;nbsp;&amp;nbsp;&amp;nbsp;&amp;nbsp;&amp;nbsp;&amp;nbsp;&amp;nbsp;&amp;nbsp;&amp;nbsp;&amp;nbsp;&amp;nbsp;&amp;nbsp;}&lt;/span&gt;&lt;/code&gt;&lt;/li&gt;
&lt;li&gt;&lt;code&gt;&lt;span style="color: var(--highlight-keyword)"&gt;&lt;/span&gt;&lt;/code&gt;&lt;/li&gt;
&lt;li&gt;&lt;code&gt;&lt;span style="color: var(--highlight-keyword)"&gt;&amp;nbsp;&amp;nbsp;&amp;nbsp;&amp;nbsp;&amp;nbsp;&amp;nbsp;&amp;nbsp;&amp;nbsp;&amp;nbsp;&amp;nbsp;&amp;nbsp;&amp;nbsp;&amp;nbsp;&amp;nbsp;&amp;nbsp;&amp;nbsp;&lt;/span&gt;&lt;span style="color: var(--highlight-default)"&gt;$invoker&lt;/span&gt;&lt;span style="color: var(--highlight-keyword)"&gt;-&amp;gt;&lt;/span&gt;&lt;span style="color: var(--highlight-default)"&gt;invoke&lt;/span&gt;&lt;span style="color: var(--highlight-keyword)"&gt;([&lt;/span&gt;&lt;span style="color: var(--highlight-default)"&gt;$test&lt;/span&gt;&lt;span style="color: var(--highlight-keyword)"&gt;,&amp;nbsp;&lt;/span&gt;&lt;span style="color: var(--highlight-string)"&gt;'runBare'&lt;/span&gt;&lt;span style="color: var(--highlight-keyword)"&gt;],&amp;nbsp;[],&amp;nbsp;&lt;/span&gt;&lt;span style="color: var(--highlight-default)"&gt;$_timeout&lt;/span&gt;&lt;span style="color: var(--highlight-keyword)"&gt;);&lt;/span&gt;&lt;/code&gt;&lt;/li&gt;
&lt;li&gt;&lt;code&gt;&lt;span style="color: var(--highlight-keyword)"&gt;&amp;nbsp;&amp;nbsp;&amp;nbsp;&amp;nbsp;&amp;nbsp;&amp;nbsp;&amp;nbsp;&amp;nbsp;&amp;nbsp;&amp;nbsp;&amp;nbsp;&amp;nbsp;}&amp;nbsp;else&amp;nbsp;{&lt;/span&gt;&lt;/code&gt;&lt;/li&gt;
&lt;li class="selected"&gt;&lt;code&gt;&lt;span style="color: var(--highlight-keyword)"&gt;&amp;nbsp;&amp;nbsp;&amp;nbsp;&amp;nbsp;&amp;nbsp;&amp;nbsp;&amp;nbsp;&amp;nbsp;&amp;nbsp;&amp;nbsp;&amp;nbsp;&amp;nbsp;&amp;nbsp;&amp;nbsp;&amp;nbsp;&amp;nbsp;&lt;/span&gt;&lt;span style="color: var(--highlight-default)"&gt;$test&lt;/span&gt;&lt;span style="color: var(--highlight-keyword)"&gt;-&amp;gt;&lt;/span&gt;&lt;span style="color: var(--highlight-default)"&gt;runBare&lt;/span&gt;&lt;span style="color: var(--highlight-keyword)"&gt;();&lt;/span&gt;&lt;/code&gt;&lt;/li&gt;
&lt;li&gt;&lt;code&gt;&lt;span style="color: var(--highlight-keyword)"&gt;&amp;nbsp;&amp;nbsp;&amp;nbsp;&amp;nbsp;&amp;nbsp;&amp;nbsp;&amp;nbsp;&amp;nbsp;&amp;nbsp;&amp;nbsp;&amp;nbsp;&amp;nbsp;}&lt;/span&gt;&lt;/code&gt;&lt;/li&gt;
&lt;li&gt;&lt;code&gt;&lt;span style="color: var(--highlight-keyword)"&gt;&amp;nbsp;&amp;nbsp;&amp;nbsp;&amp;nbsp;&amp;nbsp;&amp;nbsp;&amp;nbsp;&amp;nbsp;}&amp;nbsp;catch&amp;nbsp;(&lt;/span&gt;&lt;span style="color: var(--highlight-default)"&gt;TimeoutException&amp;nbsp;$e&lt;/span&gt;&lt;span style="color: var(--highlight-keyword)"&gt;)&amp;nbsp;{&lt;/span&gt;&lt;/code&gt;&lt;/li&gt;
&lt;li&gt;&lt;code&gt;&lt;span style="color: var(--highlight-keyword)"&gt;&amp;nbsp;&amp;nbsp;&amp;nbsp;&amp;nbsp;&amp;nbsp;&amp;nbsp;&amp;nbsp;&amp;nbsp;&amp;nbsp;&amp;nbsp;&amp;nbsp;&amp;nbsp;&lt;/span&gt;&lt;span style="color: var(--highlight-default)"&gt;$this&lt;/span&gt;&lt;span style="color: var(--highlight-keyword)"&gt;-&amp;gt;&lt;/span&gt;&lt;span style="color: var(--highlight-default)"&gt;addFailure&lt;/span&gt;&lt;span style="color: var(--highlight-keyword)"&gt;(&lt;/span&gt;&lt;/code&gt;&lt;/li&gt;
&lt;li&gt;&lt;code&gt;&lt;span style="color: var(--highlight-keyword)"&gt;&amp;nbsp;&amp;nbsp;&amp;nbsp;&amp;nbsp;&amp;nbsp;&amp;nbsp;&amp;nbsp;&amp;nbsp;&amp;nbsp;&amp;nbsp;&amp;nbsp;&amp;nbsp;&amp;nbsp;&amp;nbsp;&amp;nbsp;&amp;nbsp;&lt;/span&gt;&lt;span style="color: var(--highlight-default)"&gt;$test&lt;/span&gt;&lt;span style="color: var(--highlight-keyword)"&gt;,&lt;/span&gt;&lt;/code&gt;&lt;/li&gt;
&lt;li&gt;&lt;code&gt;&lt;span style="color: var(--highlight-keyword)"&gt;&amp;nbsp;&amp;nbsp;&amp;nbsp;&amp;nbsp;&amp;nbsp;&amp;nbsp;&amp;nbsp;&amp;nbsp;&amp;nbsp;&amp;nbsp;&amp;nbsp;&amp;nbsp;&amp;nbsp;&amp;nbsp;&amp;nbsp;&amp;nbsp;new&amp;nbsp;&lt;/span&gt;&lt;span style="color: var(--highlight-default)"&gt;RiskyTestError&lt;/span&gt;&lt;span style="color: var(--highlight-keyword)"&gt;(&lt;/span&gt;&lt;/code&gt;&lt;/li&gt;&lt;/ol&gt;    &lt;/div&gt;            &lt;/div&gt;
                        &lt;div class="trace-line "&gt;
                &lt;div class="trace-line-header break-long-words sf-toggle" data-toggle-selector="#trace-html-1-20" data-toggle-initial=""&gt;
            &lt;span class="icon icon-close"&gt;&lt;svg width="1792" height="1792" viewBox="0 0 1792 1792" xmlns="http://www.w3.org/2000/svg"&gt;&lt;path d="M1408 960V832q0-26-19-45t-45-19H448q-26 0-45 19t-19 45v128q0 26 19 45t45 19h896q26 0 45-19t19-45zm256-544v960q0 119-84.5 203.5T1376 1664H416q-119 0-203.5-84.5T128 1376V416q0-119 84.5-203.5T416 128h960q119 0 203.5 84.5T1664 416z"/&gt;&lt;/svg&gt;&lt;/span&gt;
        &lt;span class="icon icon-open"&gt;&lt;svg width="1792" height="1792" viewBox="0 0 1792 1792" xmlns="http://www.w3.org/2000/svg"&gt;&lt;path d="M1408 960V832q0-26-19-45t-45-19h-320V448q0-26-19-45t-45-19H832q-26 0-45 19t-19 45v320H448q-26 0-45 19t-19 45v128q0 26 19 45t45 19h320v320q0 26 19 45t45 19h128q26 0 45-19t19-45v-320h320q26 0 45-19t19-45zm256-544v960q0 119-84.5 203.5T1376 1664H416q-119 0-203.5-84.5T128 1376V416q0-119 84.5-203.5T416 128h960q119 0 203.5 84.5T1664 416z"/&gt;&lt;/svg&gt;&lt;/span&gt;
    
            &lt;span class="trace-class"&gt;&lt;abbr title="PHPUnit\Framework\TestResult"&gt;TestResult&lt;/abbr&gt;&lt;/span&gt;&lt;span class="trace-type"&gt;-&gt;&lt;/span&gt;&lt;span class="trace-method"&gt;run&lt;/span&gt;&lt;span class="trace-arguments"&gt;(&lt;em&gt;object&lt;/em&gt;(&lt;abbr title="App\Tests\Functional\TemplateRenderingTest"&gt;TemplateRenderingTest&lt;/abbr&gt;))&lt;/span&gt;    
                    &lt;span class="block trace-file-path"&gt;
            in
            &lt;a href="file://C:\Users\sliti\Desktop\dev\esprit-PIDEV-3A16-2526-FARMIA\vendor\phpunit\phpunit\src\Framework\TestCase.php#L973"&gt;
                C:\Users\sliti\Desktop\dev\esprit-PIDEV-3A16-2526-FARMIA\vendor\phpunit\phpunit\src\Framework\&lt;strong&gt;TestCase.php&lt;/strong&gt;
            &lt;/a&gt;
                        (line 973)
            &lt;span class="icon icon-copy hidden" data-clipboard-text="C:\Users\sliti\Desktop\dev\esprit-PIDEV-3A16-2526-FARMIA\vendor\phpunit\phpunit\src\Framework\TestCase.php:973"&gt;
                &lt;svg xmlns="http://www.w3.org/2000/svg" height="24" viewBox="0 0 24 24" width="24"&gt;&lt;path d="M0 0h24v24H0z" fill="none"/&gt;&lt;path d="M16 1H4c-1.1 0-2 .9-2 2v14h2V3h12V1zm3 4H8c-1.1 0-2 .9-2 2v14c0 1.1.9 2 2 2h11c1.1 0 2-.9 2-2V7c0-1.1-.9-2-2-2zm0 16H8V7h11v14z"/&gt;&lt;/svg&gt;            &lt;/span&gt;
        &lt;/span&gt;
    &lt;/div&gt;
    &lt;div id="trace-html-1-20" class="trace-code sf-toggle-content"&gt;
        &lt;ol start="968"&gt;&lt;li&gt;&lt;code&gt;&lt;span style="color: var(--highlight-keyword)"&gt;&amp;nbsp;&amp;nbsp;&amp;nbsp;&amp;nbsp;&amp;nbsp;&amp;nbsp;&amp;nbsp;&amp;nbsp;&amp;nbsp;&amp;nbsp;&amp;nbsp;&amp;nbsp;&lt;/span&gt;&lt;span style="color: var(--highlight-default)"&gt;$template&lt;/span&gt;&lt;span style="color: var(--highlight-keyword)"&gt;-&amp;gt;&lt;/span&gt;&lt;span style="color: var(--highlight-default)"&gt;setVar&lt;/span&gt;&lt;span style="color: var(--highlight-keyword)"&gt;(&lt;/span&gt;&lt;span style="color: var(--highlight-default)"&gt;$var&lt;/span&gt;&lt;span style="color: var(--highlight-keyword)"&gt;);&lt;/span&gt;&lt;/code&gt;&lt;/li&gt;
&lt;li&gt;&lt;code&gt;&lt;span style="color: var(--highlight-keyword)"&gt;&lt;/span&gt;&lt;/code&gt;&lt;/li&gt;
&lt;li&gt;&lt;code&gt;&lt;span style="color: var(--highlight-keyword)"&gt;&amp;nbsp;&amp;nbsp;&amp;nbsp;&amp;nbsp;&amp;nbsp;&amp;nbsp;&amp;nbsp;&amp;nbsp;&amp;nbsp;&amp;nbsp;&amp;nbsp;&amp;nbsp;&lt;/span&gt;&lt;span style="color: var(--highlight-default)"&gt;$php&amp;nbsp;&lt;/span&gt;&lt;span style="color: var(--highlight-keyword)"&gt;=&amp;nbsp;&lt;/span&gt;&lt;span style="color: var(--highlight-default)"&gt;AbstractPhpProcess&lt;/span&gt;&lt;span style="color: var(--highlight-keyword)"&gt;::&lt;/span&gt;&lt;span style="color: var(--highlight-default)"&gt;factory&lt;/span&gt;&lt;span style="color: var(--highlight-keyword)"&gt;();&lt;/span&gt;&lt;/code&gt;&lt;/li&gt;
&lt;li&gt;&lt;code&gt;&lt;span style="color: var(--highlight-keyword)"&gt;&amp;nbsp;&amp;nbsp;&amp;nbsp;&amp;nbsp;&amp;nbsp;&amp;nbsp;&amp;nbsp;&amp;nbsp;&amp;nbsp;&amp;nbsp;&amp;nbsp;&amp;nbsp;&lt;/span&gt;&lt;span style="color: var(--highlight-default)"&gt;$php&lt;/span&gt;&lt;span style="color: var(--highlight-keyword)"&gt;-&amp;gt;&lt;/span&gt;&lt;span style="color: var(--highlight-default)"&gt;runTestJob&lt;/span&gt;&lt;span style="color: var(--highlight-keyword)"&gt;(&lt;/span&gt;&lt;span style="color: var(--highlight-default)"&gt;$template&lt;/span&gt;&lt;span style="color: var(--highlight-keyword)"&gt;-&amp;gt;&lt;/span&gt;&lt;span style="color: var(--highlight-default)"&gt;render&lt;/span&gt;&lt;span style="color: var(--highlight-keyword)"&gt;(),&amp;nbsp;&lt;/span&gt;&lt;span style="color: var(--highlight-default)"&gt;$this&lt;/span&gt;&lt;span style="color: var(--highlight-keyword)"&gt;,&amp;nbsp;&lt;/span&gt;&lt;span style="color: var(--highlight-default)"&gt;$result&lt;/span&gt;&lt;span style="color: var(--highlight-keyword)"&gt;,&amp;nbsp;&lt;/span&gt;&lt;span style="color: var(--highlight-default)"&gt;$processResultFile&lt;/span&gt;&lt;span style="color: var(--highlight-keyword)"&gt;);&lt;/span&gt;&lt;/code&gt;&lt;/li&gt;
&lt;li&gt;&lt;code&gt;&lt;span style="color: var(--highlight-keyword)"&gt;&amp;nbsp;&amp;nbsp;&amp;nbsp;&amp;nbsp;&amp;nbsp;&amp;nbsp;&amp;nbsp;&amp;nbsp;}&amp;nbsp;else&amp;nbsp;{&lt;/span&gt;&lt;/code&gt;&lt;/li&gt;
&lt;li class="selected"&gt;&lt;code&gt;&lt;span style="color: var(--highlight-keyword)"&gt;&amp;nbsp;&amp;nbsp;&amp;nbsp;&amp;nbsp;&amp;nbsp;&amp;nbsp;&amp;nbsp;&amp;nbsp;&amp;nbsp;&amp;nbsp;&amp;nbsp;&amp;nbsp;&lt;/span&gt;&lt;span style="color: var(--highlight-default)"&gt;$result&lt;/span&gt;&lt;span style="color: var(--highlight-keyword)"&gt;-&amp;gt;&lt;/span&gt;&lt;span style="color: var(--highlight-default)"&gt;run&lt;/span&gt;&lt;span style="color: var(--highlight-keyword)"&gt;(&lt;/span&gt;&lt;span style="color: var(--highlight-default)"&gt;$this&lt;/span&gt;&lt;span style="color: var(--highlight-keyword)"&gt;);&lt;/span&gt;&lt;/code&gt;&lt;/li&gt;
&lt;li&gt;&lt;code&gt;&lt;span style="color: var(--highlight-keyword)"&gt;&amp;nbsp;&amp;nbsp;&amp;nbsp;&amp;nbsp;&amp;nbsp;&amp;nbsp;&amp;nbsp;&amp;nbsp;}&lt;/span&gt;&lt;/code&gt;&lt;/li&gt;
&lt;li&gt;&lt;code&gt;&lt;span style="color: var(--highlight-keyword)"&gt;&lt;/span&gt;&lt;/code&gt;&lt;/li&gt;
&lt;li&gt;&lt;code&gt;&lt;span style="color: var(--highlight-keyword)"&gt;&amp;nbsp;&amp;nbsp;&amp;nbsp;&amp;nbsp;&amp;nbsp;&amp;nbsp;&amp;nbsp;&amp;nbsp;&lt;/span&gt;&lt;span style="color: var(--highlight-default)"&gt;$this&lt;/span&gt;&lt;span style="color: var(--highlight-keyword)"&gt;-&amp;gt;&lt;/span&gt;&lt;span style="color: var(--highlight-default)"&gt;result&amp;nbsp;&lt;/span&gt;&lt;span style="color: var(--highlight-keyword)"&gt;=&amp;nbsp;&lt;/span&gt;&lt;span style="color: var(--highlight-default)"&gt;null&lt;/span&gt;&lt;span style="color: var(--highlight-keyword)"&gt;;&lt;/span&gt;&lt;/code&gt;&lt;/li&gt;
&lt;li&gt;&lt;code&gt;&lt;span style="color: var(--highlight-keyword)"&gt;&lt;/span&gt;&lt;/code&gt;&lt;/li&gt;
&lt;li&gt;&lt;code&gt;&lt;span style="color: var(--highlight-keyword)"&gt;&amp;nbsp;&amp;nbsp;&amp;nbsp;&amp;nbsp;&amp;nbsp;&amp;nbsp;&amp;nbsp;&amp;nbsp;return&amp;nbsp;&lt;/span&gt;&lt;span style="color: var(--highlight-default)"&gt;$result&lt;/span&gt;&lt;span style="color: var(--highlight-keyword)"&gt;;&lt;/span&gt;&lt;/code&gt;&lt;/li&gt;&lt;/ol&gt;    &lt;/div&gt;            &lt;/div&gt;
                        &lt;div class="trace-line "&gt;
                &lt;div class="trace-line-header break-long-words sf-toggle" data-toggle-selector="#trace-html-1-21" data-toggle-initial=""&gt;
            &lt;span class="icon icon-close"&gt;&lt;svg width="1792" height="1792" viewBox="0 0 1792 1792" xmlns="http://www.w3.org/2000/svg"&gt;&lt;path d="M1408 960V832q0-26-19-45t-45-19H448q-26 0-45 19t-19 45v128q0 26 19 45t45 19h896q26 0 45-19t19-45zm256-544v960q0 119-84.5 203.5T1376 1664H416q-119 0-203.5-84.5T128 1376V416q0-119 84.5-203.5T416 128h960q119 0 203.5 84.5T1664 416z"/&gt;&lt;/svg&gt;&lt;/span&gt;
        &lt;span class="icon icon-open"&gt;&lt;svg width="1792" height="1792" viewBox="0 0 1792 1792" xmlns="http://www.w3.org/2000/svg"&gt;&lt;path d="M1408 960V832q0-26-19-45t-45-19h-320V448q0-26-19-45t-45-19H832q-26 0-45 19t-19 45v320H448q-26 0-45 19t-19 45v128q0 26 19 45t45 19h320v320q0 26 19 45t45 19h128q26 0 45-19t19-45v-320h320q26 0 45-19t19-45zm256-544v960q0 119-84.5 203.5T1376 1664H416q-119 0-203.5-84.5T128 1376V416q0-119 84.5-203.5T416 128h960q119 0 203.5 84.5T1664 416z"/&gt;&lt;/svg&gt;&lt;/span&gt;
    
            &lt;span class="trace-class"&gt;&lt;abbr title="PHPUnit\Framework\TestCase"&gt;TestCase&lt;/abbr&gt;&lt;/span&gt;&lt;span class="trace-type"&gt;-&gt;&lt;/span&gt;&lt;span class="trace-method"&gt;run&lt;/span&gt;&lt;span class="trace-arguments"&gt;(&lt;em&gt;object&lt;/em&gt;(&lt;abbr title="PHPUnit\Framework\TestResult"&gt;TestResult&lt;/abbr&gt;))&lt;/span&gt;    
                    &lt;span class="block trace-file-path"&gt;
            in
            &lt;a href="file://C:\Users\sliti\Desktop\dev\esprit-PIDEV-3A16-2526-FARMIA\vendor\phpunit\phpunit\src\Framework\TestSuite.php#L685"&gt;
                C:\Users\sliti\Desktop\dev\esprit-PIDEV-3A16-2526-FARMIA\vendor\phpunit\phpunit\src\Framework\&lt;strong&gt;TestSuite.php&lt;/strong&gt;
            &lt;/a&gt;
                        (line 685)
            &lt;span class="icon icon-copy hidden" data-clipboard-text="C:\Users\sliti\Desktop\dev\esprit-PIDEV-3A16-2526-FARMIA\vendor\phpunit\phpunit\src\Framework\TestSuite.php:685"&gt;
                &lt;svg xmlns="http://www.w3.org/2000/svg" height="24" viewBox="0 0 24 24" width="24"&gt;&lt;path d="M0 0h24v24H0z" fill="none"/&gt;&lt;path d="M16 1H4c-1.1 0-2 .9-2 2v14h2V3h12V1zm3 4H8c-1.1 0-2 .9-2 2v14c0 1.1.9 2 2 2h11c1.1 0 2-.9 2-2V7c0-1.1-.9-2-2-2zm0 16H8V7h11v14z"/&gt;&lt;/svg&gt;            &lt;/span&gt;
        &lt;/span&gt;
    &lt;/div&gt;
    &lt;div id="trace-html-1-21" class="trace-code sf-toggle-content"&gt;
        &lt;ol start="680"&gt;&lt;li&gt;&lt;code&gt;&lt;span style="color: var(--highlight-keyword)"&gt;&amp;nbsp;&amp;nbsp;&amp;nbsp;&amp;nbsp;&amp;nbsp;&amp;nbsp;&amp;nbsp;&amp;nbsp;&amp;nbsp;&amp;nbsp;&amp;nbsp;&amp;nbsp;&amp;nbsp;&amp;nbsp;&amp;nbsp;&amp;nbsp;&lt;/span&gt;&lt;span style="color: var(--highlight-default)"&gt;$test&lt;/span&gt;&lt;span style="color: var(--highlight-keyword)"&gt;-&amp;gt;&lt;/span&gt;&lt;span style="color: var(--highlight-default)"&gt;setBackupGlobals&lt;/span&gt;&lt;span style="color: var(--highlight-keyword)"&gt;(&lt;/span&gt;&lt;span style="color: var(--highlight-default)"&gt;$this&lt;/span&gt;&lt;span style="color: var(--highlight-keyword)"&gt;-&amp;gt;&lt;/span&gt;&lt;span style="color: var(--highlight-default)"&gt;backupGlobals&lt;/span&gt;&lt;span style="color: var(--highlight-keyword)"&gt;);&lt;/span&gt;&lt;/code&gt;&lt;/li&gt;
&lt;li&gt;&lt;code&gt;&lt;span style="color: var(--highlight-keyword)"&gt;&amp;nbsp;&amp;nbsp;&amp;nbsp;&amp;nbsp;&amp;nbsp;&amp;nbsp;&amp;nbsp;&amp;nbsp;&amp;nbsp;&amp;nbsp;&amp;nbsp;&amp;nbsp;&amp;nbsp;&amp;nbsp;&amp;nbsp;&amp;nbsp;&lt;/span&gt;&lt;span style="color: var(--highlight-default)"&gt;$test&lt;/span&gt;&lt;span style="color: var(--highlight-keyword)"&gt;-&amp;gt;&lt;/span&gt;&lt;span style="color: var(--highlight-default)"&gt;setBackupStaticAttributes&lt;/span&gt;&lt;span style="color: var(--highlight-keyword)"&gt;(&lt;/span&gt;&lt;span style="color: var(--highlight-default)"&gt;$this&lt;/span&gt;&lt;span style="color: var(--highlight-keyword)"&gt;-&amp;gt;&lt;/span&gt;&lt;span style="color: var(--highlight-default)"&gt;backupStaticAttributes&lt;/span&gt;&lt;span style="color: var(--highlight-keyword)"&gt;);&lt;/span&gt;&lt;/code&gt;&lt;/li&gt;
&lt;li&gt;&lt;code&gt;&lt;span style="color: var(--highlight-keyword)"&gt;&amp;nbsp;&amp;nbsp;&amp;nbsp;&amp;nbsp;&amp;nbsp;&amp;nbsp;&amp;nbsp;&amp;nbsp;&amp;nbsp;&amp;nbsp;&amp;nbsp;&amp;nbsp;&amp;nbsp;&amp;nbsp;&amp;nbsp;&amp;nbsp;&lt;/span&gt;&lt;span style="color: var(--highlight-default)"&gt;$test&lt;/span&gt;&lt;span style="color: var(--highlight-keyword)"&gt;-&amp;gt;&lt;/span&gt;&lt;span style="color: var(--highlight-default)"&gt;setRunTestInSeparateProcess&lt;/span&gt;&lt;span style="color: var(--highlight-keyword)"&gt;(&lt;/span&gt;&lt;span style="color: var(--highlight-default)"&gt;$this&lt;/span&gt;&lt;span style="color: var(--highlight-keyword)"&gt;-&amp;gt;&lt;/span&gt;&lt;span style="color: var(--highlight-default)"&gt;runTestInSeparateProcess&lt;/span&gt;&lt;span style="color: var(--highlight-keyword)"&gt;);&lt;/span&gt;&lt;/code&gt;&lt;/li&gt;
&lt;li&gt;&lt;code&gt;&lt;span style="color: var(--highlight-keyword)"&gt;&amp;nbsp;&amp;nbsp;&amp;nbsp;&amp;nbsp;&amp;nbsp;&amp;nbsp;&amp;nbsp;&amp;nbsp;&amp;nbsp;&amp;nbsp;&amp;nbsp;&amp;nbsp;}&lt;/span&gt;&lt;/code&gt;&lt;/li&gt;
&lt;li&gt;&lt;code&gt;&lt;span style="color: var(--highlight-keyword)"&gt;&lt;/span&gt;&lt;/code&gt;&lt;/li&gt;
&lt;li class="selected"&gt;&lt;code&gt;&lt;span style="color: var(--highlight-keyword)"&gt;&amp;nbsp;&amp;nbsp;&amp;nbsp;&amp;nbsp;&amp;nbsp;&amp;nbsp;&amp;nbsp;&amp;nbsp;&amp;nbsp;&amp;nbsp;&amp;nbsp;&amp;nbsp;&lt;/span&gt;&lt;span style="color: var(--highlight-default)"&gt;$test&lt;/span&gt;&lt;span style="color: var(--highlight-keyword)"&gt;-&amp;gt;&lt;/span&gt;&lt;span style="color: var(--highlight-default)"&gt;run&lt;/span&gt;&lt;span style="color: var(--highlight-keyword)"&gt;(&lt;/span&gt;&lt;span style="color: var(--highlight-default)"&gt;$result&lt;/span&gt;&lt;span style="color: var(--highlight-keyword)"&gt;);&lt;/span&gt;&lt;/code&gt;&lt;/li&gt;
&lt;li&gt;&lt;code&gt;&lt;span style="color: var(--highlight-keyword)"&gt;&amp;nbsp;&amp;nbsp;&amp;nbsp;&amp;nbsp;&amp;nbsp;&amp;nbsp;&amp;nbsp;&amp;nbsp;}&lt;/span&gt;&lt;/code&gt;&lt;/li&gt;
&lt;li&gt;&lt;code&gt;&lt;span style="color: var(--highlight-keyword)"&gt;&lt;/span&gt;&lt;/code&gt;&lt;/li&gt;
&lt;li&gt;&lt;code&gt;&lt;span style="color: var(--highlight-keyword)"&gt;&amp;nbsp;&amp;nbsp;&amp;nbsp;&amp;nbsp;&amp;nbsp;&amp;nbsp;&amp;nbsp;&amp;nbsp;if&amp;nbsp;(&lt;/span&gt;&lt;span style="color: var(--highlight-default)"&gt;$this&lt;/span&gt;&lt;span style="color: var(--highlight-keyword)"&gt;-&amp;gt;&lt;/span&gt;&lt;span style="color: var(--highlight-default)"&gt;testCase&amp;nbsp;&lt;/span&gt;&lt;span style="color: var(--highlight-keyword)"&gt;&amp;amp;&amp;amp;&amp;nbsp;&lt;/span&gt;&lt;span style="color: var(--highlight-default)"&gt;class_exists&lt;/span&gt;&lt;span style="color: var(--highlight-keyword)"&gt;(&lt;/span&gt;&lt;span style="color: var(--highlight-default)"&gt;$this&lt;/span&gt;&lt;span style="color: var(--highlight-keyword)"&gt;-&amp;gt;&lt;/span&gt;&lt;span style="color: var(--highlight-default)"&gt;name&lt;/span&gt;&lt;span style="color: var(--highlight-keyword)"&gt;,&amp;nbsp;&lt;/span&gt;&lt;span style="color: var(--highlight-default)"&gt;false&lt;/span&gt;&lt;span style="color: var(--highlight-keyword)"&gt;))&amp;nbsp;{&lt;/span&gt;&lt;/code&gt;&lt;/li&gt;
&lt;li&gt;&lt;code&gt;&lt;span style="color: var(--highlight-keyword)"&gt;&amp;nbsp;&amp;nbsp;&amp;nbsp;&amp;nbsp;&amp;nbsp;&amp;nbsp;&amp;nbsp;&amp;nbsp;&amp;nbsp;&amp;nbsp;&amp;nbsp;&amp;nbsp;foreach&amp;nbsp;(&lt;/span&gt;&lt;span style="color: var(--highlight-default)"&gt;$hookMethods&lt;/span&gt;&lt;span style="color: var(--highlight-keyword)"&gt;[&lt;/span&gt;&lt;span style="color: var(--highlight-string)"&gt;'afterClass'&lt;/span&gt;&lt;span style="color: var(--highlight-keyword)"&gt;]&amp;nbsp;as&amp;nbsp;&lt;/span&gt;&lt;span style="color: var(--highlight-default)"&gt;$afterClassMethod&lt;/span&gt;&lt;span style="color: var(--highlight-keyword)"&gt;)&amp;nbsp;{&lt;/span&gt;&lt;/code&gt;&lt;/li&gt;
&lt;li&gt;&lt;code&gt;&lt;span style="color: var(--highlight-keyword)"&gt;&amp;nbsp;&amp;nbsp;&amp;nbsp;&amp;nbsp;&amp;nbsp;&amp;nbsp;&amp;nbsp;&amp;nbsp;&amp;nbsp;&amp;nbsp;&amp;nbsp;&amp;nbsp;&amp;nbsp;&amp;nbsp;&amp;nbsp;&amp;nbsp;if&amp;nbsp;(&lt;/span&gt;&lt;span style="color: var(--highlight-default)"&gt;method_exists&lt;/span&gt;&lt;span style="color: var(--highlight-keyword)"&gt;(&lt;/span&gt;&lt;span style="color: var(--highlight-default)"&gt;$this&lt;/span&gt;&lt;span style="color: var(--highlight-keyword)"&gt;-&amp;gt;&lt;/span&gt;&lt;span style="color: var(--highlight-default)"&gt;name&lt;/span&gt;&lt;span style="color: var(--highlight-keyword)"&gt;,&amp;nbsp;&lt;/span&gt;&lt;span style="color: var(--highlight-default)"&gt;$afterClassMethod&lt;/span&gt;&lt;span style="color: var(--highlight-keyword)"&gt;))&amp;nbsp;{&lt;/span&gt;&lt;/code&gt;&lt;/li&gt;&lt;/ol&gt;    &lt;/div&gt;            &lt;/div&gt;
                        &lt;div class="trace-line "&gt;
                &lt;div class="trace-line-header break-long-words sf-toggle" data-toggle-selector="#trace-html-1-22" data-toggle-initial=""&gt;
            &lt;span class="icon icon-close"&gt;&lt;svg width="1792" height="1792" viewBox="0 0 1792 1792" xmlns="http://www.w3.org/2000/svg"&gt;&lt;path d="M1408 960V832q0-26-19-45t-45-19H448q-26 0-45 19t-19 45v128q0 26 19 45t45 19h896q26 0 45-19t19-45zm256-544v960q0 119-84.5 203.5T1376 1664H416q-119 0-203.5-84.5T128 1376V416q0-119 84.5-203.5T416 128h960q119 0 203.5 84.5T1664 416z"/&gt;&lt;/svg&gt;&lt;/span&gt;
        &lt;span class="icon icon-open"&gt;&lt;svg width="1792" height="1792" viewBox="0 0 1792 1792" xmlns="http://www.w3.org/2000/svg"&gt;&lt;path d="M1408 960V832q0-26-19-45t-45-19h-320V448q0-26-19-45t-45-19H832q-26 0-45 19t-19 45v320H448q-26 0-45 19t-19 45v128q0 26 19 45t45 19h320v320q0 26 19 45t45 19h128q26 0 45-19t19-45v-320h320q26 0 45-19t19-45zm256-544v960q0 119-84.5 203.5T1376 1664H416q-119 0-203.5-84.5T128 1376V416q0-119 84.5-203.5T416 128h960q119 0 203.5 84.5T1664 416z"/&gt;&lt;/svg&gt;&lt;/span&gt;
    
            &lt;span class="trace-class"&gt;&lt;abbr title="PHPUnit\Framework\TestSuite"&gt;TestSuite&lt;/abbr&gt;&lt;/span&gt;&lt;span class="trace-type"&gt;-&gt;&lt;/span&gt;&lt;span class="trace-method"&gt;run&lt;/span&gt;&lt;span class="trace-arguments"&gt;(&lt;em&gt;object&lt;/em&gt;(&lt;abbr title="PHPUnit\Framework\TestResult"&gt;TestResult&lt;/abbr&gt;))&lt;/span&gt;    
                    &lt;span class="block trace-file-path"&gt;
            in
            &lt;a href="file://C:\Users\sliti\Desktop\dev\esprit-PIDEV-3A16-2526-FARMIA\vendor\phpunit\phpunit\src\Framework\TestSuite.php#L685"&gt;
                C:\Users\sliti\Desktop\dev\esprit-PIDEV-3A16-2526-FARMIA\vendor\phpunit\phpunit\src\Framework\&lt;strong&gt;TestSuite.php&lt;/strong&gt;
            &lt;/a&gt;
                        (line 685)
            &lt;span class="icon icon-copy hidden" data-clipboard-text="C:\Users\sliti\Desktop\dev\esprit-PIDEV-3A16-2526-FARMIA\vendor\phpunit\phpunit\src\Framework\TestSuite.php:685"&gt;
                &lt;svg xmlns="http://www.w3.org/2000/svg" height="24" viewBox="0 0 24 24" width="24"&gt;&lt;path d="M0 0h24v24H0z" fill="none"/&gt;&lt;path d="M16 1H4c-1.1 0-2 .9-2 2v14h2V3h12V1zm3 4H8c-1.1 0-2 .9-2 2v14c0 1.1.9 2 2 2h11c1.1 0 2-.9 2-2V7c0-1.1-.9-2-2-2zm0 16H8V7h11v14z"/&gt;&lt;/svg&gt;            &lt;/span&gt;
        &lt;/span&gt;
    &lt;/div&gt;
    &lt;div id="trace-html-1-22" class="trace-code sf-toggle-content"&gt;
        &lt;ol start="680"&gt;&lt;li&gt;&lt;code&gt;&lt;span style="color: var(--highlight-keyword)"&gt;&amp;nbsp;&amp;nbsp;&amp;nbsp;&amp;nbsp;&amp;nbsp;&amp;nbsp;&amp;nbsp;&amp;nbsp;&amp;nbsp;&amp;nbsp;&amp;nbsp;&amp;nbsp;&amp;nbsp;&amp;nbsp;&amp;nbsp;&amp;nbsp;&lt;/span&gt;&lt;span style="color: var(--highlight-default)"&gt;$test&lt;/span&gt;&lt;span style="color: var(--highlight-keyword)"&gt;-&amp;gt;&lt;/span&gt;&lt;span style="color: var(--highlight-default)"&gt;setBackupGlobals&lt;/span&gt;&lt;span style="color: var(--highlight-keyword)"&gt;(&lt;/span&gt;&lt;span style="color: var(--highlight-default)"&gt;$this&lt;/span&gt;&lt;span style="color: var(--highlight-keyword)"&gt;-&amp;gt;&lt;/span&gt;&lt;span style="color: var(--highlight-default)"&gt;backupGlobals&lt;/span&gt;&lt;span style="color: var(--highlight-keyword)"&gt;);&lt;/span&gt;&lt;/code&gt;&lt;/li&gt;
&lt;li&gt;&lt;code&gt;&lt;span style="color: var(--highlight-keyword)"&gt;&amp;nbsp;&amp;nbsp;&amp;nbsp;&amp;nbsp;&amp;nbsp;&amp;nbsp;&amp;nbsp;&amp;nbsp;&amp;nbsp;&amp;nbsp;&amp;nbsp;&amp;nbsp;&amp;nbsp;&amp;nbsp;&amp;nbsp;&amp;nbsp;&lt;/span&gt;&lt;span style="color: var(--highlight-default)"&gt;$test&lt;/span&gt;&lt;span style="color: var(--highlight-keyword)"&gt;-&amp;gt;&lt;/span&gt;&lt;span style="color: var(--highlight-default)"&gt;setBackupStaticAttributes&lt;/span&gt;&lt;span style="color: var(--highlight-keyword)"&gt;(&lt;/span&gt;&lt;span style="color: var(--highlight-default)"&gt;$this&lt;/span&gt;&lt;span style="color: var(--highlight-keyword)"&gt;-&amp;gt;&lt;/span&gt;&lt;span style="color: var(--highlight-default)"&gt;backupStaticAttributes&lt;/span&gt;&lt;span style="color: var(--highlight-keyword)"&gt;);&lt;/span&gt;&lt;/code&gt;&lt;/li&gt;
&lt;li&gt;&lt;code&gt;&lt;span style="color: var(--highlight-keyword)"&gt;&amp;nbsp;&amp;nbsp;&amp;nbsp;&amp;nbsp;&amp;nbsp;&amp;nbsp;&amp;nbsp;&amp;nbsp;&amp;nbsp;&amp;nbsp;&amp;nbsp;&amp;nbsp;&amp;nbsp;&amp;nbsp;&amp;nbsp;&amp;nbsp;&lt;/span&gt;&lt;span style="color: var(--highlight-default)"&gt;$test&lt;/span&gt;&lt;span style="color: var(--highlight-keyword)"&gt;-&amp;gt;&lt;/span&gt;&lt;span style="color: var(--highlight-default)"&gt;setRunTestInSeparateProcess&lt;/span&gt;&lt;span style="color: var(--highlight-keyword)"&gt;(&lt;/span&gt;&lt;span style="color: var(--highlight-default)"&gt;$this&lt;/span&gt;&lt;span style="color: var(--highlight-keyword)"&gt;-&amp;gt;&lt;/span&gt;&lt;span style="color: var(--highlight-default)"&gt;runTestInSeparateProcess&lt;/span&gt;&lt;span style="color: var(--highlight-keyword)"&gt;);&lt;/span&gt;&lt;/code&gt;&lt;/li&gt;
&lt;li&gt;&lt;code&gt;&lt;span style="color: var(--highlight-keyword)"&gt;&amp;nbsp;&amp;nbsp;&amp;nbsp;&amp;nbsp;&amp;nbsp;&amp;nbsp;&amp;nbsp;&amp;nbsp;&amp;nbsp;&amp;nbsp;&amp;nbsp;&amp;nbsp;}&lt;/span&gt;&lt;/code&gt;&lt;/li&gt;
&lt;li&gt;&lt;code&gt;&lt;span style="color: var(--highlight-keyword)"&gt;&lt;/span&gt;&lt;/code&gt;&lt;/li&gt;
&lt;li class="selected"&gt;&lt;code&gt;&lt;span style="color: var(--highlight-keyword)"&gt;&amp;nbsp;&amp;nbsp;&amp;nbsp;&amp;nbsp;&amp;nbsp;&amp;nbsp;&amp;nbsp;&amp;nbsp;&amp;nbsp;&amp;nbsp;&amp;nbsp;&amp;nbsp;&lt;/span&gt;&lt;span style="color: var(--highlight-default)"&gt;$test&lt;/span&gt;&lt;span style="color: var(--highlight-keyword)"&gt;-&amp;gt;&lt;/span&gt;&lt;span style="color: var(--highlight-default)"&gt;run&lt;/span&gt;&lt;span style="color: var(--highlight-keyword)"&gt;(&lt;/span&gt;&lt;span style="color: var(--highlight-default)"&gt;$result&lt;/span&gt;&lt;span style="color: var(--highlight-keyword)"&gt;);&lt;/span&gt;&lt;/code&gt;&lt;/li&gt;
&lt;li&gt;&lt;code&gt;&lt;span style="color: var(--highlight-keyword)"&gt;&amp;nbsp;&amp;nbsp;&amp;nbsp;&amp;nbsp;&amp;nbsp;&amp;nbsp;&amp;nbsp;&amp;nbsp;}&lt;/span&gt;&lt;/code&gt;&lt;/li&gt;
&lt;li&gt;&lt;code&gt;&lt;span style="color: var(--highlight-keyword)"&gt;&lt;/span&gt;&lt;/code&gt;&lt;/li&gt;
&lt;li&gt;&lt;code&gt;&lt;span style="color: var(--highlight-keyword)"&gt;&amp;nbsp;&amp;nbsp;&amp;nbsp;&amp;nbsp;&amp;nbsp;&amp;nbsp;&amp;nbsp;&amp;nbsp;if&amp;nbsp;(&lt;/span&gt;&lt;span style="color: var(--highlight-default)"&gt;$this&lt;/span&gt;&lt;span style="color: var(--highlight-keyword)"&gt;-&amp;gt;&lt;/span&gt;&lt;span style="color: var(--highlight-default)"&gt;testCase&amp;nbsp;&lt;/span&gt;&lt;span style="color: var(--highlight-keyword)"&gt;&amp;amp;&amp;amp;&amp;nbsp;&lt;/span&gt;&lt;span style="color: var(--highlight-default)"&gt;class_exists&lt;/span&gt;&lt;span style="color: var(--highlight-keyword)"&gt;(&lt;/span&gt;&lt;span style="color: var(--highlight-default)"&gt;$this&lt;/span&gt;&lt;span style="color: var(--highlight-keyword)"&gt;-&amp;gt;&lt;/span&gt;&lt;span style="color: var(--highlight-default)"&gt;name&lt;/span&gt;&lt;span style="color: var(--highlight-keyword)"&gt;,&amp;nbsp;&lt;/span&gt;&lt;span style="color: var(--highlight-default)"&gt;false&lt;/span&gt;&lt;span style="color: var(--highlight-keyword)"&gt;))&amp;nbsp;{&lt;/span&gt;&lt;/code&gt;&lt;/li&gt;
&lt;li&gt;&lt;code&gt;&lt;span style="color: var(--highlight-keyword)"&gt;&amp;nbsp;&amp;nbsp;&amp;nbsp;&amp;nbsp;&amp;nbsp;&amp;nbsp;&amp;nbsp;&amp;nbsp;&amp;nbsp;&amp;nbsp;&amp;nbsp;&amp;nbsp;foreach&amp;nbsp;(&lt;/span&gt;&lt;span style="color: var(--highlight-default)"&gt;$hookMethods&lt;/span&gt;&lt;span style="color: var(--highlight-keyword)"&gt;[&lt;/span&gt;&lt;span style="color: var(--highlight-string)"&gt;'afterClass'&lt;/span&gt;&lt;span style="color: var(--highlight-keyword)"&gt;]&amp;nbsp;as&amp;nbsp;&lt;/span&gt;&lt;span style="color: var(--highlight-default)"&gt;$afterClassMethod&lt;/span&gt;&lt;span style="color: var(--highlight-keyword)"&gt;)&amp;nbsp;{&lt;/span&gt;&lt;/code&gt;&lt;/li&gt;
&lt;li&gt;&lt;code&gt;&lt;span style="color: var(--highlight-keyword)"&gt;&amp;nbsp;&amp;nbsp;&amp;nbsp;&amp;nbsp;&amp;nbsp;&amp;nbsp;&amp;nbsp;&amp;nbsp;&amp;nbsp;&amp;nbsp;&amp;nbsp;&amp;nbsp;&amp;nbsp;&amp;nbsp;&amp;nbsp;&amp;nbsp;if&amp;nbsp;(&lt;/span&gt;&lt;span style="color: var(--highlight-default)"&gt;method_exists&lt;/span&gt;&lt;span style="color: var(--highlight-keyword)"&gt;(&lt;/span&gt;&lt;span style="color: var(--highlight-default)"&gt;$this&lt;/span&gt;&lt;span style="color: var(--highlight-keyword)"&gt;-&amp;gt;&lt;/span&gt;&lt;span style="color: var(--highlight-default)"&gt;name&lt;/span&gt;&lt;span style="color: var(--highlight-keyword)"&gt;,&amp;nbsp;&lt;/span&gt;&lt;span style="color: var(--highlight-default)"&gt;$afterClassMethod&lt;/span&gt;&lt;span style="color: var(--highlight-keyword)"&gt;))&amp;nbsp;{&lt;/span&gt;&lt;/code&gt;&lt;/li&gt;&lt;/ol&gt;    &lt;/div&gt;            &lt;/div&gt;
                        &lt;div class="trace-line "&gt;
                &lt;div class="trace-line-header break-long-words sf-toggle" data-toggle-selector="#trace-html-1-23" data-toggle-initial=""&gt;
            &lt;span class="icon icon-close"&gt;&lt;svg width="1792" height="1792" viewBox="0 0 1792 1792" xmlns="http://www.w3.org/2000/svg"&gt;&lt;path d="M1408 960V832q0-26-19-45t-45-19H448q-26 0-45 19t-19 45v128q0 26 19 45t45 19h896q26 0 45-19t19-45zm256-544v960q0 119-84.5 203.5T1376 1664H416q-119 0-203.5-84.5T128 1376V416q0-119 84.5-203.5T416 128h960q119 0 203.5 84.5T1664 416z"/&gt;&lt;/svg&gt;&lt;/span&gt;
        &lt;span class="icon icon-open"&gt;&lt;svg width="1792" height="1792" viewBox="0 0 1792 1792" xmlns="http://www.w3.org/2000/svg"&gt;&lt;path d="M1408 960V832q0-26-19-45t-45-19h-320V448q0-26-19-45t-45-19H832q-26 0-45 19t-19 45v320H448q-26 0-45 19t-19 45v128q0 26 19 45t45 19h320v320q0 26 19 45t45 19h128q26 0 45-19t19-45v-320h320q26 0 45-19t19-45zm256-544v960q0 119-84.5 203.5T1376 1664H416q-119 0-203.5-84.5T128 1376V416q0-119 84.5-203.5T416 128h960q119 0 203.5 84.5T1664 416z"/&gt;&lt;/svg&gt;&lt;/span&gt;
    
            &lt;span class="trace-class"&gt;&lt;abbr title="PHPUnit\Framework\TestSuite"&gt;TestSuite&lt;/abbr&gt;&lt;/span&gt;&lt;span class="trace-type"&gt;-&gt;&lt;/span&gt;&lt;span class="trace-method"&gt;run&lt;/span&gt;&lt;span class="trace-arguments"&gt;(&lt;em&gt;object&lt;/em&gt;(&lt;abbr title="PHPUnit\Framework\TestResult"&gt;TestResult&lt;/abbr&gt;))&lt;/span&gt;    
                    &lt;span class="block trace-file-path"&gt;
            in
            &lt;a href="file://C:\Users\sliti\Desktop\dev\esprit-PIDEV-3A16-2526-FARMIA\vendor\phpunit\phpunit\src\Framework\TestSuite.php#L685"&gt;
                C:\Users\sliti\Desktop\dev\esprit-PIDEV-3A16-2526-FARMIA\vendor\phpunit\phpunit\src\Framework\&lt;strong&gt;TestSuite.php&lt;/strong&gt;
            &lt;/a&gt;
                        (line 685)
            &lt;span class="icon icon-copy hidden" data-clipboard-text="C:\Users\sliti\Desktop\dev\esprit-PIDEV-3A16-2526-FARMIA\vendor\phpunit\phpunit\src\Framework\TestSuite.php:685"&gt;
                &lt;svg xmlns="http://www.w3.org/2000/svg" height="24" viewBox="0 0 24 24" width="24"&gt;&lt;path d="M0 0h24v24H0z" fill="none"/&gt;&lt;path d="M16 1H4c-1.1 0-2 .9-2 2v14h2V3h12V1zm3 4H8c-1.1 0-2 .9-2 2v14c0 1.1.9 2 2 2h11c1.1 0 2-.9 2-2V7c0-1.1-.9-2-2-2zm0 16H8V7h11v14z"/&gt;&lt;/svg&gt;            &lt;/span&gt;
        &lt;/span&gt;
    &lt;/div&gt;
    &lt;div id="trace-html-1-23" class="trace-code sf-toggle-content"&gt;
        &lt;ol start="680"&gt;&lt;li&gt;&lt;code&gt;&lt;span style="color: var(--highlight-keyword)"&gt;&amp;nbsp;&amp;nbsp;&amp;nbsp;&amp;nbsp;&amp;nbsp;&amp;nbsp;&amp;nbsp;&amp;nbsp;&amp;nbsp;&amp;nbsp;&amp;nbsp;&amp;nbsp;&amp;nbsp;&amp;nbsp;&amp;nbsp;&amp;nbsp;&lt;/span&gt;&lt;span style="color: var(--highlight-default)"&gt;$test&lt;/span&gt;&lt;span style="color: var(--highlight-keyword)"&gt;-&amp;gt;&lt;/span&gt;&lt;span style="color: var(--highlight-default)"&gt;setBackupGlobals&lt;/span&gt;&lt;span style="color: var(--highlight-keyword)"&gt;(&lt;/span&gt;&lt;span style="color: var(--highlight-default)"&gt;$this&lt;/span&gt;&lt;span style="color: var(--highlight-keyword)"&gt;-&amp;gt;&lt;/span&gt;&lt;span style="color: var(--highlight-default)"&gt;backupGlobals&lt;/span&gt;&lt;span style="color: var(--highlight-keyword)"&gt;);&lt;/span&gt;&lt;/code&gt;&lt;/li&gt;
&lt;li&gt;&lt;code&gt;&lt;span style="color: var(--highlight-keyword)"&gt;&amp;nbsp;&amp;nbsp;&amp;nbsp;&amp;nbsp;&amp;nbsp;&amp;nbsp;&amp;nbsp;&amp;nbsp;&amp;nbsp;&amp;nbsp;&amp;nbsp;&amp;nbsp;&amp;nbsp;&amp;nbsp;&amp;nbsp;&amp;nbsp;&lt;/span&gt;&lt;span style="color: var(--highlight-default)"&gt;$test&lt;/span&gt;&lt;span style="color: var(--highlight-keyword)"&gt;-&amp;gt;&lt;/span&gt;&lt;span style="color: var(--highlight-default)"&gt;setBackupStaticAttributes&lt;/span&gt;&lt;span style="color: var(--highlight-keyword)"&gt;(&lt;/span&gt;&lt;span style="color: var(--highlight-default)"&gt;$this&lt;/span&gt;&lt;span style="color: var(--highlight-keyword)"&gt;-&amp;gt;&lt;/span&gt;&lt;span style="color: var(--highlight-default)"&gt;backupStaticAttributes&lt;/span&gt;&lt;span style="color: var(--highlight-keyword)"&gt;);&lt;/span&gt;&lt;/code&gt;&lt;/li&gt;
&lt;li&gt;&lt;code&gt;&lt;span style="color: var(--highlight-keyword)"&gt;&amp;nbsp;&amp;nbsp;&amp;nbsp;&amp;nbsp;&amp;nbsp;&amp;nbsp;&amp;nbsp;&amp;nbsp;&amp;nbsp;&amp;nbsp;&amp;nbsp;&amp;nbsp;&amp;nbsp;&amp;nbsp;&amp;nbsp;&amp;nbsp;&lt;/span&gt;&lt;span style="color: var(--highlight-default)"&gt;$test&lt;/span&gt;&lt;span style="color: var(--highlight-keyword)"&gt;-&amp;gt;&lt;/span&gt;&lt;span style="color: var(--highlight-default)"&gt;setRunTestInSeparateProcess&lt;/span&gt;&lt;span style="color: var(--highlight-keyword)"&gt;(&lt;/span&gt;&lt;span style="color: var(--highlight-default)"&gt;$this&lt;/span&gt;&lt;span style="color: var(--highlight-keyword)"&gt;-&amp;gt;&lt;/span&gt;&lt;span style="color: var(--highlight-default)"&gt;runTestInSeparateProcess&lt;/span&gt;&lt;span style="color: var(--highlight-keyword)"&gt;);&lt;/span&gt;&lt;/code&gt;&lt;/li&gt;
&lt;li&gt;&lt;code&gt;&lt;span style="color: var(--highlight-keyword)"&gt;&amp;nbsp;&amp;nbsp;&amp;nbsp;&amp;nbsp;&amp;nbsp;&amp;nbsp;&amp;nbsp;&amp;nbsp;&amp;nbsp;&amp;nbsp;&amp;nbsp;&amp;nbsp;}&lt;/span&gt;&lt;/code&gt;&lt;/li&gt;
&lt;li&gt;&lt;code&gt;&lt;span style="color: var(--highlight-keyword)"&gt;&lt;/span&gt;&lt;/code&gt;&lt;/li&gt;
&lt;li class="selected"&gt;&lt;code&gt;&lt;span style="color: var(--highlight-keyword)"&gt;&amp;nbsp;&amp;nbsp;&amp;nbsp;&amp;nbsp;&amp;nbsp;&amp;nbsp;&amp;nbsp;&amp;nbsp;&amp;nbsp;&amp;nbsp;&amp;nbsp;&amp;nbsp;&lt;/span&gt;&lt;span style="color: var(--highlight-default)"&gt;$test&lt;/span&gt;&lt;span style="color: var(--highlight-keyword)"&gt;-&amp;gt;&lt;/span&gt;&lt;span style="color: var(--highlight-default)"&gt;run&lt;/span&gt;&lt;span style="color: var(--highlight-keyword)"&gt;(&lt;/span&gt;&lt;span style="color: var(--highlight-default)"&gt;$result&lt;/span&gt;&lt;span style="color: var(--highlight-keyword)"&gt;);&lt;/span&gt;&lt;/code&gt;&lt;/li&gt;
&lt;li&gt;&lt;code&gt;&lt;span style="color: var(--highlight-keyword)"&gt;&amp;nbsp;&amp;nbsp;&amp;nbsp;&amp;nbsp;&amp;nbsp;&amp;nbsp;&amp;nbsp;&amp;nbsp;}&lt;/span&gt;&lt;/code&gt;&lt;/li&gt;
&lt;li&gt;&lt;code&gt;&lt;span style="color: var(--highlight-keyword)"&gt;&lt;/span&gt;&lt;/code&gt;&lt;/li&gt;
&lt;li&gt;&lt;code&gt;&lt;span style="color: var(--highlight-keyword)"&gt;&amp;nbsp;&amp;nbsp;&amp;nbsp;&amp;nbsp;&amp;nbsp;&amp;nbsp;&amp;nbsp;&amp;nbsp;if&amp;nbsp;(&lt;/span&gt;&lt;span style="color: var(--highlight-default)"&gt;$this&lt;/span&gt;&lt;span style="color: var(--highlight-keyword)"&gt;-&amp;gt;&lt;/span&gt;&lt;span style="color: var(--highlight-default)"&gt;testCase&amp;nbsp;&lt;/span&gt;&lt;span style="color: var(--highlight-keyword)"&gt;&amp;amp;&amp;amp;&amp;nbsp;&lt;/span&gt;&lt;span style="color: var(--highlight-default)"&gt;class_exists&lt;/span&gt;&lt;span style="color: var(--highlight-keyword)"&gt;(&lt;/span&gt;&lt;span style="color: var(--highlight-default)"&gt;$this&lt;/span&gt;&lt;span style="color: var(--highlight-keyword)"&gt;-&amp;gt;&lt;/span&gt;&lt;span style="color: var(--highlight-default)"&gt;name&lt;/span&gt;&lt;span style="color: var(--highlight-keyword)"&gt;,&amp;nbsp;&lt;/span&gt;&lt;span style="color: var(--highlight-default)"&gt;false&lt;/span&gt;&lt;span style="color: var(--highlight-keyword)"&gt;))&amp;nbsp;{&lt;/span&gt;&lt;/code&gt;&lt;/li&gt;
&lt;li&gt;&lt;code&gt;&lt;span style="color: var(--highlight-keyword)"&gt;&amp;nbsp;&amp;nbsp;&amp;nbsp;&amp;nbsp;&amp;nbsp;&amp;nbsp;&amp;nbsp;&amp;nbsp;&amp;nbsp;&amp;nbsp;&amp;nbsp;&amp;nbsp;foreach&amp;nbsp;(&lt;/span&gt;&lt;span style="color: var(--highlight-default)"&gt;$hookMethods&lt;/span&gt;&lt;span style="color: var(--highlight-keyword)"&gt;[&lt;/span&gt;&lt;span style="color: var(--highlight-string)"&gt;'afterClass'&lt;/span&gt;&lt;span style="color: var(--highlight-keyword)"&gt;]&amp;nbsp;as&amp;nbsp;&lt;/span&gt;&lt;span style="color: var(--highlight-default)"&gt;$afterClassMethod&lt;/span&gt;&lt;span style="color: var(--highlight-keyword)"&gt;)&amp;nbsp;{&lt;/span&gt;&lt;/code&gt;&lt;/li&gt;
&lt;li&gt;&lt;code&gt;&lt;span style="color: var(--highlight-keyword)"&gt;&amp;nbsp;&amp;nbsp;&amp;nbsp;&amp;nbsp;&amp;nbsp;&amp;nbsp;&amp;nbsp;&amp;nbsp;&amp;nbsp;&amp;nbsp;&amp;nbsp;&amp;nbsp;&amp;nbsp;&amp;nbsp;&amp;nbsp;&amp;nbsp;if&amp;nbsp;(&lt;/span&gt;&lt;span style="color: var(--highlight-default)"&gt;method_exists&lt;/span&gt;&lt;span style="color: var(--highlight-keyword)"&gt;(&lt;/span&gt;&lt;span style="color: var(--highlight-default)"&gt;$this&lt;/span&gt;&lt;span style="color: var(--highlight-keyword)"&gt;-&amp;gt;&lt;/span&gt;&lt;span style="color: var(--highlight-default)"&gt;name&lt;/span&gt;&lt;span style="color: var(--highlight-keyword)"&gt;,&amp;nbsp;&lt;/span&gt;&lt;span style="color: var(--highlight-default)"&gt;$afterClassMethod&lt;/span&gt;&lt;span style="color: var(--highlight-keyword)"&gt;))&amp;nbsp;{&lt;/span&gt;&lt;/code&gt;&lt;/li&gt;&lt;/ol&gt;    &lt;/div&gt;            &lt;/div&gt;
                        &lt;div class="trace-line "&gt;
                &lt;div class="trace-line-header break-long-words sf-toggle" data-toggle-selector="#trace-html-1-24" data-toggle-initial=""&gt;
            &lt;span class="icon icon-close"&gt;&lt;svg width="1792" height="1792" viewBox="0 0 1792 1792" xmlns="http://www.w3.org/2000/svg"&gt;&lt;path d="M1408 960V832q0-26-19-45t-45-19H448q-26 0-45 19t-19 45v128q0 26 19 45t45 19h896q26 0 45-19t19-45zm256-544v960q0 119-84.5 203.5T1376 1664H416q-119 0-203.5-84.5T128 1376V416q0-119 84.5-203.5T416 128h960q119 0 203.5 84.5T1664 416z"/&gt;&lt;/svg&gt;&lt;/span&gt;
        &lt;span class="icon icon-open"&gt;&lt;svg width="1792" height="1792" viewBox="0 0 1792 1792" xmlns="http://www.w3.org/2000/svg"&gt;&lt;path d="M1408 960V832q0-26-19-45t-45-19h-320V448q0-26-19-45t-45-19H832q-26 0-45 19t-19 45v320H448q-26 0-45 19t-19 45v128q0 26 19 45t45 19h320v320q0 26 19 45t45 19h128q26 0 45-19t19-45v-320h320q26 0 45-19t19-45zm256-544v960q0 119-84.5 203.5T1376 1664H416q-119 0-203.5-84.5T128 1376V416q0-119 84.5-203.5T416 128h960q119 0 203.5 84.5T1664 416z"/&gt;&lt;/svg&gt;&lt;/span&gt;
    
            &lt;span class="trace-class"&gt;&lt;abbr title="PHPUnit\Framework\TestSuite"&gt;TestSuite&lt;/abbr&gt;&lt;/span&gt;&lt;span class="trace-type"&gt;-&gt;&lt;/span&gt;&lt;span class="trace-method"&gt;run&lt;/span&gt;&lt;span class="trace-arguments"&gt;(&lt;em&gt;object&lt;/em&gt;(&lt;abbr title="PHPUnit\Framework\TestResult"&gt;TestResult&lt;/abbr&gt;))&lt;/span&gt;    
                    &lt;span class="block trace-file-path"&gt;
            in
            &lt;a href="file://C:\Users\sliti\Desktop\dev\esprit-PIDEV-3A16-2526-FARMIA\vendor\phpunit\phpunit\src\TextUI\TestRunner.php#L651"&gt;
                C:\Users\sliti\Desktop\dev\esprit-PIDEV-3A16-2526-FARMIA\vendor\phpunit\phpunit\src\TextUI\&lt;strong&gt;TestRunner.php&lt;/strong&gt;
            &lt;/a&gt;
                        (line 651)
            &lt;span class="icon icon-copy hidden" data-clipboard-text="C:\Users\sliti\Desktop\dev\esprit-PIDEV-3A16-2526-FARMIA\vendor\phpunit\phpunit\src\TextUI\TestRunner.php:651"&gt;
                &lt;svg xmlns="http://www.w3.org/2000/svg" height="24" viewBox="0 0 24 24" width="24"&gt;&lt;path d="M0 0h24v24H0z" fill="none"/&gt;&lt;path d="M16 1H4c-1.1 0-2 .9-2 2v14h2V3h12V1zm3 4H8c-1.1 0-2 .9-2 2v14c0 1.1.9 2 2 2h11c1.1 0 2-.9 2-2V7c0-1.1-.9-2-2-2zm0 16H8V7h11v14z"/&gt;&lt;/svg&gt;            &lt;/span&gt;
        &lt;/span&gt;
    &lt;/div&gt;
    &lt;div id="trace-html-1-24" class="trace-code sf-toggle-content"&gt;
        &lt;ol start="646"&gt;&lt;li&gt;&lt;code&gt;&lt;span style="color: var(--highlight-keyword)"&gt;&amp;nbsp;&amp;nbsp;&amp;nbsp;&amp;nbsp;&amp;nbsp;&amp;nbsp;&amp;nbsp;&amp;nbsp;&amp;nbsp;&amp;nbsp;&amp;nbsp;&amp;nbsp;if&amp;nbsp;(&lt;/span&gt;&lt;span style="color: var(--highlight-default)"&gt;$extension&amp;nbsp;&lt;/span&gt;&lt;span style="color: var(--highlight-keyword)"&gt;instanceof&amp;nbsp;&lt;/span&gt;&lt;span style="color: var(--highlight-default)"&gt;BeforeFirstTestHook&lt;/span&gt;&lt;span style="color: var(--highlight-keyword)"&gt;)&amp;nbsp;{&lt;/span&gt;&lt;/code&gt;&lt;/li&gt;
&lt;li&gt;&lt;code&gt;&lt;span style="color: var(--highlight-keyword)"&gt;&amp;nbsp;&amp;nbsp;&amp;nbsp;&amp;nbsp;&amp;nbsp;&amp;nbsp;&amp;nbsp;&amp;nbsp;&amp;nbsp;&amp;nbsp;&amp;nbsp;&amp;nbsp;&amp;nbsp;&amp;nbsp;&amp;nbsp;&amp;nbsp;&lt;/span&gt;&lt;span style="color: var(--highlight-default)"&gt;$extension&lt;/span&gt;&lt;span style="color: var(--highlight-keyword)"&gt;-&amp;gt;&lt;/span&gt;&lt;span style="color: var(--highlight-default)"&gt;executeBeforeFirstTest&lt;/span&gt;&lt;span style="color: var(--highlight-keyword)"&gt;();&lt;/span&gt;&lt;/code&gt;&lt;/li&gt;
&lt;li&gt;&lt;code&gt;&lt;span style="color: var(--highlight-keyword)"&gt;&amp;nbsp;&amp;nbsp;&amp;nbsp;&amp;nbsp;&amp;nbsp;&amp;nbsp;&amp;nbsp;&amp;nbsp;&amp;nbsp;&amp;nbsp;&amp;nbsp;&amp;nbsp;}&lt;/span&gt;&lt;/code&gt;&lt;/li&gt;
&lt;li&gt;&lt;code&gt;&lt;span style="color: var(--highlight-keyword)"&gt;&amp;nbsp;&amp;nbsp;&amp;nbsp;&amp;nbsp;&amp;nbsp;&amp;nbsp;&amp;nbsp;&amp;nbsp;}&lt;/span&gt;&lt;/code&gt;&lt;/li&gt;
&lt;li&gt;&lt;code&gt;&lt;span style="color: var(--highlight-keyword)"&gt;&lt;/span&gt;&lt;/code&gt;&lt;/li&gt;
&lt;li class="selected"&gt;&lt;code&gt;&lt;span style="color: var(--highlight-keyword)"&gt;&amp;nbsp;&amp;nbsp;&amp;nbsp;&amp;nbsp;&amp;nbsp;&amp;nbsp;&amp;nbsp;&amp;nbsp;&lt;/span&gt;&lt;span style="color: var(--highlight-default)"&gt;$suite&lt;/span&gt;&lt;span style="color: var(--highlight-keyword)"&gt;-&amp;gt;&lt;/span&gt;&lt;span style="color: var(--highlight-default)"&gt;run&lt;/span&gt;&lt;span style="color: var(--highlight-keyword)"&gt;(&lt;/span&gt;&lt;span style="color: var(--highlight-default)"&gt;$result&lt;/span&gt;&lt;span style="color: var(--highlight-keyword)"&gt;);&lt;/span&gt;&lt;/code&gt;&lt;/li&gt;
&lt;li&gt;&lt;code&gt;&lt;span style="color: var(--highlight-keyword)"&gt;&lt;/span&gt;&lt;/code&gt;&lt;/li&gt;
&lt;li&gt;&lt;code&gt;&lt;span style="color: var(--highlight-keyword)"&gt;&amp;nbsp;&amp;nbsp;&amp;nbsp;&amp;nbsp;&amp;nbsp;&amp;nbsp;&amp;nbsp;&amp;nbsp;foreach&amp;nbsp;(&lt;/span&gt;&lt;span style="color: var(--highlight-default)"&gt;$this&lt;/span&gt;&lt;span style="color: var(--highlight-keyword)"&gt;-&amp;gt;&lt;/span&gt;&lt;span style="color: var(--highlight-default)"&gt;extensions&amp;nbsp;&lt;/span&gt;&lt;span style="color: var(--highlight-keyword)"&gt;as&amp;nbsp;&lt;/span&gt;&lt;span style="color: var(--highlight-default)"&gt;$extension&lt;/span&gt;&lt;span style="color: var(--highlight-keyword)"&gt;)&amp;nbsp;{&lt;/span&gt;&lt;/code&gt;&lt;/li&gt;
&lt;li&gt;&lt;code&gt;&lt;span style="color: var(--highlight-keyword)"&gt;&amp;nbsp;&amp;nbsp;&amp;nbsp;&amp;nbsp;&amp;nbsp;&amp;nbsp;&amp;nbsp;&amp;nbsp;&amp;nbsp;&amp;nbsp;&amp;nbsp;&amp;nbsp;if&amp;nbsp;(&lt;/span&gt;&lt;span style="color: var(--highlight-default)"&gt;$extension&amp;nbsp;&lt;/span&gt;&lt;span style="color: var(--highlight-keyword)"&gt;instanceof&amp;nbsp;&lt;/span&gt;&lt;span style="color: var(--highlight-default)"&gt;AfterLastTestHook&lt;/span&gt;&lt;span style="color: var(--highlight-keyword)"&gt;)&amp;nbsp;{&lt;/span&gt;&lt;/code&gt;&lt;/li&gt;
&lt;li&gt;&lt;code&gt;&lt;span style="color: var(--highlight-keyword)"&gt;&amp;nbsp;&amp;nbsp;&amp;nbsp;&amp;nbsp;&amp;nbsp;&amp;nbsp;&amp;nbsp;&amp;nbsp;&amp;nbsp;&amp;nbsp;&amp;nbsp;&amp;nbsp;&amp;nbsp;&amp;nbsp;&amp;nbsp;&amp;nbsp;&lt;/span&gt;&lt;span style="color: var(--highlight-default)"&gt;$extension&lt;/span&gt;&lt;span style="color: var(--highlight-keyword)"&gt;-&amp;gt;&lt;/span&gt;&lt;span style="color: var(--highlight-default)"&gt;executeAfterLastTest&lt;/span&gt;&lt;span style="color: var(--highlight-keyword)"&gt;();&lt;/span&gt;&lt;/code&gt;&lt;/li&gt;
&lt;li&gt;&lt;code&gt;&lt;span style="color: var(--highlight-keyword)"&gt;&amp;nbsp;&amp;nbsp;&amp;nbsp;&amp;nbsp;&amp;nbsp;&amp;nbsp;&amp;nbsp;&amp;nbsp;&amp;nbsp;&amp;nbsp;&amp;nbsp;&amp;nbsp;}&lt;/span&gt;&lt;/code&gt;&lt;/li&gt;&lt;/ol&gt;    &lt;/div&gt;            &lt;/div&gt;
                        &lt;div class="trace-line "&gt;
                &lt;div class="trace-line-header break-long-words sf-toggle" data-toggle-selector="#trace-html-1-25" data-toggle-initial=""&gt;
            &lt;span class="icon icon-close"&gt;&lt;svg width="1792" height="1792" viewBox="0 0 1792 1792" xmlns="http://www.w3.org/2000/svg"&gt;&lt;path d="M1408 960V832q0-26-19-45t-45-19H448q-26 0-45 19t-19 45v128q0 26 19 45t45 19h896q26 0 45-19t19-45zm256-544v960q0 119-84.5 203.5T1376 1664H416q-119 0-203.5-84.5T128 1376V416q0-119 84.5-203.5T416 128h960q119 0 203.5 84.5T1664 416z"/&gt;&lt;/svg&gt;&lt;/span&gt;
        &lt;span class="icon icon-open"&gt;&lt;svg width="1792" height="1792" viewBox="0 0 1792 1792" xmlns="http://www.w3.org/2000/svg"&gt;&lt;path d="M1408 960V832q0-26-19-45t-45-19h-320V448q0-26-19-45t-45-19H832q-26 0-45 19t-19 45v320H448q-26 0-45 19t-19 45v128q0 26 19 45t45 19h320v320q0 26 19 45t45 19h128q26 0 45-19t19-45v-320h320q26 0 45-19t19-45zm256-544v960q0 119-84.5 203.5T1376 1664H416q-119 0-203.5-84.5T128 1376V416q0-119 84.5-203.5T416 128h960q119 0 203.5 84.5T1664 416z"/&gt;&lt;/svg&gt;&lt;/span&gt;
    
            &lt;span class="trace-class"&gt;&lt;abbr title="PHPUnit\TextUI\TestRunner"&gt;TestRunner&lt;/abbr&gt;&lt;/span&gt;&lt;span class="trace-type"&gt;-&gt;&lt;/span&gt;&lt;span class="trace-method"&gt;run&lt;/span&gt;&lt;span class="trace-arguments"&gt;(&lt;em&gt;object&lt;/em&gt;(&lt;abbr title="PHPUnit\Framework\TestSuite"&gt;TestSuite&lt;/abbr&gt;), &lt;em&gt;array&lt;/em&gt;('extensions' =&gt; &lt;em&gt;array&lt;/em&gt;(), 'listGroups' =&gt; &lt;em&gt;false&lt;/em&gt;, 'listSuites' =&gt; &lt;em&gt;false&lt;/em&gt;, 'listTests' =&gt; &lt;em&gt;false&lt;/em&gt;, 'listTestsXml' =&gt; &lt;em&gt;false&lt;/em&gt;, 'loader' =&gt; &lt;em&gt;null&lt;/em&gt;, 'useDefaultConfiguration' =&gt; &lt;em&gt;true&lt;/em&gt;, 'loadedExtensions' =&gt; &lt;em&gt;array&lt;/em&gt;(), 'unavailableExtensions' =&gt; &lt;em&gt;array&lt;/em&gt;(), 'notLoadedExtensions' =&gt; &lt;em&gt;array&lt;/em&gt;(), 'junitLogfile' =&gt; 'test-results.xml', 'testSuffixes' =&gt; &lt;em&gt;array&lt;/em&gt;('Test.php', '.phpt'), 'configuration' =&gt; 'C:\\Users\\sliti\\Desktop\\dev\\esprit-PIDEV-3A16-2526-FARMIA\\phpunit.xml.dist', 'configurationObject' =&gt; &lt;em&gt;object&lt;/em&gt;(&lt;abbr title="PHPUnit\TextUI\XmlConfiguration\Configuration"&gt;Configuration&lt;/abbr&gt;), 'stderr' =&gt; &lt;em&gt;false&lt;/em&gt;, 'columns' =&gt; 80, 'warnings' =&gt; &lt;em&gt;array&lt;/em&gt;(), 'debug' =&gt; &lt;em&gt;false&lt;/em&gt;, 'filter' =&gt; &lt;em&gt;false&lt;/em&gt;, 'listeners' =&gt; &lt;em&gt;array&lt;/em&gt;(), 'backupGlobals' =&gt; &lt;em&gt;false&lt;/em&gt;, 'backupStaticAttributes' =&gt; &lt;em&gt;false&lt;/em&gt;, 'beStrictAboutChangesToGlobalState' =&gt; &lt;em&gt;false&lt;/em&gt;, 'cacheResult' =&gt; &lt;em&gt;true&lt;/em&gt;, 'colors' =&gt; 'auto', 'convertDeprecationsToExceptions' =&gt; &lt;em&gt;false&lt;/em&gt;, 'convertErrorsToExceptions' =&gt; &lt;em&gt;true&lt;/em&gt;, 'convertNoticesToExceptions' =&gt; &lt;em&gt;true&lt;/em&gt;, 'convertWarningsToExceptions' =&gt; &lt;em&gt;true&lt;/em&gt;, 'processIsolation' =&gt; &lt;em&gt;false&lt;/em&gt;, 'stopOnDefect' =&gt; &lt;em&gt;false&lt;/em&gt;, 'stopOnError' =&gt; &lt;em&gt;false&lt;/em&gt;, 'stopOnFailure' =&gt; &lt;em&gt;false&lt;/em&gt;, 'stopOnWarning' =&gt; &lt;em&gt;false&lt;/em&gt;, 'stopOnIncomplete' =&gt; &lt;em&gt;false&lt;/em&gt;, 'stopOnRisky' =&gt; &lt;em&gt;false&lt;/em&gt;, 'stopOnSkipped' =&gt; &lt;em&gt;false&lt;/em&gt;, 'failOnEmptyTestSuite' =&gt; &lt;em&gt;false&lt;/em&gt;, 'failOnIncomplete' =&gt; &lt;em&gt;false&lt;/em&gt;, 'failOnRisky' =&gt; &lt;em&gt;false&lt;/em&gt;, 'failOnSkipped' =&gt; &lt;em&gt;false&lt;/em&gt;, 'failOnWarning' =&gt; &lt;em&gt;false&lt;/em&gt;, 'enforceTimeLimit' =&gt; &lt;em&gt;false&lt;/em&gt;, 'defaultTimeLimit' =&gt; 1, 'timeoutForSmallTests' =&gt; 1, 'timeoutForMediumTests' =&gt; 10, 'timeoutForLargeTests' =&gt; 60, 'reportUselessTests' =&gt; &lt;em&gt;true&lt;/em&gt;, 'strictCoverage' =&gt; &lt;em&gt;false&lt;/em&gt;, 'ignoreDeprecatedCodeUnitsFromCodeCoverage' =&gt; &lt;em&gt;false&lt;/em&gt;, 'disallowTestOutput' =&gt; &lt;em&gt;false&lt;/em&gt;, 'disallowTodoAnnotatedTests' =&gt; &lt;em&gt;false&lt;/em&gt;, 'beStrictAboutResourceUsageDuringSmallTests' =&gt; &lt;em&gt;false&lt;/em&gt;, 'verbose' =&gt; &lt;em&gt;false&lt;/em&gt;, 'reverseDefectList' =&gt; &lt;em&gt;false&lt;/em&gt;, 'forceCoversAnnotation' =&gt; &lt;em&gt;false&lt;/em&gt;, 'disableCodeCoverageIgnore' =&gt; &lt;em&gt;false&lt;/em&gt;, 'registerMockObjectsFromTestArgumentsRecursively' =&gt; &lt;em&gt;false&lt;/em&gt;, 'noInteraction' =&gt; &lt;em&gt;false&lt;/em&gt;, 'executionOrder' =&gt; 0, 'resolveDependencies' =&gt; &lt;em&gt;true&lt;/em&gt;, 'bootstrap' =&gt; 'C:\\Users\\sliti\\Desktop\\dev\\esprit-PIDEV-3A16-2526-FARMIA\\tests/bootstrap.php', 'executionOrderDefects' =&gt; 0, 'crap4jThreshold' =&gt; 30, 'excludeGroups' =&gt; &lt;em&gt;array&lt;/em&gt;(), 'groups' =&gt; &lt;em&gt;array&lt;/em&gt;(), 'randomOrderSeed' =&gt; 1777118040, 'repeat' =&gt; &lt;em&gt;false&lt;/em&gt;, 'reportHighLowerBound' =&gt; 90, 'reportLowUpperBound' =&gt; 50, 'reverseList' =&gt; &lt;em&gt;false&lt;/em&gt;, 'testdoxExcludeGroups' =&gt; &lt;em&gt;array&lt;/em&gt;(), 'testdoxGroups' =&gt; &lt;em&gt;array&lt;/em&gt;(), 'cacheResultFile' =&gt; 'C:\\Users\\sliti\\Desktop\\dev\\esprit-PIDEV-3A16-2526-FARMIA'), &lt;em&gt;array&lt;/em&gt;(), &lt;em&gt;true&lt;/em&gt;)&lt;/span&gt;    
                    &lt;span class="block trace-file-path"&gt;
            in
            &lt;a href="file://C:\Users\sliti\Desktop\dev\esprit-PIDEV-3A16-2526-FARMIA\vendor\phpunit\phpunit\src\TextUI\Command.php#L146"&gt;
                C:\Users\sliti\Desktop\dev\esprit-PIDEV-3A16-2526-FARMIA\vendor\phpunit\phpunit\src\TextUI\&lt;strong&gt;Command.php&lt;/strong&gt;
            &lt;/a&gt;
                        (line 146)
            &lt;span class="icon icon-copy hidden" data-clipboard-text="C:\Users\sliti\Desktop\dev\esprit-PIDEV-3A16-2526-FARMIA\vendor\phpunit\phpunit\src\TextUI\Command.php:146"&gt;
                &lt;svg xmlns="http://www.w3.org/2000/svg" height="24" viewBox="0 0 24 24" width="24"&gt;&lt;path d="M0 0h24v24H0z" fill="none"/&gt;&lt;path d="M16 1H4c-1.1 0-2 .9-2 2v14h2V3h12V1zm3 4H8c-1.1 0-2 .9-2 2v14c0 1.1.9 2 2 2h11c1.1 0 2-.9 2-2V7c0-1.1-.9-2-2-2zm0 16H8V7h11v14z"/&gt;&lt;/svg&gt;            &lt;/span&gt;
        &lt;/span&gt;
    &lt;/div&gt;
    &lt;div id="trace-html-1-25" class="trace-code sf-toggle-content"&gt;
        &lt;ol start="141"&gt;&lt;li&gt;&lt;code&gt;&lt;span style="color: var(--highlight-keyword)"&gt;&amp;nbsp;&amp;nbsp;&amp;nbsp;&amp;nbsp;&amp;nbsp;&amp;nbsp;&amp;nbsp;&amp;nbsp;}&lt;/span&gt;&lt;/code&gt;&lt;/li&gt;
&lt;li&gt;&lt;code&gt;&lt;span style="color: var(--highlight-keyword)"&gt;&lt;/span&gt;&lt;/code&gt;&lt;/li&gt;
&lt;li&gt;&lt;code&gt;&lt;span style="color: var(--highlight-keyword)"&gt;&amp;nbsp;&amp;nbsp;&amp;nbsp;&amp;nbsp;&amp;nbsp;&amp;nbsp;&amp;nbsp;&amp;nbsp;unset(&lt;/span&gt;&lt;span style="color: var(--highlight-default)"&gt;$this&lt;/span&gt;&lt;span style="color: var(--highlight-keyword)"&gt;-&amp;gt;&lt;/span&gt;&lt;span style="color: var(--highlight-default)"&gt;arguments&lt;/span&gt;&lt;span style="color: var(--highlight-keyword)"&gt;[&lt;/span&gt;&lt;span style="color: var(--highlight-string)"&gt;'test'&lt;/span&gt;&lt;span style="color: var(--highlight-keyword)"&gt;],&amp;nbsp;&lt;/span&gt;&lt;span style="color: var(--highlight-default)"&gt;$this&lt;/span&gt;&lt;span style="color: var(--highlight-keyword)"&gt;-&amp;gt;&lt;/span&gt;&lt;span style="color: var(--highlight-default)"&gt;arguments&lt;/span&gt;&lt;span style="color: var(--highlight-keyword)"&gt;[&lt;/span&gt;&lt;span style="color: var(--highlight-string)"&gt;'testFile'&lt;/span&gt;&lt;span style="color: var(--highlight-keyword)"&gt;]);&lt;/span&gt;&lt;/code&gt;&lt;/li&gt;
&lt;li&gt;&lt;code&gt;&lt;span style="color: var(--highlight-keyword)"&gt;&lt;/span&gt;&lt;/code&gt;&lt;/li&gt;
&lt;li&gt;&lt;code&gt;&lt;span style="color: var(--highlight-keyword)"&gt;&amp;nbsp;&amp;nbsp;&amp;nbsp;&amp;nbsp;&amp;nbsp;&amp;nbsp;&amp;nbsp;&amp;nbsp;try&amp;nbsp;{&lt;/span&gt;&lt;/code&gt;&lt;/li&gt;
&lt;li class="selected"&gt;&lt;code&gt;&lt;span style="color: var(--highlight-keyword)"&gt;&amp;nbsp;&amp;nbsp;&amp;nbsp;&amp;nbsp;&amp;nbsp;&amp;nbsp;&amp;nbsp;&amp;nbsp;&amp;nbsp;&amp;nbsp;&amp;nbsp;&amp;nbsp;&lt;/span&gt;&lt;span style="color: var(--highlight-default)"&gt;$result&amp;nbsp;&lt;/span&gt;&lt;span style="color: var(--highlight-keyword)"&gt;=&amp;nbsp;&lt;/span&gt;&lt;span style="color: var(--highlight-default)"&gt;$runner&lt;/span&gt;&lt;span style="color: var(--highlight-keyword)"&gt;-&amp;gt;&lt;/span&gt;&lt;span style="color: var(--highlight-default)"&gt;run&lt;/span&gt;&lt;span style="color: var(--highlight-keyword)"&gt;(&lt;/span&gt;&lt;span style="color: var(--highlight-default)"&gt;$suite&lt;/span&gt;&lt;span style="color: var(--highlight-keyword)"&gt;,&amp;nbsp;&lt;/span&gt;&lt;span style="color: var(--highlight-default)"&gt;$this&lt;/span&gt;&lt;span style="color: var(--highlight-keyword)"&gt;-&amp;gt;&lt;/span&gt;&lt;span style="color: var(--highlight-default)"&gt;arguments&lt;/span&gt;&lt;span style="color: var(--highlight-keyword)"&gt;,&amp;nbsp;&lt;/span&gt;&lt;span style="color: var(--highlight-default)"&gt;$this&lt;/span&gt;&lt;span style="color: var(--highlight-keyword)"&gt;-&amp;gt;&lt;/span&gt;&lt;span style="color: var(--highlight-default)"&gt;warnings&lt;/span&gt;&lt;span style="color: var(--highlight-keyword)"&gt;,&amp;nbsp;&lt;/span&gt;&lt;span style="color: var(--highlight-default)"&gt;$exit&lt;/span&gt;&lt;span style="color: var(--highlight-keyword)"&gt;);&lt;/span&gt;&lt;/code&gt;&lt;/li&gt;
&lt;li&gt;&lt;code&gt;&lt;span style="color: var(--highlight-keyword)"&gt;&amp;nbsp;&amp;nbsp;&amp;nbsp;&amp;nbsp;&amp;nbsp;&amp;nbsp;&amp;nbsp;&amp;nbsp;}&amp;nbsp;catch&amp;nbsp;(&lt;/span&gt;&lt;span style="color: var(--highlight-default)"&gt;Throwable&amp;nbsp;$t&lt;/span&gt;&lt;span style="color: var(--highlight-keyword)"&gt;)&amp;nbsp;{&lt;/span&gt;&lt;/code&gt;&lt;/li&gt;
&lt;li&gt;&lt;code&gt;&lt;span style="color: var(--highlight-keyword)"&gt;&amp;nbsp;&amp;nbsp;&amp;nbsp;&amp;nbsp;&amp;nbsp;&amp;nbsp;&amp;nbsp;&amp;nbsp;&amp;nbsp;&amp;nbsp;&amp;nbsp;&amp;nbsp;print&amp;nbsp;&lt;/span&gt;&lt;span style="color: var(--highlight-default)"&gt;$t&lt;/span&gt;&lt;span style="color: var(--highlight-keyword)"&gt;-&amp;gt;&lt;/span&gt;&lt;span style="color: var(--highlight-default)"&gt;getMessage&lt;/span&gt;&lt;span style="color: var(--highlight-keyword)"&gt;()&amp;nbsp;.&amp;nbsp;&lt;/span&gt;&lt;span style="color: var(--highlight-default)"&gt;PHP_EOL&lt;/span&gt;&lt;span style="color: var(--highlight-keyword)"&gt;;&lt;/span&gt;&lt;/code&gt;&lt;/li&gt;
&lt;li&gt;&lt;code&gt;&lt;span style="color: var(--highlight-keyword)"&gt;&amp;nbsp;&amp;nbsp;&amp;nbsp;&amp;nbsp;&amp;nbsp;&amp;nbsp;&amp;nbsp;&amp;nbsp;}&lt;/span&gt;&lt;/code&gt;&lt;/li&gt;
&lt;li&gt;&lt;code&gt;&lt;span style="color: var(--highlight-keyword)"&gt;&lt;/span&gt;&lt;/code&gt;&lt;/li&gt;
&lt;li&gt;&lt;code&gt;&lt;span style="color: var(--highlight-keyword)"&gt;&amp;nbsp;&amp;nbsp;&amp;nbsp;&amp;nbsp;&amp;nbsp;&amp;nbsp;&amp;nbsp;&amp;nbsp;&lt;/span&gt;&lt;span style="color: var(--highlight-default)"&gt;$return&amp;nbsp;&lt;/span&gt;&lt;span style="color: var(--highlight-keyword)"&gt;=&amp;nbsp;&lt;/span&gt;&lt;span style="color: var(--highlight-default)"&gt;TestRunner&lt;/span&gt;&lt;span style="color: var(--highlight-keyword)"&gt;::&lt;/span&gt;&lt;span style="color: var(--highlight-default)"&gt;FAILURE_EXIT&lt;/span&gt;&lt;span style="color: var(--highlight-keyword)"&gt;;&lt;/span&gt;&lt;/code&gt;&lt;/li&gt;&lt;/ol&gt;    &lt;/div&gt;            &lt;/div&gt;
                        &lt;div class="trace-line "&gt;
                &lt;div class="trace-line-header break-long-words sf-toggle" data-toggle-selector="#trace-html-1-26" data-toggle-initial=""&gt;
            &lt;span class="icon icon-close"&gt;&lt;svg width="1792" height="1792" viewBox="0 0 1792 1792" xmlns="http://www.w3.org/2000/svg"&gt;&lt;path d="M1408 960V832q0-26-19-45t-45-19H448q-26 0-45 19t-19 45v128q0 26 19 45t45 19h896q26 0 45-19t19-45zm256-544v960q0 119-84.5 203.5T1376 1664H416q-119 0-203.5-84.5T128 1376V416q0-119 84.5-203.5T416 128h960q119 0 203.5 84.5T1664 416z"/&gt;&lt;/svg&gt;&lt;/span&gt;
        &lt;span class="icon icon-open"&gt;&lt;svg width="1792" height="1792" viewBox="0 0 1792 1792" xmlns="http://www.w3.org/2000/svg"&gt;&lt;path d="M1408 960V832q0-26-19-45t-45-19h-320V448q0-26-19-45t-45-19H832q-26 0-45 19t-19 45v320H448q-26 0-45 19t-19 45v128q0 26 19 45t45 19h320v320q0 26 19 45t45 19h128q26 0 45-19t19-45v-320h320q26 0 45-19t19-45zm256-544v960q0 119-84.5 203.5T1376 1664H416q-119 0-203.5-84.5T128 1376V416q0-119 84.5-203.5T416 128h960q119 0 203.5 84.5T1664 416z"/&gt;&lt;/svg&gt;&lt;/span&gt;
    
            &lt;span class="trace-class"&gt;&lt;abbr title="PHPUnit\TextUI\Command"&gt;Command&lt;/abbr&gt;&lt;/span&gt;&lt;span class="trace-type"&gt;-&gt;&lt;/span&gt;&lt;span class="trace-method"&gt;run&lt;/span&gt;&lt;span class="trace-arguments"&gt;(&lt;em&gt;array&lt;/em&gt;('bin/phpunit', '--log-junit', 'test-results.xml'), &lt;em&gt;true&lt;/em&gt;)&lt;/span&gt;    
                    &lt;span class="block trace-file-path"&gt;
            in
            &lt;a href="file://C:\Users\sliti\Desktop\dev\esprit-PIDEV-3A16-2526-FARMIA\vendor\phpunit\phpunit\src\TextUI\Command.php#L99"&gt;
                C:\Users\sliti\Desktop\dev\esprit-PIDEV-3A16-2526-FARMIA\vendor\phpunit\phpunit\src\TextUI\&lt;strong&gt;Command.php&lt;/strong&gt;
            &lt;/a&gt;
                        (line 99)
            &lt;span class="icon icon-copy hidden" data-clipboard-text="C:\Users\sliti\Desktop\dev\esprit-PIDEV-3A16-2526-FARMIA\vendor\phpunit\phpunit\src\TextUI\Command.php:99"&gt;
                &lt;svg xmlns="http://www.w3.org/2000/svg" height="24" viewBox="0 0 24 24" width="24"&gt;&lt;path d="M0 0h24v24H0z" fill="none"/&gt;&lt;path d="M16 1H4c-1.1 0-2 .9-2 2v14h2V3h12V1zm3 4H8c-1.1 0-2 .9-2 2v14c0 1.1.9 2 2 2h11c1.1 0 2-.9 2-2V7c0-1.1-.9-2-2-2zm0 16H8V7h11v14z"/&gt;&lt;/svg&gt;            &lt;/span&gt;
        &lt;/span&gt;
    &lt;/div&gt;
    &lt;div id="trace-html-1-26" class="trace-code sf-toggle-content"&gt;
        &lt;ol start="94"&gt;&lt;li&gt;&lt;code&gt;&lt;span style="color: var(--highlight-comment)"&gt;&amp;nbsp;&amp;nbsp;&amp;nbsp;&amp;nbsp;&amp;nbsp;*&amp;nbsp;@throws&amp;nbsp;Exception&lt;/span&gt;&lt;/code&gt;&lt;/li&gt;
&lt;li&gt;&lt;code&gt;&lt;span style="color: var(--highlight-comment)"&gt;&amp;nbsp;&amp;nbsp;&amp;nbsp;&amp;nbsp;&amp;nbsp;*/&lt;/span&gt;&lt;/code&gt;&lt;/li&gt;
&lt;li&gt;&lt;code&gt;&lt;span style="color: var(--highlight-comment)"&gt;&amp;nbsp;&amp;nbsp;&amp;nbsp;&amp;nbsp;&lt;/span&gt;&lt;span style="color: var(--highlight-keyword)"&gt;public&amp;nbsp;static&amp;nbsp;function&amp;nbsp;&lt;/span&gt;&lt;span style="color: var(--highlight-default)"&gt;main&lt;/span&gt;&lt;span style="color: var(--highlight-keyword)"&gt;(&lt;/span&gt;&lt;span style="color: var(--highlight-default)"&gt;bool&amp;nbsp;$exit&amp;nbsp;&lt;/span&gt;&lt;span style="color: var(--highlight-keyword)"&gt;=&amp;nbsp;&lt;/span&gt;&lt;span style="color: var(--highlight-default)"&gt;true&lt;/span&gt;&lt;span style="color: var(--highlight-keyword)"&gt;):&amp;nbsp;&lt;/span&gt;&lt;span style="color: var(--highlight-default)"&gt;int&lt;/span&gt;&lt;/code&gt;&lt;/li&gt;
&lt;li&gt;&lt;code&gt;&lt;span style="color: var(--highlight-default)"&gt;&amp;nbsp;&amp;nbsp;&amp;nbsp;&amp;nbsp;&lt;/span&gt;&lt;span style="color: var(--highlight-keyword)"&gt;{&lt;/span&gt;&lt;/code&gt;&lt;/li&gt;
&lt;li&gt;&lt;code&gt;&lt;span style="color: var(--highlight-keyword)"&gt;&amp;nbsp;&amp;nbsp;&amp;nbsp;&amp;nbsp;&amp;nbsp;&amp;nbsp;&amp;nbsp;&amp;nbsp;try&amp;nbsp;{&lt;/span&gt;&lt;/code&gt;&lt;/li&gt;
&lt;li class="selected"&gt;&lt;code&gt;&lt;span style="color: var(--highlight-keyword)"&gt;&amp;nbsp;&amp;nbsp;&amp;nbsp;&amp;nbsp;&amp;nbsp;&amp;nbsp;&amp;nbsp;&amp;nbsp;&amp;nbsp;&amp;nbsp;&amp;nbsp;&amp;nbsp;return&amp;nbsp;(new&amp;nbsp;static)-&amp;gt;&lt;/span&gt;&lt;span style="color: var(--highlight-default)"&gt;run&lt;/span&gt;&lt;span style="color: var(--highlight-keyword)"&gt;(&lt;/span&gt;&lt;span style="color: var(--highlight-default)"&gt;$_SERVER&lt;/span&gt;&lt;span style="color: var(--highlight-keyword)"&gt;[&lt;/span&gt;&lt;span style="color: var(--highlight-string)"&gt;'argv'&lt;/span&gt;&lt;span style="color: var(--highlight-keyword)"&gt;],&amp;nbsp;&lt;/span&gt;&lt;span style="color: var(--highlight-default)"&gt;$exit&lt;/span&gt;&lt;span style="color: var(--highlight-keyword)"&gt;);&lt;/span&gt;&lt;/code&gt;&lt;/li&gt;
&lt;li&gt;&lt;code&gt;&lt;span style="color: var(--highlight-keyword)"&gt;&amp;nbsp;&amp;nbsp;&amp;nbsp;&amp;nbsp;&amp;nbsp;&amp;nbsp;&amp;nbsp;&amp;nbsp;}&amp;nbsp;catch&amp;nbsp;(&lt;/span&gt;&lt;span style="color: var(--highlight-default)"&gt;Throwable&amp;nbsp;$t&lt;/span&gt;&lt;span style="color: var(--highlight-keyword)"&gt;)&amp;nbsp;{&lt;/span&gt;&lt;/code&gt;&lt;/li&gt;
&lt;li&gt;&lt;code&gt;&lt;span style="color: var(--highlight-keyword)"&gt;&amp;nbsp;&amp;nbsp;&amp;nbsp;&amp;nbsp;&amp;nbsp;&amp;nbsp;&amp;nbsp;&amp;nbsp;&amp;nbsp;&amp;nbsp;&amp;nbsp;&amp;nbsp;throw&amp;nbsp;new&amp;nbsp;&lt;/span&gt;&lt;span style="color: var(--highlight-default)"&gt;RuntimeException&lt;/span&gt;&lt;span style="color: var(--highlight-keyword)"&gt;(&lt;/span&gt;&lt;/code&gt;&lt;/li&gt;
&lt;li&gt;&lt;code&gt;&lt;span style="color: var(--highlight-keyword)"&gt;&amp;nbsp;&amp;nbsp;&amp;nbsp;&amp;nbsp;&amp;nbsp;&amp;nbsp;&amp;nbsp;&amp;nbsp;&amp;nbsp;&amp;nbsp;&amp;nbsp;&amp;nbsp;&amp;nbsp;&amp;nbsp;&amp;nbsp;&amp;nbsp;&lt;/span&gt;&lt;span style="color: var(--highlight-default)"&gt;$t&lt;/span&gt;&lt;span style="color: var(--highlight-keyword)"&gt;-&amp;gt;&lt;/span&gt;&lt;span style="color: var(--highlight-default)"&gt;getMessage&lt;/span&gt;&lt;span style="color: var(--highlight-keyword)"&gt;(),&lt;/span&gt;&lt;/code&gt;&lt;/li&gt;
&lt;li&gt;&lt;code&gt;&lt;span style="color: var(--highlight-keyword)"&gt;&amp;nbsp;&amp;nbsp;&amp;nbsp;&amp;nbsp;&amp;nbsp;&amp;nbsp;&amp;nbsp;&amp;nbsp;&amp;nbsp;&amp;nbsp;&amp;nbsp;&amp;nbsp;&amp;nbsp;&amp;nbsp;&amp;nbsp;&amp;nbsp;(int)&amp;nbsp;&lt;/span&gt;&lt;span style="color: var(--highlight-default)"&gt;$t&lt;/span&gt;&lt;span style="color: var(--highlight-keyword)"&gt;-&amp;gt;&lt;/span&gt;&lt;span style="color: var(--highlight-default)"&gt;getCode&lt;/span&gt;&lt;span style="color: var(--highlight-keyword)"&gt;(),&lt;/span&gt;&lt;/code&gt;&lt;/li&gt;
&lt;li&gt;&lt;code&gt;&lt;span style="color: var(--highlight-keyword)"&gt;&amp;nbsp;&amp;nbsp;&amp;nbsp;&amp;nbsp;&amp;nbsp;&amp;nbsp;&amp;nbsp;&amp;nbsp;&amp;nbsp;&amp;nbsp;&amp;nbsp;&amp;nbsp;&amp;nbsp;&amp;nbsp;&amp;nbsp;&amp;nbsp;&lt;/span&gt;&lt;span style="color: var(--highlight-default)"&gt;$t&lt;/span&gt;&lt;span style="color: var(--highlight-keyword)"&gt;,&lt;/span&gt;&lt;/code&gt;&lt;/li&gt;&lt;/ol&gt;    &lt;/div&gt;            &lt;/div&gt;
                        &lt;div class="trace-line "&gt;
                &lt;div class="trace-line-header break-long-words sf-toggle" data-toggle-selector="#trace-html-1-27" data-toggle-initial=""&gt;
            &lt;span class="icon icon-close"&gt;&lt;svg width="1792" height="1792" viewBox="0 0 1792 1792" xmlns="http://www.w3.org/2000/svg"&gt;&lt;path d="M1408 960V832q0-26-19-45t-45-19H448q-26 0-45 19t-19 45v128q0 26 19 45t45 19h896q26 0 45-19t19-45zm256-544v960q0 119-84.5 203.5T1376 1664H416q-119 0-203.5-84.5T128 1376V416q0-119 84.5-203.5T416 128h960q119 0 203.5 84.5T1664 416z"/&gt;&lt;/svg&gt;&lt;/span&gt;
        &lt;span class="icon icon-open"&gt;&lt;svg width="1792" height="1792" viewBox="0 0 1792 1792" xmlns="http://www.w3.org/2000/svg"&gt;&lt;path d="M1408 960V832q0-26-19-45t-45-19h-320V448q0-26-19-45t-45-19H832q-26 0-45 19t-19 45v320H448q-26 0-45 19t-19 45v128q0 26 19 45t45 19h320v320q0 26 19 45t45 19h128q26 0 45-19t19-45v-320h320q26 0 45-19t19-45zm256-544v960q0 119-84.5 203.5T1376 1664H416q-119 0-203.5-84.5T128 1376V416q0-119 84.5-203.5T416 128h960q119 0 203.5 84.5T1664 416z"/&gt;&lt;/svg&gt;&lt;/span&gt;
    
            &lt;span class="trace-class"&gt;&lt;abbr title="PHPUnit\TextUI\Command"&gt;Command&lt;/abbr&gt;&lt;/span&gt;&lt;span class="trace-type"&gt;::&lt;/span&gt;&lt;span class="trace-method"&gt;main&lt;/span&gt;&lt;span class="trace-arguments"&gt;()&lt;/span&gt;    
                    &lt;span class="block trace-file-path"&gt;
            in
            &lt;a href="file://C:\Users\sliti\Desktop\dev\esprit-PIDEV-3A16-2526-FARMIA\vendor\phpunit\phpunit\phpunit#L107"&gt;
                C:\Users\sliti\Desktop\dev\esprit-PIDEV-3A16-2526-FARMIA\vendor\phpunit\phpunit\&lt;strong&gt;phpunit&lt;/strong&gt;
            &lt;/a&gt;
                        (line 107)
            &lt;span class="icon icon-copy hidden" data-clipboard-text="C:\Users\sliti\Desktop\dev\esprit-PIDEV-3A16-2526-FARMIA\vendor\phpunit\phpunit\phpunit:107"&gt;
                &lt;svg xmlns="http://www.w3.org/2000/svg" height="24" viewBox="0 0 24 24" width="24"&gt;&lt;path d="M0 0h24v24H0z" fill="none"/&gt;&lt;path d="M16 1H4c-1.1 0-2 .9-2 2v14h2V3h12V1zm3 4H8c-1.1 0-2 .9-2 2v14c0 1.1.9 2 2 2h11c1.1 0 2-.9 2-2V7c0-1.1-.9-2-2-2zm0 16H8V7h11v14z"/&gt;&lt;/svg&gt;            &lt;/span&gt;
        &lt;/span&gt;
    &lt;/div&gt;
    &lt;div id="trace-html-1-27" class="trace-code sf-toggle-content"&gt;
        &lt;ol start="102"&gt;&lt;li&gt;&lt;code&gt;&lt;span style="color: var(--highlight-keyword)"&gt;unset(&lt;/span&gt;&lt;span style="color: var(--highlight-default)"&gt;$options&lt;/span&gt;&lt;span style="color: var(--highlight-keyword)"&gt;);&lt;/span&gt;&lt;/code&gt;&lt;/li&gt;
&lt;li&gt;&lt;code&gt;&lt;span style="color: var(--highlight-keyword)"&gt;&lt;/span&gt;&lt;/code&gt;&lt;/li&gt;
&lt;li&gt;&lt;code&gt;&lt;span style="color: var(--highlight-keyword)"&gt;require&amp;nbsp;&lt;/span&gt;&lt;span style="color: var(--highlight-default)"&gt;PHPUNIT_COMPOSER_INSTALL&lt;/span&gt;&lt;span style="color: var(--highlight-keyword)"&gt;;&lt;/span&gt;&lt;/code&gt;&lt;/li&gt;
&lt;li&gt;&lt;code&gt;&lt;span style="color: var(--highlight-keyword)"&gt;&lt;/span&gt;&lt;/code&gt;&lt;/li&gt;
&lt;li&gt;&lt;code&gt;&lt;span style="color: var(--highlight-keyword)"&gt;&lt;/span&gt;&lt;span style="color: var(--highlight-default)"&gt;PHPUnit\TextUI\Command&lt;/span&gt;&lt;span style="color: var(--highlight-keyword)"&gt;::&lt;/span&gt;&lt;span style="color: var(--highlight-default)"&gt;main&lt;/span&gt;&lt;span style="color: var(--highlight-keyword)"&gt;();&lt;/span&gt;&lt;/code&gt;&lt;/li&gt;
&lt;li class="selected"&gt;&lt;code&gt;&lt;span style="color: var(--highlight-keyword)"&gt;&lt;/span&gt;&lt;/code&gt;&lt;/li&gt;&lt;/ol&gt;    &lt;/div&gt;            &lt;/div&gt;
                        &lt;div class="trace-line "&gt;
                &lt;div class="trace-line-header break-long-words sf-toggle" data-toggle-selector="#trace-html-1-28" data-toggle-initial=""&gt;
            &lt;span class="icon icon-close"&gt;&lt;svg width="1792" height="1792" viewBox="0 0 1792 1792" xmlns="http://www.w3.org/2000/svg"&gt;&lt;path d="M1408 960V832q0-26-19-45t-45-19H448q-26 0-45 19t-19 45v128q0 26 19 45t45 19h896q26 0 45-19t19-45zm256-544v960q0 119-84.5 203.5T1376 1664H416q-119 0-203.5-84.5T128 1376V416q0-119 84.5-203.5T416 128h960q119 0 203.5 84.5T1664 416z"/&gt;&lt;/svg&gt;&lt;/span&gt;
        &lt;span class="icon icon-open"&gt;&lt;svg width="1792" height="1792" viewBox="0 0 1792 1792" xmlns="http://www.w3.org/2000/svg"&gt;&lt;path d="M1408 960V832q0-26-19-45t-45-19h-320V448q0-26-19-45t-45-19H832q-26 0-45 19t-19 45v320H448q-26 0-45 19t-19 45v128q0 26 19 45t45 19h320v320q0 26 19 45t45 19h128q26 0 45-19t19-45v-320h320q26 0 45-19t19-45zm256-544v960q0 119-84.5 203.5T1376 1664H416q-119 0-203.5-84.5T128 1376V416q0-119 84.5-203.5T416 128h960q119 0 203.5 84.5T1664 416z"/&gt;&lt;/svg&gt;&lt;/span&gt;
    
            &lt;span class="trace-class"&gt;&lt;abbr title=""&gt;&lt;/abbr&gt;&lt;/span&gt;&lt;span class="trace-method"&gt;require&lt;/span&gt;&lt;span class="trace-arguments"&gt;('C:\\Users\\sliti\\Desktop\\dev\\esprit-PIDEV-3A16-2526-FARMIA\\vendor\\phpunit\\phpunit\\phpunit')&lt;/span&gt;    
                    &lt;span class="block trace-file-path"&gt;
            in
            &lt;a href="file://C:\Users\sliti\Desktop\dev\esprit-PIDEV-3A16-2526-FARMIA\bin\phpunit#L10"&gt;
                C:\Users\sliti\Desktop\dev\esprit-PIDEV-3A16-2526-FARMIA\bin\&lt;strong&gt;phpunit&lt;/strong&gt;
            &lt;/a&gt;
                        (line 10)
            &lt;span class="icon icon-copy hidden" data-clipboard-text="C:\Users\sliti\Desktop\dev\esprit-PIDEV-3A16-2526-FARMIA\bin\phpunit:10"&gt;
                &lt;svg xmlns="http://www.w3.org/2000/svg" height="24" viewBox="0 0 24 24" width="24"&gt;&lt;path d="M0 0h24v24H0z" fill="none"/&gt;&lt;path d="M16 1H4c-1.1 0-2 .9-2 2v14h2V3h12V1zm3 4H8c-1.1 0-2 .9-2 2v14c0 1.1.9 2 2 2h11c1.1 0 2-.9 2-2V7c0-1.1-.9-2-2-2zm0 16H8V7h11v14z"/&gt;&lt;/svg&gt;            &lt;/span&gt;
        &lt;/span&gt;
    &lt;/div&gt;
    &lt;div id="trace-html-1-28" class="trace-code sf-toggle-content"&gt;
        &lt;ol start="5"&gt;&lt;li&gt;&lt;code&gt;&lt;span style="color: var(--highlight-keyword)"&gt;}&#13;&lt;/span&gt;&lt;/code&gt;&lt;/li&gt;
&lt;li&gt;&lt;code&gt;&lt;span style="color: var(--highlight-keyword)"&gt;&#13;&lt;/span&gt;&lt;/code&gt;&lt;/li&gt;
&lt;li&gt;&lt;code&gt;&lt;span style="color: var(--highlight-keyword)"&gt;if&amp;nbsp;(&lt;/span&gt;&lt;span style="color: var(--highlight-default)"&gt;is_file&lt;/span&gt;&lt;span style="color: var(--highlight-keyword)"&gt;(&lt;/span&gt;&lt;span style="color: var(--highlight-default)"&gt;dirname&lt;/span&gt;&lt;span style="color: var(--highlight-keyword)"&gt;(&lt;/span&gt;&lt;span style="color: var(--highlight-default)"&gt;__DIR__&lt;/span&gt;&lt;span style="color: var(--highlight-keyword)"&gt;).&lt;/span&gt;&lt;span style="color: var(--highlight-string)"&gt;'/vendor/phpunit/phpunit/phpunit'&lt;/span&gt;&lt;span style="color: var(--highlight-keyword)"&gt;))&amp;nbsp;{&#13;&lt;/span&gt;&lt;/code&gt;&lt;/li&gt;
&lt;li&gt;&lt;code&gt;&lt;span style="color: var(--highlight-keyword)"&gt;&amp;nbsp;&amp;nbsp;&amp;nbsp;&amp;nbsp;if&amp;nbsp;(&lt;/span&gt;&lt;span style="color: var(--highlight-default)"&gt;PHP_VERSION_ID&amp;nbsp;&lt;/span&gt;&lt;span style="color: var(--highlight-keyword)"&gt;&amp;gt;=&amp;nbsp;&lt;/span&gt;&lt;span style="color: var(--highlight-default)"&gt;80000&lt;/span&gt;&lt;span style="color: var(--highlight-keyword)"&gt;)&amp;nbsp;{&#13;&lt;/span&gt;&lt;/code&gt;&lt;/li&gt;
&lt;li&gt;&lt;code&gt;&lt;span style="color: var(--highlight-keyword)"&gt;&amp;nbsp;&amp;nbsp;&amp;nbsp;&amp;nbsp;&amp;nbsp;&amp;nbsp;&amp;nbsp;&amp;nbsp;require&amp;nbsp;&lt;/span&gt;&lt;span style="color: var(--highlight-default)"&gt;dirname&lt;/span&gt;&lt;span style="color: var(--highlight-keyword)"&gt;(&lt;/span&gt;&lt;span style="color: var(--highlight-default)"&gt;__DIR__&lt;/span&gt;&lt;span style="color: var(--highlight-keyword)"&gt;).&lt;/span&gt;&lt;span style="color: var(--highlight-string)"&gt;'/vendor/phpunit/phpunit/phpunit'&lt;/span&gt;&lt;span style="color: var(--highlight-keyword)"&gt;;&#13;&lt;/span&gt;&lt;/code&gt;&lt;/li&gt;
&lt;li class="selected"&gt;&lt;code&gt;&lt;span style="color: var(--highlight-keyword)"&gt;&amp;nbsp;&amp;nbsp;&amp;nbsp;&amp;nbsp;}&amp;nbsp;else&amp;nbsp;{&#13;&lt;/span&gt;&lt;/code&gt;&lt;/li&gt;
&lt;li&gt;&lt;code&gt;&lt;span style="color: var(--highlight-keyword)"&gt;&amp;nbsp;&amp;nbsp;&amp;nbsp;&amp;nbsp;&amp;nbsp;&amp;nbsp;&amp;nbsp;&amp;nbsp;&lt;/span&gt;&lt;span style="color: var(--highlight-default)"&gt;define&lt;/span&gt;&lt;span style="color: var(--highlight-keyword)"&gt;(&lt;/span&gt;&lt;span style="color: var(--highlight-string)"&gt;'PHPUNIT_COMPOSER_INSTALL'&lt;/span&gt;&lt;span style="color: var(--highlight-keyword)"&gt;,&amp;nbsp;&lt;/span&gt;&lt;span style="color: var(--highlight-default)"&gt;dirname&lt;/span&gt;&lt;span style="color: var(--highlight-keyword)"&gt;(&lt;/span&gt;&lt;span style="color: var(--highlight-default)"&gt;__DIR__&lt;/span&gt;&lt;span style="color: var(--highlight-keyword)"&gt;).&lt;/span&gt;&lt;span style="color: var(--highlight-string)"&gt;'/vendor/autoload.php'&lt;/span&gt;&lt;span style="color: var(--highlight-keyword)"&gt;);&#13;&lt;/span&gt;&lt;/code&gt;&lt;/li&gt;
&lt;li&gt;&lt;code&gt;&lt;span style="color: var(--highlight-keyword)"&gt;&amp;nbsp;&amp;nbsp;&amp;nbsp;&amp;nbsp;&amp;nbsp;&amp;nbsp;&amp;nbsp;&amp;nbsp;require&amp;nbsp;&lt;/span&gt;&lt;span style="color: var(--highlight-default)"&gt;PHPUNIT_COMPOSER_INSTALL&lt;/span&gt;&lt;span style="color: var(--highlight-keyword)"&gt;;&#13;&lt;/span&gt;&lt;/code&gt;&lt;/li&gt;
&lt;li&gt;&lt;code&gt;&lt;span style="color: var(--highlight-keyword)"&gt;&amp;nbsp;&amp;nbsp;&amp;nbsp;&amp;nbsp;&amp;nbsp;&amp;nbsp;&amp;nbsp;&amp;nbsp;&lt;/span&gt;&lt;span style="color: var(--highlight-default)"&gt;PHPUnit\TextUI\Command&lt;/span&gt;&lt;span style="color: var(--highlight-keyword)"&gt;::&lt;/span&gt;&lt;span style="color: var(--highlight-default)"&gt;main&lt;/span&gt;&lt;span style="color: var(--highlight-keyword)"&gt;();&#13;&lt;/span&gt;&lt;/code&gt;&lt;/li&gt;
&lt;li&gt;&lt;code&gt;&lt;span style="color: var(--highlight-keyword)"&gt;&amp;nbsp;&amp;nbsp;&amp;nbsp;&amp;nbsp;}&#13;&lt;/span&gt;&lt;/code&gt;&lt;/li&gt;
&lt;li&gt;&lt;code&gt;&lt;span style="color: var(--highlight-keyword)"&gt;}&amp;nbsp;else&amp;nbsp;{&#13;&lt;/span&gt;&lt;/code&gt;&lt;/li&gt;&lt;/ol&gt;    &lt;/div&gt;            &lt;/div&gt;
                    &lt;/div&gt;
    &lt;/div&gt;
&lt;/div&gt;            &lt;/div&gt;
        &lt;/div&gt;

        
        &lt;div class="tab"&gt;
            &lt;h3 class="tab-title"&gt;
                                    Stack Trace
                            &lt;/h3&gt;

            &lt;div class="tab-content"&gt;
                &lt;table class="trace trace-as-text"&gt;
    &lt;thead class="trace-head"&gt;
        &lt;tr&gt;
            &lt;th class="sf-toggle" data-toggle-selector="#trace-text-1" data-toggle-initial="display"&gt;
                &lt;div class="trace-class"&gt;
                                        LoaderError                    &lt;span class="icon icon-close"&gt;&lt;svg width="1792" height="1792" viewBox="0 0 1792 1792" xmlns="http://www.w3.org/2000/svg"&gt;&lt;path d="M1344 800v64q0 14-9 23t-23 9H480q-14 0-23-9t-9-23v-64q0-14 9-23t23-9h832q14 0 23 9t9 23zm128 448V416q0-66-47-113t-113-47H480q-66 0-113 47t-47 113v832q0 66 47 113t113 47h832q66 0 113-47t47-113zm128-832v832q0 119-84.5 203.5T1312 1536H480q-119 0-203.5-84.5T192 1248V416q0-119 84.5-203.5T480 128h832q119 0 203.5 84.5T1600 416z"/&gt;&lt;/svg&gt;&lt;/span&gt;
                    &lt;span class="icon icon-open"&gt;&lt;svg width="1792" height="1792" viewBox="0 0 1792 1792" xmlns="http://www.w3.org/2000/svg"&gt;&lt;path d="M1344 800v64q0 14-9 23t-23 9H960v352q0 14-9 23t-23 9h-64q-14 0-23-9t-9-23V896H480q-14 0-23-9t-9-23v-64q0-14 9-23t23-9h352V416q0-14 9-23t23-9h64q14 0 23 9t9 23v352h352q14 0 23 9t9 23zm128 448V416q0-66-47-113t-113-47H480q-66 0-113 47t-47 113v832q0 66 47 113t113 47h832q66 0 113-47t47-113zm128-832v832q0 119-84.5 203.5T1312 1536H480q-119 0-203.5-84.5T192 1248V416q0-119 84.5-203.5T480 128h832q119 0 203.5 84.5T1600 416z"/&gt;&lt;/svg&gt;&lt;/span&gt;
                &lt;/div&gt;
            &lt;/th&gt;
        &lt;/tr&gt;
    &lt;/thead&gt;

    &lt;tbody id="trace-text-1"&gt;
        &lt;tr&gt;
            &lt;td&gt;
                                &lt;pre class="stacktrace"&gt;
Twig\Error\LoaderError:
Unable to find template &amp;quot;dashboard/default.html.twig&amp;quot; (looked into: C:\Users\sliti\Desktop\dev\esprit-PIDEV-3A16-2526-FARMIA/templates, C:\Users\sliti\Desktop\dev\esprit-PIDEV-3A16-2526-FARMIA\vendor\symfony\twig-bridge/Resources/views/Form).

  at C:\Users\sliti\Desktop\dev\esprit-PIDEV-3A16-2526-FARMIA\vendor\twig\twig\src\Loader\FilesystemLoader.php:234
  at Twig\Loader\FilesystemLoader-&amp;gt;findTemplate('dashboard/default.html.twig')
     (C:\Users\sliti\Desktop\dev\esprit-PIDEV-3A16-2526-FARMIA\vendor\twig\twig\src\Loader\FilesystemLoader.php:138)
  at Twig\Loader\FilesystemLoader-&amp;gt;getCacheKey('dashboard/default.html.twig')
     (C:\Users\sliti\Desktop\dev\esprit-PIDEV-3A16-2526-FARMIA\vendor\twig\twig\src\Environment.php:317)
  at Twig\Environment-&amp;gt;getTemplateClass('dashboard/default.html.twig')
     (C:\Users\sliti\Desktop\dev\esprit-PIDEV-3A16-2526-FARMIA\vendor\twig\twig\src\Environment.php:370)
  at Twig\Environment-&amp;gt;load('dashboard/default.html.twig')
     (C:\Users\sliti\Desktop\dev\esprit-PIDEV-3A16-2526-FARMIA\vendor\twig\twig\src\Environment.php:333)
  at Twig\Environment-&amp;gt;render('dashboard/default.html.twig', array('user' =&gt; object(User)))
     (C:\Users\sliti\Desktop\dev\esprit-PIDEV-3A16-2526-FARMIA\vendor\symfony\framework-bundle\Controller\AbstractController.php:452)
  at Symfony\Bundle\FrameworkBundle\Controller\AbstractController-&amp;gt;doRenderView('dashboard/default.html.twig', null, array('user' =&gt; object(User)), 'render')
     (C:\Users\sliti\Desktop\dev\esprit-PIDEV-3A16-2526-FARMIA\vendor\symfony\framework-bundle\Controller\AbstractController.php:457)
  at Symfony\Bundle\FrameworkBundle\Controller\AbstractController-&amp;gt;doRender('dashboard/default.html.twig', null, array('user' =&gt; object(User)), null, 'render')
     (C:\Users\sliti\Desktop\dev\esprit-PIDEV-3A16-2526-FARMIA\vendor\symfony\framework-bundle\Controller\AbstractController.php:257)
  at Symfony\Bundle\FrameworkBundle\Controller\AbstractController-&amp;gt;render('dashboard/default.html.twig', array('user' =&gt; object(User)))
     (C:\Users\sliti\Desktop\dev\esprit-PIDEV-3A16-2526-FARMIA\src\Controller\Web\DashboardController.php:33)
  at App\Controller\Web\DashboardController-&amp;gt;index()
     (C:\Users\sliti\Desktop\dev\esprit-PIDEV-3A16-2526-FARMIA\vendor\symfony\http-kernel\HttpKernel.php:181)
  at Symfony\Component\HttpKernel\HttpKernel-&amp;gt;handleRaw(object(Request), 1)
     (C:\Users\sliti\Desktop\dev\esprit-PIDEV-3A16-2526-FARMIA\vendor\symfony\http-kernel\HttpKernel.php:76)
  at Symfony\Component\HttpKernel\HttpKernel-&amp;gt;handle(object(Request), 1, true)
     (C:\Users\sliti\Desktop\dev\esprit-PIDEV-3A16-2526-FARMIA\vendor\symfony\http-kernel\Kernel.php:208)
  at Symfony\Component\HttpKernel\Kernel-&amp;gt;handle(object(Request), 1, true)
     (C:\Users\sliti\Desktop\dev\esprit-PIDEV-3A16-2526-FARMIA\vendor\symfony\http-kernel\HttpKernelBrowser.php:65)
  at Symfony\Component\HttpKernel\HttpKernelBrowser-&amp;gt;doRequest(object(Request))
     (C:\Users\sliti\Desktop\dev\esprit-PIDEV-3A16-2526-FARMIA\vendor\symfony\framework-bundle\KernelBrowser.php:175)
  at Symfony\Bundle\FrameworkBundle\KernelBrowser-&amp;gt;doRequest(object(Request))
     (C:\Users\sliti\Desktop\dev\esprit-PIDEV-3A16-2526-FARMIA\vendor\symfony\browser-kit\AbstractBrowser.php:385)
  at Symfony\Component\BrowserKit\AbstractBrowser-&amp;gt;request('GET', 'http://localhost/dashboard', array(), array(), array('HTTP_USER_AGENT' =&gt; 'Symfony BrowserKit', 'HTTP_HOST' =&gt; 'localhost', 'HTTPS' =&gt; false, 'HTTP_REFERER' =&gt; 'http://localhost/'), null)
     (C:\Users\sliti\Desktop\dev\esprit-PIDEV-3A16-2526-FARMIA\vendor\symfony\browser-kit\AbstractBrowser.php:585)
  at Symfony\Component\BrowserKit\AbstractBrowser-&amp;gt;followRedirect()
     (C:\Users\sliti\Desktop\dev\esprit-PIDEV-3A16-2526-FARMIA\tests\Functional\TemplateRenderingTest.php:110)
  at App\Tests\Functional\TemplateRenderingTest-&amp;gt;testBaseLayoutRenders()
     (C:\Users\sliti\Desktop\dev\esprit-PIDEV-3A16-2526-FARMIA\vendor\phpunit\phpunit\src\Framework\TestCase.php:1617)
  at PHPUnit\Framework\TestCase-&amp;gt;runTest()
     (C:\Users\sliti\Desktop\dev\esprit-PIDEV-3A16-2526-FARMIA\vendor\phpunit\phpunit\src\Framework\TestCase.php:1223)
  at PHPUnit\Framework\TestCase-&amp;gt;runBare()
     (C:\Users\sliti\Desktop\dev\esprit-PIDEV-3A16-2526-FARMIA\vendor\phpunit\phpunit\src\Framework\TestResult.php:729)
  at PHPUnit\Framework\TestResult-&amp;gt;run(object(TemplateRenderingTest))
     (C:\Users\sliti\Desktop\dev\esprit-PIDEV-3A16-2526-FARMIA\vendor\phpunit\phpunit\src\Framework\TestCase.php:973)
  at PHPUnit\Framework\TestCase-&amp;gt;run(object(TestResult))
     (C:\Users\sliti\Desktop\dev\esprit-PIDEV-3A16-2526-FARMIA\vendor\phpunit\phpunit\src\Framework\TestSuite.php:685)
  at PHPUnit\Framework\TestSuite-&amp;gt;run(object(TestResult))
     (C:\Users\sliti\Desktop\dev\esprit-PIDEV-3A16-2526-FARMIA\vendor\phpunit\phpunit\src\Framework\TestSuite.php:685)
  at PHPUnit\Framework\TestSuite-&amp;gt;run(object(TestResult))
     (C:\Users\sliti\Desktop\dev\esprit-PIDEV-3A16-2526-FARMIA\vendor\phpunit\phpunit\src\Framework\TestSuite.php:685)
  at PHPUnit\Framework\TestSuite-&amp;gt;run(object(TestResult))
     (C:\Users\sliti\Desktop\dev\esprit-PIDEV-3A16-2526-FARMIA\vendor\phpunit\phpunit\src\TextUI\TestRunner.php:651)
  at PHPUnit\TextUI\TestRunner-&amp;gt;run(object(TestSuite), array('extensions' =&gt; array(), 'listGroups' =&gt; false, 'listSuites' =&gt; false, 'listTests' =&gt; false, 'listTestsXml' =&gt; false, 'loader' =&gt; null, 'useDefaultConfiguration' =&gt; true, 'loadedExtensions' =&gt; array(), 'unavailableExtensions' =&gt; array(), 'notLoadedExtensions' =&gt; array(), 'junitLogfile' =&gt; 'test-results.xml', 'testSuffixes' =&gt; array('Test.php', '.phpt'), 'configuration' =&gt; 'C:\\Users\\sliti\\Desktop\\dev\\esprit-PIDEV-3A16-2526-FARMIA\\phpunit.xml.dist', 'configurationObject' =&gt; object(Configuration), 'stderr' =&gt; false, 'columns' =&gt; 80, 'warnings' =&gt; array(), 'debug' =&gt; false, 'filter' =&gt; false, 'listeners' =&gt; array(), 'backupGlobals' =&gt; false, 'backupStaticAttributes' =&gt; false, 'beStrictAboutChangesToGlobalState' =&gt; false, 'cacheResult' =&gt; true, 'colors' =&gt; 'auto', 'convertDeprecationsToExceptions' =&gt; false, 'convertErrorsToExceptions' =&gt; true, 'convertNoticesToExceptions' =&gt; true, 'convertWarningsToExceptions' =&gt; true, 'processIsolation' =&gt; false, 'stopOnDefect' =&gt; false, 'stopOnError' =&gt; false, 'stopOnFailure' =&gt; false, 'stopOnWarning' =&gt; false, 'stopOnIncomplete' =&gt; false, 'stopOnRisky' =&gt; false, 'stopOnSkipped' =&gt; false, 'failOnEmptyTestSuite' =&gt; false, 'failOnIncomplete' =&gt; false, 'failOnRisky' =&gt; false, 'failOnSkipped' =&gt; false, 'failOnWarning' =&gt; false, 'enforceTimeLimit' =&gt; false, 'defaultTimeLimit' =&gt; 1, 'timeoutForSmallTests' =&gt; 1, 'timeoutForMediumTests' =&gt; 10, 'timeoutForLargeTests' =&gt; 60, 'reportUselessTests' =&gt; true, 'strictCoverage' =&gt; false, 'ignoreDeprecatedCodeUnitsFromCodeCoverage' =&gt; false, 'disallowTestOutput' =&gt; false, 'disallowTodoAnnotatedTests' =&gt; false, 'beStrictAboutResourceUsageDuringSmallTests' =&gt; false, 'verbose' =&gt; false, 'reverseDefectList' =&gt; false, 'forceCoversAnnotation' =&gt; false, 'disableCodeCoverageIgnore' =&gt; false, 'registerMockObjectsFromTestArgumentsRecursively' =&gt; false, 'noInteraction' =&gt; false, 'executionOrder' =&gt; 0, 'resolveDependencies' =&gt; true, 'bootstrap' =&gt; 'C:\\Users\\sliti\\Desktop\\dev\\esprit-PIDEV-3A16-2526-FARMIA\\tests/bootstrap.php', 'executionOrderDefects' =&gt; 0, 'crap4jThreshold' =&gt; 30, 'excludeGroups' =&gt; array(), 'groups' =&gt; array(), 'randomOrderSeed' =&gt; 1777118040, 'repeat' =&gt; false, 'reportHighLowerBound' =&gt; 90, 'reportLowUpperBound' =&gt; 50, 'reverseList' =&gt; false, 'testdoxExcludeGroups' =&gt; array(), 'testdoxGroups' =&gt; array(), 'cacheResultFile' =&gt; 'C:\\Users\\sliti\\Desktop\\dev\\esprit-PIDEV-3A16-2526-FARMIA'), array(), true)
     (C:\Users\sliti\Desktop\dev\esprit-PIDEV-3A16-2526-FARMIA\vendor\phpunit\phpunit\src\TextUI\Command.php:146)
  at PHPUnit\TextUI\Command-&amp;gt;run(array('bin/phpunit', '--log-junit', 'test-results.xml'), true)
     (C:\Users\sliti\Desktop\dev\esprit-PIDEV-3A16-2526-FARMIA\vendor\phpunit\phpunit\src\TextUI\Command.php:99)
  at PHPUnit\TextUI\Command::main()
     (C:\Users\sliti\Desktop\dev\esprit-PIDEV-3A16-2526-FARMIA\vendor\phpunit\phpunit\phpunit:107)
  at require('C:\\Users\\sliti\\Desktop\\dev\\esprit-PIDEV-3A16-2526-FARMIA\\vendor\\phpunit\\phpunit\\phpunit')
     (C:\Users\sliti\Desktop\dev\esprit-PIDEV-3A16-2526-FARMIA\bin\phpunit:10)                &lt;/pre&gt;
                            &lt;/td&gt;
        &lt;/tr&gt;
    &lt;/tbody&gt;
&lt;/table&gt;            &lt;/div&gt;
        &lt;/div&gt;

            &lt;/div&gt;
&lt;/div&gt;
        &lt;script&gt;
            /* This file is based on WebProfilerBundle/Resources/views/Profiler/base_js.html.twig.
   If you make any change in this file, verify the same change is needed in the other file. */
/*&lt;![CDATA[*/
(function() {
    "use strict";

    if ('classList' in document.documentElement) {
        var hasClass = function (el, cssClass) { return el.classList.contains(cssClass); };
        var removeClass = function(el, cssClass) { el.classList.remove(cssClass); };
        var addClass = function(el, cssClass) { el.classList.add(cssClass); };
        var toggleClass = function(el, cssClass) { el.classList.toggle(cssClass); };
    } else {
        var hasClass = function (el, cssClass) { return el.className.match(new RegExp('\\b' + cssClass + '\\b')); };
        var removeClass = function(el, cssClass) { el.className = el.className.replace(new RegExp('\\b' + cssClass + '\\b'), ' '); };
        var addClass = function(el, cssClass) { if (!hasClass(el, cssClass)) { el.className += " " + cssClass; } };
        var toggleClass = function(el, cssClass) { hasClass(el, cssClass) ? removeClass(el, cssClass) : addClass(el, cssClass); };
    }

    var addEventListener;

    var el = document.createElement('div');
    if (!('addEventListener' in el)) {
        addEventListener = function (element, eventName, callback) {
            element.attachEvent('on' + eventName, callback);
        };
    } else {
        addEventListener = function (element, eventName, callback) {
            element.addEventListener(eventName, callback, false);
        };
    }

    if (navigator.clipboard) {
        document.querySelectorAll('[data-clipboard-text]').forEach(function(element) {
            removeClass(element, 'hidden');
            element.addEventListener('click', function() {
                navigator.clipboard.writeText(element.getAttribute('data-clipboard-text'));
            })
        });
    }

    (function createTabs() {
        /* the accessibility options of this component have been defined according to: */
        /* www.w3.org/WAI/ARIA/apg/example-index/tabs/tabs-manual.html */
        var tabGroups = document.querySelectorAll('.sf-tabs:not([data-processed=true])');

        /* create the tab navigation for each group of tabs */
        for (var i = 0; i &lt; tabGroups.length; i++) {
            var tabs = tabGroups[i].querySelectorAll(':scope &gt; .tab');
            var tabNavigation = document.createElement('div');
            tabNavigation.className = 'tab-navigation';
            tabNavigation.setAttribute('role', 'tablist');

            var selectedTabId = 'tab-' + i + '-0'; /* select the first tab by default */
            for (var j = 0; j &lt; tabs.length; j++) {
                var tabId = 'tab-' + i + '-' + j;
                var tabTitle = tabs[j].querySelector('.tab-title').innerHTML;

                var tabNavigationItem = document.createElement('button');
                addClass(tabNavigationItem, 'tab-control');
                tabNavigationItem.setAttribute('data-tab-id', tabId);
                tabNavigationItem.setAttribute('role', 'tab');
                tabNavigationItem.setAttribute('aria-controls', tabId);
                if (hasClass(tabs[j], 'active')) { selectedTabId = tabId; }
                if (hasClass(tabs[j], 'disabled')) {
                    addClass(tabNavigationItem, 'disabled');
                }
                tabNavigationItem.innerHTML = tabTitle;
                tabNavigation.appendChild(tabNavigationItem);

                var tabContent = tabs[j].querySelector('.tab-content');
                tabContent.parentElement.setAttribute('id', tabId);
            }

            tabGroups[i].insertBefore(tabNavigation, tabGroups[i].firstChild);
            addClass(document.querySelector('[data-tab-id="' + selectedTabId + '"]'), 'active');
        }

        /* display the active tab and add the 'click' event listeners */
        for (i = 0; i &lt; tabGroups.length; i++) {
            tabNavigation = tabGroups[i].querySelectorAll(':scope &gt; .tab-navigation .tab-control');

            for (j = 0; j &lt; tabNavigation.length; j++) {
                tabId = tabNavigation[j].getAttribute('data-tab-id');
                var tabPanel = document.getElementById(tabId);
                tabPanel.setAttribute('role', 'tabpanel');
                tabPanel.setAttribute('aria-labelledby', tabId);
                tabPanel.querySelector('.tab-title').className = 'hidden';

                if (hasClass(tabNavigation[j], 'active')) {
                    tabPanel.className = 'block';
                    tabNavigation[j].setAttribute('aria-selected', 'true');
                    tabNavigation[j].removeAttribute('tabindex');
                } else {
                    tabPanel.className = 'hidden';
                    tabNavigation[j].removeAttribute('aria-selected');
                    tabNavigation[j].setAttribute('tabindex', '-1');
                }

                tabNavigation[j].addEventListener('click', function(e) {
                    var activeTab = e.target || e.srcElement;

                    /* needed because when the tab contains HTML contents, user can click */
                    /* on any of those elements instead of their parent '&lt;button&gt;' element */
                    while (activeTab.tagName.toLowerCase() !== 'button') {
                        activeTab = activeTab.parentNode;
                    }

                    /* get the full list of tabs through the parent of the active tab element */
                    var tabNavigation = activeTab.parentNode.children;
                    for (var k = 0; k &lt; tabNavigation.length; k++) {
                        var tabId = tabNavigation[k].getAttribute('data-tab-id');
                        document.getElementById(tabId).className = 'hidden';
                        removeClass(tabNavigation[k], 'active');
                        tabNavigation[k].removeAttribute('aria-selected');
                        tabNavigation[k].setAttribute('tabindex', '-1');
                    }

                    addClass(activeTab, 'active');
                    activeTab.setAttribute('aria-selected', 'true');
                    activeTab.removeAttribute('tabindex');
                    var activeTabId = activeTab.getAttribute('data-tab-id');
                    document.getElementById(activeTabId).className = 'block';
                });
            }

            tabGroups[i].setAttribute('data-processed', 'true');
        }
    })();

    (function createToggles() {
        var toggles = document.querySelectorAll('.sf-toggle:not([data-processed=true])');

        for (var i = 0; i &lt; toggles.length; i++) {
            var elementSelector = toggles[i].getAttribute('data-toggle-selector');
            var element = document.querySelector(elementSelector);

            addClass(element, 'sf-toggle-content');

            if (toggles[i].hasAttribute('data-toggle-initial') &amp;&amp; toggles[i].getAttribute('data-toggle-initial') == 'display') {
                addClass(toggles[i], 'sf-toggle-on');
                addClass(element, 'sf-toggle-visible');
            } else {
                addClass(toggles[i], 'sf-toggle-off');
                addClass(element, 'sf-toggle-hidden');
            }

            addEventListener(toggles[i], 'click', function(e) {
                var toggle = e.currentTarget;

                if (e.target.closest('a, span[data-clipboard-text], .sf-toggle') !== toggle) {
                    return;
                }

                e.preventDefault();

                if ('' !== window.getSelection().toString()) {
                    /* Don't do anything on text selection */
                    return;
                }

                var element = document.querySelector(toggle.getAttribute('data-toggle-selector'));

                toggleClass(toggle, 'sf-toggle-on');
                toggleClass(toggle, 'sf-toggle-off');
                toggleClass(element, 'sf-toggle-hidden');
                toggleClass(element, 'sf-toggle-visible');

                /* the toggle doesn't change its contents when clicking on it */
                if (!toggle.hasAttribute('data-toggle-alt-content')) {
                    return;
                }

                if (!toggle.hasAttribute('data-toggle-original-content')) {
                    toggle.setAttribute('data-toggle-original-content', toggle.innerHTML);
                }

                var currentContent = toggle.innerHTML;
                var originalContent = toggle.getAttribute('data-toggle-original-content');
                var altContent = toggle.getAttribute('data-toggle-alt-content');
                toggle.innerHTML = currentContent !== altContent ? altContent : originalContent;
            });

            toggles[i].setAttribute('data-processed', 'true');
        }
    })();

    (function createFilters() {
        document.querySelectorAll('[data-filters] [data-filter]').forEach(function (filter) {
            var filters = filter.closest('[data-filters]'),
                type = 'choice',
                name = filter.dataset.filter,
                ucName = name.charAt(0).toUpperCase()+name.slice(1),
                list = document.createElement('ul'),
                values = filters.dataset['filter'+ucName] || filters.querySelectorAll('[data-filter-'+name+']'),
                labels = {},
                defaults = null,
                indexed = {},
                processed = {};
            if (typeof values === 'string') {
                type = 'level';
                labels = values.split(',');
                values = values.toLowerCase().split(',');
                defaults = values.length - 1;
            }
            addClass(list, 'filter-list');
            addClass(list, 'filter-list-'+type);
            values.forEach(function (value, i) {
                if (value instanceof HTMLElement) {
                    value = value.dataset['filter'+ucName];
                }
                if (value in processed) {
                    return;
                }
                var option = document.createElement('li'),
                    label = i in labels ? labels[i] : value,
                    active = false,
                    matches;
                if ('' === label) {
                    option.innerHTML = '&lt;em&gt;(none)&lt;/em&gt;';
                } else {
                    option.innerText = label;
                }
                option.dataset.filter = value;
                option.setAttribute('title', 1 === (matches = filters.querySelectorAll('[data-filter-'+name+'="'+value+'"]').length) ? 'Matches 1 row' : 'Matches '+matches+' rows');
                indexed[value] = i;
                list.appendChild(option);
                addEventListener(option, 'click', function () {
                    if ('choice' === type) {
                        filters.querySelectorAll('[data-filter-'+name+']').forEach(function (row) {
                            if (option.dataset.filter === row.dataset['filter'+ucName]) {
                                toggleClass(row, 'filter-hidden-'+name);
                            }
                        });
                        toggleClass(option, 'active');
                    } else if ('level' === type) {
                        if (i === this.parentNode.querySelectorAll('.active').length - 1) {
                            return;
                        }
                        this.parentNode.querySelectorAll('li').forEach(function (currentOption, j) {
                            if (j &lt;= i) {
                                addClass(currentOption, 'active');
                                if (i === j) {
                                    addClass(currentOption, 'last-active');
                                } else {
                                    removeClass(currentOption, 'last-active');
                                }
                            } else {
                                removeClass(currentOption, 'active');
                                removeClass(currentOption, 'last-active');
                            }
                        });
                        filters.querySelectorAll('[data-filter-'+name+']').forEach(function (row) {
                            if (i &lt; indexed[row.dataset['filter'+ucName]]) {
                                addClass(row, 'filter-hidden-'+name);
                            } else {
                                removeClass(row, 'filter-hidden-'+name);
                            }
                        });
                    }
                });
                if ('choice' === type) {
                    active = null === defaults || 0 &lt;= defaults.indexOf(value);
                } else if ('level' === type) {
                    active = i &lt;= defaults;
                    if (active &amp;&amp; i === defaults) {
                        addClass(option, 'last-active');
                    }
                }
                if (active) {
                    addClass(option, 'active');
                } else {
                    filters.querySelectorAll('[data-filter-'+name+'="'+value+'"]').forEach(function (row) {
                        toggleClass(row, 'filter-hidden-'+name);
                    });
                }
                processed[value] = true;
            });

            if (1 &lt; list.childNodes.length) {
                filter.appendChild(list);
                filter.dataset.filtered = '';
            }
        });
    })();
})();
/*]]&gt;*/        &lt;/script&gt;
    &lt;/body&gt;
&lt;/html&gt;
&lt;!-- Unable to find template &amp;quot;dashboard/default.html.twig&amp;quot; (looked into: C:\Users\sliti\Desktop\dev\esprit-PIDEV-3A16-2526-FARMIA/templates, C:\Users\sliti\Desktop\dev\esprit-PIDEV-3A16-2526-FARMIA\vendor\symfony\twig-bridge/Resources/views/Form). (500 Internal Server Error) --&gt;

C:\Users\sliti\Desktop\dev\esprit-PIDEV-3A16-2526-FARMIA\vendor\symfony\framework-bundle\Test\BrowserKitAssertionsTrait.php:150
C:\Users\sliti\Desktop\dev\esprit-PIDEV-3A16-2526-FARMIA\vendor\symfony\framework-bundle\Test\BrowserKitAssertionsTrait.php:35
C:\Users\sliti\Desktop\dev\esprit-PIDEV-3A16-2526-FARMIA\tests\Functional\TemplateRenderingTest.php:113
C:\Users\sliti\Desktop\dev\esprit-PIDEV-3A16-2526-FARMIA\vendor\phpunit\phpunit\phpunit:107</failure>
        </testcase>
      </testsuite>
      <testsuite name="App\Tests\Repository\AnimalRepositoryTest" file="C:\Users\sliti\Desktop\dev\esprit-PIDEV-3A16-2526-FARMIA\tests\Repository\AnimalRepositoryTest.php" tests="7" assertions="13" errors="0" warnings="0" failures="0" skipped="0" time="0.171495">
        <testcase name="testCanPersistAnimal" class="App\Tests\Repository\AnimalRepositoryTest" classname="App.Tests.Repository.AnimalRepositoryTest" file="C:\Users\sliti\Desktop\dev\esprit-PIDEV-3A16-2526-FARMIA\tests\Repository\AnimalRepositoryTest.php" line="34" assertions="2" time="0.049188"/>
        <testcase name="testCanFindAnimalById" class="App\Tests\Repository\AnimalRepositoryTest" classname="App.Tests.Repository.AnimalRepositoryTest" file="C:\Users\sliti\Desktop\dev\esprit-PIDEV-3A16-2526-FARMIA\tests\Repository\AnimalRepositoryTest.php" line="50" assertions="3" time="0.012907"/>
        <testcase name="testFindReturnsNullForNonExistentId" class="App\Tests\Repository\AnimalRepositoryTest" classname="App.Tests.Repository.AnimalRepositoryTest" file="C:\Users\sliti\Desktop\dev\esprit-PIDEV-3A16-2526-FARMIA\tests\Repository\AnimalRepositoryTest.php" line="68" assertions="1" time="0.005973"/>
        <testcase name="testFindAllReturnsArray" class="App\Tests\Repository\AnimalRepositoryTest" classname="App.Tests.Repository.AnimalRepositoryTest" file="C:\Users\sliti\Desktop\dev\esprit-PIDEV-3A16-2526-FARMIA\tests\Repository\AnimalRepositoryTest.php" line="79" assertions="2" time="0.012463"/>
        <testcase name="testCanUpdateAnimal" class="App\Tests\Repository\AnimalRepositoryTest" classname="App.Tests.Repository.AnimalRepositoryTest" file="C:\Users\sliti\Desktop\dev\esprit-PIDEV-3A16-2526-FARMIA\tests\Repository\AnimalRepositoryTest.php" line="97" assertions="2" time="0.016799"/>
        <testcase name="testCanDeleteAnimal" class="App\Tests\Repository\AnimalRepositoryTest" classname="App.Tests.Repository.AnimalRepositoryTest" file="C:\Users\sliti\Desktop\dev\esprit-PIDEV-3A16-2526-FARMIA\tests\Repository\AnimalRepositoryTest.php" line="119" assertions="1" time="0.061331"/>
        <testcase name="testAnimalWithFermeRelationship" class="App\Tests\Repository\AnimalRepositoryTest" classname="App.Tests.Repository.AnimalRepositoryTest" file="C:\Users\sliti\Desktop\dev\esprit-PIDEV-3A16-2526-FARMIA\tests\Repository\AnimalRepositoryTest.php" line="138" assertions="2" time="0.012834"/>
      </testsuite>
      <testsuite name="App\Tests\Repository\FermeRepositoryTest" file="C:\Users\sliti\Desktop\dev\esprit-PIDEV-3A16-2526-FARMIA\tests\Repository\FermeRepositoryTest.php" tests="8" assertions="16" errors="0" warnings="0" failures="0" skipped="0" time="0.085016">
        <testcase name="testCanPersistFerme" class="App\Tests\Repository\FermeRepositoryTest" classname="App.Tests.Repository.FermeRepositoryTest" file="C:\Users\sliti\Desktop\dev\esprit-PIDEV-3A16-2526-FARMIA\tests\Repository\FermeRepositoryTest.php" line="34" assertions="2" time="0.011609"/>
        <testcase name="testCanFindFermeById" class="App\Tests\Repository\FermeRepositoryTest" classname="App.Tests.Repository.FermeRepositoryTest" file="C:\Users\sliti\Desktop\dev\esprit-PIDEV-3A16-2526-FARMIA\tests\Repository\FermeRepositoryTest.php" line="53" assertions="3" time="0.012188"/>
        <testcase name="testFindReturnsNullForNonExistentId" class="App\Tests\Repository\FermeRepositoryTest" classname="App.Tests.Repository.FermeRepositoryTest" file="C:\Users\sliti\Desktop\dev\esprit-PIDEV-3A16-2526-FARMIA\tests\Repository\FermeRepositoryTest.php" line="70" assertions="1" time="0.005950"/>
        <testcase name="testFindAllReturnsArray" class="App\Tests\Repository\FermeRepositoryTest" classname="App.Tests.Repository.FermeRepositoryTest" file="C:\Users\sliti\Desktop\dev\esprit-PIDEV-3A16-2526-FARMIA\tests\Repository\FermeRepositoryTest.php" line="81" assertions="3" time="0.012792"/>
        <testcase name="testFindAllReturnsEmptyArrayWhenNoFermes" class="App\Tests\Repository\FermeRepositoryTest" classname="App.Tests.Repository.FermeRepositoryTest" file="C:\Users\sliti\Desktop\dev\esprit-PIDEV-3A16-2526-FARMIA\tests\Repository\FermeRepositoryTest.php" line="100" assertions="2" time="0.006469"/>
        <testcase name="testCanUpdateFerme" class="App\Tests\Repository\FermeRepositoryTest" classname="App.Tests.Repository.FermeRepositoryTest" file="C:\Users\sliti\Desktop\dev\esprit-PIDEV-3A16-2526-FARMIA\tests\Repository\FermeRepositoryTest.php" line="113" assertions="2" time="0.011736"/>
        <testcase name="testCanDeleteFerme" class="App\Tests\Repository\FermeRepositoryTest" classname="App.Tests.Repository.FermeRepositoryTest" file="C:\Users\sliti\Desktop\dev\esprit-PIDEV-3A16-2526-FARMIA\tests\Repository\FermeRepositoryTest.php" line="135" assertions="1" time="0.010656"/>
        <testcase name="testFermeWithUserRelationship" class="App\Tests\Repository\FermeRepositoryTest" classname="App.Tests.Repository.FermeRepositoryTest" file="C:\Users\sliti\Desktop\dev\esprit-PIDEV-3A16-2526-FARMIA\tests\Repository\FermeRepositoryTest.php" line="153" assertions="2" time="0.013616"/>
      </testsuite>
      <testsuite name="App\Tests\Service\GroqServiceTest" file="C:\Users\sliti\Desktop\dev\esprit-PIDEV-3A16-2526-FARMIA\tests\Service\GroqServiceTest.php" tests="5" assertions="7" errors="0" warnings="0" failures="2" skipped="0" time="0.018675">
        <testcase name="testDiagnosePlantDiseaseReturnsSuccessResult" class="App\Tests\Service\GroqServiceTest" classname="App.Tests.Service.GroqServiceTest" file="C:\Users\sliti\Desktop\dev\esprit-PIDEV-3A16-2526-FARMIA\tests\Service\GroqServiceTest.php" line="43" assertions="1" time="0.017330">
          <failure type="PHPUnit\Framework\ExpectationFailedException">App\Tests\Service\GroqServiceTest::testDiagnosePlantDiseaseReturnsSuccessResult
Failed asserting that false is true.

C:\Users\sliti\Desktop\dev\esprit-PIDEV-3A16-2526-FARMIA\tests\Service\GroqServiceTest.php:80
C:\Users\sliti\Desktop\dev\esprit-PIDEV-3A16-2526-FARMIA\vendor\phpunit\phpunit\phpunit:107</failure>
        </testcase>
        <testcase name="testDiagnosePlantDiseaseReturnsHealthyResult" class="App\Tests\Service\GroqServiceTest" classname="App.Tests.Service.GroqServiceTest" file="C:\Users\sliti\Desktop\dev\esprit-PIDEV-3A16-2526-FARMIA\tests\Service\GroqServiceTest.php" line="91" assertions="1" time="0.000276">
          <failure type="PHPUnit\Framework\ExpectationFailedException">App\Tests\Service\GroqServiceTest::testDiagnosePlantDiseaseReturnsHealthyResult
Failed asserting that false is true.

C:\Users\sliti\Desktop\dev\esprit-PIDEV-3A16-2526-FARMIA\tests\Service\GroqServiceTest.php:119
C:\Users\sliti\Desktop\dev\esprit-PIDEV-3A16-2526-FARMIA\vendor\phpunit\phpunit\phpunit:107</failure>
        </testcase>
        <testcase name="testDiagnosePlantDiseaseHandlesApiError" class="App\Tests\Service\GroqServiceTest" classname="App.Tests.Service.GroqServiceTest" file="C:\Users\sliti\Desktop\dev\esprit-PIDEV-3A16-2526-FARMIA\tests\Service\GroqServiceTest.php" line="128" assertions="2" time="0.000723"/>
        <testcase name="testDiagnosePlantDiseaseHandlesInvalidJsonResponse" class="App\Tests\Service\GroqServiceTest" classname="App.Tests.Service.GroqServiceTest" file="C:\Users\sliti\Desktop\dev\esprit-PIDEV-3A16-2526-FARMIA\tests\Service\GroqServiceTest.php" line="144" assertions="2" time="0.000184"/>
        <testcase name="testDiagnosePlantDiseaseHandlesEmptyChoices" class="App\Tests\Service\GroqServiceTest" classname="App.Tests.Service.GroqServiceTest" file="C:\Users\sliti\Desktop\dev\esprit-PIDEV-3A16-2526-FARMIA\tests\Service\GroqServiceTest.php" line="171" assertions="1" time="0.000162"/>
      </testsuite>
      <testsuite name="App\Tests\Staging\ExpertAIConnectionTest" file="C:\Users\sliti\Desktop\dev\esprit-PIDEV-3A16-2526-FARMIA\tests\Staging\ExpertAIConnectionTest.php" tests="1" assertions="3" errors="0" warnings="0" failures="1" skipped="0" time="0.950919">
        <testcase name="testAIDiagnosisCompleteHandshake" class="App\Tests\Staging\ExpertAIConnectionTest" classname="App.Tests.Staging.ExpertAIConnectionTest" file="C:\Users\sliti\Desktop\dev\esprit-PIDEV-3A16-2526-FARMIA\tests\Staging\ExpertAIConnectionTest.php" line="36" assertions="3" time="0.950919">
          <failure type="PHPUnit\Framework\ExpectationFailedException">App\Tests\Staging\ExpertAIConnectionTest::testAIDiagnosisCompleteHandshake
Failed asserting that the Crawler matches selector ".alert-success:contains("Diagnostic IA effectué avec succès")".

C:\Users\sliti\Desktop\dev\esprit-PIDEV-3A16-2526-FARMIA\vendor\symfony\framework-bundle\Test\DomCrawlerAssertionsTrait.php:29
C:\Users\sliti\Desktop\dev\esprit-PIDEV-3A16-2526-FARMIA\tests\Staging\ExpertAIConnectionTest.php:64
C:\Users\sliti\Desktop\dev\esprit-PIDEV-3A16-2526-FARMIA\vendor\phpunit\phpunit\phpunit:107</failure>
        </testcase>
      </testsuite>
      <testsuite name="App\Tests\Staging\ExpertButtonConnectionTest" file="C:\Users\sliti\Desktop\dev\esprit-PIDEV-3A16-2526-FARMIA\tests\Staging\ExpertButtonConnectionTest.php" tests="3" assertions="10" errors="0" warnings="0" failures="0" skipped="0" time="0.665839">
        <testcase name="testExpertRoutesExist" class="App\Tests\Staging\ExpertButtonConnectionTest" classname="App.Tests.Staging.ExpertButtonConnectionTest" file="C:\Users\sliti\Desktop\dev\esprit-PIDEV-3A16-2526-FARMIA\tests\Staging\ExpertButtonConnectionTest.php" line="22" assertions="5" time="0.215935"/>
        <testcase name="testExpertAnalysesListRenders" class="App\Tests\Staging\ExpertButtonConnectionTest" classname="App.Tests.Staging.ExpertButtonConnectionTest" file="C:\Users\sliti\Desktop\dev\esprit-PIDEV-3A16-2526-FARMIA\tests\Staging\ExpertButtonConnectionTest.php" line="44" assertions="3" time="0.226441"/>
        <testcase name="testSecurityHandshake" class="App\Tests\Staging\ExpertButtonConnectionTest" classname="App.Tests.Staging.ExpertButtonConnectionTest" file="C:\Users\sliti\Desktop\dev\esprit-PIDEV-3A16-2526-FARMIA\tests\Staging\ExpertButtonConnectionTest.php" line="60" assertions="2" time="0.223464"/>
      </testsuite>
      <testsuite name="App\Tests\Staging\ExpertModuleHandshakeTest" file="C:\Users\sliti\Desktop\dev\esprit-PIDEV-3A16-2526-FARMIA\tests\Staging\ExpertModuleHandshakeTest.php" tests="3" assertions="11" errors="0" warnings="0" failures="1" skipped="0" time="1.356697">
        <testcase name="testExpertAnalysesListHandshake" class="App\Tests\Staging\ExpertModuleHandshakeTest" classname="App.Tests.Staging.ExpertModuleHandshakeTest" file="C:\Users\sliti\Desktop\dev\esprit-PIDEV-3A16-2526-FARMIA\tests\Staging\ExpertModuleHandshakeTest.php" line="41" assertions="5" time="0.229640"/>
        <testcase name="testAIDiagnosisHandshake" class="App\Tests\Staging\ExpertModuleHandshakeTest" classname="App.Tests.Staging.ExpertModuleHandshakeTest" file="C:\Users\sliti\Desktop\dev\esprit-PIDEV-3A16-2526-FARMIA\tests\Staging\ExpertModuleHandshakeTest.php" line="61" assertions="3" time="0.714695">
          <failure type="PHPUnit\Framework\ExpectationFailedException">App\Tests\Staging\ExpertModuleHandshakeTest::testAIDiagnosisHandshake
Failed asserting that the Crawler matches selector ".alert-success:contains("Diagnostic IA effectué")".

C:\Users\sliti\Desktop\dev\esprit-PIDEV-3A16-2526-FARMIA\vendor\symfony\framework-bundle\Test\DomCrawlerAssertionsTrait.php:29
C:\Users\sliti\Desktop\dev\esprit-PIDEV-3A16-2526-FARMIA\tests\Staging\ExpertModuleHandshakeTest.php:86
C:\Users\sliti\Desktop\dev\esprit-PIDEV-3A16-2526-FARMIA\vendor\phpunit\phpunit\phpunit:107</failure>
        </testcase>
        <testcase name="testSecurityAccessControlHandshake" class="App\Tests\Staging\ExpertModuleHandshakeTest" classname="App.Tests.Staging.ExpertModuleHandshakeTest" file="C:\Users\sliti\Desktop\dev\esprit-PIDEV-3A16-2526-FARMIA\tests\Staging\ExpertModuleHandshakeTest.php" line="96" assertions="3" time="0.412362"/>
      </testsuite>
      <testsuite name="App\Tests\Unit\Entity\AnalyseTest" file="C:\Users\sliti\Desktop\dev\esprit-PIDEV-3A16-2526-FARMIA\tests\Unit\Entity\AnalyseTest.php" tests="1" assertions="1" errors="0" warnings="0" failures="0" skipped="0" time="0.000124">
        <testcase name="testAnalyseCreation" class="App\Tests\Unit\Entity\AnalyseTest" classname="App.Tests.Unit.Entity.AnalyseTest" file="C:\Users\sliti\Desktop\dev\esprit-PIDEV-3A16-2526-FARMIA\tests\Unit\Entity\AnalyseTest.php" line="14" assertions="1" time="0.000124"/>
      </testsuite>
      <testsuite name="App\Tests\Unit\Entity\AnimalTest" file="C:\Users\sliti\Desktop\dev\esprit-PIDEV-3A16-2526-FARMIA\tests\Unit\Entity\AnimalTest.php" tests="5" assertions="26" errors="0" warnings="0" failures="0" skipped="0" time="0.000620">
        <testcase name="testGettersAndSetters" class="App\Tests\Unit\Entity\AnimalTest" classname="App.Tests.Unit.Entity.AnimalTest" file="C:\Users\sliti\Desktop\dev\esprit-PIDEV-3A16-2526-FARMIA\tests\Unit\Entity\AnimalTest.php" line="21" assertions="6" time="0.000121"/>
        <testcase name="testIdAnimalGetter" class="App\Tests\Unit\Entity\AnimalTest" classname="App.Tests.Unit.Entity.AnimalTest" file="C:\Users\sliti\Desktop\dev\esprit-PIDEV-3A16-2526-FARMIA\tests\Unit\Entity\AnimalTest.php" line="51" assertions="1" time="0.000099"/>
        <testcase name="testFermeRelationship" class="App\Tests\Unit\Entity\AnimalTest" classname="App.Tests.Unit.Entity.AnimalTest" file="C:\Users\sliti\Desktop\dev\esprit-PIDEV-3A16-2526-FARMIA\tests\Unit\Entity\AnimalTest.php" line="64" assertions="4" time="0.000108"/>
        <testcase name="testDateNaissanceAcceptsDateTime" class="App\Tests\Unit\Entity\AnimalTest" classname="App.Tests.Unit.Entity.AnimalTest" file="C:\Users\sliti\Desktop\dev\esprit-PIDEV-3A16-2526-FARMIA\tests\Unit\Entity\AnimalTest.php" line="88" assertions="5" time="0.000118"/>
        <testcase name="testValidationConstraints" class="App\Tests\Unit\Entity\AnimalTest" classname="App.Tests.Unit.Entity.AnimalTest" file="C:\Users\sliti\Desktop\dev\esprit-PIDEV-3A16-2526-FARMIA\tests\Unit\Entity\AnimalTest.php" line="117" assertions="10" time="0.000173"/>
      </testsuite>
      <testsuite name="App\Tests\Unit\Entity\ConseilTest" file="C:\Users\sliti\Desktop\dev\esprit-PIDEV-3A16-2526-FARMIA\tests\Unit\Entity\ConseilTest.php" tests="1" assertions="1" errors="0" warnings="0" failures="0" skipped="0" time="0.000105">
        <testcase name="testConseilCreation" class="App\Tests\Unit\Entity\ConseilTest" classname="App.Tests.Unit.Entity.ConseilTest" file="C:\Users\sliti\Desktop\dev\esprit-PIDEV-3A16-2526-FARMIA\tests\Unit\Entity\ConseilTest.php" line="12" assertions="1" time="0.000105"/>
      </testsuite>
      <testsuite name="App\Tests\Unit\Entity\FermeTest" file="C:\Users\sliti\Desktop\dev\esprit-PIDEV-3A16-2526-FARMIA\tests\Unit\Entity\FermeTest.php" tests="7" assertions="19" errors="0" warnings="0" failures="0" skipped="0" time="0.000753">
        <testcase name="testConstructorInitializesCollectionsAndTimestamps" class="App\Tests\Unit\Entity\FermeTest" classname="App.Tests.Unit.Entity.FermeTest" file="C:\Users\sliti\Desktop\dev\esprit-PIDEV-3A16-2526-FARMIA\tests\Unit\Entity\FermeTest.php" line="25" assertions="5" time="0.000122"/>
        <testcase name="testGettersAndSetters" class="App\Tests\Unit\Entity\FermeTest" classname="App.Tests.Unit.Entity.FermeTest" file="C:\Users\sliti\Desktop\dev\esprit-PIDEV-3A16-2526-FARMIA\tests\Unit\Entity\FermeTest.php" line="39" assertions="5" time="0.000109"/>
        <testcase name="testIdFermeAliasReturnsSameAsGetId" class="App\Tests\Unit\Entity\FermeTest" classname="App.Tests.Unit.Entity.FermeTest" file="C:\Users\sliti\Desktop\dev\esprit-PIDEV-3A16-2526-FARMIA\tests\Unit\Entity\FermeTest.php" line="62" assertions="2" time="0.000105"/>
        <testcase name="testUserBidirectionalRelationship" class="App\Tests\Unit\Entity\FermeTest" classname="App.Tests.Unit.Entity.FermeTest" file="C:\Users\sliti\Desktop\dev\esprit-PIDEV-3A16-2526-FARMIA\tests\Unit\Entity\FermeTest.php" line="72" assertions="2" time="0.000102"/>
        <testcase name="testAddAnimalSetsFermeOnAnimal" class="App\Tests\Unit\Entity\FermeTest" classname="App.Tests.Unit.Entity.FermeTest" file="C:\Users\sliti\Desktop\dev\esprit-PIDEV-3A16-2526-FARMIA\tests\Unit\Entity\FermeTest.php" line="87" assertions="2" time="0.000115"/>
        <testcase name="testAddPlanteSetsFermeOnPlante" class="App\Tests\Unit\Entity\FermeTest" classname="App.Tests.Unit.Entity.FermeTest" file="C:\Users\sliti\Desktop\dev\esprit-PIDEV-3A16-2526-FARMIA\tests\Unit\Entity\FermeTest.php" line="101" assertions="2" time="0.000103"/>
        <testcase name="testToStringReturnsNomFermeAndLieu" class="App\Tests\Unit\Entity\FermeTest" classname="App.Tests.Unit.Entity.FermeTest" file="C:\Users\sliti\Desktop\dev\esprit-PIDEV-3A16-2526-FARMIA\tests\Unit\Entity\FermeTest.php" line="115" assertions="1" time="0.000097"/>
      </testsuite>
      <testsuite name="App\Tests\Unit\Entity\PlanteTest" file="C:\Users\sliti\Desktop\dev\esprit-PIDEV-3A16-2526-FARMIA\tests\Unit\Entity\PlanteTest.php" tests="1" assertions="1" errors="0" warnings="0" failures="0" skipped="0" time="0.000099">
        <testcase name="testPlanteCreation" class="App\Tests\Unit\Entity\PlanteTest" classname="App.Tests.Unit.Entity.PlanteTest" file="C:\Users\sliti\Desktop\dev\esprit-PIDEV-3A16-2526-FARMIA\tests\Unit\Entity\PlanteTest.php" line="15" assertions="1" time="0.000099"/>
      </testsuite>
      <testsuite name="App\Tests\Unit\Entity\UserFaceTest" file="C:\Users\sliti\Desktop\dev\esprit-PIDEV-3A16-2526-FARMIA\tests\Unit\Entity\UserFaceTest.php" tests="1" assertions="1" errors="0" warnings="0" failures="0" skipped="0" time="0.000065">
        <testcase name="testUserFaceCreation" class="App\Tests\Unit\Entity\UserFaceTest" classname="App.Tests.Unit.Entity.UserFaceTest" file="C:\Users\sliti\Desktop\dev\esprit-PIDEV-3A16-2526-FARMIA\tests\Unit\Entity\UserFaceTest.php" line="14" assertions="1" time="0.000065"/>
      </testsuite>
      <testsuite name="App\Tests\Unit\Entity\UserLogTest" file="C:\Users\sliti\Desktop\dev\esprit-PIDEV-3A16-2526-FARMIA\tests\Unit\Entity\UserLogTest.php" tests="7" assertions="19" errors="0" warnings="0" failures="0" skipped="0" time="0.000512">
        <testcase name="testActionType" class="App\Tests\Unit\Entity\UserLogTest" classname="App.Tests.Unit.Entity.UserLogTest" file="C:\Users\sliti\Desktop\dev\esprit-PIDEV-3A16-2526-FARMIA\tests\Unit\Entity\UserLogTest.php" line="16" assertions="2" time="0.000067"/>
        <testcase name="testTimestamp" class="App\Tests\Unit\Entity\UserLogTest" classname="App.Tests.Unit.Entity.UserLogTest" file="C:\Users\sliti\Desktop\dev\esprit-PIDEV-3A16-2526-FARMIA\tests\Unit\Entity\UserLogTest.php" line="27" assertions="2" time="0.000074"/>
        <testcase name="testAffectedUser" class="App\Tests\Unit\Entity\UserLogTest" classname="App.Tests.Unit.Entity.UserLogTest" file="C:\Users\sliti\Desktop\dev\esprit-PIDEV-3A16-2526-FARMIA\tests\Unit\Entity\UserLogTest.php" line="38" assertions="2" time="0.000073"/>
        <testcase name="testPerformedByUser" class="App\Tests\Unit\Entity\UserLogTest" classname="App.Tests.Unit.Entity.UserLogTest" file="C:\Users\sliti\Desktop\dev\esprit-PIDEV-3A16-2526-FARMIA\tests\Unit\Entity\UserLogTest.php" line="50" assertions="2" time="0.000077"/>
        <testcase name="testDescription" class="App\Tests\Unit\Entity\UserLogTest" classname="App.Tests.Unit.Entity.UserLogTest" file="C:\Users\sliti\Desktop\dev\esprit-PIDEV-3A16-2526-FARMIA\tests\Unit\Entity\UserLogTest.php" line="63" assertions="2" time="0.000068"/>
        <testcase name="testFluentInterface" class="App\Tests\Unit\Entity\UserLogTest" classname="App.Tests.Unit.Entity.UserLogTest" file="C:\Users\sliti\Desktop\dev\esprit-PIDEV-3A16-2526-FARMIA\tests\Unit\Entity\UserLogTest.php" line="74" assertions="3" time="0.000069"/>
        <testcase name="testLegacyAliases" class="App\Tests\Unit\Entity\UserLogTest" classname="App.Tests.Unit.Entity.UserLogTest" file="C:\Users\sliti\Desktop\dev\esprit-PIDEV-3A16-2526-FARMIA\tests\Unit\Entity\UserLogTest.php" line="83" assertions="6" time="0.000084"/>
      </testsuite>
      <testsuite name="App\Tests\Unit\Form\FermeTypeTest" file="C:\Users\sliti\Desktop\dev\esprit-PIDEV-3A16-2526-FARMIA\tests\Unit\Form\FermeTypeTest.php" tests="3" assertions="10" errors="0" warnings="0" failures="0" skipped="0" time="0.020817">
        <testcase name="testSubmitValidData" class="App\Tests\Unit\Form\FermeTypeTest" classname="App.Tests.Unit.Form.FermeTypeTest" file="C:\Users\sliti\Desktop\dev\esprit-PIDEV-3A16-2526-FARMIA\tests\Unit\Form\FermeTypeTest.php" line="16" assertions="4" time="0.019441"/>
        <testcase name="testFormFieldsExist" class="App\Tests\Unit\Form\FermeTypeTest" classname="App.Tests.Unit.Form.FermeTypeTest" file="C:\Users\sliti\Desktop\dev\esprit-PIDEV-3A16-2526-FARMIA\tests\Unit\Form\FermeTypeTest.php" line="36" assertions="5" time="0.000753"/>
        <testcase name="testConfigureOptions" class="App\Tests\Unit\Form\FermeTypeTest" classname="App.Tests.Unit.Form.FermeTypeTest" file="C:\Users\sliti\Desktop\dev\esprit-PIDEV-3A16-2526-FARMIA\tests\Unit\Form\FermeTypeTest.php" line="47" assertions="1" time="0.000623"/>
      </testsuite>
      <testsuite name="App\Tests\Unit\Service\WeatherServiceTest" file="C:\Users\sliti\Desktop\dev\esprit-PIDEV-3A16-2526-FARMIA\tests\Unit\Service\WeatherServiceTest.php" tests="4" assertions="11" errors="0" warnings="0" failures="0" skipped="0" time="0.001424">
        <testcase name="testGetWeatherForLocationReturnsArray" class="App\Tests\Unit\Service\WeatherServiceTest" classname="App.Tests.Unit.Service.WeatherServiceTest" file="C:\Users\sliti\Desktop\dev\esprit-PIDEV-3A16-2526-FARMIA\tests\Unit\Service\WeatherServiceTest.php" line="17" assertions="5" time="0.000253"/>
        <testcase name="testGetWeatherForLocationHandlesError" class="App\Tests\Unit\Service\WeatherServiceTest" classname="App.Tests.Unit.Service.WeatherServiceTest" file="C:\Users\sliti\Desktop\dev\esprit-PIDEV-3A16-2526-FARMIA\tests\Unit\Service\WeatherServiceTest.php" line="42" assertions="3" time="0.000930"/>
        <testcase name="testGetAgriAdviceReturnsString" class="App\Tests\Unit\Service\WeatherServiceTest" classname="App.Tests.Unit.Service.WeatherServiceTest" file="C:\Users\sliti\Desktop\dev\esprit-PIDEV-3A16-2526-FARMIA\tests\Unit\Service\WeatherServiceTest.php" line="55" assertions="2" time="0.000126"/>
        <testcase name="testGetAgriAdviceHandlesFailure" class="App\Tests\Unit\Service\WeatherServiceTest" classname="App.Tests.Unit.Service.WeatherServiceTest" file="C:\Users\sliti\Desktop\dev\esprit-PIDEV-3A16-2526-FARMIA\tests\Unit\Service\WeatherServiceTest.php" line="73" assertions="1" time="0.000114"/>
      </testsuite>
    </testsuite>
  </testsuite>
</testsuites>
